154.54.249.194 - - [13/Jan/2022:18:16:46 +0100] "GET /InfoCodex/Abstracts?action=edit&restore=diff:1146147671:1146147656:&preview=y HTTP/1.1" 200 9440 "-" "Mozilla/5.0 (compatible; Barkrowler/0.9; +https://babbar.tech/crawler)"
66.249.64.166 - - [13/Jan/2022:18:16:50 +0100] "GET /de/gcc/patinfo/reg/62067/seq/02/pack/003/chapter/company HTTP/1.1" 404 315 "-" "Mozilla/5.0 (compatible; Googlebot/2.1; +http://www.google.com/bot.html)"
154.54.249.194 - - [13/Jan/2022:18:17:10 +0100] "GET /InfoCodex/Abstracts?action=edit&restore=diff:1146147747:1146147671:&preview=y HTTP/1.1" 200 9440 "-" "Mozilla/5.0 (compatible; Barkrowler/0.9; +https://babbar.tech/crawler)"
66.249.64.134 - - [13/Jan/2022:18:17:15 +0100] "GET /de/gcc/patinfo/reg/62389/seq/01/pack/008 HTTP/1.1" 404 303 "-" "Mozilla/5.0 (compatible; Googlebot/2.1; +http://www.google.com/bot.html)"
66.249.64.141 - - [13/Jan/2022:18:17:31 +0100] "GET /uploads/Main/amiko_owner_report_de.html HTTP/1.1" 200 5928 "-" "Mozilla/5.0 (compatible; Googlebot/2.1; +http://www.google.com/bot.html)"
66.249.64.141 - - [13/Jan/2022:18:17:33 +0100] "GET /Main/2010 HTTP/1.1" 200 27997 "-" "Mozilla/5.0 (Linux; Android 6.0.1; Nexus 5X Build/MMB29P) AppleWebKit/537.36 (KHTML, like Gecko) Chrome/97.0.4692.71 Mobile Safari/537.36 (compatible; Googlebot/2.1; +http://www.google.com/bot.html)"
154.54.249.194 - - [13/Jan/2022:18:17:34 +0100] "GET /Newsletter/10052017?action=edit&restore=diff:1494409631:1494409225:&preview=y HTTP/1.1" 200 9437 "-" "Mozilla/5.0 (compatible; Barkrowler/0.9; +https://babbar.tech/crawler)"
66.249.64.134 - - [13/Jan/2022:18:17:58 +0100] "GET /InfoCodex/Index HTTP/1.1" 200 8894 "-" "Mozilla/5.0 (Linux; Android 6.0.1; Nexus 5X Build/MMB29P) AppleWebKit/537.36 (KHTML, like Gecko) Chrome/97.0.4692.71 Mobile Safari/537.36 (compatible; Googlebot/2.1; +http://www.google.com/bot.html)"
154.54.249.194 - - [13/Jan/2022:18:17:59 +0100] "GET /PublicDomain/AIPS?action=edit&restore=diff:1366903920:1366903920:&preview=y HTTP/1.1" 200 9411 "-" "Mozilla/5.0 (compatible; Barkrowler/0.9; +https://babbar.tech/crawler)"
154.54.249.194 - - [13/Jan/2022:18:18:23 +0100] "GET /Main/2010?action=edit&restore=diff:1294040135:1294040081:&preview=y HTTP/1.1" 200 9317 "-" "Mozilla/5.0 (compatible; Barkrowler/0.9; +https://babbar.tech/crawler)"
154.54.249.194 - - [13/Jan/2022:18:18:47 +0100] "GET /Main/WekoBlog?action=edit&restore=diff:1554197952:1264761299:&preview=y HTTP/1.1" 200 9367 "-" "Mozilla/5.0 (compatible; Barkrowler/0.9; +https://babbar.tech/crawler)"
154.54.249.194 - - [13/Jan/2022:18:19:11 +0100] "GET /Main/WekoBlog?action=edit&restore=diff:1554198022:1554197990:&preview=y HTTP/1.1" 200 9367 "-" "Mozilla/5.0 (compatible; Barkrowler/0.9; +https://babbar.tech/crawler)"
67.163.157.201 - - [13/Jan/2022:18:19:30 +0100] "GET /Miele/MieleLXIV HTTP/1.1" 200 15367 "https://www.postdicom.com/" "Mozilla/5.0 (Macintosh; Intel Mac OS X 10_15_7) AppleWebKit/537.36 (KHTML, like Gecko) Chrome/97.0.4692.71 Safari/537.36"
67.163.157.201 - - [13/Jan/2022:18:19:31 +0100] "GET /pub/skins/ywesee/gila.css HTTP/1.1" 200 8276 "https://www.ywesee.com/Miele/MieleLXIV" "Mozilla/5.0 (Macintosh; Intel Mac OS X 10_15_7) AppleWebKit/537.36 (KHTML, like Gecko) Chrome/97.0.4692.71 Safari/537.36"
67.163.157.201 - - [13/Jan/2022:18:19:31 +0100] "GET /favicon.ico HTTP/1.1" 200 1406 "https://www.ywesee.com/Miele/MieleLXIV" "Mozilla/5.0 (Macintosh; Intel Mac OS X 10_15_7) AppleWebKit/537.36 (KHTML, like Gecko) Chrome/97.0.4692.71 Safari/537.36"
154.54.249.194 - - [13/Jan/2022:18:19:36 +0100] "GET /Main/Gtin2atc?action=edit&restore=diff:1422368128:1422368128:&preview=y HTTP/1.1" 200 9369 "-" "Mozilla/5.0 (compatible; Barkrowler/0.9; +https://babbar.tech/crawler)"
154.54.249.194 - - [13/Jan/2022:18:20:00 +0100] "GET /Main/2007?action=upload&upname=Zivilgericht_Basel_Verfgung_14.3.2007.pdf HTTP/1.1" 200 8786 "-" "Mozilla/5.0 (compatible; Barkrowler/0.9; +https://babbar.tech/crawler)"
154.54.249.194 - - [13/Jan/2022:18:20:24 +0100] "GET /Main/Saldo?action=edit&restore=diff:1190032843:1190032843:&preview=y HTTP/1.1" 200 9332 "-" "Mozilla/5.0 (compatible; Barkrowler/0.9; +https://babbar.tech/crawler)"
154.54.249.194 - - [13/Jan/2022:18:20:49 +0100] "GET /Main/MiGel?action=edit&restore=diff:1568380573:1568380548:&preview=y HTTP/1.1" 200 9332 "-" "Mozilla/5.0 (compatible; Barkrowler/0.9; +https://babbar.tech/crawler)"
154.54.249.194 - - [13/Jan/2022:18:21:13 +0100] "GET /Main/MiGel?action=edit&restore=diff:1568450242:1568450220:&preview=y HTTP/1.1" 200 9332 "-" "Mozilla/5.0 (compatible; Barkrowler/0.9; +https://babbar.tech/crawler)"
154.54.249.194 - - [13/Jan/2022:18:21:37 +0100] "GET /Main/MiGel?action=edit&restore=diff:1568450220:1568450120:&preview=y HTTP/1.1" 200 9332 "-" "Mozilla/5.0 (compatible; Barkrowler/0.9; +https://babbar.tech/crawler)"
154.54.249.194 - - [13/Jan/2022:18:22:02 +0100] "GET /Main/MiGel?action=edit&restore=diff:1568450004:1568380661:&preview=y HTTP/1.1" 200 9332 "-" "Mozilla/5.0 (compatible; Barkrowler/0.9; +https://babbar.tech/crawler)"
154.54.249.194 - - [13/Jan/2022:18:22:26 +0100] "GET /Main/MiGel?action=edit&restore=diff:1537447759:1537447732:&preview=y HTTP/1.1" 200 9332 "-" "Mozilla/5.0 (compatible; Barkrowler/0.9; +https://babbar.tech/crawler)"
154.54.249.194 - - [13/Jan/2022:18:22:50 +0100] "GET /Main/MiGel?action=edit&restore=diff:1324020160:1324020153:&preview=y HTTP/1.1" 200 9332 "-" "Mozilla/5.0 (compatible; Barkrowler/0.9; +https://babbar.tech/crawler)"
154.54.249.194 - - [13/Jan/2022:18:23:15 +0100] "GET /CoMed/Android?action=edit&restore=diff:1588584252:1588584193:&preview=y HTTP/1.1" 200 9364 "-" "Mozilla/5.0 (compatible; Barkrowler/0.9; +https://babbar.tech/crawler)"
154.54.249.194 - - [13/Jan/2022:18:23:39 +0100] "GET /CoMed/Android?action=edit&restore=diff:1588584165:1563814743:&preview=y HTTP/1.1" 200 9364 "-" "Mozilla/5.0 (compatible; Barkrowler/0.9; +https://babbar.tech/crawler)"
5.45.207.70 - - [13/Jan/2022:18:23:47 +0100] "GET / HTTP/1.1" 200 10387 "-" "Mozilla/5.0 (compatible; YandexBot/3.0; +http://yandex.com/bots)"
154.54.249.194 - - [13/Jan/2022:18:24:04 +0100] "GET /CoMed/Android?action=edit&restore=diff:1563814622:1563814506:&preview=y HTTP/1.1" 200 9364 "-" "Mozilla/5.0 (compatible; Barkrowler/0.9; +https://babbar.tech/crawler)"
154.54.249.194 - - [13/Jan/2022:18:24:28 +0100] "GET /CoMed/Android?action=edit&restore=diff:1563814743:1563814643:&preview=y HTTP/1.1" 200 9364 "-" "Mozilla/5.0 (compatible; Barkrowler/0.9; +https://babbar.tech/crawler)"
154.54.249.194 - - [13/Jan/2022:18:24:52 +0100] "GET /CoMed/Android?action=edit&restore=diff:1563814471:1563814471:&preview=y HTTP/1.1" 200 9364 "-" "Mozilla/5.0 (compatible; Barkrowler/0.9; +https://babbar.tech/crawler)"
154.54.249.194 - - [13/Jan/2022:18:25:17 +0100] "GET /CoMed/Android?action=edit&restore=diff:1563814506:1563814471:&preview=y HTTP/1.1" 200 9364 "-" "Mozilla/5.0 (compatible; Barkrowler/0.9; +https://babbar.tech/crawler)"
154.54.249.194 - - [13/Jan/2022:18:25:41 +0100] "GET /uploads/Main/compare_swissmedic_to_swisssindex_1294_atc_are_longer_in_swissindex.txt HTTP/1.1" 304 - "-" "Mozilla/5.0 (compatible; Barkrowler/0.9; +https://babbar.tech/crawler)"
154.54.249.194 - - [13/Jan/2022:18:26:05 +0100] "GET /Ywesee/ODBA?action=edit&restore=diff:1131720885:1131720876:&preview=y HTTP/1.1" 200 9342 "-" "Mozilla/5.0 (compatible; Barkrowler/0.9; +https://babbar.tech/crawler)"
154.54.249.194 - - [13/Jan/2022:18:26:29 +0100] "GET /Ywesee/ODBA?action=edit&restore=diff:1131720826:1131720826:&preview=y HTTP/1.1" 200 9342 "-" "Mozilla/5.0 (compatible; Barkrowler/0.9; +https://babbar.tech/crawler)"
185.191.171.23 - - [13/Jan/2022:18:26:47 +0100] "GET /robots.txt HTTP/1.1" 200 - "-" "Mozilla/5.0 (compatible; SemrushBot/7~bl; +http://www.semrush.com/bot.html)"
185.191.171.7 - - [13/Jan/2022:18:26:48 +0100] "GET /Main/ForderungstabelleSpezialitaetenliste?action=edit HTTP/1.1" 403 18 "-" "Mozilla/5.0 (compatible; SemrushBot/7~bl; +http://www.semrush.com/bot.html)"
154.54.249.194 - - [13/Jan/2022:18:26:54 +0100] "GET /Ywesee/Events?action=edit&restore=diff:1516713764:1515779117:&preview=y HTTP/1.1" 200 9367 "-" "Mozilla/5.0 (compatible; Barkrowler/0.9; +https://babbar.tech/crawler)"
154.54.249.194 - - [13/Jan/2022:18:27:18 +0100] "GET /Ywesee/Bewerbung?action=edit&restore=diff:1138806826:1135735990:&preview=y HTTP/1.1" 200 9407 "-" "Mozilla/5.0 (compatible; Barkrowler/0.9; +https://babbar.tech/crawler)"
154.54.249.194 - - [13/Jan/2022:18:27:43 +0100] "GET /Ywesee/Bewerbung?action=edit&restore=diff:1138807068:1138806826:&preview=y HTTP/1.1" 200 9407 "-" "Mozilla/5.0 (compatible; Barkrowler/0.9; +https://babbar.tech/crawler)"
154.54.249.194 - - [13/Jan/2022:18:28:07 +0100] "GET /Ywesee/Kontakt?action=edit&restore=diff:1159253362:1159253349:&preview=y HTTP/1.1" 200 9378 "-" "Mozilla/5.0 (compatible; Barkrowler/0.9; +https://babbar.tech/crawler)"
154.54.249.194 - - [13/Jan/2022:18:28:32 +0100] "GET /Ywesee/Kontakt?action=edit&restore=diff:1159253349:1159253323:&preview=y HTTP/1.1" 200 9378 "-" "Mozilla/5.0 (compatible; Barkrowler/0.9; +https://babbar.tech/crawler)"
154.54.249.194 - - [13/Jan/2022:18:28:56 +0100] "GET /Ywesee/Kontakt?action=edit&restore=diff:1106053387:1106053374:&preview=y HTTP/1.1" 200 9378 "-" "Mozilla/5.0 (compatible; Barkrowler/0.9; +https://babbar.tech/crawler)"
154.54.249.194 - - [13/Jan/2022:18:29:20 +0100] "GET /Ywesee/Kontakt?action=edit&restore=diff:1106053430:1106053387:&preview=y HTTP/1.1" 200 9378 "-" "Mozilla/5.0 (compatible; Barkrowler/0.9; +https://babbar.tech/crawler)"
154.54.249.194 - - [13/Jan/2022:18:29:44 +0100] "GET /Ywesee/Stanza?action=edit&restore=diff:1435590858:1435590858:&preview=y HTTP/1.1" 200 9364 "-" "Mozilla/5.0 (compatible; Barkrowler/0.9; +https://babbar.tech/crawler)"
154.54.249.194 - - [13/Jan/2022:18:30:09 +0100] "GET /Profiles/Zrr?action=edit&restore=diff:1244540135:1244540106:&preview=y HTTP/1.1" 200 9349 "-" "Mozilla/5.0 (compatible; Barkrowler/0.9; +https://babbar.tech/crawler)"
154.54.249.194 - - [13/Jan/2022:18:30:33 +0100] "GET /AmiKo/Desktop?action=edit&restore=diff:1393274311:1393274311:&preview=y HTTP/1.1" 200 9369 "-" "Mozilla/5.0 (compatible; Barkrowler/0.9; +https://babbar.tech/crawler)"
154.54.249.194 - - [13/Jan/2022:18:30:58 +0100] "GET /AmiKo/Windows?action=edit&restore=diff:1392730165:1392730120:&preview=y HTTP/1.1" 200 9365 "-" "Mozilla/5.0 (compatible; Barkrowler/0.9; +https://babbar.tech/crawler)"
154.54.249.194 - - [13/Jan/2022:18:31:22 +0100] "GET /AmiKo/Windows?action=edit&restore=diff:1399645677:1392730188:&preview=y HTTP/1.1" 200 9365 "-" "Mozilla/5.0 (compatible; Barkrowler/0.9; +https://babbar.tech/crawler)"
154.54.249.194 - - [13/Jan/2022:18:31:47 +0100] "GET /AmiKo/Windows?action=edit&restore=diff:1562319271:1562319011:&preview=y HTTP/1.1" 200 9365 "-" "Mozilla/5.0 (compatible; Barkrowler/0.9; +https://babbar.tech/crawler)"
154.54.249.194 - - [13/Jan/2022:18:32:11 +0100] "GET /AmiKo/Windows?action=edit&restore=diff:1531904028:1531904013:&preview=y HTTP/1.1" 200 9365 "-" "Mozilla/5.0 (compatible; Barkrowler/0.9; +https://babbar.tech/crawler)"
154.54.249.194 - - [13/Jan/2022:18:32:35 +0100] "GET /AmiKo/Windows?action=edit&restore=diff:1531903983:1486050569:&preview=y HTTP/1.1" 200 9365 "-" "Mozilla/5.0 (compatible; Barkrowler/0.9; +https://babbar.tech/crawler)"
154.54.249.194 - - [13/Jan/2022:18:33:00 +0100] "GET /AmiKo/IOS?action=edit&restore=diff:1523628303:1403954505:&preview=y HTTP/1.1" 200 9318 "-" "Mozilla/5.0 (compatible; Barkrowler/0.9; +https://babbar.tech/crawler)"
154.54.249.194 - - [13/Jan/2022:18:33:24 +0100] "GET /AmiKo/OSX?action=edit&restore=diff:1389001577:1389001446:&preview=y HTTP/1.1" 200 9316 "-" "Mozilla/5.0 (compatible; Barkrowler/0.9; +https://babbar.tech/crawler)"
154.54.249.194 - - [13/Jan/2022:18:33:48 +0100] "GET /AmiKo/Web?action=edit&restore=diff:1551948182:1516270294:&preview=y HTTP/1.1" 200 9314 "-" "Mozilla/5.0 (compatible; Barkrowler/0.9; +https://babbar.tech/crawler)"
154.54.249.194 - - [13/Jan/2022:18:34:13 +0100] "GET /Software/Developers?action=edit&restore=diff:1097823319:1097823276:&preview=y HTTP/1.1" 200 9443 "-" "Mozilla/5.0 (compatible; Barkrowler/0.9; +https://babbar.tech/crawler)"
149.202.86.61 - - [13/Jan/2022:18:34:20 +0100] "GET /robots.txt HTTP/1.1" 200 - "-" "Mozilla/5.0 (compatible; MJ12bot/v1.4.8; http://mj12bot.com/)"
149.202.86.61 - - [13/Jan/2022:18:34:23 +0100] "GET /Software/ReplaceYourHDD?action=edit HTTP/1.1" 403 18 "-" "Mozilla/5.0 (compatible; MJ12bot/v1.4.8; http://mj12bot.com/)"
154.54.249.194 - - [13/Jan/2022:18:34:37 +0100] "GET /Software/Developers?action=edit&restore=diff:1097762036:1097762036:&preview=y HTTP/1.1" 200 9443 "-" "Mozilla/5.0 (compatible; Barkrowler/0.9; +https://babbar.tech/crawler)"
154.54.249.194 - - [13/Jan/2022:18:35:02 +0100] "GET /Software/YDPM?action=edit&restore=diff:1138820491:1138820361:&preview=y HTTP/1.1" 200 9366 "-" "Mozilla/5.0 (compatible; Barkrowler/0.9; +https://babbar.tech/crawler)"
154.54.249.194 - - [13/Jan/2022:18:35:26 +0100] "GET /Software/YDPM?action=edit&restore=diff:1138806915:1135176678:&preview=y HTTP/1.1" 200 9366 "-" "Mozilla/5.0 (compatible; Barkrowler/0.9; +https://babbar.tech/crawler)"
161.156.29.33 - - [13/Jan/2022:18:35:48 +0100] "GET / HTTP/1.1" 200 10387 "-" "Mozilla/5.0 (compatible; oBot/2.3.1; http://www.xforce-security.com/crawler/)"
161.156.29.33 - - [13/Jan/2022:18:35:48 +0100] "GET / HTTP/1.1" 200 10387 "-" "Mozilla/5.0 (compatible; oBot/2.3.1; http://www.xforce-security.com/crawler/)"
154.54.249.194 - - [13/Jan/2022:18:35:51 +0100] "GET /Software/YDPM?action=edit&restore=diff:1138806978:1138806915:&preview=y HTTP/1.1" 200 9366 "-" "Mozilla/5.0 (compatible; Barkrowler/0.9; +https://babbar.tech/crawler)"
154.54.249.194 - - [13/Jan/2022:18:36:15 +0100] "GET /Software/YDIM?action=edit&restore=diff:1138820017:1138819881:&preview=y HTTP/1.1" 200 9366 "-" "Mozilla/5.0 (compatible; Barkrowler/0.9; +https://babbar.tech/crawler)"
154.54.249.194 - - [13/Jan/2022:18:36:39 +0100] "GET /Software/YDIM?action=edit&restore=diff:1138820259:1138820248:&preview=y HTTP/1.1" 200 9366 "-" "Mozilla/5.0 (compatible; Barkrowler/0.9; +https://babbar.tech/crawler)"
154.54.249.194 - - [13/Jan/2022:18:37:04 +0100] "GET /Software/YDIM?action=edit&restore=diff:1138820248:1138820120:&preview=y HTTP/1.1" 200 9366 "-" "Mozilla/5.0 (compatible; Barkrowler/0.9; +https://babbar.tech/crawler)"
154.54.249.194 - - [13/Jan/2022:18:37:28 +0100] "GET /Software/YDIM?action=edit&restore=diff:1138820120:1138820017:&preview=y HTTP/1.1" 200 9366 "-" "Mozilla/5.0 (compatible; Barkrowler/0.9; +https://babbar.tech/crawler)"
154.54.249.194 - - [13/Jan/2022:18:37:52 +0100] "GET /Software/YDIM?action=edit&restore=diff:1138819881:1138819881:&preview=y HTTP/1.1" 200 9366 "-" "Mozilla/5.0 (compatible; Barkrowler/0.9; +https://babbar.tech/crawler)"
154.54.249.194 - - [13/Jan/2022:18:38:17 +0100] "GET /Software/ODDB?action=edit&restore=diff:1101314797:1098373013:&preview=y HTTP/1.1" 200 9363 "-" "Mozilla/5.0 (compatible; Barkrowler/0.9; +https://babbar.tech/crawler)"
154.54.249.194 - - [13/Jan/2022:18:38:41 +0100] "GET /Software/ODDB?action=edit&restore=diff:1097761416:1097761416:&preview=y HTTP/1.1" 200 9363 "-" "Mozilla/5.0 (compatible; Barkrowler/0.9; +https://babbar.tech/crawler)"
154.54.249.194 - - [13/Jan/2022:18:39:05 +0100] "GET /Software/ODDB?action=edit&restore=diff:1097769119:1097769097:&preview=y HTTP/1.1" 200 9363 "-" "Mozilla/5.0 (compatible; Barkrowler/0.9; +https://babbar.tech/crawler)"
154.54.249.194 - - [13/Jan/2022:18:39:30 +0100] "GET /Software/ODDB?action=edit&restore=diff:1097769097:1097768886:&preview=y HTTP/1.1" 200 9363 "-" "Mozilla/5.0 (compatible; Barkrowler/0.9; +https://babbar.tech/crawler)"
154.54.249.194 - - [13/Jan/2022:18:39:54 +0100] "GET /Software/ODDB?action=edit&restore=diff:1097768886:1097768840:&preview=y HTTP/1.1" 200 9363 "-" "Mozilla/5.0 (compatible; Barkrowler/0.9; +https://babbar.tech/crawler)"
154.54.249.194 - - [13/Jan/2022:18:40:18 +0100] "GET /Software/ODDB?action=edit&restore=diff:1097768840:1097768827:&preview=y HTTP/1.1" 200 9363 "-" "Mozilla/5.0 (compatible; Barkrowler/0.9; +https://babbar.tech/crawler)"
154.54.249.194 - - [13/Jan/2022:18:40:43 +0100] "GET /Software/ODDB?action=edit&restore=diff:1097768827:1097768818:&preview=y HTTP/1.1" 200 9363 "-" "Mozilla/5.0 (compatible; Barkrowler/0.9; +https://babbar.tech/crawler)"
154.54.249.194 - - [13/Jan/2022:18:41:07 +0100] "GET /Software/ODDB?action=edit&restore=diff:1097768743:1097761416:&preview=y HTTP/1.1" 200 9363 "-" "Mozilla/5.0 (compatible; Barkrowler/0.9; +https://babbar.tech/crawler)"
154.54.249.194 - - [13/Jan/2022:18:41:32 +0100] "GET /Software/ODDB?action=edit&restore=diff:1098081922:1097769691:&preview=y HTTP/1.1" 200 9363 "-" "Mozilla/5.0 (compatible; Barkrowler/0.9; +https://babbar.tech/crawler)"
154.54.249.194 - - [13/Jan/2022:18:41:56 +0100] "GET /Software/XMLBAG?action=edit&restore=diff:1226934895:1226934836:&preview=y HTTP/1.1" 200 9392 "-" "Mozilla/5.0 (compatible; Barkrowler/0.9; +https://babbar.tech/crawler)"
154.54.249.194 - - [13/Jan/2022:18:42:20 +0100] "GET /Software/XMLBAG?action=edit&restore=diff:1226934204:1226934204:&preview=y HTTP/1.1" 200 9392 "-" "Mozilla/5.0 (compatible; Barkrowler/0.9; +https://babbar.tech/crawler)"
154.54.249.194 - - [13/Jan/2022:18:42:44 +0100] "GET /Software/XMLBAG?action=edit&restore=diff:1226934354:1226934204:&preview=y HTTP/1.1" 200 9392 "-" "Mozilla/5.0 (compatible; Barkrowler/0.9; +https://babbar.tech/crawler)"
154.54.249.194 - - [13/Jan/2022:18:43:09 +0100] "GET /Software/BBMB?action=edit&restore=diff:1138806897:1097769779:&preview=y HTTP/1.1" 200 9366 "-" "Mozilla/5.0 (compatible; Barkrowler/0.9; +https://babbar.tech/crawler)"
154.54.249.194 - - [13/Jan/2022:18:43:33 +0100] "GET /Software/SoftwareRaid?action=edit&restore=diff:1110892862:1097763878:&preview=y HTTP/1.1" 200 9467 "-" "Mozilla/5.0 (compatible; Barkrowler/0.9; +https://babbar.tech/crawler)"
154.54.249.194 - - [13/Jan/2022:18:43:57 +0100] "GET /Software/Spreadsheet?action=edit&restore=diff:1255350820:1255350727:&preview=y HTTP/1.1" 200 9456 "-" "Mozilla/5.0 (compatible; Barkrowler/0.9; +https://babbar.tech/crawler)"
154.54.249.194 - - [13/Jan/2022:18:44:22 +0100] "GET /Software/Spreadsheet?action=edit&restore=diff:1255350727:1255350711:&preview=y HTTP/1.1" 200 9456 "-" "Mozilla/5.0 (compatible; Barkrowler/0.9; +https://babbar.tech/crawler)"
154.54.249.194 - - [13/Jan/2022:18:44:46 +0100] "GET /Bundesrat/Ebook?action=edit&restore=diff:1332231336:1332229900:&preview=y HTTP/1.1" 200 9388 "-" "Mozilla/5.0 (compatible; Barkrowler/0.9; +https://babbar.tech/crawler)"
154.54.249.194 - - [13/Jan/2022:18:45:10 +0100] "GET /Bundesrat/Ebook?action=edit&restore=diff:1332231749:1332231741:&preview=y HTTP/1.1" 200 9388 "-" "Mozilla/5.0 (compatible; Barkrowler/0.9; +https://babbar.tech/crawler)"
154.54.249.194 - - [13/Jan/2022:18:45:35 +0100] "GET /Bundesrat/Ebook?action=edit&restore=diff:1332229900:1332229896:&preview=y HTTP/1.1" 200 9388 "-" "Mozilla/5.0 (compatible; Barkrowler/0.9; +https://babbar.tech/crawler)"
154.54.249.194 - - [13/Jan/2022:18:45:59 +0100] "GET /Bundesrat/Ebook?action=edit&restore=diff:1332229896:1332229833:&preview=y HTTP/1.1" 200 9388 "-" "Mozilla/5.0 (compatible; Barkrowler/0.9; +https://babbar.tech/crawler)"
154.54.249.194 - - [13/Jan/2022:18:46:23 +0100] "GET /Main/WekoBlog?action=edit&restore=diff:1554197990:1554197952:&preview=y HTTP/1.1" 200 9367 "-" "Mozilla/5.0 (compatible; Barkrowler/0.9; +https://babbar.tech/crawler)"
154.54.249.194 - - [13/Jan/2022:18:46:48 +0100] "GET /Main/OmixOcas?action=edit&restore=diff:1201511197:1201511183:&preview=y HTTP/1.1" 200 9369 "-" "Mozilla/5.0 (compatible; Barkrowler/0.9; +https://babbar.tech/crawler)"
154.54.249.194 - - [13/Jan/2022:18:47:12 +0100] "GET /Main/OmixOcas?action=edit&restore=diff:1201509887:1201509887:&preview=y HTTP/1.1" 200 9369 "-" "Mozilla/5.0 (compatible; Barkrowler/0.9; +https://babbar.tech/crawler)"
154.54.249.194 - - [13/Jan/2022:18:47:37 +0100] "GET /Main/AIPS-XML?action=edit&restore=diff:1362137301:1362137301:&preview=y HTTP/1.1" 200 9367 "-" "Mozilla/5.0 (compatible; Barkrowler/0.9; +https://babbar.tech/crawler)"
154.54.249.194 - - [13/Jan/2022:18:48:01 +0100] "GET /Main/AIPS-XML?action=edit&restore=diff:1362137329:1362137312:&preview=y HTTP/1.1" 200 9367 "-" "Mozilla/5.0 (compatible; Barkrowler/0.9; +https://babbar.tech/crawler)"
154.54.249.194 - - [13/Jan/2022:18:48:25 +0100] "GET /Main/Buchpublikationspflicht?action=edit&restore=diff:1123142944:1123142923:&preview=y HTTP/1.1" 200 9564 "-" "Mozilla/5.0 (compatible; Barkrowler/0.9; +https://babbar.tech/crawler)"
154.54.249.194 - - [13/Jan/2022:18:48:50 +0100] "GET /Main/Buchpublikationspflicht?action=edit&restore=diff:1123143141:1123142944:&preview=y HTTP/1.1" 200 9564 "-" "Mozilla/5.0 (compatible; Barkrowler/0.9; +https://babbar.tech/crawler)"
154.54.249.194 - - [13/Jan/2022:18:49:14 +0100] "GET /Main/Buchpublikationspflicht?action=edit&restore=diff:1123142904:1123142895:&preview=y HTTP/1.1" 200 9564 "-" "Mozilla/5.0 (compatible; Barkrowler/0.9; +https://babbar.tech/crawler)"
154.54.249.194 - - [13/Jan/2022:18:49:38 +0100] "GET /Main/Buchpublikationspflicht?action=edit&restore=diff:1123141220:1123141199:&preview=y HTTP/1.1" 200 9564 "-" "Mozilla/5.0 (compatible; Barkrowler/0.9; +https://babbar.tech/crawler)"
154.54.249.194 - - [13/Jan/2022:18:50:03 +0100] "GET /Main/Buchpublikationspflicht?action=edit&restore=diff:1123142881:1123141304:&preview=y HTTP/1.1" 200 9564 "-" "Mozilla/5.0 (compatible; Barkrowler/0.9; +https://babbar.tech/crawler)"
207.47.61.9 - - [13/Jan/2022:18:50:19 +0100] "GET / HTTP/1.1" 200 10387 "-" "curl/7.35.0"
154.54.249.194 - - [13/Jan/2022:18:50:27 +0100] "GET /Main/Buchpublikationspflicht?action=edit&restore=diff:1123143151:1123143141:&preview=y HTTP/1.1" 200 9564 "-" "Mozilla/5.0 (compatible; Barkrowler/0.9; +https://babbar.tech/crawler)"
154.54.249.194 - - [13/Jan/2022:18:50:52 +0100] "GET /Main/Buchpublikationspflicht?action=edit&restore=diff:1123141304:1123141220:&preview=y HTTP/1.1" 200 9564 "-" "Mozilla/5.0 (compatible; Barkrowler/0.9; +https://babbar.tech/crawler)"
154.54.249.194 - - [13/Jan/2022:18:51:16 +0100] "GET /Main/Buchpublikationspflicht?action=edit&restore=diff:1123141120:1123141093:&preview=y HTTP/1.1" 200 9564 "-" "Mozilla/5.0 (compatible; Barkrowler/0.9; +https://babbar.tech/crawler)"
154.54.249.194 - - [13/Jan/2022:18:51:40 +0100] "GET /Main/Buchpublikationspflicht?action=edit&restore=diff:1123142923:1123142904:&preview=y HTTP/1.1" 200 9564 "-" "Mozilla/5.0 (compatible; Barkrowler/0.9; +https://babbar.tech/crawler)"
154.54.249.194 - - [13/Jan/2022:18:52:04 +0100] "GET /Main/Buchpublikationspflicht?action=edit&restore=diff:1123141093:1123140932:&preview=y HTTP/1.1" 200 9564 "-" "Mozilla/5.0 (compatible; Barkrowler/0.9; +https://babbar.tech/crawler)"
154.54.249.194 - - [13/Jan/2022:18:52:29 +0100] "GET /Main/Buchpublikationspflicht?action=edit&restore=diff:1130138869:1129706464:&preview=y HTTP/1.1" 200 9564 "-" "Mozilla/5.0 (compatible; Barkrowler/0.9; +https://babbar.tech/crawler)"
154.54.249.194 - - [13/Jan/2022:18:52:53 +0100] "GET /Main/Buchpublikationspflicht?action=edit&restore=diff:1130232910:1130232847:&preview=y HTTP/1.1" 200 9564 "-" "Mozilla/5.0 (compatible; Barkrowler/0.9; +https://babbar.tech/crawler)"
154.54.249.194 - - [13/Jan/2022:18:53:17 +0100] "GET /Main/Buchpublikationspflicht?action=edit&restore=diff:1130231800:1130231754:&preview=y HTTP/1.1" 200 9564 "-" "Mozilla/5.0 (compatible; Barkrowler/0.9; +https://babbar.tech/crawler)"
154.54.249.194 - - [13/Jan/2022:18:53:42 +0100] "GET /Main/Buchpublikationspflicht?action=edit&restore=diff:1130233299:1130233270:&preview=y HTTP/1.1" 200 9564 "-" "Mozilla/5.0 (compatible; Barkrowler/0.9; +https://babbar.tech/crawler)"
154.54.249.194 - - [13/Jan/2022:18:54:06 +0100] "GET /Main/Buchpublikationspflicht?action=edit&restore=diff:1130234334:1130234315:&preview=y HTTP/1.1" 200 9564 "-" "Mozilla/5.0 (compatible; Barkrowler/0.9; +https://babbar.tech/crawler)"
154.54.249.194 - - [13/Jan/2022:18:54:31 +0100] "GET /Main/Buchpublikationspflicht?action=edit&restore=diff:1130233270:1130233174:&preview=y HTTP/1.1" 200 9564 "-" "Mozilla/5.0 (compatible; Barkrowler/0.9; +https://babbar.tech/crawler)"
154.54.249.194 - - [13/Jan/2022:18:54:55 +0100] "GET /Main/Buchpublikationspflicht?action=edit&restore=diff:1130232963:1130232910:&preview=y HTTP/1.1" 200 9564 "-" "Mozilla/5.0 (compatible; Barkrowler/0.9; +https://babbar.tech/crawler)"
154.54.249.194 - - [13/Jan/2022:18:55:19 +0100] "GET /Main/Buchpublikationspflicht?action=edit&restore=diff:1130234576:1130234531:&preview=y HTTP/1.1" 200 9564 "-" "Mozilla/5.0 (compatible; Barkrowler/0.9; +https://babbar.tech/crawler)"
154.54.249.194 - - [13/Jan/2022:18:55:43 +0100] "GET /Main/Buchpublikationspflicht?action=edit&restore=diff:1130231814:1130231800:&preview=y HTTP/1.1" 200 9564 "-" "Mozilla/5.0 (compatible; Barkrowler/0.9; +https://babbar.tech/crawler)"
154.54.249.194 - - [13/Jan/2022:18:56:08 +0100] "GET /Main/Buchpublikationspflicht?action=edit&restore=diff:1130232985:1130232963:&preview=y HTTP/1.1" 200 9564 "-" "Mozilla/5.0 (compatible; Barkrowler/0.9; +https://babbar.tech/crawler)"
154.54.249.194 - - [13/Jan/2022:18:56:32 +0100] "GET /Main/Buchpublikationspflicht?action=edit&restore=diff:1130239910:1130234576:&preview=y HTTP/1.1" 200 9564 "-" "Mozilla/5.0 (compatible; Barkrowler/0.9; +https://babbar.tech/crawler)"
205.185.122.184 - - [13/Jan/2022:18:56:51 +0100] "GET / HTTP/1.1" 200 10387 "-" "Mozilla/5.0 (Macintosh; Intel Mac OS X 10_15_7) AppleWebKit/537.36 (KHTML, like Gecko) Chrome/96.0.4664.110 Safari/537.36"
205.185.116.25 - - [13/Jan/2022:18:56:53 +0100] "GET / HTTP/1.1" 200 10387 "-" "Mozilla/5.0 (Macintosh; Intel Mac OS X 11_0_0) AppleWebKit/537.36 (KHTML, like Gecko) Chrome/87.0.4280.88 Safari/537.36"
154.54.249.194 - - [13/Jan/2022:18:56:57 +0100] "GET /Main/Buchpublikationspflicht?action=edit&restore=diff:1130239968:1130239910:&preview=y HTTP/1.1" 200 9564 "-" "Mozilla/5.0 (compatible; Barkrowler/0.9; +https://babbar.tech/crawler)"
205.185.122.184 - - [13/Jan/2022:18:56:57 +0100] "GET /favicon.ico HTTP/1.1" 200 1406 "-" "Mozilla/5.0 (Macintosh; Intel Mac OS X 10_15_7) AppleWebKit/537.36 (KHTML, like Gecko) Chrome/96.0.4664.110 Safari/537.36"
209.141.41.193 - - [13/Jan/2022:18:57:08 +0100] "GET / HTTP/1.1" 200 10387 "-" "Mozilla/5.0 (Macintosh; Intel Mac OS X 10_15_7) AppleWebKit/537.36 (KHTML, like Gecko) Chrome/96.0.4664.110 Safari/537.36"
154.54.249.194 - - [13/Jan/2022:18:57:21 +0100] "GET /Main/Buchpublikationspflicht?action=edit&restore=diff:1129706360:1129706019:&preview=y HTTP/1.1" 200 9564 "-" "Mozilla/5.0 (compatible; Barkrowler/0.9; +https://babbar.tech/crawler)"
209.141.36.112 - - [13/Jan/2022:18:57:31 +0100] "GET /favicon.ico HTTP/1.1" 200 1406 "-" "Mozilla/5.0 (Macintosh; Intel Mac OS X 10_15_7) AppleWebKit/537.36 (KHTML, like Gecko) Chrome/96.0.4664.110 Safari/537.36"
154.54.249.194 - - [13/Jan/2022:18:57:45 +0100] "GET /Main/Buchpublikationspflicht?action=edit&restore=diff:1129706378:1129706360:&preview=y HTTP/1.1" 200 9564 "-" "Mozilla/5.0 (compatible; Barkrowler/0.9; +https://babbar.tech/crawler)"
154.54.249.194 - - [13/Jan/2022:18:58:09 +0100] "GET /Main/Buchpublikationspflicht?action=edit&restore=diff:1129706019:1129705996:&preview=y HTTP/1.1" 200 9564 "-" "Mozilla/5.0 (compatible; Barkrowler/0.9; +https://babbar.tech/crawler)"
185.191.171.45 - - [13/Jan/2022:18:58:31 +0100] "GET /AmiKo/Desktop?action=diff HTTP/1.1" 403 18 "-" "Mozilla/5.0 (compatible; SemrushBot/7~bl; +http://www.semrush.com/bot.html)"
154.54.249.194 - - [13/Jan/2022:18:58:34 +0100] "GET /Ywesee/Team?action=edit&restore=diff:1516294546:1516294514:&preview=y HTTP/1.1" 200 9341 "-" "Mozilla/5.0 (compatible; Barkrowler/0.9; +https://babbar.tech/crawler)"
154.54.249.194 - - [13/Jan/2022:18:58:58 +0100] "GET /Ywesee/Team?action=edit&restore=diff:1516294665:1516294637:&preview=y HTTP/1.1" 200 9341 "-" "Mozilla/5.0 (compatible; Barkrowler/0.9; +https://babbar.tech/crawler)"
154.54.249.194 - - [13/Jan/2022:18:59:22 +0100] "GET /Ywesee/Team?action=edit&restore=diff:1516294637:1516294617:&preview=y HTTP/1.1" 200 9341 "-" "Mozilla/5.0 (compatible; Barkrowler/0.9; +https://babbar.tech/crawler)"
154.54.249.194 - - [13/Jan/2022:18:59:47 +0100] "GET /Ywesee/Kindle?action=edit&restore=diff:1435594984:1435594984:&preview=y HTTP/1.1" 200 9364 "-" "Mozilla/5.0 (compatible; Barkrowler/0.9; +https://babbar.tech/crawler)"
154.54.249.194 - - [13/Jan/2022:19:00:11 +0100] "GET /Ywesee/OpenSource?action=edit&restore=diff:1138807039:1138806673:&preview=y HTTP/1.1" 200 9420 "-" "Mozilla/5.0 (compatible; Barkrowler/0.9; +https://babbar.tech/crawler)"
154.54.249.194 - - [13/Jan/2022:19:00:35 +0100] "GET /Ywesee/OpenSource?action=edit&restore=diff:1129216450:1129216391:&preview=y HTTP/1.1" 200 9420 "-" "Mozilla/5.0 (compatible; Barkrowler/0.9; +https://babbar.tech/crawler)"
154.54.249.194 - - [13/Jan/2022:19:01:00 +0100] "GET /Ywesee/OpenSource?action=edit&restore=diff:1129216505:1129216450:&preview=y HTTP/1.1" 200 9420 "-" "Mozilla/5.0 (compatible; Barkrowler/0.9; +https://babbar.tech/crawler)"
154.54.249.194 - - [13/Jan/2022:19:01:24 +0100] "GET /Ywesee/OpenSource?action=edit&restore=diff:1129216525:1129216505:&preview=y HTTP/1.1" 200 9420 "-" "Mozilla/5.0 (compatible; Barkrowler/0.9; +https://babbar.tech/crawler)"
154.54.249.194 - - [13/Jan/2022:19:01:49 +0100] "GET /Ywesee/OpenSource?action=edit&restore=diff:1129216262:1129215759:&preview=y HTTP/1.1" 200 9420 "-" "Mozilla/5.0 (compatible; Barkrowler/0.9; +https://babbar.tech/crawler)"
154.54.249.194 - - [13/Jan/2022:19:02:14 +0100] "GET /Ywesee/OpenSource?action=edit&restore=diff:1129216391:1129216262:&preview=y HTTP/1.1" 200 9420 "-" "Mozilla/5.0 (compatible; Barkrowler/0.9; +https://babbar.tech/crawler)"
154.54.249.194 - - [13/Jan/2022:19:02:38 +0100] "GET /Ywesee/OpenSource?action=edit&restore=diff:1129216603:1129216578:&preview=y HTTP/1.1" 200 9420 "-" "Mozilla/5.0 (compatible; Barkrowler/0.9; +https://babbar.tech/crawler)"
154.54.249.194 - - [13/Jan/2022:19:03:02 +0100] "GET /Ywesee/OpenSource?action=edit&restore=diff:1129275657:1129275618:&preview=y HTTP/1.1" 200 9420 "-" "Mozilla/5.0 (compatible; Barkrowler/0.9; +https://babbar.tech/crawler)"
154.54.249.194 - - [13/Jan/2022:19:03:27 +0100] "GET /Ywesee/OpenSource?action=edit&restore=diff:1129275618:1129216603:&preview=y HTTP/1.1" 200 9420 "-" "Mozilla/5.0 (compatible; Barkrowler/0.9; +https://babbar.tech/crawler)"
154.54.249.194 - - [13/Jan/2022:19:03:51 +0100] "GET /Ywesee/OpenStandards?action=edit&restore=diff:1129215942:1125645336:&preview=y HTTP/1.1" 200 9459 "-" "Mozilla/5.0 (compatible; Barkrowler/0.9; +https://babbar.tech/crawler)"
154.54.249.194 - - [13/Jan/2022:19:04:15 +0100] "GET /Ywesee/OpenStandards?action=edit&restore=diff:1129216100:1129215960:&preview=y HTTP/1.1" 200 9459 "-" "Mozilla/5.0 (compatible; Barkrowler/0.9; +https://babbar.tech/crawler)"
154.54.249.194 - - [13/Jan/2022:19:04:40 +0100] "GET /Ywesee/OpenStandards?action=edit&restore=diff:1138806737:1138806697:&preview=y HTTP/1.1" 200 9459 "-" "Mozilla/5.0 (compatible; Barkrowler/0.9; +https://babbar.tech/crawler)"
154.54.249.194 - - [13/Jan/2022:19:05:04 +0100] "GET /Ywesee/OpenStandards?action=edit&restore=diff:1129276198:1129276170:&preview=y HTTP/1.1" 200 9459 "-" "Mozilla/5.0 (compatible; Barkrowler/0.9; +https://babbar.tech/crawler)"
154.54.249.194 - - [13/Jan/2022:19:05:28 +0100] "GET /Ywesee/OpenStandards?action=edit&restore=diff:1129275886:1129275740:&preview=y HTTP/1.1" 200 9459 "-" "Mozilla/5.0 (compatible; Barkrowler/0.9; +https://babbar.tech/crawler)"
154.54.249.194 - - [13/Jan/2022:19:05:53 +0100] "GET /Ywesee/OpenStandards?action=edit&restore=diff:1129276170:1129275886:&preview=y HTTP/1.1" 200 9459 "-" "Mozilla/5.0 (compatible; Barkrowler/0.9; +https://babbar.tech/crawler)"
154.54.249.194 - - [13/Jan/2022:19:06:17 +0100] "GET /Ywesee/OpenStandards?action=edit&restore=diff:1129275740:1129216100:&preview=y HTTP/1.1" 200 9459 "-" "Mozilla/5.0 (compatible; Barkrowler/0.9; +https://babbar.tech/crawler)"
154.54.249.194 - - [13/Jan/2022:19:06:41 +0100] "GET /Ywesee/InfoCodex?action=edit&restore=diff:1162282020:1160130208:&preview=y HTTP/1.1" 200 9406 "-" "Mozilla/5.0 (compatible; Barkrowler/0.9; +https://babbar.tech/crawler)"
154.54.249.194 - - [13/Jan/2022:19:07:06 +0100] "GET /Ywesee/InfoCodex?action=edit&restore=diff:1154703072:1154703062:&preview=y HTTP/1.1" 200 9406 "-" "Mozilla/5.0 (compatible; Barkrowler/0.9; +https://babbar.tech/crawler)"
154.54.249.194 - - [13/Jan/2022:19:07:30 +0100] "GET /Ywesee/InfoCodex?action=edit&restore=diff:1154703062:1154703052:&preview=y HTTP/1.1" 200 9406 "-" "Mozilla/5.0 (compatible; Barkrowler/0.9; +https://babbar.tech/crawler)"
154.54.249.194 - - [13/Jan/2022:19:07:55 +0100] "GET /Ywesee/InfoCodex?action=edit&restore=diff:1154703052:1153926948:&preview=y HTTP/1.1" 200 9406 "-" "Mozilla/5.0 (compatible; Barkrowler/0.9; +https://babbar.tech/crawler)"
154.54.249.194 - - [13/Jan/2022:19:08:19 +0100] "GET /Ywesee/InfoCodex?action=edit&restore=diff:1154703092:1154703072:&preview=y HTTP/1.1" 200 9406 "-" "Mozilla/5.0 (compatible; Barkrowler/0.9; +https://babbar.tech/crawler)"
154.54.249.194 - - [13/Jan/2022:19:08:43 +0100] "GET /Ywesee/InfoCodex?action=edit&restore=diff:1160128535:1160127770:&preview=y HTTP/1.1" 200 9406 "-" "Mozilla/5.0 (compatible; Barkrowler/0.9; +https://babbar.tech/crawler)"
154.54.249.194 - - [13/Jan/2022:19:09:08 +0100] "GET /Ywesee/InfoCodex?action=edit&restore=diff:1160130184:1160128535:&preview=y HTTP/1.1" 200 9406 "-" "Mozilla/5.0 (compatible; Barkrowler/0.9; +https://babbar.tech/crawler)"
185.191.171.12 - - [13/Jan/2022:19:09:08 +0100] "GET /Software/YDPM?action=print HTTP/1.1" 403 18 "-" "Mozilla/5.0 (compatible; SemrushBot/7~bl; +http://www.semrush.com/bot.html)"
154.54.249.194 - - [13/Jan/2022:19:09:32 +0100] "GET /Ywesee/InfoCodex?action=edit&restore=diff:1160130208:1160130196:&preview=y HTTP/1.1" 200 9406 "-" "Mozilla/5.0 (compatible; Barkrowler/0.9; +https://babbar.tech/crawler)"
154.54.249.194 - - [13/Jan/2022:19:09:56 +0100] "GET /Ywesee/Kontakt?action=edit&restore=diff:1169049334:1164151690:&preview=y HTTP/1.1" 200 9378 "-" "Mozilla/5.0 (compatible; Barkrowler/0.9; +https://babbar.tech/crawler)"
154.54.249.194 - - [13/Jan/2022:19:10:21 +0100] "GET /Ywesee/Kontakt?action=edit&restore=diff:1164151690:1164151619:&preview=y HTTP/1.1" 200 9378 "-" "Mozilla/5.0 (compatible; Barkrowler/0.9; +https://babbar.tech/crawler)"
154.54.249.194 - - [13/Jan/2022:19:10:45 +0100] "GET /Ywesee/Kontakt?action=edit&restore=diff:1159253293:1138807079:&preview=y HTTP/1.1" 200 9378 "-" "Mozilla/5.0 (compatible; Barkrowler/0.9; +https://babbar.tech/crawler)"
154.54.249.194 - - [13/Jan/2022:19:11:09 +0100] "GET /Ywesee/Kontakt?action=edit&restore=diff:1110192970:1106904335:&preview=y HTTP/1.1" 200 9378 "-" "Mozilla/5.0 (compatible; Barkrowler/0.9; +https://babbar.tech/crawler)"
185.119.81.106 - - [13/Jan/2022:19:11:21 +0100] "GET / HTTP/1.1" 200 10387 "http://ywesee.com/" "Mozilla/5.0 (Windows NT 10.0; Win64; x64) AppleWebKit/537.36 (KHTML, like Gecko) Chrome/74.0.3729.169 Safari/537.36"
185.119.81.106 - - [13/Jan/2022:19:11:22 +0100] "GET /Site/AllRecentChanges?action=rss HTTP/1.1" 200 2546 "-" "Mozilla/5.0 (Windows NT 10.0; Win64; x64) AppleWebKit/537.36 (KHTML, like Gecko) Chrome/74.0.3729.169 Safari/537.36"
185.119.81.106 - - [13/Jan/2022:19:11:23 +0100] "GET / HTTP/1.1" 200 10387 "-" "Mozilla/5.0 (Windows NT 10.0; Win64; x64) AppleWebKit/537.36 (KHTML, like Gecko) Chrome/74.0.3729.169 Safari/537.36"
185.119.81.106 - - [13/Jan/2022:19:11:25 +0100] "GET /Main/2008 HTTP/1.1" 200 34740 "-" "Mozilla/5.0 (Windows NT 10.0; Win64; x64) AppleWebKit/537.36 (KHTML, like Gecko) Chrome/74.0.3729.169 Safari/537.36"
185.119.81.106 - - [13/Jan/2022:19:11:26 +0100] "GET /Main/2020 HTTP/1.1" 200 15398 "-" "Mozilla/5.0 (Windows NT 10.0; Win64; x64) AppleWebKit/537.36 (KHTML, like Gecko) Chrome/74.0.3729.169 Safari/537.36"
185.119.81.106 - - [13/Jan/2022:19:11:29 +0100] "GET /Main/2021 HTTP/1.1" 200 16484 "-" "Mozilla/5.0 (Windows NT 10.0; Win64; x64) AppleWebKit/537.36 (KHTML, like Gecko) Chrome/74.0.3729.169 Safari/537.36"
185.119.81.106 - - [13/Jan/2022:19:11:30 +0100] "GET /Main/Home HTTP/1.1" 200 10387 "-" "Mozilla/5.0 (Windows NT 10.0; Win64; x64) AppleWebKit/537.36 (KHTML, like Gecko) Chrome/74.0.3729.169 Safari/537.36"
185.119.81.106 - - [13/Jan/2022:19:11:30 +0100] "GET /Main/2016 HTTP/1.1" 200 13689 "-" "Mozilla/5.0 (Windows NT 10.0; Win64; x64) AppleWebKit/537.36 (KHTML, like Gecko) Chrome/74.0.3729.169 Safari/537.36"
185.119.81.106 - - [13/Jan/2022:19:11:31 +0100] "GET /Main/2015 HTTP/1.1" 200 15908 "-" "Mozilla/5.0 (Windows NT 10.0; Win64; x64) AppleWebKit/537.36 (KHTML, like Gecko) Chrome/74.0.3729.169 Safari/537.36"
185.119.81.106 - - [13/Jan/2022:19:11:31 +0100] "GET /AmiKo/Web HTTP/1.1" 200 9588 "-" "Mozilla/5.0 (Windows NT 10.0; Win64; x64) AppleWebKit/537.36 (KHTML, like Gecko) Chrome/74.0.3729.169 Safari/537.36"
185.119.81.106 - - [13/Jan/2022:19:11:32 +0100] "GET /Main/2014 HTTP/1.1" 200 19471 "-" "Mozilla/5.0 (Windows NT 10.0; Win64; x64) AppleWebKit/537.36 (KHTML, like Gecko) Chrome/74.0.3729.169 Safari/537.36"
154.54.249.194 - - [13/Jan/2022:19:11:34 +0100] "GET /Ywesee/Kontakt?action=edit&restore=diff:1106904317:1106844791:&preview=y HTTP/1.1" 200 9378 "-" "Mozilla/5.0 (compatible; Barkrowler/0.9; +https://babbar.tech/crawler)"
185.119.81.106 - - [13/Jan/2022:19:11:40 +0100] "GET /Main/2013 HTTP/1.1" 200 20487 "-" "Mozilla/5.0 (Windows NT 10.0; Win64; x64) AppleWebKit/537.36 (KHTML, like Gecko) Chrome/74.0.3729.169 Safari/537.36"
185.119.81.106 - - [13/Jan/2022:19:11:40 +0100] "GET /AmiKo/IOS HTTP/1.1" 200 11930 "-" "Mozilla/5.0 (Windows NT 10.0; Win64; x64) AppleWebKit/537.36 (KHTML, like Gecko) Chrome/74.0.3729.169 Safari/537.36"
185.119.81.106 - - [13/Jan/2022:19:11:41 +0100] "GET /AmiKo/OSX HTTP/1.1" 200 9772 "-" "Mozilla/5.0 (Windows NT 10.0; Win64; x64) AppleWebKit/537.36 (KHTML, like Gecko) Chrome/74.0.3729.169 Safari/537.36"
185.119.81.106 - - [13/Jan/2022:19:11:41 +0100] "GET /Main/2012 HTTP/1.1" 200 31941 "-" "Mozilla/5.0 (Windows NT 10.0; Win64; x64) AppleWebKit/537.36 (KHTML, like Gecko) Chrome/74.0.3729.169 Safari/537.36"
185.119.81.106 - - [13/Jan/2022:19:11:42 +0100] "GET /Main/2004 HTTP/1.1" 200 14080 "-" "Mozilla/5.0 (Windows NT 10.0; Win64; x64) AppleWebKit/537.36 (KHTML, like Gecko) Chrome/74.0.3729.169 Safari/537.36"
185.119.81.106 - - [13/Jan/2022:19:11:44 +0100] "GET /Main/2005 HTTP/1.1" 200 63344 "-" "Mozilla/5.0 (Windows NT 10.0; Win64; x64) AppleWebKit/537.36 (KHTML, like Gecko) Chrome/74.0.3729.169 Safari/537.36"
185.119.81.106 - - [13/Jan/2022:19:11:46 +0100] "GET /Main/2006 HTTP/1.1" 200 39320 "-" "Mozilla/5.0 (Windows NT 10.0; Win64; x64) AppleWebKit/537.36 (KHTML, like Gecko) Chrome/74.0.3729.169 Safari/537.36"
185.119.81.106 - - [13/Jan/2022:19:11:47 +0100] "GET /Main/2007 HTTP/1.1" 200 50639 "-" "Mozilla/5.0 (Windows NT 10.0; Win64; x64) AppleWebKit/537.36 (KHTML, like Gecko) Chrome/74.0.3729.169 Safari/537.36"
185.119.81.106 - - [13/Jan/2022:19:11:48 +0100] "GET /Main/2011 HTTP/1.1" 200 21451 "-" "Mozilla/5.0 (Windows NT 10.0; Win64; x64) AppleWebKit/537.36 (KHTML, like Gecko) Chrome/74.0.3729.169 Safari/537.36"
185.119.81.106 - - [13/Jan/2022:19:11:48 +0100] "GET /Main/2010 HTTP/1.1" 200 27997 "-" "Mozilla/5.0 (Windows NT 10.0; Win64; x64) AppleWebKit/537.36 (KHTML, like Gecko) Chrome/74.0.3729.169 Safari/537.36"
185.119.81.106 - - [13/Jan/2022:19:11:49 +0100] "GET /Main/2019 HTTP/1.1" 200 15246 "-" "Mozilla/5.0 (Windows NT 10.0; Win64; x64) AppleWebKit/537.36 (KHTML, like Gecko) Chrome/74.0.3729.169 Safari/537.36"
185.119.81.106 - - [13/Jan/2022:19:11:50 +0100] "GET /Main/2009 HTTP/1.1" 200 21688 "-" "Mozilla/5.0 (Windows NT 10.0; Win64; x64) AppleWebKit/537.36 (KHTML, like Gecko) Chrome/74.0.3729.169 Safari/537.36"
185.119.81.106 - - [13/Jan/2022:19:11:50 +0100] "GET /Main/2018 HTTP/1.1" 200 15425 "-" "Mozilla/5.0 (Windows NT 10.0; Win64; x64) AppleWebKit/537.36 (KHTML, like Gecko) Chrome/74.0.3729.169 Safari/537.36"
185.119.81.106 - - [13/Jan/2022:19:11:51 +0100] "GET /Main/2017 HTTP/1.1" 200 15840 "-" "Mozilla/5.0 (Windows NT 10.0; Win64; x64) AppleWebKit/537.36 (KHTML, like Gecko) Chrome/74.0.3729.169 Safari/537.36"
185.119.81.106 - - [13/Jan/2022:19:11:51 +0100] "GET /Ywesee/Team HTTP/1.1" 200 18245 "-" "Mozilla/5.0 (Windows NT 10.0; Win64; x64) AppleWebKit/537.36 (KHTML, like Gecko) Chrome/74.0.3729.169 Safari/537.36"
185.119.81.106 - - [13/Jan/2022:19:11:52 +0100] "GET /AmiKo/Linux HTTP/1.1" 200 9217 "-" "Mozilla/5.0 (Windows NT 10.0; Win64; x64) AppleWebKit/537.36 (KHTML, like Gecko) Chrome/74.0.3729.169 Safari/537.36"
185.119.81.106 - - [13/Jan/2022:19:11:54 +0100] "GET /Ywesee/About HTTP/1.1" 200 9132 "-" "Mozilla/5.0 (Windows NT 10.0; Win64; x64) AppleWebKit/537.36 (KHTML, like Gecko) Chrome/74.0.3729.169 Safari/537.36"
185.119.81.106 - - [13/Jan/2022:19:11:54 +0100] "GET /Software/YDIM HTTP/1.1" 200 8834 "-" "Mozilla/5.0 (Windows NT 10.0; Win64; x64) AppleWebKit/537.36 (KHTML, like Gecko) Chrome/74.0.3729.169 Safari/537.36"
154.54.249.194 - - [13/Jan/2022:19:11:58 +0100] "GET /Ywesee/Kontakt?action=edit&restore=diff:1106904335:1106904317:&preview=y HTTP/1.1" 200 9378 "-" "Mozilla/5.0 (compatible; Barkrowler/0.9; +https://babbar.tech/crawler)"
185.119.81.106 - - [13/Jan/2022:19:12:00 +0100] "GET /Software/BBMB HTTP/1.1" 200 9385 "-" "Mozilla/5.0 (Windows NT 10.0; Win64; x64) AppleWebKit/537.36 (KHTML, like Gecko) Chrome/74.0.3729.169 Safari/537.36"
185.119.81.106 - - [13/Jan/2022:19:12:00 +0100] "GET /Ywesee/Events HTTP/1.1" 200 8918 "-" "Mozilla/5.0 (Windows NT 10.0; Win64; x64) AppleWebKit/537.36 (KHTML, like Gecko) Chrome/74.0.3729.169 Safari/537.36"
185.119.81.106 - - [13/Jan/2022:19:12:01 +0100] "GET /AmiKo/Android HTTP/1.1" 200 10427 "-" "Mozilla/5.0 (Windows NT 10.0; Win64; x64) AppleWebKit/537.36 (KHTML, like Gecko) Chrome/74.0.3729.169 Safari/537.36"
185.119.81.106 - - [13/Jan/2022:19:12:01 +0100] "GET /Software/ODDB HTTP/1.1" 200 10298 "-" "Mozilla/5.0 (Windows NT 10.0; Win64; x64) AppleWebKit/537.36 (KHTML, like Gecko) Chrome/74.0.3729.169 Safari/537.36"
185.119.81.106 - - [13/Jan/2022:19:12:02 +0100] "GET /AmiKo/Windows HTTP/1.1" 200 10332 "-" "Mozilla/5.0 (Windows NT 10.0; Win64; x64) AppleWebKit/537.36 (KHTML, like Gecko) Chrome/74.0.3729.169 Safari/537.36"
185.119.81.106 - - [13/Jan/2022:19:12:03 +0100] "GET /Ywesee/Kontakt HTTP/1.1" 200 8973 "-" "Mozilla/5.0 (Windows NT 10.0; Win64; x64) AppleWebKit/537.36 (KHTML, like Gecko) Chrome/74.0.3729.169 Safari/537.36"
185.119.81.106 - - [13/Jan/2022:19:12:04 +0100] "GET /Oddb2xml/Index HTTP/1.1" 200 8983 "-" "Mozilla/5.0 (Windows NT 10.0; Win64; x64) AppleWebKit/537.36 (KHTML, like Gecko) Chrome/74.0.3729.169 Safari/537.36"
185.119.81.106 - - [13/Jan/2022:19:12:04 +0100] "GET /Generikacc/App HTTP/1.1" 200 11862 "-" "Mozilla/5.0 (Windows NT 10.0; Win64; x64) AppleWebKit/537.36 (KHTML, like Gecko) Chrome/74.0.3729.169 Safari/537.36"
185.119.81.106 - - [13/Jan/2022:19:12:05 +0100] "GET /Ywesee/InfoCodex HTTP/1.1" 200 24435 "-" "Mozilla/5.0 (Windows NT 10.0; Win64; x64) AppleWebKit/537.36 (KHTML, like Gecko) Chrome/74.0.3729.169 Safari/537.36"
185.119.81.106 - - [13/Jan/2022:19:12:10 +0100] "GET /Software/XMLConv HTTP/1.1" 200 8709 "-" "Mozilla/5.0 (Windows NT 10.0; Win64; x64) AppleWebKit/537.36 (KHTML, like Gecko) Chrome/74.0.3729.169 Safari/537.36"
185.119.81.106 - - [13/Jan/2022:19:12:11 +0100] "GET /Ywesee/OpenSource HTTP/1.1" 200 10790 "-" "Mozilla/5.0 (Windows NT 10.0; Win64; x64) AppleWebKit/537.36 (KHTML, like Gecko) Chrome/74.0.3729.169 Safari/537.36"
185.119.81.106 - - [13/Jan/2022:19:12:11 +0100] "GET /ODDB/StammdatenCH HTTP/1.1" 200 9300 "-" "Mozilla/5.0 (Windows NT 10.0; Win64; x64) AppleWebKit/537.36 (KHTML, like Gecko) Chrome/74.0.3729.169 Safari/537.36"
185.119.81.106 - - [13/Jan/2022:19:12:12 +0100] "GET /Software/Spreadsheet HTTP/1.1" 200 8839 "-" "Mozilla/5.0 (Windows NT 10.0; Win64; x64) AppleWebKit/537.36 (KHTML, like Gecko) Chrome/74.0.3729.169 Safari/537.36"
185.119.81.106 - - [13/Jan/2022:19:12:12 +0100] "GET /Main/Home?action=diff HTTP/1.1" 200 646151 "-" "Mozilla/5.0 (Windows NT 10.0; Win64; x64) AppleWebKit/537.36 (KHTML, like Gecko) Chrome/74.0.3729.169 Safari/537.36"
185.119.81.106 - - [13/Jan/2022:19:12:18 +0100] "GET /Main/Home?action=edit HTTP/1.1" 200 9271 "-" "Mozilla/5.0 (Windows NT 10.0; Win64; x64) AppleWebKit/537.36 (KHTML, like Gecko) Chrome/74.0.3729.169 Safari/537.36"
185.119.81.106 - - [13/Jan/2022:19:12:19 +0100] "GET /Software/SoftwareRaid HTTP/1.1" 200 12104 "-" "Mozilla/5.0 (Windows NT 10.0; Win64; x64) AppleWebKit/537.36 (KHTML, like Gecko) Chrome/74.0.3729.169 Safari/537.36"
185.119.81.106 - - [13/Jan/2022:19:12:20 +0100] "GET /Main/Home?action=print HTTP/1.1" 200 5198 "-" "Mozilla/5.0 (Windows NT 10.0; Win64; x64) AppleWebKit/537.36 (KHTML, like Gecko) Chrome/74.0.3729.169 Safari/537.36"
154.54.249.194 - - [13/Jan/2022:19:12:22 +0100] "GET /Ywesee/Kontakt?action=edit&restore=diff:1106844681:1106053454:&preview=y HTTP/1.1" 200 9378 "-" "Mozilla/5.0 (compatible; Barkrowler/0.9; +https://babbar.tech/crawler)"
185.119.81.106 - - [13/Jan/2022:19:12:25 +0100] "GET /Main/Home?action=upload HTTP/1.1" 200 8737 "-" "Mozilla/5.0 (Windows NT 10.0; Win64; x64) AppleWebKit/537.36 (KHTML, like Gecko) Chrome/74.0.3729.169 Safari/537.36"
185.119.81.106 - - [13/Jan/2022:19:12:31 +0100] "GET /Main/SideBar?action=edit HTTP/1.1" 200 9310 "-" "Mozilla/5.0 (Windows NT 10.0; Win64; x64) AppleWebKit/537.36 (KHTML, like Gecko) Chrome/74.0.3729.169 Safari/537.36"
185.119.81.106 - - [13/Jan/2022:19:12:32 +0100] "GET /ODDB/IndividuelleMediliste HTTP/1.1" 200 9139 "-" "Mozilla/5.0 (Windows NT 10.0; Win64; x64) AppleWebKit/537.36 (KHTML, like Gecko) Chrome/74.0.3729.169 Safari/537.36"
185.119.81.106 - - [13/Jan/2022:19:12:32 +0100] "GET /Main/DocumedGalenicaVsYwesee HTTP/1.1" 200 34932 "-" "Mozilla/5.0 (Windows NT 10.0; Win64; x64) AppleWebKit/537.36 (KHTML, like Gecko) Chrome/74.0.3729.169 Safari/537.36"
185.119.81.106 - - [13/Jan/2022:19:12:33 +0100] "GET /Main/Home?n=Main.SideBar?action=edit HTTP/1.1" 200 9322 "-" "Mozilla/5.0 (Windows NT 10.0; Win64; x64) AppleWebKit/537.36 (KHTML, like Gecko) Chrome/74.0.3729.169 Safari/537.36"
185.119.81.106 - - [13/Jan/2022:19:12:33 +0100] "GET /ODDB/IntegrationLookAmpFeelGenerikasuche HTTP/1.1" 200 9097 "-" "Mozilla/5.0 (Windows NT 10.0; Win64; x64) AppleWebKit/537.36 (KHTML, like Gecko) Chrome/74.0.3729.169 Safari/537.36"
185.119.81.106 - - [13/Jan/2022:19:12:38 +0100] "GET /Main/IPhone HTTP/1.1" 200 8439 "-" "Mozilla/5.0 (Windows NT 10.0; Win64; x64) AppleWebKit/537.36 (KHTML, like Gecko) Chrome/74.0.3729.169 Safari/537.36"
185.119.81.106 - - [13/Jan/2022:19:12:39 +0100] "GET /Main/Diovan HTTP/1.1" 200 9177 "-" "Mozilla/5.0 (Windows NT 10.0; Win64; x64) AppleWebKit/537.36 (KHTML, like Gecko) Chrome/74.0.3729.169 Safari/537.36"
185.119.81.106 - - [13/Jan/2022:19:12:40 +0100] "GET /Main/Phostal HTTP/1.1" 200 8927 "-" "Mozilla/5.0 (Windows NT 10.0; Win64; x64) AppleWebKit/537.36 (KHTML, like Gecko) Chrome/74.0.3729.169 Safari/537.36"
185.119.81.106 - - [13/Jan/2022:19:12:40 +0100] "GET /Main/OmixOcas HTTP/1.1" 200 8792 "-" "Mozilla/5.0 (Windows NT 10.0; Win64; x64) AppleWebKit/537.36 (KHTML, like Gecko) Chrome/74.0.3729.169 Safari/537.36"
185.119.81.106 - - [13/Jan/2022:19:12:40 +0100] "GET /Software/XMLBAG HTTP/1.1" 200 10258 "-" "Mozilla/5.0 (Windows NT 10.0; Win64; x64) AppleWebKit/537.36 (KHTML, like Gecko) Chrome/74.0.3729.169 Safari/537.36"
185.119.81.106 - - [13/Jan/2022:19:12:41 +0100] "GET /Main/2008?action=diff HTTP/1.1" 200 38015 "-" "Mozilla/5.0 (Windows NT 10.0; Win64; x64) AppleWebKit/537.36 (KHTML, like Gecko) Chrome/74.0.3729.169 Safari/537.36"
185.119.81.106 - - [13/Jan/2022:19:12:42 +0100] "GET /Main/2008?action=edit HTTP/1.1" 200 9272 "-" "Mozilla/5.0 (Windows NT 10.0; Win64; x64) AppleWebKit/537.36 (KHTML, like Gecko) Chrome/74.0.3729.169 Safari/537.36"
185.119.81.106 - - [13/Jan/2022:19:12:43 +0100] "GET /Main/2008?action=print HTTP/1.1" 200 29460 "-" "Mozilla/5.0 (Windows NT 10.0; Win64; x64) AppleWebKit/537.36 (KHTML, like Gecko) Chrome/74.0.3729.169 Safari/537.36"
185.119.81.106 - - [13/Jan/2022:19:12:43 +0100] "GET /Main/2008?action=upload HTTP/1.1" 200 8738 "-" "Mozilla/5.0 (Windows NT 10.0; Win64; x64) AppleWebKit/537.36 (KHTML, like Gecko) Chrome/74.0.3729.169 Safari/537.36"
154.54.249.194 - - [13/Jan/2022:19:12:47 +0100] "GET /Ywesee/Kontakt?action=edit&restore=diff:1106844791:1106844681:&preview=y HTTP/1.1" 200 9378 "-" "Mozilla/5.0 (compatible; Barkrowler/0.9; +https://babbar.tech/crawler)"
185.119.81.106 - - [13/Jan/2022:19:12:50 +0100] "GET /uploads/Main/Spreadsheet_0.6.0.txt HTTP/1.1" 200 2745 "-" "Mozilla/5.0 (Windows NT 10.0; Win64; x64) AppleWebKit/537.36 (KHTML, like Gecko) Chrome/74.0.3729.169 Safari/537.36"
185.119.81.106 - - [13/Jan/2022:19:12:51 +0100] "GET /uploads/Main/von_SDA_19.2.2008.txt HTTP/1.1" 200 2038 "-" "Mozilla/5.0 (Windows NT 10.0; Win64; x64) AppleWebKit/537.36 (KHTML, like Gecko) Chrome/74.0.3729.169 Safari/537.36"
185.119.81.106 - - [13/Jan/2022:19:12:51 +0100] "GET /Main/2008?n=Main.SideBar?action=edit HTTP/1.1" 200 9322 "-" "Mozilla/5.0 (Windows NT 10.0; Win64; x64) AppleWebKit/537.36 (KHTML, like Gecko) Chrome/74.0.3729.169 Safari/537.36"
185.119.81.106 - - [13/Jan/2022:19:12:52 +0100] "GET /uploads/Main/An_Balsiger_4.2.2008.txt HTTP/1.1" 200 1550 "-" "Mozilla/5.0 (Windows NT 10.0; Win64; x64) AppleWebKit/537.36 (KHTML, like Gecko) Chrome/74.0.3729.169 Safari/537.36"
