62.210.215.119 - - [29/Oct/2022:00:01:10 +0200] "GET /Site/AllRecentChanges?action=rss HTTP/1.1" 200 2546 "-" "Mozilla/5.0 (X11; Linux i686) AppleWebKit/537.36 (KHTML, like Gecko) Chrome/30.0.1599.66 Safari/537.36"
207.46.13.151 - - [29/Oct/2022:00:02:31 +0200] "GET /uploads/Generikacc/Generika_Rezept_Import_3.png HTTP/1.1" 200 57108 "-" "Mozilla/5.0 AppleWebKit/537.36 (KHTML, like Gecko; compatible; bingbot/2.0; +http://www.bing.com/bingbot.htm) Chrome/103.0.5060.134 Safari/537.36"
185.191.171.42 - - [29/Oct/2022:00:03:18 +0200] "GET /robots.txt HTTP/1.1" 200 - "-" "Mozilla/5.0 (compatible; SemrushBot/7~bl; +http://www.semrush.com/bot.html)"
185.191.171.8 - - [29/Oct/2022:00:03:18 +0200] "GET / HTTP/1.1" 200 13326 "-" "Mozilla/5.0 (compatible; SemrushBot/7~bl; +http://www.semrush.com/bot.html)"
54.36.149.90 - - [29/Oct/2022:00:09:15 +0200] "GET /Main/Parsen?action=print HTTP/1.1" 403 18 "-" "Mozilla/5.0 (compatible; AhrefsBot/7.0; +http://ahrefs.com/robot/)"
64.71.157.119 - - [29/Oct/2022:00:10:26 +0200] "GET /pmwiki.php/Site/AllRecentChanges?action=rss HTTP/1.1" 200 2546 "-" "Feedbin feed-id:590358 - 1 subscribers"
159.242.234.52 - - [29/Oct/2022:00:11:23 +0200] "GET /uploads/Arks/Arks_The_Game.pdf HTTP/1.1" 200 774337 "https://www.google.de/" "Mozilla/5.0 (Linux; Android 12; SAMSUNG SM-G973F/G973FXXSGHVI4) AppleWebKit/537.36 (KHTML, like Gecko) SamsungBrowser/18.0 Chrome/99.0.4844.88 Mobile Safari/537.36"
159.242.234.52 - - [29/Oct/2022:00:11:58 +0200] "GET /uploads/Arks/Arks_The_Game.pdf HTTP/1.1" 200 774337 "-" "Dalvik/2.1.0 (Linux; U; Android 12; SM-G973F Build/SP1A.210812.016)"
185.191.171.15 - - [29/Oct/2022:00:14:09 +0200] "GET /Main/2017 HTTP/1.1" 200 15840 "-" "Mozilla/5.0 (compatible; SemrushBot/7~bl; +http://www.semrush.com/bot.html)"
194.209.200.2 - - [29/Oct/2022:00:17:07 +0200] "GET /robots.txt HTTP/1.1" 200 - "-" "Mozilla/5.0 (compatible; TMMBot/0.2; +http://www.dslab.ch)/Nutch-1.15"
194.209.200.2 - - [29/Oct/2022:00:17:07 +0200] "GET /AmiKo/Linux HTTP/1.1" 200 9217 "-" "Mozilla/5.0 (compatible; TMMBot/0.2; +http://www.dslab.ch)/Nutch-1.15"
194.209.200.2 - - [29/Oct/2022:00:17:12 +0200] "GET /Miele/MieleLXIV HTTP/1.1" 200 15367 "-" "Mozilla/5.0 (compatible; TMMBot/0.2; +http://www.dslab.ch)/Nutch-1.15"
185.191.171.7 - - [29/Oct/2022:00:18:36 +0200] "GET /AmiKo/Cpp2sqlite HTTP/1.1" 200 8506 "-" "Mozilla/5.0 (compatible; SemrushBot/7~bl; +http://www.semrush.com/bot.html)"
3.95.170.54 - - [29/Oct/2022:00:19:49 +0200] "GET /Site/AllRecentChanges?action=rss HTTP/1.1" 200 2546 "https://www.google.com/" "Mozilla/5.0 (Macintosh; Intel Mac OS X 10_15_3) AppleWebKit/537.36 (KHTML, like Gecko) Chrome/80.0.3987.122 Safari/537.36"
194.209.200.2 - - [29/Oct/2022:00:21:05 +0200] "GET /Software/Spreadsheet HTTP/1.1" 200 8839 "-" "Mozilla/5.0 (compatible; TMMBot/0.2; +http://www.dslab.ch)/Nutch-1.15"
194.209.200.2 - - [29/Oct/2022:00:21:34 +0200] "GET /AmiKo/OSX HTTP/1.1" 200 9772 "-" "Mozilla/5.0 (compatible; TMMBot/0.2; +http://www.dslab.ch)/Nutch-1.15"
194.209.200.2 - - [29/Oct/2022:00:22:24 +0200] "GET /robots.txt HTTP/1.1" 200 - "-" "Mozilla/5.0 (compatible; TMMBot/0.2; +http://www.dslab.ch)/Nutch-1.15"
194.209.200.2 - - [29/Oct/2022:00:23:17 +0200] "GET /Generikacc/App HTTP/1.1" 200 11862 "-" "Mozilla/5.0 (compatible; TMMBot/0.2; +http://www.dslab.ch)/Nutch-1.15"
194.209.200.2 - - [29/Oct/2022:00:25:06 +0200] "GET /Main/2009 HTTP/1.1" 200 21688 "-" "Mozilla/5.0 (compatible; TMMBot/0.2; +http://www.dslab.ch)/Nutch-1.15"
194.209.200.2 - - [29/Oct/2022:00:25:30 +0200] "GET /Main/2005 HTTP/1.1" 200 63344 "-" "Mozilla/5.0 (compatible; TMMBot/0.2; +http://www.dslab.ch)/Nutch-1.15"
194.209.200.2 - - [29/Oct/2022:00:26:28 +0200] "GET /Main/ComCo19122016 HTTP/1.1" 200 10547 "-" "Mozilla/5.0 (compatible; TMMBot/0.2; +http://www.dslab.ch)/Nutch-1.15"
207.46.13.171 - - [29/Oct/2022:00:28:52 +0200] "GET /Main/Home?action=edit HTTP/1.1" 403 18 "-" "Mozilla/5.0 AppleWebKit/537.36 (KHTML, like Gecko; compatible; bingbot/2.0; +http://www.bing.com/bingbot.htm) Chrome/103.0.5060.134 Safari/537.36"
66.249.79.198 - - [29/Oct/2022:00:29:16 +0200] "GET /ads.txt HTTP/1.1" 404 266 "-" "Mozilla/5.0 (compatible; Googlebot/2.1; +http://www.google.com/bot.html)"
66.249.93.176 - - [29/Oct/2022:00:44:32 +0200] "HEAD /pmwiki.php/Site/AllRecentChanges?action=rss HTTP/1.1" 200 - "-" "FeedBurner/1.0 (http://www.FeedBurner.com)"
66.249.93.178 - - [29/Oct/2022:00:44:33 +0200] "GET /pmwiki.php/Site/AllRecentChanges?action=rss HTTP/1.1" 200 2546 "-" "FeedBurner/1.0 (http://www.FeedBurner.com)"
34.220.2.8 - - [29/Oct/2022:00:45:22 +0200] "GET / HTTP/1.1" 200 13326 "-" "Mozilla/5.0 (X11; Linux x86_64) AppleWebKit/537.36 (KHTML, like Gecko) Chrome/83.0.4103.97 Safari/537.36"
34.222.132.122 - - [29/Oct/2022:00:45:54 +0200] "GET / HTTP/1.1" 200 13326 "http://ywesee.net" "Mozilla/5.0 (X11; Linux x86_64) AppleWebKit/537.36 (KHTML, like Gecko) Chrome/83.0.4103.97 Safari/537.36"
185.191.171.9 - - [29/Oct/2022:00:46:10 +0200] "GET /Miele/MieleLXIVScreenshots HTTP/1.1" 200 8964 "-" "Mozilla/5.0 (compatible; SemrushBot/7~bl; +http://www.semrush.com/bot.html)"
185.191.171.40 - - [29/Oct/2022:00:48:15 +0200] "GET /Ausschreibung/SAI HTTP/1.1" 200 10366 "-" "Mozilla/5.0 (compatible; SemrushBot/7~bl; +http://www.semrush.com/bot.html)"
185.191.171.39 - - [29/Oct/2022:00:50:41 +0200] "GET /AmiKo/SAPP HTTP/1.1" 200 12947 "-" "Mozilla/5.0 (compatible; SemrushBot/7~bl; +http://www.semrush.com/bot.html)"
64.71.157.109 - - [29/Oct/2022:00:51:56 +0200] "GET /pmwiki.php/Site/AllRecentChanges?action=rss HTTP/1.1" 200 2546 "-" "Feedbin feed-id:590358 - 1 subscribers"
185.191.171.45 - - [29/Oct/2022:00:52:19 +0200] "GET /Main/Elexis HTTP/1.1" 200 10922 "-" "Mozilla/5.0 (compatible; SemrushBot/7~bl; +http://www.semrush.com/bot.html)"
207.46.13.151 - - [29/Oct/2022:00:53:07 +0200] "GET /SpitalSchweiz/AnzahlBettenstationaer2012 HTTP/1.1" 200 9424 "-" "Mozilla/5.0 AppleWebKit/537.36 (KHTML, like Gecko; compatible; bingbot/2.0; +http://www.bing.com/bingbot.htm) Chrome/103.0.5060.134 Safari/537.36"
3.91.205.117 - - [29/Oct/2022:00:53:17 +0200] "GET /robots.txt HTTP/1.1" 200 - "-" "Mozilla/5.0/Firefox/42.0 - nbertaupete95(at)gmail.com"
194.209.200.2 - - [29/Oct/2022:00:53:18 +0200] "GET /robots.txt HTTP/1.1" 200 - "-" "Mozilla/5.0 (compatible; TMMBot/0.2; +http://www.dslab.ch)/Nutch-1.15"
194.209.200.2 - - [29/Oct/2022:00:53:18 +0200] "GET /AmiKo/Linux HTTP/1.1" 200 9217 "-" "Mozilla/5.0 (compatible; TMMBot/0.2; +http://www.dslab.ch)/Nutch-1.15"
3.91.205.117 - - [29/Oct/2022:00:53:18 +0200] "GET /Ywesee/Team?action=edit&restore=diff:1216297859:1164734737:&preview=y HTTP/1.1" 200 9341 "-" "Mozilla/5.0/Firefox/42.0 - nbertaupete95(at)gmail.com"
194.209.200.2 - - [29/Oct/2022:00:53:23 +0200] "GET /Miele/MieleLXIV HTTP/1.1" 200 15367 "-" "Mozilla/5.0 (compatible; TMMBot/0.2; +http://www.dslab.ch)/Nutch-1.15"
3.91.205.117 - - [29/Oct/2022:00:53:25 +0200] "GET /Ywesee/Team?action=edit&restore=diff:1272356203:1272356161:&preview=y HTTP/1.1" 200 9341 "-" "Mozilla/5.0/Firefox/42.0 - nbertaupete95(at)gmail.com"
3.91.205.117 - - [29/Oct/2022:00:53:31 +0200] "GET /Ywesee/Team?action=edit&restore=diff:1516294591:1516294546:&preview=y HTTP/1.1" 200 9341 "-" "Mozilla/5.0/Firefox/42.0 - nbertaupete95(at)gmail.com"
3.91.205.117 - - [29/Oct/2022:00:53:37 +0200] "GET /Ywesee/Team?action=edit&restore=diff:1277436032:1276136517:&preview=y HTTP/1.1" 200 9341 "-" "Mozilla/5.0/Firefox/42.0 - nbertaupete95(at)gmail.com"
3.91.205.117 - - [29/Oct/2022:00:53:43 +0200] "GET /Ywesee/Team?action=edit&restore=diff:1272356081:1266420419:&preview=y HTTP/1.1" 200 9341 "-" "Mozilla/5.0/Firefox/42.0 - nbertaupete95(at)gmail.com"
3.91.205.117 - - [29/Oct/2022:00:53:48 +0200] "GET /Ywesee/Team?action=edit&restore=diff:1276136517:1272356203:&preview=y HTTP/1.1" 200 9341 "-" "Mozilla/5.0/Firefox/42.0 - nbertaupete95(at)gmail.com"
3.91.205.117 - - [29/Oct/2022:00:53:53 +0200] "GET /Ywesee/Team?action=edit&restore=diff:1516294637:1516294617:&preview=y HTTP/1.1" 200 9341 "-" "Mozilla/5.0/Firefox/42.0 - nbertaupete95(at)gmail.com"
194.209.200.2 - - [29/Oct/2022:00:56:50 +0200] "GET /Software/Spreadsheet HTTP/1.1" 200 8839 "-" "Mozilla/5.0 (compatible; TMMBot/0.2; +http://www.dslab.ch)/Nutch-1.15"
194.209.200.2 - - [29/Oct/2022:00:57:18 +0200] "GET /AmiKo/OSX HTTP/1.1" 200 9772 "-" "Mozilla/5.0 (compatible; TMMBot/0.2; +http://www.dslab.ch)/Nutch-1.15"
194.209.200.2 - - [29/Oct/2022:00:58:04 +0200] "GET /robots.txt HTTP/1.1" 200 - "-" "Mozilla/5.0 (compatible; TMMBot/0.2; +http://www.dslab.ch)/Nutch-1.15"
194.209.200.2 - - [29/Oct/2022:00:58:54 +0200] "GET /Generikacc/App HTTP/1.1" 200 11862 "-" "Mozilla/5.0 (compatible; TMMBot/0.2; +http://www.dslab.ch)/Nutch-1.15"
194.209.200.2 - - [29/Oct/2022:01:00:37 +0200] "GET /Main/2009 HTTP/1.1" 200 21688 "-" "Mozilla/5.0 (compatible; TMMBot/0.2; +http://www.dslab.ch)/Nutch-1.15"
194.209.200.2 - - [29/Oct/2022:01:00:56 +0200] "GET /Main/2005 HTTP/1.1" 200 63344 "-" "Mozilla/5.0 (compatible; TMMBot/0.2; +http://www.dslab.ch)/Nutch-1.15"
194.209.200.2 - - [29/Oct/2022:01:01:21 +0200] "GET /Main/2014 HTTP/1.1" 200 19471 "-" "Mozilla/5.0 (compatible; TMMBot/0.2; +http://www.dslab.ch)/Nutch-1.15"
194.209.200.2 - - [29/Oct/2022:01:01:52 +0200] "GET /Main/ComCo19122016 HTTP/1.1" 200 10547 "-" "Mozilla/5.0 (compatible; TMMBot/0.2; +http://www.dslab.ch)/Nutch-1.15"
114.119.141.4 - - [29/Oct/2022:01:12:13 +0200] "GET /robots.txt HTTP/1.1" 200 - "-" "Mozilla/5.0 (compatible;PetalBot;+https://webmaster.petalsearch.com/site/petalbot)"
61.135.159.165 - - [29/Oct/2022:01:13:05 +0200] "GET /robots.txt HTTP/1.1" 200 - "-" "Sogou web spider/4.0(+http://www.sogou.com/docs/help/webmasters.htm#07)"
58.250.125.90 - - [29/Oct/2022:01:15:46 +0200] "GET / HTTP/1.1" 200 13326 "-" "Sogou web spider/4.0(+http://www.sogou.com/docs/help/webmasters.htm#07)"
35.198.25.12 - - [29/Oct/2022:01:23:47 +0200] "GET /style.php?sig=rename HTTP/1.1" 404 268 "-" "Mozilla/5.0 (Windows NT 10.0; Win64; x64) AppleWebKit/537.36 (KHTML, like Gecko) Chrome/91.0.4472.124 Safari/537.36"
65.21.206.46 - - [29/Oct/2022:01:25:45 +0200] "GET / HTTP/1.1" 200 13326 "-" "Mozilla/5.0 (Windows NT 10.0; Win64; x64) AppleWebKit/537.36 (KHTML, like Gecko) Chrome/91.0.4472.114 Safari/537.36 Edg/91.0.864.54"
194.209.200.2 - - [29/Oct/2022:01:28:17 +0200] "GET /robots.txt HTTP/1.1" 200 - "-" "Mozilla/5.0 (compatible; TMMBot/0.2; +http://www.dslab.ch)/Nutch-1.15"
194.209.200.2 - - [29/Oct/2022:01:28:17 +0200] "GET /AmiKo/Linux HTTP/1.1" 200 9217 "-" "Mozilla/5.0 (compatible; TMMBot/0.2; +http://www.dslab.ch)/Nutch-1.15"
194.209.200.2 - - [29/Oct/2022:01:28:21 +0200] "GET /Miele/MieleLXIV HTTP/1.1" 200 15367 "-" "Mozilla/5.0 (compatible; TMMBot/0.2; +http://www.dslab.ch)/Nutch-1.15"
66.249.93.174 - - [29/Oct/2022:01:28:48 +0200] "HEAD /pmwiki.php/Site/AllRecentChanges?action=rss HTTP/1.1" 200 - "-" "FeedBurner/1.0 (http://www.FeedBurner.com)"
66.249.93.174 - - [29/Oct/2022:01:28:49 +0200] "GET /pmwiki.php/Site/AllRecentChanges?action=rss HTTP/1.1" 200 2546 "-" "FeedBurner/1.0 (http://www.FeedBurner.com)"
194.209.200.2 - - [29/Oct/2022:01:31:22 +0200] "GET /Software/Spreadsheet HTTP/1.1" 200 8839 "-" "Mozilla/5.0 (compatible; TMMBot/0.2; +http://www.dslab.ch)/Nutch-1.15"
194.209.200.2 - - [29/Oct/2022:01:31:45 +0200] "GET /AmiKo/OSX HTTP/1.1" 200 9772 "-" "Mozilla/5.0 (compatible; TMMBot/0.2; +http://www.dslab.ch)/Nutch-1.15"
64.71.157.108 - - [29/Oct/2022:01:32:11 +0200] "GET /pmwiki.php/Site/AllRecentChanges?action=rss HTTP/1.1" 200 2546 "-" "Feedbin feed-id:590358 - 1 subscribers"
207.46.13.159 - - [29/Oct/2022:01:32:18 +0200] "GET / HTTP/1.1" 200 13326 "-" "Mozilla/5.0 AppleWebKit/537.36 (KHTML, like Gecko; compatible; bingbot/2.0; +http://www.bing.com/bingbot.htm) Chrome/103.0.5060.134 Safari/537.36"
194.209.200.2 - - [29/Oct/2022:01:32:23 +0200] "GET /robots.txt HTTP/1.1" 200 - "-" "Mozilla/5.0 (compatible; TMMBot/0.2; +http://www.dslab.ch)/Nutch-1.15"
194.209.200.2 - - [29/Oct/2022:01:33:02 +0200] "GET /Generikacc/App HTTP/1.1" 200 11862 "-" "Mozilla/5.0 (compatible; TMMBot/0.2; +http://www.dslab.ch)/Nutch-1.15"
194.209.200.2 - - [29/Oct/2022:01:34:18 +0200] "GET /Main/2009 HTTP/1.1" 200 21688 "-" "Mozilla/5.0 (compatible; TMMBot/0.2; +http://www.dslab.ch)/Nutch-1.15"
194.209.200.2 - - [29/Oct/2022:01:34:33 +0200] "GET /Main/2005 HTTP/1.1" 200 63344 "-" "Mozilla/5.0 (compatible; TMMBot/0.2; +http://www.dslab.ch)/Nutch-1.15"
194.209.200.2 - - [29/Oct/2022:01:34:51 +0200] "GET /Main/2014 HTTP/1.1" 200 19471 "-" "Mozilla/5.0 (compatible; TMMBot/0.2; +http://www.dslab.ch)/Nutch-1.15"
194.209.200.2 - - [29/Oct/2022:01:35:14 +0200] "GET /Main/ComCo19122016 HTTP/1.1" 200 10547 "-" "Mozilla/5.0 (compatible; TMMBot/0.2; +http://www.dslab.ch)/Nutch-1.15"
185.191.171.9 - - [29/Oct/2022:01:36:24 +0200] "GET /robots.txt HTTP/1.1" 200 - "-" "Mozilla/5.0 (compatible; SemrushBot/7~bl; +http://www.semrush.com/bot.html)"
185.191.171.34 - - [29/Oct/2022:01:36:25 +0200] "GET /Main/ReplikSAEZ HTTP/1.1" 200 14800 "-" "Mozilla/5.0 (compatible; SemrushBot/7~bl; +http://www.semrush.com/bot.html)"
185.191.171.2 - - [29/Oct/2022:01:37:31 +0200] "GET /robots.txt HTTP/1.1" 200 - "-" "Mozilla/5.0 (compatible; SemrushBot/7~bl; +http://www.semrush.com/bot.html)"
185.191.171.4 - - [29/Oct/2022:01:37:32 +0200] "GET /pmwiki.php/Ywesee/InfoCodexVorgehen HTTP/1.1" 200 12716 "-" "Mozilla/5.0 (compatible; SemrushBot/7~bl; +http://www.semrush.com/bot.html)"
207.46.13.171 - - [29/Oct/2022:01:39:50 +0200] "GET /index.cgi?Software_Raid HTTP/1.1" 404 268 "-" "Mozilla/5.0 AppleWebKit/537.36 (KHTML, like Gecko; compatible; bingbot/2.0; +http://www.bing.com/bingbot.htm) Chrome/103.0.5060.134 Safari/537.36"
185.191.171.19 - - [29/Oct/2022:01:45:35 +0200] "GET /Main/HirslandenProfessional HTTP/1.1" 200 8885 "-" "Mozilla/5.0 (compatible; SemrushBot/7~bl; +http://www.semrush.com/bot.html)"
194.209.200.2 - - [29/Oct/2022:02:01:22 +0200] "GET /robots.txt HTTP/1.1" 200 - "-" "Mozilla/5.0 (compatible; TMMBot/0.2; +http://www.dslab.ch)/Nutch-1.15"
194.209.200.2 - - [29/Oct/2022:02:01:22 +0200] "GET /AmiKo/Linux HTTP/1.1" 200 9217 "-" "Mozilla/5.0 (compatible; TMMBot/0.2; +http://www.dslab.ch)/Nutch-1.15"
194.209.200.2 - - [29/Oct/2022:02:01:26 +0200] "GET /Miele/MieleLXIV HTTP/1.1" 200 15367 "-" "Mozilla/5.0 (compatible; TMMBot/0.2; +http://www.dslab.ch)/Nutch-1.15"
194.209.200.2 - - [29/Oct/2022:02:04:18 +0200] "GET /Software/Spreadsheet HTTP/1.1" 200 8839 "-" "Mozilla/5.0 (compatible; TMMBot/0.2; +http://www.dslab.ch)/Nutch-1.15"
194.209.200.2 - - [29/Oct/2022:02:04:40 +0200] "GET /AmiKo/OSX HTTP/1.1" 200 9772 "-" "Mozilla/5.0 (compatible; TMMBot/0.2; +http://www.dslab.ch)/Nutch-1.15"
34.173.43.89 - - [29/Oct/2022:02:05:07 +0200] "GET / HTTP/1.1" 200 13326 "-" "Mozilla/5.0 (X11; Linux x86_64) AppleWebKit/537.36 (KHTML, like Gecko) Chrome/109.0.0.0 Safari/537.36"
34.173.43.89 - - [29/Oct/2022:02:05:09 +0200] "GET /pub/skins/ywesee/gila.css HTTP/1.1" 200 8276 "https://ywesee.com/" "Mozilla/5.0 (X11; Linux x86_64) AppleWebKit/537.36 (KHTML, like Gecko) Chrome/109.0.0.0 Safari/537.36"
34.173.43.89 - - [29/Oct/2022:02:05:09 +0200] "GET /uploads/Main/yweseelogo.gif HTTP/1.1" 200 2982 "https://ywesee.com/" "Mozilla/5.0 (X11; Linux x86_64) AppleWebKit/537.36 (KHTML, like Gecko) Chrome/109.0.0.0 Safari/537.36"
34.173.43.89 - - [29/Oct/2022:02:05:10 +0200] "GET /favicon.ico HTTP/1.1" 200 1406 "https://ywesee.com/" "Mozilla/5.0 (X11; Linux x86_64) AppleWebKit/537.36 (KHTML, like Gecko) Chrome/109.0.0.0 Safari/537.36"
194.209.200.2 - - [29/Oct/2022:02:05:18 +0200] "GET /robots.txt HTTP/1.1" 200 - "-" "Mozilla/5.0 (compatible; TMMBot/0.2; +http://www.dslab.ch)/Nutch-1.15"
194.209.200.2 - - [29/Oct/2022:02:05:59 +0200] "GET /Generikacc/App HTTP/1.1" 200 11862 "-" "Mozilla/5.0 (compatible; TMMBot/0.2; +http://www.dslab.ch)/Nutch-1.15"
194.209.200.2 - - [29/Oct/2022:02:07:19 +0200] "GET /Main/2009 HTTP/1.1" 200 21688 "-" "Mozilla/5.0 (compatible; TMMBot/0.2; +http://www.dslab.ch)/Nutch-1.15"
194.209.200.2 - - [29/Oct/2022:02:07:34 +0200] "GET /Main/2005 HTTP/1.1" 200 63344 "-" "Mozilla/5.0 (compatible; TMMBot/0.2; +http://www.dslab.ch)/Nutch-1.15"
194.209.200.2 - - [29/Oct/2022:02:07:52 +0200] "GET /Main/2014 HTTP/1.1" 200 19471 "-" "Mozilla/5.0 (compatible; TMMBot/0.2; +http://www.dslab.ch)/Nutch-1.15"
194.209.200.2 - - [29/Oct/2022:02:08:16 +0200] "GET /Main/ComCo19122016 HTTP/1.1" 200 10547 "-" "Mozilla/5.0 (compatible; TMMBot/0.2; +http://www.dslab.ch)/Nutch-1.15"
61.135.159.167 - - [29/Oct/2022:02:11:02 +0200] "GET /robots.txt HTTP/1.1" 200 - "-" "Sogou web spider/4.0(+http://www.sogou.com/docs/help/webmasters.htm#07)"
185.191.171.39 - - [29/Oct/2022:02:14:01 +0200] "GET /Main/2019 HTTP/1.1" 200 15246 "-" "Mozilla/5.0 (compatible; SemrushBot/7~bl; +http://www.semrush.com/bot.html)"
64.71.157.118 - - [29/Oct/2022:02:14:29 +0200] "GET /pmwiki.php/Site/AllRecentChanges?action=rss HTTP/1.1" 200 2546 "-" "Feedbin feed-id:590358 - 1 subscribers"
85.208.98.51 - - [29/Oct/2022:02:20:53 +0200] "GET /robots.txt HTTP/1.1" 200 - "-" "Mozilla/5.0 (compatible; SemrushBot-BM/1.0; +http://www.semrush.com/bot.html)"
185.191.171.25 - - [29/Oct/2022:02:22:41 +0200] "GET /Main/2016 HTTP/1.1" 200 13689 "-" "Mozilla/5.0 (compatible; SemrushBot/7~bl; +http://www.semrush.com/bot.html)"
34.239.139.175 - - [29/Oct/2022:02:22:57 +0200] "GET /app-ads.txt HTTP/1.1" 404 274 "-" "Pixalate.com/1.0"
34.239.139.175 - - [29/Oct/2022:02:22:58 +0200] "GET /app-ads.txt HTTP/1.1" 404 270 "-" "Pixalate.com/1.0"
194.209.200.2 - - [29/Oct/2022:02:23:16 +0200] "GET /robots.txt HTTP/1.1" 200 - "-" "Mozilla/5.0 (compatible; TMMBot/0.2; +http://www.dslab.ch)/Nutch-1.15"
54.159.26.39 - - [29/Oct/2022:02:24:36 +0200] "GET /robots.txt HTTP/1.1" 200 - "-" "MauiBot (crawler.feedback+gamma@gmail.com)"
51.222.253.16 - - [29/Oct/2022:02:25:56 +0200] "GET /robots.txt HTTP/1.1" 200 - "-" "Mozilla/5.0 (compatible; AhrefsBot/7.0; +http://ahrefs.com/robot/)"
66.249.93.178 - - [29/Oct/2022:02:28:36 +0200] "HEAD /pmwiki.php/Site/AllRecentChanges?action=rss HTTP/1.1" 200 - "-" "FeedBurner/1.0 (http://www.FeedBurner.com)"
66.249.93.178 - - [29/Oct/2022:02:28:37 +0200] "GET /pmwiki.php/Site/AllRecentChanges?action=rss HTTP/1.1" 200 2546 "-" "FeedBurner/1.0 (http://www.FeedBurner.com)"
194.209.200.2 - - [29/Oct/2022:02:37:31 +0200] "GET /robots.txt HTTP/1.1" 200 - "-" "Mozilla/5.0 (compatible; TMMBot/0.2; +http://www.dslab.ch)/Nutch-1.15"
194.209.200.2 - - [29/Oct/2022:02:37:31 +0200] "GET /AmiKo/Linux HTTP/1.1" 200 9217 "-" "Mozilla/5.0 (compatible; TMMBot/0.2; +http://www.dslab.ch)/Nutch-1.15"
194.209.200.2 - - [29/Oct/2022:02:37:35 +0200] "GET /Miele/MieleLXIV HTTP/1.1" 200 15367 "-" "Mozilla/5.0 (compatible; TMMBot/0.2; +http://www.dslab.ch)/Nutch-1.15"
3.230.76.89 - - [29/Oct/2022:02:38:48 +0200] "GET /robots.txt HTTP/1.1" 200 - "-" "Mozilla/5.0 (Macintosh; Intel Mac OS X 10_10_1) AppleWebKit/600.2.5 (KHTML\\, like Gecko) Version/8.0.2 Safari/600.2.5 (Amazonbot/0.1; +https://developer.amazon.com/support/amazonbot)"
213.182.242.4 - - [29/Oct/2022:02:38:52 +0200] "GET /conf/connect.php.bak HTTP/1.1" 404 279 "-" "Firefox"
114.119.149.159 - - [29/Oct/2022:02:39:37 +0200] "GET /robots.txt HTTP/1.1" 200 - "-" "Mozilla/5.0 (compatible;PetalBot;+https://webmaster.petalsearch.com/site/petalbot)"
216.244.66.236 - - [29/Oct/2022:02:40:15 +0200] "GET /robots.txt HTTP/1.1" 200 - "-" "Mozilla/5.0 (compatible; DotBot/1.2; +https://opensiteexplorer.org/dotbot; help@moz.com)"
194.209.200.2 - - [29/Oct/2022:02:40:19 +0200] "GET /Software/Spreadsheet HTTP/1.1" 200 8839 "-" "Mozilla/5.0 (compatible; TMMBot/0.2; +http://www.dslab.ch)/Nutch-1.15"
194.209.200.2 - - [29/Oct/2022:02:40:39 +0200] "GET /AmiKo/OSX HTTP/1.1" 200 9772 "-" "Mozilla/5.0 (compatible; TMMBot/0.2; +http://www.dslab.ch)/Nutch-1.15"
194.209.200.2 - - [29/Oct/2022:02:41:15 +0200] "GET /robots.txt HTTP/1.1" 200 - "-" "Mozilla/5.0 (compatible; TMMBot/0.2; +http://www.dslab.ch)/Nutch-1.15"
194.209.200.2 - - [29/Oct/2022:02:41:52 +0200] "GET /Generikacc/App HTTP/1.1" 200 11862 "-" "Mozilla/5.0 (compatible; TMMBot/0.2; +http://www.dslab.ch)/Nutch-1.15"
194.209.200.2 - - [29/Oct/2022:02:43:04 +0200] "GET /Main/2009 HTTP/1.1" 200 21688 "-" "Mozilla/5.0 (compatible; TMMBot/0.2; +http://www.dslab.ch)/Nutch-1.15"
194.209.200.2 - - [29/Oct/2022:02:43:20 +0200] "GET /Main/2005 HTTP/1.1" 200 63344 "-" "Mozilla/5.0 (compatible; TMMBot/0.2; +http://www.dslab.ch)/Nutch-1.15"
194.209.200.2 - - [29/Oct/2022:02:44:00 +0200] "GET /Main/ComCo19122016 HTTP/1.1" 200 10547 "-" "Mozilla/5.0 (compatible; TMMBot/0.2; +http://www.dslab.ch)/Nutch-1.15"
64.71.157.123 - - [29/Oct/2022:02:57:13 +0200] "GET /pmwiki.php/Site/AllRecentChanges?action=rss HTTP/1.1" 200 2546 "-" "Feedbin feed-id:590358 - 1 subscribers"
194.209.200.2 - - [29/Oct/2022:03:14:01 +0200] "GET /robots.txt HTTP/1.1" 200 - "-" "Mozilla/5.0 (compatible; TMMBot/0.2; +http://www.dslab.ch)/Nutch-1.15"
194.209.200.2 - - [29/Oct/2022:03:14:01 +0200] "GET /AmiKo/Linux HTTP/1.1" 200 9217 "-" "Mozilla/5.0 (compatible; TMMBot/0.2; +http://www.dslab.ch)/Nutch-1.15"
194.209.200.2 - - [29/Oct/2022:03:14:06 +0200] "GET /Miele/MieleLXIV HTTP/1.1" 200 15367 "-" "Mozilla/5.0 (compatible; TMMBot/0.2; +http://www.dslab.ch)/Nutch-1.15"
194.209.200.2 - - [29/Oct/2022:03:17:23 +0200] "GET /Software/Spreadsheet HTTP/1.1" 200 8839 "-" "Mozilla/5.0 (compatible; TMMBot/0.2; +http://www.dslab.ch)/Nutch-1.15"
194.209.200.2 - - [29/Oct/2022:03:17:46 +0200] "GET /AmiKo/OSX HTTP/1.1" 200 9772 "-" "Mozilla/5.0 (compatible; TMMBot/0.2; +http://www.dslab.ch)/Nutch-1.15"
194.209.200.2 - - [29/Oct/2022:03:18:28 +0200] "GET /robots.txt HTTP/1.1" 200 - "-" "Mozilla/5.0 (compatible; TMMBot/0.2; +http://www.dslab.ch)/Nutch-1.15"
66.249.93.176 - - [29/Oct/2022:03:18:37 +0200] "HEAD /pmwiki.php/Site/AllRecentChanges?action=rss HTTP/1.1" 200 - "-" "FeedBurner/1.0 (http://www.FeedBurner.com)"
66.249.93.176 - - [29/Oct/2022:03:18:37 +0200] "GET /pmwiki.php/Site/AllRecentChanges?action=rss HTTP/1.1" 200 2546 "-" "FeedBurner/1.0 (http://www.FeedBurner.com)"
194.209.200.2 - - [29/Oct/2022:03:19:10 +0200] "GET /Generikacc/App HTTP/1.1" 200 11862 "-" "Mozilla/5.0 (compatible; TMMBot/0.2; +http://www.dslab.ch)/Nutch-1.15"
194.209.200.2 - - [29/Oct/2022:03:20:34 +0200] "GET /Main/2009 HTTP/1.1" 200 21688 "-" "Mozilla/5.0 (compatible; TMMBot/0.2; +http://www.dslab.ch)/Nutch-1.15"
194.209.200.2 - - [29/Oct/2022:03:20:50 +0200] "GET /Main/2005 HTTP/1.1" 200 63344 "-" "Mozilla/5.0 (compatible; TMMBot/0.2; +http://www.dslab.ch)/Nutch-1.15"
194.209.200.2 - - [29/Oct/2022:03:20:54 +0200] "GET /Main/2018 HTTP/1.1" 200 15425 "-" "Mozilla/5.0 (compatible; TMMBot/0.2; +http://www.dslab.ch)/Nutch-1.15"
194.209.200.2 - - [29/Oct/2022:03:21:35 +0200] "GET /Main/ComCo19122016 HTTP/1.1" 200 10547 "-" "Mozilla/5.0 (compatible; TMMBot/0.2; +http://www.dslab.ch)/Nutch-1.15"
194.209.200.2 - - [29/Oct/2022:03:22:22 +0200] "GET /robots.txt HTTP/1.1" 200 - "-" "Mozilla/5.0 (compatible; TMMBot/0.2; +http://www.dslab.ch)/Nutch-1.15"
207.46.13.159 - - [29/Oct/2022:03:37:01 +0200] "GET / HTTP/1.1" 200 13326 "-" "Mozilla/5.0 (compatible; bingbot/2.0; +http://www.bing.com/bingbot.htm)"
64.71.157.108 - - [29/Oct/2022:03:38:32 +0200] "GET /pmwiki.php/Site/AllRecentChanges?action=rss HTTP/1.1" 200 2546 "-" "Feedbin feed-id:590358 - 1 subscribers"
54.36.148.47 - - [29/Oct/2022:03:39:36 +0200] "GET / HTTP/1.1" 200 13326 "-" "Mozilla/5.0 (compatible; AhrefsBot/7.0; +http://ahrefs.com/robot/)"
194.209.200.2 - - [29/Oct/2022:03:47:02 +0200] "GET /robots.txt HTTP/1.1" 200 - "-" "Mozilla/5.0 (compatible; TMMBot/0.2; +http://www.dslab.ch)/Nutch-1.15"
194.209.200.2 - - [29/Oct/2022:03:47:03 +0200] "GET /AmiKo/Linux HTTP/1.1" 200 9217 "-" "Mozilla/5.0 (compatible; TMMBot/0.2; +http://www.dslab.ch)/Nutch-1.15"
194.209.200.2 - - [29/Oct/2022:03:47:11 +0200] "GET /Miele/MieleLXIV HTTP/1.1" 200 15367 "-" "Mozilla/5.0 (compatible; TMMBot/0.2; +http://www.dslab.ch)/Nutch-1.15"
194.209.200.2 - - [29/Oct/2022:03:51:10 +0200] "GET /Software/Spreadsheet HTTP/1.1" 200 8839 "-" "Mozilla/5.0 (compatible; TMMBot/0.2; +http://www.dslab.ch)/Nutch-1.15"
194.209.200.2 - - [29/Oct/2022:03:51:44 +0200] "GET /AmiKo/OSX HTTP/1.1" 200 9772 "-" "Mozilla/5.0 (compatible; TMMBot/0.2; +http://www.dslab.ch)/Nutch-1.15"
194.209.200.2 - - [29/Oct/2022:03:52:42 +0200] "GET /robots.txt HTTP/1.1" 200 - "-" "Mozilla/5.0 (compatible; TMMBot/0.2; +http://www.dslab.ch)/Nutch-1.15"
34.228.167.58 - - [29/Oct/2022:03:53:41 +0200] "GET /robots.txt HTTP/1.1" 200 - "-" "Mozilla/5.0/Firefox/42.0 - nbertaupete95(at)gmail.com"
34.228.167.58 - - [29/Oct/2022:03:53:41 +0200] "GET /Ywesee/Team?action=diff&source=y&minor=n HTTP/1.1" 200 26023 "-" "Mozilla/5.0/Firefox/42.0 - nbertaupete95(at)gmail.com"
194.209.200.2 - - [29/Oct/2022:03:53:45 +0200] "GET /Generikacc/App HTTP/1.1" 200 11862 "-" "Mozilla/5.0 (compatible; TMMBot/0.2; +http://www.dslab.ch)/Nutch-1.15"
34.228.167.58 - - [29/Oct/2022:03:53:47 +0200] "GET /Ywesee/Team?action=diff&source=n&minor=y HTTP/1.1" 200 24167 "-" "Mozilla/5.0/Firefox/42.0 - nbertaupete95(at)gmail.com"
194.209.200.2 - - [29/Oct/2022:03:55:35 +0200] "GET /Main/2009 HTTP/1.1" 200 21688 "-" "Mozilla/5.0 (compatible; TMMBot/0.2; +http://www.dslab.ch)/Nutch-1.15"
194.209.200.2 - - [29/Oct/2022:03:55:55 +0200] "GET /Main/2005 HTTP/1.1" 200 63344 "-" "Mozilla/5.0 (compatible; TMMBot/0.2; +http://www.dslab.ch)/Nutch-1.15"
194.209.200.2 - - [29/Oct/2022:03:56:17 +0200] "GET /Main/2014 HTTP/1.1" 200 19471 "-" "Mozilla/5.0 (compatible; TMMBot/0.2; +http://www.dslab.ch)/Nutch-1.15"
189.206.21.196 - - [29/Oct/2022:03:56:41 +0200] "GET /Miele/MieleLXIV HTTP/1.1" 200 15367 "https://www.bing.com/" "Mozilla/5.0 (Windows NT 10.0; Win64; x64) AppleWebKit/537.36 (KHTML, like Gecko) Chrome/106.0.0.0 Safari/537.36 Edg/106.0.1370.52"
189.206.21.196 - - [29/Oct/2022:03:56:42 +0200] "GET /pub/skins/ywesee/gila.css HTTP/1.1" 200 8276 "https://www.ywesee.com/Miele/MieleLXIV" "Mozilla/5.0 (Windows NT 10.0; Win64; x64) AppleWebKit/537.36 (KHTML, like Gecko) Chrome/106.0.0.0 Safari/537.36 Edg/106.0.1370.52"
189.206.21.196 - - [29/Oct/2022:03:56:42 +0200] "GET /favicon.ico HTTP/1.1" 200 1406 "https://www.ywesee.com/Miele/MieleLXIV" "Mozilla/5.0 (Windows NT 10.0; Win64; x64) AppleWebKit/537.36 (KHTML, like Gecko) Chrome/106.0.0.0 Safari/537.36 Edg/106.0.1370.52"
194.209.200.2 - - [29/Oct/2022:03:56:44 +0200] "GET /Main/ComCo19122016 HTTP/1.1" 200 10547 "-" "Mozilla/5.0 (compatible; TMMBot/0.2; +http://www.dslab.ch)/Nutch-1.15"
54.211.252.97 - - [29/Oct/2022:03:56:45 +0200] "GET /app-ads.txt HTTP/1.1" 404 270 "-" "Pixalate.com/1.0"
54.211.252.97 - - [29/Oct/2022:03:56:46 +0200] "GET /app-ads.txt HTTP/1.1" 404 270 "-" "Pixalate.com/1.0"
54.211.252.97 - - [29/Oct/2022:03:56:47 +0200] "GET /app-ads.txt HTTP/1.1" 404 274 "-" "Pixalate.com/1.0"
54.211.252.97 - - [29/Oct/2022:03:56:47 +0200] "GET /app-ads.txt HTTP/1.1" 404 270 "-" "Pixalate.com/1.0"
66.249.79.200 - - [29/Oct/2022:03:59:08 +0200] "GET /robots.txt HTTP/1.1" 200 - "-" "Mozilla/5.0 (compatible; Googlebot/2.1; +http://www.google.com/bot.html)"
194.209.200.2 - - [29/Oct/2022:04:00:46 +0200] "GET /robots.txt HTTP/1.1" 200 - "-" "Mozilla/5.0 (compatible; TMMBot/0.2; +http://www.dslab.ch)/Nutch-1.15"
66.249.93.174 - - [29/Oct/2022:04:04:06 +0200] "HEAD /pmwiki.php/Site/AllRecentChanges?action=rss HTTP/1.1" 200 - "-" "FeedBurner/1.0 (http://www.FeedBurner.com)"
66.249.93.176 - - [29/Oct/2022:04:04:06 +0200] "GET /pmwiki.php/Site/AllRecentChanges?action=rss HTTP/1.1" 200 2546 "-" "FeedBurner/1.0 (http://www.FeedBurner.com)"
212.227.216.123 - - [29/Oct/2022:04:05:09 +0200] "GET /robots.txt HTTP/1.1" 200 - "-" "IonCrawl (https://www.ionos.de/terms-gtc/faq-crawler-en/)"
212.227.216.123 - - [29/Oct/2022:04:08:22 +0200] "GET /sitemap.xml HTTP/1.1" 404 270 "-" "IonCrawl (https://www.ionos.de/terms-gtc/faq-crawler-en/)"
212.227.216.123 - - [29/Oct/2022:04:08:25 +0200] "GET /wp-admin/admin-ajax.php HTTP/1.1" 404 282 "-" "IonCrawl (https://www.ionos.de/terms-gtc/faq-crawler-en/)"
212.227.216.33 - - [29/Oct/2022:04:08:46 +0200] "GET /robots.txt HTTP/1.1" 200 - "-" "IonCrawl (https://www.ionos.de/terms-gtc/faq-crawler-en/)"
212.227.216.91 - - [29/Oct/2022:04:10:21 +0200] "GET / HTTP/1.1" 200 13326 "-" "IonCrawl (https://www.ionos.de/terms-gtc/faq-crawler-en/)"
212.227.216.91 - - [29/Oct/2022:04:10:22 +0200] "GET /robots.txt HTTP/1.1" 200 - "-" "IonCrawl (https://www.ionos.de/terms-gtc/faq-crawler-en/)"
212.227.216.27 - - [29/Oct/2022:04:11:08 +0200] "GET /sitemap.xml HTTP/1.1" 404 270 "-" "IonCrawl (https://www.ionos.de/terms-gtc/faq-crawler-en/)"
212.227.216.27 - - [29/Oct/2022:04:11:09 +0200] "GET /Ywesee/Kontakt HTTP/1.1" 200 8973 "-" "IonCrawl (https://www.ionos.de/terms-gtc/faq-crawler-en/)"
212.227.216.27 - - [29/Oct/2022:04:11:10 +0200] "GET /wp-admin/admin-ajax.php HTTP/1.1" 404 282 "-" "IonCrawl (https://www.ionos.de/terms-gtc/faq-crawler-en/)"
212.227.216.33 - - [29/Oct/2022:04:11:30 +0200] "GET /sitemap.xml HTTP/1.1" 404 270 "-" "IonCrawl (https://www.ionos.de/terms-gtc/faq-crawler-en/)"
212.227.216.33 - - [29/Oct/2022:04:11:32 +0200] "GET /wp-admin/admin-ajax.php HTTP/1.1" 404 282 "-" "IonCrawl (https://www.ionos.de/terms-gtc/faq-crawler-en/)"
194.165.17.18 - - [29/Oct/2022:04:15:02 +0200] "GET /HotelMarriott/27062013?action=edit&restore=diff%3A1367488671%3A1367488654%3A&preview=y HTTP/1.1" 200 9480 "-" "Mozilla/5.0 (Windows NT 5.1; U; ; rv:1.8.1) Gecko/20061208 Firefox/2.0.0 Opera 9.52"
194.165.17.18 - - [29/Oct/2022:04:15:08 +0200] "GET /HotelMarriott/27062013?action=edit&restore=diff%3A1367488671%3A1367488654%3A&preview=y&vlRU%3D2599%20AND%201%3D1%20UNION%20ALL%20SELECT%201%2CNULL%2C%27%3Cscript%3Ealert%28%22XSS%22%29%3C%2Fscript%3E%27%2Ctable_name%20FROM%20information_schema.tables%20WHERE%202%3E1--%2F%2A%2A%2F%3B%20EXEC%20xp_cmdshell%28%27cat%20..%2F..%2F..%2Fetc%2Fpasswd%27%29%23 HTTP/1.1" 200 9746 "-" "Mozilla/5.0 (Windows NT 5.1; U; ; rv:1.8.1) Gecko/20061208 Firefox/2.0.0 Opera 9.52"
194.165.17.18 - - [29/Oct/2022:04:15:17 +0200] "GET /HotelMarriott/27062013?action=edit&restore=diff%3A1367488671%3A1367488654%3A&preview=y HTTP/1.1" 200 9480 "-" "Mozilla/5.0 (Windows NT 5.1; U; ; rv:1.8.1) Gecko/20061208 Firefox/2.0.0 Opera 9.52"
194.165.17.18 - - [29/Oct/2022:04:15:18 +0200] "GET /HotelMarriott/27062013?action=5768&restore=diff%3A1367488671%3A1367488654%3A&preview=y HTTP/1.1" 200 12123 "-" "Mozilla/5.0 (Windows NT 5.1; U; ; rv:1.8.1) Gecko/20061208 Firefox/2.0.0 Opera 9.52"
194.165.17.18 - - [29/Oct/2022:04:15:21 +0200] "GET /HotelMarriott/27062013?action=4900&restore=diff%3A1367488671%3A1367488654%3A&preview=y HTTP/1.1" 200 12123 "-" "Mozilla/5.0 (Windows NT 5.1; U; ; rv:1.8.1) Gecko/20061208 Firefox/2.0.0 Opera 9.52"
64.71.157.108 - - [29/Oct/2022:04:15:21 +0200] "GET /pmwiki.php/Site/AllRecentChanges?action=rss HTTP/1.1" 200 2546 "-" "Feedbin feed-id:590358 - 1 subscribers"
194.165.17.18 - - [29/Oct/2022:04:15:24 +0200] "GET /HotelMarriott/27062013?action=edit%29%22%28.%2C.%27%2C%22.&restore=diff%3A1367488671%3A1367488654%3A&preview=y HTTP/1.1" 200 12123 "-" "Mozilla/5.0 (Windows NT 5.1; U; ; rv:1.8.1) Gecko/20061208 Firefox/2.0.0 Opera 9.52"
194.165.17.18 - - [29/Oct/2022:04:15:26 +0200] "GET /HotelMarriott/27062013?action=edit%27Uhmibe%3C%27%22%3EbEquJP&restore=diff%3A1367488671%3A1367488654%3A&preview=y HTTP/1.1" 200 12123 "-" "Mozilla/5.0 (Windows NT 5.1; U; ; rv:1.8.1) Gecko/20061208 Firefox/2.0.0 Opera 9.52"
194.165.17.18 - - [29/Oct/2022:04:15:42 +0200] "GET /HotelMarriott/27062013?action=edit%29%20AND%201885%3D1966%20AND%20%281862%3D1862&restore=diff%3A1367488671%3A1367488654%3A&preview=y HTTP/1.1" 200 12123 "-" "Mozilla/5.0 (Windows NT 5.1; U; ; rv:1.8.1) Gecko/20061208 Firefox/2.0.0 Opera 9.52"
194.165.17.18 - - [29/Oct/2022:04:15:44 +0200] "GET /HotelMarriott/27062013?action=edit%29%20AND%204410%3D4410%20AND%20%285310%3D5310&restore=diff%3A1367488671%3A1367488654%3A&preview=y HTTP/1.1" 200 12123 "-" "Mozilla/5.0 (Windows NT 5.1; U; ; rv:1.8.1) Gecko/20061208 Firefox/2.0.0 Opera 9.52"
194.165.17.18 - - [29/Oct/2022:04:15:47 +0200] "GET /HotelMarriott/27062013?action=edit%20AND%201356%3D1643&restore=diff%3A1367488671%3A1367488654%3A&preview=y HTTP/1.1" 200 12123 "-" "Mozilla/5.0 (Windows NT 5.1; U; ; rv:1.8.1) Gecko/20061208 Firefox/2.0.0 Opera 9.52"
194.165.17.18 - - [29/Oct/2022:04:15:50 +0200] "GET /HotelMarriott/27062013?action=edit%20AND%204410%3D4410&restore=diff%3A1367488671%3A1367488654%3A&preview=y HTTP/1.1" 200 12123 "-" "Mozilla/5.0 (Windows NT 5.1; U; ; rv:1.8.1) Gecko/20061208 Firefox/2.0.0 Opera 9.52"
194.165.17.18 - - [29/Oct/2022:04:15:52 +0200] "GET /HotelMarriott/27062013?action=edit%27%29%20AND%207761%3D1104%20AND%20%28%27RrTi%27%3D%27RrTi&restore=diff%3A1367488671%3A1367488654%3A&preview=y HTTP/1.1" 200 12123 "-" "Mozilla/5.0 (Windows NT 5.1; U; ; rv:1.8.1) Gecko/20061208 Firefox/2.0.0 Opera 9.52"
194.165.17.18 - - [29/Oct/2022:04:15:54 +0200] "GET /HotelMarriott/27062013?action=edit%27%29%20AND%204410%3D4410%20AND%20%28%27QNaU%27%3D%27QNaU&restore=diff%3A1367488671%3A1367488654%3A&preview=y HTTP/1.1" 200 12123 "-" "Mozilla/5.0 (Windows NT 5.1; U; ; rv:1.8.1) Gecko/20061208 Firefox/2.0.0 Opera 9.52"
194.165.17.18 - - [29/Oct/2022:04:15:57 +0200] "GET /HotelMarriott/27062013?action=edit%27%20AND%201234%3D4804%20AND%20%27evox%27%3D%27evox&restore=diff%3A1367488671%3A1367488654%3A&preview=y HTTP/1.1" 200 12123 "-" "Mozilla/5.0 (Windows NT 5.1; U; ; rv:1.8.1) Gecko/20061208 Firefox/2.0.0 Opera 9.52"
194.165.17.18 - - [29/Oct/2022:04:16:00 +0200] "GET /HotelMarriott/27062013?action=edit%27%20AND%204410%3D4410%20AND%20%27eawB%27%3D%27eawB&restore=diff%3A1367488671%3A1367488654%3A&preview=y HTTP/1.1" 200 12123 "-" "Mozilla/5.0 (Windows NT 5.1; U; ; rv:1.8.1) Gecko/20061208 Firefox/2.0.0 Opera 9.52"
194.165.17.18 - - [29/Oct/2022:04:16:02 +0200] "GET /HotelMarriott/27062013?action=edit%25%27%20AND%205915%3D8054%20AND%20%27%25%27%3D%27&restore=diff%3A1367488671%3A1367488654%3A&preview=y HTTP/1.1" 200 12123 "-" "Mozilla/5.0 (Windows NT 5.1; U; ; rv:1.8.1) Gecko/20061208 Firefox/2.0.0 Opera 9.52"
194.165.17.18 - - [29/Oct/2022:04:16:05 +0200] "GET /HotelMarriott/27062013?action=edit%25%27%20AND%204410%3D4410%20AND%20%27%25%27%3D%27&restore=diff%3A1367488671%3A1367488654%3A&preview=y HTTP/1.1" 200 12123 "-" "Mozilla/5.0 (Windows NT 5.1; U; ; rv:1.8.1) Gecko/20061208 Firefox/2.0.0 Opera 9.52"
194.165.17.18 - - [29/Oct/2022:04:16:07 +0200] "GET /HotelMarriott/27062013?action=edit%20AND%208023%3D1582--%20ATxW&restore=diff%3A1367488671%3A1367488654%3A&preview=y HTTP/1.1" 200 12123 "-" "Mozilla/5.0 (Windows NT 5.1; U; ; rv:1.8.1) Gecko/20061208 Firefox/2.0.0 Opera 9.52"
194.165.17.18 - - [29/Oct/2022:04:16:10 +0200] "GET /HotelMarriott/27062013?action=edit%20AND%204410%3D4410--%20tWce&restore=diff%3A1367488671%3A1367488654%3A&preview=y HTTP/1.1" 200 12123 "-" "Mozilla/5.0 (Windows NT 5.1; U; ; rv:1.8.1) Gecko/20061208 Firefox/2.0.0 Opera 9.52"
194.165.17.18 - - [29/Oct/2022:04:16:12 +0200] "GET /HotelMarriott/27062013?action=%28SELECT%20%28CASE%20WHEN%20%283525%3D3425%29%20THEN%203525%20ELSE%203525%2A%28SELECT%203525%20FROM%20INFORMATION_SCHEMA.CHARACTER_SETS%29%20END%29%29&restore=diff%3A1367488671%3A1367488654%3A&preview=y HTTP/1.1" 200 12123 "-" "Mozilla/5.0 (Windows NT 5.1; U; ; rv:1.8.1) Gecko/20061208 Firefox/2.0.0 Opera 9.52"
194.165.17.18 - - [29/Oct/2022:04:16:14 +0200] "GET /HotelMarriott/27062013?action=%28SELECT%20%28CASE%20WHEN%20%281096%3D1096%29%20THEN%201096%20ELSE%201096%2A%28SELECT%201096%20FROM%20INFORMATION_SCHEMA.CHARACTER_SETS%29%20END%29%29&restore=diff%3A1367488671%3A1367488654%3A&preview=y HTTP/1.1" 200 12123 "-" "Mozilla/5.0 (Windows NT 5.1; U; ; rv:1.8.1) Gecko/20061208 Firefox/2.0.0 Opera 9.52"
194.165.17.18 - - [29/Oct/2022:04:16:17 +0200] "GET /HotelMarriott/27062013?action=edit%29%20AND%20%28SELECT%205719%20FROM%28SELECT%20COUNT%28%2A%29%2CCONCAT%280x7170717071%2C%28SELECT%20%28ELT%285719%3D5719%2C1%29%29%29%2C0x716a787871%2CFLOOR%28RAND%280%29%2A2%29%29x%20FROM%20INFORMATION_SCHEMA.CHARACTER_SETS%20GROUP%20BY%20x%29a%29%20AND%20%284547%3D4547&restore=diff%3A1367488671%3A1367488654%3A&preview=y HTTP/1.1" 200 12123 "-" "Mozilla/5.0 (Windows NT 5.1; U; ; rv:1.8.1) Gecko/20061208 Firefox/2.0.0 Opera 9.52"
194.165.17.18 - - [29/Oct/2022:04:16:18 +0200] "GET /HotelMarriott/27062013?action=edit%20AND%20%28SELECT%205719%20FROM%28SELECT%20COUNT%28%2A%29%2CCONCAT%280x7170717071%2C%28SELECT%20%28ELT%285719%3D5719%2C1%29%29%29%2C0x716a787871%2CFLOOR%28RAND%280%29%2A2%29%29x%20FROM%20INFORMATION_SCHEMA.CHARACTER_SETS%20GROUP%20BY%20x%29a%29&restore=diff%3A1367488671%3A1367488654%3A&preview=y HTTP/1.1" 200 12123 "-" "Mozilla/5.0 (Windows NT 5.1; U; ; rv:1.8.1) Gecko/20061208 Firefox/2.0.0 Opera 9.52"
194.165.17.18 - - [29/Oct/2022:04:16:20 +0200] "GET /HotelMarriott/27062013?action=edit%27%29%20AND%20%28SELECT%205719%20FROM%28SELECT%20COUNT%28%2A%29%2CCONCAT%280x7170717071%2C%28SELECT%20%28ELT%285719%3D5719%2C1%29%29%29%2C0x716a787871%2CFLOOR%28RAND%280%29%2A2%29%29x%20FROM%20INFORMATION_SCHEMA.CHARACTER_SETS%20GROUP%20BY%20x%29a%29%20AND%20%28%27XZKr%27%3D%27XZKr&restore=diff%3A1367488671%3A1367488654%3A&preview=y HTTP/1.1" 200 12123 "-" "Mozilla/5.0 (Windows NT 5.1; U; ; rv:1.8.1) Gecko/20061208 Firefox/2.0.0 Opera 9.52"
194.165.17.18 - - [29/Oct/2022:04:16:21 +0200] "GET /HotelMarriott/27062013?action=edit%27%20AND%20%28SELECT%205719%20FROM%28SELECT%20COUNT%28%2A%29%2CCONCAT%280x7170717071%2C%28SELECT%20%28ELT%285719%3D5719%2C1%29%29%29%2C0x716a787871%2CFLOOR%28RAND%280%29%2A2%29%29x%20FROM%20INFORMATION_SCHEMA.CHARACTER_SETS%20GROUP%20BY%20x%29a%29%20AND%20%27KElD%27%3D%27KElD&restore=diff%3A1367488671%3A1367488654%3A&preview=y HTTP/1.1" 200 12123 "-" "Mozilla/5.0 (Windows NT 5.1; U; ; rv:1.8.1) Gecko/20061208 Firefox/2.0.0 Opera 9.52"
194.165.17.18 - - [29/Oct/2022:04:16:22 +0200] "GET /HotelMarriott/27062013?action=edit%25%27%20AND%20%28SELECT%205719%20FROM%28SELECT%20COUNT%28%2A%29%2CCONCAT%280x7170717071%2C%28SELECT%20%28ELT%285719%3D5719%2C1%29%29%29%2C0x716a787871%2CFLOOR%28RAND%280%29%2A2%29%29x%20FROM%20INFORMATION_SCHEMA.CHARACTER_SETS%20GROUP%20BY%20x%29a%29%20AND%20%27%25%27%3D%27&restore=diff%3A1367488671%3A1367488654%3A&preview=y HTTP/1.1" 200 12123 "-" "Mozilla/5.0 (Windows NT 5.1; U; ; rv:1.8.1) Gecko/20061208 Firefox/2.0.0 Opera 9.52"
194.165.17.18 - - [29/Oct/2022:04:16:23 +0200] "GET /HotelMarriott/27062013?action=edit%20AND%20%28SELECT%205719%20FROM%28SELECT%20COUNT%28%2A%29%2CCONCAT%280x7170717071%2C%28SELECT%20%28ELT%285719%3D5719%2C1%29%29%29%2C0x716a787871%2CFLOOR%28RAND%280%29%2A2%29%29x%20FROM%20INFORMATION_SCHEMA.CHARACTER_SETS%20GROUP%20BY%20x%29a%29--%20bWDX&restore=diff%3A1367488671%3A1367488654%3A&preview=y HTTP/1.1" 200 12123 "-" "Mozilla/5.0 (Windows NT 5.1; U; ; rv:1.8.1) Gecko/20061208 Firefox/2.0.0 Opera 9.52"
194.165.17.18 - - [29/Oct/2022:04:16:24 +0200] "GET /HotelMarriott/27062013?action=edit%29%20AND%202466%3DCAST%28%28CHR%28113%29%7C%7CCHR%28112%29%7C%7CCHR%28113%29%7C%7CCHR%28112%29%7C%7CCHR%28113%29%29%7C%7C%28SELECT%20%28CASE%20WHEN%20%282466%3D2466%29%20THEN%201%20ELSE%200%20END%29%29%3A%3Atext%7C%7C%28CHR%28113%29%7C%7CCHR%28106%29%7C%7CCHR%28120%29%7C%7CCHR%28120%29%7C%7CCHR%28113%29%29%20AS%20NUMERIC%29%20AND%20%287174%3D7174&restore=diff%3A1367488671%3A1367488654%3A&preview=y HTTP/1.1" 200 12123 "-" "Mozilla/5.0 (Windows NT 5.1; U; ; rv:1.8.1) Gecko/20061208 Firefox/2.0.0 Opera 9.52"
194.165.17.18 - - [29/Oct/2022:04:16:25 +0200] "GET /HotelMarriott/27062013?action=edit%20AND%202466%3DCAST%28%28CHR%28113%29%7C%7CCHR%28112%29%7C%7CCHR%28113%29%7C%7CCHR%28112%29%7C%7CCHR%28113%29%29%7C%7C%28SELECT%20%28CASE%20WHEN%20%282466%3D2466%29%20THEN%201%20ELSE%200%20END%29%29%3A%3Atext%7C%7C%28CHR%28113%29%7C%7CCHR%28106%29%7C%7CCHR%28120%29%7C%7CCHR%28120%29%7C%7CCHR%28113%29%29%20AS%20NUMERIC%29&restore=diff%3A1367488671%3A1367488654%3A&preview=y HTTP/1.1" 200 12123 "-" "Mozilla/5.0 (Windows NT 5.1; U; ; rv:1.8.1) Gecko/20061208 Firefox/2.0.0 Opera 9.52"
194.165.17.18 - - [29/Oct/2022:04:16:25 +0200] "GET /HotelMarriott/27062013?action=edit%27%29%20AND%202466%3DCAST%28%28CHR%28113%29%7C%7CCHR%28112%29%7C%7CCHR%28113%29%7C%7CCHR%28112%29%7C%7CCHR%28113%29%29%7C%7C%28SELECT%20%28CASE%20WHEN%20%282466%3D2466%29%20THEN%201%20ELSE%200%20END%29%29%3A%3Atext%7C%7C%28CHR%28113%29%7C%7CCHR%28106%29%7C%7CCHR%28120%29%7C%7CCHR%28120%29%7C%7CCHR%28113%29%29%20AS%20NUMERIC%29%20AND%20%28%27GYUQ%27%3D%27GYUQ&restore=diff%3A1367488671%3A1367488654%3A&preview=y HTTP/1.1" 200 12123 "-" "Mozilla/5.0 (Windows NT 5.1; U; ; rv:1.8.1) Gecko/20061208 Firefox/2.0.0 Opera 9.52"
194.165.17.18 - - [29/Oct/2022:04:16:26 +0200] "GET /HotelMarriott/27062013?action=edit%27%20AND%202466%3DCAST%28%28CHR%28113%29%7C%7CCHR%28112%29%7C%7CCHR%28113%29%7C%7CCHR%28112%29%7C%7CCHR%28113%29%29%7C%7C%28SELECT%20%28CASE%20WHEN%20%282466%3D2466%29%20THEN%201%20ELSE%200%20END%29%29%3A%3Atext%7C%7C%28CHR%28113%29%7C%7CCHR%28106%29%7C%7CCHR%28120%29%7C%7CCHR%28120%29%7C%7CCHR%28113%29%29%20AS%20NUMERIC%29%20AND%20%27UDvJ%27%3D%27UDvJ&restore=diff%3A1367488671%3A1367488654%3A&preview=y HTTP/1.1" 200 12123 "-" "Mozilla/5.0 (Windows NT 5.1; U; ; rv:1.8.1) Gecko/20061208 Firefox/2.0.0 Opera 9.52"
194.165.17.18 - - [29/Oct/2022:04:16:27 +0200] "GET /HotelMarriott/27062013?action=edit%25%27%20AND%202466%3DCAST%28%28CHR%28113%29%7C%7CCHR%28112%29%7C%7CCHR%28113%29%7C%7CCHR%28112%29%7C%7CCHR%28113%29%29%7C%7C%28SELECT%20%28CASE%20WHEN%20%282466%3D2466%29%20THEN%201%20ELSE%200%20END%29%29%3A%3Atext%7C%7C%28CHR%28113%29%7C%7CCHR%28106%29%7C%7CCHR%28120%29%7C%7CCHR%28120%29%7C%7CCHR%28113%29%29%20AS%20NUMERIC%29%20AND%20%27%25%27%3D%27&restore=diff%3A1367488671%3A1367488654%3A&preview=y HTTP/1.1" 200 12123 "-" "Mozilla/5.0 (Windows NT 5.1; U; ; rv:1.8.1) Gecko/20061208 Firefox/2.0.0 Opera 9.52"
194.165.17.18 - - [29/Oct/2022:04:16:28 +0200] "GET /HotelMarriott/27062013?action=edit%20AND%202466%3DCAST%28%28CHR%28113%29%7C%7CCHR%28112%29%7C%7CCHR%28113%29%7C%7CCHR%28112%29%7C%7CCHR%28113%29%29%7C%7C%28SELECT%20%28CASE%20WHEN%20%282466%3D2466%29%20THEN%201%20ELSE%200%20END%29%29%3A%3Atext%7C%7C%28CHR%28113%29%7C%7CCHR%28106%29%7C%7CCHR%28120%29%7C%7CCHR%28120%29%7C%7CCHR%28113%29%29%20AS%20NUMERIC%29--%20Mhua&restore=diff%3A1367488671%3A1367488654%3A&preview=y HTTP/1.1" 200 12123 "-" "Mozilla/5.0 (Windows NT 5.1; U; ; rv:1.8.1) Gecko/20061208 Firefox/2.0.0 Opera 9.52"
194.165.17.18 - - [29/Oct/2022:04:16:29 +0200] "GET /HotelMarriott/27062013?action=edit%29%20AND%203235%3DCONVERT%28INT%2C%28SELECT%20CHAR%28113%29%2BCHAR%28112%29%2BCHAR%28113%29%2BCHAR%28112%29%2BCHAR%28113%29%2B%28SELECT%20%28CASE%20WHEN%20%283235%3D3235%29%20THEN%20CHAR%2849%29%20ELSE%20CHAR%2848%29%20END%29%29%2BCHAR%28113%29%2BCHAR%28106%29%2BCHAR%28120%29%2BCHAR%28120%29%2BCHAR%28113%29%29%29%20AND%20%289197%3D9197&restore=diff%3A1367488671%3A1367488654%3A&preview=y HTTP/1.1" 200 12123 "-" "Mozilla/5.0 (Windows NT 5.1; U; ; rv:1.8.1) Gecko/20061208 Firefox/2.0.0 Opera 9.52"
194.165.17.18 - - [29/Oct/2022:04:16:30 +0200] "GET /HotelMarriott/27062013?action=edit%20AND%203235%3DCONVERT%28INT%2C%28SELECT%20CHAR%28113%29%2BCHAR%28112%29%2BCHAR%28113%29%2BCHAR%28112%29%2BCHAR%28113%29%2B%28SELECT%20%28CASE%20WHEN%20%283235%3D3235%29%20THEN%20CHAR%2849%29%20ELSE%20CHAR%2848%29%20END%29%29%2BCHAR%28113%29%2BCHAR%28106%29%2BCHAR%28120%29%2BCHAR%28120%29%2BCHAR%28113%29%29%29&restore=diff%3A1367488671%3A1367488654%3A&preview=y HTTP/1.1" 200 12123 "-" "Mozilla/5.0 (Windows NT 5.1; U; ; rv:1.8.1) Gecko/20061208 Firefox/2.0.0 Opera 9.52"
194.165.17.18 - - [29/Oct/2022:04:16:31 +0200] "GET /HotelMarriott/27062013?action=edit%27%29%20AND%203235%3DCONVERT%28INT%2C%28SELECT%20CHAR%28113%29%2BCHAR%28112%29%2BCHAR%28113%29%2BCHAR%28112%29%2BCHAR%28113%29%2B%28SELECT%20%28CASE%20WHEN%20%283235%3D3235%29%20THEN%20CHAR%2849%29%20ELSE%20CHAR%2848%29%20END%29%29%2BCHAR%28113%29%2BCHAR%28106%29%2BCHAR%28120%29%2BCHAR%28120%29%2BCHAR%28113%29%29%29%20AND%20%28%27nHVu%27%3D%27nHVu&restore=diff%3A1367488671%3A1367488654%3A&preview=y HTTP/1.1" 200 12123 "-" "Mozilla/5.0 (Windows NT 5.1; U; ; rv:1.8.1) Gecko/20061208 Firefox/2.0.0 Opera 9.52"
194.165.17.18 - - [29/Oct/2022:04:16:32 +0200] "GET /HotelMarriott/27062013?action=edit%27%20AND%203235%3DCONVERT%28INT%2C%28SELECT%20CHAR%28113%29%2BCHAR%28112%29%2BCHAR%28113%29%2BCHAR%28112%29%2BCHAR%28113%29%2B%28SELECT%20%28CASE%20WHEN%20%283235%3D3235%29%20THEN%20CHAR%2849%29%20ELSE%20CHAR%2848%29%20END%29%29%2BCHAR%28113%29%2BCHAR%28106%29%2BCHAR%28120%29%2BCHAR%28120%29%2BCHAR%28113%29%29%29%20AND%20%27oHWk%27%3D%27oHWk&restore=diff%3A1367488671%3A1367488654%3A&preview=y HTTP/1.1" 200 12123 "-" "Mozilla/5.0 (Windows NT 5.1; U; ; rv:1.8.1) Gecko/20061208 Firefox/2.0.0 Opera 9.52"
194.165.17.18 - - [29/Oct/2022:04:16:33 +0200] "GET /HotelMarriott/27062013?action=edit%25%27%20AND%203235%3DCONVERT%28INT%2C%28SELECT%20CHAR%28113%29%2BCHAR%28112%29%2BCHAR%28113%29%2BCHAR%28112%29%2BCHAR%28113%29%2B%28SELECT%20%28CASE%20WHEN%20%283235%3D3235%29%20THEN%20CHAR%2849%29%20ELSE%20CHAR%2848%29%20END%29%29%2BCHAR%28113%29%2BCHAR%28106%29%2BCHAR%28120%29%2BCHAR%28120%29%2BCHAR%28113%29%29%29%20AND%20%27%25%27%3D%27&restore=diff%3A1367488671%3A1367488654%3A&preview=y HTTP/1.1" 200 12123 "-" "Mozilla/5.0 (Windows NT 5.1; U; ; rv:1.8.1) Gecko/20061208 Firefox/2.0.0 Opera 9.52"
194.165.17.18 - - [29/Oct/2022:04:16:33 +0200] "GET /HotelMarriott/27062013?action=edit%20AND%203235%3DCONVERT%28INT%2C%28SELECT%20CHAR%28113%29%2BCHAR%28112%29%2BCHAR%28113%29%2BCHAR%28112%29%2BCHAR%28113%29%2B%28SELECT%20%28CASE%20WHEN%20%283235%3D3235%29%20THEN%20CHAR%2849%29%20ELSE%20CHAR%2848%29%20END%29%29%2BCHAR%28113%29%2BCHAR%28106%29%2BCHAR%28120%29%2BCHAR%28120%29%2BCHAR%28113%29%29%29--%20bHuq&restore=diff%3A1367488671%3A1367488654%3A&preview=y HTTP/1.1" 200 12123 "-" "Mozilla/5.0 (Windows NT 5.1; U; ; rv:1.8.1) Gecko/20061208 Firefox/2.0.0 Opera 9.52"
194.165.17.18 - - [29/Oct/2022:04:16:34 +0200] "GET /HotelMarriott/27062013?action=edit%29%20AND%203205%3D%28SELECT%20UPPER%28XMLType%28CHR%2860%29%7C%7CCHR%2858%29%7C%7CCHR%28113%29%7C%7CCHR%28112%29%7C%7CCHR%28113%29%7C%7CCHR%28112%29%7C%7CCHR%28113%29%7C%7C%28SELECT%20%28CASE%20WHEN%20%283205%3D3205%29%20THEN%201%20ELSE%200%20END%29%20FROM%20DUAL%29%7C%7CCHR%28113%29%7C%7CCHR%28106%29%7C%7CCHR%28120%29%7C%7CCHR%28120%29%7C%7CCHR%28113%29%7C%7CCHR%2862%29%29%29%20FROM%20DUAL%29%20AND%20%287841%3D7841&restore=diff%3A1367488671%3A1367488654%3A&preview=y HTTP/1.1" 200 12123 "-" "Mozilla/5.0 (Windows NT 5.1; U; ; rv:1.8.1) Gecko/20061208 Firefox/2.0.0 Opera 9.52"
194.165.17.18 - - [29/Oct/2022:04:16:34 +0200] "GET /HotelMarriott/27062013?action=edit%20AND%203205%3D%28SELECT%20UPPER%28XMLType%28CHR%2860%29%7C%7CCHR%2858%29%7C%7CCHR%28113%29%7C%7CCHR%28112%29%7C%7CCHR%28113%29%7C%7CCHR%28112%29%7C%7CCHR%28113%29%7C%7C%28SELECT%20%28CASE%20WHEN%20%283205%3D3205%29%20THEN%201%20ELSE%200%20END%29%20FROM%20DUAL%29%7C%7CCHR%28113%29%7C%7CCHR%28106%29%7C%7CCHR%28120%29%7C%7CCHR%28120%29%7C%7CCHR%28113%29%7C%7CCHR%2862%29%29%29%20FROM%20DUAL%29&restore=diff%3A1367488671%3A1367488654%3A&preview=y HTTP/1.1" 200 12123 "-" "Mozilla/5.0 (Windows NT 5.1; U; ; rv:1.8.1) Gecko/20061208 Firefox/2.0.0 Opera 9.52"
194.165.17.18 - - [29/Oct/2022:04:16:35 +0200] "GET /HotelMarriott/27062013?action=edit%27%29%20AND%203205%3D%28SELECT%20UPPER%28XMLType%28CHR%2860%29%7C%7CCHR%2858%29%7C%7CCHR%28113%29%7C%7CCHR%28112%29%7C%7CCHR%28113%29%7C%7CCHR%28112%29%7C%7CCHR%28113%29%7C%7C%28SELECT%20%28CASE%20WHEN%20%283205%3D3205%29%20THEN%201%20ELSE%200%20END%29%20FROM%20DUAL%29%7C%7CCHR%28113%29%7C%7CCHR%28106%29%7C%7CCHR%28120%29%7C%7CCHR%28120%29%7C%7CCHR%28113%29%7C%7CCHR%2862%29%29%29%20FROM%20DUAL%29%20AND%20%28%27czlN%27%3D%27czlN&restore=diff%3A1367488671%3A1367488654%3A&preview=y HTTP/1.1" 200 12123 "-" "Mozilla/5.0 (Windows NT 5.1; U; ; rv:1.8.1) Gecko/20061208 Firefox/2.0.0 Opera 9.52"
194.165.17.18 - - [29/Oct/2022:04:16:35 +0200] "GET /HotelMarriott/27062013?action=edit%27%20AND%203205%3D%28SELECT%20UPPER%28XMLType%28CHR%2860%29%7C%7CCHR%2858%29%7C%7CCHR%28113%29%7C%7CCHR%28112%29%7C%7CCHR%28113%29%7C%7CCHR%28112%29%7C%7CCHR%28113%29%7C%7C%28SELECT%20%28CASE%20WHEN%20%283205%3D3205%29%20THEN%201%20ELSE%200%20END%29%20FROM%20DUAL%29%7C%7CCHR%28113%29%7C%7CCHR%28106%29%7C%7CCHR%28120%29%7C%7CCHR%28120%29%7C%7CCHR%28113%29%7C%7CCHR%2862%29%29%29%20FROM%20DUAL%29%20AND%20%27WbqQ%27%3D%27WbqQ&restore=diff%3A1367488671%3A1367488654%3A&preview=y HTTP/1.1" 200 12123 "-" "Mozilla/5.0 (Windows NT 5.1; U; ; rv:1.8.1) Gecko/20061208 Firefox/2.0.0 Opera 9.52"
194.165.17.18 - - [29/Oct/2022:04:16:35 +0200] "GET /HotelMarriott/27062013?action=edit%25%27%20AND%203205%3D%28SELECT%20UPPER%28XMLType%28CHR%2860%29%7C%7CCHR%2858%29%7C%7CCHR%28113%29%7C%7CCHR%28112%29%7C%7CCHR%28113%29%7C%7CCHR%28112%29%7C%7CCHR%28113%29%7C%7C%28SELECT%20%28CASE%20WHEN%20%283205%3D3205%29%20THEN%201%20ELSE%200%20END%29%20FROM%20DUAL%29%7C%7CCHR%28113%29%7C%7CCHR%28106%29%7C%7CCHR%28120%29%7C%7CCHR%28120%29%7C%7CCHR%28113%29%7C%7CCHR%2862%29%29%29%20FROM%20DUAL%29%20AND%20%27%25%27%3D%27&restore=diff%3A1367488671%3A1367488654%3A&preview=y HTTP/1.1" 200 12123 "-" "Mozilla/5.0 (Windows NT 5.1; U; ; rv:1.8.1) Gecko/20061208 Firefox/2.0.0 Opera 9.52"
194.165.17.18 - - [29/Oct/2022:04:16:36 +0200] "GET /HotelMarriott/27062013?action=edit%20AND%203205%3D%28SELECT%20UPPER%28XMLType%28CHR%2860%29%7C%7CCHR%2858%29%7C%7CCHR%28113%29%7C%7CCHR%28112%29%7C%7CCHR%28113%29%7C%7CCHR%28112%29%7C%7CCHR%28113%29%7C%7C%28SELECT%20%28CASE%20WHEN%20%283205%3D3205%29%20THEN%201%20ELSE%200%20END%29%20FROM%20DUAL%29%7C%7CCHR%28113%29%7C%7CCHR%28106%29%7C%7CCHR%28120%29%7C%7CCHR%28120%29%7C%7CCHR%28113%29%7C%7CCHR%2862%29%29%29%20FROM%20DUAL%29--%20DvGF&restore=diff%3A1367488671%3A1367488654%3A&preview=y HTTP/1.1" 200 12123 "-" "Mozilla/5.0 (Windows NT 5.1; U; ; rv:1.8.1) Gecko/20061208 Firefox/2.0.0 Opera 9.52"
