194.165.17.18 - - [29/Oct/2022:04:45:42 +0200] "POST /HotelMarriott/27062013 HTTP/1.1" 200 9622 "-" "Mozilla/5.0 (Windows; U; Windows NT 6.1; hu; rv:1.9.2.7) Gecko/20100713 Firefox/3.6.7 GTB7.1"
194.165.17.18 - - [29/Oct/2022:04:45:42 +0200] "POST /HotelMarriott/27062013 HTTP/1.1" 200 9616 "-" "Mozilla/5.0 (Windows; U; Windows NT 6.1; hu; rv:1.9.2.7) Gecko/20100713 Firefox/3.6.7 GTB7.1"
194.165.17.18 - - [29/Oct/2022:04:45:42 +0200] "POST /HotelMarriott/27062013 HTTP/1.1" 200 9611 "-" "Mozilla/5.0 (Windows; U; Windows NT 6.1; hu; rv:1.9.2.7) Gecko/20100713 Firefox/3.6.7 GTB7.1"
194.165.17.18 - - [29/Oct/2022:04:45:42 +0200] "POST /HotelMarriott/27062013 HTTP/1.1" 200 9647 "-" "Mozilla/5.0 (Windows; U; Windows NT 6.1; hu; rv:1.9.2.7) Gecko/20100713 Firefox/3.6.7 GTB7.1"
194.165.17.18 - - [29/Oct/2022:04:45:43 +0200] "POST /HotelMarriott/27062013 HTTP/1.1" 200 9631 "-" "Mozilla/5.0 (Windows; U; Windows NT 6.1; hu; rv:1.9.2.7) Gecko/20100713 Firefox/3.6.7 GTB7.1"
194.165.17.18 - - [29/Oct/2022:04:45:43 +0200] "POST /HotelMarriott/27062013 HTTP/1.1" 200 9651 "-" "Mozilla/5.0 (Windows; U; Windows NT 6.1; hu; rv:1.9.2.7) Gecko/20100713 Firefox/3.6.7 GTB7.1"
194.165.17.18 - - [29/Oct/2022:04:45:43 +0200] "POST /HotelMarriott/27062013 HTTP/1.1" 200 9649 "-" "Mozilla/5.0 (Windows; U; Windows NT 6.1; hu; rv:1.9.2.7) Gecko/20100713 Firefox/3.6.7 GTB7.1"
194.165.17.18 - - [29/Oct/2022:04:45:43 +0200] "POST /HotelMarriott/27062013 HTTP/1.1" 200 9643 "-" "Mozilla/5.0 (Windows; U; Windows NT 6.1; hu; rv:1.9.2.7) Gecko/20100713 Firefox/3.6.7 GTB7.1"
194.165.17.18 - - [29/Oct/2022:04:45:44 +0200] "POST /HotelMarriott/27062013 HTTP/1.1" 200 9638 "-" "Mozilla/5.0 (Windows; U; Windows NT 6.1; hu; rv:1.9.2.7) Gecko/20100713 Firefox/3.6.7 GTB7.1"
194.165.17.18 - - [29/Oct/2022:04:45:44 +0200] "POST /HotelMarriott/27062013 HTTP/1.1" 200 9629 "-" "Mozilla/5.0 (Windows; U; Windows NT 6.1; hu; rv:1.9.2.7) Gecko/20100713 Firefox/3.6.7 GTB7.1"
194.165.17.18 - - [29/Oct/2022:04:45:44 +0200] "POST /HotelMarriott/27062013 HTTP/1.1" 200 9613 "-" "Mozilla/5.0 (Windows; U; Windows NT 6.1; hu; rv:1.9.2.7) Gecko/20100713 Firefox/3.6.7 GTB7.1"
194.165.17.18 - - [29/Oct/2022:04:45:44 +0200] "POST /HotelMarriott/27062013 HTTP/1.1" 200 9633 "-" "Mozilla/5.0 (Windows; U; Windows NT 6.1; hu; rv:1.9.2.7) Gecko/20100713 Firefox/3.6.7 GTB7.1"
194.165.17.18 - - [29/Oct/2022:04:45:45 +0200] "POST /HotelMarriott/27062013 HTTP/1.1" 200 9631 "-" "Mozilla/5.0 (Windows; U; Windows NT 6.1; hu; rv:1.9.2.7) Gecko/20100713 Firefox/3.6.7 GTB7.1"
194.165.17.18 - - [29/Oct/2022:04:45:46 +0200] "POST /HotelMarriott/27062013 HTTP/1.1" 200 9625 "-" "Mozilla/5.0 (Windows; U; Windows NT 6.1; hu; rv:1.9.2.7) Gecko/20100713 Firefox/3.6.7 GTB7.1"
194.165.17.18 - - [29/Oct/2022:04:45:47 +0200] "POST /HotelMarriott/27062013 HTTP/1.1" 200 9620 "-" "Mozilla/5.0 (Windows; U; Windows NT 6.1; hu; rv:1.9.2.7) Gecko/20100713 Firefox/3.6.7 GTB7.1"
194.165.17.18 - - [29/Oct/2022:04:45:48 +0200] "POST /HotelMarriott/27062013 HTTP/1.1" 200 9683 "-" "Mozilla/5.0 (Windows; U; Windows NT 6.1; hu; rv:1.9.2.7) Gecko/20100713 Firefox/3.6.7 GTB7.1"
194.165.17.18 - - [29/Oct/2022:04:45:49 +0200] "POST /HotelMarriott/27062013 HTTP/1.1" 200 9667 "-" "Mozilla/5.0 (Windows; U; Windows NT 6.1; hu; rv:1.9.2.7) Gecko/20100713 Firefox/3.6.7 GTB7.1"
194.165.17.18 - - [29/Oct/2022:04:45:50 +0200] "POST /HotelMarriott/27062013 HTTP/1.1" 200 9687 "-" "Mozilla/5.0 (Windows; U; Windows NT 6.1; hu; rv:1.9.2.7) Gecko/20100713 Firefox/3.6.7 GTB7.1"
194.165.17.18 - - [29/Oct/2022:04:45:52 +0200] "POST /HotelMarriott/27062013 HTTP/1.1" 200 9685 "-" "Mozilla/5.0 (Windows; U; Windows NT 6.1; hu; rv:1.9.2.7) Gecko/20100713 Firefox/3.6.7 GTB7.1"
194.165.17.18 - - [29/Oct/2022:04:45:53 +0200] "POST /HotelMarriott/27062013 HTTP/1.1" 200 9679 "-" "Mozilla/5.0 (Windows; U; Windows NT 6.1; hu; rv:1.9.2.7) Gecko/20100713 Firefox/3.6.7 GTB7.1"
194.165.17.18 - - [29/Oct/2022:04:45:54 +0200] "POST /HotelMarriott/27062013 HTTP/1.1" 200 9674 "-" "Mozilla/5.0 (Windows; U; Windows NT 6.1; hu; rv:1.9.2.7) Gecko/20100713 Firefox/3.6.7 GTB7.1"
194.165.17.18 - - [29/Oct/2022:04:45:56 +0200] "POST /HotelMarriott/27062013 HTTP/1.1" 200 9610 "-" "Mozilla/5.0 (Windows; U; Windows NT 6.1; hu; rv:1.9.2.7) Gecko/20100713 Firefox/3.6.7 GTB7.1"
194.165.17.18 - - [29/Oct/2022:04:45:57 +0200] "POST /HotelMarriott/27062013 HTTP/1.1" 200 9613 "-" "Mozilla/5.0 (Windows; U; Windows NT 6.1; hu; rv:1.9.2.7) Gecko/20100713 Firefox/3.6.7 GTB7.1"
194.165.17.18 - - [29/Oct/2022:04:45:59 +0200] "POST /HotelMarriott/27062013 HTTP/1.1" 200 9621 "-" "Mozilla/5.0 (Windows; U; Windows NT 6.1; hu; rv:1.9.2.7) Gecko/20100713 Firefox/3.6.7 GTB7.1"
194.165.17.18 - - [29/Oct/2022:04:46:01 +0200] "POST /HotelMarriott/27062013 HTTP/1.1" 200 9626 "-" "Mozilla/5.0 (Windows; U; Windows NT 6.1; hu; rv:1.9.2.7) Gecko/20100713 Firefox/3.6.7 GTB7.1"
194.165.17.18 - - [29/Oct/2022:04:46:03 +0200] "POST /HotelMarriott/27062013 HTTP/1.1" 200 9631 "-" "Mozilla/5.0 (Windows; U; Windows NT 6.1; hu; rv:1.9.2.7) Gecko/20100713 Firefox/3.6.7 GTB7.1"
194.165.17.18 - - [29/Oct/2022:04:46:05 +0200] "POST /HotelMarriott/27062013 HTTP/1.1" 200 9636 "-" "Mozilla/5.0 (Windows; U; Windows NT 6.1; hu; rv:1.9.2.7) Gecko/20100713 Firefox/3.6.7 GTB7.1"
194.165.17.18 - - [29/Oct/2022:04:46:07 +0200] "POST /HotelMarriott/27062013 HTTP/1.1" 200 9641 "-" "Mozilla/5.0 (Windows; U; Windows NT 6.1; hu; rv:1.9.2.7) Gecko/20100713 Firefox/3.6.7 GTB7.1"
194.165.17.18 - - [29/Oct/2022:04:46:07 +0200] "POST /HotelMarriott/27062013 HTTP/1.1" 200 9646 "-" "Mozilla/5.0 (Windows; U; Windows NT 6.1; hu; rv:1.9.2.7) Gecko/20100713 Firefox/3.6.7 GTB7.1"
194.165.17.18 - - [29/Oct/2022:04:46:07 +0200] "POST /HotelMarriott/27062013 HTTP/1.1" 200 9651 "-" "Mozilla/5.0 (Windows; U; Windows NT 6.1; hu; rv:1.9.2.7) Gecko/20100713 Firefox/3.6.7 GTB7.1"
194.165.17.18 - - [29/Oct/2022:04:46:08 +0200] "POST /HotelMarriott/27062013 HTTP/1.1" 200 9656 "-" "Mozilla/5.0 (Windows; U; Windows NT 6.1; hu; rv:1.9.2.7) Gecko/20100713 Firefox/3.6.7 GTB7.1"
194.165.17.18 - - [29/Oct/2022:04:46:09 +0200] "POST /HotelMarriott/27062013 HTTP/1.1" 200 9661 "-" "Mozilla/5.0 (Windows; U; Windows NT 6.1; hu; rv:1.9.2.7) Gecko/20100713 Firefox/3.6.7 GTB7.1"
194.165.17.18 - - [29/Oct/2022:04:46:12 +0200] "POST /HotelMarriott/27062013 HTTP/1.1" 200 9666 "-" "Mozilla/5.0 (Windows; U; Windows NT 6.1; hu; rv:1.9.2.7) Gecko/20100713 Firefox/3.6.7 GTB7.1"
194.165.17.18 - - [29/Oct/2022:04:46:16 +0200] "POST /HotelMarriott/27062013 HTTP/1.1" 200 9609 "-" "Mozilla/5.0 (Windows; U; Windows NT 6.1; hu; rv:1.9.2.7) Gecko/20100713 Firefox/3.6.7 GTB7.1"
194.165.17.18 - - [29/Oct/2022:04:46:18 +0200] "POST /HotelMarriott/27062013 HTTP/1.1" 200 9612 "-" "Mozilla/5.0 (Windows; U; Windows NT 6.1; hu; rv:1.9.2.7) Gecko/20100713 Firefox/3.6.7 GTB7.1"
194.165.17.18 - - [29/Oct/2022:04:46:21 +0200] "POST /HotelMarriott/27062013 HTTP/1.1" 200 9620 "-" "Mozilla/5.0 (Windows; U; Windows NT 6.1; hu; rv:1.9.2.7) Gecko/20100713 Firefox/3.6.7 GTB7.1"
194.165.17.18 - - [29/Oct/2022:04:46:24 +0200] "POST /HotelMarriott/27062013 HTTP/1.1" 200 9625 "-" "Mozilla/5.0 (Windows; U; Windows NT 6.1; hu; rv:1.9.2.7) Gecko/20100713 Firefox/3.6.7 GTB7.1"
194.165.17.18 - - [29/Oct/2022:04:46:27 +0200] "POST /HotelMarriott/27062013 HTTP/1.1" 200 9630 "-" "Mozilla/5.0 (Windows; U; Windows NT 6.1; hu; rv:1.9.2.7) Gecko/20100713 Firefox/3.6.7 GTB7.1"
194.165.17.18 - - [29/Oct/2022:04:46:30 +0200] "POST /HotelMarriott/27062013 HTTP/1.1" 200 9635 "-" "Mozilla/5.0 (Windows; U; Windows NT 6.1; hu; rv:1.9.2.7) Gecko/20100713 Firefox/3.6.7 GTB7.1"
194.165.17.18 - - [29/Oct/2022:04:46:33 +0200] "POST /HotelMarriott/27062013 HTTP/1.1" 200 9640 "-" "Mozilla/5.0 (Windows; U; Windows NT 6.1; hu; rv:1.9.2.7) Gecko/20100713 Firefox/3.6.7 GTB7.1"
194.165.17.18 - - [29/Oct/2022:04:46:34 +0200] "POST /HotelMarriott/27062013 HTTP/1.1" 200 9645 "-" "Mozilla/5.0 (Windows; U; Windows NT 6.1; hu; rv:1.9.2.7) Gecko/20100713 Firefox/3.6.7 GTB7.1"
194.165.17.18 - - [29/Oct/2022:04:46:36 +0200] "POST /HotelMarriott/27062013 HTTP/1.1" 200 9650 "-" "Mozilla/5.0 (Windows; U; Windows NT 6.1; hu; rv:1.9.2.7) Gecko/20100713 Firefox/3.6.7 GTB7.1"
194.165.17.18 - - [29/Oct/2022:04:46:38 +0200] "POST /HotelMarriott/27062013 HTTP/1.1" 200 9655 "-" "Mozilla/5.0 (Windows; U; Windows NT 6.1; hu; rv:1.9.2.7) Gecko/20100713 Firefox/3.6.7 GTB7.1"
194.165.17.18 - - [29/Oct/2022:04:46:40 +0200] "POST /HotelMarriott/27062013 HTTP/1.1" 200 9660 "-" "Mozilla/5.0 (Windows; U; Windows NT 6.1; hu; rv:1.9.2.7) Gecko/20100713 Firefox/3.6.7 GTB7.1"
194.165.17.18 - - [29/Oct/2022:04:46:41 +0200] "POST /HotelMarriott/27062013 HTTP/1.1" 200 9665 "-" "Mozilla/5.0 (Windows; U; Windows NT 6.1; hu; rv:1.9.2.7) Gecko/20100713 Firefox/3.6.7 GTB7.1"
194.165.17.18 - - [29/Oct/2022:04:46:44 +0200] "POST /HotelMarriott/27062013 HTTP/1.1" 200 9611 "-" "Mozilla/5.0 (Windows; U; Windows NT 6.1; hu; rv:1.9.2.7) Gecko/20100713 Firefox/3.6.7 GTB7.1"
194.165.17.18 - - [29/Oct/2022:04:46:46 +0200] "POST /HotelMarriott/27062013 HTTP/1.1" 200 9614 "-" "Mozilla/5.0 (Windows; U; Windows NT 6.1; hu; rv:1.9.2.7) Gecko/20100713 Firefox/3.6.7 GTB7.1"
194.165.17.18 - - [29/Oct/2022:04:46:49 +0200] "POST /HotelMarriott/27062013 HTTP/1.1" 200 9622 "-" "Mozilla/5.0 (Windows; U; Windows NT 6.1; hu; rv:1.9.2.7) Gecko/20100713 Firefox/3.6.7 GTB7.1"
194.165.17.18 - - [29/Oct/2022:04:46:51 +0200] "POST /HotelMarriott/27062013 HTTP/1.1" 200 9627 "-" "Mozilla/5.0 (Windows; U; Windows NT 6.1; hu; rv:1.9.2.7) Gecko/20100713 Firefox/3.6.7 GTB7.1"
194.165.17.18 - - [29/Oct/2022:04:46:54 +0200] "POST /HotelMarriott/27062013 HTTP/1.1" 200 9632 "-" "Mozilla/5.0 (Windows; U; Windows NT 6.1; hu; rv:1.9.2.7) Gecko/20100713 Firefox/3.6.7 GTB7.1"
194.165.17.18 - - [29/Oct/2022:04:46:55 +0200] "POST /HotelMarriott/27062013 HTTP/1.1" 200 9637 "-" "Mozilla/5.0 (Windows; U; Windows NT 6.1; hu; rv:1.9.2.7) Gecko/20100713 Firefox/3.6.7 GTB7.1"
194.165.17.18 - - [29/Oct/2022:04:46:57 +0200] "POST /HotelMarriott/27062013 HTTP/1.1" 200 9642 "-" "Mozilla/5.0 (Windows; U; Windows NT 6.1; hu; rv:1.9.2.7) Gecko/20100713 Firefox/3.6.7 GTB7.1"
194.165.17.18 - - [29/Oct/2022:04:47:00 +0200] "POST /HotelMarriott/27062013 HTTP/1.1" 200 9647 "-" "Mozilla/5.0 (Windows; U; Windows NT 6.1; hu; rv:1.9.2.7) Gecko/20100713 Firefox/3.6.7 GTB7.1"
194.165.17.18 - - [29/Oct/2022:04:47:02 +0200] "POST /HotelMarriott/27062013 HTTP/1.1" 200 9652 "-" "Mozilla/5.0 (Windows; U; Windows NT 6.1; hu; rv:1.9.2.7) Gecko/20100713 Firefox/3.6.7 GTB7.1"
194.165.17.18 - - [29/Oct/2022:04:47:03 +0200] "POST /HotelMarriott/27062013 HTTP/1.1" 200 9657 "-" "Mozilla/5.0 (Windows; U; Windows NT 6.1; hu; rv:1.9.2.7) Gecko/20100713 Firefox/3.6.7 GTB7.1"
194.165.17.18 - - [29/Oct/2022:04:47:05 +0200] "POST /HotelMarriott/27062013 HTTP/1.1" 200 9662 "-" "Mozilla/5.0 (Windows; U; Windows NT 6.1; hu; rv:1.9.2.7) Gecko/20100713 Firefox/3.6.7 GTB7.1"
194.165.17.18 - - [29/Oct/2022:04:47:07 +0200] "POST /HotelMarriott/27062013 HTTP/1.1" 200 9667 "-" "Mozilla/5.0 (Windows; U; Windows NT 6.1; hu; rv:1.9.2.7) Gecko/20100713 Firefox/3.6.7 GTB7.1"
194.165.17.18 - - [29/Oct/2022:04:47:09 +0200] "POST /HotelMarriott/27062013 HTTP/1.1" 200 9610 "-" "Mozilla/5.0 (Windows; U; Windows NT 6.1; hu; rv:1.9.2.7) Gecko/20100713 Firefox/3.6.7 GTB7.1"
194.165.17.18 - - [29/Oct/2022:04:47:12 +0200] "POST /HotelMarriott/27062013 HTTP/1.1" 200 9613 "-" "Mozilla/5.0 (Windows; U; Windows NT 6.1; hu; rv:1.9.2.7) Gecko/20100713 Firefox/3.6.7 GTB7.1"
194.165.17.18 - - [29/Oct/2022:04:47:15 +0200] "POST /HotelMarriott/27062013 HTTP/1.1" 200 9621 "-" "Mozilla/5.0 (Windows; U; Windows NT 6.1; hu; rv:1.9.2.7) Gecko/20100713 Firefox/3.6.7 GTB7.1"
194.165.17.18 - - [29/Oct/2022:04:47:17 +0200] "POST /HotelMarriott/27062013 HTTP/1.1" 200 9626 "-" "Mozilla/5.0 (Windows; U; Windows NT 6.1; hu; rv:1.9.2.7) Gecko/20100713 Firefox/3.6.7 GTB7.1"
194.165.17.18 - - [29/Oct/2022:04:47:19 +0200] "POST /HotelMarriott/27062013 HTTP/1.1" 200 9631 "-" "Mozilla/5.0 (Windows; U; Windows NT 6.1; hu; rv:1.9.2.7) Gecko/20100713 Firefox/3.6.7 GTB7.1"
64.71.157.122 - - [29/Oct/2022:04:51:11 +0200] "GET /pmwiki.php/Site/AllRecentChanges?action=rss HTTP/1.1" 200 2546 "-" "Feedbin feed-id:590358 - 1 subscribers"
54.84.192.51 - - [29/Oct/2022:04:56:42 +0200] "GET /keybase.txt HTTP/1.1" 200 2659 "-" "keybase-proofs/2.3.24"
194.209.200.2 - - [29/Oct/2022:04:57:12 +0200] "GET /robots.txt HTTP/1.1" 200 - "-" "Mozilla/5.0 (compatible; TMMBot/0.2; +http://www.dslab.ch)/Nutch-1.15"
66.249.93.178 - - [29/Oct/2022:04:58:41 +0200] "HEAD /pmwiki.php/Site/AllRecentChanges?action=rss HTTP/1.1" 200 - "-" "FeedBurner/1.0 (http://www.FeedBurner.com)"
66.249.93.174 - - [29/Oct/2022:04:58:41 +0200] "GET /pmwiki.php/Site/AllRecentChanges?action=rss HTTP/1.1" 200 2546 "-" "FeedBurner/1.0 (http://www.FeedBurner.com)"
194.209.200.2 - - [29/Oct/2022:05:01:36 +0200] "GET /robots.txt HTTP/1.1" 200 - "-" "Mozilla/5.0 (compatible; TMMBot/0.2; +http://www.dslab.ch)/Nutch-1.15"
194.209.200.2 - - [29/Oct/2022:05:01:36 +0200] "GET /AmiKo/Linux HTTP/1.1" 200 9217 "-" "Mozilla/5.0 (compatible; TMMBot/0.2; +http://www.dslab.ch)/Nutch-1.15"
194.209.200.2 - - [29/Oct/2022:05:01:41 +0200] "GET /Miele/MieleLXIV HTTP/1.1" 200 15367 "-" "Mozilla/5.0 (compatible; TMMBot/0.2; +http://www.dslab.ch)/Nutch-1.15"
194.209.200.2 - - [29/Oct/2022:05:04:43 +0200] "GET /Software/Spreadsheet HTTP/1.1" 200 8839 "-" "Mozilla/5.0 (compatible; TMMBot/0.2; +http://www.dslab.ch)/Nutch-1.15"
194.209.200.2 - - [29/Oct/2022:05:05:05 +0200] "GET /AmiKo/OSX HTTP/1.1" 200 9772 "-" "Mozilla/5.0 (compatible; TMMBot/0.2; +http://www.dslab.ch)/Nutch-1.15"
194.209.200.2 - - [29/Oct/2022:05:05:46 +0200] "GET /robots.txt HTTP/1.1" 200 - "-" "Mozilla/5.0 (compatible; TMMBot/0.2; +http://www.dslab.ch)/Nutch-1.15"
194.209.200.2 - - [29/Oct/2022:05:06:32 +0200] "GET /Generikacc/App HTTP/1.1" 200 11862 "-" "Mozilla/5.0 (compatible; TMMBot/0.2; +http://www.dslab.ch)/Nutch-1.15"
194.209.200.2 - - [29/Oct/2022:05:08:16 +0200] "GET /Main/2009 HTTP/1.1" 200 21688 "-" "Mozilla/5.0 (compatible; TMMBot/0.2; +http://www.dslab.ch)/Nutch-1.15"
194.209.200.2 - - [29/Oct/2022:05:08:43 +0200] "GET /Main/2005 HTTP/1.1" 200 63344 "-" "Mozilla/5.0 (compatible; TMMBot/0.2; +http://www.dslab.ch)/Nutch-1.15"
194.209.200.2 - - [29/Oct/2022:05:09:10 +0200] "GET /Main/2014 HTTP/1.1" 200 19471 "-" "Mozilla/5.0 (compatible; TMMBot/0.2; +http://www.dslab.ch)/Nutch-1.15"
195.191.219.133 - - [29/Oct/2022:05:09:41 +0200] "GET /robots.txt HTTP/1.1" 200 - "-" "Mozilla/5.0 (compatible; MJ12bot/v1.4.8; http://mj12bot.com/)"
194.209.200.2 - - [29/Oct/2022:05:09:41 +0200] "GET /Main/ComCo19122016 HTTP/1.1" 200 10547 "-" "Mozilla/5.0 (compatible; TMMBot/0.2; +http://www.dslab.ch)/Nutch-1.15"
195.191.219.133 - - [29/Oct/2022:05:09:43 +0200] "GET / HTTP/1.1" 200 13326 "-" "Mozilla/5.0 (compatible; MJ12bot/v1.4.8; http://mj12bot.com/)"
207.46.13.159 - - [29/Oct/2022:05:10:50 +0200] "GET /uploads/AmiKo/Rezept_in_Rezeptmodus_reinziehen.png HTTP/1.1" 200 737727 "-" "Mozilla/5.0 AppleWebKit/537.36 (KHTML, like Gecko; compatible; bingbot/2.0; +http://www.bing.com/bingbot.htm) Chrome/103.0.5060.134 Safari/537.36"
188.232.244.24 - - [29/Oct/2022:05:20:04 +0200] "GET /apple-app-site-association HTTP/1.1" 404 289 "-" "Mozilla/5.0 (Windows NT 6.1; WOW64; rv:40.0) Gecko/20100101 Firefox/40.1"
188.232.244.24 - - [29/Oct/2022:05:20:04 +0200] "GET /apple-app-site-association HTTP/1.1" 404 289 "-" "Mozilla/5.0 (Windows NT 6.1; WOW64; rv:40.0) Gecko/20100101 Firefox/40.1"
188.232.244.24 - - [29/Oct/2022:05:20:07 +0200] "GET /apple-app-site-association HTTP/1.1" 404 285 "-" "Mozilla/5.0 (Windows NT 6.1; WOW64; rv:40.0) Gecko/20100101 Firefox/40.1"
188.232.244.24 - - [29/Oct/2022:05:20:09 +0200] "GET /.well-known/apple-app-site-association HTTP/1.1" 404 301 "-" "Mozilla/5.0 (Windows NT 6.1; WOW64; rv:40.0) Gecko/20100101 Firefox/40.1"
188.232.244.24 - - [29/Oct/2022:05:20:09 +0200] "GET /.well-known/apple-app-site-association HTTP/1.1" 404 301 "-" "Mozilla/5.0 (Windows NT 6.1; WOW64; rv:40.0) Gecko/20100101 Firefox/40.1"
188.232.244.24 - - [29/Oct/2022:05:20:11 +0200] "GET /.well-known/apple-app-site-association HTTP/1.1" 404 297 "-" "Mozilla/5.0 (Windows NT 6.1; WOW64; rv:40.0) Gecko/20100101 Firefox/40.1"
188.232.244.24 - - [29/Oct/2022:05:20:11 +0200] "GET /.well-known/apple-app-site-association HTTP/1.1" 404 297 "-" "Mozilla/5.0 (Windows NT 6.1; WOW64; rv:40.0) Gecko/20100101 Firefox/40.1"
31.132.233.140 - - [29/Oct/2022:05:23:35 +0200] "GET /apple-app-site-association HTTP/1.1" 404 289 "-" "Mozilla/5.0 (Windows NT 6.1; WOW64; rv:40.0) Gecko/20100101 Firefox/40.1"
31.132.233.140 - - [29/Oct/2022:05:23:40 +0200] "GET /.well-known/apple-app-site-association HTTP/1.1" 404 301 "-" "Mozilla/5.0 (Windows NT 6.1; WOW64; rv:40.0) Gecko/20100101 Firefox/40.1"
31.132.233.140 - - [29/Oct/2022:05:23:43 +0200] "GET /.well-known/apple-app-site-association HTTP/1.1" 404 297 "-" "Mozilla/5.0 (Windows NT 6.1; WOW64; rv:40.0) Gecko/20100101 Firefox/40.1"
17.121.114.123 - - [29/Oct/2022:05:27:45 +0200] "GET /Main/Parsen HTTP/1.1" 200 8581 "-" "Mozilla/5.0 (Macintosh; Intel Mac OS X 10_15_5) AppleWebKit/605.1.15 (KHTML, like Gecko) Version/13.1.1 Safari/605.1.15 (Applebot/0.1; +http://www.apple.com/go/applebot)"
54.36.148.158 - - [29/Oct/2022:05:30:35 +0200] "GET / HTTP/1.1" 200 13326 "-" "Mozilla/5.0 (compatible; AhrefsBot/7.0; +http://ahrefs.com/robot/)"
64.71.157.116 - - [29/Oct/2022:05:33:50 +0200] "GET /pmwiki.php/Site/AllRecentChanges?action=rss HTTP/1.1" 200 2546 "-" "Feedbin feed-id:590358 - 1 subscribers"
194.209.200.2 - - [29/Oct/2022:05:34:32 +0200] "GET /robots.txt HTTP/1.1" 200 - "-" "Mozilla/5.0 (compatible; TMMBot/0.2; +http://www.dslab.ch)/Nutch-1.15"
194.209.200.2 - - [29/Oct/2022:05:36:58 +0200] "GET /robots.txt HTTP/1.1" 200 - "-" "Mozilla/5.0 (compatible; TMMBot/0.2; +http://www.dslab.ch)/Nutch-1.15"
194.209.200.2 - - [29/Oct/2022:05:36:58 +0200] "GET /AmiKo/Linux HTTP/1.1" 200 9217 "-" "Mozilla/5.0 (compatible; TMMBot/0.2; +http://www.dslab.ch)/Nutch-1.15"
194.209.200.2 - - [29/Oct/2022:05:37:03 +0200] "GET /Miele/MieleLXIV HTTP/1.1" 200 15367 "-" "Mozilla/5.0 (compatible; TMMBot/0.2; +http://www.dslab.ch)/Nutch-1.15"
194.209.200.2 - - [29/Oct/2022:05:40:04 +0200] "GET /Software/Spreadsheet HTTP/1.1" 200 8839 "-" "Mozilla/5.0 (compatible; TMMBot/0.2; +http://www.dslab.ch)/Nutch-1.15"
194.209.200.2 - - [29/Oct/2022:05:40:26 +0200] "GET /AmiKo/OSX HTTP/1.1" 200 9772 "-" "Mozilla/5.0 (compatible; TMMBot/0.2; +http://www.dslab.ch)/Nutch-1.15"
194.209.200.2 - - [29/Oct/2022:05:41:02 +0200] "GET /robots.txt HTTP/1.1" 200 - "-" "Mozilla/5.0 (compatible; TMMBot/0.2; +http://www.dslab.ch)/Nutch-1.15"
147.78.47.249 - - [29/Oct/2022:05:41:04 +0200] "GET /_ignition/health-check/ HTTP/1.1" 404 282 "http://ywesee.com/_ignition/health-check/" "Mozilla/5.0 (Windows NT 10.0; Win64; x64) AppleWebKit/537.36 (KHTML, like Gecko) Chrome/105.0.0.0 Safari/537.36"
147.78.47.249 - - [29/Oct/2022:05:41:06 +0200] "GET /public/_ignition/health-check/ HTTP/1.1" 404 289 "http://ywesee.com/public/_ignition/health-check/" "Mozilla/5.0 (Windows NT 10.0; Win64; x64) AppleWebKit/537.36 (KHTML, like Gecko) Chrome/105.0.0.0 Safari/537.36"
147.78.47.249 - - [29/Oct/2022:05:41:08 +0200] "GET /wp-includes/wlwmanifest.xml HTTP/1.1" 404 286 "http://ywesee.com/wp-includes/wlwmanifest.xml" "Mozilla/5.0 (Windows NT 10.0; Win64; x64) AppleWebKit/537.36 (KHTML, like Gecko) Chrome/105.0.0.0 Safari/537.36"
194.209.200.2 - - [29/Oct/2022:05:41:40 +0200] "GET /Generikacc/App HTTP/1.1" 200 11862 "-" "Mozilla/5.0 (compatible; TMMBot/0.2; +http://www.dslab.ch)/Nutch-1.15"
194.209.200.2 - - [29/Oct/2022:05:42:55 +0200] "GET /Main/2009 HTTP/1.1" 200 21688 "-" "Mozilla/5.0 (compatible; TMMBot/0.2; +http://www.dslab.ch)/Nutch-1.15"
194.209.200.2 - - [29/Oct/2022:05:43:11 +0200] "GET /Main/2005 HTTP/1.1" 200 63344 "-" "Mozilla/5.0 (compatible; TMMBot/0.2; +http://www.dslab.ch)/Nutch-1.15"
194.209.200.2 - - [29/Oct/2022:05:43:14 +0200] "GET /Main/2018 HTTP/1.1" 200 15425 "-" "Mozilla/5.0 (compatible; TMMBot/0.2; +http://www.dslab.ch)/Nutch-1.15"
194.209.200.2 - - [29/Oct/2022:05:43:29 +0200] "GET /Main/2014 HTTP/1.1" 200 19471 "-" "Mozilla/5.0 (compatible; TMMBot/0.2; +http://www.dslab.ch)/Nutch-1.15"
194.209.200.2 - - [29/Oct/2022:05:43:52 +0200] "GET /Main/ComCo19122016 HTTP/1.1" 200 10547 "-" "Mozilla/5.0 (compatible; TMMBot/0.2; +http://www.dslab.ch)/Nutch-1.15"
51.222.253.7 - - [29/Oct/2022:05:45:55 +0200] "GET /robots.txt HTTP/1.1" 200 - "-" "Mozilla/5.0 (compatible; AhrefsBot/7.0; +http://ahrefs.com/robot/)"
194.209.200.2 - - [29/Oct/2022:05:50:38 +0200] "GET /robots.txt HTTP/1.1" 200 - "-" "Mozilla/5.0 (compatible; TMMBot/0.2; +http://www.dslab.ch)/Nutch-1.15"
66.249.93.176 - - [29/Oct/2022:06:00:54 +0200] "HEAD /pmwiki.php/Site/AllRecentChanges?action=rss HTTP/1.1" 200 - "-" "FeedBurner/1.0 (http://www.FeedBurner.com)"
66.249.93.176 - - [29/Oct/2022:06:00:54 +0200] "GET /pmwiki.php/Site/AllRecentChanges?action=rss HTTP/1.1" 200 2546 "-" "FeedBurner/1.0 (http://www.FeedBurner.com)"
64.71.157.121 - - [29/Oct/2022:06:05:09 +0200] "GET /pmwiki.php/Site/AllRecentChanges?action=rss HTTP/1.1" 200 2546 "-" "Feedbin feed-id:590358 - 1 subscribers"
194.209.200.2 - - [29/Oct/2022:06:08:44 +0200] "GET /robots.txt HTTP/1.1" 200 - "-" "Mozilla/5.0 (compatible; TMMBot/0.2; +http://www.dslab.ch)/Nutch-1.15"
194.209.200.2 - - [29/Oct/2022:06:08:45 +0200] "GET /AmiKo/Linux HTTP/1.1" 200 9217 "-" "Mozilla/5.0 (compatible; TMMBot/0.2; +http://www.dslab.ch)/Nutch-1.15"
194.209.200.2 - - [29/Oct/2022:06:08:48 +0200] "GET /Miele/MieleLXIV HTTP/1.1" 200 15367 "-" "Mozilla/5.0 (compatible; TMMBot/0.2; +http://www.dslab.ch)/Nutch-1.15"
77.88.5.211 - - [29/Oct/2022:06:09:15 +0200] "GET /uploads/Anlass/Rethinking_Pharma_Supply_Chain.pdf HTTP/1.1" 200 6652246 "-" "Mozilla/5.0 (compatible; YandexBot/3.0; +http://yandex.com/bots)"
102.129.153.231 - - [29/Oct/2022:06:11:03 +0200] "GET / HTTP/1.1" 200 13326 "-" "Mozilla/5.0 (Windows; U; Windows NT 6.1; en-US; rv:1.9.1.5) Gecko/20091102 Firefox/3.5.5 (.NET CLR 3.5.30729)"
194.209.200.2 - - [29/Oct/2022:06:11:31 +0200] "GET /Software/Spreadsheet HTTP/1.1" 200 8839 "-" "Mozilla/5.0 (compatible; TMMBot/0.2; +http://www.dslab.ch)/Nutch-1.15"
194.209.200.2 - - [29/Oct/2022:06:11:51 +0200] "GET /AmiKo/OSX HTTP/1.1" 200 9772 "-" "Mozilla/5.0 (compatible; TMMBot/0.2; +http://www.dslab.ch)/Nutch-1.15"
194.209.200.2 - - [29/Oct/2022:06:12:26 +0200] "GET /robots.txt HTTP/1.1" 200 - "-" "Mozilla/5.0 (compatible; TMMBot/0.2; +http://www.dslab.ch)/Nutch-1.15"
194.209.200.2 - - [29/Oct/2022:06:13:02 +0200] "GET /Generikacc/App HTTP/1.1" 200 11862 "-" "Mozilla/5.0 (compatible; TMMBot/0.2; +http://www.dslab.ch)/Nutch-1.15"
194.209.200.2 - - [29/Oct/2022:06:14:12 +0200] "GET /Main/2009 HTTP/1.1" 200 21688 "-" "Mozilla/5.0 (compatible; TMMBot/0.2; +http://www.dslab.ch)/Nutch-1.15"
194.209.200.2 - - [29/Oct/2022:06:14:27 +0200] "GET /Main/2005 HTTP/1.1" 200 63344 "-" "Mozilla/5.0 (compatible; TMMBot/0.2; +http://www.dslab.ch)/Nutch-1.15"
194.209.200.2 - - [29/Oct/2022:06:14:44 +0200] "GET /Main/2014 HTTP/1.1" 200 19471 "-" "Mozilla/5.0 (compatible; TMMBot/0.2; +http://www.dslab.ch)/Nutch-1.15"
194.209.200.2 - - [29/Oct/2022:06:15:05 +0200] "GET /Main/ComCo19122016 HTTP/1.1" 200 10547 "-" "Mozilla/5.0 (compatible; TMMBot/0.2; +http://www.dslab.ch)/Nutch-1.15"
194.209.200.2 - - [29/Oct/2022:06:23:57 +0200] "GET /robots.txt HTTP/1.1" 200 - "-" "Mozilla/5.0 (compatible; TMMBot/0.2; +http://www.dslab.ch)/Nutch-1.15"
77.88.5.211 - - [29/Oct/2022:06:34:41 +0200] "GET /Site/AllRecentChanges HTTP/1.1" 200 77705 "-" "Mozilla/5.0 (compatible; YandexBot/3.0; +http://yandex.com/bots)"
66.249.93.174 - - [29/Oct/2022:06:35:00 +0200] "HEAD /pmwiki.php/Site/AllRecentChanges?action=rss HTTP/1.1" 200 - "-" "FeedBurner/1.0 (http://www.FeedBurner.com)"
66.249.93.176 - - [29/Oct/2022:06:35:01 +0200] "GET /pmwiki.php/Site/AllRecentChanges?action=rss HTTP/1.1" 200 2546 "-" "FeedBurner/1.0 (http://www.FeedBurner.com)"
64.71.157.126 - - [29/Oct/2022:06:37:57 +0200] "GET /pmwiki.php/Site/AllRecentChanges?action=rss HTTP/1.1" 200 2546 "-" "Feedbin feed-id:590358 - 1 subscribers"
194.209.200.2 - - [29/Oct/2022:06:40:25 +0200] "GET /robots.txt HTTP/1.1" 200 - "-" "Mozilla/5.0 (compatible; TMMBot/0.2; +http://www.dslab.ch)/Nutch-1.15"
194.209.200.2 - - [29/Oct/2022:06:40:25 +0200] "GET /AmiKo/Linux HTTP/1.1" 200 9217 "-" "Mozilla/5.0 (compatible; TMMBot/0.2; +http://www.dslab.ch)/Nutch-1.15"
194.209.200.2 - - [29/Oct/2022:06:40:29 +0200] "GET /Miele/MieleLXIV HTTP/1.1" 200 15367 "-" "Mozilla/5.0 (compatible; TMMBot/0.2; +http://www.dslab.ch)/Nutch-1.15"
194.209.200.2 - - [29/Oct/2022:06:42:53 +0200] "GET /robots.txt HTTP/1.1" 200 - "-" "Mozilla/5.0 (compatible; TMMBot/0.2; +http://www.dslab.ch)/Nutch-1.15"
194.209.200.2 - - [29/Oct/2022:06:43:13 +0200] "GET /Software/Spreadsheet HTTP/1.1" 200 8839 "-" "Mozilla/5.0 (compatible; TMMBot/0.2; +http://www.dslab.ch)/Nutch-1.15"
194.209.200.2 - - [29/Oct/2022:06:43:34 +0200] "GET /AmiKo/OSX HTTP/1.1" 200 9772 "-" "Mozilla/5.0 (compatible; TMMBot/0.2; +http://www.dslab.ch)/Nutch-1.15"
138.246.253.24 - - [29/Oct/2022:06:44:03 +0200] "GET /robots.txt HTTP/1.1" 200 - "-" "Mozilla/5.0 (Windows NT 10.0; Win64; x64) AppleWebKit/537.36 (KHTML, like Gecko) Chrome/103.0.5060.134 Safari/537.36"
194.209.200.2 - - [29/Oct/2022:06:44:09 +0200] "GET /robots.txt HTTP/1.1" 200 - "-" "Mozilla/5.0 (compatible; TMMBot/0.2; +http://www.dslab.ch)/Nutch-1.15"
194.110.203.39 - - [29/Oct/2022:06:44:19 +0200] "GET /conf/config.php~ HTTP/1.1" 404 275 "-" "Firefox"
194.209.200.2 - - [29/Oct/2022:06:44:45 +0200] "GET /Generikacc/App HTTP/1.1" 200 11862 "-" "Mozilla/5.0 (compatible; TMMBot/0.2; +http://www.dslab.ch)/Nutch-1.15"
194.209.200.2 - - [29/Oct/2022:06:45:59 +0200] "GET /Main/2009 HTTP/1.1" 200 21688 "-" "Mozilla/5.0 (compatible; TMMBot/0.2; +http://www.dslab.ch)/Nutch-1.15"
194.209.200.2 - - [29/Oct/2022:06:46:13 +0200] "GET /Main/2005 HTTP/1.1" 200 63344 "-" "Mozilla/5.0 (compatible; TMMBot/0.2; +http://www.dslab.ch)/Nutch-1.15"
194.209.200.2 - - [29/Oct/2022:06:46:17 +0200] "GET /Main/2018 HTTP/1.1" 200 15425 "-" "Mozilla/5.0 (compatible; TMMBot/0.2; +http://www.dslab.ch)/Nutch-1.15"
194.209.200.2 - - [29/Oct/2022:06:46:32 +0200] "GET /Main/2014 HTTP/1.1" 200 19471 "-" "Mozilla/5.0 (compatible; TMMBot/0.2; +http://www.dslab.ch)/Nutch-1.15"
194.209.200.2 - - [29/Oct/2022:06:46:53 +0200] "GET /Main/ComCo19122016 HTTP/1.1" 200 10547 "-" "Mozilla/5.0 (compatible; TMMBot/0.2; +http://www.dslab.ch)/Nutch-1.15"
85.208.98.18 - - [29/Oct/2022:06:55:25 +0200] "GET /robots.txt HTTP/1.1" 200 - "http://ywesee.com/robots.txt" "Mozilla/5.0 (compatible; SemrushBot; +http://www.semrush.com/bot.html)"
194.209.200.2 - - [29/Oct/2022:06:59:14 +0200] "GET /robots.txt HTTP/1.1" 200 - "-" "Mozilla/5.0 (compatible; TMMBot/0.2; +http://www.dslab.ch)/Nutch-1.15"
194.209.200.2 - - [29/Oct/2022:07:12:10 +0200] "GET /robots.txt HTTP/1.1" 200 - "-" "Mozilla/5.0 (compatible; TMMBot/0.2; +http://www.dslab.ch)/Nutch-1.15"
194.209.200.2 - - [29/Oct/2022:07:12:10 +0200] "GET /AmiKo/Linux HTTP/1.1" 200 9217 "-" "Mozilla/5.0 (compatible; TMMBot/0.2; +http://www.dslab.ch)/Nutch-1.15"
194.209.200.2 - - [29/Oct/2022:07:12:15 +0200] "GET /Miele/MieleLXIV HTTP/1.1" 200 15367 "-" "Mozilla/5.0 (compatible; TMMBot/0.2; +http://www.dslab.ch)/Nutch-1.15"
85.208.98.18 - - [29/Oct/2022:07:13:45 +0200] "GET /robots.txt HTTP/1.1" 200 - "http://ywesee.com/robots.txt" "Mozilla/5.0 (compatible; SemrushBot; +http://www.semrush.com/bot.html)"
64.71.157.126 - - [29/Oct/2022:07:14:23 +0200] "GET /pmwiki.php/Site/AllRecentChanges?action=rss HTTP/1.1" 200 2546 "-" "Feedbin feed-id:590358 - 1 subscribers"
194.209.200.2 - - [29/Oct/2022:07:15:10 +0200] "GET /Software/Spreadsheet HTTP/1.1" 200 8839 "-" "Mozilla/5.0 (compatible; TMMBot/0.2; +http://www.dslab.ch)/Nutch-1.15"
194.209.200.2 - - [29/Oct/2022:07:15:33 +0200] "GET /AmiKo/OSX HTTP/1.1" 200 9772 "-" "Mozilla/5.0 (compatible; TMMBot/0.2; +http://www.dslab.ch)/Nutch-1.15"
194.209.200.2 - - [29/Oct/2022:07:16:10 +0200] "GET /robots.txt HTTP/1.1" 200 - "-" "Mozilla/5.0 (compatible; TMMBot/0.2; +http://www.dslab.ch)/Nutch-1.15"
194.209.200.2 - - [29/Oct/2022:07:16:49 +0200] "GET /Generikacc/App HTTP/1.1" 200 11862 "-" "Mozilla/5.0 (compatible; TMMBot/0.2; +http://www.dslab.ch)/Nutch-1.15"
194.209.200.2 - - [29/Oct/2022:07:17:40 +0200] "GET /robots.txt HTTP/1.1" 200 - "-" "Mozilla/5.0 (compatible; TMMBot/0.2; +http://www.dslab.ch)/Nutch-1.15"
194.209.200.2 - - [29/Oct/2022:07:18:06 +0200] "GET /Main/2009 HTTP/1.1" 200 21688 "-" "Mozilla/5.0 (compatible; TMMBot/0.2; +http://www.dslab.ch)/Nutch-1.15"
194.209.200.2 - - [29/Oct/2022:07:18:21 +0200] "GET /Main/2005 HTTP/1.1" 200 63344 "-" "Mozilla/5.0 (compatible; TMMBot/0.2; +http://www.dslab.ch)/Nutch-1.15"
194.209.200.2 - - [29/Oct/2022:07:18:24 +0200] "GET /Main/2018 HTTP/1.1" 200 15425 "-" "Mozilla/5.0 (compatible; TMMBot/0.2; +http://www.dslab.ch)/Nutch-1.15"
194.209.200.2 - - [29/Oct/2022:07:18:40 +0200] "GET /Main/2014 HTTP/1.1" 200 19471 "-" "Mozilla/5.0 (compatible; TMMBot/0.2; +http://www.dslab.ch)/Nutch-1.15"
194.209.200.2 - - [29/Oct/2022:07:19:03 +0200] "GET /Main/ComCo19122016 HTTP/1.1" 200 10547 "-" "Mozilla/5.0 (compatible; TMMBot/0.2; +http://www.dslab.ch)/Nutch-1.15"
77.222.99.125 - - [29/Oct/2022:07:23:28 +0200] "GET /apple-app-site-association HTTP/1.1" 404 285 "-" "Mozilla/5.0 (Windows NT 6.1; WOW64; rv:40.0) Gecko/20100101 Firefox/40.1"
77.222.99.125 - - [29/Oct/2022:07:23:29 +0200] "GET /apple-app-site-association HTTP/1.1" 404 285 "-" "Mozilla/5.0 (Windows NT 6.1; WOW64; rv:40.0) Gecko/20100101 Firefox/40.1"
77.222.99.125 - - [29/Oct/2022:07:23:29 +0200] "GET /apple-app-site-association HTTP/1.1" 404 285 "-" "Mozilla/5.0 (Windows NT 6.1; WOW64; rv:40.0) Gecko/20100101 Firefox/40.1"
77.222.99.125 - - [29/Oct/2022:07:23:31 +0200] "GET /apple-app-site-association HTTP/1.1" 404 285 "-" "Mozilla/5.0 (Windows NT 6.1; WOW64; rv:40.0) Gecko/20100101 Firefox/40.1"
77.222.99.125 - - [29/Oct/2022:07:23:31 +0200] "GET /apple-app-site-association HTTP/1.1" 404 285 "-" "Mozilla/5.0 (Windows NT 6.1; WOW64; rv:40.0) Gecko/20100101 Firefox/40.1"
46.172.30.65 - - [29/Oct/2022:07:23:33 +0200] "GET /.well-known/apple-app-site-association HTTP/1.1" 404 297 "-" "Mozilla/5.0 (Windows NT 6.1; WOW64; rv:40.0) Gecko/20100101 Firefox/40.1"
77.222.99.125 - - [29/Oct/2022:07:23:33 +0200] "GET /.well-known/apple-app-site-association HTTP/1.1" 404 297 "-" "Mozilla/5.0 (Windows NT 6.1; WOW64; rv:40.0) Gecko/20100101 Firefox/40.1"
77.222.99.125 - - [29/Oct/2022:07:23:33 +0200] "GET /.well-known/apple-app-site-association HTTP/1.1" 404 297 "-" "Mozilla/5.0 (Windows NT 6.1; WOW64; rv:40.0) Gecko/20100101 Firefox/40.1"
77.222.99.125 - - [29/Oct/2022:07:23:35 +0200] "GET /.well-known/apple-app-site-association HTTP/1.1" 404 297 "-" "Mozilla/5.0 (Windows NT 6.1; WOW64; rv:40.0) Gecko/20100101 Firefox/40.1"
77.222.99.125 - - [29/Oct/2022:07:23:35 +0200] "GET /.well-known/apple-app-site-association HTTP/1.1" 404 297 "-" "Mozilla/5.0 (Windows NT 6.1; WOW64; rv:40.0) Gecko/20100101 Firefox/40.1"
77.222.99.125 - - [29/Oct/2022:07:23:35 +0200] "GET /.well-known/apple-app-site-association HTTP/1.1" 404 297 "-" "Mozilla/5.0 (Windows NT 6.1; WOW64; rv:40.0) Gecko/20100101 Firefox/40.1"
188.18.149.17 - - [29/Oct/2022:07:24:05 +0200] "GET /apple-app-site-association HTTP/1.1" 404 285 "-" "Mozilla/5.0 (Windows NT 6.1; WOW64; rv:40.0) Gecko/20100101 Firefox/40.1"
188.18.149.17 - - [29/Oct/2022:07:24:07 +0200] "GET /.well-known/apple-app-site-association HTTP/1.1" 404 297 "-" "Mozilla/5.0 (Windows NT 6.1; WOW64; rv:40.0) Gecko/20100101 Firefox/40.1"
77.88.5.211 - - [29/Oct/2022:07:34:00 +0200] "GET /PumpFoilingEvents/Indiana HTTP/1.1" 200 11151 "-" "Mozilla/5.0 (compatible; YandexBot/3.0; +http://yandex.com/bots)"
194.209.200.2 - - [29/Oct/2022:07:38:04 +0200] "GET /robots.txt HTTP/1.1" 200 - "-" "Mozilla/5.0 (compatible; TMMBot/0.2; +http://www.dslab.ch)/Nutch-1.15"
77.88.5.211 - - [29/Oct/2022:07:38:53 +0200] "GET /AmiKo/Barcodes HTTP/1.1" 200 8978 "-" "Mozilla/5.0 (compatible; YandexBot/3.0; +http://yandex.com/bots)"
58.250.125.92 - - [29/Oct/2022:07:42:21 +0200] "GET / HTTP/1.1" 200 13326 "-" "Sogou web spider/4.0(+http://www.sogou.com/docs/help/webmasters.htm#07)"
66.249.93.176 - - [29/Oct/2022:07:44:55 +0200] "HEAD /pmwiki.php/Site/AllRecentChanges?action=rss HTTP/1.1" 200 - "-" "FeedBurner/1.0 (http://www.FeedBurner.com)"
66.249.93.176 - - [29/Oct/2022:07:44:55 +0200] "GET /pmwiki.php/Site/AllRecentChanges?action=rss HTTP/1.1" 200 2546 "-" "FeedBurner/1.0 (http://www.FeedBurner.com)"
194.209.200.2 - - [29/Oct/2022:07:46:56 +0200] "GET /robots.txt HTTP/1.1" 200 - "-" "Mozilla/5.0 (compatible; TMMBot/0.2; +http://www.dslab.ch)/Nutch-1.15"
194.209.200.2 - - [29/Oct/2022:07:46:56 +0200] "GET /AmiKo/Linux HTTP/1.1" 200 9217 "-" "Mozilla/5.0 (compatible; TMMBot/0.2; +http://www.dslab.ch)/Nutch-1.15"
194.209.200.2 - - [29/Oct/2022:07:47:00 +0200] "GET /Miele/MieleLXIV HTTP/1.1" 200 15367 "-" "Mozilla/5.0 (compatible; TMMBot/0.2; +http://www.dslab.ch)/Nutch-1.15"
194.209.200.2 - - [29/Oct/2022:07:49:47 +0200] "GET /Software/Spreadsheet HTTP/1.1" 200 8839 "-" "Mozilla/5.0 (compatible; TMMBot/0.2; +http://www.dslab.ch)/Nutch-1.15"
194.209.200.2 - - [29/Oct/2022:07:50:08 +0200] "GET /AmiKo/OSX HTTP/1.1" 200 9772 "-" "Mozilla/5.0 (compatible; TMMBot/0.2; +http://www.dslab.ch)/Nutch-1.15"
194.209.200.2 - - [29/Oct/2022:07:50:44 +0200] "GET /robots.txt HTTP/1.1" 200 - "-" "Mozilla/5.0 (compatible; TMMBot/0.2; +http://www.dslab.ch)/Nutch-1.15"
64.71.157.109 - - [29/Oct/2022:07:51:17 +0200] "GET /pmwiki.php/Site/AllRecentChanges?action=rss HTTP/1.1" 200 2546 "-" "Feedbin feed-id:590358 - 1 subscribers"
194.209.200.2 - - [29/Oct/2022:07:51:19 +0200] "GET /Generikacc/App HTTP/1.1" 200 11862 "-" "Mozilla/5.0 (compatible; TMMBot/0.2; +http://www.dslab.ch)/Nutch-1.15"
3.137.176.116 - - [29/Oct/2022:07:51:29 +0200] "GET /ads.txt HTTP/1.1" 404 266 "-" "Mozilla"
194.209.200.2 - - [29/Oct/2022:07:52:31 +0200] "GET /Main/2009 HTTP/1.1" 200 21688 "-" "Mozilla/5.0 (compatible; TMMBot/0.2; +http://www.dslab.ch)/Nutch-1.15"
194.209.200.2 - - [29/Oct/2022:07:52:45 +0200] "GET /Main/2005 HTTP/1.1" 200 63344 "-" "Mozilla/5.0 (compatible; TMMBot/0.2; +http://www.dslab.ch)/Nutch-1.15"
194.209.200.2 - - [29/Oct/2022:07:53:03 +0200] "GET /Main/2014 HTTP/1.1" 200 19471 "-" "Mozilla/5.0 (compatible; TMMBot/0.2; +http://www.dslab.ch)/Nutch-1.15"
194.209.200.2 - - [29/Oct/2022:07:53:16 +0200] "GET /ODDB/IntegrationLookAmpFeelGenerikasuche HTTP/1.1" 200 9097 "-" "Mozilla/5.0 (compatible; TMMBot/0.2; +http://www.dslab.ch)/Nutch-1.15"
194.209.200.2 - - [29/Oct/2022:07:53:25 +0200] "GET /Main/ComCo19122016 HTTP/1.1" 200 10547 "-" "Mozilla/5.0 (compatible; TMMBot/0.2; +http://www.dslab.ch)/Nutch-1.15"
3.83.237.79 - - [29/Oct/2022:08:05:52 +0200] "GET /Site/AllRecentChanges?action=rss HTTP/1.1" 200 2546 "https://www.google.com/" "Mozilla/5.0 (X11; Ubuntu; Linux x86_64; rv:72.0) Gecko/20100101 Firefox/72.0"
5.188.62.21 - - [29/Oct/2022:08:07:39 +0200] "GET / HTTP/1.1" 200 13326 "-" "Mozilla/5.0 (Windows NT 6.1; WOW64) AppleWebKit/537.36 (KHTML, like Gecko) Chrome/101.0.4951.67 Safari/537.36"
17.121.112.55 - - [29/Oct/2022:08:08:52 +0200] "GET /ODDB/Pharmakokinetik HTTP/1.1" 200 11220 "-" "Mozilla/5.0 (Macintosh; Intel Mac OS X 10_15_5) AppleWebKit/605.1.15 (KHTML, like Gecko) Version/13.1.1 Safari/605.1.15 (Applebot/0.1; +http://www.apple.com/go/applebot)"
195.191.219.131 - - [29/Oct/2022:08:09:29 +0200] "GET /robots.txt HTTP/1.1" 200 - "-" "Mozilla/5.0 (compatible; MJ12bot/v1.4.8; http://mj12bot.com/)"
195.191.219.131 - - [29/Oct/2022:08:09:33 +0200] "GET / HTTP/1.1" 200 13326 "-" "Mozilla/5.0 (compatible; MJ12bot/v1.4.8; http://mj12bot.com/)"
195.191.219.131 - - [29/Oct/2022:08:09:33 +0200] "GET /robots.txt HTTP/1.1" 200 - "-" "Mozilla/5.0 (compatible; MJ12bot/v1.4.8; http://mj12bot.com/)"
195.191.219.131 - - [29/Oct/2022:08:09:35 +0200] "GET / HTTP/1.1" 200 13326 "-" "Mozilla/5.0 (compatible; MJ12bot/v1.4.8; http://mj12bot.com/)"
185.191.171.33 - - [29/Oct/2022:08:10:17 +0200] "GET /robots.txt HTTP/1.1" 200 - "-" "Mozilla/5.0 (compatible; SemrushBot/7~bl; +http://www.semrush.com/bot.html)"
185.191.171.25 - - [29/Oct/2022:08:10:17 +0200] "GET /Main/2017 HTTP/1.1" 200 15840 "-" "Mozilla/5.0 (compatible; SemrushBot/7~bl; +http://www.semrush.com/bot.html)"
194.209.200.2 - - [29/Oct/2022:08:12:01 +0200] "GET /robots.txt HTTP/1.1" 200 - "-" "Mozilla/5.0 (compatible; TMMBot/0.2; +http://www.dslab.ch)/Nutch-1.15"
194.209.200.2 - - [29/Oct/2022:08:18:54 +0200] "GET /robots.txt HTTP/1.1" 200 - "-" "Mozilla/5.0 (compatible; TMMBot/0.2; +http://www.dslab.ch)/Nutch-1.15"
194.209.200.2 - - [29/Oct/2022:08:18:54 +0200] "GET /AmiKo/Linux HTTP/1.1" 200 9217 "-" "Mozilla/5.0 (compatible; TMMBot/0.2; +http://www.dslab.ch)/Nutch-1.15"
194.209.200.2 - - [29/Oct/2022:08:18:58 +0200] "GET /Miele/MieleLXIV HTTP/1.1" 200 15367 "-" "Mozilla/5.0 (compatible; TMMBot/0.2; +http://www.dslab.ch)/Nutch-1.15"
194.209.200.2 - - [29/Oct/2022:08:21:49 +0200] "GET /Software/Spreadsheet HTTP/1.1" 200 8839 "-" "Mozilla/5.0 (compatible; TMMBot/0.2; +http://www.dslab.ch)/Nutch-1.15"
194.209.200.2 - - [29/Oct/2022:08:22:14 +0200] "GET /AmiKo/OSX HTTP/1.1" 200 9772 "-" "Mozilla/5.0 (compatible; TMMBot/0.2; +http://www.dslab.ch)/Nutch-1.15"
194.209.200.2 - - [29/Oct/2022:08:22:51 +0200] "GET /robots.txt HTTP/1.1" 200 - "-" "Mozilla/5.0 (compatible; TMMBot/0.2; +http://www.dslab.ch)/Nutch-1.15"
194.209.200.2 - - [29/Oct/2022:08:23:30 +0200] "GET /Generikacc/App HTTP/1.1" 200 11862 "-" "Mozilla/5.0 (compatible; TMMBot/0.2; +http://www.dslab.ch)/Nutch-1.15"
194.209.200.2 - - [29/Oct/2022:08:24:46 +0200] "GET /Main/2009 HTTP/1.1" 200 21688 "-" "Mozilla/5.0 (compatible; TMMBot/0.2; +http://www.dslab.ch)/Nutch-1.15"
194.209.200.2 - - [29/Oct/2022:08:25:00 +0200] "GET /Main/2005 HTTP/1.1" 200 63344 "-" "Mozilla/5.0 (compatible; TMMBot/0.2; +http://www.dslab.ch)/Nutch-1.15"
194.209.200.2 - - [29/Oct/2022:08:25:33 +0200] "GET /ODDB/IntegrationLookAmpFeelGenerikasuche HTTP/1.1" 200 9097 "-" "Mozilla/5.0 (compatible; TMMBot/0.2; +http://www.dslab.ch)/Nutch-1.15"
194.209.200.2 - - [29/Oct/2022:08:25:41 +0200] "GET /Main/ComCo19122016 HTTP/1.1" 200 10547 "-" "Mozilla/5.0 (compatible; TMMBot/0.2; +http://www.dslab.ch)/Nutch-1.15"
188.17.82.87 - - [29/Oct/2022:08:27:33 +0200] "GET /.well-known/assetlinks.json HTTP/1.1" 404 286 "-" "Mozilla/5.0 (Windows NT 6.1; WOW64; rv:40.0) Gecko/20100101 Firefox/40.1"
64.71.157.124 - - [29/Oct/2022:08:28:28 +0200] "GET /pmwiki.php/Site/AllRecentChanges?action=rss HTTP/1.1" 200 2546 "-" "Feedbin feed-id:590358 - 1 subscribers"
194.209.200.2 - - [29/Oct/2022:08:31:46 +0200] "GET /robots.txt HTTP/1.1" 200 - "-" "Mozilla/5.0 (compatible; TMMBot/0.2; +http://www.dslab.ch)/Nutch-1.15"
66.249.93.176 - - [29/Oct/2022:08:36:27 +0200] "HEAD /pmwiki.php/Site/AllRecentChanges?action=rss HTTP/1.1" 200 - "-" "FeedBurner/1.0 (http://www.FeedBurner.com)"
66.249.93.178 - - [29/Oct/2022:08:36:27 +0200] "GET /pmwiki.php/Site/AllRecentChanges?action=rss HTTP/1.1" 200 2546 "-" "FeedBurner/1.0 (http://www.FeedBurner.com)"
205.185.121.69 - - [29/Oct/2022:08:36:38 +0200] "GET / HTTP/1.1" 200 13326 "-" "Mozilla/5.0 (Macintosh; Intel Mac OS X 10_15_7) AppleWebKit/537.36 (KHTML, like Gecko) Chrome/96.0.4664.110 Safari/537.36"
205.185.121.69 - - [29/Oct/2022:08:36:39 +0200] "GET /favicon.ico HTTP/1.1" 200 1406 "-" "Mozilla/5.0 (Macintosh; Intel Mac OS X 10_15_7) AppleWebKit/537.36 (KHTML, like Gecko) Chrome/96.0.4664.110 Safari/537.36"
35.91.75.202 - - [29/Oct/2022:08:37:42 +0200] "GET / HTTP/1.1" 200 13326 "-" "Mozilla/5.0 (X11; Linux x86_64) AppleWebKit/537.36 (KHTML, like Gecko) Chrome/83.0.4103.97 Safari/537.36"
34.221.123.76 - - [29/Oct/2022:08:38:15 +0200] "GET / HTTP/1.1" 200 13326 "http://ywesee.org" "Mozilla/5.0 (X11; Linux x86_64) AppleWebKit/537.36 (KHTML, like Gecko) Chrome/83.0.4103.97 Safari/537.36"
194.209.200.2 - - [29/Oct/2022:08:50:17 +0200] "GET /robots.txt HTTP/1.1" 200 - "-" "Mozilla/5.0 (compatible; TMMBot/0.2; +http://www.dslab.ch)/Nutch-1.15"
194.209.200.2 - - [29/Oct/2022:08:52:52 +0200] "GET /robots.txt HTTP/1.1" 200 - "-" "Mozilla/5.0 (compatible; TMMBot/0.2; +http://www.dslab.ch)/Nutch-1.15"
194.209.200.2 - - [29/Oct/2022:08:52:52 +0200] "GET /AmiKo/Linux HTTP/1.1" 200 9217 "-" "Mozilla/5.0 (compatible; TMMBot/0.2; +http://www.dslab.ch)/Nutch-1.15"
194.209.200.2 - - [29/Oct/2022:08:52:58 +0200] "GET /Miele/MieleLXIV HTTP/1.1" 200 15367 "-" "Mozilla/5.0 (compatible; TMMBot/0.2; +http://www.dslab.ch)/Nutch-1.15"
157.90.181.222 - - [29/Oct/2022:08:54:19 +0200] "GET /robots.txt HTTP/1.1" 200 - "-" "Mozilla/5.0 (compatible; BLEXBot/1.0; +http://webmeup-crawler.com/)"
157.90.181.222 - - [29/Oct/2022:08:54:22 +0200] "GET /robots.txt HTTP/1.1" 200 - "-" "Mozilla/5.0 (compatible; BLEXBot/1.0; +http://webmeup-crawler.com/)"
157.90.181.222 - - [29/Oct/2022:08:54:24 +0200] "GET /sitemap HTTP/1.1" 404 266 "-" "Mozilla/5.0 (compatible; BLEXBot/1.0; +http://webmeup-crawler.com/)"
157.90.181.222 - - [29/Oct/2022:08:54:32 +0200] "GET /sitemap.txt HTTP/1.1" 404 270 "-" "Mozilla/5.0 (compatible; BLEXBot/1.0; +http://webmeup-crawler.com/)"
194.209.200.2 - - [29/Oct/2022:08:55:48 +0200] "GET /Software/Spreadsheet HTTP/1.1" 200 8839 "-" "Mozilla/5.0 (compatible; TMMBot/0.2; +http://www.dslab.ch)/Nutch-1.15"
194.209.200.2 - - [29/Oct/2022:08:56:11 +0200] "GET /AmiKo/OSX HTTP/1.1" 200 9772 "-" "Mozilla/5.0 (compatible; TMMBot/0.2; +http://www.dslab.ch)/Nutch-1.15"
194.209.200.2 - - [29/Oct/2022:08:56:47 +0200] "GET /robots.txt HTTP/1.1" 200 - "-" "Mozilla/5.0 (compatible; TMMBot/0.2; +http://www.dslab.ch)/Nutch-1.15"
194.209.200.2 - - [29/Oct/2022:08:57:25 +0200] "GET /Generikacc/App HTTP/1.1" 200 11862 "-" "Mozilla/5.0 (compatible; TMMBot/0.2; +http://www.dslab.ch)/Nutch-1.15"
194.209.200.2 - - [29/Oct/2022:08:58:43 +0200] "GET /Main/2009 HTTP/1.1" 200 21688 "-" "Mozilla/5.0 (compatible; TMMBot/0.2; +http://www.dslab.ch)/Nutch-1.15"
194.209.200.2 - - [29/Oct/2022:08:58:58 +0200] "GET /Main/2005 HTTP/1.1" 200 63344 "-" "Mozilla/5.0 (compatible; TMMBot/0.2; +http://www.dslab.ch)/Nutch-1.15"
66.249.79.121 - - [29/Oct/2022:08:59:11 +0200] "GET /robots.txt HTTP/1.1" 200 - "-" "Mozilla/5.0 (compatible; Googlebot/2.1; +http://www.google.com/bot.html)"
66.249.79.121 - - [29/Oct/2022:08:59:12 +0200] "GET /ads.txt HTTP/1.1" 404 270 "-" "Mozilla/5.0 (compatible; Googlebot/2.1; +http://www.google.com/bot.html)"
194.209.200.2 - - [29/Oct/2022:08:59:16 +0200] "GET /Main/2014 HTTP/1.1" 200 19471 "-" "Mozilla/5.0 (compatible; TMMBot/0.2; +http://www.dslab.ch)/Nutch-1.15"
194.209.200.2 - - [29/Oct/2022:08:59:39 +0200] "GET /Main/ComCo19122016 HTTP/1.1" 200 10547 "-" "Mozilla/5.0 (compatible; TMMBot/0.2; +http://www.dslab.ch)/Nutch-1.15"
194.209.200.2 - - [29/Oct/2022:09:06:10 +0200] "GET /robots.txt HTTP/1.1" 200 - "-" "Mozilla/5.0 (compatible; TMMBot/0.2; +http://www.dslab.ch)/Nutch-1.15"
64.71.157.124 - - [29/Oct/2022:09:06:44 +0200] "GET /pmwiki.php/Site/AllRecentChanges?action=rss HTTP/1.1" 200 2546 "-" "Feedbin feed-id:590358 - 1 subscribers"
23.101.59.181 - - [29/Oct/2022:09:16:24 +0200] "GET /conf/config.bck HTTP/1.1" 404 274 "-" "Firefox"
91.242.162.21 - - [29/Oct/2022:09:23:52 +0200] "GET /robots.txt HTTP/1.1" 200 - "-" "Mozilla/5.0 (compatible; Qwantify/2.4w; +https://www.qwant.com/)"
91.242.162.21 - - [29/Oct/2022:09:23:52 +0200] "GET /Main/ExtremeProgramming HTTP/1.1" 200 8767 "-" "Mozilla/5.0 (compatible; Qwantify/2.4w; +https://www.qwant.com/)"
91.242.162.21 - - [29/Oct/2022:09:23:54 +0200] "GET /Main/Linux HTTP/1.1" 200 9133 "-" "Mozilla/5.0 (compatible; Qwantify/2.4w; +https://www.qwant.com/)"
91.242.162.21 - - [29/Oct/2022:09:23:55 +0200] "GET /Oddb2xml/DatenDownload HTTP/1.1" 200 8810 "-" "Mozilla/5.0 (compatible; Qwantify/2.4w; +https://www.qwant.com/)"
91.242.162.21 - - [29/Oct/2022:09:23:56 +0200] "GET /Profiles/Zrr HTTP/1.1" 200 8438 "-" "Mozilla/5.0 (compatible; Qwantify/2.4w; +https://www.qwant.com/)"
91.242.162.21 - - [29/Oct/2022:09:23:58 +0200] "GET /Software/XMLConv HTTP/1.1" 200 8709 "-" "Mozilla/5.0 (compatible; Qwantify/2.4w; +https://www.qwant.com/)"
91.242.162.21 - - [29/Oct/2022:09:23:59 +0200] "GET /SpitalSchweiz/FinanzErgebnis2012 HTTP/1.1" 200 9335 "-" "Mozilla/5.0 (compatible; Qwantify/2.4w; +https://www.qwant.com/)"
91.242.162.21 - - [29/Oct/2022:09:24:01 +0200] "GET /Ywesee/XMLCONV2 HTTP/1.1" 200 8483 "-" "Mozilla/5.0 (compatible; Qwantify/2.4w; +https://www.qwant.com/)"
194.209.200.2 - - [29/Oct/2022:09:25:30 +0200] "GET /robots.txt HTTP/1.1" 200 - "-" "Mozilla/5.0 (compatible; TMMBot/0.2; +http://www.dslab.ch)/Nutch-1.15"
194.209.200.2 - - [29/Oct/2022:09:25:30 +0200] "GET /AmiKo/Linux HTTP/1.1" 200 9217 "-" "Mozilla/5.0 (compatible; TMMBot/0.2; +http://www.dslab.ch)/Nutch-1.15"
194.209.200.2 - - [29/Oct/2022:09:25:30 +0200] "GET /robots.txt HTTP/1.1" 200 - "-" "Mozilla/5.0 (compatible; TMMBot/0.2; +http://www.dslab.ch)/Nutch-1.15"
194.209.200.2 - - [29/Oct/2022:09:25:35 +0200] "GET /Miele/MieleLXIV HTTP/1.1" 200 15367 "-" "Mozilla/5.0 (compatible; TMMBot/0.2; +http://www.dslab.ch)/Nutch-1.15"
77.88.5.211 - - [29/Oct/2022:09:26:28 +0200] "GET /robots.txt HTTP/1.1" 200 - "-" "Mozilla/5.0 (compatible; YandexBot/3.0; +http://yandex.com/bots)"
77.88.5.211 - - [29/Oct/2022:09:26:32 +0200] "GET /Ywesee/SpezialisierteKrankenkasse HTTP/1.1" 200 14829 "-" "Mozilla/5.0 (compatible; YandexBot/3.0; +http://yandex.com/bots)"
194.209.200.2 - - [29/Oct/2022:09:28:48 +0200] "GET /Software/Spreadsheet HTTP/1.1" 200 8839 "-" "Mozilla/5.0 (compatible; TMMBot/0.2; +http://www.dslab.ch)/Nutch-1.15"
194.209.200.2 - - [29/Oct/2022:09:29:14 +0200] "GET /AmiKo/OSX HTTP/1.1" 200 9772 "-" "Mozilla/5.0 (compatible; TMMBot/0.2; +http://www.dslab.ch)/Nutch-1.15"
194.209.200.2 - - [29/Oct/2022:09:29:52 +0200] "GET /robots.txt HTTP/1.1" 200 - "-" "Mozilla/5.0 (compatible; TMMBot/0.2; +http://www.dslab.ch)/Nutch-1.15"
194.209.200.2 - - [29/Oct/2022:09:30:35 +0200] "GET /Generikacc/App HTTP/1.1" 200 11862 "-" "Mozilla/5.0 (compatible; TMMBot/0.2; +http://www.dslab.ch)/Nutch-1.15"
194.209.200.2 - - [29/Oct/2022:09:32:09 +0200] "GET /Main/2009 HTTP/1.1" 200 21688 "-" "Mozilla/5.0 (compatible; TMMBot/0.2; +http://www.dslab.ch)/Nutch-1.15"
194.209.200.2 - - [29/Oct/2022:09:32:29 +0200] "GET /Main/2005 HTTP/1.1" 200 63344 "-" "Mozilla/5.0 (compatible; TMMBot/0.2; +http://www.dslab.ch)/Nutch-1.15"
194.209.200.2 - - [29/Oct/2022:09:32:48 +0200] "GET /Main/2014 HTTP/1.1" 200 19471 "-" "Mozilla/5.0 (compatible; TMMBot/0.2; +http://www.dslab.ch)/Nutch-1.15"
143.198.127.170 - - [29/Oct/2022:09:32:59 +0200] "GET / HTTP/1.1" 200 13326 "-" "Mozilla/4.0 (Compatible; U; Windows NT 5.01; Trident/4.0; Chrome/29.0.1547.62)"
143.198.127.170 - - [29/Oct/2022:09:33:00 +0200] "GET / HTTP/1.1" 200 13326 "-" "Mozilla/4.0 (compatible; MSIE 6.0; Windows NT 5.1; SV1; .NET CLR 1.1.4322; .NET CLR 2.0.50727)"
194.209.200.2 - - [29/Oct/2022:09:33:12 +0200] "GET /Main/ComCo19122016 HTTP/1.1" 200 10547 "-" "Mozilla/5.0 (compatible; TMMBot/0.2; +http://www.dslab.ch)/Nutch-1.15"
192.241.105.188 - - [29/Oct/2022:09:38:14 +0200] "GET / HTTP/1.1" 200 13326 "https://www.ywesee.com" "Mozilla/5.0 (Linux x86_64; rv:102.0) Gecko/20100101 Firefox/102.0"
66.249.93.176 - - [29/Oct/2022:09:41:31 +0200] "HEAD /pmwiki.php/Site/AllRecentChanges?action=rss HTTP/1.1" 200 - "-" "FeedBurner/1.0 (http://www.FeedBurner.com)"
66.249.93.178 - - [29/Oct/2022:09:41:31 +0200] "GET /pmwiki.php/Site/AllRecentChanges?action=rss HTTP/1.1" 200 2546 "-" "FeedBurner/1.0 (http://www.FeedBurner.com)"
64.71.157.125 - - [29/Oct/2022:09:42:25 +0200] "GET /pmwiki.php/Site/AllRecentChanges?action=rss HTTP/1.1" 200 2546 "-" "Feedbin feed-id:590358 - 1 subscribers"
85.208.98.18 - - [29/Oct/2022:09:43:29 +0200] "GET /robots.txt HTTP/1.1" 200 - "http://ywesee.com/robots.txt" "Mozilla/5.0 (compatible; SemrushBot; +http://www.semrush.com/bot.html)"
185.191.171.15 - - [29/Oct/2022:09:44:44 +0200] "GET /robots.txt HTTP/1.1" 200 - "-" "Mozilla/5.0 (compatible; SemrushBot/7~bl; +http://www.semrush.com/bot.html)"
185.191.171.37 - - [29/Oct/2022:09:44:45 +0200] "GET /Main/2015 HTTP/1.1" 200 15908 "-" "Mozilla/5.0 (compatible; SemrushBot/7~bl; +http://www.semrush.com/bot.html)"
194.209.200.2 - - [29/Oct/2022:09:48:03 +0200] "GET /robots.txt HTTP/1.1" 200 - "-" "Mozilla/5.0 (compatible; TMMBot/0.2; +http://www.dslab.ch)/Nutch-1.15"
85.208.98.18 - - [29/Oct/2022:09:50:15 +0200] "GET /robots.txt HTTP/1.1" 200 - "http://ywesee.com/robots.txt" "Mozilla/5.0 (compatible; SemrushBot; +http://www.semrush.com/bot.html)"
209.141.35.128 - - [29/Oct/2022:09:52:10 +0200] "GET / HTTP/1.1" 200 13326 "-" "Mozilla/5.0 (Macintosh; Intel Mac OS X 10_15_7) AppleWebKit/537.36 (KHTML, like Gecko) Chrome/96.0.4664.110 Safari/537.36"
209.141.35.128 - - [29/Oct/2022:09:52:11 +0200] "GET /favicon.ico HTTP/1.1" 200 1406 "-" "Mozilla/5.0 (Macintosh; Intel Mac OS X 10_15_7) AppleWebKit/537.36 (KHTML, like Gecko) Chrome/96.0.4664.110 Safari/537.36"
194.209.200.2 - - [29/Oct/2022:10:03:59 +0200] "GET /robots.txt HTTP/1.1" 200 - "-" "Mozilla/5.0 (compatible; TMMBot/0.2; +http://www.dslab.ch)/Nutch-1.15"
194.209.200.2 - - [29/Oct/2022:10:03:59 +0200] "GET /AmiKo/Linux HTTP/1.1" 200 9217 "-" "Mozilla/5.0 (compatible; TMMBot/0.2; +http://www.dslab.ch)/Nutch-1.15"
194.209.200.2 - - [29/Oct/2022:10:04:03 +0200] "GET /Miele/MieleLXIV HTTP/1.1" 200 15367 "-" "Mozilla/5.0 (compatible; TMMBot/0.2; +http://www.dslab.ch)/Nutch-1.15"
194.209.200.2 - - [29/Oct/2022:10:07:02 +0200] "GET /Software/Spreadsheet HTTP/1.1" 200 8839 "-" "Mozilla/5.0 (compatible; TMMBot/0.2; +http://www.dslab.ch)/Nutch-1.15"
