185.12.250.104 - - [05/Aug/2022:21:05:38 +0200] "GET /Software/Developers?action=diff HTTP/1.1" 200 16412 "-" "Mozilla/5.0 (Windows NT 10.0; Win64; x64) AppleWebKit/537.36 (KHTML, like Gecko) Chrome/94.0.4606.81 Safari/537.36"
185.12.250.104 - - [05/Aug/2022:21:05:46 +0200] "GET /Main/Parsen?action=edit HTTP/1.1" 200 9299 "-" "Mozilla/5.0 (Windows NT 10.0; Win64; x64) AppleWebKit/537.36 (KHTML, like Gecko) Chrome/94.0.4606.81 Safari/537.36"
185.12.250.104 - - [05/Aug/2022:21:05:54 +0200] "GET /Main/Parsen?n=Main.SideBar%3Faction%3Dedit HTTP/1.1" 302 157 "-" "Mozilla/5.0 (Windows NT 10.0; Win64; x64) AppleWebKit/537.36 (KHTML, like Gecko) Chrome/94.0.4606.81 Safari/537.36"
185.12.250.104 - - [05/Aug/2022:21:05:54 +0200] "GET /Main/SideBar HTTP/1.1" 200 10903 "-" "Mozilla/5.0 (Windows NT 10.0; Win64; x64) AppleWebKit/537.36 (KHTML, like Gecko) Chrome/94.0.4606.81 Safari/537.36"
185.12.250.104 - - [05/Aug/2022:21:06:02 +0200] "GET /Main/Parsen?action=upload HTTP/1.1" 200 8765 "-" "Mozilla/5.0 (Windows NT 10.0; Win64; x64) AppleWebKit/537.36 (KHTML, like Gecko) Chrome/94.0.4606.81 Safari/537.36"
185.12.250.104 - - [05/Aug/2022:21:06:11 +0200] "GET /Main/Parsen?action=print HTTP/1.1" 200 3140 "-" "Mozilla/5.0 (Windows NT 10.0; Win64; x64) AppleWebKit/537.36 (KHTML, like Gecko) Chrome/94.0.4606.81 Safari/537.36"
185.12.250.104 - - [05/Aug/2022:21:06:19 +0200] "GET /Main/Parsen?action=diff HTTP/1.1" 200 11239 "-" "Mozilla/5.0 (Windows NT 10.0; Win64; x64) AppleWebKit/537.36 (KHTML, like Gecko) Chrome/94.0.4606.81 Safari/537.36"
194.209.200.2 - - [05/Aug/2022:21:06:23 +0200] "GET /AmiKo/Web HTTP/1.1" 200 9588 "-" "Mozilla/5.0 (compatible; TMMBot/0.2; +http://www.dslab.ch)/Nutch-1.15"
185.12.250.104 - - [05/Aug/2022:21:06:26 +0200] "GET /Main/PharmacodeVsEancode?action=edit HTTP/1.1" 200 9466 "-" "Mozilla/5.0 (Windows NT 10.0; Win64; x64) AppleWebKit/537.36 (KHTML, like Gecko) Chrome/94.0.4606.81 Safari/537.36"
185.12.250.104 - - [05/Aug/2022:21:06:33 +0200] "GET /Main/PharmacodeVsEancode?action=upload HTTP/1.1" 200 8932 "-" "Mozilla/5.0 (Windows NT 10.0; Win64; x64) AppleWebKit/537.36 (KHTML, like Gecko) Chrome/94.0.4606.81 Safari/537.36"
185.12.250.104 - - [05/Aug/2022:21:06:41 +0200] "GET /Main/PharmacodeVsEancode?action=print HTTP/1.1" 200 7842 "-" "Mozilla/5.0 (Windows NT 10.0; Win64; x64) AppleWebKit/537.36 (KHTML, like Gecko) Chrome/94.0.4606.81 Safari/537.36"
194.209.200.2 - - [05/Aug/2022:21:06:48 +0200] "GET /Ywesee/Team HTTP/1.1" 200 18245 "-" "Mozilla/5.0 (compatible; TMMBot/0.2; +http://www.dslab.ch)/Nutch-1.15"
185.12.250.104 - - [05/Aug/2022:21:06:49 +0200] "GET /Main/PharmacodeVsEancode?action=diff HTTP/1.1" 200 73816 "-" "Mozilla/5.0 (Windows NT 10.0; Win64; x64) AppleWebKit/537.36 (KHTML, like Gecko) Chrome/94.0.4606.81 Safari/537.36"
185.12.250.104 - - [05/Aug/2022:21:06:57 +0200] "GET /Main/ForderungstabelleSpezialitaetenliste?action=edit HTTP/1.1" 200 9685 "-" "Mozilla/5.0 (Windows NT 10.0; Win64; x64) AppleWebKit/537.36 (KHTML, like Gecko) Chrome/94.0.4606.81 Safari/537.36"
185.12.250.104 - - [05/Aug/2022:21:07:05 +0200] "GET /Main/ForderungstabelleSpezialitaetenliste?n=Main.SideBar%3Faction%3Dedit HTTP/1.1" 302 157 "-" "Mozilla/5.0 (Windows NT 10.0; Win64; x64) AppleWebKit/537.36 (KHTML, like Gecko) Chrome/94.0.4606.81 Safari/537.36"
185.12.250.104 - - [05/Aug/2022:21:07:05 +0200] "GET /Main/SideBar HTTP/1.1" 200 10903 "-" "Mozilla/5.0 (Windows NT 10.0; Win64; x64) AppleWebKit/537.36 (KHTML, like Gecko) Chrome/94.0.4606.81 Safari/537.36"
194.209.200.2 - - [05/Aug/2022:21:07:06 +0200] "GET /Ausschreibung/SAI HTTP/1.1" 200 10366 "-" "Mozilla/5.0 (compatible; TMMBot/0.2; +http://www.dslab.ch)/Nutch-1.15"
194.209.200.2 - - [05/Aug/2022:21:07:12 +0200] "GET /Ywesee/OpenSource HTTP/1.1" 200 10790 "-" "Mozilla/5.0 (compatible; TMMBot/0.2; +http://www.dslab.ch)/Nutch-1.15"
185.12.250.104 - - [05/Aug/2022:21:07:13 +0200] "GET /Main/ForderungstabelleSpezialitaetenliste?action=upload HTTP/1.1" 200 9151 "-" "Mozilla/5.0 (Windows NT 10.0; Win64; x64) AppleWebKit/537.36 (KHTML, like Gecko) Chrome/94.0.4606.81 Safari/537.36"
185.12.250.104 - - [05/Aug/2022:21:07:21 +0200] "GET /Main/ForderungstabelleSpezialitaetenliste?action=print HTTP/1.1" 200 5347 "-" "Mozilla/5.0 (Windows NT 10.0; Win64; x64) AppleWebKit/537.36 (KHTML, like Gecko) Chrome/94.0.4606.81 Safari/537.36"
185.12.250.104 - - [05/Aug/2022:21:07:28 +0200] "GET /Main/ForderungstabelleSpezialitaetenliste?action=diff HTTP/1.1" 200 60664 "-" "Mozilla/5.0 (Windows NT 10.0; Win64; x64) AppleWebKit/537.36 (KHTML, like Gecko) Chrome/94.0.4606.81 Safari/537.36"
185.12.250.104 - - [05/Aug/2022:21:07:36 +0200] "GET /Main/EANCode?action=edit HTTP/1.1" 200 9306 "-" "Mozilla/5.0 (Windows NT 10.0; Win64; x64) AppleWebKit/537.36 (KHTML, like Gecko) Chrome/94.0.4606.81 Safari/537.36"
185.12.250.104 - - [05/Aug/2022:21:07:44 +0200] "GET /Main/EANCode?n=Main.SideBar%3Faction%3Dedit HTTP/1.1" 302 157 "-" "Mozilla/5.0 (Windows NT 10.0; Win64; x64) AppleWebKit/537.36 (KHTML, like Gecko) Chrome/94.0.4606.81 Safari/537.36"
185.12.250.104 - - [05/Aug/2022:21:07:44 +0200] "GET /Main/SideBar HTTP/1.1" 200 10903 "-" "Mozilla/5.0 (Windows NT 10.0; Win64; x64) AppleWebKit/537.36 (KHTML, like Gecko) Chrome/94.0.4606.81 Safari/537.36"
185.12.250.104 - - [05/Aug/2022:21:07:52 +0200] "GET /Main/EANCode?action=upload HTTP/1.1" 200 8772 "-" "Mozilla/5.0 (Windows NT 10.0; Win64; x64) AppleWebKit/537.36 (KHTML, like Gecko) Chrome/94.0.4606.81 Safari/537.36"
185.12.250.104 - - [05/Aug/2022:21:08:00 +0200] "GET /Main/EANCode?action=print HTTP/1.1" 200 4397 "-" "Mozilla/5.0 (Windows NT 10.0; Win64; x64) AppleWebKit/537.36 (KHTML, like Gecko) Chrome/94.0.4606.81 Safari/537.36"
185.12.250.104 - - [05/Aug/2022:21:08:07 +0200] "GET /Main/EANCode?action=diff HTTP/1.1" 200 30914 "-" "Mozilla/5.0 (Windows NT 10.0; Win64; x64) AppleWebKit/537.36 (KHTML, like Gecko) Chrome/94.0.4606.81 Safari/537.36"
185.12.250.104 - - [05/Aug/2022:21:08:15 +0200] "GET /Ywesee/SpezialisierteKrankenkasse?action=edit HTTP/1.1" 200 9582 "-" "Mozilla/5.0 (Windows NT 10.0; Win64; x64) AppleWebKit/537.36 (KHTML, like Gecko) Chrome/94.0.4606.81 Safari/537.36"
185.12.250.104 - - [05/Aug/2022:21:08:22 +0200] "GET /Ywesee/SpezialisierteKrankenkasse?action=upload HTTP/1.1" 200 9048 "-" "Mozilla/5.0 (Windows NT 10.0; Win64; x64) AppleWebKit/537.36 (KHTML, like Gecko) Chrome/94.0.4606.81 Safari/537.36"
185.12.250.104 - - [05/Aug/2022:21:08:29 +0200] "GET /Ywesee/SpezialisierteKrankenkasse?action=print HTTP/1.1" 200 9220 "-" "Mozilla/5.0 (Windows NT 10.0; Win64; x64) AppleWebKit/537.36 (KHTML, like Gecko) Chrome/94.0.4606.81 Safari/537.36"
185.12.250.104 - - [05/Aug/2022:21:08:38 +0200] "GET /Ywesee/SpezialisierteKrankenkasse?action=diff HTTP/1.1" 200 75910 "-" "Mozilla/5.0 (Windows NT 10.0; Win64; x64) AppleWebKit/537.36 (KHTML, like Gecko) Chrome/94.0.4606.81 Safari/537.36"
194.209.200.2 - - [05/Aug/2022:21:08:40 +0200] "GET /Main/ComCo19122016 HTTP/1.1" 200 10547 "-" "Mozilla/5.0 (compatible; TMMBot/0.2; +http://www.dslab.ch)/Nutch-1.15"
185.12.250.104 - - [05/Aug/2022:21:08:46 +0200] "GET /AmiKo/Flyer?action=edit HTTP/1.1" 200 9296 "-" "Mozilla/5.0 (Windows NT 10.0; Win64; x64) AppleWebKit/537.36 (KHTML, like Gecko) Chrome/94.0.4606.81 Safari/537.36"
185.12.250.104 - - [05/Aug/2022:21:08:53 +0200] "GET /AmiKo/Flyer?n=Main.SideBar%3Faction%3Dedit HTTP/1.1" 302 157 "-" "Mozilla/5.0 (Windows NT 10.0; Win64; x64) AppleWebKit/537.36 (KHTML, like Gecko) Chrome/94.0.4606.81 Safari/537.36"
185.12.250.104 - - [05/Aug/2022:21:08:53 +0200] "GET /Main/SideBar HTTP/1.1" 200 10903 "-" "Mozilla/5.0 (Windows NT 10.0; Win64; x64) AppleWebKit/537.36 (KHTML, like Gecko) Chrome/94.0.4606.81 Safari/537.36"
185.12.250.104 - - [05/Aug/2022:21:09:01 +0200] "GET /AmiKo/Flyer?action=upload HTTP/1.1" 200 8762 "-" "Mozilla/5.0 (Windows NT 10.0; Win64; x64) AppleWebKit/537.36 (KHTML, like Gecko) Chrome/94.0.4606.81 Safari/537.36"
185.12.250.104 - - [05/Aug/2022:21:09:09 +0200] "GET /AmiKo/Flyer?action=print HTTP/1.1" 200 3295 "-" "Mozilla/5.0 (Windows NT 10.0; Win64; x64) AppleWebKit/537.36 (KHTML, like Gecko) Chrome/94.0.4606.81 Safari/537.36"
185.12.250.104 - - [05/Aug/2022:21:09:17 +0200] "GET /AmiKo/Flyer?action=diff HTTP/1.1" 200 11748 "-" "Mozilla/5.0 (Windows NT 10.0; Win64; x64) AppleWebKit/537.36 (KHTML, like Gecko) Chrome/94.0.4606.81 Safari/537.36"
185.12.250.104 - - [05/Aug/2022:21:09:24 +0200] "GET /InfoCodex/Dokumentenfamilien?action=edit HTTP/1.1" 200 9511 "-" "Mozilla/5.0 (Windows NT 10.0; Win64; x64) AppleWebKit/537.36 (KHTML, like Gecko) Chrome/94.0.4606.81 Safari/537.36"
185.12.250.104 - - [05/Aug/2022:21:09:32 +0200] "GET /InfoCodex/Dokumentenfamilien?n=Main.SideBar%3Faction%3Dedit HTTP/1.1" 302 157 "-" "Mozilla/5.0 (Windows NT 10.0; Win64; x64) AppleWebKit/537.36 (KHTML, like Gecko) Chrome/94.0.4606.81 Safari/537.36"
185.12.250.104 - - [05/Aug/2022:21:09:33 +0200] "GET /Main/SideBar HTTP/1.1" 200 10903 "-" "Mozilla/5.0 (Windows NT 10.0; Win64; x64) AppleWebKit/537.36 (KHTML, like Gecko) Chrome/94.0.4606.81 Safari/537.36"
185.12.250.104 - - [05/Aug/2022:21:09:40 +0200] "GET /InfoCodex/Dokumentenfamilien?action=upload HTTP/1.1" 200 8977 "-" "Mozilla/5.0 (Windows NT 10.0; Win64; x64) AppleWebKit/537.36 (KHTML, like Gecko) Chrome/94.0.4606.81 Safari/537.36"
185.12.250.104 - - [05/Aug/2022:21:09:47 +0200] "GET /InfoCodex/Dokumentenfamilien?action=print HTTP/1.1" 200 4820 "-" "Mozilla/5.0 (Windows NT 10.0; Win64; x64) AppleWebKit/537.36 (KHTML, like Gecko) Chrome/94.0.4606.81 Safari/537.36"
185.12.250.104 - - [05/Aug/2022:21:09:55 +0200] "GET /InfoCodex/Dokumentenfamilien?action=diff HTTP/1.1" 200 20277 "-" "Mozilla/5.0 (Windows NT 10.0; Win64; x64) AppleWebKit/537.36 (KHTML, like Gecko) Chrome/94.0.4606.81 Safari/537.36"
185.12.250.104 - - [05/Aug/2022:21:10:03 +0200] "GET /InfoCodex/Index?action=edit HTTP/1.1" 200 9342 "-" "Mozilla/5.0 (Windows NT 10.0; Win64; x64) AppleWebKit/537.36 (KHTML, like Gecko) Chrome/94.0.4606.81 Safari/537.36"
185.12.250.104 - - [05/Aug/2022:21:10:10 +0200] "GET /InfoCodex/Index?n=Main.SideBar%3Faction%3Dedit HTTP/1.1" 302 157 "-" "Mozilla/5.0 (Windows NT 10.0; Win64; x64) AppleWebKit/537.36 (KHTML, like Gecko) Chrome/94.0.4606.81 Safari/537.36"
185.12.250.104 - - [05/Aug/2022:21:10:10 +0200] "GET /Main/SideBar HTTP/1.1" 200 10903 "-" "Mozilla/5.0 (Windows NT 10.0; Win64; x64) AppleWebKit/537.36 (KHTML, like Gecko) Chrome/94.0.4606.81 Safari/537.36"
185.12.250.104 - - [05/Aug/2022:21:10:19 +0200] "GET /InfoCodex/Index?action=upload HTTP/1.1" 200 8808 "-" "Mozilla/5.0 (Windows NT 10.0; Win64; x64) AppleWebKit/537.36 (KHTML, like Gecko) Chrome/94.0.4606.81 Safari/537.36"
185.12.250.104 - - [05/Aug/2022:21:10:27 +0200] "GET /InfoCodex/Index?action=print HTTP/1.1" 200 3466 "-" "Mozilla/5.0 (Windows NT 10.0; Win64; x64) AppleWebKit/537.36 (KHTML, like Gecko) Chrome/94.0.4606.81 Safari/537.36"
185.12.250.104 - - [05/Aug/2022:21:10:35 +0200] "GET /InfoCodex/Index?action=diff HTTP/1.1" 200 12107 "-" "Mozilla/5.0 (Windows NT 10.0; Win64; x64) AppleWebKit/537.36 (KHTML, like Gecko) Chrome/94.0.4606.81 Safari/537.36"
185.12.250.104 - - [05/Aug/2022:21:10:42 +0200] "GET /SpitalSchweiz/Index?action=edit HTTP/1.1" 200 9392 "-" "Mozilla/5.0 (Windows NT 10.0; Win64; x64) AppleWebKit/537.36 (KHTML, like Gecko) Chrome/94.0.4606.81 Safari/537.36"
185.12.250.104 - - [05/Aug/2022:21:10:50 +0200] "GET /SpitalSchweiz/Index?n=Main.SideBar%3Faction%3Dedit HTTP/1.1" 302 157 "-" "Mozilla/5.0 (Windows NT 10.0; Win64; x64) AppleWebKit/537.36 (KHTML, like Gecko) Chrome/94.0.4606.81 Safari/537.36"
185.12.250.104 - - [05/Aug/2022:21:10:50 +0200] "GET /Main/SideBar HTTP/1.1" 200 10903 "-" "Mozilla/5.0 (Windows NT 10.0; Win64; x64) AppleWebKit/537.36 (KHTML, like Gecko) Chrome/94.0.4606.81 Safari/537.36"
185.12.250.104 - - [05/Aug/2022:21:10:58 +0200] "GET /SpitalSchweiz/Index?action=upload HTTP/1.1" 200 8858 "-" "Mozilla/5.0 (Windows NT 10.0; Win64; x64) AppleWebKit/537.36 (KHTML, like Gecko) Chrome/94.0.4606.81 Safari/537.36"
185.12.250.104 - - [05/Aug/2022:21:11:06 +0200] "GET /SpitalSchweiz/Index?action=print HTTP/1.1" 200 3677 "-" "Mozilla/5.0 (Windows NT 10.0; Win64; x64) AppleWebKit/537.36 (KHTML, like Gecko) Chrome/94.0.4606.81 Safari/537.36"
185.12.250.104 - - [05/Aug/2022:21:11:14 +0200] "GET /SpitalSchweiz/Index?action=diff HTTP/1.1" 200 15231 "-" "Mozilla/5.0 (Windows NT 10.0; Win64; x64) AppleWebKit/537.36 (KHTML, like Gecko) Chrome/94.0.4606.81 Safari/537.36"
185.12.250.104 - - [05/Aug/2022:21:11:22 +0200] "GET /Aips2sqlite/Index?action=edit HTTP/1.1" 200 9369 "-" "Mozilla/5.0 (Windows NT 10.0; Win64; x64) AppleWebKit/537.36 (KHTML, like Gecko) Chrome/94.0.4606.81 Safari/537.36"
185.12.250.104 - - [05/Aug/2022:21:11:29 +0200] "GET /Aips2sqlite/Index?n=Main.SideBar%3Faction%3Dedit HTTP/1.1" 302 157 "-" "Mozilla/5.0 (Windows NT 10.0; Win64; x64) AppleWebKit/537.36 (KHTML, like Gecko) Chrome/94.0.4606.81 Safari/537.36"
185.12.250.104 - - [05/Aug/2022:21:11:29 +0200] "GET /Main/SideBar HTTP/1.1" 200 10903 "-" "Mozilla/5.0 (Windows NT 10.0; Win64; x64) AppleWebKit/537.36 (KHTML, like Gecko) Chrome/94.0.4606.81 Safari/537.36"
185.12.250.104 - - [05/Aug/2022:21:11:37 +0200] "GET /Aips2sqlite/Index?action=upload HTTP/1.1" 200 8835 "-" "Mozilla/5.0 (Windows NT 10.0; Win64; x64) AppleWebKit/537.36 (KHTML, like Gecko) Chrome/94.0.4606.81 Safari/537.36"
185.12.250.104 - - [05/Aug/2022:21:11:45 +0200] "GET /Aips2sqlite/Index?action=print HTTP/1.1" 200 2993 "-" "Mozilla/5.0 (Windows NT 10.0; Win64; x64) AppleWebKit/537.36 (KHTML, like Gecko) Chrome/94.0.4606.81 Safari/537.36"
185.12.250.104 - - [05/Aug/2022:21:11:52 +0200] "GET /Aips2sqlite/Index?action=diff HTTP/1.1" 200 14226 "-" "Mozilla/5.0 (Windows NT 10.0; Win64; x64) AppleWebKit/537.36 (KHTML, like Gecko) Chrome/94.0.4606.81 Safari/537.36"
185.191.171.8 - - [05/Aug/2022:21:11:55 +0200] "GET /AmiKo/Cpp2sqlite?n=Main.SideBar%3Faction%3Dedit HTTP/1.1" 302 157 "-" "Mozilla/5.0 (compatible; SemrushBot/7~bl; +http://www.semrush.com/bot.html)"
185.12.250.104 - - [05/Aug/2022:21:12:00 +0200] "GET /AmiKo/Desktop?action=edit HTTP/1.1" 200 9323 "-" "Mozilla/5.0 (Windows NT 10.0; Win64; x64) AppleWebKit/537.36 (KHTML, like Gecko) Chrome/94.0.4606.81 Safari/537.36"
185.12.250.104 - - [05/Aug/2022:21:12:08 +0200] "GET /AmiKo/Desktop?n=Main.SideBar%3Faction%3Dedit HTTP/1.1" 302 157 "-" "Mozilla/5.0 (Windows NT 10.0; Win64; x64) AppleWebKit/537.36 (KHTML, like Gecko) Chrome/94.0.4606.81 Safari/537.36"
185.12.250.104 - - [05/Aug/2022:21:12:08 +0200] "GET /Main/SideBar HTTP/1.1" 200 10903 "-" "Mozilla/5.0 (Windows NT 10.0; Win64; x64) AppleWebKit/537.36 (KHTML, like Gecko) Chrome/94.0.4606.81 Safari/537.36"
185.12.250.104 - - [05/Aug/2022:21:12:16 +0200] "GET /AmiKo/Desktop?action=upload HTTP/1.1" 200 8789 "-" "Mozilla/5.0 (Windows NT 10.0; Win64; x64) AppleWebKit/537.36 (KHTML, like Gecko) Chrome/94.0.4606.81 Safari/537.36"
185.12.250.104 - - [05/Aug/2022:21:12:24 +0200] "GET /AmiKo/Desktop?action=diff HTTP/1.1" 200 11875 "-" "Mozilla/5.0 (Windows NT 10.0; Win64; x64) AppleWebKit/537.36 (KHTML, like Gecko) Chrome/94.0.4606.81 Safari/537.36"
185.12.250.104 - - [05/Aug/2022:21:12:31 +0200] "GET /Ywesee/Stanza?action=edit HTTP/1.1" 200 9318 "-" "Mozilla/5.0 (Windows NT 10.0; Win64; x64) AppleWebKit/537.36 (KHTML, like Gecko) Chrome/94.0.4606.81 Safari/537.36"
185.12.250.104 - - [05/Aug/2022:21:12:39 +0200] "GET /Ywesee/Stanza?n=Main.SideBar%3Faction%3Dedit HTTP/1.1" 302 157 "-" "Mozilla/5.0 (Windows NT 10.0; Win64; x64) AppleWebKit/537.36 (KHTML, like Gecko) Chrome/94.0.4606.81 Safari/537.36"
185.12.250.104 - - [05/Aug/2022:21:12:39 +0200] "GET /Main/SideBar HTTP/1.1" 200 10903 "-" "Mozilla/5.0 (Windows NT 10.0; Win64; x64) AppleWebKit/537.36 (KHTML, like Gecko) Chrome/94.0.4606.81 Safari/537.36"
185.12.250.104 - - [05/Aug/2022:21:12:47 +0200] "GET /Ywesee/Stanza?action=upload HTTP/1.1" 200 8784 "-" "Mozilla/5.0 (Windows NT 10.0; Win64; x64) AppleWebKit/537.36 (KHTML, like Gecko) Chrome/94.0.4606.81 Safari/537.36"
185.12.250.104 - - [05/Aug/2022:21:12:55 +0200] "GET /Ywesee/Stanza?action=print HTTP/1.1" 200 2942 "-" "Mozilla/5.0 (Windows NT 10.0; Win64; x64) AppleWebKit/537.36 (KHTML, like Gecko) Chrome/94.0.4606.81 Safari/537.36"
185.12.250.104 - - [05/Aug/2022:21:13:03 +0200] "GET /Ywesee/Stanza?action=diff HTTP/1.1" 200 11247 "-" "Mozilla/5.0 (Windows NT 10.0; Win64; x64) AppleWebKit/537.36 (KHTML, like Gecko) Chrome/94.0.4606.81 Safari/537.36"
77.75.79.101 - - [05/Aug/2022:21:13:53 +0200] "GET /robots.txt HTTP/1.1" 200 - "-" "Mozilla/5.0 (compatible; SeznamBot/3.2; +http://napoveda.seznam.cz/en/seznambot-intro/)"
77.75.79.101 - - [05/Aug/2022:21:13:54 +0200] "GET /Software/XMLConv HTTP/1.1" 200 8709 "-" "Mozilla/5.0 (compatible; SeznamBot/3.2; +http://napoveda.seznam.cz/en/seznambot-intro/)"
89.246.241.14 - - [05/Aug/2022:21:18:42 +0200] "GET /Ywesee/Team HTTP/1.1" 200 18245 "-" "Mozilla/5.0 (Windows NT 10.0; Win64; x64; rv:84.0) Gecko/20100101 Firefox/84.0"
193.247.208.98 - - [05/Aug/2022:21:19:17 +0200] "HEAD / HTTP/1.1" 200 - "https://www.hin.ch" "Mozilla/5.0 (Windows NT 10.0; Win64; x64) AppleWebKit/537.36 (KHTML, like Gecko) Chrome/70.0.3538.102 Safari/537.36"
185.191.171.3 - - [05/Aug/2022:21:20:15 +0200] "GET /Main/2020?action=upload HTTP/1.1" 403 18 "-" "Mozilla/5.0 (compatible; SemrushBot/7~bl; +http://www.semrush.com/bot.html)"
94.23.209.55 - - [05/Aug/2022:21:20:52 +0200] "GET /robots.txt HTTP/1.1" 200 - "-" "Mozilla/5.0 (compatible; MJ12bot/v1.4.8; http://mj12bot.com/)"
94.23.209.55 - - [05/Aug/2022:21:20:58 +0200] "GET /AmiKo/Barcodes?action=edit HTTP/1.1" 403 18 "-" "Mozilla/5.0 (compatible; MJ12bot/v1.4.8; http://mj12bot.com/)"
94.23.209.55 - - [05/Aug/2022:21:21:02 +0200] "GET /AmiKo/Cpp2sqlite?action=edit HTTP/1.1" 403 18 "-" "Mozilla/5.0 (compatible; MJ12bot/v1.4.8; http://mj12bot.com/)"
94.23.209.55 - - [05/Aug/2022:21:21:19 +0200] "GET /AmiKo/Desktop?action=edit HTTP/1.1" 403 18 "-" "Mozilla/5.0 (compatible; MJ12bot/v1.4.8; http://mj12bot.com/)"
94.23.209.55 - - [05/Aug/2022:21:21:38 +0200] "GET /AmiKo/Flyer?action=edit HTTP/1.1" 403 18 "-" "Mozilla/5.0 (compatible; MJ12bot/v1.4.8; http://mj12bot.com/)"
94.23.209.55 - - [05/Aug/2022:21:21:46 +0200] "GET /AmiKo/Index?action=edit HTTP/1.1" 403 18 "-" "Mozilla/5.0 (compatible; MJ12bot/v1.4.8; http://mj12bot.com/)"
51.222.253.8 - - [05/Aug/2022:21:22:24 +0200] "GET /robots.txt HTTP/1.1" 200 - "-" "Mozilla/5.0 (compatible; AhrefsBot/7.0; +http://ahrefs.com/robot/)"
54.36.148.225 - - [05/Aug/2022:21:22:26 +0200] "GET /Main/2015 HTTP/1.1" 200 15908 "-" "Mozilla/5.0 (compatible; AhrefsBot/7.0; +http://ahrefs.com/robot/)"
94.23.209.55 - - [05/Aug/2022:21:22:40 +0200] "GET /AmiKo/Privacy?action=edit HTTP/1.1" 403 18 "-" "Mozilla/5.0 (compatible; MJ12bot/v1.4.8; http://mj12bot.com/)"
94.23.209.55 - - [05/Aug/2022:21:22:45 +0200] "GET /AmiKo/Swisspeddose?action=edit HTTP/1.1" 403 18 "-" "Mozilla/5.0 (compatible; MJ12bot/v1.4.8; http://mj12bot.com/)"
94.23.209.55 - - [05/Aug/2022:21:23:07 +0200] "GET /Android/AmiKo?action=edit HTTP/1.1" 403 18 "-" "Mozilla/5.0 (compatible; MJ12bot/v1.4.8; http://mj12bot.com/)"
94.23.209.55 - - [05/Aug/2022:21:23:25 +0200] "GET /Android/CoMed?action=edit HTTP/1.1" 403 18 "-" "Mozilla/5.0 (compatible; MJ12bot/v1.4.8; http://mj12bot.com/)"
94.23.209.55 - - [05/Aug/2022:21:24:34 +0200] "GET /Bundesrat/Ebook?action=edit HTTP/1.1" 403 18 "-" "Mozilla/5.0 (compatible; MJ12bot/v1.4.8; http://mj12bot.com/)"
94.23.209.55 - - [05/Aug/2022:21:25:31 +0200] "GET /CoMed/ASPP?action=edit HTTP/1.1" 403 18 "-" "Mozilla/5.0 (compatible; MJ12bot/v1.4.8; http://mj12bot.com/)"
94.23.209.55 - - [05/Aug/2022:21:25:38 +0200] "GET /Epha/Flow?action=edit HTTP/1.1" 403 18 "-" "Mozilla/5.0 (compatible; MJ12bot/v1.4.8; http://mj12bot.com/)"
94.23.209.55 - - [05/Aug/2022:21:26:54 +0200] "GET /Main/EANCode?action=edit HTTP/1.1" 403 18 "-" "Mozilla/5.0 (compatible; MJ12bot/v1.4.8; http://mj12bot.com/)"
94.23.209.55 - - [05/Aug/2022:21:27:06 +0200] "GET /Main/EPUB?action=edit HTTP/1.1" 403 18 "-" "Mozilla/5.0 (compatible; MJ12bot/v1.4.8; http://mj12bot.com/)"
94.23.209.55 - - [05/Aug/2022:21:27:33 +0200] "GET /Main/ForderungstabelleSpezialitaetenliste?action=edit HTTP/1.1" 403 18 "-" "Mozilla/5.0 (compatible; MJ12bot/v1.4.8; http://mj12bot.com/)"
89.246.241.14 - - [05/Aug/2022:21:28:14 +0200] "GET /Main/Home?action=edit HTTP/1.1" 200 9268 "-" "Mozilla/5.0 (Windows NT 10.0; Win64; x64; rv:84.0) Gecko/20100101 Firefox/84.0"
89.246.241.14 - - [05/Aug/2022:21:28:20 +0200] "GET /ODDB/IntegrationLookAmpFeelGenerikasuche HTTP/1.1" 200 9097 "-" "Mozilla/5.0 (Windows NT 10.0; Win64; x64; rv:84.0) Gecko/20100101 Firefox/84.0"
94.23.209.55 - - [05/Aug/2022:21:28:20 +0200] "GET /Main/Legende?action=edit HTTP/1.1" 403 18 "-" "Mozilla/5.0 (compatible; MJ12bot/v1.4.8; http://mj12bot.com/)"
94.23.209.55 - - [05/Aug/2022:21:28:38 +0200] "GET /Main/PharmacodeVsEancode?action=edit HTTP/1.1" 403 18 "-" "Mozilla/5.0 (compatible; MJ12bot/v1.4.8; http://mj12bot.com/)"
94.23.209.55 - - [05/Aug/2022:21:28:52 +0200] "GET /Main/SocialMedia?action=edit HTTP/1.1" 403 18 "-" "Mozilla/5.0 (compatible; MJ12bot/v1.4.8; http://mj12bot.com/)"
94.23.209.55 - - [05/Aug/2022:21:29:47 +0200] "GET /Main/WekoBlog?action=edit HTTP/1.1" 403 18 "-" "Mozilla/5.0 (compatible; MJ12bot/v1.4.8; http://mj12bot.com/)"
94.23.209.55 - - [05/Aug/2022:21:30:01 +0200] "GET /Main/WekoBlogAntragAufErweiterung?action=edit HTTP/1.1" 403 18 "-" "Mozilla/5.0 (compatible; MJ12bot/v1.4.8; http://mj12bot.com/)"
94.23.209.55 - - [05/Aug/2022:21:31:56 +0200] "GET /Ywesee/SpezialisierteKrankenkasse?action=edit HTTP/1.1" 403 18 "-" "Mozilla/5.0 (compatible; MJ12bot/v1.4.8; http://mj12bot.com/)"
94.23.209.55 - - [05/Aug/2022:21:32:07 +0200] "GET /Ywesee/Stanza?action=edit HTTP/1.1" 403 18 "-" "Mozilla/5.0 (compatible; MJ12bot/v1.4.8; http://mj12bot.com/)"
94.23.209.55 - - [05/Aug/2022:21:32:18 +0200] "GET /Ywesee/Team?action=edit HTTP/1.1" 403 18 "-" "Mozilla/5.0 (compatible; MJ12bot/v1.4.8; http://mj12bot.com/)"
54.36.148.77 - - [05/Aug/2022:21:34:09 +0200] "GET /Miele/MieleLXIV HTTP/1.1" 200 15367 "-" "Mozilla/5.0 (compatible; AhrefsBot/7.0; +http://ahrefs.com/robot/)"
89.246.241.14 - - [05/Aug/2022:21:37:18 +0200] "GET /Ywesee/OpenSource HTTP/1.1" 200 10790 "-" "Mozilla/5.0 (Windows NT 10.0; Win64; x64; rv:84.0) Gecko/20100101 Firefox/84.0"
54.36.148.243 - - [05/Aug/2022:21:37:29 +0200] "GET / HTTP/1.1" 200 12074 "-" "Mozilla/5.0 (compatible; AhrefsBot/7.0; +http://ahrefs.com/robot/)"
113.247.214.113 - - [05/Aug/2022:21:38:37 +0200] "HEAD / HTTP/1.1" 200 - "-" "curl/7.64.0"
123.130.166.1 - - [05/Aug/2022:21:38:56 +0200] "HEAD / HTTP/1.1" 200 - "-" "curl/7.64.0"
185.191.171.16 - - [05/Aug/2022:21:40:05 +0200] "GET /Android/CoMed?action=edit HTTP/1.1" 403 18 "-" "Mozilla/5.0 (compatible; SemrushBot/7~bl; +http://www.semrush.com/bot.html)"
54.149.85.69 - - [05/Aug/2022:21:40:57 +0200] "GET / HTTP/1.1" 200 12074 "-" "Mozilla/5.0 (X11; Linux x86_64) AppleWebKit/537.36 (KHTML, like Gecko) Chrome/83.0.4103.97 Safari/537.36"
34.221.17.69 - - [05/Aug/2022:21:40:57 +0200] "GET / HTTP/1.1" 200 12074 "-" "Mozilla/5.0 (X11; Linux x86_64) AppleWebKit/537.36 (KHTML, like Gecko) Chrome/83.0.4103.97 Safari/537.36"
194.209.200.2 - - [05/Aug/2022:21:41:00 +0200] "GET /robots.txt HTTP/1.1" 200 - "-" "Mozilla/5.0 (compatible; TMMBot/0.2; +http://www.dslab.ch)/Nutch-1.15"
194.209.200.2 - - [05/Aug/2022:21:41:01 +0200] "GET /ODDB/IndividuelleMediliste HTTP/1.1" 200 9139 "-" "Mozilla/5.0 (compatible; TMMBot/0.2; +http://www.dslab.ch)/Nutch-1.15"
35.160.120.74 - - [05/Aug/2022:21:41:03 +0200] "GET /favicon.ico HTTP/1.1" 200 1406 "-" "Mozilla/5.0 (X11; Linux x86_64) AppleWebKit/537.36 (KHTML, like Gecko) Chrome/83.0.4103.97 Safari/537.36"
35.86.93.98 - - [05/Aug/2022:21:41:13 +0200] "GET / HTTP/1.1" 200 12074 "http://ywesee.com" "Mozilla/5.0 (X11; Linux x86_64) AppleWebKit/537.36 (KHTML, like Gecko) Chrome/83.0.4103.97 Safari/537.36"
194.209.200.2 - - [05/Aug/2022:21:41:28 +0200] "GET /Main/2017 HTTP/1.1" 200 15840 "-" "Mozilla/5.0 (compatible; TMMBot/0.2; +http://www.dslab.ch)/Nutch-1.15"
194.209.200.2 - - [05/Aug/2022:21:41:54 +0200] "GET /Main/2011 HTTP/1.1" 200 21451 "-" "Mozilla/5.0 (compatible; TMMBot/0.2; +http://www.dslab.ch)/Nutch-1.15"
183.198.26.96 - - [05/Aug/2022:21:43:02 +0200] "HEAD / HTTP/1.1" 200 - "-" "curl/7.64.0"
194.209.200.2 - - [05/Aug/2022:21:43:40 +0200] "GET /AmiKo/Web HTTP/1.1" 200 9588 "-" "Mozilla/5.0 (compatible; TMMBot/0.2; +http://www.dslab.ch)/Nutch-1.15"
194.209.200.2 - - [05/Aug/2022:21:44:06 +0200] "GET /Ywesee/Team HTTP/1.1" 200 18245 "-" "Mozilla/5.0 (compatible; TMMBot/0.2; +http://www.dslab.ch)/Nutch-1.15"
192.99.35.94 - - [05/Aug/2022:21:44:07 +0200] "GET /robots.txt HTTP/1.1" 200 - "-" "Mozilla/5.0 (compatible; MJ12bot/v1.4.8; http://mj12bot.com/)"
192.99.35.94 - - [05/Aug/2022:21:44:09 +0200] "GET /AIPS/Bestaetigung?action=edit HTTP/1.1" 403 18 "-" "Mozilla/5.0 (compatible; MJ12bot/v1.4.8; http://mj12bot.com/)"
192.99.35.94 - - [05/Aug/2022:21:44:21 +0200] "GET /Arks/TheGame?action=edit HTTP/1.1" 403 18 "-" "Mozilla/5.0 (compatible; MJ12bot/v1.4.8; http://mj12bot.com/)"
192.99.35.94 - - [05/Aug/2022:21:44:23 +0200] "GET /CoMed/Android?action=edit HTTP/1.1" 403 18 "-" "Mozilla/5.0 (compatible; MJ12bot/v1.4.8; http://mj12bot.com/)"
194.209.200.2 - - [05/Aug/2022:21:44:23 +0200] "GET /Ausschreibung/SAI HTTP/1.1" 200 10366 "-" "Mozilla/5.0 (compatible; TMMBot/0.2; +http://www.dslab.ch)/Nutch-1.15"
194.209.200.2 - - [05/Aug/2022:21:44:30 +0200] "GET /Ywesee/OpenSource HTTP/1.1" 200 10790 "-" "Mozilla/5.0 (compatible; TMMBot/0.2; +http://www.dslab.ch)/Nutch-1.15"
192.99.35.94 - - [05/Aug/2022:21:44:31 +0200] "GET /CoMed/IOS?action=edit HTTP/1.1" 403 18 "-" "Mozilla/5.0 (compatible; MJ12bot/v1.4.8; http://mj12bot.com/)"
192.99.35.94 - - [05/Aug/2022:21:44:34 +0200] "GET /CoronaVirus/Links?action=edit HTTP/1.1" 403 18 "-" "Mozilla/5.0 (compatible; MJ12bot/v1.4.8; http://mj12bot.com/)"
192.99.35.94 - - [05/Aug/2022:21:45:01 +0200] "GET /Eggze/SpreadIt?action=edit HTTP/1.1" 403 18 "-" "Mozilla/5.0 (compatible; MJ12bot/v1.4.8; http://mj12bot.com/)"
192.99.35.94 - - [05/Aug/2022:21:45:46 +0200] "GET /Generikacc/Privacy?action=edit HTTP/1.1" 403 18 "-" "Mozilla/5.0 (compatible; MJ12bot/v1.4.8; http://mj12bot.com/)"
192.99.35.94 - - [05/Aug/2022:21:45:53 +0200] "GET /Main/2004?action=edit HTTP/1.1" 403 18 "-" "Mozilla/5.0 (compatible; MJ12bot/v1.4.8; http://mj12bot.com/)"
194.209.200.2 - - [05/Aug/2022:21:45:59 +0200] "GET /Main/ComCo19122016 HTTP/1.1" 200 10547 "-" "Mozilla/5.0 (compatible; TMMBot/0.2; +http://www.dslab.ch)/Nutch-1.15"
192.99.35.94 - - [05/Aug/2022:21:46:04 +0200] "GET /Main/2008?action=edit HTTP/1.1" 403 18 "-" "Mozilla/5.0 (compatible; MJ12bot/v1.4.8; http://mj12bot.com/)"
192.99.35.94 - - [05/Aug/2022:21:46:08 +0200] "GET /Main/2009?action=edit HTTP/1.1" 403 18 "-" "Mozilla/5.0 (compatible; MJ12bot/v1.4.8; http://mj12bot.com/)"
192.99.35.94 - - [05/Aug/2022:21:46:19 +0200] "GET /Main/2013?action=edit HTTP/1.1" 403 18 "-" "Mozilla/5.0 (compatible; MJ12bot/v1.4.8; http://mj12bot.com/)"
192.99.35.94 - - [05/Aug/2022:21:46:22 +0200] "GET /Main/2014?action=edit HTTP/1.1" 403 18 "-" "Mozilla/5.0 (compatible; MJ12bot/v1.4.8; http://mj12bot.com/)"
192.99.35.94 - - [05/Aug/2022:21:46:27 +0200] "GET /Main/2015?action=edit HTTP/1.1" 403 18 "-" "Mozilla/5.0 (compatible; MJ12bot/v1.4.8; http://mj12bot.com/)"
192.99.35.94 - - [05/Aug/2022:21:46:33 +0200] "GET /Main/2018?action=edit HTTP/1.1" 403 18 "-" "Mozilla/5.0 (compatible; MJ12bot/v1.4.8; http://mj12bot.com/)"
192.99.35.94 - - [05/Aug/2022:21:46:34 +0200] "GET /Main/2019?action=edit HTTP/1.1" 403 18 "-" "Mozilla/5.0 (compatible; MJ12bot/v1.4.8; http://mj12bot.com/)"
192.99.35.94 - - [05/Aug/2022:21:46:36 +0200] "GET /Main/2021?action=edit HTTP/1.1" 403 18 "-" "Mozilla/5.0 (compatible; MJ12bot/v1.4.8; http://mj12bot.com/)"
192.99.35.94 - - [05/Aug/2022:21:46:50 +0200] "GET /Main/Diovan?action=edit HTTP/1.1" 403 18 "-" "Mozilla/5.0 (compatible; MJ12bot/v1.4.8; http://mj12bot.com/)"
192.99.35.94 - - [05/Aug/2022:21:46:54 +0200] "GET /Main/DocumedGalenicaVsYwesee?action=edit HTTP/1.1" 403 18 "-" "Mozilla/5.0 (compatible; MJ12bot/v1.4.8; http://mj12bot.com/)"
192.99.35.94 - - [05/Aug/2022:21:46:57 +0200] "GET /Main/Saldo?action=edit HTTP/1.1" 403 18 "-" "Mozilla/5.0 (compatible; MJ12bot/v1.4.8; http://mj12bot.com/)"
192.99.35.94 - - [05/Aug/2022:21:47:14 +0200] "GET /Newsletter/10052017?action=edit HTTP/1.1" 403 18 "-" "Mozilla/5.0 (compatible; MJ12bot/v1.4.8; http://mj12bot.com/)"
192.99.35.94 - - [05/Aug/2022:21:47:30 +0200] "GET /ODDB/BVGER?action=edit HTTP/1.1" 403 18 "-" "Mozilla/5.0 (compatible; MJ12bot/v1.4.8; http://mj12bot.com/)"
192.99.35.94 - - [05/Aug/2022:21:47:46 +0200] "GET /PublicDomain/StammdatenFR?action=edit HTTP/1.1" 403 18 "-" "Mozilla/5.0 (compatible; MJ12bot/v1.4.8; http://mj12bot.com/)"
192.99.35.94 - - [05/Aug/2022:21:48:14 +0200] "GET /Refdatabase/Index?action=edit HTTP/1.1" 403 18 "-" "Mozilla/5.0 (compatible; MJ12bot/v1.4.8; http://mj12bot.com/)"
89.246.241.14 - - [05/Aug/2022:21:50:58 +0200] "GET /Ywesee/Events HTTP/1.1" 200 8918 "-" "Mozilla/5.0 (Windows NT 10.0; Win64; x64; rv:84.0) Gecko/20100101 Firefox/84.0"
136.243.17.161 - - [05/Aug/2022:21:54:46 +0200] "GET /Main/2005 HTTP/1.1" 200 63344 "-" "Mozilla/5.0 (X11; Ubuntu; Linux x86_64; rv:77.0) Gecko/20100101 Firefox/77.0"
85.208.98.18 - - [05/Aug/2022:22:06:57 +0200] "GET / HTTP/1.1" 200 12074 "-" "Mozilla/5.0 (compatible; SemrushBot; +http://www.semrush.com/bot.html)"
185.191.171.19 - - [05/Aug/2022:22:07:05 +0200] "GET /robots.txt HTTP/1.1" 200 - "-" "Mozilla/5.0 (compatible; SemrushBot/7~bl; +http://www.semrush.com/bot.html)"
185.191.171.18 - - [05/Aug/2022:22:07:06 +0200] "GET /ODDB/ODDBxml?action=print HTTP/1.1" 403 18 "-" "Mozilla/5.0 (compatible; SemrushBot/7~bl; +http://www.semrush.com/bot.html)"
109.237.100.22 - - [05/Aug/2022:22:10:33 +0200] "GET /.env HTTP/1.1" 404 263 "-" "Mozilla/5.0 (X11; Linux x86_64) AppleWebKit/537.36 (KHTML, like Gecko) Chrome/81.0.4044.129 Safari/537.36"
40.77.167.78 - - [05/Aug/2022:22:12:26 +0200] "GET /oddb2xml/bemerkungen HTTP/1.1" 404 279 "-" "Mozilla/5.0 (compatible; bingbot/2.0; +http://www.bing.com/bingbot.htm)"
77.75.79.95 - - [05/Aug/2022:22:15:47 +0200] "GET /robots.txt HTTP/1.1" 200 - "-" "Mozilla/5.0 (compatible; SeznamBot/3.2; +http://napoveda.seznam.cz/en/seznambot-intro/)"
77.75.79.95 - - [05/Aug/2022:22:15:48 +0200] "GET /ODDB/IntegrationLookAmpFeelGenerikasuche HTTP/1.1" 200 9097 "-" "Mozilla/5.0 (compatible; SeznamBot/3.2; +http://napoveda.seznam.cz/en/seznambot-intro/)"
89.246.241.14 - - [05/Aug/2022:22:16:11 +0200] "GET /Software/Spreadsheet HTTP/1.1" 200 8839 "-" "Mozilla/5.0 (Windows NT 10.0; Win64; x64; rv:84.0) Gecko/20100101 Firefox/84.0"
89.246.241.14 - - [05/Aug/2022:22:16:30 +0200] "GET /Software/ODDB HTTP/1.1" 200 10298 "-" "Mozilla/5.0 (Windows NT 10.0; Win64; x64; rv:84.0) Gecko/20100101 Firefox/84.0"
185.191.171.15 - - [05/Aug/2022:22:17:15 +0200] "GET /Swissmedic/Vertriebsunterbruch?n=Main.SideBar%3Faction%3Dedit HTTP/1.1" 302 157 "-" "Mozilla/5.0 (compatible; SemrushBot/7~bl; +http://www.semrush.com/bot.html)"
194.209.200.2 - - [05/Aug/2022:22:18:37 +0200] "GET /robots.txt HTTP/1.1" 200 - "-" "Mozilla/5.0 (compatible; TMMBot/0.2; +http://www.dslab.ch)/Nutch-1.15"
194.209.200.2 - - [05/Aug/2022:22:18:37 +0200] "GET /ODDB/IndividuelleMediliste HTTP/1.1" 200 9139 "-" "Mozilla/5.0 (compatible; TMMBot/0.2; +http://www.dslab.ch)/Nutch-1.15"
194.209.200.2 - - [05/Aug/2022:22:19:06 +0200] "GET /Main/2017 HTTP/1.1" 200 15840 "-" "Mozilla/5.0 (compatible; TMMBot/0.2; +http://www.dslab.ch)/Nutch-1.15"
194.209.200.2 - - [05/Aug/2022:22:19:23 +0200] "GET /Main/2013 HTTP/1.1" 200 20487 "-" "Mozilla/5.0 (compatible; TMMBot/0.2; +http://www.dslab.ch)/Nutch-1.15"
194.209.200.2 - - [05/Aug/2022:22:21:25 +0200] "GET /AmiKo/Web HTTP/1.1" 200 9588 "-" "Mozilla/5.0 (compatible; TMMBot/0.2; +http://www.dslab.ch)/Nutch-1.15"
194.209.200.2 - - [05/Aug/2022:22:21:30 +0200] "GET /Generikacc/App HTTP/1.1" 200 11862 "-" "Mozilla/5.0 (compatible; TMMBot/0.2; +http://www.dslab.ch)/Nutch-1.15"
89.246.241.14 - - [05/Aug/2022:22:21:40 +0200] "GET /ODDB/StammdatenCH HTTP/1.1" 200 9300 "-" "Mozilla/5.0 (Windows NT 10.0; Win64; x64; rv:84.0) Gecko/20100101 Firefox/84.0"
194.209.200.2 - - [05/Aug/2022:22:21:53 +0200] "GET /Ywesee/Team HTTP/1.1" 200 18245 "-" "Mozilla/5.0 (compatible; TMMBot/0.2; +http://www.dslab.ch)/Nutch-1.15"
194.209.200.2 - - [05/Aug/2022:22:22:11 +0200] "GET /Ausschreibung/SAI HTTP/1.1" 200 10366 "-" "Mozilla/5.0 (compatible; TMMBot/0.2; +http://www.dslab.ch)/Nutch-1.15"
194.209.200.2 - - [05/Aug/2022:22:22:19 +0200] "GET /Ywesee/OpenSource HTTP/1.1" 200 10790 "-" "Mozilla/5.0 (compatible; TMMBot/0.2; +http://www.dslab.ch)/Nutch-1.15"
89.246.241.14 - - [05/Aug/2022:22:22:38 +0200] "GET /Main/SideBar?action=edit HTTP/1.1" 200 9310 "-" "Mozilla/5.0 (Windows NT 10.0; Win64; x64; rv:84.0) Gecko/20100101 Firefox/84.0"
194.209.200.2 - - [05/Aug/2022:22:23:11 +0200] "GET /Main/2018 HTTP/1.1" 200 15425 "-" "Mozilla/5.0 (compatible; TMMBot/0.2; +http://www.dslab.ch)/Nutch-1.15"
207.46.13.169 - - [05/Aug/2022:22:23:40 +0200] "GET /uploads/Main/344_Email_an_Andreas_Balsiger_12.2.2007.txt HTTP/1.1" 200 3584 "-" "Mozilla/5.0 (compatible; bingbot/2.0; +http://www.bing.com/bingbot.htm)"
194.209.200.2 - - [05/Aug/2022:22:23:49 +0200] "GET /Main/ComCo19122016 HTTP/1.1" 200 10547 "-" "Mozilla/5.0 (compatible; TMMBot/0.2; +http://www.dslab.ch)/Nutch-1.15"
89.246.241.14 - - [05/Aug/2022:22:25:12 +0200] "GET /Software/YDIM HTTP/1.1" 200 8834 "-" "Mozilla/5.0 (Windows NT 10.0; Win64; x64; rv:84.0) Gecko/20100101 Firefox/84.0"
49.7.21.122 - - [05/Aug/2022:22:28:10 +0200] "GET / HTTP/1.1" 200 12074 "-" "Sogou web spider/4.0(+http://www.sogou.com/docs/help/webmasters.htm#07)"
89.246.241.14 - - [05/Aug/2022:22:28:43 +0200] "GET /AmiKo/Index HTTP/1.1" 200 9511 "-" "Mozilla/5.0 (Windows NT 10.0; Win64; x64; rv:84.0) Gecko/20100101 Firefox/84.0"
185.191.171.26 - - [05/Aug/2022:22:30:20 +0200] "GET /Main/MediStammdatenKostenSchweiz?action=edit HTTP/1.1" 403 18 "-" "Mozilla/5.0 (compatible; SemrushBot/7~bl; +http://www.semrush.com/bot.html)"
89.246.241.14 - - [05/Aug/2022:22:36:20 +0200] "GET /Main/DocumedGalenicaVsYwesee HTTP/1.1" 200 35251 "-" "Mozilla/5.0 (Windows NT 10.0; Win64; x64; rv:84.0) Gecko/20100101 Firefox/84.0"
89.246.241.14 - - [05/Aug/2022:22:36:33 +0200] "GET /Main/DocumedGalenicaVsYwesee?action=edit HTTP/1.1" 200 9519 "-" "Mozilla/5.0 (Windows NT 10.0; Win64; x64; rv:84.0) Gecko/20100101 Firefox/84.0"
89.246.241.14 - - [05/Aug/2022:22:36:38 +0200] "GET /Main/DocumedGalenicaVsYwesee?n=Main.SideBar?action=edit HTTP/1.1" 200 9341 "-" "Mozilla/5.0 (Windows NT 10.0; Win64; x64; rv:84.0) Gecko/20100101 Firefox/84.0"
89.246.241.14 - - [05/Aug/2022:22:36:43 +0200] "GET /Main/DocumedGalenicaVsYwesee?action=upload HTTP/1.1" 200 8985 "-" "Mozilla/5.0 (Windows NT 10.0; Win64; x64; rv:84.0) Gecko/20100101 Firefox/84.0"
89.246.241.14 - - [05/Aug/2022:22:36:49 +0200] "GET /Main/DocumedGalenicaVsYwesee?action=print HTTP/1.1" 200 29761 "-" "Mozilla/5.0 (Windows NT 10.0; Win64; x64; rv:84.0) Gecko/20100101 Firefox/84.0"
89.246.241.14 - - [05/Aug/2022:22:36:54 +0200] "GET /Main/DocumedGalenicaVsYwesee?action=diff HTTP/1.1" 200 116300 "-" "Mozilla/5.0 (Windows NT 10.0; Win64; x64; rv:84.0) Gecko/20100101 Firefox/84.0"
89.246.241.14 - - [05/Aug/2022:22:37:00 +0200] "GET /uploads/Main/Kommerzialisierung_von_elektronischen_Medikamenteninformationen_Verfgung_vom_19._Dezember_2016_Version_7.1.2021.pdf HTTP/1.1" 200 2107804 "-" "Mozilla/5.0 (Windows NT 10.0; Win64; x64; rv:84.0) Gecko/20100101 Firefox/84.0"
89.246.241.14 - - [05/Aug/2022:22:37:06 +0200] "GET /uploads/Main/Verfgung_WEKO_vom_19._Dezember_2016.pdf HTTP/1.1" 200 6827164 "-" "Mozilla/5.0 (Windows NT 10.0; Win64; x64; rv:84.0) Gecko/20100101 Firefox/84.0"
185.191.171.23 - - [05/Aug/2022:22:41:19 +0200] "GET /SpitalSchweiz/Index?n=Main.SideBar%3Faction%3Dedit HTTP/1.1" 302 157 "-" "Mozilla/5.0 (compatible; SemrushBot/7~bl; +http://www.semrush.com/bot.html)"
89.246.241.14 - - [05/Aug/2022:22:42:18 +0200] "GET /AmiKo/OSX HTTP/1.1" 200 9772 "-" "Mozilla/5.0 (Windows NT 10.0; Win64; x64; rv:84.0) Gecko/20100101 Firefox/84.0"
89.246.241.14 - - [05/Aug/2022:22:42:55 +0200] "GET /Generikacc/App HTTP/1.1" 200 11862 "-" "Mozilla/5.0 (Windows NT 10.0; Win64; x64; rv:84.0) Gecko/20100101 Firefox/84.0"
3.18.61.139 - - [05/Aug/2022:22:43:56 +0200] "GET / HTTP/1.1" 200 12074 "-" "Mozilla/5.0 (Windows NT 10.0; Win64; x64) AppleWebKit/537.36 (KHTML, like Gecko) Chrome/81.0.4044.122 Safari/537.36"
158.69.246.54 - - [05/Aug/2022:22:45:48 +0200] "GET /robots.txt HTTP/1.1" 200 - "-" "Mozilla/5.0 (compatible; MJ12bot/v1.4.8; http://mj12bot.com/)"
158.69.246.54 - - [05/Aug/2022:22:45:50 +0200] "GET /Main/2010?action=edit HTTP/1.1" 403 18 "-" "Mozilla/5.0 (compatible; MJ12bot/v1.4.8; http://mj12bot.com/)"
158.69.246.54 - - [05/Aug/2022:22:45:51 +0200] "GET /Main/2012?action=edit HTTP/1.1" 403 18 "-" "Mozilla/5.0 (compatible; MJ12bot/v1.4.8; http://mj12bot.com/)"
89.246.241.14 - - [05/Aug/2022:22:46:21 +0200] "GET /CoMed/ASPP HTTP/1.1" 200 13118 "-" "Mozilla/5.0 (Windows NT 10.0; Win64; x64; rv:84.0) Gecko/20100101 Firefox/84.0"
89.246.241.14 - - [05/Aug/2022:22:46:58 +0200] "GET /Software/BBMB HTTP/1.1" 200 9385 "-" "Mozilla/5.0 (Windows NT 10.0; Win64; x64; rv:84.0) Gecko/20100101 Firefox/84.0"
212.102.41.36 - - [05/Aug/2022:22:54:32 +0200] "GET /wp-login.php HTTP/1.1" 404 275 "-" "Mozilla/5.0 (Windows NT 10.0; Win64; x64) AppleWebKit/537.36 (KHTML, like Gecko) Chrome/91.0.4472.124 Safari/537.36"
77.75.78.160 - - [05/Aug/2022:22:54:40 +0200] "GET /robots.txt HTTP/1.1" 200 - "-" "Mozilla/5.0 (compatible; SeznamBot/3.2; +http://napoveda.seznam.cz/en/seznambot-intro/)"
77.75.78.160 - - [05/Aug/2022:22:54:41 +0200] "GET /AmiKo/Windows HTTP/1.1" 200 10332 "-" "Mozilla/5.0 (compatible; SeznamBot/3.2; +http://napoveda.seznam.cz/en/seznambot-intro/)"
194.209.200.2 - - [05/Aug/2022:22:56:15 +0200] "GET /robots.txt HTTP/1.1" 200 - "-" "Mozilla/5.0 (compatible; TMMBot/0.2; +http://www.dslab.ch)/Nutch-1.15"
194.209.200.2 - - [05/Aug/2022:22:56:15 +0200] "GET /Software/YDIM HTTP/1.1" 200 8834 "-" "Mozilla/5.0 (compatible; TMMBot/0.2; +http://www.dslab.ch)/Nutch-1.15"
194.209.200.2 - - [05/Aug/2022:22:57:36 +0200] "GET /ODDB/IndividuelleMediliste HTTP/1.1" 200 9139 "-" "Mozilla/5.0 (compatible; TMMBot/0.2; +http://www.dslab.ch)/Nutch-1.15"
194.209.200.2 - - [05/Aug/2022:22:58:01 +0200] "GET /Main/2004 HTTP/1.1" 200 14080 "-" "Mozilla/5.0 (compatible; TMMBot/0.2; +http://www.dslab.ch)/Nutch-1.15"
194.209.200.2 - - [05/Aug/2022:22:58:05 +0200] "GET /Main/2017 HTTP/1.1" 200 15840 "-" "Mozilla/5.0 (compatible; TMMBot/0.2; +http://www.dslab.ch)/Nutch-1.15"
194.209.200.2 - - [05/Aug/2022:23:00:24 +0200] "GET /AmiKo/Web HTTP/1.1" 200 9588 "-" "Mozilla/5.0 (compatible; TMMBot/0.2; +http://www.dslab.ch)/Nutch-1.15"
194.209.200.2 - - [05/Aug/2022:23:02:54 +0200] "GET /Main/ComCo19122016 HTTP/1.1" 200 10547 "-" "Mozilla/5.0 (compatible; TMMBot/0.2; +http://www.dslab.ch)/Nutch-1.15"
158.69.243.99 - - [05/Aug/2022:23:05:46 +0200] "GET /robots.txt HTTP/1.1" 200 - "-" "Mozilla/5.0 (compatible; MJ12bot/v1.4.8; http://mj12bot.com/)"
158.69.243.99 - - [05/Aug/2022:23:05:47 +0200] "GET /Aips2sqlite/Release?action=edit HTTP/1.1" 403 18 "-" "Mozilla/5.0 (compatible; MJ12bot/v1.4.8; http://mj12bot.com/)"
158.69.243.99 - - [05/Aug/2022:23:05:49 +0200] "GET /AmiKo/KrankenkassenKartenleser?action=edit HTTP/1.1" 403 18 "-" "Mozilla/5.0 (compatible; MJ12bot/v1.4.8; http://mj12bot.com/)"
158.69.243.99 - - [05/Aug/2022:23:05:50 +0200] "GET /AmiKo/OSXRezeptfunktion?action=edit HTTP/1.1" 403 18 "-" "Mozilla/5.0 (compatible; MJ12bot/v1.4.8; http://mj12bot.com/)"
158.69.243.99 - - [05/Aug/2022:23:05:52 +0200] "GET /AmiKo/OSXSatzexport?action=edit HTTP/1.1" 403 18 "-" "Mozilla/5.0 (compatible; MJ12bot/v1.4.8; http://mj12bot.com/)"
158.69.243.99 - - [05/Aug/2022:23:05:54 +0200] "GET /AmiKo/SAPP?action=edit HTTP/1.1" 403 18 "-" "Mozilla/5.0 (compatible; MJ12bot/v1.4.8; http://mj12bot.com/)"
158.69.243.99 - - [05/Aug/2022:23:05:55 +0200] "GET /Covid19/Covid19?action=edit HTTP/1.1" 403 18 "-" "Mozilla/5.0 (compatible; MJ12bot/v1.4.8; http://mj12bot.com/)"
158.69.243.99 - - [05/Aug/2022:23:05:57 +0200] "GET /Emediat/Swissindex?action=edit HTTP/1.1" 403 18 "-" "Mozilla/5.0 (compatible; MJ12bot/v1.4.8; http://mj12bot.com/)"
158.69.243.99 - - [05/Aug/2022:23:05:58 +0200] "GET /Main/AIPS-XML?action=edit HTTP/1.1" 403 18 "-" "Mozilla/5.0 (compatible; MJ12bot/v1.4.8; http://mj12bot.com/)"
158.69.243.99 - - [05/Aug/2022:23:06:00 +0200] "GET /Main/ExtremeProgramming?action=edit HTTP/1.1" 403 18 "-" "Mozilla/5.0 (compatible; MJ12bot/v1.4.8; http://mj12bot.com/)"
158.69.243.99 - - [05/Aug/2022:23:06:01 +0200] "GET /Main/Gtin2atc?action=edit HTTP/1.1" 403 18 "-" "Mozilla/5.0 (compatible; MJ12bot/v1.4.8; http://mj12bot.com/)"
158.69.243.99 - - [05/Aug/2022:23:06:03 +0200] "GET /Main/SideBar?action=edit HTTP/1.1" 403 18 "-" "Mozilla/5.0 (compatible; MJ12bot/v1.4.8; http://mj12bot.com/)"
157.90.182.30 - - [05/Aug/2022:23:06:04 +0200] "GET /robots.txt HTTP/1.1" 200 - "-" "Mozilla/5.0 (compatible; BLEXBot/1.0; +http://webmeup-crawler.com/)"
157.90.182.30 - - [05/Aug/2022:23:06:05 +0200] "GET /sitemap HTTP/1.1" 404 266 "-" "Mozilla/5.0 (compatible; BLEXBot/1.0; +http://webmeup-crawler.com/)"
157.90.182.30 - - [05/Aug/2022:23:06:09 +0200] "GET /robots.txt HTTP/1.1" 200 - "-" "Mozilla/5.0 (compatible; BLEXBot/1.0; +http://webmeup-crawler.com/)"
157.90.182.30 - - [05/Aug/2022:23:06:10 +0200] "GET /sitemap HTTP/1.1" 404 270 "-" "Mozilla/5.0 (compatible; BLEXBot/1.0; +http://webmeup-crawler.com/)"
157.90.182.30 - - [05/Aug/2022:23:06:12 +0200] "GET /sitemap.txt HTTP/1.1" 404 270 "-" "Mozilla/5.0 (compatible; BLEXBot/1.0; +http://webmeup-crawler.com/)"
157.90.182.30 - - [05/Aug/2022:23:06:14 +0200] "GET /sitemap.txt HTTP/1.1" 404 274 "-" "Mozilla/5.0 (compatible; BLEXBot/1.0; +http://webmeup-crawler.com/)"
185.191.171.7 - - [05/Aug/2022:23:06:18 +0200] "GET /Main/2019 HTTP/1.1" 200 15246 "-" "Mozilla/5.0 (compatible; SemrushBot/7~bl; +http://www.semrush.com/bot.html)"
89.246.241.14 - - [05/Aug/2022:23:07:08 +0200] "GET /uploads/Main/amiko_owner_report_fr.html HTTP/1.1" 200 6637 "-" "Mozilla/5.0 (Windows NT 10.0; Win64; x64; rv:84.0) Gecko/20100101 Firefox/84.0"
89.246.241.14 - - [05/Aug/2022:23:08:56 +0200] "GET /AmiKo/IOS HTTP/1.1" 200 11930 "-" "Mozilla/5.0 (Windows NT 10.0; Win64; x64; rv:84.0) Gecko/20100101 Firefox/84.0"
89.246.241.14 - - [05/Aug/2022:23:27:36 +0200] "GET /Main/Home?n=Main.SideBar?action=edit HTTP/1.1" 200 9322 "-" "Mozilla/5.0 (Windows NT 10.0; Win64; x64; rv:84.0) Gecko/20100101 Firefox/84.0"
54.36.148.68 - - [05/Aug/2022:23:33:55 +0200] "GET /Main/2006 HTTP/1.1" 200 39320 "-" "Mozilla/5.0 (compatible; AhrefsBot/7.0; +http://ahrefs.com/robot/)"
194.209.200.2 - - [05/Aug/2022:23:34:42 +0200] "GET /robots.txt HTTP/1.1" 200 - "-" "Mozilla/5.0 (compatible; TMMBot/0.2; +http://www.dslab.ch)/Nutch-1.15"
194.209.200.2 - - [05/Aug/2022:23:34:42 +0200] "GET /Miele/MieleLXIV HTTP/1.1" 200 15367 "-" "Mozilla/5.0 (compatible; TMMBot/0.2; +http://www.dslab.ch)/Nutch-1.15"
54.36.148.223 - - [05/Aug/2022:23:36:20 +0200] "GET /Ywesee/BitcoinBlockchain HTTP/1.1" 200 9811 "-" "Mozilla/5.0 (compatible; AhrefsBot/7.0; +http://ahrefs.com/robot/)"
194.209.200.2 - - [05/Aug/2022:23:36:27 +0200] "GET /ODDB/IndividuelleMediliste HTTP/1.1" 200 9139 "-" "Mozilla/5.0 (compatible; TMMBot/0.2; +http://www.dslab.ch)/Nutch-1.15"
194.209.200.2 - - [05/Aug/2022:23:36:52 +0200] "GET /Main/2004 HTTP/1.1" 200 14080 "-" "Mozilla/5.0 (compatible; TMMBot/0.2; +http://www.dslab.ch)/Nutch-1.15"
194.209.200.2 - - [05/Aug/2022:23:36:56 +0200] "GET /Main/2017 HTTP/1.1" 200 15840 "-" "Mozilla/5.0 (compatible; TMMBot/0.2; +http://www.dslab.ch)/Nutch-1.15"
54.36.148.151 - - [05/Aug/2022:23:37:14 +0200] "GET /Scan2Post/MacOS HTTP/1.1" 200 9023 "-" "Mozilla/5.0 (compatible; AhrefsBot/7.0; +http://ahrefs.com/robot/)"
194.209.200.2 - - [05/Aug/2022:23:37:23 +0200] "GET /Main/2011 HTTP/1.1" 200 21451 "-" "Mozilla/5.0 (compatible; TMMBot/0.2; +http://www.dslab.ch)/Nutch-1.15"
194.209.200.2 - - [05/Aug/2022:23:39:15 +0200] "GET /AmiKo/Web HTTP/1.1" 200 9588 "-" "Mozilla/5.0 (compatible; TMMBot/0.2; +http://www.dslab.ch)/Nutch-1.15"
194.209.200.2 - - [05/Aug/2022:23:39:42 +0200] "GET /Ywesee/Team HTTP/1.1" 200 18245 "-" "Mozilla/5.0 (compatible; TMMBot/0.2; +http://www.dslab.ch)/Nutch-1.15"
194.209.200.2 - - [05/Aug/2022:23:40:07 +0200] "GET /Ywesee/OpenSource HTTP/1.1" 200 10790 "-" "Mozilla/5.0 (compatible; TMMBot/0.2; +http://www.dslab.ch)/Nutch-1.15"
89.246.241.14 - - [05/Aug/2022:23:40:21 +0200] "GET /Main/Home?action=print HTTP/1.1" 200 6885 "-" "Mozilla/5.0 (Windows NT 10.0; Win64; x64; rv:84.0) Gecko/20100101 Firefox/84.0"
194.209.200.2 - - [05/Aug/2022:23:41:01 +0200] "GET /Main/2018 HTTP/1.1" 200 15425 "-" "Mozilla/5.0 (compatible; TMMBot/0.2; +http://www.dslab.ch)/Nutch-1.15"
185.191.171.39 - - [05/Aug/2022:23:41:26 +0200] "GET /robots.txt HTTP/1.1" 200 - "-" "Mozilla/5.0 (compatible; SemrushBot/7~bl; +http://www.semrush.com/bot.html)"
185.191.171.9 - - [05/Aug/2022:23:41:27 +0200] "GET /ODDB/BVGER?action=edit HTTP/1.1" 403 18 "-" "Mozilla/5.0 (compatible; SemrushBot/7~bl; +http://www.semrush.com/bot.html)"
194.209.200.2 - - [05/Aug/2022:23:41:33 +0200] "GET /AmiKo/Android HTTP/1.1" 200 10427 "-" "Mozilla/5.0 (compatible; TMMBot/0.2; +http://www.dslab.ch)/Nutch-1.15"
42.83.147.34 - - [05/Aug/2022:23:41:37 +0200] "GET / HTTP/1.1" 200 12074 "-" "Mozilla/5.0 (Windows NT 6.1; Win64; x64) AppleWebKit/537.36 (KHTML, like Gecko)Chrome/74.0.3729.169 Safari/537.36"
194.209.200.2 - - [05/Aug/2022:23:41:42 +0200] "GET /Main/ComCo19122016 HTTP/1.1" 200 10547 "-" "Mozilla/5.0 (compatible; TMMBot/0.2; +http://www.dslab.ch)/Nutch-1.15"
40.77.167.78 - - [05/Aug/2022:23:42:04 +0200] "GET /Ywesee/About?action=diff HTTP/1.1" 403 18 "-" "Mozilla/5.0 (compatible; bingbot/2.0; +http://www.bing.com/bingbot.htm)"
194.209.200.2 - - [05/Aug/2022:23:42:26 +0200] "GET /Software/XMLConv HTTP/1.1" 200 8709 "-" "Mozilla/5.0 (compatible; TMMBot/0.2; +http://www.dslab.ch)/Nutch-1.15"
207.46.13.128 - - [05/Aug/2022:23:44:49 +0200] "GET /oddb2xml/index HTTP/1.1" 404 273 "-" "Mozilla/5.0 AppleWebKit/537.36 (KHTML, like Gecko; compatible; bingbot/2.0; +http://www.bing.com/bingbot.htm) Chrome/103.0.5060.134 Safari/537.36"
20.191.45.212 - - [05/Aug/2022:23:53:15 +0200] "GET / HTTP/1.1" 200 12074 "https://ywesee.com/" "Mozilla/5.0 (compatible; DuckDuckGo-Favicons-Bot/1.0; +http://duckduckgo.com)"
20.191.45.212 - - [05/Aug/2022:23:53:16 +0200] "GET /favicon.ico HTTP/1.1" 200 1406 "https://ywesee.com/favicon.ico" "Mozilla/5.0 (compatible; DuckDuckGo-Favicons-Bot/1.0; +http://duckduckgo.com)"
