85.208.98.18 - - [12/Jul/2022:10:35:28 +0200] "HEAD / HTTP/1.1" 200 - "http://www.ywesee.com" "Mozilla/5.0 (compatible; SemrushBot; +http://www.semrush.com/bot.html)"
85.208.98.18 - - [12/Jul/2022:10:35:28 +0200] "HEAD / HTTP/1.1" 200 - "http://www.ywesee.com" "Mozilla/5.0 (compatible; SemrushBot; +http://www.semrush.com/bot.html)"
85.208.98.18 - - [12/Jul/2022:10:35:28 +0200] "HEAD / HTTP/1.1" 200 - "http://www.ywesee.com" "Mozilla/5.0 (compatible; SemrushBot; +http://www.semrush.com/bot.html)"
194.209.200.2 - - [12/Jul/2022:10:49:42 +0200] "GET /robots.txt HTTP/1.1" 200 - "-" "Mozilla/5.0 (compatible; TMMBot/0.2; +http://www.dslab.ch)/Nutch-1.15"
194.209.200.2 - - [12/Jul/2022:10:49:42 +0200] "GET /Oddb2xml/Index HTTP/1.1" 200 8983 "-" "Mozilla/5.0 (compatible; TMMBot/0.2; +http://www.dslab.ch)/Nutch-1.15"
194.209.200.2 - - [12/Jul/2022:10:50:07 +0200] "GET /Miele/MieleLXIV HTTP/1.1" 200 15367 "-" "Mozilla/5.0 (compatible; TMMBot/0.2; +http://www.dslab.ch)/Nutch-1.15"
194.209.200.2 - - [12/Jul/2022:10:52:26 +0200] "GET /Main/2006 HTTP/1.1" 200 39320 "-" "Mozilla/5.0 (compatible; TMMBot/0.2; +http://www.dslab.ch)/Nutch-1.15"
194.209.200.2 - - [12/Jul/2022:10:53:11 +0200] "GET /AmiKo/IOS HTTP/1.1" 200 11930 "-" "Mozilla/5.0 (compatible; TMMBot/0.2; +http://www.dslab.ch)/Nutch-1.15"
194.209.200.2 - - [12/Jul/2022:10:55:21 +0200] "GET /Generikacc/App HTTP/1.1" 200 11862 "-" "Mozilla/5.0 (compatible; TMMBot/0.2; +http://www.dslab.ch)/Nutch-1.15"
194.209.200.2 - - [12/Jul/2022:10:55:32 +0200] "GET /Software/ODDB HTTP/1.1" 200 10298 "-" "Mozilla/5.0 (compatible; TMMBot/0.2; +http://www.dslab.ch)/Nutch-1.15"
194.209.200.2 - - [12/Jul/2022:10:57:13 +0200] "GET /Main/2018 HTTP/1.1" 200 15425 "-" "Mozilla/5.0 (compatible; TMMBot/0.2; +http://www.dslab.ch)/Nutch-1.15"
194.209.200.2 - - [12/Jul/2022:10:57:23 +0200] "GET /Main/2016 HTTP/1.1" 200 13689 "-" "Mozilla/5.0 (compatible; TMMBot/0.2; +http://www.dslab.ch)/Nutch-1.15"
194.209.200.2 - - [12/Jul/2022:10:57:32 +0200] "GET /Main/2014 HTTP/1.1" 200 19471 "-" "Mozilla/5.0 (compatible; TMMBot/0.2; +http://www.dslab.ch)/Nutch-1.15"
194.209.200.2 - - [12/Jul/2022:10:57:40 +0200] "GET /Main/2012 HTTP/1.1" 200 31941 "-" "Mozilla/5.0 (compatible; TMMBot/0.2; +http://www.dslab.ch)/Nutch-1.15"
194.209.200.2 - - [12/Jul/2022:10:57:48 +0200] "GET /ODDB/IntegrationLookAmpFeelGenerikasuche HTTP/1.1" 200 9097 "-" "Mozilla/5.0 (compatible; TMMBot/0.2; +http://www.dslab.ch)/Nutch-1.15"
194.209.200.2 - - [12/Jul/2022:10:57:51 +0200] "GET /AmiKo/Android HTTP/1.1" 200 10427 "-" "Mozilla/5.0 (compatible; TMMBot/0.2; +http://www.dslab.ch)/Nutch-1.15"
194.209.200.2 - - [12/Jul/2022:10:57:59 +0200] "GET /Main/ComCo19122016 HTTP/1.1" 200 10547 "-" "Mozilla/5.0 (compatible; TMMBot/0.2; +http://www.dslab.ch)/Nutch-1.15"
194.209.200.2 - - [12/Jul/2022:10:58:49 +0200] "GET /Software/XMLConv HTTP/1.1" 200 8709 "-" "Mozilla/5.0 (compatible; TMMBot/0.2; +http://www.dslab.ch)/Nutch-1.15"
94.140.114.213 - - [12/Jul/2022:10:59:56 +0200] "GET / HTTP/1.1" 200 12074 "http://www.ywesee.com" "Mozilla/5.0 (Windows NT 6.3) AppleWebKit/537.36 (KHTML, like Gecko) Chrome/47.0.2526.111 YaBrowser/16.2.0.3539 Safari/537.36"
54.36.148.50 - - [12/Jul/2022:11:10:38 +0200] "GET /AmiKo/OSXSatzexport HTTP/1.1" 200 9993 "-" "Mozilla/5.0 (compatible; AhrefsBot/7.0; +http://ahrefs.com/robot/)"
54.36.149.60 - - [12/Jul/2022:11:12:22 +0200] "GET /Software/BBMB?action=edit HTTP/1.1" 403 18 "-" "Mozilla/5.0 (compatible; AhrefsBot/7.0; +http://ahrefs.com/robot/)"
54.36.148.129 - - [12/Jul/2022:11:13:15 +0200] "GET /Main/2010 HTTP/1.1" 200 27997 "-" "Mozilla/5.0 (compatible; AhrefsBot/7.0; +http://ahrefs.com/robot/)"
194.209.200.2 - - [12/Jul/2022:11:24:51 +0200] "GET /robots.txt HTTP/1.1" 200 - "-" "Mozilla/5.0 (compatible; TMMBot/0.2; +http://www.dslab.ch)/Nutch-1.15"
194.209.200.2 - - [12/Jul/2022:11:24:52 +0200] "GET /AmiKo/Linux HTTP/1.1" 200 9217 "-" "Mozilla/5.0 (compatible; TMMBot/0.2; +http://www.dslab.ch)/Nutch-1.15"
194.209.200.2 - - [12/Jul/2022:11:24:57 +0200] "GET /Miele/MieleLXIV HTTP/1.1" 200 15367 "-" "Mozilla/5.0 (compatible; TMMBot/0.2; +http://www.dslab.ch)/Nutch-1.15"
194.209.200.2 - - [12/Jul/2022:11:27:03 +0200] "GET /Main/2006 HTTP/1.1" 200 39320 "-" "Mozilla/5.0 (compatible; TMMBot/0.2; +http://www.dslab.ch)/Nutch-1.15"
194.209.200.2 - - [12/Jul/2022:11:27:42 +0200] "GET /AmiKo/IOS HTTP/1.1" 200 11930 "-" "Mozilla/5.0 (compatible; TMMBot/0.2; +http://www.dslab.ch)/Nutch-1.15"
194.209.200.2 - - [12/Jul/2022:11:29:51 +0200] "GET /Software/ODDB HTTP/1.1" 200 10298 "-" "Mozilla/5.0 (compatible; TMMBot/0.2; +http://www.dslab.ch)/Nutch-1.15"
194.209.200.2 - - [12/Jul/2022:11:31:04 +0200] "GET /Main/2009 HTTP/1.1" 200 21688 "-" "Mozilla/5.0 (compatible; TMMBot/0.2; +http://www.dslab.ch)/Nutch-1.15"
194.209.200.2 - - [12/Jul/2022:11:31:41 +0200] "GET /Main/2014 HTTP/1.1" 200 19471 "-" "Mozilla/5.0 (compatible; TMMBot/0.2; +http://www.dslab.ch)/Nutch-1.15"
194.209.200.2 - - [12/Jul/2022:11:31:59 +0200] "GET /ODDB/IntegrationLookAmpFeelGenerikasuche HTTP/1.1" 200 9097 "-" "Mozilla/5.0 (compatible; TMMBot/0.2; +http://www.dslab.ch)/Nutch-1.15"
194.209.200.2 - - [12/Jul/2022:11:32:01 +0200] "GET /AmiKo/Android HTTP/1.1" 200 10427 "-" "Mozilla/5.0 (compatible; TMMBot/0.2; +http://www.dslab.ch)/Nutch-1.15"
194.209.200.2 - - [12/Jul/2022:11:32:07 +0200] "GET /Main/ComCo19122016 HTTP/1.1" 200 10547 "-" "Mozilla/5.0 (compatible; TMMBot/0.2; +http://www.dslab.ch)/Nutch-1.15"
194.209.200.2 - - [12/Jul/2022:11:32:52 +0200] "GET /Software/XMLConv HTTP/1.1" 200 8709 "-" "Mozilla/5.0 (compatible; TMMBot/0.2; +http://www.dslab.ch)/Nutch-1.15"
199.58.86.209 - - [12/Jul/2022:11:48:05 +0200] "GET /robots.txt HTTP/1.1" 200 - "-" "Mozilla/5.0 (compatible; MJ12bot/v1.4.8; http://mj12bot.com/)"
199.58.86.209 - - [12/Jul/2022:11:48:08 +0200] "GET / HTTP/1.1" 200 12074 "-" "Mozilla/5.0 (compatible; MJ12bot/v1.4.8; http://mj12bot.com/)"
103.218.241.69 - - [12/Jul/2022:11:51:55 +0200] "GET / HTTP/1.1" 200 12074 "-" "Mozilla/5.0 (Macintosh; Intel Mac OS X 10_15_4) AppleWebKit/537.36 (KHTML, like Gecko) Chrome/89.0.4389.90 Safari/537.36"
77.88.9.3 - - [12/Jul/2022:11:57:19 +0200] "GET /robots.txt HTTP/1.1" 200 - "-" "Mozilla/5.0 (compatible; YandexBot/3.0; +http://yandex.com/bots)"
77.88.9.3 - - [12/Jul/2022:11:57:23 +0200] "GET /pmwiki.php/Main/FachinformationUmfrage HTTP/1.1" 200 9294 "-" "Mozilla/5.0 (compatible; YandexBot/3.0; +http://yandex.com/bots)"
194.209.200.2 - - [12/Jul/2022:11:57:54 +0200] "GET /robots.txt HTTP/1.1" 200 - "-" "Mozilla/5.0 (compatible; TMMBot/0.2; +http://www.dslab.ch)/Nutch-1.15"
194.209.200.2 - - [12/Jul/2022:11:57:54 +0200] "GET /Oddb2xml/Index HTTP/1.1" 200 8983 "-" "Mozilla/5.0 (compatible; TMMBot/0.2; +http://www.dslab.ch)/Nutch-1.15"
194.209.200.2 - - [12/Jul/2022:11:58:16 +0200] "GET /Miele/MieleLXIV HTTP/1.1" 200 15367 "-" "Mozilla/5.0 (compatible; TMMBot/0.2; +http://www.dslab.ch)/Nutch-1.15"
194.209.200.2 - - [12/Jul/2022:12:00:17 +0200] "GET /Main/2006 HTTP/1.1" 200 39320 "-" "Mozilla/5.0 (compatible; TMMBot/0.2; +http://www.dslab.ch)/Nutch-1.15"
194.209.200.2 - - [12/Jul/2022:12:00:56 +0200] "GET /AmiKo/IOS HTTP/1.1" 200 11930 "-" "Mozilla/5.0 (compatible; TMMBot/0.2; +http://www.dslab.ch)/Nutch-1.15"
185.191.171.4 - - [12/Jul/2022:12:02:17 +0200] "GET /robots.txt HTTP/1.1" 200 - "-" "Mozilla/5.0 (compatible; SemrushBot/7~bl; +http://www.semrush.com/bot.html)"
185.191.171.23 - - [12/Jul/2022:12:02:18 +0200] "GET /Main/OmixOcas?action=edit HTTP/1.1" 403 18 "-" "Mozilla/5.0 (compatible; SemrushBot/7~bl; +http://www.semrush.com/bot.html)"
194.209.200.2 - - [12/Jul/2022:12:03:05 +0200] "GET /Software/ODDB HTTP/1.1" 200 10298 "-" "Mozilla/5.0 (compatible; TMMBot/0.2; +http://www.dslab.ch)/Nutch-1.15"
194.209.200.2 - - [12/Jul/2022:12:04:38 +0200] "GET /Main/2016 HTTP/1.1" 200 13689 "-" "Mozilla/5.0 (compatible; TMMBot/0.2; +http://www.dslab.ch)/Nutch-1.15"
194.209.200.2 - - [12/Jul/2022:12:04:45 +0200] "GET /Main/2014 HTTP/1.1" 200 19471 "-" "Mozilla/5.0 (compatible; TMMBot/0.2; +http://www.dslab.ch)/Nutch-1.15"
194.209.200.2 - - [12/Jul/2022:12:04:52 +0200] "GET /Main/2012 HTTP/1.1" 200 31941 "-" "Mozilla/5.0 (compatible; TMMBot/0.2; +http://www.dslab.ch)/Nutch-1.15"
194.209.200.2 - - [12/Jul/2022:12:05:00 +0200] "GET /ODDB/IntegrationLookAmpFeelGenerikasuche HTTP/1.1" 200 9097 "-" "Mozilla/5.0 (compatible; TMMBot/0.2; +http://www.dslab.ch)/Nutch-1.15"
194.209.200.2 - - [12/Jul/2022:12:05:02 +0200] "GET /AmiKo/Android HTTP/1.1" 200 10427 "-" "Mozilla/5.0 (compatible; TMMBot/0.2; +http://www.dslab.ch)/Nutch-1.15"
194.209.200.2 - - [12/Jul/2022:12:05:09 +0200] "GET /Main/ComCo19122016 HTTP/1.1" 200 10547 "-" "Mozilla/5.0 (compatible; TMMBot/0.2; +http://www.dslab.ch)/Nutch-1.15"
194.209.200.2 - - [12/Jul/2022:12:05:52 +0200] "GET /Software/XMLConv HTTP/1.1" 200 8709 "-" "Mozilla/5.0 (compatible; TMMBot/0.2; +http://www.dslab.ch)/Nutch-1.15"
66.249.92.75 - - [12/Jul/2022:12:20:19 +0200] "GET /Generikacc/Privacy HTTP/1.1" 200 8615 "-" "PlayStore-Google"
157.55.39.26 - - [12/Jul/2022:12:30:09 +0200] "GET /Main/SearchWiki?pagename=Main%2FSearchWiki&q= HTTP/1.1" 200 10182 "-" "Mozilla/5.0 (compatible; bingbot/2.0; +http://www.bing.com/bingbot.htm)"
40.77.167.100 - - [12/Jul/2022:12:36:19 +0200] "GET /robots.txt HTTP/1.1" 200 - "-" "Mozilla/5.0 (compatible; bingbot/2.0; +http://www.bing.com/bingbot.htm)"
207.46.13.191 - - [12/Jul/2022:12:36:27 +0200] "GET /oddb2xml/index HTTP/1.1" 404 273 "-" "Mozilla/5.0 (compatible; bingbot/2.0; +http://www.bing.com/bingbot.htm)"
185.191.171.11 - - [12/Jul/2022:12:37:02 +0200] "GET /Main/Phostal?action=upload HTTP/1.1" 403 18 "-" "Mozilla/5.0 (compatible; SemrushBot/7~bl; +http://www.semrush.com/bot.html)"
194.209.200.2 - - [12/Jul/2022:12:43:15 +0200] "GET /robots.txt HTTP/1.1" 200 - "-" "Mozilla/5.0 (compatible; TMMBot/0.2; +http://www.dslab.ch)/Nutch-1.15"
194.209.200.2 - - [12/Jul/2022:12:43:15 +0200] "GET /Main/2006 HTTP/1.1" 200 39320 "-" "Mozilla/5.0 (compatible; TMMBot/0.2; +http://www.dslab.ch)/Nutch-1.15"
194.209.200.2 - - [12/Jul/2022:12:43:52 +0200] "GET /AmiKo/IOS HTTP/1.1" 200 11930 "-" "Mozilla/5.0 (compatible; TMMBot/0.2; +http://www.dslab.ch)/Nutch-1.15"
194.209.200.2 - - [12/Jul/2022:12:43:58 +0200] "GET /Ywesee/Kontakt HTTP/1.1" 200 8973 "-" "Mozilla/5.0 (compatible; TMMBot/0.2; +http://www.dslab.ch)/Nutch-1.15"
194.209.200.2 - - [12/Jul/2022:12:45:51 +0200] "GET /Software/ODDB HTTP/1.1" 200 10298 "-" "Mozilla/5.0 (compatible; TMMBot/0.2; +http://www.dslab.ch)/Nutch-1.15"
194.209.200.2 - - [12/Jul/2022:12:47:16 +0200] "GET /Main/2018 HTTP/1.1" 200 15425 "-" "Mozilla/5.0 (compatible; TMMBot/0.2; +http://www.dslab.ch)/Nutch-1.15"
194.209.200.2 - - [12/Jul/2022:12:47:30 +0200] "GET /Main/2014 HTTP/1.1" 200 19471 "-" "Mozilla/5.0 (compatible; TMMBot/0.2; +http://www.dslab.ch)/Nutch-1.15"
194.209.200.2 - - [12/Jul/2022:12:47:38 +0200] "GET /Main/2012 HTTP/1.1" 200 31941 "-" "Mozilla/5.0 (compatible; TMMBot/0.2; +http://www.dslab.ch)/Nutch-1.15"
194.209.200.2 - - [12/Jul/2022:12:47:45 +0200] "GET /ODDB/IntegrationLookAmpFeelGenerikasuche HTTP/1.1" 200 9097 "-" "Mozilla/5.0 (compatible; TMMBot/0.2; +http://www.dslab.ch)/Nutch-1.15"
194.209.200.2 - - [12/Jul/2022:12:47:47 +0200] "GET /Main/2010 HTTP/1.1" 200 27997 "-" "Mozilla/5.0 (compatible; TMMBot/0.2; +http://www.dslab.ch)/Nutch-1.15"
194.209.200.2 - - [12/Jul/2022:12:47:53 +0200] "GET /Main/ComCo19122016 HTTP/1.1" 200 10547 "-" "Mozilla/5.0 (compatible; TMMBot/0.2; +http://www.dslab.ch)/Nutch-1.15"
194.209.200.2 - - [12/Jul/2022:12:47:54 +0200] "GET /Eggze/SpreadIt HTTP/1.1" 200 12537 "-" "Mozilla/5.0 (compatible; TMMBot/0.2; +http://www.dslab.ch)/Nutch-1.15"
146.255.144.78 - - [12/Jul/2022:12:50:04 +0200] "GET /AmiKo/OSX HTTP/1.1" 200 9772 "https://www.google.com/" "Mozilla/5.0 (iPhone; CPU iPhone OS 15_5 like Mac OS X) AppleWebKit/605.1.15 (KHTML, like Gecko) Version/15.5 Mobile/15E148 Safari/604.1"
146.255.144.78 - - [12/Jul/2022:12:50:04 +0200] "GET /pub/skins/ywesee/gila.css HTTP/1.1" 200 8276 "https://www.ywesee.com/AmiKo/OSX" "Mozilla/5.0 (iPhone; CPU iPhone OS 15_5 like Mac OS X) AppleWebKit/605.1.15 (KHTML, like Gecko) Version/15.5 Mobile/15E148 Safari/604.1"
146.255.144.78 - - [12/Jul/2022:12:50:05 +0200] "GET /favicon.ico HTTP/1.1" 200 1406 "https://www.ywesee.com/AmiKo/OSX" "Mozilla/5.0 (iPhone; CPU iPhone OS 15_5 like Mac OS X) AppleWebKit/605.1.15 (KHTML, like Gecko) Version/15.5 Mobile/15E148 Safari/604.1"
27.115.124.109 - - [12/Jul/2022:13:03:36 +0200] "GET / HTTP/1.1" 200 12074 "http://baidu.com/" "Mozilla/5.0 (Linux; U; Android 8.0.0; zh-cn; Mi Note 2 Build/OPR1.170623.032) AppleWebKit/537.36 (KHTML, like Gecko) Version/4.0 Chrome/61.0.3163.128 Mobile Safari/537.36 XiaoMi/MiuiBrowser/10.1.1"
27.115.124.101 - - [12/Jul/2022:13:03:37 +0200] "GET /pub/skins/ywesee/gila.css HTTP/1.1" 200 8276 "https://ywesee.com/" "Mozilla/5.0 (Linux; U; Android 8.0.0; zh-cn; Mi Note 2 Build/OPR1.170623.032) AppleWebKit/537.36 (KHTML, like Gecko) Version/4.0 Chrome/61.0.3163.128 Mobile Safari/537.36 XiaoMi/MiuiBrowser/10.1.1"
27.115.124.70 - - [12/Jul/2022:13:03:37 +0200] "GET /uploads/Main/yweseelogo.gif HTTP/1.1" 200 2982 "https://ywesee.com/" "Mozilla/5.0 (Linux; U; Android 8.0.0; zh-cn; Mi Note 2 Build/OPR1.170623.032) AppleWebKit/537.36 (KHTML, like Gecko) Version/4.0 Chrome/61.0.3163.128 Mobile Safari/537.36 XiaoMi/MiuiBrowser/10.1.1"
208.100.26.236 - - [12/Jul/2022:13:07:22 +0200] "HEAD /core/misc/drupal.js HTTP/1.1" 404 - "-" "Mozilla/5.0 (iPhone; CPU iPhone OS 13_3_1 like Mac OS X) AppleWebKit/605.1.15 (KHTML, like Gecko) Mobile/15E148 Safari/605.1.15"
208.100.26.236 - - [12/Jul/2022:13:07:22 +0200] "HEAD /misc/drupal.js HTTP/1.1" 404 - "-" "Mozilla/5.0 (iPhone; CPU iPhone OS 13_3_1 like Mac OS X) AppleWebKit/605.1.15 (KHTML, like Gecko) Mobile/15E148 Safari/605.1.15"
66.249.76.87 - - [12/Jul/2022:13:11:47 +0200] "GET /robots.txt HTTP/1.1" 200 - "-" "Mozilla/5.0 (compatible; Googlebot/2.1; +http://www.google.com/bot.html)"
66.249.76.91 - - [12/Jul/2022:13:11:47 +0200] "GET / HTTP/1.1" 200 12074 "-" "Mozilla/5.0 (Linux; Android 6.0.1; Nexus 5X Build/MMB29P) AppleWebKit/537.36 (KHTML, like Gecko) Chrome/103.0.5060.114 Mobile Safari/537.36 (compatible; Googlebot/2.1; +http://www.google.com/bot.html)"
54.81.177.237 - - [12/Jul/2022:13:13:03 +0200] "GET /robots.txt HTTP/1.1" 200 - "-" "MauiBot (crawler.feedback+gamma@gmail.com)"
193.247.208.98 - - [12/Jul/2022:13:31:51 +0200] "HEAD / HTTP/1.1" 200 - "https://www.hin.ch" "Mozilla/5.0 (Windows NT 10.0; Win64; x64) AppleWebKit/537.36 (KHTML, like Gecko) Chrome/70.0.3538.102 Safari/537.36"
66.249.76.87 - - [12/Jul/2022:13:34:18 +0200] "GET /SpitalSchweiz/AnzahlNeugeborene2012 HTTP/1.1" 200 9388 "-" "Mozilla/5.0 (compatible; Googlebot/2.1; +http://www.google.com/bot.html)"
66.249.92.51 - - [12/Jul/2022:13:45:21 +0200] "GET /AmiKo/Privacy HTTP/1.1" 200 8621 "-" "PlayStore-Google"
66.249.92.215 - - [12/Jul/2022:13:45:51 +0200] "GET /AmiKo/Privacy HTTP/1.1" 200 8621 "-" "PlayStore-Google"
185.191.171.4 - - [12/Jul/2022:13:49:44 +0200] "GET /robots.txt HTTP/1.1" 200 - "-" "Mozilla/5.0 (compatible; SemrushBot/7~bl; +http://www.semrush.com/bot.html)"
185.191.171.2 - - [12/Jul/2022:13:49:45 +0200] "GET /Main/Phostal?action=edit HTTP/1.1" 403 18 "-" "Mozilla/5.0 (compatible; SemrushBot/7~bl; +http://www.semrush.com/bot.html)"
194.209.200.2 - - [12/Jul/2022:13:50:35 +0200] "GET /robots.txt HTTP/1.1" 200 - "-" "Mozilla/5.0 (compatible; TMMBot/0.2; +http://www.dslab.ch)/Nutch-1.15"
194.209.200.2 - - [12/Jul/2022:13:50:36 +0200] "GET /Main/2006 HTTP/1.1" 200 39320 "-" "Mozilla/5.0 (compatible; TMMBot/0.2; +http://www.dslab.ch)/Nutch-1.15"
194.209.200.2 - - [12/Jul/2022:13:51:16 +0200] "GET /AmiKo/IOS HTTP/1.1" 200 11930 "-" "Mozilla/5.0 (compatible; TMMBot/0.2; +http://www.dslab.ch)/Nutch-1.15"
194.209.200.2 - - [12/Jul/2022:13:51:32 +0200] "GET /Software/Spreadsheet HTTP/1.1" 200 8839 "-" "Mozilla/5.0 (compatible; TMMBot/0.2; +http://www.dslab.ch)/Nutch-1.15"
207.46.13.120 - - [12/Jul/2022:13:52:33 +0200] "GET /oddb2xml/installation HTTP/1.1" 404 280 "-" "Mozilla/5.0 (compatible; bingbot/2.0; +http://www.bing.com/bingbot.htm)"
194.209.200.2 - - [12/Jul/2022:13:53:24 +0200] "GET /Software/ODDB HTTP/1.1" 200 10298 "-" "Mozilla/5.0 (compatible; TMMBot/0.2; +http://www.dslab.ch)/Nutch-1.15"
123.125.109.136 - - [12/Jul/2022:13:53:35 +0200] "GET / HTTP/1.1" 200 12074 "-" "Sogou web spider/4.0(+http://www.sogou.com/docs/help/webmasters.htm#07)"
194.209.200.2 - - [12/Jul/2022:13:53:53 +0200] "GET /Ausschreibung/SAI HTTP/1.1" 200 10366 "-" "Mozilla/5.0 (compatible; TMMBot/0.2; +http://www.dslab.ch)/Nutch-1.15"
194.209.200.2 - - [12/Jul/2022:13:55:11 +0200] "GET /Main/2014 HTTP/1.1" 200 19471 "-" "Mozilla/5.0 (compatible; TMMBot/0.2; +http://www.dslab.ch)/Nutch-1.15"
51.222.253.12 - - [12/Jul/2022:13:55:17 +0200] "GET /robots.txt HTTP/1.1" 200 - "-" "Mozilla/5.0 (compatible; AhrefsBot/7.0; +http://ahrefs.com/robot/)"
54.36.148.129 - - [12/Jul/2022:13:55:18 +0200] "GET / HTTP/1.1" 200 12074 "-" "Mozilla/5.0 (compatible; AhrefsBot/7.0; +http://ahrefs.com/robot/)"
49.7.20.110 - - [12/Jul/2022:13:55:27 +0200] "GET / HTTP/1.1" 200 12074 "-" "Sogou web spider/4.0(+http://www.sogou.com/docs/help/webmasters.htm#07)"
194.209.200.2 - - [12/Jul/2022:13:55:29 +0200] "GET /ODDB/IntegrationLookAmpFeelGenerikasuche HTTP/1.1" 200 9097 "-" "Mozilla/5.0 (compatible; TMMBot/0.2; +http://www.dslab.ch)/Nutch-1.15"
194.209.200.2 - - [12/Jul/2022:13:55:31 +0200] "GET /AmiKo/Android HTTP/1.1" 200 10427 "-" "Mozilla/5.0 (compatible; TMMBot/0.2; +http://www.dslab.ch)/Nutch-1.15"
194.209.200.2 - - [12/Jul/2022:13:55:37 +0200] "GET /Main/ComCo19122016 HTTP/1.1" 200 10547 "-" "Mozilla/5.0 (compatible; TMMBot/0.2; +http://www.dslab.ch)/Nutch-1.15"
194.209.200.2 - - [12/Jul/2022:13:56:24 +0200] "GET /Software/XMLConv HTTP/1.1" 200 8709 "-" "Mozilla/5.0 (compatible; TMMBot/0.2; +http://www.dslab.ch)/Nutch-1.15"
65.21.206.43 - - [12/Jul/2022:13:56:26 +0200] "GET /Main/2018 HTTP/1.1" 200 15425 "-" "Mozilla/5.0 (Windows NT 10.0; Win64; x64) AppleWebKit/537.36 (KHTML, like Gecko) Chrome/91.0.4472.114 Safari/537.36 Edg/91.0.864.54"
66.249.76.91 - - [12/Jul/2022:13:56:47 +0200] "GET /de/gcc/print/fachinfo/48112 HTTP/1.1" 404 290 "-" "Mozilla/5.0 (Linux; Android 6.0.1; Nexus 5X Build/MMB29P) AppleWebKit/537.36 (KHTML, like Gecko) Chrome/103.0.5060.114 Mobile Safari/537.36 (compatible; Googlebot/2.1; +http://www.google.com/bot.html)"
185.191.171.42 - - [12/Jul/2022:14:17:18 +0200] "GET /Android/AmiKo HTTP/1.1" 200 9995 "-" "Mozilla/5.0 (compatible; SemrushBot/7~bl; +http://www.semrush.com/bot.html)"
42.83.147.34 - - [12/Jul/2022:14:21:01 +0200] "GET / HTTP/1.1" 200 12074 "-" "Mozilla/5.0 (Windows NT 6.1; Win64; x64) AppleWebKit/537.36 (KHTML, like Gecko)Chrome/74.0.3729.169 Safari/537.36"
194.209.200.2 - - [12/Jul/2022:14:23:57 +0200] "GET /robots.txt HTTP/1.1" 200 - "-" "Mozilla/5.0 (compatible; TMMBot/0.2; +http://www.dslab.ch)/Nutch-1.15"
194.209.200.2 - - [12/Jul/2022:14:23:57 +0200] "GET /Main/2006 HTTP/1.1" 200 39320 "-" "Mozilla/5.0 (compatible; TMMBot/0.2; +http://www.dslab.ch)/Nutch-1.15"
194.209.200.2 - - [12/Jul/2022:14:24:42 +0200] "GET /Main/2011 HTTP/1.1" 200 21451 "-" "Mozilla/5.0 (compatible; TMMBot/0.2; +http://www.dslab.ch)/Nutch-1.15"
194.209.200.2 - - [12/Jul/2022:14:24:43 +0200] "GET /AmiKo/IOS HTTP/1.1" 200 11930 "-" "Mozilla/5.0 (compatible; TMMBot/0.2; +http://www.dslab.ch)/Nutch-1.15"
194.209.200.2 - - [12/Jul/2022:14:25:02 +0200] "GET /Software/Spreadsheet HTTP/1.1" 200 8839 "-" "Mozilla/5.0 (compatible; TMMBot/0.2; +http://www.dslab.ch)/Nutch-1.15"
103.218.241.69 - - [12/Jul/2022:14:25:19 +0200] "GET / HTTP/1.1" 200 12074 "-" "Mozilla/5.0 (Macintosh; Intel Mac OS X 10_15_4) AppleWebKit/537.36 (KHTML, like Gecko) Chrome/89.0.4389.90 Safari/537.36"
194.209.200.2 - - [12/Jul/2022:14:27:09 +0200] "GET /Software/ODDB HTTP/1.1" 200 10298 "-" "Mozilla/5.0 (compatible; TMMBot/0.2; +http://www.dslab.ch)/Nutch-1.15"
194.209.200.2 - - [12/Jul/2022:14:28:42 +0200] "GET /Main/2018 HTTP/1.1" 200 15425 "-" "Mozilla/5.0 (compatible; TMMBot/0.2; +http://www.dslab.ch)/Nutch-1.15"
194.209.200.2 - - [12/Jul/2022:14:29:00 +0200] "GET /Main/2014 HTTP/1.1" 200 19471 "-" "Mozilla/5.0 (compatible; TMMBot/0.2; +http://www.dslab.ch)/Nutch-1.15"
194.209.200.2 - - [12/Jul/2022:14:29:07 +0200] "GET /Main/2012 HTTP/1.1" 200 31941 "-" "Mozilla/5.0 (compatible; TMMBot/0.2; +http://www.dslab.ch)/Nutch-1.15"
194.209.200.2 - - [12/Jul/2022:14:29:16 +0200] "GET /ODDB/IntegrationLookAmpFeelGenerikasuche HTTP/1.1" 200 9097 "-" "Mozilla/5.0 (compatible; TMMBot/0.2; +http://www.dslab.ch)/Nutch-1.15"
194.209.200.2 - - [12/Jul/2022:14:29:18 +0200] "GET /AmiKo/Android HTTP/1.1" 200 10427 "-" "Mozilla/5.0 (compatible; TMMBot/0.2; +http://www.dslab.ch)/Nutch-1.15"
194.209.200.2 - - [12/Jul/2022:14:29:25 +0200] "GET /Main/ComCo19122016 HTTP/1.1" 200 10547 "-" "Mozilla/5.0 (compatible; TMMBot/0.2; +http://www.dslab.ch)/Nutch-1.15"
194.209.200.2 - - [12/Jul/2022:14:30:14 +0200] "GET /Software/XMLConv HTTP/1.1" 200 8709 "-" "Mozilla/5.0 (compatible; TMMBot/0.2; +http://www.dslab.ch)/Nutch-1.15"
66.249.76.89 - - [12/Jul/2022:14:41:48 +0200] "GET /AmiKo/OSXRezeptfunktion HTTP/1.1" 200 13751 "-" "Mozilla/5.0 (Linux; Android 6.0.1; Nexus 5X Build/MMB29P) AppleWebKit/537.36 (KHTML, like Gecko) Chrome/103.0.5060.114 Mobile Safari/537.36 (compatible; Googlebot/2.1; +http://www.google.com/bot.html)"
207.46.13.27 - - [12/Jul/2022:14:52:02 +0200] "GET /Main/SearchWiki?pagename=Main%2FSearchWiki&q=2022 HTTP/1.1" 200 10748 "-" "Mozilla/5.0 (compatible; bingbot/2.0; +http://www.bing.com/bingbot.htm)"
66.249.76.227 - - [12/Jul/2022:14:56:48 +0200] "GET /de/gcc/show/fachinfo/60117/diff/15.03.2017/currency/EUR HTTP/1.1" 404 314 "-" "Mozilla/5.0 (compatible; Googlebot/2.1; +http://www.google.com/bot.html)"
194.209.200.2 - - [12/Jul/2022:14:58:35 +0200] "GET /robots.txt HTTP/1.1" 200 - "-" "Mozilla/5.0 (compatible; TMMBot/0.2; +http://www.dslab.ch)/Nutch-1.15"
194.209.200.2 - - [12/Jul/2022:14:58:35 +0200] "GET /Main/2006 HTTP/1.1" 200 39320 "-" "Mozilla/5.0 (compatible; TMMBot/0.2; +http://www.dslab.ch)/Nutch-1.15"
194.209.200.2 - - [12/Jul/2022:14:58:58 +0200] "GET /Main/2015 HTTP/1.1" 200 15908 "-" "Mozilla/5.0 (compatible; TMMBot/0.2; +http://www.dslab.ch)/Nutch-1.15"
194.209.200.2 - - [12/Jul/2022:14:59:18 +0200] "GET /AmiKo/IOS HTTP/1.1" 200 11930 "-" "Mozilla/5.0 (compatible; TMMBot/0.2; +http://www.dslab.ch)/Nutch-1.15"
194.209.200.2 - - [12/Jul/2022:14:59:39 +0200] "GET /Software/Spreadsheet HTTP/1.1" 200 8839 "-" "Mozilla/5.0 (compatible; TMMBot/0.2; +http://www.dslab.ch)/Nutch-1.15"
194.209.200.2 - - [12/Jul/2022:15:01:40 +0200] "GET /Software/ODDB HTTP/1.1" 200 10298 "-" "Mozilla/5.0 (compatible; TMMBot/0.2; +http://www.dslab.ch)/Nutch-1.15"
194.209.200.2 - - [12/Jul/2022:15:03:19 +0200] "GET /Main/2018 HTTP/1.1" 200 15425 "-" "Mozilla/5.0 (compatible; TMMBot/0.2; +http://www.dslab.ch)/Nutch-1.15"
194.209.200.2 - - [12/Jul/2022:15:03:36 +0200] "GET /Main/2014 HTTP/1.1" 200 19471 "-" "Mozilla/5.0 (compatible; TMMBot/0.2; +http://www.dslab.ch)/Nutch-1.15"
194.209.200.2 - - [12/Jul/2022:15:03:45 +0200] "GET /Main/2012 HTTP/1.1" 200 31941 "-" "Mozilla/5.0 (compatible; TMMBot/0.2; +http://www.dslab.ch)/Nutch-1.15"
194.209.200.2 - - [12/Jul/2022:15:03:52 +0200] "GET /ODDB/IntegrationLookAmpFeelGenerikasuche HTTP/1.1" 200 9097 "-" "Mozilla/5.0 (compatible; TMMBot/0.2; +http://www.dslab.ch)/Nutch-1.15"
194.209.200.2 - - [12/Jul/2022:15:03:54 +0200] "GET /AmiKo/Android HTTP/1.1" 200 10427 "-" "Mozilla/5.0 (compatible; TMMBot/0.2; +http://www.dslab.ch)/Nutch-1.15"
194.209.200.2 - - [12/Jul/2022:15:04:03 +0200] "GET /Main/ComCo19122016 HTTP/1.1" 200 10547 "-" "Mozilla/5.0 (compatible; TMMBot/0.2; +http://www.dslab.ch)/Nutch-1.15"
194.209.200.2 - - [12/Jul/2022:15:04:50 +0200] "GET /Software/XMLConv HTTP/1.1" 200 8709 "-" "Mozilla/5.0 (compatible; TMMBot/0.2; +http://www.dslab.ch)/Nutch-1.15"
54.36.148.3 - - [12/Jul/2022:15:07:23 +0200] "GET /ODDB/StammdatenCH HTTP/1.1" 200 9300 "-" "Mozilla/5.0 (compatible; AhrefsBot/7.0; +http://ahrefs.com/robot/)"
54.36.148.141 - - [12/Jul/2022:15:07:42 +0200] "GET /AmiKo/Web HTTP/1.1" 200 9588 "-" "Mozilla/5.0 (compatible; AhrefsBot/7.0; +http://ahrefs.com/robot/)"
54.84.192.51 - - [12/Jul/2022:15:13:22 +0200] "GET /keybase.txt HTTP/1.1" 200 2659 "-" "keybase-proofs/2.3.24"
185.191.171.5 - - [12/Jul/2022:15:16:08 +0200] "GET /robots.txt HTTP/1.1" 200 - "-" "Mozilla/5.0 (compatible; SemrushBot/7~bl; +http://www.semrush.com/bot.html)"
185.191.171.44 - - [12/Jul/2022:15:16:08 +0200] "GET /Ywesee/KurzFachinfo HTTP/1.1" 200 8845 "-" "Mozilla/5.0 (compatible; SemrushBot/7~bl; +http://www.semrush.com/bot.html)"
157.55.39.26 - - [12/Jul/2022:15:20:46 +0200] "GET /Main/SearchWiki?pagename=Main%2FSearchWiki&q=2023 HTTP/1.1" 200 10409 "-" "Mozilla/5.0 (compatible; bingbot/2.0; +http://www.bing.com/bingbot.htm)"
194.209.200.2 - - [12/Jul/2022:15:30:52 +0200] "GET /robots.txt HTTP/1.1" 200 - "-" "Mozilla/5.0 (compatible; TMMBot/0.2; +http://www.dslab.ch)/Nutch-1.15"
194.209.200.2 - - [12/Jul/2022:15:30:52 +0200] "GET /AmiKo/Windows HTTP/1.1" 200 10332 "-" "Mozilla/5.0 (compatible; TMMBot/0.2; +http://www.dslab.ch)/Nutch-1.15"
194.209.200.2 - - [12/Jul/2022:15:32:38 +0200] "GET /Main/2006 HTTP/1.1" 200 39320 "-" "Mozilla/5.0 (compatible; TMMBot/0.2; +http://www.dslab.ch)/Nutch-1.15"
194.209.200.2 - - [12/Jul/2022:15:33:14 +0200] "GET /AmiKo/IOS HTTP/1.1" 200 11930 "-" "Mozilla/5.0 (compatible; TMMBot/0.2; +http://www.dslab.ch)/Nutch-1.15"
194.209.200.2 - - [12/Jul/2022:15:33:29 +0200] "GET /Software/Spreadsheet HTTP/1.1" 200 8839 "-" "Mozilla/5.0 (compatible; TMMBot/0.2; +http://www.dslab.ch)/Nutch-1.15"
194.209.200.2 - - [12/Jul/2022:15:35:10 +0200] "GET /Software/ODDB HTTP/1.1" 200 10298 "-" "Mozilla/5.0 (compatible; TMMBot/0.2; +http://www.dslab.ch)/Nutch-1.15"
194.209.200.2 - - [12/Jul/2022:15:36:21 +0200] "GET /Main/2007 HTTP/1.1" 200 50639 "-" "Mozilla/5.0 (compatible; TMMBot/0.2; +http://www.dslab.ch)/Nutch-1.15"
194.209.200.2 - - [12/Jul/2022:15:36:27 +0200] "GET /Software/BBMB HTTP/1.1" 200 9385 "-" "Mozilla/5.0 (compatible; TMMBot/0.2; +http://www.dslab.ch)/Nutch-1.15"
194.209.200.2 - - [12/Jul/2022:15:36:32 +0200] "GET /Main/2018 HTTP/1.1" 200 15425 "-" "Mozilla/5.0 (compatible; TMMBot/0.2; +http://www.dslab.ch)/Nutch-1.15"
194.209.200.2 - - [12/Jul/2022:15:36:46 +0200] "GET /Main/2014 HTTP/1.1" 200 19471 "-" "Mozilla/5.0 (compatible; TMMBot/0.2; +http://www.dslab.ch)/Nutch-1.15"
194.209.200.2 - - [12/Jul/2022:15:36:53 +0200] "GET /Main/2012 HTTP/1.1" 200 31941 "-" "Mozilla/5.0 (compatible; TMMBot/0.2; +http://www.dslab.ch)/Nutch-1.15"
194.209.200.2 - - [12/Jul/2022:15:37:00 +0200] "GET /ODDB/IntegrationLookAmpFeelGenerikasuche HTTP/1.1" 200 9097 "-" "Mozilla/5.0 (compatible; TMMBot/0.2; +http://www.dslab.ch)/Nutch-1.15"
194.209.200.2 - - [12/Jul/2022:15:37:02 +0200] "GET /AmiKo/Android HTTP/1.1" 200 10427 "-" "Mozilla/5.0 (compatible; TMMBot/0.2; +http://www.dslab.ch)/Nutch-1.15"
194.209.200.2 - - [12/Jul/2022:15:37:08 +0200] "GET /Main/ComCo19122016 HTTP/1.1" 200 10547 "-" "Mozilla/5.0 (compatible; TMMBot/0.2; +http://www.dslab.ch)/Nutch-1.15"
194.209.200.2 - - [12/Jul/2022:15:37:48 +0200] "GET /Software/XMLConv HTTP/1.1" 200 8709 "-" "Mozilla/5.0 (compatible; TMMBot/0.2; +http://www.dslab.ch)/Nutch-1.15"
185.191.171.35 - - [12/Jul/2022:15:45:18 +0200] "GET /Oddb2xml/Bemerkungen HTTP/1.1" 200 10553 "-" "Mozilla/5.0 (compatible; SemrushBot/7~bl; +http://www.semrush.com/bot.html)"
3.81.38.170 - - [12/Jul/2022:15:58:10 +0200] "GET /Site/AllRecentChanges?action=rss HTTP/1.1" 200 2546 "https://www.google.com/" "Mozilla/5.0 (X11; Linux x86_64; rv:68.0) Gecko/20100101 Firefox/68.0"
54.36.149.34 - - [12/Jul/2022:16:00:06 +0200] "GET /AmiKo/Index HTTP/1.1" 200 9511 "-" "Mozilla/5.0 (compatible; AhrefsBot/7.0; +http://ahrefs.com/robot/)"
207.46.13.130 - - [12/Jul/2022:16:01:10 +0200] "GET /AmiKo/KrankenkassenKartenleser HTTP/1.1" 200 9504 "-" "Mozilla/5.0 (compatible; bingbot/2.0; +http://www.bing.com/bingbot.htm)"
157.55.39.159 - - [12/Jul/2022:16:01:28 +0200] "GET /pub/skins/ywesee/gila.css HTTP/1.1" 200 8276 "-" "Mozilla/5.0 (compatible; bingbot/2.0; +http://www.bing.com/bingbot.htm)"
157.55.39.159 - - [12/Jul/2022:16:01:31 +0200] "GET /pub/skins/ywesee/gila.css HTTP/1.1" 200 8276 "-" "Mozilla/5.0 (compatible; bingbot/2.0; +http://www.bing.com/bingbot.htm)"
194.209.200.2 - - [12/Jul/2022:16:04:51 +0200] "GET /robots.txt HTTP/1.1" 200 - "-" "Mozilla/5.0 (compatible; TMMBot/0.2; +http://www.dslab.ch)/Nutch-1.15"
194.209.200.2 - - [12/Jul/2022:16:04:51 +0200] "GET /Main/2008 HTTP/1.1" 200 34740 "-" "Mozilla/5.0 (compatible; TMMBot/0.2; +http://www.dslab.ch)/Nutch-1.15"
194.209.200.2 - - [12/Jul/2022:16:04:59 +0200] "GET /Main/2006 HTTP/1.1" 200 39320 "-" "Mozilla/5.0 (compatible; TMMBot/0.2; +http://www.dslab.ch)/Nutch-1.15"
194.209.200.2 - - [12/Jul/2022:16:05:35 +0200] "GET /Main/2011 HTTP/1.1" 200 21451 "-" "Mozilla/5.0 (compatible; TMMBot/0.2; +http://www.dslab.ch)/Nutch-1.15"
194.209.200.2 - - [12/Jul/2022:16:05:36 +0200] "GET /AmiKo/IOS HTTP/1.1" 200 11930 "-" "Mozilla/5.0 (compatible; TMMBot/0.2; +http://www.dslab.ch)/Nutch-1.15"
194.209.200.2 - - [12/Jul/2022:16:05:51 +0200] "GET /Software/Spreadsheet HTTP/1.1" 200 8839 "-" "Mozilla/5.0 (compatible; TMMBot/0.2; +http://www.dslab.ch)/Nutch-1.15"
185.217.119.42 - - [12/Jul/2022:16:06:09 +0200] "GET /jsys.php HTTP/1.1" 404 267 "-" "Mozilla/5.0 (Windows NT 10.0; Win64; x64) AppleWebKit/537.36 (KHTML, like Gecko) Chrome/87.0.4280.141 Safari/537.36"
194.209.200.2 - - [12/Jul/2022:16:07:31 +0200] "GET /Software/ODDB HTTP/1.1" 200 10298 "-" "Mozilla/5.0 (compatible; TMMBot/0.2; +http://www.dslab.ch)/Nutch-1.15"
194.209.200.2 - - [12/Jul/2022:16:08:53 +0200] "GET /Main/2018 HTTP/1.1" 200 15425 "-" "Mozilla/5.0 (compatible; TMMBot/0.2; +http://www.dslab.ch)/Nutch-1.15"
207.46.13.191 - - [12/Jul/2022:16:09:06 +0200] "GET / HTTP/1.1" 200 12074 "-" "Mozilla/5.0 (compatible; bingbot/2.0; +http://www.bing.com/bingbot.htm)"
194.209.200.2 - - [12/Jul/2022:16:09:07 +0200] "GET /Main/2014 HTTP/1.1" 200 19471 "-" "Mozilla/5.0 (compatible; TMMBot/0.2; +http://www.dslab.ch)/Nutch-1.15"
194.209.200.2 - - [12/Jul/2022:16:09:14 +0200] "GET /Main/2012 HTTP/1.1" 200 31941 "-" "Mozilla/5.0 (compatible; TMMBot/0.2; +http://www.dslab.ch)/Nutch-1.15"
194.209.200.2 - - [12/Jul/2022:16:09:21 +0200] "GET /ODDB/IntegrationLookAmpFeelGenerikasuche HTTP/1.1" 200 9097 "-" "Mozilla/5.0 (compatible; TMMBot/0.2; +http://www.dslab.ch)/Nutch-1.15"
194.209.200.2 - - [12/Jul/2022:16:09:23 +0200] "GET /AmiKo/Android HTTP/1.1" 200 10427 "-" "Mozilla/5.0 (compatible; TMMBot/0.2; +http://www.dslab.ch)/Nutch-1.15"
194.209.200.2 - - [12/Jul/2022:16:09:29 +0200] "GET /Main/ComCo19122016 HTTP/1.1" 200 10547 "-" "Mozilla/5.0 (compatible; TMMBot/0.2; +http://www.dslab.ch)/Nutch-1.15"
194.209.200.2 - - [12/Jul/2022:16:10:09 +0200] "GET /Software/XMLConv HTTP/1.1" 200 8709 "-" "Mozilla/5.0 (compatible; TMMBot/0.2; +http://www.dslab.ch)/Nutch-1.15"
207.46.13.27 - - [12/Jul/2022:16:16:19 +0200] "GET /uploads/Main/SAI_2017.pdf HTTP/1.1" 304 - "-" "Mozilla/5.0 (compatible; bingbot/2.0; +http://www.bing.com/bingbot.htm)"
185.191.171.22 - - [12/Jul/2022:16:24:02 +0200] "GET /robots.txt HTTP/1.1" 200 - "-" "Mozilla/5.0 (compatible; SemrushBot/7~bl; +http://www.semrush.com/bot.html)"
185.191.171.3 - - [12/Jul/2022:16:24:03 +0200] "GET /Main/SearchWiki?action=print HTTP/1.1" 403 18 "-" "Mozilla/5.0 (compatible; SemrushBot/7~bl; +http://www.semrush.com/bot.html)"
194.209.200.2 - - [12/Jul/2022:16:38:54 +0200] "GET /robots.txt HTTP/1.1" 200 - "-" "Mozilla/5.0 (compatible; TMMBot/0.2; +http://www.dslab.ch)/Nutch-1.15"
194.209.200.2 - - [12/Jul/2022:16:38:54 +0200] "GET /Main/2008 HTTP/1.1" 200 34740 "-" "Mozilla/5.0 (compatible; TMMBot/0.2; +http://www.dslab.ch)/Nutch-1.15"
194.209.200.2 - - [12/Jul/2022:16:39:03 +0200] "GET /Main/2006 HTTP/1.1" 200 39320 "-" "Mozilla/5.0 (compatible; TMMBot/0.2; +http://www.dslab.ch)/Nutch-1.15"
185.191.171.42 - - [12/Jul/2022:16:39:47 +0200] "GET /Main/HirslandenProfessional?action=edit HTTP/1.1" 403 18 "-" "Mozilla/5.0 (compatible; SemrushBot/7~bl; +http://www.semrush.com/bot.html)"
194.209.200.2 - - [12/Jul/2022:16:39:59 +0200] "GET /Software/Spreadsheet HTTP/1.1" 200 8839 "-" "Mozilla/5.0 (compatible; TMMBot/0.2; +http://www.dslab.ch)/Nutch-1.15"
194.209.200.2 - - [12/Jul/2022:16:42:33 +0200] "GET /Ausschreibung/SAI HTTP/1.1" 200 10366 "-" "Mozilla/5.0 (compatible; TMMBot/0.2; +http://www.dslab.ch)/Nutch-1.15"
194.209.200.2 - - [12/Jul/2022:16:43:35 +0200] "GET /Main/2018 HTTP/1.1" 200 15425 "-" "Mozilla/5.0 (compatible; TMMBot/0.2; +http://www.dslab.ch)/Nutch-1.15"
194.209.200.2 - - [12/Jul/2022:16:43:52 +0200] "GET /Main/2014 HTTP/1.1" 200 19471 "-" "Mozilla/5.0 (compatible; TMMBot/0.2; +http://www.dslab.ch)/Nutch-1.15"
194.209.200.2 - - [12/Jul/2022:16:44:00 +0200] "GET /Main/2012 HTTP/1.1" 200 31941 "-" "Mozilla/5.0 (compatible; TMMBot/0.2; +http://www.dslab.ch)/Nutch-1.15"
194.209.200.2 - - [12/Jul/2022:16:44:09 +0200] "GET /ODDB/IntegrationLookAmpFeelGenerikasuche HTTP/1.1" 200 9097 "-" "Mozilla/5.0 (compatible; TMMBot/0.2; +http://www.dslab.ch)/Nutch-1.15"
194.209.200.2 - - [12/Jul/2022:16:44:11 +0200] "GET /AmiKo/Android HTTP/1.1" 200 10427 "-" "Mozilla/5.0 (compatible; TMMBot/0.2; +http://www.dslab.ch)/Nutch-1.15"
194.209.200.2 - - [12/Jul/2022:16:44:16 +0200] "GET /Main/ComCo19122016 HTTP/1.1" 200 10547 "-" "Mozilla/5.0 (compatible; TMMBot/0.2; +http://www.dslab.ch)/Nutch-1.15"
194.209.200.2 - - [12/Jul/2022:16:45:00 +0200] "GET /Software/XMLConv HTTP/1.1" 200 8709 "-" "Mozilla/5.0 (compatible; TMMBot/0.2; +http://www.dslab.ch)/Nutch-1.15"
54.36.148.248 - - [12/Jul/2022:16:49:17 +0200] "GET /AmiKo/Android HTTP/1.1" 200 10427 "-" "Mozilla/5.0 (compatible; AhrefsBot/7.0; +http://ahrefs.com/robot/)"
185.191.171.37 - - [12/Jul/2022:16:59:19 +0200] "GET /RedLaser/BarcodeScanner HTTP/1.1" 200 9033 "-" "Mozilla/5.0 (compatible; SemrushBot/7~bl; +http://www.semrush.com/bot.html)"
185.191.171.7 - - [12/Jul/2022:17:00:53 +0200] "GET /Aips2sqlite/Release?n=Main.SideBar%3Faction%3Dedit HTTP/1.1" 302 157 "-" "Mozilla/5.0 (compatible; SemrushBot/7~bl; +http://www.semrush.com/bot.html)"
207.46.13.27 - - [12/Jul/2022:17:01:23 +0200] "GET /uploads/Main/von_Balsiger_22.2.2005.txt HTTP/1.1" 304 - "-" "Mozilla/5.0 (compatible; bingbot/2.0; +http://www.bing.com/bingbot.htm)"
194.209.200.2 - - [12/Jul/2022:17:13:45 +0200] "GET /robots.txt HTTP/1.1" 200 - "-" "Mozilla/5.0 (compatible; TMMBot/0.2; +http://www.dslab.ch)/Nutch-1.15"
194.209.200.2 - - [12/Jul/2022:17:13:45 +0200] "GET /Main/2006 HTTP/1.1" 200 39320 "-" "Mozilla/5.0 (compatible; TMMBot/0.2; +http://www.dslab.ch)/Nutch-1.15"
194.209.200.2 - - [12/Jul/2022:17:14:46 +0200] "GET /Software/Spreadsheet HTTP/1.1" 200 8839 "-" "Mozilla/5.0 (compatible; TMMBot/0.2; +http://www.dslab.ch)/Nutch-1.15"
194.209.200.2 - - [12/Jul/2022:17:18:01 +0200] "GET /Main/2009 HTTP/1.1" 200 21688 "-" "Mozilla/5.0 (compatible; TMMBot/0.2; +http://www.dslab.ch)/Nutch-1.15"
194.209.200.2 - - [12/Jul/2022:17:18:09 +0200] "GET /Main/2007 HTTP/1.1" 200 50639 "-" "Mozilla/5.0 (compatible; TMMBot/0.2; +http://www.dslab.ch)/Nutch-1.15"
194.209.200.2 - - [12/Jul/2022:17:18:21 +0200] "GET /Main/2018 HTTP/1.1" 200 15425 "-" "Mozilla/5.0 (compatible; TMMBot/0.2; +http://www.dslab.ch)/Nutch-1.15"
194.209.200.2 - - [12/Jul/2022:17:18:40 +0200] "GET /Main/2014 HTTP/1.1" 200 19471 "-" "Mozilla/5.0 (compatible; TMMBot/0.2; +http://www.dslab.ch)/Nutch-1.15"
194.209.200.2 - - [12/Jul/2022:17:18:55 +0200] "GET /ODDB/IntegrationLookAmpFeelGenerikasuche HTTP/1.1" 200 9097 "-" "Mozilla/5.0 (compatible; TMMBot/0.2; +http://www.dslab.ch)/Nutch-1.15"
194.209.200.2 - - [12/Jul/2022:17:18:57 +0200] "GET /AmiKo/Android HTTP/1.1" 200 10427 "-" "Mozilla/5.0 (compatible; TMMBot/0.2; +http://www.dslab.ch)/Nutch-1.15"
194.209.200.2 - - [12/Jul/2022:17:19:06 +0200] "GET /Main/ComCo19122016 HTTP/1.1" 200 10547 "-" "Mozilla/5.0 (compatible; TMMBot/0.2; +http://www.dslab.ch)/Nutch-1.15"
194.209.200.2 - - [12/Jul/2022:17:19:53 +0200] "GET /Software/XMLConv HTTP/1.1" 200 8709 "-" "Mozilla/5.0 (compatible; TMMBot/0.2; +http://www.dslab.ch)/Nutch-1.15"
185.159.157.9 - - [12/Jul/2022:17:32:05 +0200] "GET / HTTP/1.1" 200 12074 "-" "Reeder/5030102 CFNetwork/1333.0.4 Darwin/21.5.0"
185.191.171.6 - - [12/Jul/2022:17:39:57 +0200] "GET /robots.txt HTTP/1.1" 200 - "-" "Mozilla/5.0 (compatible; SemrushBot/7~bl; +http://www.semrush.com/bot.html)"
185.191.171.43 - - [12/Jul/2022:17:39:59 +0200] "GET /Main/2004?n=Main.SideBar%3Faction%3Dedit HTTP/1.1" 302 157 "-" "Mozilla/5.0 (compatible; SemrushBot/7~bl; +http://www.semrush.com/bot.html)"
54.36.148.244 - - [12/Jul/2022:17:48:15 +0200] "GET / HTTP/1.1" 200 12074 "-" "Mozilla/5.0 (compatible; AhrefsBot/7.0; +http://ahrefs.com/robot/)"
54.36.148.119 - - [12/Jul/2022:17:50:04 +0200] "GET /Main/2013 HTTP/1.1" 200 20487 "-" "Mozilla/5.0 (compatible; AhrefsBot/7.0; +http://ahrefs.com/robot/)"
194.209.200.2 - - [12/Jul/2022:17:50:45 +0200] "GET /robots.txt HTTP/1.1" 200 - "-" "Mozilla/5.0 (compatible; TMMBot/0.2; +http://www.dslab.ch)/Nutch-1.15"
194.209.200.2 - - [12/Jul/2022:17:50:45 +0200] "GET /Main/2006 HTTP/1.1" 200 39320 "-" "Mozilla/5.0 (compatible; TMMBot/0.2; +http://www.dslab.ch)/Nutch-1.15"
194.209.200.2 - - [12/Jul/2022:17:51:23 +0200] "GET /Main/2011 HTTP/1.1" 200 21451 "-" "Mozilla/5.0 (compatible; TMMBot/0.2; +http://www.dslab.ch)/Nutch-1.15"
194.209.200.2 - - [12/Jul/2022:17:51:24 +0200] "GET /AmiKo/IOS HTTP/1.1" 200 11930 "-" "Mozilla/5.0 (compatible; TMMBot/0.2; +http://www.dslab.ch)/Nutch-1.15"
194.209.200.2 - - [12/Jul/2022:17:51:40 +0200] "GET /Software/Spreadsheet HTTP/1.1" 200 8839 "-" "Mozilla/5.0 (compatible; TMMBot/0.2; +http://www.dslab.ch)/Nutch-1.15"
194.209.200.2 - - [12/Jul/2022:17:53:28 +0200] "GET /Software/ODDB HTTP/1.1" 200 10298 "-" "Mozilla/5.0 (compatible; TMMBot/0.2; +http://www.dslab.ch)/Nutch-1.15"
194.209.200.2 - - [12/Jul/2022:17:54:53 +0200] "GET /Main/2018 HTTP/1.1" 200 15425 "-" "Mozilla/5.0 (compatible; TMMBot/0.2; +http://www.dslab.ch)/Nutch-1.15"
194.209.200.2 - - [12/Jul/2022:17:55:09 +0200] "GET /Main/2014 HTTP/1.1" 200 19471 "-" "Mozilla/5.0 (compatible; TMMBot/0.2; +http://www.dslab.ch)/Nutch-1.15"
194.209.200.2 - - [12/Jul/2022:17:55:24 +0200] "GET /ODDB/IntegrationLookAmpFeelGenerikasuche HTTP/1.1" 200 9097 "-" "Mozilla/5.0 (compatible; TMMBot/0.2; +http://www.dslab.ch)/Nutch-1.15"
194.209.200.2 - - [12/Jul/2022:17:55:26 +0200] "GET /AmiKo/Android HTTP/1.1" 200 10427 "-" "Mozilla/5.0 (compatible; TMMBot/0.2; +http://www.dslab.ch)/Nutch-1.15"
194.209.200.2 - - [12/Jul/2022:17:55:32 +0200] "GET /Main/ComCo19122016 HTTP/1.1" 200 10547 "-" "Mozilla/5.0 (compatible; TMMBot/0.2; +http://www.dslab.ch)/Nutch-1.15"
61.135.159.167 - - [12/Jul/2022:17:56:09 +0200] "GET / HTTP/1.1" 200 12074 "-" "Sogou web spider/4.0(+http://www.sogou.com/docs/help/webmasters.htm#07)"
194.209.200.2 - - [12/Jul/2022:17:56:12 +0200] "GET /Software/XMLConv HTTP/1.1" 200 8709 "-" "Mozilla/5.0 (compatible; TMMBot/0.2; +http://www.dslab.ch)/Nutch-1.15"
193.247.208.98 - - [12/Jul/2022:18:09:07 +0200] "HEAD / HTTP/1.1" 200 - "https://www.hin.ch" "Mozilla/5.0 (Windows NT 10.0; Win64; x64) AppleWebKit/537.36 (KHTML, like Gecko) Chrome/70.0.3538.102 Safari/537.36"
40.77.167.100 - - [12/Jul/2022:18:14:28 +0200] "GET /robots.txt HTTP/1.1" 200 - "-" "Mozilla/5.0 (compatible; bingbot/2.0; +http://www.bing.com/bingbot.htm)"
207.46.13.191 - - [12/Jul/2022:18:14:40 +0200] "GET / HTTP/1.1" 200 12074 "-" "Mozilla/5.0 (compatible; bingbot/2.0; +http://www.bing.com/bingbot.htm)"
61.135.159.130 - - [12/Jul/2022:18:18:03 +0200] "GET / HTTP/1.1" 200 12074 "-" "Sogou web spider/4.0(+http://www.sogou.com/docs/help/webmasters.htm#07)"
194.209.200.2 - - [12/Jul/2022:18:29:03 +0200] "GET /robots.txt HTTP/1.1" 200 - "-" "Mozilla/5.0 (compatible; TMMBot/0.2; +http://www.dslab.ch)/Nutch-1.15"
194.209.200.2 - - [12/Jul/2022:18:29:03 +0200] "GET /Miele/MieleLXIV HTTP/1.1" 200 15367 "-" "Mozilla/5.0 (compatible; TMMBot/0.2; +http://www.dslab.ch)/Nutch-1.15"
194.209.200.2 - - [12/Jul/2022:18:31:00 +0200] "GET /Main/2006 HTTP/1.1" 200 39320 "-" "Mozilla/5.0 (compatible; TMMBot/0.2; +http://www.dslab.ch)/Nutch-1.15"
194.209.200.2 - - [12/Jul/2022:18:31:36 +0200] "GET /Main/2011 HTTP/1.1" 200 21451 "-" "Mozilla/5.0 (compatible; TMMBot/0.2; +http://www.dslab.ch)/Nutch-1.15"
194.209.200.2 - - [12/Jul/2022:18:31:37 +0200] "GET /AmiKo/IOS HTTP/1.1" 200 11930 "-" "Mozilla/5.0 (compatible; TMMBot/0.2; +http://www.dslab.ch)/Nutch-1.15"
194.209.200.2 - - [12/Jul/2022:18:31:51 +0200] "GET /Software/Spreadsheet HTTP/1.1" 200 8839 "-" "Mozilla/5.0 (compatible; TMMBot/0.2; +http://www.dslab.ch)/Nutch-1.15"
194.209.200.2 - - [12/Jul/2022:18:33:33 +0200] "GET /Software/ODDB HTTP/1.1" 200 10298 "-" "Mozilla/5.0 (compatible; TMMBot/0.2; +http://www.dslab.ch)/Nutch-1.15"
194.209.200.2 - - [12/Jul/2022:18:34:57 +0200] "GET /Main/2018 HTTP/1.1" 200 15425 "-" "Mozilla/5.0 (compatible; TMMBot/0.2; +http://www.dslab.ch)/Nutch-1.15"
194.209.200.2 - - [12/Jul/2022:18:35:11 +0200] "GET /Main/2014 HTTP/1.1" 200 19471 "-" "Mozilla/5.0 (compatible; TMMBot/0.2; +http://www.dslab.ch)/Nutch-1.15"
194.209.200.2 - - [12/Jul/2022:18:35:18 +0200] "GET /Main/2012 HTTP/1.1" 200 31941 "-" "Mozilla/5.0 (compatible; TMMBot/0.2; +http://www.dslab.ch)/Nutch-1.15"
194.209.200.2 - - [12/Jul/2022:18:35:25 +0200] "GET /ODDB/IntegrationLookAmpFeelGenerikasuche HTTP/1.1" 200 9097 "-" "Mozilla/5.0 (compatible; TMMBot/0.2; +http://www.dslab.ch)/Nutch-1.15"
194.209.200.2 - - [12/Jul/2022:18:35:27 +0200] "GET /AmiKo/Android HTTP/1.1" 200 10427 "-" "Mozilla/5.0 (compatible; TMMBot/0.2; +http://www.dslab.ch)/Nutch-1.15"
194.209.200.2 - - [12/Jul/2022:18:35:33 +0200] "GET /Main/ComCo19122016 HTTP/1.1" 200 10547 "-" "Mozilla/5.0 (compatible; TMMBot/0.2; +http://www.dslab.ch)/Nutch-1.15"
194.209.200.2 - - [12/Jul/2022:18:36:14 +0200] "GET /Software/XMLConv HTTP/1.1" 200 8709 "-" "Mozilla/5.0 (compatible; TMMBot/0.2; +http://www.dslab.ch)/Nutch-1.15"
207.46.13.130 - - [12/Jul/2022:18:40:56 +0200] "GET /Main/NZZ HTTP/1.1" 200 8325 "-" "Mozilla/5.0 (compatible; bingbot/2.0; +http://www.bing.com/bingbot.htm)"
157.55.39.26 - - [12/Jul/2022:18:41:55 +0200] "GET /uploads/Main/InfoCodex_detect_Fake_News.pdf HTTP/1.1" 304 - "-" "Mozilla/5.0 (compatible; bingbot/2.0; +http://www.bing.com/bingbot.htm)"
54.36.148.213 - - [12/Jul/2022:18:59:28 +0200] "GET /OSX/CoMed HTTP/1.1" 200 8463 "-" "Mozilla/5.0 (compatible; AhrefsBot/7.0; +http://ahrefs.com/robot/)"
168.151.240.63 - - [12/Jul/2022:19:02:54 +0200] "GET /app-ads.txt HTTP/1.1" 404 270 "-" "AdsTxtCrawler/1.0; +https://github.com/InteractiveAdvertisingBureau/adstxtcrawler"
194.209.200.2 - - [12/Jul/2022:19:05:41 +0200] "GET /robots.txt HTTP/1.1" 200 - "-" "Mozilla/5.0 (compatible; TMMBot/0.2; +http://www.dslab.ch)/Nutch-1.15"
194.209.200.2 - - [12/Jul/2022:19:05:41 +0200] "GET /Main/2008 HTTP/1.1" 200 34740 "-" "Mozilla/5.0 (compatible; TMMBot/0.2; +http://www.dslab.ch)/Nutch-1.15"
194.209.200.2 - - [12/Jul/2022:19:05:49 +0200] "GET /Main/2006 HTTP/1.1" 200 39320 "-" "Mozilla/5.0 (compatible; TMMBot/0.2; +http://www.dslab.ch)/Nutch-1.15"
194.209.200.2 - - [12/Jul/2022:19:05:57 +0200] "GET /Main/2004 HTTP/1.1" 200 14080 "-" "Mozilla/5.0 (compatible; TMMBot/0.2; +http://www.dslab.ch)/Nutch-1.15"
194.209.200.2 - - [12/Jul/2022:19:06:27 +0200] "GET /AmiKo/IOS HTTP/1.1" 200 11930 "-" "Mozilla/5.0 (compatible; TMMBot/0.2; +http://www.dslab.ch)/Nutch-1.15"
194.209.200.2 - - [12/Jul/2022:19:06:41 +0200] "GET /Software/Spreadsheet HTTP/1.1" 200 8839 "-" "Mozilla/5.0 (compatible; TMMBot/0.2; +http://www.dslab.ch)/Nutch-1.15"
54.36.148.129 - - [12/Jul/2022:19:07:23 +0200] "GET /Main/2007 HTTP/1.1" 200 50639 "-" "Mozilla/5.0 (compatible; AhrefsBot/7.0; +http://ahrefs.com/robot/)"
194.209.200.2 - - [12/Jul/2022:19:08:22 +0200] "GET /Software/ODDB HTTP/1.1" 200 10298 "-" "Mozilla/5.0 (compatible; TMMBot/0.2; +http://www.dslab.ch)/Nutch-1.15"
194.209.200.2 - - [12/Jul/2022:19:09:45 +0200] "GET /Main/2018 HTTP/1.1" 200 15425 "-" "Mozilla/5.0 (compatible; TMMBot/0.2; +http://www.dslab.ch)/Nutch-1.15"
194.209.200.2 - - [12/Jul/2022:19:09:59 +0200] "GET /Main/2014 HTTP/1.1" 200 19471 "-" "Mozilla/5.0 (compatible; TMMBot/0.2; +http://www.dslab.ch)/Nutch-1.15"
194.209.200.2 - - [12/Jul/2022:19:10:07 +0200] "GET /Main/2012 HTTP/1.1" 200 31941 "-" "Mozilla/5.0 (compatible; TMMBot/0.2; +http://www.dslab.ch)/Nutch-1.15"
194.209.200.2 - - [12/Jul/2022:19:10:15 +0200] "GET /ODDB/IntegrationLookAmpFeelGenerikasuche HTTP/1.1" 200 9097 "-" "Mozilla/5.0 (compatible; TMMBot/0.2; +http://www.dslab.ch)/Nutch-1.15"
194.209.200.2 - - [12/Jul/2022:19:10:17 +0200] "GET /AmiKo/Android HTTP/1.1" 200 10427 "-" "Mozilla/5.0 (compatible; TMMBot/0.2; +http://www.dslab.ch)/Nutch-1.15"
194.209.200.2 - - [12/Jul/2022:19:10:23 +0200] "GET /Main/ComCo19122016 HTTP/1.1" 200 10547 "-" "Mozilla/5.0 (compatible; TMMBot/0.2; +http://www.dslab.ch)/Nutch-1.15"
194.209.200.2 - - [12/Jul/2022:19:11:04 +0200] "GET /Software/XMLConv HTTP/1.1" 200 8709 "-" "Mozilla/5.0 (compatible; TMMBot/0.2; +http://www.dslab.ch)/Nutch-1.15"
207.46.13.191 - - [12/Jul/2022:19:11:56 +0200] "GET /oddb2xml/index HTTP/1.1" 404 273 "-" "Mozilla/5.0 (compatible; bingbot/2.0; +http://www.bing.com/bingbot.htm)"
185.191.171.40 - - [12/Jul/2022:19:19:17 +0200] "GET /robots.txt HTTP/1.1" 200 - "-" "Mozilla/5.0 (compatible; SemrushBot/7~bl; +http://www.semrush.com/bot.html)"
185.191.171.43 - - [12/Jul/2022:19:19:18 +0200] "GET /Ywesee/BitcoinBlockchain?action=edit HTTP/1.1" 403 18 "-" "Mozilla/5.0 (compatible; SemrushBot/7~bl; +http://www.semrush.com/bot.html)"
185.191.171.2 - - [12/Jul/2022:19:19:44 +0200] "GET /Main/Phostal?action=diff HTTP/1.1" 403 18 "-" "Mozilla/5.0 (compatible; SemrushBot/7~bl; +http://www.semrush.com/bot.html)"
54.36.149.66 - - [12/Jul/2022:19:23:37 +0200] "GET /Main/2016 HTTP/1.1" 200 13689 "-" "Mozilla/5.0 (compatible; AhrefsBot/7.0; +http://ahrefs.com/robot/)"
54.36.148.161 - - [12/Jul/2022:19:25:30 +0200] "GET /Miele/MieleLXIV HTTP/1.1" 200 15367 "-" "Mozilla/5.0 (compatible; AhrefsBot/7.0; +http://ahrefs.com/robot/)"
20.191.45.212 - - [12/Jul/2022:19:32:40 +0200] "GET / HTTP/1.1" 200 12074 "https://ywesee.com/" "Mozilla/5.0 (compatible; DuckDuckGo-Favicons-Bot/1.0; +http://duckduckgo.com)"
20.191.45.212 - - [12/Jul/2022:19:32:40 +0200] "GET /favicon.ico HTTP/1.1" 200 1406 "https://ywesee.com/favicon.ico" "Mozilla/5.0 (compatible; DuckDuckGo-Favicons-Bot/1.0; +http://duckduckgo.com)"
17.121.113.145 - - [12/Jul/2022:19:38:24 +0200] "GET /Main/2012 HTTP/1.1" 200 31941 "-" "Mozilla/5.0 (Macintosh; Intel Mac OS X 10_15_5) AppleWebKit/605.1.15 (KHTML, like Gecko) Version/13.1.1 Safari/605.1.15 (Applebot/0.1; +http://www.apple.com/go/applebot)"
54.36.148.60 - - [12/Jul/2022:19:40:28 +0200] "GET /Main/ComCo19122016 HTTP/1.1" 200 10547 "-" "Mozilla/5.0 (compatible; AhrefsBot/7.0; +http://ahrefs.com/robot/)"
194.209.200.2 - - [12/Jul/2022:19:42:22 +0200] "GET /robots.txt HTTP/1.1" 200 - "-" "Mozilla/5.0 (compatible; TMMBot/0.2; +http://www.dslab.ch)/Nutch-1.15"
194.209.200.2 - - [12/Jul/2022:19:42:22 +0200] "GET /Main/2008 HTTP/1.1" 200 34740 "-" "Mozilla/5.0 (compatible; TMMBot/0.2; +http://www.dslab.ch)/Nutch-1.15"
194.209.200.2 - - [12/Jul/2022:19:42:31 +0200] "GET /Main/2006 HTTP/1.1" 200 39320 "-" "Mozilla/5.0 (compatible; TMMBot/0.2; +http://www.dslab.ch)/Nutch-1.15"
194.209.200.2 - - [12/Jul/2022:19:43:29 +0200] "GET /Software/Spreadsheet HTTP/1.1" 200 8839 "-" "Mozilla/5.0 (compatible; TMMBot/0.2; +http://www.dslab.ch)/Nutch-1.15"
185.217.119.42 - - [12/Jul/2022:19:44:36 +0200] "GET /doc.php HTTP/1.1" 404 266 "-" "Mozilla/5.0 (Windows NT 10.0; Win64; x64) AppleWebKit/537.36 (KHTML, like Gecko) Chrome/87.0.4280.141 Safari/537.36"
194.209.200.2 - - [12/Jul/2022:19:45:51 +0200] "GET /Ausschreibung/SAI HTTP/1.1" 200 10366 "-" "Mozilla/5.0 (compatible; TMMBot/0.2; +http://www.dslab.ch)/Nutch-1.15"
194.209.200.2 - - [12/Jul/2022:19:46:52 +0200] "GET /Main/2018 HTTP/1.1" 200 15425 "-" "Mozilla/5.0 (compatible; TMMBot/0.2; +http://www.dslab.ch)/Nutch-1.15"
194.209.200.2 - - [12/Jul/2022:19:47:09 +0200] "GET /Main/2014 HTTP/1.1" 200 19471 "-" "Mozilla/5.0 (compatible; TMMBot/0.2; +http://www.dslab.ch)/Nutch-1.15"
194.209.200.2 - - [12/Jul/2022:19:47:17 +0200] "GET /Main/2012 HTTP/1.1" 200 31941 "-" "Mozilla/5.0 (compatible; TMMBot/0.2; +http://www.dslab.ch)/Nutch-1.15"
194.209.200.2 - - [12/Jul/2022:19:47:25 +0200] "GET /ODDB/IntegrationLookAmpFeelGenerikasuche HTTP/1.1" 200 9097 "-" "Mozilla/5.0 (compatible; TMMBot/0.2; +http://www.dslab.ch)/Nutch-1.15"
194.209.200.2 - - [12/Jul/2022:19:47:27 +0200] "GET /AmiKo/Android HTTP/1.1" 200 10427 "-" "Mozilla/5.0 (compatible; TMMBot/0.2; +http://www.dslab.ch)/Nutch-1.15"
194.209.200.2 - - [12/Jul/2022:19:47:34 +0200] "GET /Main/ComCo19122016 HTTP/1.1" 200 10547 "-" "Mozilla/5.0 (compatible; TMMBot/0.2; +http://www.dslab.ch)/Nutch-1.15"
194.209.200.2 - - [12/Jul/2022:19:48:19 +0200] "GET /Software/XMLConv HTTP/1.1" 200 8709 "-" "Mozilla/5.0 (compatible; TMMBot/0.2; +http://www.dslab.ch)/Nutch-1.15"
185.191.171.45 - - [12/Jul/2022:19:54:17 +0200] "GET /Main/ComCo19122016?action=upload HTTP/1.1" 403 18 "-" "Mozilla/5.0 (compatible; SemrushBot/7~bl; +http://www.semrush.com/bot.html)"
66.249.66.222 - - [12/Jul/2022:20:03:19 +0200] "GET /ads.txt HTTP/1.1" 404 270 "-" "Mozilla/5.0 (compatible; Googlebot/2.1; +http://www.google.com/bot.html)"
54.36.149.65 - - [12/Jul/2022:20:11:42 +0200] "GET /Software/Spreadsheet HTTP/1.1" 200 8839 "-" "Mozilla/5.0 (compatible; AhrefsBot/7.0; +http://ahrefs.com/robot/)"
