54.202.67.54 - - [16/Apr/2022:00:14:00 +0200] "GET / HTTP/1.1" 200 11443 "-" "Mozilla/5.0 (X11; Linux x86_64) AppleWebKit/537.36 (KHTML, like Gecko) Chrome/83.0.4103.97 Safari/537.36"
54.218.54.179 - - [16/Apr/2022:00:15:54 +0200] "GET / HTTP/1.1" 200 11443 "http://ywesee.net" "Mozilla/5.0 (X11; Linux x86_64) AppleWebKit/537.36 (KHTML, like Gecko) Chrome/83.0.4103.97 Safari/537.36"
54.84.192.51 - - [16/Apr/2022:00:24:40 +0200] "GET /keybase.txt HTTP/1.1" 200 2659 "-" "keybase-proofs/2.3.24"
194.209.200.2 - - [16/Apr/2022:00:27:00 +0200] "GET /robots.txt HTTP/1.1" 200 - "-" "Mozilla/5.0 (compatible; TMMBot/0.2; +http://www.dslab.ch)/Nutch-1.15"
194.209.200.2 - - [16/Apr/2022:00:27:00 +0200] "GET /Oddb2xml/Index HTTP/1.1" 200 8983 "-" "Mozilla/5.0 (compatible; TMMBot/0.2; +http://www.dslab.ch)/Nutch-1.15"
34.219.72.139 - - [16/Apr/2022:00:27:19 +0200] "GET / HTTP/1.1" 200 11443 "-" "Mozilla/5.0 (X11; Linux x86_64) AppleWebKit/537.36 (KHTML, like Gecko) Chrome/83.0.4103.97 Safari/537.36"
194.209.200.2 - - [16/Apr/2022:00:27:54 +0200] "GET /Software/YDIM HTTP/1.1" 200 8834 "-" "Mozilla/5.0 (compatible; TMMBot/0.2; +http://www.dslab.ch)/Nutch-1.15"
5.9.109.158 - - [16/Apr/2022:00:29:01 +0200] "GET / HTTP/1.1" 200 11443 "-" "Mozilla/5.0 (Windows NT 10.0; WOW64) AppleWebKit/537.36 (KHTML, like Gecko) Chrome/72.0.3626.121 Safari/537.36"
54.201.104.194 - - [16/Apr/2022:00:29:01 +0200] "GET / HTTP/1.1" 200 11443 "-" "Mozilla/5.0 (X11; Linux x86_64) AppleWebKit/537.36 (KHTML, like Gecko) Chrome/83.0.4103.97 Safari/537.36"
194.209.200.2 - - [16/Apr/2022:00:30:01 +0200] "GET /Main/2015 HTTP/1.1" 200 15908 "-" "Mozilla/5.0 (compatible; TMMBot/0.2; +http://www.dslab.ch)/Nutch-1.15"
194.209.200.2 - - [16/Apr/2022:00:30:12 +0200] "GET /Main/2013 HTTP/1.1" 200 20487 "-" "Mozilla/5.0 (compatible; TMMBot/0.2; +http://www.dslab.ch)/Nutch-1.15"
194.209.200.2 - - [16/Apr/2022:00:33:15 +0200] "GET /Ausschreibung/SAI HTTP/1.1" 200 10366 "-" "Mozilla/5.0 (compatible; TMMBot/0.2; +http://www.dslab.ch)/Nutch-1.15"
194.209.200.2 - - [16/Apr/2022:00:33:59 +0200] "GET /Main/2009 HTTP/1.1" 200 21688 "-" "Mozilla/5.0 (compatible; TMMBot/0.2; +http://www.dslab.ch)/Nutch-1.15"
185.224.168.82 - - [16/Apr/2022:00:34:01 +0200] "GET /m/e/install/index.php HTTP/1.1" 404 284 "-" "Mozilla/5.0 (X11; Linux x86_64) AppleWebKit/537.36 (KHTML, like Gecko) Chrome/80.0.3987.162 Safari/537.36"
185.224.168.82 - - [16/Apr/2022:00:34:02 +0200] "GET /e/install/index.php HTTP/1.1" 404 282 "-" "Mozilla/5.0 (X11; Linux x86_64) AppleWebKit/537.36 (KHTML, like Gecko) Chrome/80.0.3987.162 Safari/537.36"
194.209.200.2 - - [16/Apr/2022:00:34:28 +0200] "GET /Main/2016 HTTP/1.1" 200 13689 "-" "Mozilla/5.0 (compatible; TMMBot/0.2; +http://www.dslab.ch)/Nutch-1.15"
194.209.200.2 - - [16/Apr/2022:00:34:36 +0200] "GET /Main/2014 HTTP/1.1" 200 19471 "-" "Mozilla/5.0 (compatible; TMMBot/0.2; +http://www.dslab.ch)/Nutch-1.15"
194.209.200.2 - - [16/Apr/2022:00:34:53 +0200] "GET /ODDB/IntegrationLookAmpFeelGenerikasuche HTTP/1.1" 200 9097 "-" "Mozilla/5.0 (compatible; TMMBot/0.2; +http://www.dslab.ch)/Nutch-1.15"
185.191.171.23 - - [16/Apr/2022:00:36:29 +0200] "GET /Main/2010 HTTP/1.1" 200 27997 "-" "Mozilla/5.0 (compatible; SemrushBot/7~bl; +http://www.semrush.com/bot.html)"
185.191.171.16 - - [16/Apr/2022:00:38:32 +0200] "GET /Main/2017 HTTP/1.1" 200 15840 "-" "Mozilla/5.0 (compatible; SemrushBot/7~bl; +http://www.semrush.com/bot.html)"
17.121.113.32 - - [16/Apr/2022:00:45:29 +0200] "GET /robots.txt HTTP/1.1" 200 - "-" "Mozilla/5.0 (Macintosh; Intel Mac OS X 10_15_5) AppleWebKit/605.1.15 (KHTML, like Gecko) Version/13.1.1 Safari/605.1.15 (Applebot/0.1; +http://www.apple.com/go/applebot)"
17.121.113.32 - - [16/Apr/2022:00:45:29 +0200] "GET /AmiKo/Android HTTP/1.1" 200 10427 "-" "Mozilla/5.0 (Macintosh; Intel Mac OS X 10_15_5) AppleWebKit/605.1.15 (KHTML, like Gecko) Version/13.1.1 Safari/605.1.15 (Applebot/0.1; +http://www.apple.com/go/applebot)"
141.95.185.1 - - [16/Apr/2022:00:47:38 +0200] "GET / HTTP/1.1" 200 11443 "-" "Mozilla/5.0 (Windows NT 10.0; Win64; x64) AppleWebKit/537.36 (KHTML, like Gecko) Chrome/95.0.4638.54 Safari/537.36"
54.36.149.52 - - [16/Apr/2022:00:49:06 +0200] "GET /robots.txt HTTP/1.1" 200 - "-" "Mozilla/5.0 (compatible; AhrefsBot/7.0; +http://ahrefs.com/robot/)"
185.191.171.22 - - [16/Apr/2022:00:50:46 +0200] "GET /AmiKo/IOS?action=upload HTTP/1.1" 403 18 "-" "Mozilla/5.0 (compatible; SemrushBot/7~bl; +http://www.semrush.com/bot.html)"
51.222.253.12 - - [16/Apr/2022:00:56:36 +0200] "GET /robots.txt HTTP/1.1" 200 - "-" "Mozilla/5.0 (compatible; AhrefsBot/7.0; +http://ahrefs.com/robot/)"
54.36.148.186 - - [16/Apr/2022:00:56:36 +0200] "GET /Ywesee/Team HTTP/1.1" 200 18245 "-" "Mozilla/5.0 (compatible; AhrefsBot/7.0; +http://ahrefs.com/robot/)"
54.36.148.71 - - [16/Apr/2022:01:03:14 +0200] "GET / HTTP/1.1" 200 11443 "-" "Mozilla/5.0 (compatible; AhrefsBot/7.0; +http://ahrefs.com/robot/)"
194.209.200.2 - - [16/Apr/2022:01:06:07 +0200] "GET /robots.txt HTTP/1.1" 200 - "-" "Mozilla/5.0 (compatible; TMMBot/0.2; +http://www.dslab.ch)/Nutch-1.15"
194.209.200.2 - - [16/Apr/2022:01:06:07 +0200] "GET /Oddb2xml/Index HTTP/1.1" 200 8983 "-" "Mozilla/5.0 (compatible; TMMBot/0.2; +http://www.dslab.ch)/Nutch-1.15"
194.209.200.2 - - [16/Apr/2022:01:06:35 +0200] "GET /AmiKo/Linux HTTP/1.1" 200 9217 "-" "Mozilla/5.0 (compatible; TMMBot/0.2; +http://www.dslab.ch)/Nutch-1.15"
194.209.200.2 - - [16/Apr/2022:01:07:18 +0200] "GET /Software/YDIM HTTP/1.1" 200 8834 "-" "Mozilla/5.0 (compatible; TMMBot/0.2; +http://www.dslab.ch)/Nutch-1.15"
185.191.171.15 - - [16/Apr/2022:01:08:34 +0200] "GET /robots.txt HTTP/1.1" 200 - "-" "Mozilla/5.0 (compatible; SemrushBot/7~bl; +http://www.semrush.com/bot.html)"
185.191.171.45 - - [16/Apr/2022:01:08:35 +0200] "GET /ODDB/IntegrationLookAmpFeelGenerikasuche?action=diff HTTP/1.1" 403 18 "-" "Mozilla/5.0 (compatible; SemrushBot/7~bl; +http://www.semrush.com/bot.html)"
194.209.200.2 - - [16/Apr/2022:01:09:26 +0200] "GET /Main/2006 HTTP/1.1" 200 39320 "-" "Mozilla/5.0 (compatible; TMMBot/0.2; +http://www.dslab.ch)/Nutch-1.15"
194.209.200.2 - - [16/Apr/2022:01:09:55 +0200] "GET /Main/2015 HTTP/1.1" 200 15908 "-" "Mozilla/5.0 (compatible; TMMBot/0.2; +http://www.dslab.ch)/Nutch-1.15"
194.209.200.2 - - [16/Apr/2022:01:10:04 +0200] "GET /Main/2013 HTTP/1.1" 200 20487 "-" "Mozilla/5.0 (compatible; TMMBot/0.2; +http://www.dslab.ch)/Nutch-1.15"
185.191.171.40 - - [16/Apr/2022:01:13:57 +0200] "GET /Oddb2xml/Bemerkungen?action=upload HTTP/1.1" 403 18 "-" "Mozilla/5.0 (compatible; SemrushBot/7~bl; +http://www.semrush.com/bot.html)"
194.209.200.2 - - [16/Apr/2022:01:14:19 +0200] "GET /Ausschreibung/SAI HTTP/1.1" 200 10366 "-" "Mozilla/5.0 (compatible; TMMBot/0.2; +http://www.dslab.ch)/Nutch-1.15"
194.209.200.2 - - [16/Apr/2022:01:15:27 +0200] "GET /AmiKo/Index HTTP/1.1" 200 9511 "-" "Mozilla/5.0 (compatible; TMMBot/0.2; +http://www.dslab.ch)/Nutch-1.15"
194.209.200.2 - - [16/Apr/2022:01:15:40 +0200] "GET /Main/2009 HTTP/1.1" 200 21688 "-" "Mozilla/5.0 (compatible; TMMBot/0.2; +http://www.dslab.ch)/Nutch-1.15"
194.209.200.2 - - [16/Apr/2022:01:16:27 +0200] "GET /Main/2016 HTTP/1.1" 200 13689 "-" "Mozilla/5.0 (compatible; TMMBot/0.2; +http://www.dslab.ch)/Nutch-1.15"
194.209.200.2 - - [16/Apr/2022:01:16:41 +0200] "GET /Main/2014 HTTP/1.1" 200 19471 "-" "Mozilla/5.0 (compatible; TMMBot/0.2; +http://www.dslab.ch)/Nutch-1.15"
194.209.200.2 - - [16/Apr/2022:01:16:51 +0200] "GET /Main/2012 HTTP/1.1" 200 31941 "-" "Mozilla/5.0 (compatible; TMMBot/0.2; +http://www.dslab.ch)/Nutch-1.15"
194.209.200.2 - - [16/Apr/2022:01:17:02 +0200] "GET /ODDB/IntegrationLookAmpFeelGenerikasuche HTTP/1.1" 200 9097 "-" "Mozilla/5.0 (compatible; TMMBot/0.2; +http://www.dslab.ch)/Nutch-1.15"
5.255.253.141 - - [16/Apr/2022:01:18:24 +0200] "GET /robots.txt HTTP/1.1" 200 - "-" "Mozilla/5.0 (compatible; YandexBot/3.0; +http://yandex.com/bots)"
5.255.253.141 - - [16/Apr/2022:01:18:28 +0200] "GET / HTTP/1.1" 200 11443 "-" "Mozilla/5.0 (compatible; YandexBot/3.0; +http://yandex.com/bots)"
62.182.157.251 - - [16/Apr/2022:01:29:42 +0200] "GET / HTTP/1.1" 200 11443 "http://ywesee.org/" "Mozilla/5.0 (Windows NT 10.0; Win64; x64; rv:94.0) Gecko/20100101 Firefox/94.0"
54.36.148.4 - - [16/Apr/2022:01:30:33 +0200] "GET /Main/2005 HTTP/1.1" 200 63344 "-" "Mozilla/5.0 (compatible; AhrefsBot/7.0; +http://ahrefs.com/robot/)"
89.246.241.14 - - [16/Apr/2022:01:30:43 +0200] "GET /Ywesee/Team HTTP/1.1" 200 18245 "-" "Mozilla/5.0 (Windows NT 10.0; Win64; x64; rv:84.0) Gecko/20100101 Firefox/84.0"
172.104.181.239 - - [16/Apr/2022:01:35:02 +0200] "GET /uploads/Main/Product_Registration_EMEA_FDA_Swissmedic.pdf HTTP/1.1" 200 513930 "https://www.google.com" "Mozilla/5.0 (Windows NT 10.0; Win64; x64) AppleWebKit/537.36 (KHTML, like Gecko) Chrome/79.0.3945.130 Safari/537.36"
207.46.13.112 - - [16/Apr/2022:01:36:24 +0200] "GET /uploads/Main/B-2597_2017.pdf HTTP/1.1" 304 - "-" "Mozilla/5.0 (compatible; bingbot/2.0; +http://www.bing.com/bingbot.htm)"
89.246.241.14 - - [16/Apr/2022:01:40:15 +0200] "GET /Main/Home?action=edit HTTP/1.1" 200 9269 "-" "Mozilla/5.0 (Windows NT 10.0; Win64; x64; rv:84.0) Gecko/20100101 Firefox/84.0"
89.246.241.14 - - [16/Apr/2022:01:40:21 +0200] "GET /ODDB/IntegrationLookAmpFeelGenerikasuche HTTP/1.1" 200 9097 "-" "Mozilla/5.0 (Windows NT 10.0; Win64; x64; rv:84.0) Gecko/20100101 Firefox/84.0"
118.184.177.28 - - [16/Apr/2022:01:40:45 +0200] "GET / HTTP/1.1" 200 11443 "-" "Sogou web spider/4.0(+http://www.sogou.com/docs/help/webmasters.htm#07)"
194.209.200.2 - - [16/Apr/2022:01:49:05 +0200] "GET /robots.txt HTTP/1.1" 200 - "-" "Mozilla/5.0 (compatible; TMMBot/0.2; +http://www.dslab.ch)/Nutch-1.15"
194.209.200.2 - - [16/Apr/2022:01:49:06 +0200] "GET /Software/YDIM HTTP/1.1" 200 8834 "-" "Mozilla/5.0 (compatible; TMMBot/0.2; +http://www.dslab.ch)/Nutch-1.15"
89.246.241.14 - - [16/Apr/2022:01:49:19 +0200] "GET /Ywesee/OpenSource HTTP/1.1" 200 10790 "-" "Mozilla/5.0 (Windows NT 10.0; Win64; x64; rv:84.0) Gecko/20100101 Firefox/84.0"
194.209.200.2 - - [16/Apr/2022:01:50:40 +0200] "GET /Main/2008 HTTP/1.1" 200 34740 "-" "Mozilla/5.0 (compatible; TMMBot/0.2; +http://www.dslab.ch)/Nutch-1.15"
194.209.200.2 - - [16/Apr/2022:01:50:49 +0200] "GET /Main/2006 HTTP/1.1" 200 39320 "-" "Mozilla/5.0 (compatible; TMMBot/0.2; +http://www.dslab.ch)/Nutch-1.15"
194.209.200.2 - - [16/Apr/2022:01:51:19 +0200] "GET /Main/2013 HTTP/1.1" 200 20487 "-" "Mozilla/5.0 (compatible; TMMBot/0.2; +http://www.dslab.ch)/Nutch-1.15"
194.209.200.2 - - [16/Apr/2022:01:51:30 +0200] "GET /Main/2011 HTTP/1.1" 200 21451 "-" "Mozilla/5.0 (compatible; TMMBot/0.2; +http://www.dslab.ch)/Nutch-1.15"
207.46.13.58 - - [16/Apr/2022:01:52:00 +0200] "GET /Main/2004?n=Main.SideBar?action=edit HTTP/1.1" 403 18 "-" "Mozilla/5.0 (compatible; bingbot/2.0; +http://www.bing.com/bingbot.htm)"
194.209.200.2 - - [16/Apr/2022:01:53:31 +0200] "GET /Generikacc/App HTTP/1.1" 200 11862 "-" "Mozilla/5.0 (compatible; TMMBot/0.2; +http://www.dslab.ch)/Nutch-1.15"
194.209.200.2 - - [16/Apr/2022:01:54:12 +0200] "GET /Ausschreibung/SAI HTTP/1.1" 200 10366 "-" "Mozilla/5.0 (compatible; TMMBot/0.2; +http://www.dslab.ch)/Nutch-1.15"
194.209.200.2 - - [16/Apr/2022:01:54:53 +0200] "GET /Main/2009 HTTP/1.1" 200 21688 "-" "Mozilla/5.0 (compatible; TMMBot/0.2; +http://www.dslab.ch)/Nutch-1.15"
194.209.200.2 - - [16/Apr/2022:01:55:28 +0200] "GET /Main/2014 HTTP/1.1" 200 19471 "-" "Mozilla/5.0 (compatible; TMMBot/0.2; +http://www.dslab.ch)/Nutch-1.15"
194.209.200.2 - - [16/Apr/2022:01:55:43 +0200] "GET /ODDB/IntegrationLookAmpFeelGenerikasuche HTTP/1.1" 200 9097 "-" "Mozilla/5.0 (compatible; TMMBot/0.2; +http://www.dslab.ch)/Nutch-1.15"
172.121.221.200 - - [16/Apr/2022:02:00:37 +0200] "GET / HTTP/1.1" 200 11443 "-" "Mozilla/5.0 (Windows NT 10.0; Win64; x64) AppleWebKit/537.36 (KHTML, like Gecko) Chrome/46.0.2486.0 Safari/537.36 Edge/13.10586"
172.121.220.32 - - [16/Apr/2022:02:00:37 +0200] "GET / HTTP/1.1" 200 11443 "-" "Mozilla/5.0 (Windows; U; Windows NT 5.0; en-US; rv:1.4b) Gecko/20030516 Mozilla Firebird/0.6"
104.232.199.160 - - [16/Apr/2022:02:00:41 +0200] "GET / HTTP/1.1" 200 11443 "-" "Mozilla/5.0 (Macintosh; U; PPC Mac OS X Mach-O; en-US; rv:1.4a) Gecko/20030401"
104.222.46.101 - - [16/Apr/2022:02:00:41 +0200] "GET / HTTP/1.1" 200 11443 "-" "Mozilla/5.0 (Windows NT 10.0; Win64; x64) AppleWebKit/537.36 (KHTML, like Gecko) Chrome/46.0.2486.0 Safari/537.36 Edge/13.10586"
104.222.46.101 - - [16/Apr/2022:02:00:50 +0200] "GET /robots.txt HTTP/1.1" 200 - "https://ywesee.com/" "Mozilla/5.0 (Windows NT 10.0; Win64; x64) AppleWebKit/537.36 (KHTML, like Gecko) Chrome/46.0.2486.0 Safari/537.36 Edge/13.10586"
104.222.46.101 - - [16/Apr/2022:02:00:50 +0200] "GET / HTTP/1.1" 200 11443 "-" "Mozilla/5.0 (Windows NT 10.0; Win64; x64) AppleWebKit/537.36 (KHTML, like Gecko) Chrome/46.0.2486.0 Safari/537.36 Edge/13.10586"
104.232.199.160 - - [16/Apr/2022:02:00:51 +0200] "GET /robots.txt HTTP/1.1" 200 - "https://www.ywesee.com/" "Mozilla/5.0 (Macintosh; U; PPC Mac OS X Mach-O; en-US; rv:1.4a) Gecko/20030401"
104.232.199.160 - - [16/Apr/2022:02:00:51 +0200] "GET / HTTP/1.1" 200 11443 "-" "Mozilla/5.0 (Macintosh; U; PPC Mac OS X Mach-O; en-US; rv:1.4a) Gecko/20030401"
104.232.199.160 - - [16/Apr/2022:02:01:07 +0200] "GET /AmiKo/Windows HTTP/1.1" 200 10332 "-" "Mozilla/5.0 (Macintosh; U; PPC Mac OS X Mach-O; en-US; rv:1.4a) Gecko/20030401"
104.232.199.160 - - [16/Apr/2022:02:01:12 +0200] "GET /Ywesee/Events HTTP/1.1" 200 8918 "-" "Mozilla/5.0 (Macintosh; U; PPC Mac OS X Mach-O; en-US; rv:1.4a) Gecko/20030401"
104.232.199.160 - - [16/Apr/2022:02:01:14 +0200] "GET /Main/2006 HTTP/1.1" 200 39320 "-" "Mozilla/5.0 (Macintosh; U; PPC Mac OS X Mach-O; en-US; rv:1.4a) Gecko/20030401"
104.232.199.160 - - [16/Apr/2022:02:02:13 +0200] "GET /ODDB/IntegrationLookAmpFeelGenerikasuche HTTP/1.1" 200 9097 "-" "Mozilla/5.0 (Macintosh; U; PPC Mac OS X Mach-O; en-US; rv:1.4a) Gecko/20030401"
38.128.156.62 - - [16/Apr/2022:02:02:32 +0200] "GET /Main/2007 HTTP/1.1" 200 50639 "-" "Mozilla/5.0 (Windows NT 6.3; WOW64; rv:43.0) Gecko/20100101 Firefox/43.0"
89.246.241.14 - - [16/Apr/2022:02:02:59 +0200] "GET /Ywesee/Events HTTP/1.1" 200 8918 "-" "Mozilla/5.0 (Windows NT 10.0; Win64; x64; rv:84.0) Gecko/20100101 Firefox/84.0"
104.232.199.160 - - [16/Apr/2022:02:03:46 +0200] "GET /Main/2016 HTTP/1.1" 200 13689 "-" "Mozilla/5.0 (Macintosh; U; PPC Mac OS X Mach-O; en-US; rv:1.4a) Gecko/20030401"
104.232.199.160 - - [16/Apr/2022:02:03:47 +0200] "GET /Software/ODDB HTTP/1.1" 200 10298 "-" "Mozilla/5.0 (Macintosh; U; PPC Mac OS X Mach-O; en-US; rv:1.4a) Gecko/20030401"
104.232.199.160 - - [16/Apr/2022:02:03:49 +0200] "GET /Ywesee/InfoCodex HTTP/1.1" 200 24435 "-" "Mozilla/5.0 (Macintosh; U; PPC Mac OS X Mach-O; en-US; rv:1.4a) Gecko/20030401"
104.232.199.160 - - [16/Apr/2022:02:03:57 +0200] "GET /Main/2012 HTTP/1.1" 200 31941 "-" "Mozilla/5.0 (Macintosh; U; PPC Mac OS X Mach-O; en-US; rv:1.4a) Gecko/20030401"
104.232.199.160 - - [16/Apr/2022:02:04:24 +0200] "GET /Main/2021 HTTP/1.1" 200 16484 "-" "Mozilla/5.0 (Macintosh; U; PPC Mac OS X Mach-O; en-US; rv:1.4a) Gecko/20030401"
104.232.199.160 - - [16/Apr/2022:02:04:28 +0200] "GET /Main/2014 HTTP/1.1" 200 19471 "-" "Mozilla/5.0 (Macintosh; U; PPC Mac OS X Mach-O; en-US; rv:1.4a) Gecko/20030401"
104.232.199.160 - - [16/Apr/2022:02:04:35 +0200] "GET /Main/Home HTTP/1.1" 200 11443 "-" "Mozilla/5.0 (Macintosh; U; PPC Mac OS X Mach-O; en-US; rv:1.4a) Gecko/20030401"
104.232.199.160 - - [16/Apr/2022:02:04:37 +0200] "GET /Main/2013 HTTP/1.1" 200 20487 "-" "Mozilla/5.0 (Macintosh; U; PPC Mac OS X Mach-O; en-US; rv:1.4a) Gecko/20030401"
104.232.199.160 - - [16/Apr/2022:02:04:39 +0200] "GET /Generikacc/App HTTP/1.1" 200 11862 "-" "Mozilla/5.0 (Macintosh; U; PPC Mac OS X Mach-O; en-US; rv:1.4a) Gecko/20030401"
104.232.199.160 - - [16/Apr/2022:02:04:45 +0200] "GET /robots.txt HTTP/1.1" 200 - "https://www.ywesee.com/Generikacc/App" "Mozilla/5.0 (Macintosh; U; PPC Mac OS X Mach-O; en-US; rv:1.4a) Gecko/20030401"
104.232.199.160 - - [16/Apr/2022:02:04:46 +0200] "GET /Main/Home?action=upload HTTP/1.1" 200 8735 "-" "Mozilla/5.0 (Macintosh; U; PPC Mac OS X Mach-O; en-US; rv:1.4a) Gecko/20030401"
104.232.199.160 - - [16/Apr/2022:02:04:47 +0200] "GET /robots.txt HTTP/1.1" 200 - "https://www.ywesee.com/Generikacc/App" "Mozilla/5.0 (Macintosh; U; PPC Mac OS X Mach-O; en-US; rv:1.4a) Gecko/20030401"
104.232.199.160 - - [16/Apr/2022:02:04:47 +0200] "GET /Software/XMLConv HTTP/1.1" 200 8709 "-" "Mozilla/5.0 (Macintosh; U; PPC Mac OS X Mach-O; en-US; rv:1.4a) Gecko/20030401"
104.232.199.160 - - [16/Apr/2022:02:04:49 +0200] "GET /ODDB/StammdatenCH HTTP/1.1" 200 9300 "-" "Mozilla/5.0 (Macintosh; U; PPC Mac OS X Mach-O; en-US; rv:1.4a) Gecko/20030401"
104.232.199.160 - - [16/Apr/2022:02:05:07 +0200] "GET /Ywesee/OpenSource HTTP/1.1" 200 10790 "-" "Mozilla/5.0 (Macintosh; U; PPC Mac OS X Mach-O; en-US; rv:1.4a) Gecko/20030401"
104.232.199.160 - - [16/Apr/2022:02:05:08 +0200] "GET /AmiKo/Web HTTP/1.1" 200 9588 "-" "Mozilla/5.0 (Macintosh; U; PPC Mac OS X Mach-O; en-US; rv:1.4a) Gecko/20030401"
104.232.199.160 - - [16/Apr/2022:02:05:09 +0200] "GET /AmiKo/OSX HTTP/1.1" 200 9772 "-" "Mozilla/5.0 (Macintosh; U; PPC Mac OS X Mach-O; en-US; rv:1.4a) Gecko/20030401"
104.232.199.160 - - [16/Apr/2022:02:05:17 +0200] "GET /Main/DocumedGalenicaVsYwesee HTTP/1.1" 200 35251 "-" "Mozilla/5.0 (Macintosh; U; PPC Mac OS X Mach-O; en-US; rv:1.4a) Gecko/20030401"
104.232.199.160 - - [16/Apr/2022:02:05:19 +0200] "GET /robots.txt HTTP/1.1" 200 - "https://www.ywesee.com/Main/DocumedGalenicaVsYwesee" "Mozilla/5.0 (Macintosh; U; PPC Mac OS X Mach-O; en-US; rv:1.4a) Gecko/20030401"
104.232.199.160 - - [16/Apr/2022:02:05:20 +0200] "GET /Ywesee/InfoCodex?action=upload HTTP/1.1" 200 8826 "-" "Mozilla/5.0 (Macintosh; U; PPC Mac OS X Mach-O; en-US; rv:1.4a) Gecko/20030401"
104.232.199.160 - - [16/Apr/2022:02:05:21 +0200] "GET /robots.txt HTTP/1.1" 200 - "https://www.ywesee.com/Main/DocumedGalenicaVsYwesee" "Mozilla/5.0 (Macintosh; U; PPC Mac OS X Mach-O; en-US; rv:1.4a) Gecko/20030401"
104.232.199.160 - - [16/Apr/2022:02:05:21 +0200] "GET /Ywesee/Events?action=print HTTP/1.1" 200 3463 "-" "Mozilla/5.0 (Macintosh; U; PPC Mac OS X Mach-O; en-US; rv:1.4a) Gecko/20030401"
104.232.199.160 - - [16/Apr/2022:02:05:22 +0200] "GET /robots.txt HTTP/1.1" 200 - "https://www.ywesee.com/Main/DocumedGalenicaVsYwesee" "Mozilla/5.0 (Macintosh; U; PPC Mac OS X Mach-O; en-US; rv:1.4a) Gecko/20030401"
104.232.199.160 - - [16/Apr/2022:02:05:22 +0200] "GET /AmiKo/Linux HTTP/1.1" 200 9217 "-" "Mozilla/5.0 (Macintosh; U; PPC Mac OS X Mach-O; en-US; rv:1.4a) Gecko/20030401"
104.232.199.160 - - [16/Apr/2022:02:05:23 +0200] "GET /robots.txt HTTP/1.1" 200 - "https://www.ywesee.com/AmiKo/Linux" "Mozilla/5.0 (Macintosh; U; PPC Mac OS X Mach-O; en-US; rv:1.4a) Gecko/20030401"
104.232.199.160 - - [16/Apr/2022:02:05:24 +0200] "GET /ODDB/IntegrationLookAmpFeelGenerikasuche?n=Main.SideBar?action=edit HTTP/1.1" 200 9353 "-" "Mozilla/5.0 (Macintosh; U; PPC Mac OS X Mach-O; en-US; rv:1.4a) Gecko/20030401"
104.232.199.160 - - [16/Apr/2022:02:05:25 +0200] "GET /robots.txt HTTP/1.1" 200 - "https://www.ywesee.com/AmiKo/Linux" "Mozilla/5.0 (Macintosh; U; PPC Mac OS X Mach-O; en-US; rv:1.4a) Gecko/20030401"
104.232.199.160 - - [16/Apr/2022:02:05:25 +0200] "GET /AmiKo/OSX?action=diff HTTP/1.1" 200 22166 "-" "Mozilla/5.0 (Macintosh; U; PPC Mac OS X Mach-O; en-US; rv:1.4a) Gecko/20030401"
104.232.199.160 - - [16/Apr/2022:02:05:26 +0200] "GET /robots.txt HTTP/1.1" 200 - "https://www.ywesee.com/AmiKo/Linux" "Mozilla/5.0 (Macintosh; U; PPC Mac OS X Mach-O; en-US; rv:1.4a) Gecko/20030401"
104.232.199.160 - - [16/Apr/2022:02:05:27 +0200] "GET /Main/2007?action=upload HTTP/1.1" 200 8737 "-" "Mozilla/5.0 (Macintosh; U; PPC Mac OS X Mach-O; en-US; rv:1.4a) Gecko/20030401"
104.232.199.160 - - [16/Apr/2022:02:05:28 +0200] "GET /robots.txt HTTP/1.1" 200 - "https://www.ywesee.com/AmiKo/Linux" "Mozilla/5.0 (Macintosh; U; PPC Mac OS X Mach-O; en-US; rv:1.4a) Gecko/20030401"
104.232.199.160 - - [16/Apr/2022:02:05:28 +0200] "GET /Software/ODDB?action=diff HTTP/1.1" 200 25098 "-" "Mozilla/5.0 (Macintosh; U; PPC Mac OS X Mach-O; en-US; rv:1.4a) Gecko/20030401"
104.232.199.160 - - [16/Apr/2022:02:05:29 +0200] "GET /robots.txt HTTP/1.1" 200 - "https://www.ywesee.com/AmiKo/Linux" "Mozilla/5.0 (Macintosh; U; PPC Mac OS X Mach-O; en-US; rv:1.4a) Gecko/20030401"
104.232.199.160 - - [16/Apr/2022:02:05:30 +0200] "GET /Main/2013?action=upload HTTP/1.1" 200 8735 "-" "Mozilla/5.0 (Macintosh; U; PPC Mac OS X Mach-O; en-US; rv:1.4a) Gecko/20030401"
104.232.199.160 - - [16/Apr/2022:02:05:30 +0200] "GET /robots.txt HTTP/1.1" 200 - "https://www.ywesee.com/AmiKo/Linux" "Mozilla/5.0 (Macintosh; U; PPC Mac OS X Mach-O; en-US; rv:1.4a) Gecko/20030401"
104.232.199.160 - - [16/Apr/2022:02:05:31 +0200] "GET /ODDB/IntegrationLookAmpFeelGenerikasuche?action=upload HTTP/1.1" 200 9140 "-" "Mozilla/5.0 (Macintosh; U; PPC Mac OS X Mach-O; en-US; rv:1.4a) Gecko/20030401"
104.232.199.160 - - [16/Apr/2022:02:05:32 +0200] "GET /robots.txt HTTP/1.1" 200 - "https://www.ywesee.com/AmiKo/Linux" "Mozilla/5.0 (Macintosh; U; PPC Mac OS X Mach-O; en-US; rv:1.4a) Gecko/20030401"
104.232.199.160 - - [16/Apr/2022:02:05:32 +0200] "GET /AmiKo/Web?action=print HTTP/1.1" 200 4206 "-" "Mozilla/5.0 (Macintosh; U; PPC Mac OS X Mach-O; en-US; rv:1.4a) Gecko/20030401"
104.232.199.160 - - [16/Apr/2022:02:05:33 +0200] "GET /robots.txt HTTP/1.1" 200 - "https://www.ywesee.com/AmiKo/Linux" "Mozilla/5.0 (Macintosh; U; PPC Mac OS X Mach-O; en-US; rv:1.4a) Gecko/20030401"
104.232.199.160 - - [16/Apr/2022:02:05:34 +0200] "GET /AmiKo/KrankenkassenKartenleser HTTP/1.1" 200 9504 "-" "Mozilla/5.0 (Macintosh; U; PPC Mac OS X Mach-O; en-US; rv:1.4a) Gecko/20030401"
104.232.199.160 - - [16/Apr/2022:02:05:48 +0200] "GET /robots.txt HTTP/1.1" 200 - "https://www.ywesee.com/AmiKo/KrankenkassenKartenleser" "Mozilla/5.0 (Macintosh; U; PPC Mac OS X Mach-O; en-US; rv:1.4a) Gecko/20030401"
104.232.199.160 - - [16/Apr/2022:02:05:49 +0200] "GET /Main/2007?action=diff HTTP/1.1" 200 57691 "-" "Mozilla/5.0 (Macintosh; U; PPC Mac OS X Mach-O; en-US; rv:1.4a) Gecko/20030401"
104.232.199.160 - - [16/Apr/2022:02:05:50 +0200] "GET /robots.txt HTTP/1.1" 200 - "https://www.ywesee.com/AmiKo/KrankenkassenKartenleser" "Mozilla/5.0 (Macintosh; U; PPC Mac OS X Mach-O; en-US; rv:1.4a) Gecko/20030401"
104.232.199.160 - - [16/Apr/2022:02:05:50 +0200] "GET /ODDB/StammdatenCH?action=diff HTTP/1.1" 200 14477 "-" "Mozilla/5.0 (Macintosh; U; PPC Mac OS X Mach-O; en-US; rv:1.4a) Gecko/20030401"
104.232.199.160 - - [16/Apr/2022:02:05:51 +0200] "GET /robots.txt HTTP/1.1" 200 - "https://www.ywesee.com/AmiKo/KrankenkassenKartenleser" "Mozilla/5.0 (Macintosh; U; PPC Mac OS X Mach-O; en-US; rv:1.4a) Gecko/20030401"
104.232.199.160 - - [16/Apr/2022:02:05:52 +0200] "GET /Oddb2xml/XSD HTTP/1.1" 200 8519 "-" "Mozilla/5.0 (Macintosh; U; PPC Mac OS X Mach-O; en-US; rv:1.4a) Gecko/20030401"
104.232.199.160 - - [16/Apr/2022:02:05:53 +0200] "GET /Main/HirslandenProfessional HTTP/1.1" 200 8885 "-" "Mozilla/5.0 (Macintosh; U; PPC Mac OS X Mach-O; en-US; rv:1.4a) Gecko/20030401"
104.232.199.160 - - [16/Apr/2022:02:05:59 +0200] "GET /robots.txt HTTP/1.1" 200 - "https://www.ywesee.com/Main/HirslandenProfessional" "Mozilla/5.0 (Macintosh; U; PPC Mac OS X Mach-O; en-US; rv:1.4a) Gecko/20030401"
104.232.199.160 - - [16/Apr/2022:02:05:59 +0200] "GET /Main/SideBar?action=edit HTTP/1.1" 200 9310 "-" "Mozilla/5.0 (Macintosh; U; PPC Mac OS X Mach-O; en-US; rv:1.4a) Gecko/20030401"
104.232.199.160 - - [16/Apr/2022:02:06:00 +0200] "GET /robots.txt HTTP/1.1" 200 - "https://www.ywesee.com/Main/HirslandenProfessional" "Mozilla/5.0 (Macintosh; U; PPC Mac OS X Mach-O; en-US; rv:1.4a) Gecko/20030401"
104.232.199.160 - - [16/Apr/2022:02:06:00 +0200] "GET /Generikacc/App?n=Main.SideBar?action=edit HTTP/1.1" 200 9327 "-" "Mozilla/5.0 (Macintosh; U; PPC Mac OS X Mach-O; en-US; rv:1.4a) Gecko/20030401"
104.232.199.160 - - [16/Apr/2022:02:06:01 +0200] "GET /robots.txt HTTP/1.1" 200 - "https://www.ywesee.com/Main/HirslandenProfessional" "Mozilla/5.0 (Macintosh; U; PPC Mac OS X Mach-O; en-US; rv:1.4a) Gecko/20030401"
104.232.199.160 - - [16/Apr/2022:02:06:02 +0200] "GET /Main/2016?action=edit HTTP/1.1" 200 9271 "-" "Mozilla/5.0 (Macintosh; U; PPC Mac OS X Mach-O; en-US; rv:1.4a) Gecko/20030401"
104.232.199.160 - - [16/Apr/2022:02:06:02 +0200] "GET /robots.txt HTTP/1.1" 200 - "https://www.ywesee.com/Main/HirslandenProfessional" "Mozilla/5.0 (Macintosh; U; PPC Mac OS X Mach-O; en-US; rv:1.4a) Gecko/20030401"
104.232.199.160 - - [16/Apr/2022:02:06:03 +0200] "GET /Main/Home?action=edit HTTP/1.1" 200 9269 "-" "Mozilla/5.0 (Macintosh; U; PPC Mac OS X Mach-O; en-US; rv:1.4a) Gecko/20030401"
104.232.199.160 - - [16/Apr/2022:02:06:04 +0200] "GET /robots.txt HTTP/1.1" 200 - "https://www.ywesee.com/Main/HirslandenProfessional" "Mozilla/5.0 (Macintosh; U; PPC Mac OS X Mach-O; en-US; rv:1.4a) Gecko/20030401"
104.232.199.160 - - [16/Apr/2022:02:06:04 +0200] "GET /AmiKo/Web?action=diff HTTP/1.1" 200 16835 "-" "Mozilla/5.0 (Macintosh; U; PPC Mac OS X Mach-O; en-US; rv:1.4a) Gecko/20030401"
104.232.199.160 - - [16/Apr/2022:02:06:05 +0200] "GET /robots.txt HTTP/1.1" 200 - "https://www.ywesee.com/Main/HirslandenProfessional" "Mozilla/5.0 (Macintosh; U; PPC Mac OS X Mach-O; en-US; rv:1.4a) Gecko/20030401"
104.232.199.160 - - [16/Apr/2022:02:06:06 +0200] "GET /Ywesee/Team HTTP/1.1" 200 18245 "-" "Mozilla/5.0 (Macintosh; U; PPC Mac OS X Mach-O; en-US; rv:1.4a) Gecko/20030401"
104.232.199.160 - - [16/Apr/2022:02:06:08 +0200] "GET /robots.txt HTTP/1.1" 200 - "https://www.ywesee.com/Ywesee/Team" "Mozilla/5.0 (Macintosh; U; PPC Mac OS X Mach-O; en-US; rv:1.4a) Gecko/20030401"
104.232.199.160 - - [16/Apr/2022:02:06:09 +0200] "GET /AmiKo/OSX?action=print HTTP/1.1" 200 4416 "-" "Mozilla/5.0 (Macintosh; U; PPC Mac OS X Mach-O; en-US; rv:1.4a) Gecko/20030401"
104.232.199.160 - - [16/Apr/2022:02:06:23 +0200] "GET /robots.txt HTTP/1.1" 200 - "http://www.ywesee.com/Anlass/12012017" "Mozilla/5.0 (Macintosh; U; PPC Mac OS X Mach-O; en-US; rv:1.4a) Gecko/20030401"
104.232.199.160 - - [16/Apr/2022:02:06:24 +0200] "GET /Ywesee/Kontakt HTTP/1.1" 200 8973 "-" "Mozilla/5.0 (Macintosh; U; PPC Mac OS X Mach-O; en-US; rv:1.4a) Gecko/20030401"
104.232.199.160 - - [16/Apr/2022:02:06:29 +0200] "GET /robots.txt HTTP/1.1" 200 - "https://www.ywesee.com/Ywesee/Kontakt" "Mozilla/5.0 (Macintosh; U; PPC Mac OS X Mach-O; en-US; rv:1.4a) Gecko/20030401"
104.232.199.160 - - [16/Apr/2022:02:06:29 +0200] "GET /AmiKo/Linux?action=edit HTTP/1.1" 200 9296 "-" "Mozilla/5.0 (Macintosh; U; PPC Mac OS X Mach-O; en-US; rv:1.4a) Gecko/20030401"
104.232.199.160 - - [16/Apr/2022:02:06:30 +0200] "GET /robots.txt HTTP/1.1" 200 - "https://www.ywesee.com/Ywesee/Kontakt" "Mozilla/5.0 (Macintosh; U; PPC Mac OS X Mach-O; en-US; rv:1.4a) Gecko/20030401"
104.232.199.160 - - [16/Apr/2022:02:06:31 +0200] "GET /Oddb2xml/XSD?n=Main.SideBar?action=edit HTTP/1.1" 200 9325 "-" "Mozilla/5.0 (Macintosh; U; PPC Mac OS X Mach-O; en-US; rv:1.4a) Gecko/20030401"
104.232.199.160 - - [16/Apr/2022:02:06:31 +0200] "GET /robots.txt HTTP/1.1" 200 - "https://www.ywesee.com/Ywesee/Kontakt" "Mozilla/5.0 (Macintosh; U; PPC Mac OS X Mach-O; en-US; rv:1.4a) Gecko/20030401"
104.232.199.160 - - [16/Apr/2022:02:06:32 +0200] "GET /Main/SideBar HTTP/1.1" 200 10903 "-" "Mozilla/5.0 (Macintosh; U; PPC Mac OS X Mach-O; en-US; rv:1.4a) Gecko/20030401"
104.232.199.160 - - [16/Apr/2022:02:06:33 +0200] "GET /robots.txt HTTP/1.1" 200 - "https://www.ywesee.com/Main/SideBar" "Mozilla/5.0 (Macintosh; U; PPC Mac OS X Mach-O; en-US; rv:1.4a) Gecko/20030401"
104.232.199.160 - - [16/Apr/2022:02:06:33 +0200] "GET /Oddb2xml/XSD?action=diff HTTP/1.1" 200 10719 "-" "Mozilla/5.0 (Macintosh; U; PPC Mac OS X Mach-O; en-US; rv:1.4a) Gecko/20030401"
104.232.199.160 - - [16/Apr/2022:02:06:34 +0200] "GET /robots.txt HTTP/1.1" 200 - "https://www.ywesee.com/Main/SideBar" "Mozilla/5.0 (Macintosh; U; PPC Mac OS X Mach-O; en-US; rv:1.4a) Gecko/20030401"
104.232.199.160 - - [16/Apr/2022:02:06:35 +0200] "GET /Main/HirslandenProfessional?action=upload HTTP/1.1" 200 8972 "-" "Mozilla/5.0 (Macintosh; U; PPC Mac OS X Mach-O; en-US; rv:1.4a) Gecko/20030401"
104.232.199.160 - - [16/Apr/2022:02:06:35 +0200] "GET /robots.txt HTTP/1.1" 200 - "https://www.ywesee.com/Main/SideBar" "Mozilla/5.0 (Macintosh; U; PPC Mac OS X Mach-O; en-US; rv:1.4a) Gecko/20030401"
104.232.199.160 - - [16/Apr/2022:02:06:36 +0200] "GET /Software/Spreadsheet HTTP/1.1" 200 8839 "-" "Mozilla/5.0 (Macintosh; U; PPC Mac OS X Mach-O; en-US; rv:1.4a) Gecko/20030401"
104.232.199.160 - - [16/Apr/2022:02:06:38 +0200] "GET /robots.txt HTTP/1.1" 200 - "https://www.ywesee.com/Software/Spreadsheet" "Mozilla/5.0 (Macintosh; U; PPC Mac OS X Mach-O; en-US; rv:1.4a) Gecko/20030401"
104.232.199.160 - - [16/Apr/2022:02:06:38 +0200] "GET /Main/HirslandenProfessional?action=diff HTTP/1.1" 200 14071 "-" "Mozilla/5.0 (Macintosh; U; PPC Mac OS X Mach-O; en-US; rv:1.4a) Gecko/20030401"
104.232.199.160 - - [16/Apr/2022:02:06:39 +0200] "GET /robots.txt HTTP/1.1" 200 - "https://www.ywesee.com/Software/Spreadsheet" "Mozilla/5.0 (Macintosh; U; PPC Mac OS X Mach-O; en-US; rv:1.4a) Gecko/20030401"
104.232.199.160 - - [16/Apr/2022:02:06:40 +0200] "GET /AmiKo/Android HTTP/1.1" 200 10427 "-" "Mozilla/5.0 (Macintosh; U; PPC Mac OS X Mach-O; en-US; rv:1.4a) Gecko/20030401"
104.232.199.160 - - [16/Apr/2022:02:06:41 +0200] "GET /robots.txt HTTP/1.1" 200 - "https://www.ywesee.com/AmiKo/Android" "Mozilla/5.0 (Macintosh; U; PPC Mac OS X Mach-O; en-US; rv:1.4a) Gecko/20030401"
104.232.199.160 - - [16/Apr/2022:02:06:41 +0200] "GET /Main/HirslandenProfessional?n=Main.SideBar?action=edit HTTP/1.1" 200 9340 "-" "Mozilla/5.0 (Macintosh; U; PPC Mac OS X Mach-O; en-US; rv:1.4a) Gecko/20030401"
104.232.199.160 - - [16/Apr/2022:02:06:42 +0200] "GET /robots.txt HTTP/1.1" 200 - "https://www.ywesee.com/AmiKo/Android" "Mozilla/5.0 (Macintosh; U; PPC Mac OS X Mach-O; en-US; rv:1.4a) Gecko/20030401"
104.232.199.160 - - [16/Apr/2022:02:06:43 +0200] "GET /Software/SoftwareRaid HTTP/1.1" 200 12104 "-" "Mozilla/5.0 (Macintosh; U; PPC Mac OS X Mach-O; en-US; rv:1.4a) Gecko/20030401"
104.232.199.160 - - [16/Apr/2022:02:07:02 +0200] "GET /robots.txt HTTP/1.1" 200 - "https://www.ywesee.com/Software/SoftwareRaid" "Mozilla/5.0 (Macintosh; U; PPC Mac OS X Mach-O; en-US; rv:1.4a) Gecko/20030401"
104.232.199.160 - - [16/Apr/2022:02:07:03 +0200] "GET /Oddb2xml/XSD?action=print HTTP/1.1" 200 3077 "-" "Mozilla/5.0 (Macintosh; U; PPC Mac OS X Mach-O; en-US; rv:1.4a) Gecko/20030401"
104.232.199.160 - - [16/Apr/2022:02:07:03 +0200] "GET /robots.txt HTTP/1.1" 200 - "https://www.ywesee.com/Software/SoftwareRaid" "Mozilla/5.0 (Macintosh; U; PPC Mac OS X Mach-O; en-US; rv:1.4a) Gecko/20030401"
104.232.199.160 - - [16/Apr/2022:02:07:04 +0200] "GET /AmiKo/KrankenkassenKartenleser?action=print HTTP/1.1" 200 3920 "-" "Mozilla/5.0 (Macintosh; U; PPC Mac OS X Mach-O; en-US; rv:1.4a) Gecko/20030401"
104.232.199.160 - - [16/Apr/2022:02:07:04 +0200] "GET /robots.txt HTTP/1.1" 200 - "https://www.ywesee.com/Software/SoftwareRaid" "Mozilla/5.0 (Macintosh; U; PPC Mac OS X Mach-O; en-US; rv:1.4a) Gecko/20030401"
104.232.199.160 - - [16/Apr/2022:02:07:05 +0200] "GET /Oddb2xml/XSD?action=upload HTTP/1.1" 200 8768 "-" "Mozilla/5.0 (Macintosh; U; PPC Mac OS X Mach-O; en-US; rv:1.4a) Gecko/20030401"
104.232.199.160 - - [16/Apr/2022:02:07:06 +0200] "GET /robots.txt HTTP/1.1" 200 - "https://www.ywesee.com/Software/SoftwareRaid" "Mozilla/5.0 (Macintosh; U; PPC Mac OS X Mach-O; en-US; rv:1.4a) Gecko/20030401"
104.232.199.160 - - [16/Apr/2022:02:07:07 +0200] "GET /Oddb2xml/XSD?action=edit HTTP/1.1" 200 9302 "-" "Mozilla/5.0 (Macintosh; U; PPC Mac OS X Mach-O; en-US; rv:1.4a) Gecko/20030401"
104.232.199.160 - - [16/Apr/2022:02:07:08 +0200] "GET /robots.txt HTTP/1.1" 200 - "https://www.ywesee.com/Software/SoftwareRaid" "Mozilla/5.0 (Macintosh; U; PPC Mac OS X Mach-O; en-US; rv:1.4a) Gecko/20030401"
104.232.199.160 - - [16/Apr/2022:02:07:09 +0200] "GET /Site/AllRecentChanges?action=rss HTTP/1.1" 200 2546 "-" "Mozilla/5.0 (Macintosh; U; PPC Mac OS X Mach-O; en-US; rv:1.4a) Gecko/20030401"
104.232.199.160 - - [16/Apr/2022:02:07:09 +0200] "GET /robots.txt HTTP/1.1" 200 - "https://www.ywesee.com/Site/AllRecentChanges?action=rss" "Mozilla/5.0 (Macintosh; U; PPC Mac OS X Mach-O; en-US; rv:1.4a) Gecko/20030401"
104.232.199.160 - - [16/Apr/2022:02:07:10 +0200] "GET /Ywesee/Team?action=edit HTTP/1.1" 200 9295 "-" "Mozilla/5.0 (Macintosh; U; PPC Mac OS X Mach-O; en-US; rv:1.4a) Gecko/20030401"
104.232.199.160 - - [16/Apr/2022:02:07:11 +0200] "GET /robots.txt HTTP/1.1" 200 - "https://www.ywesee.com/Site/AllRecentChanges?action=rss" "Mozilla/5.0 (Macintosh; U; PPC Mac OS X Mach-O; en-US; rv:1.4a) Gecko/20030401"
104.232.199.160 - - [16/Apr/2022:02:07:11 +0200] "GET /AmiKo/Index HTTP/1.1" 200 9511 "-" "Mozilla/5.0 (Macintosh; U; PPC Mac OS X Mach-O; en-US; rv:1.4a) Gecko/20030401"
104.232.199.160 - - [16/Apr/2022:02:07:13 +0200] "GET /robots.txt HTTP/1.1" 200 - "https://www.ywesee.com/AmiKo/Index" "Mozilla/5.0 (Macintosh; U; PPC Mac OS X Mach-O; en-US; rv:1.4a) Gecko/20030401"
104.232.199.160 - - [16/Apr/2022:02:07:14 +0200] "GET /Main/HirslandenProfessional?action=edit HTTP/1.1" 200 9506 "-" "Mozilla/5.0 (Macintosh; U; PPC Mac OS X Mach-O; en-US; rv:1.4a) Gecko/20030401"
104.232.199.160 - - [16/Apr/2022:02:07:15 +0200] "GET /robots.txt HTTP/1.1" 200 - "https://www.ywesee.com/AmiKo/Index" "Mozilla/5.0 (Macintosh; U; PPC Mac OS X Mach-O; en-US; rv:1.4a) Gecko/20030401"
104.232.199.160 - - [16/Apr/2022:02:07:15 +0200] "GET /Ywesee/ODBA HTTP/1.1" 200 8453 "-" "Mozilla/5.0 (Macintosh; U; PPC Mac OS X Mach-O; en-US; rv:1.4a) Gecko/20030401"
104.232.199.160 - - [16/Apr/2022:02:07:16 +0200] "GET /robots.txt HTTP/1.1" 200 - "https://www.ywesee.com/Ywesee/ODBA" "Mozilla/5.0 (Macintosh; U; PPC Mac OS X Mach-O; en-US; rv:1.4a) Gecko/20030401"
104.232.199.160 - - [16/Apr/2022:02:07:17 +0200] "GET /AmiKo/Linux?action=print HTTP/1.1" 200 3817 "-" "Mozilla/5.0 (Macintosh; U; PPC Mac OS X Mach-O; en-US; rv:1.4a) Gecko/20030401"
104.232.199.160 - - [16/Apr/2022:02:07:17 +0200] "GET /robots.txt HTTP/1.1" 200 - "https://www.ywesee.com/Ywesee/ODBA" "Mozilla/5.0 (Macintosh; U; PPC Mac OS X Mach-O; en-US; rv:1.4a) Gecko/20030401"
104.232.199.160 - - [16/Apr/2022:02:07:18 +0200] "GET /Ywesee/SBSM HTTP/1.1" 200 8449 "-" "Mozilla/5.0 (Macintosh; U; PPC Mac OS X Mach-O; en-US; rv:1.4a) Gecko/20030401"
104.232.199.160 - - [16/Apr/2022:02:07:19 +0200] "GET /robots.txt HTTP/1.1" 200 - "https://www.ywesee.com/Ywesee/SBSM" "Mozilla/5.0 (Macintosh; U; PPC Mac OS X Mach-O; en-US; rv:1.4a) Gecko/20030401"
104.232.199.160 - - [16/Apr/2022:02:07:20 +0200] "GET /AmiKo/Linux?action=upload HTTP/1.1" 200 8762 "-" "Mozilla/5.0 (Macintosh; U; PPC Mac OS X Mach-O; en-US; rv:1.4a) Gecko/20030401"
185.191.171.18 - - [16/Apr/2022:02:12:09 +0200] "GET /robots.txt HTTP/1.1" 200 - "-" "Mozilla/5.0 (compatible; SemrushBot/7~bl; +http://www.semrush.com/bot.html)"
185.191.171.39 - - [16/Apr/2022:02:12:09 +0200] "GET /SpitalSchweiz/FinanzenImMinus2012?n=Main.SideBar%3Faction%3Dedit HTTP/1.1" 302 157 "-" "Mozilla/5.0 (compatible; SemrushBot/7~bl; +http://www.semrush.com/bot.html)"
107.178.235.225 - - [16/Apr/2022:02:20:15 +0200] "GET / HTTP/1.1" 200 11443 "-" "Mozilla/5.0 (Macintosh; Intel Mac OS X 10_15_7) AppleWebKit/537.36 (KHTML, like Gecko) Chrome/100.0.4896.60 Safari/537.36"
34.204.171.43 - - [16/Apr/2022:02:24:32 +0200] "GET /robots.txt HTTP/1.1" 200 - "-" "MauiBot (crawler.feedback+gamma@gmail.com)"
185.191.171.34 - - [16/Apr/2022:02:26:27 +0200] "GET /AmiKo/OSXRezeptfunktion?action=print HTTP/1.1" 403 18 "-" "Mozilla/5.0 (compatible; SemrushBot/7~bl; +http://www.semrush.com/bot.html)"
89.246.241.14 - - [16/Apr/2022:02:28:11 +0200] "GET /Software/Spreadsheet HTTP/1.1" 200 8839 "-" "Mozilla/5.0 (Windows NT 10.0; Win64; x64; rv:84.0) Gecko/20100101 Firefox/84.0"
89.246.241.14 - - [16/Apr/2022:02:28:31 +0200] "GET /Software/ODDB HTTP/1.1" 200 10298 "-" "Mozilla/5.0 (Windows NT 10.0; Win64; x64; rv:84.0) Gecko/20100101 Firefox/84.0"
89.246.241.14 - - [16/Apr/2022:02:33:41 +0200] "GET /ODDB/StammdatenCH HTTP/1.1" 200 9300 "-" "Mozilla/5.0 (Windows NT 10.0; Win64; x64; rv:84.0) Gecko/20100101 Firefox/84.0"
89.246.241.14 - - [16/Apr/2022:02:34:40 +0200] "GET /Main/SideBar?action=edit HTTP/1.1" 200 9310 "-" "Mozilla/5.0 (Windows NT 10.0; Win64; x64; rv:84.0) Gecko/20100101 Firefox/84.0"
194.209.200.2 - - [16/Apr/2022:02:35:25 +0200] "GET /robots.txt HTTP/1.1" 200 - "-" "Mozilla/5.0 (compatible; TMMBot/0.2; +http://www.dslab.ch)/Nutch-1.15"
194.209.200.2 - - [16/Apr/2022:02:35:25 +0200] "GET /Oddb2xml/Index HTTP/1.1" 200 8983 "-" "Mozilla/5.0 (compatible; TMMBot/0.2; +http://www.dslab.ch)/Nutch-1.15"
194.209.200.2 - - [16/Apr/2022:02:35:46 +0200] "GET /AmiKo/Linux HTTP/1.1" 200 9217 "-" "Mozilla/5.0 (compatible; TMMBot/0.2; +http://www.dslab.ch)/Nutch-1.15"
194.209.200.2 - - [16/Apr/2022:02:36:17 +0200] "GET /Software/YDIM HTTP/1.1" 200 8834 "-" "Mozilla/5.0 (compatible; TMMBot/0.2; +http://www.dslab.ch)/Nutch-1.15"
89.246.241.14 - - [16/Apr/2022:02:37:14 +0200] "GET /Software/YDIM HTTP/1.1" 200 8834 "-" "Mozilla/5.0 (Windows NT 10.0; Win64; x64; rv:84.0) Gecko/20100101 Firefox/84.0"
194.209.200.2 - - [16/Apr/2022:02:38:05 +0200] "GET /Main/2006 HTTP/1.1" 200 39320 "-" "Mozilla/5.0 (compatible; TMMBot/0.2; +http://www.dslab.ch)/Nutch-1.15"
194.209.200.2 - - [16/Apr/2022:02:38:38 +0200] "GET /Main/2013 HTTP/1.1" 200 20487 "-" "Mozilla/5.0 (compatible; TMMBot/0.2; +http://www.dslab.ch)/Nutch-1.15"
35.153.200.238 - - [16/Apr/2022:02:39:00 +0200] "GET /robots.txt HTTP/1.1" 200 - "-" "Mozilla/5.0 (Macintosh; Intel Mac OS X 10_10_1) AppleWebKit/600.2.5 (KHTML\\, like Gecko) Version/8.0.2 Safari/600.2.5 (Amazonbot/0.1; +https://developer.amazon.com/support/amazonbot)"
89.246.241.14 - - [16/Apr/2022:02:40:45 +0200] "GET /AmiKo/Index HTTP/1.1" 200 9511 "-" "Mozilla/5.0 (Windows NT 10.0; Win64; x64; rv:84.0) Gecko/20100101 Firefox/84.0"
194.209.200.2 - - [16/Apr/2022:02:41:39 +0200] "GET /Ausschreibung/SAI HTTP/1.1" 200 10366 "-" "Mozilla/5.0 (compatible; TMMBot/0.2; +http://www.dslab.ch)/Nutch-1.15"
85.208.98.18 - - [16/Apr/2022:02:42:06 +0200] "GET / HTTP/1.1" 200 11443 "-" "Mozilla/5.0 (compatible; SemrushBot; +http://www.semrush.com/bot.html)"
194.209.200.2 - - [16/Apr/2022:02:42:22 +0200] "GET /Main/2009 HTTP/1.1" 200 21688 "-" "Mozilla/5.0 (compatible; TMMBot/0.2; +http://www.dslab.ch)/Nutch-1.15"
194.209.200.2 - - [16/Apr/2022:02:42:52 +0200] "GET /Main/2016 HTTP/1.1" 200 13689 "-" "Mozilla/5.0 (compatible; TMMBot/0.2; +http://www.dslab.ch)/Nutch-1.15"
194.209.200.2 - - [16/Apr/2022:02:43:00 +0200] "GET /Main/2014 HTTP/1.1" 200 19471 "-" "Mozilla/5.0 (compatible; TMMBot/0.2; +http://www.dslab.ch)/Nutch-1.15"
89.246.241.14 - - [16/Apr/2022:02:48:21 +0200] "GET /Main/DocumedGalenicaVsYwesee HTTP/1.1" 200 35251 "-" "Mozilla/5.0 (Windows NT 10.0; Win64; x64; rv:84.0) Gecko/20100101 Firefox/84.0"
89.246.241.14 - - [16/Apr/2022:02:48:33 +0200] "GET /Main/DocumedGalenicaVsYwesee?action=edit HTTP/1.1" 200 9519 "-" "Mozilla/5.0 (Windows NT 10.0; Win64; x64; rv:84.0) Gecko/20100101 Firefox/84.0"
89.246.241.14 - - [16/Apr/2022:02:48:38 +0200] "GET /Main/DocumedGalenicaVsYwesee?n=Main.SideBar?action=edit HTTP/1.1" 200 9341 "-" "Mozilla/5.0 (Windows NT 10.0; Win64; x64; rv:84.0) Gecko/20100101 Firefox/84.0"
89.246.241.14 - - [16/Apr/2022:02:48:44 +0200] "GET /Main/DocumedGalenicaVsYwesee?action=upload HTTP/1.1" 200 8985 "-" "Mozilla/5.0 (Windows NT 10.0; Win64; x64; rv:84.0) Gecko/20100101 Firefox/84.0"
89.246.241.14 - - [16/Apr/2022:02:48:49 +0200] "GET /Main/DocumedGalenicaVsYwesee?action=print HTTP/1.1" 200 29761 "-" "Mozilla/5.0 (Windows NT 10.0; Win64; x64; rv:84.0) Gecko/20100101 Firefox/84.0"
89.246.241.14 - - [16/Apr/2022:02:48:55 +0200] "GET /Main/DocumedGalenicaVsYwesee?action=diff HTTP/1.1" 200 116300 "-" "Mozilla/5.0 (Windows NT 10.0; Win64; x64; rv:84.0) Gecko/20100101 Firefox/84.0"
89.246.241.14 - - [16/Apr/2022:02:54:19 +0200] "GET /AmiKo/OSX HTTP/1.1" 200 9772 "-" "Mozilla/5.0 (Windows NT 10.0; Win64; x64; rv:84.0) Gecko/20100101 Firefox/84.0"
89.246.241.14 - - [16/Apr/2022:02:54:56 +0200] "GET /Generikacc/App HTTP/1.1" 200 11862 "-" "Mozilla/5.0 (Windows NT 10.0; Win64; x64; rv:84.0) Gecko/20100101 Firefox/84.0"
66.249.92.193 - - [16/Apr/2022:02:57:59 +0200] "GET /Main/2010 HTTP/1.1" 200 27997 "-" "Mozilla/5.0 (X11; Linux x86_64) AppleWebKit/537.36 (KHTML, like Gecko; compatible; pageburst) Chrome/100.0.4896.75 Safari/537.36"
89.246.241.14 - - [16/Apr/2022:02:58:22 +0200] "GET /CoMed/ASPP HTTP/1.1" 200 13118 "-" "Mozilla/5.0 (Windows NT 10.0; Win64; x64; rv:84.0) Gecko/20100101 Firefox/84.0"
89.246.241.14 - - [16/Apr/2022:02:58:59 +0200] "GET /Software/BBMB HTTP/1.1" 200 9385 "-" "Mozilla/5.0 (Windows NT 10.0; Win64; x64; rv:84.0) Gecko/20100101 Firefox/84.0"
157.55.39.151 - - [16/Apr/2022:03:11:24 +0200] "GET / HTTP/1.1" 200 11443 "-" "Mozilla/5.0 (compatible; bingbot/2.0; +http://www.bing.com/bingbot.htm)"
194.209.200.2 - - [16/Apr/2022:03:13:12 +0200] "GET /robots.txt HTTP/1.1" 200 - "-" "Mozilla/5.0 (compatible; TMMBot/0.2; +http://www.dslab.ch)/Nutch-1.15"
194.209.200.2 - - [16/Apr/2022:03:13:12 +0200] "GET /Oddb2xml/Index HTTP/1.1" 200 8983 "-" "Mozilla/5.0 (compatible; TMMBot/0.2; +http://www.dslab.ch)/Nutch-1.15"
194.209.200.2 - - [16/Apr/2022:03:14:02 +0200] "GET /Software/YDIM HTTP/1.1" 200 8834 "-" "Mozilla/5.0 (compatible; TMMBot/0.2; +http://www.dslab.ch)/Nutch-1.15"
194.209.200.2 - - [16/Apr/2022:03:15:50 +0200] "GET /Main/2006 HTTP/1.1" 200 39320 "-" "Mozilla/5.0 (compatible; TMMBot/0.2; +http://www.dslab.ch)/Nutch-1.15"
194.209.200.2 - - [16/Apr/2022:03:16:24 +0200] "GET /Main/2013 HTTP/1.1" 200 20487 "-" "Mozilla/5.0 (compatible; TMMBot/0.2; +http://www.dslab.ch)/Nutch-1.15"
194.209.200.2 - - [16/Apr/2022:03:16:34 +0200] "GET /AmiKo/IOS HTTP/1.1" 200 11930 "-" "Mozilla/5.0 (compatible; TMMBot/0.2; +http://www.dslab.ch)/Nutch-1.15"
194.209.200.2 - - [16/Apr/2022:03:18:50 +0200] "GET /Software/ODDB HTTP/1.1" 200 10298 "-" "Mozilla/5.0 (compatible; TMMBot/0.2; +http://www.dslab.ch)/Nutch-1.15"
89.246.241.14 - - [16/Apr/2022:03:19:09 +0200] "GET /uploads/Main/amiko_owner_report_fr.html HTTP/1.1" 200 6637 "-" "Mozilla/5.0 (Windows NT 10.0; Win64; x64; rv:84.0) Gecko/20100101 Firefox/84.0"
194.209.200.2 - - [16/Apr/2022:03:19:23 +0200] "GET /Ausschreibung/SAI HTTP/1.1" 200 10366 "-" "Mozilla/5.0 (compatible; TMMBot/0.2; +http://www.dslab.ch)/Nutch-1.15"
194.209.200.2 - - [16/Apr/2022:03:20:19 +0200] "GET /Main/2007 HTTP/1.1" 200 50639 "-" "Mozilla/5.0 (compatible; TMMBot/0.2; +http://www.dslab.ch)/Nutch-1.15"
194.209.200.2 - - [16/Apr/2022:03:20:39 +0200] "GET /Main/2016 HTTP/1.1" 200 13689 "-" "Mozilla/5.0 (compatible; TMMBot/0.2; +http://www.dslab.ch)/Nutch-1.15"
194.209.200.2 - - [16/Apr/2022:03:20:47 +0200] "GET /Main/2014 HTTP/1.1" 200 19471 "-" "Mozilla/5.0 (compatible; TMMBot/0.2; +http://www.dslab.ch)/Nutch-1.15"
89.246.241.14 - - [16/Apr/2022:03:20:57 +0200] "GET /AmiKo/IOS HTTP/1.1" 200 11930 "-" "Mozilla/5.0 (Windows NT 10.0; Win64; x64; rv:84.0) Gecko/20100101 Firefox/84.0"
40.77.167.106 - - [16/Apr/2022:03:24:15 +0200] "GET /robots.txt HTTP/1.1" 200 - "-" "Mozilla/5.0 (compatible; bingbot/2.0; +http://www.bing.com/bingbot.htm)"
207.46.13.58 - - [16/Apr/2022:03:24:20 +0200] "GET /Main/SearchWiki?pagename=Main%2FSearchWiki&q=2023 HTTP/1.1" 200 10409 "-" "Mozilla/5.0 (compatible; bingbot/2.0; +http://www.bing.com/bingbot.htm)"
66.249.66.216 - - [16/Apr/2022:03:26:28 +0200] "GET / HTTP/1.1" 200 11443 "-" "Mozilla/5.0 (Linux; Android 6.0.1; Nexus 5X Build/MMB29P) AppleWebKit/537.36 (KHTML, like Gecko) Chrome/99.0.4844.84 Mobile Safari/537.36 (compatible; Googlebot/2.1; +http://www.google.com/bot.html)"
168.119.187.84 - - [16/Apr/2022:03:27:22 +0200] "GET / HTTP/1.1" 200 11443 "-" "page-preview-tool Mozilla/5.0 (Windows NT 10.0; Win64; x64) AppleWebKit/537.36 (KHTML, like Gecko) Chrome/80.0.3987.132 Safari/537.36"
66.249.66.214 - - [16/Apr/2022:03:30:25 +0200] "GET /de/gcc/compare/ean13/7680662190030 HTTP/1.1" 404 293 "-" "Mozilla/5.0 (Linux; Android 6.0.1; Nexus 5X Build/MMB29P) AppleWebKit/537.36 (KHTML, like Gecko) Chrome/99.0.4844.84 Mobile Safari/537.36 (compatible; Googlebot/2.1; +http://www.google.com/bot.html)"
3.85.101.217 - - [16/Apr/2022:03:33:51 +0200] "GET /Site/AllRecentChanges?action=rss HTTP/1.1" 200 2546 "https://www.google.com/" "Mozilla/5.0 (Windows NT 10.0; Win64; x64) AppleWebKit/537.36 (KHTML, like Gecko) Chrome/80.0.3987.122 Safari/537.36 Edg/80.0.361.62"
89.246.241.14 - - [16/Apr/2022:03:39:37 +0200] "GET /Main/Home?n=Main.SideBar?action=edit HTTP/1.1" 200 9322 "-" "Mozilla/5.0 (Windows NT 10.0; Win64; x64; rv:84.0) Gecko/20100101 Firefox/84.0"
89.246.241.14 - - [16/Apr/2022:03:52:22 +0200] "GET /Main/Home?action=print HTTP/1.1" 200 6254 "-" "Mozilla/5.0 (Windows NT 10.0; Win64; x64; rv:84.0) Gecko/20100101 Firefox/84.0"
114.119.129.110 - - [16/Apr/2022:03:57:36 +0200] "GET /robots.txt HTTP/1.1" 200 - "-" "Mozilla/5.0 (compatible;PetalBot;+https://webmaster.petalsearch.com/site/petalbot)"
194.209.200.2 - - [16/Apr/2022:04:00:44 +0200] "GET /robots.txt HTTP/1.1" 200 - "-" "Mozilla/5.0 (compatible; TMMBot/0.2; +http://www.dslab.ch)/Nutch-1.15"
194.209.200.2 - - [16/Apr/2022:04:00:44 +0200] "GET /Oddb2xml/Index HTTP/1.1" 200 8983 "-" "Mozilla/5.0 (compatible; TMMBot/0.2; +http://www.dslab.ch)/Nutch-1.15"
194.209.200.2 - - [16/Apr/2022:04:01:37 +0200] "GET /Software/YDIM HTTP/1.1" 200 8834 "-" "Mozilla/5.0 (compatible; TMMBot/0.2; +http://www.dslab.ch)/Nutch-1.15"
194.209.200.2 - - [16/Apr/2022:04:03:13 +0200] "GET /Main/2008 HTTP/1.1" 200 34740 "-" "Mozilla/5.0 (compatible; TMMBot/0.2; +http://www.dslab.ch)/Nutch-1.15"
194.209.200.2 - - [16/Apr/2022:04:03:23 +0200] "GET /Main/2006 HTTP/1.1" 200 39320 "-" "Mozilla/5.0 (compatible; TMMBot/0.2; +http://www.dslab.ch)/Nutch-1.15"
194.209.200.2 - - [16/Apr/2022:04:03:56 +0200] "GET /Main/2013 HTTP/1.1" 200 20487 "-" "Mozilla/5.0 (compatible; TMMBot/0.2; +http://www.dslab.ch)/Nutch-1.15"
194.209.200.2 - - [16/Apr/2022:04:06:55 +0200] "GET /Ausschreibung/SAI HTTP/1.1" 200 10366 "-" "Mozilla/5.0 (compatible; TMMBot/0.2; +http://www.dslab.ch)/Nutch-1.15"
194.209.200.2 - - [16/Apr/2022:04:07:48 +0200] "GET /Main/2007 HTTP/1.1" 200 50639 "-" "Mozilla/5.0 (compatible; TMMBot/0.2; +http://www.dslab.ch)/Nutch-1.15"
194.209.200.2 - - [16/Apr/2022:04:08:00 +0200] "GET /Main/2018 HTTP/1.1" 200 15425 "-" "Mozilla/5.0 (compatible; TMMBot/0.2; +http://www.dslab.ch)/Nutch-1.15"
194.209.200.2 - - [16/Apr/2022:04:08:09 +0200] "GET /Main/2016 HTTP/1.1" 200 13689 "-" "Mozilla/5.0 (compatible; TMMBot/0.2; +http://www.dslab.ch)/Nutch-1.15"
194.209.200.2 - - [16/Apr/2022:04:08:17 +0200] "GET /Main/2014 HTTP/1.1" 200 19471 "-" "Mozilla/5.0 (compatible; TMMBot/0.2; +http://www.dslab.ch)/Nutch-1.15"
194.209.200.2 - - [16/Apr/2022:04:08:25 +0200] "GET /Main/2012 HTTP/1.1" 200 31941 "-" "Mozilla/5.0 (compatible; TMMBot/0.2; +http://www.dslab.ch)/Nutch-1.15"
65.21.206.45 - - [16/Apr/2022:04:10:36 +0200] "GET / HTTP/1.1" 200 11443 "-" "Mozilla/5.0 (Windows NT 10.0; Win64; x64) AppleWebKit/537.36 (KHTML, like Gecko) Chrome/91.0.4472.114 Safari/537.36 Edg/91.0.864.54"
89.246.241.14 - - [16/Apr/2022:04:27:40 +0200] "GET /Miele/MieleLXIV HTTP/1.1" 200 15367 "-" "Mozilla/5.0 (Windows NT 10.0; Win64; x64; rv:84.0) Gecko/20100101 Firefox/84.0"
89.246.241.14 - - [16/Apr/2022:04:28:10 +0200] "GET /AmiKo/Web HTTP/1.1" 200 9588 "-" "Mozilla/5.0 (Windows NT 10.0; Win64; x64; rv:84.0) Gecko/20100101 Firefox/84.0"
185.191.171.8 - - [16/Apr/2022:04:29:56 +0200] "GET /robots.txt HTTP/1.1" 200 - "-" "Mozilla/5.0 (compatible; SemrushBot/7~bl; +http://www.semrush.com/bot.html)"
185.191.171.9 - - [16/Apr/2022:04:29:56 +0200] "GET /PublicDomain/Stammdaten?action=upload HTTP/1.1" 403 18 "-" "Mozilla/5.0 (compatible; SemrushBot/7~bl; +http://www.semrush.com/bot.html)"
89.246.241.14 - - [16/Apr/2022:04:30:09 +0200] "GET /uploads/Main/Google_BERT_InfoCodex.pdf HTTP/1.1" 200 40002 "-" "Mozilla/5.0 (Windows NT 10.0; Win64; x64; rv:84.0) Gecko/20100101 Firefox/84.0"
123.125.109.119 - - [16/Apr/2022:04:32:55 +0200] "GET / HTTP/1.1" 200 11443 "-" "Sogou web spider/4.0(+http://www.sogou.com/docs/help/webmasters.htm#07)"
123.125.109.136 - - [16/Apr/2022:04:32:57 +0200] "GET / HTTP/1.1" 200 11443 "-" "Sogou web spider/4.0(+http://www.sogou.com/docs/help/webmasters.htm#07)"
154.54.249.16 - - [16/Apr/2022:04:33:40 +0200] "GET /robots.txt HTTP/1.1" 200 - "-" "Mozilla/5.0 (compatible; Barkrowler/0.9; +https://babbar.tech/crawler)"
154.54.249.16 - - [16/Apr/2022:04:34:25 +0200] "GET /robots.txt HTTP/1.1" 200 - "-" "Mozilla/5.0 (compatible; Barkrowler/0.9; +https://babbar.tech/crawler)"
89.246.241.14 - - [16/Apr/2022:04:34:26 +0200] "GET /Oddb2xml/Index HTTP/1.1" 200 8983 "-" "Mozilla/5.0 (Windows NT 10.0; Win64; x64; rv:84.0) Gecko/20100101 Firefox/84.0"
154.54.249.16 - - [16/Apr/2022:04:34:45 +0200] "GET / HTTP/1.1" 200 11443 "-" "Mozilla/5.0 (compatible; Barkrowler/0.9; +https://babbar.tech/crawler)"
89.246.241.14 - - [16/Apr/2022:04:35:15 +0200] "GET /AmiKo/Linux HTTP/1.1" 200 9217 "-" "Mozilla/5.0 (Windows NT 10.0; Win64; x64; rv:84.0) Gecko/20100101 Firefox/84.0"
154.54.249.16 - - [16/Apr/2022:04:35:19 +0200] "GET / HTTP/1.1" 200 11443 "-" "Mozilla/5.0 (compatible; Barkrowler/0.9; +https://babbar.tech/crawler)"
154.54.249.16 - - [16/Apr/2022:04:35:38 +0200] "GET /Main/2004 HTTP/1.1" 200 14080 "-" "Mozilla/5.0 (compatible; Barkrowler/0.9; +https://babbar.tech/crawler)"
66.249.92.193 - - [16/Apr/2022:04:35:49 +0200] "GET /AmiKo/Privacy HTTP/1.1" 200 8621 "-" "Mozilla/5.0 (X11; Linux i686; rv:93.0) Gecko/20100101 Firefox/93.0"
