216.131.76.23 - - [07/Sep/2022:09:01:01 +0200] "HEAD / HTTP/1.1" 200 - "http://www.ywesee.com/" "Mozilla/5.0 (Macintosh; Intel Mac OS X 10.6; rv:9.0) Gecko/20100101 Firefox/9.0"
212.51.146.241 - - [07/Sep/2022:09:04:59 +0200] "GET / HTTP/1.1" 200 12862 "-" "Mozilla/5.0 (X11; Linux x86_64) AppleWebKit/537.36 (KHTML, like Gecko) Chrome/106.0.0.0 Safari/537.36 Edg/106.0.1363.0"
66.102.6.18 - - [07/Sep/2022:09:07:53 +0200] "HEAD /pmwiki.php/Site/AllRecentChanges?action=rss HTTP/1.1" 200 - "-" "FeedBurner/1.0 (http://www.FeedBurner.com)"
66.102.6.14 - - [07/Sep/2022:09:07:57 +0200] "GET /pmwiki.php/Site/AllRecentChanges?action=rss HTTP/1.1" 200 2546 "-" "FeedBurner/1.0 (http://www.FeedBurner.com)"
64.71.157.114 - - [07/Sep/2022:09:08:47 +0200] "GET /pmwiki.php/Site/AllRecentChanges?action=rss HTTP/1.1" 200 2546 "-" "Feedbin feed-id:590358 - 1 subscribers"
149.18.24.65 - - [07/Sep/2022:09:19:13 +0200] "GET / HTTP/1.1" 200 12862 "-" "Mozilla/5.0 (Windows; U; Windows NT 6.1; en-US; rv:1.9.1.5) Gecko/20091102 Firefox/3.5.5 (.NET CLR 3.5.30729)"
103.131.71.161 - - [07/Sep/2022:09:23:18 +0200] "GET /robots.txt HTTP/1.1" 200 - "-" "Mozilla/5.0 (compatible; coccocbot-web/1.0; +http://help.coccoc.com/searchengine)"
185.191.171.5 - - [07/Sep/2022:09:37:26 +0200] "GET /robots.txt HTTP/1.1" 200 - "-" "Mozilla/5.0 (compatible; SemrushBot/7~bl; +http://www.semrush.com/bot.html)"
185.191.171.4 - - [07/Sep/2022:09:37:27 +0200] "GET /Ywesee/InfoCodexVorgehen?action=diff HTTP/1.1" 403 18 "-" "Mozilla/5.0 (compatible; SemrushBot/7~bl; +http://www.semrush.com/bot.html)"
95.163.255.86 - - [07/Sep/2022:09:41:18 +0200] "GET /robots.txt HTTP/1.0" 200 - "-" "Mozilla/5.0 (compatible; Linux x86_64; Mail.RU_Bot/2.0; +https://help.mail.ru/webmaster/indexing/robots)"
95.163.255.86 - - [07/Sep/2022:09:41:19 +0200] "GET /ODDB/ODDBxml HTTP/1.1" 200 8728 "-" "Mozilla/5.0 (compatible; Linux x86_64; Mail.RU_Bot/2.0; +https://help.mail.ru/webmaster/indexing/robots)"
64.71.157.117 - - [07/Sep/2022:09:41:45 +0200] "GET /pmwiki.php/Site/AllRecentChanges?action=rss HTTP/1.1" 200 2546 "-" "Feedbin feed-id:590358 - 1 subscribers"
194.209.200.2 - - [07/Sep/2022:09:44:10 +0200] "GET /robots.txt HTTP/1.1" 200 - "-" "Mozilla/5.0 (compatible; TMMBot/0.2; +http://www.dslab.ch)/Nutch-1.15"
194.209.200.2 - - [07/Sep/2022:09:44:10 +0200] "GET /Miele/MieleLXIV HTTP/1.1" 200 15367 "-" "Mozilla/5.0 (compatible; TMMBot/0.2; +http://www.dslab.ch)/Nutch-1.15"
40.77.167.97 - - [07/Sep/2022:09:45:02 +0200] "GET /robots.txt HTTP/1.1" 200 - "-" "Mozilla/5.0 (compatible; bingbot/2.0; +http://www.bing.com/bingbot.htm)"
157.55.39.193 - - [07/Sep/2022:09:45:07 +0200] "GET /uploads/Main/Packungen.txt HTTP/1.1" 200 216230 "-" "Mozilla/5.0 (compatible; bingbot/2.0; +http://www.bing.com/bingbot.htm)"
194.209.200.2 - - [07/Sep/2022:09:45:58 +0200] "GET /ODDB/StammdatenCH HTTP/1.1" 200 9300 "-" "Mozilla/5.0 (compatible; TMMBot/0.2; +http://www.dslab.ch)/Nutch-1.15"
194.209.200.2 - - [07/Sep/2022:09:46:10 +0200] "GET /ODDB/IndividuelleMediliste HTTP/1.1" 200 9139 "-" "Mozilla/5.0 (compatible; TMMBot/0.2; +http://www.dslab.ch)/Nutch-1.15"
194.209.200.2 - - [07/Sep/2022:09:46:43 +0200] "GET /Main/2017 HTTP/1.1" 200 15840 "-" "Mozilla/5.0 (compatible; TMMBot/0.2; +http://www.dslab.ch)/Nutch-1.15"
194.209.200.2 - - [07/Sep/2022:09:46:53 +0200] "GET /Main/2015 HTTP/1.1" 200 15908 "-" "Mozilla/5.0 (compatible; TMMBot/0.2; +http://www.dslab.ch)/Nutch-1.15"
194.209.200.2 - - [07/Sep/2022:09:47:03 +0200] "GET /Main/2013 HTTP/1.1" 200 20487 "-" "Mozilla/5.0 (compatible; TMMBot/0.2; +http://www.dslab.ch)/Nutch-1.15"
194.209.200.2 - - [07/Sep/2022:09:47:32 +0200] "GET /Software/Spreadsheet HTTP/1.1" 200 8839 "-" "Mozilla/5.0 (compatible; TMMBot/0.2; +http://www.dslab.ch)/Nutch-1.15"
194.209.200.2 - - [07/Sep/2022:09:48:40 +0200] "GET /robots.txt HTTP/1.1" 200 - "-" "Mozilla/5.0 (compatible; TMMBot/0.2; +http://www.dslab.ch)/Nutch-1.15"
194.209.200.2 - - [07/Sep/2022:09:49:17 +0200] "GET /AmiKo/Web HTTP/1.1" 200 9588 "-" "Mozilla/5.0 (compatible; TMMBot/0.2; +http://www.dslab.ch)/Nutch-1.15"
61.135.159.214 - - [07/Sep/2022:09:49:27 +0200] "GET / HTTP/1.1" 200 12862 "-" "Sogou web spider/4.0(+http://www.sogou.com/docs/help/webmasters.htm#07)"
194.209.200.2 - - [07/Sep/2022:09:50:14 +0200] "GET /Ywesee/OpenSource HTTP/1.1" 200 10790 "-" "Mozilla/5.0 (compatible; TMMBot/0.2; +http://www.dslab.ch)/Nutch-1.15"
185.191.171.41 - - [07/Sep/2022:09:50:54 +0200] "GET /Oddb2xml/DatenDownload?action=upload HTTP/1.1" 403 18 "-" "Mozilla/5.0 (compatible; SemrushBot/7~bl; +http://www.semrush.com/bot.html)"
194.209.200.2 - - [07/Sep/2022:09:51:06 +0200] "GET /Main/2007 HTTP/1.1" 200 50639 "-" "Mozilla/5.0 (compatible; TMMBot/0.2; +http://www.dslab.ch)/Nutch-1.15"
194.209.200.2 - - [07/Sep/2022:09:51:14 +0200] "GET /Main/2005 HTTP/1.1" 200 63344 "-" "Mozilla/5.0 (compatible; TMMBot/0.2; +http://www.dslab.ch)/Nutch-1.15"
178.194.12.19 - - [07/Sep/2022:10:00:40 +0200] "GET / HTTP/1.1" 200 12862 "https://www.google.ch/" "Mozilla/5.0 (Windows NT 10.0; Win64; x64) AppleWebKit/537.36 (KHTML, like Gecko) Chrome/105.0.0.0 Safari/537.36 Edg/105.0.1343.27"
178.194.12.19 - - [07/Sep/2022:10:00:41 +0200] "GET /pub/skins/ywesee/gila.css HTTP/1.1" 200 8276 "https://www.ywesee.com/" "Mozilla/5.0 (Windows NT 10.0; Win64; x64) AppleWebKit/537.36 (KHTML, like Gecko) Chrome/105.0.0.0 Safari/537.36 Edg/105.0.1343.27"
178.194.12.19 - - [07/Sep/2022:10:00:41 +0200] "GET /uploads/Main/yweseelogo.gif HTTP/1.1" 200 2982 "https://www.ywesee.com/" "Mozilla/5.0 (Windows NT 10.0; Win64; x64) AppleWebKit/537.36 (KHTML, like Gecko) Chrome/105.0.0.0 Safari/537.36 Edg/105.0.1343.27"
178.194.12.19 - - [07/Sep/2022:10:00:42 +0200] "GET / HTTP/1.1" 200 12862 "https://www.google.ch/" "Mozilla/5.0 (Windows NT 10.0; Win64; x64) AppleWebKit/537.36 (KHTML, like Gecko) Chrome/105.0.0.0 Safari/537.36 Edg/105.0.1343.27"
178.194.12.19 - - [07/Sep/2022:10:00:42 +0200] "GET /favicon.ico HTTP/1.1" 200 1406 "https://www.ywesee.com/" "Mozilla/5.0 (Windows NT 10.0; Win64; x64) AppleWebKit/537.36 (KHTML, like Gecko) Chrome/105.0.0.0 Safari/537.36 Edg/105.0.1343.27"
178.194.12.19 - - [07/Sep/2022:10:00:46 +0200] "GET /Main/Home HTTP/1.1" 200 12862 "https://www.ywesee.com/" "Mozilla/5.0 (Windows NT 10.0; Win64; x64) AppleWebKit/537.36 (KHTML, like Gecko) Chrome/105.0.0.0 Safari/537.36 Edg/105.0.1343.27"
178.194.12.19 - - [07/Sep/2022:10:00:47 +0200] "GET / HTTP/1.1" 200 12862 "https://www.ywesee.com/Main/Home" "Mozilla/5.0 (Windows NT 10.0; Win64; x64) AppleWebKit/537.36 (KHTML, like Gecko) Chrome/105.0.0.0 Safari/537.36 Edg/105.0.1343.27"
185.191.171.25 - - [07/Sep/2022:10:00:51 +0200] "GET /Swissmedic/AIPSXml?action=print HTTP/1.1" 403 18 "-" "Mozilla/5.0 (compatible; SemrushBot/7~bl; +http://www.semrush.com/bot.html)"
178.194.12.19 - - [07/Sep/2022:10:00:53 +0200] "GET /Ywesee/About HTTP/1.1" 200 9132 "https://www.ywesee.com/" "Mozilla/5.0 (Windows NT 10.0; Win64; x64) AppleWebKit/537.36 (KHTML, like Gecko) Chrome/105.0.0.0 Safari/537.36 Edg/105.0.1343.27"
178.194.12.19 - - [07/Sep/2022:10:01:01 +0200] "GET /Ywesee/Team HTTP/1.1" 200 18245 "https://www.ywesee.com/Ywesee/About" "Mozilla/5.0 (Windows NT 10.0; Win64; x64) AppleWebKit/537.36 (KHTML, like Gecko) Chrome/105.0.0.0 Safari/537.36 Edg/105.0.1343.27"
118.184.177.80 - - [07/Sep/2022:10:01:07 +0200] "GET / HTTP/1.1" 200 12862 "-" "Sogou web spider/4.0(+http://www.sogou.com/docs/help/webmasters.htm#07)"
178.194.12.19 - - [07/Sep/2022:10:01:29 +0200] "GET /Ywesee/Team HTTP/1.1" 200 18245 "https://www.ywesee.com/Ywesee/About" "Mozilla/5.0 (Windows NT 10.0; Win64; x64) AppleWebKit/537.36 (KHTML, like Gecko) Chrome/105.0.0.0 Safari/537.36 Edg/105.0.1343.27"
178.194.12.19 - - [07/Sep/2022:10:01:31 +0200] "GET /Ywesee/About HTTP/1.1" 200 9132 "https://www.ywesee.com/" "Mozilla/5.0 (Windows NT 10.0; Win64; x64) AppleWebKit/537.36 (KHTML, like Gecko) Chrome/105.0.0.0 Safari/537.36 Edg/105.0.1343.27"
66.249.76.198 - - [07/Sep/2022:10:01:40 +0200] "GET /amiko/privacy HTTP/1.1" 404 272 "-" "Mozilla/5.0 (compatible; Googlebot/2.1; +http://www.google.com/bot.html)"
178.194.12.19 - - [07/Sep/2022:10:01:50 +0200] "GET /ODDB/StammdatenCH HTTP/1.1" 200 9300 "https://www.ywesee.com/Ywesee/About" "Mozilla/5.0 (Windows NT 10.0; Win64; x64) AppleWebKit/537.36 (KHTML, like Gecko) Chrome/105.0.0.0 Safari/537.36 Edg/105.0.1343.27"
178.194.12.19 - - [07/Sep/2022:10:02:05 +0200] "GET /Software/ODDB HTTP/1.1" 200 10298 "https://www.ywesee.com/ODDB/StammdatenCH" "Mozilla/5.0 (Windows NT 10.0; Win64; x64) AppleWebKit/537.36 (KHTML, like Gecko) Chrome/105.0.0.0 Safari/537.36 Edg/105.0.1343.27"
185.191.171.43 - - [07/Sep/2022:10:03:24 +0200] "GET /PublicDomain/AIPS?action=print HTTP/1.1" 403 18 "-" "Mozilla/5.0 (compatible; SemrushBot/7~bl; +http://www.semrush.com/bot.html)"
64.71.157.107 - - [07/Sep/2022:10:15:11 +0200] "GET /pmwiki.php/Site/AllRecentChanges?action=rss HTTP/1.1" 200 2546 "-" "Feedbin feed-id:590358 - 1 subscribers"
194.209.200.2 - - [07/Sep/2022:10:30:38 +0200] "GET /robots.txt HTTP/1.1" 200 - "-" "Mozilla/5.0 (compatible; TMMBot/0.2; +http://www.dslab.ch)/Nutch-1.15"
194.209.200.2 - - [07/Sep/2022:10:30:38 +0200] "GET /Miele/MieleLXIV HTTP/1.1" 200 15367 "-" "Mozilla/5.0 (compatible; TMMBot/0.2; +http://www.dslab.ch)/Nutch-1.15"
194.209.200.2 - - [07/Sep/2022:10:32:09 +0200] "GET /ODDB/StammdatenCH HTTP/1.1" 200 9300 "-" "Mozilla/5.0 (compatible; TMMBot/0.2; +http://www.dslab.ch)/Nutch-1.15"
194.209.200.2 - - [07/Sep/2022:10:32:17 +0200] "GET /ODDB/IndividuelleMediliste HTTP/1.1" 200 9139 "-" "Mozilla/5.0 (compatible; TMMBot/0.2; +http://www.dslab.ch)/Nutch-1.15"
194.209.200.2 - - [07/Sep/2022:10:32:44 +0200] "GET /Main/2017 HTTP/1.1" 200 15840 "-" "Mozilla/5.0 (compatible; TMMBot/0.2; +http://www.dslab.ch)/Nutch-1.15"
194.209.200.2 - - [07/Sep/2022:10:32:52 +0200] "GET /Main/2015 HTTP/1.1" 200 15908 "-" "Mozilla/5.0 (compatible; TMMBot/0.2; +http://www.dslab.ch)/Nutch-1.15"
66.249.76.217 - - [07/Sep/2022:10:32:55 +0200] "GET /Main/WekoBlogAntragAufErweiterung?action=diff HTTP/1.1" 403 18 "-" "Mozilla/5.0 (Linux; Android 6.0.1; Nexus 5X Build/MMB29P) AppleWebKit/537.36 (KHTML, like Gecko) Chrome/104.0.5112.101 Mobile Safari/537.36 (compatible; Googlebot/2.1; +http://www.google.com/bot.html)"
194.209.200.2 - - [07/Sep/2022:10:33:00 +0200] "GET /Main/2013 HTTP/1.1" 200 20487 "-" "Mozilla/5.0 (compatible; TMMBot/0.2; +http://www.dslab.ch)/Nutch-1.15"
194.209.200.2 - - [07/Sep/2022:10:33:25 +0200] "GET /Software/Spreadsheet HTTP/1.1" 200 8839 "-" "Mozilla/5.0 (compatible; TMMBot/0.2; +http://www.dslab.ch)/Nutch-1.15"
194.209.200.2 - - [07/Sep/2022:10:34:22 +0200] "GET /robots.txt HTTP/1.1" 200 - "-" "Mozilla/5.0 (compatible; TMMBot/0.2; +http://www.dslab.ch)/Nutch-1.15"
194.209.200.2 - - [07/Sep/2022:10:34:53 +0200] "GET /AmiKo/Web HTTP/1.1" 200 9588 "-" "Mozilla/5.0 (compatible; TMMBot/0.2; +http://www.dslab.ch)/Nutch-1.15"
194.209.200.2 - - [07/Sep/2022:10:35:44 +0200] "GET /Ywesee/OpenSource HTTP/1.1" 200 10790 "-" "Mozilla/5.0 (compatible; TMMBot/0.2; +http://www.dslab.ch)/Nutch-1.15"
194.209.200.2 - - [07/Sep/2022:10:36:25 +0200] "GET /Main/2007 HTTP/1.1" 200 50639 "-" "Mozilla/5.0 (compatible; TMMBot/0.2; +http://www.dslab.ch)/Nutch-1.15"
194.209.200.2 - - [07/Sep/2022:10:36:33 +0200] "GET /Main/2005 HTTP/1.1" 200 63344 "-" "Mozilla/5.0 (compatible; TMMBot/0.2; +http://www.dslab.ch)/Nutch-1.15"
66.249.76.215 - - [07/Sep/2022:10:37:03 +0200] "GET /Main/MyMedi HTTP/1.1" 200 9646 "-" "Mozilla/5.0 (Linux; Android 6.0.1; Nexus 5X Build/MMB29P) AppleWebKit/537.36 (KHTML, like Gecko) Chrome/105.0.5195.102 Mobile Safari/537.36 (compatible; Googlebot/2.1; +http://www.google.com/bot.html)"
164.132.128.23 - - [07/Sep/2022:10:37:55 +0200] "GET /archivarix.cms.php HTTP/1.1" 404 277 "-" "Mozilla/5.0 (Macintosh; Intel Mac OS X 10_15_7) AppleWebKit/537.36 (KHTML, like Gecko) Chrome/103.0.5060.134 Safari/537.36"
164.132.128.23 - - [07/Sep/2022:10:37:55 +0200] "GET /archivarix.cms.php HTTP/1.1" 404 277 "-" "Mozilla/5.0 (Macintosh; Intel Mac OS X 10_15_7) AppleWebKit/537.36 (KHTML, like Gecko) Chrome/103.0.5060.134 Safari/537.36"
66.102.6.18 - - [07/Sep/2022:10:41:45 +0200] "HEAD /pmwiki.php/Site/AllRecentChanges?action=rss HTTP/1.1" 200 - "-" "FeedBurner/1.0 (http://www.FeedBurner.com)"
66.102.6.18 - - [07/Sep/2022:10:41:46 +0200] "GET /pmwiki.php/Site/AllRecentChanges?action=rss HTTP/1.1" 200 2546 "-" "FeedBurner/1.0 (http://www.FeedBurner.com)"
66.249.76.215 - - [07/Sep/2022:10:43:07 +0200] "GET / HTTP/1.1" 200 12862 "-" "Mozilla/5.0 (compatible; Googlebot/2.1; +http://www.google.com/bot.html)"
185.191.171.22 - - [07/Sep/2022:10:46:11 +0200] "GET /robots.txt HTTP/1.1" 200 - "-" "Mozilla/5.0 (compatible; SemrushBot/7~bl; +http://www.semrush.com/bot.html)"
185.191.171.40 - - [07/Sep/2022:10:46:12 +0200] "GET /HotelMarriott/27062013?action=upload HTTP/1.1" 403 18 "-" "Mozilla/5.0 (compatible; SemrushBot/7~bl; +http://www.semrush.com/bot.html)"
207.46.13.191 - - [07/Sep/2022:10:46:38 +0200] "GET /Ywesee/ODBA?action=print HTTP/1.1" 403 18 "-" "Mozilla/5.0 (compatible; bingbot/2.0; +http://www.bing.com/bingbot.htm)"
64.71.157.123 - - [07/Sep/2022:10:49:31 +0200] "GET /pmwiki.php/Site/AllRecentChanges?action=rss HTTP/1.1" 200 2546 "-" "Feedbin feed-id:590358 - 1 subscribers"
54.36.148.25 - - [07/Sep/2022:10:50:25 +0200] "GET / HTTP/1.1" 200 12862 "-" "Mozilla/5.0 (compatible; AhrefsBot/7.0; +http://ahrefs.com/robot/)"
54.234.46.130 - - [07/Sep/2022:10:51:17 +0200] "GET /app-ads.txt HTTP/1.1" 404 274 "-" "Pixalate.com/1.0"
54.234.46.130 - - [07/Sep/2022:10:51:18 +0200] "GET /app-ads.txt HTTP/1.1" 404 270 "-" "Pixalate.com/1.0"
66.249.76.219 - - [07/Sep/2022:10:53:42 +0200] "GET /generikacc/privacy HTTP/1.1" 404 281 "-" "Mozilla/5.0 (compatible; Googlebot/2.1; +http://www.google.com/bot.html)"
62.210.215.119 - - [07/Sep/2022:10:55:26 +0200] "GET /Site/AllRecentChanges?action=rss HTTP/1.1" 200 2546 "-" "Mozilla/5.0 (X11; Linux i686) AppleWebKit/537.36 (KHTML, like Gecko) Chrome/30.0.1599.66 Safari/537.36"
176.31.48.13 - - [07/Sep/2022:10:55:27 +0200] "GET /Main/Home HTTP/1.1" 200 12862 "-" "Mozilla/5.0 (Macintosh; Intel Mac OS X 10_14_1) AppleWebKit/537.36 (KHTML, like Gecko) Chrome/71.0.3578.62 Safari/537.36"
157.55.39.181 - - [07/Sep/2022:10:58:36 +0200] "GET /uploads/Main/an_Kaempf_2.12.2003.pdf HTTP/1.1" 200 144185 "-" "Mozilla/5.0 (compatible; bingbot/2.0; +http://www.bing.com/bingbot.htm)"
185.191.171.9 - - [07/Sep/2022:10:59:26 +0200] "GET /robots.txt HTTP/1.1" 200 - "-" "Mozilla/5.0 (compatible; SemrushBot/7~bl; +http://www.semrush.com/bot.html)"
185.191.171.40 - - [07/Sep/2022:10:59:27 +0200] "GET /pmwiki.php/Ywesee/Stanza HTTP/1.1" 200 8384 "-" "Mozilla/5.0 (compatible; SemrushBot/7~bl; +http://www.semrush.com/bot.html)"
194.209.200.2 - - [07/Sep/2022:11:01:55 +0200] "GET /robots.txt HTTP/1.1" 200 - "-" "Mozilla/5.0 (compatible; TMMBot/0.2; +http://www.dslab.ch)/Nutch-1.15"
194.209.200.2 - - [07/Sep/2022:11:01:55 +0200] "GET /Miele/MieleLXIV HTTP/1.1" 200 15367 "-" "Mozilla/5.0 (compatible; TMMBot/0.2; +http://www.dslab.ch)/Nutch-1.15"
185.191.171.43 - - [07/Sep/2022:11:02:28 +0200] "GET /Main/SL-Liste?action=print HTTP/1.1" 403 18 "-" "Mozilla/5.0 (compatible; SemrushBot/7~bl; +http://www.semrush.com/bot.html)"
194.209.200.2 - - [07/Sep/2022:11:03:28 +0200] "GET /ODDB/StammdatenCH HTTP/1.1" 200 9300 "-" "Mozilla/5.0 (compatible; TMMBot/0.2; +http://www.dslab.ch)/Nutch-1.15"
194.209.200.2 - - [07/Sep/2022:11:03:37 +0200] "GET /ODDB/IndividuelleMediliste HTTP/1.1" 200 9139 "-" "Mozilla/5.0 (compatible; TMMBot/0.2; +http://www.dslab.ch)/Nutch-1.15"
194.209.200.2 - - [07/Sep/2022:11:04:03 +0200] "GET /Main/2017 HTTP/1.1" 200 15840 "-" "Mozilla/5.0 (compatible; TMMBot/0.2; +http://www.dslab.ch)/Nutch-1.15"
194.209.200.2 - - [07/Sep/2022:11:04:12 +0200] "GET /Main/2015 HTTP/1.1" 200 15908 "-" "Mozilla/5.0 (compatible; TMMBot/0.2; +http://www.dslab.ch)/Nutch-1.15"
194.209.200.2 - - [07/Sep/2022:11:04:19 +0200] "GET /Main/2013 HTTP/1.1" 200 20487 "-" "Mozilla/5.0 (compatible; TMMBot/0.2; +http://www.dslab.ch)/Nutch-1.15"
66.249.76.215 - - [07/Sep/2022:11:05:24 +0200] "GET /amiko/privacy HTTP/1.1" 404 276 "-" "Mozilla/5.0 (compatible; Googlebot/2.1; +http://www.google.com/bot.html)"
194.209.200.2 - - [07/Sep/2022:11:05:41 +0200] "GET /robots.txt HTTP/1.1" 200 - "-" "Mozilla/5.0 (compatible; TMMBot/0.2; +http://www.dslab.ch)/Nutch-1.15"
194.209.200.2 - - [07/Sep/2022:11:06:12 +0200] "GET /AmiKo/Web HTTP/1.1" 200 9588 "-" "Mozilla/5.0 (compatible; TMMBot/0.2; +http://www.dslab.ch)/Nutch-1.15"
194.209.200.2 - - [07/Sep/2022:11:07:01 +0200] "GET /Ywesee/OpenSource HTTP/1.1" 200 10790 "-" "Mozilla/5.0 (compatible; TMMBot/0.2; +http://www.dslab.ch)/Nutch-1.15"
194.209.200.2 - - [07/Sep/2022:11:07:41 +0200] "GET /Main/2007 HTTP/1.1" 200 50639 "-" "Mozilla/5.0 (compatible; TMMBot/0.2; +http://www.dslab.ch)/Nutch-1.15"
194.209.200.2 - - [07/Sep/2022:11:07:48 +0200] "GET /Main/2005 HTTP/1.1" 200 63344 "-" "Mozilla/5.0 (compatible; TMMBot/0.2; +http://www.dslab.ch)/Nutch-1.15"
42.236.10.112 - - [07/Sep/2022:11:13:30 +0200] "GET / HTTP/1.1" 200 12862 "https://ywesee.com/" "Mozilla/5.0 (Windows NT 6.1; WOW64) AppleWebKit/537.36 (KHTML, like Gecko) Chrome/50.0.2661.102 Safari/537.36; 360Spider"
42.236.10.122 - - [07/Sep/2022:11:15:32 +0200] "GET / HTTP/1.1" 200 12862 "https://ywesee.com/" "Mozilla/5.0 (Windows NT 6.1; WOW64) AppleWebKit/537.36 (KHTML, like Gecko) Chrome/50.0.2661.102 Safari/537.36; 360Spider"
185.191.171.12 - - [07/Sep/2022:11:17:50 +0200] "GET /pmwiki.php?n=Main.WekoBlog HTTP/1.1" 200 22209 "-" "Mozilla/5.0 (compatible; SemrushBot/7~bl; +http://www.semrush.com/bot.html)"
54.198.63.134 - - [07/Sep/2022:11:22:13 +0200] "GET /app-ads.txt HTTP/1.1" 404 270 "-" "Pixalate.com/1.0"
54.198.63.134 - - [07/Sep/2022:11:22:14 +0200] "GET /app-ads.txt HTTP/1.1" 404 270 "-" "Pixalate.com/1.0"
54.198.63.134 - - [07/Sep/2022:11:22:15 +0200] "GET /app-ads.txt HTTP/1.1" 404 274 "-" "Pixalate.com/1.0"
54.198.63.134 - - [07/Sep/2022:11:22:15 +0200] "GET /app-ads.txt HTTP/1.1" 404 270 "-" "Pixalate.com/1.0"
185.191.171.9 - - [07/Sep/2022:11:23:14 +0200] "GET /Ywesee/IGM11 HTTP/1.1" 200 13051 "-" "Mozilla/5.0 (compatible; SemrushBot/7~bl; +http://www.semrush.com/bot.html)"
66.249.76.198 - - [07/Sep/2022:11:24:09 +0200] "GET /fr/gcc/show/fachinfo/57787/diff/04.01.2017 HTTP/1.1" 404 301 "-" "Mozilla/5.0 (compatible; Googlebot/2.1; +http://www.google.com/bot.html)"
64.71.157.110 - - [07/Sep/2022:11:24:20 +0200] "GET /pmwiki.php/Site/AllRecentChanges?action=rss HTTP/1.1" 200 2546 "-" "Feedbin feed-id:590358 - 1 subscribers"
211.249.246.214 - - [07/Sep/2022:11:26:53 +0200] "GET /robots.txt HTTP/1.1" 200 - "-" "Mozilla/5.0 (compatible; Daum/4.1; +http://cs.daum.net/faq/15/4118.html?faqId=28966)"
211.249.246.214 - - [07/Sep/2022:11:27:11 +0200] "GET /robots.txt HTTP/1.1" 200 - "-" "Mozilla/5.0 (compatible; Daum/4.1; +http://cs.daum.net/faq/15/4118.html?faqId=28966)"
211.249.246.214 - - [07/Sep/2022:11:27:12 +0200] "GET /Main/Phostal?action=diff HTTP/1.1" 200 16178 "-" "Mozilla/5.0 (compatible; Daum/4.1; +http://cs.daum.net/faq/15/4118.html?faqId=28966)"
194.209.200.2 - - [07/Sep/2022:11:31:28 +0200] "GET /robots.txt HTTP/1.1" 200 - "-" "Mozilla/5.0 (compatible; TMMBot/0.2; +http://www.dslab.ch)/Nutch-1.15"
194.209.200.2 - - [07/Sep/2022:11:31:28 +0200] "GET /Miele/MieleLXIV HTTP/1.1" 200 15367 "-" "Mozilla/5.0 (compatible; TMMBot/0.2; +http://www.dslab.ch)/Nutch-1.15"
194.209.200.2 - - [07/Sep/2022:11:33:05 +0200] "GET /ODDB/StammdatenCH HTTP/1.1" 200 9300 "-" "Mozilla/5.0 (compatible; TMMBot/0.2; +http://www.dslab.ch)/Nutch-1.15"
194.209.200.2 - - [07/Sep/2022:11:33:14 +0200] "GET /ODDB/IndividuelleMediliste HTTP/1.1" 200 9139 "-" "Mozilla/5.0 (compatible; TMMBot/0.2; +http://www.dslab.ch)/Nutch-1.15"
194.209.200.2 - - [07/Sep/2022:11:33:42 +0200] "GET /Main/2017 HTTP/1.1" 200 15840 "-" "Mozilla/5.0 (compatible; TMMBot/0.2; +http://www.dslab.ch)/Nutch-1.15"
194.209.200.2 - - [07/Sep/2022:11:33:51 +0200] "GET /Main/2015 HTTP/1.1" 200 15908 "-" "Mozilla/5.0 (compatible; TMMBot/0.2; +http://www.dslab.ch)/Nutch-1.15"
194.209.200.2 - - [07/Sep/2022:11:34:00 +0200] "GET /Main/2013 HTTP/1.1" 200 20487 "-" "Mozilla/5.0 (compatible; TMMBot/0.2; +http://www.dslab.ch)/Nutch-1.15"
194.209.200.2 - - [07/Sep/2022:11:35:23 +0200] "GET /robots.txt HTTP/1.1" 200 - "-" "Mozilla/5.0 (compatible; TMMBot/0.2; +http://www.dslab.ch)/Nutch-1.15"
194.209.200.2 - - [07/Sep/2022:11:35:54 +0200] "GET /AmiKo/Web HTTP/1.1" 200 9588 "-" "Mozilla/5.0 (compatible; TMMBot/0.2; +http://www.dslab.ch)/Nutch-1.15"
194.209.200.2 - - [07/Sep/2022:11:36:44 +0200] "GET /Ywesee/OpenSource HTTP/1.1" 200 10790 "-" "Mozilla/5.0 (compatible; TMMBot/0.2; +http://www.dslab.ch)/Nutch-1.15"
66.249.76.215 - - [07/Sep/2022:11:37:03 +0200] "GET /ODDB/IndividuelleMediliste HTTP/1.1" 200 9139 "-" "Mozilla/5.0 (Linux; Android 6.0.1; Nexus 5X Build/MMB29P) AppleWebKit/537.36 (KHTML, like Gecko) Chrome/105.0.5195.102 Mobile Safari/537.36 (compatible; Googlebot/2.1; +http://www.google.com/bot.html)"
194.209.200.2 - - [07/Sep/2022:11:37:25 +0200] "GET /Main/2007 HTTP/1.1" 200 50639 "-" "Mozilla/5.0 (compatible; TMMBot/0.2; +http://www.dslab.ch)/Nutch-1.15"
194.209.200.2 - - [07/Sep/2022:11:37:33 +0200] "GET /Main/2005 HTTP/1.1" 200 63344 "-" "Mozilla/5.0 (compatible; TMMBot/0.2; +http://www.dslab.ch)/Nutch-1.15"
66.102.6.16 - - [07/Sep/2022:11:40:55 +0200] "HEAD /pmwiki.php/Site/AllRecentChanges?action=rss HTTP/1.1" 200 - "-" "FeedBurner/1.0 (http://www.FeedBurner.com)"
66.102.6.18 - - [07/Sep/2022:11:40:59 +0200] "GET /pmwiki.php/Site/AllRecentChanges?action=rss HTTP/1.1" 200 2546 "-" "FeedBurner/1.0 (http://www.FeedBurner.com)"
207.46.13.191 - - [07/Sep/2022:11:41:13 +0200] "GET /site/allrecentchanges?action=rss HTTP/1.1" 404 280 "-" "Mozilla/5.0 (compatible; bingbot/2.0; +http://www.bing.com/bingbot.htm)"
185.191.171.17 - - [07/Sep/2022:11:41:34 +0200] "GET /Swissmedic/AIPSXml?action=diff HTTP/1.1" 403 18 "-" "Mozilla/5.0 (compatible; SemrushBot/7~bl; +http://www.semrush.com/bot.html)"
185.191.171.3 - - [07/Sep/2022:11:46:34 +0200] "GET /robots.txt HTTP/1.1" 200 - "-" "Mozilla/5.0 (compatible; SemrushBot/7~bl; +http://www.semrush.com/bot.html)"
185.191.171.42 - - [07/Sep/2022:11:46:34 +0200] "GET /Android/CoMed?action=edit HTTP/1.1" 403 18 "-" "Mozilla/5.0 (compatible; SemrushBot/7~bl; +http://www.semrush.com/bot.html)"
83.76.210.203 - - [07/Sep/2022:11:49:56 +0200] "GET /Ywesee/Team HTTP/1.1" 200 18245 "https://www.google.com/" "Mozilla/5.0 (Macintosh; Intel Mac OS X 10_15_7) AppleWebKit/605.1.15 (KHTML, like Gecko) Version/15.6.1 Safari/605.1.15"
83.76.210.203 - - [07/Sep/2022:11:49:56 +0200] "GET /pub/skins/ywesee/gila.css HTTP/1.1" 200 8276 "https://www.ywesee.com/Ywesee/Team" "Mozilla/5.0 (Macintosh; Intel Mac OS X 10_15_7) AppleWebKit/605.1.15 (KHTML, like Gecko) Version/15.6.1 Safari/605.1.15"
83.76.210.203 - - [07/Sep/2022:11:49:56 +0200] "GET /favicon.ico HTTP/1.1" 200 1406 "https://www.ywesee.com/Ywesee/Team" "Mozilla/5.0 (Macintosh; Intel Mac OS X 10_15_7) AppleWebKit/605.1.15 (KHTML, like Gecko) Version/15.6.1 Safari/605.1.15"
83.76.210.203 - - [07/Sep/2022:11:50:02 +0200] "GET /Profiles/Zrr HTTP/1.1" 200 8438 "https://www.ywesee.com/Ywesee/Team" "Mozilla/5.0 (Macintosh; Intel Mac OS X 10_15_7) AppleWebKit/605.1.15 (KHTML, like Gecko) Version/15.6.1 Safari/605.1.15"
83.76.210.203 - - [07/Sep/2022:11:50:09 +0200] "GET /Profiles/Zrr HTTP/1.1" 200 8438 "https://www.ywesee.com/Ywesee/Team" "Mozilla/5.0 (Macintosh; Intel Mac OS X 10_15_7) AppleWebKit/605.1.15 (KHTML, like Gecko) Version/15.6.1 Safari/605.1.15"
83.76.210.203 - - [07/Sep/2022:11:50:09 +0200] "GET /Ywesee/Team HTTP/1.1" 200 18245 "https://www.google.com/" "Mozilla/5.0 (Macintosh; Intel Mac OS X 10_15_7) AppleWebKit/605.1.15 (KHTML, like Gecko) Version/15.6.1 Safari/605.1.15"
83.76.210.203 - - [07/Sep/2022:11:50:19 +0200] "GET /Ywesee/Team HTTP/1.1" 200 18245 "https://www.google.com/" "Mozilla/5.0 (Macintosh; Intel Mac OS X 10_15_7) AppleWebKit/605.1.15 (KHTML, like Gecko) Version/15.6.1 Safari/605.1.15"
83.76.210.203 - - [07/Sep/2022:11:50:51 +0200] "GET /Ywesee/Team HTTP/1.1" 200 18245 "https://www.google.com/" "Mozilla/5.0 (Macintosh; Intel Mac OS X 10_15_7) AppleWebKit/605.1.15 (KHTML, like Gecko) Version/15.6.1 Safari/605.1.15"
83.76.210.203 - - [07/Sep/2022:11:50:55 +0200] "GET /Ywesee/Team HTTP/1.1" 200 18245 "https://www.google.com/" "Mozilla/5.0 (Macintosh; Intel Mac OS X 10_15_7) AppleWebKit/605.1.15 (KHTML, like Gecko) Version/15.6.1 Safari/605.1.15"
83.76.210.203 - - [07/Sep/2022:11:51:05 +0200] "GET /Ywesee/Team HTTP/1.1" 200 18245 "https://www.google.com/" "Mozilla/5.0 (Macintosh; Intel Mac OS X 10_15_7) AppleWebKit/605.1.15 (KHTML, like Gecko) Version/15.6.1 Safari/605.1.15"
83.76.210.203 - - [07/Sep/2022:11:51:11 +0200] "GET /Ywesee/About HTTP/1.1" 200 9132 "https://www.ywesee.com/Ywesee/Team" "Mozilla/5.0 (Macintosh; Intel Mac OS X 10_15_7) AppleWebKit/605.1.15 (KHTML, like Gecko) Version/15.6.1 Safari/605.1.15"
83.76.210.203 - - [07/Sep/2022:11:51:29 +0200] "GET /Ywesee/Software HTTP/1.1" 200 9246 "https://www.ywesee.com/Ywesee/About" "Mozilla/5.0 (Macintosh; Intel Mac OS X 10_15_7) AppleWebKit/605.1.15 (KHTML, like Gecko) Version/15.6.1 Safari/605.1.15"
83.76.210.203 - - [07/Sep/2022:11:51:31 +0200] "GET /Software/ODDB HTTP/1.1" 200 10298 "https://www.ywesee.com/Ywesee/Software" "Mozilla/5.0 (Macintosh; Intel Mac OS X 10_15_7) AppleWebKit/605.1.15 (KHTML, like Gecko) Version/15.6.1 Safari/605.1.15"
83.76.210.203 - - [07/Sep/2022:11:51:43 +0200] "GET /Ywesee/Software HTTP/1.1" 200 9246 "https://www.ywesee.com/Ywesee/About" "Mozilla/5.0 (Macintosh; Intel Mac OS X 10_15_7) AppleWebKit/605.1.15 (KHTML, like Gecko) Version/15.6.1 Safari/605.1.15"
83.76.210.203 - - [07/Sep/2022:11:51:44 +0200] "GET /Software/ODBA HTTP/1.1" 200 12503 "https://www.ywesee.com/Ywesee/Software" "Mozilla/5.0 (Macintosh; Intel Mac OS X 10_15_7) AppleWebKit/605.1.15 (KHTML, like Gecko) Version/15.6.1 Safari/605.1.15"
83.76.210.203 - - [07/Sep/2022:11:51:48 +0200] "GET /Ywesee/Software HTTP/1.1" 200 9246 "https://www.ywesee.com/Ywesee/About" "Mozilla/5.0 (Macintosh; Intel Mac OS X 10_15_7) AppleWebKit/605.1.15 (KHTML, like Gecko) Version/15.6.1 Safari/605.1.15"
83.76.210.203 - - [07/Sep/2022:11:51:49 +0200] "GET /Software/BBMB HTTP/1.1" 200 9385 "https://www.ywesee.com/Ywesee/Software" "Mozilla/5.0 (Macintosh; Intel Mac OS X 10_15_7) AppleWebKit/605.1.15 (KHTML, like Gecko) Version/15.6.1 Safari/605.1.15"
83.76.210.203 - - [07/Sep/2022:11:51:53 +0200] "GET /Ywesee/Software HTTP/1.1" 200 9246 "https://www.ywesee.com/Ywesee/About" "Mozilla/5.0 (Macintosh; Intel Mac OS X 10_15_7) AppleWebKit/605.1.15 (KHTML, like Gecko) Version/15.6.1 Safari/605.1.15"
83.76.210.203 - - [07/Sep/2022:11:51:54 +0200] "GET /Software/YDPM HTTP/1.1" 200 8809 "https://www.ywesee.com/Ywesee/Software" "Mozilla/5.0 (Macintosh; Intel Mac OS X 10_15_7) AppleWebKit/605.1.15 (KHTML, like Gecko) Version/15.6.1 Safari/605.1.15"
83.76.210.203 - - [07/Sep/2022:11:51:57 +0200] "GET /Ywesee/Software HTTP/1.1" 200 9246 "https://www.ywesee.com/Ywesee/About" "Mozilla/5.0 (Macintosh; Intel Mac OS X 10_15_7) AppleWebKit/605.1.15 (KHTML, like Gecko) Version/15.6.1 Safari/605.1.15"
83.76.210.203 - - [07/Sep/2022:11:52:00 +0200] "GET /Software/Developers HTTP/1.1" 200 8897 "https://www.ywesee.com/Ywesee/Software" "Mozilla/5.0 (Macintosh; Intel Mac OS X 10_15_7) AppleWebKit/605.1.15 (KHTML, like Gecko) Version/15.6.1 Safari/605.1.15"
83.76.210.203 - - [07/Sep/2022:11:52:10 +0200] "GET /Software/Developers HTTP/1.1" 200 8897 "https://www.ywesee.com/Ywesee/Software" "Mozilla/5.0 (Macintosh; Intel Mac OS X 10_15_7) AppleWebKit/605.1.15 (KHTML, like Gecko) Version/15.6.1 Safari/605.1.15"
83.76.210.203 - - [07/Sep/2022:11:52:13 +0200] "GET /AmiKo/Web HTTP/1.1" 200 9588 "https://www.ywesee.com/Software/Developers" "Mozilla/5.0 (Macintosh; Intel Mac OS X 10_15_7) AppleWebKit/605.1.15 (KHTML, like Gecko) Version/15.6.1 Safari/605.1.15"
83.76.210.203 - - [07/Sep/2022:11:52:17 +0200] "GET /AmiKo/OSX HTTP/1.1" 200 9772 "https://www.ywesee.com/AmiKo/Web" "Mozilla/5.0 (Macintosh; Intel Mac OS X 10_15_7) AppleWebKit/605.1.15 (KHTML, like Gecko) Version/15.6.1 Safari/605.1.15"
83.76.210.203 - - [07/Sep/2022:11:53:38 +0200] "GET /Generikacc/App HTTP/1.1" 200 11862 "https://www.ywesee.com/AmiKo/OSX" "Mozilla/5.0 (Macintosh; Intel Mac OS X 10_15_7) AppleWebKit/605.1.15 (KHTML, like Gecko) Version/15.6.1 Safari/605.1.15"
83.76.210.203 - - [07/Sep/2022:11:53:38 +0200] "GET /uploads/Generikacc/Generika_Rezept_Import_1.png HTTP/1.1" 200 48457 "https://www.ywesee.com/Generikacc/App" "Mozilla/5.0 (Macintosh; Intel Mac OS X 10_15_7) AppleWebKit/605.1.15 (KHTML, like Gecko) Version/15.6.1 Safari/605.1.15"
83.76.210.203 - - [07/Sep/2022:11:53:38 +0200] "GET /uploads/Generikacc/Generika_Rezept_Import_2.png HTTP/1.1" 200 87728 "https://www.ywesee.com/Generikacc/App" "Mozilla/5.0 (Macintosh; Intel Mac OS X 10_15_7) AppleWebKit/605.1.15 (KHTML, like Gecko) Version/15.6.1 Safari/605.1.15"
83.76.210.203 - - [07/Sep/2022:11:53:38 +0200] "GET /uploads/Generikacc/Generika_Rezept_Import_3.png HTTP/1.1" 200 57108 "https://www.ywesee.com/Generikacc/App" "Mozilla/5.0 (Macintosh; Intel Mac OS X 10_15_7) AppleWebKit/605.1.15 (KHTML, like Gecko) Version/15.6.1 Safari/605.1.15"
83.76.210.203 - - [07/Sep/2022:11:53:38 +0200] "GET /uploads/Generikacc/Generika_Rezept_Import_5.png HTTP/1.1" 200 31114 "https://www.ywesee.com/Generikacc/App" "Mozilla/5.0 (Macintosh; Intel Mac OS X 10_15_7) AppleWebKit/605.1.15 (KHTML, like Gecko) Version/15.6.1 Safari/605.1.15"
83.76.210.203 - - [07/Sep/2022:11:53:39 +0200] "GET /uploads/Generikacc/Generika_Rezept_Import_6.png HTTP/1.1" 200 46964 "https://www.ywesee.com/Generikacc/App" "Mozilla/5.0 (Macintosh; Intel Mac OS X 10_15_7) AppleWebKit/605.1.15 (KHTML, like Gecko) Version/15.6.1 Safari/605.1.15"
83.76.210.203 - - [07/Sep/2022:11:53:39 +0200] "GET /uploads/Generikacc/Generika_Rezept_Import_7.png HTTP/1.1" 200 37264 "https://www.ywesee.com/Generikacc/App" "Mozilla/5.0 (Macintosh; Intel Mac OS X 10_15_7) AppleWebKit/605.1.15 (KHTML, like Gecko) Version/15.6.1 Safari/605.1.15"
83.76.210.203 - - [07/Sep/2022:11:53:39 +0200] "GET /uploads/Generikacc/Generika_Rezept_Import_4.png HTTP/1.1" 200 116618 "https://www.ywesee.com/Generikacc/App" "Mozilla/5.0 (Macintosh; Intel Mac OS X 10_15_7) AppleWebKit/605.1.15 (KHTML, like Gecko) Version/15.6.1 Safari/605.1.15"
83.76.210.203 - - [07/Sep/2022:11:54:08 +0200] "GET /Generikacc/App HTTP/1.1" 200 11862 "https://www.ywesee.com/AmiKo/OSX" "Mozilla/5.0 (Macintosh; Intel Mac OS X 10_15_7) AppleWebKit/605.1.15 (KHTML, like Gecko) Version/15.6.1 Safari/605.1.15"
83.76.210.203 - - [07/Sep/2022:11:54:08 +0200] "GET /AmiKo/OSX HTTP/1.1" 200 9772 "https://www.ywesee.com/AmiKo/Web" "Mozilla/5.0 (Macintosh; Intel Mac OS X 10_15_7) AppleWebKit/605.1.15 (KHTML, like Gecko) Version/15.6.1 Safari/605.1.15"
83.76.210.203 - - [07/Sep/2022:11:54:11 +0200] "GET /Ywesee/Team HTTP/1.1" 200 18245 "https://www.ywesee.com/AmiKo/OSX" "Mozilla/5.0 (Macintosh; Intel Mac OS X 10_15_7) AppleWebKit/605.1.15 (KHTML, like Gecko) Version/15.6.1 Safari/605.1.15"
83.76.210.203 - - [07/Sep/2022:11:54:14 +0200] "GET /Ywesee/Team HTTP/1.1" 200 18245 "https://www.ywesee.com/AmiKo/OSX" "Mozilla/5.0 (Macintosh; Intel Mac OS X 10_15_7) AppleWebKit/605.1.15 (KHTML, like Gecko) Version/15.6.1 Safari/605.1.15"
83.76.210.203 - - [07/Sep/2022:11:54:16 +0200] "GET /Profiles/Zrr HTTP/1.1" 200 8438 "https://www.ywesee.com/Ywesee/Team" "Mozilla/5.0 (Macintosh; Intel Mac OS X 10_15_7) AppleWebKit/605.1.15 (KHTML, like Gecko) Version/15.6.1 Safari/605.1.15"
83.76.210.203 - - [07/Sep/2022:11:54:17 +0200] "GET /Ywesee/Team HTTP/1.1" 200 18245 "https://www.ywesee.com/AmiKo/OSX" "Mozilla/5.0 (Macintosh; Intel Mac OS X 10_15_7) AppleWebKit/605.1.15 (KHTML, like Gecko) Version/15.6.1 Safari/605.1.15"
83.76.210.203 - - [07/Sep/2022:11:54:22 +0200] "GET /Ywesee/OpenSource HTTP/1.1" 200 10790 "https://www.ywesee.com/Ywesee/Team" "Mozilla/5.0 (Macintosh; Intel Mac OS X 10_15_7) AppleWebKit/605.1.15 (KHTML, like Gecko) Version/15.6.1 Safari/605.1.15"
83.76.210.203 - - [07/Sep/2022:11:54:33 +0200] "GET /Oddb2xml/Index HTTP/1.1" 200 8983 "https://www.ywesee.com/Ywesee/OpenSource" "Mozilla/5.0 (Macintosh; Intel Mac OS X 10_15_7) AppleWebKit/605.1.15 (KHTML, like Gecko) Version/15.6.1 Safari/605.1.15"
83.76.210.203 - - [07/Sep/2022:11:54:34 +0200] "GET /ODDB/IntegrationLookAmpFeelGenerikasuche HTTP/1.1" 200 9097 "https://www.ywesee.com/Oddb2xml/Index" "Mozilla/5.0 (Macintosh; Intel Mac OS X 10_15_7) AppleWebKit/605.1.15 (KHTML, like Gecko) Version/15.6.1 Safari/605.1.15"
83.76.210.203 - - [07/Sep/2022:11:54:39 +0200] "GET /ODDB/IntegrationLookAmpFeelGenerikasuche HTTP/1.1" 200 9097 "https://www.ywesee.com/Oddb2xml/Index" "Mozilla/5.0 (Macintosh; Intel Mac OS X 10_15_7) AppleWebKit/605.1.15 (KHTML, like Gecko) Version/15.6.1 Safari/605.1.15"
83.76.210.203 - - [07/Sep/2022:11:54:42 +0200] "GET /ODDB/IntegrationLookAmpFeelGenerikasuche HTTP/1.1" 200 9097 "https://www.ywesee.com/Oddb2xml/Index" "Mozilla/5.0 (Macintosh; Intel Mac OS X 10_15_7) AppleWebKit/605.1.15 (KHTML, like Gecko) Version/15.6.1 Safari/605.1.15"
83.76.210.203 - - [07/Sep/2022:11:54:45 +0200] "GET /ODDB/IntegrationLookAmpFeelGenerikasuche HTTP/1.1" 200 9097 "https://www.ywesee.com/ODDB/IntegrationLookAmpFeelGenerikasuche" "Mozilla/5.0 (Macintosh; Intel Mac OS X 10_15_7) AppleWebKit/605.1.15 (KHTML, like Gecko) Version/15.6.1 Safari/605.1.15"
83.76.210.203 - - [07/Sep/2022:11:54:46 +0200] "GET /ODDB/IndividuelleMediliste HTTP/1.1" 200 9139 "https://www.ywesee.com/ODDB/IntegrationLookAmpFeelGenerikasuche" "Mozilla/5.0 (Macintosh; Intel Mac OS X 10_15_7) AppleWebKit/605.1.15 (KHTML, like Gecko) Version/15.6.1 Safari/605.1.15"
83.76.210.203 - - [07/Sep/2022:11:54:53 +0200] "GET /ODDB/IndividuelleMediliste HTTP/1.1" 200 9139 "https://www.ywesee.com/ODDB/IntegrationLookAmpFeelGenerikasuche" "Mozilla/5.0 (Macintosh; Intel Mac OS X 10_15_7) AppleWebKit/605.1.15 (KHTML, like Gecko) Version/15.6.1 Safari/605.1.15"
83.76.210.203 - - [07/Sep/2022:11:54:55 +0200] "GET /ODDB/StammdatenCH HTTP/1.1" 200 9300 "https://www.ywesee.com/ODDB/IndividuelleMediliste" "Mozilla/5.0 (Macintosh; Intel Mac OS X 10_15_7) AppleWebKit/605.1.15 (KHTML, like Gecko) Version/15.6.1 Safari/605.1.15"
64.71.157.119 - - [07/Sep/2022:11:58:12 +0200] "GET /pmwiki.php/Site/AllRecentChanges?action=rss HTTP/1.1" 200 2546 "-" "Feedbin feed-id:590358 - 1 subscribers"
40.77.167.97 - - [07/Sep/2022:11:59:43 +0200] "GET /robots.txt HTTP/1.1" 200 - "-" "Mozilla/5.0 (compatible; bingbot/2.0; +http://www.bing.com/bingbot.htm)"
54.84.192.51 - - [07/Sep/2022:12:03:21 +0200] "GET /keybase.txt HTTP/1.1" 200 2659 "-" "keybase-proofs/2.3.24"
194.209.200.2 - - [07/Sep/2022:12:03:33 +0200] "GET /robots.txt HTTP/1.1" 200 - "-" "Mozilla/5.0 (compatible; TMMBot/0.2; +http://www.dslab.ch)/Nutch-1.15"
194.209.200.2 - - [07/Sep/2022:12:03:33 +0200] "GET /Miele/MieleLXIV HTTP/1.1" 200 15367 "-" "Mozilla/5.0 (compatible; TMMBot/0.2; +http://www.dslab.ch)/Nutch-1.15"
194.209.200.2 - - [07/Sep/2022:12:05:03 +0200] "GET /ODDB/StammdatenCH HTTP/1.1" 200 9300 "-" "Mozilla/5.0 (compatible; TMMBot/0.2; +http://www.dslab.ch)/Nutch-1.15"
194.209.200.2 - - [07/Sep/2022:12:05:12 +0200] "GET /ODDB/IndividuelleMediliste HTTP/1.1" 200 9139 "-" "Mozilla/5.0 (compatible; TMMBot/0.2; +http://www.dslab.ch)/Nutch-1.15"
194.209.200.2 - - [07/Sep/2022:12:05:38 +0200] "GET /Main/2017 HTTP/1.1" 200 15840 "-" "Mozilla/5.0 (compatible; TMMBot/0.2; +http://www.dslab.ch)/Nutch-1.15"
194.209.200.2 - - [07/Sep/2022:12:05:46 +0200] "GET /Main/2015 HTTP/1.1" 200 15908 "-" "Mozilla/5.0 (compatible; TMMBot/0.2; +http://www.dslab.ch)/Nutch-1.15"
194.209.200.2 - - [07/Sep/2022:12:05:55 +0200] "GET /Main/2013 HTTP/1.1" 200 20487 "-" "Mozilla/5.0 (compatible; TMMBot/0.2; +http://www.dslab.ch)/Nutch-1.15"
194.209.200.2 - - [07/Sep/2022:12:07:15 +0200] "GET /robots.txt HTTP/1.1" 200 - "-" "Mozilla/5.0 (compatible; TMMBot/0.2; +http://www.dslab.ch)/Nutch-1.15"
194.209.200.2 - - [07/Sep/2022:12:07:47 +0200] "GET /AmiKo/Web HTTP/1.1" 200 9588 "-" "Mozilla/5.0 (compatible; TMMBot/0.2; +http://www.dslab.ch)/Nutch-1.15"
194.209.200.2 - - [07/Sep/2022:12:08:33 +0200] "GET /Ywesee/OpenSource HTTP/1.1" 200 10790 "-" "Mozilla/5.0 (compatible; TMMBot/0.2; +http://www.dslab.ch)/Nutch-1.15"
194.209.200.2 - - [07/Sep/2022:12:09:13 +0200] "GET /Main/2007 HTTP/1.1" 200 50639 "-" "Mozilla/5.0 (compatible; TMMBot/0.2; +http://www.dslab.ch)/Nutch-1.15"
194.209.200.2 - - [07/Sep/2022:12:09:21 +0200] "GET /Main/2005 HTTP/1.1" 200 63344 "-" "Mozilla/5.0 (compatible; TMMBot/0.2; +http://www.dslab.ch)/Nutch-1.15"
157.55.39.193 - - [07/Sep/2022:12:14:35 +0200] "GET /uploads/Main/An_Reinhard_Kurth_19.03.2007.txt HTTP/1.1" 200 2166 "-" "Mozilla/5.0 (compatible; bingbot/2.0; +http://www.bing.com/bingbot.htm)"
185.191.171.14 - - [07/Sep/2022:12:15:38 +0200] "GET /Swissmedic/Vertriebsunterbruch?n=Main.SideBar%3Faction%3Dedit HTTP/1.1" 302 157 "-" "Mozilla/5.0 (compatible; SemrushBot/7~bl; +http://www.semrush.com/bot.html)"
157.55.39.181 - - [07/Sep/2022:12:27:54 +0200] "GET /uploads/Main/132_Email_an_Andreas_Balsiger_13.6.2005.txt HTTP/1.1" 200 3642 "-" "Mozilla/5.0 (compatible; bingbot/2.0; +http://www.bing.com/bingbot.htm)"
51.222.253.2 - - [07/Sep/2022:12:30:02 +0200] "GET /robots.txt HTTP/1.1" 200 - "-" "Mozilla/5.0 (compatible; AhrefsBot/7.0; +http://ahrefs.com/robot/)"
54.36.149.92 - - [07/Sep/2022:12:30:04 +0200] "GET /AmiKo/Ankuendigung HTTP/1.1" 200 10221 "-" "Mozilla/5.0 (compatible; AhrefsBot/7.0; +http://ahrefs.com/robot/)"
64.71.157.120 - - [07/Sep/2022:12:31:12 +0200] "GET /pmwiki.php/Site/AllRecentChanges?action=rss HTTP/1.1" 200 2546 "-" "Feedbin feed-id:590358 - 1 subscribers"
194.209.200.2 - - [07/Sep/2022:12:34:44 +0200] "GET /robots.txt HTTP/1.1" 200 - "-" "Mozilla/5.0 (compatible; TMMBot/0.2; +http://www.dslab.ch)/Nutch-1.15"
194.209.200.2 - - [07/Sep/2022:12:34:44 +0200] "GET /Miele/MieleLXIV HTTP/1.1" 200 15367 "-" "Mozilla/5.0 (compatible; TMMBot/0.2; +http://www.dslab.ch)/Nutch-1.15"
194.209.200.2 - - [07/Sep/2022:12:36:20 +0200] "GET /ODDB/StammdatenCH HTTP/1.1" 200 9300 "-" "Mozilla/5.0 (compatible; TMMBot/0.2; +http://www.dslab.ch)/Nutch-1.15"
194.209.200.2 - - [07/Sep/2022:12:36:28 +0200] "GET /ODDB/IndividuelleMediliste HTTP/1.1" 200 9139 "-" "Mozilla/5.0 (compatible; TMMBot/0.2; +http://www.dslab.ch)/Nutch-1.15"
194.209.200.2 - - [07/Sep/2022:12:36:55 +0200] "GET /Main/2017 HTTP/1.1" 200 15840 "-" "Mozilla/5.0 (compatible; TMMBot/0.2; +http://www.dslab.ch)/Nutch-1.15"
66.249.76.215 - - [07/Sep/2022:12:37:04 +0200] "GET /AmiKo/Privacy HTTP/1.1" 200 8621 "-" "Mozilla/5.0 (compatible; Googlebot/2.1; +http://www.google.com/bot.html)"
194.209.200.2 - - [07/Sep/2022:12:37:04 +0200] "GET /Main/2015 HTTP/1.1" 200 15908 "-" "Mozilla/5.0 (compatible; TMMBot/0.2; +http://www.dslab.ch)/Nutch-1.15"
194.209.200.2 - - [07/Sep/2022:12:37:12 +0200] "GET /Main/2013 HTTP/1.1" 200 20487 "-" "Mozilla/5.0 (compatible; TMMBot/0.2; +http://www.dslab.ch)/Nutch-1.15"
194.209.200.2 - - [07/Sep/2022:12:38:33 +0200] "GET /robots.txt HTTP/1.1" 200 - "-" "Mozilla/5.0 (compatible; TMMBot/0.2; +http://www.dslab.ch)/Nutch-1.15"
194.209.200.2 - - [07/Sep/2022:12:39:04 +0200] "GET /AmiKo/Web HTTP/1.1" 200 9588 "-" "Mozilla/5.0 (compatible; TMMBot/0.2; +http://www.dslab.ch)/Nutch-1.15"
194.209.200.2 - - [07/Sep/2022:12:39:52 +0200] "GET /Ywesee/OpenSource HTTP/1.1" 200 10790 "-" "Mozilla/5.0 (compatible; TMMBot/0.2; +http://www.dslab.ch)/Nutch-1.15"
216.131.104.82 - - [07/Sep/2022:12:40:08 +0200] "HEAD /CoMed/IOS HTTP/1.1" 200 - "http://www.ywesee.com/CoMed/IOS" "Mozilla/5.0 (Macintosh; Intel Mac OS X 10.6; rv:9.0) Gecko/20100101 Firefox/9.0"
194.209.200.2 - - [07/Sep/2022:12:40:34 +0200] "GET /Main/2007 HTTP/1.1" 200 50639 "-" "Mozilla/5.0 (compatible; TMMBot/0.2; +http://www.dslab.ch)/Nutch-1.15"
194.209.200.2 - - [07/Sep/2022:12:40:41 +0200] "GET /Main/2005 HTTP/1.1" 200 63344 "-" "Mozilla/5.0 (compatible; TMMBot/0.2; +http://www.dslab.ch)/Nutch-1.15"
157.90.182.30 - - [07/Sep/2022:12:40:46 +0200] "GET /robots.txt HTTP/1.1" 200 - "-" "Mozilla/5.0 (compatible; BLEXBot/1.0; +http://webmeup-crawler.com/)"
157.90.182.30 - - [07/Sep/2022:12:40:47 +0200] "GET /robots.txt HTTP/1.1" 200 - "-" "Mozilla/5.0 (compatible; BLEXBot/1.0; +http://webmeup-crawler.com/)"
157.90.182.30 - - [07/Sep/2022:12:40:49 +0200] "GET /robots.txt HTTP/1.1" 200 - "-" "Mozilla/5.0 (compatible; BLEXBot/1.0; +http://webmeup-crawler.com/)"
157.90.182.30 - - [07/Sep/2022:12:40:49 +0200] "GET /Main/ExtremeProgramming?action=print HTTP/1.1" 403 18 "-" "Mozilla/5.0 (compatible; BLEXBot/1.0; +http://webmeup-crawler.com/)"
157.90.182.30 - - [07/Sep/2022:12:40:50 +0200] "GET /sitemap HTTP/1.1" 404 266 "-" "Mozilla/5.0 (compatible; BLEXBot/1.0; +http://webmeup-crawler.com/)"
157.90.182.30 - - [07/Sep/2022:12:40:51 +0200] "GET /Main/ExtremeProgramming?action=upload HTTP/1.1" 403 18 "-" "Mozilla/5.0 (compatible; BLEXBot/1.0; +http://webmeup-crawler.com/)"
157.90.182.30 - - [07/Sep/2022:12:40:55 +0200] "GET /Main/ExtremeProgramming?n=Main.SideBar?action=edit HTTP/1.1" 403 18 "-" "Mozilla/5.0 (compatible; BLEXBot/1.0; +http://webmeup-crawler.com/)"
157.90.182.30 - - [07/Sep/2022:12:40:55 +0200] "GET /robots.txt HTTP/1.1" 200 - "-" "Mozilla/5.0 (compatible; BLEXBot/1.0; +http://webmeup-crawler.com/)"
157.90.182.30 - - [07/Sep/2022:12:40:56 +0200] "GET /sitemap HTTP/1.1" 404 266 "-" "Mozilla/5.0 (compatible; BLEXBot/1.0; +http://webmeup-crawler.com/)"
157.90.182.30 - - [07/Sep/2022:12:40:59 +0200] "GET /Main/FAZ?action=diff HTTP/1.1" 403 18 "-" "Mozilla/5.0 (compatible; BLEXBot/1.0; +http://webmeup-crawler.com/)"
157.90.182.30 - - [07/Sep/2022:12:41:04 +0200] "GET /Main/FAZ?action=edit HTTP/1.1" 403 18 "-" "Mozilla/5.0 (compatible; BLEXBot/1.0; +http://webmeup-crawler.com/)"
157.90.182.30 - - [07/Sep/2022:12:41:04 +0200] "GET /sitemap HTTP/1.1" 404 266 "-" "Mozilla/5.0 (compatible; BLEXBot/1.0; +http://webmeup-crawler.com/)"
157.90.182.30 - - [07/Sep/2022:12:41:08 +0200] "GET /Main/FAZ?action=print HTTP/1.1" 403 18 "-" "Mozilla/5.0 (compatible; BLEXBot/1.0; +http://webmeup-crawler.com/)"
157.90.182.30 - - [07/Sep/2022:12:41:08 +0200] "GET /sitemap HTTP/1.1" 404 270 "-" "Mozilla/5.0 (compatible; BLEXBot/1.0; +http://webmeup-crawler.com/)"
157.90.182.30 - - [07/Sep/2022:12:41:12 +0200] "GET /Main/FAZ?action=upload HTTP/1.1" 403 18 "-" "Mozilla/5.0 (compatible; BLEXBot/1.0; +http://webmeup-crawler.com/)"
157.90.182.30 - - [07/Sep/2022:12:41:16 +0200] "GET /sitemap.txt HTTP/1.1" 404 270 "-" "Mozilla/5.0 (compatible; BLEXBot/1.0; +http://webmeup-crawler.com/)"
157.90.182.30 - - [07/Sep/2022:12:41:17 +0200] "GET /Main/FAZ?n=Main.SideBar?action=edit HTTP/1.1" 403 18 "-" "Mozilla/5.0 (compatible; BLEXBot/1.0; +http://webmeup-crawler.com/)"
157.90.182.30 - - [07/Sep/2022:12:41:22 +0200] "GET /Main/FMH?action=diff HTTP/1.1" 403 18 "-" "Mozilla/5.0 (compatible; BLEXBot/1.0; +http://webmeup-crawler.com/)"
157.90.182.30 - - [07/Sep/2022:12:41:23 +0200] "GET /sitemap.txt HTTP/1.1" 404 270 "-" "Mozilla/5.0 (compatible; BLEXBot/1.0; +http://webmeup-crawler.com/)"
157.90.182.30 - - [07/Sep/2022:12:41:24 +0200] "GET /Main/FMH?action=edit HTTP/1.1" 403 18 "-" "Mozilla/5.0 (compatible; BLEXBot/1.0; +http://webmeup-crawler.com/)"
157.90.182.30 - - [07/Sep/2022:12:41:27 +0200] "GET /Main/FMH?action=print HTTP/1.1" 403 18 "-" "Mozilla/5.0 (compatible; BLEXBot/1.0; +http://webmeup-crawler.com/)"
157.90.182.30 - - [07/Sep/2022:12:41:29 +0200] "GET /Main/FMH?action=upload HTTP/1.1" 403 18 "-" "Mozilla/5.0 (compatible; BLEXBot/1.0; +http://webmeup-crawler.com/)"
157.90.182.30 - - [07/Sep/2022:12:41:31 +0200] "GET /sitemap.txt HTTP/1.1" 404 270 "-" "Mozilla/5.0 (compatible; BLEXBot/1.0; +http://webmeup-crawler.com/)"
157.90.182.30 - - [07/Sep/2022:12:41:32 +0200] "GET /Main/FMH?n=Main.SideBar?action=edit HTTP/1.1" 403 18 "-" "Mozilla/5.0 (compatible; BLEXBot/1.0; +http://webmeup-crawler.com/)"
157.90.182.30 - - [07/Sep/2022:12:41:35 +0200] "GET /Main/ForderungstabelleSpezialitaetenliste HTTP/1.1" 200 11019 "-" "Mozilla/5.0 (compatible; BLEXBot/1.0; +http://webmeup-crawler.com/)"
157.90.182.30 - - [07/Sep/2022:12:41:36 +0200] "GET /sitemap.txt HTTP/1.1" 404 274 "-" "Mozilla/5.0 (compatible; BLEXBot/1.0; +http://webmeup-crawler.com/)"
157.90.182.30 - - [07/Sep/2022:12:41:37 +0200] "GET /Main/Gtin2atc?action=diff HTTP/1.1" 403 18 "-" "Mozilla/5.0 (compatible; BLEXBot/1.0; +http://webmeup-crawler.com/)"
157.90.182.30 - - [07/Sep/2022:12:41:38 +0200] "GET /Main/Gtin2atc?action=edit HTTP/1.1" 403 18 "-" "Mozilla/5.0 (compatible; BLEXBot/1.0; +http://webmeup-crawler.com/)"
157.90.182.30 - - [07/Sep/2022:12:41:40 +0200] "GET /Main/Gtin2atc?action=print HTTP/1.1" 403 18 "-" "Mozilla/5.0 (compatible; BLEXBot/1.0; +http://webmeup-crawler.com/)"
157.90.182.30 - - [07/Sep/2022:12:41:42 +0200] "GET /Main/Gtin2atc?action=upload HTTP/1.1" 403 18 "-" "Mozilla/5.0 (compatible; BLEXBot/1.0; +http://webmeup-crawler.com/)"
157.90.182.30 - - [07/Sep/2022:12:41:44 +0200] "GET /Main/Gtin2atc?n=Main.SideBar?action=edit HTTP/1.1" 403 18 "-" "Mozilla/5.0 (compatible; BLEXBot/1.0; +http://webmeup-crawler.com/)"
157.90.182.30 - - [07/Sep/2022:12:41:45 +0200] "GET /Main/HirslandenProfessional?action=diff HTTP/1.1" 403 18 "-" "Mozilla/5.0 (compatible; BLEXBot/1.0; +http://webmeup-crawler.com/)"
157.90.182.30 - - [07/Sep/2022:12:41:48 +0200] "GET /Main/HirslandenProfessional?action=edit HTTP/1.1" 403 18 "-" "Mozilla/5.0 (compatible; BLEXBot/1.0; +http://webmeup-crawler.com/)"
157.90.182.30 - - [07/Sep/2022:12:41:49 +0200] "GET /Main/HirslandenProfessional?action=print HTTP/1.1" 403 18 "-" "Mozilla/5.0 (compatible; BLEXBot/1.0; +http://webmeup-crawler.com/)"
157.90.182.30 - - [07/Sep/2022:12:41:51 +0200] "GET /Main/HirslandenProfessional?action=upload HTTP/1.1" 403 18 "-" "Mozilla/5.0 (compatible; BLEXBot/1.0; +http://webmeup-crawler.com/)"
157.90.182.30 - - [07/Sep/2022:12:41:53 +0200] "GET /Main/HirslandenProfessional?n=Main.SideBar?action=edit HTTP/1.1" 403 18 "-" "Mozilla/5.0 (compatible; BLEXBot/1.0; +http://webmeup-crawler.com/)"
157.90.182.30 - - [07/Sep/2022:12:41:56 +0200] "GET /Main/Home?action=diff HTTP/1.1" 403 18 "-" "Mozilla/5.0 (compatible; BLEXBot/1.0; +http://webmeup-crawler.com/)"
157.90.182.30 - - [07/Sep/2022:12:41:58 +0200] "GET /Main/Home?action=edit HTTP/1.1" 403 18 "-" "Mozilla/5.0 (compatible; BLEXBot/1.0; +http://webmeup-crawler.com/)"
157.90.182.30 - - [07/Sep/2022:12:41:59 +0200] "GET /Main/Home?action=print HTTP/1.1" 403 18 "-" "Mozilla/5.0 (compatible; BLEXBot/1.0; +http://webmeup-crawler.com/)"
157.90.182.30 - - [07/Sep/2022:12:42:03 +0200] "GET /Main/Home?action=upload HTTP/1.1" 403 18 "-" "Mozilla/5.0 (compatible; BLEXBot/1.0; +http://webmeup-crawler.com/)"
157.90.182.30 - - [07/Sep/2022:12:42:05 +0200] "GET /Main/Home?n=Main.SideBar?action=edit HTTP/1.1" 403 18 "-" "Mozilla/5.0 (compatible; BLEXBot/1.0; +http://webmeup-crawler.com/)"
157.90.182.30 - - [07/Sep/2022:12:42:08 +0200] "GET /Main/IPhone?action=diff HTTP/1.1" 403 18 "-" "Mozilla/5.0 (compatible; BLEXBot/1.0; +http://webmeup-crawler.com/)"
157.90.182.30 - - [07/Sep/2022:12:42:09 +0200] "GET /AIPS/Bestaetigung?action=diff HTTP/1.1" 403 18 "-" "Mozilla/5.0 (compatible; BLEXBot/1.0; +http://webmeup-crawler.com/)"
157.90.182.30 - - [07/Sep/2022:12:42:12 +0200] "GET /Main/IPhone?action=edit HTTP/1.1" 403 18 "-" "Mozilla/5.0 (compatible; BLEXBot/1.0; +http://webmeup-crawler.com/)"
157.90.182.30 - - [07/Sep/2022:12:42:15 +0200] "GET /AIPS/Bestaetigung?action=edit HTTP/1.1" 403 18 "-" "Mozilla/5.0 (compatible; BLEXBot/1.0; +http://webmeup-crawler.com/)"
157.90.182.30 - - [07/Sep/2022:12:42:17 +0200] "GET /Main/IPhone?action=print HTTP/1.1" 403 18 "-" "Mozilla/5.0 (compatible; BLEXBot/1.0; +http://webmeup-crawler.com/)"
157.90.182.30 - - [07/Sep/2022:12:42:19 +0200] "GET /AIPS/Bestaetigung?action=print HTTP/1.1" 403 18 "-" "Mozilla/5.0 (compatible; BLEXBot/1.0; +http://webmeup-crawler.com/)"
157.90.182.30 - - [07/Sep/2022:12:42:23 +0200] "GET /Main/IPhone?action=upload HTTP/1.1" 403 18 "-" "Mozilla/5.0 (compatible; BLEXBot/1.0; +http://webmeup-crawler.com/)"
157.90.182.30 - - [07/Sep/2022:12:42:23 +0200] "GET /AIPS/Bestaetigung?action=upload HTTP/1.1" 403 18 "-" "Mozilla/5.0 (compatible; BLEXBot/1.0; +http://webmeup-crawler.com/)"
157.90.182.30 - - [07/Sep/2022:12:42:28 +0200] "GET /AIPS/Bestaetigung?n=Main.SideBar?action=edit HTTP/1.1" 403 18 "-" "Mozilla/5.0 (compatible; BLEXBot/1.0; +http://webmeup-crawler.com/)"
157.90.182.30 - - [07/Sep/2022:12:42:29 +0200] "GET /Main/IPhone?n=Main.SideBar?action=edit HTTP/1.1" 403 18 "-" "Mozilla/5.0 (compatible; BLEXBot/1.0; +http://webmeup-crawler.com/)"
157.90.182.30 - - [07/Sep/2022:12:42:31 +0200] "GET /Aips2sqlite/Index HTTP/1.1" 200 8461 "-" "Mozilla/5.0 (compatible; BLEXBot/1.0; +http://webmeup-crawler.com/)"
157.90.182.30 - - [07/Sep/2022:12:42:50 +0200] "GET /Main/Kolumne?action=diff HTTP/1.1" 403 18 "-" "Mozilla/5.0 (compatible; BLEXBot/1.0; +http://webmeup-crawler.com/)"
157.90.182.30 - - [07/Sep/2022:12:42:50 +0200] "GET /Aips2sqlite/Release?action=diff HTTP/1.1" 403 18 "-" "Mozilla/5.0 (compatible; BLEXBot/1.0; +http://webmeup-crawler.com/)"
157.90.182.30 - - [07/Sep/2022:12:42:58 +0200] "GET /Main/Kolumne?action=edit HTTP/1.1" 403 18 "-" "Mozilla/5.0 (compatible; BLEXBot/1.0; +http://webmeup-crawler.com/)"
157.90.182.30 - - [07/Sep/2022:12:42:59 +0200] "GET /Aips2sqlite/Release?action=edit HTTP/1.1" 403 18 "-" "Mozilla/5.0 (compatible; BLEXBot/1.0; +http://webmeup-crawler.com/)"
157.90.182.30 - - [07/Sep/2022:12:43:03 +0200] "GET /Aips2sqlite/Release?action=print HTTP/1.1" 403 18 "-" "Mozilla/5.0 (compatible; BLEXBot/1.0; +http://webmeup-crawler.com/)"
