157.90.182.30 - - [24/Mar/2022:08:01:09 +0100] "GET /Main/MiGel?n=Main.SideBar?action=edit HTTP/1.1" 403 18 "-" "Mozilla/5.0 (compatible; BLEXBot/1.0; +http://webmeup-crawler.com/)"
157.90.182.30 - - [24/Mar/2022:08:01:11 +0100] "GET /AmiKo/Swisspeddose?action=print HTTP/1.1" 403 18 "-" "Mozilla/5.0 (compatible; BLEXBot/1.0; +http://webmeup-crawler.com/)"
157.90.182.30 - - [24/Mar/2022:08:01:13 +0100] "GET /Main/MyMedi?action=diff HTTP/1.1" 403 18 "-" "Mozilla/5.0 (compatible; BLEXBot/1.0; +http://webmeup-crawler.com/)"
157.90.182.30 - - [24/Mar/2022:08:01:14 +0100] "GET /AmiKo/Swisspeddose?action=upload HTTP/1.1" 403 18 "-" "Mozilla/5.0 (compatible; BLEXBot/1.0; +http://webmeup-crawler.com/)"
157.90.182.30 - - [24/Mar/2022:08:01:16 +0100] "GET /Main/MyMedi?action=edit HTTP/1.1" 403 18 "-" "Mozilla/5.0 (compatible; BLEXBot/1.0; +http://webmeup-crawler.com/)"
157.90.182.30 - - [24/Mar/2022:08:01:16 +0100] "GET /AmiKo/Swisspeddose?n=Main.SideBar?action=edit HTTP/1.1" 403 18 "-" "Mozilla/5.0 (compatible; BLEXBot/1.0; +http://webmeup-crawler.com/)"
157.90.182.30 - - [24/Mar/2022:08:01:19 +0100] "GET /Main/MyMedi?action=print HTTP/1.1" 403 18 "-" "Mozilla/5.0 (compatible; BLEXBot/1.0; +http://webmeup-crawler.com/)"
157.90.182.30 - - [24/Mar/2022:08:01:20 +0100] "GET /Android/AmiKo?action=diff HTTP/1.1" 403 18 "-" "Mozilla/5.0 (compatible; BLEXBot/1.0; +http://webmeup-crawler.com/)"
157.90.182.30 - - [24/Mar/2022:08:01:23 +0100] "GET /Android/AmiKo?action=edit HTTP/1.1" 403 18 "-" "Mozilla/5.0 (compatible; BLEXBot/1.0; +http://webmeup-crawler.com/)"
157.90.182.30 - - [24/Mar/2022:08:01:24 +0100] "GET /Main/MyMedi?action=upload HTTP/1.1" 403 18 "-" "Mozilla/5.0 (compatible; BLEXBot/1.0; +http://webmeup-crawler.com/)"
157.90.182.30 - - [24/Mar/2022:08:01:26 +0100] "GET /Android/AmiKo?action=print HTTP/1.1" 403 18 "-" "Mozilla/5.0 (compatible; BLEXBot/1.0; +http://webmeup-crawler.com/)"
157.90.182.30 - - [24/Mar/2022:08:01:27 +0100] "GET /Main/MyMedi?n=Main.SideBar?action=edit HTTP/1.1" 403 18 "-" "Mozilla/5.0 (compatible; BLEXBot/1.0; +http://webmeup-crawler.com/)"
157.90.182.30 - - [24/Mar/2022:08:01:28 +0100] "GET /Android/AmiKo?action=upload HTTP/1.1" 403 18 "-" "Mozilla/5.0 (compatible; BLEXBot/1.0; +http://webmeup-crawler.com/)"
157.90.182.30 - - [24/Mar/2022:08:01:31 +0100] "GET /Main/NZZ?action=diff HTTP/1.1" 403 18 "-" "Mozilla/5.0 (compatible; BLEXBot/1.0; +http://webmeup-crawler.com/)"
157.90.182.30 - - [24/Mar/2022:08:01:32 +0100] "GET /Android/AmiKo?n=Main.SideBar?action=edit HTTP/1.1" 403 18 "-" "Mozilla/5.0 (compatible; BLEXBot/1.0; +http://webmeup-crawler.com/)"
157.90.182.30 - - [24/Mar/2022:08:01:34 +0100] "GET /Main/NZZ?action=edit HTTP/1.1" 403 18 "-" "Mozilla/5.0 (compatible; BLEXBot/1.0; +http://webmeup-crawler.com/)"
157.90.182.30 - - [24/Mar/2022:08:01:35 +0100] "GET /Android/CoMed?action=diff HTTP/1.1" 403 18 "-" "Mozilla/5.0 (compatible; BLEXBot/1.0; +http://webmeup-crawler.com/)"
157.90.182.30 - - [24/Mar/2022:08:01:37 +0100] "GET /Android/CoMed?action=edit HTTP/1.1" 403 18 "-" "Mozilla/5.0 (compatible; BLEXBot/1.0; +http://webmeup-crawler.com/)"
157.90.182.30 - - [24/Mar/2022:08:01:37 +0100] "GET /Main/NZZ?action=print HTTP/1.1" 403 18 "-" "Mozilla/5.0 (compatible; BLEXBot/1.0; +http://webmeup-crawler.com/)"
157.90.182.30 - - [24/Mar/2022:08:01:41 +0100] "GET /Android/CoMed?action=print HTTP/1.1" 403 18 "-" "Mozilla/5.0 (compatible; BLEXBot/1.0; +http://webmeup-crawler.com/)"
157.90.182.30 - - [24/Mar/2022:08:01:41 +0100] "GET /Main/NZZ?action=upload HTTP/1.1" 403 18 "-" "Mozilla/5.0 (compatible; BLEXBot/1.0; +http://webmeup-crawler.com/)"
157.90.182.30 - - [24/Mar/2022:08:01:43 +0100] "GET /Android/CoMed?action=upload HTTP/1.1" 403 18 "-" "Mozilla/5.0 (compatible; BLEXBot/1.0; +http://webmeup-crawler.com/)"
157.90.182.30 - - [24/Mar/2022:08:01:44 +0100] "GET /Main/NZZ?n=Main.SideBar?action=edit HTTP/1.1" 403 18 "-" "Mozilla/5.0 (compatible; BLEXBot/1.0; +http://webmeup-crawler.com/)"
157.90.182.30 - - [24/Mar/2022:08:01:46 +0100] "GET /Android/CoMed?n=Main.SideBar?action=edit HTTP/1.1" 403 18 "-" "Mozilla/5.0 (compatible; BLEXBot/1.0; +http://webmeup-crawler.com/)"
157.90.182.30 - - [24/Mar/2022:08:01:47 +0100] "GET /Main/OmixOcas?action=diff HTTP/1.1" 403 18 "-" "Mozilla/5.0 (compatible; BLEXBot/1.0; +http://webmeup-crawler.com/)"
157.90.182.30 - - [24/Mar/2022:08:01:49 +0100] "GET /Apotheke/POS?action=diff HTTP/1.1" 403 18 "-" "Mozilla/5.0 (compatible; BLEXBot/1.0; +http://webmeup-crawler.com/)"
157.90.182.30 - - [24/Mar/2022:08:01:51 +0100] "GET /Main/OmixOcas?action=edit HTTP/1.1" 403 18 "-" "Mozilla/5.0 (compatible; BLEXBot/1.0; +http://webmeup-crawler.com/)"
157.90.182.30 - - [24/Mar/2022:08:01:52 +0100] "GET /Apotheke/POS?action=edit HTTP/1.1" 403 18 "-" "Mozilla/5.0 (compatible; BLEXBot/1.0; +http://webmeup-crawler.com/)"
157.90.182.30 - - [24/Mar/2022:08:01:54 +0100] "GET /Main/OmixOcas?action=print HTTP/1.1" 403 18 "-" "Mozilla/5.0 (compatible; BLEXBot/1.0; +http://webmeup-crawler.com/)"
157.90.182.30 - - [24/Mar/2022:08:01:55 +0100] "GET /Apotheke/POS?action=print HTTP/1.1" 403 18 "-" "Mozilla/5.0 (compatible; BLEXBot/1.0; +http://webmeup-crawler.com/)"
157.90.182.30 - - [24/Mar/2022:08:01:57 +0100] "GET /Main/OmixOcas?action=upload HTTP/1.1" 403 18 "-" "Mozilla/5.0 (compatible; BLEXBot/1.0; +http://webmeup-crawler.com/)"
157.90.182.30 - - [24/Mar/2022:08:01:59 +0100] "GET /Apotheke/POS?action=upload HTTP/1.1" 403 18 "-" "Mozilla/5.0 (compatible; BLEXBot/1.0; +http://webmeup-crawler.com/)"
157.90.182.30 - - [24/Mar/2022:08:02:00 +0100] "GET /Main/OmixOcas?n=Main.SideBar?action=edit HTTP/1.1" 403 18 "-" "Mozilla/5.0 (compatible; BLEXBot/1.0; +http://webmeup-crawler.com/)"
157.90.182.30 - - [24/Mar/2022:08:02:02 +0100] "GET /Apotheke/POS?n=Main.SideBar?action=edit HTTP/1.1" 403 18 "-" "Mozilla/5.0 (compatible; BLEXBot/1.0; +http://webmeup-crawler.com/)"
157.90.182.30 - - [24/Mar/2022:08:02:04 +0100] "GET /Main/Parsen HTTP/1.1" 200 8581 "-" "Mozilla/5.0 (compatible; BLEXBot/1.0; +http://webmeup-crawler.com/)"
157.90.182.30 - - [24/Mar/2022:08:02:08 +0100] "GET /Ausschreibung/SAI?action=diff HTTP/1.1" 403 18 "-" "Mozilla/5.0 (compatible; BLEXBot/1.0; +http://webmeup-crawler.com/)"
157.90.182.30 - - [24/Mar/2022:08:02:10 +0100] "GET /Main/PharmacodeVsEancode HTTP/1.1" 200 13361 "-" "Mozilla/5.0 (compatible; BLEXBot/1.0; +http://webmeup-crawler.com/)"
157.90.182.30 - - [24/Mar/2022:08:02:11 +0100] "GET /Ausschreibung/SAI?action=edit HTTP/1.1" 403 18 "-" "Mozilla/5.0 (compatible; BLEXBot/1.0; +http://webmeup-crawler.com/)"
157.90.182.30 - - [24/Mar/2022:08:02:13 +0100] "GET /Main/Phostal?action=diff HTTP/1.1" 403 18 "-" "Mozilla/5.0 (compatible; BLEXBot/1.0; +http://webmeup-crawler.com/)"
157.90.182.30 - - [24/Mar/2022:08:02:14 +0100] "GET /Ausschreibung/SAI?action=print HTTP/1.1" 403 18 "-" "Mozilla/5.0 (compatible; BLEXBot/1.0; +http://webmeup-crawler.com/)"
157.90.182.30 - - [24/Mar/2022:08:02:17 +0100] "GET /Ausschreibung/SAI?action=upload HTTP/1.1" 403 18 "-" "Mozilla/5.0 (compatible; BLEXBot/1.0; +http://webmeup-crawler.com/)"
157.90.182.30 - - [24/Mar/2022:08:02:18 +0100] "GET /Main/Phostal?action=edit HTTP/1.1" 403 18 "-" "Mozilla/5.0 (compatible; BLEXBot/1.0; +http://webmeup-crawler.com/)"
157.90.182.30 - - [24/Mar/2022:08:02:20 +0100] "GET /Ausschreibung/SAI?n=Main.SideBar?action=edit HTTP/1.1" 403 18 "-" "Mozilla/5.0 (compatible; BLEXBot/1.0; +http://webmeup-crawler.com/)"
157.90.182.30 - - [24/Mar/2022:08:02:22 +0100] "GET /Main/Phostal?action=print HTTP/1.1" 403 18 "-" "Mozilla/5.0 (compatible; BLEXBot/1.0; +http://webmeup-crawler.com/)"
157.90.182.30 - - [24/Mar/2022:08:02:23 +0100] "GET /Bundesrat/Ebook?action=diff HTTP/1.1" 403 18 "-" "Mozilla/5.0 (compatible; BLEXBot/1.0; +http://webmeup-crawler.com/)"
157.90.182.30 - - [24/Mar/2022:08:02:26 +0100] "GET /Main/Phostal?action=upload HTTP/1.1" 403 18 "-" "Mozilla/5.0 (compatible; BLEXBot/1.0; +http://webmeup-crawler.com/)"
157.90.182.30 - - [24/Mar/2022:08:02:27 +0100] "GET /Bundesrat/Ebook?action=edit HTTP/1.1" 403 18 "-" "Mozilla/5.0 (compatible; BLEXBot/1.0; +http://webmeup-crawler.com/)"
157.90.182.30 - - [24/Mar/2022:08:02:28 +0100] "GET /Main/Phostal?n=Main.SideBar?action=edit HTTP/1.1" 403 18 "-" "Mozilla/5.0 (compatible; BLEXBot/1.0; +http://webmeup-crawler.com/)"
157.90.182.30 - - [24/Mar/2022:08:02:30 +0100] "GET /Bundesrat/Ebook?action=print HTTP/1.1" 403 18 "-" "Mozilla/5.0 (compatible; BLEXBot/1.0; +http://webmeup-crawler.com/)"
157.90.182.30 - - [24/Mar/2022:08:02:31 +0100] "GET /Main/PublicDomainDataLife-Cycle?action=diff HTTP/1.1" 403 18 "-" "Mozilla/5.0 (compatible; BLEXBot/1.0; +http://webmeup-crawler.com/)"
157.90.182.30 - - [24/Mar/2022:08:02:33 +0100] "GET /Bundesrat/Ebook?action=upload HTTP/1.1" 403 18 "-" "Mozilla/5.0 (compatible; BLEXBot/1.0; +http://webmeup-crawler.com/)"
157.90.182.30 - - [24/Mar/2022:08:02:35 +0100] "GET /Main/PublicDomainDataLife-Cycle?action=edit HTTP/1.1" 403 18 "-" "Mozilla/5.0 (compatible; BLEXBot/1.0; +http://webmeup-crawler.com/)"
157.90.182.30 - - [24/Mar/2022:08:02:36 +0100] "GET /Bundesrat/Ebook?n=Main.SideBar?action=edit HTTP/1.1" 403 18 "-" "Mozilla/5.0 (compatible; BLEXBot/1.0; +http://webmeup-crawler.com/)"
157.90.182.30 - - [24/Mar/2022:08:02:38 +0100] "GET /Main/PublicDomainDataLife-Cycle?action=print HTTP/1.1" 403 18 "-" "Mozilla/5.0 (compatible; BLEXBot/1.0; +http://webmeup-crawler.com/)"
157.90.182.30 - - [24/Mar/2022:08:02:38 +0100] "GET /CoMed/ASPP?action=diff HTTP/1.1" 403 18 "-" "Mozilla/5.0 (compatible; BLEXBot/1.0; +http://webmeup-crawler.com/)"
157.90.182.30 - - [24/Mar/2022:08:02:43 +0100] "GET /Main/PublicDomainDataLife-Cycle?action=upload HTTP/1.1" 403 18 "-" "Mozilla/5.0 (compatible; BLEXBot/1.0; +http://webmeup-crawler.com/)"
157.90.182.30 - - [24/Mar/2022:08:02:43 +0100] "GET /CoMed/ASPP?action=edit HTTP/1.1" 403 18 "-" "Mozilla/5.0 (compatible; BLEXBot/1.0; +http://webmeup-crawler.com/)"
157.90.182.30 - - [24/Mar/2022:08:02:47 +0100] "GET /Main/PublicDomainDataLife-Cycle?n=Main.SideBar?action=edit HTTP/1.1" 403 18 "-" "Mozilla/5.0 (compatible; BLEXBot/1.0; +http://webmeup-crawler.com/)"
157.90.182.30 - - [24/Mar/2022:08:02:47 +0100] "GET /CoMed/ASPP?action=print HTTP/1.1" 403 18 "-" "Mozilla/5.0 (compatible; BLEXBot/1.0; +http://webmeup-crawler.com/)"
157.90.182.30 - - [24/Mar/2022:08:02:50 +0100] "GET /CoMed/ASPP?action=upload HTTP/1.1" 403 18 "-" "Mozilla/5.0 (compatible; BLEXBot/1.0; +http://webmeup-crawler.com/)"
157.90.182.30 - - [24/Mar/2022:08:02:50 +0100] "GET /Main/Refdata?action=diff HTTP/1.1" 403 18 "-" "Mozilla/5.0 (compatible; BLEXBot/1.0; +http://webmeup-crawler.com/)"
157.90.182.30 - - [24/Mar/2022:08:02:53 +0100] "GET /CoMed/ASPP?n=Main.SideBar?action=edit HTTP/1.1" 403 18 "-" "Mozilla/5.0 (compatible; BLEXBot/1.0; +http://webmeup-crawler.com/)"
157.90.182.30 - - [24/Mar/2022:08:02:54 +0100] "GET /Main/Refdata?action=edit HTTP/1.1" 403 18 "-" "Mozilla/5.0 (compatible; BLEXBot/1.0; +http://webmeup-crawler.com/)"
157.90.182.30 - - [24/Mar/2022:08:02:55 +0100] "GET /CoMed/Android?action=diff HTTP/1.1" 403 18 "-" "Mozilla/5.0 (compatible; BLEXBot/1.0; +http://webmeup-crawler.com/)"
157.90.182.30 - - [24/Mar/2022:08:02:57 +0100] "GET /Main/Refdata?action=print HTTP/1.1" 403 18 "-" "Mozilla/5.0 (compatible; BLEXBot/1.0; +http://webmeup-crawler.com/)"
157.90.182.30 - - [24/Mar/2022:08:02:58 +0100] "GET /CoMed/Android?action=edit HTTP/1.1" 403 18 "-" "Mozilla/5.0 (compatible; BLEXBot/1.0; +http://webmeup-crawler.com/)"
157.90.182.30 - - [24/Mar/2022:08:03:00 +0100] "GET /Main/Refdata?action=upload HTTP/1.1" 403 18 "-" "Mozilla/5.0 (compatible; BLEXBot/1.0; +http://webmeup-crawler.com/)"
157.90.182.30 - - [24/Mar/2022:08:03:01 +0100] "GET /CoMed/Android?action=print HTTP/1.1" 403 18 "-" "Mozilla/5.0 (compatible; BLEXBot/1.0; +http://webmeup-crawler.com/)"
157.90.182.30 - - [24/Mar/2022:08:03:04 +0100] "GET /Main/Refdata?n=Main.SideBar?action=edit HTTP/1.1" 403 18 "-" "Mozilla/5.0 (compatible; BLEXBot/1.0; +http://webmeup-crawler.com/)"
157.90.182.30 - - [24/Mar/2022:08:03:04 +0100] "GET /CoMed/Android?action=upload HTTP/1.1" 403 18 "-" "Mozilla/5.0 (compatible; BLEXBot/1.0; +http://webmeup-crawler.com/)"
157.90.182.30 - - [24/Mar/2022:08:03:07 +0100] "GET /CoMed/Android?n=Main.SideBar?action=edit HTTP/1.1" 403 18 "-" "Mozilla/5.0 (compatible; BLEXBot/1.0; +http://webmeup-crawler.com/)"
157.90.182.30 - - [24/Mar/2022:08:03:07 +0100] "GET /Main/ReplikSAEZ?action=diff HTTP/1.1" 403 18 "-" "Mozilla/5.0 (compatible; BLEXBot/1.0; +http://webmeup-crawler.com/)"
157.90.182.30 - - [24/Mar/2022:08:03:10 +0100] "GET /Eggze/SpreadIt?action=diff HTTP/1.1" 403 18 "-" "Mozilla/5.0 (compatible; BLEXBot/1.0; +http://webmeup-crawler.com/)"
157.90.182.30 - - [24/Mar/2022:08:03:10 +0100] "GET /Main/ReplikSAEZ?action=edit HTTP/1.1" 403 18 "-" "Mozilla/5.0 (compatible; BLEXBot/1.0; +http://webmeup-crawler.com/)"
157.90.182.30 - - [24/Mar/2022:08:03:13 +0100] "GET /Eggze/SpreadIt?action=edit HTTP/1.1" 403 18 "-" "Mozilla/5.0 (compatible; BLEXBot/1.0; +http://webmeup-crawler.com/)"
157.90.182.30 - - [24/Mar/2022:08:03:13 +0100] "GET /Main/ReplikSAEZ?action=print HTTP/1.1" 403 18 "-" "Mozilla/5.0 (compatible; BLEXBot/1.0; +http://webmeup-crawler.com/)"
157.90.182.30 - - [24/Mar/2022:08:03:17 +0100] "GET /Eggze/SpreadIt?action=print HTTP/1.1" 403 18 "-" "Mozilla/5.0 (compatible; BLEXBot/1.0; +http://webmeup-crawler.com/)"
157.90.182.30 - - [24/Mar/2022:08:03:17 +0100] "GET /Main/ReplikSAEZ?action=upload HTTP/1.1" 403 18 "-" "Mozilla/5.0 (compatible; BLEXBot/1.0; +http://webmeup-crawler.com/)"
157.90.182.30 - - [24/Mar/2022:08:03:20 +0100] "GET /Eggze/SpreadIt?action=upload HTTP/1.1" 403 18 "-" "Mozilla/5.0 (compatible; BLEXBot/1.0; +http://webmeup-crawler.com/)"
157.90.182.30 - - [24/Mar/2022:08:03:20 +0100] "GET /Main/ReplikSAEZ?n=Main.SideBar?action=edit HTTP/1.1" 403 18 "-" "Mozilla/5.0 (compatible; BLEXBot/1.0; +http://webmeup-crawler.com/)"
157.90.182.30 - - [24/Mar/2022:08:03:22 +0100] "GET /Eggze/SpreadIt?n=Main.SideBar?action=edit HTTP/1.1" 403 18 "-" "Mozilla/5.0 (compatible; BLEXBot/1.0; +http://webmeup-crawler.com/)"
157.90.182.30 - - [24/Mar/2022:08:03:24 +0100] "GET /Main/SL-Liste?action=diff HTTP/1.1" 403 18 "-" "Mozilla/5.0 (compatible; BLEXBot/1.0; +http://webmeup-crawler.com/)"
157.90.182.30 - - [24/Mar/2022:08:03:25 +0100] "GET /Emediat/Swissindex?action=diff HTTP/1.1" 403 18 "-" "Mozilla/5.0 (compatible; BLEXBot/1.0; +http://webmeup-crawler.com/)"
157.90.182.30 - - [24/Mar/2022:08:03:27 +0100] "GET /Main/SL-Liste?action=edit HTTP/1.1" 403 18 "-" "Mozilla/5.0 (compatible; BLEXBot/1.0; +http://webmeup-crawler.com/)"
157.90.182.30 - - [24/Mar/2022:08:03:28 +0100] "GET /Emediat/Swissindex?action=edit HTTP/1.1" 403 18 "-" "Mozilla/5.0 (compatible; BLEXBot/1.0; +http://webmeup-crawler.com/)"
157.90.182.30 - - [24/Mar/2022:08:03:30 +0100] "GET /Main/SL-Liste?action=print HTTP/1.1" 403 18 "-" "Mozilla/5.0 (compatible; BLEXBot/1.0; +http://webmeup-crawler.com/)"
157.90.182.30 - - [24/Mar/2022:08:03:31 +0100] "GET /Emediat/Swissindex?action=print HTTP/1.1" 403 18 "-" "Mozilla/5.0 (compatible; BLEXBot/1.0; +http://webmeup-crawler.com/)"
157.90.182.30 - - [24/Mar/2022:08:03:34 +0100] "GET /Main/SL-Liste?action=upload HTTP/1.1" 403 18 "-" "Mozilla/5.0 (compatible; BLEXBot/1.0; +http://webmeup-crawler.com/)"
157.90.182.30 - - [24/Mar/2022:08:03:34 +0100] "GET /Emediat/Swissindex?action=upload HTTP/1.1" 403 18 "-" "Mozilla/5.0 (compatible; BLEXBot/1.0; +http://webmeup-crawler.com/)"
157.90.182.30 - - [24/Mar/2022:08:03:37 +0100] "GET /Emediat/Swissindex?n=Main.SideBar?action=edit HTTP/1.1" 403 18 "-" "Mozilla/5.0 (compatible; BLEXBot/1.0; +http://webmeup-crawler.com/)"
157.90.182.30 - - [24/Mar/2022:08:03:38 +0100] "GET /Main/SL-Liste?n=Main.SideBar?action=edit HTTP/1.1" 403 18 "-" "Mozilla/5.0 (compatible; BLEXBot/1.0; +http://webmeup-crawler.com/)"
157.90.182.30 - - [24/Mar/2022:08:03:40 +0100] "GET /Epha/Flow?action=diff HTTP/1.1" 403 18 "-" "Mozilla/5.0 (compatible; BLEXBot/1.0; +http://webmeup-crawler.com/)"
157.90.182.30 - - [24/Mar/2022:08:03:42 +0100] "GET /Main/Saldo?action=diff HTTP/1.1" 403 18 "-" "Mozilla/5.0 (compatible; BLEXBot/1.0; +http://webmeup-crawler.com/)"
157.90.182.30 - - [24/Mar/2022:08:03:43 +0100] "GET /Epha/Flow?action=edit HTTP/1.1" 403 18 "-" "Mozilla/5.0 (compatible; BLEXBot/1.0; +http://webmeup-crawler.com/)"
157.90.182.30 - - [24/Mar/2022:08:03:46 +0100] "GET /Main/Saldo?action=edit HTTP/1.1" 403 18 "-" "Mozilla/5.0 (compatible; BLEXBot/1.0; +http://webmeup-crawler.com/)"
157.90.182.30 - - [24/Mar/2022:08:03:47 +0100] "GET /Epha/Flow?action=print HTTP/1.1" 403 18 "-" "Mozilla/5.0 (compatible; BLEXBot/1.0; +http://webmeup-crawler.com/)"
144.76.176.171 - - [24/Mar/2022:08:03:49 +0100] "GET /robots.txt HTTP/1.1" 200 - "-" "Mozilla/5.0 (compatible; MJ12bot/v1.4.8; http://mj12bot.com/)"
157.90.182.30 - - [24/Mar/2022:08:03:50 +0100] "GET /Main/Saldo?action=print HTTP/1.1" 403 18 "-" "Mozilla/5.0 (compatible; BLEXBot/1.0; +http://webmeup-crawler.com/)"
157.90.182.30 - - [24/Mar/2022:08:03:51 +0100] "GET /Epha/Flow?action=upload HTTP/1.1" 403 18 "-" "Mozilla/5.0 (compatible; BLEXBot/1.0; +http://webmeup-crawler.com/)"
144.76.176.171 - - [24/Mar/2022:08:03:54 +0100] "GET /AmiKo/Android?action=edit HTTP/1.1" 403 18 "-" "Mozilla/5.0 (compatible; MJ12bot/v1.4.8; http://mj12bot.com/)"
157.90.182.30 - - [24/Mar/2022:08:03:56 +0100] "GET /Main/Saldo?action=upload HTTP/1.1" 403 18 "-" "Mozilla/5.0 (compatible; BLEXBot/1.0; +http://webmeup-crawler.com/)"
157.90.182.30 - - [24/Mar/2022:08:03:57 +0100] "GET /Epha/Flow?n=Main.SideBar?action=edit HTTP/1.1" 403 18 "-" "Mozilla/5.0 (compatible; BLEXBot/1.0; +http://webmeup-crawler.com/)"
157.90.182.30 - - [24/Mar/2022:08:03:59 +0100] "GET /Main/Saldo?n=Main.SideBar?action=edit HTTP/1.1" 403 18 "-" "Mozilla/5.0 (compatible; BLEXBot/1.0; +http://webmeup-crawler.com/)"
157.90.182.30 - - [24/Mar/2022:08:04:01 +0100] "GET /Epha/PhilipHansten?action=diff HTTP/1.1" 403 18 "-" "Mozilla/5.0 (compatible; BLEXBot/1.0; +http://webmeup-crawler.com/)"
144.76.176.171 - - [24/Mar/2022:08:04:02 +0100] "GET /AmiKo/Ankuendigung?action=edit HTTP/1.1" 403 18 "-" "Mozilla/5.0 (compatible; MJ12bot/v1.4.8; http://mj12bot.com/)"
157.90.182.30 - - [24/Mar/2022:08:04:02 +0100] "GET /Main/SideBar?action=diff HTTP/1.1" 403 18 "-" "Mozilla/5.0 (compatible; BLEXBot/1.0; +http://webmeup-crawler.com/)"
157.90.182.30 - - [24/Mar/2022:08:04:04 +0100] "GET /Epha/PhilipHansten?action=edit HTTP/1.1" 403 18 "-" "Mozilla/5.0 (compatible; BLEXBot/1.0; +http://webmeup-crawler.com/)"
157.90.182.30 - - [24/Mar/2022:08:04:06 +0100] "GET /Main/SideBar?action=edit HTTP/1.1" 403 18 "-" "Mozilla/5.0 (compatible; BLEXBot/1.0; +http://webmeup-crawler.com/)"
157.90.182.30 - - [24/Mar/2022:08:04:07 +0100] "GET /Epha/PhilipHansten?action=print HTTP/1.1" 403 18 "-" "Mozilla/5.0 (compatible; BLEXBot/1.0; +http://webmeup-crawler.com/)"
157.90.182.30 - - [24/Mar/2022:08:04:09 +0100] "GET /Pic2Shop/BarcodeScanner?action=upload HTTP/1.1" 403 18 "-" "Mozilla/5.0 (compatible; BLEXBot/1.0; +http://webmeup-crawler.com/)"
157.90.182.30 - - [24/Mar/2022:08:04:11 +0100] "GET /Epha/PhilipHansten?action=upload HTTP/1.1" 403 18 "-" "Mozilla/5.0 (compatible; BLEXBot/1.0; +http://webmeup-crawler.com/)"
157.90.182.30 - - [24/Mar/2022:08:04:12 +0100] "GET /Pic2Shop/BarcodeScanner?n=Main.SideBar?action=edit HTTP/1.1" 403 18 "-" "Mozilla/5.0 (compatible; BLEXBot/1.0; +http://webmeup-crawler.com/)"
157.90.182.30 - - [24/Mar/2022:08:04:14 +0100] "GET /Epha/PhilipHansten?n=Main.SideBar?action=edit HTTP/1.1" 403 18 "-" "Mozilla/5.0 (compatible; BLEXBot/1.0; +http://webmeup-crawler.com/)"
157.90.182.30 - - [24/Mar/2022:08:04:16 +0100] "GET /Profiles/Zrr?action=diff HTTP/1.1" 403 18 "-" "Mozilla/5.0 (compatible; BLEXBot/1.0; +http://webmeup-crawler.com/)"
157.90.182.30 - - [24/Mar/2022:08:04:17 +0100] "GET /Generikacc/News23012018?action=diff HTTP/1.1" 403 18 "-" "Mozilla/5.0 (compatible; BLEXBot/1.0; +http://webmeup-crawler.com/)"
157.90.182.30 - - [24/Mar/2022:08:04:19 +0100] "GET /Profiles/Zrr?action=edit HTTP/1.1" 403 18 "-" "Mozilla/5.0 (compatible; BLEXBot/1.0; +http://webmeup-crawler.com/)"
157.90.182.30 - - [24/Mar/2022:08:04:20 +0100] "GET /Generikacc/News23012018?action=edit HTTP/1.1" 403 18 "-" "Mozilla/5.0 (compatible; BLEXBot/1.0; +http://webmeup-crawler.com/)"
157.90.182.30 - - [24/Mar/2022:08:04:23 +0100] "GET /Profiles/Zrr?action=print HTTP/1.1" 403 18 "-" "Mozilla/5.0 (compatible; BLEXBot/1.0; +http://webmeup-crawler.com/)"
157.90.182.30 - - [24/Mar/2022:08:04:24 +0100] "GET /Generikacc/News23012018?action=print HTTP/1.1" 403 18 "-" "Mozilla/5.0 (compatible; BLEXBot/1.0; +http://webmeup-crawler.com/)"
157.90.182.30 - - [24/Mar/2022:08:04:27 +0100] "GET /Profiles/Zrr?action=upload HTTP/1.1" 403 18 "-" "Mozilla/5.0 (compatible; BLEXBot/1.0; +http://webmeup-crawler.com/)"
157.90.182.30 - - [24/Mar/2022:08:04:27 +0100] "GET /Generikacc/News23012018?action=upload HTTP/1.1" 403 18 "-" "Mozilla/5.0 (compatible; BLEXBot/1.0; +http://webmeup-crawler.com/)"
144.76.176.171 - - [24/Mar/2022:08:04:28 +0100] "GET /AmiKo/IOS?action=edit HTTP/1.1" 403 18 "-" "Mozilla/5.0 (compatible; MJ12bot/v1.4.8; http://mj12bot.com/)"
157.90.182.30 - - [24/Mar/2022:08:04:30 +0100] "GET /Profiles/Zrr?n=Main.SideBar?action=edit HTTP/1.1" 403 18 "-" "Mozilla/5.0 (compatible; BLEXBot/1.0; +http://webmeup-crawler.com/)"
157.90.182.30 - - [24/Mar/2022:08:04:31 +0100] "GET /Generikacc/News23012018?n=Main.SideBar?action=edit HTTP/1.1" 403 18 "-" "Mozilla/5.0 (compatible; BLEXBot/1.0; +http://webmeup-crawler.com/)"
144.76.176.171 - - [24/Mar/2022:08:04:32 +0100] "GET /AmiKo/KrankenkassenKartenleser?action=edit HTTP/1.1" 403 18 "-" "Mozilla/5.0 (compatible; MJ12bot/v1.4.8; http://mj12bot.com/)"
95.215.38.201 - - [24/Mar/2022:08:04:32 +0100] "GET /app-ads.txt HTTP/1.1" 404 270 "-" "AdsTxtCrawler/1.0; +https://github.com/InteractiveAdvertisingBureau/adstxtcrawler"
157.90.182.30 - - [24/Mar/2022:08:04:33 +0100] "GET /PublicDomain/AIPS?action=diff HTTP/1.1" 403 18 "-" "Mozilla/5.0 (compatible; BLEXBot/1.0; +http://webmeup-crawler.com/)"
157.90.182.30 - - [24/Mar/2022:08:04:34 +0100] "GET /Hmg/67?action=diff HTTP/1.1" 403 18 "-" "Mozilla/5.0 (compatible; BLEXBot/1.0; +http://webmeup-crawler.com/)"
157.90.182.30 - - [24/Mar/2022:08:04:36 +0100] "GET /PublicDomain/AIPS?action=edit HTTP/1.1" 403 18 "-" "Mozilla/5.0 (compatible; BLEXBot/1.0; +http://webmeup-crawler.com/)"
144.76.176.171 - - [24/Mar/2022:08:04:37 +0100] "GET /AmiKo/Linux?action=edit HTTP/1.1" 403 18 "-" "Mozilla/5.0 (compatible; MJ12bot/v1.4.8; http://mj12bot.com/)"
157.90.182.30 - - [24/Mar/2022:08:04:37 +0100] "GET /Hmg/67?action=edit HTTP/1.1" 403 18 "-" "Mozilla/5.0 (compatible; BLEXBot/1.0; +http://webmeup-crawler.com/)"
157.90.182.30 - - [24/Mar/2022:08:04:40 +0100] "GET /PublicDomain/AIPS?action=print HTTP/1.1" 403 18 "-" "Mozilla/5.0 (compatible; BLEXBot/1.0; +http://webmeup-crawler.com/)"
157.90.182.30 - - [24/Mar/2022:08:04:40 +0100] "GET /Hmg/67?action=print HTTP/1.1" 403 18 "-" "Mozilla/5.0 (compatible; BLEXBot/1.0; +http://webmeup-crawler.com/)"
157.90.182.30 - - [24/Mar/2022:08:04:42 +0100] "GET /Hmg/67?action=upload HTTP/1.1" 403 18 "-" "Mozilla/5.0 (compatible; BLEXBot/1.0; +http://webmeup-crawler.com/)"
157.90.182.30 - - [24/Mar/2022:08:04:43 +0100] "GET /PublicDomain/AIPS?action=upload HTTP/1.1" 403 18 "-" "Mozilla/5.0 (compatible; BLEXBot/1.0; +http://webmeup-crawler.com/)"
157.90.182.30 - - [24/Mar/2022:08:04:44 +0100] "GET /Hmg/67?n=Main.SideBar?action=edit HTTP/1.1" 403 18 "-" "Mozilla/5.0 (compatible; BLEXBot/1.0; +http://webmeup-crawler.com/)"
157.90.182.30 - - [24/Mar/2022:08:04:47 +0100] "GET /PublicDomain/AIPS?n=Main.SideBar?action=edit HTTP/1.1" 403 18 "-" "Mozilla/5.0 (compatible; BLEXBot/1.0; +http://webmeup-crawler.com/)"
157.90.182.30 - - [24/Mar/2022:08:04:47 +0100] "GET /HotelMarriott/27062013?action=diff HTTP/1.1" 403 18 "-" "Mozilla/5.0 (compatible; BLEXBot/1.0; +http://webmeup-crawler.com/)"
157.90.182.30 - - [24/Mar/2022:08:04:49 +0100] "GET /HotelMarriott/27062013?action=edit HTTP/1.1" 403 18 "-" "Mozilla/5.0 (compatible; BLEXBot/1.0; +http://webmeup-crawler.com/)"
157.90.182.30 - - [24/Mar/2022:08:04:50 +0100] "GET /PublicDomain/Stammdaten?action=diff HTTP/1.1" 403 18 "-" "Mozilla/5.0 (compatible; BLEXBot/1.0; +http://webmeup-crawler.com/)"
157.90.182.30 - - [24/Mar/2022:08:04:52 +0100] "GET /HotelMarriott/27062013?action=print HTTP/1.1" 403 18 "-" "Mozilla/5.0 (compatible; BLEXBot/1.0; +http://webmeup-crawler.com/)"
144.76.176.171 - - [24/Mar/2022:08:04:53 +0100] "GET /AmiKo/OSX?action=edit HTTP/1.1" 403 18 "-" "Mozilla/5.0 (compatible; MJ12bot/v1.4.8; http://mj12bot.com/)"
157.90.182.30 - - [24/Mar/2022:08:04:54 +0100] "GET /PublicDomain/Stammdaten?action=edit HTTP/1.1" 403 18 "-" "Mozilla/5.0 (compatible; BLEXBot/1.0; +http://webmeup-crawler.com/)"
157.90.182.30 - - [24/Mar/2022:08:04:55 +0100] "GET /HotelMarriott/27062013?action=upload HTTP/1.1" 403 18 "-" "Mozilla/5.0 (compatible; BLEXBot/1.0; +http://webmeup-crawler.com/)"
157.90.182.30 - - [24/Mar/2022:08:04:57 +0100] "GET /PublicDomain/Stammdaten?action=print HTTP/1.1" 403 18 "-" "Mozilla/5.0 (compatible; BLEXBot/1.0; +http://webmeup-crawler.com/)"
157.90.182.30 - - [24/Mar/2022:08:04:57 +0100] "GET /HotelMarriott/27062013?n=Main.SideBar?action=edit HTTP/1.1" 403 18 "-" "Mozilla/5.0 (compatible; BLEXBot/1.0; +http://webmeup-crawler.com/)"
144.76.176.171 - - [24/Mar/2022:08:04:58 +0100] "GET /AmiKo/Swisspeddose?action=edit HTTP/1.1" 403 18 "-" "Mozilla/5.0 (compatible; MJ12bot/v1.4.8; http://mj12bot.com/)"
157.90.182.30 - - [24/Mar/2022:08:04:59 +0100] "GET /InfoCodex/Abstracts?action=diff HTTP/1.1" 403 18 "-" "Mozilla/5.0 (compatible; BLEXBot/1.0; +http://webmeup-crawler.com/)"
157.90.182.30 - - [24/Mar/2022:08:05:00 +0100] "GET /PublicDomain/Stammdaten?action=upload HTTP/1.1" 403 18 "-" "Mozilla/5.0 (compatible; BLEXBot/1.0; +http://webmeup-crawler.com/)"
157.90.182.30 - - [24/Mar/2022:08:05:01 +0100] "GET /InfoCodex/Abstracts?action=edit HTTP/1.1" 403 18 "-" "Mozilla/5.0 (compatible; BLEXBot/1.0; +http://webmeup-crawler.com/)"
157.90.182.30 - - [24/Mar/2022:08:05:03 +0100] "GET /PublicDomain/Stammdaten?n=Main.SideBar?action=edit HTTP/1.1" 403 18 "-" "Mozilla/5.0 (compatible; BLEXBot/1.0; +http://webmeup-crawler.com/)"
157.90.182.30 - - [24/Mar/2022:08:05:03 +0100] "GET /InfoCodex/Abstracts?action=print HTTP/1.1" 403 18 "-" "Mozilla/5.0 (compatible; BLEXBot/1.0; +http://webmeup-crawler.com/)"
157.90.182.30 - - [24/Mar/2022:08:05:05 +0100] "GET /InfoCodex/Abstracts?action=upload HTTP/1.1" 403 18 "-" "Mozilla/5.0 (compatible; BLEXBot/1.0; +http://webmeup-crawler.com/)"
157.90.182.30 - - [24/Mar/2022:08:05:07 +0100] "GET /PublicDomain/StammdatenFR?action=diff HTTP/1.1" 403 18 "-" "Mozilla/5.0 (compatible; BLEXBot/1.0; +http://webmeup-crawler.com/)"
157.90.182.30 - - [24/Mar/2022:08:05:08 +0100] "GET /InfoCodex/Abstracts?n=Main.SideBar?action=edit HTTP/1.1" 403 18 "-" "Mozilla/5.0 (compatible; BLEXBot/1.0; +http://webmeup-crawler.com/)"
157.90.182.30 - - [24/Mar/2022:08:05:10 +0100] "GET /InfoCodex/Dokumentenfamilien HTTP/1.1" 200 10326 "-" "Mozilla/5.0 (compatible; BLEXBot/1.0; +http://webmeup-crawler.com/)"
144.76.176.171 - - [24/Mar/2022:08:05:10 +0100] "GET /AmiKo/Web?action=edit HTTP/1.1" 403 18 "-" "Mozilla/5.0 (compatible; MJ12bot/v1.4.8; http://mj12bot.com/)"
157.90.182.30 - - [24/Mar/2022:08:05:10 +0100] "GET /PublicDomain/StammdatenFR?action=edit HTTP/1.1" 403 18 "-" "Mozilla/5.0 (compatible; BLEXBot/1.0; +http://webmeup-crawler.com/)"
157.90.182.30 - - [24/Mar/2022:08:05:13 +0100] "GET /InfoCodex/Index HTTP/1.1" 200 8894 "-" "Mozilla/5.0 (compatible; BLEXBot/1.0; +http://webmeup-crawler.com/)"
157.90.182.30 - - [24/Mar/2022:08:05:14 +0100] "GET /PublicDomain/StammdatenFR?action=print HTTP/1.1" 403 18 "-" "Mozilla/5.0 (compatible; BLEXBot/1.0; +http://webmeup-crawler.com/)"
157.90.182.30 - - [24/Mar/2022:08:05:16 +0100] "GET /InfoCodex/Vergleichsanalyse?action=diff HTTP/1.1" 403 18 "-" "Mozilla/5.0 (compatible; BLEXBot/1.0; +http://webmeup-crawler.com/)"
157.90.182.30 - - [24/Mar/2022:08:05:18 +0100] "GET /PublicDomain/StammdatenFR?action=upload HTTP/1.1" 403 18 "-" "Mozilla/5.0 (compatible; BLEXBot/1.0; +http://webmeup-crawler.com/)"
157.90.182.30 - - [24/Mar/2022:08:05:18 +0100] "GET /InfoCodex/Vergleichsanalyse?action=edit HTTP/1.1" 403 18 "-" "Mozilla/5.0 (compatible; BLEXBot/1.0; +http://webmeup-crawler.com/)"
144.76.176.171 - - [24/Mar/2022:08:05:20 +0100] "GET /AmiKo/Windows?action=edit HTTP/1.1" 403 18 "-" "Mozilla/5.0 (compatible; MJ12bot/v1.4.8; http://mj12bot.com/)"
157.90.182.30 - - [24/Mar/2022:08:05:20 +0100] "GET /InfoCodex/Vergleichsanalyse?action=print HTTP/1.1" 403 18 "-" "Mozilla/5.0 (compatible; BLEXBot/1.0; +http://webmeup-crawler.com/)"
157.90.182.30 - - [24/Mar/2022:08:05:21 +0100] "GET /PublicDomain/StammdatenFR?n=Main.SideBar?action=edit HTTP/1.1" 403 18 "-" "Mozilla/5.0 (compatible; BLEXBot/1.0; +http://webmeup-crawler.com/)"
157.90.182.30 - - [24/Mar/2022:08:05:22 +0100] "GET /InfoCodex/Vergleichsanalyse?action=upload HTTP/1.1" 403 18 "-" "Mozilla/5.0 (compatible; BLEXBot/1.0; +http://webmeup-crawler.com/)"
157.90.182.30 - - [24/Mar/2022:08:05:25 +0100] "GET /InfoCodex/Vergleichsanalyse?n=Main.SideBar?action=edit HTTP/1.1" 403 18 "-" "Mozilla/5.0 (compatible; BLEXBot/1.0; +http://webmeup-crawler.com/)"
157.90.182.30 - - [24/Mar/2022:08:05:25 +0100] "GET /RedLaser/BarcodeScanner?action=diff HTTP/1.1" 403 18 "-" "Mozilla/5.0 (compatible; BLEXBot/1.0; +http://webmeup-crawler.com/)"
157.90.182.30 - - [24/Mar/2022:08:05:27 +0100] "GET /MEDIupdateXML/Aerzte?action=diff HTTP/1.1" 403 18 "-" "Mozilla/5.0 (compatible; BLEXBot/1.0; +http://webmeup-crawler.com/)"
157.90.182.30 - - [24/Mar/2022:08:05:28 +0100] "GET /RedLaser/BarcodeScanner?action=edit HTTP/1.1" 403 18 "-" "Mozilla/5.0 (compatible; BLEXBot/1.0; +http://webmeup-crawler.com/)"
157.90.182.30 - - [24/Mar/2022:08:05:29 +0100] "GET /MEDIupdateXML/Aerzte?action=edit HTTP/1.1" 403 18 "-" "Mozilla/5.0 (compatible; BLEXBot/1.0; +http://webmeup-crawler.com/)"
157.90.182.30 - - [24/Mar/2022:08:05:31 +0100] "GET /MEDIupdateXML/Aerzte?action=print HTTP/1.1" 403 18 "-" "Mozilla/5.0 (compatible; BLEXBot/1.0; +http://webmeup-crawler.com/)"
157.90.182.30 - - [24/Mar/2022:08:05:31 +0100] "GET /RedLaser/BarcodeScanner?action=print HTTP/1.1" 403 18 "-" "Mozilla/5.0 (compatible; BLEXBot/1.0; +http://webmeup-crawler.com/)"
157.90.182.30 - - [24/Mar/2022:08:05:33 +0100] "GET /MEDIupdateXML/Aerzte?action=upload HTTP/1.1" 403 18 "-" "Mozilla/5.0 (compatible; BLEXBot/1.0; +http://webmeup-crawler.com/)"
157.90.182.30 - - [24/Mar/2022:08:05:35 +0100] "GET /RedLaser/BarcodeScanner?action=upload HTTP/1.1" 403 18 "-" "Mozilla/5.0 (compatible; BLEXBot/1.0; +http://webmeup-crawler.com/)"
157.90.182.30 - - [24/Mar/2022:08:05:35 +0100] "GET /MEDIupdateXML/Aerzte?n=Main.SideBar?action=edit HTTP/1.1" 403 18 "-" "Mozilla/5.0 (compatible; BLEXBot/1.0; +http://webmeup-crawler.com/)"
157.90.182.30 - - [24/Mar/2022:08:05:37 +0100] "GET /MEDIupdateXML/Softwarehaeuser?action=diff HTTP/1.1" 403 18 "-" "Mozilla/5.0 (compatible; BLEXBot/1.0; +http://webmeup-crawler.com/)"
157.90.182.30 - - [24/Mar/2022:08:05:38 +0100] "GET /RedLaser/BarcodeScanner?n=Main.SideBar?action=edit HTTP/1.1" 403 18 "-" "Mozilla/5.0 (compatible; BLEXBot/1.0; +http://webmeup-crawler.com/)"
157.90.182.30 - - [24/Mar/2022:08:05:40 +0100] "GET /MEDIupdateXML/Softwarehaeuser?action=edit HTTP/1.1" 403 18 "-" "Mozilla/5.0 (compatible; BLEXBot/1.0; +http://webmeup-crawler.com/)"
157.90.182.30 - - [24/Mar/2022:08:05:41 +0100] "GET /Refdata/LoeschungFelder?action=diff HTTP/1.1" 403 18 "-" "Mozilla/5.0 (compatible; BLEXBot/1.0; +http://webmeup-crawler.com/)"
157.90.182.30 - - [24/Mar/2022:08:05:42 +0100] "GET /MEDIupdateXML/Softwarehaeuser?action=print HTTP/1.1" 403 18 "-" "Mozilla/5.0 (compatible; BLEXBot/1.0; +http://webmeup-crawler.com/)"
157.90.182.30 - - [24/Mar/2022:08:05:44 +0100] "GET /MEDIupdateXML/Softwarehaeuser?action=upload HTTP/1.1" 403 18 "-" "Mozilla/5.0 (compatible; BLEXBot/1.0; +http://webmeup-crawler.com/)"
157.90.182.30 - - [24/Mar/2022:08:05:46 +0100] "GET /Refdata/LoeschungFelder?action=edit HTTP/1.1" 403 18 "-" "Mozilla/5.0 (compatible; BLEXBot/1.0; +http://webmeup-crawler.com/)"
157.90.182.30 - - [24/Mar/2022:08:05:48 +0100] "GET /MEDIupdateXML/Softwarehaeuser?n=Main.SideBar?action=edit HTTP/1.1" 403 18 "-" "Mozilla/5.0 (compatible; BLEXBot/1.0; +http://webmeup-crawler.com/)"
157.90.182.30 - - [24/Mar/2022:08:05:49 +0100] "GET /Refdata/LoeschungFelder?action=print HTTP/1.1" 403 18 "-" "Mozilla/5.0 (compatible; BLEXBot/1.0; +http://webmeup-crawler.com/)"
157.90.182.30 - - [24/Mar/2022:08:05:51 +0100] "GET /Main/AIPS-XML?action=diff HTTP/1.1" 403 18 "-" "Mozilla/5.0 (compatible; BLEXBot/1.0; +http://webmeup-crawler.com/)"
157.90.182.30 - - [24/Mar/2022:08:05:52 +0100] "GET /Refdata/LoeschungFelder?action=upload HTTP/1.1" 403 18 "-" "Mozilla/5.0 (compatible; BLEXBot/1.0; +http://webmeup-crawler.com/)"
157.90.182.30 - - [24/Mar/2022:08:05:54 +0100] "GET /Main/AIPS-XML?action=edit HTTP/1.1" 403 18 "-" "Mozilla/5.0 (compatible; BLEXBot/1.0; +http://webmeup-crawler.com/)"
157.90.182.30 - - [24/Mar/2022:08:05:56 +0100] "GET /Refdata/LoeschungFelder?n=Main.SideBar?action=edit HTTP/1.1" 403 18 "-" "Mozilla/5.0 (compatible; BLEXBot/1.0; +http://webmeup-crawler.com/)"
157.90.182.30 - - [24/Mar/2022:08:05:58 +0100] "GET /Main/AIPS-XML?action=print HTTP/1.1" 403 18 "-" "Mozilla/5.0 (compatible; BLEXBot/1.0; +http://webmeup-crawler.com/)"
157.90.182.30 - - [24/Mar/2022:08:05:59 +0100] "GET /Refdatabase/Index?action=diff HTTP/1.1" 403 18 "-" "Mozilla/5.0 (compatible; BLEXBot/1.0; +http://webmeup-crawler.com/)"
157.90.182.30 - - [24/Mar/2022:08:06:00 +0100] "GET /Main/AIPS-XML?action=upload HTTP/1.1" 403 18 "-" "Mozilla/5.0 (compatible; BLEXBot/1.0; +http://webmeup-crawler.com/)"
157.90.182.30 - - [24/Mar/2022:08:06:02 +0100] "GET /Refdatabase/Index?action=edit HTTP/1.1" 403 18 "-" "Mozilla/5.0 (compatible; BLEXBot/1.0; +http://webmeup-crawler.com/)"
157.90.182.30 - - [24/Mar/2022:08:06:03 +0100] "GET /Main/AIPS-XML?n=Main.SideBar?action=edit HTTP/1.1" 403 18 "-" "Mozilla/5.0 (compatible; BLEXBot/1.0; +http://webmeup-crawler.com/)"
157.90.182.30 - - [24/Mar/2022:08:06:06 +0100] "GET /Main/BagSlPreise?action=diff HTTP/1.1" 403 18 "-" "Mozilla/5.0 (compatible; BLEXBot/1.0; +http://webmeup-crawler.com/)"
157.90.182.30 - - [24/Mar/2022:08:06:06 +0100] "GET /Refdatabase/Index?action=print HTTP/1.1" 403 18 "-" "Mozilla/5.0 (compatible; BLEXBot/1.0; +http://webmeup-crawler.com/)"
157.90.182.30 - - [24/Mar/2022:08:06:08 +0100] "GET /Main/BagSlPreise?action=edit HTTP/1.1" 403 18 "-" "Mozilla/5.0 (compatible; BLEXBot/1.0; +http://webmeup-crawler.com/)"
144.76.176.171 - - [24/Mar/2022:08:06:11 +0100] "GET /CoMed/ASPP?action=edit HTTP/1.1" 403 18 "-" "Mozilla/5.0 (compatible; MJ12bot/v1.4.8; http://mj12bot.com/)"
157.90.182.30 - - [24/Mar/2022:08:06:11 +0100] "GET /Refdatabase/Index?action=upload HTTP/1.1" 403 18 "-" "Mozilla/5.0 (compatible; BLEXBot/1.0; +http://webmeup-crawler.com/)"
157.90.182.30 - - [24/Mar/2022:08:06:12 +0100] "GET /Main/BagSlPreise?action=print HTTP/1.1" 403 18 "-" "Mozilla/5.0 (compatible; BLEXBot/1.0; +http://webmeup-crawler.com/)"
144.76.176.171 - - [24/Mar/2022:08:06:14 +0100] "GET /CoMed/Android?action=edit HTTP/1.1" 403 18 "-" "Mozilla/5.0 (compatible; MJ12bot/v1.4.8; http://mj12bot.com/)"
157.90.182.30 - - [24/Mar/2022:08:06:14 +0100] "GET /Main/BagSlPreise?action=upload HTTP/1.1" 403 18 "-" "Mozilla/5.0 (compatible; BLEXBot/1.0; +http://webmeup-crawler.com/)"
157.90.182.30 - - [24/Mar/2022:08:06:15 +0100] "GET /Refdatabase/Index?n=Main.SideBar?action=edit HTTP/1.1" 403 18 "-" "Mozilla/5.0 (compatible; BLEXBot/1.0; +http://webmeup-crawler.com/)"
157.90.182.30 - - [24/Mar/2022:08:06:17 +0100] "GET /Main/BagSlPreise?n=Main.SideBar?action=edit HTTP/1.1" 403 18 "-" "Mozilla/5.0 (compatible; BLEXBot/1.0; +http://webmeup-crawler.com/)"
157.90.182.30 - - [24/Mar/2022:08:06:18 +0100] "GET /Refdatabase/PharmacodeLoeschung?action=diff HTTP/1.1" 403 18 "-" "Mozilla/5.0 (compatible; BLEXBot/1.0; +http://webmeup-crawler.com/)"
144.76.176.171 - - [24/Mar/2022:08:06:19 +0100] "GET /Eggze/SpreadIt?action=edit HTTP/1.1" 403 18 "-" "Mozilla/5.0 (compatible; MJ12bot/v1.4.8; http://mj12bot.com/)"
157.90.182.30 - - [24/Mar/2022:08:06:20 +0100] "GET /Main/Buchpublikationspflicht?action=diff HTTP/1.1" 403 18 "-" "Mozilla/5.0 (compatible; BLEXBot/1.0; +http://webmeup-crawler.com/)"
157.90.182.30 - - [24/Mar/2022:08:06:22 +0100] "GET /Refdatabase/PharmacodeLoeschung?action=edit HTTP/1.1" 403 18 "-" "Mozilla/5.0 (compatible; BLEXBot/1.0; +http://webmeup-crawler.com/)"
157.90.182.30 - - [24/Mar/2022:08:06:23 +0100] "GET /Main/Buchpublikationspflicht?action=edit HTTP/1.1" 403 18 "-" "Mozilla/5.0 (compatible; BLEXBot/1.0; +http://webmeup-crawler.com/)"
157.90.182.30 - - [24/Mar/2022:08:06:25 +0100] "GET /Main/Buchpublikationspflicht?action=print HTTP/1.1" 403 18 "-" "Mozilla/5.0 (compatible; BLEXBot/1.0; +http://webmeup-crawler.com/)"
157.90.182.30 - - [24/Mar/2022:08:06:25 +0100] "GET /Refdatabase/PharmacodeLoeschung?action=print HTTP/1.1" 403 18 "-" "Mozilla/5.0 (compatible; BLEXBot/1.0; +http://webmeup-crawler.com/)"
157.90.182.30 - - [24/Mar/2022:08:06:28 +0100] "GET /Main/Buchpublikationspflicht?action=upload HTTP/1.1" 403 18 "-" "Mozilla/5.0 (compatible; BLEXBot/1.0; +http://webmeup-crawler.com/)"
157.90.182.30 - - [24/Mar/2022:08:06:29 +0100] "GET /Refdatabase/PharmacodeLoeschung?action=upload HTTP/1.1" 403 18 "-" "Mozilla/5.0 (compatible; BLEXBot/1.0; +http://webmeup-crawler.com/)"
157.90.182.30 - - [24/Mar/2022:08:06:32 +0100] "GET /Main/Buchpublikationspflicht?n=Main.SideBar?action=edit HTTP/1.1" 403 18 "-" "Mozilla/5.0 (compatible; BLEXBot/1.0; +http://webmeup-crawler.com/)"
157.90.182.30 - - [24/Mar/2022:08:06:33 +0100] "GET /Refdatabase/PharmacodeLoeschung?n=Main.SideBar?action=edit HTTP/1.1" 403 18 "-" "Mozilla/5.0 (compatible; BLEXBot/1.0; +http://webmeup-crawler.com/)"
157.90.182.30 - - [24/Mar/2022:08:06:35 +0100] "GET /Main/ComCo19122016?action=diff HTTP/1.1" 403 18 "-" "Mozilla/5.0 (compatible; BLEXBot/1.0; +http://webmeup-crawler.com/)"
157.90.182.30 - - [24/Mar/2022:08:06:37 +0100] "GET /Scan2Post/MacOS?action=diff HTTP/1.1" 403 18 "-" "Mozilla/5.0 (compatible; BLEXBot/1.0; +http://webmeup-crawler.com/)"
157.90.182.30 - - [24/Mar/2022:08:06:38 +0100] "GET /Main/ComCo19122016?action=edit HTTP/1.1" 403 18 "-" "Mozilla/5.0 (compatible; BLEXBot/1.0; +http://webmeup-crawler.com/)"
157.90.182.30 - - [24/Mar/2022:08:06:40 +0100] "GET /Scan2Post/MacOS?action=edit HTTP/1.1" 403 18 "-" "Mozilla/5.0 (compatible; BLEXBot/1.0; +http://webmeup-crawler.com/)"
157.90.182.30 - - [24/Mar/2022:08:06:41 +0100] "GET /Main/ComCo19122016?action=print HTTP/1.1" 403 18 "-" "Mozilla/5.0 (compatible; BLEXBot/1.0; +http://webmeup-crawler.com/)"
157.90.182.30 - - [24/Mar/2022:08:06:44 +0100] "GET /Main/ComCo19122016?action=upload HTTP/1.1" 403 18 "-" "Mozilla/5.0 (compatible; BLEXBot/1.0; +http://webmeup-crawler.com/)"
157.90.182.30 - - [24/Mar/2022:08:06:45 +0100] "GET /Scan2Post/MacOS?action=print HTTP/1.1" 403 18 "-" "Mozilla/5.0 (compatible; BLEXBot/1.0; +http://webmeup-crawler.com/)"
157.90.182.30 - - [24/Mar/2022:08:06:46 +0100] "GET /Main/ComCo19122016?n=Main.SideBar?action=edit HTTP/1.1" 403 18 "-" "Mozilla/5.0 (compatible; BLEXBot/1.0; +http://webmeup-crawler.com/)"
157.90.182.30 - - [24/Mar/2022:08:06:48 +0100] "GET /Scan2Post/MacOS?action=upload HTTP/1.1" 403 18 "-" "Mozilla/5.0 (compatible; BLEXBot/1.0; +http://webmeup-crawler.com/)"
157.90.182.30 - - [24/Mar/2022:08:06:49 +0100] "GET /Main/Diovan?action=diff HTTP/1.1" 403 18 "-" "Mozilla/5.0 (compatible; BLEXBot/1.0; +http://webmeup-crawler.com/)"
157.90.182.30 - - [24/Mar/2022:08:06:52 +0100] "GET /Scan2Post/MacOS?n=Main.SideBar?action=edit HTTP/1.1" 403 18 "-" "Mozilla/5.0 (compatible; BLEXBot/1.0; +http://webmeup-crawler.com/)"
157.90.182.30 - - [24/Mar/2022:08:06:52 +0100] "GET /Main/Diovan?action=edit HTTP/1.1" 403 18 "-" "Mozilla/5.0 (compatible; BLEXBot/1.0; +http://webmeup-crawler.com/)"
157.90.182.30 - - [24/Mar/2022:08:06:55 +0100] "GET /Main/Diovan?action=print HTTP/1.1" 403 18 "-" "Mozilla/5.0 (compatible; BLEXBot/1.0; +http://webmeup-crawler.com/)"
157.90.182.30 - - [24/Mar/2022:08:06:55 +0100] "GET /Software/Developers HTTP/1.1" 200 8897 "-" "Mozilla/5.0 (compatible; BLEXBot/1.0; +http://webmeup-crawler.com/)"
157.90.182.30 - - [24/Mar/2022:08:06:58 +0100] "GET /Main/Diovan?action=upload HTTP/1.1" 403 18 "-" "Mozilla/5.0 (compatible; BLEXBot/1.0; +http://webmeup-crawler.com/)"
157.90.182.30 - - [24/Mar/2022:08:06:59 +0100] "GET /Software/ODBA HTTP/1.1" 200 12503 "-" "Mozilla/5.0 (compatible; BLEXBot/1.0; +http://webmeup-crawler.com/)"
157.90.182.30 - - [24/Mar/2022:08:07:01 +0100] "GET /Main/Diovan?n=Main.SideBar?action=edit HTTP/1.1" 403 18 "-" "Mozilla/5.0 (compatible; BLEXBot/1.0; +http://webmeup-crawler.com/)"
157.90.182.30 - - [24/Mar/2022:08:07:03 +0100] "GET /Software/XMLBAG?action=diff HTTP/1.1" 403 18 "-" "Mozilla/5.0 (compatible; BLEXBot/1.0; +http://webmeup-crawler.com/)"
157.90.182.30 - - [24/Mar/2022:08:07:04 +0100] "GET /Main/EANCode?action=diff HTTP/1.1" 403 18 "-" "Mozilla/5.0 (compatible; BLEXBot/1.0; +http://webmeup-crawler.com/)"
144.76.176.171 - - [24/Mar/2022:08:07:05 +0100] "GET /Generikacc/App?action=edit HTTP/1.1" 403 18 "-" "Mozilla/5.0 (compatible; MJ12bot/v1.4.8; http://mj12bot.com/)"
157.90.182.30 - - [24/Mar/2022:08:07:06 +0100] "GET /Software/XMLBAG?action=edit HTTP/1.1" 403 18 "-" "Mozilla/5.0 (compatible; BLEXBot/1.0; +http://webmeup-crawler.com/)"
157.90.182.30 - - [24/Mar/2022:08:07:07 +0100] "GET /Main/EANCode?action=edit HTTP/1.1" 403 18 "-" "Mozilla/5.0 (compatible; BLEXBot/1.0; +http://webmeup-crawler.com/)"
157.90.182.30 - - [24/Mar/2022:08:07:10 +0100] "GET /Main/EANCode?action=print HTTP/1.1" 403 18 "-" "Mozilla/5.0 (compatible; BLEXBot/1.0; +http://webmeup-crawler.com/)"
157.90.182.30 - - [24/Mar/2022:08:07:11 +0100] "GET /Software/XMLBAG?action=print HTTP/1.1" 403 18 "-" "Mozilla/5.0 (compatible; BLEXBot/1.0; +http://webmeup-crawler.com/)"
157.90.182.30 - - [24/Mar/2022:08:07:12 +0100] "GET /Main/EANCode?action=upload HTTP/1.1" 403 18 "-" "Mozilla/5.0 (compatible; BLEXBot/1.0; +http://webmeup-crawler.com/)"
157.90.182.30 - - [24/Mar/2022:08:07:15 +0100] "GET /Software/XMLBAG?action=upload HTTP/1.1" 403 18 "-" "Mozilla/5.0 (compatible; BLEXBot/1.0; +http://webmeup-crawler.com/)"
157.90.182.30 - - [24/Mar/2022:08:07:15 +0100] "GET /Main/EANCode?n=Main.SideBar?action=edit HTTP/1.1" 403 18 "-" "Mozilla/5.0 (compatible; BLEXBot/1.0; +http://webmeup-crawler.com/)"
144.76.176.171 - - [24/Mar/2022:08:07:17 +0100] "GET /Generikacc/News23012018?action=edit HTTP/1.1" 403 18 "-" "Mozilla/5.0 (compatible; MJ12bot/v1.4.8; http://mj12bot.com/)"
157.90.182.30 - - [24/Mar/2022:08:07:18 +0100] "GET /Main/EPUB?action=diff HTTP/1.1" 403 18 "-" "Mozilla/5.0 (compatible; BLEXBot/1.0; +http://webmeup-crawler.com/)"
157.90.182.30 - - [24/Mar/2022:08:07:18 +0100] "GET /Software/XMLBAG?n=Main.SideBar?action=edit HTTP/1.1" 403 18 "-" "Mozilla/5.0 (compatible; BLEXBot/1.0; +http://webmeup-crawler.com/)"
157.90.182.30 - - [24/Mar/2022:08:07:21 +0100] "GET /Main/EPUB?action=edit HTTP/1.1" 403 18 "-" "Mozilla/5.0 (compatible; BLEXBot/1.0; +http://webmeup-crawler.com/)"
157.90.182.30 - - [24/Mar/2022:08:07:22 +0100] "GET /Software/YDPM HTTP/1.1" 200 8809 "-" "Mozilla/5.0 (compatible; BLEXBot/1.0; +http://webmeup-crawler.com/)"
157.90.182.30 - - [24/Mar/2022:08:07:24 +0100] "GET /Main/EPUB?action=print HTTP/1.1" 403 18 "-" "Mozilla/5.0 (compatible; BLEXBot/1.0; +http://webmeup-crawler.com/)"
157.90.182.30 - - [24/Mar/2022:08:07:25 +0100] "GET /SpitalSchweiz/AnzahlBettenstationaer2012?action=diff HTTP/1.1" 403 18 "-" "Mozilla/5.0 (compatible; BLEXBot/1.0; +http://webmeup-crawler.com/)"
157.90.182.30 - - [24/Mar/2022:08:07:27 +0100] "GET /Main/EPUB?action=upload HTTP/1.1" 403 18 "-" "Mozilla/5.0 (compatible; BLEXBot/1.0; +http://webmeup-crawler.com/)"
157.90.182.30 - - [24/Mar/2022:08:07:29 +0100] "GET /SpitalSchweiz/AnzahlBettenstationaer2012?action=edit HTTP/1.1" 403 18 "-" "Mozilla/5.0 (compatible; BLEXBot/1.0; +http://webmeup-crawler.com/)"
157.90.182.30 - - [24/Mar/2022:08:07:30 +0100] "GET /Main/EPUB?n=Main.SideBar?action=edit HTTP/1.1" 403 18 "-" "Mozilla/5.0 (compatible; BLEXBot/1.0; +http://webmeup-crawler.com/)"
157.90.182.30 - - [24/Mar/2022:08:07:33 +0100] "GET /SpitalSchweiz/AnzahlBettenstationaer2012?action=print HTTP/1.1" 403 18 "-" "Mozilla/5.0 (compatible; BLEXBot/1.0; +http://webmeup-crawler.com/)"
157.90.182.30 - - [24/Mar/2022:08:07:35 +0100] "GET /Main/Elexis?action=diff HTTP/1.1" 403 18 "-" "Mozilla/5.0 (compatible; BLEXBot/1.0; +http://webmeup-crawler.com/)"
157.90.182.30 - - [24/Mar/2022:08:07:36 +0100] "GET /SpitalSchweiz/AnzahlBettenstationaer2012?action=upload HTTP/1.1" 403 18 "-" "Mozilla/5.0 (compatible; BLEXBot/1.0; +http://webmeup-crawler.com/)"
157.90.182.30 - - [24/Mar/2022:08:07:38 +0100] "GET /Main/Elexis?action=edit HTTP/1.1" 403 18 "-" "Mozilla/5.0 (compatible; BLEXBot/1.0; +http://webmeup-crawler.com/)"
157.90.182.30 - - [24/Mar/2022:08:07:40 +0100] "GET /SpitalSchweiz/AnzahlBettenstationaer2012?n=Main.SideBar?action=edit HTTP/1.1" 403 18 "-" "Mozilla/5.0 (compatible; BLEXBot/1.0; +http://webmeup-crawler.com/)"
157.90.182.30 - - [24/Mar/2022:08:07:41 +0100] "GET /Main/Elexis?action=print HTTP/1.1" 403 18 "-" "Mozilla/5.0 (compatible; BLEXBot/1.0; +http://webmeup-crawler.com/)"
66.249.70.59 - - [24/Mar/2022:08:07:42 +0100] "GET /Main/2020 HTTP/1.1" 200 15398 "-" "Mozilla/5.0 (Linux; Android 6.0.1; Nexus 5X Build/MMB29P) AppleWebKit/537.36 (KHTML, like Gecko) Chrome/99.0.4844.82 Mobile Safari/537.36 (compatible; Googlebot/2.1; +http://www.google.com/bot.html)"
157.90.182.30 - - [24/Mar/2022:08:07:44 +0100] "GET /Main/Elexis?action=upload HTTP/1.1" 403 18 "-" "Mozilla/5.0 (compatible; BLEXBot/1.0; +http://webmeup-crawler.com/)"
157.90.182.30 - - [24/Mar/2022:08:07:44 +0100] "GET /SpitalSchweiz/AnzahlNeugeborene2012?action=diff HTTP/1.1" 403 18 "-" "Mozilla/5.0 (compatible; BLEXBot/1.0; +http://webmeup-crawler.com/)"
157.90.182.30 - - [24/Mar/2022:08:07:47 +0100] "GET /Main/Elexis?n=Main.SideBar?action=edit HTTP/1.1" 403 18 "-" "Mozilla/5.0 (compatible; BLEXBot/1.0; +http://webmeup-crawler.com/)"
157.90.182.30 - - [24/Mar/2022:08:07:48 +0100] "GET /SpitalSchweiz/AnzahlNeugeborene2012?action=edit HTTP/1.1" 403 18 "-" "Mozilla/5.0 (compatible; BLEXBot/1.0; +http://webmeup-crawler.com/)"
157.90.182.30 - - [24/Mar/2022:08:07:51 +0100] "GET /Main/ExtremeProgramming?action=diff HTTP/1.1" 403 18 "-" "Mozilla/5.0 (compatible; BLEXBot/1.0; +http://webmeup-crawler.com/)"
157.90.182.30 - - [24/Mar/2022:08:07:54 +0100] "GET /SpitalSchweiz/AnzahlNeugeborene2012?action=print HTTP/1.1" 403 18 "-" "Mozilla/5.0 (compatible; BLEXBot/1.0; +http://webmeup-crawler.com/)"
157.90.182.30 - - [24/Mar/2022:08:07:55 +0100] "GET /Main/ExtremeProgramming?action=edit HTTP/1.1" 403 18 "-" "Mozilla/5.0 (compatible; BLEXBot/1.0; +http://webmeup-crawler.com/)"
157.90.182.30 - - [24/Mar/2022:08:07:57 +0100] "GET /SpitalSchweiz/AnzahlNeugeborene2012?action=upload HTTP/1.1" 403 18 "-" "Mozilla/5.0 (compatible; BLEXBot/1.0; +http://webmeup-crawler.com/)"
157.90.182.30 - - [24/Mar/2022:08:07:58 +0100] "GET /Main/ExtremeProgramming?action=print HTTP/1.1" 403 18 "-" "Mozilla/5.0 (compatible; BLEXBot/1.0; +http://webmeup-crawler.com/)"
157.90.182.30 - - [24/Mar/2022:08:08:01 +0100] "GET /Main/ExtremeProgramming?action=upload HTTP/1.1" 403 18 "-" "Mozilla/5.0 (compatible; BLEXBot/1.0; +http://webmeup-crawler.com/)"
157.90.182.30 - - [24/Mar/2022:08:08:01 +0100] "GET /SpitalSchweiz/AnzahlNeugeborene2012?n=Main.SideBar?action=edit HTTP/1.1" 403 18 "-" "Mozilla/5.0 (compatible; BLEXBot/1.0; +http://webmeup-crawler.com/)"
157.90.182.30 - - [24/Mar/2022:08:08:03 +0100] "GET /Main/ExtremeProgramming?n=Main.SideBar?action=edit HTTP/1.1" 403 18 "-" "Mozilla/5.0 (compatible; BLEXBot/1.0; +http://webmeup-crawler.com/)"
157.90.182.30 - - [24/Mar/2022:08:08:05 +0100] "GET /SpitalSchweiz/AnzahlOperationssaele2012?action=diff HTTP/1.1" 403 18 "-" "Mozilla/5.0 (compatible; BLEXBot/1.0; +http://webmeup-crawler.com/)"
157.90.182.30 - - [24/Mar/2022:08:08:06 +0100] "GET /Main/FAZ?action=diff HTTP/1.1" 403 18 "-" "Mozilla/5.0 (compatible; BLEXBot/1.0; +http://webmeup-crawler.com/)"
157.90.182.30 - - [24/Mar/2022:08:08:09 +0100] "GET /SpitalSchweiz/AnzahlOperationssaele2012?action=edit HTTP/1.1" 403 18 "-" "Mozilla/5.0 (compatible; BLEXBot/1.0; +http://webmeup-crawler.com/)"
157.90.182.30 - - [24/Mar/2022:08:08:09 +0100] "GET /Main/FAZ?action=edit HTTP/1.1" 403 18 "-" "Mozilla/5.0 (compatible; BLEXBot/1.0; +http://webmeup-crawler.com/)"
144.76.176.171 - - [24/Mar/2022:08:08:11 +0100] "GET /Main/2004?action=edit HTTP/1.1" 403 18 "-" "Mozilla/5.0 (compatible; MJ12bot/v1.4.8; http://mj12bot.com/)"
157.90.182.30 - - [24/Mar/2022:08:08:12 +0100] "GET /Main/FAZ?action=print HTTP/1.1" 403 18 "-" "Mozilla/5.0 (compatible; BLEXBot/1.0; +http://webmeup-crawler.com/)"
157.90.182.30 - - [24/Mar/2022:08:08:13 +0100] "GET /SpitalSchweiz/AnzahlOperationssaele2012?action=print HTTP/1.1" 403 18 "-" "Mozilla/5.0 (compatible; BLEXBot/1.0; +http://webmeup-crawler.com/)"
157.90.182.30 - - [24/Mar/2022:08:08:16 +0100] "GET /Main/FAZ?action=upload HTTP/1.1" 403 18 "-" "Mozilla/5.0 (compatible; BLEXBot/1.0; +http://webmeup-crawler.com/)"
157.90.182.30 - - [24/Mar/2022:08:08:17 +0100] "GET /SpitalSchweiz/AnzahlOperationssaele2012?action=upload HTTP/1.1" 403 18 "-" "Mozilla/5.0 (compatible; BLEXBot/1.0; +http://webmeup-crawler.com/)"
