66.249.76.89 - - [15/Sep/2022:06:07:15 +0200] "GET /pub/skins/ywesee/gila.css HTTP/1.1" 200 8276 "https://www.ywesee.com/Generikacc/Privacy" "Mozilla/5.0 (Linux; Android 6.0.1; Nexus 5X Build/MMB29P) AppleWebKit/537.36 (KHTML, like Gecko) Chrome/105.0.5195.102 Mobile Safari/537.36 (compatible; Googlebot/2.1; +http://www.google.com/bot.html)"
147.78.47.233 - - [15/Sep/2022:06:09:24 +0200] "GET /wp-login.php HTTP/1.1" 404 271 "http://ywesee.net/wp-login.php" "Mozilla/5.0 (Windows NT 10.0; Win64; x64) AppleWebKit/537.36 (KHTML, like Gecko) Chrome/64.0.3282.140 Safari/537.36 Edge/18.17763"
194.209.200.2 - - [15/Sep/2022:06:12:56 +0200] "GET /robots.txt HTTP/1.1" 200 - "-" "Mozilla/5.0 (compatible; TMMBot/0.2; +http://www.dslab.ch)/Nutch-1.15"
194.209.200.2 - - [15/Sep/2022:06:12:56 +0200] "GET /AmiKo/Linux HTTP/1.1" 200 9217 "-" "Mozilla/5.0 (compatible; TMMBot/0.2; +http://www.dslab.ch)/Nutch-1.15"
62.210.215.119 - - [15/Sep/2022:06:13:38 +0200] "GET /Site/AllRecentChanges?action=rss HTTP/1.1" 200 2546 "-" "Mozilla/5.0 (X11; Linux i686) AppleWebKit/537.36 (KHTML, like Gecko) Chrome/30.0.1599.66 Safari/537.36"
194.209.200.2 - - [15/Sep/2022:06:14:14 +0200] "GET /robots.txt HTTP/1.1" 200 - "-" "Mozilla/5.0 (compatible; TMMBot/0.2; +http://www.dslab.ch)/Nutch-1.15"
194.209.200.2 - - [15/Sep/2022:06:14:34 +0200] "GET /ODDB/StammdatenCH HTTP/1.1" 200 9300 "-" "Mozilla/5.0 (compatible; TMMBot/0.2; +http://www.dslab.ch)/Nutch-1.15"
194.209.200.2 - - [15/Sep/2022:06:15:19 +0200] "GET /Main/2015 HTTP/1.1" 200 15908 "-" "Mozilla/5.0 (compatible; TMMBot/0.2; +http://www.dslab.ch)/Nutch-1.15"
194.209.200.2 - - [15/Sep/2022:06:15:27 +0200] "GET /Main/2013 HTTP/1.1" 200 20487 "-" "Mozilla/5.0 (compatible; TMMBot/0.2; +http://www.dslab.ch)/Nutch-1.15"
194.209.200.2 - - [15/Sep/2022:06:16:13 +0200] "GET /AmiKo/OSX HTTP/1.1" 200 9772 "-" "Mozilla/5.0 (compatible; TMMBot/0.2; +http://www.dslab.ch)/Nutch-1.15"
194.209.200.2 - - [15/Sep/2022:06:16:50 +0200] "GET /robots.txt HTTP/1.1" 200 - "-" "Mozilla/5.0 (compatible; TMMBot/0.2; +http://www.dslab.ch)/Nutch-1.15"
93.158.161.75 - - [15/Sep/2022:06:17:04 +0200] "GET / HTTP/1.1" 200 12862 "-" "Mozilla/5.0 (compatible; YandexBot/3.0; +http://yandex.com/bots)"
194.209.200.2 - - [15/Sep/2022:06:17:23 +0200] "GET /AmiKo/Web HTTP/1.1" 200 9588 "-" "Mozilla/5.0 (compatible; TMMBot/0.2; +http://www.dslab.ch)/Nutch-1.15"
194.209.200.2 - - [15/Sep/2022:06:17:28 +0200] "GET /Generikacc/App HTTP/1.1" 200 11862 "-" "Mozilla/5.0 (compatible; TMMBot/0.2; +http://www.dslab.ch)/Nutch-1.15"
194.209.200.2 - - [15/Sep/2022:06:18:09 +0200] "GET /Ywesee/OpenSource HTTP/1.1" 200 10790 "-" "Mozilla/5.0 (compatible; TMMBot/0.2; +http://www.dslab.ch)/Nutch-1.15"
65.108.110.26 - - [15/Sep/2022:06:18:12 +0200] "GET /robots.txt HTTP/1.1" 200 - "-" "Mozilla/5.0 (compatible; MJ12bot/v1.4.8; http://mj12bot.com/)"
65.108.110.26 - - [15/Sep/2022:06:18:14 +0200] "GET /SpitalSchweiz/FinanzErgebnis2012?action=edit HTTP/1.1" 403 18 "-" "Mozilla/5.0 (compatible; MJ12bot/v1.4.8; http://mj12bot.com/)"
194.209.200.2 - - [15/Sep/2022:06:18:56 +0200] "GET /Main/2005 HTTP/1.1" 200 63344 "-" "Mozilla/5.0 (compatible; TMMBot/0.2; +http://www.dslab.ch)/Nutch-1.15"
194.209.200.2 - - [15/Sep/2022:06:19:38 +0200] "GET /Main/ComCo19122016 HTTP/1.1" 200 10547 "-" "Mozilla/5.0 (compatible; TMMBot/0.2; +http://www.dslab.ch)/Nutch-1.15"
193.247.208.98 - - [15/Sep/2022:06:20:05 +0200] "HEAD / HTTP/1.1" 200 - "https://www.hin.ch" "Mozilla/5.0 (Windows NT 10.0; Win64; x64) AppleWebKit/537.36 (KHTML, like Gecko) Chrome/70.0.3538.102 Safari/537.36"
64.71.157.120 - - [15/Sep/2022:06:24:24 +0200] "GET /pmwiki.php/Site/AllRecentChanges?action=rss HTTP/1.1" 200 2546 "-" "Feedbin feed-id:590358 - 1 subscribers"
66.249.76.87 - - [15/Sep/2022:06:25:25 +0200] "GET /Ywesee/InfoCodex?action=diff HTTP/1.1" 403 18 "-" "Mozilla/5.0 (Linux; Android 6.0.1; Nexus 5X Build/MMB29P) AppleWebKit/537.36 (KHTML, like Gecko) Chrome/105.0.5195.125 Mobile Safari/537.36 (compatible; Googlebot/2.1; +http://www.google.com/bot.html)"
194.209.200.2 - - [15/Sep/2022:06:30:08 +0200] "GET /robots.txt HTTP/1.1" 200 - "-" "Mozilla/5.0 (compatible; TMMBot/0.2; +http://www.dslab.ch)/Nutch-1.15"
8.29.198.27 - - [15/Sep/2022:06:31:48 +0200] "GET /pmwiki.php/Site/AllRecentChanges?action=rss HTTP/1.1" 200 2546 "-" "Feedly/1.0 (+http://www.feedly.com/fetcher.html; 5 subscribers; like FeedFetcher-Google)"
185.191.171.38 - - [15/Sep/2022:06:34:03 +0200] "GET /robots.txt HTTP/1.1" 200 - "-" "Mozilla/5.0 (compatible; SemrushBot/7~bl; +http://www.semrush.com/bot.html)"
185.191.171.34 - - [15/Sep/2022:06:34:04 +0200] "GET /Main/2013?action=edit HTTP/1.1" 403 18 "-" "Mozilla/5.0 (compatible; SemrushBot/7~bl; +http://www.semrush.com/bot.html)"
178.197.208.248 - - [15/Sep/2022:06:41:20 +0200] "GET /uploads/Arks/Arks_The_Game.pdf HTTP/1.1" 200 774337 "https://www.google.ch/" "Mozilla/5.0 (iPhone; CPU iPhone OS 15_6_1 like Mac OS X) AppleWebKit/605.1.15 (KHTML, like Gecko) Version/15.6.1 Mobile/15E148 Safari/604.1"
178.197.208.248 - - [15/Sep/2022:06:41:21 +0200] "GET /favicon.ico HTTP/1.1" 200 1406 "https://www.ywesee.com/uploads/Arks/Arks_The_Game.pdf" "Mozilla/5.0 (iPhone; CPU iPhone OS 15_6_1 like Mac OS X) AppleWebKit/605.1.15 (KHTML, like Gecko) Version/15.6.1 Mobile/15E148 Safari/604.1"
194.209.200.2 - - [15/Sep/2022:06:46:58 +0200] "GET /robots.txt HTTP/1.1" 200 - "-" "Mozilla/5.0 (compatible; TMMBot/0.2; +http://www.dslab.ch)/Nutch-1.15"
194.209.200.2 - - [15/Sep/2022:06:46:59 +0200] "GET /AmiKo/Linux HTTP/1.1" 200 9217 "-" "Mozilla/5.0 (compatible; TMMBot/0.2; +http://www.dslab.ch)/Nutch-1.15"
194.209.200.2 - - [15/Sep/2022:06:48:31 +0200] "GET /robots.txt HTTP/1.1" 200 - "-" "Mozilla/5.0 (compatible; TMMBot/0.2; +http://www.dslab.ch)/Nutch-1.15"
194.209.200.2 - - [15/Sep/2022:06:48:31 +0200] "GET /ODDB/StammdatenCH HTTP/1.1" 200 9300 "-" "Mozilla/5.0 (compatible; TMMBot/0.2; +http://www.dslab.ch)/Nutch-1.15"
194.209.200.2 - - [15/Sep/2022:06:49:12 +0200] "GET /Main/2015 HTTP/1.1" 200 15908 "-" "Mozilla/5.0 (compatible; TMMBot/0.2; +http://www.dslab.ch)/Nutch-1.15"
194.209.200.2 - - [15/Sep/2022:06:49:21 +0200] "GET /Main/2013 HTTP/1.1" 200 20487 "-" "Mozilla/5.0 (compatible; TMMBot/0.2; +http://www.dslab.ch)/Nutch-1.15"
194.209.200.2 - - [15/Sep/2022:06:50:03 +0200] "GET /AmiKo/OSX HTTP/1.1" 200 9772 "-" "Mozilla/5.0 (compatible; TMMBot/0.2; +http://www.dslab.ch)/Nutch-1.15"
194.209.200.2 - - [15/Sep/2022:06:50:39 +0200] "GET /robots.txt HTTP/1.1" 200 - "-" "Mozilla/5.0 (compatible; TMMBot/0.2; +http://www.dslab.ch)/Nutch-1.15"
194.209.200.2 - - [15/Sep/2022:06:51:09 +0200] "GET /AmiKo/Web HTTP/1.1" 200 9588 "-" "Mozilla/5.0 (compatible; TMMBot/0.2; +http://www.dslab.ch)/Nutch-1.15"
194.209.200.2 - - [15/Sep/2022:06:51:15 +0200] "GET /Generikacc/App HTTP/1.1" 200 11862 "-" "Mozilla/5.0 (compatible; TMMBot/0.2; +http://www.dslab.ch)/Nutch-1.15"
194.209.200.2 - - [15/Sep/2022:06:51:56 +0200] "GET /Ywesee/OpenSource HTTP/1.1" 200 10790 "-" "Mozilla/5.0 (compatible; TMMBot/0.2; +http://www.dslab.ch)/Nutch-1.15"
66.249.66.223 - - [15/Sep/2022:06:52:02 +0200] "GET /Ausschreibung/SAI?action=diff HTTP/1.1" 403 18 "-" "Mozilla/5.0 (Linux; Android 6.0.1; Nexus 5X Build/MMB29P) AppleWebKit/537.36 (KHTML, like Gecko) Chrome/105.0.5195.102 Mobile Safari/537.36 (compatible; Googlebot/2.1; +http://www.google.com/bot.html)"
194.209.200.2 - - [15/Sep/2022:06:52:41 +0200] "GET /Main/2005 HTTP/1.1" 200 63344 "-" "Mozilla/5.0 (compatible; TMMBot/0.2; +http://www.dslab.ch)/Nutch-1.15"
194.209.200.2 - - [15/Sep/2022:06:53:20 +0200] "GET /Main/ComCo19122016 HTTP/1.1" 200 10547 "-" "Mozilla/5.0 (compatible; TMMBot/0.2; +http://www.dslab.ch)/Nutch-1.15"
64.71.157.120 - - [15/Sep/2022:06:55:41 +0200] "GET /pmwiki.php/Site/AllRecentChanges?action=rss HTTP/1.1" 200 2546 "-" "Feedbin feed-id:590358 - 1 subscribers"
194.209.200.2 - - [15/Sep/2022:07:03:50 +0200] "GET /robots.txt HTTP/1.1" 200 - "-" "Mozilla/5.0 (compatible; TMMBot/0.2; +http://www.dslab.ch)/Nutch-1.15"
8.29.198.25 - - [15/Sep/2022:07:06:26 +0200] "GET /pmwiki.php/Site/AllRecentChanges?action=rss HTTP/1.1" 200 2546 "-" "Feedly/1.0 (+http://www.feedly.com/fetcher.html; 5 subscribers; like FeedFetcher-Google)"
74.125.212.229 - - [15/Sep/2022:07:10:50 +0200] "HEAD /pmwiki.php/Site/AllRecentChanges?action=rss HTTP/1.1" 200 - "-" "FeedBurner/1.0 (http://www.FeedBurner.com)"
74.125.212.227 - - [15/Sep/2022:07:10:51 +0200] "GET /pmwiki.php/Site/AllRecentChanges?action=rss HTTP/1.1" 200 2546 "-" "FeedBurner/1.0 (http://www.FeedBurner.com)"
17.121.113.67 - - [15/Sep/2022:07:11:32 +0200] "GET /ODDB/IndividuelleMediliste HTTP/1.1" 200 9139 "-" "Mozilla/5.0 (Macintosh; Intel Mac OS X 10_15_5) AppleWebKit/605.1.15 (KHTML, like Gecko) Version/13.1.1 Safari/605.1.15 (Applebot/0.1; +http://www.apple.com/go/applebot)"
40.77.167.97 - - [15/Sep/2022:07:11:42 +0200] "GET /robots.txt HTTP/1.1" 200 - "-" "Mozilla/5.0 AppleWebKit/537.36 (KHTML, like Gecko; compatible; bingbot/2.0; +http://www.bing.com/bingbot.htm) Chrome/103.0.5060.134 Safari/537.36"
207.46.13.191 - - [15/Sep/2022:07:11:48 +0200] "GET /site/allrecentchanges?action=rss HTTP/1.1" 404 280 "-" "Mozilla/5.0 AppleWebKit/537.36 (KHTML, like Gecko; compatible; bingbot/2.0; +http://www.bing.com/bingbot.htm) Chrome/103.0.5060.134 Safari/537.36"
61.135.159.211 - - [15/Sep/2022:07:14:28 +0200] "GET / HTTP/1.1" 200 12862 "-" "Sogou web spider/4.0(+http://www.sogou.com/docs/help/webmasters.htm#07)"
135.181.128.56 - - [15/Sep/2022:07:18:09 +0200] "GET /robots.txt HTTP/1.1" 200 - "-" "Mozilla/5.0 (compatible; MJ12bot/v1.4.8; http://mj12bot.com/)"
135.181.128.56 - - [15/Sep/2022:07:18:10 +0200] "GET /AmiKo/Android?action=edit HTTP/1.1" 403 18 "-" "Mozilla/5.0 (compatible; MJ12bot/v1.4.8; http://mj12bot.com/)"
135.181.128.56 - - [15/Sep/2022:07:18:14 +0200] "GET /robots.txt HTTP/1.1" 200 - "-" "Mozilla/5.0 (compatible; MJ12bot/v1.4.8; http://mj12bot.com/)"
135.181.128.56 - - [15/Sep/2022:07:18:18 +0200] "GET /AmiKo/Ankuendigung?action=edit HTTP/1.1" 403 18 "-" "Mozilla/5.0 (compatible; MJ12bot/v1.4.8; http://mj12bot.com/)"
135.181.128.56 - - [15/Sep/2022:07:18:21 +0200] "GET /AmiKo/Ankuendigung?action=edit HTTP/1.1" 403 18 "-" "Mozilla/5.0 (compatible; MJ12bot/v1.4.8; http://mj12bot.com/)"
135.181.128.56 - - [15/Sep/2022:07:18:29 +0200] "GET /AmiKo/ArztunterschriftDigital?action=edit HTTP/1.1" 403 18 "-" "Mozilla/5.0 (compatible; MJ12bot/v1.4.8; http://mj12bot.com/)"
185.191.171.8 - - [15/Sep/2022:07:21:22 +0200] "GET /AmiKo/Index?action=upload HTTP/1.1" 403 18 "-" "Mozilla/5.0 (compatible; SemrushBot/7~bl; +http://www.semrush.com/bot.html)"
147.78.47.233 - - [15/Sep/2022:07:21:33 +0200] "GET /wp-login.php HTTP/1.1" 404 271 "http://ywesee.org/wp-login.php" "Mozilla/5.0 (Windows NT 10.0; Win64; x64) AppleWebKit/537.36 (KHTML, like Gecko) Chrome/64.0.3282.140 Safari/537.36 Edge/18.17763"
194.209.200.2 - - [15/Sep/2022:07:21:41 +0200] "GET /robots.txt HTTP/1.1" 200 - "-" "Mozilla/5.0 (compatible; TMMBot/0.2; +http://www.dslab.ch)/Nutch-1.15"
135.181.128.56 - - [15/Sep/2022:07:21:41 +0200] "GET /Elexis/DatenflussPublicDomain?action=edit HTTP/1.1" 403 18 "-" "Mozilla/5.0 (compatible; MJ12bot/v1.4.8; http://mj12bot.com/)"
194.209.200.2 - - [15/Sep/2022:07:21:41 +0200] "GET /AmiKo/Linux HTTP/1.1" 200 9217 "-" "Mozilla/5.0 (compatible; TMMBot/0.2; +http://www.dslab.ch)/Nutch-1.15"
135.181.128.56 - - [15/Sep/2022:07:21:44 +0200] "GET /Elexis/Installation?action=edit HTTP/1.1" 403 18 "-" "Mozilla/5.0 (compatible; MJ12bot/v1.4.8; http://mj12bot.com/)"
135.181.128.56 - - [15/Sep/2022:07:21:47 +0200] "GET /Epha/Flow?action=edit HTTP/1.1" 403 18 "-" "Mozilla/5.0 (compatible; MJ12bot/v1.4.8; http://mj12bot.com/)"
135.181.128.56 - - [15/Sep/2022:07:21:50 +0200] "GET /Epha/PhilipHansten?action=edit HTTP/1.1" 403 18 "-" "Mozilla/5.0 (compatible; MJ12bot/v1.4.8; http://mj12bot.com/)"
135.181.128.56 - - [15/Sep/2022:07:21:54 +0200] "GET /Generikacc/App?action=edit HTTP/1.1" 403 18 "-" "Mozilla/5.0 (compatible; MJ12bot/v1.4.8; http://mj12bot.com/)"
135.181.128.56 - - [15/Sep/2022:07:21:57 +0200] "GET /Generikacc/App?action=edit HTTP/1.1" 403 18 "-" "Mozilla/5.0 (compatible; MJ12bot/v1.4.8; http://mj12bot.com/)"
135.181.128.56 - - [15/Sep/2022:07:22:04 +0200] "GET /Generikacc/Index?action=edit HTTP/1.1" 403 18 "-" "Mozilla/5.0 (compatible; MJ12bot/v1.4.8; http://mj12bot.com/)"
135.181.128.56 - - [15/Sep/2022:07:22:08 +0200] "GET /InfoCodex/Vergleichsanalyse?action=edit HTTP/1.1" 403 18 "-" "Mozilla/5.0 (compatible; MJ12bot/v1.4.8; http://mj12bot.com/)"
135.181.128.56 - - [15/Sep/2022:07:22:13 +0200] "GET /Iphone/Generika?action=edit HTTP/1.1" 403 18 "-" "Mozilla/5.0 (compatible; MJ12bot/v1.4.8; http://mj12bot.com/)"
135.181.128.56 - - [15/Sep/2022:07:22:16 +0200] "GET /MEDIupdateXML/Aerzte?action=edit HTTP/1.1" 403 18 "-" "Mozilla/5.0 (compatible; MJ12bot/v1.4.8; http://mj12bot.com/)"
194.209.200.2 - - [15/Sep/2022:07:22:18 +0200] "GET /robots.txt HTTP/1.1" 200 - "-" "Mozilla/5.0 (compatible; TMMBot/0.2; +http://www.dslab.ch)/Nutch-1.15"
135.181.128.56 - - [15/Sep/2022:07:22:24 +0200] "GET /Main/PubMed?action=edit HTTP/1.1" 403 18 "-" "Mozilla/5.0 (compatible; MJ12bot/v1.4.8; http://mj12bot.com/)"
135.181.128.56 - - [15/Sep/2022:07:22:35 +0200] "GET /Main/PublicDomainDataLife-Cycle?action=edit HTTP/1.1" 403 18 "-" "Mozilla/5.0 (compatible; MJ12bot/v1.4.8; http://mj12bot.com/)"
135.181.128.56 - - [15/Sep/2022:07:22:38 +0200] "GET /Main/PublicDomainDataLife-Cycle?action=edit HTTP/1.1" 403 18 "-" "Mozilla/5.0 (compatible; MJ12bot/v1.4.8; http://mj12bot.com/)"
135.181.128.56 - - [15/Sep/2022:07:22:46 +0200] "GET /ODDB/IndividuelleMediliste?action=edit HTTP/1.1" 403 18 "-" "Mozilla/5.0 (compatible; MJ12bot/v1.4.8; http://mj12bot.com/)"
135.181.128.56 - - [15/Sep/2022:07:22:50 +0200] "GET /ODDB/IndividuelleMediliste?action=edit HTTP/1.1" 403 18 "-" "Mozilla/5.0 (compatible; MJ12bot/v1.4.8; http://mj12bot.com/)"
135.181.128.56 - - [15/Sep/2022:07:22:59 +0200] "GET /ODDB/IntegrationLookAmpFeelGenerikasuche?action=edit HTTP/1.1" 403 18 "-" "Mozilla/5.0 (compatible; MJ12bot/v1.4.8; http://mj12bot.com/)"
135.181.128.56 - - [15/Sep/2022:07:23:05 +0200] "GET /ODDB/IntegrationLookAmpFeelGenerikasuche?action=edit HTTP/1.1" 403 18 "-" "Mozilla/5.0 (compatible; MJ12bot/v1.4.8; http://mj12bot.com/)"
135.181.128.56 - - [15/Sep/2022:07:23:12 +0200] "GET /ODDB/Interaktionen?action=edit HTTP/1.1" 403 18 "-" "Mozilla/5.0 (compatible; MJ12bot/v1.4.8; http://mj12bot.com/)"
135.181.128.56 - - [15/Sep/2022:07:23:15 +0200] "GET /ODDB/Interaktionen?action=edit HTTP/1.1" 403 18 "-" "Mozilla/5.0 (compatible; MJ12bot/v1.4.8; http://mj12bot.com/)"
135.181.128.56 - - [15/Sep/2022:07:23:22 +0200] "GET /ODDB/InteraktionenEphaHighDDI?action=edit HTTP/1.1" 403 18 "-" "Mozilla/5.0 (compatible; MJ12bot/v1.4.8; http://mj12bot.com/)"
194.209.200.2 - - [15/Sep/2022:07:23:28 +0200] "GET /ODDB/StammdatenCH HTTP/1.1" 200 9300 "-" "Mozilla/5.0 (compatible; TMMBot/0.2; +http://www.dslab.ch)/Nutch-1.15"
194.209.200.2 - - [15/Sep/2022:07:24:14 +0200] "GET /Main/2015 HTTP/1.1" 200 15908 "-" "Mozilla/5.0 (compatible; TMMBot/0.2; +http://www.dslab.ch)/Nutch-1.15"
194.209.200.2 - - [15/Sep/2022:07:24:22 +0200] "GET /Main/2013 HTTP/1.1" 200 20487 "-" "Mozilla/5.0 (compatible; TMMBot/0.2; +http://www.dslab.ch)/Nutch-1.15"
194.209.200.2 - - [15/Sep/2022:07:25:13 +0200] "GET /AmiKo/OSX HTTP/1.1" 200 9772 "-" "Mozilla/5.0 (compatible; TMMBot/0.2; +http://www.dslab.ch)/Nutch-1.15"
194.209.200.2 - - [15/Sep/2022:07:25:50 +0200] "GET /robots.txt HTTP/1.1" 200 - "-" "Mozilla/5.0 (compatible; TMMBot/0.2; +http://www.dslab.ch)/Nutch-1.15"
64.71.157.114 - - [15/Sep/2022:07:26:14 +0200] "GET /pmwiki.php/Site/AllRecentChanges?action=rss HTTP/1.1" 200 2546 "-" "Feedbin feed-id:590358 - 1 subscribers"
194.209.200.2 - - [15/Sep/2022:07:26:24 +0200] "GET /AmiKo/Web HTTP/1.1" 200 9588 "-" "Mozilla/5.0 (compatible; TMMBot/0.2; +http://www.dslab.ch)/Nutch-1.15"
194.209.200.2 - - [15/Sep/2022:07:26:29 +0200] "GET /Generikacc/App HTTP/1.1" 200 11862 "-" "Mozilla/5.0 (compatible; TMMBot/0.2; +http://www.dslab.ch)/Nutch-1.15"
66.249.76.91 - - [15/Sep/2022:07:26:41 +0200] "GET /Ywesee/OpenStandards?n=Main.SideBar?action=edit HTTP/1.1" 403 18 "-" "Mozilla/5.0 (Linux; Android 6.0.1; Nexus 5X Build/MMB29P) AppleWebKit/537.36 (KHTML, like Gecko) Chrome/105.0.5195.102 Mobile Safari/537.36 (compatible; Googlebot/2.1; +http://www.google.com/bot.html)"
194.209.200.2 - - [15/Sep/2022:07:27:16 +0200] "GET /Ywesee/OpenSource HTTP/1.1" 200 10790 "-" "Mozilla/5.0 (compatible; TMMBot/0.2; +http://www.dslab.ch)/Nutch-1.15"
135.181.128.56 - - [15/Sep/2022:07:27:45 +0200] "GET /ODDB/InteraktionenEphaHighDDI?action=edit HTTP/1.1" 403 18 "-" "Mozilla/5.0 (compatible; MJ12bot/v1.4.8; http://mj12bot.com/)"
135.181.128.56 - - [15/Sep/2022:07:27:48 +0200] "GET /ODDB/InteressantePreisvergleiche?action=edit HTTP/1.1" 403 18 "-" "Mozilla/5.0 (compatible; MJ12bot/v1.4.8; http://mj12bot.com/)"
194.209.200.2 - - [15/Sep/2022:07:28:09 +0200] "GET /Main/2005 HTTP/1.1" 200 63344 "-" "Mozilla/5.0 (compatible; TMMBot/0.2; +http://www.dslab.ch)/Nutch-1.15"
194.209.200.2 - - [15/Sep/2022:07:28:51 +0200] "GET /Main/ComCo19122016 HTTP/1.1" 200 10547 "-" "Mozilla/5.0 (compatible; TMMBot/0.2; +http://www.dslab.ch)/Nutch-1.15"
135.181.128.56 - - [15/Sep/2022:07:29:55 +0200] "GET /ODDB/MD?action=edit HTTP/1.1" 403 18 "-" "Mozilla/5.0 (compatible; MJ12bot/v1.4.8; http://mj12bot.com/)"
135.181.128.56 - - [15/Sep/2022:07:29:58 +0200] "GET /ODDB/MD?action=edit HTTP/1.1" 403 18 "-" "Mozilla/5.0 (compatible; MJ12bot/v1.4.8; http://mj12bot.com/)"
135.181.128.56 - - [15/Sep/2022:07:30:02 +0200] "GET /ODDB/ODDB?action=edit HTTP/1.1" 403 18 "-" "Mozilla/5.0 (compatible; MJ12bot/v1.4.8; http://mj12bot.com/)"
135.181.128.56 - - [15/Sep/2022:07:30:05 +0200] "GET /ODDB/ODDBxml?action=edit HTTP/1.1" 403 18 "-" "Mozilla/5.0 (compatible; MJ12bot/v1.4.8; http://mj12bot.com/)"
135.181.128.56 - - [15/Sep/2022:07:30:07 +0200] "GET /ODDB/ODDBxml?action=edit HTTP/1.1" 403 18 "-" "Mozilla/5.0 (compatible; MJ12bot/v1.4.8; http://mj12bot.com/)"
135.181.128.56 - - [15/Sep/2022:07:30:11 +0200] "GET /ODDB/OddbDat?action=edit HTTP/1.1" 403 18 "-" "Mozilla/5.0 (compatible; MJ12bot/v1.4.8; http://mj12bot.com/)"
135.181.128.56 - - [15/Sep/2022:07:30:13 +0200] "GET /ODDB/OddbDat?action=edit HTTP/1.1" 403 18 "-" "Mozilla/5.0 (compatible; MJ12bot/v1.4.8; http://mj12bot.com/)"
135.181.128.56 - - [15/Sep/2022:07:30:19 +0200] "GET /ODDB/PatinfoPublikation?action=edit HTTP/1.1" 403 18 "-" "Mozilla/5.0 (compatible; MJ12bot/v1.4.8; http://mj12bot.com/)"
135.181.128.56 - - [15/Sep/2022:07:30:24 +0200] "GET /ODDB/Services?action=edit HTTP/1.1" 403 18 "-" "Mozilla/5.0 (compatible; MJ12bot/v1.4.8; http://mj12bot.com/)"
135.181.128.56 - - [15/Sep/2022:07:30:28 +0200] "GET /ODDB/StammdatenCH?action=edit HTTP/1.1" 403 18 "-" "Mozilla/5.0 (compatible; MJ12bot/v1.4.8; http://mj12bot.com/)"
135.181.128.56 - - [15/Sep/2022:07:30:30 +0200] "GET /ODDB/StammdatenCH?action=edit HTTP/1.1" 403 18 "-" "Mozilla/5.0 (compatible; MJ12bot/v1.4.8; http://mj12bot.com/)"
135.181.128.56 - - [15/Sep/2022:07:30:33 +0200] "GET /ODDB/StammdatenDE?action=edit HTTP/1.1" 403 18 "-" "Mozilla/5.0 (compatible; MJ12bot/v1.4.8; http://mj12bot.com/)"
135.181.128.56 - - [15/Sep/2022:07:30:36 +0200] "GET /ODDB/StammdatenbezugCHDE?action=edit HTTP/1.1" 403 18 "-" "Mozilla/5.0 (compatible; MJ12bot/v1.4.8; http://mj12bot.com/)"
135.181.128.56 - - [15/Sep/2022:07:30:40 +0200] "GET /OSX/CoMed?action=edit HTTP/1.1" 403 18 "-" "Mozilla/5.0 (compatible; MJ12bot/v1.4.8; http://mj12bot.com/)"
135.181.128.56 - - [15/Sep/2022:07:30:42 +0200] "GET /OSX/CoMed?action=edit HTTP/1.1" 403 18 "-" "Mozilla/5.0 (compatible; MJ12bot/v1.4.8; http://mj12bot.com/)"
135.181.128.56 - - [15/Sep/2022:07:30:45 +0200] "GET /Oddb/Generika?action=edit HTTP/1.1" 403 18 "-" "Mozilla/5.0 (compatible; MJ12bot/v1.4.8; http://mj12bot.com/)"
135.181.128.56 - - [15/Sep/2022:07:30:49 +0200] "GET /Oddb/OpenSourceSoftwareUndDatenImSchweizerGesundheitswesen?action=edit HTTP/1.1" 403 18 "-" "Mozilla/5.0 (compatible; MJ12bot/v1.4.8; http://mj12bot.com/)"
135.181.128.56 - - [15/Sep/2022:07:30:50 +0200] "GET /Oddb/OpenSourceSoftwareUndDatenImSchweizerGesundheitswesen?action=edit HTTP/1.1" 403 18 "-" "Mozilla/5.0 (compatible; MJ12bot/v1.4.8; http://mj12bot.com/)"
135.181.128.56 - - [15/Sep/2022:07:30:53 +0200] "GET /Oddb/Sltop10?action=edit HTTP/1.1" 403 18 "-" "Mozilla/5.0 (compatible; MJ12bot/v1.4.8; http://mj12bot.com/)"
135.181.128.56 - - [15/Sep/2022:07:30:55 +0200] "GET /Oddb2xml/Bemerkungen?action=edit HTTP/1.1" 403 18 "-" "Mozilla/5.0 (compatible; MJ12bot/v1.4.8; http://mj12bot.com/)"
135.181.128.56 - - [15/Sep/2022:07:30:59 +0200] "GET /Oddb2xml/DatenDownload?action=edit HTTP/1.1" 403 18 "-" "Mozilla/5.0 (compatible; MJ12bot/v1.4.8; http://mj12bot.com/)"
135.181.128.56 - - [15/Sep/2022:07:31:00 +0200] "GET /Oddb2xml/DatenDownload?action=edit HTTP/1.1" 403 18 "-" "Mozilla/5.0 (compatible; MJ12bot/v1.4.8; http://mj12bot.com/)"
135.181.128.56 - - [15/Sep/2022:07:31:03 +0200] "GET /Oddb2xml/Index?action=edit HTTP/1.1" 403 18 "-" "Mozilla/5.0 (compatible; MJ12bot/v1.4.8; http://mj12bot.com/)"
135.181.128.56 - - [15/Sep/2022:07:31:05 +0200] "GET /Oddb2xml/Index?action=edit HTTP/1.1" 403 18 "-" "Mozilla/5.0 (compatible; MJ12bot/v1.4.8; http://mj12bot.com/)"
40.77.167.97 - - [15/Sep/2022:07:31:08 +0200] "GET /robots.txt HTTP/1.1" 200 - "-" "Mozilla/5.0 (compatible; bingbot/2.0; +http://www.bing.com/bingbot.htm)"
135.181.128.56 - - [15/Sep/2022:07:31:10 +0200] "GET /Oddb2xml/Installation?action=edit HTTP/1.1" 403 18 "-" "Mozilla/5.0 (compatible; MJ12bot/v1.4.8; http://mj12bot.com/)"
135.181.128.56 - - [15/Sep/2022:07:31:13 +0200] "GET /Oddb2xml/Installation?action=edit HTTP/1.1" 403 18 "-" "Mozilla/5.0 (compatible; MJ12bot/v1.4.8; http://mj12bot.com/)"
135.181.128.56 - - [15/Sep/2022:07:31:19 +0200] "GET /Oddb2xml/Oddb2xml?action=edit HTTP/1.1" 403 18 "-" "Mozilla/5.0 (compatible; MJ12bot/v1.4.8; http://mj12bot.com/)"
207.46.13.191 - - [15/Sep/2022:07:31:21 +0200] "GET /uploads/Main/Replik_20092005.pdf HTTP/1.1" 304 - "-" "Mozilla/5.0 (compatible; bingbot/2.0; +http://www.bing.com/bingbot.htm)"
135.181.128.56 - - [15/Sep/2022:07:31:24 +0200] "GET /Oddb2xml/Oddb2xmlCalc?action=edit HTTP/1.1" 403 18 "-" "Mozilla/5.0 (compatible; MJ12bot/v1.4.8; http://mj12bot.com/)"
135.181.128.56 - - [15/Sep/2022:07:31:26 +0200] "GET /Oddb2xml/Oddb2xmlCalc?action=edit HTTP/1.1" 403 18 "-" "Mozilla/5.0 (compatible; MJ12bot/v1.4.8; http://mj12bot.com/)"
135.181.128.56 - - [15/Sep/2022:07:31:32 +0200] "GET /Oddb2xml/Version?action=edit HTTP/1.1" 403 18 "-" "Mozilla/5.0 (compatible; MJ12bot/v1.4.8; http://mj12bot.com/)"
135.181.128.56 - - [15/Sep/2022:07:31:34 +0200] "GET /Oddb2xml/Version?action=edit HTTP/1.1" 403 18 "-" "Mozilla/5.0 (compatible; MJ12bot/v1.4.8; http://mj12bot.com/)"
135.181.128.56 - - [15/Sep/2022:07:31:39 +0200] "GET /Oddb2xml/XSD?action=edit HTTP/1.1" 403 18 "-" "Mozilla/5.0 (compatible; MJ12bot/v1.4.8; http://mj12bot.com/)"
135.181.128.56 - - [15/Sep/2022:07:31:42 +0200] "GET /Oddb2xml/XSD?action=edit HTTP/1.1" 403 18 "-" "Mozilla/5.0 (compatible; MJ12bot/v1.4.8; http://mj12bot.com/)"
135.181.128.56 - - [15/Sep/2022:07:31:47 +0200] "GET /PmWiki/AuthorTracking?action=edit HTTP/1.1" 403 18 "-" "Mozilla/5.0 (compatible; MJ12bot/v1.4.8; http://mj12bot.com/)"
135.181.128.56 - - [15/Sep/2022:07:31:53 +0200] "GET /PmWiki/BackupAndRestore?action=edit HTTP/1.1" 403 18 "-" "Mozilla/5.0 (compatible; MJ12bot/v1.4.8; http://mj12bot.com/)"
135.181.128.56 - - [15/Sep/2022:07:31:59 +0200] "GET /PmWiki/Contributors?action=edit HTTP/1.1" 403 18 "-" "Mozilla/5.0 (compatible; MJ12bot/v1.4.8; http://mj12bot.com/)"
135.181.128.56 - - [15/Sep/2022:07:32:03 +0200] "GET /PmWiki/Directives?action=edit HTTP/1.1" 403 18 "-" "Mozilla/5.0 (compatible; MJ12bot/v1.4.8; http://mj12bot.com/)"
135.181.128.56 - - [15/Sep/2022:07:32:09 +0200] "GET /PmWiki/DocumentationIndex?action=edit HTTP/1.1" 403 18 "-" "Mozilla/5.0 (compatible; MJ12bot/v1.4.8; http://mj12bot.com/)"
135.181.128.56 - - [15/Sep/2022:07:32:16 +0200] "GET /PmWiki/Drafts?action=edit HTTP/1.1" 403 18 "-" "Mozilla/5.0 (compatible; MJ12bot/v1.4.8; http://mj12bot.com/)"
135.181.128.56 - - [15/Sep/2022:07:34:00 +0200] "GET /PublicDomain/Stammdaten?action=edit HTTP/1.1" 403 18 "-" "Mozilla/5.0 (compatible; MJ12bot/v1.4.8; http://mj12bot.com/)"
135.181.128.56 - - [15/Sep/2022:07:34:02 +0200] "GET /PublicDomain/Stammdaten?action=edit HTTP/1.1" 403 18 "-" "Mozilla/5.0 (compatible; MJ12bot/v1.4.8; http://mj12bot.com/)"
135.181.128.56 - - [15/Sep/2022:07:34:05 +0200] "GET /Software/BBMB?action=edit HTTP/1.1" 403 18 "-" "Mozilla/5.0 (compatible; MJ12bot/v1.4.8; http://mj12bot.com/)"
135.181.128.56 - - [15/Sep/2022:07:34:07 +0200] "GET /Software/BBMB?action=edit HTTP/1.1" 403 18 "-" "Mozilla/5.0 (compatible; MJ12bot/v1.4.8; http://mj12bot.com/)"
135.181.128.56 - - [15/Sep/2022:07:34:10 +0200] "GET /Software/BootableGentooUsbStickGrub?action=edit HTTP/1.1" 403 18 "-" "Mozilla/5.0 (compatible; MJ12bot/v1.4.8; http://mj12bot.com/)"
135.181.128.56 - - [15/Sep/2022:07:34:13 +0200] "GET /Software/ChODDB?action=edit HTTP/1.1" 403 18 "-" "Mozilla/5.0 (compatible; MJ12bot/v1.4.8; http://mj12bot.com/)"
135.181.128.56 - - [15/Sep/2022:07:34:17 +0200] "GET /Software/ConsoleError?action=edit HTTP/1.1" 403 18 "-" "Mozilla/5.0 (compatible; MJ12bot/v1.4.8; http://mj12bot.com/)"
135.181.128.56 - - [15/Sep/2022:07:34:20 +0200] "GET /Software/Developers?action=edit HTTP/1.1" 403 18 "-" "Mozilla/5.0 (compatible; MJ12bot/v1.4.8; http://mj12bot.com/)"
135.181.128.56 - - [15/Sep/2022:07:34:23 +0200] "GET /Software/DivisionDescription?action=edit HTTP/1.1" 403 18 "-" "Mozilla/5.0 (compatible; MJ12bot/v1.4.8; http://mj12bot.com/)"
135.181.128.56 - - [15/Sep/2022:07:34:27 +0200] "GET /Software/DivisionPriceIncVat?action=edit HTTP/1.1" 403 18 "-" "Mozilla/5.0 (compatible; MJ12bot/v1.4.8; http://mj12bot.com/)"
135.181.128.56 - - [15/Sep/2022:07:34:30 +0200] "GET /Software/DspamTmda?action=edit HTTP/1.1" 403 18 "-" "Mozilla/5.0 (compatible; MJ12bot/v1.4.8; http://mj12bot.com/)"
135.181.128.56 - - [15/Sep/2022:07:34:34 +0200] "GET /Software/FlagAPD?action=edit HTTP/1.1" 403 18 "-" "Mozilla/5.0 (compatible; MJ12bot/v1.4.8; http://mj12bot.com/)"
135.181.128.56 - - [15/Sep/2022:07:34:37 +0200] "GET /Software/FlagModal?action=edit HTTP/1.1" 403 18 "-" "Mozilla/5.0 (compatible; MJ12bot/v1.4.8; http://mj12bot.com/)"
135.181.128.56 - - [15/Sep/2022:07:34:40 +0200] "GET /Software/ODBA?action=edit HTTP/1.1" 403 18 "-" "Mozilla/5.0 (compatible; MJ12bot/v1.4.8; http://mj12bot.com/)"
135.181.128.56 - - [15/Sep/2022:07:34:44 +0200] "GET /Software/ODDB?action=edit HTTP/1.1" 403 18 "-" "Mozilla/5.0 (compatible; MJ12bot/v1.4.8; http://mj12bot.com/)"
135.181.128.56 - - [15/Sep/2022:07:34:45 +0200] "GET /Software/ODDB?action=edit HTTP/1.1" 403 18 "-" "Mozilla/5.0 (compatible; MJ12bot/v1.4.8; http://mj12bot.com/)"
135.181.128.56 - - [15/Sep/2022:07:34:49 +0200] "GET /Software/PayPal?action=edit HTTP/1.1" 403 18 "-" "Mozilla/5.0 (compatible; MJ12bot/v1.4.8; http://mj12bot.com/)"
135.181.128.56 - - [15/Sep/2022:07:34:52 +0200] "GET /Software/ProPharma?action=edit HTTP/1.1" 403 18 "-" "Mozilla/5.0 (compatible; MJ12bot/v1.4.8; http://mj12bot.com/)"
135.181.128.56 - - [15/Sep/2022:07:34:55 +0200] "GET /Software/ProPharmaXML?action=edit HTTP/1.1" 403 18 "-" "Mozilla/5.0 (compatible; MJ12bot/v1.4.8; http://mj12bot.com/)"
135.181.128.56 - - [15/Sep/2022:07:34:59 +0200] "GET /Software/ReplaceYourHDD?action=edit HTTP/1.1" 403 18 "-" "Mozilla/5.0 (compatible; MJ12bot/v1.4.8; http://mj12bot.com/)"
135.181.128.56 - - [15/Sep/2022:07:35:02 +0200] "GET /Software/Software?action=edit HTTP/1.1" 403 18 "-" "Mozilla/5.0 (compatible; MJ12bot/v1.4.8; http://mj12bot.com/)"
135.181.128.56 - - [15/Sep/2022:07:35:06 +0200] "GET /Software/SoftwareRaid?action=edit HTTP/1.1" 403 18 "-" "Mozilla/5.0 (compatible; MJ12bot/v1.4.8; http://mj12bot.com/)"
135.181.128.56 - - [15/Sep/2022:07:35:08 +0200] "GET /Software/SoftwareRaid?action=edit HTTP/1.1" 403 18 "-" "Mozilla/5.0 (compatible; MJ12bot/v1.4.8; http://mj12bot.com/)"
135.181.128.56 - - [15/Sep/2022:07:35:12 +0200] "GET /Software/Spreadsheet?action=edit HTTP/1.1" 403 18 "-" "Mozilla/5.0 (compatible; MJ12bot/v1.4.8; http://mj12bot.com/)"
135.181.128.56 - - [15/Sep/2022:07:35:14 +0200] "GET /Software/Spreadsheet?action=edit HTTP/1.1" 403 18 "-" "Mozilla/5.0 (compatible; MJ12bot/v1.4.8; http://mj12bot.com/)"
135.181.128.56 - - [15/Sep/2022:07:35:18 +0200] "GET /Software/StatusCodeTypeSL?action=edit HTTP/1.1" 403 18 "-" "Mozilla/5.0 (compatible; MJ12bot/v1.4.8; http://mj12bot.com/)"
135.181.128.56 - - [15/Sep/2022:07:35:23 +0200] "GET /Software/WikiS?action=edit HTTP/1.1" 403 18 "-" "Mozilla/5.0 (compatible; MJ12bot/v1.4.8; http://mj12bot.com/)"
135.181.128.56 - - [15/Sep/2022:07:35:28 +0200] "GET /Software/XMLBAG?action=edit HTTP/1.1" 403 18 "-" "Mozilla/5.0 (compatible; MJ12bot/v1.4.8; http://mj12bot.com/)"
135.181.128.56 - - [15/Sep/2022:07:35:29 +0200] "GET /Software/XMLBAG?action=edit HTTP/1.1" 403 18 "-" "Mozilla/5.0 (compatible; MJ12bot/v1.4.8; http://mj12bot.com/)"
135.181.128.56 - - [15/Sep/2022:07:35:33 +0200] "GET /Software/XMLConv?action=edit HTTP/1.1" 403 18 "-" "Mozilla/5.0 (compatible; MJ12bot/v1.4.8; http://mj12bot.com/)"
135.181.128.56 - - [15/Sep/2022:07:35:35 +0200] "GET /Software/XMLConv?action=edit HTTP/1.1" 403 18 "-" "Mozilla/5.0 (compatible; MJ12bot/v1.4.8; http://mj12bot.com/)"
135.181.128.56 - - [15/Sep/2022:07:35:39 +0200] "GET /Software/XMLProPharma?action=edit HTTP/1.1" 403 18 "-" "Mozilla/5.0 (compatible; MJ12bot/v1.4.8; http://mj12bot.com/)"
135.181.128.56 - - [15/Sep/2022:07:35:42 +0200] "GET /Software/YDIM?action=edit HTTP/1.1" 403 18 "-" "Mozilla/5.0 (compatible; MJ12bot/v1.4.8; http://mj12bot.com/)"
135.181.128.56 - - [15/Sep/2022:07:35:44 +0200] "GET /Software/YDIM?action=edit HTTP/1.1" 403 18 "-" "Mozilla/5.0 (compatible; MJ12bot/v1.4.8; http://mj12bot.com/)"
135.181.128.56 - - [15/Sep/2022:07:35:47 +0200] "GET /Software/YDPM?action=edit HTTP/1.1" 403 18 "-" "Mozilla/5.0 (compatible; MJ12bot/v1.4.8; http://mj12bot.com/)"
135.181.128.56 - - [15/Sep/2022:07:35:51 +0200] "GET /SpitalSchweiz/AnzahlBettenstationaer2012?action=edit HTTP/1.1" 403 18 "-" "Mozilla/5.0 (compatible; MJ12bot/v1.4.8; http://mj12bot.com/)"
135.181.128.56 - - [15/Sep/2022:07:35:53 +0200] "GET /SpitalSchweiz/AnzahlBettenstationaer2012?action=edit HTTP/1.1" 403 18 "-" "Mozilla/5.0 (compatible; MJ12bot/v1.4.8; http://mj12bot.com/)"
135.181.128.56 - - [15/Sep/2022:07:35:57 +0200] "GET /SpitalSchweiz/AnzahlNeugeborene2012?action=edit HTTP/1.1" 403 18 "-" "Mozilla/5.0 (compatible; MJ12bot/v1.4.8; http://mj12bot.com/)"
135.181.128.56 - - [15/Sep/2022:07:35:59 +0200] "GET /SpitalSchweiz/AnzahlNeugeborene2012?action=edit HTTP/1.1" 403 18 "-" "Mozilla/5.0 (compatible; MJ12bot/v1.4.8; http://mj12bot.com/)"
135.181.128.56 - - [15/Sep/2022:07:36:04 +0200] "GET /SpitalSchweiz/AnzahlOperationssaele2012?action=edit HTTP/1.1" 403 18 "-" "Mozilla/5.0 (compatible; MJ12bot/v1.4.8; http://mj12bot.com/)"
135.181.128.56 - - [15/Sep/2022:07:36:07 +0200] "GET /SpitalSchweiz/AnzahlOperationssaele2012?action=edit HTTP/1.1" 403 18 "-" "Mozilla/5.0 (compatible; MJ12bot/v1.4.8; http://mj12bot.com/)"
135.181.128.56 - - [15/Sep/2022:07:36:12 +0200] "GET /SpitalSchweiz/FinanzErgebnis2012?action=edit HTTP/1.1" 403 18 "-" "Mozilla/5.0 (compatible; MJ12bot/v1.4.8; http://mj12bot.com/)"
135.181.128.56 - - [15/Sep/2022:07:36:19 +0200] "GET /SpitalSchweiz/FinanzenImMinus2012?action=edit HTTP/1.1" 403 18 "-" "Mozilla/5.0 (compatible; MJ12bot/v1.4.8; http://mj12bot.com/)"
135.181.128.56 - - [15/Sep/2022:07:36:21 +0200] "GET /SpitalSchweiz/FinanzenImMinus2012?action=edit HTTP/1.1" 403 18 "-" "Mozilla/5.0 (compatible; MJ12bot/v1.4.8; http://mj12bot.com/)"
135.181.128.56 - - [15/Sep/2022:07:36:26 +0200] "GET /SpitalSchweiz/Index?action=edit HTTP/1.1" 403 18 "-" "Mozilla/5.0 (compatible; MJ12bot/v1.4.8; http://mj12bot.com/)"
135.181.128.56 - - [15/Sep/2022:07:36:31 +0200] "GET /SpitalSchweiz/Subventionen2012?action=edit HTTP/1.1" 403 18 "-" "Mozilla/5.0 (compatible; MJ12bot/v1.4.8; http://mj12bot.com/)"
135.181.128.56 - - [15/Sep/2022:07:36:34 +0200] "GET /SpitalSchweiz/Subventionen2012?action=edit HTTP/1.1" 403 18 "-" "Mozilla/5.0 (compatible; MJ12bot/v1.4.8; http://mj12bot.com/)"
135.181.128.56 - - [15/Sep/2022:07:36:36 +0200] "GET /Stellungnahme/ProPharma?action=edit HTTP/1.1" 403 18 "-" "Mozilla/5.0 (compatible; MJ12bot/v1.4.8; http://mj12bot.com/)"
135.181.128.56 - - [15/Sep/2022:07:36:38 +0200] "GET /Swissmedic/AIPSXml?action=edit HTTP/1.1" 403 18 "-" "Mozilla/5.0 (compatible; MJ12bot/v1.4.8; http://mj12bot.com/)"
135.181.128.56 - - [15/Sep/2022:07:36:41 +0200] "GET /Ywesee/About?action=edit HTTP/1.1" 403 18 "-" "Mozilla/5.0 (compatible; MJ12bot/v1.4.8; http://mj12bot.com/)"
135.181.128.56 - - [15/Sep/2022:07:36:46 +0200] "GET /Ywesee/Bewerbung?action=edit HTTP/1.1" 403 18 "-" "Mozilla/5.0 (compatible; MJ12bot/v1.4.8; http://mj12bot.com/)"
135.181.128.56 - - [15/Sep/2022:07:36:51 +0200] "GET /Ywesee/BitcoinBlockchain?action=edit HTTP/1.1" 403 18 "-" "Mozilla/5.0 (compatible; MJ12bot/v1.4.8; http://mj12bot.com/)"
135.181.128.56 - - [15/Sep/2022:07:36:52 +0200] "GET /Ywesee/BitcoinBlockchain?action=edit HTTP/1.1" 403 18 "-" "Mozilla/5.0 (compatible; MJ12bot/v1.4.8; http://mj12bot.com/)"
135.181.128.56 - - [15/Sep/2022:07:36:58 +0200] "GET /Ywesee/CH870025125183002401Z?action=edit HTTP/1.1" 403 18 "-" "Mozilla/5.0 (compatible; MJ12bot/v1.4.8; http://mj12bot.com/)"
135.181.128.56 - - [15/Sep/2022:07:37:03 +0200] "GET /Ywesee/DHCPD?action=edit HTTP/1.1" 403 18 "-" "Mozilla/5.0 (compatible; MJ12bot/v1.4.8; http://mj12bot.com/)"
135.181.128.56 - - [15/Sep/2022:07:37:07 +0200] "GET /Ywesee/Earnings?action=edit HTTP/1.1" 403 18 "-" "Mozilla/5.0 (compatible; MJ12bot/v1.4.8; http://mj12bot.com/)"
135.181.128.56 - - [15/Sep/2022:07:37:11 +0200] "GET /Ywesee/Ebps?action=edit HTTP/1.1" 403 18 "-" "Mozilla/5.0 (compatible; MJ12bot/v1.4.8; http://mj12bot.com/)"
135.181.128.56 - - [15/Sep/2022:07:37:15 +0200] "GET /Ywesee/Events?action=edit HTTP/1.1" 403 18 "-" "Mozilla/5.0 (compatible; MJ12bot/v1.4.8; http://mj12bot.com/)"
135.181.128.56 - - [15/Sep/2022:07:37:17 +0200] "GET /Ywesee/Events?action=edit HTTP/1.1" 403 18 "-" "Mozilla/5.0 (compatible; MJ12bot/v1.4.8; http://mj12bot.com/)"
135.181.128.56 - - [15/Sep/2022:07:37:22 +0200] "GET /Ywesee/ExecutiveSummary?action=edit HTTP/1.1" 403 18 "-" "Mozilla/5.0 (compatible; MJ12bot/v1.4.8; http://mj12bot.com/)"
135.181.128.56 - - [15/Sep/2022:07:37:26 +0200] "GET /Ywesee/Ezmlm?action=edit HTTP/1.1" 403 18 "-" "Mozilla/5.0 (compatible; MJ12bot/v1.4.8; http://mj12bot.com/)"
135.181.128.56 - - [15/Sep/2022:07:37:31 +0200] "GET /Ywesee/HealthCare?action=edit HTTP/1.1" 403 18 "-" "Mozilla/5.0 (compatible; MJ12bot/v1.4.8; http://mj12bot.com/)"
135.181.128.56 - - [15/Sep/2022:07:37:34 +0200] "GET /Ywesee/HtmlGrid?action=edit HTTP/1.1" 403 18 "-" "Mozilla/5.0 (compatible; MJ12bot/v1.4.8; http://mj12bot.com/)"
135.181.128.56 - - [15/Sep/2022:07:37:38 +0200] "GET /Ywesee/KindleOniPhone?action=edit HTTP/1.1" 403 18 "-" "Mozilla/5.0 (compatible; MJ12bot/v1.4.8; http://mj12bot.com/)"
135.181.128.56 - - [15/Sep/2022:07:37:41 +0200] "GET /Ywesee/Kontakt?action=edit HTTP/1.1" 403 18 "-" "Mozilla/5.0 (compatible; MJ12bot/v1.4.8; http://mj12bot.com/)"
135.181.128.56 - - [15/Sep/2022:07:37:45 +0200] "GET /Ywesee/OpenSource?action=edit HTTP/1.1" 403 18 "-" "Mozilla/5.0 (compatible; MJ12bot/v1.4.8; http://mj12bot.com/)"
135.181.128.56 - - [15/Sep/2022:07:37:47 +0200] "GET /Ywesee/OpenSource?action=edit HTTP/1.1" 403 18 "-" "Mozilla/5.0 (compatible; MJ12bot/v1.4.8; http://mj12bot.com/)"
135.181.128.56 - - [15/Sep/2022:07:37:50 +0200] "GET /Ywesee/Software?action=edit HTTP/1.1" 403 18 "-" "Mozilla/5.0 (compatible; MJ12bot/v1.4.8; http://mj12bot.com/)"
135.181.128.56 - - [15/Sep/2022:07:37:53 +0200] "GET /Ywesee/Software?action=edit HTTP/1.1" 403 18 "-" "Mozilla/5.0 (compatible; MJ12bot/v1.4.8; http://mj12bot.com/)"
135.181.128.56 - - [15/Sep/2022:07:37:56 +0200] "GET /Ywesee/Spam?action=edit HTTP/1.1" 403 18 "-" "Mozilla/5.0 (compatible; MJ12bot/v1.4.8; http://mj12bot.com/)"
135.181.128.56 - - [15/Sep/2022:07:38:00 +0200] "GET /Ywesee/Team?action=edit HTTP/1.1" 403 18 "-" "Mozilla/5.0 (compatible; MJ12bot/v1.4.8; http://mj12bot.com/)"
135.181.128.56 - - [15/Sep/2022:07:38:04 +0200] "GET /Ywesee/Test?action=edit HTTP/1.1" 403 18 "-" "Mozilla/5.0 (compatible; MJ12bot/v1.4.8; http://mj12bot.com/)"
135.181.128.56 - - [15/Sep/2022:07:38:08 +0200] "GET /Ywesee/USPs?action=edit HTTP/1.1" 403 18 "-" "Mozilla/5.0 (compatible; MJ12bot/v1.4.8; http://mj12bot.com/)"
135.181.128.56 - - [15/Sep/2022:07:38:12 +0200] "GET /Ywesee/WebParts?action=edit HTTP/1.1" 403 18 "-" "Mozilla/5.0 (compatible; MJ12bot/v1.4.8; http://mj12bot.com/)"
135.181.128.56 - - [15/Sep/2022:07:38:18 +0200] "GET /Ywesee/XMLCONV2?action=edit HTTP/1.1" 403 18 "-" "Mozilla/5.0 (compatible; MJ12bot/v1.4.8; http://mj12bot.com/)"
194.209.200.2 - - [15/Sep/2022:07:39:24 +0200] "GET /robots.txt HTTP/1.1" 200 - "-" "Mozilla/5.0 (compatible; TMMBot/0.2; +http://www.dslab.ch)/Nutch-1.15"
8.29.198.26 - - [15/Sep/2022:07:42:11 +0200] "GET /pmwiki.php/Site/AllRecentChanges?action=rss HTTP/1.1" 200 2546 "-" "Feedly/1.0 (+http://www.feedly.com/fetcher.html; 5 subscribers; like FeedFetcher-Google)"
20.239.104.199 - - [15/Sep/2022:07:43:29 +0200] "GET / HTTP/1.1" 200 12862 "-" "Mozilla/5.0 (Windows NT 10.0; WOW64) AppleWebKit/537.36 (KHTML, like Gecko) Chrome/63.0.3239.132 Safari/537.36"
37.79.26.233 - - [15/Sep/2022:07:44:33 +0200] "GET /apple-app-site-association HTTP/1.1" 404 285 "-" "Mozilla/5.0 (Windows NT 6.1; WOW64; rv:40.0) Gecko/20100101 Firefox/40.1"
37.79.26.233 - - [15/Sep/2022:07:44:36 +0200] "GET /.well-known/apple-app-site-association HTTP/1.1" 404 297 "-" "Mozilla/5.0 (Windows NT 6.1; WOW64; rv:40.0) Gecko/20100101 Firefox/40.1"
5.129.3.8 - - [15/Sep/2022:07:44:58 +0200] "GET /apple-app-site-association HTTP/1.1" 404 285 "-" "Mozilla/5.0 (Windows NT 6.1; WOW64; rv:40.0) Gecko/20100101 Firefox/40.1"
5.129.3.8 - - [15/Sep/2022:07:44:59 +0200] "GET /apple-app-site-association HTTP/1.1" 404 285 "-" "Mozilla/5.0 (Windows NT 6.1; WOW64; rv:40.0) Gecko/20100101 Firefox/40.1"
5.129.3.8 - - [15/Sep/2022:07:44:59 +0200] "GET /apple-app-site-association HTTP/1.1" 404 285 "-" "Mozilla/5.0 (Windows NT 6.1; WOW64; rv:40.0) Gecko/20100101 Firefox/40.1"
5.129.3.8 - - [15/Sep/2022:07:45:01 +0200] "GET /apple-app-site-association HTTP/1.1" 404 285 "-" "Mozilla/5.0 (Windows NT 6.1; WOW64; rv:40.0) Gecko/20100101 Firefox/40.1"
5.129.3.8 - - [15/Sep/2022:07:45:01 +0200] "GET /apple-app-site-association HTTP/1.1" 404 285 "-" "Mozilla/5.0 (Windows NT 6.1; WOW64; rv:40.0) Gecko/20100101 Firefox/40.1"
5.129.3.8 - - [15/Sep/2022:07:45:01 +0200] "GET /apple-app-site-association HTTP/1.1" 404 285 "-" "Mozilla/5.0 (Windows NT 6.1; WOW64; rv:40.0) Gecko/20100101 Firefox/40.1"
5.129.3.8 - - [15/Sep/2022:07:45:04 +0200] "GET /.well-known/apple-app-site-association HTTP/1.1" 404 297 "-" "Mozilla/5.0 (Windows NT 6.1; WOW64; rv:40.0) Gecko/20100101 Firefox/40.1"
5.129.3.8 - - [15/Sep/2022:07:45:04 +0200] "GET /.well-known/apple-app-site-association HTTP/1.1" 404 297 "-" "Mozilla/5.0 (Windows NT 6.1; WOW64; rv:40.0) Gecko/20100101 Firefox/40.1"
5.129.3.8 - - [15/Sep/2022:07:45:04 +0200] "GET /.well-known/apple-app-site-association HTTP/1.1" 404 297 "-" "Mozilla/5.0 (Windows NT 6.1; WOW64; rv:40.0) Gecko/20100101 Firefox/40.1"
5.129.3.8 - - [15/Sep/2022:07:45:06 +0200] "GET /.well-known/apple-app-site-association HTTP/1.1" 404 297 "-" "Mozilla/5.0 (Windows NT 6.1; WOW64; rv:40.0) Gecko/20100101 Firefox/40.1"
5.129.3.8 - - [15/Sep/2022:07:45:07 +0200] "GET /.well-known/apple-app-site-association HTTP/1.1" 404 297 "-" "Mozilla/5.0 (Windows NT 6.1; WOW64; rv:40.0) Gecko/20100101 Firefox/40.1"
5.129.3.8 - - [15/Sep/2022:07:45:07 +0200] "GET /.well-known/apple-app-site-association HTTP/1.1" 404 297 "-" "Mozilla/5.0 (Windows NT 6.1; WOW64; rv:40.0) Gecko/20100101 Firefox/40.1"
66.249.76.237 - - [15/Sep/2022:07:47:54 +0200] "GET /AmiKo/ArztunterschriftDigital HTTP/1.1" 200 11445 "-" "Mozilla/5.0 (compatible; Googlebot/2.1; +http://www.google.com/bot.html)"
176.127.21.64 - - [15/Sep/2022:07:48:29 +0200] "GET /ODDB/StammdatenCH HTTP/1.1" 200 9300 "-" "Mozilla/5.0 (Macintosh; Intel Mac OS X 10_15_7) AppleWebKit/605.1.15 (KHTML, like Gecko)"
176.127.21.64 - - [15/Sep/2022:07:48:29 +0200] "GET /pub/skins/ywesee/gila.css HTTP/1.1" 200 8276 "https://www.ywesee.com/ODDB/StammdatenCH" "Mozilla/5.0 (Macintosh; Intel Mac OS X 10_15_7) AppleWebKit/605.1.15 (KHTML, like Gecko)"
116.193.129.165 - - [15/Sep/2022:07:50:11 +0200] "GET / HTTP/1.1" 200 12862 "-" "Mozilla/5.0 (Windows NT 10.0; Win64; x64) AppleWebKit/537.36 (KHTML, like Gecko) Chrome/105.0.0.0 Safari/537.36"
116.193.129.165 - - [15/Sep/2022:07:50:13 +0200] "GET /pub/skins/ywesee/gila.css HTTP/1.1" 200 8276 "https://ywesee.com/" "Mozilla/5.0 (Windows NT 10.0; Win64; x64) AppleWebKit/537.36 (KHTML, like Gecko) Chrome/105.0.0.0 Safari/537.36"
116.193.129.165 - - [15/Sep/2022:07:50:13 +0200] "GET /uploads/Main/yweseelogo.gif HTTP/1.1" 200 2982 "https://ywesee.com/" "Mozilla/5.0 (Windows NT 10.0; Win64; x64) AppleWebKit/537.36 (KHTML, like Gecko) Chrome/105.0.0.0 Safari/537.36"
116.193.129.165 - - [15/Sep/2022:07:50:14 +0200] "GET /favicon.ico HTTP/1.1" 200 1406 "https://ywesee.com/" "Mozilla/5.0 (Windows NT 10.0; Win64; x64) AppleWebKit/537.36 (KHTML, like Gecko) Chrome/105.0.0.0 Safari/537.36"
116.193.129.165 - - [15/Sep/2022:07:50:22 +0200] "GET /Ywesee/About HTTP/1.1" 200 9132 "https://ywesee.com/" "Mozilla/5.0 (Windows NT 10.0; Win64; x64) AppleWebKit/537.36 (KHTML, like Gecko) Chrome/105.0.0.0 Safari/537.36"
116.193.129.165 - - [15/Sep/2022:07:50:22 +0200] "GET /favicon.ico HTTP/1.1" 200 1406 "https://www.ywesee.com/Ywesee/About" "Mozilla/5.0 (Windows NT 10.0; Win64; x64) AppleWebKit/537.36 (KHTML, like Gecko) Chrome/105.0.0.0 Safari/537.36"
157.55.39.73 - - [15/Sep/2022:07:51:37 +0200] "GET /uploads/AmiKo/Arztunterschrift_2.png HTTP/1.1" 200 162948 "-" "Mozilla/5.0 (compatible; bingbot/2.0; +http://www.bing.com/bingbot.htm)"
207.46.13.191 - - [15/Sep/2022:07:54:12 +0200] "GET /uploads/Main/Product_Registration_EMEA_FDA_Swissmedic.pdf HTTP/1.1" 304 - "-" "Mozilla/5.0 (compatible; bingbot/2.0; +http://www.bing.com/bingbot.htm)"
194.38.20.161 - - [15/Sep/2022:07:54:16 +0200] "GET /wp-content/themes/SqueezeTheme/style.css HTTP/1.1" 404 299 "-" "ALittle Client"
194.209.200.2 - - [15/Sep/2022:07:55:14 +0200] "GET /robots.txt HTTP/1.1" 200 - "-" "Mozilla/5.0 (compatible; TMMBot/0.2; +http://www.dslab.ch)/Nutch-1.15"
194.209.200.2 - - [15/Sep/2022:07:55:14 +0200] "GET /AmiKo/Linux HTTP/1.1" 200 9217 "-" "Mozilla/5.0 (compatible; TMMBot/0.2; +http://www.dslab.ch)/Nutch-1.15"
194.209.200.2 - - [15/Sep/2022:07:55:26 +0200] "GET /AmiKo/Windows HTTP/1.1" 200 10332 "-" "Mozilla/5.0 (compatible; TMMBot/0.2; +http://www.dslab.ch)/Nutch-1.15"
114.119.148.0 - - [15/Sep/2022:07:55:45 +0200] "GET /uploads/Main/BCH_Bitcoin-Cash-Meetup-Zrich_11.7.2018.pdf HTTP/1.1" 200 1214719 "https://memo.cash/post/2fa8acd948eedc0b43eace98946f04a546c9ef9b5e032f7a5866130d29f6e117" "Mozilla/5.0 (Linux; Android 7.0;) AppleWebKit/537.36 (KHTML, like Gecko) Mobile Safari/537.36 (compatible; PetalBot;+https://webmaster.petalsearch.com/site/petalbot)"
194.209.200.2 - - [15/Sep/2022:07:57:05 +0200] "GET /ODDB/StammdatenCH HTTP/1.1" 200 9300 "-" "Mozilla/5.0 (compatible; TMMBot/0.2; +http://www.dslab.ch)/Nutch-1.15"
194.209.200.2 - - [15/Sep/2022:07:57:55 +0200] "GET /Main/2015 HTTP/1.1" 200 15908 "-" "Mozilla/5.0 (compatible; TMMBot/0.2; +http://www.dslab.ch)/Nutch-1.15"
194.209.200.2 - - [15/Sep/2022:07:58:03 +0200] "GET /Main/2013 HTTP/1.1" 200 20487 "-" "Mozilla/5.0 (compatible; TMMBot/0.2; +http://www.dslab.ch)/Nutch-1.15"
64.71.157.120 - - [15/Sep/2022:07:58:18 +0200] "GET /pmwiki.php/Site/AllRecentChanges?action=rss HTTP/1.1" 200 2546 "-" "Feedbin feed-id:590358 - 1 subscribers"
194.209.200.2 - - [15/Sep/2022:07:58:53 +0200] "GET /AmiKo/OSX HTTP/1.1" 200 9772 "-" "Mozilla/5.0 (compatible; TMMBot/0.2; +http://www.dslab.ch)/Nutch-1.15"
194.209.200.2 - - [15/Sep/2022:07:59:30 +0200] "GET /robots.txt HTTP/1.1" 200 - "-" "Mozilla/5.0 (compatible; TMMBot/0.2; +http://www.dslab.ch)/Nutch-1.15"
194.209.200.2 - - [15/Sep/2022:08:00:04 +0200] "GET /AmiKo/Web HTTP/1.1" 200 9588 "-" "Mozilla/5.0 (compatible; TMMBot/0.2; +http://www.dslab.ch)/Nutch-1.15"
194.209.200.2 - - [15/Sep/2022:08:00:10 +0200] "GET /Generikacc/App HTTP/1.1" 200 11862 "-" "Mozilla/5.0 (compatible; TMMBot/0.2; +http://www.dslab.ch)/Nutch-1.15"
194.209.200.2 - - [15/Sep/2022:08:00:38 +0200] "GET /robots.txt HTTP/1.1" 200 - "-" "Mozilla/5.0 (compatible; TMMBot/0.2; +http://www.dslab.ch)/Nutch-1.15"
194.209.200.2 - - [15/Sep/2022:08:00:55 +0200] "GET /Ywesee/OpenSource HTTP/1.1" 200 10790 "-" "Mozilla/5.0 (compatible; TMMBot/0.2; +http://www.dslab.ch)/Nutch-1.15"
194.209.200.2 - - [15/Sep/2022:08:01:48 +0200] "GET /Software/BBMB HTTP/1.1" 200 9385 "-" "Mozilla/5.0 (compatible; TMMBot/0.2; +http://www.dslab.ch)/Nutch-1.15"
194.209.200.2 - - [15/Sep/2022:08:01:50 +0200] "GET /Main/2005 HTTP/1.1" 200 63344 "-" "Mozilla/5.0 (compatible; TMMBot/0.2; +http://www.dslab.ch)/Nutch-1.15"
194.209.200.2 - - [15/Sep/2022:08:02:31 +0200] "GET /Main/ComCo19122016 HTTP/1.1" 200 10547 "-" "Mozilla/5.0 (compatible; TMMBot/0.2; +http://www.dslab.ch)/Nutch-1.15"
216.131.74.53 - - [15/Sep/2022:08:03:22 +0200] "GET /pmwiki.php/Main/2005 HTTP/1.1" 200 63344 "http://www.ywesee.com" "Mozilla/5.0 (Windows NT 10.0; Win64; x64) AppleWebKit/537.36 (KHTML, like Gecko) Chrome/62.0.3202.94 Safari/537.36"
74.125.212.231 - - [15/Sep/2022:08:07:55 +0200] "HEAD /pmwiki.php/Site/AllRecentChanges?action=rss HTTP/1.1" 200 - "-" "FeedBurner/1.0 (http://www.FeedBurner.com)"
74.125.212.227 - - [15/Sep/2022:08:07:56 +0200] "GET /pmwiki.php/Site/AllRecentChanges?action=rss HTTP/1.1" 200 2546 "-" "FeedBurner/1.0 (http://www.FeedBurner.com)"
92.127.211.40 - - [15/Sep/2022:08:10:50 +0200] "GET /.well-known/assetlinks.json HTTP/1.1" 404 286 "-" "Mozilla/5.0 (Windows NT 6.1; WOW64; rv:40.0) Gecko/20100101 Firefox/40.1"
66.249.66.218 - - [15/Sep/2022:08:15:50 +0200] "GET /AmiKo/ArztunterschriftDigital HTTP/1.1" 200 11445 "-" "Mozilla/5.0 (Linux; Android 6.0.1; Nexus 5X Build/MMB29P) AppleWebKit/537.36 (KHTML, like Gecko) Chrome/105.0.5195.102 Mobile Safari/537.36 (compatible; Googlebot/2.1; +http://www.google.com/bot.html)"
194.38.20.161 - - [15/Sep/2022:08:16:17 +0200] "GET /wp-content/themes/SqueezeTheme/style.css HTTP/1.1" 404 299 "-" "ALittle Client"
54.84.192.51 - - [15/Sep/2022:08:17:11 +0200] "GET /keybase.txt HTTP/1.1" 200 2659 "-" "keybase-proofs/2.3.24"
194.209.200.2 - - [15/Sep/2022:08:19:57 +0200] "GET /robots.txt HTTP/1.1" 200 - "-" "Mozilla/5.0 (compatible; TMMBot/0.2; +http://www.dslab.ch)/Nutch-1.15"
8.29.198.26 - - [15/Sep/2022:08:23:34 +0200] "GET /pmwiki.php/Site/AllRecentChanges?action=rss HTTP/1.1" 200 2546 "-" "Feedly/1.0 (+http://www.feedly.com/fetcher.html; 5 subscribers; like FeedFetcher-Google)"
51.222.253.8 - - [15/Sep/2022:08:25:14 +0200] "GET /robots.txt HTTP/1.1" 200 - "-" "Mozilla/5.0 (compatible; AhrefsBot/7.0; +http://ahrefs.com/robot/)"
54.36.149.63 - - [15/Sep/2022:08:25:15 +0200] "GET / HTTP/1.1" 200 12862 "-" "Mozilla/5.0 (compatible; AhrefsBot/7.0; +http://ahrefs.com/robot/)"
66.249.76.87 - - [15/Sep/2022:08:25:25 +0200] "GET /Main/2009 HTTP/1.1" 200 21688 "-" "Mozilla/5.0 (Linux; Android 6.0.1; Nexus 5X Build/MMB29P) AppleWebKit/537.36 (KHTML, like Gecko) Chrome/105.0.5195.125 Mobile Safari/537.36 (compatible; Googlebot/2.1; +http://www.google.com/bot.html)"
66.249.76.91 - - [15/Sep/2022:08:26:41 +0200] "GET /AmiKo/ArztunterschriftDigital HTTP/1.1" 200 11445 "-" "Mozilla/5.0 (Linux; Android 6.0.1; Nexus 5X Build/MMB29P) AppleWebKit/537.36 (KHTML, like Gecko) Chrome/105.0.5195.102 Mobile Safari/537.36 (compatible; Googlebot/2.1; +http://www.google.com/bot.html)"
185.191.171.33 - - [15/Sep/2022:08:28:40 +0200] "GET /robots.txt HTTP/1.1" 200 - "-" "Mozilla/5.0 (compatible; SemrushBot/7~bl; +http://www.semrush.com/bot.html)"
185.191.171.26 - - [15/Sep/2022:08:28:41 +0200] "GET /Software/ODDB?action=edit HTTP/1.1" 403 18 "-" "Mozilla/5.0 (compatible; SemrushBot/7~bl; +http://www.semrush.com/bot.html)"
54.234.46.130 - - [15/Sep/2022:08:28:57 +0200] "GET /app-ads.txt HTTP/1.1" 404 274 "-" "Pixalate.com/1.0"
54.234.46.130 - - [15/Sep/2022:08:28:58 +0200] "GET /app-ads.txt HTTP/1.1" 404 270 "-" "Pixalate.com/1.0"
64.71.157.125 - - [15/Sep/2022:08:29:12 +0200] "GET /pmwiki.php/Site/AllRecentChanges?action=rss HTTP/1.1" 200 2546 "-" "Feedbin feed-id:590358 - 1 subscribers"
194.209.200.2 - - [15/Sep/2022:08:34:10 +0200] "GET /robots.txt HTTP/1.1" 200 - "-" "Mozilla/5.0 (compatible; TMMBot/0.2; +http://www.dslab.ch)/Nutch-1.15"
194.209.200.2 - - [15/Sep/2022:08:34:11 +0200] "GET /AmiKo/Linux HTTP/1.1" 200 9217 "-" "Mozilla/5.0 (compatible; TMMBot/0.2; +http://www.dslab.ch)/Nutch-1.15"
194.209.200.2 - - [15/Sep/2022:08:35:59 +0200] "GET /ODDB/StammdatenCH HTTP/1.1" 200 9300 "-" "Mozilla/5.0 (compatible; TMMBot/0.2; +http://www.dslab.ch)/Nutch-1.15"
194.209.200.2 - - [15/Sep/2022:08:36:47 +0200] "GET /Main/2015 HTTP/1.1" 200 15908 "-" "Mozilla/5.0 (compatible; TMMBot/0.2; +http://www.dslab.ch)/Nutch-1.15"
194.209.200.2 - - [15/Sep/2022:08:37:01 +0200] "GET /Main/2013 HTTP/1.1" 200 20487 "-" "Mozilla/5.0 (compatible; TMMBot/0.2; +http://www.dslab.ch)/Nutch-1.15"
194.209.200.2 - - [15/Sep/2022:08:38:32 +0200] "GET /AmiKo/OSX HTTP/1.1" 200 9772 "-" "Mozilla/5.0 (compatible; TMMBot/0.2; +http://www.dslab.ch)/Nutch-1.15"
