185.191.171.41 - - [19/Jan/2022:00:03:40 +0100] "GET /Eggze/SpreadIt?action=diff HTTP/1.1" 403 18 "-" "Mozilla/5.0 (compatible; SemrushBot/7~bl; +http://www.semrush.com/bot.html)"
157.55.39.215 - - [19/Jan/2022:00:10:39 +0100] "GET /uploads/Main/Product_Registration_EMEA_FDA_Swissmedic.pdf HTTP/1.1" 200 513930 "-" "Mozilla/5.0 (compatible; bingbot/2.0; +http://www.bing.com/bingbot.htm)"
185.191.171.41 - - [19/Jan/2022:00:12:12 +0100] "GET /Software/YDPM?action=diff HTTP/1.1" 403 18 "-" "Mozilla/5.0 (compatible; SemrushBot/7~bl; +http://www.semrush.com/bot.html)"
95.108.213.50 - - [19/Jan/2022:00:22:13 +0100] "GET /uploads/Main/ywesee_GmbH_Bundesgerichtsurteil.pdf HTTP/1.1" 200 827555 "-" "Mozilla/5.0 (compatible; YandexBot/3.0; +http://yandex.com/bots)"
185.191.171.44 - - [19/Jan/2022:00:29:49 +0100] "GET /Ywesee/ODBA HTTP/1.1" 200 8453 "-" "Mozilla/5.0 (compatible; SemrushBot/7~bl; +http://www.semrush.com/bot.html)"
207.46.13.142 - - [19/Jan/2022:00:46:31 +0100] "GET /Generikacc/News23012018?action=diff HTTP/1.1" 403 18 "-" "Mozilla/5.0 (compatible; bingbot/2.0; +http://www.bing.com/bingbot.htm)"
54.83.33.183 - - [19/Jan/2022:00:51:34 +0100] "GET / HTTP/1.1" 200 10556 "-" "python-requests/2.25.1"
54.83.33.183 - - [19/Jan/2022:00:51:35 +0100] "GET / HTTP/1.1" 200 10556 "-" "python-requests/2.25.1"
157.55.39.215 - - [19/Jan/2022:00:58:45 +0100] "GET /uploads/Main/Product_Registration_EMEA_FDA_Swissmedic.pdf HTTP/1.1" 200 513930 "-" "Mozilla/5.0 (compatible; bingbot/2.0; +http://www.bing.com/bingbot.htm)"
54.84.192.51 - - [19/Jan/2022:00:59:06 +0100] "GET /keybase.txt HTTP/1.1" 200 2659 "-" "keybase-proofs/2.3.24"
54.211.12.169 - - [19/Jan/2022:01:24:56 +0100] "GET /robots.txt HTTP/1.1" 200 - "-" "MauiBot (crawler.feedback+gamma@gmail.com)"
194.209.200.2 - - [19/Jan/2022:01:29:32 +0100] "GET /robots.txt HTTP/1.1" 200 - "-" "Mozilla/5.0 (compatible; TMMBot/0.2; +http://www.dslab.ch)/Nutch-1.15"
194.209.200.2 - - [19/Jan/2022:01:29:32 +0100] "GET /Main/2015 HTTP/1.1" 200 15908 "-" "Mozilla/5.0 (compatible; TMMBot/0.2; +http://www.dslab.ch)/Nutch-1.15"
185.191.171.1 - - [19/Jan/2022:01:30:23 +0100] "GET /robots.txt HTTP/1.1" 200 - "-" "Mozilla/5.0 (compatible; SemrushBot/7~bl; +http://www.semrush.com/bot.html)"
185.191.171.42 - - [19/Jan/2022:01:30:23 +0100] "GET /Ywesee/YDPM HTTP/1.1" 200 8463 "-" "Mozilla/5.0 (compatible; SemrushBot/7~bl; +http://www.semrush.com/bot.html)"
62.210.215.119 - - [19/Jan/2022:01:34:22 +0100] "GET /Site/AllRecentChanges?action=rss HTTP/1.1" 200 2546 "-" "Mozilla/5.0 (X11; Linux i686) AppleWebKit/537.36 (KHTML, like Gecko) Chrome/30.0.1599.66 Safari/537.36"
35.196.10.112 - - [19/Jan/2022:01:39:57 +0100] "GET /robots.txt HTTP/1.1" 200 - "-" "bidswitchbot/1.0"
35.196.10.112 - - [19/Jan/2022:01:39:59 +0100] "GET /robots.txt HTTP/1.1" 200 - "-" "bidswitchbot/1.0"
35.196.10.112 - - [19/Jan/2022:01:39:59 +0100] "GET /app-ads.txt HTTP/1.1" 404 270 "-" "bidswitchbot/1.0"
35.196.10.112 - - [19/Jan/2022:01:40:20 +0100] "GET /robots.txt HTTP/1.1" 200 - "-" "bidswitchbot/1.0"
35.196.10.112 - - [19/Jan/2022:01:40:21 +0100] "GET /robots.txt HTTP/1.1" 200 - "-" "bidswitchbot/1.0"
35.196.10.112 - - [19/Jan/2022:01:40:22 +0100] "GET /app-ads.txt HTTP/1.1" 404 274 "-" "bidswitchbot/1.0"
35.196.10.112 - - [19/Jan/2022:01:40:24 +0100] "GET /robots.txt HTTP/1.1" 200 - "-" "bidswitchbot/1.0"
35.196.10.112 - - [19/Jan/2022:01:40:25 +0100] "GET /robots.txt HTTP/1.1" 200 - "-" "bidswitchbot/1.0"
35.196.10.112 - - [19/Jan/2022:01:40:26 +0100] "GET /app-ads.txt HTTP/1.1" 404 270 "-" "bidswitchbot/1.0"
185.191.171.15 - - [19/Jan/2022:01:41:07 +0100] "GET /AmiKo/Flyer?n=Main.SideBar%3Faction%3Dedit HTTP/1.1" 302 157 "-" "Mozilla/5.0 (compatible; SemrushBot/7~bl; +http://www.semrush.com/bot.html)"
54.83.33.183 - - [19/Jan/2022:01:41:12 +0100] "GET / HTTP/1.1" 200 10556 "-" "python-requests/2.25.1"
54.83.33.183 - - [19/Jan/2022:01:41:13 +0100] "GET / HTTP/1.1" 200 10556 "-" "python-requests/2.25.1"
178.128.211.82 - - [19/Jan/2022:01:59:12 +0100] "GET / HTTP/1.1" 200 10556 "-" "Mozilla/5.0 (Windows NT 10.0; Win64; x64) AppleWebKit/537.36 (KHTML, like Gecko) Chrome/78.0.3904.108 Safari/537.36"
178.128.211.82 - - [19/Jan/2022:01:59:13 +0100] "GET /wp-includes/wlwmanifest.xml HTTP/1.1" 404 286 "-" "Mozilla/5.0 (Windows NT 10.0; Win64; x64) AppleWebKit/537.36 (KHTML, like Gecko) Chrome/78.0.3904.108 Safari/537.36"
178.128.211.82 - - [19/Jan/2022:01:59:13 +0100] "GET /xmlrpc.php?rsd HTTP/1.1" 404 269 "-" "Mozilla/5.0 (Windows NT 10.0; Win64; x64) AppleWebKit/537.36 (KHTML, like Gecko) Chrome/78.0.3904.108 Safari/537.36"
178.128.211.82 - - [19/Jan/2022:01:59:13 +0100] "GET / HTTP/1.1" 200 10556 "-" "Mozilla/5.0 (Windows NT 10.0; Win64; x64) AppleWebKit/537.36 (KHTML, like Gecko) Chrome/78.0.3904.108 Safari/537.36"
178.128.211.82 - - [19/Jan/2022:01:59:13 +0100] "GET /blog/wp-includes/wlwmanifest.xml HTTP/1.1" 404 291 "-" "Mozilla/5.0 (Windows NT 10.0; Win64; x64) AppleWebKit/537.36 (KHTML, like Gecko) Chrome/78.0.3904.108 Safari/537.36"
178.128.211.82 - - [19/Jan/2022:01:59:14 +0100] "GET /web/wp-includes/wlwmanifest.xml HTTP/1.1" 404 290 "-" "Mozilla/5.0 (Windows NT 10.0; Win64; x64) AppleWebKit/537.36 (KHTML, like Gecko) Chrome/78.0.3904.108 Safari/537.36"
178.128.211.82 - - [19/Jan/2022:01:59:14 +0100] "GET /wordpress/wp-includes/wlwmanifest.xml HTTP/1.1" 404 296 "-" "Mozilla/5.0 (Windows NT 10.0; Win64; x64) AppleWebKit/537.36 (KHTML, like Gecko) Chrome/78.0.3904.108 Safari/537.36"
178.128.211.82 - - [19/Jan/2022:01:59:14 +0100] "GET /website/wp-includes/wlwmanifest.xml HTTP/1.1" 404 294 "-" "Mozilla/5.0 (Windows NT 10.0; Win64; x64) AppleWebKit/537.36 (KHTML, like Gecko) Chrome/78.0.3904.108 Safari/537.36"
178.128.211.82 - - [19/Jan/2022:01:59:14 +0100] "GET /wp/wp-includes/wlwmanifest.xml HTTP/1.1" 404 289 "-" "Mozilla/5.0 (Windows NT 10.0; Win64; x64) AppleWebKit/537.36 (KHTML, like Gecko) Chrome/78.0.3904.108 Safari/537.36"
178.128.211.82 - - [19/Jan/2022:01:59:15 +0100] "GET /news/wp-includes/wlwmanifest.xml HTTP/1.1" 404 291 "-" "Mozilla/5.0 (Windows NT 10.0; Win64; x64) AppleWebKit/537.36 (KHTML, like Gecko) Chrome/78.0.3904.108 Safari/537.36"
178.128.211.82 - - [19/Jan/2022:01:59:15 +0100] "GET /2018/wp-includes/wlwmanifest.xml HTTP/1.1" 404 250 "-" "Mozilla/5.0 (Windows NT 10.0; Win64; x64) AppleWebKit/537.36 (KHTML, like Gecko) Chrome/78.0.3904.108 Safari/537.36"
178.128.211.82 - - [19/Jan/2022:01:59:15 +0100] "GET /2019/wp-includes/wlwmanifest.xml HTTP/1.1" 404 250 "-" "Mozilla/5.0 (Windows NT 10.0; Win64; x64) AppleWebKit/537.36 (KHTML, like Gecko) Chrome/78.0.3904.108 Safari/537.36"
178.128.211.82 - - [19/Jan/2022:01:59:15 +0100] "GET /shop/wp-includes/wlwmanifest.xml HTTP/1.1" 404 291 "-" "Mozilla/5.0 (Windows NT 10.0; Win64; x64) AppleWebKit/537.36 (KHTML, like Gecko) Chrome/78.0.3904.108 Safari/537.36"
178.128.211.82 - - [19/Jan/2022:01:59:16 +0100] "GET /wp1/wp-includes/wlwmanifest.xml HTTP/1.1" 404 290 "-" "Mozilla/5.0 (Windows NT 10.0; Win64; x64) AppleWebKit/537.36 (KHTML, like Gecko) Chrome/78.0.3904.108 Safari/537.36"
178.128.211.82 - - [19/Jan/2022:01:59:16 +0100] "GET /test/wp-includes/wlwmanifest.xml HTTP/1.1" 404 291 "-" "Mozilla/5.0 (Windows NT 10.0; Win64; x64) AppleWebKit/537.36 (KHTML, like Gecko) Chrome/78.0.3904.108 Safari/537.36"
178.128.211.82 - - [19/Jan/2022:01:59:16 +0100] "GET /media/wp-includes/wlwmanifest.xml HTTP/1.1" 404 292 "-" "Mozilla/5.0 (Windows NT 10.0; Win64; x64) AppleWebKit/537.36 (KHTML, like Gecko) Chrome/78.0.3904.108 Safari/537.36"
178.128.211.82 - - [19/Jan/2022:01:59:16 +0100] "GET /wp2/wp-includes/wlwmanifest.xml HTTP/1.1" 404 290 "-" "Mozilla/5.0 (Windows NT 10.0; Win64; x64) AppleWebKit/537.36 (KHTML, like Gecko) Chrome/78.0.3904.108 Safari/537.36"
178.128.211.82 - - [19/Jan/2022:01:59:17 +0100] "GET /site/wp-includes/wlwmanifest.xml HTTP/1.1" 404 291 "-" "Mozilla/5.0 (Windows NT 10.0; Win64; x64) AppleWebKit/537.36 (KHTML, like Gecko) Chrome/78.0.3904.108 Safari/537.36"
178.128.211.82 - - [19/Jan/2022:01:59:17 +0100] "GET /cms/wp-includes/wlwmanifest.xml HTTP/1.1" 404 290 "-" "Mozilla/5.0 (Windows NT 10.0; Win64; x64) AppleWebKit/537.36 (KHTML, like Gecko) Chrome/78.0.3904.108 Safari/537.36"
178.128.211.82 - - [19/Jan/2022:01:59:17 +0100] "GET /sito/wp-includes/wlwmanifest.xml HTTP/1.1" 404 291 "-" "Mozilla/5.0 (Windows NT 10.0; Win64; x64) AppleWebKit/537.36 (KHTML, like Gecko) Chrome/78.0.3904.108 Safari/537.36"
185.191.171.20 - - [19/Jan/2022:02:03:27 +0100] "GET /robots.txt HTTP/1.1" 200 - "-" "Mozilla/5.0 (compatible; SemrushBot/7~bl; +http://www.semrush.com/bot.html)"
185.191.171.26 - - [19/Jan/2022:02:03:27 +0100] "GET / HTTP/1.1" 200 10556 "-" "Mozilla/5.0 (compatible; SemrushBot/7~bl; +http://www.semrush.com/bot.html)"
180.163.220.95 - - [19/Jan/2022:02:05:17 +0100] "GET / HTTP/1.1" 200 10556 "https://ywesee.com" "Mozilla/5.0 (Windows NT 6.1; WOW64) AppleWebKit/537.36 (KHTML, like Gecko) Chrome/50.0.2661.102 Safari/537.36; 360Spider"
180.163.220.126 - - [19/Jan/2022:02:06:10 +0100] "GET / HTTP/1.1" 200 10556 "https://ywesee.com/" "Mozilla/5.0 (Windows NT 6.1; WOW64) AppleWebKit/537.36 (KHTML, like Gecko) Chrome/50.0.2661.102 Safari/537.36; 360Spider"
185.191.171.15 - - [19/Jan/2022:02:08:59 +0100] "GET /Ywesee/Team?action=print HTTP/1.1" 403 18 "-" "Mozilla/5.0 (compatible; SemrushBot/7~bl; +http://www.semrush.com/bot.html)"
207.46.13.138 - - [19/Jan/2022:02:20:30 +0100] "GET /main/2021 HTTP/1.1" 404 268 "-" "Mozilla/5.0 (compatible; bingbot/2.0; +http://www.bing.com/bingbot.htm)"
5.255.253.186 - - [19/Jan/2022:02:28:15 +0100] "GET /robots.txt HTTP/1.1" 200 - "-" "Mozilla/5.0 (compatible; YandexBot/3.0; +http://yandex.com/bots)"
5.255.253.186 - - [19/Jan/2022:02:28:19 +0100] "GET / HTTP/1.1" 200 10556 "-" "Mozilla/5.0 (compatible; YandexBot/3.0; +http://yandex.com/bots)"
34.140.197.173 - - [19/Jan/2022:02:39:18 +0100] "HEAD / HTTP/1.1" 200 - "-" "Apache-HttpClient/4.5.5 (Java/11.0.9)"
54.83.33.183 - - [19/Jan/2022:02:40:14 +0100] "GET / HTTP/1.1" 200 10556 "-" "python-requests/2.25.1"
54.83.33.183 - - [19/Jan/2022:02:40:14 +0100] "GET / HTTP/1.1" 200 10556 "-" "python-requests/2.25.1"
54.83.33.183 - - [19/Jan/2022:02:50:05 +0100] "GET / HTTP/1.1" 200 10556 "-" "python-requests/2.25.1"
54.83.33.183 - - [19/Jan/2022:02:50:06 +0100] "GET / HTTP/1.1" 200 10556 "-" "python-requests/2.25.1"
207.46.13.138 - - [19/Jan/2022:02:53:52 +0100] "GET /main/searchwiki HTTP/1.1" 404 274 "-" "Mozilla/5.0 (compatible; bingbot/2.0; +http://www.bing.com/bingbot.htm)"
66.249.66.23 - - [19/Jan/2022:03:02:39 +0100] "GET /Oddb2xml/Bemerkungen?action=print HTTP/1.1" 403 18 "-" "Mozilla/5.0 (Linux; Android 6.0.1; Nexus 5X Build/MMB29P) AppleWebKit/537.36 (KHTML, like Gecko) Chrome/97.0.4692.71 Mobile Safari/537.36 (compatible; Googlebot/2.1; +http://www.google.com/bot.html)"
185.191.171.23 - - [19/Jan/2022:03:04:06 +0100] "GET /robots.txt HTTP/1.1" 200 - "-" "Mozilla/5.0 (compatible; SemrushBot/7~bl; +http://www.semrush.com/bot.html)"
185.191.171.1 - - [19/Jan/2022:03:04:07 +0100] "GET /Swissmedic/Vertriebsunterbruch?action=diff HTTP/1.1" 403 18 "-" "Mozilla/5.0 (compatible; SemrushBot/7~bl; +http://www.semrush.com/bot.html)"
185.191.171.14 - - [19/Jan/2022:03:06:16 +0100] "GET /Ausschreibung/SAI?action=edit HTTP/1.1" 403 18 "-" "Mozilla/5.0 (compatible; SemrushBot/7~bl; +http://www.semrush.com/bot.html)"
207.46.13.123 - - [19/Jan/2022:03:06:50 +0100] "GET / HTTP/1.1" 200 10556 "-" "Mozilla/5.0 (compatible; bingbot/2.0; +http://www.bing.com/bingbot.htm)"
54.83.33.183 - - [19/Jan/2022:03:26:58 +0100] "GET / HTTP/1.1" 200 10556 "-" "python-requests/2.25.1"
54.83.33.183 - - [19/Jan/2022:03:26:58 +0100] "GET / HTTP/1.1" 200 10556 "-" "python-requests/2.25.1"
54.83.33.183 - - [19/Jan/2022:03:33:32 +0100] "GET / HTTP/1.1" 200 10556 "-" "python-requests/2.25.1"
54.83.33.183 - - [19/Jan/2022:03:33:32 +0100] "GET / HTTP/1.1" 200 10556 "-" "python-requests/2.25.1"
123.125.109.203 - - [19/Jan/2022:03:38:38 +0100] "GET / HTTP/1.1" 200 10556 "-" "Sogou web spider/4.0(+http://www.sogou.com/docs/help/webmasters.htm#07)"
101.43.118.245 - - [19/Jan/2022:03:39:23 +0100] "GET / HTTP/1.1" 200 10556 "-" "Mozilla/5.0 (Windows NT 10.0; WOW64) AppleWebKit/537.36 (KHTML, like Gecko) Chrome/63.0.3239.132 Safari/537.36"
172.121.221.15 - - [19/Jan/2022:03:41:03 +0100] "HEAD / HTTP/1.1" 200 - "-" "Mozilla/5.0 (Windows NT 10.0; Win64; x64) AppleWebKit/537.36 (KHTML, like Gecko) Chrome/60.0.3112.113 Safari/537.36"
172.121.221.15 - - [19/Jan/2022:03:41:04 +0100] "GET / HTTP/1.1" 200 10556 "-" "Mozilla/5.0 (Windows NT 10.0; Win64; x64) AppleWebKit/537.36 (KHTML, like Gecko) Chrome/60.0.3112.113 Safari/537.36"
20.191.45.212 - - [19/Jan/2022:03:49:54 +0100] "GET / HTTP/1.1" 200 10556 "https://ywesee.com/" "Mozilla/5.0 (compatible; DuckDuckGo-Favicons-Bot/1.0; +http://duckduckgo.com)"
20.191.45.212 - - [19/Jan/2022:03:49:54 +0100] "GET /favicon.ico HTTP/1.1" 200 1406 "https://ywesee.com/favicon.ico" "Mozilla/5.0 (compatible; DuckDuckGo-Favicons-Bot/1.0; +http://duckduckgo.com)"
185.191.171.41 - - [19/Jan/2022:03:54:36 +0100] "GET /Aips2sqlite/Index HTTP/1.1" 200 8461 "-" "Mozilla/5.0 (compatible; SemrushBot/7~bl; +http://www.semrush.com/bot.html)"
93.158.91.224 - - [19/Jan/2022:04:00:45 +0100] "GET / HTTP/1.1" 200 10556 "http://ywesee.ch/" "Mozilla/5.0 (Macintosh; Intel Mac OS X 10_13_6) AppleWebKit/537.36 (KHTML, like Gecko) Chrome/91.0.4472.114 Safari/537.36"
40.77.167.97 - - [19/Jan/2022:04:10:09 +0100] "GET /robots.txt HTTP/1.1" 200 - "-" "Mozilla/5.0 (compatible; bingbot/2.0; +http://www.bing.com/bingbot.htm)"
207.46.13.212 - - [19/Jan/2022:04:10:17 +0100] "GET /uploads/Main/AIPS_ATC-Codes_SwissmedicNo5_Errors.txt HTTP/1.1" 200 11777 "-" "Mozilla/5.0 (compatible; bingbot/2.0; +http://www.bing.com/bingbot.htm)"
108.15.40.160 - - [19/Jan/2022:04:11:12 +0100] "GET /Miele/MieleLXIV HTTP/1.1" 200 15367 "https://www.postdicom.com/" "Mozilla/5.0 (Macintosh; Intel Mac OS X 10_15_7) AppleWebKit/537.36 (KHTML, like Gecko) Chrome/96.0.4664.110 Safari/537.36"
108.15.40.160 - - [19/Jan/2022:04:11:12 +0100] "GET /pub/skins/ywesee/gila.css HTTP/1.1" 200 8276 "https://www.ywesee.com/Miele/MieleLXIV" "Mozilla/5.0 (Macintosh; Intel Mac OS X 10_15_7) AppleWebKit/537.36 (KHTML, like Gecko) Chrome/96.0.4664.110 Safari/537.36"
108.15.40.160 - - [19/Jan/2022:04:11:12 +0100] "GET /favicon.ico HTTP/1.1" 200 1406 "https://www.ywesee.com/Miele/MieleLXIV" "Mozilla/5.0 (Macintosh; Intel Mac OS X 10_15_7) AppleWebKit/537.36 (KHTML, like Gecko) Chrome/96.0.4664.110 Safari/537.36"
62.210.215.119 - - [19/Jan/2022:04:15:23 +0100] "GET /Site/AllRecentChanges?action=rss HTTP/1.1" 200 2546 "-" "Mozilla/5.0 (X11; Linux i686) AppleWebKit/537.36 (KHTML, like Gecko) Chrome/30.0.1599.66 Safari/537.36"
51.222.253.19 - - [19/Jan/2022:04:19:43 +0100] "GET /robots.txt HTTP/1.1" 200 - "-" "Mozilla/5.0 (compatible; AhrefsBot/7.0; +http://ahrefs.com/robot/)"
205.169.39.82 - - [19/Jan/2022:04:42:57 +0100] "GET / HTTP/1.1" 200 10556 "-" "Mozilla/5.0 (Windows NT 6.1; Win64; x64) AppleWebKit/537.36 (KHTML, like Gecko) Chrome/83.0.4103.61 Safari/537.36"
205.169.39.82 - - [19/Jan/2022:04:43:00 +0100] "GET / HTTP/1.1" 200 10556 "-" "Mozilla/5.0 (Windows NT 10.0; Win64; x64) AppleWebKit/537.36 (KHTML, like Gecko) Chrome/79.0.3945.79 Safari/537.36"
205.169.39.82 - - [19/Jan/2022:04:43:01 +0100] "GET /pub/skins/ywesee/gila.css HTTP/1.1" 200 8276 "-" "Mozilla/5.0 (Windows NT 10.0; Win64; x64) AppleWebKit/537.36 (KHTML, like Gecko) Chrome/79.0.3945.79 Safari/537.36"
205.169.39.82 - - [19/Jan/2022:04:43:01 +0100] "GET /uploads/Main/yweseelogo.gif HTTP/1.1" 200 2982 "https://ywesee.com/" "Mozilla/5.0 (Windows NT 10.0; Win64; x64) AppleWebKit/537.36 (KHTML, like Gecko) Chrome/79.0.3945.79 Safari/537.36"
185.191.171.18 - - [19/Jan/2022:04:44:21 +0100] "GET /robots.txt HTTP/1.1" 200 - "-" "Mozilla/5.0 (compatible; SemrushBot/7~bl; +http://www.semrush.com/bot.html)"
185.191.171.11 - - [19/Jan/2022:04:44:22 +0100] "GET /AmiKo/Barcodes?action=upload HTTP/1.1" 403 18 "-" "Mozilla/5.0 (compatible; SemrushBot/7~bl; +http://www.semrush.com/bot.html)"
40.77.167.97 - - [19/Jan/2022:04:52:31 +0100] "GET /robots.txt HTTP/1.1" 200 - "-" "Mozilla/5.0 (compatible; bingbot/2.0; +http://www.bing.com/bingbot.htm)"
207.46.13.123 - - [19/Jan/2022:04:52:42 +0100] "GET /Generikacc/App?action=diff HTTP/1.1" 403 18 "-" "Mozilla/5.0 (compatible; bingbot/2.0; +http://www.bing.com/bingbot.htm)"
54.83.33.183 - - [19/Jan/2022:04:52:47 +0100] "GET / HTTP/1.1" 200 10556 "-" "python-requests/2.25.1"
54.83.33.183 - - [19/Jan/2022:04:52:48 +0100] "GET / HTTP/1.1" 200 10556 "-" "python-requests/2.25.1"
207.46.13.212 - - [19/Jan/2022:04:55:41 +0100] "GET /SpitalSchweiz/AnzahlBettenstationaer2012 HTTP/1.1" 200 9424 "-" "Mozilla/5.0 (compatible; bingbot/2.0; +http://www.bing.com/bingbot.htm)"
89.246.241.14 - - [19/Jan/2022:04:57:59 +0100] "GET / HTTP/1.1" 200 10556 "-" "Mozilla/5.0 (Windows NT 10.0; Win64; x64; rv:84.0) Gecko/20100101 Firefox/84.0"
54.83.33.183 - - [19/Jan/2022:04:58:14 +0100] "GET / HTTP/1.1" 200 10556 "-" "python-requests/2.25.1"
54.83.33.183 - - [19/Jan/2022:04:58:15 +0100] "GET / HTTP/1.1" 200 10556 "-" "python-requests/2.25.1"
131.220.6.152 - - [19/Jan/2022:04:59:26 +0100] "GET / HTTP/1.1" 200 10556 "-" "Mozilla/5.0 (X11; Linux x86_64) AppleWebKit/537.36 (KHTML, like Gecko) Chrome/79.0.3945.79 Safari/537.36"
114.119.137.68 - - [19/Jan/2022:05:01:16 +0100] "GET /robots.txt HTTP/1.1" 200 - "-" "Mozilla/5.0 (compatible;PetalBot;+https://webmaster.petalsearch.com/site/petalbot)"
54.83.33.183 - - [19/Jan/2022:05:05:48 +0100] "GET / HTTP/1.1" 200 10556 "-" "python-requests/2.25.1"
54.83.33.183 - - [19/Jan/2022:05:05:48 +0100] "GET / HTTP/1.1" 200 10556 "-" "python-requests/2.25.1"
54.36.148.119 - - [19/Jan/2022:05:06:58 +0100] "GET /Miele/MieleLXIV HTTP/1.1" 200 15367 "-" "Mozilla/5.0 (compatible; AhrefsBot/7.0; +http://ahrefs.com/robot/)"
168.119.65.43 - - [19/Jan/2022:05:06:59 +0100] "GET /pub/skins/ywesee/gila.css HTTP/1.1" 200 8276 "-" "Mozilla/5.0 (compatible; AhrefsBot/7.0; +http://ahrefs.com/robot/)"
54.36.148.247 - - [19/Jan/2022:05:11:18 +0100] "GET /Oddb2xml/DatenDownload HTTP/1.1" 200 8810 "-" "Mozilla/5.0 (compatible; AhrefsBot/7.0; +http://ahrefs.com/robot/)"
207.46.13.123 - - [19/Jan/2022:05:11:43 +0100] "GET / HTTP/1.1" 200 10556 "-" "Mozilla/5.0 (compatible; bingbot/2.0; +http://www.bing.com/bingbot.htm)"
207.46.13.138 - - [19/Jan/2022:05:13:06 +0100] "GET /Main/2014 HTTP/1.1" 200 19471 "-" "Mozilla/5.0 (compatible; bingbot/2.0; +http://www.bing.com/bingbot.htm)"
85.208.98.17 - - [19/Jan/2022:05:16:04 +0100] "GET / HTTP/1.1" 200 10556 "-" "SEMrushBot"
77.111.247.146 - - [19/Jan/2022:05:17:18 +0100] "GET / HTTP/1.1" 200 10556 "-" "Mozilla/5.0 (Windows NT 10.0; Win64; x64) AppleWebKit/537.36 (KHTML, like Gecko) Chrome/96.0.4664.110 Safari/537.36"
194.209.200.2 - - [19/Jan/2022:05:17:32 +0100] "GET /robots.txt HTTP/1.1" 200 - "-" "Mozilla/5.0 (compatible; TMMBot/0.2; +http://www.dslab.ch)/Nutch-1.15"
194.209.200.2 - - [19/Jan/2022:05:17:32 +0100] "GET /Ywesee/Team HTTP/1.1" 200 18245 "-" "Mozilla/5.0 (compatible; TMMBot/0.2; +http://www.dslab.ch)/Nutch-1.15"
54.36.148.50 - - [19/Jan/2022:05:19:48 +0100] "GET /Ywesee/Kindle HTTP/1.1" 200 8384 "-" "Mozilla/5.0 (compatible; AhrefsBot/7.0; +http://ahrefs.com/robot/)"
143.198.172.181 - - [19/Jan/2022:05:21:18 +0100] "GET / HTTP/1.1" 200 10556 "-" "Mozilla/5.0 (Windows NT 10.0; Win64; x64) AppleWebKit/537.36 (KHTML, like Gecko) Chrome/89.0.4389.114 Safari/537.36"
143.198.172.181 - - [19/Jan/2022:05:21:18 +0100] "GET /wp-includes/wlwmanifest.xml HTTP/1.1" 404 286 "-" "Mozilla/5.0 (Windows NT 10.0; Win64; x64) AppleWebKit/537.36 (KHTML, like Gecko) Chrome/89.0.4389.114 Safari/537.36"
143.198.172.181 - - [19/Jan/2022:05:21:18 +0100] "GET /xmlrpc.php?rsd HTTP/1.1" 404 269 "-" "Mozilla/5.0 (Windows NT 10.0; Win64; x64) AppleWebKit/537.36 (KHTML, like Gecko) Chrome/89.0.4389.114 Safari/537.36"
143.198.172.181 - - [19/Jan/2022:05:21:18 +0100] "GET / HTTP/1.1" 200 10556 "-" "Mozilla/5.0 (Windows NT 10.0; Win64; x64) AppleWebKit/537.36 (KHTML, like Gecko) Chrome/89.0.4389.114 Safari/537.36"
143.198.172.181 - - [19/Jan/2022:05:21:18 +0100] "GET /blog/wp-includes/wlwmanifest.xml HTTP/1.1" 404 291 "-" "Mozilla/5.0 (Windows NT 10.0; Win64; x64) AppleWebKit/537.36 (KHTML, like Gecko) Chrome/89.0.4389.114 Safari/537.36"
143.198.172.181 - - [19/Jan/2022:05:21:18 +0100] "GET /web/wp-includes/wlwmanifest.xml HTTP/1.1" 404 290 "-" "Mozilla/5.0 (Windows NT 10.0; Win64; x64) AppleWebKit/537.36 (KHTML, like Gecko) Chrome/89.0.4389.114 Safari/537.36"
143.198.172.181 - - [19/Jan/2022:05:21:19 +0100] "GET /wordpress/wp-includes/wlwmanifest.xml HTTP/1.1" 404 296 "-" "Mozilla/5.0 (Windows NT 10.0; Win64; x64) AppleWebKit/537.36 (KHTML, like Gecko) Chrome/89.0.4389.114 Safari/537.36"
143.198.172.181 - - [19/Jan/2022:05:21:19 +0100] "GET /website/wp-includes/wlwmanifest.xml HTTP/1.1" 404 294 "-" "Mozilla/5.0 (Windows NT 10.0; Win64; x64) AppleWebKit/537.36 (KHTML, like Gecko) Chrome/89.0.4389.114 Safari/537.36"
143.198.172.181 - - [19/Jan/2022:05:21:19 +0100] "GET /wp/wp-includes/wlwmanifest.xml HTTP/1.1" 404 289 "-" "Mozilla/5.0 (Windows NT 10.0; Win64; x64) AppleWebKit/537.36 (KHTML, like Gecko) Chrome/89.0.4389.114 Safari/537.36"
143.198.172.181 - - [19/Jan/2022:05:21:19 +0100] "GET /news/wp-includes/wlwmanifest.xml HTTP/1.1" 404 291 "-" "Mozilla/5.0 (Windows NT 10.0; Win64; x64) AppleWebKit/537.36 (KHTML, like Gecko) Chrome/89.0.4389.114 Safari/537.36"
143.198.172.181 - - [19/Jan/2022:05:21:19 +0100] "GET /2020/wp-includes/wlwmanifest.xml HTTP/1.1" 404 250 "-" "Mozilla/5.0 (Windows NT 10.0; Win64; x64) AppleWebKit/537.36 (KHTML, like Gecko) Chrome/89.0.4389.114 Safari/537.36"
143.198.172.181 - - [19/Jan/2022:05:21:19 +0100] "GET /2019/wp-includes/wlwmanifest.xml HTTP/1.1" 404 250 "-" "Mozilla/5.0 (Windows NT 10.0; Win64; x64) AppleWebKit/537.36 (KHTML, like Gecko) Chrome/89.0.4389.114 Safari/537.36"
143.198.172.181 - - [19/Jan/2022:05:21:19 +0100] "GET /shop/wp-includes/wlwmanifest.xml HTTP/1.1" 404 291 "-" "Mozilla/5.0 (Windows NT 10.0; Win64; x64) AppleWebKit/537.36 (KHTML, like Gecko) Chrome/89.0.4389.114 Safari/537.36"
143.198.172.181 - - [19/Jan/2022:05:21:19 +0100] "GET /wp1/wp-includes/wlwmanifest.xml HTTP/1.1" 404 290 "-" "Mozilla/5.0 (Windows NT 10.0; Win64; x64) AppleWebKit/537.36 (KHTML, like Gecko) Chrome/89.0.4389.114 Safari/537.36"
143.198.172.181 - - [19/Jan/2022:05:21:19 +0100] "GET /test/wp-includes/wlwmanifest.xml HTTP/1.1" 404 291 "-" "Mozilla/5.0 (Windows NT 10.0; Win64; x64) AppleWebKit/537.36 (KHTML, like Gecko) Chrome/89.0.4389.114 Safari/537.36"
143.198.172.181 - - [19/Jan/2022:05:21:19 +0100] "GET /wp2/wp-includes/wlwmanifest.xml HTTP/1.1" 404 290 "-" "Mozilla/5.0 (Windows NT 10.0; Win64; x64) AppleWebKit/537.36 (KHTML, like Gecko) Chrome/89.0.4389.114 Safari/537.36"
143.198.172.181 - - [19/Jan/2022:05:21:19 +0100] "GET /site/wp-includes/wlwmanifest.xml HTTP/1.1" 404 291 "-" "Mozilla/5.0 (Windows NT 10.0; Win64; x64) AppleWebKit/537.36 (KHTML, like Gecko) Chrome/89.0.4389.114 Safari/537.36"
143.198.172.181 - - [19/Jan/2022:05:21:20 +0100] "GET /cms/wp-includes/wlwmanifest.xml HTTP/1.1" 404 290 "-" "Mozilla/5.0 (Windows NT 10.0; Win64; x64) AppleWebKit/537.36 (KHTML, like Gecko) Chrome/89.0.4389.114 Safari/537.36"
143.198.172.181 - - [19/Jan/2022:05:21:20 +0100] "GET /sito/wp-includes/wlwmanifest.xml HTTP/1.1" 404 291 "-" "Mozilla/5.0 (Windows NT 10.0; Win64; x64) AppleWebKit/537.36 (KHTML, like Gecko) Chrome/89.0.4389.114 Safari/537.36"
66.249.66.154 - - [19/Jan/2022:05:32:33 +0100] "GET /de/gcc/show/reg/65263 HTTP/1.1" 404 280 "-" "Mozilla/5.0 (Linux; Android 6.0.1; Nexus 5X Build/MMB29P) AppleWebKit/537.36 (KHTML, like Gecko) Chrome/97.0.4692.71 Mobile Safari/537.36 (compatible; Googlebot/2.1; +http://www.google.com/bot.html)"
185.191.171.40 - - [19/Jan/2022:05:37:52 +0100] "GET /Main/SearchWiki?action=upload HTTP/1.1" 403 18 "-" "Mozilla/5.0 (compatible; SemrushBot/7~bl; +http://www.semrush.com/bot.html)"
185.191.171.17 - - [19/Jan/2022:05:39:37 +0100] "GET /AmiKo/Swisspeddose?action=diff HTTP/1.1" 403 18 "-" "Mozilla/5.0 (compatible; SemrushBot/7~bl; +http://www.semrush.com/bot.html)"
89.246.241.14 - - [19/Jan/2022:06:03:28 +0100] "GET /Main/Home?action=diff HTTP/1.1" 200 560178 "-" "Mozilla/5.0 (Windows NT 10.0; Win64; x64; rv:84.0) Gecko/20100101 Firefox/84.0"
118.184.177.79 - - [19/Jan/2022:06:06:29 +0100] "GET / HTTP/1.1" 200 10556 "-" "Sogou web spider/4.0(+http://www.sogou.com/docs/help/webmasters.htm#07)"
118.184.177.79 - - [19/Jan/2022:06:08:33 +0100] "GET / HTTP/1.1" 200 10556 "-" "Sogou web spider/4.0(+http://www.sogou.com/docs/help/webmasters.htm#07)"
185.191.171.40 - - [19/Jan/2022:06:11:51 +0100] "GET /robots.txt HTTP/1.1" 200 - "-" "Mozilla/5.0 (compatible; SemrushBot/7~bl; +http://www.semrush.com/bot.html)"
185.191.171.38 - - [19/Jan/2022:06:11:51 +0100] "GET /Ywesee/YDPM?action=print HTTP/1.1" 403 18 "-" "Mozilla/5.0 (compatible; SemrushBot/7~bl; +http://www.semrush.com/bot.html)"
54.36.148.76 - - [19/Jan/2022:06:15:41 +0100] "GET /Main/2006 HTTP/1.1" 200 39320 "-" "Mozilla/5.0 (compatible; AhrefsBot/7.0; +http://ahrefs.com/robot/)"
54.83.33.183 - - [19/Jan/2022:06:18:16 +0100] "GET / HTTP/1.1" 200 10556 "-" "python-requests/2.25.1"
54.83.33.183 - - [19/Jan/2022:06:18:17 +0100] "GET / HTTP/1.1" 200 10556 "-" "python-requests/2.25.1"
54.83.33.183 - - [19/Jan/2022:06:19:29 +0100] "GET / HTTP/1.1" 200 10556 "-" "python-requests/2.25.1"
54.83.33.183 - - [19/Jan/2022:06:19:30 +0100] "GET / HTTP/1.1" 200 10556 "-" "python-requests/2.25.1"
66.249.66.156 - - [19/Jan/2022:06:21:52 +0100] "GET /app-ads.txt HTTP/1.1" 404 270 "-" "Google-adstxt"
144.217.244.188 - - [19/Jan/2022:06:37:56 +0100] "GET /robots.txt HTTP/1.1" 200 - "-" "Mozilla/5.0 (compatible; YaK/1.0; http://linkfluence.com/; bot@linkfluence.com)"
144.217.244.188 - - [19/Jan/2022:06:37:57 +0100] "GET /Site/AllRecentChanges?action=rss HTTP/1.1" 200 2546 "-" "Mozilla/5.0 (compatible; YaK/1.0; http://linkfluence.com/; bot@linkfluence.com)"
207.46.13.138 - - [19/Jan/2022:06:44:08 +0100] "GET /Ywesee/InfoCodexProcedure?n=Main.SideBar?action=edit HTTP/1.1" 403 18 "-" "Mozilla/5.0 (compatible; bingbot/2.0; +http://www.bing.com/bingbot.htm)"
66.249.66.139 - - [19/Jan/2022:06:46:40 +0100] "GET /Ywesee/Kontakt HTTP/1.1" 200 8973 "-" "Mozilla/5.0 (Linux; Android 6.0.1; Nexus 5X Build/MMB29P) AppleWebKit/537.36 (KHTML, like Gecko) Chrome/97.0.4692.71 Mobile Safari/537.36 (compatible; Googlebot/2.1; +http://www.google.com/bot.html)"
207.46.13.212 - - [19/Jan/2022:06:48:07 +0100] "GET /de/gcc/fachinfo/reg/62829/chapter/kinetic HTTP/1.1" 404 300 "-" "Mozilla/5.0 (compatible; bingbot/2.0; +http://www.bing.com/bingbot.htm)"
66.249.66.205 - - [19/Jan/2022:06:52:51 +0100] "GET /ads.txt HTTP/1.1" 404 266 "-" "Mozilla/5.0 (compatible; Googlebot/2.1; +http://www.google.com/bot.html)"
85.208.98.18 - - [19/Jan/2022:06:57:31 +0100] "GET / HTTP/1.1" 200 10556 "-" "Mozilla/5.0 (compatible; SemrushBot; +http://www.semrush.com/bot.html)"
66.249.66.154 - - [19/Jan/2022:07:02:24 +0100] "GET / HTTP/1.1" 200 10556 "-" "Mozilla/5.0 (Linux; Android 6.0.1; Nexus 5X Build/MMB29P) AppleWebKit/537.36 (KHTML, like Gecko) Chrome/97.0.4692.71 Mobile Safari/537.36 (compatible; Googlebot/2.1; +http://www.google.com/bot.html)"
185.191.171.45 - - [19/Jan/2022:07:05:08 +0100] "GET /Main/2005?action=edit HTTP/1.1" 403 18 "-" "Mozilla/5.0 (compatible; SemrushBot/7~bl; +http://www.semrush.com/bot.html)"
185.191.171.9 - - [19/Jan/2022:07:07:30 +0100] "GET /Ywesee/ODBA?action=diff HTTP/1.1" 403 18 "-" "Mozilla/5.0 (compatible; SemrushBot/7~bl; +http://www.semrush.com/bot.html)"
62.210.215.119 - - [19/Jan/2022:07:11:20 +0100] "GET /Site/AllRecentChanges?action=rss HTTP/1.1" 200 2546 "-" "Mozilla/5.0 (X11; Linux i686) AppleWebKit/537.36 (KHTML, like Gecko) Chrome/30.0.1599.66 Safari/537.36"
77.220.51.210 - - [19/Jan/2022:07:21:04 +0100] "GET /apple-app-site-association HTTP/1.1" 404 289 "-" "Mozilla/5.0 (Windows NT 6.1; WOW64; rv:40.0) Gecko/20100101 Firefox/40.1"
77.220.51.210 - - [19/Jan/2022:07:21:05 +0100] "GET /apple-app-site-association HTTP/1.1" 404 289 "-" "Mozilla/5.0 (Windows NT 6.1; WOW64; rv:40.0) Gecko/20100101 Firefox/40.1"
95.105.127.152 - - [19/Jan/2022:07:21:07 +0100] "GET /apple-app-site-association HTTP/1.1" 404 285 "-" "Mozilla/5.0 (Windows NT 6.1; WOW64; rv:40.0) Gecko/20100101 Firefox/40.1"
77.220.51.210 - - [19/Jan/2022:07:21:07 +0100] "GET /apple-app-site-association HTTP/1.1" 404 285 "-" "Mozilla/5.0 (Windows NT 6.1; WOW64; rv:40.0) Gecko/20100101 Firefox/40.1"
77.220.51.210 - - [19/Jan/2022:07:21:08 +0100] "GET /.well-known/apple-app-site-association HTTP/1.1" 404 301 "-" "Mozilla/5.0 (Windows NT 6.1; WOW64; rv:40.0) Gecko/20100101 Firefox/40.1"
77.220.51.210 - - [19/Jan/2022:07:21:09 +0100] "GET /.well-known/apple-app-site-association HTTP/1.1" 404 301 "-" "Mozilla/5.0 (Windows NT 6.1; WOW64; rv:40.0) Gecko/20100101 Firefox/40.1"
95.105.127.152 - - [19/Jan/2022:07:21:11 +0100] "GET /.well-known/apple-app-site-association HTTP/1.1" 404 297 "-" "Mozilla/5.0 (Windows NT 6.1; WOW64; rv:40.0) Gecko/20100101 Firefox/40.1"
95.105.127.152 - - [19/Jan/2022:07:21:11 +0100] "GET /.well-known/apple-app-site-association HTTP/1.1" 404 297 "-" "Mozilla/5.0 (Windows NT 6.1; WOW64; rv:40.0) Gecko/20100101 Firefox/40.1"
49.7.20.103 - - [19/Jan/2022:07:24:44 +0100] "GET / HTTP/1.1" 200 10556 "-" "Sogou web spider/4.0(+http://www.sogou.com/docs/help/webmasters.htm#07)"
54.84.192.51 - - [19/Jan/2022:07:25:48 +0100] "GET /keybase.txt HTTP/1.1" 200 2659 "-" "keybase-proofs/2.3.24"
66.249.66.82 - - [19/Jan/2022:07:31:40 +0100] "GET /Main/2018 HTTP/1.1" 200 15425 "-" "Mozilla/5.0 (Linux; Android 6.0.1; Nexus 5X Build/MMB29P) AppleWebKit/537.36 (KHTML, like Gecko) Chrome/97.0.4692.71 Mobile Safari/537.36 (compatible; Googlebot/2.1; +http://www.google.com/bot.html)"
54.83.33.183 - - [19/Jan/2022:07:33:27 +0100] "GET / HTTP/1.1" 200 10556 "-" "python-requests/2.25.1"
54.83.33.183 - - [19/Jan/2022:07:33:27 +0100] "GET / HTTP/1.1" 200 10556 "-" "python-requests/2.25.1"
5.188.62.214 - - [19/Jan/2022:07:38:33 +0100] "GET / HTTP/1.1" 200 10556 "-" "Mozilla/5.0 (Windows NT 6.1) AppleWebKit/537.36 (KHTML, like Gecko) Chrome/41.0.2224.3 Safari/537.36"
5.9.151.57 - - [19/Jan/2022:07:42:29 +0100] "GET /robots.txt HTTP/1.1" 200 - "-" "Mozilla/5.0 (compatible; MJ12bot/v1.4.8; http://mj12bot.com/)"
5.9.151.57 - - [19/Jan/2022:07:42:30 +0100] "GET /AmiKo/Android HTTP/1.1" 200 10427 "-" "Mozilla/5.0 (compatible; MJ12bot/v1.4.8; http://mj12bot.com/)"
5.9.151.57 - - [19/Jan/2022:07:42:35 +0100] "GET /AmiKo/Index HTTP/1.1" 200 9511 "-" "Mozilla/5.0 (compatible; MJ12bot/v1.4.8; http://mj12bot.com/)"
5.9.151.57 - - [19/Jan/2022:07:42:38 +0100] "GET /Generikacc/App HTTP/1.1" 200 11862 "-" "Mozilla/5.0 (compatible; MJ12bot/v1.4.8; http://mj12bot.com/)"
5.9.151.57 - - [19/Jan/2022:07:42:41 +0100] "GET /ODDB/StammdatenCH HTTP/1.1" 200 9300 "-" "Mozilla/5.0 (compatible; MJ12bot/v1.4.8; http://mj12bot.com/)"
5.9.151.57 - - [19/Jan/2022:07:42:44 +0100] "GET /Oddb2xml/Index HTTP/1.1" 200 8983 "-" "Mozilla/5.0 (compatible; MJ12bot/v1.4.8; http://mj12bot.com/)"
5.9.151.57 - - [19/Jan/2022:07:42:48 +0100] "GET /Oddb2xml/Installation HTTP/1.1" 200 10391 "-" "Mozilla/5.0 (compatible; MJ12bot/v1.4.8; http://mj12bot.com/)"
5.9.151.57 - - [19/Jan/2022:07:42:51 +0100] "GET /Oddb2xml/XSD HTTP/1.1" 200 8519 "-" "Mozilla/5.0 (compatible; MJ12bot/v1.4.8; http://mj12bot.com/)"
5.9.151.57 - - [19/Jan/2022:07:42:53 +0100] "GET /Software/ReplaceYourHDD HTTP/1.1" 200 9604 "-" "Mozilla/5.0 (compatible; MJ12bot/v1.4.8; http://mj12bot.com/)"
5.9.151.57 - - [19/Jan/2022:07:42:56 +0100] "GET /Software/Spreadsheet HTTP/1.1" 200 8839 "-" "Mozilla/5.0 (compatible; MJ12bot/v1.4.8; http://mj12bot.com/)"
5.9.151.57 - - [19/Jan/2022:07:43:00 +0100] "GET /Software/YDIM HTTP/1.1" 200 8834 "-" "Mozilla/5.0 (compatible; MJ12bot/v1.4.8; http://mj12bot.com/)"
5.9.151.57 - - [19/Jan/2022:07:43:03 +0100] "GET /Ywesee/SBSM HTTP/1.1" 200 8449 "-" "Mozilla/5.0 (compatible; MJ12bot/v1.4.8; http://mj12bot.com/)"
5.9.151.57 - - [19/Jan/2022:07:43:07 +0100] "GET /pmwiki.php/Software/ODDB HTTP/1.1" 200 10298 "-" "Mozilla/5.0 (compatible; MJ12bot/v1.4.8; http://mj12bot.com/)"
5.9.151.57 - - [19/Jan/2022:07:43:11 +0100] "GET /pmwiki.php/Software/ReplaceYourHDD HTTP/1.1" 200 9604 "-" "Mozilla/5.0 (compatible; MJ12bot/v1.4.8; http://mj12bot.com/)"
5.9.151.57 - - [19/Jan/2022:07:43:14 +0100] "GET /uploads/Main/Bereinigte_Fassung_Schlussbericht_WEKO_Documed_AG.pdf HTTP/1.1" 200 6177031 "-" "Mozilla/5.0 (compatible; MJ12bot/v1.4.8; http://mj12bot.com/)"
5.9.151.57 - - [19/Jan/2022:07:43:17 +0100] "GET /uploads/Wiget/PhMPrescriber_V0_08.pdf HTTP/1.1" 200 164668 "-" "Mozilla/5.0 (compatible; MJ12bot/v1.4.8; http://mj12bot.com/)"
66.249.66.139 - - [19/Jan/2022:07:47:24 +0100] "GET /Miele/MieleLXIV HTTP/1.1" 200 15367 "-" "Mozilla/5.0 (Linux; Android 6.0.1; Nexus 5X Build/MMB29P) AppleWebKit/537.36 (KHTML, like Gecko) Chrome/97.0.4692.71 Mobile Safari/537.36 (compatible; Googlebot/2.1; +http://www.google.com/bot.html)"
194.209.200.2 - - [19/Jan/2022:07:54:34 +0100] "GET /robots.txt HTTP/1.1" 200 - "-" "Mozilla/5.0 (compatible; TMMBot/0.2; +http://www.dslab.ch)/Nutch-1.15"
194.209.200.2 - - [19/Jan/2022:07:54:34 +0100] "GET /Generikacc/App HTTP/1.1" 200 11862 "-" "Mozilla/5.0 (compatible; TMMBot/0.2; +http://www.dslab.ch)/Nutch-1.15"
106.195.0.8 - - [19/Jan/2022:07:57:38 +0100] "GET /uploads/Eggze/costas_1.jpg HTTP/1.1" 200 52373 "https://www.google.com/" "Mozilla/5.0 (Linux; Android 10; Mi A2) AppleWebKit/537.36 (KHTML, like Gecko) Chrome/78.0.3904.96 Mobile Safari/537.36"
89.246.241.14 - - [19/Jan/2022:07:57:49 +0100] "GET / HTTP/1.1" 200 10556 "-" "Mozilla/5.0 (Windows NT 10.0; Win64; x64; rv:84.0) Gecko/20100101 Firefox/84.0"
54.83.33.183 - - [19/Jan/2022:08:05:05 +0100] "GET / HTTP/1.1" 200 10556 "-" "python-requests/2.25.1"
54.83.33.183 - - [19/Jan/2022:08:05:06 +0100] "GET / HTTP/1.1" 200 10556 "-" "python-requests/2.25.1"
54.83.33.183 - - [19/Jan/2022:08:19:53 +0100] "GET / HTTP/1.1" 200 10556 "-" "python-requests/2.25.1"
54.83.33.183 - - [19/Jan/2022:08:19:54 +0100] "GET / HTTP/1.1" 200 10556 "-" "python-requests/2.25.1"
66.249.66.82 - - [19/Jan/2022:08:21:52 +0100] "GET /ads.txt HTTP/1.1" 404 270 "-" "Mozilla/5.0 (compatible; Googlebot/2.1; +http://www.google.com/bot.html)"
54.36.148.116 - - [19/Jan/2022:08:22:39 +0100] "GET /Main/2008 HTTP/1.1" 200 34740 "-" "Mozilla/5.0 (compatible; AhrefsBot/7.0; +http://ahrefs.com/robot/)"
66.249.66.82 - - [19/Jan/2022:08:22:48 +0100] "GET /Ywesee/KindleOniPhone HTTP/1.1" 200 10311 "-" "Mozilla/5.0 (Linux; Android 6.0.1; Nexus 5X Build/MMB29P) AppleWebKit/537.36 (KHTML, like Gecko) Chrome/97.0.4692.71 Mobile Safari/537.36 (compatible; Googlebot/2.1; +http://www.google.com/bot.html)"
54.83.33.183 - - [19/Jan/2022:08:24:15 +0100] "GET / HTTP/1.1" 200 10556 "-" "python-requests/2.25.1"
54.83.33.183 - - [19/Jan/2022:08:24:15 +0100] "GET / HTTP/1.1" 200 10556 "-" "python-requests/2.25.1"
54.83.33.183 - - [19/Jan/2022:08:25:48 +0100] "GET / HTTP/1.1" 200 10556 "-" "python-requests/2.25.1"
54.83.33.183 - - [19/Jan/2022:08:25:49 +0100] "GET / HTTP/1.1" 200 10556 "-" "python-requests/2.25.1"
120.143.4.197 - - [19/Jan/2022:08:29:03 +0100] "GET / HTTP/1.1" 200 10556 "https://lupine-software.com/" "Mozilla/5.0 (X11; Linux x86_64; rv:95.0) Gecko/20100101 Firefox/95.0"
120.143.4.197 - - [19/Jan/2022:08:29:04 +0100] "GET /pub/skins/ywesee/gila.css HTTP/1.1" 200 8276 "https://ywesee.com/" "Mozilla/5.0 (X11; Linux x86_64; rv:95.0) Gecko/20100101 Firefox/95.0"
120.143.4.197 - - [19/Jan/2022:08:29:04 +0100] "GET /uploads/Main/yweseelogo.gif HTTP/1.1" 200 2982 "https://ywesee.com/" "Mozilla/5.0 (X11; Linux x86_64; rv:95.0) Gecko/20100101 Firefox/95.0"
120.143.4.197 - - [19/Jan/2022:08:29:04 +0100] "GET /favicon.ico HTTP/1.1" 200 1406 "https://ywesee.com/" "Mozilla/5.0 (X11; Linux x86_64; rv:95.0) Gecko/20100101 Firefox/95.0"
66.249.66.82 - - [19/Jan/2022:08:29:39 +0100] "GET /Miele/MieleLXIVScreenshots HTTP/1.1" 200 8964 "-" "Mozilla/5.0 (Linux; Android 6.0.1; Nexus 5X Build/MMB29P) AppleWebKit/537.36 (KHTML, like Gecko) Chrome/97.0.4692.71 Mobile Safari/537.36 (compatible; Googlebot/2.1; +http://www.google.com/bot.html)"
123.125.109.136 - - [19/Jan/2022:08:37:29 +0100] "GET / HTTP/1.1" 200 10556 "-" "Sogou web spider/4.0(+http://www.sogou.com/docs/help/webmasters.htm#07)"
123.125.109.216 - - [19/Jan/2022:08:37:35 +0100] "GET / HTTP/1.1" 200 10556 "-" "Sogou web spider/4.0(+http://www.sogou.com/docs/help/webmasters.htm#07)"
123.125.109.86 - - [19/Jan/2022:08:38:45 +0100] "GET / HTTP/1.1" 200 10556 "-" "Sogou web spider/4.0(+http://www.sogou.com/docs/help/webmasters.htm#07)"
66.249.66.84 - - [19/Jan/2022:08:43:08 +0100] "GET /Ywesee/Team HTTP/1.1" 200 18245 "-" "Mozilla/5.0 (Linux; Android 6.0.1; Nexus 5X Build/MMB29P) AppleWebKit/537.36 (KHTML, like Gecko) Chrome/97.0.4692.71 Mobile Safari/537.36 (compatible; Googlebot/2.1; +http://www.google.com/bot.html)"
85.10.204.252 - - [19/Jan/2022:08:44:18 +0100] "GET / HTTP/1.1" 200 10556 "-" "Mozilla/5.0 (Windows; U; Windows NT 5.1; ru; rv:1.9.0.1) Gecko/2008070208"
45.129.18.100 - - [19/Jan/2022:08:52:34 +0100] "HEAD / HTTP/1.1" 200 - "-" "Mozilla/5.0 (Macintosh; Intel Mac OS X 10_9_3) AppleWebKit/537.36 (KHTML, like Gecko) Chrome/35.0.1916.47 Safari/537.36"
185.191.171.24 - - [19/Jan/2022:08:59:43 +0100] "GET /robots.txt HTTP/1.1" 200 - "-" "Mozilla/5.0 (compatible; SemrushBot/7~bl; +http://www.semrush.com/bot.html)"
185.191.171.45 - - [19/Jan/2022:08:59:43 +0100] "GET /Aips2sqlite/Release HTTP/1.1" 200 9851 "-" "Mozilla/5.0 (compatible; SemrushBot/7~bl; +http://www.semrush.com/bot.html)"
66.249.66.83 - - [19/Jan/2022:09:01:40 +0100] "GET /AmiKo/OSX HTTP/1.1" 200 9772 "-" "Mozilla/5.0 (Linux; Android 6.0.1; Nexus 5X Build/MMB29P) AppleWebKit/537.36 (KHTML, like Gecko) Chrome/97.0.4692.71 Mobile Safari/537.36 (compatible; Googlebot/2.1; +http://www.google.com/bot.html)"
5.255.253.186 - - [19/Jan/2022:09:02:18 +0100] "GET /robots.txt HTTP/1.1" 200 - "-" "Mozilla/5.0 (compatible; YandexBot/3.0; +http://yandex.com/bots)"
5.255.253.186 - - [19/Jan/2022:09:02:21 +0100] "GET / HTTP/1.1" 200 10556 "-" "Mozilla/5.0 (compatible; YandexBot/3.0; +http://yandex.com/bots)"
5.255.253.186 - - [19/Jan/2022:09:05:55 +0100] "GET / HTTP/1.1" 200 10556 "-" "Mozilla/5.0 (compatible; YandexBot/3.0; +http://yandex.com/bots)"
5.255.253.186 - - [19/Jan/2022:09:06:28 +0100] "GET / HTTP/1.1" 200 10556 "-" "Mozilla/5.0 (compatible; YandexBot/3.0; +http://yandex.com/bots)"
54.83.33.183 - - [19/Jan/2022:09:06:43 +0100] "GET / HTTP/1.1" 200 10556 "-" "python-requests/2.25.1"
54.83.33.183 - - [19/Jan/2022:09:06:43 +0100] "GET / HTTP/1.1" 200 10556 "-" "python-requests/2.25.1"
185.191.171.11 - - [19/Jan/2022:09:15:44 +0100] "GET /Ywesee/Team?action=upload HTTP/1.1" 403 18 "-" "Mozilla/5.0 (compatible; SemrushBot/7~bl; +http://www.semrush.com/bot.html)"
66.249.66.83 - - [19/Jan/2022:09:23:51 +0100] "GET /Refdatabase/PharmacodeLoeschung HTTP/1.1" 200 10134 "-" "Mozilla/5.0 (Linux; Android 6.0.1; Nexus 5X Build/MMB29P) AppleWebKit/537.36 (KHTML, like Gecko) Chrome/97.0.4692.71 Mobile Safari/537.36 (compatible; Googlebot/2.1; +http://www.google.com/bot.html)"
118.184.177.79 - - [19/Jan/2022:09:24:33 +0100] "GET / HTTP/1.1" 200 10556 "-" "Sogou web spider/4.0(+http://www.sogou.com/docs/help/webmasters.htm#07)"
89.246.241.14 - - [19/Jan/2022:09:30:39 +0100] "GET /Ywesee/Team HTTP/1.1" 200 18245 "-" "Mozilla/5.0 (Windows NT 10.0; Win64; x64; rv:84.0) Gecko/20100101 Firefox/84.0"
66.249.66.82 - - [19/Jan/2022:09:37:27 +0100] "GET /Main/2015 HTTP/1.1" 200 15908 "-" "Mozilla/5.0 (Linux; Android 6.0.1; Nexus 5X Build/MMB29P) AppleWebKit/537.36 (KHTML, like Gecko) Chrome/97.0.4692.71 Mobile Safari/537.36 (compatible; Googlebot/2.1; +http://www.google.com/bot.html)"
89.246.241.14 - - [19/Jan/2022:09:40:12 +0100] "GET /Main/Home?action=edit HTTP/1.1" 200 9271 "-" "Mozilla/5.0 (Windows NT 10.0; Win64; x64; rv:84.0) Gecko/20100101 Firefox/84.0"
89.246.241.14 - - [19/Jan/2022:09:40:17 +0100] "GET /ODDB/IntegrationLookAmpFeelGenerikasuche HTTP/1.1" 200 9097 "-" "Mozilla/5.0 (Windows NT 10.0; Win64; x64; rv:84.0) Gecko/20100101 Firefox/84.0"
185.191.171.10 - - [19/Jan/2022:09:41:10 +0100] "GET /SpitalSchweiz/AnzahlBettenstationaer2012 HTTP/1.1" 200 9424 "-" "Mozilla/5.0 (compatible; SemrushBot/7~bl; +http://www.semrush.com/bot.html)"
62.210.215.119 - - [19/Jan/2022:09:41:21 +0100] "GET /Site/AllRecentChanges?action=rss HTTP/1.1" 200 2546 "-" "Mozilla/5.0 (X11; Linux i686) AppleWebKit/537.36 (KHTML, like Gecko) Chrome/30.0.1599.66 Safari/537.36"
54.83.33.183 - - [19/Jan/2022:09:46:43 +0100] "GET / HTTP/1.1" 200 10556 "-" "python-requests/2.25.1"
54.83.33.183 - - [19/Jan/2022:09:46:44 +0100] "GET / HTTP/1.1" 200 10556 "-" "python-requests/2.25.1"
5.112.172.95 - - [19/Jan/2022:09:48:27 +0100] "GET /robots.txt HTTP/1.1" 200 - "-" "Mozilla/5.0 (Windows NT 10.0; Win64; x64) AppleWebKit/537.36 (KHTML, like Gecko) Chrome/97.0.4692.71 Safari/537.36"
5.112.172.95 - - [19/Jan/2022:09:48:27 +0100] "GET /Miele/MieleLXIV HTTP/1.1" 200 15367 "https://www.postdicom.com/" "Mozilla/5.0 (Windows NT 10.0; Win64; x64) AppleWebKit/537.36 (KHTML, like Gecko) Chrome/97.0.4692.71 Safari/537.36"
5.112.172.95 - - [19/Jan/2022:09:48:28 +0100] "GET /pub/skins/ywesee/gila.css HTTP/1.1" 200 8276 "https://www.ywesee.com/Miele/MieleLXIV" "Mozilla/5.0 (Windows NT 10.0; Win64; x64) AppleWebKit/537.36 (KHTML, like Gecko) Chrome/97.0.4692.71 Safari/537.36"
5.112.172.95 - - [19/Jan/2022:09:48:28 +0100] "GET /favicon.ico HTTP/1.1" 200 1406 "https://www.ywesee.com/Miele/MieleLXIV" "Mozilla/5.0 (Windows NT 10.0; Win64; x64) AppleWebKit/537.36 (KHTML, like Gecko) Chrome/97.0.4692.71 Safari/537.36"
185.191.171.42 - - [19/Jan/2022:09:48:54 +0100] "GET /Main/Saldo?action=diff HTTP/1.1" 403 18 "-" "Mozilla/5.0 (compatible; SemrushBot/7~bl; +http://www.semrush.com/bot.html)"
89.246.241.14 - - [19/Jan/2022:09:49:15 +0100] "GET /Ywesee/OpenSource HTTP/1.1" 200 10790 "-" "Mozilla/5.0 (Windows NT 10.0; Win64; x64; rv:84.0) Gecko/20100101 Firefox/84.0"
185.191.171.40 - - [19/Jan/2022:09:51:37 +0100] "GET /Ausschreibung/SAI?action=print HTTP/1.1" 403 18 "-" "Mozilla/5.0 (compatible; SemrushBot/7~bl; +http://www.semrush.com/bot.html)"
89.246.241.14 - - [19/Jan/2022:10:02:55 +0100] "GET /Ywesee/Events HTTP/1.1" 200 8918 "-" "Mozilla/5.0 (Windows NT 10.0; Win64; x64; rv:84.0) Gecko/20100101 Firefox/84.0"
185.191.171.6 - - [19/Jan/2022:10:13:33 +0100] "GET /robots.txt HTTP/1.1" 200 - "-" "Mozilla/5.0 (compatible; SemrushBot/7~bl; +http://www.semrush.com/bot.html)"
185.191.171.3 - - [19/Jan/2022:10:13:35 +0100] "GET /Ywesee/ODBA?action=edit HTTP/1.1" 403 18 "-" "Mozilla/5.0 (compatible; SemrushBot/7~bl; +http://www.semrush.com/bot.html)"
92.220.10.100 - - [19/Jan/2022:10:13:54 +0100] "GET /robots.txt HTTP/1.1" 200 - "-" "Mozilla/5.0 (compatible; MJ12bot/v1.4.8; http://mj12bot.com/)"
92.220.10.100 - - [19/Jan/2022:10:13:57 +0100] "GET /InfoCodex/Abstracts?action=edit HTTP/1.1" 403 18 "-" "Mozilla/5.0 (compatible; MJ12bot/v1.4.8; http://mj12bot.com/)"
92.220.10.100 - - [19/Jan/2022:10:14:03 +0100] "GET /InfoCodex/Dokumentenfamilien?action=edit HTTP/1.1" 403 18 "-" "Mozilla/5.0 (compatible; MJ12bot/v1.4.8; http://mj12bot.com/)"
92.220.10.100 - - [19/Jan/2022:10:14:05 +0100] "GET /InfoCodex/Index?action=edit HTTP/1.1" 403 18 "-" "Mozilla/5.0 (compatible; MJ12bot/v1.4.8; http://mj12bot.com/)"
92.220.10.100 - - [19/Jan/2022:10:14:08 +0100] "GET /InfoCodex/InfoCodex?action=edit HTTP/1.1" 403 18 "-" "Mozilla/5.0 (compatible; MJ12bot/v1.4.8; http://mj12bot.com/)"
92.220.10.100 - - [19/Jan/2022:10:14:10 +0100] "GET /InfoCodex/Vergleichsanalyse?action=edit HTTP/1.1" 403 18 "-" "Mozilla/5.0 (compatible; MJ12bot/v1.4.8; http://mj12bot.com/)"
66.249.66.137 - - [19/Jan/2022:10:18:10 +0100] "GET /Refdatabase/PharmacodeLoeschung?action=print HTTP/1.1" 403 18 "-" "Mozilla/5.0 (Linux; Android 6.0.1; Nexus 5X Build/MMB29P) AppleWebKit/537.36 (KHTML, like Gecko) Chrome/97.0.4692.71 Mobile Safari/537.36 (compatible; Googlebot/2.1; +http://www.google.com/bot.html)"
185.191.171.20 - - [19/Jan/2022:10:19:31 +0100] "GET /Oddb2xml/XSD?action=edit HTTP/1.1" 403 18 "-" "Mozilla/5.0 (compatible; SemrushBot/7~bl; +http://www.semrush.com/bot.html)"
89.246.241.14 - - [19/Jan/2022:10:28:07 +0100] "GET /Software/Spreadsheet HTTP/1.1" 200 8839 "-" "Mozilla/5.0 (Windows NT 10.0; Win64; x64; rv:84.0) Gecko/20100101 Firefox/84.0"
89.246.241.14 - - [19/Jan/2022:10:28:27 +0100] "GET /Software/ODDB HTTP/1.1" 200 10298 "-" "Mozilla/5.0 (Windows NT 10.0; Win64; x64; rv:84.0) Gecko/20100101 Firefox/84.0"
54.83.33.183 - - [19/Jan/2022:10:33:07 +0100] "GET / HTTP/1.1" 200 10556 "-" "python-requests/2.25.1"
54.83.33.183 - - [19/Jan/2022:10:33:07 +0100] "GET / HTTP/1.1" 200 10556 "-" "python-requests/2.25.1"
89.246.241.14 - - [19/Jan/2022:10:33:37 +0100] "GET /ODDB/StammdatenCH HTTP/1.1" 200 9300 "-" "Mozilla/5.0 (Windows NT 10.0; Win64; x64; rv:84.0) Gecko/20100101 Firefox/84.0"
89.246.241.14 - - [19/Jan/2022:10:34:35 +0100] "GET /Main/SideBar?action=edit HTTP/1.1" 200 9310 "-" "Mozilla/5.0 (Windows NT 10.0; Win64; x64; rv:84.0) Gecko/20100101 Firefox/84.0"
89.246.241.14 - - [19/Jan/2022:10:37:10 +0100] "GET /Software/YDIM HTTP/1.1" 200 8834 "-" "Mozilla/5.0 (Windows NT 10.0; Win64; x64; rv:84.0) Gecko/20100101 Firefox/84.0"
31.10.155.102 - - [19/Jan/2022:10:38:21 +0100] "GET /favicon.ico HTTP/1.1" 200 1406 "https://www.ywesee.com/uploads/Arks/Arks_The_Game.pdf" "Mozilla/5.0 (Windows NT 10.0; Win64; x64) AppleWebKit/537.36 (KHTML, like Gecko) Chrome/97.0.4692.71 Safari/537.36"
31.10.155.102 - - [19/Jan/2022:10:38:21 +0100] "GET /uploads/Arks/Arks_The_Game.pdf HTTP/1.1" 200 774337 "https://www.google.com/" "Mozilla/5.0 (Windows NT 10.0; Win64; x64) AppleWebKit/537.36 (KHTML, like Gecko) Chrome/97.0.4692.71 Safari/537.36"
52.21.91.140 - - [19/Jan/2022:10:38:40 +0100] "GET / HTTP/1.1" 200 10556 "-" "Mozilla/5.0 (Macintosh; Intel Mac OS X 10_13_4) AppleWebKit/537.36 (KHTML, like Gecko) Chrome/64.0.3282.186 Safari/537.36"
45.129.18.146 - - [19/Jan/2022:10:38:59 +0100] "HEAD / HTTP/1.1" 200 - "-" "Mozilla/5.0 (Macintosh; Intel Mac OS X 10_9_3) AppleWebKit/537.36 (KHTML, like Gecko) Chrome/35.0.1916.47 Safari/537.36"
89.246.241.14 - - [19/Jan/2022:10:40:41 +0100] "GET /AmiKo/Index HTTP/1.1" 200 9511 "-" "Mozilla/5.0 (Windows NT 10.0; Win64; x64; rv:84.0) Gecko/20100101 Firefox/84.0"
54.83.33.183 - - [19/Jan/2022:10:41:23 +0100] "GET / HTTP/1.1" 200 10556 "-" "python-requests/2.25.1"
54.83.33.183 - - [19/Jan/2022:10:41:23 +0100] "GET / HTTP/1.1" 200 10556 "-" "python-requests/2.25.1"
162.210.196.100 - - [19/Jan/2022:10:44:02 +0100] "GET /robots.txt HTTP/1.1" 200 - "-" "Mozilla/5.0 (compatible; MJ12bot/v1.4.8; http://mj12bot.com/)"
162.210.196.100 - - [19/Jan/2022:10:44:04 +0100] "GET / HTTP/1.1" 200 10556 "-" "Mozilla/5.0 (compatible; MJ12bot/v1.4.8; http://mj12bot.com/)"
162.210.196.100 - - [19/Jan/2022:10:44:13 +0100] "GET / HTTP/1.1" 200 10556 "-" "Mozilla/5.0 (compatible; MJ12bot/v1.4.8; http://mj12bot.com/)"
89.246.241.14 - - [19/Jan/2022:10:48:17 +0100] "GET /Main/DocumedGalenicaVsYwesee HTTP/1.1" 200 34932 "-" "Mozilla/5.0 (Windows NT 10.0; Win64; x64; rv:84.0) Gecko/20100101 Firefox/84.0"
89.246.241.14 - - [19/Jan/2022:10:48:28 +0100] "GET /Main/DocumedGalenicaVsYwesee?action=edit HTTP/1.1" 200 9519 "-" "Mozilla/5.0 (Windows NT 10.0; Win64; x64; rv:84.0) Gecko/20100101 Firefox/84.0"
89.246.241.14 - - [19/Jan/2022:10:48:33 +0100] "GET /Main/DocumedGalenicaVsYwesee?n=Main.SideBar?action=edit HTTP/1.1" 200 9341 "-" "Mozilla/5.0 (Windows NT 10.0; Win64; x64; rv:84.0) Gecko/20100101 Firefox/84.0"
89.246.241.14 - - [19/Jan/2022:10:48:39 +0100] "GET /Main/DocumedGalenicaVsYwesee?action=upload HTTP/1.1" 200 8985 "-" "Mozilla/5.0 (Windows NT 10.0; Win64; x64; rv:84.0) Gecko/20100101 Firefox/84.0"
89.246.241.14 - - [19/Jan/2022:10:48:44 +0100] "GET /Main/DocumedGalenicaVsYwesee?action=print HTTP/1.1" 200 29442 "-" "Mozilla/5.0 (Windows NT 10.0; Win64; x64; rv:84.0) Gecko/20100101 Firefox/84.0"
89.246.241.14 - - [19/Jan/2022:10:48:50 +0100] "GET /Main/DocumedGalenicaVsYwesee?action=diff HTTP/1.1" 200 115076 "-" "Mozilla/5.0 (Windows NT 10.0; Win64; x64; rv:84.0) Gecko/20100101 Firefox/84.0"
89.246.241.14 - - [19/Jan/2022:10:54:15 +0100] "GET /AmiKo/OSX HTTP/1.1" 200 9772 "-" "Mozilla/5.0 (Windows NT 10.0; Win64; x64; rv:84.0) Gecko/20100101 Firefox/84.0"
89.246.241.14 - - [19/Jan/2022:10:54:53 +0100] "GET /Generikacc/App HTTP/1.1" 200 11862 "-" "Mozilla/5.0 (Windows NT 10.0; Win64; x64; rv:84.0) Gecko/20100101 Firefox/84.0"
89.246.241.14 - - [19/Jan/2022:10:58:18 +0100] "GET /CoMed/ASPP HTTP/1.1" 200 13118 "-" "Mozilla/5.0 (Windows NT 10.0; Win64; x64; rv:84.0) Gecko/20100101 Firefox/84.0"
89.246.241.14 - - [19/Jan/2022:10:58:55 +0100] "GET /Software/BBMB HTTP/1.1" 200 9385 "-" "Mozilla/5.0 (Windows NT 10.0; Win64; x64; rv:84.0) Gecko/20100101 Firefox/84.0"
114.119.137.220 - - [19/Jan/2022:10:59:51 +0100] "GET /robots.txt HTTP/1.1" 200 - "-" "Mozilla/5.0 (compatible;PetalBot;+https://webmaster.petalsearch.com/site/petalbot)"
93.202.131.16 - - [19/Jan/2022:11:01:57 +0100] "GET /Miele/MieleLXIV HTTP/1.1" 200 15367 "-" "Mozilla/5.0 (Macintosh; Intel Mac OS X 10_15_7) AppleWebKit/605.1.15 (KHTML, like Gecko) Version/15.2 Safari/605.1.15"
93.202.131.16 - - [19/Jan/2022:11:01:57 +0100] "GET /pub/skins/ywesee/gila.css HTTP/1.1" 200 8276 "https://www.ywesee.com/Miele/MieleLXIV" "Mozilla/5.0 (Macintosh; Intel Mac OS X 10_15_7) AppleWebKit/605.1.15 (KHTML, like Gecko) Version/15.2 Safari/605.1.15"
