194.209.200.2 - - [20/Dec/2022:00:00:16 +0100] "GET /Main/2012 HTTP/1.1" 200 31941 "-" "Mozilla/5.0 (compatible; TMMBot/0.2; +http://www.dslab.ch)/Nutch-1.15"
82.165.85.46 - - [20/Dec/2022:00:00:17 +0100] "GET / HTTP/1.1" 200 14420 "-" "-"
194.209.200.2 - - [20/Dec/2022:00:00:34 +0100] "GET /Main/ComCo19122016 HTTP/1.1" 200 10547 "-" "Mozilla/5.0 (compatible; TMMBot/0.2; +http://www.dslab.ch)/Nutch-1.15"
194.209.200.2 - - [20/Dec/2022:00:00:44 +0100] "GET /Ywesee/About HTTP/1.1" 200 9132 "-" "Mozilla/5.0 (compatible; TMMBot/0.2; +http://www.dslab.ch)/Nutch-1.15"
142.93.76.24 - - [20/Dec/2022:00:01:15 +0100] "GET /app-ads.txt HTTP/1.1" 404 270 "http://ywesee.com/app-ads.txt" "Mozilla/5.0 (Macintosh; Intel Mac OS X 10_11_3) AppleWebKit/537.36 (KHTML, like Gecko) Chrome/48.0.2564.109 Safari/537.36"
142.93.76.24 - - [20/Dec/2022:00:01:16 +0100] "GET /app-ads.txt HTTP/1.1" 404 270 "http://www.ywesee.com/app-ads.txt" "Mozilla/5.0 (Macintosh; Intel Mac OS X 10_11_3) AppleWebKit/537.36 (KHTML, like Gecko) Chrome/48.0.2564.109 Safari/537.36"
142.93.76.24 - - [20/Dec/2022:00:01:16 +0100] "GET /app-ads.txt HTTP/1.1" 404 270 "-" "Mozilla/5.0 (Macintosh; Intel Mac OS X 10_11_3) AppleWebKit/537.36 (KHTML, like Gecko) Chrome/48.0.2564.109 Safari/537.36"
142.93.76.24 - - [20/Dec/2022:00:01:17 +0100] "GET /app-ads.txt HTTP/1.1" 404 270 "http://www.ywesee.com/app-ads.txt" "Mozilla/5.0 (Macintosh; Intel Mac OS X 10_11_3) AppleWebKit/537.36 (KHTML, like Gecko) Chrome/48.0.2564.109 Safari/537.36"
142.93.76.24 - - [20/Dec/2022:00:01:17 +0100] "GET /app-ads.txt HTTP/1.1" 404 274 "-" "Mozilla/5.0 (Macintosh; Intel Mac OS X 10_11_3) AppleWebKit/537.36 (KHTML, like Gecko) Chrome/48.0.2564.109 Safari/537.36"
142.93.76.24 - - [20/Dec/2022:00:01:18 +0100] "GET /ads.txt HTTP/1.1" 404 266 "http://ywesee.com/ads.txt" "Mozilla/5.0 (Macintosh; Intel Mac OS X 10_11_3) AppleWebKit/537.36 (KHTML, like Gecko) Chrome/48.0.2564.109 Safari/537.36"
142.93.76.24 - - [20/Dec/2022:00:01:18 +0100] "GET /ads.txt HTTP/1.1" 404 266 "http://www.ywesee.com/ads.txt" "Mozilla/5.0 (Macintosh; Intel Mac OS X 10_11_3) AppleWebKit/537.36 (KHTML, like Gecko) Chrome/48.0.2564.109 Safari/537.36"
142.93.76.24 - - [20/Dec/2022:00:01:19 +0100] "GET /ads.txt HTTP/1.1" 404 266 "-" "Mozilla/5.0 (Macintosh; Intel Mac OS X 10_11_3) AppleWebKit/537.36 (KHTML, like Gecko) Chrome/48.0.2564.109 Safari/537.36"
142.93.76.24 - - [20/Dec/2022:00:01:19 +0100] "GET /ads.txt HTTP/1.1" 404 266 "http://www.ywesee.com/ads.txt" "Mozilla/5.0 (Macintosh; Intel Mac OS X 10_11_3) AppleWebKit/537.36 (KHTML, like Gecko) Chrome/48.0.2564.109 Safari/537.36"
142.93.76.24 - - [20/Dec/2022:00:01:20 +0100] "GET /ads.txt HTTP/1.1" 404 270 "-" "Mozilla/5.0 (Macintosh; Intel Mac OS X 10_11_3) AppleWebKit/537.36 (KHTML, like Gecko) Chrome/48.0.2564.109 Safari/537.36"
185.191.171.11 - - [20/Dec/2022:00:01:50 +0100] "GET /robots.txt HTTP/1.1" 200 - "-" "Mozilla/5.0 (compatible; SemrushBot/7~bl; +http://www.semrush.com/bot.html)"
185.191.171.41 - - [20/Dec/2022:00:01:51 +0100] "GET /Main/2017 HTTP/1.1" 200 15840 "-" "Mozilla/5.0 (compatible; SemrushBot/7~bl; +http://www.semrush.com/bot.html)"
100.26.127.17 - - [20/Dec/2022:00:02:06 +0100] "GET /robots.txt HTTP/1.1" 200 - "-" "Mozilla/5.0 (compatible; Neevabot/1.0; +https://neeva.com/neevabot)"
100.26.127.17 - - [20/Dec/2022:00:02:18 +0100] "GET /uploads/Main/Saldo_12.9.2007.pdf HTTP/1.1" 200 6147 "-" "Mozilla/5.0 (compatible; Neevabot/1.0; +https://neeva.com/neevabot)"
54.36.148.34 - - [20/Dec/2022:00:02:53 +0100] "GET / HTTP/1.1" 200 14420 "-" "Mozilla/5.0 (compatible; AhrefsBot/7.0; +http://ahrefs.com/robot/)"
185.191.171.11 - - [20/Dec/2022:00:03:43 +0100] "GET /Main/2005 HTTP/1.1" 200 63344 "-" "Mozilla/5.0 (compatible; SemrushBot/7~bl; +http://www.semrush.com/bot.html)"
114.119.135.32 - - [20/Dec/2022:00:07:50 +0100] "GET /uploads/Main/amiko_owner_report_fr.html HTTP/1.1" 200 6637 "https://www.ywesee.com/Main/2019" "Mozilla/5.0 (Linux; Android 7.0;) AppleWebKit/537.36 (KHTML, like Gecko) Mobile Safari/537.36 (compatible; PetalBot;+https://webmaster.petalsearch.com/site/petalbot)"
52.23.200.84 - - [20/Dec/2022:00:12:00 +0100] "GET /Site/AllRecentChanges?action=rss HTTP/1.1" 200 2548 "https://www.google.com/" "Mozilla/5.0 (Macintosh; Intel Mac OS X 10_15_3) AppleWebKit/537.36 (KHTML, like Gecko) Chrome/80.0.3987.122 Safari/537.36"
64.71.157.121 - - [20/Dec/2022:00:12:17 +0100] "GET /pmwiki.php/Site/AllRecentChanges?action=rss HTTP/1.1" 200 2548 "-" "Feedbin feed-id:590358 - 1 subscribers"
123.183.224.72 - - [20/Dec/2022:00:13:47 +0100] "GET / HTTP/1.1" 200 14420 "-" "Sogou web spider/4.0(+http://www.sogou.com/docs/help/webmasters.htm#07)"
54.190.9.171 - - [20/Dec/2022:00:16:10 +0100] "GET / HTTP/1.1" 200 14420 "-" "Opera/9.80 (X11; Linux x86_64; U; bg) Presto/2.8.131 Version/11.10"
54.36.149.7 - - [20/Dec/2022:00:17:45 +0100] "GET / HTTP/1.1" 200 14420 "-" "Mozilla/5.0 (compatible; AhrefsBot/7.0; +http://ahrefs.com/robot/)"
185.191.171.21 - - [20/Dec/2022:00:18:01 +0100] "GET /robots.txt HTTP/1.1" 200 - "-" "Mozilla/5.0 (compatible; SemrushBot/7~bl; +http://www.semrush.com/bot.html)"
185.191.171.44 - - [20/Dec/2022:00:18:02 +0100] "GET /Main/Saldo HTTP/1.1" 200 8416 "-" "Mozilla/5.0 (compatible; SemrushBot/7~bl; +http://www.semrush.com/bot.html)"
194.209.200.2 - - [20/Dec/2022:00:30:24 +0100] "GET /robots.txt HTTP/1.1" 200 - "-" "Mozilla/5.0 (compatible; TMMBot/0.2; +http://www.dslab.ch)/Nutch-1.15"
194.209.200.2 - - [20/Dec/2022:00:30:24 +0100] "GET /Miele/MieleLXIV HTTP/1.1" 200 15367 "-" "Mozilla/5.0 (compatible; TMMBot/0.2; +http://www.dslab.ch)/Nutch-1.15"
17.241.227.107 - - [20/Dec/2022:00:31:46 +0100] "GET /Main/2016?action=print HTTP/1.1" 403 18 "-" "Mozilla/5.0 (Macintosh; Intel Mac OS X 10_15_5) AppleWebKit/605.1.15 (KHTML, like Gecko) Version/13.1.1 Safari/605.1.15 (Applebot/0.1; +http://www.apple.com/go/applebot)"
194.209.200.2 - - [20/Dec/2022:00:32:28 +0100] "GET /Main/2006 HTTP/1.1" 200 39320 "-" "Mozilla/5.0 (compatible; TMMBot/0.2; +http://www.dslab.ch)/Nutch-1.15"
194.209.200.2 - - [20/Dec/2022:00:32:37 +0100] "GET /Main/2004 HTTP/1.1" 200 14080 "-" "Mozilla/5.0 (compatible; TMMBot/0.2; +http://www.dslab.ch)/Nutch-1.15"
194.209.200.2 - - [20/Dec/2022:00:32:49 +0100] "GET /Main/2015 HTTP/1.1" 200 15908 "-" "Mozilla/5.0 (compatible; TMMBot/0.2; +http://www.dslab.ch)/Nutch-1.15"
194.209.200.2 - - [20/Dec/2022:00:33:45 +0100] "GET /AmiKo/OSX HTTP/1.1" 200 9772 "-" "Mozilla/5.0 (compatible; TMMBot/0.2; +http://www.dslab.ch)/Nutch-1.15"
194.209.200.2 - - [20/Dec/2022:00:34:22 +0100] "GET /robots.txt HTTP/1.1" 200 - "-" "Mozilla/5.0 (compatible; TMMBot/0.2; +http://www.dslab.ch)/Nutch-1.15"
65.108.6.34 - - [20/Dec/2022:00:34:43 +0100] "GET /pmwiki.php/ODDB/MD HTTP/1.1" 200 12184 "http://www.ywesee.com/pmwiki.php/ODDB/MD" "Mozilla/5.0 (compatible; SEOkicks; +https://www.seokicks.de/robot.html)"
65.108.6.34 - - [20/Dec/2022:00:34:44 +0100] "GET /pmwiki.php/Software/ChODDB HTTP/1.1" 200 8467 "http://www.ywesee.com/pmwiki.php/Software/ChODDB" "Mozilla/5.0 (compatible; SEOkicks; +https://www.seokicks.de/robot.html)"
65.108.6.34 - - [20/Dec/2022:00:34:46 +0100] "GET /pmwiki.php/Software/XMLBAG HTTP/1.1" 200 10258 "http://www.ywesee.com/pmwiki.php/Software/XMLBAG" "Mozilla/5.0 (compatible; SEOkicks; +https://www.seokicks.de/robot.html)"
65.108.6.34 - - [20/Dec/2022:00:34:48 +0100] "GET /pmwiki.php/BAG/Preismutationscode HTTP/1.1" 200 11186 "http://www.ywesee.com/pmwiki.php/BAG/Preismutationscode" "Mozilla/5.0 (compatible; SEOkicks; +https://www.seokicks.de/robot.html)"
65.108.6.34 - - [20/Dec/2022:00:34:49 +0100] "GET /pmwiki.php/Main/BAG HTTP/1.1" 200 9430 "http://www.ywesee.com/pmwiki.php/Main/BAG" "Mozilla/5.0 (compatible; SEOkicks; +https://www.seokicks.de/robot.html)"
65.108.6.34 - - [20/Dec/2022:00:34:51 +0100] "GET /pmwiki.php/Main/DocumedGalenicaVsYwesee HTTP/1.1" 200 35251 "http://www.ywesee.com/pmwiki.php/Main/DocumedGalenicaVsYwesee" "Mozilla/5.0 (compatible; SEOkicks; +https://www.seokicks.de/robot.html)"
65.108.6.34 - - [20/Dec/2022:00:34:52 +0100] "GET /pmwiki.php/Main/2007 HTTP/1.1" 200 50639 "http://www.ywesee.com/pmwiki.php/Main/2007" "Mozilla/5.0 (compatible; SEOkicks; +https://www.seokicks.de/robot.html)"
194.209.200.2 - - [20/Dec/2022:00:34:53 +0100] "GET /AmiKo/Web HTTP/1.1" 200 9588 "-" "Mozilla/5.0 (compatible; TMMBot/0.2; +http://www.dslab.ch)/Nutch-1.15"
65.108.6.34 - - [20/Dec/2022:00:34:55 +0100] "GET /pmwiki.php/Main/WechselwirkungSoftware HTTP/1.1" 200 10410 "http://www.ywesee.com/pmwiki.php/Main/WechselwirkungSoftware" "Mozilla/5.0 (compatible; SEOkicks; +https://www.seokicks.de/robot.html)"
65.108.6.34 - - [20/Dec/2022:00:34:57 +0100] "GET /pmwiki.php/Main/WekoBlog HTTP/1.1" 200 22209 "http://www.ywesee.com/pmwiki.php/Main/WekoBlog" "Mozilla/5.0 (compatible; SEOkicks; +https://www.seokicks.de/robot.html)"
65.108.6.34 - - [20/Dec/2022:00:34:59 +0100] "GET /uploads/Main/Amtlich_geforderte_Rohdaten.txt HTTP/1.1" 200 5724 "http://www.ywesee.com/uploads/Main/Amtlich_geforderte_Rohdaten.txt" "Mozilla/5.0 (compatible; SEOkicks; +https://www.seokicks.de/robot.html)"
194.209.200.2 - - [20/Dec/2022:00:34:59 +0100] "GET /Generikacc/App HTTP/1.1" 200 11862 "-" "Mozilla/5.0 (compatible; TMMBot/0.2; +http://www.dslab.ch)/Nutch-1.15"
65.108.6.34 - - [20/Dec/2022:00:35:00 +0100] "GET /uploads/Main/Kommentar_Akteneinscht_32-1078_20.3.2007.txt HTTP/1.1" 200 22868 "http://www.ywesee.com/uploads/Main/Kommentar_Akteneinscht_32-1078_20.3.2007.txt" "Mozilla/5.0 (compatible; SEOkicks; +https://www.seokicks.de/robot.html)"
65.108.6.34 - - [20/Dec/2022:00:35:03 +0100] "GET /Main/ComCo19122016?action=edit HTTP/1.1" 403 18 "https://www.ywesee.com/Main/ComCo19122016" "Mozilla/5.0 (compatible; SEOkicks; +https://www.seokicks.de/robot.html)"
65.108.6.34 - - [20/Dec/2022:00:35:04 +0100] "GET /Main/ComCo19122016?n=Main.SideBar?action=edit HTTP/1.1" 403 18 "https://www.ywesee.com/Main/ComCo19122016" "Mozilla/5.0 (compatible; SEOkicks; +https://www.seokicks.de/robot.html)"
65.108.6.34 - - [20/Dec/2022:00:35:06 +0100] "GET /Main/ComCo19122016?action=upload HTTP/1.1" 403 18 "https://www.ywesee.com/Main/ComCo19122016" "Mozilla/5.0 (compatible; SEOkicks; +https://www.seokicks.de/robot.html)"
65.108.6.34 - - [20/Dec/2022:00:35:08 +0100] "GET /Main/ComCo19122016?action=print HTTP/1.1" 403 18 "https://www.ywesee.com/Main/ComCo19122016" "Mozilla/5.0 (compatible; SEOkicks; +https://www.seokicks.de/robot.html)"
65.108.6.34 - - [20/Dec/2022:00:35:09 +0100] "GET /Main/ComCo19122016?action=diff HTTP/1.1" 403 18 "https://www.ywesee.com/Main/ComCo19122016" "Mozilla/5.0 (compatible; SEOkicks; +https://www.seokicks.de/robot.html)"
65.108.6.34 - - [20/Dec/2022:00:35:10 +0100] "GET /Main/Index?action=edit HTTP/1.1" 403 18 "https://www.ywesee.com/Main/Index" "Mozilla/5.0 (compatible; SEOkicks; +https://www.seokicks.de/robot.html)"
65.108.6.34 - - [20/Dec/2022:00:35:12 +0100] "GET /Main/Index?n=Main.SideBar?action=edit HTTP/1.1" 403 18 "https://www.ywesee.com/Main/Index" "Mozilla/5.0 (compatible; SEOkicks; +https://www.seokicks.de/robot.html)"
65.108.6.34 - - [20/Dec/2022:00:35:13 +0100] "GET /Main/Index?action=upload HTTP/1.1" 403 18 "https://www.ywesee.com/Main/Index" "Mozilla/5.0 (compatible; SEOkicks; +https://www.seokicks.de/robot.html)"
65.108.6.34 - - [20/Dec/2022:00:35:14 +0100] "GET /Main/Index?action=print HTTP/1.1" 403 18 "https://www.ywesee.com/Main/Index" "Mozilla/5.0 (compatible; SEOkicks; +https://www.seokicks.de/robot.html)"
65.108.6.34 - - [20/Dec/2022:00:35:16 +0100] "GET /Main/Index?action=diff HTTP/1.1" 403 18 "https://www.ywesee.com/Main/Index" "Mozilla/5.0 (compatible; SEOkicks; +https://www.seokicks.de/robot.html)"
65.108.6.34 - - [20/Dec/2022:00:35:17 +0100] "GET /AmiKo/GNU/Emacs HTTP/1.1" 404 250 "https://www.ywesee.com/AmiKo/Index" "Mozilla/5.0 (compatible; SEOkicks; +https://www.seokicks.de/robot.html)"
194.209.200.2 - - [20/Dec/2022:00:36:58 +0100] "GET /Main/2012 HTTP/1.1" 200 31941 "-" "Mozilla/5.0 (compatible; TMMBot/0.2; +http://www.dslab.ch)/Nutch-1.15"
194.209.200.2 - - [20/Dec/2022:00:37:05 +0100] "GET /ODDB/IntegrationLookAmpFeelGenerikasuche HTTP/1.1" 200 9097 "-" "Mozilla/5.0 (compatible; TMMBot/0.2; +http://www.dslab.ch)/Nutch-1.15"
194.209.200.2 - - [20/Dec/2022:00:37:15 +0100] "GET /Main/ComCo19122016 HTTP/1.1" 200 10547 "-" "Mozilla/5.0 (compatible; TMMBot/0.2; +http://www.dslab.ch)/Nutch-1.15"
64.233.172.206 - - [20/Dec/2022:00:37:17 +0100] "HEAD /pmwiki.php/Site/AllRecentChanges?action=rss HTTP/1.1" 200 - "-" "FeedBurner/1.0 (http://www.FeedBurner.com)"
64.233.172.206 - - [20/Dec/2022:00:37:20 +0100] "GET /pmwiki.php/Site/AllRecentChanges?action=rss HTTP/1.1" 200 2548 "-" "FeedBurner/1.0 (http://www.FeedBurner.com)"
194.209.200.2 - - [20/Dec/2022:00:37:24 +0100] "GET /Ywesee/About HTTP/1.1" 200 9132 "-" "Mozilla/5.0 (compatible; TMMBot/0.2; +http://www.dslab.ch)/Nutch-1.15"
85.208.98.18 - - [20/Dec/2022:00:43:25 +0100] "GET /robots.txt HTTP/1.1" 200 - "http://ywesee.com/robots.txt" "Mozilla/5.0 (compatible; SemrushBot; +http://www.semrush.com/bot.html)"
64.71.157.122 - - [20/Dec/2022:00:47:16 +0100] "GET /pmwiki.php/Site/AllRecentChanges?action=rss HTTP/1.1" 200 2548 "-" "Feedbin feed-id:590358 - 1 subscribers"
17.241.75.249 - - [20/Dec/2022:00:49:12 +0100] "GET /Main/2020?action=upload HTTP/1.1" 403 18 "-" "Mozilla/5.0 (Macintosh; Intel Mac OS X 10_15_5) AppleWebKit/605.1.15 (KHTML, like Gecko) Version/13.1.1 Safari/605.1.15 (Applebot/0.1; +http://www.apple.com/go/applebot)"
65.21.185.40 - - [20/Dec/2022:00:50:17 +0100] "GET /robots.txt HTTP/1.1" 200 - "-" "Mozilla/5.0 (Windows; U; Windows NT 5.1; en-US; rv:1.8.1.6) Gecko/20070725 Firefox/2.0.0.6"
194.209.200.2 - - [20/Dec/2022:01:13:14 +0100] "GET /robots.txt HTTP/1.1" 200 - "-" "Mozilla/5.0 (compatible; TMMBot/0.2; +http://www.dslab.ch)/Nutch-1.15"
194.209.200.2 - - [20/Dec/2022:01:13:14 +0100] "GET /Miele/MieleLXIV HTTP/1.1" 200 15367 "-" "Mozilla/5.0 (compatible; TMMBot/0.2; +http://www.dslab.ch)/Nutch-1.15"
85.208.98.18 - - [20/Dec/2022:01:14:30 +0100] "GET /robots.txt HTTP/1.1" 200 - "http://ywesee.com/robots.txt" "Mozilla/5.0 (compatible; SemrushBot; +http://www.semrush.com/bot.html)"
51.178.30.245 - - [20/Dec/2022:01:14:31 +0100] "GET /db/ywesee-db.sql.tar HTTP/1.1" 404 279 "-" "Firefox"
194.209.200.2 - - [20/Dec/2022:01:15:33 +0100] "GET /Main/2006 HTTP/1.1" 200 39320 "-" "Mozilla/5.0 (compatible; TMMBot/0.2; +http://www.dslab.ch)/Nutch-1.15"
65.108.6.34 - - [20/Dec/2022:01:15:37 +0100] "GET /pmwiki.php/Main/FachinformationUmfrage HTTP/1.1" 200 9294 "http://www.ywesee.com/pmwiki.php/Main/FachinformationUmfrage" "Mozilla/5.0 (compatible; SEOkicks; +https://www.seokicks.de/robot.html)"
65.108.6.34 - - [20/Dec/2022:01:15:38 +0100] "GET /pmwiki.php/Ywesee/InfoCodexSharepointPortal HTTP/1.1" 200 10168 "http://www.ywesee.com/pmwiki.php/Ywesee/InfoCodexSharepointPortal" "Mozilla/5.0 (compatible; SEOkicks; +https://www.seokicks.de/robot.html)"
65.108.6.34 - - [20/Dec/2022:01:15:39 +0100] "GET /AmiKo/Index?action=edit HTTP/1.1" 403 18 "https://www.ywesee.com/AmiKo/Index" "Mozilla/5.0 (compatible; SEOkicks; +https://www.seokicks.de/robot.html)"
65.108.6.34 - - [20/Dec/2022:01:15:39 +0100] "GET /uploads/Main/Selbstbehaltsdiff_04-05.2006.txt HTTP/1.1" 200 17310 "http://www.ywesee.com/uploads/Main/Selbstbehaltsdiff_04-05.2006.txt" "Mozilla/5.0 (compatible; SEOkicks; +https://www.seokicks.de/robot.html)"
65.108.6.34 - - [20/Dec/2022:01:15:40 +0100] "GET /AmiKo/Index?n=Main.SideBar?action=edit HTTP/1.1" 403 18 "https://www.ywesee.com/AmiKo/Index" "Mozilla/5.0 (compatible; SEOkicks; +https://www.seokicks.de/robot.html)"
65.108.6.34 - - [20/Dec/2022:01:15:41 +0100] "GET /pmwiki.php/Ywesee/SpezialisierteKrankenkasse HTTP/1.1" 200 14829 "http://www.ywesee.com/pmwiki.php/Ywesee/SpezialisierteKrankenkasse" "Mozilla/5.0 (compatible; SEOkicks; +https://www.seokicks.de/robot.html)"
65.108.6.34 - - [20/Dec/2022:01:15:41 +0100] "GET /AmiKo/Index?action=upload HTTP/1.1" 403 18 "https://www.ywesee.com/AmiKo/Index" "Mozilla/5.0 (compatible; SEOkicks; +https://www.seokicks.de/robot.html)"
65.108.6.34 - - [20/Dec/2022:01:15:42 +0100] "GET /pmwiki.php/Ywesee/Team HTTP/1.1" 200 18245 "http://www.ywesee.com/pmwiki.php/Ywesee/Team" "Mozilla/5.0 (compatible; SEOkicks; +https://www.seokicks.de/robot.html)"
65.108.6.34 - - [20/Dec/2022:01:15:43 +0100] "GET /AmiKo/Index?action=print HTTP/1.1" 403 18 "https://www.ywesee.com/AmiKo/Index" "Mozilla/5.0 (compatible; SEOkicks; +https://www.seokicks.de/robot.html)"
65.108.6.34 - - [20/Dec/2022:01:15:43 +0100] "GET /pmwiki.php/Software/ODBA HTTP/1.1" 200 12503 "http://www.ywesee.com/pmwiki.php/Software/ODBA" "Mozilla/5.0 (compatible; SEOkicks; +https://www.seokicks.de/robot.html)"
194.209.200.2 - - [20/Dec/2022:01:15:44 +0100] "GET /Main/2004 HTTP/1.1" 200 14080 "-" "Mozilla/5.0 (compatible; TMMBot/0.2; +http://www.dslab.ch)/Nutch-1.15"
65.108.6.34 - - [20/Dec/2022:01:15:44 +0100] "GET /AmiKo/Index?action=diff HTTP/1.1" 403 18 "https://www.ywesee.com/AmiKo/Index" "Mozilla/5.0 (compatible; SEOkicks; +https://www.seokicks.de/robot.html)"
65.108.6.34 - - [20/Dec/2022:01:15:45 +0100] "GET /pmwiki.php/Main/ForderungstabelleSpezialitaetenliste HTTP/1.1" 200 11019 "http://www.ywesee.com/pmwiki.php/Main/ForderungstabelleSpezialitaetenliste" "Mozilla/5.0 (compatible; SEOkicks; +https://www.seokicks.de/robot.html)"
65.108.6.34 - - [20/Dec/2022:01:15:45 +0100] "GET /CoMed/Android HTTP/1.1" 200 9422 "https://www.ywesee.com/AmiKo/Index" "Mozilla/5.0 (compatible; SEOkicks; +https://www.seokicks.de/robot.html)"
65.108.6.34 - - [20/Dec/2022:01:15:46 +0100] "GET /pmwiki.php?n=Main.PharmacodeVsEancode HTTP/1.1" 200 13361 "http://www.ywesee.com/pmwiki.php?n=Main.PharmacodeVsEancode" "Mozilla/5.0 (compatible; SEOkicks; +https://www.seokicks.de/robot.html)"
65.108.6.34 - - [20/Dec/2022:01:15:47 +0100] "GET /AmiKo/OSXRezeptfunktion HTTP/1.1" 200 13751 "https://www.ywesee.com/AmiKo/Index" "Mozilla/5.0 (compatible; SEOkicks; +https://www.seokicks.de/robot.html)"
65.108.6.34 - - [20/Dec/2022:01:15:47 +0100] "GET /pmwiki.php?n=Main.ForderungstabelleSpezialitaetenliste HTTP/1.1" 200 11019 "http://www.ywesee.com/pmwiki.php?n=Main.ForderungstabelleSpezialitaetenliste" "Mozilla/5.0 (compatible; SEOkicks; +https://www.seokicks.de/robot.html)"
65.108.6.34 - - [20/Dec/2022:01:15:48 +0100] "GET /AmiKo/OSXSatzexport HTTP/1.1" 200 9993 "https://www.ywesee.com/AmiKo/Index" "Mozilla/5.0 (compatible; SEOkicks; +https://www.seokicks.de/robot.html)"
65.108.6.34 - - [20/Dec/2022:01:15:49 +0100] "GET /pmwiki.php?n=Main.WekoBlog HTTP/1.1" 200 22209 "http://www.ywesee.com/pmwiki.php?n=Main.WekoBlog" "Mozilla/5.0 (compatible; SEOkicks; +https://www.seokicks.de/robot.html)"
65.108.6.34 - - [20/Dec/2022:01:15:49 +0100] "GET /AmiKo/Cpp2sqlite HTTP/1.1" 200 8506 "https://www.ywesee.com/AmiKo/Index" "Mozilla/5.0 (compatible; SEOkicks; +https://www.seokicks.de/robot.html)"
65.108.6.34 - - [20/Dec/2022:01:15:50 +0100] "GET /AmiKo/Barcodes HTTP/1.1" 200 8978 "https://www.ywesee.com/AmiKo/Index" "Mozilla/5.0 (compatible; SEOkicks; +https://www.seokicks.de/robot.html)"
65.108.6.34 - - [20/Dec/2022:01:15:51 +0100] "GET /pmwiki.php?n=Main.DocumedGalenicaVsYwesee HTTP/1.1" 200 35251 "http://www.ywesee.com/pmwiki.php?n=Main.DocumedGalenicaVsYwesee" "Mozilla/5.0 (compatible; SEOkicks; +https://www.seokicks.de/robot.html)"
65.108.6.34 - - [20/Dec/2022:01:15:52 +0100] "GET /AmiKo/Flyer HTTP/1.1" 200 8708 "https://www.ywesee.com/AmiKo/Index" "Mozilla/5.0 (compatible; SEOkicks; +https://www.seokicks.de/robot.html)"
194.209.200.2 - - [20/Dec/2022:01:17:03 +0100] "GET /AmiKo/OSX HTTP/1.1" 200 9772 "-" "Mozilla/5.0 (compatible; TMMBot/0.2; +http://www.dslab.ch)/Nutch-1.15"
194.209.200.2 - - [20/Dec/2022:01:17:48 +0100] "GET /robots.txt HTTP/1.1" 200 - "-" "Mozilla/5.0 (compatible; TMMBot/0.2; +http://www.dslab.ch)/Nutch-1.15"
194.209.200.2 - - [20/Dec/2022:01:18:28 +0100] "GET /AmiKo/Web HTTP/1.1" 200 9588 "-" "Mozilla/5.0 (compatible; TMMBot/0.2; +http://www.dslab.ch)/Nutch-1.15"
194.209.200.2 - - [20/Dec/2022:01:18:34 +0100] "GET /Generikacc/App HTTP/1.1" 200 11862 "-" "Mozilla/5.0 (compatible; TMMBot/0.2; +http://www.dslab.ch)/Nutch-1.15"
185.191.171.35 - - [20/Dec/2022:01:19:10 +0100] "GET /robots.txt HTTP/1.1" 200 - "-" "Mozilla/5.0 (compatible; SemrushBot/7~bl; +http://www.semrush.com/bot.html)"
185.191.171.19 - - [20/Dec/2022:01:19:11 +0100] "GET /Main/2010 HTTP/1.1" 200 27997 "-" "Mozilla/5.0 (compatible; SemrushBot/7~bl; +http://www.semrush.com/bot.html)"
194.209.200.2 - - [20/Dec/2022:01:20:56 +0100] "GET /Main/2012 HTTP/1.1" 200 31941 "-" "Mozilla/5.0 (compatible; TMMBot/0.2; +http://www.dslab.ch)/Nutch-1.15"
194.209.200.2 - - [20/Dec/2022:01:21:05 +0100] "GET /ODDB/IntegrationLookAmpFeelGenerikasuche HTTP/1.1" 200 9097 "-" "Mozilla/5.0 (compatible; TMMBot/0.2; +http://www.dslab.ch)/Nutch-1.15"
64.71.157.123 - - [20/Dec/2022:01:21:12 +0100] "GET /pmwiki.php/Site/AllRecentChanges?action=rss HTTP/1.1" 200 2548 "-" "Feedbin feed-id:590358 - 1 subscribers"
194.209.200.2 - - [20/Dec/2022:01:21:15 +0100] "GET /Main/ComCo19122016 HTTP/1.1" 200 10547 "-" "Mozilla/5.0 (compatible; TMMBot/0.2; +http://www.dslab.ch)/Nutch-1.15"
65.108.6.34 - - [20/Dec/2022:01:21:19 +0100] "GET /pmwiki.php HTTP/1.1" 200 14420 "http://www.ywesee.com/pmwiki.php" "Mozilla/5.0 (compatible; SEOkicks; +https://www.seokicks.de/robot.html)"
65.108.6.34 - - [20/Dec/2022:01:21:19 +0100] "GET /Software/WikiS HTTP/1.1" 200 10036 "https://ywesee.com/pmwiki.php?n=Software.WikiS" "Mozilla/5.0 (compatible; SEOkicks; +https://www.seokicks.de/robot.html)"
65.108.6.34 - - [20/Dec/2022:01:21:20 +0100] "GET /pmwiki.php?n=Main.EANCode HTTP/1.1" 200 9821 "http://www.ywesee.com/pmwiki.php?n=Main.EANCode" "Mozilla/5.0 (compatible; SEOkicks; +https://www.seokicks.de/robot.html)"
65.108.6.34 - - [20/Dec/2022:01:21:21 +0100] "GET /pmwiki.php/Ywesee/OpenSource HTTP/1.1" 200 10790 "http://www.ywesee.com/pmwiki.php/Ywesee/OpenSource" "Mozilla/5.0 (compatible; SEOkicks; +https://www.seokicks.de/robot.html)"
65.108.6.34 - - [20/Dec/2022:01:21:22 +0100] "GET /Ywesee/GNU/Emacs HTTP/1.1" 404 250 "https://ywesee.com/Ywesee/Events" "Mozilla/5.0 (compatible; SEOkicks; +https://www.seokicks.de/robot.html)"
65.108.6.34 - - [20/Dec/2022:01:21:24 +0100] "GET /pmwiki.php/BAG/GNU/Emacs HTTP/1.1" 404 250 "https://ywesee.com/pmwiki.php/BAG/Sitzung15102010" "Mozilla/5.0 (compatible; SEOkicks; +https://www.seokicks.de/robot.html)"
65.108.6.34 - - [20/Dec/2022:01:21:25 +0100] "GET /pmwiki.php/Main/GNU/Emacs HTTP/1.1" 404 250 "https://ywesee.com/pmwiki.php/Main/EPUB" "Mozilla/5.0 (compatible; SEOkicks; +https://www.seokicks.de/robot.html)"
65.108.6.34 - - [20/Dec/2022:01:21:26 +0100] "GET /pmwiki.php/ODDB/GNU/Emacs HTTP/1.1" 404 250 "https://ywesee.com/pmwiki.php/ODDB/MD" "Mozilla/5.0 (compatible; SEOkicks; +https://www.seokicks.de/robot.html)"
194.209.200.2 - - [20/Dec/2022:01:21:26 +0100] "GET /Ywesee/About HTTP/1.1" 200 9132 "-" "Mozilla/5.0 (compatible; TMMBot/0.2; +http://www.dslab.ch)/Nutch-1.15"
65.108.6.34 - - [20/Dec/2022:01:21:27 +0100] "GET /pmwiki.php/Software/GNU/Emacs HTTP/1.1" 404 250 "https://ywesee.com/pmwiki.php/Software/ChODDB" "Mozilla/5.0 (compatible; SEOkicks; +https://www.seokicks.de/robot.html)"
17.241.219.19 - - [20/Dec/2022:01:22:25 +0100] "GET /Software/ODDB?action=edit HTTP/1.1" 403 18 "-" "Mozilla/5.0 (Macintosh; Intel Mac OS X 10_15_5) AppleWebKit/605.1.15 (KHTML, like Gecko) Version/13.1.1 Safari/605.1.15 (Applebot/0.1; +http://www.apple.com/go/applebot)"
54.198.138.48 - - [20/Dec/2022:01:25:15 +0100] "GET /robots.txt HTTP/1.1" 200 - "-" "MauiBot (crawler.feedback+gamma@gmail.com)"
17.241.227.5 - - [20/Dec/2022:01:29:38 +0100] "GET /Eggze/SpreadIt?n=Main.SideBar?action=edit HTTP/1.1" 403 18 "-" "Mozilla/5.0 (Macintosh; Intel Mac OS X 10_15_5) AppleWebKit/605.1.15 (KHTML, like Gecko) Version/13.1.1 Safari/605.1.15 (Applebot/0.1; +http://www.apple.com/go/applebot)"
66.249.73.27 - - [20/Dec/2022:01:31:12 +0100] "GET /robots.txt HTTP/1.1" 200 - "-" "Mozilla/5.0 (compatible; Googlebot/2.1; +http://www.google.com/bot.html)"
17.241.227.37 - - [20/Dec/2022:01:32:44 +0100] "GET /Main/2010?action=diff HTTP/1.1" 403 18 "-" "Mozilla/5.0 (Macintosh; Intel Mac OS X 10_15_5) AppleWebKit/605.1.15 (KHTML, like Gecko) Version/13.1.1 Safari/605.1.15 (Applebot/0.1; +http://www.apple.com/go/applebot)"
52.90.218.39 - - [20/Dec/2022:01:39:19 +0100] "GET /robots.txt HTTP/1.1" 200 - "-" "Mozilla/5.0 (Macintosh; Intel Mac OS X 10_10_1) AppleWebKit/600.2.5 (KHTML\\, like Gecko) Version/8.0.2 Safari/600.2.5 (Amazonbot/0.1; +https://developer.amazon.com/support/amazonbot)"
185.191.171.24 - - [20/Dec/2022:01:43:08 +0100] "GET /pmwiki.php/Ywesee/InfoCodexVorgehen HTTP/1.1" 200 12716 "-" "Mozilla/5.0 (compatible; SemrushBot/7~bl; +http://www.semrush.com/bot.html)"
64.233.172.206 - - [20/Dec/2022:01:43:37 +0100] "HEAD /pmwiki.php/Site/AllRecentChanges?action=rss HTTP/1.1" 200 - "-" "FeedBurner/1.0 (http://www.FeedBurner.com)"
64.233.172.208 - - [20/Dec/2022:01:43:38 +0100] "GET /pmwiki.php/Site/AllRecentChanges?action=rss HTTP/1.1" 200 2548 "-" "FeedBurner/1.0 (http://www.FeedBurner.com)"
37.139.53.20 - - [20/Dec/2022:01:45:29 +0100] "GET /Ywesee/About HTTP/1.0" 200 9132 "https://www.ywesee.com/Ywesee/About" "Mozilla/5.0 (Windows NT 10.0; WOW64) AppleWebKit/537.36 (KHTML, like Gecko) Chrome/90.0.4430.85 Safari/537.36"
17.241.219.202 - - [20/Dec/2022:01:45:39 +0100] "GET /Main/2005?action=upload HTTP/1.1" 403 18 "-" "Mozilla/5.0 (Macintosh; Intel Mac OS X 10_15_5) AppleWebKit/605.1.15 (KHTML, like Gecko) Version/13.1.1 Safari/605.1.15 (Applebot/0.1; +http://www.apple.com/go/applebot)"
85.208.98.18 - - [20/Dec/2022:01:49:22 +0100] "GET /robots.txt HTTP/1.1" 200 - "http://ywesee.com/robots.txt" "Mozilla/5.0 (compatible; SemrushBot; +http://www.semrush.com/bot.html)"
194.209.200.2 - - [20/Dec/2022:01:52:09 +0100] "GET /robots.txt HTTP/1.1" 200 - "-" "Mozilla/5.0 (compatible; TMMBot/0.2; +http://www.dslab.ch)/Nutch-1.15"
194.209.200.2 - - [20/Dec/2022:01:52:09 +0100] "GET /Miele/MieleLXIV HTTP/1.1" 200 15367 "-" "Mozilla/5.0 (compatible; TMMBot/0.2; +http://www.dslab.ch)/Nutch-1.15"
20.199.64.107 - - [20/Dec/2022:01:53:43 +0100] "GET /.env HTTP/1.1" 404 263 "http://ywesee.org//.env" "Go-http-client/1.1"
194.209.200.2 - - [20/Dec/2022:01:54:06 +0100] "GET /Main/2006 HTTP/1.1" 200 39320 "-" "Mozilla/5.0 (compatible; TMMBot/0.2; +http://www.dslab.ch)/Nutch-1.15"
194.209.200.2 - - [20/Dec/2022:01:54:14 +0100] "GET /Main/2004 HTTP/1.1" 200 14080 "-" "Mozilla/5.0 (compatible; TMMBot/0.2; +http://www.dslab.ch)/Nutch-1.15"
194.209.200.2 - - [20/Dec/2022:01:54:59 +0100] "GET /Software/Spreadsheet HTTP/1.1" 200 8839 "-" "Mozilla/5.0 (compatible; TMMBot/0.2; +http://www.dslab.ch)/Nutch-1.15"
64.71.157.110 - - [20/Dec/2022:01:55:07 +0100] "GET /pmwiki.php/Site/AllRecentChanges?action=rss HTTP/1.1" 200 2548 "-" "Feedbin feed-id:590358 - 1 subscribers"
194.209.200.2 - - [20/Dec/2022:01:55:21 +0100] "GET /AmiKo/OSX HTTP/1.1" 200 9772 "-" "Mozilla/5.0 (compatible; TMMBot/0.2; +http://www.dslab.ch)/Nutch-1.15"
194.209.200.2 - - [20/Dec/2022:01:55:56 +0100] "GET /robots.txt HTTP/1.1" 200 - "-" "Mozilla/5.0 (compatible; TMMBot/0.2; +http://www.dslab.ch)/Nutch-1.15"
194.209.200.2 - - [20/Dec/2022:01:56:27 +0100] "GET /AmiKo/Web HTTP/1.1" 200 9588 "-" "Mozilla/5.0 (compatible; TMMBot/0.2; +http://www.dslab.ch)/Nutch-1.15"
194.209.200.2 - - [20/Dec/2022:01:56:33 +0100] "GET /Generikacc/App HTTP/1.1" 200 11862 "-" "Mozilla/5.0 (compatible; TMMBot/0.2; +http://www.dslab.ch)/Nutch-1.15"
17.241.227.208 - - [20/Dec/2022:01:57:31 +0100] "GET /Main/Home?action=upload HTTP/1.1" 403 18 "-" "Mozilla/5.0 (Macintosh; Intel Mac OS X 10_15_5) AppleWebKit/605.1.15 (KHTML, like Gecko) Version/13.1.1 Safari/605.1.15 (Applebot/0.1; +http://www.apple.com/go/applebot)"
40.77.167.95 - - [20/Dec/2022:01:57:35 +0100] "GET /robots.txt HTTP/1.1" 200 - "-" "Mozilla/5.0 (compatible; bingbot/2.0; +http://www.bing.com/bingbot.htm)"
157.55.39.121 - - [20/Dec/2022:01:57:41 +0100] "GET /uploads/Main/AIPS_ATC-Codes_SwissmedicNo5_Errors.txt HTTP/1.1" 200 11777 "-" "Mozilla/5.0 AppleWebKit/537.36 (KHTML, like Gecko; compatible; bingbot/2.0; +http://www.bing.com/bingbot.htm) Chrome/103.0.5060.134 Safari/537.36"
194.209.200.2 - - [20/Dec/2022:01:58:26 +0100] "GET /Main/2012 HTTP/1.1" 200 31941 "-" "Mozilla/5.0 (compatible; TMMBot/0.2; +http://www.dslab.ch)/Nutch-1.15"
194.209.200.2 - - [20/Dec/2022:01:58:41 +0100] "GET /Main/ComCo19122016 HTTP/1.1" 200 10547 "-" "Mozilla/5.0 (compatible; TMMBot/0.2; +http://www.dslab.ch)/Nutch-1.15"
194.209.200.2 - - [20/Dec/2022:01:58:51 +0100] "GET /Ywesee/About HTTP/1.1" 200 9132 "-" "Mozilla/5.0 (compatible; TMMBot/0.2; +http://www.dslab.ch)/Nutch-1.15"
17.241.219.108 - - [20/Dec/2022:02:11:05 +0100] "GET /Ywesee/OpenSource?action=upload HTTP/1.1" 403 18 "-" "Mozilla/5.0 (Macintosh; Intel Mac OS X 10_15_5) AppleWebKit/605.1.15 (KHTML, like Gecko) Version/13.1.1 Safari/605.1.15 (Applebot/0.1; +http://www.apple.com/go/applebot)"
17.241.75.219 - - [20/Dec/2022:02:13:16 +0100] "GET /AmiKo/OSXRezeptfunktion?action=print HTTP/1.1" 403 18 "-" "Mozilla/5.0 (Macintosh; Intel Mac OS X 10_15_5) AppleWebKit/605.1.15 (KHTML, like Gecko) Version/13.1.1 Safari/605.1.15 (Applebot/0.1; +http://www.apple.com/go/applebot)"
194.209.200.2 - - [20/Dec/2022:02:26:53 +0100] "GET /robots.txt HTTP/1.1" 200 - "-" "Mozilla/5.0 (compatible; TMMBot/0.2; +http://www.dslab.ch)/Nutch-1.15"
194.209.200.2 - - [20/Dec/2022:02:26:53 +0100] "GET /Miele/MieleLXIV HTTP/1.1" 200 15367 "-" "Mozilla/5.0 (compatible; TMMBot/0.2; +http://www.dslab.ch)/Nutch-1.15"
62.210.215.119 - - [20/Dec/2022:02:27:14 +0100] "GET /Site/AllRecentChanges?action=rss HTTP/1.1" 200 2548 "-" "Mozilla/5.0 (X11; Linux i686) AppleWebKit/537.36 (KHTML, like Gecko) Chrome/30.0.1599.66 Safari/537.36"
64.71.157.120 - - [20/Dec/2022:02:28:05 +0100] "GET /pmwiki.php/Site/AllRecentChanges?action=rss HTTP/1.1" 200 2548 "-" "Feedbin feed-id:590358 - 1 subscribers"
194.209.200.2 - - [20/Dec/2022:02:28:46 +0100] "GET /Main/2006 HTTP/1.1" 200 39320 "-" "Mozilla/5.0 (compatible; TMMBot/0.2; +http://www.dslab.ch)/Nutch-1.15"
194.209.200.2 - - [20/Dec/2022:02:28:54 +0100] "GET /Main/2004 HTTP/1.1" 200 14080 "-" "Mozilla/5.0 (compatible; TMMBot/0.2; +http://www.dslab.ch)/Nutch-1.15"
194.209.200.2 - - [20/Dec/2022:02:29:57 +0100] "GET /AmiKo/OSX HTTP/1.1" 200 9772 "-" "Mozilla/5.0 (compatible; TMMBot/0.2; +http://www.dslab.ch)/Nutch-1.15"
194.209.200.2 - - [20/Dec/2022:02:30:35 +0100] "GET /robots.txt HTTP/1.1" 200 - "-" "Mozilla/5.0 (compatible; TMMBot/0.2; +http://www.dslab.ch)/Nutch-1.15"
194.209.200.2 - - [20/Dec/2022:02:31:05 +0100] "GET /AmiKo/Web HTTP/1.1" 200 9588 "-" "Mozilla/5.0 (compatible; TMMBot/0.2; +http://www.dslab.ch)/Nutch-1.15"
194.209.200.2 - - [20/Dec/2022:02:31:11 +0100] "GET /Generikacc/App HTTP/1.1" 200 11862 "-" "Mozilla/5.0 (compatible; TMMBot/0.2; +http://www.dslab.ch)/Nutch-1.15"
207.148.120.122 - - [20/Dec/2022:02:31:19 +0100] "GET / HTTP/1.1" 200 14420 "http://www.ywesee.com" "Mozilla/5.0 (Windows NT 10.0; WOW64) AppleWebKit/537.36 (KHTML, like Gecko) Chrome/86.0.4240.198 Safari/537.36"
194.209.200.2 - - [20/Dec/2022:02:33:04 +0100] "GET /Main/2012 HTTP/1.1" 200 31941 "-" "Mozilla/5.0 (compatible; TMMBot/0.2; +http://www.dslab.ch)/Nutch-1.15"
194.209.200.2 - - [20/Dec/2022:02:33:20 +0100] "GET /Main/ComCo19122016 HTTP/1.1" 200 10547 "-" "Mozilla/5.0 (compatible; TMMBot/0.2; +http://www.dslab.ch)/Nutch-1.15"
194.209.200.2 - - [20/Dec/2022:02:33:29 +0100] "GET /Ywesee/About HTTP/1.1" 200 9132 "-" "Mozilla/5.0 (compatible; TMMBot/0.2; +http://www.dslab.ch)/Nutch-1.15"
64.233.172.208 - - [20/Dec/2022:02:38:06 +0100] "HEAD /pmwiki.php/Site/AllRecentChanges?action=rss HTTP/1.1" 200 - "-" "FeedBurner/1.0 (http://www.FeedBurner.com)"
64.233.172.210 - - [20/Dec/2022:02:38:08 +0100] "GET /pmwiki.php/Site/AllRecentChanges?action=rss HTTP/1.1" 200 2548 "-" "FeedBurner/1.0 (http://www.FeedBurner.com)"
194.110.203.46 - - [20/Dec/2022:02:46:41 +0100] "GET /db/ywesee_database.sql.tar HTTP/1.1" 404 285 "-" "Firefox"
207.148.120.122 - - [20/Dec/2022:02:51:44 +0100] "GET / HTTP/1.1" 200 14420 "http://www.ywesee.com" "Mozilla/5.0 (Windows NT 10.0; WOW64) AppleWebKit/537.36 (KHTML, like Gecko) Chrome/86.0.4240.198 Safari/537.36"
185.191.171.44 - - [20/Dec/2022:02:56:19 +0100] "GET /robots.txt HTTP/1.1" 200 - "-" "Mozilla/5.0 (compatible; SemrushBot/7~bl; +http://www.semrush.com/bot.html)"
185.191.171.16 - - [20/Dec/2022:02:56:20 +0100] "GET /Main/DocumedGalenicaVsYwesee HTTP/1.1" 200 35251 "-" "Mozilla/5.0 (compatible; SemrushBot/7~bl; +http://www.semrush.com/bot.html)"
64.71.157.120 - - [20/Dec/2022:02:59:58 +0100] "GET /pmwiki.php/Site/AllRecentChanges?action=rss HTTP/1.1" 200 2548 "-" "Feedbin feed-id:590358 - 1 subscribers"
195.191.219.130 - - [20/Dec/2022:03:00:07 +0100] "GET /robots.txt HTTP/1.1" 200 - "-" "Mozilla/5.0 (compatible; MJ12bot/v1.4.8; http://mj12bot.com/)"
195.191.219.130 - - [20/Dec/2022:03:00:09 +0100] "GET / HTTP/1.1" 200 14420 "-" "Mozilla/5.0 (compatible; MJ12bot/v1.4.8; http://mj12bot.com/)"
185.191.171.21 - - [20/Dec/2022:03:00:23 +0100] "GET /pmwiki.php?n=Main.DocumedGalenicaVsYwesee HTTP/1.1" 200 35251 "-" "Mozilla/5.0 (compatible; SemrushBot/7~bl; +http://www.semrush.com/bot.html)"
35.90.150.183 - - [20/Dec/2022:03:02:56 +0100] "GET / HTTP/1.1" 200 14420 "-" "Mozilla/5.0 (Windows NT 5.1) AppleWebKit/535.2 (KHTML, like Gecko) Chrome/15.0.864.0 Safari/535.2"
194.209.200.2 - - [20/Dec/2022:03:03:49 +0100] "GET /robots.txt HTTP/1.1" 200 - "-" "Mozilla/5.0 (compatible; TMMBot/0.2; +http://www.dslab.ch)/Nutch-1.15"
194.209.200.2 - - [20/Dec/2022:03:03:49 +0100] "GET /AmiKo/Linux HTTP/1.1" 200 9217 "-" "Mozilla/5.0 (compatible; TMMBot/0.2; +http://www.dslab.ch)/Nutch-1.15"
194.209.200.2 - - [20/Dec/2022:03:03:54 +0100] "GET /Miele/MieleLXIV HTTP/1.1" 200 15367 "-" "Mozilla/5.0 (compatible; TMMBot/0.2; +http://www.dslab.ch)/Nutch-1.15"
35.90.150.183 - - [20/Dec/2022:03:05:19 +0100] "GET /Generika/Index HTTP/1.1" 200 8860 "-" "Mozilla/5.0 (Windows NT 6.1; WOW64; rv:21.0) Gecko/20130330 Firefox/21.0"
194.209.200.2 - - [20/Dec/2022:03:05:53 +0100] "GET /Main/2006 HTTP/1.1" 200 39320 "-" "Mozilla/5.0 (compatible; TMMBot/0.2; +http://www.dslab.ch)/Nutch-1.15"
194.209.200.2 - - [20/Dec/2022:03:06:03 +0100] "GET /Main/2004 HTTP/1.1" 200 14080 "-" "Mozilla/5.0 (compatible; TMMBot/0.2; +http://www.dslab.ch)/Nutch-1.15"
194.209.200.2 - - [20/Dec/2022:03:07:18 +0100] "GET /AmiKo/OSX HTTP/1.1" 200 9772 "-" "Mozilla/5.0 (compatible; TMMBot/0.2; +http://www.dslab.ch)/Nutch-1.15"
194.209.200.2 - - [20/Dec/2022:03:07:58 +0100] "GET /robots.txt HTTP/1.1" 200 - "-" "Mozilla/5.0 (compatible; TMMBot/0.2; +http://www.dslab.ch)/Nutch-1.15"
194.209.200.2 - - [20/Dec/2022:03:08:31 +0100] "GET /AmiKo/Web HTTP/1.1" 200 9588 "-" "Mozilla/5.0 (compatible; TMMBot/0.2; +http://www.dslab.ch)/Nutch-1.15"
194.209.200.2 - - [20/Dec/2022:03:08:36 +0100] "GET /Generikacc/App HTTP/1.1" 200 11862 "-" "Mozilla/5.0 (compatible; TMMBot/0.2; +http://www.dslab.ch)/Nutch-1.15"
157.55.39.121 - - [20/Dec/2022:03:09:08 +0100] "GET /uploads/Main/AIPS_ATC-Codes_SwissmedicNo5_Errors.txt HTTP/1.1" 200 11777 "-" "Mozilla/5.0 (compatible; bingbot/2.0; +http://www.bing.com/bingbot.htm)"
194.209.200.2 - - [20/Dec/2022:03:10:40 +0100] "GET /Main/2012 HTTP/1.1" 200 31941 "-" "Mozilla/5.0 (compatible; TMMBot/0.2; +http://www.dslab.ch)/Nutch-1.15"
194.209.200.2 - - [20/Dec/2022:03:10:57 +0100] "GET /Main/ComCo19122016 HTTP/1.1" 200 10547 "-" "Mozilla/5.0 (compatible; TMMBot/0.2; +http://www.dslab.ch)/Nutch-1.15"
54.84.192.51 - - [20/Dec/2022:03:10:58 +0100] "GET /keybase.txt HTTP/1.1" 200 2659 "-" "keybase-proofs/2.3.24"
194.209.200.2 - - [20/Dec/2022:03:11:08 +0100] "GET /Ywesee/About HTTP/1.1" 200 9132 "-" "Mozilla/5.0 (compatible; TMMBot/0.2; +http://www.dslab.ch)/Nutch-1.15"
64.233.172.208 - - [20/Dec/2022:03:14:38 +0100] "HEAD /pmwiki.php/Site/AllRecentChanges?action=rss HTTP/1.1" 200 - "-" "FeedBurner/1.0 (http://www.FeedBurner.com)"
64.233.172.208 - - [20/Dec/2022:03:14:39 +0100] "GET /pmwiki.php/Site/AllRecentChanges?action=rss HTTP/1.1" 200 2548 "-" "FeedBurner/1.0 (http://www.FeedBurner.com)"
185.191.171.11 - - [20/Dec/2022:03:26:46 +0100] "GET /Main/2007 HTTP/1.1" 200 50639 "-" "Mozilla/5.0 (compatible; SemrushBot/7~bl; +http://www.semrush.com/bot.html)"
185.191.171.9 - - [20/Dec/2022:03:28:03 +0100] "GET /pmwiki.php/Software/ODDB HTTP/1.1" 200 10298 "-" "Mozilla/5.0 (compatible; SemrushBot/7~bl; +http://www.semrush.com/bot.html)"
66.249.73.43 - - [20/Dec/2022:03:28:43 +0100] "GET /de/gcc/fachinfo/reg/48112 HTTP/1.1" 404 288 "-" "Mozilla/5.0 (Linux; Android 6.0.1; Nexus 5X Build/MMB29P) AppleWebKit/537.36 (KHTML, like Gecko) Chrome/107.0.5304.115 Mobile Safari/537.36 (compatible; Googlebot/2.1; +http://www.google.com/bot.html)"
217.198.191.209 - - [20/Dec/2022:03:29:52 +0100] "GET /robots.txt HTTP/1.1" 200 - "-" "Mozilla/5.0 (Macintosh; Intel Mac OS X 10_9_4) AppleWebKit/537.36 (KHTML, like Gecko) Chrome/36.0.1985.125 Safari/537.36"
217.198.191.209 - - [20/Dec/2022:03:30:42 +0100] "GET / HTTP/1.1" 200 14420 "-" "Mozilla/5.0 (Macintosh; Intel Mac OS X 10_9_4) AppleWebKit/537.36 (KHTML, like Gecko) Chrome/36.0.1985.125 Safari/537.36"
217.198.191.209 - - [20/Dec/2022:03:30:42 +0100] "GET /test_404_page/ HTTP/1.1" 404 273 "-" "Mozilla/5.0 (Macintosh; Intel Mac OS X 10_9_4) AppleWebKit/537.36 (KHTML, like Gecko) Chrome/36.0.1985.125 Safari/537.36"
217.198.191.209 - - [20/Dec/2022:03:31:45 +0100] "GET /favicon.ico HTTP/1.1" 200 1406 "-" "python-requests/2.23.0"
64.71.157.120 - - [20/Dec/2022:03:32:00 +0100] "GET /pmwiki.php/Site/AllRecentChanges?action=rss HTTP/1.1" 200 2548 "-" "Feedbin feed-id:590358 - 1 subscribers"
40.121.162.8 - - [20/Dec/2022:03:35:04 +0100] "GET /uploads/Generikacc/Generika_Rezept_Import_7.png HTTP/1.1" 200 37264 "-" "Mozilla/5.0 (X11; Ubuntu; Linux x86_64; rv:72.0) Gecko/20100101 Firefox/72.0"
195.191.219.133 - - [20/Dec/2022:03:40:22 +0100] "GET /robots.txt HTTP/1.1" 200 - "-" "Mozilla/5.0 (compatible; MJ12bot/v1.4.8; http://mj12bot.com/)"
195.191.219.133 - - [20/Dec/2022:03:40:26 +0100] "GET / HTTP/1.1" 200 14420 "-" "Mozilla/5.0 (compatible; MJ12bot/v1.4.8; http://mj12bot.com/)"
195.191.219.133 - - [20/Dec/2022:03:40:27 +0100] "GET /robots.txt HTTP/1.1" 200 - "-" "Mozilla/5.0 (compatible; MJ12bot/v1.4.8; http://mj12bot.com/)"
195.191.219.133 - - [20/Dec/2022:03:40:29 +0100] "GET / HTTP/1.1" 200 14420 "-" "Mozilla/5.0 (compatible; MJ12bot/v1.4.8; http://mj12bot.com/)"
49.7.20.104 - - [20/Dec/2022:03:42:00 +0100] "GET / HTTP/1.1" 200 14420 "-" "Sogou web spider/4.0(+http://www.sogou.com/docs/help/webmasters.htm#07)"
123.125.109.136 - - [20/Dec/2022:03:45:29 +0100] "GET / HTTP/1.1" 200 14420 "-" "Sogou web spider/4.0(+http://www.sogou.com/docs/help/webmasters.htm#07)"
144.202.57.103 - - [20/Dec/2022:03:46:15 +0100] "GET / HTTP/1.1" 200 14420 "-" "Mozilla/5.0 (Windows NT 10.0; Win64; x64; rv:95.0) Gecko/20100101 Firefox/95.0"
58.182.148.20 - - [20/Dec/2022:03:48:56 +0100] "GET / HTTP/1.1" 200 14420 "-" "Mozilla/5.0 (Windows NT 10.0; Win64; x64) AppleWebKit/537.36 (KHTML, like Gecko) Chrome/72.0.3538.102 Safari/537.36 Edge/18.19582"
157.55.39.197 - - [20/Dec/2022:03:49:00 +0100] "GET / HTTP/1.1" 200 14420 "-" "Mozilla/5.0 (compatible; bingbot/2.0; +http://www.bing.com/bingbot.htm)"
194.209.200.2 - - [20/Dec/2022:03:53:50 +0100] "GET /robots.txt HTTP/1.1" 200 - "-" "Mozilla/5.0 (compatible; TMMBot/0.2; +http://www.dslab.ch)/Nutch-1.15"
194.209.200.2 - - [20/Dec/2022:03:53:50 +0100] "GET /Oddb2xml/Index HTTP/1.1" 200 8983 "-" "Mozilla/5.0 (compatible; TMMBot/0.2; +http://www.dslab.ch)/Nutch-1.15"
194.209.200.2 - - [20/Dec/2022:03:54:13 +0100] "GET /AmiKo/Linux HTTP/1.1" 200 9217 "-" "Mozilla/5.0 (compatible; TMMBot/0.2; +http://www.dslab.ch)/Nutch-1.15"
194.209.200.2 - - [20/Dec/2022:03:54:18 +0100] "GET /Miele/MieleLXIV HTTP/1.1" 200 15367 "-" "Mozilla/5.0 (compatible; TMMBot/0.2; +http://www.dslab.ch)/Nutch-1.15"
194.209.200.2 - - [20/Dec/2022:03:56:25 +0100] "GET /Main/2006 HTTP/1.1" 200 39320 "-" "Mozilla/5.0 (compatible; TMMBot/0.2; +http://www.dslab.ch)/Nutch-1.15"
194.209.200.2 - - [20/Dec/2022:03:56:35 +0100] "GET /Main/2004 HTTP/1.1" 200 14080 "-" "Mozilla/5.0 (compatible; TMMBot/0.2; +http://www.dslab.ch)/Nutch-1.15"
194.209.200.2 - - [20/Dec/2022:03:56:47 +0100] "GET /Main/2015 HTTP/1.1" 200 15908 "-" "Mozilla/5.0 (compatible; TMMBot/0.2; +http://www.dslab.ch)/Nutch-1.15"
194.209.200.2 - - [20/Dec/2022:03:57:23 +0100] "GET /Software/Spreadsheet HTTP/1.1" 200 8839 "-" "Mozilla/5.0 (compatible; TMMBot/0.2; +http://www.dslab.ch)/Nutch-1.15"
194.209.200.2 - - [20/Dec/2022:03:57:46 +0100] "GET /AmiKo/OSX HTTP/1.1" 200 9772 "-" "Mozilla/5.0 (compatible; TMMBot/0.2; +http://www.dslab.ch)/Nutch-1.15"
194.209.200.2 - - [20/Dec/2022:03:58:28 +0100] "GET /robots.txt HTTP/1.1" 200 - "-" "Mozilla/5.0 (compatible; TMMBot/0.2; +http://www.dslab.ch)/Nutch-1.15"
194.209.200.2 - - [20/Dec/2022:03:59:03 +0100] "GET /AmiKo/Web HTTP/1.1" 200 9588 "-" "Mozilla/5.0 (compatible; TMMBot/0.2; +http://www.dslab.ch)/Nutch-1.15"
194.209.200.2 - - [20/Dec/2022:03:59:08 +0100] "GET /Generikacc/App HTTP/1.1" 200 11862 "-" "Mozilla/5.0 (compatible; TMMBot/0.2; +http://www.dslab.ch)/Nutch-1.15"
194.209.200.2 - - [20/Dec/2022:04:01:02 +0100] "GET /Main/2016 HTTP/1.1" 200 13689 "-" "Mozilla/5.0 (compatible; TMMBot/0.2; +http://www.dslab.ch)/Nutch-1.15"
194.209.200.2 - - [20/Dec/2022:04:01:20 +0100] "GET /Main/2012 HTTP/1.1" 200 31941 "-" "Mozilla/5.0 (compatible; TMMBot/0.2; +http://www.dslab.ch)/Nutch-1.15"
194.209.200.2 - - [20/Dec/2022:04:01:44 +0100] "GET /Main/ComCo19122016 HTTP/1.1" 200 10547 "-" "Mozilla/5.0 (compatible; TMMBot/0.2; +http://www.dslab.ch)/Nutch-1.15"
194.209.200.2 - - [20/Dec/2022:04:01:55 +0100] "GET /Ywesee/About HTTP/1.1" 200 9132 "-" "Mozilla/5.0 (compatible; TMMBot/0.2; +http://www.dslab.ch)/Nutch-1.15"
64.71.157.120 - - [20/Dec/2022:04:05:12 +0100] "GET /pmwiki.php/Site/AllRecentChanges?action=rss HTTP/1.1" 200 2548 "-" "Feedbin feed-id:590358 - 1 subscribers"
81.209.177.187 - - [20/Dec/2022:04:11:29 +0100] "GET /robots.txt HTTP/1.1" 200 - "-" "netEstate Impressumscrawler (+http://www.netestate.de/De/Loesungen/Impressumscrawler)"
81.209.177.187 - - [20/Dec/2022:04:11:29 +0100] "GET / HTTP/1.1" 200 14420 "-" "netEstate Impressumscrawler (+http://www.netestate.de/De/Loesungen/Impressumscrawler)"
81.209.177.187 - - [20/Dec/2022:04:11:30 +0100] "GET /robots.txt HTTP/1.1" 200 - "-" "netEstate Impressumscrawler (+http://www.netestate.de/De/Loesungen/Impressumscrawler)"
81.209.177.187 - - [20/Dec/2022:04:11:30 +0100] "GET /Ywesee/Kontakt HTTP/1.1" 200 8973 "-" "netEstate Impressumscrawler (+http://www.netestate.de/De/Loesungen/Impressumscrawler)"
66.249.73.43 - - [20/Dec/2022:04:14:03 +0100] "GET /uploads/Arks/Arks_The_Game.pdf HTTP/1.1" 304 - "-" "Mozilla/5.0 (Linux; Android 6.0.1; Nexus 5X Build/MMB29P) AppleWebKit/537.36 (KHTML, like Gecko) Chrome/107.0.5304.115 Mobile Safari/537.36 (compatible; Googlebot/2.1; +http://www.google.com/bot.html)"
95.217.109.26 - - [20/Dec/2022:04:15:58 +0100] "GET /robots.txt HTTP/1.1" 200 - "-" "Mozilla/5.0 (compatible; MJ12bot/v1.4.8; http://mj12bot.com/)"
95.217.109.26 - - [20/Dec/2022:04:16:02 +0100] "GET /?kcu HTTP/1.1" 200 14420 "-" "Mozilla/5.0 (compatible; MJ12bot/v1.4.8; http://mj12bot.com/)"
95.217.109.26 - - [20/Dec/2022:04:16:03 +0100] "GET /?kcu HTTP/1.1" 200 14420 "-" "Mozilla/5.0 (compatible; MJ12bot/v1.4.8; http://mj12bot.com/)"
17.241.219.79 - - [20/Dec/2022:04:16:28 +0100] "GET /robots.txt HTTP/1.1" 200 - "-" "Mozilla/5.0 (Macintosh; Intel Mac OS X 10_15_5) AppleWebKit/605.1.15 (KHTML, like Gecko) Version/13.1.1 Safari/605.1.15 (Applebot/0.1; +http://www.apple.com/go/applebot)"
17.241.219.79 - - [20/Dec/2022:04:16:28 +0100] "GET /Software/YDIM?action=diff HTTP/1.1" 403 18 "-" "Mozilla/5.0 (Macintosh; Intel Mac OS X 10_15_5) AppleWebKit/605.1.15 (KHTML, like Gecko) Version/13.1.1 Safari/605.1.15 (Applebot/0.1; +http://www.apple.com/go/applebot)"
64.233.172.208 - - [20/Dec/2022:04:16:46 +0100] "HEAD /pmwiki.php/Site/AllRecentChanges?action=rss HTTP/1.1" 200 - "-" "FeedBurner/1.0 (http://www.FeedBurner.com)"
64.233.172.210 - - [20/Dec/2022:04:16:47 +0100] "GET /pmwiki.php/Site/AllRecentChanges?action=rss HTTP/1.1" 200 2548 "-" "FeedBurner/1.0 (http://www.FeedBurner.com)"
31.13.115.11 - - [20/Dec/2022:04:28:21 +0100] "GET /robots.txt HTTP/1.1" 200 - "-" "facebookexternalhit/1.1 (+http://www.facebook.com/externalhit_uatext.php)"
173.252.95.21 - - [20/Dec/2022:04:28:31 +0100] "GET /?fbclid=IwAR1g0xZs7bfp1MCTi2aNW3e6b7vYFHFR7WBfVJeJSU6CBNV4Y-874mYOY_o HTTP/1.1" 200 14420 "-" "Mozilla/5.0 (Windows NT 10.0; Win64; x64) AppleWebKit/537.36 (KHTML, like Gecko) Chrome/87.0.4280.66 Safari/537.36"
173.252.95.120 - - [20/Dec/2022:04:28:32 +0100] "GET /uploads/Main/yweseelogo.gif HTTP/1.1" 200 2982 "https://ywesee.com/" "Mozilla/5.0 (Windows NT 10.0; Win64; x64) AppleWebKit/537.36 (KHTML, like Gecko) Chrome/87.0.4280.66 Safari/537.36"
173.252.95.15 - - [20/Dec/2022:04:28:32 +0100] "GET /pub/skins/ywesee/gila.css HTTP/1.1" 200 8276 "https://ywesee.com/" "Mozilla/5.0 (Windows NT 10.0; Win64; x64) AppleWebKit/537.36 (KHTML, like Gecko) Chrome/87.0.4280.66 Safari/537.36"
173.252.95.21 - - [20/Dec/2022:04:28:32 +0100] "GET /favicon.ico HTTP/1.1" 200 1406 "https://ywesee.com/?fbclid=IwAR1g0xZs7bfp1MCTi2aNW3e6b7vYFHFR7WBfVJeJSU6CBNV4Y-874mYOY_o" "Mozilla/5.0 (Windows NT 10.0; Win64; x64) AppleWebKit/537.36 (KHTML, like Gecko) Chrome/87.0.4280.66 Safari/537.36"
193.247.208.98 - - [20/Dec/2022:04:30:25 +0100] "HEAD / HTTP/1.1" 200 - "https://www.hin.ch" "Mozilla/5.0 (Windows NT 10.0; Win64; x64) AppleWebKit/537.36 (KHTML, like Gecko) Chrome/104.0.5112.34 Safari/537.36"
188.232.161.193 - - [20/Dec/2022:04:31:55 +0100] "GET /apple-app-site-association HTTP/1.1" 404 289 "-" "Mozilla/5.0 (Windows NT 6.1; WOW64; rv:40.0) Gecko/20100101 Firefox/40.1"
188.232.161.193 - - [20/Dec/2022:04:31:56 +0100] "GET /apple-app-site-association HTTP/1.1" 404 289 "-" "Mozilla/5.0 (Windows NT 6.1; WOW64; rv:40.0) Gecko/20100101 Firefox/40.1"
188.232.161.193 - - [20/Dec/2022:04:31:58 +0100] "GET /apple-app-site-association HTTP/1.1" 404 285 "-" "Mozilla/5.0 (Windows NT 6.1; WOW64; rv:40.0) Gecko/20100101 Firefox/40.1"
188.232.161.193 - - [20/Dec/2022:04:31:59 +0100] "GET /.well-known/apple-app-site-association HTTP/1.1" 404 301 "-" "Mozilla/5.0 (Windows NT 6.1; WOW64; rv:40.0) Gecko/20100101 Firefox/40.1"
188.232.161.193 - - [20/Dec/2022:04:32:01 +0100] "GET /.well-known/apple-app-site-association HTTP/1.1" 404 301 "-" "Mozilla/5.0 (Windows NT 6.1; WOW64; rv:40.0) Gecko/20100101 Firefox/40.1"
188.232.161.193 - - [20/Dec/2022:04:32:01 +0100] "GET /.well-known/apple-app-site-association HTTP/1.1" 404 297 "-" "Mozilla/5.0 (Windows NT 6.1; WOW64; rv:40.0) Gecko/20100101 Firefox/40.1"
188.232.161.193 - - [20/Dec/2022:04:32:03 +0100] "GET /.well-known/apple-app-site-association HTTP/1.1" 404 297 "-" "Mozilla/5.0 (Windows NT 6.1; WOW64; rv:40.0) Gecko/20100101 Firefox/40.1"
194.209.200.2 - - [20/Dec/2022:04:34:05 +0100] "GET /robots.txt HTTP/1.1" 200 - "-" "Mozilla/5.0 (compatible; TMMBot/0.2; +http://www.dslab.ch)/Nutch-1.15"
194.209.200.2 - - [20/Dec/2022:04:34:05 +0100] "GET /Miele/MieleLXIV HTTP/1.1" 200 15367 "-" "Mozilla/5.0 (compatible; TMMBot/0.2; +http://www.dslab.ch)/Nutch-1.15"
194.209.200.2 - - [20/Dec/2022:04:36:01 +0100] "GET /Main/2006 HTTP/1.1" 200 39320 "-" "Mozilla/5.0 (compatible; TMMBot/0.2; +http://www.dslab.ch)/Nutch-1.15"
194.209.200.2 - - [20/Dec/2022:04:36:10 +0100] "GET /Main/2004 HTTP/1.1" 200 14080 "-" "Mozilla/5.0 (compatible; TMMBot/0.2; +http://www.dslab.ch)/Nutch-1.15"
194.209.200.2 - - [20/Dec/2022:04:36:21 +0100] "GET /Main/2015 HTTP/1.1" 200 15908 "-" "Mozilla/5.0 (compatible; TMMBot/0.2; +http://www.dslab.ch)/Nutch-1.15"
66.249.73.51 - - [20/Dec/2022:04:36:33 +0100] "GET /Profiles/Zrr HTTP/1.1" 200 8438 "-" "Mozilla/5.0 (Linux; Android 6.0.1; Nexus 5X Build/MMB29P) AppleWebKit/537.36 (KHTML, like Gecko) Chrome/107.0.5304.115 Mobile Safari/537.36 (compatible; Googlebot/2.1; +http://www.google.com/bot.html)"
194.209.200.2 - - [20/Dec/2022:04:37:14 +0100] "GET /AmiKo/OSX HTTP/1.1" 200 9772 "-" "Mozilla/5.0 (compatible; TMMBot/0.2; +http://www.dslab.ch)/Nutch-1.15"
194.209.200.2 - - [20/Dec/2022:04:37:21 +0100] "GET /Main/DocumedGalenicaVsYwesee HTTP/1.1" 200 35251 "-" "Mozilla/5.0 (compatible; TMMBot/0.2; +http://www.dslab.ch)/Nutch-1.15"
194.209.200.2 - - [20/Dec/2022:04:37:50 +0100] "GET /robots.txt HTTP/1.1" 200 - "-" "Mozilla/5.0 (compatible; TMMBot/0.2; +http://www.dslab.ch)/Nutch-1.15"
194.209.200.2 - - [20/Dec/2022:04:38:21 +0100] "GET /AmiKo/Web HTTP/1.1" 200 9588 "-" "Mozilla/5.0 (compatible; TMMBot/0.2; +http://www.dslab.ch)/Nutch-1.15"
194.209.200.2 - - [20/Dec/2022:04:38:26 +0100] "GET /Generikacc/App HTTP/1.1" 200 11862 "-" "Mozilla/5.0 (compatible; TMMBot/0.2; +http://www.dslab.ch)/Nutch-1.15"
64.71.157.107 - - [20/Dec/2022:04:39:02 +0100] "GET /pmwiki.php/Site/AllRecentChanges?action=rss HTTP/1.1" 200 2548 "-" "Feedbin feed-id:590358 - 1 subscribers"
66.249.73.47 - - [20/Dec/2022:04:40:30 +0100] "GET /MEDIupdateXML/Aerzte HTTP/1.1" 200 8529 "-" "Mozilla/5.0 (Linux; Android 6.0.1; Nexus 5X Build/MMB29P) AppleWebKit/537.36 (KHTML, like Gecko) Chrome/108.0.5359.130 Mobile Safari/537.36 (compatible; Googlebot/2.1; +http://www.google.com/bot.html)"
194.209.200.2 - - [20/Dec/2022:04:40:37 +0100] "GET /Main/ComCo19122016 HTTP/1.1" 200 10547 "-" "Mozilla/5.0 (compatible; TMMBot/0.2; +http://www.dslab.ch)/Nutch-1.15"
194.209.200.2 - - [20/Dec/2022:04:40:46 +0100] "GET /Ywesee/About HTTP/1.1" 200 9132 "-" "Mozilla/5.0 (compatible; TMMBot/0.2; +http://www.dslab.ch)/Nutch-1.15"
54.200.165.123 - - [20/Dec/2022:04:40:57 +0100] "GET / HTTP/1.1" 200 14420 "-" "-"
