144.76.40.222 - - [16/Jan/2022:11:00:32 +0100] "GET /Swissmedic/Aips2xml?action=edit HTTP/1.1" 403 18 "-" "Mozilla/5.0 (compatible; MJ12bot/v1.4.8; http://mj12bot.com/)"
144.76.40.222 - - [16/Jan/2022:11:00:38 +0100] "GET /Swissmedic/Dateninstitut?action=edit HTTP/1.1" 403 18 "-" "Mozilla/5.0 (compatible; MJ12bot/v1.4.8; http://mj12bot.com/)"
144.76.40.222 - - [16/Jan/2022:11:00:43 +0100] "GET /Swissmedic/Formatvorlagen?action=edit HTTP/1.1" 403 18 "-" "Mozilla/5.0 (compatible; MJ12bot/v1.4.8; http://mj12bot.com/)"
144.76.40.222 - - [16/Jan/2022:11:00:51 +0100] "GET /Swissmedic/Packungen?action=edit HTTP/1.1" 403 18 "-" "Mozilla/5.0 (compatible; MJ12bot/v1.4.8; http://mj12bot.com/)"
144.76.40.222 - - [16/Jan/2022:11:00:55 +0100] "GET /Swissmedic/PraeparatelisteMitWS?action=edit HTTP/1.1" 403 18 "-" "Mozilla/5.0 (compatible; MJ12bot/v1.4.8; http://mj12bot.com/)"
144.76.40.222 - - [16/Jan/2022:11:01:01 +0100] "GET /Swissmedic/Vertriebsunterbruch?action=edit HTTP/1.1" 403 18 "-" "Mozilla/5.0 (compatible; MJ12bot/v1.4.8; http://mj12bot.com/)"
144.76.40.222 - - [16/Jan/2022:11:01:10 +0100] "GET /Wiget/PhMPrescriber?action=edit HTTP/1.1" 403 18 "-" "Mozilla/5.0 (compatible; MJ12bot/v1.4.8; http://mj12bot.com/)"
144.76.40.222 - - [16/Jan/2022:11:01:23 +0100] "GET /Ywesee/About?action=edit HTTP/1.1" 403 18 "-" "Mozilla/5.0 (compatible; MJ12bot/v1.4.8; http://mj12bot.com/)"
144.76.40.222 - - [16/Jan/2022:11:01:28 +0100] "GET /Ywesee/Bewerbung?action=edit HTTP/1.1" 403 18 "-" "Mozilla/5.0 (compatible; MJ12bot/v1.4.8; http://mj12bot.com/)"
144.76.40.222 - - [16/Jan/2022:11:01:32 +0100] "GET /Ywesee/BitcoinBlockchain?action=edit HTTP/1.1" 403 18 "-" "Mozilla/5.0 (compatible; MJ12bot/v1.4.8; http://mj12bot.com/)"
144.76.40.222 - - [16/Jan/2022:11:01:47 +0100] "GET /Ywesee/ElektronischesPatientendossierSchweiz?action=edit HTTP/1.1" 403 18 "-" "Mozilla/5.0 (compatible; MJ12bot/v1.4.8; http://mj12bot.com/)"
144.76.40.222 - - [16/Jan/2022:11:01:52 +0100] "GET /Ywesee/Events?action=edit HTTP/1.1" 403 18 "-" "Mozilla/5.0 (compatible; MJ12bot/v1.4.8; http://mj12bot.com/)"
144.76.40.222 - - [16/Jan/2022:11:02:06 +0100] "GET /Ywesee/IGM11?action=edit HTTP/1.1" 403 18 "-" "Mozilla/5.0 (compatible; MJ12bot/v1.4.8; http://mj12bot.com/)"
144.76.40.222 - - [16/Jan/2022:11:02:13 +0100] "GET /Ywesee/InfoCodex?action=edit HTTP/1.1" 403 18 "-" "Mozilla/5.0 (compatible; MJ12bot/v1.4.8; http://mj12bot.com/)"
144.76.40.222 - - [16/Jan/2022:11:02:19 +0100] "GET /Ywesee/InfoCodexProcedure?action=edit HTTP/1.1" 403 18 "-" "Mozilla/5.0 (compatible; MJ12bot/v1.4.8; http://mj12bot.com/)"
144.76.40.222 - - [16/Jan/2022:11:02:24 +0100] "GET /Ywesee/InfoCodexProximity?action=edit HTTP/1.1" 403 18 "-" "Mozilla/5.0 (compatible; MJ12bot/v1.4.8; http://mj12bot.com/)"
185.191.171.33 - - [16/Jan/2022:11:02:33 +0100] "GET /robots.txt HTTP/1.1" 200 - "-" "Mozilla/5.0 (compatible; SemrushBot/7~bl; +http://www.semrush.com/bot.html)"
185.191.171.36 - - [16/Jan/2022:11:02:33 +0100] "GET /Main/Xls2odat?action=print HTTP/1.1" 403 18 "-" "Mozilla/5.0 (compatible; SemrushBot/7~bl; +http://www.semrush.com/bot.html)"
144.76.40.222 - - [16/Jan/2022:11:02:50 +0100] "GET /Ywesee/InfoCodexVorgehen?action=edit HTTP/1.1" 403 18 "-" "Mozilla/5.0 (compatible; MJ12bot/v1.4.8; http://mj12bot.com/)"
89.246.241.14 - - [16/Jan/2022:11:03:06 +0100] "GET /Bundesrat/Ebook HTTP/1.1" 200 10101 "-" "Mozilla/5.0 (Windows NT 10.0; Win64; x64; rv:84.0) Gecko/20100101 Firefox/84.0"
89.246.241.14 - - [16/Jan/2022:11:03:20 +0100] "GET /Main/HirslandenProfessional HTTP/1.1" 200 8885 "-" "Mozilla/5.0 (Windows NT 10.0; Win64; x64; rv:84.0) Gecko/20100101 Firefox/84.0"
17.121.114.77 - - [16/Jan/2022:11:03:41 +0100] "GET /Wiget/PhMPrescriber HTTP/1.1" 200 9312 "-" "Mozilla/5.0 (Macintosh; Intel Mac OS X 10_15_5) AppleWebKit/605.1.15 (KHTML, like Gecko) Version/13.1.1 Safari/605.1.15 (Applebot/0.1; +http://www.apple.com/go/applebot)"
89.246.241.14 - - [16/Jan/2022:11:04:15 +0100] "GET /Main/MyMedi HTTP/1.1" 200 9646 "-" "Mozilla/5.0 (Windows NT 10.0; Win64; x64; rv:84.0) Gecko/20100101 Firefox/84.0"
144.76.40.222 - - [16/Jan/2022:11:04:27 +0100] "GET /Ywesee/Kindle?action=edit HTTP/1.1" 403 18 "-" "Mozilla/5.0 (compatible; MJ12bot/v1.4.8; http://mj12bot.com/)"
144.76.40.222 - - [16/Jan/2022:11:04:36 +0100] "GET /Ywesee/KindleOniPhone?action=edit HTTP/1.1" 403 18 "-" "Mozilla/5.0 (compatible; MJ12bot/v1.4.8; http://mj12bot.com/)"
144.76.40.222 - - [16/Jan/2022:11:04:44 +0100] "GET /Ywesee/Kontakt?action=edit HTTP/1.1" 403 18 "-" "Mozilla/5.0 (compatible; MJ12bot/v1.4.8; http://mj12bot.com/)"
144.76.40.222 - - [16/Jan/2022:11:04:52 +0100] "GET /Ywesee/KurzFachinfo?action=edit HTTP/1.1" 403 18 "-" "Mozilla/5.0 (compatible; MJ12bot/v1.4.8; http://mj12bot.com/)"
144.76.40.222 - - [16/Jan/2022:11:05:02 +0100] "GET /Ywesee/ODBA?action=edit HTTP/1.1" 403 18 "-" "Mozilla/5.0 (compatible; MJ12bot/v1.4.8; http://mj12bot.com/)"
89.246.241.14 - - [16/Jan/2022:11:05:38 +0100] "GET /Main/Refdata HTTP/1.1" 200 11486 "-" "Mozilla/5.0 (Windows NT 10.0; Win64; x64; rv:84.0) Gecko/20100101 Firefox/84.0"
144.76.40.222 - - [16/Jan/2022:11:06:02 +0100] "GET /Ywesee/OpenSource?action=edit HTTP/1.1" 403 18 "-" "Mozilla/5.0 (compatible; MJ12bot/v1.4.8; http://mj12bot.com/)"
144.76.40.222 - - [16/Jan/2022:11:06:12 +0100] "GET /Ywesee/OpenStandards?action=edit HTTP/1.1" 403 18 "-" "Mozilla/5.0 (compatible; MJ12bot/v1.4.8; http://mj12bot.com/)"
144.76.40.222 - - [16/Jan/2022:11:06:23 +0100] "GET /Ywesee/SBSM?action=edit HTTP/1.1" 403 18 "-" "Mozilla/5.0 (compatible; MJ12bot/v1.4.8; http://mj12bot.com/)"
144.76.40.222 - - [16/Jan/2022:11:07:19 +0100] "GET /Ywesee/Software?action=edit HTTP/1.1" 403 18 "-" "Mozilla/5.0 (compatible; MJ12bot/v1.4.8; http://mj12bot.com/)"
144.76.40.222 - - [16/Jan/2022:11:07:45 +0100] "GET /Ywesee/SpezialisierteKrankenkasse?action=edit HTTP/1.1" 403 18 "-" "Mozilla/5.0 (compatible; MJ12bot/v1.4.8; http://mj12bot.com/)"
144.76.40.222 - - [16/Jan/2022:11:07:56 +0100] "GET /Ywesee/Stanza?action=edit HTTP/1.1" 403 18 "-" "Mozilla/5.0 (compatible; MJ12bot/v1.4.8; http://mj12bot.com/)"
89.246.241.14 - - [16/Jan/2022:11:08:09 +0100] "GET /Main/2005?action=upload HTTP/1.1" 200 8737 "-" "Mozilla/5.0 (Windows NT 10.0; Win64; x64; rv:84.0) Gecko/20100101 Firefox/84.0"
144.76.40.222 - - [16/Jan/2022:11:08:23 +0100] "GET /Ywesee/Team?action=edit HTTP/1.1" 403 18 "-" "Mozilla/5.0 (compatible; MJ12bot/v1.4.8; http://mj12bot.com/)"
144.76.40.222 - - [16/Jan/2022:11:09:17 +0100] "GET /Ywesee/XMLFachinfoValidierung?action=edit HTTP/1.1" 403 18 "-" "Mozilla/5.0 (compatible; MJ12bot/v1.4.8; http://mj12bot.com/)"
144.76.40.222 - - [16/Jan/2022:11:09:31 +0100] "GET /Ywesee/YDPM?action=edit HTTP/1.1" 403 18 "-" "Mozilla/5.0 (compatible; MJ12bot/v1.4.8; http://mj12bot.com/)"
42.236.17.70 - - [16/Jan/2022:11:11:15 +0100] "GET / HTTP/1.1" 200 10556 "http://ywesee.org/" "Mozilla/5.0 (iPhone; CPU OS 11_0 like Mac OS X) AppleWebKit/604.1.25 (KHTML, like Gecko) Version/11.0 Mobile/15A372 Safari/604.1"
42.236.17.81 - - [16/Jan/2022:11:11:16 +0100] "GET /pub/skins/ywesee/gila.css HTTP/1.1" 200 8276 "-" "Mozilla/5.0 (iPhone; CPU OS 11_0 like Mac OS X) AppleWebKit/604.1.25 (KHTML, like Gecko) Version/11.0 Mobile/15A372 Safari/604.1"
89.246.241.14 - - [16/Jan/2022:11:12:02 +0100] "GET /Main/2014?action=edit HTTP/1.1" 200 9271 "-" "Mozilla/5.0 (Windows NT 10.0; Win64; x64; rv:84.0) Gecko/20100101 Firefox/84.0"
89.246.241.14 - - [16/Jan/2022:11:13:38 +0100] "GET /Main/Legende HTTP/1.1" 200 9217 "-" "Mozilla/5.0 (Windows NT 10.0; Win64; x64; rv:84.0) Gecko/20100101 Firefox/84.0"
89.246.241.14 - - [16/Jan/2022:11:13:43 +0100] "GET /Main/EANCode HTTP/1.1" 200 9821 "-" "Mozilla/5.0 (Windows NT 10.0; Win64; x64; rv:84.0) Gecko/20100101 Firefox/84.0"
185.191.171.20 - - [16/Jan/2022:11:13:46 +0100] "GET /AmiKo/OSXRezeptfunktion?action=upload HTTP/1.1" 403 18 "-" "Mozilla/5.0 (compatible; SemrushBot/7~bl; +http://www.semrush.com/bot.html)"
193.247.208.98 - - [16/Jan/2022:11:18:10 +0100] "HEAD / HTTP/1.1" 200 - "https://www.hin.ch" "Mozilla/5.0 (Windows NT 10.0; Win64; x64) AppleWebKit/537.36 (KHTML, like Gecko) Chrome/70.0.3538.102 Safari/537.36"
89.246.241.14 - - [16/Jan/2022:11:19:31 +0100] "GET /Main/2006?action=diff HTTP/1.1" 200 41442 "-" "Mozilla/5.0 (Windows NT 10.0; Win64; x64; rv:84.0) Gecko/20100101 Firefox/84.0"
46.147.191.219 - - [16/Jan/2022:11:19:52 +0100] "GET /Miele/MieleLXIV HTTP/1.1" 200 15367 "https://yandex.ru/" "Mozilla/5.0 (Windows NT 10.0; WOW64) AppleWebKit/537.36 (KHTML, like Gecko) Chrome/91.0.4472.164 YaBrowser/21.6.4.694 Yowser/2.5 Safari/537.36"
46.147.191.219 - - [16/Jan/2022:11:19:53 +0100] "GET /pub/skins/ywesee/gila.css HTTP/1.1" 200 8276 "https://ywesee.com/" "Mozilla/5.0 (Windows NT 10.0; WOW64) AppleWebKit/537.36 (KHTML, like Gecko) Chrome/91.0.4472.164 YaBrowser/21.6.4.694 Yowser/2.5 Safari/537.36"
89.246.241.14 - - [16/Jan/2022:11:25:41 +0100] "GET /Main/MediStammdatenKostenSchweiz HTTP/1.1" 200 10264 "-" "Mozilla/5.0 (Windows NT 10.0; Win64; x64; rv:84.0) Gecko/20100101 Firefox/84.0"
116.179.32.143 - - [16/Jan/2022:11:28:32 +0100] "GET /AmiKo/Index HTTP/1.1" 200 9511 "-" "Mozilla/5.0 (compatible; Baiduspider/2.0; +http://www.baidu.com/search/spider.html)"
89.246.241.14 - - [16/Jan/2022:11:33:50 +0100] "GET /uploads/Main/Seite_1.pdf HTTP/1.1" 200 1100985 "-" "Mozilla/5.0 (Windows NT 10.0; Win64; x64; rv:84.0) Gecko/20100101 Firefox/84.0"
108.59.8.80 - - [16/Jan/2022:11:46:05 +0100] "GET /robots.txt HTTP/1.1" 200 - "-" "Mozilla/5.0 (compatible; MJ12bot/v1.4.8; http://mj12bot.com/)"
108.59.8.80 - - [16/Jan/2022:11:46:07 +0100] "GET / HTTP/1.1" 200 10556 "-" "Mozilla/5.0 (compatible; MJ12bot/v1.4.8; http://mj12bot.com/)"
89.246.241.14 - - [16/Jan/2022:11:46:10 +0100] "GET /Ywesee/BitcoinBlockchain HTTP/1.1" 200 9811 "-" "Mozilla/5.0 (Windows NT 10.0; Win64; x64; rv:84.0) Gecko/20100101 Firefox/84.0"
89.246.241.14 - - [16/Jan/2022:11:49:26 +0100] "GET /Main/2005?action=diff HTTP/1.1" 200 94077 "-" "Mozilla/5.0 (Windows NT 10.0; Win64; x64; rv:84.0) Gecko/20100101 Firefox/84.0"
89.246.241.14 - - [16/Jan/2022:11:54:00 +0100] "GET /Main/2014?action=upload HTTP/1.1" 200 8737 "-" "Mozilla/5.0 (Windows NT 10.0; Win64; x64; rv:84.0) Gecko/20100101 Firefox/84.0"
89.246.241.14 - - [16/Jan/2022:11:57:53 +0100] "GET /ODDB/Flow HTTP/1.1" 200 8944 "-" "Mozilla/5.0 (Windows NT 10.0; Win64; x64; rv:84.0) Gecko/20100101 Firefox/84.0"
89.246.241.14 - - [16/Jan/2022:11:58:45 +0100] "GET /uploads/Main/fmh_stellungnahme_kompendiumsbuch_20.11.2007.pdf HTTP/1.1" 200 67339 "-" "Mozilla/5.0 (Windows NT 10.0; Win64; x64; rv:84.0) Gecko/20100101 Firefox/84.0"
3.87.67.6 - - [16/Jan/2022:12:12:45 +0100] "GET /robots.txt HTTP/1.1" 200 - "-" "MauiBot (crawler.feedback+gamma@gmail.com)"
89.246.241.14 - - [16/Jan/2022:12:16:39 +0100] "GET /Main/FAZ HTTP/1.1" 200 8325 "-" "Mozilla/5.0 (Windows NT 10.0; Win64; x64; rv:84.0) Gecko/20100101 Firefox/84.0"
89.246.241.14 - - [16/Jan/2022:12:18:20 +0100] "GET /Oddb2xml/Version HTTP/1.1" 200 9879 "-" "Mozilla/5.0 (Windows NT 10.0; Win64; x64; rv:84.0) Gecko/20100101 Firefox/84.0"
89.246.241.14 - - [16/Jan/2022:12:23:10 +0100] "GET /MEDIupdateXML/Aerzte HTTP/1.1" 200 8529 "-" "Mozilla/5.0 (Windows NT 10.0; Win64; x64; rv:84.0) Gecko/20100101 Firefox/84.0"
89.246.241.14 - - [16/Jan/2022:12:26:56 +0100] "GET /Main/WekoBlog HTTP/1.1" 200 22209 "-" "Mozilla/5.0 (Windows NT 10.0; Win64; x64; rv:84.0) Gecko/20100101 Firefox/84.0"
34.250.91.65 - - [16/Jan/2022:12:30:57 +0100] "GET / HTTP/1.1" 200 10556 "-" "Mozilla/5.0 (Windows NT 10.0; Win64; x64; rv:92.0) Gecko/20100101 Firefox/92.0"
34.250.91.65 - - [16/Jan/2022:12:30:58 +0100] "GET /Main/Home HTTP/1.1" 200 10556 "-" "Mozilla/5.0 (Windows NT 10.0; Win64; x64; rv:92.0) Gecko/20100101 Firefox/92.0"
34.250.91.65 - - [16/Jan/2022:12:30:58 +0100] "GET /Site/AllRecentChanges?action=rss HTTP/1.1" 200 2546 "-" "Mozilla/5.0 (Windows NT 10.0; Win64; x64; rv:92.0) Gecko/20100101 Firefox/92.0"
34.250.91.65 - - [16/Jan/2022:12:30:58 +0100] "GET /Ywesee/About HTTP/1.1" 200 9132 "-" "Mozilla/5.0 (Windows NT 10.0; Win64; x64; rv:92.0) Gecko/20100101 Firefox/92.0"
34.250.91.65 - - [16/Jan/2022:12:30:59 +0100] "GET /Ywesee/Events HTTP/1.1" 200 8918 "-" "Mozilla/5.0 (Windows NT 10.0; Win64; x64; rv:92.0) Gecko/20100101 Firefox/92.0"
34.250.91.65 - - [16/Jan/2022:12:30:59 +0100] "GET /Ywesee/OpenSource HTTP/1.1" 200 10790 "-" "Mozilla/5.0 (Windows NT 10.0; Win64; x64; rv:92.0) Gecko/20100101 Firefox/92.0"
34.250.91.65 - - [16/Jan/2022:12:31:00 +0100] "GET /Ywesee/Team HTTP/1.1" 200 18245 "-" "Mozilla/5.0 (Windows NT 10.0; Win64; x64; rv:92.0) Gecko/20100101 Firefox/92.0"
34.250.91.65 - - [16/Jan/2022:12:31:00 +0100] "GET /Ywesee/Kontakt HTTP/1.1" 200 8973 "-" "Mozilla/5.0 (Windows NT 10.0; Win64; x64; rv:92.0) Gecko/20100101 Firefox/92.0"
34.250.91.65 - - [16/Jan/2022:12:31:00 +0100] "GET /Main/DocumedGalenicaVsYwesee HTTP/1.1" 200 34932 "-" "Mozilla/5.0 (Windows NT 10.0; Win64; x64; rv:92.0) Gecko/20100101 Firefox/92.0"
34.250.91.65 - - [16/Jan/2022:12:31:01 +0100] "GET /AmiKo/Web HTTP/1.1" 200 9588 "-" "Mozilla/5.0 (Windows NT 10.0; Win64; x64; rv:92.0) Gecko/20100101 Firefox/92.0"
34.250.91.65 - - [16/Jan/2022:12:31:01 +0100] "GET /AmiKo/Android HTTP/1.1" 200 10427 "-" "Mozilla/5.0 (Windows NT 10.0; Win64; x64; rv:92.0) Gecko/20100101 Firefox/92.0"
34.250.91.65 - - [16/Jan/2022:12:31:01 +0100] "GET /AmiKo/Windows HTTP/1.1" 200 10332 "-" "Mozilla/5.0 (Windows NT 10.0; Win64; x64; rv:92.0) Gecko/20100101 Firefox/92.0"
34.250.91.65 - - [16/Jan/2022:12:31:01 +0100] "GET /AmiKo/IOS HTTP/1.1" 200 11930 "-" "Mozilla/5.0 (Windows NT 10.0; Win64; x64; rv:92.0) Gecko/20100101 Firefox/92.0"
34.250.91.65 - - [16/Jan/2022:12:31:02 +0100] "GET /AmiKo/OSX HTTP/1.1" 200 9772 "-" "Mozilla/5.0 (Windows NT 10.0; Win64; x64; rv:92.0) Gecko/20100101 Firefox/92.0"
34.250.91.65 - - [16/Jan/2022:12:31:02 +0100] "GET /AmiKo/Linux HTTP/1.1" 200 9217 "-" "Mozilla/5.0 (Windows NT 10.0; Win64; x64; rv:92.0) Gecko/20100101 Firefox/92.0"
34.250.91.65 - - [16/Jan/2022:12:31:02 +0100] "GET /Generikacc/App HTTP/1.1" 200 11862 "-" "Mozilla/5.0 (Windows NT 10.0; Win64; x64; rv:92.0) Gecko/20100101 Firefox/92.0"
34.250.91.65 - - [16/Jan/2022:12:31:03 +0100] "GET /Oddb2xml/Index HTTP/1.1" 200 8983 "-" "Mozilla/5.0 (Windows NT 10.0; Win64; x64; rv:92.0) Gecko/20100101 Firefox/92.0"
34.250.91.65 - - [16/Jan/2022:12:31:03 +0100] "GET /ODDB/IntegrationLookAmpFeelGenerikasuche HTTP/1.1" 200 9097 "-" "Mozilla/5.0 (Windows NT 10.0; Win64; x64; rv:92.0) Gecko/20100101 Firefox/92.0"
34.250.91.65 - - [16/Jan/2022:12:31:03 +0100] "GET /ODDB/IndividuelleMediliste HTTP/1.1" 200 9139 "-" "Mozilla/5.0 (Windows NT 10.0; Win64; x64; rv:92.0) Gecko/20100101 Firefox/92.0"
34.250.91.65 - - [16/Jan/2022:12:31:03 +0100] "GET /ODDB/StammdatenCH HTTP/1.1" 200 9300 "-" "Mozilla/5.0 (Windows NT 10.0; Win64; x64; rv:92.0) Gecko/20100101 Firefox/92.0"
34.250.91.65 - - [16/Jan/2022:12:31:04 +0100] "GET /Software/ODDB HTTP/1.1" 200 10298 "-" "Mozilla/5.0 (Windows NT 10.0; Win64; x64; rv:92.0) Gecko/20100101 Firefox/92.0"
34.250.91.65 - - [16/Jan/2022:12:31:04 +0100] "GET /Software/BBMB HTTP/1.1" 200 9385 "-" "Mozilla/5.0 (Windows NT 10.0; Win64; x64; rv:92.0) Gecko/20100101 Firefox/92.0"
34.250.91.65 - - [16/Jan/2022:12:31:04 +0100] "GET /Software/Spreadsheet HTTP/1.1" 200 8839 "-" "Mozilla/5.0 (Windows NT 10.0; Win64; x64; rv:92.0) Gecko/20100101 Firefox/92.0"
34.250.91.65 - - [16/Jan/2022:12:31:05 +0100] "GET /Software/YDIM HTTP/1.1" 200 8834 "-" "Mozilla/5.0 (Windows NT 10.0; Win64; x64; rv:92.0) Gecko/20100101 Firefox/92.0"
34.250.91.65 - - [16/Jan/2022:12:31:05 +0100] "GET /Software/XMLConv HTTP/1.1" 200 8709 "-" "Mozilla/5.0 (Windows NT 10.0; Win64; x64; rv:92.0) Gecko/20100101 Firefox/92.0"
34.250.91.65 - - [16/Jan/2022:12:31:05 +0100] "GET /Software/SoftwareRaid HTTP/1.1" 200 12104 "-" "Mozilla/5.0 (Windows NT 10.0; Win64; x64; rv:92.0) Gecko/20100101 Firefox/92.0"
89.246.241.14 - - [16/Jan/2022:12:31:30 +0100] "GET /Main/Saldo HTTP/1.1" 200 8416 "-" "Mozilla/5.0 (Windows NT 10.0; Win64; x64; rv:84.0) Gecko/20100101 Firefox/84.0"
89.246.241.14 - - [16/Jan/2022:12:34:49 +0100] "GET /Epha/Flow HTTP/1.1" 200 8668 "-" "Mozilla/5.0 (Windows NT 10.0; Win64; x64; rv:84.0) Gecko/20100101 Firefox/84.0"
123.125.109.119 - - [16/Jan/2022:12:35:17 +0100] "GET / HTTP/1.1" 200 10556 "-" "Sogou web spider/4.0(+http://www.sogou.com/docs/help/webmasters.htm#07)"
89.246.241.14 - - [16/Jan/2022:12:41:24 +0100] "GET /uploads/Main/IC-Enterprise.pdf HTTP/1.1" 200 868608 "-" "Mozilla/5.0 (Windows NT 10.0; Win64; x64; rv:84.0) Gecko/20100101 Firefox/84.0"
89.246.241.14 - - [16/Jan/2022:12:41:48 +0100] "GET /uploads/Main/Schreiben_Bfarm_20.3.2007.pdf HTTP/1.1" 200 607598 "-" "Mozilla/5.0 (Windows NT 10.0; Win64; x64; rv:84.0) Gecko/20100101 Firefox/84.0"
123.125.109.216 - - [16/Jan/2022:12:42:40 +0100] "GET / HTTP/1.1" 200 10556 "-" "Sogou web spider/4.0(+http://www.sogou.com/docs/help/webmasters.htm#07)"
37.251.220.107 - - [16/Jan/2022:12:43:01 +0100] "GET /Miele/MieleLXIV HTTP/1.1" 200 15367 "https://medevel-com.cdn.ampproject.org/v/s/medevel.com/miele-lxiv-dicom-macosx/amp/" "Mozilla/5.0 (iPhone; CPU iPhone OS 15_1 like Mac OS X) AppleWebKit/605.1.15 (KHTML, like Gecko) Version/15.1 Mobile/15E148 Safari/604.1"
37.251.220.107 - - [16/Jan/2022:12:43:02 +0100] "GET /pub/skins/ywesee/gila.css HTTP/1.1" 200 8276 "https://www.ywesee.com/" "Mozilla/5.0 (iPhone; CPU iPhone OS 15_1 like Mac OS X) AppleWebKit/605.1.15 (KHTML, like Gecko) Version/15.1 Mobile/15E148 Safari/604.1"
37.251.220.107 - - [16/Jan/2022:12:43:04 +0100] "GET /favicon.ico HTTP/1.1" 200 1406 "https://www.ywesee.com/" "Mozilla/5.0 (iPhone; CPU iPhone OS 15_1 like Mac OS X) AppleWebKit/605.1.15 (KHTML, like Gecko) Version/15.1 Mobile/15E148 Safari/604.1"
192.29.97.49 - - [16/Jan/2022:12:43:36 +0100] "GET / HTTP/1.1" 200 10556 "http://ywesee.com/" "DF Bot 1.0"
192.29.97.49 - - [16/Jan/2022:12:43:38 +0100] "HEAD /robots.txt HTTP/1.1" 200 - "-" "DF Bot 1.0"
192.29.97.49 - - [16/Jan/2022:12:43:39 +0100] "GET /robots.txt HTTP/1.1" 200 - "-" "DF Bot 1.0"
192.29.97.49 - - [16/Jan/2022:12:43:41 +0100] "HEAD /robots.txt HTTP/1.1" 200 - "-" "DF Bot 1.0"
192.29.97.49 - - [16/Jan/2022:12:43:42 +0100] "GET /robots.txt HTTP/1.1" 200 - "-" "DF Bot 1.0"
192.29.97.49 - - [16/Jan/2022:12:43:43 +0100] "GET /Ywesee/Kontakt HTTP/1.1" 200 8973 "-" "DF Bot 1.0"
192.29.97.49 - - [16/Jan/2022:12:43:44 +0100] "HEAD /robots.txt HTTP/1.1" 200 - "-" "DF Bot 1.0"
192.29.97.49 - - [16/Jan/2022:12:43:44 +0100] "GET /robots.txt HTTP/1.1" 200 - "-" "DF Bot 1.0"
192.29.97.49 - - [16/Jan/2022:12:43:47 +0100] "HEAD /robots.txt HTTP/1.1" 200 - "-" "DF Bot 1.0"
192.29.97.49 - - [16/Jan/2022:12:43:47 +0100] "GET /robots.txt HTTP/1.1" 200 - "-" "DF Bot 1.0"
192.29.97.49 - - [16/Jan/2022:12:43:48 +0100] "GET /Main/Home HTTP/1.1" 200 10556 "-" "DF Bot 1.0"
192.29.97.49 - - [16/Jan/2022:12:43:49 +0100] "HEAD /robots.txt HTTP/1.1" 200 - "-" "DF Bot 1.0"
192.29.97.49 - - [16/Jan/2022:12:43:49 +0100] "GET /robots.txt HTTP/1.1" 200 - "-" "DF Bot 1.0"
89.246.241.14 - - [16/Jan/2022:12:43:51 +0100] "GET /Main/2007?n=Main.SideBar?action=edit HTTP/1.1" 200 9322 "-" "Mozilla/5.0 (Windows NT 10.0; Win64; x64; rv:84.0) Gecko/20100101 Firefox/84.0"
192.29.97.49 - - [16/Jan/2022:12:43:54 +0100] "HEAD /robots.txt HTTP/1.1" 200 - "-" "DF Bot 1.0"
192.29.97.49 - - [16/Jan/2022:12:43:54 +0100] "GET /robots.txt HTTP/1.1" 200 - "-" "DF Bot 1.0"
192.29.97.49 - - [16/Jan/2022:12:43:55 +0100] "GET /Ywesee/About HTTP/1.1" 200 9132 "-" "DF Bot 1.0"
192.29.97.49 - - [16/Jan/2022:12:43:55 +0100] "HEAD /robots.txt HTTP/1.1" 200 - "-" "DF Bot 1.0"
192.29.97.49 - - [16/Jan/2022:12:43:56 +0100] "GET /robots.txt HTTP/1.1" 200 - "-" "DF Bot 1.0"
192.29.97.49 - - [16/Jan/2022:12:43:59 +0100] "HEAD /robots.txt HTTP/1.1" 200 - "-" "DF Bot 1.0"
192.29.97.49 - - [16/Jan/2022:12:44:00 +0100] "GET /robots.txt HTTP/1.1" 200 - "-" "DF Bot 1.0"
192.29.97.49 - - [16/Jan/2022:12:44:00 +0100] "GET /Ywesee/Team HTTP/1.1" 200 18245 "-" "DF Bot 1.0"
192.29.97.49 - - [16/Jan/2022:12:44:01 +0100] "HEAD /robots.txt HTTP/1.1" 200 - "-" "DF Bot 1.0"
192.29.97.49 - - [16/Jan/2022:12:44:01 +0100] "GET /robots.txt HTTP/1.1" 200 - "-" "DF Bot 1.0"
123.125.109.119 - - [16/Jan/2022:12:44:29 +0100] "GET / HTTP/1.1" 200 10556 "-" "Sogou web spider/4.0(+http://www.sogou.com/docs/help/webmasters.htm#07)"
185.191.171.40 - - [16/Jan/2022:12:44:47 +0100] "GET /robots.txt HTTP/1.1" 200 - "-" "Mozilla/5.0 (compatible; SemrushBot/7~bl; +http://www.semrush.com/bot.html)"
185.191.171.4 - - [16/Jan/2022:12:44:48 +0100] "GET /Swissmedic/Vertriebsunterbruch?n=Main.SideBar%3Faction%3Dedit HTTP/1.1" 302 157 "-" "Mozilla/5.0 (compatible; SemrushBot/7~bl; +http://www.semrush.com/bot.html)"
89.246.241.14 - - [16/Jan/2022:12:47:07 +0100] "GET /Ywesee/KurzFachinfo HTTP/1.1" 200 8845 "-" "Mozilla/5.0 (Windows NT 10.0; Win64; x64; rv:84.0) Gecko/20100101 Firefox/84.0"
5.157.43.76 - - [16/Jan/2022:12:49:36 +0100] "GET / HTTP/1.1" 200 10556 "http://ywesee.org" "Mozilla/5.0 (Windows NT 10.0; WOW64) AppleWebKit/537.36 (KHTML, like Gecko) DownloaderChrome/62.0.3202.75 Safari/537.36"
46.166.182.115 - - [16/Jan/2022:12:54:49 +0100] "GET / HTTP/1.0" 200 10556 "https://ywesee.com/" "Mozilla/5.0 (Windows NT 6.1; Win64; x64) AppleWebKit/537.36 (KHTML, like Gecko) Chrome/90.0.4430.93 Safari/537.36"
46.166.182.115 - - [16/Jan/2022:12:54:49 +0100] "GET /Ywesee/Kontakt HTTP/1.0" 200 8973 "https://www.ywesee.com/Ywesee/Kontakt" "Mozilla/5.0 (Windows NT 6.1; Win64; x64) AppleWebKit/537.36 (KHTML, like Gecko) Chrome/90.0.4430.93 Safari/537.36"
89.246.241.14 - - [16/Jan/2022:12:54:49 +0100] "GET /Main/2006?n=Main.SideBar?action=edit HTTP/1.1" 200 9322 "-" "Mozilla/5.0 (Windows NT 10.0; Win64; x64; rv:84.0) Gecko/20100101 Firefox/84.0"
46.166.182.115 - - [16/Jan/2022:12:54:50 +0100] "GET /Ywesee/Kontakt?action=edit HTTP/1.0" 200 9332 "https://www.ywesee.com/Ywesee/Kontakt?action=edit" "Mozilla/5.0 (Windows NT 6.1; Win64; x64) AppleWebKit/537.36 (KHTML, like Gecko) Chrome/90.0.4430.93 Safari/537.36"
46.166.182.115 - - [16/Jan/2022:12:54:50 +0100] "GET /Ywesee/Kontakt?n=Main.SideBar?action=edit HTTP/1.0" 200 9327 "https://www.ywesee.com/Ywesee/Kontakt?n=Main.SideBar?action=edit" "Mozilla/5.0 (Windows NT 6.1; Win64; x64) AppleWebKit/537.36 (KHTML, like Gecko) Chrome/90.0.4430.93 Safari/537.36"
185.191.171.37 - - [16/Jan/2022:12:59:34 +0100] "GET /AmiKo/Windows HTTP/1.1" 200 10332 "-" "Mozilla/5.0 (compatible; SemrushBot/7~bl; +http://www.semrush.com/bot.html)"
118.184.177.79 - - [16/Jan/2022:12:59:57 +0100] "GET / HTTP/1.1" 200 10556 "-" "Sogou web spider/4.0(+http://www.sogou.com/docs/help/webmasters.htm#07)"
89.246.241.14 - - [16/Jan/2022:13:00:28 +0100] "GET /uploads/Main/Saldo_12.9.2007.pdf HTTP/1.1" 200 6147 "-" "Mozilla/5.0 (Windows NT 10.0; Win64; x64; rv:84.0) Gecko/20100101 Firefox/84.0"
89.246.241.14 - - [16/Jan/2022:13:05:40 +0100] "GET /Main/2005?n=Main.SideBar?action=edit HTTP/1.1" 200 9322 "-" "Mozilla/5.0 (Windows NT 10.0; Win64; x64; rv:84.0) Gecko/20100101 Firefox/84.0"
89.246.241.14 - - [16/Jan/2022:13:08:15 +0100] "GET /Ywesee/ElektronischesPatientendossierSchweiz HTTP/1.1" 200 11065 "-" "Mozilla/5.0 (Windows NT 10.0; Win64; x64; rv:84.0) Gecko/20100101 Firefox/84.0"
89.246.241.14 - - [16/Jan/2022:13:18:32 +0100] "GET /Main/2007?action=print HTTP/1.1" 200 45502 "-" "Mozilla/5.0 (Windows NT 10.0; Win64; x64; rv:84.0) Gecko/20100101 Firefox/84.0"
178.63.87.197 - - [16/Jan/2022:13:18:41 +0100] "GET /robots.txt HTTP/1.1" 200 - "-" "Mozilla/5.0 (compatible; MJ12bot/v1.4.8; http://mj12bot.com/)"
178.63.87.197 - - [16/Jan/2022:13:18:47 +0100] "GET /AIPS/Bestaetigung?action=edit HTTP/1.1" 403 18 "-" "Mozilla/5.0 (compatible; MJ12bot/v1.4.8; http://mj12bot.com/)"
178.63.87.197 - - [16/Jan/2022:13:19:17 +0100] "GET /Aips2sqlite/Index?action=edit HTTP/1.1" 403 18 "-" "Mozilla/5.0 (compatible; MJ12bot/v1.4.8; http://mj12bot.com/)"
178.63.87.197 - - [16/Jan/2022:13:19:27 +0100] "GET /Aips2sqlite/Release?action=edit HTTP/1.1" 403 18 "-" "Mozilla/5.0 (compatible; MJ12bot/v1.4.8; http://mj12bot.com/)"
178.63.87.197 - - [16/Jan/2022:13:19:29 +0100] "GET /AmiKo/Barcodes?action=edit HTTP/1.1" 403 18 "-" "Mozilla/5.0 (compatible; MJ12bot/v1.4.8; http://mj12bot.com/)"
178.63.87.197 - - [16/Jan/2022:13:19:32 +0100] "GET /AmiKo/Cpp2sqlite?action=edit HTTP/1.1" 403 18 "-" "Mozilla/5.0 (compatible; MJ12bot/v1.4.8; http://mj12bot.com/)"
178.63.87.197 - - [16/Jan/2022:13:20:15 +0100] "GET /AmiKo/Desktop?action=edit HTTP/1.1" 403 18 "-" "Mozilla/5.0 (compatible; MJ12bot/v1.4.8; http://mj12bot.com/)"
178.63.87.197 - - [16/Jan/2022:13:20:49 +0100] "GET /AmiKo/Flyer?action=edit HTTP/1.1" 403 18 "-" "Mozilla/5.0 (compatible; MJ12bot/v1.4.8; http://mj12bot.com/)"
178.63.87.197 - - [16/Jan/2022:13:20:59 +0100] "GET /AmiKo/OSXRezeptfunktion?action=edit HTTP/1.1" 403 18 "-" "Mozilla/5.0 (compatible; MJ12bot/v1.4.8; http://mj12bot.com/)"
178.63.87.197 - - [16/Jan/2022:13:21:13 +0100] "GET /AmiKo/OSXSatzexport?action=edit HTTP/1.1" 403 18 "-" "Mozilla/5.0 (compatible; MJ12bot/v1.4.8; http://mj12bot.com/)"
178.63.87.197 - - [16/Jan/2022:13:21:33 +0100] "GET /AmiKo/Privacy?action=edit HTTP/1.1" 403 18 "-" "Mozilla/5.0 (compatible; MJ12bot/v1.4.8; http://mj12bot.com/)"
178.63.87.197 - - [16/Jan/2022:13:22:02 +0100] "GET /Android/AmiKo?action=edit HTTP/1.1" 403 18 "-" "Mozilla/5.0 (compatible; MJ12bot/v1.4.8; http://mj12bot.com/)"
89.246.241.14 - - [16/Jan/2022:13:22:04 +0100] "GET /uploads/Main/an_jenny_17.10.2007.pdf HTTP/1.1" 200 154981 "-" "Mozilla/5.0 (Windows NT 10.0; Win64; x64; rv:84.0) Gecko/20100101 Firefox/84.0"
178.63.87.197 - - [16/Jan/2022:13:22:14 +0100] "GET /Android/CoMed?action=edit HTTP/1.1" 403 18 "-" "Mozilla/5.0 (compatible; MJ12bot/v1.4.8; http://mj12bot.com/)"
89.246.241.14 - - [16/Jan/2022:13:23:15 +0100] "GET /Main/Elexis HTTP/1.1" 200 10922 "-" "Mozilla/5.0 (Windows NT 10.0; Win64; x64; rv:84.0) Gecko/20100101 Firefox/84.0"
178.63.87.197 - - [16/Jan/2022:13:23:27 +0100] "GET /Apotheke/POS?action=edit HTTP/1.1" 403 18 "-" "Mozilla/5.0 (compatible; MJ12bot/v1.4.8; http://mj12bot.com/)"
178.63.87.197 - - [16/Jan/2022:13:23:33 +0100] "GET /Arks/TheGame?action=edit HTTP/1.1" 403 18 "-" "Mozilla/5.0 (compatible; MJ12bot/v1.4.8; http://mj12bot.com/)"
178.63.87.197 - - [16/Jan/2022:13:23:40 +0100] "GET /Ausschreibung/SAI?action=edit HTTP/1.1" 403 18 "-" "Mozilla/5.0 (compatible; MJ12bot/v1.4.8; http://mj12bot.com/)"
178.63.87.197 - - [16/Jan/2022:13:24:06 +0100] "GET /Bundesrat/Ebook?action=edit HTTP/1.1" 403 18 "-" "Mozilla/5.0 (compatible; MJ12bot/v1.4.8; http://mj12bot.com/)"
178.63.87.197 - - [16/Jan/2022:13:25:37 +0100] "GET /Emediat/Swissindex?action=edit HTTP/1.1" 403 18 "-" "Mozilla/5.0 (compatible; MJ12bot/v1.4.8; http://mj12bot.com/)"
62.210.215.119 - - [16/Jan/2022:13:25:39 +0100] "GET /Site/AllRecentChanges?action=rss HTTP/1.1" 200 2546 "-" "Mozilla/5.0 (X11; Linux i686) AppleWebKit/537.36 (KHTML, like Gecko) Chrome/30.0.1599.66 Safari/537.36"
157.55.39.215 - - [16/Jan/2022:13:25:45 +0100] "GET /uploads/Main/189_Email_an_lucia.kuerzi_14.7.2005.txt HTTP/1.1" 200 5699 "-" "Mozilla/5.0 (compatible; bingbot/2.0; +http://www.bing.com/bingbot.htm)"
178.63.87.197 - - [16/Jan/2022:13:25:56 +0100] "GET /Epha/PhilipHansten?action=edit HTTP/1.1" 403 18 "-" "Mozilla/5.0 (compatible; MJ12bot/v1.4.8; http://mj12bot.com/)"
89.246.241.14 - - [16/Jan/2022:13:26:34 +0100] "GET /Ywesee/InfoCodexProximity HTTP/1.1" 200 9809 "-" "Mozilla/5.0 (Windows NT 10.0; Win64; x64; rv:84.0) Gecko/20100101 Firefox/84.0"
178.63.87.197 - - [16/Jan/2022:13:27:46 +0100] "GET /Hmg/67?action=edit HTTP/1.1" 403 18 "-" "Mozilla/5.0 (compatible; MJ12bot/v1.4.8; http://mj12bot.com/)"
178.63.87.197 - - [16/Jan/2022:13:28:11 +0100] "GET /HotelMarriott/27062013?action=edit HTTP/1.1" 403 18 "-" "Mozilla/5.0 (compatible; MJ12bot/v1.4.8; http://mj12bot.com/)"
107.172.232.135 - - [16/Jan/2022:13:28:14 +0100] "GET / HTTP/1.1" 200 10556 "-" "Mozilla/5.0 (X11; Linux x86_64) AppleWebKit/537.36 (KHTML, like Gecko) Chrome/94.0.4606.81 Safari/537.36"
192.186.177.213 - - [16/Jan/2022:13:28:16 +0100] "GET /pub/skins/ywesee/gila.css HTTP/1.1" 200 8276 "-" "Mozilla/5.0 (X11; Linux x86_64) AppleWebKit/537.36 (KHTML, like Gecko) Chrome/94.0.4606.81 Safari/537.36"
192.186.177.213 - - [16/Jan/2022:13:28:16 +0100] "GET /uploads/Main/yweseelogo.gif HTTP/1.1" 200 2982 "https://ywesee.com/" "Mozilla/5.0 (X11; Linux x86_64) AppleWebKit/537.36 (KHTML, like Gecko) Chrome/94.0.4606.81 Safari/537.36"
89.246.241.14 - - [16/Jan/2022:13:28:19 +0100] "GET /Main/FMH HTTP/1.1" 200 8327 "-" "Mozilla/5.0 (Windows NT 10.0; Win64; x64; rv:84.0) Gecko/20100101 Firefox/84.0"
192.186.177.213 - - [16/Jan/2022:13:28:25 +0100] "GET /Ywesee/About HTTP/1.1" 200 9132 "-" "Mozilla/5.0 (X11; Linux x86_64) AppleWebKit/537.36 (KHTML, like Gecko) Chrome/94.0.4606.81 Safari/537.36"
192.186.177.213 - - [16/Jan/2022:13:28:34 +0100] "GET /Ywesee/Team HTTP/1.1" 200 18245 "-" "Mozilla/5.0 (X11; Linux x86_64) AppleWebKit/537.36 (KHTML, like Gecko) Chrome/94.0.4606.81 Safari/537.36"
178.63.87.197 - - [16/Jan/2022:13:28:48 +0100] "GET /MEDIupdateXML/Softwarehaeuser?action=edit HTTP/1.1" 403 18 "-" "Mozilla/5.0 (compatible; MJ12bot/v1.4.8; http://mj12bot.com/)"
178.63.87.197 - - [16/Jan/2022:13:28:51 +0100] "GET /Main/2005?action=edit HTTP/1.1" 403 18 "-" "Mozilla/5.0 (compatible; MJ12bot/v1.4.8; http://mj12bot.com/)"
178.63.87.197 - - [16/Jan/2022:13:29:02 +0100] "GET /Main/2007?action=edit HTTP/1.1" 403 18 "-" "Mozilla/5.0 (compatible; MJ12bot/v1.4.8; http://mj12bot.com/)"
178.63.87.197 - - [16/Jan/2022:13:29:05 +0100] "GET /Main/2019?action=edit HTTP/1.1" 403 18 "-" "Mozilla/5.0 (compatible; MJ12bot/v1.4.8; http://mj12bot.com/)"
178.63.87.197 - - [16/Jan/2022:13:29:09 +0100] "GET /Main/2021?action=edit HTTP/1.1" 403 18 "-" "Mozilla/5.0 (compatible; MJ12bot/v1.4.8; http://mj12bot.com/)"
178.63.87.197 - - [16/Jan/2022:13:29:11 +0100] "GET /Main/ComCo19122016?action=edit HTTP/1.1" 403 18 "-" "Mozilla/5.0 (compatible; MJ12bot/v1.4.8; http://mj12bot.com/)"
178.63.87.197 - - [16/Jan/2022:13:29:40 +0100] "GET /Main/MyMedi?action=edit HTTP/1.1" 403 18 "-" "Mozilla/5.0 (compatible; MJ12bot/v1.4.8; http://mj12bot.com/)"
178.63.87.197 - - [16/Jan/2022:13:29:54 +0100] "GET /Main/NZZ?action=edit HTTP/1.1" 403 18 "-" "Mozilla/5.0 (compatible; MJ12bot/v1.4.8; http://mj12bot.com/)"
178.63.87.197 - - [16/Jan/2022:13:30:04 +0100] "GET /Main/OmixOcas?action=edit HTTP/1.1" 403 18 "-" "Mozilla/5.0 (compatible; MJ12bot/v1.4.8; http://mj12bot.com/)"
178.63.87.197 - - [16/Jan/2022:13:30:38 +0100] "GET /Main/Parsen?action=edit HTTP/1.1" 403 18 "-" "Mozilla/5.0 (compatible; MJ12bot/v1.4.8; http://mj12bot.com/)"
178.63.87.197 - - [16/Jan/2022:13:30:47 +0100] "GET /Main/PharmacodeVsEancode?action=edit HTTP/1.1" 403 18 "-" "Mozilla/5.0 (compatible; MJ12bot/v1.4.8; http://mj12bot.com/)"
178.63.87.197 - - [16/Jan/2022:13:30:49 +0100] "GET /Main/Phostal?action=edit HTTP/1.1" 403 18 "-" "Mozilla/5.0 (compatible; MJ12bot/v1.4.8; http://mj12bot.com/)"
178.63.87.197 - - [16/Jan/2022:13:31:27 +0100] "GET /Main/PublicDomainDataLife-Cycle?action=edit HTTP/1.1" 403 18 "-" "Mozilla/5.0 (compatible; MJ12bot/v1.4.8; http://mj12bot.com/)"
178.63.87.197 - - [16/Jan/2022:13:31:36 +0100] "GET /Main/Refdata?action=edit HTTP/1.1" 403 18 "-" "Mozilla/5.0 (compatible; MJ12bot/v1.4.8; http://mj12bot.com/)"
178.63.87.197 - - [16/Jan/2022:13:31:54 +0100] "GET /Main/ReplikSAEZ?action=edit HTTP/1.1" 403 18 "-" "Mozilla/5.0 (compatible; MJ12bot/v1.4.8; http://mj12bot.com/)"
178.63.87.197 - - [16/Jan/2022:13:32:16 +0100] "GET /Main/SL-Liste?action=edit HTTP/1.1" 403 18 "-" "Mozilla/5.0 (compatible; MJ12bot/v1.4.8; http://mj12bot.com/)"
178.63.87.197 - - [16/Jan/2022:13:32:33 +0100] "GET /Main/Saldo?action=edit HTTP/1.1" 403 18 "-" "Mozilla/5.0 (compatible; MJ12bot/v1.4.8; http://mj12bot.com/)"
178.63.87.197 - - [16/Jan/2022:13:32:45 +0100] "GET /Main/SideBar?action=edit HTTP/1.1" 403 18 "-" "Mozilla/5.0 (compatible; MJ12bot/v1.4.8; http://mj12bot.com/)"
178.63.87.197 - - [16/Jan/2022:13:33:03 +0100] "GET /ODDB/Flow?action=edit HTTP/1.1" 403 18 "-" "Mozilla/5.0 (compatible; MJ12bot/v1.4.8; http://mj12bot.com/)"
178.63.87.197 - - [16/Jan/2022:13:33:22 +0100] "GET /Oddb2xml/Index?action=edit HTTP/1.1" 403 18 "-" "Mozilla/5.0 (compatible; MJ12bot/v1.4.8; http://mj12bot.com/)"
178.63.87.197 - - [16/Jan/2022:13:33:26 +0100] "GET /Oddb2xml/Installation?action=edit HTTP/1.1" 403 18 "-" "Mozilla/5.0 (compatible; MJ12bot/v1.4.8; http://mj12bot.com/)"
178.63.87.197 - - [16/Jan/2022:13:33:34 +0100] "GET /Oddb2xml/Oddb2xmlCalc?action=edit HTTP/1.1" 403 18 "-" "Mozilla/5.0 (compatible; MJ12bot/v1.4.8; http://mj12bot.com/)"
178.63.87.197 - - [16/Jan/2022:13:33:39 +0100] "GET /Oddb2xml/Version?action=edit HTTP/1.1" 403 18 "-" "Mozilla/5.0 (compatible; MJ12bot/v1.4.8; http://mj12bot.com/)"
178.63.87.197 - - [16/Jan/2022:13:33:45 +0100] "GET /Oddb2xml/XSD?action=edit HTTP/1.1" 403 18 "-" "Mozilla/5.0 (compatible; MJ12bot/v1.4.8; http://mj12bot.com/)"
178.63.87.197 - - [16/Jan/2022:13:33:54 +0100] "GET /Pic2Shop/BarcodeScanner?action=edit HTTP/1.1" 403 18 "-" "Mozilla/5.0 (compatible; MJ12bot/v1.4.8; http://mj12bot.com/)"
89.246.241.14 - - [16/Jan/2022:13:41:04 +0100] "GET /uploads/Main/Stellenbeschreibung_Ruby_ywesee_GmbH.pdf HTTP/1.1" 200 65223 "-" "Mozilla/5.0 (Windows NT 10.0; Win64; x64; rv:84.0) Gecko/20100101 Firefox/84.0"
79.55.190.14 - - [16/Jan/2022:13:42:11 +0100] "GET /Miele/MieleLXIV HTTP/1.1" 200 15367 "https://medevel.com/miele-lxiv-dicom-macosx/" "Mozilla/5.0 (Macintosh; Intel Mac OS X 10_15_7) AppleWebKit/537.36 (KHTML, like Gecko) Chrome/97.0.4692.71 Safari/537.36"
79.55.190.14 - - [16/Jan/2022:13:42:12 +0100] "GET /pub/skins/ywesee/gila.css HTTP/1.1" 200 8276 "https://www.ywesee.com/Miele/MieleLXIV" "Mozilla/5.0 (Macintosh; Intel Mac OS X 10_15_7) AppleWebKit/537.36 (KHTML, like Gecko) Chrome/97.0.4692.71 Safari/537.36"
79.55.190.14 - - [16/Jan/2022:13:42:12 +0100] "GET /favicon.ico HTTP/1.1" 200 1406 "https://www.ywesee.com/Miele/MieleLXIV" "Mozilla/5.0 (Macintosh; Intel Mac OS X 10_15_7) AppleWebKit/537.36 (KHTML, like Gecko) Chrome/97.0.4692.71 Safari/537.36"
89.246.241.14 - - [16/Jan/2022:13:44:42 +0100] "GET /Main/2006?action=print HTTP/1.1" 200 34248 "-" "Mozilla/5.0 (Windows NT 10.0; Win64; x64; rv:84.0) Gecko/20100101 Firefox/84.0"
89.246.241.14 - - [16/Jan/2022:13:44:48 +0100] "GET /Main/2007?action=diff HTTP/1.1" 200 57691 "-" "Mozilla/5.0 (Windows NT 10.0; Win64; x64; rv:84.0) Gecko/20100101 Firefox/84.0"
157.55.39.215 - - [16/Jan/2022:13:45:59 +0100] "GET /Oddb2xml/DatenDownload HTTP/1.1" 200 8810 "-" "Mozilla/5.0 (compatible; bingbot/2.0; +http://www.bing.com/bingbot.htm)"
207.46.13.201 - - [16/Jan/2022:13:46:01 +0100] "GET /Generikacc/News23012018 HTTP/1.1" 200 9618 "-" "Mozilla/5.0 (compatible; bingbot/2.0; +http://www.bing.com/bingbot.htm)"
207.46.13.201 - - [16/Jan/2022:13:46:02 +0100] "GET /SpitalSchweiz/Index HTTP/1.1" 200 9094 "-" "Mozilla/5.0 (compatible; bingbot/2.0; +http://www.bing.com/bingbot.htm)"
130.255.166.213 - - [16/Jan/2022:13:46:02 +0100] "GET / HTTP/1.1" 200 10556 "http://ywesee.com/" "Mozilla/5.0 (Macintosh; Intel Mac OS X 10_13_6) AppleWebKit/537.36 (KHTML, like Gecko) Chrome/91.0.4472.114 Safari/537.36"
157.55.39.181 - - [16/Jan/2022:13:46:02 +0100] "GET /Software/ODBA HTTP/1.1" 200 12503 "-" "Mozilla/5.0 (compatible; bingbot/2.0; +http://www.bing.com/bingbot.htm)"
157.55.39.71 - - [16/Jan/2022:13:46:03 +0100] "GET /SpitalSchweiz/Subventionen2012 HTTP/1.1" 200 9182 "-" "Mozilla/5.0 (compatible; bingbot/2.0; +http://www.bing.com/bingbot.htm)"
207.46.13.201 - - [16/Jan/2022:13:46:05 +0100] "GET /Oddb2xml/Oddb2xmlCalc HTTP/1.1" 200 10266 "-" "Mozilla/5.0 (compatible; bingbot/2.0; +http://www.bing.com/bingbot.htm)"
157.55.39.181 - - [16/Jan/2022:13:46:05 +0100] "GET /Scan2Post/MacOS HTTP/1.1" 200 9023 "-" "Mozilla/5.0 (compatible; bingbot/2.0; +http://www.bing.com/bingbot.htm)"
157.55.39.181 - - [16/Jan/2022:13:46:08 +0100] "GET /Main/OmixOcas HTTP/1.1" 200 8792 "-" "Mozilla/5.0 (compatible; bingbot/2.0; +http://www.bing.com/bingbot.htm)"
89.246.241.14 - - [16/Jan/2022:13:46:48 +0100] "GET /Apotheke/POS HTTP/1.1" 200 11138 "-" "Mozilla/5.0 (Windows NT 10.0; Win64; x64; rv:84.0) Gecko/20100101 Firefox/84.0"
89.246.241.14 - - [16/Jan/2022:13:48:20 +0100] "GET /Main/2006?action=upload HTTP/1.1" 200 8737 "-" "Mozilla/5.0 (Windows NT 10.0; Win64; x64; rv:84.0) Gecko/20100101 Firefox/84.0"
89.246.241.14 - - [16/Jan/2022:13:48:54 +0100] "GET /uploads/Main/Deutsche_Pillen_sind_billiger.pdf HTTP/1.1" 200 144061 "-" "Mozilla/5.0 (Windows NT 10.0; Win64; x64; rv:84.0) Gecko/20100101 Firefox/84.0"
178.63.87.197 - - [16/Jan/2022:13:49:18 +0100] "GET /PublicDomain/AIPS?action=edit HTTP/1.1" 403 18 "-" "Mozilla/5.0 (compatible; MJ12bot/v1.4.8; http://mj12bot.com/)"
178.63.87.197 - - [16/Jan/2022:13:49:44 +0100] "GET /PublicDomain/StammdatenFR?action=edit HTTP/1.1" 403 18 "-" "Mozilla/5.0 (compatible; MJ12bot/v1.4.8; http://mj12bot.com/)"
207.46.13.201 - - [16/Jan/2022:13:50:19 +0100] "GET /uploads/AmiKo/Arztunterschrift_1.png HTTP/1.1" 200 48821 "-" "Mozilla/5.0 (compatible; bingbot/2.0; +http://www.bing.com/bingbot.htm)"
178.63.87.197 - - [16/Jan/2022:13:50:32 +0100] "GET /Refdata/LoeschungFelder?action=edit HTTP/1.1" 403 18 "-" "Mozilla/5.0 (compatible; MJ12bot/v1.4.8; http://mj12bot.com/)"
178.63.87.197 - - [16/Jan/2022:13:51:06 +0100] "GET /Refdatabase/Index?action=edit HTTP/1.1" 403 18 "-" "Mozilla/5.0 (compatible; MJ12bot/v1.4.8; http://mj12bot.com/)"
178.63.87.197 - - [16/Jan/2022:13:51:25 +0100] "GET /Refdatabase/PharmacodeLoeschung?action=edit HTTP/1.1" 403 18 "-" "Mozilla/5.0 (compatible; MJ12bot/v1.4.8; http://mj12bot.com/)"
178.63.87.197 - - [16/Jan/2022:13:51:48 +0100] "GET /Scan2Post/MacOS?action=edit HTTP/1.1" 403 18 "-" "Mozilla/5.0 (compatible; MJ12bot/v1.4.8; http://mj12bot.com/)"
185.191.171.23 - - [16/Jan/2022:13:51:59 +0100] "GET /robots.txt HTTP/1.1" 200 - "-" "Mozilla/5.0 (compatible; SemrushBot/7~bl; +http://www.semrush.com/bot.html)"
185.191.171.39 - - [16/Jan/2022:13:52:00 +0100] "GET /Main/Phostal?n=Main.SideBar%3Faction%3Dedit HTTP/1.1" 302 157 "-" "Mozilla/5.0 (compatible; SemrushBot/7~bl; +http://www.semrush.com/bot.html)"
185.191.171.10 - - [16/Jan/2022:13:52:02 +0100] "GET /Main/SideBar HTTP/1.1" 200 10903 "-" "Mozilla/5.0 (compatible; SemrushBot/7~bl; +http://www.semrush.com/bot.html)"
157.55.39.71 - - [16/Jan/2022:13:52:05 +0100] "GET /main/2021 HTTP/1.1" 404 268 "-" "Mozilla/5.0 (compatible; bingbot/2.0; +http://www.bing.com/bingbot.htm)"
178.63.87.197 - - [16/Jan/2022:13:52:30 +0100] "GET /Site/FlashingBiosOfALinuxServer?action=edit HTTP/1.1" 403 18 "-" "Mozilla/5.0 (compatible; MJ12bot/v1.4.8; http://mj12bot.com/)"
89.246.241.14 - - [16/Jan/2022:13:53:50 +0100] "GET /Main/NZZ HTTP/1.1" 200 8325 "-" "Mozilla/5.0 (Windows NT 10.0; Win64; x64; rv:84.0) Gecko/20100101 Firefox/84.0"
178.63.87.197 - - [16/Jan/2022:13:54:47 +0100] "GET /Software/BBMB?action=edit HTTP/1.1" 403 18 "-" "Mozilla/5.0 (compatible; MJ12bot/v1.4.8; http://mj12bot.com/)"
178.63.87.197 - - [16/Jan/2022:13:55:31 +0100] "GET /Software/Developers?action=edit HTTP/1.1" 403 18 "-" "Mozilla/5.0 (compatible; MJ12bot/v1.4.8; http://mj12bot.com/)"
89.246.241.14 - - [16/Jan/2022:13:55:32 +0100] "GET /Main/2005?action=print HTTP/1.1" 200 58097 "-" "Mozilla/5.0 (Windows NT 10.0; Win64; x64; rv:84.0) Gecko/20100101 Firefox/84.0"
89.246.241.14 - - [16/Jan/2022:13:55:55 +0100] "GET /Ywesee/IGM11 HTTP/1.1" 200 13051 "-" "Mozilla/5.0 (Windows NT 10.0; Win64; x64; rv:84.0) Gecko/20100101 Firefox/84.0"
89.246.241.14 - - [16/Jan/2022:13:56:17 +0100] "GET /uploads/Main/Seite_2.pdf HTTP/1.1" 200 1081044 "-" "Mozilla/5.0 (Windows NT 10.0; Win64; x64; rv:84.0) Gecko/20100101 Firefox/84.0"
89.246.241.14 - - [16/Jan/2022:13:57:48 +0100] "GET /Main/2007?action=upload HTTP/1.1" 200 8737 "-" "Mozilla/5.0 (Windows NT 10.0; Win64; x64; rv:84.0) Gecko/20100101 Firefox/84.0"
154.54.249.194 - - [16/Jan/2022:14:05:33 +0100] "GET /robots.txt HTTP/1.1" 200 - "-" "Mozilla/5.0 (compatible; Barkrowler/0.9; +https://babbar.tech/crawler)"
154.54.249.194 - - [16/Jan/2022:14:06:10 +0100] "GET /CoMed/Windows?action=edit HTTP/1.1" 200 9319 "-" "Mozilla/5.0 (compatible; Barkrowler/0.9; +https://babbar.tech/crawler)"
185.191.171.8 - - [16/Jan/2022:14:06:25 +0100] "GET /Ywesee/Team?action=diff HTTP/1.1" 403 18 "-" "Mozilla/5.0 (compatible; SemrushBot/7~bl; +http://www.semrush.com/bot.html)"
154.54.249.194 - - [16/Jan/2022:14:06:46 +0100] "GET /Site/LocalTemplates?action=edit HTTP/1.1" 200 8445 "-" "Mozilla/5.0 (compatible; Barkrowler/0.9; +https://babbar.tech/crawler)"
154.54.249.194 - - [16/Jan/2022:14:07:22 +0100] "GET /PmWiki/LinkSchemes HTTP/1.1" 404 9113 "-" "Mozilla/5.0 (compatible; Barkrowler/0.9; +https://babbar.tech/crawler)"
154.54.249.194 - - [16/Jan/2022:14:07:59 +0100] "GET /Site/FAT32?action=upload HTTP/1.1" 200 7790 "-" "Mozilla/5.0 (compatible; Barkrowler/0.9; +https://babbar.tech/crawler)"
154.54.249.194 - - [16/Jan/2022:14:08:35 +0100] "GET /Ywesee/Starred?action=diff HTTP/1.1" 200 10280 "-" "Mozilla/5.0 (compatible; Barkrowler/0.9; +https://babbar.tech/crawler)"
154.54.249.194 - - [16/Jan/2022:14:09:12 +0100] "GET /ODDB/InVitro?action=upload HTTP/1.1" 200 8773 "-" "Mozilla/5.0 (compatible; Barkrowler/0.9; +https://babbar.tech/crawler)"
154.54.249.194 - - [16/Jan/2022:14:09:48 +0100] "GET /ODDB/ODDB?action=diff&source=n&minor=n HTTP/1.1" 200 9819 "-" "Mozilla/5.0 (compatible; Barkrowler/0.9; +https://babbar.tech/crawler)"
154.54.249.194 - - [16/Jan/2022:14:10:25 +0100] "GET /ODDB/Flow?action=diff&source=y&minor=y HTTP/1.1" 200 13971 "-" "Mozilla/5.0 (compatible; Barkrowler/0.9; +https://babbar.tech/crawler)"
154.54.249.194 - - [16/Jan/2022:14:11:01 +0100] "GET /Main/Gtin2atc?action=diff&source=y&minor=y HTTP/1.1" 200 12078 "-" "Mozilla/5.0 (compatible; Barkrowler/0.9; +https://babbar.tech/crawler)"
154.54.249.194 - - [16/Jan/2022:14:11:37 +0100] "GET /Oddb2xml/DatenDownload?action=diff&source=n&minor=y HTTP/1.1" 200 10762 "-" "Mozilla/5.0 (compatible; Barkrowler/0.9; +https://babbar.tech/crawler)"
154.54.249.194 - - [16/Jan/2022:14:12:14 +0100] "GET /Swissmedic/Dateninstitut?action=diff&source=y&minor=n HTTP/1.1" 200 13707 "-" "Mozilla/5.0 (compatible; Barkrowler/0.9; +https://babbar.tech/crawler)"
154.54.249.194 - - [16/Jan/2022:14:12:50 +0100] "GET /Aips2sqlite/Release?action=diff&source=n&minor=n HTTP/1.1" 200 11694 "-" "Mozilla/5.0 (compatible; Barkrowler/0.9; +https://babbar.tech/crawler)"
154.54.249.194 - - [16/Jan/2022:14:13:27 +0100] "GET /uploads/Main/354_Email_an_WEKO_6.6.2007.txt HTTP/1.1" 200 4185 "-" "Mozilla/5.0 (compatible; Barkrowler/0.9; +https://babbar.tech/crawler)"
154.54.249.194 - - [16/Jan/2022:14:14:03 +0100] "GET /InfoCodex/Dokumentenfamilien?action=diff&source=y&minor=n HTTP/1.1" 200 20277 "-" "Mozilla/5.0 (compatible; Barkrowler/0.9; +https://babbar.tech/crawler)"
154.54.249.194 - - [16/Jan/2022:14:14:39 +0100] "GET /Main/2005?action=edit&restore=diff:1453824093:1453823629:&preview=y HTTP/1.1" 200 9317 "-" "Mozilla/5.0 (compatible; Barkrowler/0.9; +https://babbar.tech/crawler)"
154.54.249.194 - - [16/Jan/2022:14:15:16 +0100] "GET /Main/2005?action=edit&restore=diff:1453811673:1453806385:&preview=y HTTP/1.1" 200 9317 "-" "Mozilla/5.0 (compatible; Barkrowler/0.9; +https://babbar.tech/crawler)"
154.54.249.194 - - [16/Jan/2022:14:15:52 +0100] "GET /Main/2005?action=edit&restore=diff:1357660878:1138722611:&preview=y HTTP/1.1" 200 9317 "-" "Mozilla/5.0 (compatible; Barkrowler/0.9; +https://babbar.tech/crawler)"
154.54.249.194 - - [16/Jan/2022:14:16:29 +0100] "GET /Main/2006?action=edit&restore=diff:1453906452:1453905424:&preview=y HTTP/1.1" 200 9317 "-" "Mozilla/5.0 (compatible; Barkrowler/0.9; +https://babbar.tech/crawler)"
154.54.249.194 - - [16/Jan/2022:14:17:05 +0100] "GET /Main/2012?action=edit&restore=diff:1357660846:1357660809:&preview=y HTTP/1.1" 200 9317 "-" "Mozilla/5.0 (compatible; Barkrowler/0.9; +https://babbar.tech/crawler)"
154.54.249.194 - - [16/Jan/2022:14:17:41 +0100] "GET /Main/2013?action=edit&restore=diff:1451833967:1392376021:&preview=y HTTP/1.1" 200 9315 "-" "Mozilla/5.0 (compatible; Barkrowler/0.9; +https://babbar.tech/crawler)"
177.234.143.11 - - [16/Jan/2022:14:17:59 +0100] "GET / HTTP/1.1" 200 10556 "-" "Mozilla/5.0 (Macintosh; Intel Mac OS X 10_12_3) AppleWebKit/537.36 (KHTML, like Gecko) Chrome/68.0.3432.3 Safari/537.36"
193.43.118.203 - - [16/Jan/2022:14:18:03 +0100] "GET /Ywesee/Kontakt HTTP/1.1" 200 8973 "https://ywesee.com" "Mozilla/5.0 (Macintosh; Intel Mac OS X 10_12_3) AppleWebKit/537.36 (KHTML, like Gecko) Chrome/68.0.3432.3 Safari/537.36"
154.54.249.194 - - [16/Jan/2022:14:18:18 +0100] "GET /Main/2013?action=edit&restore=diff:1389000865:1389000865:&preview=y HTTP/1.1" 200 9315 "-" "Mozilla/5.0 (compatible; Barkrowler/0.9; +https://babbar.tech/crawler)"
154.54.249.194 - - [16/Jan/2022:14:18:54 +0100] "GET /Main/2015?action=edit&restore=diff:1451833839:1451833806:&preview=y HTTP/1.1" 200 9317 "-" "Mozilla/5.0 (compatible; Barkrowler/0.9; +https://babbar.tech/crawler)"
154.54.249.194 - - [16/Jan/2022:14:19:31 +0100] "GET /Main/2015?action=edit&restore=diff:1451833800:1451833756:&preview=y HTTP/1.1" 200 9317 "-" "Mozilla/5.0 (compatible; Barkrowler/0.9; +https://babbar.tech/crawler)"
154.54.249.194 - - [16/Jan/2022:14:20:07 +0100] "GET /Main/2015?action=edit&restore=diff:1451834066:1451833987:&preview=y HTTP/1.1" 200 9317 "-" "Mozilla/5.0 (compatible; Barkrowler/0.9; +https://babbar.tech/crawler)"
154.54.249.194 - - [16/Jan/2022:14:20:44 +0100] "GET /Main/2015?action=edit&restore=diff:1451833806:1451833800:&preview=y HTTP/1.1" 200 9317 "-" "Mozilla/5.0 (compatible; Barkrowler/0.9; +https://babbar.tech/crawler)"
154.54.249.194 - - [16/Jan/2022:14:21:20 +0100] "GET /Main/2009?action=edit&restore=diff:1453907087:1357660915:&preview=y HTTP/1.1" 200 9317 "-" "Mozilla/5.0 (compatible; Barkrowler/0.9; +https://babbar.tech/crawler)"
154.54.249.194 - - [16/Jan/2022:14:21:56 +0100] "GET /Main/2007?action=edit&restore=diff:1200048924:1199698013:&preview=y HTTP/1.1" 200 9317 "-" "Mozilla/5.0 (compatible; Barkrowler/0.9; +https://babbar.tech/crawler)"
154.54.249.194 - - [16/Jan/2022:14:22:33 +0100] "GET /Main/2007?action=edit&restore=diff:1453803971:1453803872:&preview=y HTTP/1.1" 200 9317 "-" "Mozilla/5.0 (compatible; Barkrowler/0.9; +https://babbar.tech/crawler)"
154.54.249.194 - - [16/Jan/2022:14:23:09 +0100] "GET /Main/2007?action=edit&restore=diff:1453803872:1453802286:&preview=y HTTP/1.1" 200 9317 "-" "Mozilla/5.0 (compatible; Barkrowler/0.9; +https://babbar.tech/crawler)"
154.54.249.194 - - [16/Jan/2022:14:23:45 +0100] "GET /Main/2007?action=edit&restore=diff:1453802286:1357660899:&preview=y HTTP/1.1" 200 9317 "-" "Mozilla/5.0 (compatible; Barkrowler/0.9; +https://babbar.tech/crawler)"
185.191.171.11 - - [16/Jan/2022:14:23:56 +0100] "GET /Main/2019?action=upload HTTP/1.1" 403 18 "-" "Mozilla/5.0 (compatible; SemrushBot/7~bl; +http://www.semrush.com/bot.html)"
54.84.192.51 - - [16/Jan/2022:14:24:21 +0100] "GET /keybase.txt HTTP/1.1" 200 2659 "-" "keybase-proofs/2.3.24"
154.54.249.194 - - [16/Jan/2022:14:24:22 +0100] "GET /Main/2007?action=edit&restore=diff:1453804953:1453804164:&preview=y HTTP/1.1" 200 9317 "-" "Mozilla/5.0 (compatible; Barkrowler/0.9; +https://babbar.tech/crawler)"
185.191.171.33 - - [16/Jan/2022:14:24:42 +0100] "GET /Main/2008?action=diff HTTP/1.1" 403 18 "-" "Mozilla/5.0 (compatible; SemrushBot/7~bl; +http://www.semrush.com/bot.html)"
154.54.249.194 - - [16/Jan/2022:14:24:58 +0100] "GET /Main/2007?action=edit&restore=diff:1453906024:1453905806:&preview=y HTTP/1.1" 200 9317 "-" "Mozilla/5.0 (compatible; Barkrowler/0.9; +https://babbar.tech/crawler)"
154.54.249.194 - - [16/Jan/2022:14:25:35 +0100] "GET /Main/2007?action=edit&restore=diff:1199698013:1167616583:&preview=y HTTP/1.1" 200 9317 "-" "Mozilla/5.0 (compatible; Barkrowler/0.9; +https://babbar.tech/crawler)"
154.54.249.194 - - [16/Jan/2022:14:26:11 +0100] "GET /Main/2007?action=edit&restore=diff:1167616583:1167616583:&preview=y HTTP/1.1" 200 9317 "-" "Mozilla/5.0 (compatible; Barkrowler/0.9; +https://babbar.tech/crawler)"
154.54.249.194 - - [16/Jan/2022:14:26:47 +0100] "GET /Main/2007?action=edit&restore=diff:1357660899:1322658482:&preview=y HTTP/1.1" 200 9317 "-" "Mozilla/5.0 (compatible; Barkrowler/0.9; +https://babbar.tech/crawler)"
154.54.249.194 - - [16/Jan/2022:14:27:24 +0100] "GET /Main/2007?action=edit&restore=diff:1322658482:1231258657:&preview=y HTTP/1.1" 200 9317 "-" "Mozilla/5.0 (compatible; Barkrowler/0.9; +https://babbar.tech/crawler)"
154.54.249.194 - - [16/Jan/2022:14:28:00 +0100] "GET /Main/Legende?action=edit&restore=diff:1138807507:1138807496:&preview=y HTTP/1.1" 200 9357 "-" "Mozilla/5.0 (compatible; Barkrowler/0.9; +https://babbar.tech/crawler)"
154.54.249.194 - - [16/Jan/2022:14:28:37 +0100] "GET /Main/Legende?action=edit&restore=diff:1138807496:1138807496:&preview=y HTTP/1.1" 200 9357 "-" "Mozilla/5.0 (compatible; Barkrowler/0.9; +https://babbar.tech/crawler)"
154.54.249.194 - - [16/Jan/2022:14:29:13 +0100] "GET /Main/Home?action=edit&restore=diff:1282306126:1282291709:&preview=y HTTP/1.1" 200 9317 "-" "Mozilla/5.0 (compatible; Barkrowler/0.9; +https://babbar.tech/crawler)"
154.54.249.194 - - [16/Jan/2022:14:29:49 +0100] "GET /Main/Home?action=edit&restore=diff:1282306282:1282306264:&preview=y HTTP/1.1" 200 9317 "-" "Mozilla/5.0 (compatible; Barkrowler/0.9; +https://babbar.tech/crawler)"
194.209.25.139 - - [16/Jan/2022:14:30:02 +0100] "GET / HTTP/1.1" 200 10556 "-" "Keybot Translation-Search-Machine"
194.209.25.139 - - [16/Jan/2022:14:30:03 +0100] "GET / HTTP/1.1" 200 10556 "-" "Keybot Translation-Search-Machine"
194.209.25.139 - - [16/Jan/2022:14:30:04 +0100] "GET /Main/Home HTTP/1.1" 200 10556 "-" "Keybot Translation-Search-Machine"
