194.209.200.2 - - [11/Jun/2022:11:21:11 +0200] "GET /Main/2018 HTTP/1.1" 200 15425 "-" "Mozilla/5.0 (compatible; TMMBot/0.2; +http://www.dslab.ch)/Nutch-1.15"
194.209.200.2 - - [11/Jun/2022:11:21:18 +0200] "GET /Main/2016 HTTP/1.1" 200 13689 "-" "Mozilla/5.0 (compatible; TMMBot/0.2; +http://www.dslab.ch)/Nutch-1.15"
194.209.200.2 - - [11/Jun/2022:11:21:25 +0200] "GET /Main/2014 HTTP/1.1" 200 19471 "-" "Mozilla/5.0 (compatible; TMMBot/0.2; +http://www.dslab.ch)/Nutch-1.15"
194.209.200.2 - - [11/Jun/2022:11:21:32 +0200] "GET /Main/2012 HTTP/1.1" 200 31941 "-" "Mozilla/5.0 (compatible; TMMBot/0.2; +http://www.dslab.ch)/Nutch-1.15"
194.209.200.2 - - [11/Jun/2022:11:21:38 +0200] "GET /Main/2010 HTTP/1.1" 200 27997 "-" "Mozilla/5.0 (compatible; TMMBot/0.2; +http://www.dslab.ch)/Nutch-1.15"
194.209.200.2 - - [11/Jun/2022:11:21:46 +0200] "GET /Main/ComCo19122016 HTTP/1.1" 200 10547 "-" "Mozilla/5.0 (compatible; TMMBot/0.2; +http://www.dslab.ch)/Nutch-1.15"
194.209.200.2 - - [11/Jun/2022:11:21:47 +0200] "GET /Eggze/SpreadIt HTTP/1.1" 200 12537 "-" "Mozilla/5.0 (compatible; TMMBot/0.2; +http://www.dslab.ch)/Nutch-1.15"
46.161.11.6 - - [11/Jun/2022:11:30:58 +0200] "GET /AmiKo/Barcodes HTTP/1.0" 200 8978 "https://www.ywesee.com/AmiKo/Barcodes" "Mozilla/5.0 (Windows NT 10.0) AppleWebKit/537.36 (KHTML, like Gecko) Chrome/90.0.4430.85 Safari/537.36 Edg/90.0.818.46"
185.191.171.23 - - [11/Jun/2022:11:31:26 +0200] "GET /Ausschreibung/SAI?action=diff HTTP/1.1" 403 18 "-" "Mozilla/5.0 (compatible; SemrushBot/7~bl; +http://www.semrush.com/bot.html)"
66.249.76.227 - - [11/Jun/2022:11:35:59 +0200] "GET /app-ads.txt HTTP/1.1" 404 270 "-" "Google-adstxt"
194.209.200.2 - - [11/Jun/2022:11:45:14 +0200] "GET /robots.txt HTTP/1.1" 200 - "-" "Mozilla/5.0 (compatible; TMMBot/0.2; +http://www.dslab.ch)/Nutch-1.15"
194.209.200.2 - - [11/Jun/2022:11:45:14 +0200] "GET /Oddb2xml/Index HTTP/1.1" 200 8983 "-" "Mozilla/5.0 (compatible; TMMBot/0.2; +http://www.dslab.ch)/Nutch-1.15"
194.209.200.2 - - [11/Jun/2022:11:45:33 +0200] "GET /AmiKo/Linux HTTP/1.1" 200 9217 "-" "Mozilla/5.0 (compatible; TMMBot/0.2; +http://www.dslab.ch)/Nutch-1.15"
194.209.200.2 - - [11/Jun/2022:11:45:37 +0200] "GET /Miele/MieleLXIV HTTP/1.1" 200 15367 "-" "Mozilla/5.0 (compatible; TMMBot/0.2; +http://www.dslab.ch)/Nutch-1.15"
194.209.200.2 - - [11/Jun/2022:11:48:14 +0200] "GET /AmiKo/IOS HTTP/1.1" 200 11930 "-" "Mozilla/5.0 (compatible; TMMBot/0.2; +http://www.dslab.ch)/Nutch-1.15"
194.209.200.2 - - [11/Jun/2022:11:48:21 +0200] "GET /Ywesee/Kontakt HTTP/1.1" 200 8973 "-" "Mozilla/5.0 (compatible; TMMBot/0.2; +http://www.dslab.ch)/Nutch-1.15"
194.209.200.2 - - [11/Jun/2022:11:50:07 +0200] "GET /Generikacc/App HTTP/1.1" 200 11862 "-" "Mozilla/5.0 (compatible; TMMBot/0.2; +http://www.dslab.ch)/Nutch-1.15"
194.209.200.2 - - [11/Jun/2022:11:50:16 +0200] "GET /Software/ODDB HTTP/1.1" 200 10298 "-" "Mozilla/5.0 (compatible; TMMBot/0.2; +http://www.dslab.ch)/Nutch-1.15"
194.209.200.2 - - [11/Jun/2022:11:50:45 +0200] "GET /Ausschreibung/SAI HTTP/1.1" 200 10366 "-" "Mozilla/5.0 (compatible; TMMBot/0.2; +http://www.dslab.ch)/Nutch-1.15"
194.209.200.2 - - [11/Jun/2022:11:51:48 +0200] "GET /Main/2016 HTTP/1.1" 200 13689 "-" "Mozilla/5.0 (compatible; TMMBot/0.2; +http://www.dslab.ch)/Nutch-1.15"
194.209.200.2 - - [11/Jun/2022:11:51:56 +0200] "GET /Main/2014 HTTP/1.1" 200 19471 "-" "Mozilla/5.0 (compatible; TMMBot/0.2; +http://www.dslab.ch)/Nutch-1.15"
194.209.200.2 - - [11/Jun/2022:11:52:05 +0200] "GET /Main/2012 HTTP/1.1" 200 31941 "-" "Mozilla/5.0 (compatible; TMMBot/0.2; +http://www.dslab.ch)/Nutch-1.15"
185.191.171.4 - - [11/Jun/2022:11:52:06 +0200] "GET /robots.txt HTTP/1.1" 200 - "-" "Mozilla/5.0 (compatible; SemrushBot/7~bl; +http://www.semrush.com/bot.html)"
185.191.171.13 - - [11/Jun/2022:11:52:08 +0200] "GET /Main/2013?action=upload HTTP/1.1" 403 18 "-" "Mozilla/5.0 (compatible; SemrushBot/7~bl; +http://www.semrush.com/bot.html)"
194.209.200.2 - - [11/Jun/2022:11:52:12 +0200] "GET /Main/2010 HTTP/1.1" 200 27997 "-" "Mozilla/5.0 (compatible; TMMBot/0.2; +http://www.dslab.ch)/Nutch-1.15"
194.209.200.2 - - [11/Jun/2022:11:52:20 +0200] "GET /Main/ComCo19122016 HTTP/1.1" 200 10547 "-" "Mozilla/5.0 (compatible; TMMBot/0.2; +http://www.dslab.ch)/Nutch-1.15"
194.209.200.2 - - [11/Jun/2022:11:52:21 +0200] "GET /Eggze/SpreadIt HTTP/1.1" 200 12537 "-" "Mozilla/5.0 (compatible; TMMBot/0.2; +http://www.dslab.ch)/Nutch-1.15"
66.240.219.173 - - [11/Jun/2022:11:58:22 +0200] "GET / HTTP/1.1" 200 11562 "-" "Mozilla/5.0 (X11; Linux x86_64) AppleWebKit/537.36 (KHTML, like Gecko) Chrome/98.0.4758.102 Safari/537.36"
66.240.219.173 - - [11/Jun/2022:11:58:47 +0200] "GET /robots.txt HTTP/1.1" 200 - "-" "-"
66.240.219.173 - - [11/Jun/2022:11:58:52 +0200] "GET /sitemap.xml HTTP/1.1" 404 274 "-" "-"
66.240.219.173 - - [11/Jun/2022:11:58:56 +0200] "GET /.well-known/security.txt HTTP/1.1" 404 287 "-" "-"
66.240.219.173 - - [11/Jun/2022:11:59:08 +0200] "GET /favicon.ico HTTP/1.1" 200 1406 "-" "Mozilla/5.0 (Macintosh; Intel Mac OS X 10.15; rv:80.0) Gecko/20100101 Firefox/80.0"
207.46.13.39 - - [11/Jun/2022:12:00:31 +0200] "GET / HTTP/1.1" 200 11562 "-" "Mozilla/5.0 (compatible; bingbot/2.0; +http://www.bing.com/bingbot.htm)"
40.77.167.100 - - [11/Jun/2022:12:00:42 +0200] "GET /robots.txt HTTP/1.1" 200 - "-" "Mozilla/5.0 (compatible; bingbot/2.0; +http://www.bing.com/bingbot.htm)"
157.55.39.164 - - [11/Jun/2022:12:00:45 +0200] "GET /pub/skins/ywesee/gila.css HTTP/1.1" 200 8276 "-" "Mozilla/5.0 (compatible; bingbot/2.0; +http://www.bing.com/bingbot.htm)"
54.84.192.51 - - [11/Jun/2022:12:02:26 +0200] "GET /keybase.txt HTTP/1.1" 200 2659 "-" "keybase-proofs/2.3.24"
207.46.13.39 - - [11/Jun/2022:12:10:33 +0200] "GET /Ywesee/About HTTP/1.1" 200 9132 "-" "Mozilla/5.0 (compatible; bingbot/2.0; +http://www.bing.com/bingbot.htm)"
194.209.200.2 - - [11/Jun/2022:12:16:36 +0200] "GET /robots.txt HTTP/1.1" 200 - "-" "Mozilla/5.0 (compatible; TMMBot/0.2; +http://www.dslab.ch)/Nutch-1.15"
194.209.200.2 - - [11/Jun/2022:12:16:36 +0200] "GET /Oddb2xml/Index HTTP/1.1" 200 8983 "-" "Mozilla/5.0 (compatible; TMMBot/0.2; +http://www.dslab.ch)/Nutch-1.15"
207.46.13.39 - - [11/Jun/2022:12:16:45 +0200] "GET /Main/Elexis HTTP/1.1" 200 10922 "-" "Mozilla/5.0 (compatible; bingbot/2.0; +http://www.bing.com/bingbot.htm)"
194.209.200.2 - - [11/Jun/2022:12:16:53 +0200] "GET /AmiKo/Linux HTTP/1.1" 200 9217 "-" "Mozilla/5.0 (compatible; TMMBot/0.2; +http://www.dslab.ch)/Nutch-1.15"
194.209.200.2 - - [11/Jun/2022:12:16:57 +0200] "GET /Miele/MieleLXIV HTTP/1.1" 200 15367 "-" "Mozilla/5.0 (compatible; TMMBot/0.2; +http://www.dslab.ch)/Nutch-1.15"
194.209.200.2 - - [11/Jun/2022:12:17:20 +0200] "GET /Software/YDIM HTTP/1.1" 200 8834 "-" "Mozilla/5.0 (compatible; TMMBot/0.2; +http://www.dslab.ch)/Nutch-1.15"
168.119.11.187 - - [11/Jun/2022:12:17:30 +0200] "GET /Main/2005 HTTP/1.1" 200 63344 "-" "Mozilla/5.0 (Windows NT 10.0; Win64; x64) AppleWebKit/537.36 (KHTML, like Gecko) Chrome/76.0.3809.100 Safari/537.36"
194.209.200.2 - - [11/Jun/2022:12:19:44 +0200] "GET /Main/2011 HTTP/1.1" 200 21451 "-" "Mozilla/5.0 (compatible; TMMBot/0.2; +http://www.dslab.ch)/Nutch-1.15"
194.209.200.2 - - [11/Jun/2022:12:19:45 +0200] "GET /AmiKo/IOS HTTP/1.1" 200 11930 "-" "Mozilla/5.0 (compatible; TMMBot/0.2; +http://www.dslab.ch)/Nutch-1.15"
194.209.200.2 - - [11/Jun/2022:12:19:51 +0200] "GET /Ywesee/Kontakt HTTP/1.1" 200 8973 "-" "Mozilla/5.0 (compatible; TMMBot/0.2; +http://www.dslab.ch)/Nutch-1.15"
194.209.200.2 - - [11/Jun/2022:12:21:43 +0200] "GET /Software/ODDB HTTP/1.1" 200 10298 "-" "Mozilla/5.0 (compatible; TMMBot/0.2; +http://www.dslab.ch)/Nutch-1.15"
194.209.200.2 - - [11/Jun/2022:12:22:11 +0200] "GET /Ausschreibung/SAI HTTP/1.1" 200 10366 "-" "Mozilla/5.0 (compatible; TMMBot/0.2; +http://www.dslab.ch)/Nutch-1.15"
194.209.200.2 - - [11/Jun/2022:12:23:15 +0200] "GET /Main/2016 HTTP/1.1" 200 13689 "-" "Mozilla/5.0 (compatible; TMMBot/0.2; +http://www.dslab.ch)/Nutch-1.15"
194.209.200.2 - - [11/Jun/2022:12:23:21 +0200] "GET /Main/2014 HTTP/1.1" 200 19471 "-" "Mozilla/5.0 (compatible; TMMBot/0.2; +http://www.dslab.ch)/Nutch-1.15"
194.209.200.2 - - [11/Jun/2022:12:23:28 +0200] "GET /Main/2012 HTTP/1.1" 200 31941 "-" "Mozilla/5.0 (compatible; TMMBot/0.2; +http://www.dslab.ch)/Nutch-1.15"
194.209.200.2 - - [11/Jun/2022:12:23:35 +0200] "GET /Main/2010 HTTP/1.1" 200 27997 "-" "Mozilla/5.0 (compatible; TMMBot/0.2; +http://www.dslab.ch)/Nutch-1.15"
194.209.200.2 - - [11/Jun/2022:12:23:45 +0200] "GET /Main/ComCo19122016 HTTP/1.1" 200 10547 "-" "Mozilla/5.0 (compatible; TMMBot/0.2; +http://www.dslab.ch)/Nutch-1.15"
194.209.200.2 - - [11/Jun/2022:12:23:46 +0200] "GET /Eggze/SpreadIt HTTP/1.1" 200 12537 "-" "Mozilla/5.0 (compatible; TMMBot/0.2; +http://www.dslab.ch)/Nutch-1.15"
185.191.171.25 - - [11/Jun/2022:12:26:43 +0200] "GET /Main/ComCo19122016?action=edit HTTP/1.1" 403 18 "-" "Mozilla/5.0 (compatible; SemrushBot/7~bl; +http://www.semrush.com/bot.html)"
5.9.109.158 - - [11/Jun/2022:12:36:14 +0200] "GET / HTTP/1.1" 200 11562 "-" "Mozilla/5.0 (Windows NT 10.0; WOW64) AppleWebKit/537.36 (KHTML, like Gecko) Chrome/72.0.3626.121 Safari/537.36"
162.210.196.100 - - [11/Jun/2022:12:39:01 +0200] "GET /robots.txt HTTP/1.1" 200 - "-" "Mozilla/5.0 (compatible; MJ12bot/v1.4.8; http://mj12bot.com/)"
162.210.196.100 - - [11/Jun/2022:12:39:02 +0200] "GET / HTTP/1.1" 200 11562 "-" "Mozilla/5.0 (compatible; MJ12bot/v1.4.8; http://mj12bot.com/)"
185.191.171.36 - - [11/Jun/2022:12:46:40 +0200] "GET /Software/Developers HTTP/1.1" 200 8897 "-" "Mozilla/5.0 (compatible; SemrushBot/7~bl; +http://www.semrush.com/bot.html)"
194.209.200.2 - - [11/Jun/2022:12:52:48 +0200] "GET /robots.txt HTTP/1.1" 200 - "-" "Mozilla/5.0 (compatible; TMMBot/0.2; +http://www.dslab.ch)/Nutch-1.15"
194.209.200.2 - - [11/Jun/2022:12:52:48 +0200] "GET /Oddb2xml/Index HTTP/1.1" 200 8983 "-" "Mozilla/5.0 (compatible; TMMBot/0.2; +http://www.dslab.ch)/Nutch-1.15"
194.209.200.2 - - [11/Jun/2022:12:53:06 +0200] "GET /AmiKo/Linux HTTP/1.1" 200 9217 "-" "Mozilla/5.0 (compatible; TMMBot/0.2; +http://www.dslab.ch)/Nutch-1.15"
194.209.200.2 - - [11/Jun/2022:12:53:10 +0200] "GET /Miele/MieleLXIV HTTP/1.1" 200 15367 "-" "Mozilla/5.0 (compatible; TMMBot/0.2; +http://www.dslab.ch)/Nutch-1.15"
194.209.200.2 - - [11/Jun/2022:12:54:41 +0200] "GET /ODDB/StammdatenCH HTTP/1.1" 200 9300 "-" "Mozilla/5.0 (compatible; TMMBot/0.2; +http://www.dslab.ch)/Nutch-1.15"
194.209.200.2 - - [11/Jun/2022:12:55:43 +0200] "GET /AmiKo/IOS HTTP/1.1" 200 11930 "-" "Mozilla/5.0 (compatible; TMMBot/0.2; +http://www.dslab.ch)/Nutch-1.15"
194.209.200.2 - - [11/Jun/2022:12:55:49 +0200] "GET /Ywesee/Kontakt HTTP/1.1" 200 8973 "-" "Mozilla/5.0 (compatible; TMMBot/0.2; +http://www.dslab.ch)/Nutch-1.15"
104.168.159.12 - - [11/Jun/2022:12:57:11 +0200] "GET / HTTP/1.1" 200 11562 "-" "Mozilla/5.0 (Windows NT 10.0; Win64; x64) AppleWebKit/537.36 (KHTML, like Gecko) Chrome/88.0.4240.193 Safari/537.36"
104.168.159.12 - - [11/Jun/2022:12:57:12 +0200] "GET /wp-includes/wlwmanifest.xml HTTP/1.1" 404 286 "-" "Mozilla/5.0 (Windows NT 10.0; Win64; x64) AppleWebKit/537.36 (KHTML, like Gecko) Chrome/88.0.4240.193 Safari/537.36"
104.168.159.12 - - [11/Jun/2022:12:57:12 +0200] "GET /xmlrpc.php?rsd HTTP/1.1" 404 269 "-" "Mozilla/5.0 (Windows NT 10.0; Win64; x64) AppleWebKit/537.36 (KHTML, like Gecko) Chrome/88.0.4240.193 Safari/537.36"
104.168.159.12 - - [11/Jun/2022:12:57:12 +0200] "GET / HTTP/1.1" 200 11562 "-" "Mozilla/5.0 (Windows NT 10.0; Win64; x64) AppleWebKit/537.36 (KHTML, like Gecko) Chrome/88.0.4240.193 Safari/537.36"
104.168.159.12 - - [11/Jun/2022:12:57:13 +0200] "GET /blog/wp-includes/wlwmanifest.xml HTTP/1.1" 404 291 "-" "Mozilla/5.0 (Windows NT 10.0; Win64; x64) AppleWebKit/537.36 (KHTML, like Gecko) Chrome/88.0.4240.193 Safari/537.36"
104.168.159.12 - - [11/Jun/2022:12:57:14 +0200] "GET /web/wp-includes/wlwmanifest.xml HTTP/1.1" 404 290 "-" "Mozilla/5.0 (Windows NT 10.0; Win64; x64) AppleWebKit/537.36 (KHTML, like Gecko) Chrome/88.0.4240.193 Safari/537.36"
104.168.159.12 - - [11/Jun/2022:12:57:14 +0200] "GET /wordpress/wp-includes/wlwmanifest.xml HTTP/1.1" 404 296 "-" "Mozilla/5.0 (Windows NT 10.0; Win64; x64) AppleWebKit/537.36 (KHTML, like Gecko) Chrome/88.0.4240.193 Safari/537.36"
104.168.159.12 - - [11/Jun/2022:12:57:14 +0200] "GET /website/wp-includes/wlwmanifest.xml HTTP/1.1" 404 294 "-" "Mozilla/5.0 (Windows NT 10.0; Win64; x64) AppleWebKit/537.36 (KHTML, like Gecko) Chrome/88.0.4240.193 Safari/537.36"
104.168.159.12 - - [11/Jun/2022:12:57:14 +0200] "GET /wp/wp-includes/wlwmanifest.xml HTTP/1.1" 404 289 "-" "Mozilla/5.0 (Windows NT 10.0; Win64; x64) AppleWebKit/537.36 (KHTML, like Gecko) Chrome/88.0.4240.193 Safari/537.36"
104.168.159.12 - - [11/Jun/2022:12:57:15 +0200] "GET /news/wp-includes/wlwmanifest.xml HTTP/1.1" 404 291 "-" "Mozilla/5.0 (Windows NT 10.0; Win64; x64) AppleWebKit/537.36 (KHTML, like Gecko) Chrome/88.0.4240.193 Safari/537.36"
104.168.159.12 - - [11/Jun/2022:12:57:15 +0200] "GET /2020/wp-includes/wlwmanifest.xml HTTP/1.1" 404 250 "-" "Mozilla/5.0 (Windows NT 10.0; Win64; x64) AppleWebKit/537.36 (KHTML, like Gecko) Chrome/88.0.4240.193 Safari/537.36"
104.168.159.12 - - [11/Jun/2022:12:57:15 +0200] "GET /2019/wp-includes/wlwmanifest.xml HTTP/1.1" 404 250 "-" "Mozilla/5.0 (Windows NT 10.0; Win64; x64) AppleWebKit/537.36 (KHTML, like Gecko) Chrome/88.0.4240.193 Safari/537.36"
104.168.159.12 - - [11/Jun/2022:12:57:16 +0200] "GET /shop/wp-includes/wlwmanifest.xml HTTP/1.1" 404 291 "-" "Mozilla/5.0 (Windows NT 10.0; Win64; x64) AppleWebKit/537.36 (KHTML, like Gecko) Chrome/88.0.4240.193 Safari/537.36"
104.168.159.12 - - [11/Jun/2022:12:57:16 +0200] "GET /wp1/wp-includes/wlwmanifest.xml HTTP/1.1" 404 290 "-" "Mozilla/5.0 (Windows NT 10.0; Win64; x64) AppleWebKit/537.36 (KHTML, like Gecko) Chrome/88.0.4240.193 Safari/537.36"
104.168.159.12 - - [11/Jun/2022:12:57:16 +0200] "GET /test/wp-includes/wlwmanifest.xml HTTP/1.1" 404 291 "-" "Mozilla/5.0 (Windows NT 10.0; Win64; x64) AppleWebKit/537.36 (KHTML, like Gecko) Chrome/88.0.4240.193 Safari/537.36"
104.168.159.12 - - [11/Jun/2022:12:57:17 +0200] "GET /wp2/wp-includes/wlwmanifest.xml HTTP/1.1" 404 290 "-" "Mozilla/5.0 (Windows NT 10.0; Win64; x64) AppleWebKit/537.36 (KHTML, like Gecko) Chrome/88.0.4240.193 Safari/537.36"
104.168.159.12 - - [11/Jun/2022:12:57:17 +0200] "GET /site/wp-includes/wlwmanifest.xml HTTP/1.1" 404 291 "-" "Mozilla/5.0 (Windows NT 10.0; Win64; x64) AppleWebKit/537.36 (KHTML, like Gecko) Chrome/88.0.4240.193 Safari/537.36"
104.168.159.12 - - [11/Jun/2022:12:57:17 +0200] "GET /cms/wp-includes/wlwmanifest.xml HTTP/1.1" 404 290 "-" "Mozilla/5.0 (Windows NT 10.0; Win64; x64) AppleWebKit/537.36 (KHTML, like Gecko) Chrome/88.0.4240.193 Safari/537.36"
104.168.159.12 - - [11/Jun/2022:12:57:18 +0200] "GET /sito/wp-includes/wlwmanifest.xml HTTP/1.1" 404 291 "-" "Mozilla/5.0 (Windows NT 10.0; Win64; x64) AppleWebKit/537.36 (KHTML, like Gecko) Chrome/88.0.4240.193 Safari/537.36"
194.209.200.2 - - [11/Jun/2022:12:57:40 +0200] "GET /Software/ODDB HTTP/1.1" 200 10298 "-" "Mozilla/5.0 (compatible; TMMBot/0.2; +http://www.dslab.ch)/Nutch-1.15"
194.209.200.2 - - [11/Jun/2022:12:58:06 +0200] "GET /Ausschreibung/SAI HTTP/1.1" 200 10366 "-" "Mozilla/5.0 (compatible; TMMBot/0.2; +http://www.dslab.ch)/Nutch-1.15"
194.209.200.2 - - [11/Jun/2022:12:58:58 +0200] "GET /Main/2018 HTTP/1.1" 200 15425 "-" "Mozilla/5.0 (compatible; TMMBot/0.2; +http://www.dslab.ch)/Nutch-1.15"
194.209.200.2 - - [11/Jun/2022:12:59:05 +0200] "GET /Main/2016 HTTP/1.1" 200 13689 "-" "Mozilla/5.0 (compatible; TMMBot/0.2; +http://www.dslab.ch)/Nutch-1.15"
194.209.200.2 - - [11/Jun/2022:12:59:12 +0200] "GET /Main/2014 HTTP/1.1" 200 19471 "-" "Mozilla/5.0 (compatible; TMMBot/0.2; +http://www.dslab.ch)/Nutch-1.15"
194.209.200.2 - - [11/Jun/2022:12:59:19 +0200] "GET /Main/2012 HTTP/1.1" 200 31941 "-" "Mozilla/5.0 (compatible; TMMBot/0.2; +http://www.dslab.ch)/Nutch-1.15"
194.209.200.2 - - [11/Jun/2022:12:59:25 +0200] "GET /Main/2010 HTTP/1.1" 200 27997 "-" "Mozilla/5.0 (compatible; TMMBot/0.2; +http://www.dslab.ch)/Nutch-1.15"
194.209.200.2 - - [11/Jun/2022:12:59:34 +0200] "GET /Main/ComCo19122016 HTTP/1.1" 200 10547 "-" "Mozilla/5.0 (compatible; TMMBot/0.2; +http://www.dslab.ch)/Nutch-1.15"
194.209.200.2 - - [11/Jun/2022:12:59:35 +0200] "GET /Eggze/SpreadIt HTTP/1.1" 200 12537 "-" "Mozilla/5.0 (compatible; TMMBot/0.2; +http://www.dslab.ch)/Nutch-1.15"
68.168.221.170 - - [11/Jun/2022:13:01:02 +0200] "GET /Main/Index HTTP/1.1" 200 8387 "https://www.google.com" "Not A;Brand\";v=\"99\", \"Chromium\";v=\"90\", \"Google Chrome\";v=\"90"
68.168.221.170 - - [11/Jun/2022:13:01:04 +0200] "GET /Main/Index HTTP/1.1" 200 8387 "https://www.google.com" "Not A;Brand\";v=\"99\", \"Chromium\";v=\"90\", \"Google Chrome\";v=\"90"
65.108.79.209 - - [11/Jun/2022:13:03:42 +0200] "GET /Oddb2xml/Index HTTP/1.1" 200 8983 "https://ywesee.com/" "Mozilla/5.0 (compatible; SEOkicks; +https://www.seokicks.de/robot.html)"
65.108.79.209 - - [11/Jun/2022:13:03:44 +0200] "GET /Oddb2xml/GNU/Emacs HTTP/1.1" 404 250 "https://www.ywesee.com/Oddb2xml/Index" "Mozilla/5.0 (compatible; SEOkicks; +https://www.seokicks.de/robot.html)"
65.108.79.209 - - [11/Jun/2022:13:03:45 +0200] "GET /ODDB/IntegrationLookAmpFeelGenerikasuche HTTP/1.1" 200 9097 "https://ywesee.com/" "Mozilla/5.0 (compatible; SEOkicks; +https://www.seokicks.de/robot.html)"
65.108.79.209 - - [11/Jun/2022:13:03:46 +0200] "GET /ODDB/GNU/Emacs HTTP/1.1" 404 250 "https://www.ywesee.com/ODDB/IntegrationLookAmpFeelGenerikasuche" "Mozilla/5.0 (compatible; SEOkicks; +https://www.seokicks.de/robot.html)"
65.108.79.209 - - [11/Jun/2022:13:03:48 +0200] "GET /ODDB/IndividuelleMediliste HTTP/1.1" 200 9139 "https://ywesee.com/" "Mozilla/5.0 (compatible; SEOkicks; +https://www.seokicks.de/robot.html)"
65.108.79.209 - - [11/Jun/2022:13:03:49 +0200] "GET /ODDB/StammdatenCH HTTP/1.1" 200 9300 "https://ywesee.com/" "Mozilla/5.0 (compatible; SEOkicks; +https://www.seokicks.de/robot.html)"
65.108.79.209 - - [11/Jun/2022:13:03:51 +0200] "GET /Software/ODDB HTTP/1.1" 200 10298 "https://ywesee.com/" "Mozilla/5.0 (compatible; SEOkicks; +https://www.seokicks.de/robot.html)"
65.108.79.209 - - [11/Jun/2022:13:03:52 +0200] "GET /Software/GNU/Emacs HTTP/1.1" 404 250 "https://www.ywesee.com/Software/ODDB" "Mozilla/5.0 (compatible; SEOkicks; +https://www.seokicks.de/robot.html)"
65.108.79.209 - - [11/Jun/2022:13:03:53 +0200] "GET /Software/BBMB HTTP/1.1" 200 9385 "https://ywesee.com/" "Mozilla/5.0 (compatible; SEOkicks; +https://www.seokicks.de/robot.html)"
65.108.79.209 - - [11/Jun/2022:13:03:55 +0200] "GET /Software/Spreadsheet HTTP/1.1" 200 8839 "https://ywesee.com/" "Mozilla/5.0 (compatible; SEOkicks; +https://www.seokicks.de/robot.html)"
65.108.79.209 - - [11/Jun/2022:13:03:56 +0200] "GET /Software/YDIM HTTP/1.1" 200 8834 "https://ywesee.com/" "Mozilla/5.0 (compatible; SEOkicks; +https://www.seokicks.de/robot.html)"
62.216.201.60 - - [11/Jun/2022:13:08:37 +0200] "GET /uploads/InfoCodex/Abstract_Beispiel.jpg HTTP/1.1" 200 187315 "https://www.bing.com/" "Mozilla/5.0 (Windows NT 10.0; Win64; x64) AppleWebKit/537.36 (KHTML, like Gecko) Chrome/102.0.5005.63 Safari/537.36 Edg/102.0.1245.39"
3.80.37.226 - - [11/Jun/2022:13:12:37 +0200] "GET /robots.txt HTTP/1.1" 200 - "-" "MauiBot (crawler.feedback+gamma@gmail.com)"
66.249.92.223 - - [11/Jun/2022:13:22:47 +0200] "GET /AmiKo/Privacy HTTP/1.1" 200 8621 "-" "PlayStore-Google"
66.249.92.151 - - [11/Jun/2022:13:23:22 +0200] "GET /AmiKo/Privacy HTTP/1.1" 200 8621 "-" "PlayStore-Google"
194.209.200.2 - - [11/Jun/2022:13:23:25 +0200] "GET /robots.txt HTTP/1.1" 200 - "-" "Mozilla/5.0 (compatible; TMMBot/0.2; +http://www.dslab.ch)/Nutch-1.15"
194.209.200.2 - - [11/Jun/2022:13:23:25 +0200] "GET /Oddb2xml/Index HTTP/1.1" 200 8983 "-" "Mozilla/5.0 (compatible; TMMBot/0.2; +http://www.dslab.ch)/Nutch-1.15"
194.209.200.2 - - [11/Jun/2022:13:23:42 +0200] "GET /AmiKo/Linux HTTP/1.1" 200 9217 "-" "Mozilla/5.0 (compatible; TMMBot/0.2; +http://www.dslab.ch)/Nutch-1.15"
194.209.200.2 - - [11/Jun/2022:13:23:46 +0200] "GET /Miele/MieleLXIV HTTP/1.1" 200 15367 "-" "Mozilla/5.0 (compatible; TMMBot/0.2; +http://www.dslab.ch)/Nutch-1.15"
194.209.200.2 - - [11/Jun/2022:13:24:09 +0200] "GET /Software/YDIM HTTP/1.1" 200 8834 "-" "Mozilla/5.0 (compatible; TMMBot/0.2; +http://www.dslab.ch)/Nutch-1.15"
194.209.200.2 - - [11/Jun/2022:13:26:07 +0200] "GET /Main/2013 HTTP/1.1" 200 20487 "-" "Mozilla/5.0 (compatible; TMMBot/0.2; +http://www.dslab.ch)/Nutch-1.15"
194.209.200.2 - - [11/Jun/2022:13:26:16 +0200] "GET /AmiKo/IOS HTTP/1.1" 200 11930 "-" "Mozilla/5.0 (compatible; TMMBot/0.2; +http://www.dslab.ch)/Nutch-1.15"
194.209.200.2 - - [11/Jun/2022:13:26:22 +0200] "GET /Ywesee/Kontakt HTTP/1.1" 200 8973 "-" "Mozilla/5.0 (compatible; TMMBot/0.2; +http://www.dslab.ch)/Nutch-1.15"
194.209.200.2 - - [11/Jun/2022:13:28:15 +0200] "GET /Software/ODDB HTTP/1.1" 200 10298 "-" "Mozilla/5.0 (compatible; TMMBot/0.2; +http://www.dslab.ch)/Nutch-1.15"
194.209.200.2 - - [11/Jun/2022:13:28:46 +0200] "GET /Ausschreibung/SAI HTTP/1.1" 200 10366 "-" "Mozilla/5.0 (compatible; TMMBot/0.2; +http://www.dslab.ch)/Nutch-1.15"
142.93.69.68 - - [11/Jun/2022:13:28:56 +0200] "GET / HTTP/1.1" 200 11562 "-" "Mozilla/5.0 (Macintosh; Intel Mac OS X 10_15_7) AppleWebKit/537.36 (KHTML, like Gecko) Chrome/102.0.0.0 Safari/537.36"
194.209.200.2 - - [11/Jun/2022:13:29:24 +0200] "GET /Main/2009 HTTP/1.1" 200 21688 "-" "Mozilla/5.0 (compatible; TMMBot/0.2; +http://www.dslab.ch)/Nutch-1.15"
194.209.200.2 - - [11/Jun/2022:13:29:43 +0200] "GET /Main/2018 HTTP/1.1" 200 15425 "-" "Mozilla/5.0 (compatible; TMMBot/0.2; +http://www.dslab.ch)/Nutch-1.15"
194.209.200.2 - - [11/Jun/2022:13:29:51 +0200] "GET /Main/2016 HTTP/1.1" 200 13689 "-" "Mozilla/5.0 (compatible; TMMBot/0.2; +http://www.dslab.ch)/Nutch-1.15"
194.209.200.2 - - [11/Jun/2022:13:29:59 +0200] "GET /Main/2014 HTTP/1.1" 200 19471 "-" "Mozilla/5.0 (compatible; TMMBot/0.2; +http://www.dslab.ch)/Nutch-1.15"
194.209.200.2 - - [11/Jun/2022:13:30:14 +0200] "GET /ODDB/IntegrationLookAmpFeelGenerikasuche HTTP/1.1" 200 9097 "-" "Mozilla/5.0 (compatible; TMMBot/0.2; +http://www.dslab.ch)/Nutch-1.15"
194.209.200.2 - - [11/Jun/2022:13:30:16 +0200] "GET /Main/2010 HTTP/1.1" 200 27997 "-" "Mozilla/5.0 (compatible; TMMBot/0.2; +http://www.dslab.ch)/Nutch-1.15"
194.209.200.2 - - [11/Jun/2022:13:30:22 +0200] "GET /Main/ComCo19122016 HTTP/1.1" 200 10547 "-" "Mozilla/5.0 (compatible; TMMBot/0.2; +http://www.dslab.ch)/Nutch-1.15"
194.209.200.2 - - [11/Jun/2022:13:30:23 +0200] "GET /Eggze/SpreadIt HTTP/1.1" 200 12537 "-" "Mozilla/5.0 (compatible; TMMBot/0.2; +http://www.dslab.ch)/Nutch-1.15"
66.249.76.229 - - [11/Jun/2022:13:35:54 +0200] "GET /ads.txt HTTP/1.1" 404 266 "-" "Mozilla/5.0 (compatible; Googlebot/2.1; +http://www.google.com/bot.html)"
185.191.171.40 - - [11/Jun/2022:13:39:36 +0200] "GET /robots.txt HTTP/1.1" 200 - "-" "Mozilla/5.0 (compatible; SemrushBot/7~bl; +http://www.semrush.com/bot.html)"
185.191.171.3 - - [11/Jun/2022:13:39:37 +0200] "GET /Ywesee/BitcoinBlockchain?action=upload HTTP/1.1" 403 18 "-" "Mozilla/5.0 (compatible; SemrushBot/7~bl; +http://www.semrush.com/bot.html)"
123.125.109.38 - - [11/Jun/2022:13:40:06 +0200] "GET / HTTP/1.1" 200 11562 "-" "Sogou web spider/4.0(+http://www.sogou.com/docs/help/webmasters.htm#07)"
89.246.241.14 - - [11/Jun/2022:13:45:52 +0200] "GET / HTTP/1.1" 200 11562 "-" "Mozilla/5.0 (Windows NT 10.0; Win64; x64; rv:84.0) Gecko/20100101 Firefox/84.0"
89.246.241.14 - - [11/Jun/2022:13:46:04 +0200] "GET /Main/Home?action=diff HTTP/1.1" 200 522404 "-" "Mozilla/5.0 (Windows NT 10.0; Win64; x64; rv:84.0) Gecko/20100101 Firefox/84.0"
89.246.241.14 - - [11/Jun/2022:13:46:10 +0200] "GET /uploads/Main/B-2597_2017.pdf HTTP/1.1" 200 3342329 "-" "Mozilla/5.0 (Windows NT 10.0; Win64; x64; rv:84.0) Gecko/20100101 Firefox/84.0"
89.246.241.14 - - [11/Jun/2022:13:46:15 +0200] "GET /uploads/Main/B-2597_2017_fr.pdf HTTP/1.1" 200 1537286 "-" "Mozilla/5.0 (Windows NT 10.0; Win64; x64; rv:84.0) Gecko/20100101 Firefox/84.0"
66.249.79.117 - - [11/Jun/2022:13:46:57 +0200] "GET /uploads/Main/InfoCodex_Master_26.3.2021.pdf HTTP/1.1" 304 - "-" "Mozilla/5.0 (Linux; Android 6.0.1; Nexus 5X Build/MMB29P) AppleWebKit/537.36 (KHTML, like Gecko) Chrome/102.0.5005.61 Mobile Safari/537.36 (compatible; Googlebot/2.1; +http://www.google.com/bot.html)"
49.7.20.107 - - [11/Jun/2022:13:51:38 +0200] "GET / HTTP/1.1" 200 11562 "-" "Sogou web spider/4.0(+http://www.sogou.com/docs/help/webmasters.htm#07)"
194.209.200.2 - - [11/Jun/2022:13:52:44 +0200] "GET /robots.txt HTTP/1.1" 200 - "-" "Mozilla/5.0 (compatible; TMMBot/0.2; +http://www.dslab.ch)/Nutch-1.15"
194.209.200.2 - - [11/Jun/2022:13:52:44 +0200] "GET /Oddb2xml/Index HTTP/1.1" 200 8983 "-" "Mozilla/5.0 (compatible; TMMBot/0.2; +http://www.dslab.ch)/Nutch-1.15"
194.209.200.2 - - [11/Jun/2022:13:53:08 +0200] "GET /AmiKo/Linux HTTP/1.1" 200 9217 "-" "Mozilla/5.0 (compatible; TMMBot/0.2; +http://www.dslab.ch)/Nutch-1.15"
194.209.200.2 - - [11/Jun/2022:13:54:02 +0200] "GET /Software/YDIM HTTP/1.1" 200 8834 "-" "Mozilla/5.0 (compatible; TMMBot/0.2; +http://www.dslab.ch)/Nutch-1.15"
194.209.200.2 - - [11/Jun/2022:13:57:42 +0200] "GET /AmiKo/IOS HTTP/1.1" 200 11930 "-" "Mozilla/5.0 (compatible; TMMBot/0.2; +http://www.dslab.ch)/Nutch-1.15"
194.209.200.2 - - [11/Jun/2022:13:57:57 +0200] "GET /Ywesee/Kontakt HTTP/1.1" 200 8973 "-" "Mozilla/5.0 (compatible; TMMBot/0.2; +http://www.dslab.ch)/Nutch-1.15"
185.191.171.43 - - [11/Jun/2022:14:00:59 +0200] "GET /Main/Home?action=diff HTTP/1.1" 403 18 "-" "Mozilla/5.0 (compatible; SemrushBot/7~bl; +http://www.semrush.com/bot.html)"
194.209.200.2 - - [11/Jun/2022:14:01:04 +0200] "GET /Software/ODDB HTTP/1.1" 200 10298 "-" "Mozilla/5.0 (compatible; TMMBot/0.2; +http://www.dslab.ch)/Nutch-1.15"
194.209.200.2 - - [11/Jun/2022:14:01:52 +0200] "GET /Ausschreibung/SAI HTTP/1.1" 200 10366 "-" "Mozilla/5.0 (compatible; TMMBot/0.2; +http://www.dslab.ch)/Nutch-1.15"
194.209.200.2 - - [11/Jun/2022:14:03:07 +0200] "GET /Main/2009 HTTP/1.1" 200 21688 "-" "Mozilla/5.0 (compatible; TMMBot/0.2; +http://www.dslab.ch)/Nutch-1.15"
194.209.200.2 - - [11/Jun/2022:14:03:50 +0200] "GET /Main/2018 HTTP/1.1" 200 15425 "-" "Mozilla/5.0 (compatible; TMMBot/0.2; +http://www.dslab.ch)/Nutch-1.15"
194.209.200.2 - - [11/Jun/2022:14:04:06 +0200] "GET /Main/2016 HTTP/1.1" 200 13689 "-" "Mozilla/5.0 (compatible; TMMBot/0.2; +http://www.dslab.ch)/Nutch-1.15"
194.209.200.2 - - [11/Jun/2022:14:04:18 +0200] "GET /Main/2014 HTTP/1.1" 200 19471 "-" "Mozilla/5.0 (compatible; TMMBot/0.2; +http://www.dslab.ch)/Nutch-1.15"
194.209.200.2 - - [11/Jun/2022:14:04:44 +0200] "GET /Main/2010 HTTP/1.1" 200 27997 "-" "Mozilla/5.0 (compatible; TMMBot/0.2; +http://www.dslab.ch)/Nutch-1.15"
194.209.200.2 - - [11/Jun/2022:14:04:58 +0200] "GET /Main/ComCo19122016 HTTP/1.1" 200 10547 "-" "Mozilla/5.0 (compatible; TMMBot/0.2; +http://www.dslab.ch)/Nutch-1.15"
194.209.200.2 - - [11/Jun/2022:14:05:02 +0200] "GET /Eggze/SpreadIt HTTP/1.1" 200 12537 "-" "Mozilla/5.0 (compatible; TMMBot/0.2; +http://www.dslab.ch)/Nutch-1.15"
49.7.20.107 - - [11/Jun/2022:14:05:32 +0200] "GET / HTTP/1.1" 200 11562 "-" "Sogou web spider/4.0(+http://www.sogou.com/docs/help/webmasters.htm#07)"
34.221.125.109 - - [11/Jun/2022:14:17:40 +0200] "GET / HTTP/1.1" 200 11562 "-" "Mozilla/5.0 (X11; Linux x86_64) AppleWebKit/537.36 (KHTML, like Gecko) Chrome/83.0.4103.97 Safari/537.36"
34.220.129.164 - - [11/Jun/2022:14:23:00 +0200] "GET / HTTP/1.1" 200 11562 "http://ywesee.ch" "Mozilla/5.0 (X11; Linux x86_64) AppleWebKit/537.36 (KHTML, like Gecko) Chrome/83.0.4103.97 Safari/537.36"
35.172.225.99 - - [11/Jun/2022:14:26:23 +0200] "GET /robots.txt HTTP/1.1" 200 - "-" "Mozilla/5.0/Firefox/42.0 - nbertaupete95(at)gmail.com"
35.172.225.99 - - [11/Jun/2022:14:26:23 +0200] "GET /Ywesee/InfoCodex?action=print HTTP/1.1" 200 18992 "-" "Mozilla/5.0/Firefox/42.0 - nbertaupete95(at)gmail.com"
194.209.200.2 - - [11/Jun/2022:14:30:20 +0200] "GET /robots.txt HTTP/1.1" 200 - "-" "Mozilla/5.0 (compatible; TMMBot/0.2; +http://www.dslab.ch)/Nutch-1.15"
194.209.200.2 - - [11/Jun/2022:14:30:20 +0200] "GET /Oddb2xml/Index HTTP/1.1" 200 8983 "-" "Mozilla/5.0 (compatible; TMMBot/0.2; +http://www.dslab.ch)/Nutch-1.15"
194.209.200.2 - - [11/Jun/2022:14:30:37 +0200] "GET /AmiKo/Linux HTTP/1.1" 200 9217 "-" "Mozilla/5.0 (compatible; TMMBot/0.2; +http://www.dslab.ch)/Nutch-1.15"
66.249.79.119 - - [11/Jun/2022:14:31:57 +0200] "GET /Main/MiGel HTTP/1.1" 200 16437 "-" "Mozilla/5.0 (Linux; Android 6.0.1; Nexus 5X Build/MMB29P) AppleWebKit/537.36 (KHTML, like Gecko) Chrome/102.0.5005.61 Mobile Safari/537.36 (compatible; Googlebot/2.1; +http://www.google.com/bot.html)"
194.209.200.2 - - [11/Jun/2022:14:32:12 +0200] "GET /ODDB/StammdatenCH HTTP/1.1" 200 9300 "-" "Mozilla/5.0 (compatible; TMMBot/0.2; +http://www.dslab.ch)/Nutch-1.15"
194.209.200.2 - - [11/Jun/2022:14:32:36 +0200] "GET /Main/2006 HTTP/1.1" 200 39320 "-" "Mozilla/5.0 (compatible; TMMBot/0.2; +http://www.dslab.ch)/Nutch-1.15"
54.36.148.190 - - [11/Jun/2022:14:32:49 +0200] "GET /SpitalSchweiz/FinanzenImMinus2012 HTTP/1.1" 200 9243 "-" "Mozilla/5.0 (compatible; AhrefsBot/7.0; +http://ahrefs.com/robot/)"
194.209.200.2 - - [11/Jun/2022:14:33:13 +0200] "GET /AmiKo/IOS HTTP/1.1" 200 11930 "-" "Mozilla/5.0 (compatible; TMMBot/0.2; +http://www.dslab.ch)/Nutch-1.15"
194.209.200.2 - - [11/Jun/2022:14:33:19 +0200] "GET /Ywesee/Kontakt HTTP/1.1" 200 8973 "-" "Mozilla/5.0 (compatible; TMMBot/0.2; +http://www.dslab.ch)/Nutch-1.15"
194.209.200.2 - - [11/Jun/2022:14:35:14 +0200] "GET /Software/ODDB HTTP/1.1" 200 10298 "-" "Mozilla/5.0 (compatible; TMMBot/0.2; +http://www.dslab.ch)/Nutch-1.15"
194.209.200.2 - - [11/Jun/2022:14:35:42 +0200] "GET /Ausschreibung/SAI HTTP/1.1" 200 10366 "-" "Mozilla/5.0 (compatible; TMMBot/0.2; +http://www.dslab.ch)/Nutch-1.15"
194.209.200.2 - - [11/Jun/2022:14:36:20 +0200] "GET /Main/2009 HTTP/1.1" 200 21688 "-" "Mozilla/5.0 (compatible; TMMBot/0.2; +http://www.dslab.ch)/Nutch-1.15"
194.209.200.2 - - [11/Jun/2022:14:36:38 +0200] "GET /Main/2018 HTTP/1.1" 200 15425 "-" "Mozilla/5.0 (compatible; TMMBot/0.2; +http://www.dslab.ch)/Nutch-1.15"
194.209.200.2 - - [11/Jun/2022:14:36:46 +0200] "GET /Main/2016 HTTP/1.1" 200 13689 "-" "Mozilla/5.0 (compatible; TMMBot/0.2; +http://www.dslab.ch)/Nutch-1.15"
194.209.200.2 - - [11/Jun/2022:14:36:54 +0200] "GET /Main/2014 HTTP/1.1" 200 19471 "-" "Mozilla/5.0 (compatible; TMMBot/0.2; +http://www.dslab.ch)/Nutch-1.15"
194.209.200.2 - - [11/Jun/2022:14:37:09 +0200] "GET /Main/2010 HTTP/1.1" 200 27997 "-" "Mozilla/5.0 (compatible; TMMBot/0.2; +http://www.dslab.ch)/Nutch-1.15"
194.209.200.2 - - [11/Jun/2022:14:37:17 +0200] "GET /Main/ComCo19122016 HTTP/1.1" 200 10547 "-" "Mozilla/5.0 (compatible; TMMBot/0.2; +http://www.dslab.ch)/Nutch-1.15"
194.209.200.2 - - [11/Jun/2022:14:37:18 +0200] "GET /Eggze/SpreadIt HTTP/1.1" 200 12537 "-" "Mozilla/5.0 (compatible; TMMBot/0.2; +http://www.dslab.ch)/Nutch-1.15"
168.119.11.187 - - [11/Jun/2022:14:37:24 +0200] "GET /Main/2005 HTTP/1.1" 200 63344 "-" "Mozilla/5.0 (Macintosh; Intel Mac OS X 10.14; rv:82.0) Gecko/20100101 Firefox/82.0"
194.209.200.2 - - [11/Jun/2022:15:02:18 +0200] "GET /robots.txt HTTP/1.1" 200 - "-" "Mozilla/5.0 (compatible; TMMBot/0.2; +http://www.dslab.ch)/Nutch-1.15"
194.209.200.2 - - [11/Jun/2022:15:02:18 +0200] "GET /Oddb2xml/Index HTTP/1.1" 200 8983 "-" "Mozilla/5.0 (compatible; TMMBot/0.2; +http://www.dslab.ch)/Nutch-1.15"
194.209.200.2 - - [11/Jun/2022:15:02:40 +0200] "GET /Miele/MieleLXIV HTTP/1.1" 200 15367 "-" "Mozilla/5.0 (compatible; TMMBot/0.2; +http://www.dslab.ch)/Nutch-1.15"
194.209.200.2 - - [11/Jun/2022:15:05:19 +0200] "GET /Main/2011 HTTP/1.1" 200 21451 "-" "Mozilla/5.0 (compatible; TMMBot/0.2; +http://www.dslab.ch)/Nutch-1.15"
194.209.200.2 - - [11/Jun/2022:15:05:20 +0200] "GET /AmiKo/IOS HTTP/1.1" 200 11930 "-" "Mozilla/5.0 (compatible; TMMBot/0.2; +http://www.dslab.ch)/Nutch-1.15"
194.209.200.2 - - [11/Jun/2022:15:05:26 +0200] "GET /Ywesee/Kontakt HTTP/1.1" 200 8973 "-" "Mozilla/5.0 (compatible; TMMBot/0.2; +http://www.dslab.ch)/Nutch-1.15"
194.209.200.2 - - [11/Jun/2022:15:05:35 +0200] "GET /Software/Spreadsheet HTTP/1.1" 200 8839 "-" "Mozilla/5.0 (compatible; TMMBot/0.2; +http://www.dslab.ch)/Nutch-1.15"
194.209.200.2 - - [11/Jun/2022:15:07:23 +0200] "GET /Software/ODDB HTTP/1.1" 200 10298 "-" "Mozilla/5.0 (compatible; TMMBot/0.2; +http://www.dslab.ch)/Nutch-1.15"
194.209.200.2 - - [11/Jun/2022:15:07:52 +0200] "GET /Ausschreibung/SAI HTTP/1.1" 200 10366 "-" "Mozilla/5.0 (compatible; TMMBot/0.2; +http://www.dslab.ch)/Nutch-1.15"
194.209.200.2 - - [11/Jun/2022:15:08:31 +0200] "GET /Main/2009 HTTP/1.1" 200 21688 "-" "Mozilla/5.0 (compatible; TMMBot/0.2; +http://www.dslab.ch)/Nutch-1.15"
194.209.200.2 - - [11/Jun/2022:15:08:58 +0200] "GET /Main/2016 HTTP/1.1" 200 13689 "-" "Mozilla/5.0 (compatible; TMMBot/0.2; +http://www.dslab.ch)/Nutch-1.15"
194.209.200.2 - - [11/Jun/2022:15:09:05 +0200] "GET /Main/2014 HTTP/1.1" 200 19471 "-" "Mozilla/5.0 (compatible; TMMBot/0.2; +http://www.dslab.ch)/Nutch-1.15"
194.209.200.2 - - [11/Jun/2022:15:09:20 +0200] "GET /ODDB/IntegrationLookAmpFeelGenerikasuche HTTP/1.1" 200 9097 "-" "Mozilla/5.0 (compatible; TMMBot/0.2; +http://www.dslab.ch)/Nutch-1.15"
194.209.200.2 - - [11/Jun/2022:15:09:22 +0200] "GET /Main/2010 HTTP/1.1" 200 27997 "-" "Mozilla/5.0 (compatible; TMMBot/0.2; +http://www.dslab.ch)/Nutch-1.15"
194.209.200.2 - - [11/Jun/2022:15:09:29 +0200] "GET /Main/ComCo19122016 HTTP/1.1" 200 10547 "-" "Mozilla/5.0 (compatible; TMMBot/0.2; +http://www.dslab.ch)/Nutch-1.15"
194.209.200.2 - - [11/Jun/2022:15:09:32 +0200] "GET /Eggze/SpreadIt HTTP/1.1" 200 12537 "-" "Mozilla/5.0 (compatible; TMMBot/0.2; +http://www.dslab.ch)/Nutch-1.15"
74.117.179.72 - - [11/Jun/2022:15:17:16 +0200] "GET / HTTP/1.1" 200 11562 "-" "Mozilla/5.0 (Macintosh; Intel Mac OS X 10.6; rv:9.0) Gecko/20100101 Firefox/9.0"
72.14.199.24 - - [11/Jun/2022:15:17:37 +0200] "GET /Generikacc/Privacy HTTP/1.1" 200 8615 "-" "PlayStore-Google"
185.191.171.37 - - [11/Jun/2022:15:18:42 +0200] "GET /robots.txt HTTP/1.1" 200 - "-" "Mozilla/5.0 (compatible; SemrushBot/7~bl; +http://www.semrush.com/bot.html)"
185.191.171.34 - - [11/Jun/2022:15:18:42 +0200] "GET /AmiKo/Linux?n=Main.SideBar%3Faction%3Dedit HTTP/1.1" 302 157 "-" "Mozilla/5.0 (compatible; SemrushBot/7~bl; +http://www.semrush.com/bot.html)"
138.246.253.24 - - [11/Jun/2022:15:32:08 +0200] "GET /robots.txt HTTP/1.1" 200 - "-" "Mozilla/5.0 (Windows NT 10.0; Win64; x64) AppleWebKit/537.36 (KHTML, like Gecko) Chrome/88.0.4324.146 Safari/537.36"
194.209.200.2 - - [11/Jun/2022:15:34:01 +0200] "GET /robots.txt HTTP/1.1" 200 - "-" "Mozilla/5.0 (compatible; TMMBot/0.2; +http://www.dslab.ch)/Nutch-1.15"
194.209.200.2 - - [11/Jun/2022:15:34:01 +0200] "GET /Oddb2xml/Index HTTP/1.1" 200 8983 "-" "Mozilla/5.0 (compatible; TMMBot/0.2; +http://www.dslab.ch)/Nutch-1.15"
194.209.200.2 - - [11/Jun/2022:15:34:18 +0200] "GET /AmiKo/Linux HTTP/1.1" 200 9217 "-" "Mozilla/5.0 (compatible; TMMBot/0.2; +http://www.dslab.ch)/Nutch-1.15"
194.209.200.2 - - [11/Jun/2022:15:34:23 +0200] "GET /Miele/MieleLXIV HTTP/1.1" 200 15367 "-" "Mozilla/5.0 (compatible; TMMBot/0.2; +http://www.dslab.ch)/Nutch-1.15"
185.191.171.8 - - [11/Jun/2022:15:35:00 +0200] "GET /Software/BBMB?action=upload HTTP/1.1" 403 18 "-" "Mozilla/5.0 (compatible; SemrushBot/7~bl; +http://www.semrush.com/bot.html)"
198.235.24.6 - - [11/Jun/2022:15:35:08 +0200] "GET / HTTP/1.1" 200 11562 "-" "Expanse, a Palo Alto Networks company, searches across the global IPv4 space multiple times per day to identify customers&#39; presences on the Internet. If you would like to be excluded from our scans, please send IP addresses/domains to: scaninfo@paloaltonetworks.com"
194.209.200.2 - - [11/Jun/2022:15:36:20 +0200] "GET /Main/2006 HTTP/1.1" 200 39320 "-" "Mozilla/5.0 (compatible; TMMBot/0.2; +http://www.dslab.ch)/Nutch-1.15"
194.209.200.2 - - [11/Jun/2022:15:36:57 +0200] "GET /AmiKo/IOS HTTP/1.1" 200 11930 "-" "Mozilla/5.0 (compatible; TMMBot/0.2; +http://www.dslab.ch)/Nutch-1.15"
194.209.200.2 - - [11/Jun/2022:15:37:03 +0200] "GET /Ywesee/Kontakt HTTP/1.1" 200 8973 "-" "Mozilla/5.0 (compatible; TMMBot/0.2; +http://www.dslab.ch)/Nutch-1.15"
194.209.200.2 - - [11/Jun/2022:15:38:50 +0200] "GET /Software/ODDB HTTP/1.1" 200 10298 "-" "Mozilla/5.0 (compatible; TMMBot/0.2; +http://www.dslab.ch)/Nutch-1.15"
194.209.200.2 - - [11/Jun/2022:15:39:19 +0200] "GET /Ausschreibung/SAI HTTP/1.1" 200 10366 "-" "Mozilla/5.0 (compatible; TMMBot/0.2; +http://www.dslab.ch)/Nutch-1.15"
66.249.79.119 - - [11/Jun/2022:15:39:28 +0200] "GET /Ywesee/Kontakt HTTP/1.1" 200 8973 "-" "Mozilla/5.0 (Linux; Android 6.0.1; Nexus 5X Build/MMB29P) AppleWebKit/537.36 (KHTML, like Gecko) Chrome/102.0.5005.61 Mobile Safari/537.36 (compatible; Googlebot/2.1; +http://www.google.com/bot.html)"
194.209.200.2 - - [11/Jun/2022:15:39:54 +0200] "GET /Main/2009 HTTP/1.1" 200 21688 "-" "Mozilla/5.0 (compatible; TMMBot/0.2; +http://www.dslab.ch)/Nutch-1.15"
194.209.200.2 - - [11/Jun/2022:15:40:13 +0200] "GET /Main/2018 HTTP/1.1" 200 15425 "-" "Mozilla/5.0 (compatible; TMMBot/0.2; +http://www.dslab.ch)/Nutch-1.15"
194.209.200.2 - - [11/Jun/2022:15:40:21 +0200] "GET /Main/2016 HTTP/1.1" 200 13689 "-" "Mozilla/5.0 (compatible; TMMBot/0.2; +http://www.dslab.ch)/Nutch-1.15"
194.209.200.2 - - [11/Jun/2022:15:40:28 +0200] "GET /Main/2014 HTTP/1.1" 200 19471 "-" "Mozilla/5.0 (compatible; TMMBot/0.2; +http://www.dslab.ch)/Nutch-1.15"
194.209.200.2 - - [11/Jun/2022:15:40:41 +0200] "GET /ODDB/IntegrationLookAmpFeelGenerikasuche HTTP/1.1" 200 9097 "-" "Mozilla/5.0 (compatible; TMMBot/0.2; +http://www.dslab.ch)/Nutch-1.15"
194.209.200.2 - - [11/Jun/2022:15:40:43 +0200] "GET /Main/2010 HTTP/1.1" 200 27997 "-" "Mozilla/5.0 (compatible; TMMBot/0.2; +http://www.dslab.ch)/Nutch-1.15"
194.209.200.2 - - [11/Jun/2022:15:40:49 +0200] "GET /Main/ComCo19122016 HTTP/1.1" 200 10547 "-" "Mozilla/5.0 (compatible; TMMBot/0.2; +http://www.dslab.ch)/Nutch-1.15"
194.209.200.2 - - [11/Jun/2022:15:40:51 +0200] "GET /Eggze/SpreadIt HTTP/1.1" 200 12537 "-" "Mozilla/5.0 (compatible; TMMBot/0.2; +http://www.dslab.ch)/Nutch-1.15"
65.108.79.209 - - [11/Jun/2022:15:55:08 +0200] "GET /Software/XMLConv HTTP/1.1" 200 8709 "https://ywesee.com/" "Mozilla/5.0 (compatible; SEOkicks; +https://www.seokicks.de/robot.html)"
65.108.79.209 - - [11/Jun/2022:15:55:09 +0200] "GET /Software/SoftwareRaid HTTP/1.1" 200 12104 "https://ywesee.com/" "Mozilla/5.0 (compatible; SEOkicks; +https://www.seokicks.de/robot.html)"
65.108.79.209 - - [11/Jun/2022:15:55:10 +0200] "GET /Ywesee/InfoCodex HTTP/1.1" 200 24435 "https://ywesee.com/" "Mozilla/5.0 (compatible; SEOkicks; +https://www.seokicks.de/robot.html)"
65.108.79.209 - - [11/Jun/2022:15:55:12 +0200] "GET /Main/Home?action=edit HTTP/1.1" 403 18 "https://ywesee.com/" "Mozilla/5.0 (compatible; SEOkicks; +https://www.seokicks.de/robot.html)"
65.108.79.209 - - [11/Jun/2022:15:55:13 +0200] "GET /Main/Home?n=Main.SideBar?action=edit HTTP/1.1" 403 18 "https://ywesee.com/" "Mozilla/5.0 (compatible; SEOkicks; +https://www.seokicks.de/robot.html)"
65.108.79.209 - - [11/Jun/2022:15:55:14 +0200] "GET /Main/Home?action=upload HTTP/1.1" 403 18 "https://ywesee.com/" "Mozilla/5.0 (compatible; SEOkicks; +https://www.seokicks.de/robot.html)"
65.108.79.209 - - [11/Jun/2022:15:55:15 +0200] "GET /Main/Home?action=print HTTP/1.1" 403 18 "https://ywesee.com/" "Mozilla/5.0 (compatible; SEOkicks; +https://www.seokicks.de/robot.html)"
65.108.79.209 - - [11/Jun/2022:15:55:17 +0200] "GET /Main/Home?action=diff HTTP/1.1" 403 18 "https://ywesee.com/" "Mozilla/5.0 (compatible; SEOkicks; +https://www.seokicks.de/robot.html)"
65.108.79.209 - - [11/Jun/2022:15:55:18 +0200] "GET /Main/2021 HTTP/1.1" 200 16484 "https://ywesee.com/" "Mozilla/5.0 (compatible; SEOkicks; +https://www.seokicks.de/robot.html)"
65.108.79.209 - - [11/Jun/2022:15:55:19 +0200] "GET /Main/2020 HTTP/1.1" 200 15398 "https://ywesee.com/" "Mozilla/5.0 (compatible; SEOkicks; +https://www.seokicks.de/robot.html)"
65.108.79.209 - - [11/Jun/2022:15:55:21 +0200] "GET /Main/2019 HTTP/1.1" 200 15246 "https://ywesee.com/" "Mozilla/5.0 (compatible; SEOkicks; +https://www.seokicks.de/robot.html)"
66.249.79.196 - - [11/Jun/2022:15:57:30 +0200] "GET /robots.txt HTTP/1.1" 200 - "-" "Mozilla/5.0 (compatible; Googlebot/2.1; +http://www.google.com/bot.html)"
66.249.79.196 - - [11/Jun/2022:15:57:30 +0200] "GET / HTTP/1.1" 200 11562 "-" "Mozilla/5.0 (Linux; Android 6.0.1; Nexus 5X Build/MMB29P) AppleWebKit/537.36 (KHTML, like Gecko) Chrome/102.0.5005.115 Mobile Safari/537.36 (compatible; Googlebot/2.1; +http://www.google.com/bot.html)"
185.191.171.7 - - [11/Jun/2022:15:59:19 +0200] "GET /Main/2013?action=edit HTTP/1.1" 403 18 "-" "Mozilla/5.0 (compatible; SemrushBot/7~bl; +http://www.semrush.com/bot.html)"
46.161.11.4 - - [11/Jun/2022:16:02:42 +0200] "GET /Profiles/Zrr HTTP/1.0" 200 8438 "https://www.ywesee.com/Profiles/Zrr" "Mozilla/5.0 (Windows NT 6.1) AppleWebKit/537.36 (KHTML, like Gecko) Chrome/90.0.4430.93 Safari/537.36"
185.191.171.3 - - [11/Jun/2022:16:03:48 +0200] "GET /Ywesee/SpezialisierteKrankenkasse?action=print HTTP/1.1" 403 18 "-" "Mozilla/5.0 (compatible; SemrushBot/7~bl; +http://www.semrush.com/bot.html)"
194.209.200.2 - - [11/Jun/2022:16:04:24 +0200] "GET /robots.txt HTTP/1.1" 200 - "-" "Mozilla/5.0 (compatible; TMMBot/0.2; +http://www.dslab.ch)/Nutch-1.15"
194.209.200.2 - - [11/Jun/2022:16:04:24 +0200] "GET /Oddb2xml/Index HTTP/1.1" 200 8983 "-" "Mozilla/5.0 (compatible; TMMBot/0.2; +http://www.dslab.ch)/Nutch-1.15"
194.209.200.2 - - [11/Jun/2022:16:04:43 +0200] "GET /AmiKo/Linux HTTP/1.1" 200 9217 "-" "Mozilla/5.0 (compatible; TMMBot/0.2; +http://www.dslab.ch)/Nutch-1.15"
194.209.200.2 - - [11/Jun/2022:16:04:48 +0200] "GET /Miele/MieleLXIV HTTP/1.1" 200 15367 "-" "Mozilla/5.0 (compatible; TMMBot/0.2; +http://www.dslab.ch)/Nutch-1.15"
194.209.200.2 - - [11/Jun/2022:16:07:25 +0200] "GET /AmiKo/IOS HTTP/1.1" 200 11930 "-" "Mozilla/5.0 (compatible; TMMBot/0.2; +http://www.dslab.ch)/Nutch-1.15"
194.209.200.2 - - [11/Jun/2022:16:07:31 +0200] "GET /Ywesee/Kontakt HTTP/1.1" 200 8973 "-" "Mozilla/5.0 (compatible; TMMBot/0.2; +http://www.dslab.ch)/Nutch-1.15"
194.209.200.2 - - [11/Jun/2022:16:09:20 +0200] "GET /Software/ODDB HTTP/1.1" 200 10298 "-" "Mozilla/5.0 (compatible; TMMBot/0.2; +http://www.dslab.ch)/Nutch-1.15"
194.209.200.2 - - [11/Jun/2022:16:09:47 +0200] "GET /Ausschreibung/SAI HTTP/1.1" 200 10366 "-" "Mozilla/5.0 (compatible; TMMBot/0.2; +http://www.dslab.ch)/Nutch-1.15"
194.209.200.2 - - [11/Jun/2022:16:10:29 +0200] "GET /Main/2009 HTTP/1.1" 200 21688 "-" "Mozilla/5.0 (compatible; TMMBot/0.2; +http://www.dslab.ch)/Nutch-1.15"
194.209.200.2 - - [11/Jun/2022:16:10:36 +0200] "GET /Main/2007 HTTP/1.1" 200 50639 "-" "Mozilla/5.0 (compatible; TMMBot/0.2; +http://www.dslab.ch)/Nutch-1.15"
194.209.200.2 - - [11/Jun/2022:16:10:47 +0200] "GET /Main/2018 HTTP/1.1" 200 15425 "-" "Mozilla/5.0 (compatible; TMMBot/0.2; +http://www.dslab.ch)/Nutch-1.15"
194.209.200.2 - - [11/Jun/2022:16:10:54 +0200] "GET /Main/2016 HTTP/1.1" 200 13689 "-" "Mozilla/5.0 (compatible; TMMBot/0.2; +http://www.dslab.ch)/Nutch-1.15"
194.209.200.2 - - [11/Jun/2022:16:11:00 +0200] "GET /Main/2014 HTTP/1.1" 200 19471 "-" "Mozilla/5.0 (compatible; TMMBot/0.2; +http://www.dslab.ch)/Nutch-1.15"
194.209.200.2 - - [11/Jun/2022:16:11:14 +0200] "GET /ODDB/IntegrationLookAmpFeelGenerikasuche HTTP/1.1" 200 9097 "-" "Mozilla/5.0 (compatible; TMMBot/0.2; +http://www.dslab.ch)/Nutch-1.15"
194.209.200.2 - - [11/Jun/2022:16:11:16 +0200] "GET /Main/2010 HTTP/1.1" 200 27997 "-" "Mozilla/5.0 (compatible; TMMBot/0.2; +http://www.dslab.ch)/Nutch-1.15"
194.209.200.2 - - [11/Jun/2022:16:11:21 +0200] "GET /Main/ComCo19122016 HTTP/1.1" 200 10547 "-" "Mozilla/5.0 (compatible; TMMBot/0.2; +http://www.dslab.ch)/Nutch-1.15"
194.209.200.2 - - [11/Jun/2022:16:11:23 +0200] "GET /Eggze/SpreadIt HTTP/1.1" 200 12537 "-" "Mozilla/5.0 (compatible; TMMBot/0.2; +http://www.dslab.ch)/Nutch-1.15"
66.249.79.200 - - [11/Jun/2022:16:24:28 +0200] "GET /de/gcc/fachinfo/reg/61221/chapter/overdose HTTP/1.1" 404 301 "-" "Mozilla/5.0 (compatible; Googlebot/2.1; +http://www.google.com/bot.html)"
194.209.200.2 - - [11/Jun/2022:16:35:37 +0200] "GET /robots.txt HTTP/1.1" 200 - "-" "Mozilla/5.0 (compatible; TMMBot/0.2; +http://www.dslab.ch)/Nutch-1.15"
194.209.200.2 - - [11/Jun/2022:16:35:38 +0200] "GET /Oddb2xml/Index HTTP/1.1" 200 8983 "-" "Mozilla/5.0 (compatible; TMMBot/0.2; +http://www.dslab.ch)/Nutch-1.15"
194.209.200.2 - - [11/Jun/2022:16:35:56 +0200] "GET /AmiKo/Linux HTTP/1.1" 200 9217 "-" "Mozilla/5.0 (compatible; TMMBot/0.2; +http://www.dslab.ch)/Nutch-1.15"
194.209.200.2 - - [11/Jun/2022:16:36:01 +0200] "GET /Miele/MieleLXIV HTTP/1.1" 200 15367 "-" "Mozilla/5.0 (compatible; TMMBot/0.2; +http://www.dslab.ch)/Nutch-1.15"
185.191.171.45 - - [11/Jun/2022:16:37:45 +0200] "GET /robots.txt HTTP/1.1" 200 - "-" "Mozilla/5.0 (compatible; SemrushBot/7~bl; +http://www.semrush.com/bot.html)"
185.191.171.2 - - [11/Jun/2022:16:37:46 +0200] "GET /Main/Refdata HTTP/1.1" 200 11486 "-" "Mozilla/5.0 (compatible; SemrushBot/7~bl; +http://www.semrush.com/bot.html)"
194.209.200.2 - - [11/Jun/2022:16:37:57 +0200] "GET /Main/2006 HTTP/1.1" 200 39320 "-" "Mozilla/5.0 (compatible; TMMBot/0.2; +http://www.dslab.ch)/Nutch-1.15"
194.209.200.2 - - [11/Jun/2022:16:38:07 +0200] "GET /Main/2004 HTTP/1.1" 200 14080 "-" "Mozilla/5.0 (compatible; TMMBot/0.2; +http://www.dslab.ch)/Nutch-1.15"
194.209.200.2 - - [11/Jun/2022:16:38:38 +0200] "GET /AmiKo/IOS HTTP/1.1" 200 11930 "-" "Mozilla/5.0 (compatible; TMMBot/0.2; +http://www.dslab.ch)/Nutch-1.15"
194.209.200.2 - - [11/Jun/2022:16:38:44 +0200] "GET /Ywesee/Kontakt HTTP/1.1" 200 8973 "-" "Mozilla/5.0 (compatible; TMMBot/0.2; +http://www.dslab.ch)/Nutch-1.15"
194.209.200.2 - - [11/Jun/2022:16:38:54 +0200] "GET /Software/Spreadsheet HTTP/1.1" 200 8839 "-" "Mozilla/5.0 (compatible; TMMBot/0.2; +http://www.dslab.ch)/Nutch-1.15"
194.209.200.2 - - [11/Jun/2022:16:40:45 +0200] "GET /Software/ODDB HTTP/1.1" 200 10298 "-" "Mozilla/5.0 (compatible; TMMBot/0.2; +http://www.dslab.ch)/Nutch-1.15"
207.46.13.39 - - [11/Jun/2022:16:41:01 +0200] "GET /uploads/Main/Facharbeit_Raphael_Waltert.pdf HTTP/1.1" 304 - "-" "Mozilla/5.0 (compatible; bingbot/2.0; +http://www.bing.com/bingbot.htm)"
194.209.200.2 - - [11/Jun/2022:16:41:15 +0200] "GET /Ausschreibung/SAI HTTP/1.1" 200 10366 "-" "Mozilla/5.0 (compatible; TMMBot/0.2; +http://www.dslab.ch)/Nutch-1.15"
194.209.200.2 - - [11/Jun/2022:16:41:55 +0200] "GET /Main/2009 HTTP/1.1" 200 21688 "-" "Mozilla/5.0 (compatible; TMMBot/0.2; +http://www.dslab.ch)/Nutch-1.15"
194.209.200.2 - - [11/Jun/2022:16:42:15 +0200] "GET /Main/2018 HTTP/1.1" 200 15425 "-" "Mozilla/5.0 (compatible; TMMBot/0.2; +http://www.dslab.ch)/Nutch-1.15"
194.209.200.2 - - [11/Jun/2022:16:42:22 +0200] "GET /Main/2016 HTTP/1.1" 200 13689 "-" "Mozilla/5.0 (compatible; TMMBot/0.2; +http://www.dslab.ch)/Nutch-1.15"
194.209.200.2 - - [11/Jun/2022:16:42:30 +0200] "GET /Main/2014 HTTP/1.1" 200 19471 "-" "Mozilla/5.0 (compatible; TMMBot/0.2; +http://www.dslab.ch)/Nutch-1.15"
194.209.200.2 - - [11/Jun/2022:16:42:47 +0200] "GET /Main/2010 HTTP/1.1" 200 27997 "-" "Mozilla/5.0 (compatible; TMMBot/0.2; +http://www.dslab.ch)/Nutch-1.15"
194.209.200.2 - - [11/Jun/2022:16:42:56 +0200] "GET /Main/ComCo19122016 HTTP/1.1" 200 10547 "-" "Mozilla/5.0 (compatible; TMMBot/0.2; +http://www.dslab.ch)/Nutch-1.15"
194.209.200.2 - - [11/Jun/2022:16:42:57 +0200] "GET /Eggze/SpreadIt HTTP/1.1" 200 12537 "-" "Mozilla/5.0 (compatible; TMMBot/0.2; +http://www.dslab.ch)/Nutch-1.15"
89.246.241.14 - - [11/Jun/2022:16:45:52 +0200] "GET / HTTP/1.1" 200 11562 "-" "Mozilla/5.0 (Windows NT 10.0; Win64; x64; rv:84.0) Gecko/20100101 Firefox/84.0"
66.249.79.117 - - [11/Jun/2022:16:54:25 +0200] "GET /Scan2Post/MacOS HTTP/1.1" 200 9023 "-" "Mozilla/5.0 (Linux; Android 6.0.1; Nexus 5X Build/MMB29P) AppleWebKit/537.36 (KHTML, like Gecko) Chrome/102.0.5005.115 Mobile Safari/537.36 (compatible; Googlebot/2.1; +http://www.google.com/bot.html)"
185.191.171.1 - - [11/Jun/2022:16:55:06 +0200] "GET /Main/EANCode?action=edit HTTP/1.1" 403 18 "-" "Mozilla/5.0 (compatible; SemrushBot/7~bl; +http://www.semrush.com/bot.html)"
185.191.171.1 - - [11/Jun/2022:16:58:18 +0200] "GET /Main/Parsen?action=upload HTTP/1.1" 403 18 "-" "Mozilla/5.0 (compatible; SemrushBot/7~bl; +http://www.semrush.com/bot.html)"
194.209.200.2 - - [11/Jun/2022:17:07:43 +0200] "GET /robots.txt HTTP/1.1" 200 - "-" "Mozilla/5.0 (compatible; TMMBot/0.2; +http://www.dslab.ch)/Nutch-1.15"
194.209.200.2 - - [11/Jun/2022:17:07:43 +0200] "GET /Oddb2xml/Index HTTP/1.1" 200 8983 "-" "Mozilla/5.0 (compatible; TMMBot/0.2; +http://www.dslab.ch)/Nutch-1.15"
194.209.200.2 - - [11/Jun/2022:17:08:06 +0200] "GET /Miele/MieleLXIV HTTP/1.1" 200 15367 "-" "Mozilla/5.0 (compatible; TMMBot/0.2; +http://www.dslab.ch)/Nutch-1.15"
194.209.200.2 - - [11/Jun/2022:17:10:05 +0200] "GET /Main/2006 HTTP/1.1" 200 39320 "-" "Mozilla/5.0 (compatible; TMMBot/0.2; +http://www.dslab.ch)/Nutch-1.15"
194.209.200.2 - - [11/Jun/2022:17:10:46 +0200] "GET /AmiKo/IOS HTTP/1.1" 200 11930 "-" "Mozilla/5.0 (compatible; TMMBot/0.2; +http://www.dslab.ch)/Nutch-1.15"
194.209.200.2 - - [11/Jun/2022:17:10:52 +0200] "GET /Ywesee/Kontakt HTTP/1.1" 200 8973 "-" "Mozilla/5.0 (compatible; TMMBot/0.2; +http://www.dslab.ch)/Nutch-1.15"
194.209.200.2 - - [11/Jun/2022:17:12:49 +0200] "GET /Software/ODDB HTTP/1.1" 200 10298 "-" "Mozilla/5.0 (compatible; TMMBot/0.2; +http://www.dslab.ch)/Nutch-1.15"
194.209.200.2 - - [11/Jun/2022:17:13:18 +0200] "GET /Ausschreibung/SAI HTTP/1.1" 200 10366 "-" "Mozilla/5.0 (compatible; TMMBot/0.2; +http://www.dslab.ch)/Nutch-1.15"
