159.223.73.114 - - [11/Jun/2022:05:26:04 +0200] "GET /news/wp-includes/wlwmanifest.xml HTTP/1.1" 404 291 "-" "Mozilla/5.0 (Windows NT 10.0; Win64; x64) AppleWebKit/537.36 (KHTML, like Gecko) Chrome/78.0.3904.108 Safari/537.36"
159.223.73.114 - - [11/Jun/2022:05:26:05 +0200] "GET /2018/wp-includes/wlwmanifest.xml HTTP/1.1" 404 250 "-" "Mozilla/5.0 (Windows NT 10.0; Win64; x64) AppleWebKit/537.36 (KHTML, like Gecko) Chrome/78.0.3904.108 Safari/537.36"
159.223.73.114 - - [11/Jun/2022:05:26:05 +0200] "GET /2019/wp-includes/wlwmanifest.xml HTTP/1.1" 404 250 "-" "Mozilla/5.0 (Windows NT 10.0; Win64; x64) AppleWebKit/537.36 (KHTML, like Gecko) Chrome/78.0.3904.108 Safari/537.36"
159.223.73.114 - - [11/Jun/2022:05:26:05 +0200] "GET /shop/wp-includes/wlwmanifest.xml HTTP/1.1" 404 291 "-" "Mozilla/5.0 (Windows NT 10.0; Win64; x64) AppleWebKit/537.36 (KHTML, like Gecko) Chrome/78.0.3904.108 Safari/537.36"
159.223.73.114 - - [11/Jun/2022:05:26:05 +0200] "GET /wp1/wp-includes/wlwmanifest.xml HTTP/1.1" 404 290 "-" "Mozilla/5.0 (Windows NT 10.0; Win64; x64) AppleWebKit/537.36 (KHTML, like Gecko) Chrome/78.0.3904.108 Safari/537.36"
159.223.73.114 - - [11/Jun/2022:05:26:06 +0200] "GET /test/wp-includes/wlwmanifest.xml HTTP/1.1" 404 291 "-" "Mozilla/5.0 (Windows NT 10.0; Win64; x64) AppleWebKit/537.36 (KHTML, like Gecko) Chrome/78.0.3904.108 Safari/537.36"
159.223.73.114 - - [11/Jun/2022:05:26:06 +0200] "GET /media/wp-includes/wlwmanifest.xml HTTP/1.1" 404 292 "-" "Mozilla/5.0 (Windows NT 10.0; Win64; x64) AppleWebKit/537.36 (KHTML, like Gecko) Chrome/78.0.3904.108 Safari/537.36"
159.223.73.114 - - [11/Jun/2022:05:26:06 +0200] "GET /wp2/wp-includes/wlwmanifest.xml HTTP/1.1" 404 290 "-" "Mozilla/5.0 (Windows NT 10.0; Win64; x64) AppleWebKit/537.36 (KHTML, like Gecko) Chrome/78.0.3904.108 Safari/537.36"
159.223.73.114 - - [11/Jun/2022:05:26:06 +0200] "GET /site/wp-includes/wlwmanifest.xml HTTP/1.1" 404 291 "-" "Mozilla/5.0 (Windows NT 10.0; Win64; x64) AppleWebKit/537.36 (KHTML, like Gecko) Chrome/78.0.3904.108 Safari/537.36"
159.223.73.114 - - [11/Jun/2022:05:26:07 +0200] "GET /cms/wp-includes/wlwmanifest.xml HTTP/1.1" 404 290 "-" "Mozilla/5.0 (Windows NT 10.0; Win64; x64) AppleWebKit/537.36 (KHTML, like Gecko) Chrome/78.0.3904.108 Safari/537.36"
159.223.73.114 - - [11/Jun/2022:05:26:07 +0200] "GET /sito/wp-includes/wlwmanifest.xml HTTP/1.1" 404 291 "-" "Mozilla/5.0 (Windows NT 10.0; Win64; x64) AppleWebKit/537.36 (KHTML, like Gecko) Chrome/78.0.3904.108 Safari/537.36"
34.245.209.185 - - [11/Jun/2022:05:37:49 +0200] "GET / HTTP/1.1" 200 11562 "http://62.12.131.41" "Mozilla/5.0 (Macintosh; Intel Mac OS X 10_15_7) AppleWebKit/537.36 (KHTML, like Gecko) Chrome/92.0.4515.159 Safari/537.36 Edg/92.0.902.84"
194.209.200.2 - - [11/Jun/2022:05:39:27 +0200] "GET /robots.txt HTTP/1.1" 200 - "-" "Mozilla/5.0 (compatible; TMMBot/0.2; +http://www.dslab.ch)/Nutch-1.15"
194.209.200.2 - - [11/Jun/2022:05:39:27 +0200] "GET /Oddb2xml/Index HTTP/1.1" 200 8983 "-" "Mozilla/5.0 (compatible; TMMBot/0.2; +http://www.dslab.ch)/Nutch-1.15"
194.209.200.2 - - [11/Jun/2022:05:39:43 +0200] "GET /AmiKo/Linux HTTP/1.1" 200 9217 "-" "Mozilla/5.0 (compatible; TMMBot/0.2; +http://www.dslab.ch)/Nutch-1.15"
194.209.200.2 - - [11/Jun/2022:05:39:47 +0200] "GET /Miele/MieleLXIV HTTP/1.1" 200 15367 "-" "Mozilla/5.0 (compatible; TMMBot/0.2; +http://www.dslab.ch)/Nutch-1.15"
194.209.200.2 - - [11/Jun/2022:05:40:11 +0200] "GET /Software/YDIM HTTP/1.1" 200 8834 "-" "Mozilla/5.0 (compatible; TMMBot/0.2; +http://www.dslab.ch)/Nutch-1.15"
194.209.200.2 - - [11/Jun/2022:05:41:57 +0200] "GET /Main/2015 HTTP/1.1" 200 15908 "-" "Mozilla/5.0 (compatible; TMMBot/0.2; +http://www.dslab.ch)/Nutch-1.15"
194.209.200.2 - - [11/Jun/2022:05:42:13 +0200] "GET /AmiKo/IOS HTTP/1.1" 200 11930 "-" "Mozilla/5.0 (compatible; TMMBot/0.2; +http://www.dslab.ch)/Nutch-1.15"
194.209.200.2 - - [11/Jun/2022:05:42:19 +0200] "GET /Ywesee/Kontakt HTTP/1.1" 200 8973 "-" "Mozilla/5.0 (compatible; TMMBot/0.2; +http://www.dslab.ch)/Nutch-1.15"
194.209.200.2 - - [11/Jun/2022:05:44:05 +0200] "GET /Software/ODDB HTTP/1.1" 200 10298 "-" "Mozilla/5.0 (compatible; TMMBot/0.2; +http://www.dslab.ch)/Nutch-1.15"
194.209.200.2 - - [11/Jun/2022:05:44:31 +0200] "GET /Ausschreibung/SAI HTTP/1.1" 200 10366 "-" "Mozilla/5.0 (compatible; TMMBot/0.2; +http://www.dslab.ch)/Nutch-1.15"
194.209.200.2 - - [11/Jun/2022:05:45:07 +0200] "GET /Main/2009 HTTP/1.1" 200 21688 "-" "Mozilla/5.0 (compatible; TMMBot/0.2; +http://www.dslab.ch)/Nutch-1.15"
194.209.200.2 - - [11/Jun/2022:05:45:15 +0200] "GET /Main/2007 HTTP/1.1" 200 50639 "-" "Mozilla/5.0 (compatible; TMMBot/0.2; +http://www.dslab.ch)/Nutch-1.15"
54.84.192.51 - - [11/Jun/2022:05:45:24 +0200] "GET /keybase.txt HTTP/1.1" 200 2659 "-" "keybase-proofs/2.3.24"
194.209.200.2 - - [11/Jun/2022:05:45:31 +0200] "GET /Main/2016 HTTP/1.1" 200 13689 "-" "Mozilla/5.0 (compatible; TMMBot/0.2; +http://www.dslab.ch)/Nutch-1.15"
194.209.200.2 - - [11/Jun/2022:05:45:38 +0200] "GET /Main/2014 HTTP/1.1" 200 19471 "-" "Mozilla/5.0 (compatible; TMMBot/0.2; +http://www.dslab.ch)/Nutch-1.15"
194.209.200.2 - - [11/Jun/2022:05:45:51 +0200] "GET /Main/2010 HTTP/1.1" 200 27997 "-" "Mozilla/5.0 (compatible; TMMBot/0.2; +http://www.dslab.ch)/Nutch-1.15"
194.209.200.2 - - [11/Jun/2022:05:45:59 +0200] "GET /Eggze/SpreadIt HTTP/1.1" 200 12537 "-" "Mozilla/5.0 (compatible; TMMBot/0.2; +http://www.dslab.ch)/Nutch-1.15"
118.184.177.79 - - [11/Jun/2022:05:47:09 +0200] "GET / HTTP/1.1" 200 11562 "-" "Sogou web spider/4.0(+http://www.sogou.com/docs/help/webmasters.htm#07)"
54.36.148.218 - - [11/Jun/2022:06:06:56 +0200] "GET /SpitalSchweiz/Index?action=diff HTTP/1.1" 403 18 "-" "Mozilla/5.0 (compatible; AhrefsBot/7.0; +http://ahrefs.com/robot/)"
54.36.148.139 - - [11/Jun/2022:06:06:57 +0200] "GET /SpitalSchweiz/Index?action=edit HTTP/1.1" 403 18 "-" "Mozilla/5.0 (compatible; AhrefsBot/7.0; +http://ahrefs.com/robot/)"
54.36.148.141 - - [11/Jun/2022:06:06:57 +0200] "GET /SpitalSchweiz/Index?action=print HTTP/1.1" 403 18 "-" "Mozilla/5.0 (compatible; AhrefsBot/7.0; +http://ahrefs.com/robot/)"
54.36.149.84 - - [11/Jun/2022:06:06:59 +0200] "GET /SpitalSchweiz/Index?action=upload HTTP/1.1" 403 18 "-" "Mozilla/5.0 (compatible; AhrefsBot/7.0; +http://ahrefs.com/robot/)"
3.83.52.90 - - [11/Jun/2022:06:10:52 +0200] "GET /Site/AllRecentChanges?action=rss HTTP/1.1" 200 2546 "https://www.google.com/" "Mozilla/5.0 (Windows NT 10.0; Win64; x64) AppleWebKit/537.36 (KHTML, like Gecko) Chrome/74.0.3729.169 Safari/537.36"
194.209.200.2 - - [11/Jun/2022:06:10:55 +0200] "GET /robots.txt HTTP/1.1" 200 - "-" "Mozilla/5.0 (compatible; TMMBot/0.2; +http://www.dslab.ch)/Nutch-1.15"
194.209.200.2 - - [11/Jun/2022:06:10:55 +0200] "GET /Oddb2xml/Index HTTP/1.1" 200 8983 "-" "Mozilla/5.0 (compatible; TMMBot/0.2; +http://www.dslab.ch)/Nutch-1.15"
194.209.200.2 - - [11/Jun/2022:06:11:12 +0200] "GET /AmiKo/Linux HTTP/1.1" 200 9217 "-" "Mozilla/5.0 (compatible; TMMBot/0.2; +http://www.dslab.ch)/Nutch-1.15"
194.209.200.2 - - [11/Jun/2022:06:11:16 +0200] "GET /Miele/MieleLXIV HTTP/1.1" 200 15367 "-" "Mozilla/5.0 (compatible; TMMBot/0.2; +http://www.dslab.ch)/Nutch-1.15"
194.209.200.2 - - [11/Jun/2022:06:11:38 +0200] "GET /Software/YDIM HTTP/1.1" 200 8834 "-" "Mozilla/5.0 (compatible; TMMBot/0.2; +http://www.dslab.ch)/Nutch-1.15"
191.101.31.23 - - [11/Jun/2022:06:11:40 +0200] "GET / HTTP/1.1" 200 11562 "-" "Mozilla/5.0 (Windows NT 10.0) AppleWebKit/537.36 (KHTML, like Gecko) Chrome/72.0.3626.121 Safari/537.36"
194.209.200.2 - - [11/Jun/2022:06:13:33 +0200] "GET /Main/2013 HTTP/1.1" 200 20487 "-" "Mozilla/5.0 (compatible; TMMBot/0.2; +http://www.dslab.ch)/Nutch-1.15"
194.209.200.2 - - [11/Jun/2022:06:13:42 +0200] "GET /AmiKo/IOS HTTP/1.1" 200 11930 "-" "Mozilla/5.0 (compatible; TMMBot/0.2; +http://www.dslab.ch)/Nutch-1.15"
194.209.200.2 - - [11/Jun/2022:06:13:48 +0200] "GET /Ywesee/Kontakt HTTP/1.1" 200 8973 "-" "Mozilla/5.0 (compatible; TMMBot/0.2; +http://www.dslab.ch)/Nutch-1.15"
54.235.4.164 - - [11/Jun/2022:06:15:37 +0200] "GET /robots.txt HTTP/1.1" 200 - "-" "Mozilla/5.0/Firefox/42.0 - nbertaupete95(at)gmail.com"
54.235.4.164 - - [11/Jun/2022:06:15:38 +0200] "GET / HTTP/1.1" 200 11562 "-" "Mozilla/5.0/Firefox/42.0 - nbertaupete95(at)gmail.com"
194.209.200.2 - - [11/Jun/2022:06:15:38 +0200] "GET /Software/ODDB HTTP/1.1" 200 10298 "-" "Mozilla/5.0 (compatible; TMMBot/0.2; +http://www.dslab.ch)/Nutch-1.15"
194.209.200.2 - - [11/Jun/2022:06:16:05 +0200] "GET /Ausschreibung/SAI HTTP/1.1" 200 10366 "-" "Mozilla/5.0 (compatible; TMMBot/0.2; +http://www.dslab.ch)/Nutch-1.15"
194.209.200.2 - - [11/Jun/2022:06:16:42 +0200] "GET /Main/2009 HTTP/1.1" 200 21688 "-" "Mozilla/5.0 (compatible; TMMBot/0.2; +http://www.dslab.ch)/Nutch-1.15"
194.209.200.2 - - [11/Jun/2022:06:17:06 +0200] "GET /Main/2016 HTTP/1.1" 200 13689 "-" "Mozilla/5.0 (compatible; TMMBot/0.2; +http://www.dslab.ch)/Nutch-1.15"
194.209.200.2 - - [11/Jun/2022:06:17:13 +0200] "GET /Main/2014 HTTP/1.1" 200 19471 "-" "Mozilla/5.0 (compatible; TMMBot/0.2; +http://www.dslab.ch)/Nutch-1.15"
194.209.200.2 - - [11/Jun/2022:06:17:28 +0200] "GET /Main/2010 HTTP/1.1" 200 27997 "-" "Mozilla/5.0 (compatible; TMMBot/0.2; +http://www.dslab.ch)/Nutch-1.15"
194.209.200.2 - - [11/Jun/2022:06:17:38 +0200] "GET /Eggze/SpreadIt HTTP/1.1" 200 12537 "-" "Mozilla/5.0 (compatible; TMMBot/0.2; +http://www.dslab.ch)/Nutch-1.15"
37.145.210.75 - - [11/Jun/2022:06:19:40 +0200] "GET /apple-app-site-association HTTP/1.1" 404 285 "-" "Mozilla/5.0 (Windows NT 6.1; WOW64; rv:40.0) Gecko/20100101 Firefox/40.1"
185.191.171.37 - - [11/Jun/2022:06:29:50 +0200] "GET /robots.txt HTTP/1.1" 200 - "-" "Mozilla/5.0 (compatible; SemrushBot/7~bl; +http://www.semrush.com/bot.html)"
185.191.171.7 - - [11/Jun/2022:06:29:53 +0200] "GET /OSX/CoMed HTTP/1.1" 200 8463 "-" "Mozilla/5.0 (compatible; SemrushBot/7~bl; +http://www.semrush.com/bot.html)"
66.249.76.89 - - [11/Jun/2022:06:32:19 +0200] "GET /Main/WekoBlogAntragAufErweiterung HTTP/1.1" 200 15562 "-" "Mozilla/5.0 (Linux; Android 6.0.1; Nexus 5X Build/MMB29P) AppleWebKit/537.36 (KHTML, like Gecko) Chrome/102.0.5005.61 Mobile Safari/537.36 (compatible; Googlebot/2.1; +http://www.google.com/bot.html)"
66.249.76.89 - - [11/Jun/2022:06:35:32 +0200] "GET /ads.txt HTTP/1.1" 404 270 "-" "Mozilla/5.0 (compatible; Googlebot/2.1; +http://www.google.com/bot.html)"
185.191.171.3 - - [11/Jun/2022:06:41:39 +0200] "GET /Ywesee/BitcoinBlockchain?action=print HTTP/1.1" 403 18 "-" "Mozilla/5.0 (compatible; SemrushBot/7~bl; +http://www.semrush.com/bot.html)"
194.209.200.2 - - [11/Jun/2022:06:44:35 +0200] "GET /robots.txt HTTP/1.1" 200 - "-" "Mozilla/5.0 (compatible; TMMBot/0.2; +http://www.dslab.ch)/Nutch-1.15"
194.209.200.2 - - [11/Jun/2022:06:44:35 +0200] "GET /Oddb2xml/Index HTTP/1.1" 200 8983 "-" "Mozilla/5.0 (compatible; TMMBot/0.2; +http://www.dslab.ch)/Nutch-1.15"
194.209.200.2 - - [11/Jun/2022:06:44:53 +0200] "GET /AmiKo/Linux HTTP/1.1" 200 9217 "-" "Mozilla/5.0 (compatible; TMMBot/0.2; +http://www.dslab.ch)/Nutch-1.15"
194.209.200.2 - - [11/Jun/2022:06:44:57 +0200] "GET /Miele/MieleLXIV HTTP/1.1" 200 15367 "-" "Mozilla/5.0 (compatible; TMMBot/0.2; +http://www.dslab.ch)/Nutch-1.15"
194.209.200.2 - - [11/Jun/2022:06:47:21 +0200] "GET /Main/2013 HTTP/1.1" 200 20487 "-" "Mozilla/5.0 (compatible; TMMBot/0.2; +http://www.dslab.ch)/Nutch-1.15"
194.209.200.2 - - [11/Jun/2022:06:47:29 +0200] "GET /Main/2011 HTTP/1.1" 200 21451 "-" "Mozilla/5.0 (compatible; TMMBot/0.2; +http://www.dslab.ch)/Nutch-1.15"
194.209.200.2 - - [11/Jun/2022:06:47:30 +0200] "GET /AmiKo/IOS HTTP/1.1" 200 11930 "-" "Mozilla/5.0 (compatible; TMMBot/0.2; +http://www.dslab.ch)/Nutch-1.15"
194.209.200.2 - - [11/Jun/2022:06:47:36 +0200] "GET /Ywesee/Kontakt HTTP/1.1" 200 8973 "-" "Mozilla/5.0 (compatible; TMMBot/0.2; +http://www.dslab.ch)/Nutch-1.15"
194.209.200.2 - - [11/Jun/2022:06:49:31 +0200] "GET /Software/ODDB HTTP/1.1" 200 10298 "-" "Mozilla/5.0 (compatible; TMMBot/0.2; +http://www.dslab.ch)/Nutch-1.15"
194.209.200.2 - - [11/Jun/2022:06:49:59 +0200] "GET /Ausschreibung/SAI HTTP/1.1" 200 10366 "-" "Mozilla/5.0 (compatible; TMMBot/0.2; +http://www.dslab.ch)/Nutch-1.15"
194.209.200.2 - - [11/Jun/2022:06:51:05 +0200] "GET /Main/2016 HTTP/1.1" 200 13689 "-" "Mozilla/5.0 (compatible; TMMBot/0.2; +http://www.dslab.ch)/Nutch-1.15"
194.209.200.2 - - [11/Jun/2022:06:51:13 +0200] "GET /Main/2014 HTTP/1.1" 200 19471 "-" "Mozilla/5.0 (compatible; TMMBot/0.2; +http://www.dslab.ch)/Nutch-1.15"
194.209.200.2 - - [11/Jun/2022:06:51:20 +0200] "GET /Main/2012 HTTP/1.1" 200 31941 "-" "Mozilla/5.0 (compatible; TMMBot/0.2; +http://www.dslab.ch)/Nutch-1.15"
194.209.200.2 - - [11/Jun/2022:06:51:28 +0200] "GET /Main/2010 HTTP/1.1" 200 27997 "-" "Mozilla/5.0 (compatible; TMMBot/0.2; +http://www.dslab.ch)/Nutch-1.15"
205.210.31.146 - - [11/Jun/2022:06:51:30 +0200] "GET / HTTP/1.1" 200 11562 "-" "Expanse, a Palo Alto Networks company, searches across the global IPv4 space multiple times per day to identify customers&#39; presences on the Internet. If you would like to be excluded from our scans, please send IP addresses/domains to: scaninfo@paloaltonetworks.com"
194.209.200.2 - - [11/Jun/2022:06:51:38 +0200] "GET /Eggze/SpreadIt HTTP/1.1" 200 12537 "-" "Mozilla/5.0 (compatible; TMMBot/0.2; +http://www.dslab.ch)/Nutch-1.15"
142.120.183.177 - - [11/Jun/2022:06:55:35 +0200] "HEAD / HTTP/1.1" 200 - "-" "python-requests/2.22.0"
205.210.31.148 - - [11/Jun/2022:06:56:56 +0200] "GET / HTTP/1.1" 200 11562 "-" "Expanse, a Palo Alto Networks company, searches across the global IPv4 space multiple times per day to identify customers&#39; presences on the Internet. If you would like to be excluded from our scans, please send IP addresses/domains to: scaninfo@paloaltonetworks.com"
65.108.79.209 - - [11/Jun/2022:06:57:52 +0200] "GET /robots.txt HTTP/1.1" 200 - "-" "Mozilla/5.0 (compatible; SEOkicks; +https://www.seokicks.de/robot.html)"
65.108.79.209 - - [11/Jun/2022:06:57:54 +0200] "GET /Site/AllRecentChanges?action=rss HTTP/1.1" 200 2546 "https://ywesee.com/" "Mozilla/5.0 (compatible; SEOkicks; +https://www.seokicks.de/robot.html)"
65.108.79.209 - - [11/Jun/2022:06:57:55 +0200] "GET / HTTP/1.1" 200 11562 "https://ywesee.com/" "Mozilla/5.0 (compatible; SEOkicks; +https://www.seokicks.de/robot.html)"
65.108.79.209 - - [11/Jun/2022:06:57:56 +0200] "GET /GNU/Emacs HTTP/1.1" 404 8339 "https://www.ywesee.com/" "Mozilla/5.0 (compatible; SEOkicks; +https://www.seokicks.de/robot.html)"
65.108.79.209 - - [11/Jun/2022:06:57:58 +0200] "GET /Main/Home HTTP/1.1" 200 11562 "https://ywesee.com/" "Mozilla/5.0 (compatible; SEOkicks; +https://www.seokicks.de/robot.html)"
65.108.79.209 - - [11/Jun/2022:06:58:00 +0200] "GET /Main/GNU/Emacs HTTP/1.1" 404 250 "https://www.ywesee.com/Main/Home" "Mozilla/5.0 (compatible; SEOkicks; +https://www.seokicks.de/robot.html)"
65.108.79.209 - - [11/Jun/2022:06:58:01 +0200] "GET /Ywesee/About HTTP/1.1" 200 9132 "https://ywesee.com/" "Mozilla/5.0 (compatible; SEOkicks; +https://www.seokicks.de/robot.html)"
65.108.79.209 - - [11/Jun/2022:06:58:02 +0200] "GET /Ywesee/GNU/Emacs HTTP/1.1" 404 250 "https://www.ywesee.com/Ywesee/About" "Mozilla/5.0 (compatible; SEOkicks; +https://www.seokicks.de/robot.html)"
65.108.79.209 - - [11/Jun/2022:06:58:03 +0200] "GET /Ywesee/Events HTTP/1.1" 200 8918 "https://ywesee.com/" "Mozilla/5.0 (compatible; SEOkicks; +https://www.seokicks.de/robot.html)"
65.108.79.209 - - [11/Jun/2022:06:58:05 +0200] "GET /Ywesee/OpenSource HTTP/1.1" 200 10790 "https://ywesee.com/" "Mozilla/5.0 (compatible; SEOkicks; +https://www.seokicks.de/robot.html)"
65.108.79.209 - - [11/Jun/2022:06:58:06 +0200] "GET /Ywesee/Team HTTP/1.1" 200 18245 "https://ywesee.com/" "Mozilla/5.0 (compatible; SEOkicks; +https://www.seokicks.de/robot.html)"
194.209.200.2 - - [11/Jun/2022:07:17:48 +0200] "GET /robots.txt HTTP/1.1" 200 - "-" "Mozilla/5.0 (compatible; TMMBot/0.2; +http://www.dslab.ch)/Nutch-1.15"
194.209.200.2 - - [11/Jun/2022:07:17:48 +0200] "GET /Oddb2xml/Index HTTP/1.1" 200 8983 "-" "Mozilla/5.0 (compatible; TMMBot/0.2; +http://www.dslab.ch)/Nutch-1.15"
194.209.200.2 - - [11/Jun/2022:07:18:05 +0200] "GET /AmiKo/Linux HTTP/1.1" 200 9217 "-" "Mozilla/5.0 (compatible; TMMBot/0.2; +http://www.dslab.ch)/Nutch-1.15"
194.209.200.2 - - [11/Jun/2022:07:18:10 +0200] "GET /Miele/MieleLXIV HTTP/1.1" 200 15367 "-" "Mozilla/5.0 (compatible; TMMBot/0.2; +http://www.dslab.ch)/Nutch-1.15"
194.209.200.2 - - [11/Jun/2022:07:18:34 +0200] "GET /Software/YDIM HTTP/1.1" 200 8834 "-" "Mozilla/5.0 (compatible; TMMBot/0.2; +http://www.dslab.ch)/Nutch-1.15"
194.209.200.2 - - [11/Jun/2022:07:20:09 +0200] "GET /Main/2006 HTTP/1.1" 200 39320 "-" "Mozilla/5.0 (compatible; TMMBot/0.2; +http://www.dslab.ch)/Nutch-1.15"
194.209.200.2 - - [11/Jun/2022:07:20:18 +0200] "GET /Main/2004 HTTP/1.1" 200 14080 "-" "Mozilla/5.0 (compatible; TMMBot/0.2; +http://www.dslab.ch)/Nutch-1.15"
194.209.200.2 - - [11/Jun/2022:07:20:39 +0200] "GET /Main/2013 HTTP/1.1" 200 20487 "-" "Mozilla/5.0 (compatible; TMMBot/0.2; +http://www.dslab.ch)/Nutch-1.15"
194.209.200.2 - - [11/Jun/2022:07:20:48 +0200] "GET /AmiKo/IOS HTTP/1.1" 200 11930 "-" "Mozilla/5.0 (compatible; TMMBot/0.2; +http://www.dslab.ch)/Nutch-1.15"
194.209.200.2 - - [11/Jun/2022:07:20:54 +0200] "GET /Ywesee/Kontakt HTTP/1.1" 200 8973 "-" "Mozilla/5.0 (compatible; TMMBot/0.2; +http://www.dslab.ch)/Nutch-1.15"
194.209.200.2 - - [11/Jun/2022:07:22:49 +0200] "GET /Software/ODDB HTTP/1.1" 200 10298 "-" "Mozilla/5.0 (compatible; TMMBot/0.2; +http://www.dslab.ch)/Nutch-1.15"
194.209.200.2 - - [11/Jun/2022:07:23:18 +0200] "GET /Ausschreibung/SAI HTTP/1.1" 200 10366 "-" "Mozilla/5.0 (compatible; TMMBot/0.2; +http://www.dslab.ch)/Nutch-1.15"
194.209.200.2 - - [11/Jun/2022:07:23:57 +0200] "GET /Main/2009 HTTP/1.1" 200 21688 "-" "Mozilla/5.0 (compatible; TMMBot/0.2; +http://www.dslab.ch)/Nutch-1.15"
194.209.200.2 - - [11/Jun/2022:07:24:24 +0200] "GET /Main/2016 HTTP/1.1" 200 13689 "-" "Mozilla/5.0 (compatible; TMMBot/0.2; +http://www.dslab.ch)/Nutch-1.15"
194.209.200.2 - - [11/Jun/2022:07:24:31 +0200] "GET /Main/2014 HTTP/1.1" 200 19471 "-" "Mozilla/5.0 (compatible; TMMBot/0.2; +http://www.dslab.ch)/Nutch-1.15"
194.209.200.2 - - [11/Jun/2022:07:24:39 +0200] "GET /Main/2012 HTTP/1.1" 200 31941 "-" "Mozilla/5.0 (compatible; TMMBot/0.2; +http://www.dslab.ch)/Nutch-1.15"
194.209.200.2 - - [11/Jun/2022:07:24:46 +0200] "GET /Main/2010 HTTP/1.1" 200 27997 "-" "Mozilla/5.0 (compatible; TMMBot/0.2; +http://www.dslab.ch)/Nutch-1.15"
194.209.200.2 - - [11/Jun/2022:07:24:56 +0200] "GET /Eggze/SpreadIt HTTP/1.1" 200 12537 "-" "Mozilla/5.0 (compatible; TMMBot/0.2; +http://www.dslab.ch)/Nutch-1.15"
185.191.171.42 - - [11/Jun/2022:07:28:47 +0200] "GET /Ausschreibung/SAI?n=Main.SideBar%3Faction%3Dedit HTTP/1.1" 302 157 "-" "Mozilla/5.0 (compatible; SemrushBot/7~bl; +http://www.semrush.com/bot.html)"
54.36.149.58 - - [11/Jun/2022:07:41:39 +0200] "GET /AmiKo/IOS HTTP/1.1" 200 11930 "-" "Mozilla/5.0 (compatible; AhrefsBot/7.0; +http://ahrefs.com/robot/)"
54.36.148.60 - - [11/Jun/2022:07:45:31 +0200] "GET /SpitalSchweiz/AnzahlOperationssaele2012 HTTP/1.1" 200 9415 "-" "Mozilla/5.0 (compatible; AhrefsBot/7.0; +http://ahrefs.com/robot/)"
54.36.148.208 - - [11/Jun/2022:07:47:16 +0200] "GET /Main/2012 HTTP/1.1" 200 31941 "-" "Mozilla/5.0 (compatible; AhrefsBot/7.0; +http://ahrefs.com/robot/)"
185.191.171.39 - - [11/Jun/2022:07:49:23 +0200] "GET /robots.txt HTTP/1.1" 200 - "-" "Mozilla/5.0 (compatible; SemrushBot/7~bl; +http://www.semrush.com/bot.html)"
185.191.171.7 - - [11/Jun/2022:07:49:23 +0200] "GET /Main/EANCode?n=Main.SideBar%3Faction%3Dedit HTTP/1.1" 302 157 "-" "Mozilla/5.0 (compatible; SemrushBot/7~bl; +http://www.semrush.com/bot.html)"
194.209.200.2 - - [11/Jun/2022:07:53:07 +0200] "GET /robots.txt HTTP/1.1" 200 - "-" "Mozilla/5.0 (compatible; TMMBot/0.2; +http://www.dslab.ch)/Nutch-1.15"
194.209.200.2 - - [11/Jun/2022:07:53:07 +0200] "GET /Oddb2xml/Index HTTP/1.1" 200 8983 "-" "Mozilla/5.0 (compatible; TMMBot/0.2; +http://www.dslab.ch)/Nutch-1.15"
194.209.200.2 - - [11/Jun/2022:07:53:25 +0200] "GET /AmiKo/Linux HTTP/1.1" 200 9217 "-" "Mozilla/5.0 (compatible; TMMBot/0.2; +http://www.dslab.ch)/Nutch-1.15"
194.209.200.2 - - [11/Jun/2022:07:53:30 +0200] "GET /Miele/MieleLXIV HTTP/1.1" 200 15367 "-" "Mozilla/5.0 (compatible; TMMBot/0.2; +http://www.dslab.ch)/Nutch-1.15"
185.191.171.6 - - [11/Jun/2022:07:55:21 +0200] "GET /robots.txt HTTP/1.1" 200 - "-" "Mozilla/5.0 (compatible; SemrushBot/7~bl; +http://www.semrush.com/bot.html)"
185.191.171.5 - - [11/Jun/2022:07:55:21 +0200] "GET / HTTP/1.1" 200 11562 "-" "Mozilla/5.0 (compatible; SemrushBot/7~bl; +http://www.semrush.com/bot.html)"
194.209.200.2 - - [11/Jun/2022:07:55:57 +0200] "GET /Main/2013 HTTP/1.1" 200 20487 "-" "Mozilla/5.0 (compatible; TMMBot/0.2; +http://www.dslab.ch)/Nutch-1.15"
194.209.200.2 - - [11/Jun/2022:07:56:06 +0200] "GET /AmiKo/IOS HTTP/1.1" 200 11930 "-" "Mozilla/5.0 (compatible; TMMBot/0.2; +http://www.dslab.ch)/Nutch-1.15"
194.209.200.2 - - [11/Jun/2022:07:56:14 +0200] "GET /Ywesee/Kontakt HTTP/1.1" 200 8973 "-" "Mozilla/5.0 (compatible; TMMBot/0.2; +http://www.dslab.ch)/Nutch-1.15"
194.209.200.2 - - [11/Jun/2022:07:58:07 +0200] "GET /Software/ODDB HTTP/1.1" 200 10298 "-" "Mozilla/5.0 (compatible; TMMBot/0.2; +http://www.dslab.ch)/Nutch-1.15"
194.209.200.2 - - [11/Jun/2022:07:58:34 +0200] "GET /Ausschreibung/SAI HTTP/1.1" 200 10366 "-" "Mozilla/5.0 (compatible; TMMBot/0.2; +http://www.dslab.ch)/Nutch-1.15"
194.209.200.2 - - [11/Jun/2022:07:59:34 +0200] "GET /Main/2016 HTTP/1.1" 200 13689 "-" "Mozilla/5.0 (compatible; TMMBot/0.2; +http://www.dslab.ch)/Nutch-1.15"
194.209.200.2 - - [11/Jun/2022:07:59:41 +0200] "GET /Main/2014 HTTP/1.1" 200 19471 "-" "Mozilla/5.0 (compatible; TMMBot/0.2; +http://www.dslab.ch)/Nutch-1.15"
194.209.200.2 - - [11/Jun/2022:07:59:48 +0200] "GET /Main/2012 HTTP/1.1" 200 31941 "-" "Mozilla/5.0 (compatible; TMMBot/0.2; +http://www.dslab.ch)/Nutch-1.15"
194.209.200.2 - - [11/Jun/2022:07:59:54 +0200] "GET /Main/2010 HTTP/1.1" 200 27997 "-" "Mozilla/5.0 (compatible; TMMBot/0.2; +http://www.dslab.ch)/Nutch-1.15"
194.209.200.2 - - [11/Jun/2022:08:00:03 +0200] "GET /Eggze/SpreadIt HTTP/1.1" 200 12537 "-" "Mozilla/5.0 (compatible; TMMBot/0.2; +http://www.dslab.ch)/Nutch-1.15"
20.231.82.202 - - [11/Jun/2022:08:05:23 +0200] "GET /.env HTTP/1.1" 404 263 "-" "Mozilla/5.0 (Linux; U; Android 4.4.2; en-US; HM NOTE 1W Build/KOT49H) AppleWebKit/534.30 (KHTML, like Gecko) Version/4.0 UCBrowser/11.0.5.850 U3/0.8.0 Mobile Safari/534.30"
20.231.82.202 - - [11/Jun/2022:08:05:24 +0200] "POST / HTTP/1.1" 200 11562 "-" "Mozilla/5.0 (Linux; U; Android 4.4.2; en-US; HM NOTE 1W Build/KOT49H) AppleWebKit/534.30 (KHTML, like Gecko) Version/4.0 UCBrowser/11.0.5.850 U3/0.8.0 Mobile Safari/534.30"
185.191.171.33 - - [11/Jun/2022:08:05:43 +0200] "GET /Main/Index?action=upload HTTP/1.1" 403 18 "-" "Mozilla/5.0 (compatible; SemrushBot/7~bl; +http://www.semrush.com/bot.html)"
103.186.184.127 - - [11/Jun/2022:08:09:51 +0200] "GET / HTTP/1.1" 200 11562 "-" "Mozilla/5.0 (compatible; Googlebot/2.1; +http://www.google.com/bot.html)"
103.186.184.127 - - [11/Jun/2022:08:09:52 +0200] "GET / HTTP/1.1" 200 11562 "-" "Mozilla/5.0 (compatible; Googlebot/2.1; +http://www.google.com/bot.html)"
194.93.0.40 - - [11/Jun/2022:08:14:27 +0200] "GET /robots.txt HTTP/1.0" 200 - "-" "Mozilla/4.0 (compatible; fluid/0.0; +http://www.leak.info/bot.html)"
104.211.229.81 - - [11/Jun/2022:08:18:09 +0200] "GET / HTTP/1.1" 200 11562 "-" "Mozlila/5.0 (Linux; Android 7.0; SM-G892A Bulid/NRD90M; wv) AppleWebKit/537.36 (KHTML, like Gecko) Version/4.0 Chrome/60.0.3112.107 Moblie Safari/537.36"
95.163.255.88 - - [11/Jun/2022:08:21:02 +0200] "GET /robots.txt HTTP/1.0" 200 - "-" "Mozilla/5.0 (compatible; Linux x86_64; Mail.RU_Bot/2.0; +https://help.mail.ru/webmaster/indexing/robots)"
95.163.255.86 - - [11/Jun/2022:08:21:04 +0200] "GET /Software/YDIM?action=diff HTTP/1.1" 403 18 "-" "Mozilla/5.0 (compatible; Linux x86_64; Mail.RU_Bot/2.0; +https://help.mail.ru/webmaster/indexing/robots)"
194.209.200.2 - - [11/Jun/2022:08:26:03 +0200] "GET /robots.txt HTTP/1.1" 200 - "-" "Mozilla/5.0 (compatible; TMMBot/0.2; +http://www.dslab.ch)/Nutch-1.15"
194.209.200.2 - - [11/Jun/2022:08:26:03 +0200] "GET /Oddb2xml/Index HTTP/1.1" 200 8983 "-" "Mozilla/5.0 (compatible; TMMBot/0.2; +http://www.dslab.ch)/Nutch-1.15"
194.209.200.2 - - [11/Jun/2022:08:26:26 +0200] "GET /AmiKo/Linux HTTP/1.1" 200 9217 "-" "Mozilla/5.0 (compatible; TMMBot/0.2; +http://www.dslab.ch)/Nutch-1.15"
194.209.200.2 - - [11/Jun/2022:08:26:30 +0200] "GET /Miele/MieleLXIV HTTP/1.1" 200 15367 "-" "Mozilla/5.0 (compatible; TMMBot/0.2; +http://www.dslab.ch)/Nutch-1.15"
194.209.200.2 - - [11/Jun/2022:08:26:57 +0200] "GET /Software/YDIM HTTP/1.1" 200 8834 "-" "Mozilla/5.0 (compatible; TMMBot/0.2; +http://www.dslab.ch)/Nutch-1.15"
194.209.200.2 - - [11/Jun/2022:08:29:15 +0200] "GET /Main/2013 HTTP/1.1" 200 20487 "-" "Mozilla/5.0 (compatible; TMMBot/0.2; +http://www.dslab.ch)/Nutch-1.15"
162.210.196.97 - - [11/Jun/2022:08:29:25 +0200] "GET /robots.txt HTTP/1.1" 200 - "-" "Mozilla/5.0 (compatible; MJ12bot/v1.4.8; http://mj12bot.com/)"
194.209.200.2 - - [11/Jun/2022:08:29:25 +0200] "GET /Main/2011 HTTP/1.1" 200 21451 "-" "Mozilla/5.0 (compatible; TMMBot/0.2; +http://www.dslab.ch)/Nutch-1.15"
162.210.196.97 - - [11/Jun/2022:08:29:26 +0200] "GET / HTTP/1.1" 200 11562 "-" "Mozilla/5.0 (compatible; MJ12bot/v1.4.8; http://mj12bot.com/)"
194.209.200.2 - - [11/Jun/2022:08:29:27 +0200] "GET /AmiKo/IOS HTTP/1.1" 200 11930 "-" "Mozilla/5.0 (compatible; TMMBot/0.2; +http://www.dslab.ch)/Nutch-1.15"
162.210.196.97 - - [11/Jun/2022:08:29:31 +0200] "GET / HTTP/1.1" 200 11562 "-" "Mozilla/5.0 (compatible; MJ12bot/v1.4.8; http://mj12bot.com/)"
194.209.200.2 - - [11/Jun/2022:08:29:31 +0200] "GET /Ywesee/Kontakt HTTP/1.1" 200 8973 "-" "Mozilla/5.0 (compatible; TMMBot/0.2; +http://www.dslab.ch)/Nutch-1.15"
194.209.200.2 - - [11/Jun/2022:08:31:47 +0200] "GET /Software/ODDB HTTP/1.1" 200 10298 "-" "Mozilla/5.0 (compatible; TMMBot/0.2; +http://www.dslab.ch)/Nutch-1.15"
194.209.200.2 - - [11/Jun/2022:08:32:19 +0200] "GET /Ausschreibung/SAI HTTP/1.1" 200 10366 "-" "Mozilla/5.0 (compatible; TMMBot/0.2; +http://www.dslab.ch)/Nutch-1.15"
194.209.200.2 - - [11/Jun/2022:08:33:10 +0200] "GET /Main/2009 HTTP/1.1" 200 21688 "-" "Mozilla/5.0 (compatible; TMMBot/0.2; +http://www.dslab.ch)/Nutch-1.15"
194.209.200.2 - - [11/Jun/2022:08:33:41 +0200] "GET /Main/2016 HTTP/1.1" 200 13689 "-" "Mozilla/5.0 (compatible; TMMBot/0.2; +http://www.dslab.ch)/Nutch-1.15"
194.209.200.2 - - [11/Jun/2022:08:33:49 +0200] "GET /Main/2014 HTTP/1.1" 200 19471 "-" "Mozilla/5.0 (compatible; TMMBot/0.2; +http://www.dslab.ch)/Nutch-1.15"
194.209.200.2 - - [11/Jun/2022:08:33:57 +0200] "GET /Main/2012 HTTP/1.1" 200 31941 "-" "Mozilla/5.0 (compatible; TMMBot/0.2; +http://www.dslab.ch)/Nutch-1.15"
194.209.200.2 - - [11/Jun/2022:08:34:07 +0200] "GET /Main/2010 HTTP/1.1" 200 27997 "-" "Mozilla/5.0 (compatible; TMMBot/0.2; +http://www.dslab.ch)/Nutch-1.15"
194.209.200.2 - - [11/Jun/2022:08:34:16 +0200] "GET /Main/ComCo19122016 HTTP/1.1" 200 10547 "-" "Mozilla/5.0 (compatible; TMMBot/0.2; +http://www.dslab.ch)/Nutch-1.15"
194.209.200.2 - - [11/Jun/2022:08:34:18 +0200] "GET /Eggze/SpreadIt HTTP/1.1" 200 12537 "-" "Mozilla/5.0 (compatible; TMMBot/0.2; +http://www.dslab.ch)/Nutch-1.15"
35.89.189.200 - - [11/Jun/2022:08:42:41 +0200] "GET / HTTP/1.1" 200 11562 "-" "Mozilla/5.0 (X11; Linux x86_64) AppleWebKit/537.36 (KHTML, like Gecko) Chrome/83.0.4103.97 Safari/537.36"
54.185.217.79 - - [11/Jun/2022:08:43:02 +0200] "GET / HTTP/1.1" 200 11562 "http://ywesee.org" "Mozilla/5.0 (X11; Linux x86_64) AppleWebKit/537.36 (KHTML, like Gecko) Chrome/83.0.4103.97 Safari/537.36"
185.191.171.40 - - [11/Jun/2022:08:47:34 +0200] "GET /AmiKo/KrankenkassenKartenleser HTTP/1.1" 200 9504 "-" "Mozilla/5.0 (compatible; SemrushBot/7~bl; +http://www.semrush.com/bot.html)"
185.191.171.23 - - [11/Jun/2022:08:48:00 +0200] "GET /Main/2013?action=diff HTTP/1.1" 403 18 "-" "Mozilla/5.0 (compatible; SemrushBot/7~bl; +http://www.semrush.com/bot.html)"
157.55.39.164 - - [11/Jun/2022:08:49:57 +0200] "GET /ODDB/FachinfoAlsEbook HTTP/1.1" 200 9635 "-" "Mozilla/5.0 (compatible; bingbot/2.0; +http://www.bing.com/bingbot.htm)"
52.25.179.151 - - [11/Jun/2022:08:54:33 +0200] "GET / HTTP/1.1" 200 11562 "-" "Mozilla/5.0 (X11; Linux x86_64) AppleWebKit/537.36 (KHTML, like Gecko) Chrome/83.0.4103.97 Safari/537.36"
185.191.171.44 - - [11/Jun/2022:08:55:20 +0200] "GET /robots.txt HTTP/1.1" 200 - "-" "Mozilla/5.0 (compatible; SemrushBot/7~bl; +http://www.semrush.com/bot.html)"
185.191.171.4 - - [11/Jun/2022:08:55:20 +0200] "GET /Main/2013?n=Main.SideBar%3Faction%3Dedit HTTP/1.1" 302 157 "-" "Mozilla/5.0 (compatible; SemrushBot/7~bl; +http://www.semrush.com/bot.html)"
185.191.171.15 - - [11/Jun/2022:08:55:22 +0200] "GET /Main/SideBar HTTP/1.1" 200 10903 "-" "Mozilla/5.0 (compatible; SemrushBot/7~bl; +http://www.semrush.com/bot.html)"
194.209.200.2 - - [11/Jun/2022:08:58:17 +0200] "GET /robots.txt HTTP/1.1" 200 - "-" "Mozilla/5.0 (compatible; TMMBot/0.2; +http://www.dslab.ch)/Nutch-1.15"
194.209.200.2 - - [11/Jun/2022:08:58:18 +0200] "GET /Oddb2xml/Index HTTP/1.1" 200 8983 "-" "Mozilla/5.0 (compatible; TMMBot/0.2; +http://www.dslab.ch)/Nutch-1.15"
194.209.200.2 - - [11/Jun/2022:08:58:34 +0200] "GET /AmiKo/Linux HTTP/1.1" 200 9217 "-" "Mozilla/5.0 (compatible; TMMBot/0.2; +http://www.dslab.ch)/Nutch-1.15"
194.209.200.2 - - [11/Jun/2022:08:58:38 +0200] "GET /Miele/MieleLXIV HTTP/1.1" 200 15367 "-" "Mozilla/5.0 (compatible; TMMBot/0.2; +http://www.dslab.ch)/Nutch-1.15"
194.209.200.2 - - [11/Jun/2022:08:59:00 +0200] "GET /Software/YDIM HTTP/1.1" 200 8834 "-" "Mozilla/5.0 (compatible; TMMBot/0.2; +http://www.dslab.ch)/Nutch-1.15"
194.209.200.2 - - [11/Jun/2022:09:01:10 +0200] "GET /AmiKo/IOS HTTP/1.1" 200 11930 "-" "Mozilla/5.0 (compatible; TMMBot/0.2; +http://www.dslab.ch)/Nutch-1.15"
194.209.200.2 - - [11/Jun/2022:09:01:17 +0200] "GET /Ywesee/Kontakt HTTP/1.1" 200 8973 "-" "Mozilla/5.0 (compatible; TMMBot/0.2; +http://www.dslab.ch)/Nutch-1.15"
194.209.200.2 - - [11/Jun/2022:09:03:14 +0200] "GET /Software/ODDB HTTP/1.1" 200 10298 "-" "Mozilla/5.0 (compatible; TMMBot/0.2; +http://www.dslab.ch)/Nutch-1.15"
194.209.200.2 - - [11/Jun/2022:09:03:41 +0200] "GET /Ausschreibung/SAI HTTP/1.1" 200 10366 "-" "Mozilla/5.0 (compatible; TMMBot/0.2; +http://www.dslab.ch)/Nutch-1.15"
194.209.200.2 - - [11/Jun/2022:09:04:17 +0200] "GET /Main/2009 HTTP/1.1" 200 21688 "-" "Mozilla/5.0 (compatible; TMMBot/0.2; +http://www.dslab.ch)/Nutch-1.15"
194.209.200.2 - - [11/Jun/2022:09:04:43 +0200] "GET /Main/2016 HTTP/1.1" 200 13689 "-" "Mozilla/5.0 (compatible; TMMBot/0.2; +http://www.dslab.ch)/Nutch-1.15"
194.209.200.2 - - [11/Jun/2022:09:04:50 +0200] "GET /Main/2014 HTTP/1.1" 200 19471 "-" "Mozilla/5.0 (compatible; TMMBot/0.2; +http://www.dslab.ch)/Nutch-1.15"
194.209.200.2 - - [11/Jun/2022:09:04:57 +0200] "GET /Main/2012 HTTP/1.1" 200 31941 "-" "Mozilla/5.0 (compatible; TMMBot/0.2; +http://www.dslab.ch)/Nutch-1.15"
194.209.200.2 - - [11/Jun/2022:09:05:04 +0200] "GET /Main/2010 HTTP/1.1" 200 27997 "-" "Mozilla/5.0 (compatible; TMMBot/0.2; +http://www.dslab.ch)/Nutch-1.15"
194.209.200.2 - - [11/Jun/2022:09:05:12 +0200] "GET /Main/ComCo19122016 HTTP/1.1" 200 10547 "-" "Mozilla/5.0 (compatible; TMMBot/0.2; +http://www.dslab.ch)/Nutch-1.15"
194.209.200.2 - - [11/Jun/2022:09:05:13 +0200] "GET /Eggze/SpreadIt HTTP/1.1" 200 12537 "-" "Mozilla/5.0 (compatible; TMMBot/0.2; +http://www.dslab.ch)/Nutch-1.15"
185.191.171.15 - - [11/Jun/2022:09:15:34 +0200] "GET /Refdata/LoeschungFelder HTTP/1.1" 200 9814 "-" "Mozilla/5.0 (compatible; SemrushBot/7~bl; +http://www.semrush.com/bot.html)"
207.46.13.39 - - [11/Jun/2022:09:26:07 +0200] "GET / HTTP/1.1" 200 11562 "-" "Mozilla/5.0 (compatible; bingbot/2.0; +http://www.bing.com/bingbot.htm)"
194.209.200.2 - - [11/Jun/2022:09:31:14 +0200] "GET /robots.txt HTTP/1.1" 200 - "-" "Mozilla/5.0 (compatible; TMMBot/0.2; +http://www.dslab.ch)/Nutch-1.15"
194.209.200.2 - - [11/Jun/2022:09:31:15 +0200] "GET /Oddb2xml/Index HTTP/1.1" 200 8983 "-" "Mozilla/5.0 (compatible; TMMBot/0.2; +http://www.dslab.ch)/Nutch-1.15"
34.140.248.32 - - [11/Jun/2022:09:31:40 +0200] "GET / HTTP/1.1" 200 11562 "-" "python-requests/2.28.0"
194.209.200.2 - - [11/Jun/2022:09:32:05 +0200] "GET /AmiKo/Linux HTTP/1.1" 200 9217 "-" "Mozilla/5.0 (compatible; TMMBot/0.2; +http://www.dslab.ch)/Nutch-1.15"
194.209.200.2 - - [11/Jun/2022:09:32:19 +0200] "GET /Miele/MieleLXIV HTTP/1.1" 200 15367 "-" "Mozilla/5.0 (compatible; TMMBot/0.2; +http://www.dslab.ch)/Nutch-1.15"
66.249.66.223 - - [11/Jun/2022:09:32:20 +0200] "GET /Main/2006 HTTP/1.1" 200 39320 "-" "Mozilla/5.0 (Linux; Android 6.0.1; Nexus 5X Build/MMB29P) AppleWebKit/537.36 (KHTML, like Gecko) Chrome/102.0.5005.61 Mobile Safari/537.36 (compatible; Googlebot/2.1; +http://www.google.com/bot.html)"
194.209.200.2 - - [11/Jun/2022:09:33:32 +0200] "GET /Software/YDIM HTTP/1.1" 200 8834 "-" "Mozilla/5.0 (compatible; TMMBot/0.2; +http://www.dslab.ch)/Nutch-1.15"
64.71.131.244 - - [11/Jun/2022:09:36:45 +0200] "GET / HTTP/1.1" 200 11562 "-" "Mozilla/5.0 (compatible; ev-crawler/1.0; +https://headline.com/legal/crawler)"
66.249.76.91 - - [11/Jun/2022:09:36:58 +0200] "GET /amiko/privacy HTTP/1.1" 404 276 "-" "Mozilla/5.0 (compatible; Googlebot/2.1; +http://www.google.com/bot.html)"
194.209.200.2 - - [11/Jun/2022:09:38:30 +0200] "GET /AmiKo/IOS HTTP/1.1" 200 11930 "-" "Mozilla/5.0 (compatible; TMMBot/0.2; +http://www.dslab.ch)/Nutch-1.15"
194.209.200.2 - - [11/Jun/2022:09:38:41 +0200] "GET /Ywesee/Kontakt HTTP/1.1" 200 8973 "-" "Mozilla/5.0 (compatible; TMMBot/0.2; +http://www.dslab.ch)/Nutch-1.15"
54.36.148.146 - - [11/Jun/2022:09:40:45 +0200] "GET /Main/2017 HTTP/1.1" 200 15840 "-" "Mozilla/5.0 (compatible; AhrefsBot/7.0; +http://ahrefs.com/robot/)"
194.209.200.2 - - [11/Jun/2022:09:41:40 +0200] "GET /Generikacc/App HTTP/1.1" 200 11862 "-" "Mozilla/5.0 (compatible; TMMBot/0.2; +http://www.dslab.ch)/Nutch-1.15"
66.249.76.229 - - [11/Jun/2022:09:41:51 +0200] "GET /amiko/privacy HTTP/1.1" 404 272 "-" "Mozilla/5.0 (compatible; Googlebot/2.1; +http://www.google.com/bot.html)"
194.209.200.2 - - [11/Jun/2022:09:41:57 +0200] "GET /Software/ODDB HTTP/1.1" 200 10298 "-" "Mozilla/5.0 (compatible; TMMBot/0.2; +http://www.dslab.ch)/Nutch-1.15"
194.209.200.2 - - [11/Jun/2022:09:42:39 +0200] "GET /Ausschreibung/SAI HTTP/1.1" 200 10366 "-" "Mozilla/5.0 (compatible; TMMBot/0.2; +http://www.dslab.ch)/Nutch-1.15"
194.209.200.2 - - [11/Jun/2022:09:43:43 +0200] "GET /Main/2009 HTTP/1.1" 200 21688 "-" "Mozilla/5.0 (compatible; TMMBot/0.2; +http://www.dslab.ch)/Nutch-1.15"
194.209.200.2 - - [11/Jun/2022:09:44:24 +0200] "GET /Main/2016 HTTP/1.1" 200 13689 "-" "Mozilla/5.0 (compatible; TMMBot/0.2; +http://www.dslab.ch)/Nutch-1.15"
194.209.200.2 - - [11/Jun/2022:09:44:37 +0200] "GET /Main/2014 HTTP/1.1" 200 19471 "-" "Mozilla/5.0 (compatible; TMMBot/0.2; +http://www.dslab.ch)/Nutch-1.15"
194.209.200.2 - - [11/Jun/2022:09:44:56 +0200] "GET /Main/2012 HTTP/1.1" 200 31941 "-" "Mozilla/5.0 (compatible; TMMBot/0.2; +http://www.dslab.ch)/Nutch-1.15"
194.209.200.2 - - [11/Jun/2022:09:45:13 +0200] "GET /Main/2010 HTTP/1.1" 200 27997 "-" "Mozilla/5.0 (compatible; TMMBot/0.2; +http://www.dslab.ch)/Nutch-1.15"
194.209.200.2 - - [11/Jun/2022:09:45:32 +0200] "GET /Main/ComCo19122016 HTTP/1.1" 200 10547 "-" "Mozilla/5.0 (compatible; TMMBot/0.2; +http://www.dslab.ch)/Nutch-1.15"
194.209.200.2 - - [11/Jun/2022:09:45:34 +0200] "GET /Eggze/SpreadIt HTTP/1.1" 200 12537 "-" "Mozilla/5.0 (compatible; TMMBot/0.2; +http://www.dslab.ch)/Nutch-1.15"
61.135.159.160 - - [11/Jun/2022:09:51:48 +0200] "GET / HTTP/1.1" 200 11562 "-" "Sogou web spider/4.0(+http://www.sogou.com/docs/help/webmasters.htm#07)"
66.249.76.87 - - [11/Jun/2022:09:53:13 +0200] "GET /generikacc/privacy HTTP/1.1" 404 281 "-" "Mozilla/5.0 (compatible; Googlebot/2.1; +http://www.google.com/bot.html)"
118.184.177.79 - - [11/Jun/2022:09:53:49 +0200] "GET / HTTP/1.1" 200 11562 "-" "Sogou web spider/4.0(+http://www.sogou.com/docs/help/webmasters.htm#07)"
106.55.6.46 - - [11/Jun/2022:09:54:23 +0200] "GET / HTTP/1.1" 200 11562 "-" "Mozilla/5.0 (Windows NT 4.0; WOW64) AppleWebKit/537.36 (KHTML, like Gecko) Chrome/37.0.2049.0 Safari/537.36"
66.249.76.89 - - [11/Jun/2022:10:02:31 +0200] "GET / HTTP/1.1" 200 11562 "-" "Mozilla/5.0 (compatible; Googlebot/2.1; +http://www.google.com/bot.html)"
65.108.79.209 - - [11/Jun/2022:10:02:34 +0200] "GET /Ywesee/Kontakt HTTP/1.1" 200 8973 "https://ywesee.com/" "Mozilla/5.0 (compatible; SEOkicks; +https://www.seokicks.de/robot.html)"
65.108.79.209 - - [11/Jun/2022:10:02:35 +0200] "GET /Main/DocumedGalenicaVsYwesee HTTP/1.1" 200 35251 "https://ywesee.com/" "Mozilla/5.0 (compatible; SEOkicks; +https://www.seokicks.de/robot.html)"
65.108.79.209 - - [11/Jun/2022:10:02:37 +0200] "GET /AmiKo/Web HTTP/1.1" 200 9588 "https://ywesee.com/" "Mozilla/5.0 (compatible; SEOkicks; +https://www.seokicks.de/robot.html)"
65.108.79.209 - - [11/Jun/2022:10:02:38 +0200] "GET /AmiKo/GNU/Emacs HTTP/1.1" 404 250 "https://www.ywesee.com/AmiKo/Web" "Mozilla/5.0 (compatible; SEOkicks; +https://www.seokicks.de/robot.html)"
65.108.79.209 - - [11/Jun/2022:10:02:39 +0200] "GET /AmiKo/Android HTTP/1.1" 200 10427 "https://ywesee.com/" "Mozilla/5.0 (compatible; SEOkicks; +https://www.seokicks.de/robot.html)"
65.108.79.209 - - [11/Jun/2022:10:02:41 +0200] "GET /AmiKo/Windows HTTP/1.1" 200 10332 "https://ywesee.com/" "Mozilla/5.0 (compatible; SEOkicks; +https://www.seokicks.de/robot.html)"
65.108.79.209 - - [11/Jun/2022:10:02:42 +0200] "GET /AmiKo/IOS HTTP/1.1" 200 11930 "https://ywesee.com/" "Mozilla/5.0 (compatible; SEOkicks; +https://www.seokicks.de/robot.html)"
65.108.79.209 - - [11/Jun/2022:10:02:43 +0200] "GET /AmiKo/OSX HTTP/1.1" 200 9772 "https://ywesee.com/" "Mozilla/5.0 (compatible; SEOkicks; +https://www.seokicks.de/robot.html)"
65.108.79.209 - - [11/Jun/2022:10:02:45 +0200] "GET /AmiKo/Linux HTTP/1.1" 200 9217 "https://ywesee.com/" "Mozilla/5.0 (compatible; SEOkicks; +https://www.seokicks.de/robot.html)"
65.108.79.209 - - [11/Jun/2022:10:02:46 +0200] "GET /Generikacc/App HTTP/1.1" 200 11862 "https://ywesee.com/" "Mozilla/5.0 (compatible; SEOkicks; +https://www.seokicks.de/robot.html)"
65.108.79.209 - - [11/Jun/2022:10:02:47 +0200] "GET /Generikacc/GNU/Emacs HTTP/1.1" 404 250 "https://www.ywesee.com/Generikacc/App" "Mozilla/5.0 (compatible; SEOkicks; +https://www.seokicks.de/robot.html)"
20.248.195.220 - - [11/Jun/2022:10:02:53 +0200] "GET / HTTP/1.1" 200 11562 "-" "Mozilla/5.0 (Windows NT 10.0; Win64; x64; rv:89.0) Gecko/20100101 Firefox/89.0"
66.249.76.89 - - [11/Jun/2022:10:07:42 +0200] "GET /amiko/privacy HTTP/1.1" 404 276 "-" "Mozilla/5.0 (compatible; Googlebot/2.1; +http://www.google.com/bot.html)"
194.209.200.2 - - [11/Jun/2022:10:09:26 +0200] "GET /robots.txt HTTP/1.1" 200 - "-" "Mozilla/5.0 (compatible; TMMBot/0.2; +http://www.dslab.ch)/Nutch-1.15"
194.209.200.2 - - [11/Jun/2022:10:09:26 +0200] "GET /Oddb2xml/Index HTTP/1.1" 200 8983 "-" "Mozilla/5.0 (compatible; TMMBot/0.2; +http://www.dslab.ch)/Nutch-1.15"
194.209.200.2 - - [11/Jun/2022:10:09:42 +0200] "GET /AmiKo/Linux HTTP/1.1" 200 9217 "-" "Mozilla/5.0 (compatible; TMMBot/0.2; +http://www.dslab.ch)/Nutch-1.15"
194.209.200.2 - - [11/Jun/2022:10:09:47 +0200] "GET /Miele/MieleLXIV HTTP/1.1" 200 15367 "-" "Mozilla/5.0 (compatible; TMMBot/0.2; +http://www.dslab.ch)/Nutch-1.15"
42.236.10.77 - - [11/Jun/2022:10:11:18 +0200] "GET / HTTP/1.1" 200 11562 "https://ywesee.com" "Mozilla/5.0 (Windows NT 6.1; WOW64) AppleWebKit/537.36 (KHTML, like Gecko) Chrome/50.0.2661.102 Safari/537.36; 360Spider"
194.209.200.2 - - [11/Jun/2022:10:12:18 +0200] "GET /AmiKo/IOS HTTP/1.1" 200 11930 "-" "Mozilla/5.0 (compatible; TMMBot/0.2; +http://www.dslab.ch)/Nutch-1.15"
194.209.200.2 - - [11/Jun/2022:10:12:24 +0200] "GET /Ywesee/Kontakt HTTP/1.1" 200 8973 "-" "Mozilla/5.0 (compatible; TMMBot/0.2; +http://www.dslab.ch)/Nutch-1.15"
194.209.200.2 - - [11/Jun/2022:10:14:17 +0200] "GET /Software/ODDB HTTP/1.1" 200 10298 "-" "Mozilla/5.0 (compatible; TMMBot/0.2; +http://www.dslab.ch)/Nutch-1.15"
194.209.200.2 - - [11/Jun/2022:10:14:44 +0200] "GET /Ausschreibung/SAI HTTP/1.1" 200 10366 "-" "Mozilla/5.0 (compatible; TMMBot/0.2; +http://www.dslab.ch)/Nutch-1.15"
194.209.200.2 - - [11/Jun/2022:10:15:49 +0200] "GET /Main/2016 HTTP/1.1" 200 13689 "-" "Mozilla/5.0 (compatible; TMMBot/0.2; +http://www.dslab.ch)/Nutch-1.15"
194.209.200.2 - - [11/Jun/2022:10:15:57 +0200] "GET /Main/2014 HTTP/1.1" 200 19471 "-" "Mozilla/5.0 (compatible; TMMBot/0.2; +http://www.dslab.ch)/Nutch-1.15"
194.209.200.2 - - [11/Jun/2022:10:16:04 +0200] "GET /Main/2012 HTTP/1.1" 200 31941 "-" "Mozilla/5.0 (compatible; TMMBot/0.2; +http://www.dslab.ch)/Nutch-1.15"
194.209.200.2 - - [11/Jun/2022:10:16:11 +0200] "GET /Main/2010 HTTP/1.1" 200 27997 "-" "Mozilla/5.0 (compatible; TMMBot/0.2; +http://www.dslab.ch)/Nutch-1.15"
194.209.200.2 - - [11/Jun/2022:10:16:20 +0200] "GET /Main/ComCo19122016 HTTP/1.1" 200 10547 "-" "Mozilla/5.0 (compatible; TMMBot/0.2; +http://www.dslab.ch)/Nutch-1.15"
194.209.200.2 - - [11/Jun/2022:10:16:20 +0200] "GET /Eggze/SpreadIt HTTP/1.1" 200 12537 "-" "Mozilla/5.0 (compatible; TMMBot/0.2; +http://www.dslab.ch)/Nutch-1.15"
42.236.10.108 - - [11/Jun/2022:10:17:26 +0200] "GET / HTTP/1.1" 200 11562 "https://ywesee.com" "Mozilla/5.0 (Windows NT 6.1; WOW64) AppleWebKit/537.36 (KHTML, like Gecko) Chrome/50.0.2661.102 Safari/537.36; 360Spider"
54.36.149.34 - - [11/Jun/2022:10:18:50 +0200] "GET /Ywesee/XMLFachinfoValidierung HTTP/1.1" 200 10956 "-" "Mozilla/5.0 (compatible; AhrefsBot/7.0; +http://ahrefs.com/robot/)"
54.36.149.70 - - [11/Jun/2022:10:19:19 +0200] "GET /Main/WekoBlog?action=diff HTTP/1.1" 403 18 "-" "Mozilla/5.0 (compatible; AhrefsBot/7.0; +http://ahrefs.com/robot/)"
54.36.148.159 - - [11/Jun/2022:10:19:22 +0200] "GET /Main/WekoBlog?action=edit HTTP/1.1" 403 18 "-" "Mozilla/5.0 (compatible; AhrefsBot/7.0; +http://ahrefs.com/robot/)"
34.229.6.164 - - [11/Jun/2022:10:19:26 +0200] "GET /robots.txt HTTP/1.1" 200 - "-" "Mozilla/5.0/Firefox/42.0 - nbertaupete95(at)gmail.com"
34.229.6.164 - - [11/Jun/2022:10:19:26 +0200] "GET /InfoCodex/Home?action=edit HTTP/1.1" 200 9328 "-" "Mozilla/5.0/Firefox/42.0 - nbertaupete95(at)gmail.com"
54.36.149.42 - - [11/Jun/2022:10:19:29 +0200] "GET /Main/WekoBlog?action=print HTTP/1.1" 403 18 "-" "Mozilla/5.0 (compatible; AhrefsBot/7.0; +http://ahrefs.com/robot/)"
54.36.149.36 - - [11/Jun/2022:10:19:32 +0200] "GET /Main/WekoBlog?action=upload HTTP/1.1" 403 18 "-" "Mozilla/5.0 (compatible; AhrefsBot/7.0; +http://ahrefs.com/robot/)"
34.139.249.138 - - [11/Jun/2022:10:28:31 +0200] "GET /robots.txt HTTP/1.1" 200 - "-" "bidswitchbot/1.0"
34.139.249.138 - - [11/Jun/2022:10:28:32 +0200] "GET /robots.txt HTTP/1.1" 200 - "-" "bidswitchbot/1.0"
34.139.249.138 - - [11/Jun/2022:10:28:33 +0200] "GET /app-ads.txt HTTP/1.1" 404 270 "-" "bidswitchbot/1.0"
34.139.249.138 - - [11/Jun/2022:10:28:51 +0200] "GET /robots.txt HTTP/1.1" 200 - "-" "bidswitchbot/1.0"
34.139.249.138 - - [11/Jun/2022:10:28:53 +0200] "GET /robots.txt HTTP/1.1" 200 - "-" "bidswitchbot/1.0"
34.139.249.138 - - [11/Jun/2022:10:28:54 +0200] "GET /app-ads.txt HTTP/1.1" 404 274 "-" "bidswitchbot/1.0"
34.139.249.138 - - [11/Jun/2022:10:28:55 +0200] "GET /robots.txt HTTP/1.1" 200 - "-" "bidswitchbot/1.0"
34.139.249.138 - - [11/Jun/2022:10:28:55 +0200] "GET /robots.txt HTTP/1.1" 200 - "-" "bidswitchbot/1.0"
34.139.249.138 - - [11/Jun/2022:10:28:56 +0200] "GET /app-ads.txt HTTP/1.1" 404 270 "-" "bidswitchbot/1.0"
185.191.171.5 - - [11/Jun/2022:10:35:15 +0200] "GET /robots.txt HTTP/1.1" 200 - "-" "Mozilla/5.0 (compatible; SemrushBot/7~bl; +http://www.semrush.com/bot.html)"
185.191.171.36 - - [11/Jun/2022:10:35:16 +0200] "GET /AmiKo/Web HTTP/1.1" 200 9588 "-" "Mozilla/5.0 (compatible; SemrushBot/7~bl; +http://www.semrush.com/bot.html)"
193.247.208.98 - - [11/Jun/2022:10:39:09 +0200] "HEAD / HTTP/1.1" 200 - "https://www.hin.ch" "Mozilla/5.0 (Windows NT 10.0; Win64; x64) AppleWebKit/537.36 (KHTML, like Gecko) Chrome/70.0.3538.102 Safari/537.36"
194.209.200.2 - - [11/Jun/2022:10:41:04 +0200] "GET /robots.txt HTTP/1.1" 200 - "-" "Mozilla/5.0 (compatible; TMMBot/0.2; +http://www.dslab.ch)/Nutch-1.15"
194.209.200.2 - - [11/Jun/2022:10:41:04 +0200] "GET /Oddb2xml/Index HTTP/1.1" 200 8983 "-" "Mozilla/5.0 (compatible; TMMBot/0.2; +http://www.dslab.ch)/Nutch-1.15"
194.209.200.2 - - [11/Jun/2022:10:41:21 +0200] "GET /AmiKo/Linux HTTP/1.1" 200 9217 "-" "Mozilla/5.0 (compatible; TMMBot/0.2; +http://www.dslab.ch)/Nutch-1.15"
194.209.200.2 - - [11/Jun/2022:10:41:26 +0200] "GET /Miele/MieleLXIV HTTP/1.1" 200 15367 "-" "Mozilla/5.0 (compatible; TMMBot/0.2; +http://www.dslab.ch)/Nutch-1.15"
194.209.200.2 - - [11/Jun/2022:10:41:49 +0200] "GET /Software/YDIM HTTP/1.1" 200 8834 "-" "Mozilla/5.0 (compatible; TMMBot/0.2; +http://www.dslab.ch)/Nutch-1.15"
194.209.200.2 - - [11/Jun/2022:10:43:19 +0200] "GET /Main/2006 HTTP/1.1" 200 39320 "-" "Mozilla/5.0 (compatible; TMMBot/0.2; +http://www.dslab.ch)/Nutch-1.15"
194.209.200.2 - - [11/Jun/2022:10:43:55 +0200] "GET /AmiKo/IOS HTTP/1.1" 200 11930 "-" "Mozilla/5.0 (compatible; TMMBot/0.2; +http://www.dslab.ch)/Nutch-1.15"
194.209.200.2 - - [11/Jun/2022:10:44:01 +0200] "GET /Ywesee/Kontakt HTTP/1.1" 200 8973 "-" "Mozilla/5.0 (compatible; TMMBot/0.2; +http://www.dslab.ch)/Nutch-1.15"
194.209.200.2 - - [11/Jun/2022:10:44:10 +0200] "GET /Software/Spreadsheet HTTP/1.1" 200 8839 "-" "Mozilla/5.0 (compatible; TMMBot/0.2; +http://www.dslab.ch)/Nutch-1.15"
194.209.200.2 - - [11/Jun/2022:10:45:51 +0200] "GET /Software/ODDB HTTP/1.1" 200 10298 "-" "Mozilla/5.0 (compatible; TMMBot/0.2; +http://www.dslab.ch)/Nutch-1.15"
194.209.200.2 - - [11/Jun/2022:10:46:18 +0200] "GET /Ausschreibung/SAI HTTP/1.1" 200 10366 "-" "Mozilla/5.0 (compatible; TMMBot/0.2; +http://www.dslab.ch)/Nutch-1.15"
194.209.200.2 - - [11/Jun/2022:10:47:21 +0200] "GET /Main/2016 HTTP/1.1" 200 13689 "-" "Mozilla/5.0 (compatible; TMMBot/0.2; +http://www.dslab.ch)/Nutch-1.15"
194.209.200.2 - - [11/Jun/2022:10:47:30 +0200] "GET /Main/2014 HTTP/1.1" 200 19471 "-" "Mozilla/5.0 (compatible; TMMBot/0.2; +http://www.dslab.ch)/Nutch-1.15"
194.209.200.2 - - [11/Jun/2022:10:47:36 +0200] "GET /Main/2012 HTTP/1.1" 200 31941 "-" "Mozilla/5.0 (compatible; TMMBot/0.2; +http://www.dslab.ch)/Nutch-1.15"
194.209.200.2 - - [11/Jun/2022:10:47:43 +0200] "GET /Main/2010 HTTP/1.1" 200 27997 "-" "Mozilla/5.0 (compatible; TMMBot/0.2; +http://www.dslab.ch)/Nutch-1.15"
194.209.200.2 - - [11/Jun/2022:10:47:51 +0200] "GET /Main/ComCo19122016 HTTP/1.1" 200 10547 "-" "Mozilla/5.0 (compatible; TMMBot/0.2; +http://www.dslab.ch)/Nutch-1.15"
194.209.200.2 - - [11/Jun/2022:10:47:52 +0200] "GET /Eggze/SpreadIt HTTP/1.1" 200 12537 "-" "Mozilla/5.0 (compatible; TMMBot/0.2; +http://www.dslab.ch)/Nutch-1.15"
195.82.39.15 - - [11/Jun/2022:10:51:18 +0200] "GET /Swissmedic/Vertriebsunterbruch HTTP/1.1" 200 10279 "https://www.google.com/" "Mozilla/5.0 (Windows NT 10.0; Win64; x64) AppleWebKit/537.36 (KHTML, like Gecko) Chrome/95.0.4638.69 Safari/537.36"
195.82.39.15 - - [11/Jun/2022:10:51:18 +0200] "GET /pub/skins/ywesee/gila.css HTTP/1.1" 200 8276 "-" "Mozilla/5.0 (Windows NT 10.0; Win64; x64) AppleWebKit/537.36 (KHTML, like Gecko) Chrome/95.0.4638.69 Safari/537.36"
195.82.39.15 - - [11/Jun/2022:10:51:19 +0200] "GET /favicon.ico HTTP/1.1" 200 1406 "https://www.ywesee.com/Swissmedic/Vertriebsunterbruch" "Mozilla/5.0 (Windows NT 10.0; Win64; x64) AppleWebKit/537.36 (KHTML, like Gecko) Chrome/95.0.4638.69 Safari/537.36"
54.39.188.170 - - [11/Jun/2022:11:08:52 +0200] "GET /Site/AllRecentChanges?action=rss HTTP/1.1" 200 2546 "-" "Mozilla/5.0 (compatible; YaK/1.0; http://linkfluence.com/; bot@linkfluence.com)"
194.209.200.2 - - [11/Jun/2022:11:14:55 +0200] "GET /robots.txt HTTP/1.1" 200 - "-" "Mozilla/5.0 (compatible; TMMBot/0.2; +http://www.dslab.ch)/Nutch-1.15"
194.209.200.2 - - [11/Jun/2022:11:14:55 +0200] "GET /Oddb2xml/Index HTTP/1.1" 200 8983 "-" "Mozilla/5.0 (compatible; TMMBot/0.2; +http://www.dslab.ch)/Nutch-1.15"
194.209.200.2 - - [11/Jun/2022:11:14:57 +0200] "GET /Main/Home HTTP/1.1" 200 11562 "-" "Mozilla/5.0 (compatible; TMMBot/0.2; +http://www.dslab.ch)/Nutch-1.15"
194.209.200.2 - - [11/Jun/2022:11:15:13 +0200] "GET /AmiKo/Linux HTTP/1.1" 200 9217 "-" "Mozilla/5.0 (compatible; TMMBot/0.2; +http://www.dslab.ch)/Nutch-1.15"
194.209.200.2 - - [11/Jun/2022:11:15:17 +0200] "GET /Miele/MieleLXIV HTTP/1.1" 200 15367 "-" "Mozilla/5.0 (compatible; TMMBot/0.2; +http://www.dslab.ch)/Nutch-1.15"
194.209.200.2 - - [11/Jun/2022:11:15:41 +0200] "GET /Software/YDIM HTTP/1.1" 200 8834 "-" "Mozilla/5.0 (compatible; TMMBot/0.2; +http://www.dslab.ch)/Nutch-1.15"
194.209.200.2 - - [11/Jun/2022:11:17:47 +0200] "GET /AmiKo/IOS HTTP/1.1" 200 11930 "-" "Mozilla/5.0 (compatible; TMMBot/0.2; +http://www.dslab.ch)/Nutch-1.15"
194.209.200.2 - - [11/Jun/2022:11:17:53 +0200] "GET /Ywesee/Kontakt HTTP/1.1" 200 8973 "-" "Mozilla/5.0 (compatible; TMMBot/0.2; +http://www.dslab.ch)/Nutch-1.15"
194.209.200.2 - - [11/Jun/2022:11:18:02 +0200] "GET /Software/Spreadsheet HTTP/1.1" 200 8839 "-" "Mozilla/5.0 (compatible; TMMBot/0.2; +http://www.dslab.ch)/Nutch-1.15"
194.209.200.2 - - [11/Jun/2022:11:19:36 +0200] "GET /Generikacc/App HTTP/1.1" 200 11862 "-" "Mozilla/5.0 (compatible; TMMBot/0.2; +http://www.dslab.ch)/Nutch-1.15"
194.209.200.2 - - [11/Jun/2022:11:19:44 +0200] "GET /Software/ODDB HTTP/1.1" 200 10298 "-" "Mozilla/5.0 (compatible; TMMBot/0.2; +http://www.dslab.ch)/Nutch-1.15"
194.209.200.2 - - [11/Jun/2022:11:20:14 +0200] "GET /Ausschreibung/SAI HTTP/1.1" 200 10366 "-" "Mozilla/5.0 (compatible; TMMBot/0.2; +http://www.dslab.ch)/Nutch-1.15"
