194.209.200.2 - - [23/Oct/2022:13:29:09 +0200] "GET /robots.txt HTTP/1.1" 200 - "-" "Mozilla/5.0 (compatible; TMMBot/0.2; +http://www.dslab.ch)/Nutch-1.15"
64.71.157.109 - - [23/Oct/2022:13:30:22 +0200] "GET /pmwiki.php/Site/AllRecentChanges?action=rss HTTP/1.1" 200 2546 "-" "Feedbin feed-id:590358 - 1 subscribers"
194.209.200.2 - - [23/Oct/2022:13:30:32 +0200] "GET /Ywesee/OpenSource HTTP/1.1" 200 10790 "-" "Mozilla/5.0 (compatible; TMMBot/0.2; +http://www.dslab.ch)/Nutch-1.15"
194.209.200.2 - - [23/Oct/2022:13:31:03 +0200] "GET /Main/2009 HTTP/1.1" 200 21688 "-" "Mozilla/5.0 (compatible; TMMBot/0.2; +http://www.dslab.ch)/Nutch-1.15"
194.209.200.2 - - [23/Oct/2022:13:31:19 +0200] "GET /Main/2005 HTTP/1.1" 200 63344 "-" "Mozilla/5.0 (compatible; TMMBot/0.2; +http://www.dslab.ch)/Nutch-1.15"
34.239.139.175 - - [23/Oct/2022:13:37:54 +0200] "GET /app-ads.txt HTTP/1.1" 404 274 "-" "Pixalate.com/1.0"
34.239.139.175 - - [23/Oct/2022:13:37:55 +0200] "GET /app-ads.txt HTTP/1.1" 404 270 "-" "Pixalate.com/1.0"
103.131.71.83 - - [23/Oct/2022:13:38:28 +0200] "GET /robots.txt HTTP/1.1" 200 - "-" "Mozilla/5.0 (compatible; coccocbot-web/1.0; +http://help.coccoc.com/searchengine)"
61.135.159.214 - - [23/Oct/2022:13:43:44 +0200] "GET / HTTP/1.1" 200 13326 "-" "Sogou web spider/4.0(+http://www.sogou.com/docs/help/webmasters.htm#07)"
77.88.5.211 - - [23/Oct/2022:13:45:01 +0200] "GET /robots.txt HTTP/1.1" 200 - "-" "Mozilla/5.0 (compatible; YandexBot/3.0; +http://yandex.com/bots)"
77.88.5.211 - - [23/Oct/2022:13:45:01 +0200] "GET /robots.txt HTTP/1.1" 200 - "-" "Mozilla/5.0 (compatible; YandexBot/3.0; +http://yandex.com/bots)"
5.45.207.138 - - [23/Oct/2022:13:45:02 +0200] "GET /robots.txt HTTP/1.1" 200 - "-" "Mozilla/5.0 (compatible; YandexBot/3.0; +http://yandex.com/bots)"
5.45.207.138 - - [23/Oct/2022:13:45:02 +0200] "GET /robots.txt HTTP/1.1" 200 - "-" "Mozilla/5.0 (compatible; YandexBot/3.0; +http://yandex.com/bots)"
77.88.5.211 - - [23/Oct/2022:13:45:05 +0200] "GET / HTTP/1.1" 200 13326 "-" "Mozilla/5.0 (compatible; YandexBot/3.0; +http://yandex.com/bots)"
77.88.5.211 - - [23/Oct/2022:13:45:37 +0200] "GET /robots.txt HTTP/1.1" 200 - "-" "Mozilla/5.0 (compatible; YandexBot/3.0; +http://yandex.com/bots)"
89.246.241.14 - - [23/Oct/2022:13:45:51 +0200] "GET / HTTP/1.1" 200 13326 "-" "Mozilla/5.0 (Windows NT 10.0; Win64; x64; rv:84.0) Gecko/20100101 Firefox/84.0"
194.209.200.2 - - [23/Oct/2022:13:47:56 +0200] "GET /robots.txt HTTP/1.1" 200 - "-" "Mozilla/5.0 (compatible; TMMBot/0.2; +http://www.dslab.ch)/Nutch-1.15"
194.209.200.2 - - [23/Oct/2022:13:56:58 +0200] "GET /robots.txt HTTP/1.1" 200 - "-" "Mozilla/5.0 (compatible; TMMBot/0.2; +http://www.dslab.ch)/Nutch-1.15"
194.209.200.2 - - [23/Oct/2022:13:56:58 +0200] "GET /Miele/MieleLXIV HTTP/1.1" 200 15367 "-" "Mozilla/5.0 (compatible; TMMBot/0.2; +http://www.dslab.ch)/Nutch-1.15"
194.209.200.2 - - [23/Oct/2022:13:59:39 +0200] "GET /Main/2013 HTTP/1.1" 200 20487 "-" "Mozilla/5.0 (compatible; TMMBot/0.2; +http://www.dslab.ch)/Nutch-1.15"
194.209.200.2 - - [23/Oct/2022:14:01:12 +0200] "GET /robots.txt HTTP/1.1" 200 - "-" "Mozilla/5.0 (compatible; TMMBot/0.2; +http://www.dslab.ch)/Nutch-1.15"
194.209.200.2 - - [23/Oct/2022:14:02:35 +0200] "GET /Ywesee/OpenSource HTTP/1.1" 200 10790 "-" "Mozilla/5.0 (compatible; TMMBot/0.2; +http://www.dslab.ch)/Nutch-1.15"
194.209.200.2 - - [23/Oct/2022:14:03:10 +0200] "GET /Main/2009 HTTP/1.1" 200 21688 "-" "Mozilla/5.0 (compatible; TMMBot/0.2; +http://www.dslab.ch)/Nutch-1.15"
194.209.200.2 - - [23/Oct/2022:14:03:26 +0200] "GET /Main/2005 HTTP/1.1" 200 63344 "-" "Mozilla/5.0 (compatible; TMMBot/0.2; +http://www.dslab.ch)/Nutch-1.15"
194.209.200.2 - - [23/Oct/2022:14:07:15 +0200] "GET /robots.txt HTTP/1.1" 200 - "-" "Mozilla/5.0 (compatible; TMMBot/0.2; +http://www.dslab.ch)/Nutch-1.15"
64.71.157.121 - - [23/Oct/2022:14:11:00 +0200] "GET /pmwiki.php/Site/AllRecentChanges?action=rss HTTP/1.1" 200 2546 "-" "Feedbin feed-id:590358 - 1 subscribers"
66.249.93.176 - - [23/Oct/2022:14:17:41 +0200] "HEAD /pmwiki.php/Site/AllRecentChanges?action=rss HTTP/1.1" 200 - "-" "FeedBurner/1.0 (http://www.FeedBurner.com)"
66.249.93.178 - - [23/Oct/2022:14:17:41 +0200] "GET /pmwiki.php/Site/AllRecentChanges?action=rss HTTP/1.1" 200 2546 "-" "FeedBurner/1.0 (http://www.FeedBurner.com)"
94.74.127.96 - - [23/Oct/2022:14:26:50 +0200] "GET / HTTP/1.1" 200 13326 "-" "Mozilla/5.0 (Windows NT 10.0; WOW64) AppleWebKit/537.36 (KHTML, like Gecko) Chrome/63.0.3239.132 Safari/537.36"
20.168.14.120 - - [23/Oct/2022:14:29:00 +0200] "GET / HTTP/1.1" 200 13326 "-" "Mozilla/5.0 (Linux; Android 10; M2004J19C) AppleWebKit/537.36 (KHTML, like Gecko) Chrome/91.0.4472.77 Mobile Safari/537.36"
194.209.200.2 - - [23/Oct/2022:14:29:01 +0200] "GET /robots.txt HTTP/1.1" 200 - "-" "Mozilla/5.0 (compatible; TMMBot/0.2; +http://www.dslab.ch)/Nutch-1.15"
194.209.200.2 - - [23/Oct/2022:14:29:58 +0200] "GET /robots.txt HTTP/1.1" 200 - "-" "Mozilla/5.0 (compatible; TMMBot/0.2; +http://www.dslab.ch)/Nutch-1.15"
194.209.200.2 - - [23/Oct/2022:14:29:58 +0200] "GET /Miele/MieleLXIV HTTP/1.1" 200 15367 "-" "Mozilla/5.0 (compatible; TMMBot/0.2; +http://www.dslab.ch)/Nutch-1.15"
194.209.200.2 - - [23/Oct/2022:14:32:21 +0200] "GET /Main/2013 HTTP/1.1" 200 20487 "-" "Mozilla/5.0 (compatible; TMMBot/0.2; +http://www.dslab.ch)/Nutch-1.15"
194.209.200.2 - - [23/Oct/2022:14:33:41 +0200] "GET /robots.txt HTTP/1.1" 200 - "-" "Mozilla/5.0 (compatible; TMMBot/0.2; +http://www.dslab.ch)/Nutch-1.15"
54.80.54.119 - - [23/Oct/2022:14:34:11 +0200] "GET / HTTP/1.1" 200 13326 "http://ywesee.com/" "Mozilla/5.0 (Macintosh; Intel Mac OS X 10_10_0) AppleWebKit/537.36 (KHTML, like Gecko) Chrome/39.0.2171.95 Safari/537.36"
194.209.200.2 - - [23/Oct/2022:14:35:00 +0200] "GET /Ywesee/OpenSource HTTP/1.1" 200 10790 "-" "Mozilla/5.0 (compatible; TMMBot/0.2; +http://www.dslab.ch)/Nutch-1.15"
194.209.200.2 - - [23/Oct/2022:14:35:32 +0200] "GET /Main/2009 HTTP/1.1" 200 21688 "-" "Mozilla/5.0 (compatible; TMMBot/0.2; +http://www.dslab.ch)/Nutch-1.15"
194.209.200.2 - - [23/Oct/2022:14:35:47 +0200] "GET /Main/2005 HTTP/1.1" 200 63344 "-" "Mozilla/5.0 (compatible; TMMBot/0.2; +http://www.dslab.ch)/Nutch-1.15"
66.249.93.176 - - [23/Oct/2022:14:42:01 +0200] "HEAD /pmwiki.php/Site/AllRecentChanges?action=rss HTTP/1.1" 200 - "-" "FeedBurner/1.0 (http://www.FeedBurner.com)"
66.249.93.174 - - [23/Oct/2022:14:42:01 +0200] "GET /pmwiki.php/Site/AllRecentChanges?action=rss HTTP/1.1" 200 2546 "-" "FeedBurner/1.0 (http://www.FeedBurner.com)"
216.244.66.238 - - [23/Oct/2022:14:45:04 +0200] "GET /robots.txt HTTP/1.1" 200 - "-" "Mozilla/5.0 (compatible; DotBot/1.2; +https://opensiteexplorer.org/dotbot; help@moz.com)"
194.209.200.2 - - [23/Oct/2022:14:50:27 +0200] "GET /robots.txt HTTP/1.1" 200 - "-" "Mozilla/5.0 (compatible; TMMBot/0.2; +http://www.dslab.ch)/Nutch-1.15"
216.244.66.238 - - [23/Oct/2022:14:51:10 +0200] "GET /Miele/MieleLXIV?action=upload HTTP/1.1" 403 18 "-" "Mozilla/5.0 (compatible; DotBot/1.2; +https://opensiteexplorer.org/dotbot; help@moz.com)"
64.71.157.114 - - [23/Oct/2022:14:52:48 +0200] "GET /pmwiki.php/Site/AllRecentChanges?action=rss HTTP/1.1" 200 2546 "-" "Feedbin feed-id:590358 - 1 subscribers"
54.36.149.27 - - [23/Oct/2022:14:56:46 +0200] "GET / HTTP/1.1" 200 13326 "-" "Mozilla/5.0 (compatible; AhrefsBot/7.0; +http://ahrefs.com/robot/)"
194.209.200.2 - - [23/Oct/2022:15:02:06 +0200] "GET /robots.txt HTTP/1.1" 200 - "-" "Mozilla/5.0 (compatible; TMMBot/0.2; +http://www.dslab.ch)/Nutch-1.15"
194.209.200.2 - - [23/Oct/2022:15:02:06 +0200] "GET /Miele/MieleLXIV HTTP/1.1" 200 15367 "-" "Mozilla/5.0 (compatible; TMMBot/0.2; +http://www.dslab.ch)/Nutch-1.15"
77.75.79.31 - - [23/Oct/2022:15:02:34 +0200] "GET /robots.txt HTTP/1.1" 200 - "-" "Mozilla/5.0 (compatible; SeznamBot/4.0-RC1; +http://napoveda.seznam.cz/seznambot-intro/)"
77.75.79.31 - - [23/Oct/2022:15:02:34 +0200] "GET /Ywesee/YDPM HTTP/1.1" 200 8463 "-" "Mozilla/5.0 (compatible; SeznamBot/4.0-RC1; +http://napoveda.seznam.cz/seznambot-intro/)"
194.209.200.2 - - [23/Oct/2022:15:03:58 +0200] "GET /ODDB/IndividuelleMediliste HTTP/1.1" 200 9139 "-" "Mozilla/5.0 (compatible; TMMBot/0.2; +http://www.dslab.ch)/Nutch-1.15"
85.208.98.18 - - [23/Oct/2022:15:04:15 +0200] "GET / HTTP/1.1" 200 13326 "-" "Mozilla/5.0 (compatible; SemrushBot; +http://www.semrush.com/bot.html)"
194.209.200.2 - - [23/Oct/2022:15:04:26 +0200] "GET /Main/2017 HTTP/1.1" 200 15840 "-" "Mozilla/5.0 (compatible; TMMBot/0.2; +http://www.dslab.ch)/Nutch-1.15"
85.208.98.18 - - [23/Oct/2022:15:04:32 +0200] "GET /robots.txt HTTP/1.1" 200 - "http://www.ywesee.com/robots.txt" "Mozilla/5.0 (compatible; SemrushBot; +http://www.semrush.com/bot.html)"
85.208.98.18 - - [23/Oct/2022:15:04:37 +0200] "HEAD /Main/Home?action=edit HTTP/1.1" 403 - "-" "Mozilla/5.0 (compatible; SemrushBot; +http://www.semrush.com/bot.html)"
85.208.98.18 - - [23/Oct/2022:15:04:37 +0200] "HEAD /Main/Home?action=upload HTTP/1.1" 403 - "-" "Mozilla/5.0 (compatible; SemrushBot; +http://www.semrush.com/bot.html)"
85.208.98.18 - - [23/Oct/2022:15:04:37 +0200] "HEAD /Software/XMLConv HTTP/1.1" 200 - "-" "Mozilla/5.0 (compatible; SemrushBot; +http://www.semrush.com/bot.html)"
85.208.98.18 - - [23/Oct/2022:15:04:37 +0200] "HEAD /Oddb2xml/Index HTTP/1.1" 200 - "-" "Mozilla/5.0 (compatible; SemrushBot; +http://www.semrush.com/bot.html)"
85.208.98.18 - - [23/Oct/2022:15:04:37 +0200] "HEAD /Ywesee/Kontakt HTTP/1.1" 200 - "-" "Mozilla/5.0 (compatible; SemrushBot; +http://www.semrush.com/bot.html)"
85.208.98.18 - - [23/Oct/2022:15:04:37 +0200] "HEAD /AmiKo/Windows HTTP/1.1" 200 - "-" "Mozilla/5.0 (compatible; SemrushBot; +http://www.semrush.com/bot.html)"
85.208.98.18 - - [23/Oct/2022:15:04:37 +0200] "HEAD /Software/ODDB HTTP/1.1" 200 - "-" "Mozilla/5.0 (compatible; SemrushBot; +http://www.semrush.com/bot.html)"
85.208.98.18 - - [23/Oct/2022:15:04:37 +0200] "HEAD /Ywesee/Team HTTP/1.1" 200 - "-" "Mozilla/5.0 (compatible; SemrushBot; +http://www.semrush.com/bot.html)"
85.208.98.18 - - [23/Oct/2022:15:04:37 +0200] "HEAD /Main/2020 HTTP/1.1" 200 - "-" "Mozilla/5.0 (compatible; SemrushBot; +http://www.semrush.com/bot.html)"
85.208.98.18 - - [23/Oct/2022:15:04:37 +0200] "HEAD /Main/2018 HTTP/1.1" 200 - "-" "Mozilla/5.0 (compatible; SemrushBot; +http://www.semrush.com/bot.html)"
85.208.98.18 - - [23/Oct/2022:15:04:37 +0200] "HEAD /AmiKo/Linux HTTP/1.1" 200 - "-" "Mozilla/5.0 (compatible; SemrushBot; +http://www.semrush.com/bot.html)"
85.208.98.18 - - [23/Oct/2022:15:04:37 +0200] "HEAD /Main/2017 HTTP/1.1" 200 - "-" "Mozilla/5.0 (compatible; SemrushBot; +http://www.semrush.com/bot.html)"
85.208.98.18 - - [23/Oct/2022:15:04:37 +0200] "HEAD /Ywesee/About HTTP/1.1" 200 - "-" "Mozilla/5.0 (compatible; SemrushBot; +http://www.semrush.com/bot.html)"
85.208.98.18 - - [23/Oct/2022:15:04:37 +0200] "HEAD /Main/Home?action=upload HTTP/1.1" 403 - "-" "Mozilla/5.0 (compatible; SemrushBot; +http://www.semrush.com/bot.html)"
85.208.98.18 - - [23/Oct/2022:15:04:37 +0200] "HEAD /Software/BBMB HTTP/1.1" 200 - "-" "Mozilla/5.0 (compatible; SemrushBot; +http://www.semrush.com/bot.html)"
85.208.98.18 - - [23/Oct/2022:15:04:37 +0200] "HEAD /Main/Home HTTP/1.1" 200 - "-" "Mozilla/5.0 (compatible; SemrushBot; +http://www.semrush.com/bot.html)"
85.208.98.18 - - [23/Oct/2022:15:04:37 +0200] "HEAD /Main/2019 HTTP/1.1" 200 - "-" "Mozilla/5.0 (compatible; SemrushBot; +http://www.semrush.com/bot.html)"
85.208.98.18 - - [23/Oct/2022:15:04:37 +0200] "HEAD /Main/2008 HTTP/1.1" 200 - "-" "Mozilla/5.0 (compatible; SemrushBot; +http://www.semrush.com/bot.html)"
85.208.98.18 - - [23/Oct/2022:15:04:37 +0200] "HEAD /AmiKo/Web HTTP/1.1" 200 - "-" "Mozilla/5.0 (compatible; SemrushBot; +http://www.semrush.com/bot.html)"
85.208.98.18 - - [23/Oct/2022:15:04:37 +0200] "HEAD /Main/Home HTTP/1.1" 200 - "-" "Mozilla/5.0 (compatible; SemrushBot; +http://www.semrush.com/bot.html)"
85.208.98.18 - - [23/Oct/2022:15:04:37 +0200] "HEAD /Ywesee/InfoCodex HTTP/1.1" 200 - "-" "Mozilla/5.0 (compatible; SemrushBot; +http://www.semrush.com/bot.html)"
85.208.98.18 - - [23/Oct/2022:15:04:37 +0200] "HEAD /ODDB/StammdatenCH HTTP/1.1" 200 - "-" "Mozilla/5.0 (compatible; SemrushBot; +http://www.semrush.com/bot.html)"
85.208.98.18 - - [23/Oct/2022:15:04:37 +0200] "HEAD /AmiKo/OSX HTTP/1.1" 200 - "-" "Mozilla/5.0 (compatible; SemrushBot; +http://www.semrush.com/bot.html)"
85.208.98.18 - - [23/Oct/2022:15:04:37 +0200] "HEAD /Main/Home HTTP/1.1" 200 - "-" "Mozilla/5.0 (compatible; SemrushBot; +http://www.semrush.com/bot.html)"
85.208.98.18 - - [23/Oct/2022:15:04:37 +0200] "HEAD /AmiKo/IOS HTTP/1.1" 200 - "-" "Mozilla/5.0 (compatible; SemrushBot; +http://www.semrush.com/bot.html)"
85.208.98.18 - - [23/Oct/2022:15:04:37 +0200] "HEAD /Main/SearchWiki HTTP/1.1" 200 - "-" "Mozilla/5.0 (compatible; SemrushBot; +http://www.semrush.com/bot.html)"
85.208.98.18 - - [23/Oct/2022:15:04:37 +0200] "HEAD /Main/2010 HTTP/1.1" 200 - "-" "Mozilla/5.0 (compatible; SemrushBot; +http://www.semrush.com/bot.html)"
85.208.98.18 - - [23/Oct/2022:15:04:37 +0200] "HEAD /Site/AllRecentChanges?action=rss HTTP/1.1" 200 - "-" "Mozilla/5.0 (compatible; SemrushBot; +http://www.semrush.com/bot.html)"
85.208.98.18 - - [23/Oct/2022:15:04:37 +0200] "HEAD /Main/Home?action=print HTTP/1.1" 403 - "-" "Mozilla/5.0 (compatible; SemrushBot; +http://www.semrush.com/bot.html)"
85.208.98.18 - - [23/Oct/2022:15:04:37 +0200] "HEAD /ODDB/IntegrationLookAmpFeelGenerikasuche HTTP/1.1" 200 - "-" "Mozilla/5.0 (compatible; SemrushBot; +http://www.semrush.com/bot.html)"
85.208.98.18 - - [23/Oct/2022:15:04:37 +0200] "HEAD /Main/2014 HTTP/1.1" 200 - "-" "Mozilla/5.0 (compatible; SemrushBot; +http://www.semrush.com/bot.html)"
85.208.98.18 - - [23/Oct/2022:15:04:37 +0200] "HEAD /Main/2006 HTTP/1.1" 200 - "-" "Mozilla/5.0 (compatible; SemrushBot; +http://www.semrush.com/bot.html)"
85.208.98.18 - - [23/Oct/2022:15:04:38 +0200] "HEAD /Main/Home?action=edit HTTP/1.1" 403 - "-" "Mozilla/5.0 (compatible; SemrushBot; +http://www.semrush.com/bot.html)"
85.208.98.18 - - [23/Oct/2022:15:04:38 +0200] "HEAD /Main/2004 HTTP/1.1" 200 - "-" "Mozilla/5.0 (compatible; SemrushBot; +http://www.semrush.com/bot.html)"
85.208.98.18 - - [23/Oct/2022:15:04:38 +0200] "HEAD /Main/Home?n=Main.SideBar?action=edit HTTP/1.1" 403 - "-" "Mozilla/5.0 (compatible; SemrushBot; +http://www.semrush.com/bot.html)"
85.208.98.18 - - [23/Oct/2022:15:04:38 +0200] "HEAD / HTTP/1.1" 200 - "-" "Mozilla/5.0 (compatible; SemrushBot; +http://www.semrush.com/bot.html)"
85.208.98.18 - - [23/Oct/2022:15:04:38 +0200] "HEAD /Main/2021 HTTP/1.1" 200 - "-" "Mozilla/5.0 (compatible; SemrushBot; +http://www.semrush.com/bot.html)"
85.208.98.18 - - [23/Oct/2022:15:04:38 +0200] "HEAD /Generikacc/App HTTP/1.1" 200 - "-" "Mozilla/5.0 (compatible; SemrushBot; +http://www.semrush.com/bot.html)"
85.208.98.18 - - [23/Oct/2022:15:04:38 +0200] "HEAD /Main/Home?action=print HTTP/1.1" 403 - "-" "Mozilla/5.0 (compatible; SemrushBot; +http://www.semrush.com/bot.html)"
85.208.98.18 - - [23/Oct/2022:15:04:38 +0200] "HEAD /Software/YDIM HTTP/1.1" 200 - "-" "Mozilla/5.0 (compatible; SemrushBot; +http://www.semrush.com/bot.html)"
85.208.98.18 - - [23/Oct/2022:15:04:38 +0200] "HEAD /Main/DocumedGalenicaVsYwesee HTTP/1.1" 200 - "-" "Mozilla/5.0 (compatible; SemrushBot; +http://www.semrush.com/bot.html)"
85.208.98.18 - - [23/Oct/2022:15:04:38 +0200] "HEAD /Main/2011 HTTP/1.1" 200 - "-" "Mozilla/5.0 (compatible; SemrushBot; +http://www.semrush.com/bot.html)"
85.208.98.18 - - [23/Oct/2022:15:04:38 +0200] "HEAD /Main/2007 HTTP/1.1" 200 - "-" "Mozilla/5.0 (compatible; SemrushBot; +http://www.semrush.com/bot.html)"
85.208.98.18 - - [23/Oct/2022:15:04:38 +0200] "HEAD /AmiKo/Android HTTP/1.1" 200 - "-" "Mozilla/5.0 (compatible; SemrushBot; +http://www.semrush.com/bot.html)"
85.208.98.18 - - [23/Oct/2022:15:04:38 +0200] "HEAD /Software/Spreadsheet HTTP/1.1" 200 - "-" "Mozilla/5.0 (compatible; SemrushBot; +http://www.semrush.com/bot.html)"
85.208.98.18 - - [23/Oct/2022:15:04:38 +0200] "HEAD /Main/2012 HTTP/1.1" 200 - "-" "Mozilla/5.0 (compatible; SemrushBot; +http://www.semrush.com/bot.html)"
85.208.98.18 - - [23/Oct/2022:15:04:38 +0200] "HEAD /Main/2015 HTTP/1.1" 200 - "-" "Mozilla/5.0 (compatible; SemrushBot; +http://www.semrush.com/bot.html)"
85.208.98.18 - - [23/Oct/2022:15:04:38 +0200] "HEAD /uploads/Main/B-2597_2017_fr.pdf HTTP/1.1" 200 - "-" "Mozilla/5.0 (compatible; SemrushBot; +http://www.semrush.com/bot.html)"
85.208.98.18 - - [23/Oct/2022:15:04:38 +0200] "HEAD /uploads/Main/B-2597_2017.pdf HTTP/1.1" 200 - "-" "Mozilla/5.0 (compatible; SemrushBot; +http://www.semrush.com/bot.html)"
85.208.98.18 - - [23/Oct/2022:15:04:38 +0200] "HEAD /ODDB/IndividuelleMediliste HTTP/1.1" 200 - "-" "Mozilla/5.0 (compatible; SemrushBot; +http://www.semrush.com/bot.html)"
85.208.98.18 - - [23/Oct/2022:15:04:38 +0200] "HEAD /Main/Home?action=diff HTTP/1.1" 403 - "-" "Mozilla/5.0 (compatible; SemrushBot; +http://www.semrush.com/bot.html)"
85.208.98.18 - - [23/Oct/2022:15:04:38 +0200] "HEAD /Main/Home?action=diff HTTP/1.1" 403 - "-" "Mozilla/5.0 (compatible; SemrushBot; +http://www.semrush.com/bot.html)"
85.208.98.18 - - [23/Oct/2022:15:04:38 +0200] "HEAD /Main/2005 HTTP/1.1" 200 - "-" "Mozilla/5.0 (compatible; SemrushBot; +http://www.semrush.com/bot.html)"
85.208.98.18 - - [23/Oct/2022:15:04:38 +0200] "HEAD /Ywesee/OpenSource HTTP/1.1" 200 - "-" "Mozilla/5.0 (compatible; SemrushBot; +http://www.semrush.com/bot.html)"
85.208.98.18 - - [23/Oct/2022:15:04:38 +0200] "HEAD /Ywesee/Events HTTP/1.1" 200 - "-" "Mozilla/5.0 (compatible; SemrushBot; +http://www.semrush.com/bot.html)"
85.208.98.18 - - [23/Oct/2022:15:04:38 +0200] "HEAD /Main/2013 HTTP/1.1" 200 - "-" "Mozilla/5.0 (compatible; SemrushBot; +http://www.semrush.com/bot.html)"
85.208.98.18 - - [23/Oct/2022:15:04:38 +0200] "HEAD /Software/SoftwareRaid HTTP/1.1" 200 - "-" "Mozilla/5.0 (compatible; SemrushBot; +http://www.semrush.com/bot.html)"
85.208.98.18 - - [23/Oct/2022:15:04:38 +0200] "HEAD /Main/SideBar?action=edit HTTP/1.1" 403 - "-" "Mozilla/5.0 (compatible; SemrushBot; +http://www.semrush.com/bot.html)"
85.208.98.18 - - [23/Oct/2022:15:04:38 +0200] "HEAD /Main/2009 HTTP/1.1" 200 - "-" "Mozilla/5.0 (compatible; SemrushBot; +http://www.semrush.com/bot.html)"
85.208.98.18 - - [23/Oct/2022:15:04:38 +0200] "HEAD /pmwiki.php?n=Software.WikiS HTTP/1.1" 200 - "http://www.ywesee.com/pmwiki.php?n=Software.WikiS" "Mozilla/5.0 (compatible; SemrushBot; +http://www.semrush.com/bot.html)"
85.208.98.18 - - [23/Oct/2022:15:04:38 +0200] "HEAD /Main/2016 HTTP/1.1" 200 - "-" "Mozilla/5.0 (compatible; SemrushBot; +http://www.semrush.com/bot.html)"
194.209.200.2 - - [23/Oct/2022:15:04:45 +0200] "GET /Main/2013 HTTP/1.1" 200 20487 "-" "Mozilla/5.0 (compatible; TMMBot/0.2; +http://www.dslab.ch)/Nutch-1.15"
216.244.66.238 - - [23/Oct/2022:15:05:54 +0200] "GET /Miele/MieleLXIVScreenshots?action=edit HTTP/1.1" 403 18 "-" "Mozilla/5.0 (compatible; DotBot/1.2; +https://opensiteexplorer.org/dotbot; help@moz.com)"
194.209.200.2 - - [23/Oct/2022:15:06:12 +0200] "GET /robots.txt HTTP/1.1" 200 - "-" "Mozilla/5.0 (compatible; TMMBot/0.2; +http://www.dslab.ch)/Nutch-1.15"
194.209.200.2 - - [23/Oct/2022:15:07:41 +0200] "GET /Ywesee/OpenSource HTTP/1.1" 200 10790 "-" "Mozilla/5.0 (compatible; TMMBot/0.2; +http://www.dslab.ch)/Nutch-1.15"
194.209.200.2 - - [23/Oct/2022:15:08:18 +0200] "GET /Main/2009 HTTP/1.1" 200 21688 "-" "Mozilla/5.0 (compatible; TMMBot/0.2; +http://www.dslab.ch)/Nutch-1.15"
194.209.200.2 - - [23/Oct/2022:15:08:35 +0200] "GET /Main/2005 HTTP/1.1" 200 63344 "-" "Mozilla/5.0 (compatible; TMMBot/0.2; +http://www.dslab.ch)/Nutch-1.15"
194.209.200.2 - - [23/Oct/2022:15:08:59 +0200] "GET /robots.txt HTTP/1.1" 200 - "-" "Mozilla/5.0 (compatible; TMMBot/0.2; +http://www.dslab.ch)/Nutch-1.15"
54.36.149.9 - - [23/Oct/2022:15:12:25 +0200] "GET / HTTP/1.1" 200 13326 "-" "Mozilla/5.0 (compatible; AhrefsBot/7.0; +http://ahrefs.com/robot/)"
89.246.241.14 - - [23/Oct/2022:15:18:40 +0200] "GET /Ywesee/Team HTTP/1.1" 200 18245 "-" "Mozilla/5.0 (Windows NT 10.0; Win64; x64; rv:84.0) Gecko/20100101 Firefox/84.0"
89.246.241.14 - - [23/Oct/2022:15:19:07 +0200] "GET /pmwiki.php?n=Ywesee.HtmlGrid HTTP/1.1" 200 8494 "-" "Mozilla/5.0 (Windows NT 10.0; Win64; x64; rv:84.0) Gecko/20100101 Firefox/84.0"
77.75.79.119 - - [23/Oct/2022:15:23:34 +0200] "GET /Ywesee/BitcoinBlockchain HTTP/1.1" 200 9811 "-" "Mozilla/5.0 (compatible; SeznamBot/4.0-RC1; +http://napoveda.seznam.cz/seznambot-intro/)"
66.249.76.239 - - [23/Oct/2022:15:24:17 +0200] "GET /ads.txt HTTP/1.1" 404 266 "-" "Mozilla/5.0 (compatible; Googlebot/2.1; +http://www.google.com/bot.html)"
194.209.200.2 - - [23/Oct/2022:15:26:29 +0200] "GET /robots.txt HTTP/1.1" 200 - "-" "Mozilla/5.0 (compatible; TMMBot/0.2; +http://www.dslab.ch)/Nutch-1.15"
89.246.241.14 - - [23/Oct/2022:15:28:13 +0200] "GET /Main/Home?action=edit HTTP/1.1" 200 9271 "-" "Mozilla/5.0 (Windows NT 10.0; Win64; x64; rv:84.0) Gecko/20100101 Firefox/84.0"
89.246.241.14 - - [23/Oct/2022:15:28:18 +0200] "GET /ODDB/IntegrationLookAmpFeelGenerikasuche HTTP/1.1" 200 9097 "-" "Mozilla/5.0 (Windows NT 10.0; Win64; x64; rv:84.0) Gecko/20100101 Firefox/84.0"
54.36.148.72 - - [23/Oct/2022:15:33:40 +0200] "GET /Main/Diovan HTTP/1.1" 200 9177 "-" "Mozilla/5.0 (compatible; AhrefsBot/7.0; +http://ahrefs.com/robot/)"
64.71.157.116 - - [23/Oct/2022:15:34:11 +0200] "GET /pmwiki.php/Site/AllRecentChanges?action=rss HTTP/1.1" 200 2546 "-" "Feedbin feed-id:590358 - 1 subscribers"
194.209.200.2 - - [23/Oct/2022:15:36:39 +0200] "GET /robots.txt HTTP/1.1" 200 - "-" "Mozilla/5.0 (compatible; TMMBot/0.2; +http://www.dslab.ch)/Nutch-1.15"
194.209.200.2 - - [23/Oct/2022:15:36:40 +0200] "GET /Miele/MieleLXIV HTTP/1.1" 200 15367 "-" "Mozilla/5.0 (compatible; TMMBot/0.2; +http://www.dslab.ch)/Nutch-1.15"
66.249.93.176 - - [23/Oct/2022:15:37:06 +0200] "HEAD /pmwiki.php/Site/AllRecentChanges?action=rss HTTP/1.1" 200 - "-" "FeedBurner/1.0 (http://www.FeedBurner.com)"
66.249.93.178 - - [23/Oct/2022:15:37:09 +0200] "GET /pmwiki.php/Site/AllRecentChanges?action=rss HTTP/1.1" 200 2546 "-" "FeedBurner/1.0 (http://www.FeedBurner.com)"
89.246.241.14 - - [23/Oct/2022:15:37:16 +0200] "GET /Ywesee/OpenSource HTTP/1.1" 200 10790 "-" "Mozilla/5.0 (Windows NT 10.0; Win64; x64; rv:84.0) Gecko/20100101 Firefox/84.0"
194.209.200.2 - - [23/Oct/2022:15:39:10 +0200] "GET /Main/2013 HTTP/1.1" 200 20487 "-" "Mozilla/5.0 (compatible; TMMBot/0.2; +http://www.dslab.ch)/Nutch-1.15"
194.209.200.2 - - [23/Oct/2022:15:40:34 +0200] "GET /robots.txt HTTP/1.1" 200 - "-" "Mozilla/5.0 (compatible; TMMBot/0.2; +http://www.dslab.ch)/Nutch-1.15"
194.209.200.2 - - [23/Oct/2022:15:41:53 +0200] "GET /Ywesee/OpenSource HTTP/1.1" 200 10790 "-" "Mozilla/5.0 (compatible; TMMBot/0.2; +http://www.dslab.ch)/Nutch-1.15"
185.191.171.33 - - [23/Oct/2022:15:42:09 +0200] "GET /robots.txt HTTP/1.1" 200 - "-" "Mozilla/5.0 (compatible; SemrushBot/7~bl; +http://www.semrush.com/bot.html)"
185.191.171.43 - - [23/Oct/2022:15:42:10 +0200] "GET /pmwiki.php/Ywesee/KindleOniPhone HTTP/1.1" 200 10311 "-" "Mozilla/5.0 (compatible; SemrushBot/7~bl; +http://www.semrush.com/bot.html)"
194.209.200.2 - - [23/Oct/2022:15:42:25 +0200] "GET /Main/2009 HTTP/1.1" 200 21688 "-" "Mozilla/5.0 (compatible; TMMBot/0.2; +http://www.dslab.ch)/Nutch-1.15"
194.209.200.2 - - [23/Oct/2022:15:42:42 +0200] "GET /Main/2005 HTTP/1.1" 200 63344 "-" "Mozilla/5.0 (compatible; TMMBot/0.2; +http://www.dslab.ch)/Nutch-1.15"
194.209.200.2 - - [23/Oct/2022:15:42:45 +0200] "GET /Main/2018 HTTP/1.1" 200 15425 "-" "Mozilla/5.0 (compatible; TMMBot/0.2; +http://www.dslab.ch)/Nutch-1.15"
54.36.148.80 - - [23/Oct/2022:15:43:32 +0200] "GET /Main/OmixOcas HTTP/1.1" 200 8792 "-" "Mozilla/5.0 (compatible; AhrefsBot/7.0; +http://ahrefs.com/robot/)"
184.94.240.88 - - [23/Oct/2022:15:44:24 +0200] "GET / HTTP/1.1" 200 13326 "-" "Mozilla/5.0 (Windows NT 10.0; Win64; x64; rv:65.0) Gecko/20100101 Firefox/65.0"
194.209.200.2 - - [23/Oct/2022:15:44:58 +0200] "GET /robots.txt HTTP/1.1" 200 - "-" "Mozilla/5.0 (compatible; TMMBot/0.2; +http://www.dslab.ch)/Nutch-1.15"
89.246.241.14 - - [23/Oct/2022:15:50:57 +0200] "GET /Ywesee/Events HTTP/1.1" 200 8918 "-" "Mozilla/5.0 (Windows NT 10.0; Win64; x64; rv:84.0) Gecko/20100101 Firefox/84.0"
54.36.148.79 - - [23/Oct/2022:16:01:04 +0200] "GET /Pic2Shop/BarcodeScanner HTTP/1.1" 200 8908 "-" "Mozilla/5.0 (compatible; AhrefsBot/7.0; +http://ahrefs.com/robot/)"
194.209.200.2 - - [23/Oct/2022:16:08:01 +0200] "GET /robots.txt HTTP/1.1" 200 - "-" "Mozilla/5.0 (compatible; TMMBot/0.2; +http://www.dslab.ch)/Nutch-1.15"
194.209.200.2 - - [23/Oct/2022:16:08:01 +0200] "GET /Miele/MieleLXIV HTTP/1.1" 200 15367 "-" "Mozilla/5.0 (compatible; TMMBot/0.2; +http://www.dslab.ch)/Nutch-1.15"
64.71.157.116 - - [23/Oct/2022:16:10:13 +0200] "GET /pmwiki.php/Site/AllRecentChanges?action=rss HTTP/1.1" 200 2546 "-" "Feedbin feed-id:590358 - 1 subscribers"
194.209.200.2 - - [23/Oct/2022:16:10:22 +0200] "GET /Main/2013 HTTP/1.1" 200 20487 "-" "Mozilla/5.0 (compatible; TMMBot/0.2; +http://www.dslab.ch)/Nutch-1.15"
194.209.200.2 - - [23/Oct/2022:16:11:40 +0200] "GET /robots.txt HTTP/1.1" 200 - "-" "Mozilla/5.0 (compatible; TMMBot/0.2; +http://www.dslab.ch)/Nutch-1.15"
194.209.200.2 - - [23/Oct/2022:16:12:56 +0200] "GET /Ywesee/OpenSource HTTP/1.1" 200 10790 "-" "Mozilla/5.0 (compatible; TMMBot/0.2; +http://www.dslab.ch)/Nutch-1.15"
194.209.200.2 - - [23/Oct/2022:16:13:29 +0200] "GET /Main/2009 HTTP/1.1" 200 21688 "-" "Mozilla/5.0 (compatible; TMMBot/0.2; +http://www.dslab.ch)/Nutch-1.15"
194.209.200.2 - - [23/Oct/2022:16:13:43 +0200] "GET /Main/2005 HTTP/1.1" 200 63344 "-" "Mozilla/5.0 (compatible; TMMBot/0.2; +http://www.dslab.ch)/Nutch-1.15"
194.209.200.2 - - [23/Oct/2022:16:13:47 +0200] "GET /Main/2018 HTTP/1.1" 200 15425 "-" "Mozilla/5.0 (compatible; TMMBot/0.2; +http://www.dslab.ch)/Nutch-1.15"
194.209.200.2 - - [23/Oct/2022:16:14:08 +0200] "GET /Main/2012 HTTP/1.1" 200 31941 "-" "Mozilla/5.0 (compatible; TMMBot/0.2; +http://www.dslab.ch)/Nutch-1.15"
89.246.241.14 - - [23/Oct/2022:16:16:09 +0200] "GET /Software/Spreadsheet HTTP/1.1" 200 8839 "-" "Mozilla/5.0 (Windows NT 10.0; Win64; x64; rv:84.0) Gecko/20100101 Firefox/84.0"
89.246.241.14 - - [23/Oct/2022:16:16:28 +0200] "GET /Software/ODDB HTTP/1.1" 200 10298 "-" "Mozilla/5.0 (Windows NT 10.0; Win64; x64; rv:84.0) Gecko/20100101 Firefox/84.0"
194.110.203.46 - - [23/Oct/2022:16:16:43 +0200] "GET /includes/database.bck HTTP/1.1" 404 280 "-" "Firefox"
89.246.241.14 - - [23/Oct/2022:16:21:39 +0200] "GET /ODDB/StammdatenCH HTTP/1.1" 200 9300 "-" "Mozilla/5.0 (Windows NT 10.0; Win64; x64; rv:84.0) Gecko/20100101 Firefox/84.0"
205.210.31.183 - - [23/Oct/2022:16:22:34 +0200] "GET / HTTP/1.1" 200 13326 "http://62.12.131.41:80/" "Expanse, a Palo Alto Networks company, searches across the global IPv4 space multiple times per day to identify customers&#39; presences on the Internet. If you would like to be excluded from our scans, please send IP addresses/domains to: scaninfo@paloaltonetworks.com"
89.246.241.14 - - [23/Oct/2022:16:22:37 +0200] "GET /Main/SideBar?action=edit HTTP/1.1" 200 9310 "-" "Mozilla/5.0 (Windows NT 10.0; Win64; x64; rv:84.0) Gecko/20100101 Firefox/84.0"
89.246.241.14 - - [23/Oct/2022:16:25:11 +0200] "GET /Software/YDIM HTTP/1.1" 200 8834 "-" "Mozilla/5.0 (Windows NT 10.0; Win64; x64; rv:84.0) Gecko/20100101 Firefox/84.0"
194.209.200.2 - - [23/Oct/2022:16:26:02 +0200] "GET /robots.txt HTTP/1.1" 200 - "-" "Mozilla/5.0 (compatible; TMMBot/0.2; +http://www.dslab.ch)/Nutch-1.15"
89.246.241.14 - - [23/Oct/2022:16:28:42 +0200] "GET /AmiKo/Index HTTP/1.1" 200 9511 "-" "Mozilla/5.0 (Windows NT 10.0; Win64; x64; rv:84.0) Gecko/20100101 Firefox/84.0"
66.249.93.174 - - [23/Oct/2022:16:34:33 +0200] "HEAD /pmwiki.php/Site/AllRecentChanges?action=rss HTTP/1.1" 200 - "-" "FeedBurner/1.0 (http://www.FeedBurner.com)"
66.249.93.178 - - [23/Oct/2022:16:34:33 +0200] "GET /pmwiki.php/Site/AllRecentChanges?action=rss HTTP/1.1" 200 2546 "-" "FeedBurner/1.0 (http://www.FeedBurner.com)"
89.246.241.14 - - [23/Oct/2022:16:36:19 +0200] "GET /Main/DocumedGalenicaVsYwesee HTTP/1.1" 200 35251 "-" "Mozilla/5.0 (Windows NT 10.0; Win64; x64; rv:84.0) Gecko/20100101 Firefox/84.0"
89.246.241.14 - - [23/Oct/2022:16:36:30 +0200] "GET /Main/DocumedGalenicaVsYwesee?action=edit HTTP/1.1" 200 9519 "-" "Mozilla/5.0 (Windows NT 10.0; Win64; x64; rv:84.0) Gecko/20100101 Firefox/84.0"
89.246.241.14 - - [23/Oct/2022:16:36:36 +0200] "GET /Main/DocumedGalenicaVsYwesee?n=Main.SideBar?action=edit HTTP/1.1" 200 9341 "-" "Mozilla/5.0 (Windows NT 10.0; Win64; x64; rv:84.0) Gecko/20100101 Firefox/84.0"
89.246.241.14 - - [23/Oct/2022:16:36:41 +0200] "GET /Main/DocumedGalenicaVsYwesee?action=upload HTTP/1.1" 200 8985 "-" "Mozilla/5.0 (Windows NT 10.0; Win64; x64; rv:84.0) Gecko/20100101 Firefox/84.0"
89.246.241.14 - - [23/Oct/2022:16:36:46 +0200] "GET /Main/DocumedGalenicaVsYwesee?action=print HTTP/1.1" 200 29761 "-" "Mozilla/5.0 (Windows NT 10.0; Win64; x64; rv:84.0) Gecko/20100101 Firefox/84.0"
89.246.241.14 - - [23/Oct/2022:16:36:52 +0200] "GET /Main/DocumedGalenicaVsYwesee?action=diff HTTP/1.1" 200 116300 "-" "Mozilla/5.0 (Windows NT 10.0; Win64; x64; rv:84.0) Gecko/20100101 Firefox/84.0"
185.191.171.18 - - [23/Oct/2022:16:37:57 +0200] "GET /OSX/CoMed HTTP/1.1" 200 8463 "-" "Mozilla/5.0 (compatible; SemrushBot/7~bl; +http://www.semrush.com/bot.html)"
194.209.200.2 - - [23/Oct/2022:16:40:29 +0200] "GET /robots.txt HTTP/1.1" 200 - "-" "Mozilla/5.0 (compatible; TMMBot/0.2; +http://www.dslab.ch)/Nutch-1.15"
194.209.200.2 - - [23/Oct/2022:16:40:29 +0200] "GET /Oddb2xml/Index HTTP/1.1" 200 8983 "-" "Mozilla/5.0 (compatible; TMMBot/0.2; +http://www.dslab.ch)/Nutch-1.15"
194.209.200.2 - - [23/Oct/2022:16:40:55 +0200] "GET /Miele/MieleLXIV HTTP/1.1" 200 15367 "-" "Mozilla/5.0 (compatible; TMMBot/0.2; +http://www.dslab.ch)/Nutch-1.15"
89.246.241.14 - - [23/Oct/2022:16:42:16 +0200] "GET /AmiKo/OSX HTTP/1.1" 200 9772 "-" "Mozilla/5.0 (Windows NT 10.0; Win64; x64; rv:84.0) Gecko/20100101 Firefox/84.0"
89.246.241.14 - - [23/Oct/2022:16:42:54 +0200] "GET /Generikacc/App HTTP/1.1" 200 11862 "-" "Mozilla/5.0 (Windows NT 10.0; Win64; x64; rv:84.0) Gecko/20100101 Firefox/84.0"
194.209.200.2 - - [23/Oct/2022:16:43:23 +0200] "GET /Main/2013 HTTP/1.1" 200 20487 "-" "Mozilla/5.0 (compatible; TMMBot/0.2; +http://www.dslab.ch)/Nutch-1.15"
194.209.200.2 - - [23/Oct/2022:16:44:46 +0200] "GET /robots.txt HTTP/1.1" 200 - "-" "Mozilla/5.0 (compatible; TMMBot/0.2; +http://www.dslab.ch)/Nutch-1.15"
194.209.200.2 - - [23/Oct/2022:16:46:09 +0200] "GET /Ywesee/OpenSource HTTP/1.1" 200 10790 "-" "Mozilla/5.0 (compatible; TMMBot/0.2; +http://www.dslab.ch)/Nutch-1.15"
89.246.241.14 - - [23/Oct/2022:16:46:20 +0200] "GET /CoMed/ASPP HTTP/1.1" 200 13118 "-" "Mozilla/5.0 (Windows NT 10.0; Win64; x64; rv:84.0) Gecko/20100101 Firefox/84.0"
194.209.200.2 - - [23/Oct/2022:16:46:43 +0200] "GET /Main/2009 HTTP/1.1" 200 21688 "-" "Mozilla/5.0 (compatible; TMMBot/0.2; +http://www.dslab.ch)/Nutch-1.15"
89.246.241.14 - - [23/Oct/2022:16:46:57 +0200] "GET /Software/BBMB HTTP/1.1" 200 9385 "-" "Mozilla/5.0 (Windows NT 10.0; Win64; x64; rv:84.0) Gecko/20100101 Firefox/84.0"
194.209.200.2 - - [23/Oct/2022:16:46:58 +0200] "GET /Main/2005 HTTP/1.1" 200 63344 "-" "Mozilla/5.0 (compatible; TMMBot/0.2; +http://www.dslab.ch)/Nutch-1.15"
194.209.200.2 - - [23/Oct/2022:16:47:01 +0200] "GET /Main/2018 HTTP/1.1" 200 15425 "-" "Mozilla/5.0 (compatible; TMMBot/0.2; +http://www.dslab.ch)/Nutch-1.15"
64.71.157.117 - - [23/Oct/2022:16:47:05 +0200] "GET /pmwiki.php/Site/AllRecentChanges?action=rss HTTP/1.1" 200 2546 "-" "Feedbin feed-id:590358 - 1 subscribers"
194.209.200.2 - - [23/Oct/2022:16:47:08 +0200] "GET /Main/2016 HTTP/1.1" 200 13689 "-" "Mozilla/5.0 (compatible; TMMBot/0.2; +http://www.dslab.ch)/Nutch-1.15"
37.139.53.20 - - [23/Oct/2022:16:55:03 +0200] "GET /Ywesee/About HTTP/1.0" 200 9132 "https://www.ywesee.com/Ywesee/About" "Mozilla/5.0 (Windows NT 10.0) AppleWebKit/537.36 (KHTML, like Gecko) Chrome/90.0.4430.72 Safari/537.36"
89.246.241.14 - - [23/Oct/2022:17:07:07 +0200] "GET /uploads/Main/amiko_owner_report_fr.html HTTP/1.1" 200 6637 "-" "Mozilla/5.0 (Windows NT 10.0; Win64; x64; rv:84.0) Gecko/20100101 Firefox/84.0"
89.246.241.14 - - [23/Oct/2022:17:08:55 +0200] "GET /AmiKo/IOS HTTP/1.1" 200 11930 "-" "Mozilla/5.0 (Windows NT 10.0; Win64; x64; rv:84.0) Gecko/20100101 Firefox/84.0"
77.75.77.119 - - [23/Oct/2022:17:11:58 +0200] "GET /pmwiki.php?n=Software.WikiS HTTP/1.1" 200 10036 "-" "Mozilla/5.0 (compatible; SeznamBot/4.0-RC1; +http://napoveda.seznam.cz/seznambot-intro/)"
147.78.47.233 - - [23/Oct/2022:17:12:28 +0200] "GET /wp-login.php HTTP/1.1" 404 271 "http://ywesee.org/wp-login.php" "Mozilla/5.0 (Windows NT 10.0; Win64; x64) AppleWebKit/537.36 (KHTML, like Gecko) Chrome/64.0.3282.140 Safari/537.36 Edge/18.17763"
147.78.47.233 - - [23/Oct/2022:17:12:45 +0200] "GET /wp-login.php HTTP/1.1" 404 271 "http://ywesee.net/wp-login.php" "Mozilla/5.0 (Windows NT 10.0; Win64; x64) AppleWebKit/537.36 (KHTML, like Gecko) Chrome/64.0.3282.140 Safari/537.36 Edge/18.17763"
194.209.200.2 - - [23/Oct/2022:17:14:04 +0200] "GET /robots.txt HTTP/1.1" 200 - "-" "Mozilla/5.0 (compatible; TMMBot/0.2; +http://www.dslab.ch)/Nutch-1.15"
194.209.200.2 - - [23/Oct/2022:17:14:04 +0200] "GET /Miele/MieleLXIV HTTP/1.1" 200 15367 "-" "Mozilla/5.0 (compatible; TMMBot/0.2; +http://www.dslab.ch)/Nutch-1.15"
54.84.192.51 - - [23/Oct/2022:17:15:29 +0200] "GET /keybase.txt HTTP/1.1" 200 2659 "-" "keybase-proofs/2.3.24"
54.153.178.91 - - [23/Oct/2022:17:15:39 +0200] "GET /wp-login.php HTTP/1.1" 404 271 "http://ywesee.org/wp-login.php" "Mozilla/5.0 (Windows NT 10.0; Win64; x64; rv:96.0) Gecko/20100101 Firefox/96"
194.209.200.2 - - [23/Oct/2022:17:16:25 +0200] "GET /Main/2013 HTTP/1.1" 200 20487 "-" "Mozilla/5.0 (compatible; TMMBot/0.2; +http://www.dslab.ch)/Nutch-1.15"
194.209.200.2 - - [23/Oct/2022:17:17:44 +0200] "GET /robots.txt HTTP/1.1" 200 - "-" "Mozilla/5.0 (compatible; TMMBot/0.2; +http://www.dslab.ch)/Nutch-1.15"
194.209.200.2 - - [23/Oct/2022:17:19:04 +0200] "GET /Ywesee/OpenSource HTTP/1.1" 200 10790 "-" "Mozilla/5.0 (compatible; TMMBot/0.2; +http://www.dslab.ch)/Nutch-1.15"
194.209.200.2 - - [23/Oct/2022:17:19:35 +0200] "GET /Main/2009 HTTP/1.1" 200 21688 "-" "Mozilla/5.0 (compatible; TMMBot/0.2; +http://www.dslab.ch)/Nutch-1.15"
194.209.200.2 - - [23/Oct/2022:17:19:49 +0200] "GET /Main/2005 HTTP/1.1" 200 63344 "-" "Mozilla/5.0 (compatible; TMMBot/0.2; +http://www.dslab.ch)/Nutch-1.15"
194.209.200.2 - - [23/Oct/2022:17:19:52 +0200] "GET /Main/2018 HTTP/1.1" 200 15425 "-" "Mozilla/5.0 (compatible; TMMBot/0.2; +http://www.dslab.ch)/Nutch-1.15"
18.234.155.74 - - [23/Oct/2022:17:19:57 +0200] "GET /Site/AllRecentChanges?action=rss HTTP/1.1" 200 2546 "https://www.google.com/" "Mozilla/5.0 (Windows NT 10.0; Win64; x64) AppleWebKit/537.36 (KHTML, like Gecko) Chrome/79.0.3945.130 Safari/537.36"
194.209.200.2 - - [23/Oct/2022:17:22:50 +0200] "GET /robots.txt HTTP/1.1" 200 - "-" "Mozilla/5.0 (compatible; TMMBot/0.2; +http://www.dslab.ch)/Nutch-1.15"
40.77.167.103 - - [23/Oct/2022:17:24:17 +0200] "GET /robots.txt HTTP/1.1" 200 - "-" "Mozilla/5.0 (compatible; bingbot/2.0; +http://www.bing.com/bingbot.htm)"
64.71.157.116 - - [23/Oct/2022:17:26:36 +0200] "GET /pmwiki.php/Site/AllRecentChanges?action=rss HTTP/1.1" 200 2546 "-" "Feedbin feed-id:590358 - 1 subscribers"
89.246.241.14 - - [23/Oct/2022:17:27:35 +0200] "GET /Main/Home?n=Main.SideBar?action=edit HTTP/1.1" 200 9322 "-" "Mozilla/5.0 (Windows NT 10.0; Win64; x64; rv:84.0) Gecko/20100101 Firefox/84.0"
190.171.170.94 - - [23/Oct/2022:17:28:31 +0200] "GET /wp-login.php HTTP/1.1" 404 271 "http://ywesee.net/wp-login.php" "Mozilla/5.0 (Windows NT 10.0; Win64; x64; rv:96.0) Gecko/20100101 Firefox/96"
42.236.17.212 - - [23/Oct/2022:17:36:06 +0200] "GET / HTTP/1.1" 200 13326 "-" "Mozilla/5.0 (iPhone; CPU OS 11_0 like Mac OS X) AppleWebKit/604.1.25 (KHTML, like Gecko) Version/11.0 Mobile/15A372 Safari/604.1"
42.236.17.212 - - [23/Oct/2022:17:36:08 +0200] "GET /pub/skins/ywesee/gila.css HTTP/1.1" 200 8276 "-" "Mozilla/5.0 (iPhone; CPU OS 11_0 like Mac OS X) AppleWebKit/604.1.25 (KHTML, like Gecko) Version/11.0 Mobile/15A372 Safari/604.1"
42.236.17.212 - - [23/Oct/2022:17:36:08 +0200] "GET /uploads/Main/yweseelogo.gif HTTP/1.1" 200 2982 "-" "Mozilla/5.0 (iPhone; CPU OS 11_0 like Mac OS X) AppleWebKit/604.1.25 (KHTML, like Gecko) Version/11.0 Mobile/15A372 Safari/604.1"
128.199.205.115 - - [23/Oct/2022:17:37:00 +0200] "GET /wp-login.php HTTP/1.1" 404 271 "http://ywesee.ch/wp-login.php" "Mozilla/5.0 (Windows NT 10.0; Win64; x64; rv:96.0) Gecko/20100101 Firefox/96"
54.36.148.76 - - [23/Oct/2022:17:38:56 +0200] "GET /Main/Gtin2atc HTTP/1.1" 200 9386 "-" "Mozilla/5.0 (compatible; AhrefsBot/7.0; +http://ahrefs.com/robot/)"
89.246.241.14 - - [23/Oct/2022:17:40:19 +0200] "GET /Main/Home?action=print HTTP/1.1" 200 8137 "-" "Mozilla/5.0 (Windows NT 10.0; Win64; x64; rv:84.0) Gecko/20100101 Firefox/84.0"
194.209.200.2 - - [23/Oct/2022:17:42:59 +0200] "GET /robots.txt HTTP/1.1" 200 - "-" "Mozilla/5.0 (compatible; TMMBot/0.2; +http://www.dslab.ch)/Nutch-1.15"
194.110.203.44 - - [23/Oct/2022:17:43:01 +0200] "GET /includes/database.php.bak HTTP/1.1" 404 284 "-" "Firefox"
185.191.171.39 - - [23/Oct/2022:17:44:03 +0200] "GET /robots.txt HTTP/1.1" 200 - "-" "Mozilla/5.0 (compatible; SemrushBot/7~bl; +http://www.semrush.com/bot.html)"
185.191.171.36 - - [23/Oct/2022:17:44:03 +0200] "GET /Oddb2xml/Version HTTP/1.1" 200 9879 "-" "Mozilla/5.0 (compatible; SemrushBot/7~bl; +http://www.semrush.com/bot.html)"
34.217.35.128 - - [23/Oct/2022:17:45:21 +0200] "GET / HTTP/1.1" 200 13326 "-" "Mozilla/5.0 (X11; Linux x86_64) AppleWebKit/537.36 (KHTML, like Gecko) Chrome/83.0.4103.97 Safari/537.36"
54.203.143.43 - - [23/Oct/2022:17:45:43 +0200] "GET /favicon.ico HTTP/1.1" 200 1406 "http://ywesee.net/favicon.ico" "Mozilla/5.0 (X11; Linux x86_64) AppleWebKit/537.36 (KHTML, like Gecko) Chrome/83.0.4103.97 Safari/537.36"
194.209.200.2 - - [23/Oct/2022:17:45:49 +0200] "GET /robots.txt HTTP/1.1" 200 - "-" "Mozilla/5.0 (compatible; TMMBot/0.2; +http://www.dslab.ch)/Nutch-1.15"
194.209.200.2 - - [23/Oct/2022:17:45:49 +0200] "GET /Miele/MieleLXIV HTTP/1.1" 200 15367 "-" "Mozilla/5.0 (compatible; TMMBot/0.2; +http://www.dslab.ch)/Nutch-1.15"
194.209.200.2 - - [23/Oct/2022:17:48:10 +0200] "GET /Main/2013 HTTP/1.1" 200 20487 "-" "Mozilla/5.0 (compatible; TMMBot/0.2; +http://www.dslab.ch)/Nutch-1.15"
194.209.200.2 - - [23/Oct/2022:17:49:32 +0200] "GET /robots.txt HTTP/1.1" 200 - "-" "Mozilla/5.0 (compatible; TMMBot/0.2; +http://www.dslab.ch)/Nutch-1.15"
194.209.200.2 - - [23/Oct/2022:17:50:49 +0200] "GET /Ywesee/OpenSource HTTP/1.1" 200 10790 "-" "Mozilla/5.0 (compatible; TMMBot/0.2; +http://www.dslab.ch)/Nutch-1.15"
194.209.200.2 - - [23/Oct/2022:17:51:22 +0200] "GET /Main/2009 HTTP/1.1" 200 21688 "-" "Mozilla/5.0 (compatible; TMMBot/0.2; +http://www.dslab.ch)/Nutch-1.15"
37.143.63.63 - - [23/Oct/2022:17:51:35 +0200] "GET /Main/Home?action=edit HTTP/1.1" 200 9271 "https://www.ywesee.com" "Mozilla/5.0 (Windows NT 10.0; Win64; x64) AppleWebKit/537.36 (KHTML, like Gecko) Chrome/62.0.3202.94 Safari/537.36"
194.209.200.2 - - [23/Oct/2022:17:51:38 +0200] "GET /Main/2005 HTTP/1.1" 200 63344 "-" "Mozilla/5.0 (compatible; TMMBot/0.2; +http://www.dslab.ch)/Nutch-1.15"
194.209.200.2 - - [23/Oct/2022:17:51:41 +0200] "GET /Main/2018 HTTP/1.1" 200 15425 "-" "Mozilla/5.0 (compatible; TMMBot/0.2; +http://www.dslab.ch)/Nutch-1.15"
102.165.1.229 - - [23/Oct/2022:17:51:44 +0200] "GET /AmiKo/Linux HTTP/1.1" 200 9217 "https://www.ywesee.com" "Mozilla/5.0 (Windows NT 10.0; Win64; x64) AppleWebKit/537.36 (KHTML, like Gecko) Chrome/62.0.3202.94 Safari/537.36"
154.13.48.126 - - [23/Oct/2022:17:52:47 +0200] "GET /AmiKo/Android HTTP/1.1" 200 10427 "https://www.ywesee.com" "Mozilla/5.0 (Windows NT 10.0; Win64; x64) AppleWebKit/537.36 (KHTML, like Gecko) Chrome/62.0.3202.94 Safari/537.36"
66.249.93.174 - - [23/Oct/2022:17:53:16 +0200] "HEAD /pmwiki.php/Site/AllRecentChanges?action=rss HTTP/1.1" 200 - "-" "FeedBurner/1.0 (http://www.FeedBurner.com)"
66.249.93.176 - - [23/Oct/2022:17:53:17 +0200] "GET /pmwiki.php/Site/AllRecentChanges?action=rss HTTP/1.1" 200 2546 "-" "FeedBurner/1.0 (http://www.FeedBurner.com)"
154.13.48.138 - - [23/Oct/2022:17:53:43 +0200] "GET /Main/Home?action=diff HTTP/1.1" 200 525703 "https://www.ywesee.com" "Mozilla/5.0 (Windows NT 10.0; Win64; x64) AppleWebKit/537.36 (KHTML, like Gecko) Chrome/62.0.3202.94 Safari/537.36"
154.13.48.136 - - [23/Oct/2022:17:58:25 +0200] "GET /Software/ODDB HTTP/1.1" 200 10298 "https://www.ywesee.com" "Mozilla/5.0 (Windows NT 10.0; Win64; x64) AppleWebKit/537.36 (KHTML, like Gecko) Chrome/62.0.3202.94 Safari/537.36"
194.209.200.2 - - [23/Oct/2022:17:58:48 +0200] "GET /robots.txt HTTP/1.1" 200 - "-" "Mozilla/5.0 (compatible; TMMBot/0.2; +http://www.dslab.ch)/Nutch-1.15"
154.13.48.182 - - [23/Oct/2022:17:59:36 +0200] "GET /AmiKo/IOS HTTP/1.1" 200 11930 "https://www.ywesee.com" "Mozilla/5.0 (Windows NT 10.0; Win64; x64) AppleWebKit/537.36 (KHTML, like Gecko) Chrome/62.0.3202.94 Safari/537.36"
5.45.36.216 - - [23/Oct/2022:17:59:58 +0200] "GET /AmiKo/Windows HTTP/1.1" 200 10332 "https://www.ywesee.com" "Mozilla/5.0 (Windows NT 10.0; Win64; x64) AppleWebKit/537.36 (KHTML, like Gecko) Chrome/62.0.3202.94 Safari/537.36"
37.143.62.80 - - [23/Oct/2022:18:01:14 +0200] "GET /ODDB/StammdatenCH HTTP/1.1" 200 9300 "https://www.ywesee.com" "Mozilla/5.0 (Windows NT 10.0; Win64; x64) AppleWebKit/537.36 (KHTML, like Gecko) Chrome/62.0.3202.94 Safari/537.36"
157.55.39.175 - - [23/Oct/2022:18:01:28 +0200] "GET /Main/DocumedGalenicaVsYwesee HTTP/1.1" 200 35251 "-" "Mozilla/5.0 AppleWebKit/537.36 (KHTML, like Gecko; compatible; bingbot/2.0; +http://www.bing.com/bingbot.htm) Chrome/103.0.5060.134 Safari/537.36"
40.77.202.70 - - [23/Oct/2022:18:01:31 +0200] "GET /pub/skins/ywesee/gila.css HTTP/1.1" 200 8276 "-" "Mozilla/5.0 (Windows NT 6.1; WOW64) AppleWebKit/534+ (KHTML, like Gecko) BingPreview/1.0b"
5.45.36.209 - - [23/Oct/2022:18:01:39 +0200] "GET /Main/2005 HTTP/1.1" 200 63344 "https://www.ywesee.com" "Mozilla/5.0 (Windows NT 10.0; Win64; x64) AppleWebKit/537.36 (KHTML, like Gecko) Chrome/62.0.3202.94 Safari/537.36"
5.45.36.207 - - [23/Oct/2022:18:03:44 +0200] "GET /Ywesee/Events HTTP/1.1" 200 8918 "https://www.ywesee.com" "Mozilla/5.0 (Windows NT 10.0; Win64; x64) AppleWebKit/537.36 (KHTML, like Gecko) Chrome/62.0.3202.94 Safari/537.36"
89.246.241.14 - - [23/Oct/2022:18:03:45 +0200] "GET /Miele/MieleLXIV HTTP/1.1" 200 15367 "-" "Mozilla/5.0 (Windows NT 10.0; Win64; x64; rv:84.0) Gecko/20100101 Firefox/84.0"
5.45.37.25 - - [23/Oct/2022:18:04:00 +0200] "GET /Main/Home?action=upload HTTP/1.1" 200 8737 "https://www.ywesee.com" "Mozilla/5.0 (Windows NT 10.0; Win64; x64) AppleWebKit/537.36 (KHTML, like Gecko) Chrome/62.0.3202.94 Safari/537.36"
89.246.241.14 - - [23/Oct/2022:18:04:35 +0200] "GET /AmiKo/Web HTTP/1.1" 200 9588 "-" "Mozilla/5.0 (Windows NT 10.0; Win64; x64; rv:84.0) Gecko/20100101 Firefox/84.0"
64.71.157.121 - - [23/Oct/2022:18:07:52 +0200] "GET /pmwiki.php/Site/AllRecentChanges?action=rss HTTP/1.1" 200 2546 "-" "Feedbin feed-id:590358 - 1 subscribers"
89.246.241.14 - - [23/Oct/2022:18:07:54 +0200] "GET /uploads/Main/Google_BERT_InfoCodex.pdf HTTP/1.1" 200 40002 "-" "Mozilla/5.0 (Windows NT 10.0; Win64; x64; rv:84.0) Gecko/20100101 Firefox/84.0"
5.45.36.213 - - [23/Oct/2022:18:08:26 +0200] "GET /Ywesee/Team HTTP/1.1" 200 18245 "https://www.ywesee.com" "Mozilla/5.0 (Windows NT 10.0; Win64; x64) AppleWebKit/537.36 (KHTML, like Gecko) Chrome/62.0.3202.94 Safari/537.36"
154.13.48.155 - - [23/Oct/2022:18:11:04 +0200] "GET /Main/2019 HTTP/1.1" 200 15246 "https://www.ywesee.com" "Mozilla/5.0 (Windows NT 10.0; Win64; x64) AppleWebKit/537.36 (KHTML, like Gecko) Chrome/62.0.3202.94 Safari/537.36"
154.13.48.195 - - [23/Oct/2022:18:12:20 +0200] "GET /Main/2014 HTTP/1.1" 200 19471 "https://www.ywesee.com" "Mozilla/5.0 (Windows NT 10.0; Win64; x64) AppleWebKit/537.36 (KHTML, like Gecko) Chrome/62.0.3202.94 Safari/537.36"
5.45.36.220 - - [23/Oct/2022:18:13:44 +0200] "GET /pmwiki.php?n=Software.WikiS HTTP/1.1" 200 10036 "http://www.ywesee.com" "Mozilla/5.0 (Windows NT 10.0; Win64; x64) AppleWebKit/537.36 (KHTML, like Gecko) Chrome/62.0.3202.94 Safari/537.36"
89.246.241.14 - - [23/Oct/2022:18:15:03 +0200] "GET /Oddb2xml/Index HTTP/1.1" 200 8983 "-" "Mozilla/5.0 (Windows NT 10.0; Win64; x64; rv:84.0) Gecko/20100101 Firefox/84.0"
37.143.63.63 - - [23/Oct/2022:18:15:04 +0200] "GET /ODDB/IndividuelleMediliste HTTP/1.1" 200 9139 "https://www.ywesee.com" "Mozilla/5.0 (Windows NT 10.0; Win64; x64) AppleWebKit/537.36 (KHTML, like Gecko) Chrome/62.0.3202.94 Safari/537.36"
89.246.241.14 - - [23/Oct/2022:18:16:25 +0200] "GET /AmiKo/Linux HTTP/1.1" 200 9217 "-" "Mozilla/5.0 (Windows NT 10.0; Win64; x64; rv:84.0) Gecko/20100101 Firefox/84.0"
154.13.48.160 - - [23/Oct/2022:18:16:50 +0200] "GET /Main/DocumedGalenicaVsYwesee HTTP/1.1" 200 35251 "https://www.ywesee.com" "Mozilla/5.0 (Windows NT 10.0; Win64; x64) AppleWebKit/537.36 (KHTML, like Gecko) Chrome/62.0.3202.94 Safari/537.36"
37.143.62.79 - - [23/Oct/2022:18:18:00 +0200] "GET /Main/SideBar?action=edit HTTP/1.1" 200 9310 "https://www.ywesee.com" "Mozilla/5.0 (Windows NT 10.0; Win64; x64) AppleWebKit/537.36 (KHTML, like Gecko) Chrome/62.0.3202.94 Safari/537.36"
154.13.48.146 - - [23/Oct/2022:18:19:48 +0200] "GET /Software/Spreadsheet HTTP/1.1" 200 8839 "https://www.ywesee.com" "Mozilla/5.0 (Windows NT 10.0; Win64; x64) AppleWebKit/537.36 (KHTML, like Gecko) Chrome/62.0.3202.94 Safari/537.36"
194.209.200.2 - - [23/Oct/2022:18:22:03 +0200] "GET /robots.txt HTTP/1.1" 200 - "-" "Mozilla/5.0 (compatible; TMMBot/0.2; +http://www.dslab.ch)/Nutch-1.15"
185.191.171.43 - - [23/Oct/2022:18:23:12 +0200] "GET /robots.txt HTTP/1.1" 200 - "-" "Mozilla/5.0 (compatible; SemrushBot/7~bl; +http://www.semrush.com/bot.html)"
185.191.171.36 - - [23/Oct/2022:18:23:13 +0200] "GET /pmwiki.php/Main/WekoBlog HTTP/1.1" 200 22209 "-" "Mozilla/5.0 (compatible; SemrushBot/7~bl; +http://www.semrush.com/bot.html)"
89.246.241.14 - - [23/Oct/2022:18:23:45 +0200] "GET /Ywesee/About HTTP/1.1" 200 9132 "-" "Mozilla/5.0 (Windows NT 10.0; Win64; x64; rv:84.0) Gecko/20100101 Firefox/84.0"
89.246.241.14 - - [23/Oct/2022:18:25:06 +0200] "GET /Main/ComCo19122016 HTTP/1.1" 200 10547 "-" "Mozilla/5.0 (Windows NT 10.0; Win64; x64; rv:84.0) Gecko/20100101 Firefox/84.0"
89.246.241.14 - - [23/Oct/2022:18:26:10 +0200] "GET /Software/XMLConv HTTP/1.1" 200 8709 "-" "Mozilla/5.0 (Windows NT 10.0; Win64; x64; rv:84.0) Gecko/20100101 Firefox/84.0"
34.228.167.58 - - [23/Oct/2022:18:26:12 +0200] "GET /robots.txt HTTP/1.1" 200 - "-" "Mozilla/5.0/Firefox/42.0 - nbertaupete95(at)gmail.com"
34.228.167.58 - - [23/Oct/2022:18:26:13 +0200] "GET /InfoCodex/Vergleichsanalyse?action=print HTTP/1.1" 200 4445 "-" "Mozilla/5.0/Firefox/42.0 - nbertaupete95(at)gmail.com"
154.13.48.191 - - [23/Oct/2022:18:26:19 +0200] "GET /AmiKo/Web HTTP/1.1" 200 9588 "https://www.ywesee.com" "Mozilla/5.0 (Windows NT 10.0; Win64; x64) AppleWebKit/537.36 (KHTML, like Gecko) Chrome/62.0.3202.94 Safari/537.36"
34.228.167.58 - - [23/Oct/2022:18:26:19 +0200] "GET /InfoCodex/Abstracts?action=print HTTP/1.1" 200 4651 "-" "Mozilla/5.0/Firefox/42.0 - nbertaupete95(at)gmail.com"
37.143.63.58 - - [23/Oct/2022:18:26:28 +0200] "GET /Ywesee/InfoCodex HTTP/1.1" 200 24435 "https://www.ywesee.com" "Mozilla/5.0 (Windows NT 10.0; Win64; x64) AppleWebKit/537.36 (KHTML, like Gecko) Chrome/62.0.3202.94 Safari/537.36"
194.209.200.2 - - [23/Oct/2022:18:27:01 +0200] "GET /robots.txt HTTP/1.1" 200 - "-" "Mozilla/5.0 (compatible; TMMBot/0.2; +http://www.dslab.ch)/Nutch-1.15"
194.209.200.2 - - [23/Oct/2022:18:27:01 +0200] "GET /Miele/MieleLXIV HTTP/1.1" 200 15367 "-" "Mozilla/5.0 (compatible; TMMBot/0.2; +http://www.dslab.ch)/Nutch-1.15"
49.7.20.98 - - [23/Oct/2022:18:27:32 +0200] "GET / HTTP/1.1" 200 13326 "-" "Sogou web spider/4.0(+http://www.sogou.com/docs/help/webmasters.htm#07)"
89.246.241.14 - - [23/Oct/2022:18:28:35 +0200] "GET /ODDB/IndividuelleMediliste HTTP/1.1" 200 9139 "-" "Mozilla/5.0 (Windows NT 10.0; Win64; x64; rv:84.0) Gecko/20100101 Firefox/84.0"
194.209.200.2 - - [23/Oct/2022:18:29:19 +0200] "GET /Main/2013 HTTP/1.1" 200 20487 "-" "Mozilla/5.0 (compatible; TMMBot/0.2; +http://www.dslab.ch)/Nutch-1.15"
194.209.200.2 - - [23/Oct/2022:18:30:39 +0200] "GET /robots.txt HTTP/1.1" 200 - "-" "Mozilla/5.0 (compatible; TMMBot/0.2; +http://www.dslab.ch)/Nutch-1.15"
194.209.200.2 - - [23/Oct/2022:18:31:58 +0200] "GET /Ywesee/OpenSource HTTP/1.1" 200 10790 "-" "Mozilla/5.0 (compatible; TMMBot/0.2; +http://www.dslab.ch)/Nutch-1.15"
194.209.200.2 - - [23/Oct/2022:18:32:29 +0200] "GET /Main/2009 HTTP/1.1" 200 21688 "-" "Mozilla/5.0 (compatible; TMMBot/0.2; +http://www.dslab.ch)/Nutch-1.15"
194.209.200.2 - - [23/Oct/2022:18:32:44 +0200] "GET /Main/2005 HTTP/1.1" 200 63344 "-" "Mozilla/5.0 (compatible; TMMBot/0.2; +http://www.dslab.ch)/Nutch-1.15"
194.209.200.2 - - [23/Oct/2022:18:32:46 +0200] "GET /Main/2018 HTTP/1.1" 200 15425 "-" "Mozilla/5.0 (compatible; TMMBot/0.2; +http://www.dslab.ch)/Nutch-1.15"
66.249.93.174 - - [23/Oct/2022:18:34:24 +0200] "HEAD /pmwiki.php/Site/AllRecentChanges?action=rss HTTP/1.1" 200 - "-" "FeedBurner/1.0 (http://www.FeedBurner.com)"
66.249.93.174 - - [23/Oct/2022:18:34:24 +0200] "GET /pmwiki.php/Site/AllRecentChanges?action=rss HTTP/1.1" 200 2546 "-" "FeedBurner/1.0 (http://www.FeedBurner.com)"
5.45.37.39 - - [23/Oct/2022:18:39:54 +0200] "GET /Main/2004 HTTP/1.1" 200 14080 "https://www.ywesee.com" "Mozilla/5.0 (Windows NT 10.0; Win64; x64) AppleWebKit/537.36 (KHTML, like Gecko) Chrome/62.0.3202.94 Safari/537.36"
