95.217.225.252 - - [18/Feb/2022:00:00:06 +0100] "GET /Main/2007 HTTP/1.1" 200 50639 "-" "Mozilla/5.0 (compatible; Seekport Crawler; http://seekport.com/)"
66.249.76.91 - - [18/Feb/2022:00:03:09 +0100] "GET /AmiKo/Privacy HTTP/1.1" 200 8621 "-" "Mozilla/5.0 (Linux; Android 6.0.1; Nexus 5X Build/MMB29P) AppleWebKit/537.36 (KHTML, like Gecko) Chrome/98.0.4758.102 Mobile Safari/537.36 (compatible; Googlebot/2.1; +http://www.google.com/bot.html)"
185.191.171.23 - - [18/Feb/2022:00:03:38 +0100] "GET /robots.txt HTTP/1.1" 200 - "-" "Mozilla/5.0 (compatible; SemrushBot/7~bl; +http://www.semrush.com/bot.html)"
185.191.171.37 - - [18/Feb/2022:00:03:39 +0100] "GET /Bundesrat/Ebook?action=upload HTTP/1.1" 403 18 "-" "Mozilla/5.0 (compatible; SemrushBot/7~bl; +http://www.semrush.com/bot.html)"
54.69.100.209 - - [18/Feb/2022:00:07:26 +0100] "GET / HTTP/1.1" 200 10756 "-" "Mozilla/5.0 (Windows NT 6.2; Win64; x64;) Gecko/20100101 Firefox/20.0"
66.249.76.89 - - [18/Feb/2022:00:18:05 +0100] "GET / HTTP/1.1" 200 10756 "-" "Mozilla/5.0 (Linux; Android 6.0.1; Nexus 5X Build/MMB29P) AppleWebKit/537.36 (KHTML, like Gecko) Chrome/98.0.4758.102 Mobile Safari/537.36 (compatible; Googlebot/2.1; +http://www.google.com/bot.html)"
185.191.171.16 - - [18/Feb/2022:00:18:49 +0100] "GET /Main/Linux?action=diff HTTP/1.1" 403 18 "-" "Mozilla/5.0 (compatible; SemrushBot/7~bl; +http://www.semrush.com/bot.html)"
34.241.83.235 - - [18/Feb/2022:00:22:18 +0100] "GET / HTTP/1.1" 200 10756 "-" "Mozilla/5.0 (Windows NT 6.1; WOW64; rv:54.0) Gecko/20100101 Firefox/70.0"
34.241.83.235 - - [18/Feb/2022:00:25:57 +0100] "GET /Software/XMLConv HTTP/1.1" 200 8709 "-" "Mozilla/5.0 (Macintosh; Intel Mac OS X 10.13; rv:61.0) Gecko/20100101 Firefox/70.0"
34.241.83.235 - - [18/Feb/2022:00:25:57 +0100] "GET /Main/Home?action=upload HTTP/1.1" 200 8738 "-" "Mozilla/5.0 (Windows NT 10.0; WOW64) AppleWebKit/537.36 (KHTML, like Gecko) Chrome/72.0.3626.121 Safari/537.36"
34.241.83.235 - - [18/Feb/2022:00:25:57 +0100] "GET / HTTP/1.1" 200 10756 "-" "Mozilla/5.0 (Windows NT 10.0; Win64; x64) AppleWebKit/537.36 (KHTML, like Gecko) Chrome/74.0.3729.157 Safari/537.36"
34.241.83.235 - - [18/Feb/2022:00:25:57 +0100] "GET /Main/2015 HTTP/1.1" 200 15908 "-" "Mozilla/5.0 (Macintosh; Intel Mac OS X 10.13; rv:61.0) Gecko/20100101 Firefox/70.0"
34.241.83.235 - - [18/Feb/2022:00:25:57 +0100] "GET /Software/SoftwareRaid HTTP/1.1" 200 12104 "-" "Mozilla/5.0 (Macintosh; Intel Mac OS X 10.13; rv:61.0) Gecko/20100101 Firefox/70.0"
34.241.83.235 - - [18/Feb/2022:00:25:57 +0100] "GET /Main/Home?action=print HTTP/1.1" 200 5567 "-" "Mozilla/5.0 (Windows NT 10.0; Win64; x64) AppleWebKit/537.36 (KHTML, like Gecko) Chrome/74.0.3729.157 Safari/537.36"
34.241.83.235 - - [18/Feb/2022:00:25:57 +0100] "GET /AmiKo/Windows HTTP/1.1" 200 10332 "-" "Mozilla/5.0 (Windows NT 10.0; WOW64) AppleWebKit/537.36 (KHTML, like Gecko) Chrome/72.0.3626.121 Safari/537.36"
34.241.83.235 - - [18/Feb/2022:00:25:57 +0100] "GET /Main/SideBar?action=edit HTTP/1.1" 200 9310 "-" "Mozilla/5.0 (Macintosh; Intel Mac OS X 10.13; rv:61.0) Gecko/20100101 Firefox/70.0"
34.241.83.235 - - [18/Feb/2022:00:25:57 +0100] "GET /Ywesee/Kontakt HTTP/1.1" 200 8973 "-" "Mozilla/5.0 (Windows NT 6.1; WOW64; rv:54.0) Gecko/20100101 Firefox/70.0"
34.241.83.235 - - [18/Feb/2022:00:25:57 +0100] "GET /ODDB/IndividuelleMediliste HTTP/1.1" 200 9139 "-" "Mozilla/5.0 (Windows NT 10.0; Win64; x64) AppleWebKit/537.36 (KHTML, like Gecko) Chrome/74.0.3729.169 Safari/537.36"
34.241.83.235 - - [18/Feb/2022:00:25:57 +0100] "GET /Main/2006 HTTP/1.1" 200 39320 "-" "Mozilla/5.0 (Macintosh; Intel Mac OS X 10.13; rv:61.0) Gecko/20100101 Firefox/70.0"
34.241.83.235 - - [18/Feb/2022:00:26:01 +0100] "GET /ODDB/StammdatenCH HTTP/1.1" 200 9300 "-" "Mozilla/5.0 (X11; Linux i586; rv:31.0) Gecko/20100101 Firefox/70.0"
34.241.83.235 - - [18/Feb/2022:00:26:01 +0100] "GET /Generikacc/App HTTP/1.1" 200 11862 "-" "Mozilla/5.0 (Windows NT 10.0; WOW64) AppleWebKit/537.36 (KHTML, like Gecko) Chrome/72.0.3626.121 Safari/537.36"
34.241.83.235 - - [18/Feb/2022:00:26:01 +0100] "GET /Software/ODDB HTTP/1.1" 200 10298 "-" "Mozilla/5.0 (Windows NT 10.0; WOW64) AppleWebKit/537.36 (KHTML, like Gecko) Chrome/72.0.3626.121 Safari/537.36"
34.241.83.235 - - [18/Feb/2022:00:26:01 +0100] "GET /Main/2014 HTTP/1.1" 200 19471 "-" "Mozilla/5.0 (Windows NT 10.0; Win64; x64) AppleWebKit/537.36 (KHTML, like Gecko) Chrome/74.0.3729.157 Safari/537.36"
34.241.83.235 - - [18/Feb/2022:00:26:01 +0100] "GET /Main/DocumedGalenicaVsYwesee HTTP/1.1" 200 34932 "-" "Mozilla/5.0 (X11; Linux i586; rv:31.0) Gecko/20100101 Firefox/70.0"
34.241.83.235 - - [18/Feb/2022:00:26:01 +0100] "GET /Oddb2xml/Index HTTP/1.1" 200 8983 "-" "Mozilla/5.0 (Windows NT 10.0; Win64; x64) AppleWebKit/537.36 (KHTML, like Gecko) Chrome/74.0.3729.169 Safari/537.36"
34.241.83.235 - - [18/Feb/2022:00:26:01 +0100] "GET /Ywesee/Events HTTP/1.1" 200 8918 "-" "Mozilla/5.0 (Windows NT 6.1; WOW64; rv:54.0) Gecko/20100101 Firefox/70.0"
34.241.83.235 - - [18/Feb/2022:00:26:01 +0100] "GET /Main/2021 HTTP/1.1" 200 16484 "-" "Mozilla/5.0 (Windows NT 6.1; WOW64; rv:54.0) Gecko/20100101 Firefox/70.0"
34.241.83.235 - - [18/Feb/2022:00:26:01 +0100] "GET /Main/2011 HTTP/1.1" 200 21451 "-" "Mozilla/5.0 (Windows NT 10.0; WOW64) AppleWebKit/537.36 (KHTML, like Gecko) Chrome/72.0.3626.121 Safari/537.36"
34.241.83.235 - - [18/Feb/2022:00:26:01 +0100] "GET /Main/2007 HTTP/1.1" 200 50639 "-" "Mozilla/5.0 (Macintosh; Intel Mac OS X 10.13; rv:61.0) Gecko/20100101 Firefox/70.0"
34.241.83.235 - - [18/Feb/2022:00:26:02 +0100] "GET /Main/2019 HTTP/1.1" 200 15246 "-" "Mozilla/5.0 (Macintosh; Intel Mac OS X 10.13; rv:61.0) Gecko/20100101 Firefox/70.0"
34.241.83.235 - - [18/Feb/2022:00:26:02 +0100] "GET /Main/2009 HTTP/1.1" 200 21688 "-" "Mozilla/5.0 (Windows NT 10.0; WOW64) AppleWebKit/537.36 (KHTML, like Gecko) Chrome/72.0.3626.121 Safari/537.36"
34.241.83.235 - - [18/Feb/2022:00:26:02 +0100] "GET /Main/2017 HTTP/1.1" 200 15840 "-" "Mozilla/5.0 (Macintosh; Intel Mac OS X 10.13; rv:61.0) Gecko/20100101 Firefox/70.0"
34.241.83.235 - - [18/Feb/2022:00:26:02 +0100] "GET /Site/AllRecentChanges?action=rss HTTP/1.1" 200 2546 "-" "Mozilla/5.0 (X11; Linux i586; rv:31.0) Gecko/20100101 Firefox/70.0"
34.241.83.235 - - [18/Feb/2022:00:26:02 +0100] "GET /Main/2004 HTTP/1.1" 200 14080 "-" "Mozilla/5.0 (Windows NT 10.0; Win64; x64) AppleWebKit/537.36 (KHTML, like Gecko) Chrome/74.0.3729.169 Safari/537.36"
34.241.83.235 - - [18/Feb/2022:00:26:02 +0100] "GET /Ywesee/OpenSource HTTP/1.1" 200 10790 "-" "Mozilla/5.0 (Windows NT 6.1; WOW64; rv:54.0) Gecko/20100101 Firefox/70.0"
34.241.83.235 - - [18/Feb/2022:00:26:02 +0100] "GET /Software/BBMB HTTP/1.1" 200 9385 "-" "Mozilla/5.0 (Windows NT 10.0; Win64; x64) AppleWebKit/537.36 (KHTML, like Gecko) Chrome/74.0.3729.157 Safari/537.36"
34.241.83.235 - - [18/Feb/2022:00:26:01 +0100] "GET /Main/Home?action=diff HTTP/1.1" 200 632234 "-" "Mozilla/5.0 (Windows NT 10.0; Win64; x64) AppleWebKit/537.36 (KHTML, like Gecko) Chrome/74.0.3729.169 Safari/537.36"
34.241.83.235 - - [18/Feb/2022:00:26:02 +0100] "GET /AmiKo/Linux HTTP/1.1" 200 9217 "-" "Mozilla/5.0 (Windows NT 10.0; WOW64) AppleWebKit/537.36 (KHTML, like Gecko) Chrome/72.0.3626.121 Safari/537.36"
34.241.83.235 - - [18/Feb/2022:00:26:02 +0100] "GET /Ywesee/About HTTP/1.1" 200 9132 "-" "Mozilla/5.0 (X11; Linux i586; rv:31.0) Gecko/20100101 Firefox/70.0"
34.241.83.235 - - [18/Feb/2022:00:26:02 +0100] "GET /AmiKo/Android HTTP/1.1" 200 10427 "-" "Mozilla/5.0 (Windows NT 6.1; WOW64; rv:54.0) Gecko/20100101 Firefox/70.0"
34.241.83.235 - - [18/Feb/2022:00:26:02 +0100] "GET /Main/2012 HTTP/1.1" 200 31941 "-" "Mozilla/5.0 (Windows NT 10.0; Win64; x64) AppleWebKit/537.36 (KHTML, like Gecko) Chrome/74.0.3729.157 Safari/537.36"
34.241.83.235 - - [18/Feb/2022:00:26:02 +0100] "GET /Ywesee/InfoCodex HTTP/1.1" 200 24435 "-" "Mozilla/5.0 (Macintosh; Intel Mac OS X 10.13; rv:61.0) Gecko/20100101 Firefox/70.0"
34.241.83.235 - - [18/Feb/2022:00:26:02 +0100] "GET /Main/Home HTTP/1.1" 200 10756 "-" "Mozilla/5.0 (Windows NT 10.0; WOW64) AppleWebKit/537.36 (KHTML, like Gecko) Chrome/72.0.3626.121 Safari/537.36"
34.241.83.235 - - [18/Feb/2022:00:26:03 +0100] "GET / HTTP/1.1" 200 10756 "-" "Mozilla/5.0 (Windows NT 10.0; WOW64) AppleWebKit/537.36 (KHTML, like Gecko) Chrome/72.0.3626.121 Safari/537.36"
34.241.83.235 - - [18/Feb/2022:00:26:03 +0100] "GET /Main/2010 HTTP/1.1" 200 27997 "-" "Mozilla/5.0 (Macintosh; Intel Mac OS X 10.13; rv:61.0) Gecko/20100101 Firefox/70.0"
34.241.83.235 - - [18/Feb/2022:00:26:03 +0100] "GET /ODDB/IntegrationLookAmpFeelGenerikasuche HTTP/1.1" 200 9097 "-" "Mozilla/5.0 (Windows NT 10.0; WOW64) AppleWebKit/537.36 (KHTML, like Gecko) Chrome/72.0.3626.121 Safari/537.36"
34.241.83.235 - - [18/Feb/2022:00:26:03 +0100] "GET /Ywesee/Team HTTP/1.1" 200 18245 "-" "Mozilla/5.0 (Windows NT 10.0; Win64; x64) AppleWebKit/537.36 (KHTML, like Gecko) Chrome/74.0.3729.169 Safari/537.36"
34.241.83.235 - - [18/Feb/2022:00:26:03 +0100] "GET /Main/Home?action=edit HTTP/1.1" 200 9272 "-" "Mozilla/5.0 (Windows NT 6.1; WOW64; rv:54.0) Gecko/20100101 Firefox/70.0"
34.241.83.235 - - [18/Feb/2022:00:26:03 +0100] "GET /Main/2013 HTTP/1.1" 200 20487 "-" "Mozilla/5.0 (Windows NT 6.1; WOW64; rv:54.0) Gecko/20100101 Firefox/70.0"
34.241.83.235 - - [18/Feb/2022:00:26:03 +0100] "GET /AmiKo/IOS HTTP/1.1" 200 11930 "-" "Mozilla/5.0 (Windows NT 10.0; Win64; x64) AppleWebKit/537.36 (KHTML, like Gecko) Chrome/74.0.3729.169 Safari/537.36"
34.241.83.235 - - [18/Feb/2022:00:26:03 +0100] "GET /Main/2020 HTTP/1.1" 200 15398 "-" "Mozilla/5.0 (Macintosh; Intel Mac OS X 10.13; rv:61.0) Gecko/20100101 Firefox/70.0"
34.241.83.235 - - [18/Feb/2022:00:26:03 +0100] "GET /Main/Home?n=Main.SideBar?action=edit HTTP/1.1" 200 9322 "-" "Mozilla/5.0 (X11; Linux i586; rv:31.0) Gecko/20100101 Firefox/70.0"
34.241.83.235 - - [18/Feb/2022:00:26:03 +0100] "GET /Software/YDIM HTTP/1.1" 200 8834 "-" "Mozilla/5.0 (Macintosh; Intel Mac OS X 10.13; rv:61.0) Gecko/20100101 Firefox/70.0"
34.241.83.235 - - [18/Feb/2022:00:26:03 +0100] "GET /Main/2016 HTTP/1.1" 200 13689 "-" "Mozilla/5.0 (Windows NT 10.0; Win64; x64) AppleWebKit/537.36 (KHTML, like Gecko) Chrome/74.0.3729.157 Safari/537.36"
34.241.83.235 - - [18/Feb/2022:00:26:03 +0100] "GET /AmiKo/OSX HTTP/1.1" 200 9772 "-" "Mozilla/5.0 (Macintosh; Intel Mac OS X 10.13; rv:61.0) Gecko/20100101 Firefox/70.0"
34.241.83.235 - - [18/Feb/2022:00:26:03 +0100] "GET /Main/2005 HTTP/1.1" 200 63344 "-" "Mozilla/5.0 (Windows NT 10.0; Win64; x64) AppleWebKit/537.36 (KHTML, like Gecko) Chrome/74.0.3729.169 Safari/537.36"
34.241.83.235 - - [18/Feb/2022:00:26:03 +0100] "GET /Main/2018 HTTP/1.1" 200 15425 "-" "Mozilla/5.0 (Windows NT 10.0; WOW64) AppleWebKit/537.36 (KHTML, like Gecko) Chrome/72.0.3626.121 Safari/537.36"
34.241.83.235 - - [18/Feb/2022:00:26:03 +0100] "GET /Software/Spreadsheet HTTP/1.1" 200 8839 "-" "Mozilla/5.0 (X11; Linux i586; rv:31.0) Gecko/20100101 Firefox/70.0"
34.241.83.235 - - [18/Feb/2022:00:26:03 +0100] "GET /AmiKo/Web HTTP/1.1" 200 9588 "-" "Mozilla/5.0 (Windows NT 10.0; WOW64) AppleWebKit/537.36 (KHTML, like Gecko) Chrome/72.0.3626.121 Safari/537.36"
34.241.83.235 - - [18/Feb/2022:00:26:03 +0100] "GET /Main/2008 HTTP/1.1" 200 34740 "-" "Mozilla/5.0 (Windows NT 10.0; WOW64) AppleWebKit/537.36 (KHTML, like Gecko) Chrome/72.0.3626.121 Safari/537.36"
123.183.224.106 - - [18/Feb/2022:00:38:45 +0100] "GET / HTTP/1.1" 200 10756 "-" "Sogou web spider/4.0(+http://www.sogou.com/docs/help/webmasters.htm#07)"
185.191.171.33 - - [18/Feb/2022:00:46:19 +0100] "GET /Main/2019 HTTP/1.1" 200 15246 "-" "Mozilla/5.0 (compatible; SemrushBot/7~bl; +http://www.semrush.com/bot.html)"
180.163.220.61 - - [18/Feb/2022:00:47:52 +0100] "GET / HTTP/1.1" 200 10756 "https://ywesee.com" "Mozilla/5.0 (Windows NT 6.1; WOW64) AppleWebKit/537.36 (KHTML, like Gecko) Chrome/50.0.2661.102 Safari/537.36; 360Spider"
66.249.76.87 - - [18/Feb/2022:00:48:05 +0100] "GET /AmiKo/Ankuendigung HTTP/1.1" 200 10221 "-" "Mozilla/5.0 (Linux; Android 6.0.1; Nexus 5X Build/MMB29P) AppleWebKit/537.36 (KHTML, like Gecko) Chrome/98.0.4758.102 Mobile Safari/537.36 (compatible; Googlebot/2.1; +http://www.google.com/bot.html)"
42.236.10.123 - - [18/Feb/2022:00:48:59 +0100] "GET / HTTP/1.1" 200 10756 "https://ywesee.com/" "Mozilla/5.0 (Windows NT 6.1; WOW64) AppleWebKit/537.36 (KHTML, like Gecko) Chrome/50.0.2661.102 Safari/537.36; 360Spider"
42.236.10.103 - - [18/Feb/2022:00:49:06 +0100] "GET / HTTP/1.1" 200 10756 "https://www.ywesee.com/" "Mozilla/5.0 (Windows NT 6.1; WOW64) AppleWebKit/537.36 (KHTML, like Gecko) Chrome/50.0.2661.102 Safari/537.36; 360Spider"
194.209.200.2 - - [18/Feb/2022:00:51:06 +0100] "GET /robots.txt HTTP/1.1" 200 - "-" "Mozilla/5.0 (compatible; TMMBot/0.2; +http://www.dslab.ch)/Nutch-1.15"
194.209.200.2 - - [18/Feb/2022:00:51:07 +0100] "GET /AmiKo/OSX HTTP/1.1" 200 9772 "-" "Mozilla/5.0 (compatible; TMMBot/0.2; +http://www.dslab.ch)/Nutch-1.15"
66.249.76.229 - - [18/Feb/2022:00:54:04 +0100] "GET /app-ads.txt HTTP/1.1" 404 270 "-" "Google-adstxt"
66.249.76.227 - - [18/Feb/2022:00:54:05 +0100] "GET /ads.txt HTTP/1.1" 404 266 "-" "Mozilla/5.0 (compatible; Googlebot/2.1; +http://www.google.com/bot.html)"
185.191.171.35 - - [18/Feb/2022:00:55:41 +0100] "GET /AmiKo/Windows?n=Main.SideBar%3Faction%3Dedit HTTP/1.1" 302 157 "-" "Mozilla/5.0 (compatible; SemrushBot/7~bl; +http://www.semrush.com/bot.html)"
35.192.214.108 - - [18/Feb/2022:01:11:37 +0100] "GET / HTTP/1.1" 200 10756 "https://www.google.com" "Not A;Brand\";v=\"99\", \"Chromium\";v=\"90\", \"Google Chrome\";v=\"90"
35.192.214.108 - - [18/Feb/2022:01:11:37 +0100] "GET / HTTP/1.1" 200 10756 "https://www.google.com" "Not A;Brand\";v=\"99\", \"Chromium\";v=\"90\", \"Google Chrome\";v=\"90"
193.168.180.59 - - [18/Feb/2022:01:20:58 +0100] "GET / HTTP/1.1" 200 10756 "-" "rest-client/2.1.0 (linux x86_64) ruby/3.1.0p0"
54.226.232.230 - - [18/Feb/2022:01:25:02 +0100] "GET /robots.txt HTTP/1.1" 200 - "-" "MauiBot (crawler.feedback+gamma@gmail.com)"
66.249.76.91 - - [18/Feb/2022:01:33:06 +0100] "GET /Ywesee/InfoCodexVorgehen HTTP/1.1" 200 12716 "-" "Mozilla/5.0 (compatible; Googlebot/2.1; +http://www.google.com/bot.html)"
66.249.76.91 - - [18/Feb/2022:01:48:06 +0100] "GET /uploads/Main/Dissertation_Hannes_F_Wyss.pdf HTTP/1.1" 304 - "-" "Mozilla/5.0 (Linux; Android 6.0.1; Nexus 5X Build/MMB29P) AppleWebKit/537.36 (KHTML, like Gecko) Chrome/98.0.4758.102 Mobile Safari/537.36 (compatible; Googlebot/2.1; +http://www.google.com/bot.html)"
93.171.140.64 - - [18/Feb/2022:01:53:08 +0100] "GET / HTTP/1.1" 200 10756 "-" "-"
93.171.140.64 - - [18/Feb/2022:01:53:09 +0100] "GET /adminer.php HTTP/1.1" 404 270 "-" "-"
93.171.140.64 - - [18/Feb/2022:01:53:09 +0100] "GET / HTTP/1.1" 200 10756 "-" "-"
93.171.140.64 - - [18/Feb/2022:01:53:10 +0100] "GET /admin/ HTTP/1.1" 404 265 "-" "-"
157.55.39.135 - - [18/Feb/2022:02:02:12 +0100] "GET /Main/2014 HTTP/1.1" 200 19471 "-" "Mozilla/5.0 (compatible; bingbot/2.0; +http://www.bing.com/bingbot.htm)"
40.77.167.72 - - [18/Feb/2022:02:02:32 +0100] "GET /pub/skins/ywesee/gila.css HTTP/1.1" 200 8276 "-" "Mozilla/5.0 (compatible; bingbot/2.0; +http://www.bing.com/bingbot.htm)"
54.36.148.192 - - [18/Feb/2022:02:05:48 +0100] "GET /AmiKo/Linux HTTP/1.1" 200 9217 "-" "Mozilla/5.0 (compatible; AhrefsBot/7.0; +http://ahrefs.com/robot/)"
100.8.125.29 - - [18/Feb/2022:02:06:12 +0100] "GET /Miele/MieleLXIV HTTP/1.1" 200 15367 "https://medevel.com/miele-lxiv-dicom-macosx/" "Mozilla/5.0 (Macintosh; Intel Mac OS X 10_15_7) AppleWebKit/605.1.15 (KHTML, like Gecko) Version/15.1 Safari/605.1.15"
100.8.125.29 - - [18/Feb/2022:02:06:12 +0100] "GET /pub/skins/ywesee/gila.css HTTP/1.1" 200 8276 "https://www.ywesee.com/Miele/MieleLXIV" "Mozilla/5.0 (Macintosh; Intel Mac OS X 10_15_7) AppleWebKit/605.1.15 (KHTML, like Gecko) Version/15.1 Safari/605.1.15"
100.8.125.29 - - [18/Feb/2022:02:06:13 +0100] "GET /favicon.ico HTTP/1.1" 200 1406 "https://www.ywesee.com/Miele/MieleLXIV" "Mozilla/5.0 (Macintosh; Intel Mac OS X 10_15_7) AppleWebKit/605.1.15 (KHTML, like Gecko) Version/15.1 Safari/605.1.15"
3.239.198.166 - - [18/Feb/2022:02:09:54 +0100] "GET / HTTP/1.1" 200 10756 "-" "Mozilla/5.0 (X11; Linux x86_64) AppleWebKit/537.36 (KHTML, like Gecko) Chrome/94.0.4606.81 Safari/537.36"
157.55.39.133 - - [18/Feb/2022:02:16:12 +0100] "GET /Software/Spreadsheet HTTP/1.1" 200 8839 "-" "Mozilla/5.0 (compatible; bingbot/2.0; +http://www.bing.com/bingbot.htm)"
66.249.76.89 - - [18/Feb/2022:02:18:06 +0100] "GET / HTTP/1.1" 200 10756 "-" "Mozilla/5.0 (Linux; Android 6.0.1; Nexus 5X Build/MMB29P) AppleWebKit/537.36 (KHTML, like Gecko) Chrome/98.0.4758.102 Mobile Safari/537.36 (compatible; Googlebot/2.1; +http://www.google.com/bot.html)"
185.191.171.38 - - [18/Feb/2022:02:25:16 +0100] "GET /robots.txt HTTP/1.1" 200 - "-" "Mozilla/5.0 (compatible; SemrushBot/7~bl; +http://www.semrush.com/bot.html)"
185.191.171.1 - - [18/Feb/2022:02:25:17 +0100] "GET /AmiKo/Windows?action=upload HTTP/1.1" 403 18 "-" "Mozilla/5.0 (compatible; SemrushBot/7~bl; +http://www.semrush.com/bot.html)"
51.15.247.214 - - [18/Feb/2022:02:30:05 +0100] "GET / HTTP/1.1" 200 10756 "-" "-"
54.84.192.51 - - [18/Feb/2022:02:44:45 +0100] "GET /keybase.txt HTTP/1.1" 200 2659 "-" "keybase-proofs/2.3.24"
62.210.215.119 - - [18/Feb/2022:02:59:01 +0100] "GET /Site/AllRecentChanges?action=rss HTTP/1.1" 200 2546 "-" "Mozilla/5.0 (X11; Linux i686) AppleWebKit/537.36 (KHTML, like Gecko) Chrome/30.0.1599.66 Safari/537.36"
185.191.171.12 - - [18/Feb/2022:03:01:44 +0100] "GET /Swissmedic/Vertriebsunterbruch HTTP/1.1" 200 10279 "-" "Mozilla/5.0 (compatible; SemrushBot/7~bl; +http://www.semrush.com/bot.html)"
89.246.241.14 - - [18/Feb/2022:03:09:55 +0100] "GET / HTTP/1.1" 200 10756 "-" "Mozilla/5.0 (Windows NT 10.0; Win64; x64; rv:84.0) Gecko/20100101 Firefox/84.0"
89.246.241.14 - - [18/Feb/2022:03:10:06 +0100] "GET /Main/Home?action=diff HTTP/1.1" 200 535530 "-" "Mozilla/5.0 (Windows NT 10.0; Win64; x64; rv:84.0) Gecko/20100101 Firefox/84.0"
158.69.243.138 - - [18/Feb/2022:03:33:56 +0100] "GET /robots.txt HTTP/1.1" 200 - "-" "Mozilla/5.0 (compatible; MJ12bot/v1.4.8; http://mj12bot.com/)"
158.69.243.138 - - [18/Feb/2022:03:33:58 +0100] "GET / HTTP/1.1" 200 10756 "-" "Mozilla/5.0 (compatible; MJ12bot/v1.4.8; http://mj12bot.com/)"
185.191.171.21 - - [18/Feb/2022:03:35:14 +0100] "GET /robots.txt HTTP/1.1" 200 - "-" "Mozilla/5.0 (compatible; SemrushBot/7~bl; +http://www.semrush.com/bot.html)"
185.191.171.1 - - [18/Feb/2022:03:35:15 +0100] "GET /Refdatabase/Index?action=upload HTTP/1.1" 403 18 "-" "Mozilla/5.0 (compatible; SemrushBot/7~bl; +http://www.semrush.com/bot.html)"
123.125.109.203 - - [18/Feb/2022:03:41:03 +0100] "GET / HTTP/1.1" 200 10756 "-" "Sogou web spider/4.0(+http://www.sogou.com/docs/help/webmasters.htm#07)"
49.7.20.106 - - [18/Feb/2022:03:41:49 +0100] "GET / HTTP/1.1" 200 10756 "-" "Sogou web spider/4.0(+http://www.sogou.com/docs/help/webmasters.htm#07)"
123.125.109.203 - - [18/Feb/2022:03:42:34 +0100] "GET / HTTP/1.1" 200 10756 "-" "Sogou web spider/4.0(+http://www.sogou.com/docs/help/webmasters.htm#07)"
123.125.109.136 - - [18/Feb/2022:03:42:42 +0100] "GET / HTTP/1.1" 200 10756 "-" "Sogou web spider/4.0(+http://www.sogou.com/docs/help/webmasters.htm#07)"
193.247.208.98 - - [18/Feb/2022:03:51:15 +0100] "HEAD / HTTP/1.1" 200 - "https://www.hin.ch" "Mozilla/5.0 (Windows NT 10.0; Win64; x64) AppleWebKit/537.36 (KHTML, like Gecko) Chrome/70.0.3538.102 Safari/537.36"
167.114.159.99 - - [18/Feb/2022:04:10:45 +0100] "GET /robots.txt HTTP/1.1" 200 - "-" "Mozilla/5.0 (compatible; MJ12bot/v1.4.8; http://mj12bot.com/)"
167.114.159.99 - - [18/Feb/2022:04:10:47 +0100] "GET /AmiKo/Cpp2sqlite HTTP/1.1" 200 8506 "-" "Mozilla/5.0 (compatible; MJ12bot/v1.4.8; http://mj12bot.com/)"
167.114.159.99 - - [18/Feb/2022:04:10:49 +0100] "GET /AmiKo/KrankenkassenKartenleser HTTP/1.1" 200 9504 "-" "Mozilla/5.0 (compatible; MJ12bot/v1.4.8; http://mj12bot.com/)"
167.114.159.99 - - [18/Feb/2022:04:10:51 +0100] "GET /AmiKo/OSXRezeptfunktion HTTP/1.1" 200 13751 "-" "Mozilla/5.0 (compatible; MJ12bot/v1.4.8; http://mj12bot.com/)"
167.114.159.99 - - [18/Feb/2022:04:10:53 +0100] "GET /Emediat/Swissindex HTTP/1.1" 200 8652 "-" "Mozilla/5.0 (compatible; MJ12bot/v1.4.8; http://mj12bot.com/)"
167.114.159.99 - - [18/Feb/2022:04:10:55 +0100] "GET /InfoCodex/Abstracts HTTP/1.1" 200 10102 "-" "Mozilla/5.0 (compatible; MJ12bot/v1.4.8; http://mj12bot.com/)"
167.114.159.99 - - [18/Feb/2022:04:10:58 +0100] "GET /InfoCodex/Vergleichsanalyse HTTP/1.1" 200 9981 "-" "Mozilla/5.0 (compatible; MJ12bot/v1.4.8; http://mj12bot.com/)"
167.114.159.99 - - [18/Feb/2022:04:11:00 +0100] "GET /Main/AIPS-XML HTTP/1.1" 200 10985 "-" "Mozilla/5.0 (compatible; MJ12bot/v1.4.8; http://mj12bot.com/)"
167.114.159.99 - - [18/Feb/2022:04:11:03 +0100] "GET /Main/MiGel HTTP/1.1" 200 16437 "-" "Mozilla/5.0 (compatible; MJ12bot/v1.4.8; http://mj12bot.com/)"
167.114.159.99 - - [18/Feb/2022:04:11:05 +0100] "GET /Main/SideBar HTTP/1.1" 200 10903 "-" "Mozilla/5.0 (compatible; MJ12bot/v1.4.8; http://mj12bot.com/)"
167.114.159.99 - - [18/Feb/2022:04:11:07 +0100] "GET /Miele/Index HTTP/1.1" 200 8591 "-" "Mozilla/5.0 (compatible; MJ12bot/v1.4.8; http://mj12bot.com/)"
167.114.159.99 - - [18/Feb/2022:04:11:09 +0100] "GET /Oddb2xml/Felder HTTP/1.1" 200 10305 "-" "Mozilla/5.0 (compatible; MJ12bot/v1.4.8; http://mj12bot.com/)"
167.114.159.99 - - [18/Feb/2022:04:11:11 +0100] "GET /Oddb2xml/Oddb2xmlCalc HTTP/1.1" 200 10266 "-" "Mozilla/5.0 (compatible; MJ12bot/v1.4.8; http://mj12bot.com/)"
167.114.159.99 - - [18/Feb/2022:04:11:13 +0100] "GET /Oddb2xml/Version HTTP/1.1" 200 9879 "-" "Mozilla/5.0 (compatible; MJ12bot/v1.4.8; http://mj12bot.com/)"
167.114.159.99 - - [18/Feb/2022:04:11:15 +0100] "GET /Software/XMLConv HTTP/1.1" 200 8709 "-" "Mozilla/5.0 (compatible; MJ12bot/v1.4.8; http://mj12bot.com/)"
167.114.159.99 - - [18/Feb/2022:04:11:17 +0100] "GET /Swissmedic/Formatvorlagen HTTP/1.1" 200 9935 "-" "Mozilla/5.0 (compatible; MJ12bot/v1.4.8; http://mj12bot.com/)"
167.114.159.99 - - [18/Feb/2022:04:11:20 +0100] "GET /Ywesee/About HTTP/1.1" 200 9132 "-" "Mozilla/5.0 (compatible; MJ12bot/v1.4.8; http://mj12bot.com/)"
167.114.159.99 - - [18/Feb/2022:04:11:21 +0100] "GET /Ywesee/InfoCodexProximity HTTP/1.1" 200 9809 "-" "Mozilla/5.0 (compatible; MJ12bot/v1.4.8; http://mj12bot.com/)"
167.114.159.99 - - [18/Feb/2022:04:11:23 +0100] "GET /Ywesee/InfoCodexVorgehen HTTP/1.1" 200 12716 "-" "Mozilla/5.0 (compatible; MJ12bot/v1.4.8; http://mj12bot.com/)"
167.114.159.99 - - [18/Feb/2022:04:11:27 +0100] "GET /Ywesee/KindleOniPhone HTTP/1.1" 200 10311 "-" "Mozilla/5.0 (compatible; MJ12bot/v1.4.8; http://mj12bot.com/)"
167.114.159.99 - - [18/Feb/2022:04:11:29 +0100] "GET /Ywesee/ODBA HTTP/1.1" 200 8453 "-" "Mozilla/5.0 (compatible; MJ12bot/v1.4.8; http://mj12bot.com/)"
167.114.159.99 - - [18/Feb/2022:04:11:31 +0100] "GET /Ywesee/XMLFachinfoValidierung HTTP/1.1" 200 10956 "-" "Mozilla/5.0 (compatible; MJ12bot/v1.4.8; http://mj12bot.com/)"
167.114.159.99 - - [18/Feb/2022:04:11:33 +0100] "GET /Ywesee/YDPM HTTP/1.1" 200 8463 "-" "Mozilla/5.0 (compatible; MJ12bot/v1.4.8; http://mj12bot.com/)"
95.163.255.83 - - [18/Feb/2022:04:12:16 +0100] "GET /robots.txt HTTP/1.0" 200 - "-" "Mozilla/5.0 (compatible; Linux x86_64; Mail.RU_Bot/2.0; +http://go.mail.ru/help/robots)"
95.163.255.84 - - [18/Feb/2022:04:12:26 +0100] "GET /Ywesee/Events?action=diff HTTP/1.1" 403 18 "-" "Mozilla/5.0 (compatible; Linux x86_64; Mail.RU_Bot/2.0; +http://go.mail.ru/help/robots)"
95.163.255.82 - - [18/Feb/2022:04:12:30 +0100] "GET /Ywesee/About?action=print HTTP/1.1" 403 18 "-" "Mozilla/5.0 (compatible; Linux x86_64; Mail.RU_Bot/2.0; +http://go.mail.ru/help/robots)"
114.119.138.239 - - [18/Feb/2022:04:17:07 +0100] "GET /robots.txt HTTP/1.1" 200 - "-" "Mozilla/5.0 (compatible;PetalBot;+https://webmaster.petalsearch.com/site/petalbot)"
188.34.165.76 - - [18/Feb/2022:04:20:38 +0100] "GET / HTTP/1.1" 200 10756 "-" "page-preview-tool Mozilla/5.0 (Windows NT 10.0; Win64; x64) AppleWebKit/537.36 (KHTML, like Gecko) Chrome/80.0.3987.132 Safari/537.36"
64.71.131.244 - - [18/Feb/2022:04:20:48 +0100] "GET / HTTP/1.1" 200 10756 "-" "Mozilla/5.0 (compatible; ev-crawler/1.0; +https://headline.com/legal/crawler)"
154.51.131.142 - - [18/Feb/2022:04:24:42 +0100] "GET / HTTP/1.1" 200 10756 "-" "Mozilla/5.0 (Windows NT 10.0; Win64; x64) AppleWebKit/537.36 (KHTML, like Gecko) Chrome/79.0.3945.130 Safari/537.36"
5.102.173.71 - - [18/Feb/2022:04:31:28 +0100] "GET /robots.txt HTTP/1.1" 200 - "-" "Mozilla/5.0 (compatible; MojeekBot/0.10; +https://www.mojeek.com/bot.html)"
5.102.173.71 - - [18/Feb/2022:04:31:28 +0100] "GET /AmiKo/Web HTTP/1.1" 200 9588 "-" "Mozilla/5.0 (compatible; MojeekBot/0.10; +https://www.mojeek.com/bot.html)"
157.55.39.97 - - [18/Feb/2022:04:36:10 +0100] "GET /Main/2009 HTTP/1.1" 200 21688 "-" "Mozilla/5.0 (compatible; bingbot/2.0; +http://www.bing.com/bingbot.htm)"
54.36.149.41 - - [18/Feb/2022:04:36:43 +0100] "GET /Oddb2xml/XSD HTTP/1.1" 200 8519 "-" "Mozilla/5.0 (compatible; AhrefsBot/7.0; +http://ahrefs.com/robot/)"
157.55.39.97 - - [18/Feb/2022:04:41:08 +0100] "GET /Main/ComCo19122016 HTTP/1.1" 200 10547 "-" "Mozilla/5.0 (compatible; bingbot/2.0; +http://www.bing.com/bingbot.htm)"
131.220.6.152 - - [18/Feb/2022:04:58:27 +0100] "GET / HTTP/1.1" 200 10756 "-" "Mozilla/5.0 (X11; Linux x86_64) AppleWebKit/537.36 (KHTML, like Gecko) Chrome/79.0.3945.79 Safari/537.36"
66.249.76.89 - - [18/Feb/2022:05:03:06 +0100] "GET /Software/YDIM HTTP/1.1" 200 8834 "-" "Mozilla/5.0 (Linux; Android 6.0.1; Nexus 5X Build/MMB29P) AppleWebKit/537.36 (KHTML, like Gecko) Chrome/98.0.4758.102 Mobile Safari/537.36 (compatible; Googlebot/2.1; +http://www.google.com/bot.html)"
66.249.76.229 - - [18/Feb/2022:05:03:07 +0100] "GET /fr/gcc/fachinfo/reg/58050/chapter/overdose HTTP/1.1" 404 301 "-" "Mozilla/5.0 (compatible; Googlebot/2.1; +http://www.google.com/bot.html)"
66.249.76.231 - - [18/Feb/2022:05:03:09 +0100] "GET /fr/gcc/fachinfo/reg/57787/chapter/iksnrs HTTP/1.1" 404 299 "-" "Mozilla/5.0 (compatible; Googlebot/2.1; +http://www.google.com/bot.html)"
66.249.76.87 - - [18/Feb/2022:05:03:11 +0100] "GET /de/gcc/rss/channel/feedback.rss HTTP/1.1" 404 294 "-" "Mozilla/5.0 (Linux; Android 6.0.1; Nexus 5X Build/MMB29P) AppleWebKit/537.36 (KHTML, like Gecko) Chrome/98.0.4758.102 Mobile Safari/537.36 (compatible; Googlebot/2.1; +http://www.google.com/bot.html)"
66.249.76.89 - - [18/Feb/2022:05:03:12 +0100] "GET /Ywesee/ElektronischesPatientendossierSchweiz HTTP/1.1" 200 11065 "-" "Mozilla/5.0 (compatible; Googlebot/2.1; +http://www.google.com/bot.html)"
94.51.200.238 - - [18/Feb/2022:05:03:29 +0100] "GET /apple-app-site-association HTTP/1.1" 404 289 "-" "Mozilla/5.0 (Windows NT 6.1; WOW64; rv:40.0) Gecko/20100101 Firefox/40.1"
79.136.240.21 - - [18/Feb/2022:05:03:32 +0100] "GET /apple-app-site-association HTTP/1.1" 404 285 "-" "Mozilla/5.0 (Windows NT 6.1; WOW64; rv:40.0) Gecko/20100101 Firefox/40.1"
79.136.240.21 - - [18/Feb/2022:05:03:32 +0100] "GET /apple-app-site-association HTTP/1.1" 404 285 "-" "Mozilla/5.0 (Windows NT 6.1; WOW64; rv:40.0) Gecko/20100101 Firefox/40.1"
94.51.200.238 - - [18/Feb/2022:05:03:35 +0100] "GET /.well-known/apple-app-site-association HTTP/1.1" 404 301 "-" "Mozilla/5.0 (Windows NT 6.1; WOW64; rv:40.0) Gecko/20100101 Firefox/40.1"
79.136.240.21 - - [18/Feb/2022:05:03:35 +0100] "GET /.well-known/apple-app-site-association HTTP/1.1" 404 301 "-" "Mozilla/5.0 (Windows NT 6.1; WOW64; rv:40.0) Gecko/20100101 Firefox/40.1"
94.51.200.238 - - [18/Feb/2022:05:03:37 +0100] "GET /.well-known/apple-app-site-association HTTP/1.1" 404 297 "-" "Mozilla/5.0 (Windows NT 6.1; WOW64; rv:40.0) Gecko/20100101 Firefox/40.1"
94.51.200.238 - - [18/Feb/2022:05:03:37 +0100] "GET /.well-known/apple-app-site-association HTTP/1.1" 404 297 "-" "Mozilla/5.0 (Windows NT 6.1; WOW64; rv:40.0) Gecko/20100101 Firefox/40.1"
66.249.76.87 - - [18/Feb/2022:05:03:46 +0100] "GET /Oddb2xml/DatenDownload HTTP/1.1" 200 8810 "-" "Mozilla/5.0 (compatible; Googlebot/2.1; +http://www.google.com/bot.html)"
185.191.171.1 - - [18/Feb/2022:05:05:36 +0100] "GET /robots.txt HTTP/1.1" 200 - "-" "Mozilla/5.0 (compatible; SemrushBot/7~bl; +http://www.semrush.com/bot.html)"
185.191.171.3 - - [18/Feb/2022:05:05:37 +0100] "GET /Pic2Shop/BarcodeScanner HTTP/1.1" 200 8908 "-" "Mozilla/5.0 (compatible; SemrushBot/7~bl; +http://www.semrush.com/bot.html)"
66.249.76.231 - - [18/Feb/2022:05:08:07 +0100] "GET / HTTP/1.1" 200 10756 "-" "Mozilla/5.0 (Linux; Android 6.0.1; Nexus 5X Build/MMB29P) AppleWebKit/537.36 (KHTML, like Gecko) Chrome/98.0.4758.102 Mobile Safari/537.36 (compatible; Googlebot/2.1; +http://www.google.com/bot.html)"
114.119.130.202 - - [18/Feb/2022:05:18:03 +0100] "GET /uploads/Main/An_Thomas_Zeltner.pdf HTTP/1.1" 200 39149 "-" "Mozilla/5.0 (Linux; Android 7.0;) AppleWebKit/537.36 (KHTML, like Gecko) Mobile Safari/537.36 (compatible; PetalBot;+https://webmaster.petalsearch.com/site/petalbot)"
137.226.113.44 - - [18/Feb/2022:05:18:37 +0100] "GET / HTTP/1.1" 200 10756 "-" "Mozilla/5.0 (X11; Linux x86_64; rv:84.0) Gecko/20100101 Firefox/84.0"
66.249.76.89 - - [18/Feb/2022:05:25:08 +0100] "GET /ads.txt HTTP/1.1" 404 270 "-" "Mozilla/5.0 (compatible; Googlebot/2.1; +http://www.google.com/bot.html)"
185.191.171.13 - - [18/Feb/2022:05:33:43 +0100] "GET /Ywesee/XMLCONV2?action=print HTTP/1.1" 403 18 "-" "Mozilla/5.0 (compatible; SemrushBot/7~bl; +http://www.semrush.com/bot.html)"
157.55.39.64 - - [18/Feb/2022:05:40:04 +0100] "GET /Ywesee/Software HTTP/1.1" 200 9246 "-" "Mozilla/5.0 (compatible; bingbot/2.0; +http://www.bing.com/bingbot.htm)"
62.210.215.119 - - [18/Feb/2022:05:41:03 +0100] "GET /Site/AllRecentChanges?action=rss HTTP/1.1" 200 2546 "-" "Mozilla/5.0 (X11; Linux i686) AppleWebKit/537.36 (KHTML, like Gecko) Chrome/30.0.1599.66 Safari/537.36"
185.191.171.25 - - [18/Feb/2022:05:59:38 +0100] "GET /Main/2018?action=upload HTTP/1.1" 403 18 "-" "Mozilla/5.0 (compatible; SemrushBot/7~bl; +http://www.semrush.com/bot.html)"
194.209.200.2 - - [18/Feb/2022:06:05:43 +0100] "GET /robots.txt HTTP/1.1" 200 - "-" "Mozilla/5.0 (compatible; TMMBot/0.2; +http://www.dslab.ch)/Nutch-1.15"
194.209.200.2 - - [18/Feb/2022:06:05:43 +0100] "GET /Main/2012 HTTP/1.1" 200 31941 "-" "Mozilla/5.0 (compatible; TMMBot/0.2; +http://www.dslab.ch)/Nutch-1.15"
66.249.76.91 - - [18/Feb/2022:06:06:07 +0100] "GET /Miele/MieleLXIV HTTP/1.1" 200 15367 "-" "Mozilla/5.0 (Linux; Android 6.0.1; Nexus 5X Build/MMB29P) AppleWebKit/537.36 (KHTML, like Gecko) Chrome/98.0.4758.102 Mobile Safari/537.36 (compatible; Googlebot/2.1; +http://www.google.com/bot.html)"
89.246.241.14 - - [18/Feb/2022:06:09:50 +0100] "GET / HTTP/1.1" 200 10756 "-" "Mozilla/5.0 (Windows NT 10.0; Win64; x64; rv:84.0) Gecko/20100101 Firefox/84.0"
114.119.147.97 - - [18/Feb/2022:06:12:27 +0100] "GET /uploads/Main/529_Email_an_Stockmeyer_14.7.2009.txt HTTP/1.1" 200 1858 "-" "Mozilla/5.0 (Linux; Android 7.0;) AppleWebKit/537.36 (KHTML, like Gecko) Mobile Safari/537.36 (compatible; PetalBot;+https://webmaster.petalsearch.com/site/petalbot)"
89.246.241.14 - - [18/Feb/2022:06:17:50 +0100] "GET /Main/Home?action=diff HTTP/1.1" 200 569063 "-" "Mozilla/5.0 (Windows NT 10.0; Win64; x64; rv:84.0) Gecko/20100101 Firefox/84.0"
66.249.76.91 - - [18/Feb/2022:06:24:01 +0100] "GET /Ywesee/InfoCodexVorgehen HTTP/1.1" 200 12716 "-" "Mozilla/5.0 (Linux; Android 6.0.1; Nexus 5X Build/MMB29P) AppleWebKit/537.36 (KHTML, like Gecko) Chrome/98.0.4758.102 Mobile Safari/537.36 (compatible; Googlebot/2.1; +http://www.google.com/bot.html)"
114.119.147.47 - - [18/Feb/2022:06:27:27 +0100] "GET /InfoCodex/Dokumentenfamilien HTTP/1.1" 200 10326 "-" "Mozilla/5.0 (Linux; Android 7.0;) AppleWebKit/537.36 (KHTML, like Gecko) Mobile Safari/537.36 (compatible; PetalBot;+https://webmaster.petalsearch.com/site/petalbot)"
157.55.39.97 - - [18/Feb/2022:06:32:23 +0100] "GET /Miele/MieleLXIV HTTP/1.1" 200 15367 "-" "Mozilla/5.0 (compatible; bingbot/2.0; +http://www.bing.com/bingbot.htm)"
101.43.118.245 - - [18/Feb/2022:06:35:16 +0100] "GET / HTTP/1.1" 200 10756 "-" "Mozilla/5.0 (Windows NT 10.0; WOW64) AppleWebKit/537.36 (KHTML, like Gecko) Chrome/63.0.3239.132 Safari/537.36"
47.88.106.181 - - [18/Feb/2022:06:37:01 +0100] "HEAD /yweseecom.sql.gz HTTP/1.1" 404 - "https://ywesee.com/yweseecom.sql.gz" "Mozilla/5.0 (Macintosh; Intel Mac OS X 10_11_6) AppleWebKit/537.36 (KHTML, like Gecko) Chrome/67.0.3396.79 Safari/537.36"
47.88.106.181 - - [18/Feb/2022:06:37:02 +0100] "HEAD /yweseecom.sql.gz HTTP/1.1" 404 - "https://ywesee.com/yweseecom.sql.gz" "Mozilla/5.0 (Macintosh; Intel Mac OS X 10_11_6) AppleWebKit/537.36 (KHTML, like Gecko) Chrome/67.0.3396.79 Safari/537.36"
51.222.253.19 - - [18/Feb/2022:06:39:35 +0100] "GET /robots.txt HTTP/1.1" 200 - "-" "Mozilla/5.0 (compatible; AhrefsBot/7.0; +http://ahrefs.com/robot/)"
123.183.224.149 - - [18/Feb/2022:06:46:58 +0100] "GET / HTTP/1.1" 200 10756 "-" "Sogou web spider/4.0(+http://www.sogou.com/docs/help/webmasters.htm#07)"
185.191.171.33 - - [18/Feb/2022:06:47:10 +0100] "GET /robots.txt HTTP/1.1" 200 - "-" "Mozilla/5.0 (compatible; SemrushBot/7~bl; +http://www.semrush.com/bot.html)"
185.191.171.24 - - [18/Feb/2022:06:47:10 +0100] "GET /Main/EPUB?action=edit HTTP/1.1" 403 18 "-" "Mozilla/5.0 (compatible; SemrushBot/7~bl; +http://www.semrush.com/bot.html)"
114.119.148.120 - - [18/Feb/2022:06:48:49 +0100] "GET /Swissmedic/Formatvorlagen HTTP/1.1" 200 9935 "-" "Mozilla/5.0 (Linux; Android 7.0;) AppleWebKit/537.36 (KHTML, like Gecko) Mobile Safari/537.36 (compatible; PetalBot;+https://webmaster.petalsearch.com/site/petalbot)"
157.55.39.135 - - [18/Feb/2022:06:59:38 +0100] "GET /main/2021 HTTP/1.1" 404 268 "-" "Mozilla/5.0 (compatible; bingbot/2.0; +http://www.bing.com/bingbot.htm)"
66.249.76.89 - - [18/Feb/2022:07:00:01 +0100] "GET /Main/DocumedGalenicaVsYwesee HTTP/1.1" 200 34932 "-" "Mozilla/5.0 (Linux; Android 6.0.1; Nexus 5X Build/MMB29P) AppleWebKit/537.36 (KHTML, like Gecko) Chrome/98.0.4758.102 Mobile Safari/537.36 (compatible; Googlebot/2.1; +http://www.google.com/bot.html)"
192.99.15.29 - - [18/Feb/2022:07:13:15 +0100] "GET /robots.txt HTTP/1.1" 200 - "-" "Mozilla/5.0 (compatible; MJ12bot/v1.4.8; http://mj12bot.com/)"
192.99.15.29 - - [18/Feb/2022:07:13:17 +0100] "GET /Main/Home?action=edit HTTP/1.1" 403 18 "-" "Mozilla/5.0 (compatible; MJ12bot/v1.4.8; http://mj12bot.com/)"
185.191.171.4 - - [18/Feb/2022:07:16:02 +0100] "GET /Bundesrat/Ebook?action=diff HTTP/1.1" 403 18 "-" "Mozilla/5.0 (compatible; SemrushBot/7~bl; +http://www.semrush.com/bot.html)"
173.231.60.196 - - [18/Feb/2022:07:20:28 +0100] "GET /robots.txt HTTP/1.1" 200 - "-" "Mozilla/5.0 (compatible; Adsbot/3.1; +https://seostar.co/robot/)"
173.231.60.196 - - [18/Feb/2022:07:20:34 +0100] "GET / HTTP/1.1" 200 10756 "-" "Mozilla/5.0 (compatible; Adsbot/3.1; +https://seostar.co/robot/)"
173.231.60.196 - - [18/Feb/2022:07:20:46 +0100] "GET /robots.txt HTTP/1.1" 200 - "-" "Mozilla/5.0 (compatible; Adsbot/3.1; +https://seostar.co/robot/)"
173.231.60.196 - - [18/Feb/2022:07:20:52 +0100] "GET / HTTP/1.1" 200 10756 "-" "Mozilla/5.0 (compatible; Adsbot/3.1; +https://seostar.co/robot/)"
173.231.60.196 - - [18/Feb/2022:07:20:57 +0100] "GET /AmiKo/IOS HTTP/1.1" 200 11930 "https://www.ywesee.com/" "Mozilla/5.0 (compatible; Adsbot/3.1; +https://seostar.co/robot/)"
173.231.60.196 - - [18/Feb/2022:07:21:04 +0100] "GET /AmiKo/Web HTTP/1.1" 200 9588 "https://www.ywesee.com/" "Mozilla/5.0 (compatible; Adsbot/3.1; +https://seostar.co/robot/)"
173.231.60.196 - - [18/Feb/2022:07:21:10 +0100] "GET /Main/2004 HTTP/1.1" 200 14080 "https://www.ywesee.com/" "Mozilla/5.0 (compatible; Adsbot/3.1; +https://seostar.co/robot/)"
173.231.60.196 - - [18/Feb/2022:07:21:16 +0100] "GET /Main/2005 HTTP/1.1" 200 63344 "https://www.ywesee.com/" "Mozilla/5.0 (compatible; Adsbot/3.1; +https://seostar.co/robot/)"
173.231.60.196 - - [18/Feb/2022:07:21:22 +0100] "GET /Main/2006 HTTP/1.1" 200 39320 "https://www.ywesee.com/" "Mozilla/5.0 (compatible; Adsbot/3.1; +https://seostar.co/robot/)"
173.231.60.196 - - [18/Feb/2022:07:21:28 +0100] "GET /Main/2007 HTTP/1.1" 200 50639 "https://www.ywesee.com/" "Mozilla/5.0 (compatible; Adsbot/3.1; +https://seostar.co/robot/)"
173.231.60.196 - - [18/Feb/2022:07:21:35 +0100] "GET /Main/2008 HTTP/1.1" 200 34740 "https://www.ywesee.com/" "Mozilla/5.0 (compatible; Adsbot/3.1; +https://seostar.co/robot/)"
173.231.60.196 - - [18/Feb/2022:07:21:42 +0100] "GET /Main/2009 HTTP/1.1" 200 21688 "https://www.ywesee.com/" "Mozilla/5.0 (compatible; Adsbot/3.1; +https://seostar.co/robot/)"
173.231.60.196 - - [18/Feb/2022:07:21:49 +0100] "GET /Main/2010 HTTP/1.1" 200 27997 "https://www.ywesee.com/" "Mozilla/5.0 (compatible; Adsbot/3.1; +https://seostar.co/robot/)"
173.231.60.196 - - [18/Feb/2022:07:21:55 +0100] "GET /Main/2011 HTTP/1.1" 200 21451 "https://www.ywesee.com/" "Mozilla/5.0 (compatible; Adsbot/3.1; +https://seostar.co/robot/)"
173.231.60.196 - - [18/Feb/2022:07:22:01 +0100] "GET /Main/2012 HTTP/1.1" 200 31941 "https://www.ywesee.com/" "Mozilla/5.0 (compatible; Adsbot/3.1; +https://seostar.co/robot/)"
173.231.60.196 - - [18/Feb/2022:07:22:07 +0100] "GET /Main/2013 HTTP/1.1" 200 20487 "https://www.ywesee.com/" "Mozilla/5.0 (compatible; Adsbot/3.1; +https://seostar.co/robot/)"
173.231.60.196 - - [18/Feb/2022:07:22:14 +0100] "GET /Main/2014 HTTP/1.1" 200 19471 "https://www.ywesee.com/" "Mozilla/5.0 (compatible; Adsbot/3.1; +https://seostar.co/robot/)"
173.231.60.196 - - [18/Feb/2022:07:22:20 +0100] "GET /Main/2015 HTTP/1.1" 200 15908 "https://www.ywesee.com/" "Mozilla/5.0 (compatible; Adsbot/3.1; +https://seostar.co/robot/)"
173.231.60.196 - - [18/Feb/2022:07:22:26 +0100] "GET /Main/2016 HTTP/1.1" 200 13689 "https://www.ywesee.com/" "Mozilla/5.0 (compatible; Adsbot/3.1; +https://seostar.co/robot/)"
173.231.60.196 - - [18/Feb/2022:07:22:33 +0100] "GET /Main/2017 HTTP/1.1" 200 15840 "https://www.ywesee.com/" "Mozilla/5.0 (compatible; Adsbot/3.1; +https://seostar.co/robot/)"
173.231.60.196 - - [18/Feb/2022:07:22:39 +0100] "GET /Main/2018 HTTP/1.1" 200 15425 "https://www.ywesee.com/" "Mozilla/5.0 (compatible; Adsbot/3.1; +https://seostar.co/robot/)"
173.231.60.196 - - [18/Feb/2022:07:22:45 +0100] "GET /Main/2019 HTTP/1.1" 200 15246 "https://www.ywesee.com/" "Mozilla/5.0 (compatible; Adsbot/3.1; +https://seostar.co/robot/)"
173.231.60.196 - - [18/Feb/2022:07:22:51 +0100] "GET /Main/2020 HTTP/1.1" 200 15398 "https://www.ywesee.com/" "Mozilla/5.0 (compatible; Adsbot/3.1; +https://seostar.co/robot/)"
173.231.60.196 - - [18/Feb/2022:07:22:57 +0100] "GET /Main/Home HTTP/1.1" 200 10756 "https://www.ywesee.com/" "Mozilla/5.0 (compatible; Adsbot/3.1; +https://seostar.co/robot/)"
173.231.60.196 - - [18/Feb/2022:07:23:03 +0100] "GET /Main/Home?action=diff HTTP/1.1" 403 18 "https://www.ywesee.com/" "Mozilla/5.0 (compatible; Adsbot/3.1; +https://seostar.co/robot/)"
173.231.60.196 - - [18/Feb/2022:07:23:08 +0100] "GET /Main/Home?action=edit HTTP/1.1" 403 18 "https://www.ywesee.com/" "Mozilla/5.0 (compatible; Adsbot/3.1; +https://seostar.co/robot/)"
173.231.60.196 - - [18/Feb/2022:07:23:14 +0100] "GET /Main/Home?action=print HTTP/1.1" 403 18 "https://www.ywesee.com/" "Mozilla/5.0 (compatible; Adsbot/3.1; +https://seostar.co/robot/)"
173.231.60.196 - - [18/Feb/2022:07:23:20 +0100] "GET /Main/Home?action=upload HTTP/1.1" 403 18 "https://www.ywesee.com/" "Mozilla/5.0 (compatible; Adsbot/3.1; +https://seostar.co/robot/)"
95.91.15.126 - - [18/Feb/2022:07:25:12 +0100] "GET /robots.txt HTTP/1.1" 200 - "-" "Mozilla/5.0 (compatible; MJ12bot/v1.4.8; http://mj12bot.com/)"
95.91.15.126 - - [18/Feb/2022:07:25:20 +0100] "GET /AmiKo/Android?action=edit HTTP/1.1" 403 18 "-" "Mozilla/5.0 (compatible; MJ12bot/v1.4.8; http://mj12bot.com/)"
95.91.15.126 - - [18/Feb/2022:07:25:44 +0100] "GET /AmiKo/Ankuendigung?action=edit HTTP/1.1" 403 18 "-" "Mozilla/5.0 (compatible; MJ12bot/v1.4.8; http://mj12bot.com/)"
95.91.15.126 - - [18/Feb/2022:07:27:32 +0100] "GET /AmiKo/Index?action=edit HTTP/1.1" 403 18 "-" "Mozilla/5.0 (compatible; MJ12bot/v1.4.8; http://mj12bot.com/)"
95.91.15.126 - - [18/Feb/2022:07:28:33 +0100] "GET /AmiKo/KrankenkassenKartenleser?action=edit HTTP/1.1" 403 18 "-" "Mozilla/5.0 (compatible; MJ12bot/v1.4.8; http://mj12bot.com/)"
95.91.15.126 - - [18/Feb/2022:07:28:35 +0100] "GET /AmiKo/Linux?action=edit HTTP/1.1" 403 18 "-" "Mozilla/5.0 (compatible; MJ12bot/v1.4.8; http://mj12bot.com/)"
95.91.15.126 - - [18/Feb/2022:07:28:45 +0100] "GET /AmiKo/OSX?action=edit HTTP/1.1" 403 18 "-" "Mozilla/5.0 (compatible; MJ12bot/v1.4.8; http://mj12bot.com/)"
95.91.15.126 - - [18/Feb/2022:07:28:48 +0100] "GET /AmiKo/SAPP?action=edit HTTP/1.1" 403 18 "-" "Mozilla/5.0 (compatible; MJ12bot/v1.4.8; http://mj12bot.com/)"
95.91.15.126 - - [18/Feb/2022:07:29:09 +0100] "GET /AmiKo/Swisspeddose?action=edit HTTP/1.1" 403 18 "-" "Mozilla/5.0 (compatible; MJ12bot/v1.4.8; http://mj12bot.com/)"
95.91.15.126 - - [18/Feb/2022:07:29:19 +0100] "GET /AmiKo/Web?action=edit HTTP/1.1" 403 18 "-" "Mozilla/5.0 (compatible; MJ12bot/v1.4.8; http://mj12bot.com/)"
95.91.15.126 - - [18/Feb/2022:07:29:27 +0100] "GET /AmiKo/Windows?action=edit HTTP/1.1" 403 18 "-" "Mozilla/5.0 (compatible; MJ12bot/v1.4.8; http://mj12bot.com/)"
95.91.15.126 - - [18/Feb/2022:07:35:54 +0100] "GET /CoMed/ASPP?action=edit HTTP/1.1" 403 18 "-" "Mozilla/5.0 (compatible; MJ12bot/v1.4.8; http://mj12bot.com/)"
95.91.15.126 - - [18/Feb/2022:07:35:56 +0100] "GET /CoMed/Android?action=edit HTTP/1.1" 403 18 "-" "Mozilla/5.0 (compatible; MJ12bot/v1.4.8; http://mj12bot.com/)"
66.249.76.231 - - [18/Feb/2022:07:36:03 +0100] "GET / HTTP/1.1" 200 10756 "-" "Mozilla/5.0 (compatible; Googlebot/2.1; +http://www.google.com/bot.html)"
95.91.15.126 - - [18/Feb/2022:07:36:05 +0100] "GET /CoMed/IOS?action=edit HTTP/1.1" 403 18 "-" "Mozilla/5.0 (compatible; MJ12bot/v1.4.8; http://mj12bot.com/)"
95.91.15.126 - - [18/Feb/2022:07:36:10 +0100] "GET /CoronaVirus/Links?action=edit HTTP/1.1" 403 18 "-" "Mozilla/5.0 (compatible; MJ12bot/v1.4.8; http://mj12bot.com/)"
95.91.15.126 - - [18/Feb/2022:07:36:15 +0100] "GET /Covid19/Covid19?action=edit HTTP/1.1" 403 18 "-" "Mozilla/5.0 (compatible; MJ12bot/v1.4.8; http://mj12bot.com/)"
91.90.11.195 - - [18/Feb/2022:07:36:19 +0100] "GET /Miele/MieleLXIV HTTP/1.1" 200 15367 "https://medevel.com/miele-lxiv-dicom-macosx/" "Mozilla/5.0 (Macintosh; Intel Mac OS X 10_13_6) AppleWebKit/605.1.15 (KHTML, like Gecko) Version/13.1.2 Safari/605.1.15"
91.90.11.195 - - [18/Feb/2022:07:36:20 +0100] "GET /pub/skins/ywesee/gila.css HTTP/1.1" 200 8276 "https://www.ywesee.com/Miele/MieleLXIV" "Mozilla/5.0 (Macintosh; Intel Mac OS X 10_13_6) AppleWebKit/605.1.15 (KHTML, like Gecko) Version/13.1.2 Safari/605.1.15"
91.90.11.195 - - [18/Feb/2022:07:36:21 +0100] "GET /favicon.ico HTTP/1.1" 200 1406 "https://www.ywesee.com/Miele/MieleLXIV" "Mozilla/5.0 (Macintosh; Intel Mac OS X 10_13_6) AppleWebKit/605.1.15 (KHTML, like Gecko) Version/13.1.2 Safari/605.1.15"
95.91.15.126 - - [18/Feb/2022:07:36:52 +0100] "GET /Eggze/SpreadIt?action=edit HTTP/1.1" 403 18 "-" "Mozilla/5.0 (compatible; MJ12bot/v1.4.8; http://mj12bot.com/)"
95.91.15.126 - - [18/Feb/2022:07:37:26 +0100] "GET /Generikacc/App?action=edit HTTP/1.1" 403 18 "-" "Mozilla/5.0 (compatible; MJ12bot/v1.4.8; http://mj12bot.com/)"
95.91.15.126 - - [18/Feb/2022:07:37:35 +0100] "GET /Generikacc/News23012018?action=edit HTTP/1.1" 403 18 "-" "Mozilla/5.0 (compatible; MJ12bot/v1.4.8; http://mj12bot.com/)"
95.91.15.126 - - [18/Feb/2022:07:38:30 +0100] "GET /Main/2004?action=edit HTTP/1.1" 403 18 "-" "Mozilla/5.0 (compatible; MJ12bot/v1.4.8; http://mj12bot.com/)"
95.91.15.126 - - [18/Feb/2022:07:39:07 +0100] "GET /Main/2008?action=edit HTTP/1.1" 403 18 "-" "Mozilla/5.0 (compatible; MJ12bot/v1.4.8; http://mj12bot.com/)"
95.91.15.126 - - [18/Feb/2022:07:39:13 +0100] "GET /Main/2009?action=edit HTTP/1.1" 403 18 "-" "Mozilla/5.0 (compatible; MJ12bot/v1.4.8; http://mj12bot.com/)"
95.91.15.126 - - [18/Feb/2022:07:39:23 +0100] "GET /Main/2011?action=edit HTTP/1.1" 403 18 "-" "Mozilla/5.0 (compatible; MJ12bot/v1.4.8; http://mj12bot.com/)"
95.91.15.126 - - [18/Feb/2022:07:39:33 +0100] "GET /Main/2013?action=edit HTTP/1.1" 403 18 "-" "Mozilla/5.0 (compatible; MJ12bot/v1.4.8; http://mj12bot.com/)"
95.91.15.126 - - [18/Feb/2022:07:39:39 +0100] "GET /Main/2014?action=edit HTTP/1.1" 403 18 "-" "Mozilla/5.0 (compatible; MJ12bot/v1.4.8; http://mj12bot.com/)"
95.91.15.126 - - [18/Feb/2022:07:39:46 +0100] "GET /Main/2015?action=edit HTTP/1.1" 403 18 "-" "Mozilla/5.0 (compatible; MJ12bot/v1.4.8; http://mj12bot.com/)"
95.91.15.126 - - [18/Feb/2022:07:39:55 +0100] "GET /Main/2017?action=edit HTTP/1.1" 403 18 "-" "Mozilla/5.0 (compatible; MJ12bot/v1.4.8; http://mj12bot.com/)"
89.246.241.14 - - [18/Feb/2022:07:42:39 +0100] "GET /Ywesee/Team HTTP/1.1" 200 18245 "-" "Mozilla/5.0 (Windows NT 10.0; Win64; x64; rv:84.0) Gecko/20100101 Firefox/84.0"
77.88.5.236 - - [18/Feb/2022:07:45:43 +0100] "GET /robots.txt HTTP/1.1" 200 - "-" "Mozilla/5.0 (compatible; YandexBot/3.0; +http://yandex.com/bots)"
77.88.5.236 - - [18/Feb/2022:07:45:46 +0100] "GET /uploads/Main/SwissmedicinfoXML-Report.txt HTTP/1.1" 200 8725 "-" "Mozilla/5.0 (compatible; YandexBot/3.0; +http://yandex.com/bots)"
47.88.106.181 - - [18/Feb/2022:07:49:00 +0100] "HEAD /htdocs.tar.gz HTTP/1.1" 404 - "https://ywesee.com/htdocs.tar.gz" "Mozilla/5.0 (Macintosh; Intel Mac OS X 10_11_6) AppleWebKit/537.36 (KHTML, like Gecko) Chrome/67.0.3396.79 Safari/537.36"
47.88.106.181 - - [18/Feb/2022:07:49:01 +0100] "HEAD /htdocs.tar.gz HTTP/1.1" 404 - "https://ywesee.com/htdocs.tar.gz" "Mozilla/5.0 (Macintosh; Intel Mac OS X 10_11_6) AppleWebKit/537.36 (KHTML, like Gecko) Chrome/67.0.3396.79 Safari/537.36"
89.246.241.14 - - [18/Feb/2022:07:52:11 +0100] "GET /Main/Home?action=edit HTTP/1.1" 200 9272 "-" "Mozilla/5.0 (Windows NT 10.0; Win64; x64; rv:84.0) Gecko/20100101 Firefox/84.0"
89.246.241.14 - - [18/Feb/2022:07:52:17 +0100] "GET /ODDB/IntegrationLookAmpFeelGenerikasuche HTTP/1.1" 200 9097 "-" "Mozilla/5.0 (Windows NT 10.0; Win64; x64; rv:84.0) Gecko/20100101 Firefox/84.0"
213.109.232.10 - - [18/Feb/2022:07:56:38 +0100] "GET /Miele/MieleLXIV HTTP/1.1" 200 15367 "https://medevel.com/miele-lxiv-dicom-macosx/" "Mozilla/5.0 (Macintosh; Intel Mac OS X 10_15_7) AppleWebKit/537.36 (KHTML, like Gecko) Chrome/98.0.4758.102 Safari/537.36"
89.246.241.14 - - [18/Feb/2022:08:01:15 +0100] "GET /Ywesee/OpenSource HTTP/1.1" 200 10790 "-" "Mozilla/5.0 (Windows NT 10.0; Win64; x64; rv:84.0) Gecko/20100101 Firefox/84.0"
138.246.253.24 - - [18/Feb/2022:08:02:34 +0100] "GET /robots.txt HTTP/1.1" 200 - "-" "Mozilla/5.0 (Windows NT 10.0; Win64; x64) AppleWebKit/537.36 (KHTML, like Gecko) Chrome/88.0.4324.146 Safari/537.36"
37.79.216.202 - - [18/Feb/2022:08:06:31 +0100] "GET /Miele/MieleLXIV HTTP/1.1" 200 15367 "https://www.postdicom.com/" "Mozilla/5.0 (Windows NT 10.0; Win64; x64) AppleWebKit/537.36 (KHTML, like Gecko) Chrome/98.0.4758.102 Safari/537.36"
37.79.216.202 - - [18/Feb/2022:08:06:31 +0100] "GET /pub/skins/ywesee/gila.css HTTP/1.1" 200 8276 "https://www.ywesee.com/Miele/MieleLXIV" "Mozilla/5.0 (Windows NT 10.0; Win64; x64) AppleWebKit/537.36 (KHTML, like Gecko) Chrome/98.0.4758.102 Safari/537.36"
37.79.216.202 - - [18/Feb/2022:08:06:32 +0100] "GET /favicon.ico HTTP/1.1" 200 1406 "https://www.ywesee.com/Miele/MieleLXIV" "Mozilla/5.0 (Windows NT 10.0; Win64; x64) AppleWebKit/537.36 (KHTML, like Gecko) Chrome/98.0.4758.102 Safari/537.36"
37.79.216.202 - - [18/Feb/2022:08:07:23 +0100] "GET /AmiKo/Windows HTTP/1.1" 200 10332 "https://www.ywesee.com/Miele/MieleLXIV" "Mozilla/5.0 (Windows NT 10.0; Win64; x64) AppleWebKit/537.36 (KHTML, like Gecko) Chrome/98.0.4758.102 Safari/537.36"
37.79.216.202 - - [18/Feb/2022:08:07:33 +0100] "GET /Miele/MieleLXIV HTTP/1.1" 200 15367 "https://www.postdicom.com/" "Mozilla/5.0 (Windows NT 10.0; Win64; x64) AppleWebKit/537.36 (KHTML, like Gecko) Chrome/98.0.4758.102 Safari/537.36"
77.88.5.236 - - [18/Feb/2022:08:12:26 +0100] "GET / HTTP/1.1" 200 10756 "-" "Mozilla/5.0 (compatible; YandexBot/3.0; +http://yandex.com/bots)"
89.246.241.14 - - [18/Feb/2022:08:14:55 +0100] "GET /Ywesee/Events HTTP/1.1" 200 8918 "-" "Mozilla/5.0 (Windows NT 10.0; Win64; x64; rv:84.0) Gecko/20100101 Firefox/84.0"
62.210.215.119 - - [18/Feb/2022:08:20:59 +0100] "GET /Site/AllRecentChanges?action=rss HTTP/1.1" 200 2546 "-" "Mozilla/5.0 (X11; Linux i686) AppleWebKit/537.36 (KHTML, like Gecko) Chrome/30.0.1599.66 Safari/537.36"
47.88.106.181 - - [18/Feb/2022:08:23:23 +0100] "HEAD /ywesee.db.tar HTTP/1.1" 404 - "https://ywesee.com/ywesee.db.tar" "Mozilla/5.0 (Macintosh; Intel Mac OS X 10_11_6) AppleWebKit/537.36 (KHTML, like Gecko) Chrome/67.0.3396.79 Safari/537.36"
47.88.106.181 - - [18/Feb/2022:08:23:24 +0100] "HEAD /ywesee.db.tar HTTP/1.1" 404 - "https://ywesee.com/ywesee.db.tar" "Mozilla/5.0 (Macintosh; Intel Mac OS X 10_11_6) AppleWebKit/537.36 (KHTML, like Gecko) Chrome/67.0.3396.79 Safari/537.36"
66.249.76.89 - - [18/Feb/2022:08:36:02 +0100] "GET /Oddb2xml/Version?action=edit HTTP/1.1" 403 18 "-" "Mozilla/5.0 (compatible; Googlebot/2.1; +http://www.google.com/bot.html)"
89.246.241.14 - - [18/Feb/2022:08:40:07 +0100] "GET /Software/Spreadsheet HTTP/1.1" 200 8839 "-" "Mozilla/5.0 (Windows NT 10.0; Win64; x64; rv:84.0) Gecko/20100101 Firefox/84.0"
89.246.241.14 - - [18/Feb/2022:08:40:26 +0100] "GET /Software/ODDB HTTP/1.1" 200 10298 "-" "Mozilla/5.0 (Windows NT 10.0; Win64; x64; rv:84.0) Gecko/20100101 Firefox/84.0"
49.7.20.106 - - [18/Feb/2022:08:41:31 +0100] "GET / HTTP/1.1" 200 10756 "-" "Sogou web spider/4.0(+http://www.sogou.com/docs/help/webmasters.htm#07)"
89.246.241.14 - - [18/Feb/2022:08:45:37 +0100] "GET /ODDB/StammdatenCH HTTP/1.1" 200 9300 "-" "Mozilla/5.0 (Windows NT 10.0; Win64; x64; rv:84.0) Gecko/20100101 Firefox/84.0"
