81.19.136.15 - - [18/Oct/2022:09:27:36 +0200] "POST /Main/SearchWiki HTTP/1.1" 200 10407 "-" "Mozilla/5.0 (X11; U; Linux i686; de; rv:1.9.0.13) Gecko/2009080315 Ubuntu/9.04 (jaunty) Firefox/3.0.13"
81.19.136.15 - - [18/Oct/2022:09:27:37 +0200] "POST /Main/SearchWiki HTTP/1.1" 200 10417 "-" "Mozilla/5.0 (X11; U; Linux i686; de; rv:1.9.0.13) Gecko/2009080315 Ubuntu/9.04 (jaunty) Firefox/3.0.13"
81.19.136.15 - - [18/Oct/2022:09:27:37 +0200] "POST /Main/SearchWiki HTTP/1.1" 200 10427 "-" "Mozilla/5.0 (X11; U; Linux i686; de; rv:1.9.0.13) Gecko/2009080315 Ubuntu/9.04 (jaunty) Firefox/3.0.13"
81.19.136.15 - - [18/Oct/2022:09:27:38 +0200] "POST /Main/SearchWiki HTTP/1.1" 200 10437 "-" "Mozilla/5.0 (X11; U; Linux i686; de; rv:1.9.0.13) Gecko/2009080315 Ubuntu/9.04 (jaunty) Firefox/3.0.13"
81.19.136.15 - - [18/Oct/2022:09:27:39 +0200] "POST /Main/SearchWiki HTTP/1.1" 200 10447 "-" "Mozilla/5.0 (X11; U; Linux i686; de; rv:1.9.0.13) Gecko/2009080315 Ubuntu/9.04 (jaunty) Firefox/3.0.13"
81.19.136.15 - - [18/Oct/2022:09:27:40 +0200] "POST /Main/SearchWiki HTTP/1.1" 200 10457 "-" "Mozilla/5.0 (X11; U; Linux i686; de; rv:1.9.0.13) Gecko/2009080315 Ubuntu/9.04 (jaunty) Firefox/3.0.13"
81.19.136.15 - - [18/Oct/2022:09:27:41 +0200] "POST /Main/SearchWiki HTTP/1.1" 200 10467 "-" "Mozilla/5.0 (X11; U; Linux i686; de; rv:1.9.0.13) Gecko/2009080315 Ubuntu/9.04 (jaunty) Firefox/3.0.13"
81.19.136.15 - - [18/Oct/2022:09:27:42 +0200] "POST /Main/SearchWiki HTTP/1.1" 200 10477 "-" "Mozilla/5.0 (X11; U; Linux i686; de; rv:1.9.0.13) Gecko/2009080315 Ubuntu/9.04 (jaunty) Firefox/3.0.13"
81.19.136.15 - - [18/Oct/2022:09:27:43 +0200] "POST /Main/SearchWiki HTTP/1.1" 200 10487 "-" "Mozilla/5.0 (X11; U; Linux i686; de; rv:1.9.0.13) Gecko/2009080315 Ubuntu/9.04 (jaunty) Firefox/3.0.13"
81.19.136.15 - - [18/Oct/2022:09:27:44 +0200] "POST /Main/SearchWiki HTTP/1.1" 200 10497 "-" "Mozilla/5.0 (X11; U; Linux i686; de; rv:1.9.0.13) Gecko/2009080315 Ubuntu/9.04 (jaunty) Firefox/3.0.13"
81.19.136.15 - - [18/Oct/2022:09:27:44 +0200] "POST /Main/SearchWiki HTTP/1.1" 200 10366 "-" "Mozilla/5.0 (X11; U; Linux i686; de; rv:1.9.0.13) Gecko/2009080315 Ubuntu/9.04 (jaunty) Firefox/3.0.13"
81.19.136.15 - - [18/Oct/2022:09:27:45 +0200] "POST /Main/SearchWiki HTTP/1.1" 200 10388 "-" "Mozilla/5.0 (X11; U; Linux i686; de; rv:1.9.0.13) Gecko/2009080315 Ubuntu/9.04 (jaunty) Firefox/3.0.13"
185.191.171.5 - - [18/Oct/2022:09:27:46 +0200] "GET /ODDB/OddbDat HTTP/1.1" 200 8661 "-" "Mozilla/5.0 (compatible; SemrushBot/7~bl; +http://www.semrush.com/bot.html)"
81.19.136.15 - - [18/Oct/2022:09:27:46 +0200] "POST /Main/SearchWiki HTTP/1.1" 200 10398 "-" "Mozilla/5.0 (X11; U; Linux i686; de; rv:1.9.0.13) Gecko/2009080315 Ubuntu/9.04 (jaunty) Firefox/3.0.13"
81.19.136.15 - - [18/Oct/2022:09:27:47 +0200] "POST /Main/SearchWiki HTTP/1.1" 200 10408 "-" "Mozilla/5.0 (X11; U; Linux i686; de; rv:1.9.0.13) Gecko/2009080315 Ubuntu/9.04 (jaunty) Firefox/3.0.13"
81.19.136.15 - - [18/Oct/2022:09:27:48 +0200] "POST /Main/SearchWiki HTTP/1.1" 200 10418 "-" "Mozilla/5.0 (X11; U; Linux i686; de; rv:1.9.0.13) Gecko/2009080315 Ubuntu/9.04 (jaunty) Firefox/3.0.13"
81.19.136.15 - - [18/Oct/2022:09:27:49 +0200] "POST /Main/SearchWiki HTTP/1.1" 200 10428 "-" "Mozilla/5.0 (X11; U; Linux i686; de; rv:1.9.0.13) Gecko/2009080315 Ubuntu/9.04 (jaunty) Firefox/3.0.13"
81.19.136.15 - - [18/Oct/2022:09:27:50 +0200] "POST /Main/SearchWiki HTTP/1.1" 200 10438 "-" "Mozilla/5.0 (X11; U; Linux i686; de; rv:1.9.0.13) Gecko/2009080315 Ubuntu/9.04 (jaunty) Firefox/3.0.13"
81.19.136.15 - - [18/Oct/2022:09:27:51 +0200] "POST /Main/SearchWiki HTTP/1.1" 200 10448 "-" "Mozilla/5.0 (X11; U; Linux i686; de; rv:1.9.0.13) Gecko/2009080315 Ubuntu/9.04 (jaunty) Firefox/3.0.13"
81.19.136.15 - - [18/Oct/2022:09:27:52 +0200] "POST /Main/SearchWiki HTTP/1.1" 200 10458 "-" "Mozilla/5.0 (X11; U; Linux i686; de; rv:1.9.0.13) Gecko/2009080315 Ubuntu/9.04 (jaunty) Firefox/3.0.13"
81.19.136.15 - - [18/Oct/2022:09:27:53 +0200] "POST /Main/SearchWiki HTTP/1.1" 200 10468 "-" "Mozilla/5.0 (X11; U; Linux i686; de; rv:1.9.0.13) Gecko/2009080315 Ubuntu/9.04 (jaunty) Firefox/3.0.13"
81.19.136.15 - - [18/Oct/2022:09:27:54 +0200] "POST /Main/SearchWiki HTTP/1.1" 200 10478 "-" "Mozilla/5.0 (X11; U; Linux i686; de; rv:1.9.0.13) Gecko/2009080315 Ubuntu/9.04 (jaunty) Firefox/3.0.13"
81.19.136.15 - - [18/Oct/2022:09:27:55 +0200] "POST /Main/SearchWiki HTTP/1.1" 200 10814 "-" "Mozilla/5.0 (X11; U; Linux i686; de; rv:1.9.0.13) Gecko/2009080315 Ubuntu/9.04 (jaunty) Firefox/3.0.13"
81.19.136.15 - - [18/Oct/2022:09:27:56 +0200] "POST /Main/SearchWiki HTTP/1.1" 200 10386 "-" "Mozilla/5.0 (X11; U; Linux i686; de; rv:1.9.0.13) Gecko/2009080315 Ubuntu/9.04 (jaunty) Firefox/3.0.13"
81.19.136.15 - - [18/Oct/2022:09:27:57 +0200] "POST /Main/SearchWiki HTTP/1.1" 200 10396 "-" "Mozilla/5.0 (X11; U; Linux i686; de; rv:1.9.0.13) Gecko/2009080315 Ubuntu/9.04 (jaunty) Firefox/3.0.13"
81.19.136.15 - - [18/Oct/2022:09:27:59 +0200] "POST /Main/SearchWiki HTTP/1.1" 200 10406 "-" "Mozilla/5.0 (X11; U; Linux i686; de; rv:1.9.0.13) Gecko/2009080315 Ubuntu/9.04 (jaunty) Firefox/3.0.13"
81.19.136.15 - - [18/Oct/2022:09:28:00 +0200] "POST /Main/SearchWiki HTTP/1.1" 200 10416 "-" "Mozilla/5.0 (X11; U; Linux i686; de; rv:1.9.0.13) Gecko/2009080315 Ubuntu/9.04 (jaunty) Firefox/3.0.13"
81.19.136.15 - - [18/Oct/2022:09:28:01 +0200] "POST /Main/SearchWiki HTTP/1.1" 200 10426 "-" "Mozilla/5.0 (X11; U; Linux i686; de; rv:1.9.0.13) Gecko/2009080315 Ubuntu/9.04 (jaunty) Firefox/3.0.13"
81.19.136.15 - - [18/Oct/2022:09:28:02 +0200] "POST /Main/SearchWiki HTTP/1.1" 200 10436 "-" "Mozilla/5.0 (X11; U; Linux i686; de; rv:1.9.0.13) Gecko/2009080315 Ubuntu/9.04 (jaunty) Firefox/3.0.13"
81.19.136.15 - - [18/Oct/2022:09:28:03 +0200] "POST /Main/SearchWiki HTTP/1.1" 200 10446 "-" "Mozilla/5.0 (X11; U; Linux i686; de; rv:1.9.0.13) Gecko/2009080315 Ubuntu/9.04 (jaunty) Firefox/3.0.13"
81.19.136.15 - - [18/Oct/2022:09:28:04 +0200] "POST /Main/SearchWiki HTTP/1.1" 200 10456 "-" "Mozilla/5.0 (X11; U; Linux i686; de; rv:1.9.0.13) Gecko/2009080315 Ubuntu/9.04 (jaunty) Firefox/3.0.13"
81.19.136.15 - - [18/Oct/2022:09:28:05 +0200] "POST /Main/SearchWiki HTTP/1.1" 200 10466 "-" "Mozilla/5.0 (X11; U; Linux i686; de; rv:1.9.0.13) Gecko/2009080315 Ubuntu/9.04 (jaunty) Firefox/3.0.13"
81.19.136.15 - - [18/Oct/2022:09:28:06 +0200] "POST /Main/SearchWiki HTTP/1.1" 200 10476 "-" "Mozilla/5.0 (X11; U; Linux i686; de; rv:1.9.0.13) Gecko/2009080315 Ubuntu/9.04 (jaunty) Firefox/3.0.13"
81.19.136.15 - - [18/Oct/2022:09:28:07 +0200] "POST /Main/SearchWiki HTTP/1.1" 200 10814 "-" "Mozilla/5.0 (X11; U; Linux i686; de; rv:1.9.0.13) Gecko/2009080315 Ubuntu/9.04 (jaunty) Firefox/3.0.13"
81.19.136.15 - - [18/Oct/2022:09:28:07 +0200] "POST /Main/SearchWiki HTTP/1.1" 200 10386 "-" "Mozilla/5.0 (X11; U; Linux i686; de; rv:1.9.0.13) Gecko/2009080315 Ubuntu/9.04 (jaunty) Firefox/3.0.13"
81.19.136.15 - - [18/Oct/2022:09:28:09 +0200] "POST /Main/SearchWiki HTTP/1.1" 200 10396 "-" "Mozilla/5.0 (X11; U; Linux i686; de; rv:1.9.0.13) Gecko/2009080315 Ubuntu/9.04 (jaunty) Firefox/3.0.13"
81.19.136.15 - - [18/Oct/2022:09:28:10 +0200] "POST /Main/SearchWiki HTTP/1.1" 200 10406 "-" "Mozilla/5.0 (X11; U; Linux i686; de; rv:1.9.0.13) Gecko/2009080315 Ubuntu/9.04 (jaunty) Firefox/3.0.13"
81.19.136.15 - - [18/Oct/2022:09:28:11 +0200] "POST /Main/SearchWiki HTTP/1.1" 200 10416 "-" "Mozilla/5.0 (X11; U; Linux i686; de; rv:1.9.0.13) Gecko/2009080315 Ubuntu/9.04 (jaunty) Firefox/3.0.13"
81.19.136.15 - - [18/Oct/2022:09:28:12 +0200] "POST /Main/SearchWiki HTTP/1.1" 200 10426 "-" "Mozilla/5.0 (X11; U; Linux i686; de; rv:1.9.0.13) Gecko/2009080315 Ubuntu/9.04 (jaunty) Firefox/3.0.13"
81.19.136.15 - - [18/Oct/2022:09:28:13 +0200] "POST /Main/SearchWiki HTTP/1.1" 200 10436 "-" "Mozilla/5.0 (X11; U; Linux i686; de; rv:1.9.0.13) Gecko/2009080315 Ubuntu/9.04 (jaunty) Firefox/3.0.13"
81.19.136.15 - - [18/Oct/2022:09:28:14 +0200] "POST /Main/SearchWiki HTTP/1.1" 200 10446 "-" "Mozilla/5.0 (X11; U; Linux i686; de; rv:1.9.0.13) Gecko/2009080315 Ubuntu/9.04 (jaunty) Firefox/3.0.13"
81.19.136.15 - - [18/Oct/2022:09:28:15 +0200] "POST /Main/SearchWiki HTTP/1.1" 200 10456 "-" "Mozilla/5.0 (X11; U; Linux i686; de; rv:1.9.0.13) Gecko/2009080315 Ubuntu/9.04 (jaunty) Firefox/3.0.13"
81.19.136.15 - - [18/Oct/2022:09:28:15 +0200] "POST /Main/SearchWiki HTTP/1.1" 200 10466 "-" "Mozilla/5.0 (X11; U; Linux i686; de; rv:1.9.0.13) Gecko/2009080315 Ubuntu/9.04 (jaunty) Firefox/3.0.13"
81.19.136.15 - - [18/Oct/2022:09:28:16 +0200] "POST /Main/SearchWiki HTTP/1.1" 200 10476 "-" "Mozilla/5.0 (X11; U; Linux i686; de; rv:1.9.0.13) Gecko/2009080315 Ubuntu/9.04 (jaunty) Firefox/3.0.13"
81.19.136.15 - - [18/Oct/2022:09:28:17 +0200] "POST /Main/SearchWiki HTTP/1.1" 200 10373 "-" "Mozilla/5.0 (X11; U; Linux i686; de; rv:1.9.0.13) Gecko/2009080315 Ubuntu/9.04 (jaunty) Firefox/3.0.13"
81.19.136.15 - - [18/Oct/2022:09:28:18 +0200] "POST /Main/SearchWiki HTTP/1.1" 200 10395 "-" "Mozilla/5.0 (X11; U; Linux i686; de; rv:1.9.0.13) Gecko/2009080315 Ubuntu/9.04 (jaunty) Firefox/3.0.13"
81.19.136.15 - - [18/Oct/2022:09:28:19 +0200] "POST /Main/SearchWiki HTTP/1.1" 200 10405 "-" "Mozilla/5.0 (X11; U; Linux i686; de; rv:1.9.0.13) Gecko/2009080315 Ubuntu/9.04 (jaunty) Firefox/3.0.13"
81.19.136.15 - - [18/Oct/2022:09:28:20 +0200] "POST /Main/SearchWiki HTTP/1.1" 200 10415 "-" "Mozilla/5.0 (X11; U; Linux i686; de; rv:1.9.0.13) Gecko/2009080315 Ubuntu/9.04 (jaunty) Firefox/3.0.13"
81.19.136.15 - - [18/Oct/2022:09:28:21 +0200] "POST /Main/SearchWiki HTTP/1.1" 200 10425 "-" "Mozilla/5.0 (X11; U; Linux i686; de; rv:1.9.0.13) Gecko/2009080315 Ubuntu/9.04 (jaunty) Firefox/3.0.13"
81.19.136.15 - - [18/Oct/2022:09:28:23 +0200] "POST /Main/SearchWiki HTTP/1.1" 200 10435 "-" "Mozilla/5.0 (X11; U; Linux i686; de; rv:1.9.0.13) Gecko/2009080315 Ubuntu/9.04 (jaunty) Firefox/3.0.13"
81.19.136.15 - - [18/Oct/2022:09:28:23 +0200] "POST /Main/SearchWiki HTTP/1.1" 200 10445 "-" "Mozilla/5.0 (X11; U; Linux i686; de; rv:1.9.0.13) Gecko/2009080315 Ubuntu/9.04 (jaunty) Firefox/3.0.13"
81.19.136.15 - - [18/Oct/2022:09:28:24 +0200] "POST /Main/SearchWiki HTTP/1.1" 200 10455 "-" "Mozilla/5.0 (X11; U; Linux i686; de; rv:1.9.0.13) Gecko/2009080315 Ubuntu/9.04 (jaunty) Firefox/3.0.13"
81.19.136.15 - - [18/Oct/2022:09:28:25 +0200] "POST /Main/SearchWiki HTTP/1.1" 200 10465 "-" "Mozilla/5.0 (X11; U; Linux i686; de; rv:1.9.0.13) Gecko/2009080315 Ubuntu/9.04 (jaunty) Firefox/3.0.13"
81.19.136.15 - - [18/Oct/2022:09:28:26 +0200] "POST /Main/SearchWiki HTTP/1.1" 200 10475 "-" "Mozilla/5.0 (X11; U; Linux i686; de; rv:1.9.0.13) Gecko/2009080315 Ubuntu/9.04 (jaunty) Firefox/3.0.13"
81.19.136.15 - - [18/Oct/2022:09:28:27 +0200] "POST /Main/SearchWiki HTTP/1.1" 200 10485 "-" "Mozilla/5.0 (X11; U; Linux i686; de; rv:1.9.0.13) Gecko/2009080315 Ubuntu/9.04 (jaunty) Firefox/3.0.13"
81.19.136.15 - - [18/Oct/2022:09:28:28 +0200] "POST /Main/SearchWiki HTTP/1.1" 200 10371 "-" "Mozilla/5.0 (X11; U; Linux i686; de; rv:1.9.0.13) Gecko/2009080315 Ubuntu/9.04 (jaunty) Firefox/3.0.13"
81.19.136.15 - - [18/Oct/2022:09:28:29 +0200] "POST /Main/SearchWiki HTTP/1.1" 200 10393 "-" "Mozilla/5.0 (X11; U; Linux i686; de; rv:1.9.0.13) Gecko/2009080315 Ubuntu/9.04 (jaunty) Firefox/3.0.13"
81.19.136.15 - - [18/Oct/2022:09:28:30 +0200] "POST /Main/SearchWiki HTTP/1.1" 200 10403 "-" "Mozilla/5.0 (X11; U; Linux i686; de; rv:1.9.0.13) Gecko/2009080315 Ubuntu/9.04 (jaunty) Firefox/3.0.13"
81.19.136.15 - - [18/Oct/2022:09:28:31 +0200] "POST /Main/SearchWiki HTTP/1.1" 200 10413 "-" "Mozilla/5.0 (X11; U; Linux i686; de; rv:1.9.0.13) Gecko/2009080315 Ubuntu/9.04 (jaunty) Firefox/3.0.13"
81.19.136.15 - - [18/Oct/2022:09:28:32 +0200] "POST /Main/SearchWiki HTTP/1.1" 200 10423 "-" "Mozilla/5.0 (X11; U; Linux i686; de; rv:1.9.0.13) Gecko/2009080315 Ubuntu/9.04 (jaunty) Firefox/3.0.13"
81.19.136.15 - - [18/Oct/2022:09:28:33 +0200] "POST /Main/SearchWiki HTTP/1.1" 200 10433 "-" "Mozilla/5.0 (X11; U; Linux i686; de; rv:1.9.0.13) Gecko/2009080315 Ubuntu/9.04 (jaunty) Firefox/3.0.13"
81.19.136.15 - - [18/Oct/2022:09:28:34 +0200] "POST /Main/SearchWiki HTTP/1.1" 200 10443 "-" "Mozilla/5.0 (X11; U; Linux i686; de; rv:1.9.0.13) Gecko/2009080315 Ubuntu/9.04 (jaunty) Firefox/3.0.13"
81.19.136.15 - - [18/Oct/2022:09:28:35 +0200] "POST /Main/SearchWiki HTTP/1.1" 200 10453 "-" "Mozilla/5.0 (X11; U; Linux i686; de; rv:1.9.0.13) Gecko/2009080315 Ubuntu/9.04 (jaunty) Firefox/3.0.13"
81.19.136.15 - - [18/Oct/2022:09:28:36 +0200] "POST /Main/SearchWiki HTTP/1.1" 200 10463 "-" "Mozilla/5.0 (X11; U; Linux i686; de; rv:1.9.0.13) Gecko/2009080315 Ubuntu/9.04 (jaunty) Firefox/3.0.13"
81.19.136.15 - - [18/Oct/2022:09:28:37 +0200] "POST /Main/SearchWiki HTTP/1.1" 200 10473 "-" "Mozilla/5.0 (X11; U; Linux i686; de; rv:1.9.0.13) Gecko/2009080315 Ubuntu/9.04 (jaunty) Firefox/3.0.13"
81.19.136.15 - - [18/Oct/2022:09:28:38 +0200] "POST /Main/SearchWiki HTTP/1.1" 200 10483 "-" "Mozilla/5.0 (X11; U; Linux i686; de; rv:1.9.0.13) Gecko/2009080315 Ubuntu/9.04 (jaunty) Firefox/3.0.13"
81.19.136.15 - - [18/Oct/2022:09:28:39 +0200] "POST /Main/SearchWiki HTTP/1.1" 200 10373 "-" "Mozilla/5.0 (X11; U; Linux i686; de; rv:1.9.0.13) Gecko/2009080315 Ubuntu/9.04 (jaunty) Firefox/3.0.13"
81.19.136.15 - - [18/Oct/2022:09:28:40 +0200] "POST /Main/SearchWiki HTTP/1.1" 200 10395 "-" "Mozilla/5.0 (X11; U; Linux i686; de; rv:1.9.0.13) Gecko/2009080315 Ubuntu/9.04 (jaunty) Firefox/3.0.13"
81.19.136.15 - - [18/Oct/2022:09:28:41 +0200] "POST /Main/SearchWiki HTTP/1.1" 200 10405 "-" "Mozilla/5.0 (X11; U; Linux i686; de; rv:1.9.0.13) Gecko/2009080315 Ubuntu/9.04 (jaunty) Firefox/3.0.13"
81.19.136.15 - - [18/Oct/2022:09:28:42 +0200] "POST /Main/SearchWiki HTTP/1.1" 200 10415 "-" "Mozilla/5.0 (X11; U; Linux i686; de; rv:1.9.0.13) Gecko/2009080315 Ubuntu/9.04 (jaunty) Firefox/3.0.13"
81.19.136.15 - - [18/Oct/2022:09:28:42 +0200] "POST /Main/SearchWiki HTTP/1.1" 200 10425 "-" "Mozilla/5.0 (X11; U; Linux i686; de; rv:1.9.0.13) Gecko/2009080315 Ubuntu/9.04 (jaunty) Firefox/3.0.13"
81.19.136.15 - - [18/Oct/2022:09:28:43 +0200] "POST /Main/SearchWiki HTTP/1.1" 200 10435 "-" "Mozilla/5.0 (X11; U; Linux i686; de; rv:1.9.0.13) Gecko/2009080315 Ubuntu/9.04 (jaunty) Firefox/3.0.13"
81.19.136.15 - - [18/Oct/2022:09:28:44 +0200] "POST /Main/SearchWiki HTTP/1.1" 200 10445 "-" "Mozilla/5.0 (X11; U; Linux i686; de; rv:1.9.0.13) Gecko/2009080315 Ubuntu/9.04 (jaunty) Firefox/3.0.13"
81.19.136.15 - - [18/Oct/2022:09:28:45 +0200] "POST /Main/SearchWiki HTTP/1.1" 200 10455 "-" "Mozilla/5.0 (X11; U; Linux i686; de; rv:1.9.0.13) Gecko/2009080315 Ubuntu/9.04 (jaunty) Firefox/3.0.13"
81.19.136.15 - - [18/Oct/2022:09:28:46 +0200] "POST /Main/SearchWiki HTTP/1.1" 200 10465 "-" "Mozilla/5.0 (X11; U; Linux i686; de; rv:1.9.0.13) Gecko/2009080315 Ubuntu/9.04 (jaunty) Firefox/3.0.13"
81.19.136.15 - - [18/Oct/2022:09:28:46 +0200] "POST /Main/SearchWiki HTTP/1.1" 200 10475 "-" "Mozilla/5.0 (X11; U; Linux i686; de; rv:1.9.0.13) Gecko/2009080315 Ubuntu/9.04 (jaunty) Firefox/3.0.13"
81.19.136.15 - - [18/Oct/2022:09:28:47 +0200] "POST /Main/SearchWiki HTTP/1.1" 200 10485 "-" "Mozilla/5.0 (X11; U; Linux i686; de; rv:1.9.0.13) Gecko/2009080315 Ubuntu/9.04 (jaunty) Firefox/3.0.13"
185.191.171.11 - - [18/Oct/2022:09:28:55 +0200] "GET /Wiget/PhMPrescriber?action=diff HTTP/1.1" 403 18 "-" "Mozilla/5.0 (compatible; SemrushBot/7~bl; +http://www.semrush.com/bot.html)"
185.191.171.16 - - [18/Oct/2022:09:31:25 +0200] "GET /Apotheke/POS?action=diff HTTP/1.1" 403 18 "-" "Mozilla/5.0 (compatible; SemrushBot/7~bl; +http://www.semrush.com/bot.html)"
64.71.157.116 - - [18/Oct/2022:09:35:04 +0200] "GET /pmwiki.php/Site/AllRecentChanges?action=rss HTTP/1.1" 200 2546 "-" "Feedbin feed-id:590358 - 1 subscribers"
54.36.148.176 - - [18/Oct/2022:09:36:20 +0200] "GET /Main/FMH HTTP/1.1" 200 8327 "-" "Mozilla/5.0 (compatible; AhrefsBot/7.0; +http://ahrefs.com/robot/)"
185.191.171.33 - - [18/Oct/2022:09:38:44 +0200] "GET /Main/2019?action=print HTTP/1.1" 403 18 "-" "Mozilla/5.0 (compatible; SemrushBot/7~bl; +http://www.semrush.com/bot.html)"
194.209.200.2 - - [18/Oct/2022:09:40:44 +0200] "GET /robots.txt HTTP/1.1" 200 - "-" "Mozilla/5.0 (compatible; TMMBot/0.2; +http://www.dslab.ch)/Nutch-1.15"
194.209.200.2 - - [18/Oct/2022:09:40:44 +0200] "GET /AmiKo/Linux HTTP/1.1" 200 9217 "-" "Mozilla/5.0 (compatible; TMMBot/0.2; +http://www.dslab.ch)/Nutch-1.15"
185.191.171.14 - - [18/Oct/2022:09:41:58 +0200] "GET /Main/SL-Liste?action=diff HTTP/1.1" 403 18 "-" "Mozilla/5.0 (compatible; SemrushBot/7~bl; +http://www.semrush.com/bot.html)"
194.209.200.2 - - [18/Oct/2022:09:43:06 +0200] "GET /Main/2015 HTTP/1.1" 200 15908 "-" "Mozilla/5.0 (compatible; TMMBot/0.2; +http://www.dslab.ch)/Nutch-1.15"
194.209.200.2 - - [18/Oct/2022:09:43:14 +0200] "GET /Main/2013 HTTP/1.1" 200 20487 "-" "Mozilla/5.0 (compatible; TMMBot/0.2; +http://www.dslab.ch)/Nutch-1.15"
185.191.171.20 - - [18/Oct/2022:09:43:31 +0200] "GET /Main/PharmacodeVsEancode?action=diff HTTP/1.1" 403 18 "-" "Mozilla/5.0 (compatible; SemrushBot/7~bl; +http://www.semrush.com/bot.html)"
194.209.200.2 - - [18/Oct/2022:09:44:35 +0200] "GET /robots.txt HTTP/1.1" 200 - "-" "Mozilla/5.0 (compatible; TMMBot/0.2; +http://www.dslab.ch)/Nutch-1.15"
110.93.150.54 - - [18/Oct/2022:09:44:48 +0200] "GET /Ywesee/OpenSource HTTP/1.1" 200 10790 "-" "Mozilla/5.0 (compatible; Yeti/1.1; +https://naver.me/spd)"
123.125.109.86 - - [18/Oct/2022:09:45:40 +0200] "GET / HTTP/1.1" 200 13326 "-" "Sogou web spider/4.0(+http://www.sogou.com/docs/help/webmasters.htm#07)"
185.191.171.34 - - [18/Oct/2022:09:45:43 +0200] "GET /robots.txt HTTP/1.1" 200 - "-" "Mozilla/5.0 (compatible; SemrushBot/7~bl; +http://www.semrush.com/bot.html)"
185.191.171.45 - - [18/Oct/2022:09:45:44 +0200] "GET /Main/2005 HTTP/1.1" 200 63344 "-" "Mozilla/5.0 (compatible; SemrushBot/7~bl; +http://www.semrush.com/bot.html)"
194.209.200.2 - - [18/Oct/2022:09:45:58 +0200] "GET /Ywesee/OpenSource HTTP/1.1" 200 10790 "-" "Mozilla/5.0 (compatible; TMMBot/0.2; +http://www.dslab.ch)/Nutch-1.15"
185.191.171.11 - - [18/Oct/2022:09:45:59 +0200] "GET /AmiKo/OSXSatzexport?action=diff HTTP/1.1" 403 18 "-" "Mozilla/5.0 (compatible; SemrushBot/7~bl; +http://www.semrush.com/bot.html)"
194.209.200.2 - - [18/Oct/2022:09:46:30 +0200] "GET /Main/2009 HTTP/1.1" 200 21688 "-" "Mozilla/5.0 (compatible; TMMBot/0.2; +http://www.dslab.ch)/Nutch-1.15"
185.191.171.25 - - [18/Oct/2022:09:48:41 +0200] "GET /AmiKo/OSXSatzexport?action=print HTTP/1.1" 403 18 "-" "Mozilla/5.0 (compatible; SemrushBot/7~bl; +http://www.semrush.com/bot.html)"
185.191.171.36 - - [18/Oct/2022:09:49:46 +0200] "GET /Epha/Flow?n=Main.SideBar%3Faction%3Dedit HTTP/1.1" 302 157 "-" "Mozilla/5.0 (compatible; SemrushBot/7~bl; +http://www.semrush.com/bot.html)"
185.191.171.11 - - [18/Oct/2022:09:51:11 +0200] "GET /robots.txt HTTP/1.1" 200 - "-" "Mozilla/5.0 (compatible; SemrushBot/7~bl; +http://www.semrush.com/bot.html)"
185.191.171.34 - - [18/Oct/2022:09:51:12 +0200] "GET /Ywesee/OpenSource HTTP/1.1" 200 10790 "-" "Mozilla/5.0 (compatible; SemrushBot/7~bl; +http://www.semrush.com/bot.html)"
185.191.171.14 - - [18/Oct/2022:09:52:31 +0200] "GET /Ywesee/Kontakt?action=upload HTTP/1.1" 403 18 "-" "Mozilla/5.0 (compatible; SemrushBot/7~bl; +http://www.semrush.com/bot.html)"
54.36.148.252 - - [18/Oct/2022:09:53:21 +0200] "GET /Wiget/PhMPrescriber HTTP/1.1" 200 9312 "-" "Mozilla/5.0 (compatible; AhrefsBot/7.0; +http://ahrefs.com/robot/)"
216.244.66.238 - - [18/Oct/2022:09:53:30 +0200] "GET /robots.txt HTTP/1.1" 200 - "-" "Mozilla/5.0 (compatible; DotBot/1.2; +https://opensiteexplorer.org/dotbot; help@moz.com)"
216.244.66.238 - - [18/Oct/2022:09:53:30 +0200] "GET /robots.txt HTTP/1.1" 200 - "-" "Mozilla/5.0 (compatible; DotBot/1.2; +https://opensiteexplorer.org/dotbot; help@moz.com)"
20.9.35.96 - - [18/Oct/2022:09:53:59 +0200] "GET / HTTP/1.1" 200 13326 "-" "Mozilla/5.0 (Windows NT 10.0; Win64; x64) AppleWebKit/537.36 (KHTML, like Gecko) Chrome/88.0.4240.193 Safari/537.36"
20.9.35.96 - - [18/Oct/2022:09:53:59 +0200] "GET //wp-includes/wlwmanifest.xml HTTP/1.1" 404 286 "-" "Mozilla/5.0 (Windows NT 10.0; Win64; x64) AppleWebKit/537.36 (KHTML, like Gecko) Chrome/88.0.4240.193 Safari/537.36"
20.9.35.96 - - [18/Oct/2022:09:54:00 +0200] "GET //xmlrpc.php?rsd HTTP/1.1" 404 269 "-" "Mozilla/5.0 (Windows NT 10.0; Win64; x64) AppleWebKit/537.36 (KHTML, like Gecko) Chrome/88.0.4240.193 Safari/537.36"
20.9.35.96 - - [18/Oct/2022:09:54:00 +0200] "GET / HTTP/1.1" 200 13326 "-" "Mozilla/5.0 (Windows NT 10.0; Win64; x64) AppleWebKit/537.36 (KHTML, like Gecko) Chrome/88.0.4240.193 Safari/537.36"
20.9.35.96 - - [18/Oct/2022:09:54:00 +0200] "GET //blog/wp-includes/wlwmanifest.xml HTTP/1.1" 404 291 "-" "Mozilla/5.0 (Windows NT 10.0; Win64; x64) AppleWebKit/537.36 (KHTML, like Gecko) Chrome/88.0.4240.193 Safari/537.36"
20.9.35.96 - - [18/Oct/2022:09:54:00 +0200] "GET //web/wp-includes/wlwmanifest.xml HTTP/1.1" 404 290 "-" "Mozilla/5.0 (Windows NT 10.0; Win64; x64) AppleWebKit/537.36 (KHTML, like Gecko) Chrome/88.0.4240.193 Safari/537.36"
20.9.35.96 - - [18/Oct/2022:09:54:00 +0200] "GET //wordpress/wp-includes/wlwmanifest.xml HTTP/1.1" 404 296 "-" "Mozilla/5.0 (Windows NT 10.0; Win64; x64) AppleWebKit/537.36 (KHTML, like Gecko) Chrome/88.0.4240.193 Safari/537.36"
20.9.35.96 - - [18/Oct/2022:09:54:00 +0200] "GET //website/wp-includes/wlwmanifest.xml HTTP/1.1" 404 294 "-" "Mozilla/5.0 (Windows NT 10.0; Win64; x64) AppleWebKit/537.36 (KHTML, like Gecko) Chrome/88.0.4240.193 Safari/537.36"
20.9.35.96 - - [18/Oct/2022:09:54:00 +0200] "GET //wp/wp-includes/wlwmanifest.xml HTTP/1.1" 404 289 "-" "Mozilla/5.0 (Windows NT 10.0; Win64; x64) AppleWebKit/537.36 (KHTML, like Gecko) Chrome/88.0.4240.193 Safari/537.36"
20.9.35.96 - - [18/Oct/2022:09:54:00 +0200] "GET //news/wp-includes/wlwmanifest.xml HTTP/1.1" 404 291 "-" "Mozilla/5.0 (Windows NT 10.0; Win64; x64) AppleWebKit/537.36 (KHTML, like Gecko) Chrome/88.0.4240.193 Safari/537.36"
20.9.35.96 - - [18/Oct/2022:09:54:01 +0200] "GET //2020/wp-includes/wlwmanifest.xml HTTP/1.1" 404 250 "-" "Mozilla/5.0 (Windows NT 10.0; Win64; x64) AppleWebKit/537.36 (KHTML, like Gecko) Chrome/88.0.4240.193 Safari/537.36"
20.9.35.96 - - [18/Oct/2022:09:54:01 +0200] "GET //2019/wp-includes/wlwmanifest.xml HTTP/1.1" 404 250 "-" "Mozilla/5.0 (Windows NT 10.0; Win64; x64) AppleWebKit/537.36 (KHTML, like Gecko) Chrome/88.0.4240.193 Safari/537.36"
20.9.35.96 - - [18/Oct/2022:09:54:01 +0200] "GET //shop/wp-includes/wlwmanifest.xml HTTP/1.1" 404 291 "-" "Mozilla/5.0 (Windows NT 10.0; Win64; x64) AppleWebKit/537.36 (KHTML, like Gecko) Chrome/88.0.4240.193 Safari/537.36"
20.9.35.96 - - [18/Oct/2022:09:54:01 +0200] "GET //wp1/wp-includes/wlwmanifest.xml HTTP/1.1" 404 290 "-" "Mozilla/5.0 (Windows NT 10.0; Win64; x64) AppleWebKit/537.36 (KHTML, like Gecko) Chrome/88.0.4240.193 Safari/537.36"
20.9.35.96 - - [18/Oct/2022:09:54:01 +0200] "GET //test/wp-includes/wlwmanifest.xml HTTP/1.1" 404 291 "-" "Mozilla/5.0 (Windows NT 10.0; Win64; x64) AppleWebKit/537.36 (KHTML, like Gecko) Chrome/88.0.4240.193 Safari/537.36"
20.9.35.96 - - [18/Oct/2022:09:54:01 +0200] "GET //wp2/wp-includes/wlwmanifest.xml HTTP/1.1" 404 290 "-" "Mozilla/5.0 (Windows NT 10.0; Win64; x64) AppleWebKit/537.36 (KHTML, like Gecko) Chrome/88.0.4240.193 Safari/537.36"
20.9.35.96 - - [18/Oct/2022:09:54:01 +0200] "GET //site/wp-includes/wlwmanifest.xml HTTP/1.1" 404 291 "-" "Mozilla/5.0 (Windows NT 10.0; Win64; x64) AppleWebKit/537.36 (KHTML, like Gecko) Chrome/88.0.4240.193 Safari/537.36"
20.9.35.96 - - [18/Oct/2022:09:54:02 +0200] "GET //cms/wp-includes/wlwmanifest.xml HTTP/1.1" 404 290 "-" "Mozilla/5.0 (Windows NT 10.0; Win64; x64) AppleWebKit/537.36 (KHTML, like Gecko) Chrome/88.0.4240.193 Safari/537.36"
20.9.35.96 - - [18/Oct/2022:09:54:02 +0200] "GET //sito/wp-includes/wlwmanifest.xml HTTP/1.1" 404 291 "-" "Mozilla/5.0 (Windows NT 10.0; Win64; x64) AppleWebKit/537.36 (KHTML, like Gecko) Chrome/88.0.4240.193 Safari/537.36"
185.191.171.5 - - [18/Oct/2022:09:58:40 +0200] "GET /InfoCodex/Index?action=print HTTP/1.1" 403 18 "-" "Mozilla/5.0 (compatible; SemrushBot/7~bl; +http://www.semrush.com/bot.html)"
66.249.76.91 - - [18/Oct/2022:10:03:00 +0200] "GET /amiko/privacy HTTP/1.1" 404 276 "-" "Mozilla/5.0 (compatible; Googlebot/2.1; +http://www.google.com/bot.html)"
185.191.171.42 - - [18/Oct/2022:10:03:36 +0200] "GET /Ywesee/InfoCodex?n=Main.SideBar%3Faction%3Dedit HTTP/1.1" 302 157 "-" "Mozilla/5.0 (compatible; SemrushBot/7~bl; +http://www.semrush.com/bot.html)"
49.7.20.101 - - [18/Oct/2022:10:07:08 +0200] "GET / HTTP/1.1" 200 13326 "-" "Sogou web spider/4.0(+http://www.sogou.com/docs/help/webmasters.htm#07)"
185.191.171.41 - - [18/Oct/2022:10:08:13 +0200] "GET /Main/2019?action=upload HTTP/1.1" 403 18 "-" "Mozilla/5.0 (compatible; SemrushBot/7~bl; +http://www.semrush.com/bot.html)"
216.244.66.238 - - [18/Oct/2022:10:10:16 +0200] "GET /de/gcc/ddd/atc_code/C07AA05 HTTP/1.1" 404 286 "-" "Mozilla/5.0 (compatible; DotBot/1.2; +https://opensiteexplorer.org/dotbot; help@moz.com)"
66.249.76.91 - - [18/Oct/2022:10:11:20 +0200] "GET / HTTP/1.1" 200 13326 "-" "Mozilla/5.0 (compatible; Googlebot/2.1; +http://www.google.com/bot.html)"
185.191.171.4 - - [18/Oct/2022:10:13:27 +0200] "GET /Main/2014?n=Main.SideBar%3Faction%3Dedit HTTP/1.1" 302 157 "-" "Mozilla/5.0 (compatible; SemrushBot/7~bl; +http://www.semrush.com/bot.html)"
64.71.157.118 - - [18/Oct/2022:10:14:32 +0200] "GET /pmwiki.php/Site/AllRecentChanges?action=rss HTTP/1.1" 200 2546 "-" "Feedbin feed-id:590358 - 1 subscribers"
185.191.171.33 - - [18/Oct/2022:10:15:20 +0200] "GET /Main/WekoBlog?action=diff HTTP/1.1" 403 18 "-" "Mozilla/5.0 (compatible; SemrushBot/7~bl; +http://www.semrush.com/bot.html)"
216.244.66.238 - - [18/Oct/2022:10:15:23 +0200] "GET /Main/2020?action=edit HTTP/1.1" 403 18 "-" "Mozilla/5.0 (compatible; DotBot/1.2; +https://opensiteexplorer.org/dotbot; help@moz.com)"
185.191.171.23 - - [18/Oct/2022:10:17:53 +0200] "GET /AmiKo/Desktop?action=edit HTTP/1.1" 403 18 "-" "Mozilla/5.0 (compatible; SemrushBot/7~bl; +http://www.semrush.com/bot.html)"
185.191.171.3 - - [18/Oct/2022:10:21:13 +0200] "GET /Scan2Post/MacOS?action=upload HTTP/1.1" 403 18 "-" "Mozilla/5.0 (compatible; SemrushBot/7~bl; +http://www.semrush.com/bot.html)"
185.191.171.15 - - [18/Oct/2022:10:21:39 +0200] "GET /Software/ODBA?action=upload HTTP/1.1" 403 18 "-" "Mozilla/5.0 (compatible; SemrushBot/7~bl; +http://www.semrush.com/bot.html)"
114.111.32.67 - - [18/Oct/2022:10:24:45 +0200] "GET /AmiKo/KrankenkassenKartenleser HTTP/1.1" 200 9504 "-" "Mozilla/5.0 (compatible; Yeti/1.1; +https://naver.me/spd)"
185.191.171.38 - - [18/Oct/2022:10:24:57 +0200] "GET /InfoCodex/Index?action=diff HTTP/1.1" 403 18 "-" "Mozilla/5.0 (compatible; SemrushBot/7~bl; +http://www.semrush.com/bot.html)"
66.249.93.178 - - [18/Oct/2022:10:25:04 +0200] "HEAD /pmwiki.php/Site/AllRecentChanges?action=rss HTTP/1.1" 200 - "-" "FeedBurner/1.0 (http://www.FeedBurner.com)"
66.249.93.176 - - [18/Oct/2022:10:25:04 +0200] "GET /pmwiki.php/Site/AllRecentChanges?action=rss HTTP/1.1" 200 2546 "-" "FeedBurner/1.0 (http://www.FeedBurner.com)"
185.191.171.7 - - [18/Oct/2022:10:25:15 +0200] "GET /AmiKo/Barcodes?action=diff HTTP/1.1" 403 18 "-" "Mozilla/5.0 (compatible; SemrushBot/7~bl; +http://www.semrush.com/bot.html)"
185.191.171.6 - - [18/Oct/2022:10:26:08 +0200] "GET /Ywesee/OpenSource?n=Main.SideBar%3Faction%3Dedit HTTP/1.1" 302 157 "-" "Mozilla/5.0 (compatible; SemrushBot/7~bl; +http://www.semrush.com/bot.html)"
66.249.70.59 - - [18/Oct/2022:10:27:04 +0200] "GET /generikacc/privacy HTTP/1.1" 404 281 "-" "Mozilla/5.0 (compatible; Googlebot/2.1; +http://www.google.com/bot.html)"
185.191.171.6 - - [18/Oct/2022:10:27:17 +0200] "GET /Android/AmiKo?n=Main.SideBar%3Faction%3Dedit HTTP/1.1" 302 157 "-" "Mozilla/5.0 (compatible; SemrushBot/7~bl; +http://www.semrush.com/bot.html)"
66.249.76.239 - - [18/Oct/2022:10:31:11 +0200] "GET /robots.txt HTTP/1.1" 200 - "-" "Mozilla/5.0 (compatible; Googlebot/2.1; +http://www.google.com/bot.html)"
66.249.64.198 - - [18/Oct/2022:10:31:11 +0200] "GET /amiko/privacy HTTP/1.1" 404 272 "-" "Mozilla/5.0 (compatible; Googlebot/2.1; +http://www.google.com/bot.html)"
83.76.133.159 - - [18/Oct/2022:10:32:07 +0200] "GET /pmwiki.php?n=Main.WekoBlog HTTP/1.1" 200 22209 "http://wiki.oddb.org/" "Mozilla/5.0 (X11; Linux x86_64) AppleWebKit/537.36 (KHTML, like Gecko) Chrome/105.0.0.0 Safari/537.36"
83.76.133.159 - - [18/Oct/2022:10:32:07 +0200] "GET /pub/skins/ywesee/gila.css HTTP/1.1" 200 8276 "https://ywesee.com/" "Mozilla/5.0 (X11; Linux x86_64) AppleWebKit/537.36 (KHTML, like Gecko) Chrome/105.0.0.0 Safari/537.36"
83.76.133.159 - - [18/Oct/2022:10:32:07 +0200] "GET /favicon.ico HTTP/1.1" 200 1406 "https://ywesee.com/pmwiki.php?n=Main.WekoBlog" "Mozilla/5.0 (X11; Linux x86_64) AppleWebKit/537.36 (KHTML, like Gecko) Chrome/105.0.0.0 Safari/537.36"
83.76.133.159 - - [18/Oct/2022:10:32:13 +0200] "GET /Oddb2xml/Index HTTP/1.1" 200 8983 "https://ywesee.com/" "Mozilla/5.0 (X11; Linux x86_64) AppleWebKit/537.36 (KHTML, like Gecko) Chrome/105.0.0.0 Safari/537.36"
83.76.133.159 - - [18/Oct/2022:10:32:13 +0200] "GET /favicon.ico HTTP/1.1" 200 1406 "https://www.ywesee.com/Oddb2xml/Index" "Mozilla/5.0 (X11; Linux x86_64) AppleWebKit/537.36 (KHTML, like Gecko) Chrome/105.0.0.0 Safari/537.36"
83.76.133.159 - - [18/Oct/2022:10:32:17 +0200] "GET /Oddb2xml/Bemerkungen HTTP/1.1" 200 10553 "https://www.ywesee.com/Oddb2xml/Index" "Mozilla/5.0 (X11; Linux x86_64) AppleWebKit/537.36 (KHTML, like Gecko) Chrome/105.0.0.0 Safari/537.36"
83.76.133.159 - - [18/Oct/2022:10:32:20 +0200] "GET /Oddb2xml/Index HTTP/1.1" 200 8983 "https://ywesee.com/" "Mozilla/5.0 (X11; Linux x86_64) AppleWebKit/537.36 (KHTML, like Gecko) Chrome/105.0.0.0 Safari/537.36"
83.76.133.159 - - [18/Oct/2022:10:32:23 +0200] "GET /Oddb2xml/DatenDownload HTTP/1.1" 200 8810 "https://www.ywesee.com/Oddb2xml/Index" "Mozilla/5.0 (X11; Linux x86_64) AppleWebKit/537.36 (KHTML, like Gecko) Chrome/105.0.0.0 Safari/537.36"
83.76.133.159 - - [18/Oct/2022:10:32:25 +0200] "GET /Oddb2xml/Index HTTP/1.1" 200 8983 "https://ywesee.com/" "Mozilla/5.0 (X11; Linux x86_64) AppleWebKit/537.36 (KHTML, like Gecko) Chrome/105.0.0.0 Safari/537.36"
83.76.133.159 - - [18/Oct/2022:10:32:26 +0200] "GET /Oddb2xml/Bemerkungen HTTP/1.1" 200 10553 "https://www.ywesee.com/Oddb2xml/Index" "Mozilla/5.0 (X11; Linux x86_64) AppleWebKit/537.36 (KHTML, like Gecko) Chrome/105.0.0.0 Safari/537.36"
83.76.133.159 - - [18/Oct/2022:10:32:27 +0200] "GET /Oddb2xml/Index HTTP/1.1" 200 8983 "https://ywesee.com/" "Mozilla/5.0 (X11; Linux x86_64) AppleWebKit/537.36 (KHTML, like Gecko) Chrome/105.0.0.0 Safari/537.36"
83.76.133.159 - - [18/Oct/2022:10:32:29 +0200] "GET /Oddb2xml/Felder HTTP/1.1" 200 10305 "https://www.ywesee.com/Oddb2xml/Index" "Mozilla/5.0 (X11; Linux x86_64) AppleWebKit/537.36 (KHTML, like Gecko) Chrome/105.0.0.0 Safari/537.36"
83.76.133.159 - - [18/Oct/2022:10:32:33 +0200] "GET /Oddb2xml/Index HTTP/1.1" 200 8983 "https://ywesee.com/" "Mozilla/5.0 (X11; Linux x86_64) AppleWebKit/537.36 (KHTML, like Gecko) Chrome/105.0.0.0 Safari/537.36"
83.76.133.159 - - [18/Oct/2022:10:32:37 +0200] "GET /Oddb2xml/XSD HTTP/1.1" 200 8519 "https://www.ywesee.com/Oddb2xml/Index" "Mozilla/5.0 (X11; Linux x86_64) AppleWebKit/537.36 (KHTML, like Gecko) Chrome/105.0.0.0 Safari/537.36"
83.76.133.159 - - [18/Oct/2022:10:32:39 +0200] "GET /Oddb2xml/Index HTTP/1.1" 200 8983 "https://ywesee.com/" "Mozilla/5.0 (X11; Linux x86_64) AppleWebKit/537.36 (KHTML, like Gecko) Chrome/105.0.0.0 Safari/537.36"
83.76.133.159 - - [18/Oct/2022:10:32:44 +0200] "GET /ODDB/StammdatenCH HTTP/1.1" 200 9300 "https://www.ywesee.com/Oddb2xml/Index" "Mozilla/5.0 (X11; Linux x86_64) AppleWebKit/537.36 (KHTML, like Gecko) Chrome/105.0.0.0 Safari/537.36"
83.76.133.159 - - [18/Oct/2022:10:32:54 +0200] "GET /Software/ODDB HTTP/1.1" 200 10298 "https://www.ywesee.com/ODDB/StammdatenCH" "Mozilla/5.0 (X11; Linux x86_64) AppleWebKit/537.36 (KHTML, like Gecko) Chrome/105.0.0.0 Safari/537.36"
83.76.133.159 - - [18/Oct/2022:10:33:03 +0200] "GET /Software/ODDB HTTP/1.1" 200 10298 "https://www.ywesee.com/ODDB/StammdatenCH" "Mozilla/5.0 (X11; Linux x86_64) AppleWebKit/537.36 (KHTML, like Gecko) Chrome/105.0.0.0 Safari/537.36"
83.76.133.159 - - [18/Oct/2022:10:33:04 +0200] "GET /Main/MiGel HTTP/1.1" 200 16437 "https://www.ywesee.com/Software/ODDB" "Mozilla/5.0 (X11; Linux x86_64) AppleWebKit/537.36 (KHTML, like Gecko) Chrome/105.0.0.0 Safari/537.36"
83.76.133.159 - - [18/Oct/2022:10:33:06 +0200] "GET /Software/ODDB HTTP/1.1" 200 10298 "https://www.ywesee.com/ODDB/StammdatenCH" "Mozilla/5.0 (X11; Linux x86_64) AppleWebKit/537.36 (KHTML, like Gecko) Chrome/105.0.0.0 Safari/537.36"
83.76.133.159 - - [18/Oct/2022:10:33:09 +0200] "GET /ODDB/StammdatenCH HTTP/1.1" 200 9300 "https://www.ywesee.com/Oddb2xml/Index" "Mozilla/5.0 (X11; Linux x86_64) AppleWebKit/537.36 (KHTML, like Gecko) Chrome/105.0.0.0 Safari/537.36"
83.76.133.159 - - [18/Oct/2022:10:33:10 +0200] "GET /Oddb2xml/Index HTTP/1.1" 200 8983 "https://ywesee.com/" "Mozilla/5.0 (X11; Linux x86_64) AppleWebKit/537.36 (KHTML, like Gecko) Chrome/105.0.0.0 Safari/537.36"
83.76.133.159 - - [18/Oct/2022:10:33:11 +0200] "GET /pmwiki.php?n=Main.WekoBlog HTTP/1.1" 200 22209 "http://wiki.oddb.org/" "Mozilla/5.0 (X11; Linux x86_64) AppleWebKit/537.36 (KHTML, like Gecko) Chrome/105.0.0.0 Safari/537.36"
185.191.171.24 - - [18/Oct/2022:10:34:36 +0200] "GET /Epha/PhilipHansten?n=Main.SideBar%3Faction%3Dedit HTTP/1.1" 302 157 "-" "Mozilla/5.0 (compatible; SemrushBot/7~bl; +http://www.semrush.com/bot.html)"
185.191.171.25 - - [18/Oct/2022:10:35:18 +0200] "GET /Profiles/Zrr?n=Main.SideBar%3Faction%3Dedit HTTP/1.1" 302 157 "-" "Mozilla/5.0 (compatible; SemrushBot/7~bl; +http://www.semrush.com/bot.html)"
194.209.200.2 - - [18/Oct/2022:10:35:44 +0200] "GET /robots.txt HTTP/1.1" 200 - "-" "Mozilla/5.0 (compatible; TMMBot/0.2; +http://www.dslab.ch)/Nutch-1.15"
194.209.200.2 - - [18/Oct/2022:10:35:44 +0200] "GET /AmiKo/Linux HTTP/1.1" 200 9217 "-" "Mozilla/5.0 (compatible; TMMBot/0.2; +http://www.dslab.ch)/Nutch-1.15"
194.209.200.2 - - [18/Oct/2022:10:39:27 +0200] "GET /Main/2015 HTTP/1.1" 200 15908 "-" "Mozilla/5.0 (compatible; TMMBot/0.2; +http://www.dslab.ch)/Nutch-1.15"
194.209.200.2 - - [18/Oct/2022:10:39:38 +0200] "GET /Main/2013 HTTP/1.1" 200 20487 "-" "Mozilla/5.0 (compatible; TMMBot/0.2; +http://www.dslab.ch)/Nutch-1.15"
185.191.171.6 - - [18/Oct/2022:10:40:23 +0200] "GET /Swissmedic/AIPSXMLImport?action=upload HTTP/1.1" 403 18 "-" "Mozilla/5.0 (compatible; SemrushBot/7~bl; +http://www.semrush.com/bot.html)"
83.76.133.159 - - [18/Oct/2022:10:40:40 +0200] "GET /Oddb2xml/Index HTTP/1.1" 200 8983 "-" "Mozilla/5.0 (X11; Linux x86_64) AppleWebKit/537.36 (KHTML, like Gecko) Chrome/105.0.0.0 Safari/537.36"
83.76.133.159 - - [18/Oct/2022:10:40:44 +0200] "GET /Oddb2xml/XSD HTTP/1.1" 200 8519 "https://ywesee.com/" "Mozilla/5.0 (X11; Linux x86_64) AppleWebKit/537.36 (KHTML, like Gecko) Chrome/105.0.0.0 Safari/537.36"
83.76.133.159 - - [18/Oct/2022:10:40:45 +0200] "GET /Oddb2xml/Index HTTP/1.1" 200 8983 "-" "Mozilla/5.0 (X11; Linux x86_64) AppleWebKit/537.36 (KHTML, like Gecko) Chrome/105.0.0.0 Safari/537.36"
83.76.133.159 - - [18/Oct/2022:10:40:46 +0200] "GET /Oddb2xml/Version HTTP/1.1" 200 9879 "https://ywesee.com/" "Mozilla/5.0 (X11; Linux x86_64) AppleWebKit/537.36 (KHTML, like Gecko) Chrome/105.0.0.0 Safari/537.36"
194.209.200.2 - - [18/Oct/2022:10:41:42 +0200] "GET /robots.txt HTTP/1.1" 200 - "-" "Mozilla/5.0 (compatible; TMMBot/0.2; +http://www.dslab.ch)/Nutch-1.15"
194.209.200.2 - - [18/Oct/2022:10:44:13 +0200] "GET /Ywesee/OpenSource HTTP/1.1" 200 10790 "-" "Mozilla/5.0 (compatible; TMMBot/0.2; +http://www.dslab.ch)/Nutch-1.15"
167.99.151.65 - - [18/Oct/2022:10:44:14 +0200] "GET / HTTP/1.1" 200 13326 "-" "Mozilla/5.0 (Linux; Android 10; M2004J19C) AppleWebKit/537.36 (KHTML, like Gecko) Chrome/91.0.4472.77 Mobile Safari/537.36"
114.111.32.178 - - [18/Oct/2022:10:44:49 +0200] "GET /uploads/Main/von_WEKO_30.6.2005.pdf HTTP/1.1" 200 408532 "-" "Mozilla/5.0 (compatible; Yeti/1.1; +https://naver.me/spd)"
194.209.200.2 - - [18/Oct/2022:10:45:15 +0200] "GET /Main/2009 HTTP/1.1" 200 21688 "-" "Mozilla/5.0 (compatible; TMMBot/0.2; +http://www.dslab.ch)/Nutch-1.15"
216.244.66.238 - - [18/Oct/2022:10:46:15 +0200] "GET /robots.txt HTTP/1.1" 200 - "-" "Mozilla/5.0 (compatible; DotBot/1.2; +https://opensiteexplorer.org/dotbot; help@moz.com)"
185.191.171.42 - - [18/Oct/2022:10:48:24 +0200] "GET /Software/ODBA?n=Main.SideBar%3Faction%3Dedit HTTP/1.1" 302 157 "-" "Mozilla/5.0 (compatible; SemrushBot/7~bl; +http://www.semrush.com/bot.html)"
185.191.171.18 - - [18/Oct/2022:10:49:52 +0200] "GET /AmiKo/Web HTTP/1.1" 200 9588 "-" "Mozilla/5.0 (compatible; SemrushBot/7~bl; +http://www.semrush.com/bot.html)"
167.99.228.9 - - [18/Oct/2022:10:52:07 +0200] "HEAD / HTTP/1.1" 200 - "https://www.bing.com" "Mozilla/5.0 (Windows NT 6.1) AppleWebKit/537.36 (KHTML, like Gecko) Chrome/41.0.2228.0 Safari/537.36"
167.99.228.9 - - [18/Oct/2022:10:52:08 +0200] "GET /wp-login.php HTTP/1.1" 404 271 "http://ywesee.com" "Mozilla/5.0 (Windows NT 6.1) AppleWebKit/537.36 (KHTML, like Gecko) Chrome/41.0.2228.0 Safari/537.36"
167.99.228.9 - - [18/Oct/2022:10:52:09 +0200] "GET /wordpress/wp-login.php HTTP/1.1" 404 281 "http://ywesee.com" "Mozilla/5.0 (Windows NT 6.1) AppleWebKit/537.36 (KHTML, like Gecko) Chrome/41.0.2228.0 Safari/537.36"
167.99.228.9 - - [18/Oct/2022:10:52:10 +0200] "GET /blog/wp-login.php HTTP/1.1" 404 276 "http://ywesee.com" "Mozilla/5.0 (Windows NT 6.1) AppleWebKit/537.36 (KHTML, like Gecko) Chrome/41.0.2228.0 Safari/537.36"
167.99.228.9 - - [18/Oct/2022:10:52:10 +0200] "GET /wp/wp-login.php HTTP/1.1" 404 274 "http://ywesee.com" "Mozilla/5.0 (Windows NT 6.1) AppleWebKit/537.36 (KHTML, like Gecko) Chrome/41.0.2228.0 Safari/537.36"
64.71.157.111 - - [18/Oct/2022:10:52:59 +0200] "GET /pmwiki.php/Site/AllRecentChanges?action=rss HTTP/1.1" 200 2546 "-" "Feedbin feed-id:590358 - 1 subscribers"
216.244.66.238 - - [18/Oct/2022:10:55:24 +0200] "GET /uploads/Main/17.6.2011_BVGER_Swissmedic_Laboratoire_Reboh.pdf HTTP/1.1" 200 576950 "-" "Mozilla/5.0 (compatible; DotBot/1.2; +https://opensiteexplorer.org/dotbot; help@moz.com)"
185.191.171.33 - - [18/Oct/2022:10:56:49 +0200] "GET /robots.txt HTTP/1.1" 200 - "-" "Mozilla/5.0 (compatible; SemrushBot/7~bl; +http://www.semrush.com/bot.html)"
185.191.171.43 - - [18/Oct/2022:10:56:50 +0200] "GET /pmwiki.php/Site/AllRecentChanges?action=rss HTTP/1.1" 200 2546 "-" "Mozilla/5.0 (compatible; SemrushBot/7~bl; +http://www.semrush.com/bot.html)"
49.7.20.101 - - [18/Oct/2022:10:59:08 +0200] "GET / HTTP/1.1" 200 13326 "-" "Sogou web spider/4.0(+http://www.sogou.com/docs/help/webmasters.htm#07)"
185.191.171.6 - - [18/Oct/2022:11:01:30 +0200] "GET /robots.txt HTTP/1.1" 200 - "-" "Mozilla/5.0 (compatible; SemrushBot/7~bl; +http://www.semrush.com/bot.html)"
185.191.171.3 - - [18/Oct/2022:11:01:31 +0200] "GET /Main/IPhone?n=Main.SideBar%3Faction%3Dedit HTTP/1.1" 302 157 "-" "Mozilla/5.0 (compatible; SemrushBot/7~bl; +http://www.semrush.com/bot.html)"
185.191.171.18 - - [18/Oct/2022:11:03:40 +0200] "GET /AmiKo/Desktop?n=Main.SideBar%3Faction%3Dedit HTTP/1.1" 302 157 "-" "Mozilla/5.0 (compatible; SemrushBot/7~bl; +http://www.semrush.com/bot.html)"
20.212.60.218 - - [18/Oct/2022:11:05:15 +0200] "GET /dup-installer/main.installer.php HTTP/1.1" 404 291 "http://ywesee.com/dup-installer/main.installer.php" "-"
185.191.171.21 - - [18/Oct/2022:11:18:05 +0200] "GET /PublicDomain/Stammdaten HTTP/1.1" 200 11234 "-" "Mozilla/5.0 (compatible; SemrushBot/7~bl; +http://www.semrush.com/bot.html)"
54.36.148.147 - - [18/Oct/2022:11:19:05 +0200] "GET /Swissmedic/AIPSXMLImport HTTP/1.1" 200 10819 "-" "Mozilla/5.0 (compatible; AhrefsBot/7.0; +http://ahrefs.com/robot/)"
66.249.93.174 - - [18/Oct/2022:11:20:46 +0200] "HEAD /pmwiki.php/Site/AllRecentChanges?action=rss HTTP/1.1" 200 - "-" "FeedBurner/1.0 (http://www.FeedBurner.com)"
66.249.93.178 - - [18/Oct/2022:11:20:47 +0200] "GET /pmwiki.php/Site/AllRecentChanges?action=rss HTTP/1.1" 200 2546 "-" "FeedBurner/1.0 (http://www.FeedBurner.com)"
62.210.215.119 - - [18/Oct/2022:11:21:55 +0200] "GET /Site/AllRecentChanges?action=rss HTTP/1.1" 200 2546 "-" "Mozilla/5.0 (X11; Linux i686) AppleWebKit/537.36 (KHTML, like Gecko) Chrome/30.0.1599.66 Safari/537.36"
194.209.200.2 - - [18/Oct/2022:11:23:55 +0200] "GET /robots.txt HTTP/1.1" 200 - "-" "Mozilla/5.0 (compatible; TMMBot/0.2; +http://www.dslab.ch)/Nutch-1.15"
194.209.200.2 - - [18/Oct/2022:11:23:56 +0200] "GET /AmiKo/Linux HTTP/1.1" 200 9217 "-" "Mozilla/5.0 (compatible; TMMBot/0.2; +http://www.dslab.ch)/Nutch-1.15"
110.93.150.150 - - [18/Oct/2022:11:24:46 +0200] "GET /uploads/Main/B-2597_2017_fr.pdf HTTP/1.1" 200 1537286 "-" "Mozilla/5.0 (compatible; Yeti/1.1; +https://naver.me/spd)"
194.110.203.39 - - [18/Oct/2022:11:25:40 +0200] "GET /ywesee_backup.tgz HTTP/1.1" 404 276 "-" "Firefox"
194.209.200.2 - - [18/Oct/2022:11:28:09 +0200] "GET /Main/2013 HTTP/1.1" 200 20487 "-" "Mozilla/5.0 (compatible; TMMBot/0.2; +http://www.dslab.ch)/Nutch-1.15"
194.209.200.2 - - [18/Oct/2022:11:30:11 +0200] "GET /robots.txt HTTP/1.1" 200 - "-" "Mozilla/5.0 (compatible; TMMBot/0.2; +http://www.dslab.ch)/Nutch-1.15"
185.191.171.5 - - [18/Oct/2022:11:31:09 +0200] "GET /Wiget/PhMPrescriber?action=upload HTTP/1.1" 403 18 "-" "Mozilla/5.0 (compatible; SemrushBot/7~bl; +http://www.semrush.com/bot.html)"
194.209.200.2 - - [18/Oct/2022:11:32:05 +0200] "GET /Ywesee/OpenSource HTTP/1.1" 200 10790 "-" "Mozilla/5.0 (compatible; TMMBot/0.2; +http://www.dslab.ch)/Nutch-1.15"
194.209.200.2 - - [18/Oct/2022:11:32:52 +0200] "GET /Main/2009 HTTP/1.1" 200 21688 "-" "Mozilla/5.0 (compatible; TMMBot/0.2; +http://www.dslab.ch)/Nutch-1.15"
64.71.157.114 - - [18/Oct/2022:11:33:33 +0200] "GET /pmwiki.php/Site/AllRecentChanges?action=rss HTTP/1.1" 200 2546 "-" "Feedbin feed-id:590358 - 1 subscribers"
185.191.171.18 - - [18/Oct/2022:11:33:39 +0200] "GET /AmiKo/KrankenkassenKartenleser?action=edit HTTP/1.1" 403 18 "-" "Mozilla/5.0 (compatible; SemrushBot/7~bl; +http://www.semrush.com/bot.html)"
185.191.171.26 - - [18/Oct/2022:11:35:16 +0200] "GET /ODDB/FachinfoAlsEbook?n=Main.SideBar%3Faction%3Dedit HTTP/1.1" 302 157 "-" "Mozilla/5.0 (compatible; SemrushBot/7~bl; +http://www.semrush.com/bot.html)"
185.191.171.1 - - [18/Oct/2022:11:35:48 +0200] "GET /Main/PharmacodeVsEancode?action=edit HTTP/1.1" 403 18 "-" "Mozilla/5.0 (compatible; SemrushBot/7~bl; +http://www.semrush.com/bot.html)"
185.191.171.2 - - [18/Oct/2022:11:36:09 +0200] "GET /Main/MediStammdatenKostenSchweiz?action=print HTTP/1.1" 403 18 "-" "Mozilla/5.0 (compatible; SemrushBot/7~bl; +http://www.semrush.com/bot.html)"
185.191.171.3 - - [18/Oct/2022:11:36:24 +0200] "GET /Main/SL-Liste?action=print HTTP/1.1" 403 18 "-" "Mozilla/5.0 (compatible; SemrushBot/7~bl; +http://www.semrush.com/bot.html)"
34.239.139.175 - - [18/Oct/2022:11:37:20 +0200] "GET /app-ads.txt HTTP/1.1" 404 270 "-" "Pixalate.com/1.0"
34.239.139.175 - - [18/Oct/2022:11:37:21 +0200] "GET /app-ads.txt HTTP/1.1" 404 270 "-" "Pixalate.com/1.0"
34.239.139.175 - - [18/Oct/2022:11:37:22 +0200] "GET /app-ads.txt HTTP/1.1" 404 274 "-" "Pixalate.com/1.0"
34.239.139.175 - - [18/Oct/2022:11:37:22 +0200] "GET /app-ads.txt HTTP/1.1" 404 270 "-" "Pixalate.com/1.0"
114.111.32.48 - - [18/Oct/2022:11:45:00 +0200] "GET /Main/WekoBlogAntragAufErweiterung HTTP/1.1" 200 15562 "-" "Mozilla/5.0 (compatible; Yeti/1.1; +https://naver.me/spd)"
54.36.149.101 - - [18/Oct/2022:11:46:41 +0200] "GET /Scan2Post/MacOS HTTP/1.1" 200 9023 "-" "Mozilla/5.0 (compatible; AhrefsBot/7.0; +http://ahrefs.com/robot/)"
185.191.171.9 - - [18/Oct/2022:11:48:46 +0200] "GET /AmiKo/Desktop HTTP/1.1" 200 8397 "-" "Mozilla/5.0 (compatible; SemrushBot/7~bl; +http://www.semrush.com/bot.html)"
54.36.148.79 - - [18/Oct/2022:11:50:44 +0200] "GET /Ywesee/About HTTP/1.1" 200 9132 "-" "Mozilla/5.0 (compatible; AhrefsBot/7.0; +http://ahrefs.com/robot/)"
8.29.198.27 - - [18/Oct/2022:11:51:34 +0200] "GET /pmwiki.php/Site/AllRecentChanges?action=rss HTTP/1.1" 200 2546 "-" "Feedly/1.0 (+http://www.feedly.com/fetcher.html; 5 subscribers; like FeedFetcher-Google)"
207.46.13.159 - - [18/Oct/2022:11:51:49 +0200] "GET / HTTP/1.1" 200 13326 "-" "Mozilla/5.0 AppleWebKit/537.36 (KHTML, like Gecko; compatible; bingbot/2.0; +http://www.bing.com/bingbot.htm) Chrome/103.0.5060.134 Safari/537.36"
185.191.171.18 - - [18/Oct/2022:11:51:54 +0200] "GET /AmiKo/Index?action=upload HTTP/1.1" 403 18 "-" "Mozilla/5.0 (compatible; SemrushBot/7~bl; +http://www.semrush.com/bot.html)"
185.191.171.4 - - [18/Oct/2022:11:53:33 +0200] "GET /Main/2017?action=print HTTP/1.1" 403 18 "-" "Mozilla/5.0 (compatible; SemrushBot/7~bl; +http://www.semrush.com/bot.html)"
185.191.171.43 - - [18/Oct/2022:11:55:39 +0200] "GET /Main/2012 HTTP/1.1" 200 31941 "-" "Mozilla/5.0 (compatible; SemrushBot/7~bl; +http://www.semrush.com/bot.html)"
185.191.171.40 - - [18/Oct/2022:11:56:07 +0200] "GET /pmwiki.php/Site/AllRecentChanges?action=rss HTTP/1.1" 200 2546 "-" "Mozilla/5.0 (compatible; SemrushBot/7~bl; +http://www.semrush.com/bot.html)"
157.90.182.30 - - [18/Oct/2022:11:56:10 +0200] "GET /robots.txt HTTP/1.1" 200 - "-" "Mozilla/5.0 (compatible; BLEXBot/1.0; +http://webmeup-crawler.com/)"
157.90.182.30 - - [18/Oct/2022:11:56:12 +0200] "GET /robots.txt HTTP/1.1" 200 - "-" "Mozilla/5.0 (compatible; BLEXBot/1.0; +http://webmeup-crawler.com/)"
157.90.182.30 - - [18/Oct/2022:11:56:13 +0200] "GET /sitemap HTTP/1.1" 404 266 "-" "Mozilla/5.0 (compatible; BLEXBot/1.0; +http://webmeup-crawler.com/)"
157.90.182.30 - - [18/Oct/2022:11:56:16 +0200] "GET /robots.txt HTTP/1.1" 200 - "-" "Mozilla/5.0 (compatible; BLEXBot/1.0; +http://webmeup-crawler.com/)"
157.90.182.30 - - [18/Oct/2022:11:56:19 +0200] "GET /sitemap HTTP/1.1" 404 266 "-" "Mozilla/5.0 (compatible; BLEXBot/1.0; +http://webmeup-crawler.com/)"
157.90.182.30 - - [18/Oct/2022:11:56:23 +0200] "GET /sitemap HTTP/1.1" 404 266 "-" "Mozilla/5.0 (compatible; BLEXBot/1.0; +http://webmeup-crawler.com/)"
157.90.182.30 - - [18/Oct/2022:11:56:26 +0200] "GET /robots.txt HTTP/1.1" 200 - "-" "Mozilla/5.0 (compatible; BLEXBot/1.0; +http://webmeup-crawler.com/)"
157.90.182.30 - - [18/Oct/2022:11:56:28 +0200] "GET /sitemap HTTP/1.1" 404 270 "-" "Mozilla/5.0 (compatible; BLEXBot/1.0; +http://webmeup-crawler.com/)"
157.90.182.30 - - [18/Oct/2022:11:56:31 +0200] "GET /sitemap.txt HTTP/1.1" 404 270 "-" "Mozilla/5.0 (compatible; BLEXBot/1.0; +http://webmeup-crawler.com/)"
157.90.182.30 - - [18/Oct/2022:11:56:41 +0200] "GET /sitemap.txt HTTP/1.1" 404 270 "-" "Mozilla/5.0 (compatible; BLEXBot/1.0; +http://webmeup-crawler.com/)"
157.90.182.30 - - [18/Oct/2022:11:56:44 +0200] "GET /sitemap.txt HTTP/1.1" 404 270 "-" "Mozilla/5.0 (compatible; BLEXBot/1.0; +http://webmeup-crawler.com/)"
157.90.182.30 - - [18/Oct/2022:11:56:47 +0200] "GET /sitemap.txt HTTP/1.1" 404 274 "-" "Mozilla/5.0 (compatible; BLEXBot/1.0; +http://webmeup-crawler.com/)"
157.90.182.30 - - [18/Oct/2022:11:56:50 +0200] "GET /Main/SideBar?action=edit HTTP/1.1" 403 18 "-" "Mozilla/5.0 (compatible; BLEXBot/1.0; +http://webmeup-crawler.com/)"
157.90.182.30 - - [18/Oct/2022:11:56:54 +0200] "GET /Miele/History?action=diff HTTP/1.1" 403 18 "-" "Mozilla/5.0 (compatible; BLEXBot/1.0; +http://webmeup-crawler.com/)"
157.90.182.30 - - [18/Oct/2022:11:57:06 +0200] "GET /Miele/History?action=edit HTTP/1.1" 403 18 "-" "Mozilla/5.0 (compatible; BLEXBot/1.0; +http://webmeup-crawler.com/)"
157.90.182.30 - - [18/Oct/2022:11:57:09 +0200] "GET /Miele/History?action=print HTTP/1.1" 403 18 "-" "Mozilla/5.0 (compatible; BLEXBot/1.0; +http://webmeup-crawler.com/)"
157.90.182.30 - - [18/Oct/2022:11:57:12 +0200] "GET /Miele/History?action=upload HTTP/1.1" 403 18 "-" "Mozilla/5.0 (compatible; BLEXBot/1.0; +http://webmeup-crawler.com/)"
157.90.182.30 - - [18/Oct/2022:11:57:14 +0200] "GET /Miele/History?n=Main.SideBar?action=edit HTTP/1.1" 403 18 "-" "Mozilla/5.0 (compatible; BLEXBot/1.0; +http://webmeup-crawler.com/)"
157.90.182.30 - - [18/Oct/2022:11:57:17 +0200] "GET /ODDB/ODDBxml?action=diff HTTP/1.1" 403 18 "-" "Mozilla/5.0 (compatible; BLEXBot/1.0; +http://webmeup-crawler.com/)"
157.90.182.30 - - [18/Oct/2022:11:57:19 +0200] "GET /ODDB/ODDBxml?action=edit HTTP/1.1" 403 18 "-" "Mozilla/5.0 (compatible; BLEXBot/1.0; +http://webmeup-crawler.com/)"
157.90.182.30 - - [18/Oct/2022:11:57:21 +0200] "GET /ODDB/ODDBxml?action=print HTTP/1.1" 403 18 "-" "Mozilla/5.0 (compatible; BLEXBot/1.0; +http://webmeup-crawler.com/)"
157.90.182.30 - - [18/Oct/2022:11:57:23 +0200] "GET /ODDB/ODDBxml?action=upload HTTP/1.1" 403 18 "-" "Mozilla/5.0 (compatible; BLEXBot/1.0; +http://webmeup-crawler.com/)"
157.90.182.30 - - [18/Oct/2022:11:57:26 +0200] "GET /ODDB/ODDBxml?n=Main.SideBar?action=edit HTTP/1.1" 403 18 "-" "Mozilla/5.0 (compatible; BLEXBot/1.0; +http://webmeup-crawler.com/)"
157.90.182.30 - - [18/Oct/2022:11:57:27 +0200] "GET /ODDB/OddbDat?action=diff HTTP/1.1" 403 18 "-" "Mozilla/5.0 (compatible; BLEXBot/1.0; +http://webmeup-crawler.com/)"
157.90.182.30 - - [18/Oct/2022:11:57:30 +0200] "GET /ODDB/OddbDat?action=edit HTTP/1.1" 403 18 "-" "Mozilla/5.0 (compatible; BLEXBot/1.0; +http://webmeup-crawler.com/)"
157.90.182.30 - - [18/Oct/2022:11:57:32 +0200] "GET /ODDB/OddbDat?action=print HTTP/1.1" 403 18 "-" "Mozilla/5.0 (compatible; BLEXBot/1.0; +http://webmeup-crawler.com/)"
157.90.182.30 - - [18/Oct/2022:11:57:34 +0200] "GET /ODDB/OddbDat?action=upload HTTP/1.1" 403 18 "-" "Mozilla/5.0 (compatible; BLEXBot/1.0; +http://webmeup-crawler.com/)"
157.90.182.30 - - [18/Oct/2022:11:57:39 +0200] "GET /ODDB/OddbDat?n=Main.SideBar?action=edit HTTP/1.1" 403 18 "-" "Mozilla/5.0 (compatible; BLEXBot/1.0; +http://webmeup-crawler.com/)"
194.209.200.2 - - [18/Oct/2022:12:00:21 +0200] "GET /robots.txt HTTP/1.1" 200 - "-" "Mozilla/5.0 (compatible; TMMBot/0.2; +http://www.dslab.ch)/Nutch-1.15"
