85.208.98.18 - - [21/May/2022:08:40:32 +0200] "HEAD /Main/2009 HTTP/1.1" 200 - "-" "Mozilla/5.0 (compatible; SemrushBot; +http://www.semrush.com/bot.html)"
85.208.98.18 - - [21/May/2022:08:40:32 +0200] "HEAD /Software/BBMB HTTP/1.1" 200 - "-" "Mozilla/5.0 (compatible; SemrushBot; +http://www.semrush.com/bot.html)"
85.208.98.18 - - [21/May/2022:08:40:32 +0200] "HEAD /Main/2021 HTTP/1.1" 200 - "-" "Mozilla/5.0 (compatible; SemrushBot; +http://www.semrush.com/bot.html)"
85.208.98.18 - - [21/May/2022:08:40:32 +0200] "HEAD /Main/2006 HTTP/1.1" 200 - "-" "Mozilla/5.0 (compatible; SemrushBot; +http://www.semrush.com/bot.html)"
85.208.98.18 - - [21/May/2022:08:40:32 +0200] "HEAD /uploads/Main/B-2597_2017.pdf HTTP/1.1" 200 - "-" "Mozilla/5.0 (compatible; SemrushBot; +http://www.semrush.com/bot.html)"
85.208.98.18 - - [21/May/2022:08:40:32 +0200] "HEAD /Software/Spreadsheet HTTP/1.1" 200 - "-" "Mozilla/5.0 (compatible; SemrushBot; +http://www.semrush.com/bot.html)"
85.208.98.18 - - [21/May/2022:08:40:32 +0200] "HEAD /Software/SoftwareRaid HTTP/1.1" 200 - "-" "Mozilla/5.0 (compatible; SemrushBot; +http://www.semrush.com/bot.html)"
85.208.98.18 - - [21/May/2022:08:40:32 +0200] "HEAD /Main/2016 HTTP/1.1" 200 - "-" "Mozilla/5.0 (compatible; SemrushBot; +http://www.semrush.com/bot.html)"
85.208.98.18 - - [21/May/2022:08:40:32 +0200] "HEAD /Main/Home HTTP/1.1" 200 - "-" "Mozilla/5.0 (compatible; SemrushBot; +http://www.semrush.com/bot.html)"
85.208.98.18 - - [21/May/2022:08:40:32 +0200] "HEAD /Ywesee/OpenSource HTTP/1.1" 200 - "-" "Mozilla/5.0 (compatible; SemrushBot; +http://www.semrush.com/bot.html)"
85.208.98.18 - - [21/May/2022:08:40:32 +0200] "HEAD /Main/2018 HTTP/1.1" 200 - "-" "Mozilla/5.0 (compatible; SemrushBot; +http://www.semrush.com/bot.html)"
85.208.98.18 - - [21/May/2022:08:40:32 +0200] "HEAD /Software/XMLConv HTTP/1.1" 200 - "-" "Mozilla/5.0 (compatible; SemrushBot; +http://www.semrush.com/bot.html)"
85.208.98.18 - - [21/May/2022:08:40:32 +0200] "HEAD /AmiKo/IOS HTTP/1.1" 200 - "-" "Mozilla/5.0 (compatible; SemrushBot; +http://www.semrush.com/bot.html)"
85.208.98.18 - - [21/May/2022:08:40:32 +0200] "HEAD /Main/2004 HTTP/1.1" 200 - "-" "Mozilla/5.0 (compatible; SemrushBot; +http://www.semrush.com/bot.html)"
85.208.98.18 - - [21/May/2022:08:40:32 +0200] "HEAD /Main/SideBar?action=edit HTTP/1.1" 403 - "-" "Mozilla/5.0 (compatible; SemrushBot; +http://www.semrush.com/bot.html)"
85.208.98.18 - - [21/May/2022:08:40:32 +0200] "HEAD /Main/Home?action=edit HTTP/1.1" 403 - "-" "Mozilla/5.0 (compatible; SemrushBot; +http://www.semrush.com/bot.html)"
85.208.98.18 - - [21/May/2022:08:40:32 +0200] "HEAD / HTTP/1.1" 200 - "-" "Mozilla/5.0 (compatible; SemrushBot; +http://www.semrush.com/bot.html)"
85.208.98.18 - - [21/May/2022:08:40:32 +0200] "HEAD /Main/2013 HTTP/1.1" 200 - "-" "Mozilla/5.0 (compatible; SemrushBot; +http://www.semrush.com/bot.html)"
85.208.98.18 - - [21/May/2022:08:40:32 +0200] "HEAD /Ywesee/Team HTTP/1.1" 200 - "-" "Mozilla/5.0 (compatible; SemrushBot; +http://www.semrush.com/bot.html)"
85.208.98.18 - - [21/May/2022:08:40:32 +0200] "HEAD /Main/2007 HTTP/1.1" 200 - "-" "Mozilla/5.0 (compatible; SemrushBot; +http://www.semrush.com/bot.html)"
85.208.98.18 - - [21/May/2022:08:40:32 +0200] "HEAD /Main/Home?action=upload HTTP/1.1" 403 - "-" "Mozilla/5.0 (compatible; SemrushBot; +http://www.semrush.com/bot.html)"
85.208.98.18 - - [21/May/2022:08:40:32 +0200] "HEAD /Main/2012 HTTP/1.1" 200 - "-" "Mozilla/5.0 (compatible; SemrushBot; +http://www.semrush.com/bot.html)"
85.208.98.18 - - [21/May/2022:08:40:32 +0200] "HEAD /Main/Home?n=Main.SideBar?action=edit HTTP/1.1" 403 - "-" "Mozilla/5.0 (compatible; SemrushBot; +http://www.semrush.com/bot.html)"
85.208.98.18 - - [21/May/2022:08:40:32 +0200] "HEAD /Main/2010 HTTP/1.1" 200 - "-" "Mozilla/5.0 (compatible; SemrushBot; +http://www.semrush.com/bot.html)"
85.208.98.18 - - [21/May/2022:08:40:32 +0200] "HEAD /Main/Home?action=edit HTTP/1.1" 403 - "-" "Mozilla/5.0 (compatible; SemrushBot; +http://www.semrush.com/bot.html)"
85.208.98.18 - - [21/May/2022:08:40:32 +0200] "HEAD /Ywesee/Kontakt HTTP/1.1" 200 - "-" "Mozilla/5.0 (compatible; SemrushBot; +http://www.semrush.com/bot.html)"
85.208.98.18 - - [21/May/2022:08:40:32 +0200] "HEAD /Main/Home?action=diff HTTP/1.1" 403 - "-" "Mozilla/5.0 (compatible; SemrushBot; +http://www.semrush.com/bot.html)"
85.208.98.18 - - [21/May/2022:08:40:32 +0200] "HEAD /Main/2014 HTTP/1.1" 200 - "-" "Mozilla/5.0 (compatible; SemrushBot; +http://www.semrush.com/bot.html)"
85.208.98.18 - - [21/May/2022:08:40:32 +0200] "HEAD /ODDB/IndividuelleMediliste HTTP/1.1" 200 - "-" "Mozilla/5.0 (compatible; SemrushBot; +http://www.semrush.com/bot.html)"
85.208.98.18 - - [21/May/2022:08:40:33 +0200] "HEAD /Main/Home?action=print HTTP/1.1" 403 - "-" "Mozilla/5.0 (compatible; SemrushBot; +http://www.semrush.com/bot.html)"
85.208.98.18 - - [21/May/2022:08:40:33 +0200] "HEAD /Main/2017 HTTP/1.1" 200 - "-" "Mozilla/5.0 (compatible; SemrushBot; +http://www.semrush.com/bot.html)"
85.208.98.18 - - [21/May/2022:08:40:33 +0200] "HEAD /Main/Home?action=upload HTTP/1.1" 403 - "-" "Mozilla/5.0 (compatible; SemrushBot; +http://www.semrush.com/bot.html)"
85.208.98.18 - - [21/May/2022:08:40:33 +0200] "HEAD /Oddb2xml/Index HTTP/1.1" 200 - "-" "Mozilla/5.0 (compatible; SemrushBot; +http://www.semrush.com/bot.html)"
85.208.98.18 - - [21/May/2022:08:40:33 +0200] "HEAD /Main/2005 HTTP/1.1" 200 - "-" "Mozilla/5.0 (compatible; SemrushBot; +http://www.semrush.com/bot.html)"
85.208.98.18 - - [21/May/2022:08:40:33 +0200] "HEAD /AmiKo/Android HTTP/1.1" 200 - "-" "Mozilla/5.0 (compatible; SemrushBot; +http://www.semrush.com/bot.html)"
85.208.98.18 - - [21/May/2022:08:40:33 +0200] "HEAD /AmiKo/Web HTTP/1.1" 200 - "-" "Mozilla/5.0 (compatible; SemrushBot; +http://www.semrush.com/bot.html)"
85.208.98.18 - - [21/May/2022:08:40:33 +0200] "HEAD /AmiKo/Linux HTTP/1.1" 200 - "-" "Mozilla/5.0 (compatible; SemrushBot; +http://www.semrush.com/bot.html)"
85.208.98.18 - - [21/May/2022:08:40:33 +0200] "HEAD /Main/2008 HTTP/1.1" 200 - "-" "Mozilla/5.0 (compatible; SemrushBot; +http://www.semrush.com/bot.html)"
185.191.171.44 - - [21/May/2022:08:44:03 +0200] "GET /Apotheke/POS?action=diff HTTP/1.1" 403 18 "-" "Mozilla/5.0 (compatible; SemrushBot/7~bl; +http://www.semrush.com/bot.html)"
173.231.60.196 - - [21/May/2022:08:46:49 +0200] "GET /Main/OmixOcas?action=edit HTTP/1.1" 403 18 "https://www.ywesee.com/" "Mozilla/5.0 (compatible; Adsbot/3.1; +https://seostar.co/robot/)"
173.231.60.196 - - [21/May/2022:08:47:00 +0200] "GET /Main/OmixOcas?action=print HTTP/1.1" 403 18 "https://www.ywesee.com/" "Mozilla/5.0 (compatible; Adsbot/3.1; +https://seostar.co/robot/)"
173.231.60.196 - - [21/May/2022:08:47:07 +0200] "GET /Main/OmixOcas?action=upload HTTP/1.1" 403 18 "https://www.ywesee.com/" "Mozilla/5.0 (compatible; Adsbot/3.1; +https://seostar.co/robot/)"
173.231.60.196 - - [21/May/2022:08:47:14 +0200] "GET /Main/OmixOcas?n=Main.SideBar?action=edit HTTP/1.1" 403 18 "https://www.ywesee.com/" "Mozilla/5.0 (compatible; Adsbot/3.1; +https://seostar.co/robot/)"
173.231.60.196 - - [21/May/2022:08:47:21 +0200] "GET /Main/SL-Liste?action=diff HTTP/1.1" 403 18 "https://www.ywesee.com/" "Mozilla/5.0 (compatible; Adsbot/3.1; +https://seostar.co/robot/)"
173.231.60.196 - - [21/May/2022:08:47:28 +0200] "GET /Main/SL-Liste?action=edit HTTP/1.1" 403 18 "https://www.ywesee.com/" "Mozilla/5.0 (compatible; Adsbot/3.1; +https://seostar.co/robot/)"
173.231.60.196 - - [21/May/2022:08:47:35 +0200] "GET /Main/SL-Liste?action=print HTTP/1.1" 403 18 "https://www.ywesee.com/" "Mozilla/5.0 (compatible; Adsbot/3.1; +https://seostar.co/robot/)"
173.231.60.196 - - [21/May/2022:08:47:42 +0200] "GET /Main/SL-Liste?action=upload HTTP/1.1" 403 18 "https://www.ywesee.com/" "Mozilla/5.0 (compatible; Adsbot/3.1; +https://seostar.co/robot/)"
173.231.60.196 - - [21/May/2022:08:47:48 +0200] "GET /Main/SL-Liste?n=Main.SideBar?action=edit HTTP/1.1" 403 18 "https://www.ywesee.com/" "Mozilla/5.0 (compatible; Adsbot/3.1; +https://seostar.co/robot/)"
173.231.60.196 - - [21/May/2022:08:47:54 +0200] "GET /Main/WekoBlog?action=diff HTTP/1.1" 403 18 "https://www.ywesee.com/" "Mozilla/5.0 (compatible; Adsbot/3.1; +https://seostar.co/robot/)"
185.191.171.14 - - [21/May/2022:08:58:08 +0200] "GET /AmiKo/Barcodes?action=diff HTTP/1.1" 403 18 "-" "Mozilla/5.0 (compatible; SemrushBot/7~bl; +http://www.semrush.com/bot.html)"
194.209.200.2 - - [21/May/2022:09:01:40 +0200] "GET /robots.txt HTTP/1.1" 200 - "-" "Mozilla/5.0 (compatible; TMMBot/0.2; +http://www.dslab.ch)/Nutch-1.15"
194.209.200.2 - - [21/May/2022:09:01:41 +0200] "GET /Miele/MieleLXIV HTTP/1.1" 200 15367 "-" "Mozilla/5.0 (compatible; TMMBot/0.2; +http://www.dslab.ch)/Nutch-1.15"
194.209.200.2 - - [21/May/2022:09:02:08 +0200] "GET /Software/YDIM HTTP/1.1" 200 8834 "-" "Mozilla/5.0 (compatible; TMMBot/0.2; +http://www.dslab.ch)/Nutch-1.15"
194.209.200.2 - - [21/May/2022:09:03:24 +0200] "GET /ODDB/StammdatenCH HTTP/1.1" 200 9300 "-" "Mozilla/5.0 (compatible; TMMBot/0.2; +http://www.dslab.ch)/Nutch-1.15"
194.209.200.2 - - [21/May/2022:09:04:02 +0200] "GET /Main/2004 HTTP/1.1" 200 14080 "-" "Mozilla/5.0 (compatible; TMMBot/0.2; +http://www.dslab.ch)/Nutch-1.15"
64.145.76.153 - - [21/May/2022:09:04:12 +0200] "GET / HTTP/1.1" 200 11443 "-" "Mozilla/5.0 (X11; U; Linux Core i7-4980HQ; de; rv:32.0; compatible; JobboerseBot; http://www.jobboerse.com/bot.htm) Gecko/20100101 Firefox/38.0"
194.209.200.2 - - [21/May/2022:09:04:14 +0200] "GET /Main/2015 HTTP/1.1" 200 15908 "-" "Mozilla/5.0 (compatible; TMMBot/0.2; +http://www.dslab.ch)/Nutch-1.15"
194.209.200.2 - - [21/May/2022:09:04:23 +0200] "GET /Main/2013 HTTP/1.1" 200 20487 "-" "Mozilla/5.0 (compatible; TMMBot/0.2; +http://www.dslab.ch)/Nutch-1.15"
194.209.200.2 - - [21/May/2022:09:04:32 +0200] "GET /AmiKo/IOS HTTP/1.1" 200 11930 "-" "Mozilla/5.0 (compatible; TMMBot/0.2; +http://www.dslab.ch)/Nutch-1.15"
194.209.200.2 - - [21/May/2022:09:04:39 +0200] "GET /Ywesee/Kontakt HTTP/1.1" 200 8973 "-" "Mozilla/5.0 (compatible; TMMBot/0.2; +http://www.dslab.ch)/Nutch-1.15"
54.36.149.89 - - [21/May/2022:09:05:48 +0200] "GET /robots.txt HTTP/1.1" 200 - "-" "Mozilla/5.0 (compatible; AhrefsBot/7.0; +http://ahrefs.com/robot/)"
54.36.148.232 - - [21/May/2022:09:05:49 +0200] "GET /Emediat/Swissindex HTTP/1.1" 200 8652 "-" "Mozilla/5.0 (compatible; AhrefsBot/7.0; +http://ahrefs.com/robot/)"
194.209.200.2 - - [21/May/2022:09:06:41 +0200] "GET /Software/ODDB HTTP/1.1" 200 10298 "-" "Mozilla/5.0 (compatible; TMMBot/0.2; +http://www.dslab.ch)/Nutch-1.15"
194.209.200.2 - - [21/May/2022:09:07:11 +0200] "GET /Ausschreibung/SAI HTTP/1.1" 200 10366 "-" "Mozilla/5.0 (compatible; TMMBot/0.2; +http://www.dslab.ch)/Nutch-1.15"
66.249.76.91 - - [21/May/2022:09:07:47 +0200] "GET /ODDB/IndividuelleMediliste HTTP/1.1" 200 9139 "-" "Mozilla/5.0 (compatible; Googlebot/2.1; +http://www.google.com/bot.html)"
194.209.200.2 - - [21/May/2022:09:07:52 +0200] "GET /Main/2009 HTTP/1.1" 200 21688 "-" "Mozilla/5.0 (compatible; TMMBot/0.2; +http://www.dslab.ch)/Nutch-1.15"
194.209.200.2 - - [21/May/2022:09:08:28 +0200] "GET /Main/2014 HTTP/1.1" 200 19471 "-" "Mozilla/5.0 (compatible; TMMBot/0.2; +http://www.dslab.ch)/Nutch-1.15"
173.231.60.196 - - [21/May/2022:09:08:42 +0200] "GET /Main/WekoBlog?action=edit HTTP/1.1" 403 18 "https://www.ywesee.com/" "Mozilla/5.0 (compatible; Adsbot/3.1; +https://seostar.co/robot/)"
194.209.200.2 - - [21/May/2022:09:08:44 +0200] "GET /AmiKo/Android HTTP/1.1" 200 10427 "-" "Mozilla/5.0 (compatible; TMMBot/0.2; +http://www.dslab.ch)/Nutch-1.15"
194.209.200.2 - - [21/May/2022:09:08:46 +0200] "GET /Main/2010 HTTP/1.1" 200 27997 "-" "Mozilla/5.0 (compatible; TMMBot/0.2; +http://www.dslab.ch)/Nutch-1.15"
173.231.60.196 - - [21/May/2022:09:08:49 +0200] "GET /Main/WekoBlog?action=print HTTP/1.1" 403 18 "https://www.ywesee.com/" "Mozilla/5.0 (compatible; Adsbot/3.1; +https://seostar.co/robot/)"
194.209.200.2 - - [21/May/2022:09:08:52 +0200] "GET /Main/ComCo19122016 HTTP/1.1" 200 10547 "-" "Mozilla/5.0 (compatible; TMMBot/0.2; +http://www.dslab.ch)/Nutch-1.15"
194.209.200.2 - - [21/May/2022:09:08:54 +0200] "GET /Eggze/SpreadIt HTTP/1.1" 200 12537 "-" "Mozilla/5.0 (compatible; TMMBot/0.2; +http://www.dslab.ch)/Nutch-1.15"
173.231.60.196 - - [21/May/2022:09:08:55 +0200] "GET /Main/WekoBlog?action=upload HTTP/1.1" 403 18 "https://www.ywesee.com/" "Mozilla/5.0 (compatible; Adsbot/3.1; +https://seostar.co/robot/)"
173.231.60.196 - - [21/May/2022:09:09:01 +0200] "GET /Main/WekoBlog?n=Main.SideBar?action=edit HTTP/1.1" 403 18 "https://www.ywesee.com/" "Mozilla/5.0 (compatible; Adsbot/3.1; +https://seostar.co/robot/)"
173.231.60.196 - - [21/May/2022:09:09:10 +0200] "GET /Main/Xls2odat?action=diff HTTP/1.1" 403 18 "https://www.ywesee.com/" "Mozilla/5.0 (compatible; Adsbot/3.1; +https://seostar.co/robot/)"
173.231.60.196 - - [21/May/2022:09:09:16 +0200] "GET /Main/Xls2odat?action=edit HTTP/1.1" 403 18 "https://www.ywesee.com/" "Mozilla/5.0 (compatible; Adsbot/3.1; +https://seostar.co/robot/)"
173.231.60.196 - - [21/May/2022:09:09:22 +0200] "GET /Main/Xls2odat?action=print HTTP/1.1" 403 18 "https://www.ywesee.com/" "Mozilla/5.0 (compatible; Adsbot/3.1; +https://seostar.co/robot/)"
173.231.60.196 - - [21/May/2022:09:09:29 +0200] "GET /Main/Xls2odat?action=upload HTTP/1.1" 403 18 "https://www.ywesee.com/" "Mozilla/5.0 (compatible; Adsbot/3.1; +https://seostar.co/robot/)"
194.209.200.2 - - [21/May/2022:09:09:36 +0200] "GET /Software/XMLConv HTTP/1.1" 200 8709 "-" "Mozilla/5.0 (compatible; TMMBot/0.2; +http://www.dslab.ch)/Nutch-1.15"
173.231.60.196 - - [21/May/2022:09:09:37 +0200] "GET /Main/Xls2odat?n=Main.SideBar?action=edit HTTP/1.1" 403 18 "https://www.ywesee.com/" "Mozilla/5.0 (compatible; Adsbot/3.1; +https://seostar.co/robot/)"
173.231.60.196 - - [21/May/2022:09:09:43 +0200] "GET /Miele/History?action=diff HTTP/1.1" 403 18 "https://www.ywesee.com/" "Mozilla/5.0 (compatible; Adsbot/3.1; +https://seostar.co/robot/)"
185.191.171.35 - - [21/May/2022:09:13:06 +0200] "GET /Scan2Post/MacOS?action=edit HTTP/1.1" 403 18 "-" "Mozilla/5.0 (compatible; SemrushBot/7~bl; +http://www.semrush.com/bot.html)"
95.163.255.120 - - [21/May/2022:09:13:31 +0200] "GET /robots.txt HTTP/1.0" 200 - "-" "Mozilla/5.0 (compatible; Linux x86_64; Mail.RU_Bot/Robots/2.0; +https://help.mail.ru/webmaster/indexing/robots)"
95.163.255.141 - - [21/May/2022:09:13:33 +0200] "GET / HTTP/1.1" 200 11443 "-" "Mozilla/5.0 (compatible; Linux x86_64; Mail.RU_Bot/Robots/2.0; +https://help.mail.ru/webmaster/indexing/robots)"
185.191.34.215 - - [21/May/2022:09:22:33 +0200] "HEAD / HTTP/1.1" 200 - "-" "Mozilla/5.0 (Windows NT 10.0; Win64; x64) AppleWebKit/537.36 (KHTML, like Gecko) Chrome/74.0.3729.169 Safari/537.36"
173.231.60.196 - - [21/May/2022:09:30:48 +0200] "GET /Miele/History?action=edit HTTP/1.1" 403 18 "https://www.ywesee.com/" "Mozilla/5.0 (compatible; Adsbot/3.1; +https://seostar.co/robot/)"
173.231.60.196 - - [21/May/2022:09:30:56 +0200] "GET /Miele/History?action=print HTTP/1.1" 403 18 "https://www.ywesee.com/" "Mozilla/5.0 (compatible; Adsbot/3.1; +https://seostar.co/robot/)"
173.231.60.196 - - [21/May/2022:09:31:08 +0200] "GET /Miele/History?action=upload HTTP/1.1" 403 18 "https://www.ywesee.com/" "Mozilla/5.0 (compatible; Adsbot/3.1; +https://seostar.co/robot/)"
173.231.60.196 - - [21/May/2022:09:31:15 +0200] "GET /Miele/History?n=Main.SideBar?action=edit HTTP/1.1" 403 18 "https://www.ywesee.com/" "Mozilla/5.0 (compatible; Adsbot/3.1; +https://seostar.co/robot/)"
173.231.60.196 - - [21/May/2022:09:31:23 +0200] "GET /Ywesee/Kindle?action=diff HTTP/1.1" 403 18 "https://www.ywesee.com/" "Mozilla/5.0 (compatible; Adsbot/3.1; +https://seostar.co/robot/)"
173.231.60.196 - - [21/May/2022:09:31:29 +0200] "GET /Ywesee/Kindle?action=edit HTTP/1.1" 403 18 "https://www.ywesee.com/" "Mozilla/5.0 (compatible; Adsbot/3.1; +https://seostar.co/robot/)"
173.231.60.196 - - [21/May/2022:09:31:37 +0200] "GET /Ywesee/Kindle?action=print HTTP/1.1" 403 18 "https://www.ywesee.com/" "Mozilla/5.0 (compatible; Adsbot/3.1; +https://seostar.co/robot/)"
173.231.60.196 - - [21/May/2022:09:31:44 +0200] "GET /Ywesee/Kindle?action=upload HTTP/1.1" 403 18 "https://www.ywesee.com/" "Mozilla/5.0 (compatible; Adsbot/3.1; +https://seostar.co/robot/)"
173.231.60.196 - - [21/May/2022:09:31:51 +0200] "GET /Ywesee/Kindle?n=Main.SideBar?action=edit HTTP/1.1" 403 18 "https://www.ywesee.com/" "Mozilla/5.0 (compatible; Adsbot/3.1; +https://seostar.co/robot/)"
173.231.60.196 - - [21/May/2022:09:31:59 +0200] "GET /AmiKo/Barcodes?action=diff HTTP/1.1" 403 18 "https://www.ywesee.com/" "Mozilla/5.0 (compatible; Adsbot/3.1; +https://seostar.co/robot/)"
61.135.159.160 - - [21/May/2022:09:32:02 +0200] "GET / HTTP/1.1" 200 11443 "-" "Sogou web spider/4.0(+http://www.sogou.com/docs/help/webmasters.htm#07)"
185.191.171.44 - - [21/May/2022:09:36:55 +0200] "GET /robots.txt HTTP/1.1" 200 - "-" "Mozilla/5.0 (compatible; SemrushBot/7~bl; +http://www.semrush.com/bot.html)"
185.191.171.45 - - [21/May/2022:09:36:56 +0200] "GET /Main/2009?action=print HTTP/1.1" 403 18 "-" "Mozilla/5.0 (compatible; SemrushBot/7~bl; +http://www.semrush.com/bot.html)"
194.209.200.2 - - [21/May/2022:09:39:40 +0200] "GET /robots.txt HTTP/1.1" 200 - "-" "Mozilla/5.0 (compatible; TMMBot/0.2; +http://www.dslab.ch)/Nutch-1.15"
194.209.200.2 - - [21/May/2022:09:39:40 +0200] "GET /Miele/MieleLXIV HTTP/1.1" 200 15367 "-" "Mozilla/5.0 (compatible; TMMBot/0.2; +http://www.dslab.ch)/Nutch-1.15"
194.209.200.2 - - [21/May/2022:09:40:05 +0200] "GET /Software/YDIM HTTP/1.1" 200 8834 "-" "Mozilla/5.0 (compatible; TMMBot/0.2; +http://www.dslab.ch)/Nutch-1.15"
194.209.200.2 - - [21/May/2022:09:41:49 +0200] "GET /Main/2004 HTTP/1.1" 200 14080 "-" "Mozilla/5.0 (compatible; TMMBot/0.2; +http://www.dslab.ch)/Nutch-1.15"
194.209.200.2 - - [21/May/2022:09:42:01 +0200] "GET /Main/2015 HTTP/1.1" 200 15908 "-" "Mozilla/5.0 (compatible; TMMBot/0.2; +http://www.dslab.ch)/Nutch-1.15"
194.209.200.2 - - [21/May/2022:09:42:20 +0200] "GET /AmiKo/IOS HTTP/1.1" 200 11930 "-" "Mozilla/5.0 (compatible; TMMBot/0.2; +http://www.dslab.ch)/Nutch-1.15"
194.209.200.2 - - [21/May/2022:09:42:26 +0200] "GET /Ywesee/Kontakt HTTP/1.1" 200 8973 "-" "Mozilla/5.0 (compatible; TMMBot/0.2; +http://www.dslab.ch)/Nutch-1.15"
194.209.200.2 - - [21/May/2022:09:44:22 +0200] "GET /Software/ODDB HTTP/1.1" 200 10298 "-" "Mozilla/5.0 (compatible; TMMBot/0.2; +http://www.dslab.ch)/Nutch-1.15"
194.209.200.2 - - [21/May/2022:09:44:50 +0200] "GET /Ausschreibung/SAI HTTP/1.1" 200 10366 "-" "Mozilla/5.0 (compatible; TMMBot/0.2; +http://www.dslab.ch)/Nutch-1.15"
95.163.255.82 - - [21/May/2022:09:44:53 +0200] "GET /robots.txt HTTP/1.0" 200 - "-" "Mozilla/5.0 (compatible; Linux x86_64; Mail.RU_Bot/2.0; +https://help.mail.ru/webmaster/indexing/robots)"
95.163.255.86 - - [21/May/2022:09:44:56 +0200] "GET /InfoCodex/InfoCodex HTTP/1.1" 200 8498 "-" "Mozilla/5.0 (compatible; Linux x86_64; Mail.RU_Bot/2.0; +https://help.mail.ru/webmaster/indexing/robots)"
194.209.200.2 - - [21/May/2022:09:45:31 +0200] "GET /Main/2009 HTTP/1.1" 200 21688 "-" "Mozilla/5.0 (compatible; TMMBot/0.2; +http://www.dslab.ch)/Nutch-1.15"
194.209.200.2 - - [21/May/2022:09:45:38 +0200] "GET /Main/2007 HTTP/1.1" 200 50639 "-" "Mozilla/5.0 (compatible; TMMBot/0.2; +http://www.dslab.ch)/Nutch-1.15"
194.209.200.2 - - [21/May/2022:09:46:04 +0200] "GET /Main/2014 HTTP/1.1" 200 19471 "-" "Mozilla/5.0 (compatible; TMMBot/0.2; +http://www.dslab.ch)/Nutch-1.15"
194.209.200.2 - - [21/May/2022:09:46:21 +0200] "GET /AmiKo/Android HTTP/1.1" 200 10427 "-" "Mozilla/5.0 (compatible; TMMBot/0.2; +http://www.dslab.ch)/Nutch-1.15"
194.209.200.2 - - [21/May/2022:09:46:23 +0200] "GET /Main/2010 HTTP/1.1" 200 27997 "-" "Mozilla/5.0 (compatible; TMMBot/0.2; +http://www.dslab.ch)/Nutch-1.15"
194.209.200.2 - - [21/May/2022:09:46:30 +0200] "GET /Eggze/SpreadIt HTTP/1.1" 200 12537 "-" "Mozilla/5.0 (compatible; TMMBot/0.2; +http://www.dslab.ch)/Nutch-1.15"
194.209.200.2 - - [21/May/2022:09:47:12 +0200] "GET /Software/XMLConv HTTP/1.1" 200 8709 "-" "Mozilla/5.0 (compatible; TMMBot/0.2; +http://www.dslab.ch)/Nutch-1.15"
95.163.255.87 - - [21/May/2022:09:49:28 +0200] "GET /Ywesee/OpenSource HTTP/1.1" 200 10790 "-" "Mozilla/5.0 (compatible; Linux x86_64; Mail.RU_Bot/2.0; +https://help.mail.ru/webmaster/indexing/robots)"
46.161.11.6 - - [21/May/2022:09:51:00 +0200] "GET /Main/ExtremeProgramming HTTP/1.0" 200 8767 "https://www.ywesee.com/Main/ExtremeProgramming" "Mozilla/5.0 (Windows NT 10.0; Win64; x64) AppleWebKit/537.36 (KHTML, like Gecko) Chrome/90.0.4430.85 Safari/537.36"
185.191.171.3 - - [21/May/2022:09:51:18 +0200] "GET /AmiKo/Cpp2sqlite?n=Main.SideBar%3Faction%3Dedit HTTP/1.1" 302 157 "-" "Mozilla/5.0 (compatible; SemrushBot/7~bl; +http://www.semrush.com/bot.html)"
185.191.171.45 - - [21/May/2022:09:51:20 +0200] "GET /Main/SideBar HTTP/1.1" 200 10903 "-" "Mozilla/5.0 (compatible; SemrushBot/7~bl; +http://www.semrush.com/bot.html)"
173.231.60.196 - - [21/May/2022:09:51:38 +0200] "GET /AmiKo/Barcodes?action=edit HTTP/1.1" 403 18 "https://www.ywesee.com/" "Mozilla/5.0 (compatible; Adsbot/3.1; +https://seostar.co/robot/)"
173.231.60.196 - - [21/May/2022:09:51:45 +0200] "GET /AmiKo/Barcodes?action=print HTTP/1.1" 403 18 "https://www.ywesee.com/" "Mozilla/5.0 (compatible; Adsbot/3.1; +https://seostar.co/robot/)"
173.231.60.196 - - [21/May/2022:09:51:51 +0200] "GET /AmiKo/Barcodes?action=upload HTTP/1.1" 403 18 "https://www.ywesee.com/" "Mozilla/5.0 (compatible; Adsbot/3.1; +https://seostar.co/robot/)"
173.231.60.196 - - [21/May/2022:09:51:58 +0200] "GET /AmiKo/Barcodes?n=Main.SideBar?action=edit HTTP/1.1" 403 18 "https://www.ywesee.com/" "Mozilla/5.0 (compatible; Adsbot/3.1; +https://seostar.co/robot/)"
173.231.60.196 - - [21/May/2022:09:52:04 +0200] "GET /Eggze/SpreadIt?action=diff HTTP/1.1" 403 18 "https://www.ywesee.com/" "Mozilla/5.0 (compatible; Adsbot/3.1; +https://seostar.co/robot/)"
173.231.60.196 - - [21/May/2022:09:52:11 +0200] "GET /Eggze/SpreadIt?action=edit HTTP/1.1" 403 18 "https://www.ywesee.com/" "Mozilla/5.0 (compatible; Adsbot/3.1; +https://seostar.co/robot/)"
173.231.60.196 - - [21/May/2022:09:52:17 +0200] "GET /Eggze/SpreadIt?action=print HTTP/1.1" 403 18 "https://www.ywesee.com/" "Mozilla/5.0 (compatible; Adsbot/3.1; +https://seostar.co/robot/)"
173.231.60.196 - - [21/May/2022:09:52:24 +0200] "GET /Eggze/SpreadIt?action=upload HTTP/1.1" 403 18 "https://www.ywesee.com/" "Mozilla/5.0 (compatible; Adsbot/3.1; +https://seostar.co/robot/)"
173.231.60.196 - - [21/May/2022:09:52:32 +0200] "GET /Eggze/SpreadIt?n=Main.SideBar?action=edit HTTP/1.1" 403 18 "https://www.ywesee.com/" "Mozilla/5.0 (compatible; Adsbot/3.1; +https://seostar.co/robot/)"
173.231.60.196 - - [21/May/2022:09:52:40 +0200] "GET /Bundesrat/Ebook?action=diff HTTP/1.1" 403 18 "https://www.ywesee.com/" "Mozilla/5.0 (compatible; Adsbot/3.1; +https://seostar.co/robot/)"
118.184.177.78 - - [21/May/2022:09:54:17 +0200] "GET / HTTP/1.1" 200 11443 "-" "Sogou web spider/4.0(+http://www.sogou.com/docs/help/webmasters.htm#07)"
185.191.171.39 - - [21/May/2022:09:56:43 +0200] "GET /Main/MiGel HTTP/1.1" 200 16437 "-" "Mozilla/5.0 (compatible; SemrushBot/7~bl; +http://www.semrush.com/bot.html)"
182.16.248.210 - - [21/May/2022:10:04:48 +0200] "GET / HTTP/1.1" 200 11443 "-" "Mozilla/5.0 (Windows NT 10.0; Win64; x64) AppleWebKit/537.36 (KHTML, like Gecko) Chrome/99.0.4859.172 Safari/537.36"
182.16.248.210 - - [21/May/2022:10:05:12 +0200] "GET / HTTP/1.1" 200 11443 "-" "curl/7.64.0"
182.16.248.210 - - [21/May/2022:10:05:14 +0200] "POST / HTTP/1.1" 200 11443 "-" "Mozilla/5.0 (Windows NT 10.0; Win64; x64) AppleWebKit/537.36 (KHTML, like Gecko) Chrome/99.0.4859.172 Safari/537.36"
5.255.253.121 - - [21/May/2022:10:06:39 +0200] "GET /robots.txt HTTP/1.1" 200 - "-" "Mozilla/5.0 (compatible; YandexBot/3.0; +http://yandex.com/bots)"
5.255.253.121 - - [21/May/2022:10:06:42 +0200] "GET /uploads/AmiKo/Wortanalyse.csv.txt HTTP/1.1" 200 3709580 "-" "Mozilla/5.0 (compatible; YandexBot/3.0; +http://yandex.com/bots)"
185.191.171.24 - - [21/May/2022:10:10:58 +0200] "GET /Main/Xls2odat?action=print HTTP/1.1" 403 18 "-" "Mozilla/5.0 (compatible; SemrushBot/7~bl; +http://www.semrush.com/bot.html)"
173.231.60.196 - - [21/May/2022:10:12:26 +0200] "GET /Bundesrat/Ebook?action=edit HTTP/1.1" 403 18 "https://www.ywesee.com/" "Mozilla/5.0 (compatible; Adsbot/3.1; +https://seostar.co/robot/)"
173.231.60.196 - - [21/May/2022:10:12:33 +0200] "GET /Bundesrat/Ebook?action=print HTTP/1.1" 403 18 "https://www.ywesee.com/" "Mozilla/5.0 (compatible; Adsbot/3.1; +https://seostar.co/robot/)"
173.231.60.196 - - [21/May/2022:10:12:40 +0200] "GET /Bundesrat/Ebook?action=upload HTTP/1.1" 403 18 "https://www.ywesee.com/" "Mozilla/5.0 (compatible; Adsbot/3.1; +https://seostar.co/robot/)"
173.231.60.196 - - [21/May/2022:10:12:48 +0200] "GET /Bundesrat/Ebook?n=Main.SideBar?action=edit HTTP/1.1" 403 18 "https://www.ywesee.com/" "Mozilla/5.0 (compatible; Adsbot/3.1; +https://seostar.co/robot/)"
173.231.60.196 - - [21/May/2022:10:12:56 +0200] "GET /Main/MayoClinic?action=diff HTTP/1.1" 403 18 "https://www.ywesee.com/" "Mozilla/5.0 (compatible; Adsbot/3.1; +https://seostar.co/robot/)"
173.231.60.196 - - [21/May/2022:10:13:05 +0200] "GET /Main/MayoClinic?action=edit HTTP/1.1" 403 18 "https://www.ywesee.com/" "Mozilla/5.0 (compatible; Adsbot/3.1; +https://seostar.co/robot/)"
173.231.60.196 - - [21/May/2022:10:13:14 +0200] "GET /Main/MayoClinic?action=print HTTP/1.1" 403 18 "https://www.ywesee.com/" "Mozilla/5.0 (compatible; Adsbot/3.1; +https://seostar.co/robot/)"
173.231.60.196 - - [21/May/2022:10:13:20 +0200] "GET /Main/MayoClinic?action=upload HTTP/1.1" 403 18 "https://www.ywesee.com/" "Mozilla/5.0 (compatible; Adsbot/3.1; +https://seostar.co/robot/)"
173.231.60.196 - - [21/May/2022:10:13:26 +0200] "GET /Main/MayoClinic?n=Main.SideBar?action=edit HTTP/1.1" 403 18 "https://www.ywesee.com/" "Mozilla/5.0 (compatible; Adsbot/3.1; +https://seostar.co/robot/)"
173.231.60.196 - - [21/May/2022:10:13:33 +0200] "GET /Main/ReplikSAEZ?action=diff HTTP/1.1" 403 18 "https://www.ywesee.com/" "Mozilla/5.0 (compatible; Adsbot/3.1; +https://seostar.co/robot/)"
194.209.200.2 - - [21/May/2022:10:13:50 +0200] "GET /robots.txt HTTP/1.1" 200 - "-" "Mozilla/5.0 (compatible; TMMBot/0.2; +http://www.dslab.ch)/Nutch-1.15"
194.209.200.2 - - [21/May/2022:10:13:50 +0200] "GET /AmiKo/Linux HTTP/1.1" 200 9217 "-" "Mozilla/5.0 (compatible; TMMBot/0.2; +http://www.dslab.ch)/Nutch-1.15"
194.209.200.2 - - [21/May/2022:10:13:54 +0200] "GET /Miele/MieleLXIV HTTP/1.1" 200 15367 "-" "Mozilla/5.0 (compatible; TMMBot/0.2; +http://www.dslab.ch)/Nutch-1.15"
194.209.200.2 - - [21/May/2022:10:16:15 +0200] "GET /Main/2004 HTTP/1.1" 200 14080 "-" "Mozilla/5.0 (compatible; TMMBot/0.2; +http://www.dslab.ch)/Nutch-1.15"
194.209.200.2 - - [21/May/2022:10:16:29 +0200] "GET /Main/2015 HTTP/1.1" 200 15908 "-" "Mozilla/5.0 (compatible; TMMBot/0.2; +http://www.dslab.ch)/Nutch-1.15"
194.209.200.2 - - [21/May/2022:10:16:48 +0200] "GET /AmiKo/IOS HTTP/1.1" 200 11930 "-" "Mozilla/5.0 (compatible; TMMBot/0.2; +http://www.dslab.ch)/Nutch-1.15"
194.209.200.2 - - [21/May/2022:10:16:56 +0200] "GET /Ywesee/Kontakt HTTP/1.1" 200 8973 "-" "Mozilla/5.0 (compatible; TMMBot/0.2; +http://www.dslab.ch)/Nutch-1.15"
194.209.200.2 - - [21/May/2022:10:19:00 +0200] "GET /Software/ODDB HTTP/1.1" 200 10298 "-" "Mozilla/5.0 (compatible; TMMBot/0.2; +http://www.dslab.ch)/Nutch-1.15"
51.222.253.1 - - [21/May/2022:10:19:20 +0200] "GET /robots.txt HTTP/1.1" 200 - "-" "Mozilla/5.0 (compatible; AhrefsBot/7.0; +http://ahrefs.com/robot/)"
194.209.200.2 - - [21/May/2022:10:19:29 +0200] "GET /Ausschreibung/SAI HTTP/1.1" 200 10366 "-" "Mozilla/5.0 (compatible; TMMBot/0.2; +http://www.dslab.ch)/Nutch-1.15"
194.209.200.2 - - [21/May/2022:10:20:12 +0200] "GET /Main/2009 HTTP/1.1" 200 21688 "-" "Mozilla/5.0 (compatible; TMMBot/0.2; +http://www.dslab.ch)/Nutch-1.15"
194.209.200.2 - - [21/May/2022:10:20:50 +0200] "GET /Main/2014 HTTP/1.1" 200 19471 "-" "Mozilla/5.0 (compatible; TMMBot/0.2; +http://www.dslab.ch)/Nutch-1.15"
194.209.200.2 - - [21/May/2022:10:21:07 +0200] "GET /AmiKo/Android HTTP/1.1" 200 10427 "-" "Mozilla/5.0 (compatible; TMMBot/0.2; +http://www.dslab.ch)/Nutch-1.15"
194.209.200.2 - - [21/May/2022:10:21:09 +0200] "GET /Main/2010 HTTP/1.1" 200 27997 "-" "Mozilla/5.0 (compatible; TMMBot/0.2; +http://www.dslab.ch)/Nutch-1.15"
194.209.200.2 - - [21/May/2022:10:21:17 +0200] "GET /Main/ComCo19122016 HTTP/1.1" 200 10547 "-" "Mozilla/5.0 (compatible; TMMBot/0.2; +http://www.dslab.ch)/Nutch-1.15"
194.209.200.2 - - [21/May/2022:10:21:18 +0200] "GET /Eggze/SpreadIt HTTP/1.1" 200 12537 "-" "Mozilla/5.0 (compatible; TMMBot/0.2; +http://www.dslab.ch)/Nutch-1.15"
194.209.200.2 - - [21/May/2022:10:22:00 +0200] "GET /Software/XMLConv HTTP/1.1" 200 8709 "-" "Mozilla/5.0 (compatible; TMMBot/0.2; +http://www.dslab.ch)/Nutch-1.15"
185.191.171.7 - - [21/May/2022:10:32:28 +0200] "GET /Swissmedic/Packungen?action=upload HTTP/1.1" 403 18 "-" "Mozilla/5.0 (compatible; SemrushBot/7~bl; +http://www.semrush.com/bot.html)"
173.231.60.196 - - [21/May/2022:10:34:12 +0200] "GET /Main/ReplikSAEZ?action=edit HTTP/1.1" 403 18 "https://www.ywesee.com/" "Mozilla/5.0 (compatible; Adsbot/3.1; +https://seostar.co/robot/)"
173.231.60.196 - - [21/May/2022:10:34:18 +0200] "GET /Main/ReplikSAEZ?action=print HTTP/1.1" 403 18 "https://www.ywesee.com/" "Mozilla/5.0 (compatible; Adsbot/3.1; +https://seostar.co/robot/)"
173.231.60.196 - - [21/May/2022:10:34:25 +0200] "GET /Main/ReplikSAEZ?action=upload HTTP/1.1" 403 18 "https://www.ywesee.com/" "Mozilla/5.0 (compatible; Adsbot/3.1; +https://seostar.co/robot/)"
173.231.60.196 - - [21/May/2022:10:34:31 +0200] "GET /Main/ReplikSAEZ?n=Main.SideBar?action=edit HTTP/1.1" 403 18 "https://www.ywesee.com/" "Mozilla/5.0 (compatible; Adsbot/3.1; +https://seostar.co/robot/)"
173.231.60.196 - - [21/May/2022:10:34:38 +0200] "GET /Oddb2xml/Felder?action=diff HTTP/1.1" 403 18 "https://www.ywesee.com/" "Mozilla/5.0 (compatible; Adsbot/3.1; +https://seostar.co/robot/)"
173.231.60.196 - - [21/May/2022:10:34:44 +0200] "GET /Oddb2xml/Felder?action=edit HTTP/1.1" 403 18 "https://www.ywesee.com/" "Mozilla/5.0 (compatible; Adsbot/3.1; +https://seostar.co/robot/)"
173.231.60.196 - - [21/May/2022:10:34:53 +0200] "GET /Oddb2xml/Felder?action=print HTTP/1.1" 403 18 "https://www.ywesee.com/" "Mozilla/5.0 (compatible; Adsbot/3.1; +https://seostar.co/robot/)"
173.231.60.196 - - [21/May/2022:10:35:00 +0200] "GET /Oddb2xml/Felder?action=upload HTTP/1.1" 403 18 "https://www.ywesee.com/" "Mozilla/5.0 (compatible; Adsbot/3.1; +https://seostar.co/robot/)"
173.231.60.196 - - [21/May/2022:10:35:07 +0200] "GET /Oddb2xml/Felder?n=Main.SideBar?action=edit HTTP/1.1" 403 18 "https://www.ywesee.com/" "Mozilla/5.0 (compatible; Adsbot/3.1; +https://seostar.co/robot/)"
173.231.60.196 - - [21/May/2022:10:35:13 +0200] "GET /Scan2Post/MacOS?action=diff HTTP/1.1" 403 18 "https://www.ywesee.com/" "Mozilla/5.0 (compatible; Adsbot/3.1; +https://seostar.co/robot/)"
20.191.45.212 - - [21/May/2022:10:35:28 +0200] "GET / HTTP/1.1" 200 11443 "https://ywesee.com/" "Mozilla/5.0 (compatible; DuckDuckGo-Favicons-Bot/1.0; +http://duckduckgo.com)"
20.191.45.212 - - [21/May/2022:10:35:29 +0200] "GET /favicon.ico HTTP/1.1" 200 1406 "https://ywesee.com/favicon.ico" "Mozilla/5.0 (compatible; DuckDuckGo-Favicons-Bot/1.0; +http://duckduckgo.com)"
194.209.200.2 - - [21/May/2022:10:46:56 +0200] "GET /robots.txt HTTP/1.1" 200 - "-" "Mozilla/5.0 (compatible; TMMBot/0.2; +http://www.dslab.ch)/Nutch-1.15"
194.209.200.2 - - [21/May/2022:10:46:56 +0200] "GET /Miele/MieleLXIV HTTP/1.1" 200 15367 "-" "Mozilla/5.0 (compatible; TMMBot/0.2; +http://www.dslab.ch)/Nutch-1.15"
194.209.200.2 - - [21/May/2022:10:47:19 +0200] "GET /Software/YDIM HTTP/1.1" 200 8834 "-" "Mozilla/5.0 (compatible; TMMBot/0.2; +http://www.dslab.ch)/Nutch-1.15"
52.203.99.64 - - [21/May/2022:10:49:01 +0200] "GET /Site/AllRecentChanges?action=rss HTTP/1.1" 200 2546 "https://www.google.com/" "Mozilla/5.0 (Windows NT 10.0; Win64; x64) AppleWebKit/537.36 (KHTML, like Gecko) Chrome/80.0.3987.122 Safari/537.36"
194.209.200.2 - - [21/May/2022:10:49:03 +0200] "GET /Main/2004 HTTP/1.1" 200 14080 "-" "Mozilla/5.0 (compatible; TMMBot/0.2; +http://www.dslab.ch)/Nutch-1.15"
194.209.200.2 - - [21/May/2022:10:49:33 +0200] "GET /AmiKo/IOS HTTP/1.1" 200 11930 "-" "Mozilla/5.0 (compatible; TMMBot/0.2; +http://www.dslab.ch)/Nutch-1.15"
194.209.200.2 - - [21/May/2022:10:49:39 +0200] "GET /Ywesee/Kontakt HTTP/1.1" 200 8973 "-" "Mozilla/5.0 (compatible; TMMBot/0.2; +http://www.dslab.ch)/Nutch-1.15"
185.191.171.8 - - [21/May/2022:10:50:33 +0200] "GET /robots.txt HTTP/1.1" 200 - "-" "Mozilla/5.0 (compatible; SemrushBot/7~bl; +http://www.semrush.com/bot.html)"
185.191.171.9 - - [21/May/2022:10:50:34 +0200] "GET /Swissmedic/AIPSXml?action=diff HTTP/1.1" 403 18 "-" "Mozilla/5.0 (compatible; SemrushBot/7~bl; +http://www.semrush.com/bot.html)"
194.209.200.2 - - [21/May/2022:10:51:27 +0200] "GET /Generikacc/App HTTP/1.1" 200 11862 "-" "Mozilla/5.0 (compatible; TMMBot/0.2; +http://www.dslab.ch)/Nutch-1.15"
194.209.200.2 - - [21/May/2022:10:51:38 +0200] "GET /Software/ODDB HTTP/1.1" 200 10298 "-" "Mozilla/5.0 (compatible; TMMBot/0.2; +http://www.dslab.ch)/Nutch-1.15"
194.209.200.2 - - [21/May/2022:10:52:05 +0200] "GET /Ausschreibung/SAI HTTP/1.1" 200 10366 "-" "Mozilla/5.0 (compatible; TMMBot/0.2; +http://www.dslab.ch)/Nutch-1.15"
194.209.200.2 - - [21/May/2022:10:52:46 +0200] "GET /Main/2009 HTTP/1.1" 200 21688 "-" "Mozilla/5.0 (compatible; TMMBot/0.2; +http://www.dslab.ch)/Nutch-1.15"
194.209.200.2 - - [21/May/2022:10:53:20 +0200] "GET /Main/2014 HTTP/1.1" 200 19471 "-" "Mozilla/5.0 (compatible; TMMBot/0.2; +http://www.dslab.ch)/Nutch-1.15"
194.209.200.2 - - [21/May/2022:10:53:36 +0200] "GET /AmiKo/Android HTTP/1.1" 200 10427 "-" "Mozilla/5.0 (compatible; TMMBot/0.2; +http://www.dslab.ch)/Nutch-1.15"
194.209.200.2 - - [21/May/2022:10:53:38 +0200] "GET /Main/2010 HTTP/1.1" 200 27997 "-" "Mozilla/5.0 (compatible; TMMBot/0.2; +http://www.dslab.ch)/Nutch-1.15"
194.209.200.2 - - [21/May/2022:10:53:44 +0200] "GET /Main/ComCo19122016 HTTP/1.1" 200 10547 "-" "Mozilla/5.0 (compatible; TMMBot/0.2; +http://www.dslab.ch)/Nutch-1.15"
194.209.200.2 - - [21/May/2022:10:53:45 +0200] "GET /Eggze/SpreadIt HTTP/1.1" 200 12537 "-" "Mozilla/5.0 (compatible; TMMBot/0.2; +http://www.dslab.ch)/Nutch-1.15"
194.209.200.2 - - [21/May/2022:10:54:27 +0200] "GET /Software/XMLConv HTTP/1.1" 200 8709 "-" "Mozilla/5.0 (compatible; TMMBot/0.2; +http://www.dslab.ch)/Nutch-1.15"
173.231.60.196 - - [21/May/2022:10:55:58 +0200] "GET /Scan2Post/MacOS?action=edit HTTP/1.1" 403 18 "https://www.ywesee.com/" "Mozilla/5.0 (compatible; Adsbot/3.1; +https://seostar.co/robot/)"
173.231.60.196 - - [21/May/2022:10:56:04 +0200] "GET /Scan2Post/MacOS?action=print HTTP/1.1" 403 18 "https://www.ywesee.com/" "Mozilla/5.0 (compatible; Adsbot/3.1; +https://seostar.co/robot/)"
173.231.60.196 - - [21/May/2022:10:56:11 +0200] "GET /Scan2Post/MacOS?action=upload HTTP/1.1" 403 18 "https://www.ywesee.com/" "Mozilla/5.0 (compatible; Adsbot/3.1; +https://seostar.co/robot/)"
173.231.60.196 - - [21/May/2022:10:56:19 +0200] "GET /Scan2Post/MacOS?n=Main.SideBar?action=edit HTTP/1.1" 403 18 "https://www.ywesee.com/" "Mozilla/5.0 (compatible; Adsbot/3.1; +https://seostar.co/robot/)"
173.231.60.196 - - [21/May/2022:10:56:26 +0200] "GET /Main/PharmacodeVsEancode HTTP/1.1" 200 13361 "https://www.ywesee.com/" "Mozilla/5.0 (compatible; Adsbot/3.1; +https://seostar.co/robot/)"
173.231.60.196 - - [21/May/2022:10:56:40 +0200] "GET /Ywesee/SpezialisierteKrankenkasse HTTP/1.1" 200 14829 "https://www.ywesee.com/" "Mozilla/5.0 (compatible; Adsbot/3.1; +https://seostar.co/robot/)"
173.231.60.196 - - [21/May/2022:10:56:47 +0200] "GET /Main/ForderungstabelleSpezialitaetenliste HTTP/1.1" 200 11019 "https://www.ywesee.com/" "Mozilla/5.0 (compatible; Adsbot/3.1; +https://seostar.co/robot/)"
173.231.60.196 - - [21/May/2022:10:57:02 +0200] "GET /AmiKo/Desktop HTTP/1.1" 200 8397 "https://www.ywesee.com/" "Mozilla/5.0 (compatible; Adsbot/3.1; +https://seostar.co/robot/)"
173.231.60.196 - - [21/May/2022:10:57:10 +0200] "GET /Software/ODBA HTTP/1.1" 200 12503 "https://www.ywesee.com/" "Mozilla/5.0 (compatible; Adsbot/3.1; +https://seostar.co/robot/)"
173.231.60.196 - - [21/May/2022:10:57:22 +0200] "GET /Software/YDPM HTTP/1.1" 200 8809 "https://www.ywesee.com/" "Mozilla/5.0 (compatible; Adsbot/3.1; +https://seostar.co/robot/)"
212.102.49.20 - - [21/May/2022:11:02:57 +0200] "GET / HTTP/1.1" 200 11443 "-" "Mozilla/5.0 (Macintosh; Intel Mac OS X 10_12_6) AppleWebKit/603.3.8 (KHTML, like Gecko) Version/10.1.2 Safari/603.3.8"
185.191.171.5 - - [21/May/2022:11:05:28 +0200] "GET /Scan2Post/MacOS?action=upload HTTP/1.1" 403 18 "-" "Mozilla/5.0 (compatible; SemrushBot/7~bl; +http://www.semrush.com/bot.html)"
54.36.149.22 - - [21/May/2022:11:06:31 +0200] "GET /Main/2006 HTTP/1.1" 200 39320 "-" "Mozilla/5.0 (compatible; AhrefsBot/7.0; +http://ahrefs.com/robot/)"
54.36.148.243 - - [21/May/2022:11:07:20 +0200] "GET /Software/SoftwareRaid HTTP/1.1" 200 12104 "-" "Mozilla/5.0 (compatible; AhrefsBot/7.0; +http://ahrefs.com/robot/)"
185.191.171.34 - - [21/May/2022:11:09:06 +0200] "GET /InfoCodex/Index HTTP/1.1" 200 8894 "-" "Mozilla/5.0 (compatible; SemrushBot/7~bl; +http://www.semrush.com/bot.html)"
54.36.148.221 - - [21/May/2022:11:10:53 +0200] "GET /Ywesee/Software HTTP/1.1" 200 9246 "-" "Mozilla/5.0 (compatible; AhrefsBot/7.0; +http://ahrefs.com/robot/)"
54.36.148.203 - - [21/May/2022:11:13:14 +0200] "GET /Main/2017 HTTP/1.1" 200 15840 "-" "Mozilla/5.0 (compatible; AhrefsBot/7.0; +http://ahrefs.com/robot/)"
54.36.148.35 - - [21/May/2022:11:13:17 +0200] "GET /Main/2014 HTTP/1.1" 200 19471 "-" "Mozilla/5.0 (compatible; AhrefsBot/7.0; +http://ahrefs.com/robot/)"
54.36.148.141 - - [21/May/2022:11:13:43 +0200] "GET /Main/2007 HTTP/1.1" 200 50639 "-" "Mozilla/5.0 (compatible; AhrefsBot/7.0; +http://ahrefs.com/robot/)"
54.36.148.19 - - [21/May/2022:11:14:14 +0200] "GET /Oddb2xml/XSD HTTP/1.1" 200 8519 "-" "Mozilla/5.0 (compatible; AhrefsBot/7.0; +http://ahrefs.com/robot/)"
173.231.60.196 - - [21/May/2022:11:16:04 +0200] "GET /Ywesee/Stanza HTTP/1.1" 200 8384 "https://www.ywesee.com/" "Mozilla/5.0 (compatible; Adsbot/3.1; +https://seostar.co/robot/)"
173.231.60.196 - - [21/May/2022:11:16:13 +0200] "GET /InfoCodex/Index HTTP/1.1" 200 8894 "https://www.ywesee.com/" "Mozilla/5.0 (compatible; Adsbot/3.1; +https://seostar.co/robot/)"
173.231.60.196 - - [21/May/2022:11:16:21 +0200] "GET /Software/XMLBAG?action=diff HTTP/1.1" 403 18 "https://www.ywesee.com/" "Mozilla/5.0 (compatible; Adsbot/3.1; +https://seostar.co/robot/)"
173.231.60.196 - - [21/May/2022:11:16:29 +0200] "GET /Software/XMLBAG?action=edit HTTP/1.1" 403 18 "https://www.ywesee.com/" "Mozilla/5.0 (compatible; Adsbot/3.1; +https://seostar.co/robot/)"
173.231.60.196 - - [21/May/2022:11:16:40 +0200] "GET /Software/XMLBAG?action=print HTTP/1.1" 403 18 "https://www.ywesee.com/" "Mozilla/5.0 (compatible; Adsbot/3.1; +https://seostar.co/robot/)"
173.231.60.196 - - [21/May/2022:11:16:48 +0200] "GET /Software/XMLBAG?action=upload HTTP/1.1" 403 18 "https://www.ywesee.com/" "Mozilla/5.0 (compatible; Adsbot/3.1; +https://seostar.co/robot/)"
173.231.60.196 - - [21/May/2022:11:16:54 +0200] "GET /Software/XMLBAG?n=Main.SideBar?action=edit HTTP/1.1" 403 18 "https://www.ywesee.com/" "Mozilla/5.0 (compatible; Adsbot/3.1; +https://seostar.co/robot/)"
173.231.60.196 - - [21/May/2022:11:17:00 +0200] "GET /Swissmedic/AIPS?action=diff HTTP/1.1" 403 18 "https://www.ywesee.com/" "Mozilla/5.0 (compatible; Adsbot/3.1; +https://seostar.co/robot/)"
173.231.60.196 - - [21/May/2022:11:17:07 +0200] "GET /Swissmedic/AIPS?action=edit HTTP/1.1" 403 18 "https://www.ywesee.com/" "Mozilla/5.0 (compatible; Adsbot/3.1; +https://seostar.co/robot/)"
173.231.60.196 - - [21/May/2022:11:17:13 +0200] "GET /Swissmedic/AIPS?action=print HTTP/1.1" 403 18 "https://www.ywesee.com/" "Mozilla/5.0 (compatible; Adsbot/3.1; +https://seostar.co/robot/)"
194.209.200.2 - - [21/May/2022:11:20:33 +0200] "GET /robots.txt HTTP/1.1" 200 - "-" "Mozilla/5.0 (compatible; TMMBot/0.2; +http://www.dslab.ch)/Nutch-1.15"
194.209.200.2 - - [21/May/2022:11:20:33 +0200] "GET /Software/YDIM HTTP/1.1" 200 8834 "-" "Mozilla/5.0 (compatible; TMMBot/0.2; +http://www.dslab.ch)/Nutch-1.15"
194.209.200.2 - - [21/May/2022:11:22:16 +0200] "GET /Main/2004 HTTP/1.1" 200 14080 "-" "Mozilla/5.0 (compatible; TMMBot/0.2; +http://www.dslab.ch)/Nutch-1.15"
194.209.200.2 - - [21/May/2022:11:22:37 +0200] "GET /Main/2013 HTTP/1.1" 200 20487 "-" "Mozilla/5.0 (compatible; TMMBot/0.2; +http://www.dslab.ch)/Nutch-1.15"
194.209.200.2 - - [21/May/2022:11:22:46 +0200] "GET /AmiKo/IOS HTTP/1.1" 200 11930 "-" "Mozilla/5.0 (compatible; TMMBot/0.2; +http://www.dslab.ch)/Nutch-1.15"
194.209.200.2 - - [21/May/2022:11:22:52 +0200] "GET /Ywesee/Kontakt HTTP/1.1" 200 8973 "-" "Mozilla/5.0 (compatible; TMMBot/0.2; +http://www.dslab.ch)/Nutch-1.15"
194.209.200.2 - - [21/May/2022:11:24:38 +0200] "GET /Generikacc/App HTTP/1.1" 200 11862 "-" "Mozilla/5.0 (compatible; TMMBot/0.2; +http://www.dslab.ch)/Nutch-1.15"
194.209.200.2 - - [21/May/2022:11:24:47 +0200] "GET /Software/ODDB HTTP/1.1" 200 10298 "-" "Mozilla/5.0 (compatible; TMMBot/0.2; +http://www.dslab.ch)/Nutch-1.15"
194.209.200.2 - - [21/May/2022:11:25:16 +0200] "GET /Ausschreibung/SAI HTTP/1.1" 200 10366 "-" "Mozilla/5.0 (compatible; TMMBot/0.2; +http://www.dslab.ch)/Nutch-1.15"
194.209.200.2 - - [21/May/2022:11:25:55 +0200] "GET /Main/2009 HTTP/1.1" 200 21688 "-" "Mozilla/5.0 (compatible; TMMBot/0.2; +http://www.dslab.ch)/Nutch-1.15"
185.191.171.14 - - [21/May/2022:11:26:17 +0200] "GET /AmiKo/Flyer?action=print HTTP/1.1" 403 18 "-" "Mozilla/5.0 (compatible; SemrushBot/7~bl; +http://www.semrush.com/bot.html)"
194.209.200.2 - - [21/May/2022:11:26:28 +0200] "GET /Main/2014 HTTP/1.1" 200 19471 "-" "Mozilla/5.0 (compatible; TMMBot/0.2; +http://www.dslab.ch)/Nutch-1.15"
194.209.200.2 - - [21/May/2022:11:26:43 +0200] "GET /AmiKo/Android HTTP/1.1" 200 10427 "-" "Mozilla/5.0 (compatible; TMMBot/0.2; +http://www.dslab.ch)/Nutch-1.15"
194.209.200.2 - - [21/May/2022:11:26:45 +0200] "GET /Main/2010 HTTP/1.1" 200 27997 "-" "Mozilla/5.0 (compatible; TMMBot/0.2; +http://www.dslab.ch)/Nutch-1.15"
194.209.200.2 - - [21/May/2022:11:26:50 +0200] "GET /Main/ComCo19122016 HTTP/1.1" 200 10547 "-" "Mozilla/5.0 (compatible; TMMBot/0.2; +http://www.dslab.ch)/Nutch-1.15"
194.209.200.2 - - [21/May/2022:11:26:52 +0200] "GET /Eggze/SpreadIt HTTP/1.1" 200 12537 "-" "Mozilla/5.0 (compatible; TMMBot/0.2; +http://www.dslab.ch)/Nutch-1.15"
194.209.200.2 - - [21/May/2022:11:27:32 +0200] "GET /Software/XMLConv HTTP/1.1" 200 8709 "-" "Mozilla/5.0 (compatible; TMMBot/0.2; +http://www.dslab.ch)/Nutch-1.15"
173.231.60.196 - - [21/May/2022:11:36:47 +0200] "GET /Swissmedic/AIPS?action=upload HTTP/1.1" 403 18 "https://www.ywesee.com/" "Mozilla/5.0 (compatible; Adsbot/3.1; +https://seostar.co/robot/)"
173.231.60.196 - - [21/May/2022:11:36:54 +0200] "GET /Swissmedic/AIPS?n=Main.SideBar?action=edit HTTP/1.1" 403 18 "https://www.ywesee.com/" "Mozilla/5.0 (compatible; Adsbot/3.1; +https://seostar.co/robot/)"
173.231.60.196 - - [21/May/2022:11:37:07 +0200] "GET /Ywesee/Software?action=diff HTTP/1.1" 403 18 "https://www.ywesee.com/" "Mozilla/5.0 (compatible; Adsbot/3.1; +https://seostar.co/robot/)"
173.231.60.196 - - [21/May/2022:11:37:14 +0200] "GET /Ywesee/Software?action=edit HTTP/1.1" 403 18 "https://www.ywesee.com/" "Mozilla/5.0 (compatible; Adsbot/3.1; +https://seostar.co/robot/)"
173.231.60.196 - - [21/May/2022:11:37:22 +0200] "GET /Ywesee/Software?action=print HTTP/1.1" 403 18 "https://www.ywesee.com/" "Mozilla/5.0 (compatible; Adsbot/3.1; +https://seostar.co/robot/)"
173.231.60.196 - - [21/May/2022:11:37:28 +0200] "GET /Ywesee/Software?action=upload HTTP/1.1" 403 18 "https://www.ywesee.com/" "Mozilla/5.0 (compatible; Adsbot/3.1; +https://seostar.co/robot/)"
173.231.60.196 - - [21/May/2022:11:37:36 +0200] "GET /Ywesee/Software?n=Main.SideBar?action=edit HTTP/1.1" 403 18 "https://www.ywesee.com/" "Mozilla/5.0 (compatible; Adsbot/3.1; +https://seostar.co/robot/)"
173.231.60.196 - - [21/May/2022:11:37:42 +0200] "GET /Ywesee/XMLCONV2?action=diff HTTP/1.1" 403 18 "https://www.ywesee.com/" "Mozilla/5.0 (compatible; Adsbot/3.1; +https://seostar.co/robot/)"
66.249.92.222 - - [21/May/2022:11:37:46 +0200] "GET /AmiKo/Privacy HTTP/1.1" 200 8621 "-" "PlayStore-Google"
173.231.60.196 - - [21/May/2022:11:37:50 +0200] "GET /Ywesee/XMLCONV2?action=edit HTTP/1.1" 403 18 "https://www.ywesee.com/" "Mozilla/5.0 (compatible; Adsbot/3.1; +https://seostar.co/robot/)"
173.231.60.196 - - [21/May/2022:11:37:57 +0200] "GET /Ywesee/XMLCONV2?action=print HTTP/1.1" 403 18 "https://www.ywesee.com/" "Mozilla/5.0 (compatible; Adsbot/3.1; +https://seostar.co/robot/)"
194.209.200.2 - - [21/May/2022:11:50:24 +0200] "GET /robots.txt HTTP/1.1" 200 - "-" "Mozilla/5.0 (compatible; TMMBot/0.2; +http://www.dslab.ch)/Nutch-1.15"
194.209.200.2 - - [21/May/2022:11:50:24 +0200] "GET /AmiKo/Windows HTTP/1.1" 200 10332 "-" "Mozilla/5.0 (compatible; TMMBot/0.2; +http://www.dslab.ch)/Nutch-1.15"
194.209.200.2 - - [21/May/2022:11:50:43 +0200] "GET /Software/YDIM HTTP/1.1" 200 8834 "-" "Mozilla/5.0 (compatible; TMMBot/0.2; +http://www.dslab.ch)/Nutch-1.15"
194.209.200.2 - - [21/May/2022:11:52:31 +0200] "GET /Main/2004 HTTP/1.1" 200 14080 "-" "Mozilla/5.0 (compatible; TMMBot/0.2; +http://www.dslab.ch)/Nutch-1.15"
194.209.200.2 - - [21/May/2022:11:52:50 +0200] "GET /Main/2013 HTTP/1.1" 200 20487 "-" "Mozilla/5.0 (compatible; TMMBot/0.2; +http://www.dslab.ch)/Nutch-1.15"
194.209.200.2 - - [21/May/2022:11:53:16 +0200] "GET /Ywesee/Kontakt HTTP/1.1" 200 8973 "-" "Mozilla/5.0 (compatible; TMMBot/0.2; +http://www.dslab.ch)/Nutch-1.15"
194.209.200.2 - - [21/May/2022:11:55:00 +0200] "GET /Generikacc/App HTTP/1.1" 200 11862 "-" "Mozilla/5.0 (compatible; TMMBot/0.2; +http://www.dslab.ch)/Nutch-1.15"
194.209.200.2 - - [21/May/2022:11:55:37 +0200] "GET /Ausschreibung/SAI HTTP/1.1" 200 10366 "-" "Mozilla/5.0 (compatible; TMMBot/0.2; +http://www.dslab.ch)/Nutch-1.15"
173.231.60.196 - - [21/May/2022:11:56:10 +0200] "GET /Ywesee/XMLCONV2?action=upload HTTP/1.1" 403 18 "https://www.ywesee.com/" "Mozilla/5.0 (compatible; Adsbot/3.1; +https://seostar.co/robot/)"
173.231.60.196 - - [21/May/2022:11:56:17 +0200] "GET /Ywesee/XMLCONV2?n=Main.SideBar?action=edit HTTP/1.1" 403 18 "https://www.ywesee.com/" "Mozilla/5.0 (compatible; Adsbot/3.1; +https://seostar.co/robot/)"
194.209.200.2 - - [21/May/2022:11:56:17 +0200] "GET /Main/2009 HTTP/1.1" 200 21688 "-" "Mozilla/5.0 (compatible; TMMBot/0.2; +http://www.dslab.ch)/Nutch-1.15"
173.231.60.196 - - [21/May/2022:11:56:23 +0200] "GET /AmiKo/Cpp2sqlite?action=diff HTTP/1.1" 403 18 "https://www.ywesee.com/" "Mozilla/5.0 (compatible; Adsbot/3.1; +https://seostar.co/robot/)"
173.231.60.196 - - [21/May/2022:11:56:30 +0200] "GET /AmiKo/Cpp2sqlite?action=edit HTTP/1.1" 403 18 "https://www.ywesee.com/" "Mozilla/5.0 (compatible; Adsbot/3.1; +https://seostar.co/robot/)"
194.209.200.2 - - [21/May/2022:11:56:32 +0200] "GET /Software/BBMB HTTP/1.1" 200 9385 "-" "Mozilla/5.0 (compatible; TMMBot/0.2; +http://www.dslab.ch)/Nutch-1.15"
173.231.60.196 - - [21/May/2022:11:56:36 +0200] "GET /AmiKo/Cpp2sqlite?action=print HTTP/1.1" 403 18 "https://www.ywesee.com/" "Mozilla/5.0 (compatible; Adsbot/3.1; +https://seostar.co/robot/)"
173.231.60.196 - - [21/May/2022:11:56:42 +0200] "GET /AmiKo/Cpp2sqlite?action=upload HTTP/1.1" 403 18 "https://www.ywesee.com/" "Mozilla/5.0 (compatible; Adsbot/3.1; +https://seostar.co/robot/)"
173.231.60.196 - - [21/May/2022:11:56:49 +0200] "GET /AmiKo/Cpp2sqlite?n=Main.SideBar?action=edit HTTP/1.1" 403 18 "https://www.ywesee.com/" "Mozilla/5.0 (compatible; Adsbot/3.1; +https://seostar.co/robot/)"
194.209.200.2 - - [21/May/2022:11:56:50 +0200] "GET /Main/2014 HTTP/1.1" 200 19471 "-" "Mozilla/5.0 (compatible; TMMBot/0.2; +http://www.dslab.ch)/Nutch-1.15"
173.231.60.196 - - [21/May/2022:11:56:56 +0200] "GET /Main/BagSlPreise?action=diff HTTP/1.1" 403 18 "https://www.ywesee.com/" "Mozilla/5.0 (compatible; Adsbot/3.1; +https://seostar.co/robot/)"
173.231.60.196 - - [21/May/2022:11:57:02 +0200] "GET /Main/BagSlPreise?action=edit HTTP/1.1" 403 18 "https://www.ywesee.com/" "Mozilla/5.0 (compatible; Adsbot/3.1; +https://seostar.co/robot/)"
194.209.200.2 - - [21/May/2022:11:57:04 +0200] "GET /AmiKo/Android HTTP/1.1" 200 10427 "-" "Mozilla/5.0 (compatible; TMMBot/0.2; +http://www.dslab.ch)/Nutch-1.15"
194.209.200.2 - - [21/May/2022:11:57:07 +0200] "GET /Main/2010 HTTP/1.1" 200 27997 "-" "Mozilla/5.0 (compatible; TMMBot/0.2; +http://www.dslab.ch)/Nutch-1.15"
173.231.60.196 - - [21/May/2022:11:57:09 +0200] "GET /Main/BagSlPreise?action=print HTTP/1.1" 403 18 "https://www.ywesee.com/" "Mozilla/5.0 (compatible; Adsbot/3.1; +https://seostar.co/robot/)"
194.209.200.2 - - [21/May/2022:11:57:13 +0200] "GET /Main/ComCo19122016 HTTP/1.1" 200 10547 "-" "Mozilla/5.0 (compatible; TMMBot/0.2; +http://www.dslab.ch)/Nutch-1.15"
194.209.200.2 - - [21/May/2022:11:57:15 +0200] "GET /Eggze/SpreadIt HTTP/1.1" 200 12537 "-" "Mozilla/5.0 (compatible; TMMBot/0.2; +http://www.dslab.ch)/Nutch-1.15"
194.209.200.2 - - [21/May/2022:11:57:53 +0200] "GET /Software/XMLConv HTTP/1.1" 200 8709 "-" "Mozilla/5.0 (compatible; TMMBot/0.2; +http://www.dslab.ch)/Nutch-1.15"
185.191.171.43 - - [21/May/2022:12:11:12 +0200] "GET /robots.txt HTTP/1.1" 200 - "-" "Mozilla/5.0 (compatible; SemrushBot/7~bl; +http://www.semrush.com/bot.html)"
185.191.171.3 - - [21/May/2022:12:11:13 +0200] "GET /Oddb2xml/Bemerkungen?action=edit HTTP/1.1" 403 18 "-" "Mozilla/5.0 (compatible; SemrushBot/7~bl; +http://www.semrush.com/bot.html)"
