89.246.241.14 - - [24/Apr/2022:03:55:35 +0200] "GET /Main/2006?action=diff HTTP/1.1" 200 41442 "-" "Mozilla/5.0 (Windows NT 10.0; Win64; x64; rv:84.0) Gecko/20100101 Firefox/84.0"
66.249.64.198 - - [24/Apr/2022:04:08:06 +0200] "GET /de/gcc/fachinfo/reg/62065/chapter/effects HTTP/1.1" 404 300 "-" "Mozilla/5.0 (Linux; Android 6.0.1; Nexus 5X Build/MMB29P) AppleWebKit/537.36 (KHTML, like Gecko) Chrome/100.0.4896.127 Mobile Safari/537.36 (compatible; Googlebot/2.1; +http://www.google.com/bot.html)"
157.55.39.209 - - [24/Apr/2022:04:13:58 +0200] "GET /Main/EANCode?action=print HTTP/1.1" 403 18 "-" "Mozilla/5.0 (compatible; bingbot/2.0; +http://www.bing.com/bingbot.htm)"
89.246.241.14 - - [24/Apr/2022:04:18:31 +0200] "GET /Main/MediStammdatenKostenSchweiz HTTP/1.1" 200 10264 "-" "Mozilla/5.0 (Windows NT 10.0; Win64; x64; rv:84.0) Gecko/20100101 Firefox/84.0"
89.246.241.14 - - [24/Apr/2022:04:23:25 +0200] "GET /uploads/Main/Seite_1.pdf HTTP/1.1" 200 1100985 "-" "Mozilla/5.0 (Windows NT 10.0; Win64; x64; rv:84.0) Gecko/20100101 Firefox/84.0"
89.246.241.14 - - [24/Apr/2022:04:23:34 +0200] "GET /AmiKo/Barcodes HTTP/1.1" 200 8978 "-" "Mozilla/5.0 (Windows NT 10.0; Win64; x64; rv:84.0) Gecko/20100101 Firefox/84.0"
40.77.167.78 - - [24/Apr/2022:04:24:15 +0200] "GET / HTTP/1.1" 200 11443 "-" "Mozilla/5.0 (compatible; bingbot/2.0; +http://www.bing.com/bingbot.htm)"
40.77.167.78 - - [24/Apr/2022:04:24:45 +0200] "GET /Main/2011?n=Main.SideBar?action=edit HTTP/1.1" 403 18 "-" "Mozilla/5.0 (compatible; bingbot/2.0; +http://www.bing.com/bingbot.htm)"
89.246.241.14 - - [24/Apr/2022:04:30:46 +0200] "GET /Ywesee/BitcoinBlockchain HTTP/1.1" 200 9811 "-" "Mozilla/5.0 (Windows NT 10.0; Win64; x64; rv:84.0) Gecko/20100101 Firefox/84.0"
194.209.200.2 - - [24/Apr/2022:04:31:51 +0200] "GET /robots.txt HTTP/1.1" 200 - "-" "Mozilla/5.0 (compatible; TMMBot/0.2; +http://www.dslab.ch)/Nutch-1.15"
194.209.200.2 - - [24/Apr/2022:04:31:51 +0200] "GET /Oddb2xml/Index HTTP/1.1" 200 8983 "-" "Mozilla/5.0 (compatible; TMMBot/0.2; +http://www.dslab.ch)/Nutch-1.15"
194.209.200.2 - - [24/Apr/2022:04:32:12 +0200] "GET /AmiKo/Linux HTTP/1.1" 200 9217 "-" "Mozilla/5.0 (compatible; TMMBot/0.2; +http://www.dslab.ch)/Nutch-1.15"
194.209.200.2 - - [24/Apr/2022:04:32:41 +0200] "GET /Software/YDIM HTTP/1.1" 200 8834 "-" "Mozilla/5.0 (compatible; TMMBot/0.2; +http://www.dslab.ch)/Nutch-1.15"
89.246.241.14 - - [24/Apr/2022:04:32:47 +0200] "GET /Main/2005?action=diff HTTP/1.1" 200 94077 "-" "Mozilla/5.0 (Windows NT 10.0; Win64; x64; rv:84.0) Gecko/20100101 Firefox/84.0"
194.209.200.2 - - [24/Apr/2022:04:34:05 +0200] "GET /Main/2008 HTTP/1.1" 200 34740 "-" "Mozilla/5.0 (compatible; TMMBot/0.2; +http://www.dslab.ch)/Nutch-1.15"
194.209.200.2 - - [24/Apr/2022:04:34:44 +0200] "GET /Main/2013 HTTP/1.1" 200 20487 "-" "Mozilla/5.0 (compatible; TMMBot/0.2; +http://www.dslab.ch)/Nutch-1.15"
194.209.200.2 - - [24/Apr/2022:04:34:52 +0200] "GET /AmiKo/IOS HTTP/1.1" 200 11930 "-" "Mozilla/5.0 (compatible; TMMBot/0.2; +http://www.dslab.ch)/Nutch-1.15"
194.209.200.2 - - [24/Apr/2022:04:34:58 +0200] "GET /Ywesee/Kontakt HTTP/1.1" 200 8973 "-" "Mozilla/5.0 (compatible; TMMBot/0.2; +http://www.dslab.ch)/Nutch-1.15"
194.209.200.2 - - [24/Apr/2022:04:36:48 +0200] "GET /Generikacc/App HTTP/1.1" 200 11862 "-" "Mozilla/5.0 (compatible; TMMBot/0.2; +http://www.dslab.ch)/Nutch-1.15"
66.249.70.57 - - [24/Apr/2022:04:36:57 +0200] "GET /Ywesee/About HTTP/1.1" 200 9132 "-" "Mozilla/5.0 (Linux; Android 6.0.1; Nexus 5X Build/MMB29P) AppleWebKit/537.36 (KHTML, like Gecko) Chrome/100.0.4896.127 Mobile Safari/537.36 (compatible; Googlebot/2.1; +http://www.google.com/bot.html)"
194.209.200.2 - - [24/Apr/2022:04:36:57 +0200] "GET /Software/ODDB HTTP/1.1" 200 10298 "-" "Mozilla/5.0 (compatible; TMMBot/0.2; +http://www.dslab.ch)/Nutch-1.15"
194.209.200.2 - - [24/Apr/2022:04:37:26 +0200] "GET /Ausschreibung/SAI HTTP/1.1" 200 10366 "-" "Mozilla/5.0 (compatible; TMMBot/0.2; +http://www.dslab.ch)/Nutch-1.15"
123.125.109.119 - - [24/Apr/2022:04:37:42 +0200] "GET / HTTP/1.1" 200 11443 "-" "Sogou web spider/4.0(+http://www.sogou.com/docs/help/webmasters.htm#07)"
123.125.109.136 - - [24/Apr/2022:04:37:45 +0200] "GET / HTTP/1.1" 200 11443 "-" "Sogou web spider/4.0(+http://www.sogou.com/docs/help/webmasters.htm#07)"
89.246.241.14 - - [24/Apr/2022:04:37:52 +0200] "GET /ODDB/Flow HTTP/1.1" 200 8944 "-" "Mozilla/5.0 (Windows NT 10.0; Win64; x64; rv:84.0) Gecko/20100101 Firefox/84.0"
194.209.200.2 - - [24/Apr/2022:04:38:14 +0200] "GET /Main/2007 HTTP/1.1" 200 50639 "-" "Mozilla/5.0 (compatible; TMMBot/0.2; +http://www.dslab.ch)/Nutch-1.15"
89.246.241.14 - - [24/Apr/2022:04:38:27 +0200] "GET /uploads/Main/fmh_stellungnahme_kompendiumsbuch_20.11.2007.pdf HTTP/1.1" 200 67339 "-" "Mozilla/5.0 (Windows NT 10.0; Win64; x64; rv:84.0) Gecko/20100101 Firefox/84.0"
194.209.200.2 - - [24/Apr/2022:04:38:31 +0200] "GET /Main/2016 HTTP/1.1" 200 13689 "-" "Mozilla/5.0 (compatible; TMMBot/0.2; +http://www.dslab.ch)/Nutch-1.15"
194.209.200.2 - - [24/Apr/2022:04:38:40 +0200] "GET /Main/2014 HTTP/1.1" 200 19471 "-" "Mozilla/5.0 (compatible; TMMBot/0.2; +http://www.dslab.ch)/Nutch-1.15"
194.209.200.2 - - [24/Apr/2022:04:38:47 +0200] "GET /Main/2012 HTTP/1.1" 200 31941 "-" "Mozilla/5.0 (compatible; TMMBot/0.2; +http://www.dslab.ch)/Nutch-1.15"
194.209.200.2 - - [24/Apr/2022:04:38:54 +0200] "GET /ODDB/IntegrationLookAmpFeelGenerikasuche HTTP/1.1" 200 9097 "-" "Mozilla/5.0 (compatible; TMMBot/0.2; +http://www.dslab.ch)/Nutch-1.15"
194.209.200.2 - - [24/Apr/2022:04:38:56 +0200] "GET /Main/2010 HTTP/1.1" 200 27997 "-" "Mozilla/5.0 (compatible; TMMBot/0.2; +http://www.dslab.ch)/Nutch-1.15"
194.209.200.2 - - [24/Apr/2022:04:39:02 +0200] "GET /Main/ComCo19122016 HTTP/1.1" 200 10547 "-" "Mozilla/5.0 (compatible; TMMBot/0.2; +http://www.dslab.ch)/Nutch-1.15"
194.209.200.2 - - [24/Apr/2022:04:39:04 +0200] "GET /Eggze/SpreadIt HTTP/1.1" 200 12537 "-" "Mozilla/5.0 (compatible; TMMBot/0.2; +http://www.dslab.ch)/Nutch-1.15"
49.7.20.107 - - [24/Apr/2022:04:51:05 +0200] "GET / HTTP/1.1" 200 11443 "-" "Sogou web spider/4.0(+http://www.sogou.com/docs/help/webmasters.htm#07)"
89.246.241.14 - - [24/Apr/2022:04:52:45 +0200] "GET /Main/FAZ HTTP/1.1" 200 8325 "-" "Mozilla/5.0 (Windows NT 10.0; Win64; x64; rv:84.0) Gecko/20100101 Firefox/84.0"
131.220.6.152 - - [24/Apr/2022:04:58:15 +0200] "GET / HTTP/1.1" 200 11443 "-" "Mozilla/5.0 (X11; Linux x86_64) AppleWebKit/537.36 (KHTML, like Gecko) Chrome/79.0.3945.79 Safari/537.36"
185.191.171.42 - - [24/Apr/2022:04:58:57 +0200] "GET /PumpFoilingEvents/Indiana?action=upload HTTP/1.1" 403 18 "-" "Mozilla/5.0 (compatible; SemrushBot/7~bl; +http://www.semrush.com/bot.html)"
157.55.39.115 - - [24/Apr/2022:04:59:05 +0200] "GET /robots.txt HTTP/1.1" 200 - "-" "Mozilla/5.0 (compatible; bingbot/2.0; +http://www.bing.com/bingbot.htm)"
40.77.167.78 - - [24/Apr/2022:04:59:13 +0200] "GET / HTTP/1.1" 200 11443 "-" "Mozilla/5.0 (compatible; bingbot/2.0; +http://www.bing.com/bingbot.htm)"
89.246.241.14 - - [24/Apr/2022:04:59:16 +0200] "GET /MEDIupdateXML/Aerzte HTTP/1.1" 200 8529 "-" "Mozilla/5.0 (Windows NT 10.0; Win64; x64; rv:84.0) Gecko/20100101 Firefox/84.0"
157.55.39.115 - - [24/Apr/2022:05:01:53 +0200] "GET /robots.txt HTTP/1.1" 200 - "-" "Mozilla/5.0 (compatible; bingbot/2.0; +http://www.bing.com/bingbot.htm)"
207.46.13.113 - - [24/Apr/2022:05:01:58 +0200] "GET /uploads/Ywesee/SharePoint-Integration.pdf HTTP/1.1" 200 205496 "-" "Mozilla/5.0 (compatible; bingbot/2.0; +http://www.bing.com/bingbot.htm)"
89.246.241.14 - - [24/Apr/2022:05:03:02 +0200] "GET /Main/WekoBlog HTTP/1.1" 200 22209 "-" "Mozilla/5.0 (Windows NT 10.0; Win64; x64; rv:84.0) Gecko/20100101 Firefox/84.0"
185.191.171.12 - - [24/Apr/2022:05:03:53 +0200] "GET /Android/CoMed?action=print HTTP/1.1" 403 18 "-" "Mozilla/5.0 (compatible; SemrushBot/7~bl; +http://www.semrush.com/bot.html)"
5.9.115.185 - - [24/Apr/2022:05:05:20 +0200] "GET /Miele/MieleLXIV HTTP/1.0" 200 15367 "-" "Mozilla/5.0 (Windows NT 6.3; Win64; x64) AppleWebKit/537.36 (KHTML, like Gecko) Chrome/75.0.3770.100 Safari/537.36"
194.93.0.40 - - [24/Apr/2022:05:07:14 +0200] "GET /robots.txt HTTP/1.0" 200 - "-" "Mozilla/4.0 (compatible; fluid/0.0; +http://www.leak.info/bot.html)"
89.246.241.14 - - [24/Apr/2022:05:07:38 +0200] "GET /Main/Saldo HTTP/1.1" 200 8416 "-" "Mozilla/5.0 (Windows NT 10.0; Win64; x64; rv:84.0) Gecko/20100101 Firefox/84.0"
5.9.151.57 - - [24/Apr/2022:05:10:40 +0200] "GET /robots.txt HTTP/1.1" 200 - "-" "Mozilla/5.0 (compatible; MJ12bot/v1.4.8; http://mj12bot.com/)"
5.9.151.57 - - [24/Apr/2022:05:10:44 +0200] "GET /?kcu HTTP/1.1" 200 11443 "-" "Mozilla/5.0 (compatible; MJ12bot/v1.4.8; http://mj12bot.com/)"
5.9.151.57 - - [24/Apr/2022:05:10:49 +0200] "GET /?kcu HTTP/1.1" 200 11443 "-" "Mozilla/5.0 (compatible; MJ12bot/v1.4.8; http://mj12bot.com/)"
89.246.241.14 - - [24/Apr/2022:05:10:57 +0200] "GET /Epha/Flow HTTP/1.1" 200 8668 "-" "Mozilla/5.0 (Windows NT 10.0; Win64; x64; rv:84.0) Gecko/20100101 Firefox/84.0"
2.47.39.219 - - [24/Apr/2022:05:13:46 +0200] "GET / HTTP/1.1" 200 11443 "-" "-"
207.46.13.113 - - [24/Apr/2022:05:15:38 +0200] "GET /uploads/Main/yweseelogo.gif HTTP/1.1" 200 2982 "-" "Mozilla/5.0 (compatible; bingbot/2.0; +http://www.bing.com/bingbot.htm)"
194.209.200.2 - - [24/Apr/2022:05:17:27 +0200] "GET /robots.txt HTTP/1.1" 200 - "-" "Mozilla/5.0 (compatible; TMMBot/0.2; +http://www.dslab.ch)/Nutch-1.15"
194.209.200.2 - - [24/Apr/2022:05:17:27 +0200] "GET /Oddb2xml/Index HTTP/1.1" 200 8983 "-" "Mozilla/5.0 (compatible; TMMBot/0.2; +http://www.dslab.ch)/Nutch-1.15"
89.246.241.14 - - [24/Apr/2022:05:17:33 +0200] "GET /uploads/Main/IC-Enterprise.pdf HTTP/1.1" 200 868608 "-" "Mozilla/5.0 (Windows NT 10.0; Win64; x64; rv:84.0) Gecko/20100101 Firefox/84.0"
194.209.200.2 - - [24/Apr/2022:05:17:46 +0200] "GET /AmiKo/Linux HTTP/1.1" 200 9217 "-" "Mozilla/5.0 (compatible; TMMBot/0.2; +http://www.dslab.ch)/Nutch-1.15"
89.246.241.14 - - [24/Apr/2022:05:17:56 +0200] "GET /uploads/Main/Schreiben_Bfarm_20.3.2007.pdf HTTP/1.1" 200 607598 "-" "Mozilla/5.0 (Windows NT 10.0; Win64; x64; rv:84.0) Gecko/20100101 Firefox/84.0"
194.209.200.2 - - [24/Apr/2022:05:18:14 +0200] "GET /Software/YDIM HTTP/1.1" 200 8834 "-" "Mozilla/5.0 (compatible; TMMBot/0.2; +http://www.dslab.ch)/Nutch-1.15"
89.246.241.14 - - [24/Apr/2022:05:19:58 +0200] "GET /Main/2007?n=Main.SideBar?action=edit HTTP/1.1" 200 9322 "-" "Mozilla/5.0 (Windows NT 10.0; Win64; x64; rv:84.0) Gecko/20100101 Firefox/84.0"
194.209.200.2 - - [24/Apr/2022:05:20:18 +0200] "GET /Main/2013 HTTP/1.1" 200 20487 "-" "Mozilla/5.0 (compatible; TMMBot/0.2; +http://www.dslab.ch)/Nutch-1.15"
194.209.200.2 - - [24/Apr/2022:05:20:33 +0200] "GET /Ywesee/Kontakt HTTP/1.1" 200 8973 "-" "Mozilla/5.0 (compatible; TMMBot/0.2; +http://www.dslab.ch)/Nutch-1.15"
66.249.70.59 - - [24/Apr/2022:05:21:57 +0200] "GET /Ausschreibung/SAI HTTP/1.1" 200 10366 "-" "Mozilla/5.0 (Linux; Android 6.0.1; Nexus 5X Build/MMB29P) AppleWebKit/537.36 (KHTML, like Gecko) Chrome/100.0.4896.127 Mobile Safari/537.36 (compatible; Googlebot/2.1; +http://www.google.com/bot.html)"
194.209.200.2 - - [24/Apr/2022:05:22:16 +0200] "GET /Generikacc/App HTTP/1.1" 200 11862 "-" "Mozilla/5.0 (compatible; TMMBot/0.2; +http://www.dslab.ch)/Nutch-1.15"
167.86.71.242 - - [24/Apr/2022:05:22:23 +0200] "GET /robots.txt HTTP/1.1" 200 - "-" "Mozilla/5.0 (compatible; MJ12bot/v1.4.8; http://mj12bot.com/)"
167.86.71.242 - - [24/Apr/2022:05:22:29 +0200] "GET / HTTP/1.1" 200 11443 "-" "Mozilla/5.0 (compatible; MJ12bot/v1.4.8; http://mj12bot.com/)"
194.209.200.2 - - [24/Apr/2022:05:22:53 +0200] "GET /Ausschreibung/SAI HTTP/1.1" 200 10366 "-" "Mozilla/5.0 (compatible; TMMBot/0.2; +http://www.dslab.ch)/Nutch-1.15"
89.246.241.14 - - [24/Apr/2022:05:23:16 +0200] "GET /Ywesee/KurzFachinfo HTTP/1.1" 200 8845 "-" "Mozilla/5.0 (Windows NT 10.0; Win64; x64; rv:84.0) Gecko/20100101 Firefox/84.0"
54.36.149.57 - - [24/Apr/2022:05:23:46 +0200] "GET /robots.txt HTTP/1.1" 200 - "-" "Mozilla/5.0 (compatible; AhrefsBot/7.0; +http://ahrefs.com/robot/)"
54.36.148.57 - - [24/Apr/2022:05:23:47 +0200] "GET /Swissmedic/AIPSXml HTTP/1.1" 200 8903 "-" "Mozilla/5.0 (compatible; AhrefsBot/7.0; +http://ahrefs.com/robot/)"
194.209.200.2 - - [24/Apr/2022:05:23:58 +0200] "GET /Main/2016 HTTP/1.1" 200 13689 "-" "Mozilla/5.0 (compatible; TMMBot/0.2; +http://www.dslab.ch)/Nutch-1.15"
194.209.200.2 - - [24/Apr/2022:05:24:05 +0200] "GET /Main/2014 HTTP/1.1" 200 19471 "-" "Mozilla/5.0 (compatible; TMMBot/0.2; +http://www.dslab.ch)/Nutch-1.15"
194.209.200.2 - - [24/Apr/2022:05:24:12 +0200] "GET /Main/2012 HTTP/1.1" 200 31941 "-" "Mozilla/5.0 (compatible; TMMBot/0.2; +http://www.dslab.ch)/Nutch-1.15"
194.209.200.2 - - [24/Apr/2022:05:24:20 +0200] "GET /ODDB/IntegrationLookAmpFeelGenerikasuche HTTP/1.1" 200 9097 "-" "Mozilla/5.0 (compatible; TMMBot/0.2; +http://www.dslab.ch)/Nutch-1.15"
194.209.200.2 - - [24/Apr/2022:05:24:22 +0200] "GET /Main/2010 HTTP/1.1" 200 27997 "-" "Mozilla/5.0 (compatible; TMMBot/0.2; +http://www.dslab.ch)/Nutch-1.15"
194.209.200.2 - - [24/Apr/2022:05:24:28 +0200] "GET /Main/ComCo19122016 HTTP/1.1" 200 10547 "-" "Mozilla/5.0 (compatible; TMMBot/0.2; +http://www.dslab.ch)/Nutch-1.15"
194.209.200.2 - - [24/Apr/2022:05:24:29 +0200] "GET /Eggze/SpreadIt HTTP/1.1" 200 12537 "-" "Mozilla/5.0 (compatible; TMMBot/0.2; +http://www.dslab.ch)/Nutch-1.15"
54.36.149.32 - - [24/Apr/2022:05:24:30 +0200] "GET /Swissmedic/Aips2xml HTTP/1.1" 200 9533 "-" "Mozilla/5.0 (compatible; AhrefsBot/7.0; +http://ahrefs.com/robot/)"
89.246.241.14 - - [24/Apr/2022:05:30:55 +0200] "GET /Main/2006?n=Main.SideBar?action=edit HTTP/1.1" 200 9322 "-" "Mozilla/5.0 (Windows NT 10.0; Win64; x64; rv:84.0) Gecko/20100101 Firefox/84.0"
89.246.241.14 - - [24/Apr/2022:05:36:35 +0200] "GET /uploads/Main/Saldo_12.9.2007.pdf HTTP/1.1" 200 6147 "-" "Mozilla/5.0 (Windows NT 10.0; Win64; x64; rv:84.0) Gecko/20100101 Firefox/84.0"
89.246.241.14 - - [24/Apr/2022:05:41:47 +0200] "GET /Main/2005?n=Main.SideBar?action=edit HTTP/1.1" 200 9322 "-" "Mozilla/5.0 (Windows NT 10.0; Win64; x64; rv:84.0) Gecko/20100101 Firefox/84.0"
89.246.241.14 - - [24/Apr/2022:05:44:22 +0200] "GET /Ywesee/ElektronischesPatientendossierSchweiz HTTP/1.1" 200 11065 "-" "Mozilla/5.0 (Windows NT 10.0; Win64; x64; rv:84.0) Gecko/20100101 Firefox/84.0"
66.249.64.200 - - [24/Apr/2022:05:44:29 +0200] "GET /de/gcc/fachinfo/reg/62065/chapter/unwanted_effects HTTP/1.1" 404 309 "-" "Mozilla/5.0 (Linux; Android 6.0.1; Nexus 5X Build/MMB29P) AppleWebKit/537.36 (KHTML, like Gecko) Chrome/100.0.4896.127 Mobile Safari/537.36 (compatible; Googlebot/2.1; +http://www.google.com/bot.html)"
185.191.171.9 - - [24/Apr/2022:05:45:01 +0200] "GET /Main/2012?action=diff HTTP/1.1" 403 18 "-" "Mozilla/5.0 (compatible; SemrushBot/7~bl; +http://www.semrush.com/bot.html)"
66.249.64.198 - - [24/Apr/2022:05:46:05 +0200] "GET / HTTP/1.1" 200 11443 "-" "Mozilla/5.0 (compatible; Googlebot/2.1; +http://www.google.com/bot.html)"
185.191.171.26 - - [24/Apr/2022:05:48:52 +0200] "GET /Generikacc/App?action=diff HTTP/1.1" 403 18 "-" "Mozilla/5.0 (compatible; SemrushBot/7~bl; +http://www.semrush.com/bot.html)"
194.209.200.2 - - [24/Apr/2022:05:48:54 +0200] "GET /robots.txt HTTP/1.1" 200 - "-" "Mozilla/5.0 (compatible; TMMBot/0.2; +http://www.dslab.ch)/Nutch-1.15"
194.209.200.2 - - [24/Apr/2022:05:48:54 +0200] "GET /Oddb2xml/Index HTTP/1.1" 200 8983 "-" "Mozilla/5.0 (compatible; TMMBot/0.2; +http://www.dslab.ch)/Nutch-1.15"
194.209.200.2 - - [24/Apr/2022:05:49:10 +0200] "GET /AmiKo/Linux HTTP/1.1" 200 9217 "-" "Mozilla/5.0 (compatible; TMMBot/0.2; +http://www.dslab.ch)/Nutch-1.15"
194.209.200.2 - - [24/Apr/2022:05:49:38 +0200] "GET /Software/YDIM HTTP/1.1" 200 8834 "-" "Mozilla/5.0 (compatible; TMMBot/0.2; +http://www.dslab.ch)/Nutch-1.15"
118.184.177.77 - - [24/Apr/2022:05:51:00 +0200] "GET / HTTP/1.1" 200 11443 "-" "Sogou web spider/4.0(+http://www.sogou.com/docs/help/webmasters.htm#07)"
194.209.200.2 - - [24/Apr/2022:05:51:15 +0200] "GET /Main/2004 HTTP/1.1" 200 14080 "-" "Mozilla/5.0 (compatible; TMMBot/0.2; +http://www.dslab.ch)/Nutch-1.15"
194.209.200.2 - - [24/Apr/2022:05:51:34 +0200] "GET /Main/2013 HTTP/1.1" 200 20487 "-" "Mozilla/5.0 (compatible; TMMBot/0.2; +http://www.dslab.ch)/Nutch-1.15"
194.209.200.2 - - [24/Apr/2022:05:51:43 +0200] "GET /AmiKo/IOS HTTP/1.1" 200 11930 "-" "Mozilla/5.0 (compatible; TMMBot/0.2; +http://www.dslab.ch)/Nutch-1.15"
194.209.200.2 - - [24/Apr/2022:05:51:50 +0200] "GET /Ywesee/Kontakt HTTP/1.1" 200 8973 "-" "Mozilla/5.0 (compatible; TMMBot/0.2; +http://www.dslab.ch)/Nutch-1.15"
194.209.200.2 - - [24/Apr/2022:05:53:40 +0200] "GET /Software/ODDB HTTP/1.1" 200 10298 "-" "Mozilla/5.0 (compatible; TMMBot/0.2; +http://www.dslab.ch)/Nutch-1.15"
194.209.200.2 - - [24/Apr/2022:05:54:06 +0200] "GET /Ausschreibung/SAI HTTP/1.1" 200 10366 "-" "Mozilla/5.0 (compatible; TMMBot/0.2; +http://www.dslab.ch)/Nutch-1.15"
51.222.253.14 - - [24/Apr/2022:05:54:30 +0200] "GET /robots.txt HTTP/1.1" 200 - "-" "Mozilla/5.0 (compatible; AhrefsBot/7.0; +http://ahrefs.com/robot/)"
89.246.241.14 - - [24/Apr/2022:05:54:38 +0200] "GET /Main/2007?action=print HTTP/1.1" 200 45502 "-" "Mozilla/5.0 (Windows NT 10.0; Win64; x64; rv:84.0) Gecko/20100101 Firefox/84.0"
194.209.200.2 - - [24/Apr/2022:05:54:42 +0200] "GET /Main/2009 HTTP/1.1" 200 21688 "-" "Mozilla/5.0 (compatible; TMMBot/0.2; +http://www.dslab.ch)/Nutch-1.15"
194.209.200.2 - - [24/Apr/2022:05:55:07 +0200] "GET /Main/2016 HTTP/1.1" 200 13689 "-" "Mozilla/5.0 (compatible; TMMBot/0.2; +http://www.dslab.ch)/Nutch-1.15"
89.246.241.14 - - [24/Apr/2022:05:55:13 +0200] "GET /uploads/Main/Excel_100_vergleichbare_Medikamente_Schweiz_Deutschland.xls HTTP/1.1" 200 137216 "-" "Mozilla/5.0 (Windows NT 10.0; Win64; x64; rv:84.0) Gecko/20100101 Firefox/84.0"
194.209.200.2 - - [24/Apr/2022:05:55:14 +0200] "GET /Main/2014 HTTP/1.1" 200 19471 "-" "Mozilla/5.0 (compatible; TMMBot/0.2; +http://www.dslab.ch)/Nutch-1.15"
194.209.200.2 - - [24/Apr/2022:05:55:21 +0200] "GET /Main/2012 HTTP/1.1" 200 31941 "-" "Mozilla/5.0 (compatible; TMMBot/0.2; +http://www.dslab.ch)/Nutch-1.15"
194.209.200.2 - - [24/Apr/2022:05:55:29 +0200] "GET /ODDB/IntegrationLookAmpFeelGenerikasuche HTTP/1.1" 200 9097 "-" "Mozilla/5.0 (compatible; TMMBot/0.2; +http://www.dslab.ch)/Nutch-1.15"
194.209.200.2 - - [24/Apr/2022:05:55:31 +0200] "GET /Main/2010 HTTP/1.1" 200 27997 "-" "Mozilla/5.0 (compatible; TMMBot/0.2; +http://www.dslab.ch)/Nutch-1.15"
194.209.200.2 - - [24/Apr/2022:05:55:36 +0200] "GET /Main/ComCo19122016 HTTP/1.1" 200 10547 "-" "Mozilla/5.0 (compatible; TMMBot/0.2; +http://www.dslab.ch)/Nutch-1.15"
194.209.200.2 - - [24/Apr/2022:05:55:37 +0200] "GET /Eggze/SpreadIt HTTP/1.1" 200 12537 "-" "Mozilla/5.0 (compatible; TMMBot/0.2; +http://www.dslab.ch)/Nutch-1.15"
89.246.241.14 - - [24/Apr/2022:05:58:10 +0200] "GET /uploads/Main/an_jenny_17.10.2007.pdf HTTP/1.1" 200 154981 "-" "Mozilla/5.0 (Windows NT 10.0; Win64; x64; rv:84.0) Gecko/20100101 Firefox/84.0"
89.246.241.14 - - [24/Apr/2022:05:59:23 +0200] "GET /Main/Elexis HTTP/1.1" 200 10922 "-" "Mozilla/5.0 (Windows NT 10.0; Win64; x64; rv:84.0) Gecko/20100101 Firefox/84.0"
49.12.125.133 - - [24/Apr/2022:06:01:56 +0200] "GET /Ywesee/Team HTTP/1.1" 200 18245 "-" "Mozilla/5.0 (X11; Linux x86_64) AppleWebKit/537.36 (KHTML, like Gecko) Chrome/81.0.4044.113 Safari/537.36"
49.12.125.133 - - [24/Apr/2022:06:01:56 +0200] "GET /pub/skins/ywesee/gila.css HTTP/1.1" 200 8276 "https://ywesee.com/Ywesee/Team" "Mozilla/5.0 (X11; Linux x86_64) AppleWebKit/537.36 (KHTML, like Gecko) Chrome/81.0.4044.113 Safari/537.36"
89.246.241.14 - - [24/Apr/2022:06:02:36 +0200] "GET /Ywesee/InfoCodexProximity HTTP/1.1" 200 9809 "-" "Mozilla/5.0 (Windows NT 10.0; Win64; x64; rv:84.0) Gecko/20100101 Firefox/84.0"
89.246.241.14 - - [24/Apr/2022:06:04:20 +0200] "GET /Main/FMH HTTP/1.1" 200 8327 "-" "Mozilla/5.0 (Windows NT 10.0; Win64; x64; rv:84.0) Gecko/20100101 Firefox/84.0"
89.246.241.14 - - [24/Apr/2022:06:17:03 +0200] "GET /uploads/Main/Stellenbeschreibung_Ruby_ywesee_GmbH.pdf HTTP/1.1" 200 65223 "-" "Mozilla/5.0 (Windows NT 10.0; Win64; x64; rv:84.0) Gecko/20100101 Firefox/84.0"
95.163.255.82 - - [24/Apr/2022:06:20:04 +0200] "GET /robots.txt HTTP/1.0" 200 - "-" "Mozilla/5.0 (compatible; Linux x86_64; Mail.RU_Bot/2.0; +https://help.mail.ru/webmaster/indexing/robots)"
95.163.255.82 - - [24/Apr/2022:06:20:06 +0200] "GET /Main/2018 HTTP/1.1" 200 15425 "-" "Mozilla/5.0 (compatible; Linux x86_64; Mail.RU_Bot/2.0; +https://help.mail.ru/webmaster/indexing/robots)"
5.227.24.63 - - [24/Apr/2022:06:20:10 +0200] "GET /apple-app-site-association HTTP/1.1" 404 289 "-" "Mozilla/5.0 (Windows NT 6.1; WOW64; rv:40.0) Gecko/20100101 Firefox/40.1"
77.222.125.49 - - [24/Apr/2022:06:20:11 +0200] "GET /apple-app-site-association HTTP/1.1" 404 289 "-" "Mozilla/5.0 (Windows NT 6.1; WOW64; rv:40.0) Gecko/20100101 Firefox/40.1"
77.222.125.49 - - [24/Apr/2022:06:20:12 +0200] "GET /apple-app-site-association HTTP/1.1" 404 285 "-" "Mozilla/5.0 (Windows NT 6.1; WOW64; rv:40.0) Gecko/20100101 Firefox/40.1"
77.222.125.49 - - [24/Apr/2022:06:20:13 +0200] "GET /apple-app-site-association HTTP/1.1" 404 285 "-" "Mozilla/5.0 (Windows NT 6.1; WOW64; rv:40.0) Gecko/20100101 Firefox/40.1"
77.222.125.49 - - [24/Apr/2022:06:20:14 +0200] "GET /.well-known/apple-app-site-association HTTP/1.1" 404 301 "-" "Mozilla/5.0 (Windows NT 6.1; WOW64; rv:40.0) Gecko/20100101 Firefox/40.1"
77.222.125.49 - - [24/Apr/2022:06:20:15 +0200] "GET /.well-known/apple-app-site-association HTTP/1.1" 404 301 "-" "Mozilla/5.0 (Windows NT 6.1; WOW64; rv:40.0) Gecko/20100101 Firefox/40.1"
5.227.24.63 - - [24/Apr/2022:06:20:17 +0200] "GET /.well-known/apple-app-site-association HTTP/1.1" 404 297 "-" "Mozilla/5.0 (Windows NT 6.1; WOW64; rv:40.0) Gecko/20100101 Firefox/40.1"
77.222.125.49 - - [24/Apr/2022:06:20:18 +0200] "GET /.well-known/apple-app-site-association HTTP/1.1" 404 297 "-" "Mozilla/5.0 (Windows NT 6.1; WOW64; rv:40.0) Gecko/20100101 Firefox/40.1"
89.246.241.14 - - [24/Apr/2022:06:20:41 +0200] "GET /Main/2006?action=print HTTP/1.1" 200 34248 "-" "Mozilla/5.0 (Windows NT 10.0; Win64; x64; rv:84.0) Gecko/20100101 Firefox/84.0"
89.246.241.14 - - [24/Apr/2022:06:20:47 +0200] "GET /Main/2007?action=diff HTTP/1.1" 200 57691 "-" "Mozilla/5.0 (Windows NT 10.0; Win64; x64; rv:84.0) Gecko/20100101 Firefox/84.0"
89.246.241.14 - - [24/Apr/2022:06:20:54 +0200] "GET /Main HTTP/1.1" 302 154 "-" "Mozilla/5.0 (Windows NT 10.0; Win64; x64; rv:84.0) Gecko/20100101 Firefox/84.0"
89.246.241.14 - - [24/Apr/2022:06:22:47 +0200] "GET /Apotheke/POS HTTP/1.1" 200 11138 "-" "Mozilla/5.0 (Windows NT 10.0; Win64; x64; rv:84.0) Gecko/20100101 Firefox/84.0"
89.246.241.14 - - [24/Apr/2022:06:24:18 +0200] "GET /Main/2006?action=upload HTTP/1.1" 200 8737 "-" "Mozilla/5.0 (Windows NT 10.0; Win64; x64; rv:84.0) Gecko/20100101 Firefox/84.0"
157.55.39.209 - - [24/Apr/2022:06:24:36 +0200] "GET /Main/2021 HTTP/1.1" 200 16484 "-" "Mozilla/5.0 (compatible; bingbot/2.0; +http://www.bing.com/bingbot.htm)"
89.246.241.14 - - [24/Apr/2022:06:24:52 +0200] "GET /uploads/Main/Deutsche_Pillen_sind_billiger.pdf HTTP/1.1" 200 144061 "-" "Mozilla/5.0 (Windows NT 10.0; Win64; x64; rv:84.0) Gecko/20100101 Firefox/84.0"
194.209.200.2 - - [24/Apr/2022:06:25:36 +0200] "GET /robots.txt HTTP/1.1" 200 - "-" "Mozilla/5.0 (compatible; TMMBot/0.2; +http://www.dslab.ch)/Nutch-1.15"
194.209.200.2 - - [24/Apr/2022:06:25:36 +0200] "GET /Oddb2xml/Index HTTP/1.1" 200 8983 "-" "Mozilla/5.0 (compatible; TMMBot/0.2; +http://www.dslab.ch)/Nutch-1.15"
194.209.200.2 - - [24/Apr/2022:06:26:08 +0200] "GET /AmiKo/Linux HTTP/1.1" 200 9217 "-" "Mozilla/5.0 (compatible; TMMBot/0.2; +http://www.dslab.ch)/Nutch-1.15"
194.209.200.2 - - [24/Apr/2022:06:26:57 +0200] "GET /Software/YDIM HTTP/1.1" 200 8834 "-" "Mozilla/5.0 (compatible; TMMBot/0.2; +http://www.dslab.ch)/Nutch-1.15"
40.77.167.78 - - [24/Apr/2022:06:28:33 +0200] "GET / HTTP/1.1" 200 11443 "-" "Mozilla/5.0 (compatible; bingbot/2.0; +http://www.bing.com/bingbot.htm)"
89.246.241.14 - - [24/Apr/2022:06:29:48 +0200] "GET /Main/NZZ HTTP/1.1" 200 8325 "-" "Mozilla/5.0 (Windows NT 10.0; Win64; x64; rv:84.0) Gecko/20100101 Firefox/84.0"
194.209.200.2 - - [24/Apr/2022:06:30:04 +0200] "GET /Main/2013 HTTP/1.1" 200 20487 "-" "Mozilla/5.0 (compatible; TMMBot/0.2; +http://www.dslab.ch)/Nutch-1.15"
194.209.200.2 - - [24/Apr/2022:06:30:17 +0200] "GET /AmiKo/IOS HTTP/1.1" 200 11930 "-" "Mozilla/5.0 (compatible; TMMBot/0.2; +http://www.dslab.ch)/Nutch-1.15"
194.209.200.2 - - [24/Apr/2022:06:30:29 +0200] "GET /Ywesee/Kontakt HTTP/1.1" 200 8973 "-" "Mozilla/5.0 (compatible; TMMBot/0.2; +http://www.dslab.ch)/Nutch-1.15"
89.246.241.14 - - [24/Apr/2022:06:31:30 +0200] "GET /Main/2005?action=print HTTP/1.1" 200 58097 "-" "Mozilla/5.0 (Windows NT 10.0; Win64; x64; rv:84.0) Gecko/20100101 Firefox/84.0"
89.246.241.14 - - [24/Apr/2022:06:31:42 +0200] "GET /uploads/Main/Facharbeit_Raphael_Waltert.pdf HTTP/1.1" 200 1004701 "-" "Mozilla/5.0 (Windows NT 10.0; Win64; x64; rv:84.0) Gecko/20100101 Firefox/84.0"
89.246.241.14 - - [24/Apr/2022:06:31:53 +0200] "GET /Ywesee/IGM11 HTTP/1.1" 200 13051 "-" "Mozilla/5.0 (Windows NT 10.0; Win64; x64; rv:84.0) Gecko/20100101 Firefox/84.0"
89.246.241.14 - - [24/Apr/2022:06:31:59 +0200] "GET /uploads/Main/Facharbeit_Mike_Walder.pdf HTTP/1.1" 200 989761 "-" "Mozilla/5.0 (Windows NT 10.0; Win64; x64; rv:84.0) Gecko/20100101 Firefox/84.0"
185.194.216.151 - - [24/Apr/2022:06:31:59 +0200] "GET /robots.txt HTTP/1.1" 200 - "-" "Mozilla/5.0 (compatible; MJ12bot/v1.4.8; http://mj12bot.com/)"
185.194.216.151 - - [24/Apr/2022:06:32:10 +0200] "GET /Apotheke/POS?action=edit HTTP/1.1" 403 18 "-" "Mozilla/5.0 (compatible; MJ12bot/v1.4.8; http://mj12bot.com/)"
89.246.241.14 - - [24/Apr/2022:06:32:16 +0200] "GET /uploads/Main/Seite_2.pdf HTTP/1.1" 200 1081044 "-" "Mozilla/5.0 (Windows NT 10.0; Win64; x64; rv:84.0) Gecko/20100101 Firefox/84.0"
185.194.216.151 - - [24/Apr/2022:06:32:17 +0200] "GET /Arks/TheGame?action=edit HTTP/1.1" 403 18 "-" "Mozilla/5.0 (compatible; MJ12bot/v1.4.8; http://mj12bot.com/)"
185.194.216.151 - - [24/Apr/2022:06:32:27 +0200] "GET /Ausschreibung/SAI?action=edit HTTP/1.1" 403 18 "-" "Mozilla/5.0 (compatible; MJ12bot/v1.4.8; http://mj12bot.com/)"
194.209.200.2 - - [24/Apr/2022:06:33:07 +0200] "GET /Software/ODDB HTTP/1.1" 200 10298 "-" "Mozilla/5.0 (compatible; TMMBot/0.2; +http://www.dslab.ch)/Nutch-1.15"
5.188.62.140 - - [24/Apr/2022:06:33:07 +0200] "GET / HTTP/1.1" 200 11443 "-" "Mozilla/5.0 (Windows NT 6.0) AppleWebKit/537.36 (KHTML, like Gecko) Chrome/41.0.2227.1 Safari/537.36"
185.194.216.151 - - [24/Apr/2022:06:33:26 +0200] "GET /Bundesrat/Ebook?action=edit HTTP/1.1" 403 18 "-" "Mozilla/5.0 (compatible; MJ12bot/v1.4.8; http://mj12bot.com/)"
89.246.241.14 - - [24/Apr/2022:06:33:46 +0200] "GET /Main/2007?action=upload HTTP/1.1" 200 8737 "-" "Mozilla/5.0 (Windows NT 10.0; Win64; x64; rv:84.0) Gecko/20100101 Firefox/84.0"
194.209.200.2 - - [24/Apr/2022:06:33:53 +0200] "GET /Ausschreibung/SAI HTTP/1.1" 200 10366 "-" "Mozilla/5.0 (compatible; TMMBot/0.2; +http://www.dslab.ch)/Nutch-1.15"
194.209.200.2 - - [24/Apr/2022:06:35:12 +0200] "GET /Main/2016 HTTP/1.1" 200 13689 "-" "Mozilla/5.0 (compatible; TMMBot/0.2; +http://www.dslab.ch)/Nutch-1.15"
194.209.200.2 - - [24/Apr/2022:06:35:20 +0200] "GET /Main/2014 HTTP/1.1" 200 19471 "-" "Mozilla/5.0 (compatible; TMMBot/0.2; +http://www.dslab.ch)/Nutch-1.15"
194.209.200.2 - - [24/Apr/2022:06:35:28 +0200] "GET /Main/2012 HTTP/1.1" 200 31941 "-" "Mozilla/5.0 (compatible; TMMBot/0.2; +http://www.dslab.ch)/Nutch-1.15"
194.209.200.2 - - [24/Apr/2022:06:35:36 +0200] "GET /ODDB/IntegrationLookAmpFeelGenerikasuche HTTP/1.1" 200 9097 "-" "Mozilla/5.0 (compatible; TMMBot/0.2; +http://www.dslab.ch)/Nutch-1.15"
194.209.200.2 - - [24/Apr/2022:06:35:39 +0200] "GET /Main/2010 HTTP/1.1" 200 27997 "-" "Mozilla/5.0 (compatible; TMMBot/0.2; +http://www.dslab.ch)/Nutch-1.15"
194.209.200.2 - - [24/Apr/2022:06:35:46 +0200] "GET /Main/ComCo19122016 HTTP/1.1" 200 10547 "-" "Mozilla/5.0 (compatible; TMMBot/0.2; +http://www.dslab.ch)/Nutch-1.15"
194.209.200.2 - - [24/Apr/2022:06:35:47 +0200] "GET /Eggze/SpreadIt HTTP/1.1" 200 12537 "-" "Mozilla/5.0 (compatible; TMMBot/0.2; +http://www.dslab.ch)/Nutch-1.15"
185.194.216.151 - - [24/Apr/2022:06:38:24 +0200] "GET /Emediat/Swissindex?action=edit HTTP/1.1" 403 18 "-" "Mozilla/5.0 (compatible; MJ12bot/v1.4.8; http://mj12bot.com/)"
185.194.216.151 - - [24/Apr/2022:06:39:06 +0200] "GET /InfoCodex/Abstracts?action=edit HTTP/1.1" 403 18 "-" "Mozilla/5.0 (compatible; MJ12bot/v1.4.8; http://mj12bot.com/)"
185.194.216.151 - - [24/Apr/2022:06:39:18 +0200] "GET /InfoCodex/Dokumentenfamilien?action=edit HTTP/1.1" 403 18 "-" "Mozilla/5.0 (compatible; MJ12bot/v1.4.8; http://mj12bot.com/)"
185.194.216.151 - - [24/Apr/2022:06:39:21 +0200] "GET /InfoCodex/Index?action=edit HTTP/1.1" 403 18 "-" "Mozilla/5.0 (compatible; MJ12bot/v1.4.8; http://mj12bot.com/)"
185.194.216.151 - - [24/Apr/2022:06:39:24 +0200] "GET /InfoCodex/InfoCodex?action=edit HTTP/1.1" 403 18 "-" "Mozilla/5.0 (compatible; MJ12bot/v1.4.8; http://mj12bot.com/)"
185.194.216.151 - - [24/Apr/2022:06:39:34 +0200] "GET /InfoCodex/Vergleichsanalyse?action=edit HTTP/1.1" 403 18 "-" "Mozilla/5.0 (compatible; MJ12bot/v1.4.8; http://mj12bot.com/)"
185.191.171.22 - - [24/Apr/2022:06:39:47 +0200] "GET /robots.txt HTTP/1.1" 200 - "-" "Mozilla/5.0 (compatible; SemrushBot/7~bl; +http://www.semrush.com/bot.html)"
185.191.171.24 - - [24/Apr/2022:06:39:48 +0200] "GET /Swissmedic/Packungen?n=Main.SideBar%3Faction%3Dedit HTTP/1.1" 302 157 "-" "Mozilla/5.0 (compatible; SemrushBot/7~bl; +http://www.semrush.com/bot.html)"
185.191.171.26 - - [24/Apr/2022:06:39:50 +0200] "GET /Main/SideBar HTTP/1.1" 200 10903 "-" "Mozilla/5.0 (compatible; SemrushBot/7~bl; +http://www.semrush.com/bot.html)"
185.194.216.151 - - [24/Apr/2022:06:40:50 +0200] "GET /Main/Buchpublikationspflicht?action=edit HTTP/1.1" 403 18 "-" "Mozilla/5.0 (compatible; MJ12bot/v1.4.8; http://mj12bot.com/)"
185.194.216.151 - - [24/Apr/2022:06:41:24 +0200] "GET /Main/Diovan?action=edit HTTP/1.1" 403 18 "-" "Mozilla/5.0 (compatible; MJ12bot/v1.4.8; http://mj12bot.com/)"
185.194.216.151 - - [24/Apr/2022:06:41:34 +0200] "GET /Main/DocumedGalenicaVsYwesee?action=edit HTTP/1.1" 403 18 "-" "Mozilla/5.0 (compatible; MJ12bot/v1.4.8; http://mj12bot.com/)"
185.194.216.151 - - [24/Apr/2022:06:41:40 +0200] "GET /Main/EANCode?action=edit HTTP/1.1" 403 18 "-" "Mozilla/5.0 (compatible; MJ12bot/v1.4.8; http://mj12bot.com/)"
185.194.216.151 - - [24/Apr/2022:06:41:53 +0200] "GET /Main/EPUB?action=edit HTTP/1.1" 403 18 "-" "Mozilla/5.0 (compatible; MJ12bot/v1.4.8; http://mj12bot.com/)"
185.194.216.151 - - [24/Apr/2022:06:42:12 +0200] "GET /Main/Elexis?action=edit HTTP/1.1" 403 18 "-" "Mozilla/5.0 (compatible; MJ12bot/v1.4.8; http://mj12bot.com/)"
185.194.216.151 - - [24/Apr/2022:06:42:22 +0200] "GET /Main/ExtremeProgramming?action=edit HTTP/1.1" 403 18 "-" "Mozilla/5.0 (compatible; MJ12bot/v1.4.8; http://mj12bot.com/)"
185.194.216.151 - - [24/Apr/2022:06:42:38 +0200] "GET /Main/FMH?action=edit HTTP/1.1" 403 18 "-" "Mozilla/5.0 (compatible; MJ12bot/v1.4.8; http://mj12bot.com/)"
185.194.216.151 - - [24/Apr/2022:06:42:53 +0200] "GET /Main/HirslandenProfessional?action=edit HTTP/1.1" 403 18 "-" "Mozilla/5.0 (compatible; MJ12bot/v1.4.8; http://mj12bot.com/)"
185.191.171.19 - - [24/Apr/2022:06:44:57 +0200] "GET /Main/EPUB?action=print HTTP/1.1" 403 18 "-" "Mozilla/5.0 (compatible; SemrushBot/7~bl; +http://www.semrush.com/bot.html)"
66.249.70.59 - - [24/Apr/2022:06:51:52 +0200] "GET /AmiKo/Index HTTP/1.1" 200 9511 "-" "Mozilla/5.0 (compatible; Googlebot/2.1; +http://www.google.com/bot.html)"
119.28.59.35 - - [24/Apr/2022:06:54:53 +0200] "GET /xmlrpc.php HTTP/1.1" 404 273 "-" "Mozilla/5.0 (Windows NT 6.1; WOW64; rv:45.0) Gecko/20100101 Firefox/45.0"
199.58.86.206 - - [24/Apr/2022:07:00:42 +0200] "GET /robots.txt HTTP/1.1" 200 - "-" "Mozilla/5.0 (compatible; MJ12bot/v1.4.8; http://mj12bot.com/)"
199.58.86.206 - - [24/Apr/2022:07:00:44 +0200] "GET / HTTP/1.1" 200 11443 "-" "Mozilla/5.0 (compatible; MJ12bot/v1.4.8; http://mj12bot.com/)"
185.191.171.8 - - [24/Apr/2022:07:06:38 +0200] "GET /Swissmedic/PraeparatelisteMitWS?action=diff HTTP/1.1" 403 18 "-" "Mozilla/5.0 (compatible; SemrushBot/7~bl; +http://www.semrush.com/bot.html)"
194.209.200.2 - - [24/Apr/2022:07:09:48 +0200] "GET /robots.txt HTTP/1.1" 200 - "-" "Mozilla/5.0 (compatible; TMMBot/0.2; +http://www.dslab.ch)/Nutch-1.15"
194.209.200.2 - - [24/Apr/2022:07:09:48 +0200] "GET /Oddb2xml/Index HTTP/1.1" 200 8983 "-" "Mozilla/5.0 (compatible; TMMBot/0.2; +http://www.dslab.ch)/Nutch-1.15"
194.209.200.2 - - [24/Apr/2022:07:10:05 +0200] "GET /AmiKo/Linux HTTP/1.1" 200 9217 "-" "Mozilla/5.0 (compatible; TMMBot/0.2; +http://www.dslab.ch)/Nutch-1.15"
194.209.200.2 - - [24/Apr/2022:07:12:26 +0200] "GET /Main/2013 HTTP/1.1" 200 20487 "-" "Mozilla/5.0 (compatible; TMMBot/0.2; +http://www.dslab.ch)/Nutch-1.15"
194.209.200.2 - - [24/Apr/2022:07:12:34 +0200] "GET /Main/2011 HTTP/1.1" 200 21451 "-" "Mozilla/5.0 (compatible; TMMBot/0.2; +http://www.dslab.ch)/Nutch-1.15"
194.209.200.2 - - [24/Apr/2022:07:12:41 +0200] "GET /Ywesee/Kontakt HTTP/1.1" 200 8973 "-" "Mozilla/5.0 (compatible; TMMBot/0.2; +http://www.dslab.ch)/Nutch-1.15"
194.209.200.2 - - [24/Apr/2022:07:12:49 +0200] "GET /Software/Spreadsheet HTTP/1.1" 200 8839 "-" "Mozilla/5.0 (compatible; TMMBot/0.2; +http://www.dslab.ch)/Nutch-1.15"
194.209.200.2 - - [24/Apr/2022:07:14:54 +0200] "GET /Ausschreibung/SAI HTTP/1.1" 200 10366 "-" "Mozilla/5.0 (compatible; TMMBot/0.2; +http://www.dslab.ch)/Nutch-1.15"
194.209.200.2 - - [24/Apr/2022:07:15:49 +0200] "GET /Main/2018 HTTP/1.1" 200 15425 "-" "Mozilla/5.0 (compatible; TMMBot/0.2; +http://www.dslab.ch)/Nutch-1.15"
194.209.200.2 - - [24/Apr/2022:07:15:57 +0200] "GET /Main/2016 HTTP/1.1" 200 13689 "-" "Mozilla/5.0 (compatible; TMMBot/0.2; +http://www.dslab.ch)/Nutch-1.15"
194.209.200.2 - - [24/Apr/2022:07:16:04 +0200] "GET /Main/2014 HTTP/1.1" 200 19471 "-" "Mozilla/5.0 (compatible; TMMBot/0.2; +http://www.dslab.ch)/Nutch-1.15"
194.209.200.2 - - [24/Apr/2022:07:16:12 +0200] "GET /Main/2012 HTTP/1.1" 200 31941 "-" "Mozilla/5.0 (compatible; TMMBot/0.2; +http://www.dslab.ch)/Nutch-1.15"
194.209.200.2 - - [24/Apr/2022:07:16:20 +0200] "GET /ODDB/IntegrationLookAmpFeelGenerikasuche HTTP/1.1" 200 9097 "-" "Mozilla/5.0 (compatible; TMMBot/0.2; +http://www.dslab.ch)/Nutch-1.15"
194.209.200.2 - - [24/Apr/2022:07:16:23 +0200] "GET /Main/2010 HTTP/1.1" 200 27997 "-" "Mozilla/5.0 (compatible; TMMBot/0.2; +http://www.dslab.ch)/Nutch-1.15"
194.209.200.2 - - [24/Apr/2022:07:16:28 +0200] "GET /Main/ComCo19122016 HTTP/1.1" 200 10547 "-" "Mozilla/5.0 (compatible; TMMBot/0.2; +http://www.dslab.ch)/Nutch-1.15"
194.209.200.2 - - [24/Apr/2022:07:16:30 +0200] "GET /Eggze/SpreadIt HTTP/1.1" 200 12537 "-" "Mozilla/5.0 (compatible; TMMBot/0.2; +http://www.dslab.ch)/Nutch-1.15"
54.84.192.51 - - [24/Apr/2022:07:22:47 +0200] "GET /keybase.txt HTTP/1.1" 200 2659 "-" "keybase-proofs/2.3.24"
188.34.157.144 - - [24/Apr/2022:07:24:04 +0200] "GET / HTTP/1.1" 200 11443 "-" "page-preview-tool Mozilla/5.0 (Windows NT 10.0; Win64; x64) AppleWebKit/537.36 (KHTML, like Gecko) Chrome/80.0.3987.132 Safari/537.36"
3.84.205.65 - - [24/Apr/2022:07:47:27 +0200] "GET /Site/AllRecentChanges?action=rss HTTP/1.1" 200 2546 "https://www.google.com/" "Mozilla/5.0 (X11; Ubuntu; Linux x86_64; rv:73.0) Gecko/20100101 Firefox/73.0"
194.209.200.2 - - [24/Apr/2022:07:49:35 +0200] "GET /robots.txt HTTP/1.1" 200 - "-" "Mozilla/5.0 (compatible; TMMBot/0.2; +http://www.dslab.ch)/Nutch-1.15"
194.209.200.2 - - [24/Apr/2022:07:49:35 +0200] "GET /Oddb2xml/Index HTTP/1.1" 200 8983 "-" "Mozilla/5.0 (compatible; TMMBot/0.2; +http://www.dslab.ch)/Nutch-1.15"
194.209.200.2 - - [24/Apr/2022:07:49:53 +0200] "GET /AmiKo/Linux HTTP/1.1" 200 9217 "-" "Mozilla/5.0 (compatible; TMMBot/0.2; +http://www.dslab.ch)/Nutch-1.15"
118.184.177.69 - - [24/Apr/2022:07:49:53 +0200] "GET / HTTP/1.1" 200 11443 "-" "Sogou web spider/4.0(+http://www.sogou.com/docs/help/webmasters.htm#07)"
194.209.200.2 - - [24/Apr/2022:07:50:23 +0200] "GET /Software/YDIM HTTP/1.1" 200 8834 "-" "Mozilla/5.0 (compatible; TMMBot/0.2; +http://www.dslab.ch)/Nutch-1.15"
194.209.200.2 - - [24/Apr/2022:07:52:22 +0200] "GET /Main/2013 HTTP/1.1" 200 20487 "-" "Mozilla/5.0 (compatible; TMMBot/0.2; +http://www.dslab.ch)/Nutch-1.15"
194.209.200.2 - - [24/Apr/2022:07:52:30 +0200] "GET /AmiKo/IOS HTTP/1.1" 200 11930 "-" "Mozilla/5.0 (compatible; TMMBot/0.2; +http://www.dslab.ch)/Nutch-1.15"
194.209.200.2 - - [24/Apr/2022:07:52:36 +0200] "GET /Ywesee/Kontakt HTTP/1.1" 200 8973 "-" "Mozilla/5.0 (compatible; TMMBot/0.2; +http://www.dslab.ch)/Nutch-1.15"
194.209.200.2 - - [24/Apr/2022:07:54:35 +0200] "GET /Software/ODDB HTTP/1.1" 200 10298 "-" "Mozilla/5.0 (compatible; TMMBot/0.2; +http://www.dslab.ch)/Nutch-1.15"
194.209.200.2 - - [24/Apr/2022:07:55:03 +0200] "GET /Ausschreibung/SAI HTTP/1.1" 200 10366 "-" "Mozilla/5.0 (compatible; TMMBot/0.2; +http://www.dslab.ch)/Nutch-1.15"
185.191.171.3 - - [24/Apr/2022:07:55:16 +0200] "GET /robots.txt HTTP/1.1" 200 - "-" "Mozilla/5.0 (compatible; SemrushBot/7~bl; +http://www.semrush.com/bot.html)"
185.191.171.12 - - [24/Apr/2022:07:55:16 +0200] "GET /Main/2012?action=upload HTTP/1.1" 403 18 "-" "Mozilla/5.0 (compatible; SemrushBot/7~bl; +http://www.semrush.com/bot.html)"
194.209.200.2 - - [24/Apr/2022:07:56:00 +0200] "GET /Main/2018 HTTP/1.1" 200 15425 "-" "Mozilla/5.0 (compatible; TMMBot/0.2; +http://www.dslab.ch)/Nutch-1.15"
194.209.200.2 - - [24/Apr/2022:07:56:07 +0200] "GET /Main/2016 HTTP/1.1" 200 13689 "-" "Mozilla/5.0 (compatible; TMMBot/0.2; +http://www.dslab.ch)/Nutch-1.15"
194.209.200.2 - - [24/Apr/2022:07:56:15 +0200] "GET /Main/2014 HTTP/1.1" 200 19471 "-" "Mozilla/5.0 (compatible; TMMBot/0.2; +http://www.dslab.ch)/Nutch-1.15"
194.209.200.2 - - [24/Apr/2022:07:56:29 +0200] "GET /ODDB/IntegrationLookAmpFeelGenerikasuche HTTP/1.1" 200 9097 "-" "Mozilla/5.0 (compatible; TMMBot/0.2; +http://www.dslab.ch)/Nutch-1.15"
194.209.200.2 - - [24/Apr/2022:07:56:30 +0200] "GET /Main/2010 HTTP/1.1" 200 27997 "-" "Mozilla/5.0 (compatible; TMMBot/0.2; +http://www.dslab.ch)/Nutch-1.15"
194.209.200.2 - - [24/Apr/2022:07:56:37 +0200] "GET /Main/ComCo19122016 HTTP/1.1" 200 10547 "-" "Mozilla/5.0 (compatible; TMMBot/0.2; +http://www.dslab.ch)/Nutch-1.15"
194.209.200.2 - - [24/Apr/2022:07:56:39 +0200] "GET /Eggze/SpreadIt HTTP/1.1" 200 12537 "-" "Mozilla/5.0 (compatible; TMMBot/0.2; +http://www.dslab.ch)/Nutch-1.15"
89.246.241.14 - - [24/Apr/2022:08:07:32 +0200] "GET /MEDIupdateXML/Aerzte?action=print HTTP/1.1" 200 3025 "-" "Mozilla/5.0 (Windows NT 10.0; Win64; x64; rv:84.0) Gecko/20100101 Firefox/84.0"
54.36.149.23 - - [24/Apr/2022:08:16:15 +0200] "GET / HTTP/1.1" 200 11443 "-" "Mozilla/5.0 (compatible; AhrefsBot/7.0; +http://ahrefs.com/robot/)"
68.183.152.7 - - [24/Apr/2022:08:18:05 +0200] "GET /vendor/phpunit/phpunit/src/Util/PHP/eval-stdin.php HTTP/1.1" 404 313 "-" "Mozilla/5.0 (X11; Ubuntu; 2197 ;Linux i686; rv:28.0) Gecko/20100101 Firefox/28.0"
68.183.152.7 - - [24/Apr/2022:08:18:06 +0200] "GET /vendor/phpunit/phpunit/src/Util/PHP/evil.php HTTP/1.1" 404 307 "-" "Mozilla/5.0 (X11; Ubuntu; 2197 ;Linux i686; rv:28.0) Gecko/20100101 Firefox/28.0"
68.183.152.7 - - [24/Apr/2022:08:18:06 +0200] "GET /app/vendor/phpunit/phpunit/src/Util/PHP/eval-stdin.php HTTP/1.1" 404 317 "-" "Mozilla/5.0 (X11; Ubuntu; 2197 ;Linux i686; rv:28.0) Gecko/20100101 Firefox/28.0"
68.183.152.7 - - [24/Apr/2022:08:18:07 +0200] "GET /app/vendor/phpunit/phpunit/src/Util/PHP/evil.php HTTP/1.1" 404 311 "-" "Mozilla/5.0 (X11; Ubuntu; 2197 ;Linux i686; rv:28.0) Gecko/20100101 Firefox/28.0"
68.183.152.7 - - [24/Apr/2022:08:18:07 +0200] "GET /.env HTTP/1.1" 404 267 "-" "Mozilla/5.0 (X11; Ubuntu; 2197 ;Linux i686; rv:28.0) Gecko/20100101 Firefox/28.0"
95.217.226.248 - - [24/Apr/2022:08:27:07 +0200] "GET /robots.txt HTTP/1.1" 200 - "-" "Mozilla/5.0 (compatible; MJ12bot/v1.4.8; http://mj12bot.com/)"
95.217.226.248 - - [24/Apr/2022:08:27:11 +0200] "GET /Main/2019?action=edit HTTP/1.1" 403 18 "-" "Mozilla/5.0 (compatible; MJ12bot/v1.4.8; http://mj12bot.com/)"
95.217.226.248 - - [24/Apr/2022:08:27:14 +0200] "GET /Main/2020?action=edit HTTP/1.1" 403 18 "-" "Mozilla/5.0 (compatible; MJ12bot/v1.4.8; http://mj12bot.com/)"
95.217.226.248 - - [24/Apr/2022:08:27:16 +0200] "GET /Main/2021?action=edit HTTP/1.1" 403 18 "-" "Mozilla/5.0 (compatible; MJ12bot/v1.4.8; http://mj12bot.com/)"
95.217.226.248 - - [24/Apr/2022:08:27:22 +0200] "GET /Main/AIPS-XML?action=edit HTTP/1.1" 403 18 "-" "Mozilla/5.0 (compatible; MJ12bot/v1.4.8; http://mj12bot.com/)"
95.217.226.248 - - [24/Apr/2022:08:27:28 +0200] "GET /Main/WekoBlog?action=edit HTTP/1.1" 403 18 "-" "Mozilla/5.0 (compatible; MJ12bot/v1.4.8; http://mj12bot.com/)"
95.217.226.248 - - [24/Apr/2022:08:27:36 +0200] "GET /Software/ODBA?action=edit HTTP/1.1" 403 18 "-" "Mozilla/5.0 (compatible; MJ12bot/v1.4.8; http://mj12bot.com/)"
95.217.226.248 - - [24/Apr/2022:08:27:46 +0200] "GET /Software/ODDB?action=edit HTTP/1.1" 403 18 "-" "Mozilla/5.0 (compatible; MJ12bot/v1.4.8; http://mj12bot.com/)"
95.217.226.248 - - [24/Apr/2022:08:28:05 +0200] "GET /Software/SoftwareRaid?action=edit HTTP/1.1" 403 18 "-" "Mozilla/5.0 (compatible; MJ12bot/v1.4.8; http://mj12bot.com/)"
95.217.226.248 - - [24/Apr/2022:08:28:09 +0200] "GET /Software/Spreadsheet?action=edit HTTP/1.1" 403 18 "-" "Mozilla/5.0 (compatible; MJ12bot/v1.4.8; http://mj12bot.com/)"
95.217.226.248 - - [24/Apr/2022:08:28:19 +0200] "GET /Software/XMLBAG?action=edit HTTP/1.1" 403 18 "-" "Mozilla/5.0 (compatible; MJ12bot/v1.4.8; http://mj12bot.com/)"
95.217.226.248 - - [24/Apr/2022:08:28:23 +0200] "GET /Software/XMLConv?action=edit HTTP/1.1" 403 18 "-" "Mozilla/5.0 (compatible; MJ12bot/v1.4.8; http://mj12bot.com/)"
95.217.226.248 - - [24/Apr/2022:08:31:00 +0200] "GET /Software/YDIM?action=edit HTTP/1.1" 403 18 "-" "Mozilla/5.0 (compatible; MJ12bot/v1.4.8; http://mj12bot.com/)"
95.217.226.248 - - [24/Apr/2022:08:31:03 +0200] "GET /Software/YDPM?action=edit HTTP/1.1" 403 18 "-" "Mozilla/5.0 (compatible; MJ12bot/v1.4.8; http://mj12bot.com/)"
95.217.226.248 - - [24/Apr/2022:08:31:10 +0200] "GET /SpitalSchweiz/AnzahlBettenstationaer2012?action=edit HTTP/1.1" 403 18 "-" "Mozilla/5.0 (compatible; MJ12bot/v1.4.8; http://mj12bot.com/)"
95.217.226.248 - - [24/Apr/2022:08:31:16 +0200] "GET /SpitalSchweiz/AnzahlOperationssaele2012?action=edit HTTP/1.1" 403 18 "-" "Mozilla/5.0 (compatible; MJ12bot/v1.4.8; http://mj12bot.com/)"
95.217.226.248 - - [24/Apr/2022:08:31:23 +0200] "GET /SpitalSchweiz/Index?action=edit HTTP/1.1" 403 18 "-" "Mozilla/5.0 (compatible; MJ12bot/v1.4.8; http://mj12bot.com/)"
95.217.226.248 - - [24/Apr/2022:08:31:39 +0200] "GET /Swissmedic/AIPS?action=edit HTTP/1.1" 403 18 "-" "Mozilla/5.0 (compatible; MJ12bot/v1.4.8; http://mj12bot.com/)"
95.217.226.248 - - [24/Apr/2022:08:31:40 +0200] "GET /Swissmedic/Packungen?action=edit HTTP/1.1" 403 18 "-" "Mozilla/5.0 (compatible; MJ12bot/v1.4.8; http://mj12bot.com/)"
95.217.226.248 - - [24/Apr/2022:08:31:48 +0200] "GET /Swissmedic/PraeparatelisteMitWS?action=edit HTTP/1.1" 403 18 "-" "Mozilla/5.0 (compatible; MJ12bot/v1.4.8; http://mj12bot.com/)"
95.217.226.248 - - [24/Apr/2022:08:31:54 +0200] "GET /Swissmedic/Vertriebsunterbruch?action=edit HTTP/1.1" 403 18 "-" "Mozilla/5.0 (compatible; MJ12bot/v1.4.8; http://mj12bot.com/)"
95.217.226.248 - - [24/Apr/2022:08:32:02 +0200] "GET /Wiget/PhMPrescriber?action=edit HTTP/1.1" 403 18 "-" "Mozilla/5.0 (compatible; MJ12bot/v1.4.8; http://mj12bot.com/)"
95.217.226.248 - - [24/Apr/2022:08:32:11 +0200] "GET /Ywesee/About?action=edit HTTP/1.1" 403 18 "-" "Mozilla/5.0 (compatible; MJ12bot/v1.4.8; http://mj12bot.com/)"
95.217.226.248 - - [24/Apr/2022:08:32:15 +0200] "GET /Ywesee/Bewerbung?action=edit HTTP/1.1" 403 18 "-" "Mozilla/5.0 (compatible; MJ12bot/v1.4.8; http://mj12bot.com/)"
95.217.226.248 - - [24/Apr/2022:08:33:11 +0200] "GET /Ywesee/Events?action=edit HTTP/1.1" 403 18 "-" "Mozilla/5.0 (compatible; MJ12bot/v1.4.8; http://mj12bot.com/)"
95.217.226.248 - - [24/Apr/2022:08:34:44 +0200] "GET /Ywesee/IGM11?action=edit HTTP/1.1" 403 18 "-" "Mozilla/5.0 (compatible; MJ12bot/v1.4.8; http://mj12bot.com/)"
95.217.226.248 - - [24/Apr/2022:08:35:29 +0200] "GET /Ywesee/InfoCodex?action=edit HTTP/1.1" 403 18 "-" "Mozilla/5.0 (compatible; MJ12bot/v1.4.8; http://mj12bot.com/)"
95.217.226.248 - - [24/Apr/2022:08:36:15 +0200] "GET /Ywesee/InfoCodexProcedure?action=edit HTTP/1.1" 403 18 "-" "Mozilla/5.0 (compatible; MJ12bot/v1.4.8; http://mj12bot.com/)"
95.217.226.248 - - [24/Apr/2022:08:36:18 +0200] "GET /Ywesee/InfoCodexProximity?action=edit HTTP/1.1" 403 18 "-" "Mozilla/5.0 (compatible; MJ12bot/v1.4.8; http://mj12bot.com/)"
95.217.226.248 - - [24/Apr/2022:08:37:05 +0200] "GET /Ywesee/InfoCodexVorgehen?action=edit HTTP/1.1" 403 18 "-" "Mozilla/5.0 (compatible; MJ12bot/v1.4.8; http://mj12bot.com/)"
95.217.226.248 - - [24/Apr/2022:08:38:36 +0200] "GET /Ywesee/KindleOniPhone?action=edit HTTP/1.1" 403 18 "-" "Mozilla/5.0 (compatible; MJ12bot/v1.4.8; http://mj12bot.com/)"
95.217.226.248 - - [24/Apr/2022:08:38:40 +0200] "GET /Ywesee/Kontakt?action=edit HTTP/1.1" 403 18 "-" "Mozilla/5.0 (compatible; MJ12bot/v1.4.8; http://mj12bot.com/)"
95.217.226.248 - - [24/Apr/2022:08:38:44 +0200] "GET /Ywesee/OpenSource?action=edit HTTP/1.1" 403 18 "-" "Mozilla/5.0 (compatible; MJ12bot/v1.4.8; http://mj12bot.com/)"
95.217.226.248 - - [24/Apr/2022:08:38:47 +0200] "GET /Ywesee/Software?action=edit HTTP/1.1" 403 18 "-" "Mozilla/5.0 (compatible; MJ12bot/v1.4.8; http://mj12bot.com/)"
95.217.226.248 - - [24/Apr/2022:08:39:32 +0200] "GET /Ywesee/SpezialisierteKrankenkasse?action=edit HTTP/1.1" 403 18 "-" "Mozilla/5.0 (compatible; MJ12bot/v1.4.8; http://mj12bot.com/)"
95.217.226.248 - - [24/Apr/2022:08:39:36 +0200] "GET /Ywesee/Stanza?action=edit HTTP/1.1" 403 18 "-" "Mozilla/5.0 (compatible; MJ12bot/v1.4.8; http://mj12bot.com/)"
194.209.200.2 - - [24/Apr/2022:08:40:19 +0200] "GET /robots.txt HTTP/1.1" 200 - "-" "Mozilla/5.0 (compatible; TMMBot/0.2; +http://www.dslab.ch)/Nutch-1.15"
194.209.200.2 - - [24/Apr/2022:08:40:19 +0200] "GET /Oddb2xml/Index HTTP/1.1" 200 8983 "-" "Mozilla/5.0 (compatible; TMMBot/0.2; +http://www.dslab.ch)/Nutch-1.15"
95.217.226.248 - - [24/Apr/2022:08:40:21 +0200] "GET /Ywesee/Team?action=edit HTTP/1.1" 403 18 "-" "Mozilla/5.0 (compatible; MJ12bot/v1.4.8; http://mj12bot.com/)"
194.209.200.2 - - [24/Apr/2022:08:40:40 +0200] "GET /AmiKo/Linux HTTP/1.1" 200 9217 "-" "Mozilla/5.0 (compatible; TMMBot/0.2; +http://www.dslab.ch)/Nutch-1.15"
194.209.200.2 - - [24/Apr/2022:08:40:52 +0200] "GET /AmiKo/Windows HTTP/1.1" 200 10332 "-" "Mozilla/5.0 (compatible; TMMBot/0.2; +http://www.dslab.ch)/Nutch-1.15"
194.209.200.2 - - [24/Apr/2022:08:41:13 +0200] "GET /Software/YDIM HTTP/1.1" 200 8834 "-" "Mozilla/5.0 (compatible; TMMBot/0.2; +http://www.dslab.ch)/Nutch-1.15"
185.191.171.1 - - [24/Apr/2022:08:41:53 +0200] "GET /Main/FAZ?n=Main.SideBar%3Faction%3Dedit HTTP/1.1" 302 157 "-" "Mozilla/5.0 (compatible; SemrushBot/7~bl; +http://www.semrush.com/bot.html)"
95.217.226.248 - - [24/Apr/2022:08:42:31 +0200] "GET /Ywesee/XMLFachinfoValidierung?action=edit HTTP/1.1" 403 18 "-" "Mozilla/5.0 (compatible; MJ12bot/v1.4.8; http://mj12bot.com/)"
194.209.200.2 - - [24/Apr/2022:08:43:13 +0200] "GET /Main/2013 HTTP/1.1" 200 20487 "-" "Mozilla/5.0 (compatible; TMMBot/0.2; +http://www.dslab.ch)/Nutch-1.15"
194.209.200.2 - - [24/Apr/2022:08:43:22 +0200] "GET /AmiKo/IOS HTTP/1.1" 200 11930 "-" "Mozilla/5.0 (compatible; TMMBot/0.2; +http://www.dslab.ch)/Nutch-1.15"
194.209.200.2 - - [24/Apr/2022:08:43:29 +0200] "GET /Ywesee/Kontakt HTTP/1.1" 200 8973 "-" "Mozilla/5.0 (compatible; TMMBot/0.2; +http://www.dslab.ch)/Nutch-1.15"
194.209.200.2 - - [24/Apr/2022:08:45:22 +0200] "GET /Software/ODDB HTTP/1.1" 200 10298 "-" "Mozilla/5.0 (compatible; TMMBot/0.2; +http://www.dslab.ch)/Nutch-1.15"
194.209.200.2 - - [24/Apr/2022:08:45:50 +0200] "GET /Ausschreibung/SAI HTTP/1.1" 200 10366 "-" "Mozilla/5.0 (compatible; TMMBot/0.2; +http://www.dslab.ch)/Nutch-1.15"
194.209.200.2 - - [24/Apr/2022:08:46:43 +0200] "GET /Software/BBMB HTTP/1.1" 200 9385 "-" "Mozilla/5.0 (compatible; TMMBot/0.2; +http://www.dslab.ch)/Nutch-1.15"
194.209.200.2 - - [24/Apr/2022:08:46:53 +0200] "GET /Main/2016 HTTP/1.1" 200 13689 "-" "Mozilla/5.0 (compatible; TMMBot/0.2; +http://www.dslab.ch)/Nutch-1.15"
194.209.200.2 - - [24/Apr/2022:08:47:01 +0200] "GET /Main/2014 HTTP/1.1" 200 19471 "-" "Mozilla/5.0 (compatible; TMMBot/0.2; +http://www.dslab.ch)/Nutch-1.15"
194.209.200.2 - - [24/Apr/2022:08:47:15 +0200] "GET /ODDB/IntegrationLookAmpFeelGenerikasuche HTTP/1.1" 200 9097 "-" "Mozilla/5.0 (compatible; TMMBot/0.2; +http://www.dslab.ch)/Nutch-1.15"
194.209.200.2 - - [24/Apr/2022:08:47:17 +0200] "GET /Main/2010 HTTP/1.1" 200 27997 "-" "Mozilla/5.0 (compatible; TMMBot/0.2; +http://www.dslab.ch)/Nutch-1.15"
194.209.200.2 - - [24/Apr/2022:08:47:24 +0200] "GET /Main/ComCo19122016 HTTP/1.1" 200 10547 "-" "Mozilla/5.0 (compatible; TMMBot/0.2; +http://www.dslab.ch)/Nutch-1.15"
194.209.200.2 - - [24/Apr/2022:08:47:25 +0200] "GET /Eggze/SpreadIt HTTP/1.1" 200 12537 "-" "Mozilla/5.0 (compatible; TMMBot/0.2; +http://www.dslab.ch)/Nutch-1.15"
40.77.167.78 - - [24/Apr/2022:08:52:07 +0200] "GET /Miele/History HTTP/1.1" 200 9032 "-" "Mozilla/5.0 (compatible; bingbot/2.0; +http://www.bing.com/bingbot.htm)"
52.25.162.229 - - [24/Apr/2022:08:52:37 +0200] "GET / HTTP/1.1" 200 11443 "-" "Mozilla/5.0 (X11; Linux x86_64) AppleWebKit/537.36 (KHTML, like Gecko) Chrome/83.0.4103.97 Safari/537.36"
194.209.200.2 - - [24/Apr/2022:09:12:10 +0200] "GET /robots.txt HTTP/1.1" 200 - "-" "Mozilla/5.0 (compatible; TMMBot/0.2; +http://www.dslab.ch)/Nutch-1.15"
