92.220.10.100 - - [17/Sep/2022:17:01:59 +0200] "GET /AmiKo/Desktop?action=edit HTTP/1.1" 403 18 "-" "Mozilla/5.0 (compatible; MJ12bot/v1.4.8; http://mj12bot.com/)"
92.220.10.100 - - [17/Sep/2022:17:02:00 +0200] "GET /AmiKo/Desktop?action=edit HTTP/1.1" 403 18 "-" "Mozilla/5.0 (compatible; MJ12bot/v1.4.8; http://mj12bot.com/)"
92.220.10.100 - - [17/Sep/2022:17:02:02 +0200] "GET /AmiKo/Flyer?action=edit HTTP/1.1" 403 18 "-" "Mozilla/5.0 (compatible; MJ12bot/v1.4.8; http://mj12bot.com/)"
92.220.10.100 - - [17/Sep/2022:17:02:05 +0200] "GET /AmiKo/Installation?action=edit HTTP/1.1" 403 18 "-" "Mozilla/5.0 (compatible; MJ12bot/v1.4.8; http://mj12bot.com/)"
92.220.10.100 - - [17/Sep/2022:17:02:06 +0200] "GET /AmiKo/KrankenkassenKartenleser?action=edit HTTP/1.1" 403 18 "-" "Mozilla/5.0 (compatible; MJ12bot/v1.4.8; http://mj12bot.com/)"
92.220.10.100 - - [17/Sep/2022:17:02:09 +0200] "GET /AmiKo/OSXRezeptfunktion?action=edit HTTP/1.1" 403 18 "-" "Mozilla/5.0 (compatible; MJ12bot/v1.4.8; http://mj12bot.com/)"
64.62.202.82 - - [17/Sep/2022:17:02:10 +0200] "GET / HTTP/1.1" 200 12862 "-" "Mozilla/5.0 (compatible; +centuryb.o.t9[at]gmail.com)"
92.220.10.100 - - [17/Sep/2022:17:02:11 +0200] "GET /AmiKo/OSXRezeptfunktion?action=edit HTTP/1.1" 403 18 "-" "Mozilla/5.0 (compatible; MJ12bot/v1.4.8; http://mj12bot.com/)"
64.62.202.82 - - [17/Sep/2022:17:02:11 +0200] "GET / HTTP/1.1" 200 12862 "-" "Mozilla/5.0 (compatible; +centuryb.o.t9[at]gmail.com)"
64.62.202.82 - - [17/Sep/2022:17:02:12 +0200] "GET /ODDB/IndividuelleMediliste HTTP/1.1" 200 9139 "-" "Mozilla/5.0 (compatible; +centuryb.o.t9[at]gmail.com)"
64.62.202.82 - - [17/Sep/2022:17:02:13 +0200] "GET /Miele/MieleLXIV HTTP/1.1" 200 15367 "-" "Mozilla/5.0 (compatible; +centuryb.o.t9[at]gmail.com)"
64.62.202.82 - - [17/Sep/2022:17:02:14 +0200] "GET /AmiKo/Index HTTP/1.1" 200 9511 "-" "Mozilla/5.0 (compatible; +centuryb.o.t9[at]gmail.com)"
92.220.10.100 - - [17/Sep/2022:17:02:14 +0200] "GET /AmiKo/OSXSatzexport?action=edit HTTP/1.1" 403 18 "-" "Mozilla/5.0 (compatible; MJ12bot/v1.4.8; http://mj12bot.com/)"
64.62.202.82 - - [17/Sep/2022:17:02:15 +0200] "GET /AmiKo/Windows HTTP/1.1" 200 10332 "-" "Mozilla/5.0 (compatible; +centuryb.o.t9[at]gmail.com)"
92.220.10.100 - - [17/Sep/2022:17:02:15 +0200] "GET /AmiKo/OSXSatzexport?action=edit HTTP/1.1" 403 18 "-" "Mozilla/5.0 (compatible; MJ12bot/v1.4.8; http://mj12bot.com/)"
64.62.202.82 - - [17/Sep/2022:17:02:16 +0200] "GET /Ywesee/InfoCodex HTTP/1.1" 200 24435 "-" "Mozilla/5.0 (compatible; +centuryb.o.t9[at]gmail.com)"
64.62.202.82 - - [17/Sep/2022:17:02:17 +0200] "GET /Ywesee/Events HTTP/1.1" 200 8918 "-" "Mozilla/5.0 (compatible; +centuryb.o.t9[at]gmail.com)"
64.62.202.82 - - [17/Sep/2022:17:02:18 +0200] "GET /AmiKo/OSX HTTP/1.1" 200 9772 "-" "Mozilla/5.0 (compatible; +centuryb.o.t9[at]gmail.com)"
92.220.10.100 - - [17/Sep/2022:17:02:18 +0200] "GET /AmiKo/Privacy?action=edit HTTP/1.1" 403 18 "-" "Mozilla/5.0 (compatible; MJ12bot/v1.4.8; http://mj12bot.com/)"
64.62.202.82 - - [17/Sep/2022:17:02:19 +0200] "GET /AmiKo/IOS HTTP/1.1" 200 11930 "-" "Mozilla/5.0 (compatible; +centuryb.o.t9[at]gmail.com)"
92.220.10.100 - - [17/Sep/2022:17:02:20 +0200] "GET /AmiKo/Privacy?action=edit HTTP/1.1" 403 18 "-" "Mozilla/5.0 (compatible; MJ12bot/v1.4.8; http://mj12bot.com/)"
64.62.202.82 - - [17/Sep/2022:17:02:20 +0200] "GET /Main/DocumedGalenicaVsYwesee HTTP/1.1" 200 35251 "-" "Mozilla/5.0 (compatible; +centuryb.o.t9[at]gmail.com)"
64.62.202.82 - - [17/Sep/2022:17:02:21 +0200] "GET /Main/Home HTTP/1.1" 200 12862 "-" "Mozilla/5.0 (compatible; +centuryb.o.t9[at]gmail.com)"
92.220.10.100 - - [17/Sep/2022:17:02:21 +0200] "GET /AmiKo/SAPP?action=edit HTTP/1.1" 403 18 "-" "Mozilla/5.0 (compatible; MJ12bot/v1.4.8; http://mj12bot.com/)"
64.62.202.82 - - [17/Sep/2022:17:02:22 +0200] "GET /Main/2021 HTTP/1.1" 200 16484 "-" "Mozilla/5.0 (compatible; +centuryb.o.t9[at]gmail.com)"
64.62.202.82 - - [17/Sep/2022:17:02:23 +0200] "GET /Ywesee/OpenSource HTTP/1.1" 200 10790 "-" "Mozilla/5.0 (compatible; +centuryb.o.t9[at]gmail.com)"
92.220.10.100 - - [17/Sep/2022:17:02:23 +0200] "GET /AmiKo/Swisspeddose?action=edit HTTP/1.1" 403 18 "-" "Mozilla/5.0 (compatible; MJ12bot/v1.4.8; http://mj12bot.com/)"
64.62.202.82 - - [17/Sep/2022:17:02:24 +0200] "GET /Oddb2xml/Index HTTP/1.1" 200 8983 "-" "Mozilla/5.0 (compatible; +centuryb.o.t9[at]gmail.com)"
64.62.202.82 - - [17/Sep/2022:17:02:25 +0200] "GET /CoMed/Android HTTP/1.1" 200 9422 "-" "Mozilla/5.0 (compatible; +centuryb.o.t9[at]gmail.com)"
64.62.202.82 - - [17/Sep/2022:17:02:26 +0200] "GET /Ywesee/About HTTP/1.1" 200 9132 "-" "Mozilla/5.0 (compatible; +centuryb.o.t9[at]gmail.com)"
92.220.10.100 - - [17/Sep/2022:17:02:26 +0200] "GET /Android/AmiKo?action=edit HTTP/1.1" 403 18 "-" "Mozilla/5.0 (compatible; MJ12bot/v1.4.8; http://mj12bot.com/)"
64.62.202.82 - - [17/Sep/2022:17:02:27 +0200] "GET /AmiKo/Flyer HTTP/1.1" 200 8708 "-" "Mozilla/5.0 (compatible; +centuryb.o.t9[at]gmail.com)"
92.220.10.100 - - [17/Sep/2022:17:02:27 +0200] "GET /Android/AmiKo?action=edit HTTP/1.1" 403 18 "-" "Mozilla/5.0 (compatible; MJ12bot/v1.4.8; http://mj12bot.com/)"
64.62.202.82 - - [17/Sep/2022:17:02:28 +0200] "GET /AmiKo/OSXRezeptfunktion HTTP/1.1" 200 13751 "-" "Mozilla/5.0 (compatible; +centuryb.o.t9[at]gmail.com)"
64.62.202.82 - - [17/Sep/2022:17:02:29 +0200] "GET /Software/YDIM HTTP/1.1" 200 8834 "-" "Mozilla/5.0 (compatible; +centuryb.o.t9[at]gmail.com)"
64.62.202.82 - - [17/Sep/2022:17:02:30 +0200] "GET /AmiKo/OSXSatzexport HTTP/1.1" 200 9993 "-" "Mozilla/5.0 (compatible; +centuryb.o.t9[at]gmail.com)"
92.220.10.100 - - [17/Sep/2022:17:02:30 +0200] "GET /Android/CoMed?action=edit HTTP/1.1" 403 18 "-" "Mozilla/5.0 (compatible; MJ12bot/v1.4.8; http://mj12bot.com/)"
64.62.202.82 - - [17/Sep/2022:17:02:31 +0200] "GET /Ausschreibung/SAI HTTP/1.1" 200 10366 "-" "Mozilla/5.0 (compatible; +centuryb.o.t9[at]gmail.com)"
64.62.202.82 - - [17/Sep/2022:17:02:32 +0200] "GET /Software/ODDB HTTP/1.1" 200 10298 "-" "Mozilla/5.0 (compatible; +centuryb.o.t9[at]gmail.com)"
92.220.10.100 - - [17/Sep/2022:17:02:32 +0200] "GET /Android/CoMed?action=edit HTTP/1.1" 403 18 "-" "Mozilla/5.0 (compatible; MJ12bot/v1.4.8; http://mj12bot.com/)"
64.62.202.82 - - [17/Sep/2022:17:02:33 +0200] "GET /Miele/MieleLXIVScreenshots HTTP/1.1" 200 8964 "-" "Mozilla/5.0 (compatible; +centuryb.o.t9[at]gmail.com)"
64.62.202.82 - - [17/Sep/2022:17:02:34 +0200] "GET /AmiKo/Linux HTTP/1.1" 200 9217 "-" "Mozilla/5.0 (compatible; +centuryb.o.t9[at]gmail.com)"
64.62.202.82 - - [17/Sep/2022:17:02:35 +0200] "GET /ODDB/StammdatenCH HTTP/1.1" 200 9300 "-" "Mozilla/5.0 (compatible; +centuryb.o.t9[at]gmail.com)"
92.220.10.100 - - [17/Sep/2022:17:02:35 +0200] "GET /Anlass/06122012?action=edit HTTP/1.1" 403 18 "-" "Mozilla/5.0 (compatible; MJ12bot/v1.4.8; http://mj12bot.com/)"
92.220.10.100 - - [17/Sep/2022:17:02:38 +0200] "GET /Anlass/07092017?action=edit HTTP/1.1" 403 18 "-" "Mozilla/5.0 (compatible; MJ12bot/v1.4.8; http://mj12bot.com/)"
64.62.202.82 - - [17/Sep/2022:17:02:40 +0200] "GET /AmiKo/Barcodes HTTP/1.1" 200 8978 "-" "Mozilla/5.0 (compatible; +centuryb.o.t9[at]gmail.com)"
64.62.202.82 - - [17/Sep/2022:17:02:41 +0200] "GET /Software/XMLConv HTTP/1.1" 200 8709 "-" "Mozilla/5.0 (compatible; +centuryb.o.t9[at]gmail.com)"
64.62.202.82 - - [17/Sep/2022:17:02:42 +0200] "GET /Software/SoftwareRaid HTTP/1.1" 200 12104 "-" "Mozilla/5.0 (compatible; +centuryb.o.t9[at]gmail.com)"
64.62.202.82 - - [17/Sep/2022:17:02:43 +0200] "GET /Generikacc/App HTTP/1.1" 200 11862 "-" "Mozilla/5.0 (compatible; +centuryb.o.t9[at]gmail.com)"
64.62.202.82 - - [17/Sep/2022:17:02:44 +0200] "GET /AmiKo/Cpp2sqlite HTTP/1.1" 200 8506 "-" "Mozilla/5.0 (compatible; +centuryb.o.t9[at]gmail.com)"
64.62.202.82 - - [17/Sep/2022:17:02:45 +0200] "GET /Ywesee/Kontakt HTTP/1.1" 200 8973 "-" "Mozilla/5.0 (compatible; +centuryb.o.t9[at]gmail.com)"
64.62.202.82 - - [17/Sep/2022:17:02:46 +0200] "GET /Miele/Index HTTP/1.1" 200 8591 "-" "Mozilla/5.0 (compatible; +centuryb.o.t9[at]gmail.com)"
64.62.202.82 - - [17/Sep/2022:17:02:47 +0200] "GET /AmiKo/Web HTTP/1.1" 200 9588 "-" "Mozilla/5.0 (compatible; +centuryb.o.t9[at]gmail.com)"
64.62.202.82 - - [17/Sep/2022:17:02:48 +0200] "GET /Software/Spreadsheet HTTP/1.1" 200 8839 "-" "Mozilla/5.0 (compatible; +centuryb.o.t9[at]gmail.com)"
64.62.202.82 - - [17/Sep/2022:17:02:49 +0200] "GET /Main/2019 HTTP/1.1" 200 15246 "-" "Mozilla/5.0 (compatible; +centuryb.o.t9[at]gmail.com)"
64.62.202.82 - - [17/Sep/2022:17:02:50 +0200] "GET /ODDB/IntegrationLookAmpFeelGenerikasuche HTTP/1.1" 200 9097 "-" "Mozilla/5.0 (compatible; +centuryb.o.t9[at]gmail.com)"
64.62.202.82 - - [17/Sep/2022:17:02:51 +0200] "GET /Software/BBMB HTTP/1.1" 200 9385 "-" "Mozilla/5.0 (compatible; +centuryb.o.t9[at]gmail.com)"
64.62.202.82 - - [17/Sep/2022:17:02:52 +0200] "GET /Ywesee/Software HTTP/1.1" 200 9246 "-" "Mozilla/5.0 (compatible; +centuryb.o.t9[at]gmail.com)"
64.62.202.82 - - [17/Sep/2022:17:02:53 +0200] "GET /Ywesee/Team HTTP/1.1" 200 18245 "-" "Mozilla/5.0 (compatible; +centuryb.o.t9[at]gmail.com)"
64.62.202.82 - - [17/Sep/2022:17:02:54 +0200] "GET /AmiKo/Android HTTP/1.1" 200 10427 "-" "Mozilla/5.0 (compatible; +centuryb.o.t9[at]gmail.com)"
64.62.202.82 - - [17/Sep/2022:17:02:55 +0200] "GET /Main/2020?n=Main.SideBar?action=edit HTTP/1.1" 200 9322 "-" "Mozilla/5.0 (compatible; +centuryb.o.t9[at]gmail.com)"
64.62.202.82 - - [17/Sep/2022:17:02:56 +0200] "GET /Eggze/SpreadIt?action=print HTTP/1.1" 200 7071 "-" "Mozilla/5.0 (compatible; +centuryb.o.t9[at]gmail.com)"
64.62.202.82 - - [17/Sep/2022:17:02:57 +0200] "GET /Main/SideBar?action=edit HTTP/1.1" 200 9310 "-" "Mozilla/5.0 (compatible; +centuryb.o.t9[at]gmail.com)"
64.62.202.82 - - [17/Sep/2022:17:02:58 +0200] "GET /Miele/MieleLXIV?action=edit HTTP/1.1" 200 9346 "-" "Mozilla/5.0 (compatible; +centuryb.o.t9[at]gmail.com)"
64.62.202.82 - - [17/Sep/2022:17:03:06 +0200] "GET /Ywesee/About?action=upload HTTP/1.1" 200 8775 "-" "Mozilla/5.0 (compatible; +centuryb.o.t9[at]gmail.com)"
64.62.202.82 - - [17/Sep/2022:17:03:07 +0200] "GET /Site/AllRecentChanges?action=rss HTTP/1.1" 200 2546 "-" "Mozilla/5.0 (compatible; +centuryb.o.t9[at]gmail.com)"
64.62.202.82 - - [17/Sep/2022:17:03:08 +0200] "GET /AmiKo/Flyer?action=edit HTTP/1.1" 200 9296 "-" "Mozilla/5.0 (compatible; +centuryb.o.t9[at]gmail.com)"
64.62.202.82 - - [17/Sep/2022:17:03:09 +0200] "GET /AmiKo/Index?action=print HTTP/1.1" 200 4228 "-" "Mozilla/5.0 (compatible; +centuryb.o.t9[at]gmail.com)"
64.62.202.82 - - [17/Sep/2022:17:03:10 +0200] "GET /Main/2020?action=diff HTTP/1.1" 200 16425 "-" "Mozilla/5.0 (compatible; +centuryb.o.t9[at]gmail.com)"
64.62.202.82 - - [17/Sep/2022:17:03:11 +0200] "GET /AmiKo/Index?action=diff HTTP/1.1" 200 26684 "-" "Mozilla/5.0 (compatible; +centuryb.o.t9[at]gmail.com)"
64.62.202.82 - - [17/Sep/2022:17:03:12 +0200] "GET /Miele/MieleLXIV?action=print HTTP/1.1" 200 9918 "-" "Mozilla/5.0 (compatible; +centuryb.o.t9[at]gmail.com)"
64.62.202.82 - - [17/Sep/2022:17:03:13 +0200] "GET /Eggze/SpreadIt?action=edit HTTP/1.1" 200 9331 "-" "Mozilla/5.0 (compatible; +centuryb.o.t9[at]gmail.com)"
64.62.202.82 - - [17/Sep/2022:17:03:14 +0200] "GET /Eggze/SpreadIt?n=Main.SideBar?action=edit HTTP/1.1" 200 9327 "-" "Mozilla/5.0 (compatible; +centuryb.o.t9[at]gmail.com)"
64.62.202.82 - - [17/Sep/2022:17:03:15 +0200] "GET /AmiKo/Index?action=edit HTTP/1.1" 200 9296 "-" "Mozilla/5.0 (compatible; +centuryb.o.t9[at]gmail.com)"
64.62.202.82 - - [17/Sep/2022:17:03:42 +0200] "GET /Ywesee/About?action=print HTTP/1.1" 200 3699 "-" "Mozilla/5.0 (compatible; +centuryb.o.t9[at]gmail.com)"
64.62.202.82 - - [17/Sep/2022:17:03:43 +0200] "GET /Ywesee/About?n=Main.SideBar?action=edit HTTP/1.1" 200 9325 "-" "Mozilla/5.0 (compatible; +centuryb.o.t9[at]gmail.com)"
64.62.202.82 - - [17/Sep/2022:17:03:44 +0200] "GET /AmiKo/Flyer?action=print HTTP/1.1" 200 3295 "-" "Mozilla/5.0 (compatible; +centuryb.o.t9[at]gmail.com)"
185.191.171.10 - - [17/Sep/2022:17:04:21 +0200] "GET /robots.txt HTTP/1.1" 200 - "-" "Mozilla/5.0 (compatible; SemrushBot/7~bl; +http://www.semrush.com/bot.html)"
185.191.171.16 - - [17/Sep/2022:17:04:22 +0200] "GET /Oddb2xml/Bemerkungen?action=print HTTP/1.1" 403 18 "-" "Mozilla/5.0 (compatible; SemrushBot/7~bl; +http://www.semrush.com/bot.html)"
74.125.212.227 - - [17/Sep/2022:17:05:27 +0200] "HEAD /pmwiki.php/Site/AllRecentChanges?action=rss HTTP/1.1" 200 - "-" "FeedBurner/1.0 (http://www.FeedBurner.com)"
74.125.212.227 - - [17/Sep/2022:17:05:27 +0200] "GET /pmwiki.php/Site/AllRecentChanges?action=rss HTTP/1.1" 200 2546 "-" "FeedBurner/1.0 (http://www.FeedBurner.com)"
89.246.241.14 - - [17/Sep/2022:17:05:41 +0200] "GET /Main/2005?n=Main.SideBar?action=edit HTTP/1.1" 200 9322 "-" "Mozilla/5.0 (Windows NT 10.0; Win64; x64; rv:84.0) Gecko/20100101 Firefox/84.0"
207.46.13.197 - - [17/Sep/2022:17:05:46 +0200] "GET /Main/DocumedGalenicaVsYwesee HTTP/1.1" 200 35251 "-" "Mozilla/5.0 (compatible; bingbot/2.0; +http://www.bing.com/bingbot.htm)"
89.246.241.14 - - [17/Sep/2022:17:08:16 +0200] "GET /Ywesee/ElektronischesPatientendossierSchweiz HTTP/1.1" 200 11065 "-" "Mozilla/5.0 (Windows NT 10.0; Win64; x64; rv:84.0) Gecko/20100101 Firefox/84.0"
51.222.253.6 - - [17/Sep/2022:17:10:51 +0200] "GET / HTTP/1.1" 200 12862 "-" "Mozilla/5.0 (compatible; AhrefsBot/7.0; +http://ahrefs.com/robot/)"
64.71.157.120 - - [17/Sep/2022:17:11:06 +0200] "GET /pmwiki.php/Site/AllRecentChanges?action=rss HTTP/1.1" 200 2546 "-" "Feedbin feed-id:590358 - 1 subscribers"
51.222.253.19 - - [17/Sep/2022:17:11:28 +0200] "GET /AmiKo/KrankenkassenKartenleser HTTP/1.1" 200 9504 "-" "Mozilla/5.0 (compatible; AhrefsBot/7.0; +http://ahrefs.com/robot/)"
185.191.171.5 - - [17/Sep/2022:17:11:36 +0200] "GET /AmiKo/KrankenkassenKartenleser?action=print HTTP/1.1" 403 18 "-" "Mozilla/5.0 (compatible; SemrushBot/7~bl; +http://www.semrush.com/bot.html)"
66.249.76.239 - - [17/Sep/2022:17:13:47 +0200] "GET /EDMA/BezeichnungE HTTP/1.1" 200 8471 "-" "Mozilla/5.0 (Linux; Android 6.0.1; Nexus 5X Build/MMB29P) AppleWebKit/537.36 (KHTML, like Gecko) Chrome/105.0.5195.102 Mobile Safari/537.36 (compatible; Googlebot/2.1; +http://www.google.com/bot.html)"
51.222.253.4 - - [17/Sep/2022:17:15:22 +0200] "GET /AmiKo/Index HTTP/1.1" 200 9511 "-" "Mozilla/5.0 (compatible; AhrefsBot/7.0; +http://ahrefs.com/robot/)"
51.222.253.5 - - [17/Sep/2022:17:15:44 +0200] "GET /Ywesee/Team HTTP/1.1" 200 18245 "-" "Mozilla/5.0 (compatible; AhrefsBot/7.0; +http://ahrefs.com/robot/)"
185.197.160.14 - - [17/Sep/2022:17:18:06 +0200] "GET /.git/config HTTP/1.1" 404 270 "-" "GIEX/0.0"
89.246.241.14 - - [17/Sep/2022:17:18:33 +0200] "GET /Main/2007?action=print HTTP/1.1" 200 45502 "-" "Mozilla/5.0 (Windows NT 10.0; Win64; x64; rv:84.0) Gecko/20100101 Firefox/84.0"
185.191.171.44 - - [17/Sep/2022:17:19:24 +0200] "GET /Oddb2xml/Index?n=Main.SideBar%3Faction%3Dedit HTTP/1.1" 302 157 "-" "Mozilla/5.0 (compatible; SemrushBot/7~bl; +http://www.semrush.com/bot.html)"
185.191.171.8 - - [17/Sep/2022:17:19:26 +0200] "GET /Main/SideBar HTTP/1.1" 200 10903 "-" "Mozilla/5.0 (compatible; SemrushBot/7~bl; +http://www.semrush.com/bot.html)"
66.249.92.5 - - [17/Sep/2022:17:21:02 +0200] "GET /AmiKo/Privacy HTTP/1.1" 200 8621 "-" "PlayStore-Google"
51.222.253.7 - - [17/Sep/2022:17:21:45 +0200] "GET /Main/NZZ HTTP/1.1" 200 8325 "-" "Mozilla/5.0 (compatible; AhrefsBot/7.0; +http://ahrefs.com/robot/)"
89.246.241.14 - - [17/Sep/2022:17:22:05 +0200] "GET /uploads/Main/an_jenny_17.10.2007.pdf HTTP/1.1" 200 154981 "-" "Mozilla/5.0 (Windows NT 10.0; Win64; x64; rv:84.0) Gecko/20100101 Firefox/84.0"
89.246.241.14 - - [17/Sep/2022:17:23:16 +0200] "GET /Main/Elexis HTTP/1.1" 200 10922 "-" "Mozilla/5.0 (Windows NT 10.0; Win64; x64; rv:84.0) Gecko/20100101 Firefox/84.0"
51.222.253.2 - - [17/Sep/2022:17:24:23 +0200] "GET /Ywesee/Stanza HTTP/1.1" 200 8384 "-" "Mozilla/5.0 (compatible; AhrefsBot/7.0; +http://ahrefs.com/robot/)"
51.222.253.17 - - [17/Sep/2022:17:25:02 +0200] "GET /Miele/MieleLXIV HTTP/1.1" 200 15367 "-" "Mozilla/5.0 (compatible; AhrefsBot/7.0; +http://ahrefs.com/robot/)"
65.108.232.38 - - [17/Sep/2022:17:26:02 +0200] "GET /robots.txt HTTP/1.1" 200 - "-" "Mozilla/5.0 (compatible; MJ12bot/v1.4.8; http://mj12bot.com/)"
65.108.232.38 - - [17/Sep/2022:17:26:14 +0200] "GET /Anlass/12012017?action=edit HTTP/1.1" 403 18 "-" "Mozilla/5.0 (compatible; MJ12bot/v1.4.8; http://mj12bot.com/)"
65.108.232.38 - - [17/Sep/2022:17:26:26 +0200] "GET /Apis2xml/Installation?action=edit HTTP/1.1" 403 18 "-" "Mozilla/5.0 (compatible; MJ12bot/v1.4.8; http://mj12bot.com/)"
65.108.232.38 - - [17/Sep/2022:17:26:33 +0200] "GET /Category/PmWikiDeveloper?action=edit HTTP/1.1" 404 18 "-" "Mozilla/5.0 (compatible; MJ12bot/v1.4.8; http://mj12bot.com/)"
89.246.241.14 - - [17/Sep/2022:17:26:35 +0200] "GET /Ywesee/InfoCodexProximity HTTP/1.1" 200 9809 "-" "Mozilla/5.0 (Windows NT 10.0; Win64; x64; rv:84.0) Gecko/20100101 Firefox/84.0"
65.108.232.38 - - [17/Sep/2022:17:26:46 +0200] "GET /Category/WikiFarms?action=edit HTTP/1.1" 404 18 "-" "Mozilla/5.0 (compatible; MJ12bot/v1.4.8; http://mj12bot.com/)"
65.108.232.38 - - [17/Sep/2022:17:26:50 +0200] "GET /robots.txt HTTP/1.1" 200 - "-" "Mozilla/5.0 (compatible; MJ12bot/v1.4.8; http://mj12bot.com/)"
65.108.232.38 - - [17/Sep/2022:17:26:57 +0200] "GET /CoMed/ASPP?action=edit HTTP/1.1" 403 18 "-" "Mozilla/5.0 (compatible; MJ12bot/v1.4.8; http://mj12bot.com/)"
65.108.232.38 - - [17/Sep/2022:17:27:03 +0200] "GET /CoMed/Android?action=edit HTTP/1.1" 403 18 "-" "Mozilla/5.0 (compatible; MJ12bot/v1.4.8; http://mj12bot.com/)"
65.108.232.38 - - [17/Sep/2022:17:27:16 +0200] "GET /CoMed/IOS?action=edit HTTP/1.1" 403 18 "-" "Mozilla/5.0 (compatible; MJ12bot/v1.4.8; http://mj12bot.com/)"
51.222.253.2 - - [17/Sep/2022:17:27:21 +0200] "GET /Main/Elexis HTTP/1.1" 200 10922 "-" "Mozilla/5.0 (compatible; AhrefsBot/7.0; +http://ahrefs.com/robot/)"
194.209.200.2 - - [17/Sep/2022:17:27:22 +0200] "GET /robots.txt HTTP/1.1" 200 - "-" "Mozilla/5.0 (compatible; TMMBot/0.2; +http://www.dslab.ch)/Nutch-1.15"
194.209.200.2 - - [17/Sep/2022:17:27:22 +0200] "GET /AmiKo/Linux HTTP/1.1" 200 9217 "-" "Mozilla/5.0 (compatible; TMMBot/0.2; +http://www.dslab.ch)/Nutch-1.15"
65.108.232.38 - - [17/Sep/2022:17:27:24 +0200] "GET /CoMed/IOS?action=edit HTTP/1.1" 403 18 "-" "Mozilla/5.0 (compatible; MJ12bot/v1.4.8; http://mj12bot.com/)"
194.209.200.2 - - [17/Sep/2022:17:27:26 +0200] "GET /Miele/MieleLXIV HTTP/1.1" 200 15367 "-" "Mozilla/5.0 (compatible; TMMBot/0.2; +http://www.dslab.ch)/Nutch-1.15"
194.209.200.2 - - [17/Sep/2022:17:27:32 +0200] "GET /AmiKo/Windows HTTP/1.1" 200 10332 "-" "Mozilla/5.0 (compatible; TMMBot/0.2; +http://www.dslab.ch)/Nutch-1.15"
65.108.232.38 - - [17/Sep/2022:17:27:40 +0200] "GET /CoMed/Windows?action=edit HTTP/1.1" 403 18 "-" "Mozilla/5.0 (compatible; MJ12bot/v1.4.8; http://mj12bot.com/)"
65.108.232.38 - - [17/Sep/2022:17:27:46 +0200] "GET /CoronaVirus/Links?action=edit HTTP/1.1" 403 18 "-" "Mozilla/5.0 (compatible; MJ12bot/v1.4.8; http://mj12bot.com/)"
65.108.232.38 - - [17/Sep/2022:17:27:52 +0200] "GET /Covid19/Covid19?action=edit HTTP/1.1" 403 18 "-" "Mozilla/5.0 (compatible; MJ12bot/v1.4.8; http://mj12bot.com/)"
65.108.232.38 - - [17/Sep/2022:17:28:09 +0200] "GET /EDMA/BezeichnungE?action=edit HTTP/1.1" 403 18 "-" "Mozilla/5.0 (compatible; MJ12bot/v1.4.8; http://mj12bot.com/)"
51.222.253.20 - - [17/Sep/2022:17:28:19 +0200] "GET /Ywesee/KurzFachinfo HTTP/1.1" 200 8845 "-" "Mozilla/5.0 (compatible; AhrefsBot/7.0; +http://ahrefs.com/robot/)"
89.246.241.14 - - [17/Sep/2022:17:28:20 +0200] "GET /Main/FMH HTTP/1.1" 200 8327 "-" "Mozilla/5.0 (Windows NT 10.0; Win64; x64; rv:84.0) Gecko/20100101 Firefox/84.0"
65.108.232.38 - - [17/Sep/2022:17:28:25 +0200] "GET /EDMA/EDMACode?action=edit HTTP/1.1" 403 18 "-" "Mozilla/5.0 (compatible; MJ12bot/v1.4.8; http://mj12bot.com/)"
65.108.232.38 - - [17/Sep/2022:17:28:37 +0200] "GET /EDMA1/BezeichnungE?action=edit HTTP/1.1" 403 18 "-" "Mozilla/5.0 (compatible; MJ12bot/v1.4.8; http://mj12bot.com/)"
65.108.232.38 - - [17/Sep/2022:17:28:48 +0200] "GET /EDMA1/EDMACode?action=edit HTTP/1.1" 403 18 "-" "Mozilla/5.0 (compatible; MJ12bot/v1.4.8; http://mj12bot.com/)"
65.108.232.38 - - [17/Sep/2022:17:28:55 +0200] "GET /Ebook/Kindle?action=edit HTTP/1.1" 403 18 "-" "Mozilla/5.0 (compatible; MJ12bot/v1.4.8; http://mj12bot.com/)"
65.108.232.38 - - [17/Sep/2022:17:29:02 +0200] "GET /Emediat/Swissindex?action=edit HTTP/1.1" 403 18 "-" "Mozilla/5.0 (compatible; MJ12bot/v1.4.8; http://mj12bot.com/)"
51.222.253.9 - - [17/Sep/2022:17:29:02 +0200] "GET /ODDB/IntegrationLookAmpFeelGenerikasuche HTTP/1.1" 200 9097 "-" "Mozilla/5.0 (compatible; AhrefsBot/7.0; +http://ahrefs.com/robot/)"
194.209.200.2 - - [17/Sep/2022:17:29:04 +0200] "GET /ODDB/IndividuelleMediliste HTTP/1.1" 200 9139 "-" "Mozilla/5.0 (compatible; TMMBot/0.2; +http://www.dslab.ch)/Nutch-1.15"
65.108.232.38 - - [17/Sep/2022:17:29:06 +0200] "GET /Emediat/Swissindex?action=edit HTTP/1.1" 403 18 "-" "Mozilla/5.0 (compatible; MJ12bot/v1.4.8; http://mj12bot.com/)"
65.108.232.38 - - [17/Sep/2022:17:29:13 +0200] "GET /Epha/Index?action=edit HTTP/1.1" 403 18 "-" "Mozilla/5.0 (compatible; MJ12bot/v1.4.8; http://mj12bot.com/)"
65.108.232.38 - - [17/Sep/2022:17:29:19 +0200] "GET /Epha/InteraktionenDownload?action=edit HTTP/1.1" 403 18 "-" "Mozilla/5.0 (compatible; MJ12bot/v1.4.8; http://mj12bot.com/)"
51.222.253.11 - - [17/Sep/2022:17:29:22 +0200] "GET /AmiKo/Linux HTTP/1.1" 200 9217 "-" "Mozilla/5.0 (compatible; AhrefsBot/7.0; +http://ahrefs.com/robot/)"
65.108.232.38 - - [17/Sep/2022:17:29:26 +0200] "GET /Epha/PhilipHansten?action=edit HTTP/1.1" 403 18 "-" "Mozilla/5.0 (compatible; MJ12bot/v1.4.8; http://mj12bot.com/)"
194.209.200.2 - - [17/Sep/2022:17:29:30 +0200] "GET /Main/2017 HTTP/1.1" 200 15840 "-" "Mozilla/5.0 (compatible; TMMBot/0.2; +http://www.dslab.ch)/Nutch-1.15"
65.108.232.38 - - [17/Sep/2022:17:29:34 +0200] "GET /GMDN1/GMDNCode?action=edit HTTP/1.1" 403 18 "-" "Mozilla/5.0 (compatible; MJ12bot/v1.4.8; http://mj12bot.com/)"
194.209.200.2 - - [17/Sep/2022:17:29:38 +0200] "GET /Main/2015 HTTP/1.1" 200 15908 "-" "Mozilla/5.0 (compatible; TMMBot/0.2; +http://www.dslab.ch)/Nutch-1.15"
65.108.232.38 - - [17/Sep/2022:17:29:44 +0200] "GET /Galdat/21Vs30?action=edit HTTP/1.1" 403 18 "-" "Mozilla/5.0 (compatible; MJ12bot/v1.4.8; http://mj12bot.com/)"
194.209.200.2 - - [17/Sep/2022:17:29:46 +0200] "GET /Main/2013 HTTP/1.1" 200 20487 "-" "Mozilla/5.0 (compatible; TMMBot/0.2; +http://www.dslab.ch)/Nutch-1.15"
65.108.232.38 - - [17/Sep/2022:17:29:54 +0200] "GET /Galdat/Galdat?action=edit HTTP/1.1" 403 18 "-" "Mozilla/5.0 (compatible; MJ12bot/v1.4.8; http://mj12bot.com/)"
65.108.232.38 - - [17/Sep/2022:17:29:59 +0200] "GET /InfoCodex/Dokumentenfamilien?action=edit HTTP/1.1" 403 18 "-" "Mozilla/5.0 (compatible; MJ12bot/v1.4.8; http://mj12bot.com/)"
65.108.232.38 - - [17/Sep/2022:17:30:06 +0200] "GET /InfoCodex/InfoCodex?action=edit HTTP/1.1" 403 18 "-" "Mozilla/5.0 (compatible; MJ12bot/v1.4.8; http://mj12bot.com/)"
51.222.253.13 - - [17/Sep/2022:17:30:16 +0200] "GET /AmiKo/OSX HTTP/1.1" 200 9772 "-" "Mozilla/5.0 (compatible; AhrefsBot/7.0; +http://ahrefs.com/robot/)"
195.154.122.22 - - [17/Sep/2022:17:30:16 +0200] "GET /pub/skins/ywesee/gila.css HTTP/1.1" 200 8276 "-" "Mozilla/5.0 (compatible; AhrefsBot/7.0; +http://ahrefs.com/robot/)"
51.222.253.11 - - [17/Sep/2022:17:30:25 +0200] "GET /Ywesee/IGM11 HTTP/1.1" 200 13051 "-" "Mozilla/5.0 (compatible; AhrefsBot/7.0; +http://ahrefs.com/robot/)"
65.108.232.38 - - [17/Sep/2022:17:30:26 +0200] "GET /Main/2006?action=edit HTTP/1.1" 403 18 "-" "Mozilla/5.0 (compatible; MJ12bot/v1.4.8; http://mj12bot.com/)"
65.108.232.38 - - [17/Sep/2022:17:30:36 +0200] "GET /Main/AIPS-XML?action=edit HTTP/1.1" 403 18 "-" "Mozilla/5.0 (compatible; MJ12bot/v1.4.8; http://mj12bot.com/)"
65.108.232.38 - - [17/Sep/2022:17:30:57 +0200] "GET /Main/Buchpublikationspflicht?action=edit HTTP/1.1" 403 18 "-" "Mozilla/5.0 (compatible; MJ12bot/v1.4.8; http://mj12bot.com/)"
51.222.253.9 - - [17/Sep/2022:17:31:05 +0200] "GET /Main/PublicDomainDataLife-Cycle HTTP/1.1" 200 8634 "-" "Mozilla/5.0 (compatible; AhrefsBot/7.0; +http://ahrefs.com/robot/)"
51.222.253.15 - - [17/Sep/2022:17:31:07 +0200] "GET /uploads/Main/Public_Domain_Data_Life_Cycle.png HTTP/1.1" 200 92617 "-" "Mozilla/5.0 (compatible; AhrefsBot/7.0; +http://ahrefs.com/robot/)"
194.209.200.2 - - [17/Sep/2022:17:31:08 +0200] "GET /robots.txt HTTP/1.1" 200 - "-" "Mozilla/5.0 (compatible; TMMBot/0.2; +http://www.dslab.ch)/Nutch-1.15"
194.209.200.2 - - [17/Sep/2022:17:32:30 +0200] "GET /Ywesee/OpenSource HTTP/1.1" 200 10790 "-" "Mozilla/5.0 (compatible; TMMBot/0.2; +http://www.dslab.ch)/Nutch-1.15"
194.209.200.2 - - [17/Sep/2022:17:33:01 +0200] "GET /Main/2009 HTTP/1.1" 200 21688 "-" "Mozilla/5.0 (compatible; TMMBot/0.2; +http://www.dslab.ch)/Nutch-1.15"
51.222.253.12 - - [17/Sep/2022:17:33:10 +0200] "GET /ODDB/FachinfoAlsEbook HTTP/1.1" 200 9635 "-" "Mozilla/5.0 (compatible; AhrefsBot/7.0; +http://ahrefs.com/robot/)"
194.209.200.2 - - [17/Sep/2022:17:33:16 +0200] "GET /Software/BBMB HTTP/1.1" 200 9385 "-" "Mozilla/5.0 (compatible; TMMBot/0.2; +http://www.dslab.ch)/Nutch-1.15"
194.209.200.2 - - [17/Sep/2022:17:33:18 +0200] "GET /Main/2005 HTTP/1.1" 200 63344 "-" "Mozilla/5.0 (compatible; TMMBot/0.2; +http://www.dslab.ch)/Nutch-1.15"
194.209.200.2 - - [17/Sep/2022:17:33:19 +0200] "GET /Main/2018 HTTP/1.1" 200 15425 "-" "Mozilla/5.0 (compatible; TMMBot/0.2; +http://www.dslab.ch)/Nutch-1.15"
194.209.200.2 - - [17/Sep/2022:17:33:46 +0200] "GET /ODDB/IntegrationLookAmpFeelGenerikasuche HTTP/1.1" 200 9097 "-" "Mozilla/5.0 (compatible; TMMBot/0.2; +http://www.dslab.ch)/Nutch-1.15"
51.222.253.13 - - [17/Sep/2022:17:34:31 +0200] "GET /Main/Xls2odat HTTP/1.1" 200 8413 "-" "Mozilla/5.0 (compatible; AhrefsBot/7.0; +http://ahrefs.com/robot/)"
51.222.253.10 - - [17/Sep/2022:17:35:00 +0200] "GET /Main/DocumedGalenicaVsYwesee HTTP/1.1" 200 35251 "-" "Mozilla/5.0 (compatible; AhrefsBot/7.0; +http://ahrefs.com/robot/)"
185.191.171.35 - - [17/Sep/2022:17:36:22 +0200] "GET /Main/ComCo19122016?action=diff HTTP/1.1" 403 18 "-" "Mozilla/5.0 (compatible; SemrushBot/7~bl; +http://www.semrush.com/bot.html)"
51.222.253.19 - - [17/Sep/2022:17:37:44 +0200] "GET /Ywesee/Kontakt HTTP/1.1" 200 8973 "-" "Mozilla/5.0 (compatible; AhrefsBot/7.0; +http://ahrefs.com/robot/)"
51.222.253.16 - - [17/Sep/2022:17:38:07 +0200] "GET /InfoCodex/Dokumentenfamilien HTTP/1.1" 200 10326 "-" "Mozilla/5.0 (compatible; AhrefsBot/7.0; +http://ahrefs.com/robot/)"
51.222.253.11 - - [17/Sep/2022:17:38:09 +0200] "GET /uploads/InfoCodex/Dokumentenfamilie.jpg HTTP/1.1" 200 82844 "-" "Mozilla/5.0 (compatible; AhrefsBot/7.0; +http://ahrefs.com/robot/)"
51.222.253.16 - - [17/Sep/2022:17:38:10 +0200] "GET /uploads/InfoCodex/Trefferliste.jpg HTTP/1.1" 200 167051 "-" "Mozilla/5.0 (compatible; AhrefsBot/7.0; +http://ahrefs.com/robot/)"
51.222.253.7 - - [17/Sep/2022:17:38:16 +0200] "GET /Oddb2xml/Bemerkungen HTTP/1.1" 200 10553 "-" "Mozilla/5.0 (compatible; AhrefsBot/7.0; +http://ahrefs.com/robot/)"
51.222.253.3 - - [17/Sep/2022:17:38:29 +0200] "GET /Oddb2xml/Felder HTTP/1.1" 200 10305 "-" "Mozilla/5.0 (compatible; AhrefsBot/7.0; +http://ahrefs.com/robot/)"
51.222.253.6 - - [17/Sep/2022:17:38:45 +0200] "GET /AmiKo/OSXRezeptfunktion HTTP/1.1" 200 13751 "-" "Mozilla/5.0 (compatible; AhrefsBot/7.0; +http://ahrefs.com/robot/)"
51.222.253.17 - - [17/Sep/2022:17:38:47 +0200] "GET /uploads/AmiKo/Arztunterschrift_1.png HTTP/1.1" 200 48821 "-" "Mozilla/5.0 (compatible; AhrefsBot/7.0; +http://ahrefs.com/robot/)"
51.222.253.14 - - [17/Sep/2022:17:38:48 +0200] "GET /uploads/AmiKo/patient_hinzufuegen.jpg HTTP/1.1" 200 274703 "-" "Mozilla/5.0 (compatible; AhrefsBot/7.0; +http://ahrefs.com/robot/)"
51.222.253.5 - - [17/Sep/2022:17:38:49 +0200] "GET /uploads/AmiKo/Rezept_mit_Bemerkungen_speichern.jpg HTTP/1.1" 200 295948 "-" "Mozilla/5.0 (compatible; AhrefsBot/7.0; +http://ahrefs.com/robot/)"
51.222.253.20 - - [17/Sep/2022:17:38:51 +0200] "GET /InfoCodex/Vergleichsanalyse HTTP/1.1" 200 9981 "-" "Mozilla/5.0 (compatible; AhrefsBot/7.0; +http://ahrefs.com/robot/)"
51.222.253.14 - - [17/Sep/2022:17:38:50 +0200] "GET /uploads/AmiKo/patient_aus_addressbuch_uebernehmen.jpg HTTP/1.1" 200 309770 "-" "Mozilla/5.0 (compatible; AhrefsBot/7.0; +http://ahrefs.com/robot/)"
51.222.253.19 - - [17/Sep/2022:17:38:52 +0200] "GET /uploads/AmiKo/Arztunterschrift_2.png HTTP/1.1" 200 162948 "-" "Mozilla/5.0 (compatible; AhrefsBot/7.0; +http://ahrefs.com/robot/)"
51.222.253.16 - - [17/Sep/2022:17:38:52 +0200] "GET /uploads/InfoCodex/Vergleichsanalyse.jpg HTTP/1.1" 200 150456 "-" "Mozilla/5.0 (compatible; AhrefsBot/7.0; +http://ahrefs.com/robot/)"
51.222.253.1 - - [17/Sep/2022:17:38:53 +0200] "GET /uploads/AmiKo/Rezept_per_Email_senden.png HTTP/1.1" 200 344301 "-" "Mozilla/5.0 (compatible; AhrefsBot/7.0; +http://ahrefs.com/robot/)"
51.222.253.5 - - [17/Sep/2022:17:38:54 +0200] "GET /uploads/AmiKo/Rezept_in_Rezeptmodus_reinziehen.png HTTP/1.1" 200 737727 "-" "Mozilla/5.0 (compatible; AhrefsBot/7.0; +http://ahrefs.com/robot/)"
51.222.253.7 - - [17/Sep/2022:17:38:56 +0200] "GET /uploads/AmiKo/Rezept_per_Drag_And_Drop_auf_Desktop_ziehen.png HTTP/1.1" 200 434377 "-" "Mozilla/5.0 (compatible; AhrefsBot/7.0; +http://ahrefs.com/robot/)"
51.222.253.13 - - [17/Sep/2022:17:38:57 +0200] "GET /uploads/AmiKo/Sortieren_nach_gespeicherten_Volltext_Suchen.png HTTP/1.1" 200 283842 "-" "Mozilla/5.0 (compatible; AhrefsBot/7.0; +http://ahrefs.com/robot/)"
51.222.253.10 - - [17/Sep/2022:17:38:59 +0200] "GET /Oddb2xml/Installation HTTP/1.1" 200 10391 "-" "Mozilla/5.0 (compatible; AhrefsBot/7.0; +http://ahrefs.com/robot/)"
51.222.253.17 - - [17/Sep/2022:17:39:12 +0200] "GET /Ywesee/InfoCodex HTTP/1.1" 200 24435 "-" "Mozilla/5.0 (compatible; AhrefsBot/7.0; +http://ahrefs.com/robot/)"
51.222.253.1 - - [17/Sep/2022:17:39:13 +0200] "GET /uploads/Ywesee/ic_1.jpg HTTP/1.1" 200 66851 "-" "Mozilla/5.0 (compatible; AhrefsBot/7.0; +http://ahrefs.com/robot/)"
51.222.253.9 - - [17/Sep/2022:17:39:16 +0200] "GET /SpitalSchweiz/AnzahlBettenstationaer2012 HTTP/1.1" 200 9424 "-" "Mozilla/5.0 (compatible; AhrefsBot/7.0; +http://ahrefs.com/robot/)"
51.222.253.2 - - [17/Sep/2022:17:39:23 +0200] "GET /InfoCodex/Index HTTP/1.1" 200 8894 "-" "Mozilla/5.0 (compatible; AhrefsBot/7.0; +http://ahrefs.com/robot/)"
51.222.253.12 - - [17/Sep/2022:17:39:40 +0200] "GET /SpitalSchweiz/AnzahlNeugeborene2012 HTTP/1.1" 200 9388 "-" "Mozilla/5.0 (compatible; AhrefsBot/7.0; +http://ahrefs.com/robot/)"
51.222.253.13 - - [17/Sep/2022:17:39:50 +0200] "GET /Main/2015 HTTP/1.1" 200 15908 "-" "Mozilla/5.0 (compatible; AhrefsBot/7.0; +http://ahrefs.com/robot/)"
51.222.253.12 - - [17/Sep/2022:17:39:57 +0200] "GET /Main/2015?action=edit HTTP/1.1" 403 18 "-" "Mozilla/5.0 (compatible; AhrefsBot/7.0; +http://ahrefs.com/robot/)"
51.222.253.13 - - [17/Sep/2022:17:40:04 +0200] "GET /Main/2015?action=print HTTP/1.1" 403 18 "-" "Mozilla/5.0 (compatible; AhrefsBot/7.0; +http://ahrefs.com/robot/)"
51.222.253.16 - - [17/Sep/2022:17:40:14 +0200] "GET /Main/2015?action=upload HTTP/1.1" 403 18 "-" "Mozilla/5.0 (compatible; AhrefsBot/7.0; +http://ahrefs.com/robot/)"
89.246.241.14 - - [17/Sep/2022:17:40:30 +0200] "GET /pmwiki.php?n=Main.DocumedGalenicaVsYwesee HTTP/1.1" 200 35251 "-" "Mozilla/5.0 (Windows NT 10.0; Win64; x64; rv:84.0) Gecko/20100101 Firefox/84.0"
51.222.253.7 - - [17/Sep/2022:17:40:43 +0200] "GET /Main/2017?action=upload HTTP/1.1" 403 18 "-" "Mozilla/5.0 (compatible; AhrefsBot/7.0; +http://ahrefs.com/robot/)"
89.246.241.14 - - [17/Sep/2022:17:41:05 +0200] "GET /uploads/Main/Stellenbeschreibung_Ruby_ywesee_GmbH.pdf HTTP/1.1" 200 65223 "-" "Mozilla/5.0 (Windows NT 10.0; Win64; x64; rv:84.0) Gecko/20100101 Firefox/84.0"
51.222.253.14 - - [17/Sep/2022:17:41:29 +0200] "GET /Main/2017?action=diff HTTP/1.1" 403 18 "-" "Mozilla/5.0 (compatible; AhrefsBot/7.0; +http://ahrefs.com/robot/)"
51.222.253.20 - - [17/Sep/2022:17:43:01 +0200] "GET /Main/2017?action=edit HTTP/1.1" 403 18 "-" "Mozilla/5.0 (compatible; AhrefsBot/7.0; +http://ahrefs.com/robot/)"
8.29.198.25 - - [17/Sep/2022:17:43:14 +0200] "GET /pmwiki.php/Site/AllRecentChanges?action=rss HTTP/1.1" 200 2546 "-" "Feedly/1.0 (+http://www.feedly.com/fetcher.html; 5 subscribers; like FeedFetcher-Google)"
20.100.172.53 - - [17/Sep/2022:17:44:10 +0200] "GET /wp-content/plugins/seoplugins/db.php HTTP/1.1" 404 295 "-" "Linux Mozilla"
20.100.172.53 - - [17/Sep/2022:17:44:11 +0200] "GET /wp-content/themes/seotheme/db.php HTTP/1.1" 404 292 "-" "Linux Mozilla"
66.249.76.89 - - [17/Sep/2022:17:44:35 +0200] "GET /Main/Elexis?action=edit HTTP/1.1" 403 18 "-" "Mozilla/5.0 (compatible; Googlebot/2.1; +http://www.google.com/bot.html)"
66.249.66.51 - - [17/Sep/2022:17:44:35 +0200] "GET /robots.txt HTTP/1.1" 200 - "-" "Mozilla/5.0 (compatible; Googlebot/2.1; +http://www.google.com/bot.html)"
89.246.241.14 - - [17/Sep/2022:17:44:43 +0200] "GET /Main/2006?action=print HTTP/1.1" 200 34248 "-" "Mozilla/5.0 (Windows NT 10.0; Win64; x64; rv:84.0) Gecko/20100101 Firefox/84.0"
89.246.241.14 - - [17/Sep/2022:17:44:49 +0200] "GET /Main/2007?action=diff HTTP/1.1" 200 57691 "-" "Mozilla/5.0 (Windows NT 10.0; Win64; x64; rv:84.0) Gecko/20100101 Firefox/84.0"
51.222.253.18 - - [17/Sep/2022:17:46:11 +0200] "GET /Main/2017?action=print HTTP/1.1" 403 18 "-" "Mozilla/5.0 (compatible; AhrefsBot/7.0; +http://ahrefs.com/robot/)"
64.71.157.124 - - [17/Sep/2022:17:46:27 +0200] "GET /pmwiki.php/Site/AllRecentChanges?action=rss HTTP/1.1" 200 2546 "-" "Feedbin feed-id:590358 - 1 subscribers"
89.246.241.14 - - [17/Sep/2022:17:48:21 +0200] "GET /Main/2006?action=upload HTTP/1.1" 200 8737 "-" "Mozilla/5.0 (Windows NT 10.0; Win64; x64; rv:84.0) Gecko/20100101 Firefox/84.0"
89.246.241.14 - - [17/Sep/2022:17:48:55 +0200] "GET /uploads/Main/Deutsche_Pillen_sind_billiger.pdf HTTP/1.1" 200 144061 "-" "Mozilla/5.0 (Windows NT 10.0; Win64; x64; rv:84.0) Gecko/20100101 Firefox/84.0"
89.246.241.14 - - [17/Sep/2022:17:53:51 +0200] "GET /Main/NZZ HTTP/1.1" 200 8325 "-" "Mozilla/5.0 (Windows NT 10.0; Win64; x64; rv:84.0) Gecko/20100101 Firefox/84.0"
66.249.76.239 - - [17/Sep/2022:17:54:37 +0200] "GET /en/gcc/show/reg/66317/seq/01/pack/001 HTTP/1.1" 404 296 "-" "Mozilla/5.0 (compatible; Googlebot/2.1; +http://www.google.com/bot.html)"
185.191.171.26 - - [17/Sep/2022:17:55:03 +0200] "GET /Aips2sqlite/Index?action=print HTTP/1.1" 403 18 "-" "Mozilla/5.0 (compatible; SemrushBot/7~bl; +http://www.semrush.com/bot.html)"
89.246.241.14 - - [17/Sep/2022:17:55:33 +0200] "GET /Main/2005?action=print HTTP/1.1" 200 58097 "-" "Mozilla/5.0 (Windows NT 10.0; Win64; x64; rv:84.0) Gecko/20100101 Firefox/84.0"
89.246.241.14 - - [17/Sep/2022:17:56:18 +0200] "GET /uploads/Main/Seite_2.pdf HTTP/1.1" 200 1081044 "-" "Mozilla/5.0 (Windows NT 10.0; Win64; x64; rv:84.0) Gecko/20100101 Firefox/84.0"
89.246.241.14 - - [17/Sep/2022:17:57:49 +0200] "GET /Main/2007?action=upload HTTP/1.1" 200 8737 "-" "Mozilla/5.0 (Windows NT 10.0; Win64; x64; rv:84.0) Gecko/20100101 Firefox/84.0"
194.209.200.2 - - [17/Sep/2022:17:58:46 +0200] "GET /robots.txt HTTP/1.1" 200 - "-" "Mozilla/5.0 (compatible; TMMBot/0.2; +http://www.dslab.ch)/Nutch-1.15"
194.209.200.2 - - [17/Sep/2022:17:58:46 +0200] "GET /AmiKo/Linux HTTP/1.1" 200 9217 "-" "Mozilla/5.0 (compatible; TMMBot/0.2; +http://www.dslab.ch)/Nutch-1.15"
194.209.200.2 - - [17/Sep/2022:17:58:51 +0200] "GET /Miele/MieleLXIV HTTP/1.1" 200 15367 "-" "Mozilla/5.0 (compatible; TMMBot/0.2; +http://www.dslab.ch)/Nutch-1.15"
194.209.200.2 - - [17/Sep/2022:17:58:58 +0200] "GET /AmiKo/Windows HTTP/1.1" 200 10332 "-" "Mozilla/5.0 (compatible; TMMBot/0.2; +http://www.dslab.ch)/Nutch-1.15"
194.209.200.2 - - [17/Sep/2022:18:00:42 +0200] "GET /ODDB/IndividuelleMediliste HTTP/1.1" 200 9139 "-" "Mozilla/5.0 (compatible; TMMBot/0.2; +http://www.dslab.ch)/Nutch-1.15"
194.209.200.2 - - [17/Sep/2022:18:01:12 +0200] "GET /Main/2017 HTTP/1.1" 200 15840 "-" "Mozilla/5.0 (compatible; TMMBot/0.2; +http://www.dslab.ch)/Nutch-1.15"
194.209.200.2 - - [17/Sep/2022:18:01:22 +0200] "GET /Main/2015 HTTP/1.1" 200 15908 "-" "Mozilla/5.0 (compatible; TMMBot/0.2; +http://www.dslab.ch)/Nutch-1.15"
194.209.200.2 - - [17/Sep/2022:18:01:30 +0200] "GET /Main/2013 HTTP/1.1" 200 20487 "-" "Mozilla/5.0 (compatible; TMMBot/0.2; +http://www.dslab.ch)/Nutch-1.15"
194.209.200.2 - - [17/Sep/2022:18:02:59 +0200] "GET /robots.txt HTTP/1.1" 200 - "-" "Mozilla/5.0 (compatible; TMMBot/0.2; +http://www.dslab.ch)/Nutch-1.15"
74.125.212.229 - - [17/Sep/2022:18:03:29 +0200] "HEAD /pmwiki.php/Site/AllRecentChanges?action=rss HTTP/1.1" 200 - "-" "FeedBurner/1.0 (http://www.FeedBurner.com)"
74.125.212.231 - - [17/Sep/2022:18:03:34 +0200] "GET /pmwiki.php/Site/AllRecentChanges?action=rss HTTP/1.1" 200 2546 "-" "FeedBurner/1.0 (http://www.FeedBurner.com)"
194.209.200.2 - - [17/Sep/2022:18:04:23 +0200] "GET /Ywesee/OpenSource HTTP/1.1" 200 10790 "-" "Mozilla/5.0 (compatible; TMMBot/0.2; +http://www.dslab.ch)/Nutch-1.15"
51.222.253.9 - - [17/Sep/2022:18:04:41 +0200] "GET /Oddb2xml/Oddb2xmlCalc HTTP/1.1" 200 10266 "-" "Mozilla/5.0 (compatible; AhrefsBot/7.0; +http://ahrefs.com/robot/)"
194.209.200.2 - - [17/Sep/2022:18:04:56 +0200] "GET /Main/2009 HTTP/1.1" 200 21688 "-" "Mozilla/5.0 (compatible; TMMBot/0.2; +http://www.dslab.ch)/Nutch-1.15"
194.209.200.2 - - [17/Sep/2022:18:05:12 +0200] "GET /Software/BBMB HTTP/1.1" 200 9385 "-" "Mozilla/5.0 (compatible; TMMBot/0.2; +http://www.dslab.ch)/Nutch-1.15"
194.209.200.2 - - [17/Sep/2022:18:05:16 +0200] "GET /Main/2018 HTTP/1.1" 200 15425 "-" "Mozilla/5.0 (compatible; TMMBot/0.2; +http://www.dslab.ch)/Nutch-1.15"
194.209.200.2 - - [17/Sep/2022:18:05:44 +0200] "GET /ODDB/IntegrationLookAmpFeelGenerikasuche HTTP/1.1" 200 9097 "-" "Mozilla/5.0 (compatible; TMMBot/0.2; +http://www.dslab.ch)/Nutch-1.15"
114.119.142.126 - - [17/Sep/2022:18:06:46 +0200] "GET /robots.txt HTTP/1.1" 200 - "-" "Mozilla/5.0 (compatible;PetalBot;+https://webmaster.petalsearch.com/site/petalbot)"
61.135.159.132 - - [17/Sep/2022:18:10:37 +0200] "GET / HTTP/1.1" 200 12862 "-" "Sogou web spider/4.0(+http://www.sogou.com/docs/help/webmasters.htm#07)"
194.38.20.161 - - [17/Sep/2022:18:12:17 +0200] "GET /wp-content/themes/OptimizePress/lib/admin/media-upload.php HTTP/1.1" 404 317 "-" "ALittle Client"
64.71.157.120 - - [17/Sep/2022:18:21:42 +0200] "GET /pmwiki.php/Site/AllRecentChanges?action=rss HTTP/1.1" 200 2546 "-" "Feedbin feed-id:590358 - 1 subscribers"
194.209.200.2 - - [17/Sep/2022:18:25:53 +0200] "GET /robots.txt HTTP/1.1" 200 - "-" "Mozilla/5.0 (compatible; TMMBot/0.2; +http://www.dslab.ch)/Nutch-1.15"
194.209.200.2 - - [17/Sep/2022:18:30:20 +0200] "GET /robots.txt HTTP/1.1" 200 - "-" "Mozilla/5.0 (compatible; TMMBot/0.2; +http://www.dslab.ch)/Nutch-1.15"
194.209.200.2 - - [17/Sep/2022:18:30:20 +0200] "GET /AmiKo/Linux HTTP/1.1" 200 9217 "-" "Mozilla/5.0 (compatible; TMMBot/0.2; +http://www.dslab.ch)/Nutch-1.15"
193.247.208.98 - - [17/Sep/2022:18:30:25 +0200] "HEAD / HTTP/1.1" 200 - "https://www.hintest.ch" "Mozilla/5.0 (Windows NT 10.0; Win64; x64) AppleWebKit/537.36 (KHTML, like Gecko) Chrome/70.0.3538.102 Safari/537.36"
194.209.200.2 - - [17/Sep/2022:18:30:25 +0200] "GET /Miele/MieleLXIV HTTP/1.1" 200 15367 "-" "Mozilla/5.0 (compatible; TMMBot/0.2; +http://www.dslab.ch)/Nutch-1.15"
194.209.200.2 - - [17/Sep/2022:18:30:31 +0200] "GET /AmiKo/Windows HTTP/1.1" 200 10332 "-" "Mozilla/5.0 (compatible; TMMBot/0.2; +http://www.dslab.ch)/Nutch-1.15"
194.209.200.2 - - [17/Sep/2022:18:32:05 +0200] "GET /ODDB/IndividuelleMediliste HTTP/1.1" 200 9139 "-" "Mozilla/5.0 (compatible; TMMBot/0.2; +http://www.dslab.ch)/Nutch-1.15"
194.209.200.2 - - [17/Sep/2022:18:32:33 +0200] "GET /Main/2017 HTTP/1.1" 200 15840 "-" "Mozilla/5.0 (compatible; TMMBot/0.2; +http://www.dslab.ch)/Nutch-1.15"
194.209.200.2 - - [17/Sep/2022:18:32:41 +0200] "GET /Main/2015 HTTP/1.1" 200 15908 "-" "Mozilla/5.0 (compatible; TMMBot/0.2; +http://www.dslab.ch)/Nutch-1.15"
194.209.200.2 - - [17/Sep/2022:18:32:49 +0200] "GET /Main/2013 HTTP/1.1" 200 20487 "-" "Mozilla/5.0 (compatible; TMMBot/0.2; +http://www.dslab.ch)/Nutch-1.15"
194.209.200.2 - - [17/Sep/2022:18:33:04 +0200] "GET /Ywesee/Kontakt HTTP/1.1" 200 8973 "-" "Mozilla/5.0 (compatible; TMMBot/0.2; +http://www.dslab.ch)/Nutch-1.15"
66.249.76.91 - - [17/Sep/2022:18:33:45 +0200] "GET /Oddb2xml/Index HTTP/1.1" 200 8983 "-" "Mozilla/5.0 (Linux; Android 6.0.1; Nexus 5X Build/MMB29P) AppleWebKit/537.36 (KHTML, like Gecko) Chrome/105.0.5195.125 Mobile Safari/537.36 (compatible; Googlebot/2.1; +http://www.google.com/bot.html)"
194.209.200.2 - - [17/Sep/2022:18:34:10 +0200] "GET /robots.txt HTTP/1.1" 200 - "-" "Mozilla/5.0 (compatible; TMMBot/0.2; +http://www.dslab.ch)/Nutch-1.15"
185.191.171.5 - - [17/Sep/2022:18:34:31 +0200] "GET /robots.txt HTTP/1.1" 200 - "-" "Mozilla/5.0 (compatible; SemrushBot/7~bl; +http://www.semrush.com/bot.html)"
185.191.171.4 - - [17/Sep/2022:18:34:31 +0200] "GET /Main/NZZ?action=upload HTTP/1.1" 403 18 "-" "Mozilla/5.0 (compatible; SemrushBot/7~bl; +http://www.semrush.com/bot.html)"
65.108.232.38 - - [17/Sep/2022:18:34:41 +0200] "GET /Main/CPUs?action=edit HTTP/1.1" 403 18 "-" "Mozilla/5.0 (compatible; MJ12bot/v1.4.8; http://mj12bot.com/)"
194.209.200.2 - - [17/Sep/2022:18:34:43 +0200] "GET /AmiKo/Web HTTP/1.1" 200 9588 "-" "Mozilla/5.0 (compatible; TMMBot/0.2; +http://www.dslab.ch)/Nutch-1.15"
65.108.232.38 - - [17/Sep/2022:18:34:44 +0200] "GET /Main/Diovan?action=edit HTTP/1.1" 403 18 "-" "Mozilla/5.0 (compatible; MJ12bot/v1.4.8; http://mj12bot.com/)"
65.108.232.38 - - [17/Sep/2022:18:34:46 +0200] "GET /Main/EPUB?action=edit HTTP/1.1" 403 18 "-" "Mozilla/5.0 (compatible; MJ12bot/v1.4.8; http://mj12bot.com/)"
65.108.232.38 - - [17/Sep/2022:18:34:49 +0200] "GET /Main/EPubReader?action=edit HTTP/1.1" 403 18 "-" "Mozilla/5.0 (compatible; MJ12bot/v1.4.8; http://mj12bot.com/)"
65.108.232.38 - - [17/Sep/2022:18:34:52 +0200] "GET /Main/Elexis?action=edit HTTP/1.1" 403 18 "-" "Mozilla/5.0 (compatible; MJ12bot/v1.4.8; http://mj12bot.com/)"
65.108.232.38 - - [17/Sep/2022:18:34:54 +0200] "GET /Main/Elexis?action=edit HTTP/1.1" 403 18 "-" "Mozilla/5.0 (compatible; MJ12bot/v1.4.8; http://mj12bot.com/)"
65.108.232.38 - - [17/Sep/2022:18:34:56 +0200] "GET /Main/ExtremeProgramming?action=edit HTTP/1.1" 403 18 "-" "Mozilla/5.0 (compatible; MJ12bot/v1.4.8; http://mj12bot.com/)"
65.108.232.38 - - [17/Sep/2022:18:34:58 +0200] "GET /Main/FAZ?action=edit HTTP/1.1" 403 18 "-" "Mozilla/5.0 (compatible; MJ12bot/v1.4.8; http://mj12bot.com/)"
65.108.232.38 - - [17/Sep/2022:18:35:01 +0200] "GET /Main/ForderungstabelleSpezialitaetenliste?action=edit HTTP/1.1" 403 18 "-" "Mozilla/5.0 (compatible; MJ12bot/v1.4.8; http://mj12bot.com/)"
65.108.232.38 - - [17/Sep/2022:18:35:02 +0200] "GET /Main/ForderungstabelleSpezialitaetenliste?action=edit HTTP/1.1" 403 18 "-" "Mozilla/5.0 (compatible; MJ12bot/v1.4.8; http://mj12bot.com/)"
65.108.232.38 - - [17/Sep/2022:18:35:06 +0200] "GET /Main/Gentoo8Lektionen?action=edit HTTP/1.1" 403 18 "-" "Mozilla/5.0 (compatible; MJ12bot/v1.4.8; http://mj12bot.com/)"
65.108.232.38 - - [17/Sep/2022:18:35:11 +0200] "GET /Main/Gentoo?action=edit HTTP/1.1" 403 18 "-" "Mozilla/5.0 (compatible; MJ12bot/v1.4.8; http://mj12bot.com/)"
65.108.232.38 - - [17/Sep/2022:18:35:12 +0200] "GET /Main/Gtin2atc?action=edit HTTP/1.1" 403 18 "-" "Mozilla/5.0 (compatible; MJ12bot/v1.4.8; http://mj12bot.com/)"
65.108.232.38 - - [17/Sep/2022:18:35:17 +0200] "GET /Main/HirslandenProfessional?action=edit HTTP/1.1" 403 18 "-" "Mozilla/5.0 (compatible; MJ12bot/v1.4.8; http://mj12bot.com/)"
66.249.76.87 - - [17/Sep/2022:18:35:18 +0200] "GET /Generikacc/Privacy?action=edit HTTP/1.1" 403 18 "-" "Mozilla/5.0 (Linux; Android 6.0.1; Nexus 5X Build/MMB29P) AppleWebKit/537.36 (KHTML, like Gecko) Chrome/105.0.5195.102 Mobile Safari/537.36 (compatible; Googlebot/2.1; +http://www.google.com/bot.html)"
65.108.232.38 - - [17/Sep/2022:18:35:19 +0200] "GET /Main/HirslandenProfessional?action=edit HTTP/1.1" 403 18 "-" "Mozilla/5.0 (compatible; MJ12bot/v1.4.8; http://mj12bot.com/)"
65.108.232.38 - - [17/Sep/2022:18:35:23 +0200] "GET /Main/Home?action=edit HTTP/1.1" 403 18 "-" "Mozilla/5.0 (compatible; MJ12bot/v1.4.8; http://mj12bot.com/)"
65.108.232.38 - - [17/Sep/2022:18:35:27 +0200] "GET /Main/HomePage?action=edit HTTP/1.1" 403 18 "-" "Mozilla/5.0 (compatible; MJ12bot/v1.4.8; http://mj12bot.com/)"
65.108.232.38 - - [17/Sep/2022:18:35:32 +0200] "GET /Main/IPhone?action=edit HTTP/1.1" 403 18 "-" "Mozilla/5.0 (compatible; MJ12bot/v1.4.8; http://mj12bot.com/)"
194.209.200.2 - - [17/Sep/2022:18:35:32 +0200] "GET /Ywesee/OpenSource HTTP/1.1" 200 10790 "-" "Mozilla/5.0 (compatible; TMMBot/0.2; +http://www.dslab.ch)/Nutch-1.15"
65.108.232.38 - - [17/Sep/2022:18:35:33 +0200] "GET /Main/IPhone?action=edit HTTP/1.1" 403 18 "-" "Mozilla/5.0 (compatible; MJ12bot/v1.4.8; http://mj12bot.com/)"
65.108.232.38 - - [17/Sep/2022:18:35:35 +0200] "GET /Main/Index?action=edit HTTP/1.1" 403 18 "-" "Mozilla/5.0 (compatible; MJ12bot/v1.4.8; http://mj12bot.com/)"
65.108.232.38 - - [17/Sep/2022:18:35:40 +0200] "GET /Main/Kolumne?action=edit HTTP/1.1" 403 18 "-" "Mozilla/5.0 (compatible; MJ12bot/v1.4.8; http://mj12bot.com/)"
65.108.232.38 - - [17/Sep/2022:18:35:41 +0200] "GET /Main/Kolumne?action=edit HTTP/1.1" 403 18 "-" "Mozilla/5.0 (compatible; MJ12bot/v1.4.8; http://mj12bot.com/)"
194.209.200.2 - - [17/Sep/2022:18:36:09 +0200] "GET /Main/2009 HTTP/1.1" 200 21688 "-" "Mozilla/5.0 (compatible; TMMBot/0.2; +http://www.dslab.ch)/Nutch-1.15"
194.209.200.2 - - [17/Sep/2022:18:36:23 +0200] "GET /Software/BBMB HTTP/1.1" 200 9385 "-" "Mozilla/5.0 (compatible; TMMBot/0.2; +http://www.dslab.ch)/Nutch-1.15"
194.209.200.2 - - [17/Sep/2022:18:36:28 +0200] "GET /Main/2018 HTTP/1.1" 200 15425 "-" "Mozilla/5.0 (compatible; TMMBot/0.2; +http://www.dslab.ch)/Nutch-1.15"
194.209.200.2 - - [17/Sep/2022:18:36:57 +0200] "GET /ODDB/IntegrationLookAmpFeelGenerikasuche HTTP/1.1" 200 9097 "-" "Mozilla/5.0 (compatible; TMMBot/0.2; +http://www.dslab.ch)/Nutch-1.15"
194.209.200.2 - - [17/Sep/2022:18:36:59 +0200] "GET /Main/2010 HTTP/1.1" 200 27997 "-" "Mozilla/5.0 (compatible; TMMBot/0.2; +http://www.dslab.ch)/Nutch-1.15"
194.209.200.2 - - [17/Sep/2022:18:37:06 +0200] "GET /Eggze/SpreadIt HTTP/1.1" 200 12537 "-" "Mozilla/5.0 (compatible; TMMBot/0.2; +http://www.dslab.ch)/Nutch-1.15"
65.108.232.38 - - [17/Sep/2022:18:37:17 +0200] "GET /Main/KonsumentenForum?action=edit HTTP/1.1" 403 18 "-" "Mozilla/5.0 (compatible; MJ12bot/v1.4.8; http://mj12bot.com/)"
65.108.232.38 - - [17/Sep/2022:18:37:20 +0200] "GET /Main/Legende?action=edit HTTP/1.1" 403 18 "-" "Mozilla/5.0 (compatible; MJ12bot/v1.4.8; http://mj12bot.com/)"
65.108.232.38 - - [17/Sep/2022:18:37:21 +0200] "GET /Main/Legende?action=edit HTTP/1.1" 403 18 "-" "Mozilla/5.0 (compatible; MJ12bot/v1.4.8; http://mj12bot.com/)"
65.108.232.38 - - [17/Sep/2022:18:37:25 +0200] "GET /Main/LegoPrint?action=edit HTTP/1.1" 403 18 "-" "Mozilla/5.0 (compatible; MJ12bot/v1.4.8; http://mj12bot.com/)"
65.108.232.38 - - [17/Sep/2022:18:37:26 +0200] "GET /Main/Linux?action=edit HTTP/1.1" 403 18 "-" "Mozilla/5.0 (compatible; MJ12bot/v1.4.8; http://mj12bot.com/)"
65.108.232.38 - - [17/Sep/2022:18:37:29 +0200] "GET /Main/MayoClinic?action=edit HTTP/1.1" 403 18 "-" "Mozilla/5.0 (compatible; MJ12bot/v1.4.8; http://mj12bot.com/)"
65.108.232.38 - - [17/Sep/2022:18:37:31 +0200] "GET /Main/MayoClinic?action=edit HTTP/1.1" 403 18 "-" "Mozilla/5.0 (compatible; MJ12bot/v1.4.8; http://mj12bot.com/)"
65.108.232.38 - - [17/Sep/2022:18:37:34 +0200] "GET /Main/MedDrugs?action=edit HTTP/1.1" 403 18 "-" "Mozilla/5.0 (compatible; MJ12bot/v1.4.8; http://mj12bot.com/)"
65.108.232.38 - - [17/Sep/2022:18:37:37 +0200] "GET /Main/MediSerivce?action=edit HTTP/1.1" 403 18 "-" "Mozilla/5.0 (compatible; MJ12bot/v1.4.8; http://mj12bot.com/)"
65.108.232.38 - - [17/Sep/2022:18:37:40 +0200] "GET /Main/MediStammdatenKostenSchweiz?action=edit HTTP/1.1" 403 18 "-" "Mozilla/5.0 (compatible; MJ12bot/v1.4.8; http://mj12bot.com/)"
65.108.232.38 - - [17/Sep/2022:18:37:42 +0200] "GET /Main/MediStammdatenKostenSchweiz?action=edit HTTP/1.1" 403 18 "-" "Mozilla/5.0 (compatible; MJ12bot/v1.4.8; http://mj12bot.com/)"
65.108.232.38 - - [17/Sep/2022:18:37:45 +0200] "GET /Main/MedicalDevices?action=edit HTTP/1.1" 403 18 "-" "Mozilla/5.0 (compatible; MJ12bot/v1.4.8; http://mj12bot.com/)"
65.108.232.38 - - [17/Sep/2022:18:37:48 +0200] "GET /Main/PharmacodeVsEancode?action=edit HTTP/1.1" 403 18 "-" "Mozilla/5.0 (compatible; MJ12bot/v1.4.8; http://mj12bot.com/)"
65.108.232.38 - - [17/Sep/2022:18:37:49 +0200] "GET /Main/PharmacodeVsEancode?action=edit HTTP/1.1" 403 18 "-" "Mozilla/5.0 (compatible; MJ12bot/v1.4.8; http://mj12bot.com/)"
65.108.232.38 - - [17/Sep/2022:18:37:51 +0200] "GET /Main/SideBar?action=edit HTTP/1.1" 403 18 "-" "Mozilla/5.0 (compatible; MJ12bot/v1.4.8; http://mj12bot.com/)"
65.108.232.38 - - [17/Sep/2022:18:37:54 +0200] "GET /Main/WekoBlogAntragAufErweiterung?action=edit HTTP/1.1" 403 18 "-" "Mozilla/5.0 (compatible; MJ12bot/v1.4.8; http://mj12bot.com/)"
65.108.232.38 - - [17/Sep/2022:18:37:55 +0200] "GET /Main/WekoBlogAntragAufErweiterung?action=edit HTTP/1.1" 403 18 "-" "Mozilla/5.0 (compatible; MJ12bot/v1.4.8; http://mj12bot.com/)"
65.108.232.38 - - [17/Sep/2022:18:37:58 +0200] "GET /Main/WikiSandbox?action=edit HTTP/1.1" 403 18 "-" "Mozilla/5.0 (compatible; MJ12bot/v1.4.8; http://mj12bot.com/)"
65.108.232.38 - - [17/Sep/2022:18:38:00 +0200] "GET /ODDB/Flow?action=edit HTTP/1.1" 403 18 "-" "Mozilla/5.0 (compatible; MJ12bot/v1.4.8; http://mj12bot.com/)"
65.108.232.38 - - [17/Sep/2022:18:38:03 +0200] "GET /ODDB/GlaxoSmithKline?action=edit HTTP/1.1" 403 18 "-" "Mozilla/5.0 (compatible; MJ12bot/v1.4.8; http://mj12bot.com/)"
65.108.232.38 - - [17/Sep/2022:18:38:06 +0200] "GET /ODDB/InVitro?action=edit HTTP/1.1" 403 18 "-" "Mozilla/5.0 (compatible; MJ12bot/v1.4.8; http://mj12bot.com/)"
