91.191.209.2 - - [25/Nov/2022:17:38:55 +0100] "POST /Main/2011 HTTP/1.1" 200 21455 "-" "Mozilla/5.0 (Windows; U; Windows NT 5.1; en-US) AppleWebKit/532.0 (KHTML, like Gecko) Chrome/4.0.209.0 Safari/532.0"
91.191.209.2 - - [25/Nov/2022:17:39:03 +0100] "POST /Main/2011 HTTP/1.1" 200 21455 "-" "Mozilla/5.0 (Windows; U; Windows NT 5.1; en-US) AppleWebKit/532.0 (KHTML, like Gecko) Chrome/4.0.209.0 Safari/532.0"
91.191.209.2 - - [25/Nov/2022:17:39:10 +0100] "POST /Main/2011 HTTP/1.1" 200 21455 "-" "Mozilla/5.0 (Windows; U; Windows NT 5.1; en-US) AppleWebKit/532.0 (KHTML, like Gecko) Chrome/4.0.209.0 Safari/532.0"
91.191.209.2 - - [25/Nov/2022:17:39:17 +0100] "POST /Main/2011 HTTP/1.1" 200 21455 "-" "Mozilla/5.0 (Windows; U; Windows NT 5.1; en-US) AppleWebKit/532.0 (KHTML, like Gecko) Chrome/4.0.209.0 Safari/532.0"
91.191.209.2 - - [25/Nov/2022:17:39:24 +0100] "POST /Main/2011 HTTP/1.1" 200 21455 "-" "Mozilla/5.0 (Windows; U; Windows NT 5.1; en-US) AppleWebKit/532.0 (KHTML, like Gecko) Chrome/4.0.209.0 Safari/532.0"
91.191.209.2 - - [25/Nov/2022:17:39:30 +0100] "POST /Main/2011 HTTP/1.1" 200 21455 "-" "Mozilla/5.0 (Windows; U; Windows NT 5.1; en-US) AppleWebKit/532.0 (KHTML, like Gecko) Chrome/4.0.209.0 Safari/532.0"
91.191.209.2 - - [25/Nov/2022:17:39:32 +0100] "POST /Main/2011 HTTP/1.1" 200 21455 "-" "Mozilla/5.0 (Windows; U; Windows NT 5.1; en-US) AppleWebKit/532.0 (KHTML, like Gecko) Chrome/4.0.209.0 Safari/532.0"
91.191.209.2 - - [25/Nov/2022:17:39:35 +0100] "POST /Main/2011 HTTP/1.1" 200 21455 "-" "Mozilla/5.0 (Windows; U; Windows NT 5.1; en-US) AppleWebKit/532.0 (KHTML, like Gecko) Chrome/4.0.209.0 Safari/532.0"
91.191.209.2 - - [25/Nov/2022:17:39:39 +0100] "POST /Main/2011 HTTP/1.1" 200 21455 "-" "Mozilla/5.0 (Windows; U; Windows NT 5.1; en-US) AppleWebKit/532.0 (KHTML, like Gecko) Chrome/4.0.209.0 Safari/532.0"
91.191.209.2 - - [25/Nov/2022:17:39:43 +0100] "POST /Main/2011 HTTP/1.1" 200 21455 "-" "Mozilla/5.0 (Windows; U; Windows NT 5.1; en-US) AppleWebKit/532.0 (KHTML, like Gecko) Chrome/4.0.209.0 Safari/532.0"
91.191.209.2 - - [25/Nov/2022:17:39:46 +0100] "POST /Main/2011 HTTP/1.1" 200 21455 "-" "Mozilla/5.0 (Windows; U; Windows NT 5.1; en-US) AppleWebKit/532.0 (KHTML, like Gecko) Chrome/4.0.209.0 Safari/532.0"
91.191.209.2 - - [25/Nov/2022:17:39:52 +0100] "POST /Main/2011 HTTP/1.1" 200 21455 "-" "Mozilla/5.0 (Windows; U; Windows NT 5.1; en-US) AppleWebKit/532.0 (KHTML, like Gecko) Chrome/4.0.209.0 Safari/532.0"
91.191.209.2 - - [25/Nov/2022:17:39:54 +0100] "POST /Main/2011 HTTP/1.1" 200 21455 "-" "Mozilla/5.0 (Windows; U; Windows NT 5.1; en-US) AppleWebKit/532.0 (KHTML, like Gecko) Chrome/4.0.209.0 Safari/532.0"
91.191.209.2 - - [25/Nov/2022:17:39:57 +0100] "POST /Main/2011 HTTP/1.1" 200 21455 "-" "Mozilla/5.0 (Windows; U; Windows NT 5.1; en-US) AppleWebKit/532.0 (KHTML, like Gecko) Chrome/4.0.209.0 Safari/532.0"
194.209.200.2 - - [25/Nov/2022:17:39:58 +0100] "GET /ODDB/StammdatenCH HTTP/1.1" 200 9300 "-" "Mozilla/5.0 (compatible; TMMBot/0.2; +http://www.dslab.ch)/Nutch-1.15"
91.191.209.2 - - [25/Nov/2022:17:40:00 +0100] "POST /Main/2011 HTTP/1.1" 200 21455 "-" "Mozilla/5.0 (Windows; U; Windows NT 5.1; en-US) AppleWebKit/532.0 (KHTML, like Gecko) Chrome/4.0.209.0 Safari/532.0"
91.191.209.2 - - [25/Nov/2022:17:40:04 +0100] "POST /Main/2011 HTTP/1.1" 200 21455 "-" "Mozilla/5.0 (Windows; U; Windows NT 5.1; en-US) AppleWebKit/532.0 (KHTML, like Gecko) Chrome/4.0.209.0 Safari/532.0"
194.209.200.2 - - [25/Nov/2022:17:40:08 +0100] "GET /ODDB/IndividuelleMediliste HTTP/1.1" 200 9139 "-" "Mozilla/5.0 (compatible; TMMBot/0.2; +http://www.dslab.ch)/Nutch-1.15"
91.191.209.2 - - [25/Nov/2022:17:40:09 +0100] "POST /Main/2011 HTTP/1.1" 200 21455 "-" "Mozilla/5.0 (Windows; U; Windows NT 5.1; en-US) AppleWebKit/532.0 (KHTML, like Gecko) Chrome/4.0.209.0 Safari/532.0"
91.191.209.2 - - [25/Nov/2022:17:40:13 +0100] "POST /Main/2011 HTTP/1.1" 200 21455 "-" "Mozilla/5.0 (Windows; U; Windows NT 5.1; en-US) AppleWebKit/532.0 (KHTML, like Gecko) Chrome/4.0.209.0 Safari/532.0"
194.209.200.2 - - [25/Nov/2022:17:40:15 +0100] "GET /Main/2008 HTTP/1.1" 200 34740 "-" "Mozilla/5.0 (compatible; TMMBot/0.2; +http://www.dslab.ch)/Nutch-1.15"
91.191.209.2 - - [25/Nov/2022:17:40:20 +0100] "POST /Main/2011 HTTP/1.1" 200 21455 "-" "Mozilla/5.0 (Windows; U; Windows NT 5.1; en-US) AppleWebKit/532.0 (KHTML, like Gecko) Chrome/4.0.209.0 Safari/532.0"
91.191.209.2 - - [25/Nov/2022:17:40:24 +0100] "POST /Main/2011 HTTP/1.1" 200 21455 "-" "Mozilla/5.0 (Windows; U; Windows NT 5.1; en-US) AppleWebKit/532.0 (KHTML, like Gecko) Chrome/4.0.209.0 Safari/532.0"
91.191.209.2 - - [25/Nov/2022:17:40:28 +0100] "POST /Main/2011 HTTP/1.1" 200 21455 "-" "Mozilla/5.0 (Windows; U; Windows NT 5.1; en-US) AppleWebKit/532.0 (KHTML, like Gecko) Chrome/4.0.209.0 Safari/532.0"
91.191.209.2 - - [25/Nov/2022:17:40:35 +0100] "POST /Main/2011 HTTP/1.1" 200 21455 "-" "Mozilla/5.0 (Windows; U; Windows NT 5.1; en-US) AppleWebKit/532.0 (KHTML, like Gecko) Chrome/4.0.209.0 Safari/532.0"
194.209.200.2 - - [25/Nov/2022:17:40:36 +0100] "GET /Main/2017 HTTP/1.1" 200 15840 "-" "Mozilla/5.0 (compatible; TMMBot/0.2; +http://www.dslab.ch)/Nutch-1.15"
91.191.209.2 - - [25/Nov/2022:17:40:39 +0100] "POST /Main/2011 HTTP/1.1" 200 21455 "-" "Mozilla/5.0 (Windows; U; Windows NT 5.1; en-US) AppleWebKit/532.0 (KHTML, like Gecko) Chrome/4.0.209.0 Safari/532.0"
91.191.209.2 - - [25/Nov/2022:17:40:43 +0100] "POST /Main/2011 HTTP/1.1" 200 21455 "-" "Mozilla/5.0 (Windows; U; Windows NT 5.1; en-US) AppleWebKit/532.0 (KHTML, like Gecko) Chrome/4.0.209.0 Safari/532.0"
194.209.200.2 - - [25/Nov/2022:17:40:44 +0100] "GET /Main/2015 HTTP/1.1" 200 15908 "-" "Mozilla/5.0 (compatible; TMMBot/0.2; +http://www.dslab.ch)/Nutch-1.15"
91.191.209.2 - - [25/Nov/2022:17:40:49 +0100] "POST /Main/2011 HTTP/1.1" 200 21455 "-" "Mozilla/5.0 (Windows; U; Windows NT 5.1; en-US) AppleWebKit/532.0 (KHTML, like Gecko) Chrome/4.0.209.0 Safari/532.0"
91.191.209.2 - - [25/Nov/2022:17:40:53 +0100] "POST /Main/2011 HTTP/1.1" 200 21455 "-" "Mozilla/5.0 (Windows; U; Windows NT 5.1; en-US) AppleWebKit/532.0 (KHTML, like Gecko) Chrome/4.0.209.0 Safari/532.0"
91.191.209.2 - - [25/Nov/2022:17:40:58 +0100] "POST /Main/2011 HTTP/1.1" 200 21455 "-" "Mozilla/5.0 (Windows; U; Windows NT 5.1; en-US) AppleWebKit/532.0 (KHTML, like Gecko) Chrome/4.0.209.0 Safari/532.0"
91.191.209.2 - - [25/Nov/2022:17:41:04 +0100] "POST /Main/2011 HTTP/1.1" 200 21455 "-" "Mozilla/5.0 (Windows; U; Windows NT 5.1; en-US) AppleWebKit/532.0 (KHTML, like Gecko) Chrome/4.0.209.0 Safari/532.0"
91.191.209.2 - - [25/Nov/2022:17:41:12 +0100] "POST /Main/2011 HTTP/1.1" 200 21455 "-" "Mozilla/5.0 (Windows; U; Windows NT 5.1; en-US) AppleWebKit/532.0 (KHTML, like Gecko) Chrome/4.0.209.0 Safari/532.0"
91.191.209.2 - - [25/Nov/2022:17:41:21 +0100] "POST /Main/2011 HTTP/1.1" 200 21455 "-" "Mozilla/5.0 (Windows; U; Windows NT 5.1; en-US) AppleWebKit/532.0 (KHTML, like Gecko) Chrome/4.0.209.0 Safari/532.0"
194.209.200.2 - - [25/Nov/2022:17:41:24 +0100] "GET /Software/Spreadsheet HTTP/1.1" 200 8839 "-" "Mozilla/5.0 (compatible; TMMBot/0.2; +http://www.dslab.ch)/Nutch-1.15"
91.191.209.2 - - [25/Nov/2022:17:41:24 +0100] "POST /Main/2011 HTTP/1.1" 200 21455 "-" "Mozilla/5.0 (Windows; U; Windows NT 5.1; en-US) AppleWebKit/532.0 (KHTML, like Gecko) Chrome/4.0.209.0 Safari/532.0"
194.209.200.2 - - [25/Nov/2022:17:41:28 +0100] "GET /Main/2020 HTTP/1.1" 200 15398 "-" "Mozilla/5.0 (compatible; TMMBot/0.2; +http://www.dslab.ch)/Nutch-1.15"
91.191.209.2 - - [25/Nov/2022:17:41:34 +0100] "POST /Main/2011 HTTP/1.1" 200 21455 "-" "Mozilla/5.0 (Windows; U; Windows NT 5.1; en-US) AppleWebKit/532.0 (KHTML, like Gecko) Chrome/4.0.209.0 Safari/532.0"
194.209.200.2 - - [25/Nov/2022:17:42:38 +0100] "GET /robots.txt HTTP/1.1" 200 - "-" "Mozilla/5.0 (compatible; TMMBot/0.2; +http://www.dslab.ch)/Nutch-1.15"
194.209.200.2 - - [25/Nov/2022:17:43:18 +0100] "GET /AmiKo/Web HTTP/1.1" 200 9588 "-" "Mozilla/5.0 (compatible; TMMBot/0.2; +http://www.dslab.ch)/Nutch-1.15"
194.209.200.2 - - [25/Nov/2022:17:44:58 +0100] "GET /Main/2009 HTTP/1.1" 200 21688 "-" "Mozilla/5.0 (compatible; TMMBot/0.2; +http://www.dslab.ch)/Nutch-1.15"
194.209.200.2 - - [25/Nov/2022:17:46:09 +0100] "GET /Main/2021 HTTP/1.1" 200 16484 "-" "Mozilla/5.0 (compatible; TMMBot/0.2; +http://www.dslab.ch)/Nutch-1.15"
138.246.253.24 - - [25/Nov/2022:17:51:05 +0100] "GET /robots.txt HTTP/1.1" 200 - "-" "Mozilla/5.0 (Windows NT 10.0; Win64; x64) AppleWebKit/537.36 (KHTML, like Gecko) Chrome/103.0.5060.134 Safari/537.36"
89.246.241.14 - - [25/Nov/2022:17:55:07 +0100] "GET /uploads/Main/amiko_owner_report_fr.html HTTP/1.1" 200 6637 "-" "Mozilla/5.0 (Windows NT 10.0; Win64; x64; rv:101.0) Gecko/20100101 Firefox/101.0"
8.29.198.27 - - [25/Nov/2022:17:55:46 +0100] "GET /pmwiki.php/Site/AllRecentChanges?action=rss HTTP/1.1" 200 2548 "-" "Feedly/1.0 (+http://www.feedly.com/fetcher.html; 5 subscribers; like FeedFetcher-Google)"
89.246.241.14 - - [25/Nov/2022:17:56:55 +0100] "GET /AmiKo/IOS HTTP/1.1" 200 11930 "-" "Mozilla/5.0 (Windows NT 10.0; Win64; x64; rv:101.0) Gecko/20100101 Firefox/101.0"
39.173.107.144 - - [25/Nov/2022:18:03:44 +0100] "GET /main/home?action=edit HTTP/1.1" 404 268 "-" "Mozilla/5.0 (Windows NT 6.1; Win64; x64) AppleWebKit/537.36 (KHTML, like Gecko) Chrome/69.0.3497.81 YisouSpider/5.0 Safari/537.36"
66.249.66.223 - - [25/Nov/2022:18:08:05 +0100] "GET /Swissmedic/Dateninstitut HTTP/1.1" 200 9807 "-" "Mozilla/5.0 (Linux; Android 6.0.1; Nexus 5X Build/MMB29P) AppleWebKit/537.36 (KHTML, like Gecko) Chrome/107.0.5304.110 Mobile Safari/537.36 (compatible; Googlebot/2.1; +http://www.google.com/bot.html)"
194.209.200.2 - - [25/Nov/2022:18:10:40 +0100] "GET /robots.txt HTTP/1.1" 200 - "-" "Mozilla/5.0 (compatible; TMMBot/0.2; +http://www.dslab.ch)/Nutch-1.15"
194.209.200.2 - - [25/Nov/2022:18:10:40 +0100] "GET /Oddb2xml/Index HTTP/1.1" 200 8983 "-" "Mozilla/5.0 (compatible; TMMBot/0.2; +http://www.dslab.ch)/Nutch-1.15"
194.209.200.2 - - [25/Nov/2022:18:11:28 +0100] "GET /Software/YDIM HTTP/1.1" 200 8834 "-" "Mozilla/5.0 (compatible; TMMBot/0.2; +http://www.dslab.ch)/Nutch-1.15"
194.209.200.2 - - [25/Nov/2022:18:12:38 +0100] "GET /ODDB/StammdatenCH HTTP/1.1" 200 9300 "-" "Mozilla/5.0 (compatible; TMMBot/0.2; +http://www.dslab.ch)/Nutch-1.15"
194.209.200.2 - - [25/Nov/2022:18:12:47 +0100] "GET /ODDB/IndividuelleMediliste HTTP/1.1" 200 9139 "-" "Mozilla/5.0 (compatible; TMMBot/0.2; +http://www.dslab.ch)/Nutch-1.15"
194.209.200.2 - - [25/Nov/2022:18:12:54 +0100] "GET /Main/2008 HTTP/1.1" 200 34740 "-" "Mozilla/5.0 (compatible; TMMBot/0.2; +http://www.dslab.ch)/Nutch-1.15"
194.209.200.2 - - [25/Nov/2022:18:13:16 +0100] "GET /Main/2017 HTTP/1.1" 200 15840 "-" "Mozilla/5.0 (compatible; TMMBot/0.2; +http://www.dslab.ch)/Nutch-1.15"
194.209.200.2 - - [25/Nov/2022:18:13:25 +0100] "GET /Main/2015 HTTP/1.1" 200 15908 "-" "Mozilla/5.0 (compatible; TMMBot/0.2; +http://www.dslab.ch)/Nutch-1.15"
194.209.200.2 - - [25/Nov/2022:18:13:59 +0100] "GET /Software/Spreadsheet HTTP/1.1" 200 8839 "-" "Mozilla/5.0 (compatible; TMMBot/0.2; +http://www.dslab.ch)/Nutch-1.15"
194.209.200.2 - - [25/Nov/2022:18:14:03 +0100] "GET /Main/2020 HTTP/1.1" 200 15398 "-" "Mozilla/5.0 (compatible; TMMBot/0.2; +http://www.dslab.ch)/Nutch-1.15"
194.209.200.2 - - [25/Nov/2022:18:15:01 +0100] "GET /robots.txt HTTP/1.1" 200 - "-" "Mozilla/5.0 (compatible; TMMBot/0.2; +http://www.dslab.ch)/Nutch-1.15"
89.246.241.14 - - [25/Nov/2022:18:15:35 +0100] "GET /Main/Home?n=Main.SideBar?action=edit HTTP/1.1" 200 9322 "-" "Mozilla/5.0 (Windows NT 10.0; Win64; x64; rv:101.0) Gecko/20100101 Firefox/101.0"
194.209.200.2 - - [25/Nov/2022:18:15:36 +0100] "GET /AmiKo/Web HTTP/1.1" 200 9588 "-" "Mozilla/5.0 (compatible; TMMBot/0.2; +http://www.dslab.ch)/Nutch-1.15"
64.71.157.112 - - [25/Nov/2022:18:15:50 +0100] "GET /pmwiki.php/Site/AllRecentChanges?action=rss HTTP/1.1" 200 2548 "-" "Feedbin feed-id:590358 - 1 subscribers"
194.209.200.2 - - [25/Nov/2022:18:17:01 +0100] "GET /Main/2009 HTTP/1.1" 200 21688 "-" "Mozilla/5.0 (compatible; TMMBot/0.2; +http://www.dslab.ch)/Nutch-1.15"
194.209.200.2 - - [25/Nov/2022:18:17:29 +0100] "GET /Main/2016 HTTP/1.1" 200 13689 "-" "Mozilla/5.0 (compatible; TMMBot/0.2; +http://www.dslab.ch)/Nutch-1.15"
194.209.200.2 - - [25/Nov/2022:18:18:04 +0100] "GET /Main/2021 HTTP/1.1" 200 16484 "-" "Mozilla/5.0 (compatible; TMMBot/0.2; +http://www.dslab.ch)/Nutch-1.15"
194.209.200.2 - - [25/Nov/2022:18:18:11 +0100] "GET /Ywesee/About HTTP/1.1" 200 9132 "-" "Mozilla/5.0 (compatible; TMMBot/0.2; +http://www.dslab.ch)/Nutch-1.15"
54.174.53.103 - - [25/Nov/2022:18:21:08 +0100] "HEAD / HTTP/1.1" 200 - "-" "HubSpot Connect 2.0 (http://dev.hubspot.com/) (namespace: domainValidationHttpClient) - BizOpsCompanies-Tq2-BizCoDomainValidationAudit"
157.55.39.197 - - [25/Nov/2022:18:25:42 +0100] "GET /uploads/Main/Documed-Beschwerde-Bundesgericht-2007-10-17.pdf HTTP/1.1" 200 1575361 "-" "Mozilla/5.0 (compatible; bingbot/2.0; +http://www.bing.com/bingbot.htm)"
89.246.241.14 - - [25/Nov/2022:18:28:20 +0100] "GET /Main/Home?action=print HTTP/1.1" 200 8979 "-" "Mozilla/5.0 (Windows NT 10.0; Win64; x64; rv:101.0) Gecko/20100101 Firefox/101.0"
66.249.76.198 - - [25/Nov/2022:18:37:57 +0100] "GET /robots.txt HTTP/1.1" 200 - "-" "Mozilla/5.0 (compatible; Googlebot/2.1; +http://www.google.com/bot.html)"
66.249.76.200 - - [25/Nov/2022:18:37:58 +0100] "GET / HTTP/1.1" 200 14168 "-" "Mozilla/5.0 (Linux; Android 6.0.1; Nexus 5X Build/MMB29P) AppleWebKit/537.36 (KHTML, like Gecko) Chrome/107.0.5304.110 Mobile Safari/537.36 (compatible; Googlebot/2.1; +http://www.google.com/bot.html)"
185.197.195.173 - - [25/Nov/2022:18:41:26 +0100] "GET /wp-login.php HTTP/1.1" 404 271 "http://ywesee.com/wp-login.php" "Mozilla/5.0 (Windows NT 10.0; Win64; x64; rv:96.0) Gecko/20100101 Firefox/96"
8.29.198.25 - - [25/Nov/2022:18:44:47 +0100] "GET /pmwiki.php/Site/AllRecentChanges?action=rss HTTP/1.1" 200 2548 "-" "Feedly/1.0 (+http://www.feedly.com/fetcher.html; 5 subscribers; like FeedFetcher-Google)"
66.249.66.216 - - [25/Nov/2022:18:45:24 +0100] "GET /Software/BBMB HTTP/1.1" 200 9385 "-" "Mozilla/5.0 (Linux; Android 6.0.1; Nexus 5X Build/MMB29P) AppleWebKit/537.36 (KHTML, like Gecko) Chrome/107.0.5304.110 Mobile Safari/537.36 (compatible; Googlebot/2.1; +http://www.google.com/bot.html)"
194.209.200.2 - - [25/Nov/2022:18:49:22 +0100] "GET /robots.txt HTTP/1.1" 200 - "-" "Mozilla/5.0 (compatible; TMMBot/0.2; +http://www.dslab.ch)/Nutch-1.15"
194.209.200.2 - - [25/Nov/2022:18:49:22 +0100] "GET /Oddb2xml/Index HTTP/1.1" 200 8983 "-" "Mozilla/5.0 (compatible; TMMBot/0.2; +http://www.dslab.ch)/Nutch-1.15"
194.209.200.2 - - [25/Nov/2022:18:50:14 +0100] "GET /Software/YDIM HTTP/1.1" 200 8834 "-" "Mozilla/5.0 (compatible; TMMBot/0.2; +http://www.dslab.ch)/Nutch-1.15"
194.209.200.2 - - [25/Nov/2022:18:51:24 +0100] "GET /ODDB/StammdatenCH HTTP/1.1" 200 9300 "-" "Mozilla/5.0 (compatible; TMMBot/0.2; +http://www.dslab.ch)/Nutch-1.15"
194.209.200.2 - - [25/Nov/2022:18:51:32 +0100] "GET /ODDB/IndividuelleMediliste HTTP/1.1" 200 9139 "-" "Mozilla/5.0 (compatible; TMMBot/0.2; +http://www.dslab.ch)/Nutch-1.15"
194.209.200.2 - - [25/Nov/2022:18:51:39 +0100] "GET /Main/2008 HTTP/1.1" 200 34740 "-" "Mozilla/5.0 (compatible; TMMBot/0.2; +http://www.dslab.ch)/Nutch-1.15"
89.246.241.14 - - [25/Nov/2022:18:51:45 +0100] "GET /Miele/MieleLXIV HTTP/1.1" 200 15367 "-" "Mozilla/5.0 (Windows NT 10.0; Win64; x64; rv:101.0) Gecko/20100101 Firefox/101.0"
194.209.200.2 - - [25/Nov/2022:18:52:00 +0100] "GET /Main/2017 HTTP/1.1" 200 15840 "-" "Mozilla/5.0 (compatible; TMMBot/0.2; +http://www.dslab.ch)/Nutch-1.15"
194.209.200.2 - - [25/Nov/2022:18:52:08 +0100] "GET /Main/2015 HTTP/1.1" 200 15908 "-" "Mozilla/5.0 (compatible; TMMBot/0.2; +http://www.dslab.ch)/Nutch-1.15"
89.246.241.14 - - [25/Nov/2022:18:52:35 +0100] "GET /AmiKo/Web HTTP/1.1" 200 9588 "-" "Mozilla/5.0 (Windows NT 10.0; Win64; x64; rv:101.0) Gecko/20100101 Firefox/101.0"
194.209.200.2 - - [25/Nov/2022:18:52:41 +0100] "GET /Software/Spreadsheet HTTP/1.1" 200 8839 "-" "Mozilla/5.0 (compatible; TMMBot/0.2; +http://www.dslab.ch)/Nutch-1.15"
194.209.200.2 - - [25/Nov/2022:18:52:46 +0100] "GET /Main/2020 HTTP/1.1" 200 15398 "-" "Mozilla/5.0 (compatible; TMMBot/0.2; +http://www.dslab.ch)/Nutch-1.15"
194.209.200.2 - - [25/Nov/2022:18:53:39 +0100] "GET /robots.txt HTTP/1.1" 200 - "-" "Mozilla/5.0 (compatible; TMMBot/0.2; +http://www.dslab.ch)/Nutch-1.15"
194.209.200.2 - - [25/Nov/2022:18:54:11 +0100] "GET /AmiKo/Web HTTP/1.1" 200 9588 "-" "Mozilla/5.0 (compatible; TMMBot/0.2; +http://www.dslab.ch)/Nutch-1.15"
89.246.241.14 - - [25/Nov/2022:18:55:54 +0100] "GET /uploads/Main/Google_BERT_InfoCodex.pdf HTTP/1.1" 200 40002 "-" "Mozilla/5.0 (Windows NT 10.0; Win64; x64; rv:101.0) Gecko/20100101 Firefox/101.0"
194.209.200.2 - - [25/Nov/2022:18:56:00 +0100] "GET /Main/2016 HTTP/1.1" 200 13689 "-" "Mozilla/5.0 (compatible; TMMBot/0.2; +http://www.dslab.ch)/Nutch-1.15"
194.209.200.2 - - [25/Nov/2022:18:56:32 +0100] "GET /Main/2021 HTTP/1.1" 200 16484 "-" "Mozilla/5.0 (compatible; TMMBot/0.2; +http://www.dslab.ch)/Nutch-1.15"
194.209.200.2 - - [25/Nov/2022:18:56:40 +0100] "GET /Ywesee/About HTTP/1.1" 200 9132 "-" "Mozilla/5.0 (compatible; TMMBot/0.2; +http://www.dslab.ch)/Nutch-1.15"
66.249.76.215 - - [25/Nov/2022:18:56:56 +0100] "GET /ads.txt HTTP/1.1" 404 270 "-" "Mozilla/5.0 (compatible; Googlebot/2.1; +http://www.google.com/bot.html)"
64.71.157.119 - - [25/Nov/2022:19:02:14 +0100] "GET /pmwiki.php/Site/AllRecentChanges?action=rss HTTP/1.1" 200 2548 "-" "Feedbin feed-id:590358 - 1 subscribers"
89.246.241.14 - - [25/Nov/2022:19:03:03 +0100] "GET /Oddb2xml/Index HTTP/1.1" 200 8983 "-" "Mozilla/5.0 (Windows NT 10.0; Win64; x64; rv:101.0) Gecko/20100101 Firefox/101.0"
89.246.241.14 - - [25/Nov/2022:19:04:25 +0100] "GET /AmiKo/Linux HTTP/1.1" 200 9217 "-" "Mozilla/5.0 (Windows NT 10.0; Win64; x64; rv:101.0) Gecko/20100101 Firefox/101.0"
89.246.241.14 - - [25/Nov/2022:19:11:45 +0100] "GET /Ywesee/About HTTP/1.1" 200 9132 "-" "Mozilla/5.0 (Windows NT 10.0; Win64; x64; rv:101.0) Gecko/20100101 Firefox/101.0"
89.246.241.14 - - [25/Nov/2022:19:13:06 +0100] "GET /Main/ComCo19122016 HTTP/1.1" 200 10547 "-" "Mozilla/5.0 (Windows NT 10.0; Win64; x64; rv:101.0) Gecko/20100101 Firefox/101.0"
89.246.241.14 - - [25/Nov/2022:19:14:10 +0100] "GET /Software/XMLConv HTTP/1.1" 200 8709 "-" "Mozilla/5.0 (Windows NT 10.0; Win64; x64; rv:101.0) Gecko/20100101 Firefox/101.0"
8.29.198.26 - - [25/Nov/2022:19:15:44 +0100] "GET /pmwiki.php/Site/AllRecentChanges?action=rss HTTP/1.1" 200 2548 "-" "Feedly/1.0 (+http://www.feedly.com/fetcher.html; 5 subscribers; like FeedFetcher-Google)"
194.163.129.107 - - [25/Nov/2022:19:15:52 +0100] "GET /wp-login.php HTTP/1.1" 404 271 "http://ywesee.net/wp-login.php" "Mozilla/5.0 (Windows NT 10.0; Win64; x64; rv:96.0) Gecko/20100101 Firefox/96"
89.246.241.14 - - [25/Nov/2022:19:16:36 +0100] "GET /ODDB/IndividuelleMediliste HTTP/1.1" 200 9139 "-" "Mozilla/5.0 (Windows NT 10.0; Win64; x64; rv:101.0) Gecko/20100101 Firefox/101.0"
176.34.145.59 - - [25/Nov/2022:19:18:20 +0100] "GET /robots.txt HTTP/1.1" 200 - "-" "Mozilla/5.0 (Macintosh; Intel Mac OS X 10_15_7) AppleWebKit/537.36 (KHTML, like Gecko) Chrome/102.0.5005.124 Safari/537.36 Edg/102.0.1245.44"
176.34.145.59 - - [25/Nov/2022:19:18:20 +0100] "GET / HTTP/1.1" 200 14168 "-" "Mozilla/5.0 (Macintosh; Intel Mac OS X 10_15_7) AppleWebKit/537.36 (KHTML, like Gecko) Chrome/102.0.5005.124 Safari/537.36 Edg/102.0.1245.44"
176.34.145.59 - - [25/Nov/2022:19:18:22 +0100] "GET /Ywesee/Kontakt HTTP/1.1" 200 8973 "https://www.ywesee.com" "Mozilla/5.0 (Macintosh; Intel Mac OS X 10_15_7) AppleWebKit/537.36 (KHTML, like Gecko) Chrome/102.0.5005.124 Safari/537.36 Edg/102.0.1245.44"
193.247.208.98 - - [25/Nov/2022:19:19:17 +0100] "HEAD / HTTP/1.1" 200 - "https://www.hintest.ch" "Mozilla/5.0 (Windows NT 10.0; Win64; x64) AppleWebKit/537.36 (KHTML, like Gecko) Chrome/104.0.5112.34 Safari/537.36"
94.156.14.2 - - [25/Nov/2022:19:22:23 +0100] "GET /Software/ODDB HTTP/1.1" 200 10298 "-" "Mozilla/5.0 (Macintosh; Intel Mac OS X 10_15_7) AppleWebKit/605.1.15 (KHTML, like Gecko) Version/16.1 Safari/605.1.15"
94.156.14.2 - - [25/Nov/2022:19:22:23 +0100] "GET /pub/skins/ywesee/gila.css HTTP/1.1" 200 8276 "https://www.ywesee.com/Software/ODDB" "Mozilla/5.0 (Macintosh; Intel Mac OS X 10_15_7) AppleWebKit/605.1.15 (KHTML, like Gecko) Version/16.1 Safari/605.1.15"
94.156.14.2 - - [25/Nov/2022:19:22:23 +0100] "GET /favicon.ico HTTP/1.1" 200 1406 "https://www.ywesee.com/Software/ODDB" "Mozilla/5.0 (Macintosh; Intel Mac OS X 10_15_7) AppleWebKit/605.1.15 (KHTML, like Gecko) Version/16.1 Safari/605.1.15"
94.156.14.2 - - [25/Nov/2022:19:22:34 +0100] "GET /Software/ODDB HTTP/1.1" 200 10298 "https://www.ywesee.com/Software/ODDB" "Mozilla/5.0 (Macintosh; Intel Mac OS X 10_15_7) AppleWebKit/605.1.15 (KHTML, like Gecko) Version/16.1 Safari/605.1.15"
66.249.66.222 - - [25/Nov/2022:19:22:41 +0100] "GET /Ywesee/BitcoinBlockchain?n=Main.SideBar?action=edit HTTP/1.1" 403 18 "-" "Mozilla/5.0 (Linux; Android 6.0.1; Nexus 5X Build/MMB29P) AppleWebKit/537.36 (KHTML, like Gecko) Chrome/107.0.5304.110 Mobile Safari/537.36 (compatible; Googlebot/2.1; +http://www.google.com/bot.html)"
94.156.14.2 - - [25/Nov/2022:19:23:25 +0100] "GET /Software/ODDB HTTP/1.1" 200 10298 "https://www.ywesee.com/Software/ODDB" "Mozilla/5.0 (Macintosh; Intel Mac OS X 10_15_7) AppleWebKit/605.1.15 (KHTML, like Gecko) Version/16.1 Safari/605.1.15"
94.156.14.2 - - [25/Nov/2022:19:23:34 +0100] "GET /Ywesee/Team HTTP/1.1" 200 18245 "https://www.ywesee.com/Software/ODDB" "Mozilla/5.0 (Macintosh; Intel Mac OS X 10_15_7) AppleWebKit/605.1.15 (KHTML, like Gecko) Version/16.1 Safari/605.1.15"
94.156.14.2 - - [25/Nov/2022:19:24:00 +0100] "GET /Ywesee/OpenSource HTTP/1.1" 200 10790 "https://www.ywesee.com/Ywesee/Team" "Mozilla/5.0 (Macintosh; Intel Mac OS X 10_15_7) AppleWebKit/605.1.15 (KHTML, like Gecko) Version/16.1 Safari/605.1.15"
54.36.149.70 - - [25/Nov/2022:19:24:09 +0100] "GET /robots.txt HTTP/1.1" 200 - "-" "Mozilla/5.0 (compatible; AhrefsBot/7.0; +http://ahrefs.com/robot/)"
94.156.14.2 - - [25/Nov/2022:19:24:23 +0100] "GET /Generikacc/App HTTP/1.1" 200 11862 "https://www.ywesee.com/Ywesee/OpenSource" "Mozilla/5.0 (Macintosh; Intel Mac OS X 10_15_7) AppleWebKit/605.1.15 (KHTML, like Gecko) Version/16.1 Safari/605.1.15"
94.156.14.2 - - [25/Nov/2022:19:24:24 +0100] "GET /uploads/Generikacc/Generika_Rezept_Import_1.png HTTP/1.1" 200 48457 "https://www.ywesee.com/Generikacc/App" "Mozilla/5.0 (Macintosh; Intel Mac OS X 10_15_7) AppleWebKit/605.1.15 (KHTML, like Gecko) Version/16.1 Safari/605.1.15"
94.156.14.2 - - [25/Nov/2022:19:24:24 +0100] "GET /uploads/Generikacc/Generika_Rezept_Import_5.png HTTP/1.1" 200 31114 "https://www.ywesee.com/Generikacc/App" "Mozilla/5.0 (Macintosh; Intel Mac OS X 10_15_7) AppleWebKit/605.1.15 (KHTML, like Gecko) Version/16.1 Safari/605.1.15"
94.156.14.2 - - [25/Nov/2022:19:24:24 +0100] "GET /uploads/Generikacc/Generika_Rezept_Import_7.png HTTP/1.1" 200 37264 "https://www.ywesee.com/Generikacc/App" "Mozilla/5.0 (Macintosh; Intel Mac OS X 10_15_7) AppleWebKit/605.1.15 (KHTML, like Gecko) Version/16.1 Safari/605.1.15"
94.156.14.2 - - [25/Nov/2022:19:24:24 +0100] "GET /uploads/Generikacc/Generika_Rezept_Import_3.png HTTP/1.1" 200 57108 "https://www.ywesee.com/Generikacc/App" "Mozilla/5.0 (Macintosh; Intel Mac OS X 10_15_7) AppleWebKit/605.1.15 (KHTML, like Gecko) Version/16.1 Safari/605.1.15"
94.156.14.2 - - [25/Nov/2022:19:24:24 +0100] "GET /uploads/Generikacc/Generika_Rezept_Import_6.png HTTP/1.1" 200 46964 "https://www.ywesee.com/Generikacc/App" "Mozilla/5.0 (Macintosh; Intel Mac OS X 10_15_7) AppleWebKit/605.1.15 (KHTML, like Gecko) Version/16.1 Safari/605.1.15"
94.156.14.2 - - [25/Nov/2022:19:24:24 +0100] "GET /uploads/Generikacc/Generika_Rezept_Import_2.png HTTP/1.1" 200 87728 "https://www.ywesee.com/Generikacc/App" "Mozilla/5.0 (Macintosh; Intel Mac OS X 10_15_7) AppleWebKit/605.1.15 (KHTML, like Gecko) Version/16.1 Safari/605.1.15"
94.156.14.2 - - [25/Nov/2022:19:24:24 +0100] "GET /uploads/Generikacc/Generika_Rezept_Import_4.png HTTP/1.1" 200 116618 "https://www.ywesee.com/Generikacc/App" "Mozilla/5.0 (Macintosh; Intel Mac OS X 10_15_7) AppleWebKit/605.1.15 (KHTML, like Gecko) Version/16.1 Safari/605.1.15"
94.156.14.2 - - [25/Nov/2022:19:25:13 +0100] "GET /Ywesee/Team HTTP/1.1" 200 18245 "https://www.ywesee.com/Generikacc/App" "Mozilla/5.0 (Macintosh; Intel Mac OS X 10_15_7) AppleWebKit/605.1.15 (KHTML, like Gecko) Version/16.1 Safari/605.1.15"
94.156.14.2 - - [25/Nov/2022:19:25:31 +0100] "GET /Main/SearchWiki?pagename=Main%2FSearchWiki&q= HTTP/1.1" 200 10182 "https://www.ywesee.com/Ywesee/Team" "Mozilla/5.0 (Macintosh; Intel Mac OS X 10_15_7) AppleWebKit/605.1.15 (KHTML, like Gecko) Version/16.1 Safari/605.1.15"
94.156.14.2 - - [25/Nov/2022:19:25:37 +0100] "GET /Ywesee/OpenSource HTTP/1.1" 200 10790 "https://www.ywesee.com/Main/SearchWiki?pagename=Main%2FSearchWiki&q=" "Mozilla/5.0 (Macintosh; Intel Mac OS X 10_15_7) AppleWebKit/605.1.15 (KHTML, like Gecko) Version/16.1 Safari/605.1.15"
94.156.14.2 - - [25/Nov/2022:19:26:36 +0100] "GET /Ywesee/About HTTP/1.1" 200 9132 "https://www.ywesee.com/Ywesee/OpenSource" "Mozilla/5.0 (Macintosh; Intel Mac OS X 10_15_7) AppleWebKit/605.1.15 (KHTML, like Gecko) Version/16.1 Safari/605.1.15"
94.156.14.2 - - [25/Nov/2022:19:26:40 +0100] "GET /Ywesee/Software HTTP/1.1" 200 9246 "https://www.ywesee.com/Ywesee/About" "Mozilla/5.0 (Macintosh; Intel Mac OS X 10_15_7) AppleWebKit/605.1.15 (KHTML, like Gecko) Version/16.1 Safari/605.1.15"
94.156.14.2 - - [25/Nov/2022:19:26:46 +0100] "GET /pmwiki.php?n=Software.WikiS HTTP/1.1" 200 10036 "-" "Mozilla/5.0 (Macintosh; Intel Mac OS X 10_15_7) AppleWebKit/605.1.15 (KHTML, like Gecko) Version/16.1 Safari/605.1.15"
94.156.14.2 - - [25/Nov/2022:19:26:46 +0100] "GET /favicon.ico HTTP/1.1" 200 1406 "https://ywesee.com/pmwiki.php?n=Software.WikiS" "Mozilla/5.0 (Macintosh; Intel Mac OS X 10_15_7) AppleWebKit/605.1.15 (KHTML, like Gecko) Version/16.1 Safari/605.1.15"
54.36.148.175 - - [25/Nov/2022:19:26:54 +0100] "GET /robots.txt HTTP/1.1" 200 - "-" "Mozilla/5.0 (compatible; AhrefsBot/7.0; +http://ahrefs.com/robot/)"
54.36.148.187 - - [25/Nov/2022:19:26:55 +0100] "GET /AmiKo/Android HTTP/1.1" 200 10427 "-" "Mozilla/5.0 (compatible; AhrefsBot/7.0; +http://ahrefs.com/robot/)"
94.156.14.2 - - [25/Nov/2022:19:27:08 +0100] "GET /pmwiki.php?n=Software.WikiS HTTP/1.1" 200 10036 "-" "Mozilla/5.0 (Macintosh; Intel Mac OS X 10_15_7) AppleWebKit/605.1.15 (KHTML, like Gecko) Version/16.1 Safari/605.1.15"
94.156.14.2 - - [25/Nov/2022:19:27:50 +0100] "GET /pmwiki.php?n=Software.WikiS HTTP/1.1" 200 10036 "-" "Mozilla/5.0 (Macintosh; Intel Mac OS X 10_15_7) AppleWebKit/605.1.15 (KHTML, like Gecko) Version/16.1 Safari/605.1.15"
194.209.200.2 - - [25/Nov/2022:19:28:29 +0100] "GET /robots.txt HTTP/1.1" 200 - "-" "Mozilla/5.0 (compatible; TMMBot/0.2; +http://www.dslab.ch)/Nutch-1.15"
194.209.200.2 - - [25/Nov/2022:19:28:30 +0100] "GET /Oddb2xml/Index HTTP/1.1" 200 8983 "-" "Mozilla/5.0 (compatible; TMMBot/0.2; +http://www.dslab.ch)/Nutch-1.15"
94.156.14.2 - - [25/Nov/2022:19:28:49 +0100] "GET /pmwiki.php?n=Software.WikiS HTTP/1.1" 200 10036 "-" "Mozilla/5.0 (Macintosh; Intel Mac OS X 10_15_7) AppleWebKit/605.1.15 (KHTML, like Gecko) Version/16.1 Safari/605.1.15"
194.209.200.2 - - [25/Nov/2022:19:29:11 +0100] "GET /Miele/MieleLXIV HTTP/1.1" 200 15367 "-" "Mozilla/5.0 (compatible; TMMBot/0.2; +http://www.dslab.ch)/Nutch-1.15"
194.209.200.2 - - [25/Nov/2022:19:29:56 +0100] "GET /Software/YDIM HTTP/1.1" 200 8834 "-" "Mozilla/5.0 (compatible; TMMBot/0.2; +http://www.dslab.ch)/Nutch-1.15"
194.209.200.2 - - [25/Nov/2022:19:31:50 +0100] "GET /ODDB/StammdatenCH HTTP/1.1" 200 9300 "-" "Mozilla/5.0 (compatible; TMMBot/0.2; +http://www.dslab.ch)/Nutch-1.15"
194.209.200.2 - - [25/Nov/2022:19:32:03 +0100] "GET /ODDB/IndividuelleMediliste HTTP/1.1" 200 9139 "-" "Mozilla/5.0 (compatible; TMMBot/0.2; +http://www.dslab.ch)/Nutch-1.15"
194.209.200.2 - - [25/Nov/2022:19:32:19 +0100] "GET /Main/2008 HTTP/1.1" 200 34740 "-" "Mozilla/5.0 (compatible; TMMBot/0.2; +http://www.dslab.ch)/Nutch-1.15"
194.209.200.2 - - [25/Nov/2022:19:32:40 +0100] "GET /Main/2006 HTTP/1.1" 200 39320 "-" "Mozilla/5.0 (compatible; TMMBot/0.2; +http://www.dslab.ch)/Nutch-1.15"
194.209.200.2 - - [25/Nov/2022:19:33:07 +0100] "GET /Main/2017 HTTP/1.1" 200 15840 "-" "Mozilla/5.0 (compatible; TMMBot/0.2; +http://www.dslab.ch)/Nutch-1.15"
194.209.200.2 - - [25/Nov/2022:19:33:28 +0100] "GET /Main/2015 HTTP/1.1" 200 15908 "-" "Mozilla/5.0 (compatible; TMMBot/0.2; +http://www.dslab.ch)/Nutch-1.15"
194.209.200.2 - - [25/Nov/2022:19:34:49 +0100] "GET /Software/Spreadsheet HTTP/1.1" 200 8839 "-" "Mozilla/5.0 (compatible; TMMBot/0.2; +http://www.dslab.ch)/Nutch-1.15"
194.209.200.2 - - [25/Nov/2022:19:34:58 +0100] "GET /Main/2020 HTTP/1.1" 200 15398 "-" "Mozilla/5.0 (compatible; TMMBot/0.2; +http://www.dslab.ch)/Nutch-1.15"
157.90.182.30 - - [25/Nov/2022:19:36:05 +0100] "GET /robots.txt HTTP/1.1" 200 - "-" "Mozilla/5.0 (compatible; BLEXBot/1.0; +http://webmeup-crawler.com/)"
157.90.182.30 - - [25/Nov/2022:19:36:05 +0100] "GET /robots.txt HTTP/1.1" 200 - "-" "Mozilla/5.0 (compatible; BLEXBot/1.0; +http://webmeup-crawler.com/)"
157.90.182.30 - - [25/Nov/2022:19:36:05 +0100] "GET /sitemap HTTP/1.1" 404 266 "-" "Mozilla/5.0 (compatible; BLEXBot/1.0; +http://webmeup-crawler.com/)"
157.90.182.30 - - [25/Nov/2022:19:36:06 +0100] "GET /robots.txt HTTP/1.1" 200 - "-" "Mozilla/5.0 (compatible; BLEXBot/1.0; +http://webmeup-crawler.com/)"
157.90.182.30 - - [25/Nov/2022:19:36:06 +0100] "GET /Main/SL-Liste HTTP/1.1" 200 9252 "-" "Mozilla/5.0 (compatible; BLEXBot/1.0; +http://webmeup-crawler.com/)"
89.246.241.14 - - [25/Nov/2022:19:36:27 +0100] "GET /Ausschreibung/SAI HTTP/1.1" 200 10366 "-" "Mozilla/5.0 (Windows NT 10.0; Win64; x64; rv:101.0) Gecko/20100101 Firefox/101.0"
157.90.182.30 - - [25/Nov/2022:19:36:36 +0100] "GET /Main/Saldo HTTP/1.1" 200 8416 "-" "Mozilla/5.0 (compatible; BLEXBot/1.0; +http://webmeup-crawler.com/)"
157.90.182.30 - - [25/Nov/2022:19:36:38 +0100] "GET /robots.txt HTTP/1.1" 200 - "-" "Mozilla/5.0 (compatible; BLEXBot/1.0; +http://webmeup-crawler.com/)"
157.90.182.30 - - [25/Nov/2022:19:36:38 +0100] "GET /sitemap HTTP/1.1" 404 266 "-" "Mozilla/5.0 (compatible; BLEXBot/1.0; +http://webmeup-crawler.com/)"
194.209.200.2 - - [25/Nov/2022:19:36:50 +0100] "GET /robots.txt HTTP/1.1" 200 - "-" "Mozilla/5.0 (compatible; TMMBot/0.2; +http://www.dslab.ch)/Nutch-1.15"
89.246.241.14 - - [25/Nov/2022:19:36:58 +0100] "GET /Software/SoftwareRaid HTTP/1.1" 200 12104 "-" "Mozilla/5.0 (Windows NT 10.0; Win64; x64; rv:101.0) Gecko/20100101 Firefox/101.0"
157.90.182.30 - - [25/Nov/2022:19:37:06 +0100] "GET /Main/SideBar HTTP/1.1" 200 10903 "-" "Mozilla/5.0 (compatible; BLEXBot/1.0; +http://webmeup-crawler.com/)"
157.90.182.30 - - [25/Nov/2022:19:37:10 +0100] "GET /sitemap HTTP/1.1" 404 266 "-" "Mozilla/5.0 (compatible; BLEXBot/1.0; +http://webmeup-crawler.com/)"
157.90.182.30 - - [25/Nov/2022:19:37:37 +0100] "GET /Main/SideBar?action=edit HTTP/1.1" 403 18 "-" "Mozilla/5.0 (compatible; BLEXBot/1.0; +http://webmeup-crawler.com/)"
157.90.182.30 - - [25/Nov/2022:19:37:42 +0100] "GET /sitemap HTTP/1.1" 404 270 "-" "Mozilla/5.0 (compatible; BLEXBot/1.0; +http://webmeup-crawler.com/)"
194.209.200.2 - - [25/Nov/2022:19:37:56 +0100] "GET /AmiKo/Web HTTP/1.1" 200 9588 "-" "Mozilla/5.0 (compatible; TMMBot/0.2; +http://www.dslab.ch)/Nutch-1.15"
89.246.241.14 - - [25/Nov/2022:19:38:01 +0100] "GET /pmwiki.php?n=Software.WikiS HTTP/1.1" 200 10036 "-" "Mozilla/5.0 (Windows NT 10.0; Win64; x64; rv:101.0) Gecko/20100101 Firefox/101.0"
157.90.182.30 - - [25/Nov/2022:19:38:07 +0100] "GET /Main/SocialMedia HTTP/1.1" 200 8592 "-" "Mozilla/5.0 (compatible; BLEXBot/1.0; +http://webmeup-crawler.com/)"
157.90.182.30 - - [25/Nov/2022:19:38:14 +0100] "GET /sitemap.txt HTTP/1.1" 404 270 "-" "Mozilla/5.0 (compatible; BLEXBot/1.0; +http://webmeup-crawler.com/)"
157.90.182.30 - - [25/Nov/2022:19:38:38 +0100] "GET /Main/WekoBlog HTTP/1.1" 200 22209 "-" "Mozilla/5.0 (compatible; BLEXBot/1.0; +http://webmeup-crawler.com/)"
157.90.182.30 - - [25/Nov/2022:19:38:46 +0100] "GET /sitemap.txt HTTP/1.1" 404 270 "-" "Mozilla/5.0 (compatible; BLEXBot/1.0; +http://webmeup-crawler.com/)"
157.90.182.30 - - [25/Nov/2022:19:39:08 +0100] "GET /Main/WekoBlogAntragAufErweiterung HTTP/1.1" 200 15562 "-" "Mozilla/5.0 (compatible; BLEXBot/1.0; +http://webmeup-crawler.com/)"
194.209.200.2 - - [25/Nov/2022:19:39:19 +0100] "GET /Ywesee/OpenSource HTTP/1.1" 200 10790 "-" "Mozilla/5.0 (compatible; TMMBot/0.2; +http://www.dslab.ch)/Nutch-1.15"
157.90.182.30 - - [25/Nov/2022:19:39:19 +0100] "GET /sitemap.txt HTTP/1.1" 404 270 "-" "Mozilla/5.0 (compatible; BLEXBot/1.0; +http://webmeup-crawler.com/)"
157.90.182.30 - - [25/Nov/2022:19:39:38 +0100] "GET /Main/Xls2odat HTTP/1.1" 200 8413 "-" "Mozilla/5.0 (compatible; BLEXBot/1.0; +http://webmeup-crawler.com/)"
157.90.182.30 - - [25/Nov/2022:19:39:51 +0100] "GET /sitemap.txt HTTP/1.1" 404 274 "-" "Mozilla/5.0 (compatible; BLEXBot/1.0; +http://webmeup-crawler.com/)"
157.90.182.30 - - [25/Nov/2022:19:40:09 +0100] "GET /Miele/MieleLXIV HTTP/1.1" 200 15367 "-" "Mozilla/5.0 (compatible; BLEXBot/1.0; +http://webmeup-crawler.com/)"
157.90.182.30 - - [25/Nov/2022:19:40:23 +0100] "GET / HTTP/1.1" 200 14168 "-" "Mozilla/5.0 (compatible; BLEXBot/1.0; +http://webmeup-crawler.com/)"
194.209.200.2 - - [25/Nov/2022:19:40:28 +0100] "GET /Main/2018 HTTP/1.1" 200 15425 "-" "Mozilla/5.0 (compatible; TMMBot/0.2; +http://www.dslab.ch)/Nutch-1.15"
157.90.182.30 - - [25/Nov/2022:19:40:39 +0100] "GET /Newsletter/10052017 HTTP/1.1" 200 11460 "-" "Mozilla/5.0 (compatible; BLEXBot/1.0; +http://webmeup-crawler.com/)"
194.209.200.2 - - [25/Nov/2022:19:40:42 +0100] "GET /Main/2016 HTTP/1.1" 200 13689 "-" "Mozilla/5.0 (compatible; TMMBot/0.2; +http://www.dslab.ch)/Nutch-1.15"
157.90.182.30 - - [25/Nov/2022:19:40:55 +0100] "GET /AIPS/Bestaetigung HTTP/1.1" 200 10620 "-" "Mozilla/5.0 (compatible; BLEXBot/1.0; +http://webmeup-crawler.com/)"
157.90.182.30 - - [25/Nov/2022:19:41:10 +0100] "GET /ODDB/BVGER HTTP/1.1" 200 9371 "-" "Mozilla/5.0 (compatible; BLEXBot/1.0; +http://webmeup-crawler.com/)"
194.209.200.2 - - [25/Nov/2022:19:41:27 +0100] "GET /Main/2021 HTTP/1.1" 200 16484 "-" "Mozilla/5.0 (compatible; TMMBot/0.2; +http://www.dslab.ch)/Nutch-1.15"
157.90.182.30 - - [25/Nov/2022:19:41:27 +0100] "GET /Aips2sqlite/Release HTTP/1.1" 200 9851 "-" "Mozilla/5.0 (compatible; BLEXBot/1.0; +http://webmeup-crawler.com/)"
194.209.200.2 - - [25/Nov/2022:19:41:38 +0100] "GET /Ywesee/About HTTP/1.1" 200 9132 "-" "Mozilla/5.0 (compatible; TMMBot/0.2; +http://www.dslab.ch)/Nutch-1.15"
157.90.182.30 - - [25/Nov/2022:19:41:40 +0100] "GET /ODDB/FachinfoAlsEbook HTTP/1.1" 200 9635 "-" "Mozilla/5.0 (compatible; BLEXBot/1.0; +http://webmeup-crawler.com/)"
157.90.182.30 - - [25/Nov/2022:19:42:00 +0100] "GET /AmiKo/Android?action=diff HTTP/1.1" 403 18 "-" "Mozilla/5.0 (compatible; BLEXBot/1.0; +http://webmeup-crawler.com/)"
54.84.192.51 - - [25/Nov/2022:19:42:05 +0100] "GET /keybase.txt HTTP/1.1" 200 2659 "-" "keybase-proofs/2.3.24"
157.90.182.30 - - [25/Nov/2022:19:42:11 +0100] "GET /ODDB/Flow HTTP/1.1" 200 8944 "-" "Mozilla/5.0 (compatible; BLEXBot/1.0; +http://webmeup-crawler.com/)"
157.90.182.30 - - [25/Nov/2022:19:42:32 +0100] "GET /AmiKo/Android?action=edit HTTP/1.1" 403 18 "-" "Mozilla/5.0 (compatible; BLEXBot/1.0; +http://webmeup-crawler.com/)"
157.90.182.30 - - [25/Nov/2022:19:42:41 +0100] "GET /ODDB/IndividuelleMediliste?action=diff HTTP/1.1" 403 18 "-" "Mozilla/5.0 (compatible; BLEXBot/1.0; +http://webmeup-crawler.com/)"
157.90.182.30 - - [25/Nov/2022:19:43:04 +0100] "GET /AmiKo/Android?action=print HTTP/1.1" 403 18 "-" "Mozilla/5.0 (compatible; BLEXBot/1.0; +http://webmeup-crawler.com/)"
157.90.182.30 - - [25/Nov/2022:19:43:11 +0100] "GET /ODDB/IndividuelleMediliste?action=edit HTTP/1.1" 403 18 "-" "Mozilla/5.0 (compatible; BLEXBot/1.0; +http://webmeup-crawler.com/)"
157.90.182.30 - - [25/Nov/2022:19:43:37 +0100] "GET /AmiKo/Android?action=upload HTTP/1.1" 403 18 "-" "Mozilla/5.0 (compatible; BLEXBot/1.0; +http://webmeup-crawler.com/)"
157.90.182.30 - - [25/Nov/2022:19:43:42 +0100] "GET /ODDB/IndividuelleMediliste?action=print HTTP/1.1" 403 18 "-" "Mozilla/5.0 (compatible; BLEXBot/1.0; +http://webmeup-crawler.com/)"
157.90.182.30 - - [25/Nov/2022:19:44:09 +0100] "GET /AmiKo/Android?n=Main.SideBar?action=edit HTTP/1.1" 403 18 "-" "Mozilla/5.0 (compatible; BLEXBot/1.0; +http://webmeup-crawler.com/)"
157.90.182.30 - - [25/Nov/2022:19:44:12 +0100] "GET /ODDB/IndividuelleMediliste?action=upload HTTP/1.1" 403 18 "-" "Mozilla/5.0 (compatible; BLEXBot/1.0; +http://webmeup-crawler.com/)"
157.90.182.30 - - [25/Nov/2022:19:44:41 +0100] "GET /AmiKo/Ankuendigung HTTP/1.1" 200 10221 "-" "Mozilla/5.0 (compatible; BLEXBot/1.0; +http://webmeup-crawler.com/)"
157.90.182.30 - - [25/Nov/2022:19:44:42 +0100] "GET /ODDB/IndividuelleMediliste?n=Main.SideBar?action=edit HTTP/1.1" 403 18 "-" "Mozilla/5.0 (compatible; BLEXBot/1.0; +http://webmeup-crawler.com/)"
157.90.182.30 - - [25/Nov/2022:19:45:13 +0100] "GET /ODDB/IntegrationLookAmpFeelGenerikasuche?action=diff HTTP/1.1" 403 18 "-" "Mozilla/5.0 (compatible; BLEXBot/1.0; +http://webmeup-crawler.com/)"
157.90.182.30 - - [25/Nov/2022:19:45:13 +0100] "GET /AmiKo/Barcodes HTTP/1.1" 200 8978 "-" "Mozilla/5.0 (compatible; BLEXBot/1.0; +http://webmeup-crawler.com/)"
157.90.182.30 - - [25/Nov/2022:19:45:43 +0100] "GET /ODDB/IntegrationLookAmpFeelGenerikasuche?action=edit HTTP/1.1" 403 18 "-" "Mozilla/5.0 (compatible; BLEXBot/1.0; +http://webmeup-crawler.com/)"
157.90.182.30 - - [25/Nov/2022:19:45:46 +0100] "GET /AmiKo/Cpp2sqlite HTTP/1.1" 200 8506 "-" "Mozilla/5.0 (compatible; BLEXBot/1.0; +http://webmeup-crawler.com/)"
157.90.182.30 - - [25/Nov/2022:19:46:14 +0100] "GET /ODDB/IntegrationLookAmpFeelGenerikasuche?action=print HTTP/1.1" 403 18 "-" "Mozilla/5.0 (compatible; BLEXBot/1.0; +http://webmeup-crawler.com/)"
157.90.182.30 - - [25/Nov/2022:19:46:18 +0100] "GET /AmiKo/IOS?action=diff HTTP/1.1" 403 18 "-" "Mozilla/5.0 (compatible; BLEXBot/1.0; +http://webmeup-crawler.com/)"
157.90.182.30 - - [25/Nov/2022:19:46:44 +0100] "GET /ODDB/IntegrationLookAmpFeelGenerikasuche?action=upload HTTP/1.1" 403 18 "-" "Mozilla/5.0 (compatible; BLEXBot/1.0; +http://webmeup-crawler.com/)"
17.121.114.243 - - [25/Nov/2022:19:46:44 +0100] "GET /robots.txt HTTP/1.1" 200 - "-" "Mozilla/5.0 (Macintosh; Intel Mac OS X 10_15_5) AppleWebKit/605.1.15 (KHTML, like Gecko) Version/13.1.1 Safari/605.1.15 (Applebot/0.1; +http://www.apple.com/go/applebot)"
17.121.114.243 - - [25/Nov/2022:19:46:45 +0100] "GET /uploads/Main/Hauptklage_Documed_Galenica.pdf HTTP/1.1" 200 2765590 "-" "Mozilla/5.0 (Macintosh; Intel Mac OS X 10_15_5) AppleWebKit/605.1.15 (KHTML, like Gecko) Version/13.1.1 Safari/605.1.15 (Applebot/0.1; +http://www.apple.com/go/applebot)"
157.90.182.30 - - [25/Nov/2022:19:46:50 +0100] "GET /AmiKo/IOS?action=edit HTTP/1.1" 403 18 "-" "Mozilla/5.0 (compatible; BLEXBot/1.0; +http://webmeup-crawler.com/)"
157.90.182.30 - - [25/Nov/2022:19:47:14 +0100] "GET /ODDB/IntegrationLookAmpFeelGenerikasuche?n=Main.SideBar?action=edit HTTP/1.1" 403 18 "-" "Mozilla/5.0 (compatible; BLEXBot/1.0; +http://webmeup-crawler.com/)"
157.90.182.30 - - [25/Nov/2022:19:47:23 +0100] "GET /AmiKo/IOS?action=print HTTP/1.1" 403 18 "-" "Mozilla/5.0 (compatible; BLEXBot/1.0; +http://webmeup-crawler.com/)"
157.90.182.30 - - [25/Nov/2022:19:47:44 +0100] "GET /ODDB/Pharmakokinetik HTTP/1.1" 200 11220 "-" "Mozilla/5.0 (compatible; BLEXBot/1.0; +http://webmeup-crawler.com/)"
157.90.182.30 - - [25/Nov/2022:19:47:55 +0100] "GET /AmiKo/IOS?action=upload HTTP/1.1" 403 18 "-" "Mozilla/5.0 (compatible; BLEXBot/1.0; +http://webmeup-crawler.com/)"
157.90.182.30 - - [25/Nov/2022:19:48:15 +0100] "GET /ODDB/StammdatenCH?action=diff HTTP/1.1" 403 18 "-" "Mozilla/5.0 (compatible; BLEXBot/1.0; +http://webmeup-crawler.com/)"
157.90.182.30 - - [25/Nov/2022:19:48:27 +0100] "GET /AmiKo/IOS?n=Main.SideBar?action=edit HTTP/1.1" 403 18 "-" "Mozilla/5.0 (compatible; BLEXBot/1.0; +http://webmeup-crawler.com/)"
157.90.182.30 - - [25/Nov/2022:19:48:46 +0100] "GET /ODDB/StammdatenCH?action=edit HTTP/1.1" 403 18 "-" "Mozilla/5.0 (compatible; BLEXBot/1.0; +http://webmeup-crawler.com/)"
64.71.157.119 - - [25/Nov/2022:19:48:47 +0100] "GET /pmwiki.php/Site/AllRecentChanges?action=rss HTTP/1.1" 200 2548 "-" "Feedbin feed-id:590358 - 1 subscribers"
157.90.182.30 - - [25/Nov/2022:19:48:59 +0100] "GET /AmiKo/Index HTTP/1.1" 200 9511 "-" "Mozilla/5.0 (compatible; BLEXBot/1.0; +http://webmeup-crawler.com/)"
157.90.182.30 - - [25/Nov/2022:19:49:16 +0100] "GET /ODDB/StammdatenCH?action=print HTTP/1.1" 403 18 "-" "Mozilla/5.0 (compatible; BLEXBot/1.0; +http://webmeup-crawler.com/)"
194.38.20.161 - - [25/Nov/2022:19:49:27 +0100] "GET /wp-content/themes/seotheme/db.php?u HTTP/1.1" 404 292 "-" "ALittle Client"
157.90.182.30 - - [25/Nov/2022:19:49:31 +0100] "GET /AmiKo/KrankenkassenKartenleser HTTP/1.1" 200 9504 "-" "Mozilla/5.0 (compatible; BLEXBot/1.0; +http://webmeup-crawler.com/)"
157.90.182.30 - - [25/Nov/2022:19:49:47 +0100] "GET /ODDB/StammdatenCH?action=upload HTTP/1.1" 403 18 "-" "Mozilla/5.0 (compatible; BLEXBot/1.0; +http://webmeup-crawler.com/)"
157.90.182.30 - - [25/Nov/2022:19:50:04 +0100] "GET /AmiKo/Linux?action=diff HTTP/1.1" 403 18 "-" "Mozilla/5.0 (compatible; BLEXBot/1.0; +http://webmeup-crawler.com/)"
157.90.182.30 - - [25/Nov/2022:19:50:19 +0100] "GET /ODDB/StammdatenCH?n=Main.SideBar?action=edit HTTP/1.1" 403 18 "-" "Mozilla/5.0 (compatible; BLEXBot/1.0; +http://webmeup-crawler.com/)"
157.90.182.30 - - [25/Nov/2022:19:50:36 +0100] "GET /AmiKo/Linux?action=edit HTTP/1.1" 403 18 "-" "Mozilla/5.0 (compatible; BLEXBot/1.0; +http://webmeup-crawler.com/)"
157.90.182.30 - - [25/Nov/2022:19:50:49 +0100] "GET /Oddb/OpenSourceSoftwareUndDatenImSchweizerGesundheitswesen HTTP/1.1" 200 12414 "-" "Mozilla/5.0 (compatible; BLEXBot/1.0; +http://webmeup-crawler.com/)"
157.90.182.30 - - [25/Nov/2022:19:51:08 +0100] "GET /AmiKo/Linux?action=print HTTP/1.1" 403 18 "-" "Mozilla/5.0 (compatible; BLEXBot/1.0; +http://webmeup-crawler.com/)"
157.90.182.30 - - [25/Nov/2022:19:51:20 +0100] "GET /Oddb2xml/Bemerkungen HTTP/1.1" 200 10553 "-" "Mozilla/5.0 (compatible; BLEXBot/1.0; +http://webmeup-crawler.com/)"
157.90.182.30 - - [25/Nov/2022:19:51:40 +0100] "GET /AmiKo/Linux?action=upload HTTP/1.1" 403 18 "-" "Mozilla/5.0 (compatible; BLEXBot/1.0; +http://webmeup-crawler.com/)"
157.90.182.30 - - [25/Nov/2022:19:51:50 +0100] "GET /Oddb2xml/DatenDownload HTTP/1.1" 200 8810 "-" "Mozilla/5.0 (compatible; BLEXBot/1.0; +http://webmeup-crawler.com/)"
157.90.182.30 - - [25/Nov/2022:19:52:12 +0100] "GET /AmiKo/Linux?n=Main.SideBar?action=edit HTTP/1.1" 403 18 "-" "Mozilla/5.0 (compatible; BLEXBot/1.0; +http://webmeup-crawler.com/)"
157.90.182.30 - - [25/Nov/2022:19:52:21 +0100] "GET /Oddb2xml/Felder HTTP/1.1" 200 10305 "-" "Mozilla/5.0 (compatible; BLEXBot/1.0; +http://webmeup-crawler.com/)"
54.36.148.240 - - [25/Nov/2022:19:52:24 +0100] "GET / HTTP/1.1" 200 14168 "-" "Mozilla/5.0 (compatible; AhrefsBot/7.0; +http://ahrefs.com/robot/)"
157.90.182.30 - - [25/Nov/2022:19:52:44 +0100] "GET /AmiKo/OSX?action=diff HTTP/1.1" 403 18 "-" "Mozilla/5.0 (compatible; BLEXBot/1.0; +http://webmeup-crawler.com/)"
157.90.182.30 - - [25/Nov/2022:19:52:51 +0100] "GET /Oddb2xml/Index?action=diff HTTP/1.1" 403 18 "-" "Mozilla/5.0 (compatible; BLEXBot/1.0; +http://webmeup-crawler.com/)"
157.90.182.30 - - [25/Nov/2022:19:53:16 +0100] "GET /AmiKo/OSX?action=edit HTTP/1.1" 403 18 "-" "Mozilla/5.0 (compatible; BLEXBot/1.0; +http://webmeup-crawler.com/)"
157.90.182.30 - - [25/Nov/2022:19:53:22 +0100] "GET /Oddb2xml/Index?action=edit HTTP/1.1" 403 18 "-" "Mozilla/5.0 (compatible; BLEXBot/1.0; +http://webmeup-crawler.com/)"
8.29.198.27 - - [25/Nov/2022:19:53:36 +0100] "GET /pmwiki.php/Site/AllRecentChanges?action=rss HTTP/1.1" 200 2548 "-" "Feedly/1.0 (+http://www.feedly.com/fetcher.html; 5 subscribers; like FeedFetcher-Google)"
157.90.182.30 - - [25/Nov/2022:19:53:49 +0100] "GET /AmiKo/OSX?action=print HTTP/1.1" 403 18 "-" "Mozilla/5.0 (compatible; BLEXBot/1.0; +http://webmeup-crawler.com/)"
157.90.182.30 - - [25/Nov/2022:19:53:52 +0100] "GET /Oddb2xml/Index?action=print HTTP/1.1" 403 18 "-" "Mozilla/5.0 (compatible; BLEXBot/1.0; +http://webmeup-crawler.com/)"
157.90.182.30 - - [25/Nov/2022:19:54:21 +0100] "GET /AmiKo/OSX?action=upload HTTP/1.1" 403 18 "-" "Mozilla/5.0 (compatible; BLEXBot/1.0; +http://webmeup-crawler.com/)"
157.90.182.30 - - [25/Nov/2022:19:54:24 +0100] "GET /Oddb2xml/Index?action=upload HTTP/1.1" 403 18 "-" "Mozilla/5.0 (compatible; BLEXBot/1.0; +http://webmeup-crawler.com/)"
157.90.182.30 - - [25/Nov/2022:19:54:53 +0100] "GET /AmiKo/OSX?n=Main.SideBar?action=edit HTTP/1.1" 403 18 "-" "Mozilla/5.0 (compatible; BLEXBot/1.0; +http://webmeup-crawler.com/)"
157.90.182.30 - - [25/Nov/2022:19:54:55 +0100] "GET /Oddb2xml/Index?n=Main.SideBar?action=edit HTTP/1.1" 403 18 "-" "Mozilla/5.0 (compatible; BLEXBot/1.0; +http://webmeup-crawler.com/)"
89.246.241.14 - - [25/Nov/2022:19:55:17 +0100] "GET /Main/2021 HTTP/1.1" 200 16484 "-" "Mozilla/5.0 (Windows NT 10.0; Win64; x64; rv:101.0) Gecko/20100101 Firefox/101.0"
157.90.182.30 - - [25/Nov/2022:19:55:25 +0100] "GET /Oddb2xml/Installation HTTP/1.1" 200 10391 "-" "Mozilla/5.0 (compatible; BLEXBot/1.0; +http://webmeup-crawler.com/)"
157.90.182.30 - - [25/Nov/2022:19:55:25 +0100] "GET /AmiKo/OSXRezeptfunktion HTTP/1.1" 200 13751 "-" "Mozilla/5.0 (compatible; BLEXBot/1.0; +http://webmeup-crawler.com/)"
89.246.241.14 - - [25/Nov/2022:19:55:32 +0100] "GET /Main/2020 HTTP/1.1" 200 15398 "-" "Mozilla/5.0 (Windows NT 10.0; Win64; x64; rv:101.0) Gecko/20100101 Firefox/101.0"
89.246.241.14 - - [25/Nov/2022:19:55:45 +0100] "GET /uploads/Main/Multizentrische_Beobachtungsstudie_zur_Bestimmung_der_Verbreitung_des_Coronavirus_und_Entwicklung_der_Immunitt_in_der_Schweiz.pdf HTTP/1.1" 200 515176 "-" "Mozilla/5.0 (Windows NT 10.0; Win64; x64; rv:101.0) Gecko/20100101 Firefox/101.0"
157.90.182.30 - - [25/Nov/2022:19:55:56 +0100] "GET /Oddb2xml/Oddb2xmlCalc HTTP/1.1" 200 10266 "-" "Mozilla/5.0 (compatible; BLEXBot/1.0; +http://webmeup-crawler.com/)"
157.90.182.30 - - [25/Nov/2022:19:55:58 +0100] "GET /AmiKo/OSXSatzexport HTTP/1.1" 200 9993 "-" "Mozilla/5.0 (compatible; BLEXBot/1.0; +http://webmeup-crawler.com/)"
157.90.182.30 - - [25/Nov/2022:19:56:26 +0100] "GET /Oddb2xml/Version HTTP/1.1" 200 9879 "-" "Mozilla/5.0 (compatible; BLEXBot/1.0; +http://webmeup-crawler.com/)"
157.90.182.30 - - [25/Nov/2022:19:56:30 +0100] "GET /AmiKo/SAPP HTTP/1.1" 200 12947 "-" "Mozilla/5.0 (compatible; BLEXBot/1.0; +http://webmeup-crawler.com/)"
157.90.182.30 - - [25/Nov/2022:19:56:57 +0100] "GET /Oddb2xml/XSD HTTP/1.1" 200 8519 "-" "Mozilla/5.0 (compatible; BLEXBot/1.0; +http://webmeup-crawler.com/)"
157.90.182.30 - - [25/Nov/2022:19:57:02 +0100] "GET /AmiKo/Swisspeddose HTTP/1.1" 200 10537 "-" "Mozilla/5.0 (compatible; BLEXBot/1.0; +http://webmeup-crawler.com/)"
157.90.182.30 - - [25/Nov/2022:19:57:28 +0100] "GET /Pic2Shop/BarcodeScanner HTTP/1.1" 200 8908 "-" "Mozilla/5.0 (compatible; BLEXBot/1.0; +http://webmeup-crawler.com/)"
157.90.182.30 - - [25/Nov/2022:19:57:34 +0100] "GET /AmiKo/Web?action=diff HTTP/1.1" 403 18 "-" "Mozilla/5.0 (compatible; BLEXBot/1.0; +http://webmeup-crawler.com/)"
157.90.182.30 - - [25/Nov/2022:19:57:58 +0100] "GET /Profiles/Zrr HTTP/1.1" 200 8438 "-" "Mozilla/5.0 (compatible; BLEXBot/1.0; +http://webmeup-crawler.com/)"
157.90.182.30 - - [25/Nov/2022:19:58:06 +0100] "GET /AmiKo/Web?action=edit HTTP/1.1" 403 18 "-" "Mozilla/5.0 (compatible; BLEXBot/1.0; +http://webmeup-crawler.com/)"
157.90.182.30 - - [25/Nov/2022:19:58:31 +0100] "GET /PublicDomain/AIPS HTTP/1.1" 200 9777 "-" "Mozilla/5.0 (compatible; BLEXBot/1.0; +http://webmeup-crawler.com/)"
157.90.182.30 - - [25/Nov/2022:19:58:38 +0100] "GET /AmiKo/Web?action=print HTTP/1.1" 403 18 "-" "Mozilla/5.0 (compatible; BLEXBot/1.0; +http://webmeup-crawler.com/)"
89.246.241.14 - - [25/Nov/2022:19:58:51 +0100] "GET /Main/Home HTTP/1.1" 200 14168 "-" "Mozilla/5.0 (Windows NT 10.0; Win64; x64; rv:101.0) Gecko/20100101 Firefox/101.0"
157.90.182.30 - - [25/Nov/2022:19:59:02 +0100] "GET /PublicDomain/Stammdaten HTTP/1.1" 200 11234 "-" "Mozilla/5.0 (compatible; BLEXBot/1.0; +http://webmeup-crawler.com/)"
157.90.182.30 - - [25/Nov/2022:19:59:10 +0100] "GET /AmiKo/Web?action=upload HTTP/1.1" 403 18 "-" "Mozilla/5.0 (compatible; BLEXBot/1.0; +http://webmeup-crawler.com/)"
66.249.76.215 - - [25/Nov/2022:19:59:22 +0100] "GET /Swissmedic/Dateninstitut?action=upload HTTP/1.1" 403 18 "-" "Mozilla/5.0 (Linux; Android 6.0.1; Nexus 5X Build/MMB29P) AppleWebKit/537.36 (KHTML, like Gecko) Chrome/107.0.5304.110 Mobile Safari/537.36 (compatible; Googlebot/2.1; +http://www.google.com/bot.html)"
157.90.182.30 - - [25/Nov/2022:19:59:33 +0100] "GET /PublicDomain/StammdatenFR HTTP/1.1" 200 10865 "-" "Mozilla/5.0 (compatible; BLEXBot/1.0; +http://webmeup-crawler.com/)"
157.90.182.30 - - [25/Nov/2022:19:59:42 +0100] "GET /AmiKo/Web?n=Main.SideBar?action=edit HTTP/1.1" 403 18 "-" "Mozilla/5.0 (compatible; BLEXBot/1.0; +http://webmeup-crawler.com/)"
17.121.112.160 - - [25/Nov/2022:20:00:02 +0100] "GET /ODDB/IntegrationLookAmpFeelGenerikasuche HTTP/1.1" 200 9097 "-" "Mozilla/5.0 (Macintosh; Intel Mac OS X 10_15_5) AppleWebKit/605.1.15 (KHTML, like Gecko) Version/13.1.1 Safari/605.1.15 (Applebot/0.1; +http://www.apple.com/go/applebot)"
157.90.182.30 - - [25/Nov/2022:20:00:03 +0100] "GET /RedLaser/BarcodeScanner HTTP/1.1" 200 9033 "-" "Mozilla/5.0 (compatible; BLEXBot/1.0; +http://webmeup-crawler.com/)"
