52.201.231.246 - - [24/Feb/2022:19:07:40 +0100] "GET /Site/AllRecentChanges?action=rss HTTP/1.1" 200 2508 "https://www.google.com/" "Mozilla/5.0 (Windows NT 10.0; Win64; x64) AppleWebKit/537.36 (KHTML, like Gecko) Chrome/80.0.3987.122 Safari/537.36 OPR/67.0.3575.53"
185.119.81.101 - - [24/Feb/2022:19:07:40 +0100] "GET /Main/2020?action=upload HTTP/1.1" 200 8737 "-" "Mozilla/5.0 (Windows NT 10.0; Win64; x64) AppleWebKit/537.36 (KHTML, like Gecko) Chrome/74.0.3729.169 Safari/537.36"
185.119.81.101 - - [24/Feb/2022:19:07:41 +0100] "GET /Main/2020?n=Main.SideBar?action=edit HTTP/1.1" 200 9322 "-" "Mozilla/5.0 (Windows NT 10.0; Win64; x64) AppleWebKit/537.36 (KHTML, like Gecko) Chrome/74.0.3729.169 Safari/537.36"
185.119.81.101 - - [24/Feb/2022:19:07:41 +0100] "GET /Main/ComCo19122016 HTTP/1.1" 200 10547 "-" "Mozilla/5.0 (Windows NT 10.0; Win64; x64) AppleWebKit/537.36 (KHTML, like Gecko) Chrome/74.0.3729.169 Safari/537.36"
185.119.81.101 - - [24/Feb/2022:19:07:41 +0100] "GET /Main/2021?action=edit HTTP/1.1" 200 9271 "-" "Mozilla/5.0 (Windows NT 10.0; Win64; x64) AppleWebKit/537.36 (KHTML, like Gecko) Chrome/74.0.3729.169 Safari/537.36"
185.119.81.101 - - [24/Feb/2022:19:07:42 +0100] "GET /Main/2021?action=diff HTTP/1.1" 200 16160 "-" "Mozilla/5.0 (Windows NT 10.0; Win64; x64) AppleWebKit/537.36 (KHTML, like Gecko) Chrome/74.0.3729.169 Safari/537.36"
185.119.81.101 - - [24/Feb/2022:19:07:42 +0100] "GET /Main/2021?action=print HTTP/1.1" 200 11100 "-" "Mozilla/5.0 (Windows NT 10.0; Win64; x64) AppleWebKit/537.36 (KHTML, like Gecko) Chrome/74.0.3729.169 Safari/537.36"
185.119.81.101 - - [24/Feb/2022:19:07:43 +0100] "GET /Main/2021?action=upload HTTP/1.1" 200 8737 "-" "Mozilla/5.0 (Windows NT 10.0; Win64; x64) AppleWebKit/537.36 (KHTML, like Gecko) Chrome/74.0.3729.169 Safari/537.36"
185.119.81.101 - - [24/Feb/2022:19:07:43 +0100] "GET /Main/2021?n=Main.SideBar?action=edit HTTP/1.1" 200 9322 "-" "Mozilla/5.0 (Windows NT 10.0; Win64; x64) AppleWebKit/537.36 (KHTML, like Gecko) Chrome/74.0.3729.169 Safari/537.36"
185.119.81.101 - - [24/Feb/2022:19:07:44 +0100] "GET /Hmg/67 HTTP/1.1" 200 12301 "-" "Mozilla/5.0 (Windows NT 10.0; Win64; x64) AppleWebKit/537.36 (KHTML, like Gecko) Chrome/74.0.3729.169 Safari/537.36"
185.119.81.101 - - [24/Feb/2022:19:07:45 +0100] "GET /Main/2016?action=edit HTTP/1.1" 200 9271 "-" "Mozilla/5.0 (Windows NT 10.0; Win64; x64) AppleWebKit/537.36 (KHTML, like Gecko) Chrome/74.0.3729.169 Safari/537.36"
185.119.81.101 - - [24/Feb/2022:19:07:45 +0100] "GET /Main/2016?action=diff HTTP/1.1" 200 14358 "-" "Mozilla/5.0 (Windows NT 10.0; Win64; x64) AppleWebKit/537.36 (KHTML, like Gecko) Chrome/74.0.3729.169 Safari/537.36"
185.119.81.101 - - [24/Feb/2022:19:07:45 +0100] "GET /Main/2016?action=print HTTP/1.1" 200 8318 "-" "Mozilla/5.0 (Windows NT 10.0; Win64; x64) AppleWebKit/537.36 (KHTML, like Gecko) Chrome/74.0.3729.169 Safari/537.36"
185.119.81.101 - - [24/Feb/2022:19:07:46 +0100] "GET /Main/2016?action=upload HTTP/1.1" 200 8737 "-" "Mozilla/5.0 (Windows NT 10.0; Win64; x64) AppleWebKit/537.36 (KHTML, like Gecko) Chrome/74.0.3729.169 Safari/537.36"
185.119.81.101 - - [24/Feb/2022:19:07:46 +0100] "GET /Main/2016?n=Main.SideBar?action=edit HTTP/1.1" 200 9322 "-" "Mozilla/5.0 (Windows NT 10.0; Win64; x64) AppleWebKit/537.36 (KHTML, like Gecko) Chrome/74.0.3729.169 Safari/537.36"
185.119.81.101 - - [24/Feb/2022:19:07:47 +0100] "GET /uploads/Main/AIPS_FI_PI_Probleme_25.1.2016.txt HTTP/1.1" 200 24362 "-" "Mozilla/5.0 (Windows NT 10.0; Win64; x64) AppleWebKit/537.36 (KHTML, like Gecko) Chrome/74.0.3729.169 Safari/537.36"
162.210.196.100 - - [24/Feb/2022:19:13:02 +0100] "GET /robots.txt HTTP/1.1" 200 - "-" "Mozilla/5.0 (compatible; MJ12bot/v1.4.8; http://mj12bot.com/)"
162.210.196.100 - - [24/Feb/2022:19:13:05 +0100] "GET / HTTP/1.1" 200 11137 "-" "Mozilla/5.0 (compatible; MJ12bot/v1.4.8; http://mj12bot.com/)"
89.246.241.14 - - [24/Feb/2022:19:13:16 +0100] "GET /Ywesee/Kontakt HTTP/1.1" 200 8973 "-" "Mozilla/5.0 (Windows NT 10.0; Win64; x64; rv:84.0) Gecko/20100101 Firefox/84.0"
89.246.241.14 - - [24/Feb/2022:19:14:59 +0100] "GET /Main/MiGel HTTP/1.1" 200 16437 "-" "Mozilla/5.0 (Windows NT 10.0; Win64; x64; rv:84.0) Gecko/20100101 Firefox/84.0"
54.84.192.51 - - [24/Feb/2022:19:17:25 +0100] "GET /keybase.txt HTTP/1.1" 200 2659 "-" "keybase-proofs/2.3.24"
89.246.241.14 - - [24/Feb/2022:19:22:32 +0100] "GET /Main/Home?action=upload HTTP/1.1" 200 8738 "-" "Mozilla/5.0 (Windows NT 10.0; Win64; x64; rv:84.0) Gecko/20100101 Firefox/84.0"
89.246.241.14 - - [24/Feb/2022:19:26:38 +0100] "GET /Ywesee/InfoCodex HTTP/1.1" 200 24435 "-" "Mozilla/5.0 (Windows NT 10.0; Win64; x64; rv:84.0) Gecko/20100101 Firefox/84.0"
89.246.241.14 - - [24/Feb/2022:19:40:44 +0100] "GET /Main/2006?action=edit HTTP/1.1" 200 9271 "-" "Mozilla/5.0 (Windows NT 10.0; Win64; x64; rv:84.0) Gecko/20100101 Firefox/84.0"
89.246.241.14 - - [24/Feb/2022:19:41:40 +0100] "GET /Oddb2xml/XSD HTTP/1.1" 200 8519 "-" "Mozilla/5.0 (Windows NT 10.0; Win64; x64; rv:84.0) Gecko/20100101 Firefox/84.0"
89.246.241.14 - - [24/Feb/2022:19:48:44 +0100] "GET /Ywesee/InfoCodexProcedure HTTP/1.1" 200 12373 "-" "Mozilla/5.0 (Windows NT 10.0; Win64; x64; rv:84.0) Gecko/20100101 Firefox/84.0"
89.246.241.14 - - [24/Feb/2022:19:49:40 +0100] "GET /Main/2014?action=print HTTP/1.1" 200 14490 "-" "Mozilla/5.0 (Windows NT 10.0; Win64; x64; rv:84.0) Gecko/20100101 Firefox/84.0"
89.246.241.14 - - [24/Feb/2022:19:50:08 +0100] "GET /Main/2007?action=edit HTTP/1.1" 200 9271 "-" "Mozilla/5.0 (Windows NT 10.0; Win64; x64; rv:84.0) Gecko/20100101 Firefox/84.0"
89.246.241.14 - - [24/Feb/2022:19:55:30 +0100] "GET /uploads/Main/Chaos_auf_dem_Medikamenten-Markt.pdf HTTP/1.1" 200 67922 "-" "Mozilla/5.0 (Windows NT 10.0; Win64; x64; rv:84.0) Gecko/20100101 Firefox/84.0"
89.246.241.14 - - [24/Feb/2022:19:55:59 +0100] "GET /uploads/Main/Distributed_Import_Option_in_InfoCodex.pdf HTTP/1.1" 200 223378 "-" "Mozilla/5.0 (Windows NT 10.0; Win64; x64; rv:84.0) Gecko/20100101 Firefox/84.0"
54.36.149.5 - - [24/Feb/2022:19:56:19 +0100] "GET /robots.txt HTTP/1.1" 200 - "-" "Mozilla/5.0 (compatible; AhrefsBot/7.0; +http://ahrefs.com/robot/)"
54.36.149.76 - - [24/Feb/2022:19:56:20 +0100] "GET / HTTP/1.1" 200 11137 "-" "Mozilla/5.0 (compatible; AhrefsBot/7.0; +http://ahrefs.com/robot/)"
185.191.171.7 - - [24/Feb/2022:19:56:46 +0100] "GET /robots.txt HTTP/1.1" 200 - "-" "Mozilla/5.0 (compatible; SemrushBot/7~bl; +http://www.semrush.com/bot.html)"
185.191.171.12 - - [24/Feb/2022:19:56:47 +0100] "GET /Epha/Flow?action=print HTTP/1.1" 403 18 "-" "Mozilla/5.0 (compatible; SemrushBot/7~bl; +http://www.semrush.com/bot.html)"
185.191.171.4 - - [24/Feb/2022:20:02:53 +0100] "GET /Miele/MieleLXIV HTTP/1.1" 200 15367 "-" "Mozilla/5.0 (compatible; SemrushBot/7~bl; +http://www.semrush.com/bot.html)"
89.246.241.14 - - [24/Feb/2022:20:03:08 +0100] "GET /Bundesrat/Ebook HTTP/1.1" 200 10101 "-" "Mozilla/5.0 (Windows NT 10.0; Win64; x64; rv:84.0) Gecko/20100101 Firefox/84.0"
89.246.241.14 - - [24/Feb/2022:20:03:22 +0100] "GET /Main/HirslandenProfessional HTTP/1.1" 200 8885 "-" "Mozilla/5.0 (Windows NT 10.0; Win64; x64; rv:84.0) Gecko/20100101 Firefox/84.0"
89.246.241.14 - - [24/Feb/2022:20:04:17 +0100] "GET /Main/MyMedi HTTP/1.1" 200 9646 "-" "Mozilla/5.0 (Windows NT 10.0; Win64; x64; rv:84.0) Gecko/20100101 Firefox/84.0"
89.246.241.14 - - [24/Feb/2022:20:05:40 +0100] "GET /Main/Refdata HTTP/1.1" 200 11486 "-" "Mozilla/5.0 (Windows NT 10.0; Win64; x64; rv:84.0) Gecko/20100101 Firefox/84.0"
89.246.241.14 - - [24/Feb/2022:20:08:11 +0100] "GET /Main/2005?action=upload HTTP/1.1" 200 8737 "-" "Mozilla/5.0 (Windows NT 10.0; Win64; x64; rv:84.0) Gecko/20100101 Firefox/84.0"
143.244.136.172 - - [24/Feb/2022:20:08:44 +0100] "GET /Miele/MieleLXIV HTTP/1.1" 200 15367 "https://www.postdicom.com/" "Mozilla/5.0 (Windows NT 10.0; Win64; x64) AppleWebKit/537.36 (KHTML, like Gecko) Chrome/98.0.4758.82 Safari/537.36"
143.244.136.172 - - [24/Feb/2022:20:08:45 +0100] "GET /pub/skins/ywesee/gila.css HTTP/1.1" 200 8276 "https://www.ywesee.com/Miele/MieleLXIV" "Mozilla/5.0 (Windows NT 10.0; Win64; x64) AppleWebKit/537.36 (KHTML, like Gecko) Chrome/98.0.4758.82 Safari/537.36"
143.244.136.172 - - [24/Feb/2022:20:08:48 +0100] "GET /favicon.ico HTTP/1.1" 200 1406 "https://www.ywesee.com/Miele/MieleLXIV" "Mozilla/5.0 (Windows NT 10.0; Win64; x64) AppleWebKit/537.36 (KHTML, like Gecko) Chrome/98.0.4758.82 Safari/537.36"
143.244.136.172 - - [24/Feb/2022:20:13:05 +0100] "GET /Miele/MieleLXIV HTTP/1.1" 200 15367 "https://www.postdicom.com/" "Mozilla/5.0 (Windows NT 10.0; Win64; x64) AppleWebKit/537.36 (KHTML, like Gecko) Chrome/98.0.4758.82 Safari/537.36"
89.246.241.14 - - [24/Feb/2022:20:13:40 +0100] "GET /Main/Legende HTTP/1.1" 200 9217 "-" "Mozilla/5.0 (Windows NT 10.0; Win64; x64; rv:84.0) Gecko/20100101 Firefox/84.0"
89.246.241.14 - - [24/Feb/2022:20:13:45 +0100] "GET /Main/EANCode HTTP/1.1" 200 9821 "-" "Mozilla/5.0 (Windows NT 10.0; Win64; x64; rv:84.0) Gecko/20100101 Firefox/84.0"
89.246.241.14 - - [24/Feb/2022:20:19:33 +0100] "GET /Main/2006?action=diff HTTP/1.1" 200 41442 "-" "Mozilla/5.0 (Windows NT 10.0; Win64; x64; rv:84.0) Gecko/20100101 Firefox/84.0"
89.246.241.14 - - [24/Feb/2022:20:25:43 +0100] "GET /Main/MediStammdatenKostenSchweiz HTTP/1.1" 200 10264 "-" "Mozilla/5.0 (Windows NT 10.0; Win64; x64; rv:84.0) Gecko/20100101 Firefox/84.0"
40.77.167.51 - - [24/Feb/2022:20:25:49 +0100] "GET /Main/MyMedi HTTP/1.1" 200 9646 "-" "Mozilla/5.0 (compatible; bingbot/2.0; +http://www.bing.com/bingbot.htm)"
37.209.179.240 - - [24/Feb/2022:20:27:24 +0100] "GET /uploads/Main/B-2597_2017.pdf HTTP/1.1" 200 3342329 "https://www.linkedin.com/" "Mozilla/5.0 (Macintosh; Intel Mac OS X 10_15_6) AppleWebKit/605.1.15 (KHTML, like Gecko) Mobile/15E148 [LinkedInApp]"
185.191.171.1 - - [24/Feb/2022:20:30:27 +0100] "GET /SpitalSchweiz/AnzahlBettenstationaer2012?action=print HTTP/1.1" 403 18 "-" "Mozilla/5.0 (compatible; SemrushBot/7~bl; +http://www.semrush.com/bot.html)"
89.246.241.14 - - [24/Feb/2022:20:33:52 +0100] "GET /uploads/Main/Seite_1.pdf HTTP/1.1" 200 1100985 "-" "Mozilla/5.0 (Windows NT 10.0; Win64; x64; rv:84.0) Gecko/20100101 Firefox/84.0"
40.77.167.59 - - [24/Feb/2022:20:45:16 +0100] "GET /Software/Spreadsheet HTTP/1.1" 200 8839 "-" "Mozilla/5.0 (compatible; bingbot/2.0; +http://www.bing.com/bingbot.htm)"
40.77.167.29 - - [24/Feb/2022:20:45:31 +0100] "GET /pub/skins/ywesee/gila.css HTTP/1.1" 200 8276 "-" "Mozilla/5.0 (compatible; bingbot/2.0; +http://www.bing.com/bingbot.htm)"
89.246.241.14 - - [24/Feb/2022:20:46:12 +0100] "GET /Ywesee/BitcoinBlockchain HTTP/1.1" 200 9811 "-" "Mozilla/5.0 (Windows NT 10.0; Win64; x64; rv:84.0) Gecko/20100101 Firefox/84.0"
89.246.241.14 - - [24/Feb/2022:20:49:28 +0100] "GET /Main/2005?action=diff HTTP/1.1" 200 94077 "-" "Mozilla/5.0 (Windows NT 10.0; Win64; x64; rv:84.0) Gecko/20100101 Firefox/84.0"
89.246.241.14 - - [24/Feb/2022:20:49:34 +0100] "GET /Main/2014?action=diff HTTP/1.1" 200 19552 "-" "Mozilla/5.0 (Windows NT 10.0; Win64; x64; rv:84.0) Gecko/20100101 Firefox/84.0"
185.191.171.16 - - [24/Feb/2022:20:50:49 +0100] "GET /Ywesee/IGM11?action=upload HTTP/1.1" 403 18 "-" "Mozilla/5.0 (compatible; SemrushBot/7~bl; +http://www.semrush.com/bot.html)"
89.246.241.14 - - [24/Feb/2022:20:57:55 +0100] "GET /ODDB/Flow HTTP/1.1" 200 8944 "-" "Mozilla/5.0 (Windows NT 10.0; Win64; x64; rv:84.0) Gecko/20100101 Firefox/84.0"
89.246.241.14 - - [24/Feb/2022:20:58:47 +0100] "GET /uploads/Main/fmh_stellungnahme_kompendiumsbuch_20.11.2007.pdf HTTP/1.1" 200 67339 "-" "Mozilla/5.0 (Windows NT 10.0; Win64; x64; rv:84.0) Gecko/20100101 Firefox/84.0"
20.102.80.228 - - [24/Feb/2022:21:01:11 +0100] "GET / HTTP/1.1" 200 11137 "-" "Mozilla/5.0 (Windows NT 10.0; Win64; x64) AppleWebKit/537.36 (KHTML, like Gecko) Chrome/78.0.3904.108 Safari/537.36"
20.102.80.228 - - [24/Feb/2022:21:01:11 +0100] "GET /wp-includes/wlwmanifest.xml HTTP/1.1" 404 286 "-" "Mozilla/5.0 (Windows NT 10.0; Win64; x64) AppleWebKit/537.36 (KHTML, like Gecko) Chrome/78.0.3904.108 Safari/537.36"
20.102.80.228 - - [24/Feb/2022:21:01:11 +0100] "GET /xmlrpc.php?rsd HTTP/1.1" 404 269 "-" "Mozilla/5.0 (Windows NT 10.0; Win64; x64) AppleWebKit/537.36 (KHTML, like Gecko) Chrome/78.0.3904.108 Safari/537.36"
20.102.80.228 - - [24/Feb/2022:21:01:11 +0100] "GET / HTTP/1.1" 200 11137 "-" "Mozilla/5.0 (Windows NT 10.0; Win64; x64) AppleWebKit/537.36 (KHTML, like Gecko) Chrome/78.0.3904.108 Safari/537.36"
20.102.80.228 - - [24/Feb/2022:21:01:11 +0100] "GET /blog/wp-includes/wlwmanifest.xml HTTP/1.1" 404 291 "-" "Mozilla/5.0 (Windows NT 10.0; Win64; x64) AppleWebKit/537.36 (KHTML, like Gecko) Chrome/78.0.3904.108 Safari/537.36"
20.102.80.228 - - [24/Feb/2022:21:01:11 +0100] "GET /web/wp-includes/wlwmanifest.xml HTTP/1.1" 404 290 "-" "Mozilla/5.0 (Windows NT 10.0; Win64; x64) AppleWebKit/537.36 (KHTML, like Gecko) Chrome/78.0.3904.108 Safari/537.36"
20.102.80.228 - - [24/Feb/2022:21:01:11 +0100] "GET /wordpress/wp-includes/wlwmanifest.xml HTTP/1.1" 404 296 "-" "Mozilla/5.0 (Windows NT 10.0; Win64; x64) AppleWebKit/537.36 (KHTML, like Gecko) Chrome/78.0.3904.108 Safari/537.36"
20.102.80.228 - - [24/Feb/2022:21:01:11 +0100] "GET /website/wp-includes/wlwmanifest.xml HTTP/1.1" 404 294 "-" "Mozilla/5.0 (Windows NT 10.0; Win64; x64) AppleWebKit/537.36 (KHTML, like Gecko) Chrome/78.0.3904.108 Safari/537.36"
20.102.80.228 - - [24/Feb/2022:21:01:11 +0100] "GET /wp/wp-includes/wlwmanifest.xml HTTP/1.1" 404 289 "-" "Mozilla/5.0 (Windows NT 10.0; Win64; x64) AppleWebKit/537.36 (KHTML, like Gecko) Chrome/78.0.3904.108 Safari/537.36"
20.102.80.228 - - [24/Feb/2022:21:01:12 +0100] "GET /news/wp-includes/wlwmanifest.xml HTTP/1.1" 404 291 "-" "Mozilla/5.0 (Windows NT 10.0; Win64; x64) AppleWebKit/537.36 (KHTML, like Gecko) Chrome/78.0.3904.108 Safari/537.36"
20.102.80.228 - - [24/Feb/2022:21:01:12 +0100] "GET /2018/wp-includes/wlwmanifest.xml HTTP/1.1" 404 250 "-" "Mozilla/5.0 (Windows NT 10.0; Win64; x64) AppleWebKit/537.36 (KHTML, like Gecko) Chrome/78.0.3904.108 Safari/537.36"
20.102.80.228 - - [24/Feb/2022:21:01:12 +0100] "GET /2019/wp-includes/wlwmanifest.xml HTTP/1.1" 404 250 "-" "Mozilla/5.0 (Windows NT 10.0; Win64; x64) AppleWebKit/537.36 (KHTML, like Gecko) Chrome/78.0.3904.108 Safari/537.36"
20.102.80.228 - - [24/Feb/2022:21:01:12 +0100] "GET /shop/wp-includes/wlwmanifest.xml HTTP/1.1" 404 291 "-" "Mozilla/5.0 (Windows NT 10.0; Win64; x64) AppleWebKit/537.36 (KHTML, like Gecko) Chrome/78.0.3904.108 Safari/537.36"
20.102.80.228 - - [24/Feb/2022:21:01:12 +0100] "GET /wp1/wp-includes/wlwmanifest.xml HTTP/1.1" 404 290 "-" "Mozilla/5.0 (Windows NT 10.0; Win64; x64) AppleWebKit/537.36 (KHTML, like Gecko) Chrome/78.0.3904.108 Safari/537.36"
20.102.80.228 - - [24/Feb/2022:21:01:12 +0100] "GET /test/wp-includes/wlwmanifest.xml HTTP/1.1" 404 291 "-" "Mozilla/5.0 (Windows NT 10.0; Win64; x64) AppleWebKit/537.36 (KHTML, like Gecko) Chrome/78.0.3904.108 Safari/537.36"
20.102.80.228 - - [24/Feb/2022:21:01:12 +0100] "GET /media/wp-includes/wlwmanifest.xml HTTP/1.1" 404 292 "-" "Mozilla/5.0 (Windows NT 10.0; Win64; x64) AppleWebKit/537.36 (KHTML, like Gecko) Chrome/78.0.3904.108 Safari/537.36"
20.102.80.228 - - [24/Feb/2022:21:01:12 +0100] "GET /wp2/wp-includes/wlwmanifest.xml HTTP/1.1" 404 290 "-" "Mozilla/5.0 (Windows NT 10.0; Win64; x64) AppleWebKit/537.36 (KHTML, like Gecko) Chrome/78.0.3904.108 Safari/537.36"
20.102.80.228 - - [24/Feb/2022:21:01:12 +0100] "GET /site/wp-includes/wlwmanifest.xml HTTP/1.1" 404 291 "-" "Mozilla/5.0 (Windows NT 10.0; Win64; x64) AppleWebKit/537.36 (KHTML, like Gecko) Chrome/78.0.3904.108 Safari/537.36"
20.102.80.228 - - [24/Feb/2022:21:01:12 +0100] "GET /cms/wp-includes/wlwmanifest.xml HTTP/1.1" 404 290 "-" "Mozilla/5.0 (Windows NT 10.0; Win64; x64) AppleWebKit/537.36 (KHTML, like Gecko) Chrome/78.0.3904.108 Safari/537.36"
20.102.80.228 - - [24/Feb/2022:21:01:12 +0100] "GET /sito/wp-includes/wlwmanifest.xml HTTP/1.1" 404 291 "-" "Mozilla/5.0 (Windows NT 10.0; Win64; x64) AppleWebKit/537.36 (KHTML, like Gecko) Chrome/78.0.3904.108 Safari/537.36"
54.36.148.195 - - [24/Feb/2022:21:11:37 +0100] "GET / HTTP/1.1" 200 11137 "-" "Mozilla/5.0 (compatible; AhrefsBot/7.0; +http://ahrefs.com/robot/)"
89.246.241.14 - - [24/Feb/2022:21:16:41 +0100] "GET /Main/FAZ HTTP/1.1" 200 8325 "-" "Mozilla/5.0 (Windows NT 10.0; Win64; x64; rv:84.0) Gecko/20100101 Firefox/84.0"
54.36.148.157 - - [24/Feb/2022:21:17:48 +0100] "GET /Main/2019 HTTP/1.1" 200 15246 "-" "Mozilla/5.0 (compatible; AhrefsBot/7.0; +http://ahrefs.com/robot/)"
89.246.241.14 - - [24/Feb/2022:21:18:23 +0100] "GET /Oddb2xml/Version HTTP/1.1" 200 9879 "-" "Mozilla/5.0 (Windows NT 10.0; Win64; x64; rv:84.0) Gecko/20100101 Firefox/84.0"
89.246.241.14 - - [24/Feb/2022:21:23:12 +0100] "GET /MEDIupdateXML/Aerzte HTTP/1.1" 200 8529 "-" "Mozilla/5.0 (Windows NT 10.0; Win64; x64; rv:84.0) Gecko/20100101 Firefox/84.0"
54.36.149.18 - - [24/Feb/2022:21:25:46 +0100] "GET /AmiKo/IOS HTTP/1.1" 200 11930 "-" "Mozilla/5.0 (compatible; AhrefsBot/7.0; +http://ahrefs.com/robot/)"
89.246.241.14 - - [24/Feb/2022:21:26:58 +0100] "GET /Main/WekoBlog HTTP/1.1" 200 22209 "-" "Mozilla/5.0 (Windows NT 10.0; Win64; x64; rv:84.0) Gecko/20100101 Firefox/84.0"
89.246.241.14 - - [24/Feb/2022:21:31:32 +0100] "GET /Main/Saldo HTTP/1.1" 200 8416 "-" "Mozilla/5.0 (Windows NT 10.0; Win64; x64; rv:84.0) Gecko/20100101 Firefox/84.0"
185.191.171.4 - - [24/Feb/2022:21:34:30 +0100] "GET /robots.txt HTTP/1.1" 200 - "-" "Mozilla/5.0 (compatible; SemrushBot/7~bl; +http://www.semrush.com/bot.html)"
185.191.171.12 - - [24/Feb/2022:21:34:31 +0100] "GET /Main/Legende?action=diff HTTP/1.1" 403 18 "-" "Mozilla/5.0 (compatible; SemrushBot/7~bl; +http://www.semrush.com/bot.html)"
89.246.241.14 - - [24/Feb/2022:21:34:51 +0100] "GET /Epha/Flow HTTP/1.1" 200 8668 "-" "Mozilla/5.0 (Windows NT 10.0; Win64; x64; rv:84.0) Gecko/20100101 Firefox/84.0"
89.246.241.14 - - [24/Feb/2022:21:41:26 +0100] "GET /uploads/Main/IC-Enterprise.pdf HTTP/1.1" 200 868608 "-" "Mozilla/5.0 (Windows NT 10.0; Win64; x64; rv:84.0) Gecko/20100101 Firefox/84.0"
89.246.241.14 - - [24/Feb/2022:21:41:50 +0100] "GET /uploads/Main/Schreiben_Bfarm_20.3.2007.pdf HTTP/1.1" 200 607598 "-" "Mozilla/5.0 (Windows NT 10.0; Win64; x64; rv:84.0) Gecko/20100101 Firefox/84.0"
89.246.241.14 - - [24/Feb/2022:21:43:53 +0100] "GET /Main/2007?n=Main.SideBar?action=edit HTTP/1.1" 200 9322 "-" "Mozilla/5.0 (Windows NT 10.0; Win64; x64; rv:84.0) Gecko/20100101 Firefox/84.0"
89.246.241.14 - - [24/Feb/2022:21:47:09 +0100] "GET /Ywesee/KurzFachinfo HTTP/1.1" 200 8845 "-" "Mozilla/5.0 (Windows NT 10.0; Win64; x64; rv:84.0) Gecko/20100101 Firefox/84.0"
5.102.173.71 - - [24/Feb/2022:21:54:03 +0100] "GET /robots.txt HTTP/1.1" 200 - "-" "Mozilla/5.0 (compatible; MojeekBot/0.10; +https://www.mojeek.com/bot.html)"
5.102.173.71 - - [24/Feb/2022:21:54:03 +0100] "GET /Oddb2xml/Version HTTP/1.1" 200 9879 "-" "Mozilla/5.0 (compatible; MojeekBot/0.10; +https://www.mojeek.com/bot.html)"
89.246.241.14 - - [24/Feb/2022:21:54:52 +0100] "GET /Main/2006?n=Main.SideBar?action=edit HTTP/1.1" 200 9322 "-" "Mozilla/5.0 (Windows NT 10.0; Win64; x64; rv:84.0) Gecko/20100101 Firefox/84.0"
89.246.241.14 - - [24/Feb/2022:22:00:30 +0100] "GET /uploads/Main/Saldo_12.9.2007.pdf HTTP/1.1" 200 6147 "-" "Mozilla/5.0 (Windows NT 10.0; Win64; x64; rv:84.0) Gecko/20100101 Firefox/84.0"
185.191.34.215 - - [24/Feb/2022:22:04:46 +0100] "GET /assets/images/accesson0.php HTTP/1.1" 404 286 "-" "Mozilla/5.0 (Macintosh; Intel Mac OS X 10.14; rv:68.0) Gecko/20100101 Firefox/68.0"
89.246.241.14 - - [24/Feb/2022:22:05:42 +0100] "GET /Main/2005?n=Main.SideBar?action=edit HTTP/1.1" 200 9322 "-" "Mozilla/5.0 (Windows NT 10.0; Win64; x64; rv:84.0) Gecko/20100101 Firefox/84.0"
87.250.224.114 - - [24/Feb/2022:22:08:15 +0100] "GET /robots.txt HTTP/1.1" 200 - "-" "Mozilla/5.0 (compatible; YandexBot/3.0; +http://yandex.com/bots)"
89.246.241.14 - - [24/Feb/2022:22:08:17 +0100] "GET /Ywesee/ElektronischesPatientendossierSchweiz HTTP/1.1" 200 11065 "-" "Mozilla/5.0 (Windows NT 10.0; Win64; x64; rv:84.0) Gecko/20100101 Firefox/84.0"
87.250.224.114 - - [24/Feb/2022:22:08:18 +0100] "GET /Main/2010 HTTP/1.1" 200 27997 "-" "Mozilla/5.0 (compatible; YandexBot/3.0; +http://yandex.com/bots)"
185.191.171.22 - - [24/Feb/2022:22:09:58 +0100] "GET /Software/ODBA HTTP/1.1" 200 12503 "-" "Mozilla/5.0 (compatible; SemrushBot/7~bl; +http://www.semrush.com/bot.html)"
89.246.241.14 - - [24/Feb/2022:22:18:34 +0100] "GET /Main/2007?action=print HTTP/1.1" 200 45502 "-" "Mozilla/5.0 (Windows NT 10.0; Win64; x64; rv:84.0) Gecko/20100101 Firefox/84.0"
89.246.241.14 - - [24/Feb/2022:22:22:07 +0100] "GET /uploads/Main/an_jenny_17.10.2007.pdf HTTP/1.1" 200 154981 "-" "Mozilla/5.0 (Windows NT 10.0; Win64; x64; rv:84.0) Gecko/20100101 Firefox/84.0"
207.46.13.46 - - [24/Feb/2022:22:22:37 +0100] "GET /Main/2005 HTTP/1.1" 200 63344 "-" "Mozilla/5.0 (compatible; bingbot/2.0; +http://www.bing.com/bingbot.htm)"
89.246.241.14 - - [24/Feb/2022:22:23:17 +0100] "GET /Main/Elexis HTTP/1.1" 200 10922 "-" "Mozilla/5.0 (Windows NT 10.0; Win64; x64; rv:84.0) Gecko/20100101 Firefox/84.0"
40.77.167.29 - - [24/Feb/2022:22:25:53 +0100] "GET /Main/2019 HTTP/1.1" 200 15246 "-" "Mozilla/5.0 (compatible; bingbot/2.0; +http://www.bing.com/bingbot.htm)"
89.246.241.14 - - [24/Feb/2022:22:26:36 +0100] "GET /Ywesee/InfoCodexProximity HTTP/1.1" 200 9809 "-" "Mozilla/5.0 (Windows NT 10.0; Win64; x64; rv:84.0) Gecko/20100101 Firefox/84.0"
58.250.125.157 - - [24/Feb/2022:22:28:17 +0100] "GET / HTTP/1.1" 200 11137 "-" "Sogou web spider/4.0(+http://www.sogou.com/docs/help/webmasters.htm#07)"
89.246.241.14 - - [24/Feb/2022:22:28:21 +0100] "GET /Main/FMH HTTP/1.1" 200 8327 "-" "Mozilla/5.0 (Windows NT 10.0; Win64; x64; rv:84.0) Gecko/20100101 Firefox/84.0"
89.246.241.14 - - [24/Feb/2022:22:41:06 +0100] "GET /uploads/Main/Stellenbeschreibung_Ruby_ywesee_GmbH.pdf HTTP/1.1" 200 65223 "-" "Mozilla/5.0 (Windows NT 10.0; Win64; x64; rv:84.0) Gecko/20100101 Firefox/84.0"
95.163.255.84 - - [24/Feb/2022:22:43:29 +0100] "GET /robots.txt HTTP/1.0" 200 - "-" "Mozilla/5.0 (compatible; Linux x86_64; Mail.RU_Bot/2.0; +http://go.mail.ru/help/robots)"
95.163.255.82 - - [24/Feb/2022:22:43:31 +0100] "GET / HTTP/1.1" 200 11137 "-" "Mozilla/5.0 (compatible; Linux x86_64; Mail.RU_Bot/2.0; +http://go.mail.ru/help/robots)"
89.246.241.14 - - [24/Feb/2022:22:44:44 +0100] "GET /Main/2006?action=print HTTP/1.1" 200 34248 "-" "Mozilla/5.0 (Windows NT 10.0; Win64; x64; rv:84.0) Gecko/20100101 Firefox/84.0"
89.246.241.14 - - [24/Feb/2022:22:44:50 +0100] "GET /Main/2007?action=diff HTTP/1.1" 200 57691 "-" "Mozilla/5.0 (Windows NT 10.0; Win64; x64; rv:84.0) Gecko/20100101 Firefox/84.0"
89.246.241.14 - - [24/Feb/2022:22:46:50 +0100] "GET /Apotheke/POS HTTP/1.1" 200 11138 "-" "Mozilla/5.0 (Windows NT 10.0; Win64; x64; rv:84.0) Gecko/20100101 Firefox/84.0"
17.121.115.164 - - [24/Feb/2022:22:47:09 +0100] "GET /AmiKo/Windows HTTP/1.1" 200 10332 "-" "Mozilla/5.0 (Macintosh; Intel Mac OS X 10_15_5) AppleWebKit/605.1.15 (KHTML, like Gecko) Version/13.1.1 Safari/605.1.15 (Applebot/0.1; +http://www.apple.com/go/applebot)"
89.246.241.14 - - [24/Feb/2022:22:48:22 +0100] "GET /Main/2006?action=upload HTTP/1.1" 200 8737 "-" "Mozilla/5.0 (Windows NT 10.0; Win64; x64; rv:84.0) Gecko/20100101 Firefox/84.0"
89.246.241.14 - - [24/Feb/2022:22:48:56 +0100] "GET /uploads/Main/Deutsche_Pillen_sind_billiger.pdf HTTP/1.1" 200 144061 "-" "Mozilla/5.0 (Windows NT 10.0; Win64; x64; rv:84.0) Gecko/20100101 Firefox/84.0"
178.238.175.214 - - [24/Feb/2022:22:51:01 +0100] "GET /uploads/Arks/Arks_The_Game.pdf HTTP/1.1" 200 774337 "https://www.google.com/" "Mozilla/5.0 (Macintosh; Intel Mac OS X 10.15; rv:97.0) Gecko/20100101 Firefox/97.0"
178.238.175.214 - - [24/Feb/2022:22:51:10 +0100] "GET /uploads/Arks/Arks_The_Game.pdf HTTP/1.1" 200 774337 "https://www.google.com/" "Mozilla/5.0 (Macintosh; Intel Mac OS X 10.15; rv:97.0) Gecko/20100101 Firefox/97.0"
180.163.220.5 - - [24/Feb/2022:22:53:32 +0100] "GET /Miele/MieleLXIV HTTP/1.1" 200 15367 "-" "Mozilla/5.0 (Linux; U; Android 8.1.0; zh-CN; EML-AL00 Build/HUAWEIEML-AL00) AppleWebKit/537.36 (KHTML, like Gecko) Version/4.0 Chrome/57.0.2987.108 baidu.sogo.uc.UCBrowser/11.9.4.974 UWS/2.13.1.48 Mobile Safari/537.36 AliApp(DingTalk/4.5.11) com.alibaba.android.rimet/10487439 Channel/227200 language/zh-CN"
180.163.220.5 - - [24/Feb/2022:22:53:35 +0100] "GET /Miele/MieleLXIV HTTP/1.1" 200 15367 "http://baidu.com/" "Mozilla/5.0 (Linux; U; Android 8.1.0; zh-CN; EML-AL00 Build/HUAWEIEML-AL00) AppleWebKit/537.36 (KHTML, like Gecko) Version/4.0 Chrome/57.0.2987.108 baidu.sogo.uc.UCBrowser/11.9.4.974 UWS/2.13.1.48 Mobile Safari/537.36 AliApp(DingTalk/4.5.11) com.alibaba.android.rimet/10487439 Channel/227200 language/zh-CN"
180.163.220.5 - - [24/Feb/2022:22:53:37 +0100] "GET /pub/skins/ywesee/gila.css HTTP/1.1" 200 8276 "https://www.ywesee.com/Miele/MieleLXIV" "Mozilla/5.0 (Linux; U; Android 8.1.0; zh-CN; EML-AL00 Build/HUAWEIEML-AL00) AppleWebKit/537.36 (KHTML, like Gecko) Version/4.0 Chrome/57.0.2987.108 baidu.sogo.uc.UCBrowser/11.9.4.974 UWS/2.13.1.48 Mobile Safari/537.36 AliApp(DingTalk/4.5.11) com.alibaba.android.rimet/10487439 Channel/227200 language/zh-CN"
89.246.241.14 - - [24/Feb/2022:22:53:52 +0100] "GET /Main/NZZ HTTP/1.1" 200 8325 "-" "Mozilla/5.0 (Windows NT 10.0; Win64; x64; rv:84.0) Gecko/20100101 Firefox/84.0"
89.246.241.14 - - [24/Feb/2022:22:55:34 +0100] "GET /Main/2005?action=print HTTP/1.1" 200 58097 "-" "Mozilla/5.0 (Windows NT 10.0; Win64; x64; rv:84.0) Gecko/20100101 Firefox/84.0"
89.246.241.14 - - [24/Feb/2022:22:55:57 +0100] "GET /Ywesee/IGM11 HTTP/1.1" 200 13051 "-" "Mozilla/5.0 (Windows NT 10.0; Win64; x64; rv:84.0) Gecko/20100101 Firefox/84.0"
89.246.241.14 - - [24/Feb/2022:22:56:19 +0100] "GET /uploads/Main/Seite_2.pdf HTTP/1.1" 200 1081044 "-" "Mozilla/5.0 (Windows NT 10.0; Win64; x64; rv:84.0) Gecko/20100101 Firefox/84.0"
89.246.241.14 - - [24/Feb/2022:22:57:50 +0100] "GET /Main/2007?action=upload HTTP/1.1" 200 8737 "-" "Mozilla/5.0 (Windows NT 10.0; Win64; x64; rv:84.0) Gecko/20100101 Firefox/84.0"
66.249.66.198 - - [24/Feb/2022:23:02:31 +0100] "GET /robots.txt HTTP/1.1" 200 - "-" "Mozilla/5.0 (compatible; Googlebot/2.1; +http://www.google.com/bot.html)"
66.249.66.196 - - [24/Feb/2022:23:02:31 +0100] "GET /app-ads.txt HTTP/1.1" 404 270 "-" "Google-adstxt"
66.249.66.196 - - [24/Feb/2022:23:02:32 +0100] "GET /ads.txt HTTP/1.1" 404 266 "-" "Mozilla/5.0 (compatible; Googlebot/2.1; +http://www.google.com/bot.html)"
185.191.171.2 - - [24/Feb/2022:23:11:39 +0100] "GET /robots.txt HTTP/1.1" 200 - "-" "Mozilla/5.0 (compatible; SemrushBot/7~bl; +http://www.semrush.com/bot.html)"
185.191.171.8 - - [24/Feb/2022:23:11:41 +0100] "GET /ODDB/Index?action=upload HTTP/1.1" 403 18 "-" "Mozilla/5.0 (compatible; SemrushBot/7~bl; +http://www.semrush.com/bot.html)"
17.121.112.102 - - [24/Feb/2022:23:12:01 +0100] "GET / HTTP/1.1" 200 11137 "-" "Mozilla/5.0 (Macintosh; Intel Mac OS X 10_15_5) AppleWebKit/605.1.15 (KHTML, like Gecko) Version/13.1.1 Safari/605.1.15 (Applebot/0.1; +http://www.apple.com/go/applebot)"
54.200.222.175 - - [24/Feb/2022:23:16:52 +0100] "GET / HTTP/1.1" 200 11137 "-" "Mozilla/5.0 (X11; Linux x86_64) AppleWebKit/537.36 (KHTML, like Gecko) Chrome/83.0.4103.97 Safari/537.36"
40.77.167.51 - - [24/Feb/2022:23:18:05 +0100] "GET / HTTP/1.1" 200 11137 "-" "Mozilla/5.0 (compatible; bingbot/2.0; +http://www.bing.com/bingbot.htm)"
34.211.54.238 - - [24/Feb/2022:23:23:16 +0100] "GET / HTTP/1.1" 200 11137 "-" "Mozilla/5.0 (X11; Linux x86_64) AppleWebKit/537.36 (KHTML, like Gecko) Chrome/83.0.4103.97 Safari/537.36"
34.219.30.108 - - [24/Feb/2022:23:23:59 +0100] "GET / HTTP/1.1" 200 11137 "-" "Mozilla/5.0 (X11; Linux x86_64) AppleWebKit/537.36 (KHTML, like Gecko) Chrome/83.0.4103.97 Safari/537.36"
52.27.227.179 - - [24/Feb/2022:23:26:17 +0100] "GET / HTTP/1.1" 200 11137 "http://ywesee.net" "Mozilla/5.0 (X11; Linux x86_64) AppleWebKit/537.36 (KHTML, like Gecko) Chrome/83.0.4103.97 Safari/537.36"
54.36.149.29 - - [24/Feb/2022:23:28:42 +0100] "GET /Software/ODDB HTTP/1.1" 200 10298 "-" "Mozilla/5.0 (compatible; AhrefsBot/7.0; +http://ahrefs.com/robot/)"
65.21.226.48 - - [24/Feb/2022:23:29:23 +0100] "GET /robots.txt HTTP/1.1" 200 - "-" "Mozilla/5.0 (compatible; SEOkicks; +https://www.seokicks.de/robot.html)"
65.21.226.48 - - [24/Feb/2022:23:29:24 +0100] "GET /Site/AllRecentChanges?action=rss HTTP/1.1" 200 2508 "https://ywesee.com/" "Mozilla/5.0 (compatible; SEOkicks; +https://www.seokicks.de/robot.html)"
65.21.226.48 - - [24/Feb/2022:23:29:25 +0100] "GET / HTTP/1.1" 200 11137 "https://ywesee.com/" "Mozilla/5.0 (compatible; SEOkicks; +https://www.seokicks.de/robot.html)"
65.21.226.48 - - [24/Feb/2022:23:29:26 +0100] "GET /GNU/Emacs HTTP/1.1" 404 8343 "https://www.ywesee.com/" "Mozilla/5.0 (compatible; SEOkicks; +https://www.seokicks.de/robot.html)"
65.21.226.48 - - [24/Feb/2022:23:29:28 +0100] "GET /Main/Home HTTP/1.1" 200 11137 "https://ywesee.com/" "Mozilla/5.0 (compatible; SEOkicks; +https://www.seokicks.de/robot.html)"
65.21.226.48 - - [24/Feb/2022:23:29:29 +0100] "GET /Main/GNU/Emacs HTTP/1.1" 404 250 "https://www.ywesee.com/Main/Home" "Mozilla/5.0 (compatible; SEOkicks; +https://www.seokicks.de/robot.html)"
65.21.226.48 - - [24/Feb/2022:23:29:30 +0100] "GET /Ywesee/About HTTP/1.1" 200 9132 "https://ywesee.com/" "Mozilla/5.0 (compatible; SEOkicks; +https://www.seokicks.de/robot.html)"
65.21.226.48 - - [24/Feb/2022:23:29:31 +0100] "GET /Ywesee/GNU/Emacs HTTP/1.1" 404 250 "https://www.ywesee.com/Ywesee/About" "Mozilla/5.0 (compatible; SEOkicks; +https://www.seokicks.de/robot.html)"
65.21.226.48 - - [24/Feb/2022:23:29:33 +0100] "GET /Ywesee/Events HTTP/1.1" 200 8918 "https://ywesee.com/" "Mozilla/5.0 (compatible; SEOkicks; +https://www.seokicks.de/robot.html)"
65.21.226.48 - - [24/Feb/2022:23:29:34 +0100] "GET /Ywesee/OpenSource HTTP/1.1" 200 10790 "https://ywesee.com/" "Mozilla/5.0 (compatible; SEOkicks; +https://www.seokicks.de/robot.html)"
65.21.226.48 - - [24/Feb/2022:23:29:36 +0100] "GET /Ywesee/Team HTTP/1.1" 200 18245 "https://ywesee.com/" "Mozilla/5.0 (compatible; SEOkicks; +https://www.seokicks.de/robot.html)"
185.27.99.123 - - [24/Feb/2022:23:34:11 +0100] "GET / HTTP/1.1" 200 11137 "http://ywesee.net/" "Mozilla/5.0 (Macintosh; Intel Mac OS X 10_13_6) AppleWebKit/537.36 (KHTML, like Gecko) Chrome/91.0.4472.114 Safari/537.36"
34.211.54.238 - - [24/Feb/2022:23:37:44 +0100] "GET / HTTP/1.1" 200 11137 "-" "Mozilla/5.0 (X11; Linux x86_64) AppleWebKit/537.36 (KHTML, like Gecko) Chrome/83.0.4103.97 Safari/537.36"
34.210.19.199 - - [24/Feb/2022:23:38:34 +0100] "GET / HTTP/1.1" 200 11137 "http://ywesee.net" "Mozilla/5.0 (X11; Linux x86_64) AppleWebKit/537.36 (KHTML, like Gecko) Chrome/83.0.4103.97 Safari/537.36"
40.77.167.29 - - [24/Feb/2022:23:41:12 +0100] "GET /uploads/Main/Email_Baehler_5.9.2005.txt HTTP/1.1" 200 2836 "-" "Mozilla/5.0 (compatible; bingbot/2.0; +http://www.bing.com/bingbot.htm)"
185.191.171.42 - - [24/Feb/2022:23:47:36 +0100] "GET /Main/WekoBlogAntragAufErweiterung HTTP/1.1" 200 15562 "-" "Mozilla/5.0 (compatible; SemrushBot/7~bl; +http://www.semrush.com/bot.html)"
40.77.167.29 - - [24/Feb/2022:23:54:40 +0100] "GET /Miele/MieleLXIV?action=edit HTTP/1.1" 403 18 "-" "Mozilla/5.0 (compatible; bingbot/2.0; +http://www.bing.com/bingbot.htm)"
