194.165.17.9 - - [30/May/2022:02:51:50 +0200] "POST /HotelMarriott/27062013 HTTP/1.1" 200 9638 "-" "Mozilla/5.0 (X11; U; Linux x86_64; en-US) AppleWebKit/532.0 (KHTML, like Gecko) Chrome/4.0.208.0 Safari/532.0"
194.165.17.9 - - [30/May/2022:02:51:51 +0200] "POST /HotelMarriott/27062013 HTTP/1.1" 200 9638 "-" "Mozilla/5.0 (X11; U; Linux x86_64; en-US) AppleWebKit/532.0 (KHTML, like Gecko) Chrome/4.0.208.0 Safari/532.0"
194.165.17.9 - - [30/May/2022:02:51:52 +0200] "POST /HotelMarriott/27062013 HTTP/1.1" 200 9638 "-" "Mozilla/5.0 (X11; U; Linux x86_64; en-US) AppleWebKit/532.0 (KHTML, like Gecko) Chrome/4.0.208.0 Safari/532.0"
194.165.17.9 - - [30/May/2022:02:51:54 +0200] "POST /HotelMarriott/27062013 HTTP/1.1" 200 9638 "-" "Mozilla/5.0 (X11; U; Linux x86_64; en-US) AppleWebKit/532.0 (KHTML, like Gecko) Chrome/4.0.208.0 Safari/532.0"
194.165.17.9 - - [30/May/2022:02:51:55 +0200] "POST /HotelMarriott/27062013 HTTP/1.1" 200 9638 "-" "Mozilla/5.0 (X11; U; Linux x86_64; en-US) AppleWebKit/532.0 (KHTML, like Gecko) Chrome/4.0.208.0 Safari/532.0"
194.165.17.9 - - [30/May/2022:02:51:56 +0200] "POST /HotelMarriott/27062013 HTTP/1.1" 200 9638 "-" "Mozilla/5.0 (X11; U; Linux x86_64; en-US) AppleWebKit/532.0 (KHTML, like Gecko) Chrome/4.0.208.0 Safari/532.0"
194.165.17.9 - - [30/May/2022:02:51:57 +0200] "POST /HotelMarriott/27062013 HTTP/1.1" 200 9638 "-" "Mozilla/5.0 (X11; U; Linux x86_64; en-US) AppleWebKit/532.0 (KHTML, like Gecko) Chrome/4.0.208.0 Safari/532.0"
194.165.17.9 - - [30/May/2022:02:51:59 +0200] "POST /HotelMarriott/27062013 HTTP/1.1" 200 9638 "-" "Mozilla/5.0 (X11; U; Linux x86_64; en-US) AppleWebKit/532.0 (KHTML, like Gecko) Chrome/4.0.208.0 Safari/532.0"
194.165.17.9 - - [30/May/2022:02:52:00 +0200] "POST /HotelMarriott/27062013 HTTP/1.1" 200 9638 "-" "Mozilla/5.0 (X11; U; Linux x86_64; en-US) AppleWebKit/532.0 (KHTML, like Gecko) Chrome/4.0.208.0 Safari/532.0"
194.165.17.9 - - [30/May/2022:02:52:01 +0200] "POST /HotelMarriott/27062013 HTTP/1.1" 200 9638 "-" "Mozilla/5.0 (X11; U; Linux x86_64; en-US) AppleWebKit/532.0 (KHTML, like Gecko) Chrome/4.0.208.0 Safari/532.0"
194.165.17.9 - - [30/May/2022:02:52:02 +0200] "POST /HotelMarriott/27062013 HTTP/1.1" 200 9638 "-" "Mozilla/5.0 (X11; U; Linux x86_64; en-US) AppleWebKit/532.0 (KHTML, like Gecko) Chrome/4.0.208.0 Safari/532.0"
194.209.200.2 - - [30/May/2022:02:52:03 +0200] "GET /Ausschreibung/SAI HTTP/1.1" 200 10366 "-" "Mozilla/5.0 (compatible; TMMBot/0.2; +http://www.dslab.ch)/Nutch-1.15"
194.165.17.9 - - [30/May/2022:02:52:03 +0200] "POST /HotelMarriott/27062013 HTTP/1.1" 200 9638 "-" "Mozilla/5.0 (X11; U; Linux x86_64; en-US) AppleWebKit/532.0 (KHTML, like Gecko) Chrome/4.0.208.0 Safari/532.0"
194.165.17.9 - - [30/May/2022:02:52:04 +0200] "POST /HotelMarriott/27062013 HTTP/1.1" 200 9638 "-" "Mozilla/5.0 (X11; U; Linux x86_64; en-US) AppleWebKit/532.0 (KHTML, like Gecko) Chrome/4.0.208.0 Safari/532.0"
194.165.17.9 - - [30/May/2022:02:52:05 +0200] "POST /HotelMarriott/27062013 HTTP/1.1" 200 9638 "-" "Mozilla/5.0 (X11; U; Linux x86_64; en-US) AppleWebKit/532.0 (KHTML, like Gecko) Chrome/4.0.208.0 Safari/532.0"
194.165.17.9 - - [30/May/2022:02:52:06 +0200] "POST /HotelMarriott/27062013 HTTP/1.1" 200 9638 "-" "Mozilla/5.0 (X11; U; Linux x86_64; en-US) AppleWebKit/532.0 (KHTML, like Gecko) Chrome/4.0.208.0 Safari/532.0"
194.165.17.9 - - [30/May/2022:02:52:07 +0200] "POST /HotelMarriott/27062013 HTTP/1.1" 200 9638 "-" "Mozilla/5.0 (X11; U; Linux x86_64; en-US) AppleWebKit/532.0 (KHTML, like Gecko) Chrome/4.0.208.0 Safari/532.0"
194.165.17.9 - - [30/May/2022:02:52:08 +0200] "POST /HotelMarriott/27062013 HTTP/1.1" 200 9638 "-" "Mozilla/5.0 (X11; U; Linux x86_64; en-US) AppleWebKit/532.0 (KHTML, like Gecko) Chrome/4.0.208.0 Safari/532.0"
194.165.17.9 - - [30/May/2022:02:52:09 +0200] "POST /HotelMarriott/27062013 HTTP/1.1" 200 9638 "-" "Mozilla/5.0 (X11; U; Linux x86_64; en-US) AppleWebKit/532.0 (KHTML, like Gecko) Chrome/4.0.208.0 Safari/532.0"
194.165.17.9 - - [30/May/2022:02:52:10 +0200] "POST /HotelMarriott/27062013 HTTP/1.1" 200 9638 "-" "Mozilla/5.0 (X11; U; Linux x86_64; en-US) AppleWebKit/532.0 (KHTML, like Gecko) Chrome/4.0.208.0 Safari/532.0"
194.165.17.9 - - [30/May/2022:02:52:11 +0200] "POST /HotelMarriott/27062013 HTTP/1.1" 200 9638 "-" "Mozilla/5.0 (X11; U; Linux x86_64; en-US) AppleWebKit/532.0 (KHTML, like Gecko) Chrome/4.0.208.0 Safari/532.0"
194.165.17.9 - - [30/May/2022:02:52:12 +0200] "POST /HotelMarriott/27062013 HTTP/1.1" 200 9638 "-" "Mozilla/5.0 (X11; U; Linux x86_64; en-US) AppleWebKit/532.0 (KHTML, like Gecko) Chrome/4.0.208.0 Safari/532.0"
194.165.17.9 - - [30/May/2022:02:52:13 +0200] "POST /HotelMarriott/27062013 HTTP/1.1" 200 9638 "-" "Mozilla/5.0 (X11; U; Linux x86_64; en-US) AppleWebKit/532.0 (KHTML, like Gecko) Chrome/4.0.208.0 Safari/532.0"
194.165.17.9 - - [30/May/2022:02:52:14 +0200] "POST /HotelMarriott/27062013 HTTP/1.1" 200 9638 "-" "Mozilla/5.0 (X11; U; Linux x86_64; en-US) AppleWebKit/532.0 (KHTML, like Gecko) Chrome/4.0.208.0 Safari/532.0"
194.165.17.9 - - [30/May/2022:02:52:15 +0200] "POST /HotelMarriott/27062013 HTTP/1.1" 200 9638 "-" "Mozilla/5.0 (X11; U; Linux x86_64; en-US) AppleWebKit/532.0 (KHTML, like Gecko) Chrome/4.0.208.0 Safari/532.0"
194.165.17.9 - - [30/May/2022:02:52:17 +0200] "POST /HotelMarriott/27062013 HTTP/1.1" 200 9638 "-" "Mozilla/5.0 (X11; U; Linux x86_64; en-US) AppleWebKit/532.0 (KHTML, like Gecko) Chrome/4.0.208.0 Safari/532.0"
194.165.17.9 - - [30/May/2022:02:52:18 +0200] "POST /HotelMarriott/27062013 HTTP/1.1" 200 9638 "-" "Mozilla/5.0 (X11; U; Linux x86_64; en-US) AppleWebKit/532.0 (KHTML, like Gecko) Chrome/4.0.208.0 Safari/532.0"
194.165.17.9 - - [30/May/2022:02:52:19 +0200] "POST /HotelMarriott/27062013 HTTP/1.1" 200 9638 "-" "Mozilla/5.0 (X11; U; Linux x86_64; en-US) AppleWebKit/532.0 (KHTML, like Gecko) Chrome/4.0.208.0 Safari/532.0"
194.165.17.9 - - [30/May/2022:02:52:20 +0200] "POST /HotelMarriott/27062013 HTTP/1.1" 200 9638 "-" "Mozilla/5.0 (X11; U; Linux x86_64; en-US) AppleWebKit/532.0 (KHTML, like Gecko) Chrome/4.0.208.0 Safari/532.0"
194.165.17.9 - - [30/May/2022:02:52:21 +0200] "POST /HotelMarriott/27062013 HTTP/1.1" 200 9638 "-" "Mozilla/5.0 (X11; U; Linux x86_64; en-US) AppleWebKit/532.0 (KHTML, like Gecko) Chrome/4.0.208.0 Safari/532.0"
194.165.17.9 - - [30/May/2022:02:52:22 +0200] "POST /HotelMarriott/27062013 HTTP/1.1" 200 9638 "-" "Mozilla/5.0 (X11; U; Linux x86_64; en-US) AppleWebKit/532.0 (KHTML, like Gecko) Chrome/4.0.208.0 Safari/532.0"
194.165.17.9 - - [30/May/2022:02:52:23 +0200] "POST /HotelMarriott/27062013 HTTP/1.1" 200 9638 "-" "Mozilla/5.0 (X11; U; Linux x86_64; en-US) AppleWebKit/532.0 (KHTML, like Gecko) Chrome/4.0.208.0 Safari/532.0"
194.165.17.9 - - [30/May/2022:02:52:24 +0200] "POST /HotelMarriott/27062013 HTTP/1.1" 200 9638 "-" "Mozilla/5.0 (X11; U; Linux x86_64; en-US) AppleWebKit/532.0 (KHTML, like Gecko) Chrome/4.0.208.0 Safari/532.0"
194.165.17.9 - - [30/May/2022:02:52:25 +0200] "POST /HotelMarriott/27062013 HTTP/1.1" 200 9638 "-" "Mozilla/5.0 (X11; U; Linux x86_64; en-US) AppleWebKit/532.0 (KHTML, like Gecko) Chrome/4.0.208.0 Safari/532.0"
194.165.17.9 - - [30/May/2022:02:52:26 +0200] "POST /HotelMarriott/27062013 HTTP/1.1" 200 9638 "-" "Mozilla/5.0 (X11; U; Linux x86_64; en-US) AppleWebKit/532.0 (KHTML, like Gecko) Chrome/4.0.208.0 Safari/532.0"
194.165.17.9 - - [30/May/2022:02:52:27 +0200] "POST /HotelMarriott/27062013 HTTP/1.1" 200 9638 "-" "Mozilla/5.0 (X11; U; Linux x86_64; en-US) AppleWebKit/532.0 (KHTML, like Gecko) Chrome/4.0.208.0 Safari/532.0"
194.165.17.9 - - [30/May/2022:02:52:28 +0200] "POST /HotelMarriott/27062013 HTTP/1.1" 200 9638 "-" "Mozilla/5.0 (X11; U; Linux x86_64; en-US) AppleWebKit/532.0 (KHTML, like Gecko) Chrome/4.0.208.0 Safari/532.0"
194.165.17.9 - - [30/May/2022:02:52:29 +0200] "POST /HotelMarriott/27062013 HTTP/1.1" 200 9638 "-" "Mozilla/5.0 (X11; U; Linux x86_64; en-US) AppleWebKit/532.0 (KHTML, like Gecko) Chrome/4.0.208.0 Safari/532.0"
194.165.17.9 - - [30/May/2022:02:52:31 +0200] "POST /HotelMarriott/27062013 HTTP/1.1" 200 9638 "-" "Mozilla/5.0 (X11; U; Linux x86_64; en-US) AppleWebKit/532.0 (KHTML, like Gecko) Chrome/4.0.208.0 Safari/532.0"
194.165.17.9 - - [30/May/2022:02:52:32 +0200] "POST /HotelMarriott/27062013 HTTP/1.1" 200 9638 "-" "Mozilla/5.0 (X11; U; Linux x86_64; en-US) AppleWebKit/532.0 (KHTML, like Gecko) Chrome/4.0.208.0 Safari/532.0"
194.165.17.9 - - [30/May/2022:02:52:33 +0200] "POST /HotelMarriott/27062013 HTTP/1.1" 200 9638 "-" "Mozilla/5.0 (X11; U; Linux x86_64; en-US) AppleWebKit/532.0 (KHTML, like Gecko) Chrome/4.0.208.0 Safari/532.0"
194.165.17.9 - - [30/May/2022:02:52:34 +0200] "POST /HotelMarriott/27062013 HTTP/1.1" 200 9638 "-" "Mozilla/5.0 (X11; U; Linux x86_64; en-US) AppleWebKit/532.0 (KHTML, like Gecko) Chrome/4.0.208.0 Safari/532.0"
194.165.17.9 - - [30/May/2022:02:52:36 +0200] "POST /HotelMarriott/27062013 HTTP/1.1" 200 9638 "-" "Mozilla/5.0 (X11; U; Linux x86_64; en-US) AppleWebKit/532.0 (KHTML, like Gecko) Chrome/4.0.208.0 Safari/532.0"
194.165.17.9 - - [30/May/2022:02:52:37 +0200] "POST /HotelMarriott/27062013 HTTP/1.1" 200 9638 "-" "Mozilla/5.0 (X11; U; Linux x86_64; en-US) AppleWebKit/532.0 (KHTML, like Gecko) Chrome/4.0.208.0 Safari/532.0"
194.165.17.9 - - [30/May/2022:02:52:38 +0200] "POST /HotelMarriott/27062013 HTTP/1.1" 200 9638 "-" "Mozilla/5.0 (X11; U; Linux x86_64; en-US) AppleWebKit/532.0 (KHTML, like Gecko) Chrome/4.0.208.0 Safari/532.0"
194.165.17.9 - - [30/May/2022:02:52:39 +0200] "POST /HotelMarriott/27062013 HTTP/1.1" 200 9638 "-" "Mozilla/5.0 (X11; U; Linux x86_64; en-US) AppleWebKit/532.0 (KHTML, like Gecko) Chrome/4.0.208.0 Safari/532.0"
194.165.17.9 - - [30/May/2022:02:52:40 +0200] "POST /HotelMarriott/27062013 HTTP/1.1" 200 9638 "-" "Mozilla/5.0 (X11; U; Linux x86_64; en-US) AppleWebKit/532.0 (KHTML, like Gecko) Chrome/4.0.208.0 Safari/532.0"
194.209.200.2 - - [30/May/2022:02:52:41 +0200] "GET /Main/2009 HTTP/1.1" 200 21688 "-" "Mozilla/5.0 (compatible; TMMBot/0.2; +http://www.dslab.ch)/Nutch-1.15"
194.165.17.9 - - [30/May/2022:02:52:41 +0200] "POST /HotelMarriott/27062013 HTTP/1.1" 200 9638 "-" "Mozilla/5.0 (X11; U; Linux x86_64; en-US) AppleWebKit/532.0 (KHTML, like Gecko) Chrome/4.0.208.0 Safari/532.0"
194.165.17.9 - - [30/May/2022:02:52:42 +0200] "POST /HotelMarriott/27062013 HTTP/1.1" 200 9638 "-" "Mozilla/5.0 (X11; U; Linux x86_64; en-US) AppleWebKit/532.0 (KHTML, like Gecko) Chrome/4.0.208.0 Safari/532.0"
194.165.17.9 - - [30/May/2022:02:52:43 +0200] "POST /HotelMarriott/27062013 HTTP/1.1" 200 9638 "-" "Mozilla/5.0 (X11; U; Linux x86_64; en-US) AppleWebKit/532.0 (KHTML, like Gecko) Chrome/4.0.208.0 Safari/532.0"
194.165.17.9 - - [30/May/2022:02:52:45 +0200] "POST /HotelMarriott/27062013 HTTP/1.1" 200 9638 "-" "Mozilla/5.0 (X11; U; Linux x86_64; en-US) AppleWebKit/532.0 (KHTML, like Gecko) Chrome/4.0.208.0 Safari/532.0"
194.165.17.9 - - [30/May/2022:02:52:56 +0200] "POST /HotelMarriott/27062013 HTTP/1.1" 200 9638 "-" "Mozilla/5.0 (X11; U; Linux x86_64; en-US) AppleWebKit/532.0 (KHTML, like Gecko) Chrome/4.0.208.0 Safari/532.0"
194.165.17.9 - - [30/May/2022:02:52:59 +0200] "POST /HotelMarriott/27062013 HTTP/1.1" 200 9638 "-" "Mozilla/5.0 (X11; U; Linux x86_64; en-US) AppleWebKit/532.0 (KHTML, like Gecko) Chrome/4.0.208.0 Safari/532.0"
194.165.17.9 - - [30/May/2022:02:53:01 +0200] "POST /HotelMarriott/27062013 HTTP/1.1" 200 9638 "-" "Mozilla/5.0 (X11; U; Linux x86_64; en-US) AppleWebKit/532.0 (KHTML, like Gecko) Chrome/4.0.208.0 Safari/532.0"
194.165.17.9 - - [30/May/2022:02:53:04 +0200] "POST /HotelMarriott/27062013 HTTP/1.1" 200 9638 "-" "Mozilla/5.0 (X11; U; Linux x86_64; en-US) AppleWebKit/532.0 (KHTML, like Gecko) Chrome/4.0.208.0 Safari/532.0"
194.165.17.9 - - [30/May/2022:02:53:06 +0200] "POST /HotelMarriott/27062013 HTTP/1.1" 200 9638 "-" "Mozilla/5.0 (X11; U; Linux x86_64; en-US) AppleWebKit/532.0 (KHTML, like Gecko) Chrome/4.0.208.0 Safari/532.0"
194.209.200.2 - - [30/May/2022:02:53:07 +0200] "GET /Main/2016 HTTP/1.1" 200 13689 "-" "Mozilla/5.0 (compatible; TMMBot/0.2; +http://www.dslab.ch)/Nutch-1.15"
194.165.17.9 - - [30/May/2022:02:53:08 +0200] "POST /HotelMarriott/27062013 HTTP/1.1" 200 9638 "-" "Mozilla/5.0 (X11; U; Linux x86_64; en-US) AppleWebKit/532.0 (KHTML, like Gecko) Chrome/4.0.208.0 Safari/532.0"
194.165.17.9 - - [30/May/2022:02:53:11 +0200] "POST /HotelMarriott/27062013 HTTP/1.1" 200 9638 "-" "Mozilla/5.0 (X11; U; Linux x86_64; en-US) AppleWebKit/532.0 (KHTML, like Gecko) Chrome/4.0.208.0 Safari/532.0"
194.165.17.9 - - [30/May/2022:02:53:12 +0200] "POST /HotelMarriott/27062013 HTTP/1.1" 200 9638 "-" "Mozilla/5.0 (X11; U; Linux x86_64; en-US) AppleWebKit/532.0 (KHTML, like Gecko) Chrome/4.0.208.0 Safari/532.0"
194.165.17.9 - - [30/May/2022:02:53:14 +0200] "POST /HotelMarriott/27062013 HTTP/1.1" 200 9638 "-" "Mozilla/5.0 (X11; U; Linux x86_64; en-US) AppleWebKit/532.0 (KHTML, like Gecko) Chrome/4.0.208.0 Safari/532.0"
194.209.200.2 - - [30/May/2022:02:53:14 +0200] "GET /Main/2014 HTTP/1.1" 200 19471 "-" "Mozilla/5.0 (compatible; TMMBot/0.2; +http://www.dslab.ch)/Nutch-1.15"
194.165.17.9 - - [30/May/2022:02:53:15 +0200] "POST /HotelMarriott/27062013 HTTP/1.1" 200 9638 "-" "Mozilla/5.0 (X11; U; Linux x86_64; en-US) AppleWebKit/532.0 (KHTML, like Gecko) Chrome/4.0.208.0 Safari/532.0"
194.165.17.9 - - [30/May/2022:02:53:16 +0200] "POST /HotelMarriott/27062013 HTTP/1.1" 200 9638 "-" "Mozilla/5.0 (X11; U; Linux x86_64; en-US) AppleWebKit/532.0 (KHTML, like Gecko) Chrome/4.0.208.0 Safari/532.0"
194.165.17.9 - - [30/May/2022:02:53:17 +0200] "POST /HotelMarriott/27062013 HTTP/1.1" 200 9638 "-" "Mozilla/5.0 (X11; U; Linux x86_64; en-US) AppleWebKit/532.0 (KHTML, like Gecko) Chrome/4.0.208.0 Safari/532.0"
194.165.17.9 - - [30/May/2022:02:53:18 +0200] "POST /HotelMarriott/27062013 HTTP/1.1" 200 9638 "-" "Mozilla/5.0 (X11; U; Linux x86_64; en-US) AppleWebKit/532.0 (KHTML, like Gecko) Chrome/4.0.208.0 Safari/532.0"
194.165.17.9 - - [30/May/2022:02:53:20 +0200] "POST /HotelMarriott/27062013 HTTP/1.1" 200 9638 "-" "Mozilla/5.0 (X11; U; Linux x86_64; en-US) AppleWebKit/532.0 (KHTML, like Gecko) Chrome/4.0.208.0 Safari/532.0"
194.165.17.9 - - [30/May/2022:02:53:21 +0200] "POST /HotelMarriott/27062013 HTTP/1.1" 200 9638 "-" "Mozilla/5.0 (X11; U; Linux x86_64; en-US) AppleWebKit/532.0 (KHTML, like Gecko) Chrome/4.0.208.0 Safari/532.0"
194.209.200.2 - - [30/May/2022:02:53:21 +0200] "GET /Main/2012 HTTP/1.1" 200 31941 "-" "Mozilla/5.0 (compatible; TMMBot/0.2; +http://www.dslab.ch)/Nutch-1.15"
194.165.17.9 - - [30/May/2022:02:53:22 +0200] "POST /HotelMarriott/27062013 HTTP/1.1" 200 9638 "-" "Mozilla/5.0 (X11; U; Linux x86_64; en-US) AppleWebKit/532.0 (KHTML, like Gecko) Chrome/4.0.208.0 Safari/532.0"
194.165.17.9 - - [30/May/2022:02:53:23 +0200] "POST /HotelMarriott/27062013 HTTP/1.1" 200 9638 "-" "Mozilla/5.0 (X11; U; Linux x86_64; en-US) AppleWebKit/532.0 (KHTML, like Gecko) Chrome/4.0.208.0 Safari/532.0"
194.165.17.9 - - [30/May/2022:02:53:25 +0200] "POST /HotelMarriott/27062013 HTTP/1.1" 200 9638 "-" "Mozilla/5.0 (X11; U; Linux x86_64; en-US) AppleWebKit/532.0 (KHTML, like Gecko) Chrome/4.0.208.0 Safari/532.0"
194.165.17.9 - - [30/May/2022:02:53:26 +0200] "POST /HotelMarriott/27062013 HTTP/1.1" 200 9638 "-" "Mozilla/5.0 (X11; U; Linux x86_64; en-US) AppleWebKit/532.0 (KHTML, like Gecko) Chrome/4.0.208.0 Safari/532.0"
194.165.17.9 - - [30/May/2022:02:53:27 +0200] "POST /HotelMarriott/27062013 HTTP/1.1" 200 9638 "-" "Mozilla/5.0 (X11; U; Linux x86_64; en-US) AppleWebKit/532.0 (KHTML, like Gecko) Chrome/4.0.208.0 Safari/532.0"
194.165.17.9 - - [30/May/2022:02:53:29 +0200] "POST /HotelMarriott/27062013 HTTP/1.1" 200 9638 "-" "Mozilla/5.0 (X11; U; Linux x86_64; en-US) AppleWebKit/532.0 (KHTML, like Gecko) Chrome/4.0.208.0 Safari/532.0"
194.209.200.2 - - [30/May/2022:02:53:29 +0200] "GET /Main/2010 HTTP/1.1" 200 27997 "-" "Mozilla/5.0 (compatible; TMMBot/0.2; +http://www.dslab.ch)/Nutch-1.15"
194.165.17.9 - - [30/May/2022:02:53:30 +0200] "POST /HotelMarriott/27062013 HTTP/1.1" 200 9638 "-" "Mozilla/5.0 (X11; U; Linux x86_64; en-US) AppleWebKit/532.0 (KHTML, like Gecko) Chrome/4.0.208.0 Safari/532.0"
194.165.17.9 - - [30/May/2022:02:53:32 +0200] "POST /HotelMarriott/27062013 HTTP/1.1" 200 9638 "-" "Mozilla/5.0 (X11; U; Linux x86_64; en-US) AppleWebKit/532.0 (KHTML, like Gecko) Chrome/4.0.208.0 Safari/532.0"
194.165.17.9 - - [30/May/2022:02:53:33 +0200] "POST /HotelMarriott/27062013 HTTP/1.1" 200 9638 "-" "Mozilla/5.0 (X11; U; Linux x86_64; en-US) AppleWebKit/532.0 (KHTML, like Gecko) Chrome/4.0.208.0 Safari/532.0"
194.165.17.9 - - [30/May/2022:02:53:34 +0200] "POST /HotelMarriott/27062013 HTTP/1.1" 200 9638 "-" "Mozilla/5.0 (X11; U; Linux x86_64; en-US) AppleWebKit/532.0 (KHTML, like Gecko) Chrome/4.0.208.0 Safari/532.0"
194.165.17.9 - - [30/May/2022:02:53:36 +0200] "POST /HotelMarriott/27062013 HTTP/1.1" 200 9638 "-" "Mozilla/5.0 (X11; U; Linux x86_64; en-US) AppleWebKit/532.0 (KHTML, like Gecko) Chrome/4.0.208.0 Safari/532.0"
194.165.17.9 - - [30/May/2022:02:53:37 +0200] "POST /HotelMarriott/27062013 HTTP/1.1" 200 9638 "-" "Mozilla/5.0 (X11; U; Linux x86_64; en-US) AppleWebKit/532.0 (KHTML, like Gecko) Chrome/4.0.208.0 Safari/532.0"
194.209.200.2 - - [30/May/2022:02:53:38 +0200] "GET /Main/ComCo19122016 HTTP/1.1" 200 10547 "-" "Mozilla/5.0 (compatible; TMMBot/0.2; +http://www.dslab.ch)/Nutch-1.15"
194.165.17.9 - - [30/May/2022:02:53:39 +0200] "POST /HotelMarriott/27062013 HTTP/1.1" 200 9638 "-" "Mozilla/5.0 (X11; U; Linux x86_64; en-US) AppleWebKit/532.0 (KHTML, like Gecko) Chrome/4.0.208.0 Safari/532.0"
194.165.17.9 - - [30/May/2022:02:53:40 +0200] "POST /HotelMarriott/27062013 HTTP/1.1" 200 9638 "-" "Mozilla/5.0 (X11; U; Linux x86_64; en-US) AppleWebKit/532.0 (KHTML, like Gecko) Chrome/4.0.208.0 Safari/532.0"
194.165.17.9 - - [30/May/2022:02:53:41 +0200] "POST /HotelMarriott/27062013 HTTP/1.1" 200 9638 "-" "Mozilla/5.0 (X11; U; Linux x86_64; en-US) AppleWebKit/532.0 (KHTML, like Gecko) Chrome/4.0.208.0 Safari/532.0"
194.165.17.9 - - [30/May/2022:02:53:42 +0200] "POST /HotelMarriott/27062013 HTTP/1.1" 200 9638 "-" "Mozilla/5.0 (X11; U; Linux x86_64; en-US) AppleWebKit/532.0 (KHTML, like Gecko) Chrome/4.0.208.0 Safari/532.0"
194.165.17.9 - - [30/May/2022:02:53:44 +0200] "POST /HotelMarriott/27062013 HTTP/1.1" 200 9638 "-" "Mozilla/5.0 (X11; U; Linux x86_64; en-US) AppleWebKit/532.0 (KHTML, like Gecko) Chrome/4.0.208.0 Safari/532.0"
194.165.17.9 - - [30/May/2022:02:53:45 +0200] "POST /HotelMarriott/27062013 HTTP/1.1" 200 9638 "-" "Mozilla/5.0 (X11; U; Linux x86_64; en-US) AppleWebKit/532.0 (KHTML, like Gecko) Chrome/4.0.208.0 Safari/532.0"
194.165.17.9 - - [30/May/2022:02:53:46 +0200] "POST /HotelMarriott/27062013 HTTP/1.1" 200 9638 "-" "Mozilla/5.0 (X11; U; Linux x86_64; en-US) AppleWebKit/532.0 (KHTML, like Gecko) Chrome/4.0.208.0 Safari/532.0"
194.165.17.9 - - [30/May/2022:02:53:47 +0200] "POST /HotelMarriott/27062013 HTTP/1.1" 200 9638 "-" "Mozilla/5.0 (X11; U; Linux x86_64; en-US) AppleWebKit/532.0 (KHTML, like Gecko) Chrome/4.0.208.0 Safari/532.0"
194.165.17.9 - - [30/May/2022:02:53:48 +0200] "POST /HotelMarriott/27062013 HTTP/1.1" 200 9638 "-" "Mozilla/5.0 (X11; U; Linux x86_64; en-US) AppleWebKit/532.0 (KHTML, like Gecko) Chrome/4.0.208.0 Safari/532.0"
194.165.17.9 - - [30/May/2022:02:53:49 +0200] "POST /HotelMarriott/27062013 HTTP/1.1" 200 9638 "-" "Mozilla/5.0 (X11; U; Linux x86_64; en-US) AppleWebKit/532.0 (KHTML, like Gecko) Chrome/4.0.208.0 Safari/532.0"
194.165.17.9 - - [30/May/2022:02:53:50 +0200] "POST /HotelMarriott/27062013 HTTP/1.1" 200 9638 "-" "Mozilla/5.0 (X11; U; Linux x86_64; en-US) AppleWebKit/532.0 (KHTML, like Gecko) Chrome/4.0.208.0 Safari/532.0"
194.165.17.9 - - [30/May/2022:02:53:51 +0200] "POST /HotelMarriott/27062013 HTTP/1.1" 200 9638 "-" "Mozilla/5.0 (X11; U; Linux x86_64; en-US) AppleWebKit/532.0 (KHTML, like Gecko) Chrome/4.0.208.0 Safari/532.0"
194.165.17.9 - - [30/May/2022:02:53:52 +0200] "POST /HotelMarriott/27062013 HTTP/1.1" 200 9638 "-" "Mozilla/5.0 (X11; U; Linux x86_64; en-US) AppleWebKit/532.0 (KHTML, like Gecko) Chrome/4.0.208.0 Safari/532.0"
194.165.17.9 - - [30/May/2022:02:53:53 +0200] "POST /HotelMarriott/27062013 HTTP/1.1" 200 9638 "-" "Mozilla/5.0 (X11; U; Linux x86_64; en-US) AppleWebKit/532.0 (KHTML, like Gecko) Chrome/4.0.208.0 Safari/532.0"
194.165.17.9 - - [30/May/2022:02:53:54 +0200] "POST /HotelMarriott/27062013 HTTP/1.1" 200 9638 "-" "Mozilla/5.0 (X11; U; Linux x86_64; en-US) AppleWebKit/532.0 (KHTML, like Gecko) Chrome/4.0.208.0 Safari/532.0"
194.165.17.9 - - [30/May/2022:02:53:55 +0200] "POST /HotelMarriott/27062013 HTTP/1.1" 200 9638 "-" "Mozilla/5.0 (X11; U; Linux x86_64; en-US) AppleWebKit/532.0 (KHTML, like Gecko) Chrome/4.0.208.0 Safari/532.0"
194.165.17.9 - - [30/May/2022:02:53:56 +0200] "POST /HotelMarriott/27062013 HTTP/1.1" 200 9638 "-" "Mozilla/5.0 (X11; U; Linux x86_64; en-US) AppleWebKit/532.0 (KHTML, like Gecko) Chrome/4.0.208.0 Safari/532.0"
194.165.17.9 - - [30/May/2022:02:53:57 +0200] "POST /HotelMarriott/27062013 HTTP/1.1" 200 9638 "-" "Mozilla/5.0 (X11; U; Linux x86_64; en-US) AppleWebKit/532.0 (KHTML, like Gecko) Chrome/4.0.208.0 Safari/532.0"
194.165.17.9 - - [30/May/2022:02:53:58 +0200] "POST /HotelMarriott/27062013 HTTP/1.1" 200 9638 "-" "Mozilla/5.0 (X11; U; Linux x86_64; en-US) AppleWebKit/532.0 (KHTML, like Gecko) Chrome/4.0.208.0 Safari/532.0"
194.165.17.9 - - [30/May/2022:02:53:59 +0200] "POST /HotelMarriott/27062013 HTTP/1.1" 200 9638 "-" "Mozilla/5.0 (X11; U; Linux x86_64; en-US) AppleWebKit/532.0 (KHTML, like Gecko) Chrome/4.0.208.0 Safari/532.0"
194.165.17.9 - - [30/May/2022:02:54:00 +0200] "POST /HotelMarriott/27062013 HTTP/1.1" 200 9638 "-" "Mozilla/5.0 (X11; U; Linux x86_64; en-US) AppleWebKit/532.0 (KHTML, like Gecko) Chrome/4.0.208.0 Safari/532.0"
194.165.17.9 - - [30/May/2022:02:54:01 +0200] "POST /HotelMarriott/27062013 HTTP/1.1" 200 9638 "-" "Mozilla/5.0 (X11; U; Linux x86_64; en-US) AppleWebKit/532.0 (KHTML, like Gecko) Chrome/4.0.208.0 Safari/532.0"
194.165.17.9 - - [30/May/2022:02:54:02 +0200] "POST /HotelMarriott/27062013 HTTP/1.1" 200 9638 "-" "Mozilla/5.0 (X11; U; Linux x86_64; en-US) AppleWebKit/532.0 (KHTML, like Gecko) Chrome/4.0.208.0 Safari/532.0"
194.165.17.9 - - [30/May/2022:02:54:03 +0200] "POST /HotelMarriott/27062013 HTTP/1.1" 200 9638 "-" "Mozilla/5.0 (X11; U; Linux x86_64; en-US) AppleWebKit/532.0 (KHTML, like Gecko) Chrome/4.0.208.0 Safari/532.0"
194.165.17.9 - - [30/May/2022:02:54:04 +0200] "POST /HotelMarriott/27062013 HTTP/1.1" 200 9638 "-" "Mozilla/5.0 (X11; U; Linux x86_64; en-US) AppleWebKit/532.0 (KHTML, like Gecko) Chrome/4.0.208.0 Safari/532.0"
194.165.17.9 - - [30/May/2022:02:54:05 +0200] "POST /HotelMarriott/27062013 HTTP/1.1" 200 9638 "-" "Mozilla/5.0 (X11; U; Linux x86_64; en-US) AppleWebKit/532.0 (KHTML, like Gecko) Chrome/4.0.208.0 Safari/532.0"
194.165.17.9 - - [30/May/2022:02:54:06 +0200] "POST /HotelMarriott/27062013 HTTP/1.1" 200 9638 "-" "Mozilla/5.0 (X11; U; Linux x86_64; en-US) AppleWebKit/532.0 (KHTML, like Gecko) Chrome/4.0.208.0 Safari/532.0"
194.165.17.9 - - [30/May/2022:02:54:07 +0200] "POST /HotelMarriott/27062013 HTTP/1.1" 200 9638 "-" "Mozilla/5.0 (X11; U; Linux x86_64; en-US) AppleWebKit/532.0 (KHTML, like Gecko) Chrome/4.0.208.0 Safari/532.0"
194.165.17.9 - - [30/May/2022:02:54:08 +0200] "POST /HotelMarriott/27062013 HTTP/1.1" 200 9638 "-" "Mozilla/5.0 (X11; U; Linux x86_64; en-US) AppleWebKit/532.0 (KHTML, like Gecko) Chrome/4.0.208.0 Safari/532.0"
194.165.17.9 - - [30/May/2022:02:54:09 +0200] "POST /HotelMarriott/27062013 HTTP/1.1" 200 9638 "-" "Mozilla/5.0 (X11; U; Linux x86_64; en-US) AppleWebKit/532.0 (KHTML, like Gecko) Chrome/4.0.208.0 Safari/532.0"
194.165.17.9 - - [30/May/2022:02:54:10 +0200] "POST /HotelMarriott/27062013 HTTP/1.1" 200 9638 "-" "Mozilla/5.0 (X11; U; Linux x86_64; en-US) AppleWebKit/532.0 (KHTML, like Gecko) Chrome/4.0.208.0 Safari/532.0"
194.165.17.9 - - [30/May/2022:02:54:11 +0200] "POST /HotelMarriott/27062013 HTTP/1.1" 200 9638 "-" "Mozilla/5.0 (X11; U; Linux x86_64; en-US) AppleWebKit/532.0 (KHTML, like Gecko) Chrome/4.0.208.0 Safari/532.0"
194.165.17.9 - - [30/May/2022:02:54:13 +0200] "POST /HotelMarriott/27062013 HTTP/1.1" 200 9638 "-" "Mozilla/5.0 (X11; U; Linux x86_64; en-US) AppleWebKit/532.0 (KHTML, like Gecko) Chrome/4.0.208.0 Safari/532.0"
194.165.17.9 - - [30/May/2022:02:54:14 +0200] "POST /HotelMarriott/27062013 HTTP/1.1" 200 9638 "-" "Mozilla/5.0 (X11; U; Linux x86_64; en-US) AppleWebKit/532.0 (KHTML, like Gecko) Chrome/4.0.208.0 Safari/532.0"
194.165.17.9 - - [30/May/2022:02:54:16 +0200] "POST /HotelMarriott/27062013 HTTP/1.1" 200 9638 "-" "Mozilla/5.0 (X11; U; Linux x86_64; en-US) AppleWebKit/532.0 (KHTML, like Gecko) Chrome/4.0.208.0 Safari/532.0"
194.165.17.9 - - [30/May/2022:02:54:17 +0200] "POST /HotelMarriott/27062013 HTTP/1.1" 200 9638 "-" "Mozilla/5.0 (X11; U; Linux x86_64; en-US) AppleWebKit/532.0 (KHTML, like Gecko) Chrome/4.0.208.0 Safari/532.0"
194.165.17.9 - - [30/May/2022:02:54:18 +0200] "POST /HotelMarriott/27062013 HTTP/1.1" 200 9638 "-" "Mozilla/5.0 (X11; U; Linux x86_64; en-US) AppleWebKit/532.0 (KHTML, like Gecko) Chrome/4.0.208.0 Safari/532.0"
194.165.17.9 - - [30/May/2022:02:54:19 +0200] "POST /HotelMarriott/27062013 HTTP/1.1" 200 9638 "-" "Mozilla/5.0 (X11; U; Linux x86_64; en-US) AppleWebKit/532.0 (KHTML, like Gecko) Chrome/4.0.208.0 Safari/532.0"
194.165.17.9 - - [30/May/2022:02:54:21 +0200] "POST /HotelMarriott/27062013 HTTP/1.1" 200 9638 "-" "Mozilla/5.0 (X11; U; Linux x86_64; en-US) AppleWebKit/532.0 (KHTML, like Gecko) Chrome/4.0.208.0 Safari/532.0"
194.165.17.9 - - [30/May/2022:02:54:22 +0200] "POST /HotelMarriott/27062013 HTTP/1.1" 200 9638 "-" "Mozilla/5.0 (X11; U; Linux x86_64; en-US) AppleWebKit/532.0 (KHTML, like Gecko) Chrome/4.0.208.0 Safari/532.0"
194.165.17.9 - - [30/May/2022:02:54:23 +0200] "POST /HotelMarriott/27062013 HTTP/1.1" 200 9638 "-" "Mozilla/5.0 (X11; U; Linux x86_64; en-US) AppleWebKit/532.0 (KHTML, like Gecko) Chrome/4.0.208.0 Safari/532.0"
194.165.17.9 - - [30/May/2022:02:54:24 +0200] "POST /HotelMarriott/27062013 HTTP/1.1" 200 9638 "-" "Mozilla/5.0 (X11; U; Linux x86_64; en-US) AppleWebKit/532.0 (KHTML, like Gecko) Chrome/4.0.208.0 Safari/532.0"
207.46.13.182 - - [30/May/2022:03:21:57 +0200] "GET /uploads/Main/compare_swissmedic_to_swisssindex_1294_atc_are_longer_in_swissindex.txt HTTP/1.1" 200 77121 "-" "Mozilla/5.0 (compatible; bingbot/2.0; +http://www.bing.com/bingbot.htm)"
194.209.200.2 - - [30/May/2022:03:29:09 +0200] "GET /robots.txt HTTP/1.1" 200 - "-" "Mozilla/5.0 (compatible; TMMBot/0.2; +http://www.dslab.ch)/Nutch-1.15"
194.209.200.2 - - [30/May/2022:03:29:09 +0200] "GET /AmiKo/Linux HTTP/1.1" 200 9217 "-" "Mozilla/5.0 (compatible; TMMBot/0.2; +http://www.dslab.ch)/Nutch-1.15"
194.209.200.2 - - [30/May/2022:03:29:14 +0200] "GET /Miele/MieleLXIV HTTP/1.1" 200 15367 "-" "Mozilla/5.0 (compatible; TMMBot/0.2; +http://www.dslab.ch)/Nutch-1.15"
194.209.200.2 - - [30/May/2022:03:29:39 +0200] "GET /Software/YDIM HTTP/1.1" 200 8834 "-" "Mozilla/5.0 (compatible; TMMBot/0.2; +http://www.dslab.ch)/Nutch-1.15"
194.209.200.2 - - [30/May/2022:03:31:26 +0200] "GET /Main/2006 HTTP/1.1" 200 39320 "-" "Mozilla/5.0 (compatible; TMMBot/0.2; +http://www.dslab.ch)/Nutch-1.15"
194.209.200.2 - - [30/May/2022:03:31:35 +0200] "GET /Main/2004 HTTP/1.1" 200 14080 "-" "Mozilla/5.0 (compatible; TMMBot/0.2; +http://www.dslab.ch)/Nutch-1.15"
194.209.200.2 - - [30/May/2022:03:31:58 +0200] "GET /Main/2013 HTTP/1.1" 200 20487 "-" "Mozilla/5.0 (compatible; TMMBot/0.2; +http://www.dslab.ch)/Nutch-1.15"
194.209.200.2 - - [30/May/2022:03:32:08 +0200] "GET /AmiKo/IOS HTTP/1.1" 200 11930 "-" "Mozilla/5.0 (compatible; TMMBot/0.2; +http://www.dslab.ch)/Nutch-1.15"
194.209.200.2 - - [30/May/2022:03:32:16 +0200] "GET /Ywesee/Kontakt HTTP/1.1" 200 8973 "-" "Mozilla/5.0 (compatible; TMMBot/0.2; +http://www.dslab.ch)/Nutch-1.15"
194.209.200.2 - - [30/May/2022:03:34:16 +0200] "GET /Software/ODDB HTTP/1.1" 200 10298 "-" "Mozilla/5.0 (compatible; TMMBot/0.2; +http://www.dslab.ch)/Nutch-1.15"
194.209.200.2 - - [30/May/2022:03:34:48 +0200] "GET /Ausschreibung/SAI HTTP/1.1" 200 10366 "-" "Mozilla/5.0 (compatible; TMMBot/0.2; +http://www.dslab.ch)/Nutch-1.15"
194.209.200.2 - - [30/May/2022:03:35:31 +0200] "GET /Main/2009 HTTP/1.1" 200 21688 "-" "Mozilla/5.0 (compatible; TMMBot/0.2; +http://www.dslab.ch)/Nutch-1.15"
194.209.200.2 - - [30/May/2022:03:35:40 +0200] "GET /Main/2007 HTTP/1.1" 200 50639 "-" "Mozilla/5.0 (compatible; TMMBot/0.2; +http://www.dslab.ch)/Nutch-1.15"
194.209.200.2 - - [30/May/2022:03:36:08 +0200] "GET /Main/2014 HTTP/1.1" 200 19471 "-" "Mozilla/5.0 (compatible; TMMBot/0.2; +http://www.dslab.ch)/Nutch-1.15"
194.209.200.2 - - [30/May/2022:03:36:16 +0200] "GET /Main/2012 HTTP/1.1" 200 31941 "-" "Mozilla/5.0 (compatible; TMMBot/0.2; +http://www.dslab.ch)/Nutch-1.15"
194.209.200.2 - - [30/May/2022:03:36:25 +0200] "GET /AmiKo/Android HTTP/1.1" 200 10427 "-" "Mozilla/5.0 (compatible; TMMBot/0.2; +http://www.dslab.ch)/Nutch-1.15"
194.209.200.2 - - [30/May/2022:03:36:27 +0200] "GET /Main/2010 HTTP/1.1" 200 27997 "-" "Mozilla/5.0 (compatible; TMMBot/0.2; +http://www.dslab.ch)/Nutch-1.15"
194.209.200.2 - - [30/May/2022:03:36:33 +0200] "GET /Main/ComCo19122016 HTTP/1.1" 200 10547 "-" "Mozilla/5.0 (compatible; TMMBot/0.2; +http://www.dslab.ch)/Nutch-1.15"
194.209.200.2 - - [30/May/2022:03:36:36 +0200] "GET /Eggze/SpreadIt HTTP/1.1" 200 12537 "-" "Mozilla/5.0 (compatible; TMMBot/0.2; +http://www.dslab.ch)/Nutch-1.15"
85.208.98.18 - - [30/May/2022:03:36:37 +0200] "GET / HTTP/1.1" 200 11443 "-" "Mozilla/5.0 (compatible; SemrushBot; +http://www.semrush.com/bot.html)"
194.209.200.2 - - [30/May/2022:03:37:23 +0200] "GET /Software/XMLConv HTTP/1.1" 200 8709 "-" "Mozilla/5.0 (compatible; TMMBot/0.2; +http://www.dslab.ch)/Nutch-1.15"
89.246.241.14 - - [30/May/2022:03:54:43 +0200] "GET /Ywesee/Team HTTP/1.1" 200 18245 "-" "Mozilla/5.0 (Windows NT 10.0; Win64; x64; rv:84.0) Gecko/20100101 Firefox/84.0"
66.249.76.87 - - [30/May/2022:03:54:46 +0200] "GET /de/gcc/price_history/reg/52326/seq/01/pack/028 HTTP/1.1" 404 309 "-" "Mozilla/5.0 (compatible; Googlebot/2.1; +http://www.google.com/bot.html)"
114.119.154.181 - - [30/May/2022:03:59:11 +0200] "GET /robots.txt HTTP/1.1" 200 - "-" "Mozilla/5.0 (compatible;PetalBot;+https://webmaster.petalsearch.com/site/petalbot)"
194.209.200.2 - - [30/May/2022:04:02:32 +0200] "GET /robots.txt HTTP/1.1" 200 - "-" "Mozilla/5.0 (compatible; TMMBot/0.2; +http://www.dslab.ch)/Nutch-1.15"
194.209.200.2 - - [30/May/2022:04:02:32 +0200] "GET /Miele/MieleLXIV HTTP/1.1" 200 15367 "-" "Mozilla/5.0 (compatible; TMMBot/0.2; +http://www.dslab.ch)/Nutch-1.15"
194.209.200.2 - - [30/May/2022:04:02:56 +0200] "GET /Software/YDIM HTTP/1.1" 200 8834 "-" "Mozilla/5.0 (compatible; TMMBot/0.2; +http://www.dslab.ch)/Nutch-1.15"
185.191.171.25 - - [30/May/2022:04:03:12 +0200] "GET /robots.txt HTTP/1.1" 200 - "-" "Mozilla/5.0 (compatible; SemrushBot/7~bl; +http://www.semrush.com/bot.html)"
185.191.171.41 - - [30/May/2022:04:03:13 +0200] "GET /ODDB/ODDBxml HTTP/1.1" 200 8728 "-" "Mozilla/5.0 (compatible; SemrushBot/7~bl; +http://www.semrush.com/bot.html)"
54.84.192.51 - - [30/May/2022:04:03:41 +0200] "GET /keybase.txt HTTP/1.1" 200 2659 "-" "keybase-proofs/2.3.24"
185.191.171.4 - - [30/May/2022:04:04:21 +0200] "GET /ODDB/OddbDat?action=diff HTTP/1.1" 403 18 "-" "Mozilla/5.0 (compatible; SemrushBot/7~bl; +http://www.semrush.com/bot.html)"
194.209.200.2 - - [30/May/2022:04:04:36 +0200] "GET /Main/2004 HTTP/1.1" 200 14080 "-" "Mozilla/5.0 (compatible; TMMBot/0.2; +http://www.dslab.ch)/Nutch-1.15"
194.209.200.2 - - [30/May/2022:04:04:56 +0200] "GET /Main/2013 HTTP/1.1" 200 20487 "-" "Mozilla/5.0 (compatible; TMMBot/0.2; +http://www.dslab.ch)/Nutch-1.15"
194.209.200.2 - - [30/May/2022:04:05:05 +0200] "GET /AmiKo/IOS HTTP/1.1" 200 11930 "-" "Mozilla/5.0 (compatible; TMMBot/0.2; +http://www.dslab.ch)/Nutch-1.15"
194.209.200.2 - - [30/May/2022:04:07:04 +0200] "GET /Software/ODDB HTTP/1.1" 200 10298 "-" "Mozilla/5.0 (compatible; TMMBot/0.2; +http://www.dslab.ch)/Nutch-1.15"
194.209.200.2 - - [30/May/2022:04:07:31 +0200] "GET /Ausschreibung/SAI HTTP/1.1" 200 10366 "-" "Mozilla/5.0 (compatible; TMMBot/0.2; +http://www.dslab.ch)/Nutch-1.15"
194.209.200.2 - - [30/May/2022:04:08:10 +0200] "GET /Main/2009 HTTP/1.1" 200 21688 "-" "Mozilla/5.0 (compatible; TMMBot/0.2; +http://www.dslab.ch)/Nutch-1.15"
194.209.200.2 - - [30/May/2022:04:08:41 +0200] "GET /Main/2014 HTTP/1.1" 200 19471 "-" "Mozilla/5.0 (compatible; TMMBot/0.2; +http://www.dslab.ch)/Nutch-1.15"
194.209.200.2 - - [30/May/2022:04:08:48 +0200] "GET /Main/2012 HTTP/1.1" 200 31941 "-" "Mozilla/5.0 (compatible; TMMBot/0.2; +http://www.dslab.ch)/Nutch-1.15"
194.209.200.2 - - [30/May/2022:04:08:55 +0200] "GET /AmiKo/Android HTTP/1.1" 200 10427 "-" "Mozilla/5.0 (compatible; TMMBot/0.2; +http://www.dslab.ch)/Nutch-1.15"
194.209.200.2 - - [30/May/2022:04:09:04 +0200] "GET /Main/ComCo19122016 HTTP/1.1" 200 10547 "-" "Mozilla/5.0 (compatible; TMMBot/0.2; +http://www.dslab.ch)/Nutch-1.15"
194.209.200.2 - - [30/May/2022:04:09:45 +0200] "GET /Software/XMLConv HTTP/1.1" 200 8709 "-" "Mozilla/5.0 (compatible; TMMBot/0.2; +http://www.dslab.ch)/Nutch-1.15"
66.249.76.91 - - [30/May/2022:04:17:15 +0200] "GET /uploads/Arks/Arks_The_Game.pdf HTTP/1.1" 200 774337 "-" "Mozilla/5.0 (compatible; Googlebot/2.1; +http://www.google.com/bot.html)"
89.246.241.14 - - [30/May/2022:04:21:35 +0200] "GET /ODDB/IntegrationLookAmpFeelGenerikasuche HTTP/1.1" 200 9097 "-" "Mozilla/5.0 (Windows NT 10.0; Win64; x64; rv:84.0) Gecko/20100101 Firefox/84.0"
89.246.241.14 - - [30/May/2022:04:21:43 +0200] "GET /Main/Home?action=edit HTTP/1.1" 200 9269 "-" "Mozilla/5.0 (Windows NT 10.0; Win64; x64; rv:84.0) Gecko/20100101 Firefox/84.0"
185.191.171.37 - - [30/May/2022:04:25:40 +0200] "GET /Ywesee/InfoCodexVorgehen?action=diff HTTP/1.1" 403 18 "-" "Mozilla/5.0 (compatible; SemrushBot/7~bl; +http://www.semrush.com/bot.html)"
89.246.241.14 - - [30/May/2022:04:27:33 +0200] "GET /Ywesee/OpenSource HTTP/1.1" 200 10790 "-" "Mozilla/5.0 (Windows NT 10.0; Win64; x64; rv:84.0) Gecko/20100101 Firefox/84.0"
194.209.200.2 - - [30/May/2022:04:34:35 +0200] "GET /robots.txt HTTP/1.1" 200 - "-" "Mozilla/5.0 (compatible; TMMBot/0.2; +http://www.dslab.ch)/Nutch-1.15"
194.209.200.2 - - [30/May/2022:04:34:36 +0200] "GET /Oddb2xml/Index HTTP/1.1" 200 8983 "-" "Mozilla/5.0 (compatible; TMMBot/0.2; +http://www.dslab.ch)/Nutch-1.15"
194.209.200.2 - - [30/May/2022:04:34:57 +0200] "GET /Miele/MieleLXIV HTTP/1.1" 200 15367 "-" "Mozilla/5.0 (compatible; TMMBot/0.2; +http://www.dslab.ch)/Nutch-1.15"
194.209.200.2 - - [30/May/2022:04:35:22 +0200] "GET /Software/YDIM HTTP/1.1" 200 8834 "-" "Mozilla/5.0 (compatible; TMMBot/0.2; +http://www.dslab.ch)/Nutch-1.15"
89.246.241.14 - - [30/May/2022:04:36:18 +0200] "GET /Ywesee/Events HTTP/1.1" 200 8918 "-" "Mozilla/5.0 (Windows NT 10.0; Win64; x64; rv:84.0) Gecko/20100101 Firefox/84.0"
194.209.200.2 - - [30/May/2022:04:36:29 +0200] "GET /ODDB/StammdatenCH HTTP/1.1" 200 9300 "-" "Mozilla/5.0 (compatible; TMMBot/0.2; +http://www.dslab.ch)/Nutch-1.15"
194.209.200.2 - - [30/May/2022:04:37:12 +0200] "GET /Main/2015 HTTP/1.1" 200 15908 "-" "Mozilla/5.0 (compatible; TMMBot/0.2; +http://www.dslab.ch)/Nutch-1.15"
194.209.200.2 - - [30/May/2022:04:37:21 +0200] "GET /Main/2013 HTTP/1.1" 200 20487 "-" "Mozilla/5.0 (compatible; TMMBot/0.2; +http://www.dslab.ch)/Nutch-1.15"
194.209.200.2 - - [30/May/2022:04:37:30 +0200] "GET /AmiKo/IOS HTTP/1.1" 200 11930 "-" "Mozilla/5.0 (compatible; TMMBot/0.2; +http://www.dslab.ch)/Nutch-1.15"
194.209.200.2 - - [30/May/2022:04:37:36 +0200] "GET /Ywesee/Kontakt HTTP/1.1" 200 8973 "-" "Mozilla/5.0 (compatible; TMMBot/0.2; +http://www.dslab.ch)/Nutch-1.15"
194.209.200.2 - - [30/May/2022:04:39:30 +0200] "GET /Software/ODDB HTTP/1.1" 200 10298 "-" "Mozilla/5.0 (compatible; TMMBot/0.2; +http://www.dslab.ch)/Nutch-1.15"
123.125.109.38 - - [30/May/2022:04:39:47 +0200] "GET / HTTP/1.1" 200 11443 "-" "Sogou web spider/4.0(+http://www.sogou.com/docs/help/webmasters.htm#07)"
194.209.200.2 - - [30/May/2022:04:39:58 +0200] "GET /Ausschreibung/SAI HTTP/1.1" 200 10366 "-" "Mozilla/5.0 (compatible; TMMBot/0.2; +http://www.dslab.ch)/Nutch-1.15"
194.209.200.2 - - [30/May/2022:04:40:38 +0200] "GET /Main/2009 HTTP/1.1" 200 21688 "-" "Mozilla/5.0 (compatible; TMMBot/0.2; +http://www.dslab.ch)/Nutch-1.15"
194.209.200.2 - - [30/May/2022:04:41:04 +0200] "GET /Main/2016 HTTP/1.1" 200 13689 "-" "Mozilla/5.0 (compatible; TMMBot/0.2; +http://www.dslab.ch)/Nutch-1.15"
194.209.200.2 - - [30/May/2022:04:41:11 +0200] "GET /Main/2014 HTTP/1.1" 200 19471 "-" "Mozilla/5.0 (compatible; TMMBot/0.2; +http://www.dslab.ch)/Nutch-1.15"
194.209.200.2 - - [30/May/2022:04:41:19 +0200] "GET /Main/2012 HTTP/1.1" 200 31941 "-" "Mozilla/5.0 (compatible; TMMBot/0.2; +http://www.dslab.ch)/Nutch-1.15"
194.209.200.2 - - [30/May/2022:04:41:26 +0200] "GET /AmiKo/Android HTTP/1.1" 200 10427 "-" "Mozilla/5.0 (compatible; TMMBot/0.2; +http://www.dslab.ch)/Nutch-1.15"
194.209.200.2 - - [30/May/2022:04:41:28 +0200] "GET /Main/2010 HTTP/1.1" 200 27997 "-" "Mozilla/5.0 (compatible; TMMBot/0.2; +http://www.dslab.ch)/Nutch-1.15"
194.209.200.2 - - [30/May/2022:04:41:36 +0200] "GET /Main/ComCo19122016 HTTP/1.1" 200 10547 "-" "Mozilla/5.0 (compatible; TMMBot/0.2; +http://www.dslab.ch)/Nutch-1.15"
194.209.200.2 - - [30/May/2022:04:41:37 +0200] "GET /Eggze/SpreadIt HTTP/1.1" 200 12537 "-" "Mozilla/5.0 (compatible; TMMBot/0.2; +http://www.dslab.ch)/Nutch-1.15"
194.209.200.2 - - [30/May/2022:04:42:16 +0200] "GET /Software/XMLConv HTTP/1.1" 200 8709 "-" "Mozilla/5.0 (compatible; TMMBot/0.2; +http://www.dslab.ch)/Nutch-1.15"
89.246.241.14 - - [30/May/2022:04:52:55 +0200] "GET /Software/Spreadsheet HTTP/1.1" 200 8839 "-" "Mozilla/5.0 (Windows NT 10.0; Win64; x64; rv:84.0) Gecko/20100101 Firefox/84.0"
89.246.241.14 - - [30/May/2022:04:53:09 +0200] "GET /Software/ODDB HTTP/1.1" 200 10298 "-" "Mozilla/5.0 (Windows NT 10.0; Win64; x64; rv:84.0) Gecko/20100101 Firefox/84.0"
207.46.13.182 - - [30/May/2022:04:54:55 +0200] "GET /uploads/Main/Entscheid_BGER_18.2.2008.pdf HTTP/1.1" 304 - "-" "Mozilla/5.0 (compatible; bingbot/2.0; +http://www.bing.com/bingbot.htm)"
131.220.6.152 - - [30/May/2022:04:55:58 +0200] "GET / HTTP/1.1" 200 11443 "-" "Mozilla/5.0 (X11; Linux x86_64) AppleWebKit/537.36 (KHTML, like Gecko) Chrome/79.0.3945.79 Safari/537.36"
89.246.241.14 - - [30/May/2022:04:57:45 +0200] "GET /ODDB/StammdatenCH HTTP/1.1" 200 9300 "-" "Mozilla/5.0 (Windows NT 10.0; Win64; x64; rv:84.0) Gecko/20100101 Firefox/84.0"
89.246.241.14 - - [30/May/2022:04:58:43 +0200] "GET /Main/SideBar?action=edit HTTP/1.1" 200 9310 "-" "Mozilla/5.0 (Windows NT 10.0; Win64; x64; rv:84.0) Gecko/20100101 Firefox/84.0"
185.191.171.13 - - [30/May/2022:05:00:35 +0200] "GET /Ywesee/ElektronischesPatientendossierSchweiz?action=upload HTTP/1.1" 403 18 "-" "Mozilla/5.0 (compatible; SemrushBot/7~bl; +http://www.semrush.com/bot.html)"
49.7.20.107 - - [30/May/2022:05:00:45 +0200] "GET / HTTP/1.1" 200 11443 "-" "Sogou web spider/4.0(+http://www.sogou.com/docs/help/webmasters.htm#07)"
89.246.241.14 - - [30/May/2022:05:01:17 +0200] "GET /Software/YDIM HTTP/1.1" 200 8834 "-" "Mozilla/5.0 (Windows NT 10.0; Win64; x64; rv:84.0) Gecko/20100101 Firefox/84.0"
66.249.76.91 - - [30/May/2022:05:02:15 +0200] "GET /Oddb2xml/Index HTTP/1.1" 200 8983 "-" "Mozilla/5.0 (compatible; Googlebot/2.1; +http://www.google.com/bot.html)"
89.246.241.14 - - [30/May/2022:05:04:49 +0200] "GET /AmiKo/Index HTTP/1.1" 200 9511 "-" "Mozilla/5.0 (Windows NT 10.0; Win64; x64; rv:84.0) Gecko/20100101 Firefox/84.0"
157.51.120.70 - - [30/May/2022:05:05:04 +0200] "GET / HTTP/1.1" 200 11443 "-" "Mozilla/5.0 (X11; Linux x86_64) AppleWebKit/537.36 (KHTML, like Gecko) Chrome/100.0.4896.75 Safari/537.36"
157.51.120.70 - - [30/May/2022:05:05:06 +0200] "GET /pub/skins/ywesee/gila.css HTTP/1.1" 200 8276 "https://ywesee.com/" "Mozilla/5.0 (X11; Linux x86_64) AppleWebKit/537.36 (KHTML, like Gecko) Chrome/100.0.4896.75 Safari/537.36"
157.51.120.70 - - [30/May/2022:05:05:06 +0200] "GET /uploads/Main/yweseelogo.gif HTTP/1.1" 200 2982 "https://ywesee.com/" "Mozilla/5.0 (X11; Linux x86_64) AppleWebKit/537.36 (KHTML, like Gecko) Chrome/100.0.4896.75 Safari/537.36"
157.51.120.70 - - [30/May/2022:05:05:06 +0200] "GET /favicon.ico HTTP/1.1" 200 1406 "https://ywesee.com/" "Mozilla/5.0 (X11; Linux x86_64) AppleWebKit/537.36 (KHTML, like Gecko) Chrome/100.0.4896.75 Safari/537.36"
157.51.120.70 - - [30/May/2022:05:06:24 +0200] "GET /Ywesee/About HTTP/1.1" 200 9132 "https://ywesee.com/" "Mozilla/5.0 (X11; Linux x86_64) AppleWebKit/537.36 (KHTML, like Gecko) Chrome/100.0.4896.75 Safari/537.36"
157.51.120.70 - - [30/May/2022:05:06:25 +0200] "GET /favicon.ico HTTP/1.1" 200 1406 "https://www.ywesee.com/Ywesee/About" "Mozilla/5.0 (X11; Linux x86_64) AppleWebKit/537.36 (KHTML, like Gecko) Chrome/100.0.4896.75 Safari/537.36"
66.249.76.91 - - [30/May/2022:05:08:16 +0200] "GET /AmiKo/Windows HTTP/1.1" 200 10332 "-" "Mozilla/5.0 (Linux; Android 6.0.1; Nexus 5X Build/MMB29P) AppleWebKit/537.36 (KHTML, like Gecko) Chrome/101.0.4951.64 Mobile Safari/537.36 (compatible; Googlebot/2.1; +http://www.google.com/bot.html)"
194.209.200.2 - - [30/May/2022:05:08:25 +0200] "GET /robots.txt HTTP/1.1" 200 - "-" "Mozilla/5.0 (compatible; TMMBot/0.2; +http://www.dslab.ch)/Nutch-1.15"
194.209.200.2 - - [30/May/2022:05:08:25 +0200] "GET /Oddb2xml/Index HTTP/1.1" 200 8983 "-" "Mozilla/5.0 (compatible; TMMBot/0.2; +http://www.dslab.ch)/Nutch-1.15"
194.209.200.2 - - [30/May/2022:05:09:25 +0200] "GET /Software/YDIM HTTP/1.1" 200 8834 "-" "Mozilla/5.0 (compatible; TMMBot/0.2; +http://www.dslab.ch)/Nutch-1.15"
194.209.200.2 - - [30/May/2022:05:10:46 +0200] "GET /ODDB/StammdatenCH HTTP/1.1" 200 9300 "-" "Mozilla/5.0 (compatible; TMMBot/0.2; +http://www.dslab.ch)/Nutch-1.15"
194.209.200.2 - - [30/May/2022:05:11:36 +0200] "GET /Main/2015 HTTP/1.1" 200 15908 "-" "Mozilla/5.0 (compatible; TMMBot/0.2; +http://www.dslab.ch)/Nutch-1.15"
194.209.200.2 - - [30/May/2022:05:11:46 +0200] "GET /Main/2013 HTTP/1.1" 200 20487 "-" "Mozilla/5.0 (compatible; TMMBot/0.2; +http://www.dslab.ch)/Nutch-1.15"
194.209.200.2 - - [30/May/2022:05:11:57 +0200] "GET /AmiKo/IOS HTTP/1.1" 200 11930 "-" "Mozilla/5.0 (compatible; TMMBot/0.2; +http://www.dslab.ch)/Nutch-1.15"
194.209.200.2 - - [30/May/2022:05:12:05 +0200] "GET /Ywesee/Kontakt HTTP/1.1" 200 8973 "-" "Mozilla/5.0 (compatible; TMMBot/0.2; +http://www.dslab.ch)/Nutch-1.15"
89.246.241.14 - - [30/May/2022:05:12:25 +0200] "GET /Main/DocumedGalenicaVsYwesee HTTP/1.1" 200 35251 "-" "Mozilla/5.0 (Windows NT 10.0; Win64; x64; rv:84.0) Gecko/20100101 Firefox/84.0"
194.209.200.2 - - [30/May/2022:05:14:09 +0200] "GET /Software/ODDB HTTP/1.1" 200 10298 "-" "Mozilla/5.0 (compatible; TMMBot/0.2; +http://www.dslab.ch)/Nutch-1.15"
185.191.171.44 - - [30/May/2022:05:14:20 +0200] "GET /robots.txt HTTP/1.1" 200 - "-" "Mozilla/5.0 (compatible; SemrushBot/7~bl; +http://www.semrush.com/bot.html)"
185.191.171.38 - - [30/May/2022:05:14:21 +0200] "GET /Main/MyMedi?n=Main.SideBar%3Faction%3Dedit HTTP/1.1" 302 157 "-" "Mozilla/5.0 (compatible; SemrushBot/7~bl; +http://www.semrush.com/bot.html)"
194.209.200.2 - - [30/May/2022:05:15:25 +0200] "GET /Main/2009 HTTP/1.1" 200 21688 "-" "Mozilla/5.0 (compatible; TMMBot/0.2; +http://www.dslab.ch)/Nutch-1.15"
194.209.200.2 - - [30/May/2022:05:15:55 +0200] "GET /Main/2016 HTTP/1.1" 200 13689 "-" "Mozilla/5.0 (compatible; TMMBot/0.2; +http://www.dslab.ch)/Nutch-1.15"
194.209.200.2 - - [30/May/2022:05:16:04 +0200] "GET /Main/2014 HTTP/1.1" 200 19471 "-" "Mozilla/5.0 (compatible; TMMBot/0.2; +http://www.dslab.ch)/Nutch-1.15"
194.209.200.2 - - [30/May/2022:05:16:12 +0200] "GET /Main/2012 HTTP/1.1" 200 31941 "-" "Mozilla/5.0 (compatible; TMMBot/0.2; +http://www.dslab.ch)/Nutch-1.15"
194.209.200.2 - - [30/May/2022:05:16:25 +0200] "GET /AmiKo/Android HTTP/1.1" 200 10427 "-" "Mozilla/5.0 (compatible; TMMBot/0.2; +http://www.dslab.ch)/Nutch-1.15"
194.209.200.2 - - [30/May/2022:05:16:28 +0200] "GET /Main/2010 HTTP/1.1" 200 27997 "-" "Mozilla/5.0 (compatible; TMMBot/0.2; +http://www.dslab.ch)/Nutch-1.15"
194.209.200.2 - - [30/May/2022:05:16:35 +0200] "GET /Main/ComCo19122016 HTTP/1.1" 200 10547 "-" "Mozilla/5.0 (compatible; TMMBot/0.2; +http://www.dslab.ch)/Nutch-1.15"
194.209.200.2 - - [30/May/2022:05:16:38 +0200] "GET /Eggze/SpreadIt HTTP/1.1" 200 12537 "-" "Mozilla/5.0 (compatible; TMMBot/0.2; +http://www.dslab.ch)/Nutch-1.15"
62.210.215.119 - - [30/May/2022:05:16:41 +0200] "GET /Site/AllRecentChanges?action=rss HTTP/1.1" 200 2546 "-" "Mozilla/5.0 (X11; Linux i686) AppleWebKit/537.36 (KHTML, like Gecko) Chrome/30.0.1599.66 Safari/537.36"
194.209.200.2 - - [30/May/2022:05:17:26 +0200] "GET /Software/XMLConv HTTP/1.1" 200 8709 "-" "Mozilla/5.0 (compatible; TMMBot/0.2; +http://www.dslab.ch)/Nutch-1.15"
89.246.241.14 - - [30/May/2022:05:18:23 +0200] "GET /AmiKo/OSX HTTP/1.1" 200 9772 "-" "Mozilla/5.0 (Windows NT 10.0; Win64; x64; rv:84.0) Gecko/20100101 Firefox/84.0"
89.246.241.14 - - [30/May/2022:05:19:00 +0200] "GET /Generikacc/App HTTP/1.1" 200 11862 "-" "Mozilla/5.0 (Windows NT 10.0; Win64; x64; rv:84.0) Gecko/20100101 Firefox/84.0"
89.246.241.14 - - [30/May/2022:05:22:25 +0200] "GET /CoMed/ASPP HTTP/1.1" 200 13118 "-" "Mozilla/5.0 (Windows NT 10.0; Win64; x64; rv:84.0) Gecko/20100101 Firefox/84.0"
89.246.241.14 - - [30/May/2022:05:23:03 +0200] "GET /Software/BBMB HTTP/1.1" 200 9385 "-" "Mozilla/5.0 (Windows NT 10.0; Win64; x64; rv:84.0) Gecko/20100101 Firefox/84.0"
66.249.76.87 - - [30/May/2022:05:24:46 +0200] "GET /Swissmedic/AIPSXml HTTP/1.1" 200 8903 "-" "Mozilla/5.0 (Linux; Android 6.0.1; Nexus 5X Build/MMB29P) AppleWebKit/537.36 (KHTML, like Gecko) Chrome/101.0.4951.64 Mobile Safari/537.36 (compatible; Googlebot/2.1; +http://www.google.com/bot.html)"
54.36.148.1 - - [30/May/2022:05:29:38 +0200] "GET / HTTP/1.1" 200 11443 "-" "Mozilla/5.0 (compatible; AhrefsBot/7.0; +http://ahrefs.com/robot/)"
194.209.200.2 - - [30/May/2022:05:39:59 +0200] "GET /robots.txt HTTP/1.1" 200 - "-" "Mozilla/5.0 (compatible; TMMBot/0.2; +http://www.dslab.ch)/Nutch-1.15"
194.209.200.2 - - [30/May/2022:05:39:59 +0200] "GET /Oddb2xml/Index HTTP/1.1" 200 8983 "-" "Mozilla/5.0 (compatible; TMMBot/0.2; +http://www.dslab.ch)/Nutch-1.15"
194.209.200.2 - - [30/May/2022:05:40:45 +0200] "GET /Software/YDIM HTTP/1.1" 200 8834 "-" "Mozilla/5.0 (compatible; TMMBot/0.2; +http://www.dslab.ch)/Nutch-1.15"
194.209.200.2 - - [30/May/2022:05:41:51 +0200] "GET /ODDB/StammdatenCH HTTP/1.1" 200 9300 "-" "Mozilla/5.0 (compatible; TMMBot/0.2; +http://www.dslab.ch)/Nutch-1.15"
194.209.200.2 - - [30/May/2022:05:42:13 +0200] "GET /Main/2006 HTTP/1.1" 200 39320 "-" "Mozilla/5.0 (compatible; TMMBot/0.2; +http://www.dslab.ch)/Nutch-1.15"
194.209.200.2 - - [30/May/2022:05:42:32 +0200] "GET /Main/2015 HTTP/1.1" 200 15908 "-" "Mozilla/5.0 (compatible; TMMBot/0.2; +http://www.dslab.ch)/Nutch-1.15"
194.209.200.2 - - [30/May/2022:05:42:40 +0200] "GET /Main/2013 HTTP/1.1" 200 20487 "-" "Mozilla/5.0 (compatible; TMMBot/0.2; +http://www.dslab.ch)/Nutch-1.15"
194.209.200.2 - - [30/May/2022:05:42:49 +0200] "GET /Main/2011 HTTP/1.1" 200 21451 "-" "Mozilla/5.0 (compatible; TMMBot/0.2; +http://www.dslab.ch)/Nutch-1.15"
194.209.200.2 - - [30/May/2022:05:42:50 +0200] "GET /AmiKo/IOS HTTP/1.1" 200 11930 "-" "Mozilla/5.0 (compatible; TMMBot/0.2; +http://www.dslab.ch)/Nutch-1.15"
194.209.200.2 - - [30/May/2022:05:42:56 +0200] "GET /Ywesee/Kontakt HTTP/1.1" 200 8973 "-" "Mozilla/5.0 (compatible; TMMBot/0.2; +http://www.dslab.ch)/Nutch-1.15"
89.246.241.14 - - [30/May/2022:05:43:13 +0200] "GET /uploads/Main/amiko_owner_report_fr.html HTTP/1.1" 200 6637 "-" "Mozilla/5.0 (Windows NT 10.0; Win64; x64; rv:84.0) Gecko/20100101 Firefox/84.0"
194.209.200.2 - - [30/May/2022:05:44:45 +0200] "GET /Software/ODDB HTTP/1.1" 200 10298 "-" "Mozilla/5.0 (compatible; TMMBot/0.2; +http://www.dslab.ch)/Nutch-1.15"
89.246.241.14 - - [30/May/2022:05:45:03 +0200] "GET /AmiKo/IOS HTTP/1.1" 200 11930 "-" "Mozilla/5.0 (Windows NT 10.0; Win64; x64; rv:84.0) Gecko/20100101 Firefox/84.0"
194.209.200.2 - - [30/May/2022:05:45:13 +0200] "GET /Ausschreibung/SAI HTTP/1.1" 200 10366 "-" "Mozilla/5.0 (compatible; TMMBot/0.2; +http://www.dslab.ch)/Nutch-1.15"
194.209.200.2 - - [30/May/2022:05:45:51 +0200] "GET /Main/2009 HTTP/1.1" 200 21688 "-" "Mozilla/5.0 (compatible; TMMBot/0.2; +http://www.dslab.ch)/Nutch-1.15"
194.209.200.2 - - [30/May/2022:05:46:16 +0200] "GET /Main/2016 HTTP/1.1" 200 13689 "-" "Mozilla/5.0 (compatible; TMMBot/0.2; +http://www.dslab.ch)/Nutch-1.15"
194.209.200.2 - - [30/May/2022:05:46:23 +0200] "GET /Main/2014 HTTP/1.1" 200 19471 "-" "Mozilla/5.0 (compatible; TMMBot/0.2; +http://www.dslab.ch)/Nutch-1.15"
194.209.200.2 - - [30/May/2022:05:46:30 +0200] "GET /Main/2012 HTTP/1.1" 200 31941 "-" "Mozilla/5.0 (compatible; TMMBot/0.2; +http://www.dslab.ch)/Nutch-1.15"
194.209.200.2 - - [30/May/2022:05:46:38 +0200] "GET /AmiKo/Android HTTP/1.1" 200 10427 "-" "Mozilla/5.0 (compatible; TMMBot/0.2; +http://www.dslab.ch)/Nutch-1.15"
194.209.200.2 - - [30/May/2022:05:46:39 +0200] "GET /Main/2010 HTTP/1.1" 200 27997 "-" "Mozilla/5.0 (compatible; TMMBot/0.2; +http://www.dslab.ch)/Nutch-1.15"
194.209.200.2 - - [30/May/2022:05:46:46 +0200] "GET /Main/ComCo19122016 HTTP/1.1" 200 10547 "-" "Mozilla/5.0 (compatible; TMMBot/0.2; +http://www.dslab.ch)/Nutch-1.15"
194.209.200.2 - - [30/May/2022:05:47:24 +0200] "GET /Software/XMLConv HTTP/1.1" 200 8709 "-" "Mozilla/5.0 (compatible; TMMBot/0.2; +http://www.dslab.ch)/Nutch-1.15"
89.246.241.14 - - [30/May/2022:06:03:34 +0200] "GET /Main/Home?n=Main.SideBar?action=edit HTTP/1.1" 200 9322 "-" "Mozilla/5.0 (Windows NT 10.0; Win64; x64; rv:84.0) Gecko/20100101 Firefox/84.0"
