194.209.200.2 - - [20/Oct/2022:09:54:30 +0200] "GET /robots.txt HTTP/1.1" 200 - "-" "Mozilla/5.0 (compatible; TMMBot/0.2; +http://www.dslab.ch)/Nutch-1.15"
194.209.200.2 - - [20/Oct/2022:09:54:30 +0200] "GET /Miele/MieleLXIV HTTP/1.1" 200 15367 "-" "Mozilla/5.0 (compatible; TMMBot/0.2; +http://www.dslab.ch)/Nutch-1.15"
194.209.200.2 - - [20/Oct/2022:09:56:47 +0200] "GET /Main/2015 HTTP/1.1" 200 15908 "-" "Mozilla/5.0 (compatible; TMMBot/0.2; +http://www.dslab.ch)/Nutch-1.15"
194.209.200.2 - - [20/Oct/2022:09:56:56 +0200] "GET /Main/2013 HTTP/1.1" 200 20487 "-" "Mozilla/5.0 (compatible; TMMBot/0.2; +http://www.dslab.ch)/Nutch-1.15"
194.209.200.2 - - [20/Oct/2022:09:58:20 +0200] "GET /robots.txt HTTP/1.1" 200 - "-" "Mozilla/5.0 (compatible; TMMBot/0.2; +http://www.dslab.ch)/Nutch-1.15"
194.209.200.2 - - [20/Oct/2022:09:59:39 +0200] "GET /Ywesee/OpenSource HTTP/1.1" 200 10790 "-" "Mozilla/5.0 (compatible; TMMBot/0.2; +http://www.dslab.ch)/Nutch-1.15"
194.209.200.2 - - [20/Oct/2022:10:00:13 +0200] "GET /Main/2009 HTTP/1.1" 200 21688 "-" "Mozilla/5.0 (compatible; TMMBot/0.2; +http://www.dslab.ch)/Nutch-1.15"
194.209.200.2 - - [20/Oct/2022:10:00:21 +0200] "GET /Main/2007 HTTP/1.1" 200 50639 "-" "Mozilla/5.0 (compatible; TMMBot/0.2; +http://www.dslab.ch)/Nutch-1.15"
194.209.200.2 - - [20/Oct/2022:10:01:01 +0200] "GET /ODDB/IntegrationLookAmpFeelGenerikasuche HTTP/1.1" 200 9097 "-" "Mozilla/5.0 (compatible; TMMBot/0.2; +http://www.dslab.ch)/Nutch-1.15"
66.249.73.43 - - [20/Oct/2022:10:05:17 +0200] "GET /generikacc/privacy HTTP/1.1" 404 281 "-" "Mozilla/5.0 (compatible; Googlebot/2.1; +http://www.google.com/bot.html)"
66.249.73.28 - - [20/Oct/2022:10:07:40 +0200] "GET /amiko/privacy HTTP/1.1" 404 272 "-" "Mozilla/5.0 (compatible; Googlebot/2.1; +http://www.google.com/bot.html)"
66.249.73.51 - - [20/Oct/2022:10:09:18 +0200] "GET /amiko/privacy HTTP/1.1" 404 276 "-" "Mozilla/5.0 (compatible; Googlebot/2.1; +http://www.google.com/bot.html)"
89.246.241.14 - - [20/Oct/2022:10:09:50 +0200] "GET / HTTP/1.1" 200 13326 "-" "Mozilla/5.0 (Windows NT 10.0; Win64; x64; rv:84.0) Gecko/20100101 Firefox/84.0"
141.94.104.105 - - [20/Oct/2022:10:14:20 +0200] "GET /robots.txt HTTP/1.1" 200 - "-" "Mozilla/5.0 (compatible; SeekportBot; +https://bot.seekport.com)"
141.94.104.105 - - [20/Oct/2022:10:14:21 +0200] "GET / HTTP/1.1" 200 13326 "http://ywesee.com/" "Mozilla/5.0 (compatible; SeekportBot; +https://bot.seekport.com)"
141.94.104.105 - - [20/Oct/2022:10:14:22 +0200] "GET /robots.txt HTTP/1.1" 200 - "-" "Mozilla/5.0 (compatible; SeekportBot; +https://bot.seekport.com)"
141.94.104.105 - - [20/Oct/2022:10:14:22 +0200] "GET /robots.txt HTTP/1.1" 200 - "-" "Mozilla/5.0 (compatible; SeekportBot; +https://bot.seekport.com)"
141.94.104.105 - - [20/Oct/2022:10:14:22 +0200] "GET / HTTP/1.1" 200 13326 "https://ywesee.com/" "Mozilla/5.0 (compatible; SeekportBot; +https://bot.seekport.com)"
141.94.104.105 - - [20/Oct/2022:10:14:23 +0200] "GET /Main/Home HTTP/1.1" 200 13326 "https://ywesee.com/" "Mozilla/5.0 (compatible; SeekportBot; +https://bot.seekport.com)"
141.94.104.105 - - [20/Oct/2022:10:14:23 +0200] "GET /Site/AllRecentChanges?action=rss HTTP/1.1" 200 2546 "https://ywesee.com/" "Mozilla/5.0 (compatible; SeekportBot; +https://bot.seekport.com)"
141.94.104.105 - - [20/Oct/2022:10:14:23 +0200] "GET /Ywesee/About HTTP/1.1" 200 9132 "https://ywesee.com/" "Mozilla/5.0 (compatible; SeekportBot; +https://bot.seekport.com)"
141.94.104.105 - - [20/Oct/2022:10:14:23 +0200] "GET /Ywesee/Events HTTP/1.1" 200 8918 "https://ywesee.com/" "Mozilla/5.0 (compatible; SeekportBot; +https://bot.seekport.com)"
141.94.104.105 - - [20/Oct/2022:10:14:24 +0200] "GET /Ywesee/OpenSource HTTP/1.1" 200 10790 "https://ywesee.com/" "Mozilla/5.0 (compatible; SeekportBot; +https://bot.seekport.com)"
141.94.104.105 - - [20/Oct/2022:10:14:24 +0200] "GET /Ywesee/Team HTTP/1.1" 200 18245 "https://ywesee.com/" "Mozilla/5.0 (compatible; SeekportBot; +https://bot.seekport.com)"
141.94.104.105 - - [20/Oct/2022:10:14:24 +0200] "GET /Ywesee/Kontakt HTTP/1.1" 200 8973 "https://ywesee.com/" "Mozilla/5.0 (compatible; SeekportBot; +https://bot.seekport.com)"
129.11.177.167 - - [20/Oct/2022:10:17:04 +0200] "GET / HTTP/1.1" 200 13326 "-" "Mozilla/5.0 (Macintosh; Intel Mac OS X 10_15_7) AppleWebKit/605.1.15 (KHTML, like Gecko) Version/15.5 Safari/605.1.15"
129.11.177.167 - - [20/Oct/2022:10:17:04 +0200] "GET /pub/skins/ywesee/gila.css HTTP/1.1" 200 8276 "https://ywesee.com/" "Mozilla/5.0 (Macintosh; Intel Mac OS X 10_15_7) AppleWebKit/605.1.15 (KHTML, like Gecko) Version/15.5 Safari/605.1.15"
129.11.177.167 - - [20/Oct/2022:10:17:04 +0200] "GET /uploads/Main/yweseelogo.gif HTTP/1.1" 200 2982 "https://ywesee.com/" "Mozilla/5.0 (Macintosh; Intel Mac OS X 10_15_7) AppleWebKit/605.1.15 (KHTML, like Gecko) Version/15.5 Safari/605.1.15"
129.11.177.167 - - [20/Oct/2022:10:17:04 +0200] "GET /favicon.ico HTTP/1.1" 200 1406 "https://ywesee.com/" "Mozilla/5.0 (Macintosh; Intel Mac OS X 10_15_7) AppleWebKit/605.1.15 (KHTML, like Gecko) Version/15.5 Safari/605.1.15"
64.71.157.107 - - [20/Oct/2022:10:17:27 +0200] "GET /pmwiki.php/Site/AllRecentChanges?action=rss HTTP/1.1" 200 2546 "-" "Feedbin feed-id:590358 - 1 subscribers"
216.244.66.238 - - [20/Oct/2022:10:18:10 +0200] "GET /robots.txt HTTP/1.1" 200 - "-" "Mozilla/5.0 (compatible; DotBot/1.2; +https://opensiteexplorer.org/dotbot; help@moz.com)"
85.7.117.113 - - [20/Oct/2022:10:21:34 +0200] "GET /uploads/Generikacc/Generika_Rezept_Import_4.png HTTP/1.1" 200 116618 "https://www.google.ch/" "Mozilla/5.0 (iPhone; CPU iPhone OS 15_6 like Mac OS X) AppleWebKit/605.1.15 (KHTML, like Gecko) Version/15.6 Mobile/15E148 Safari/604.1"
216.244.66.238 - - [20/Oct/2022:10:22:11 +0200] "GET /Ywesee/SpezialisierteKrankenkasse HTTP/1.1" 200 14829 "-" "Mozilla/5.0 (compatible; DotBot/1.2; +https://opensiteexplorer.org/dotbot; help@moz.com)"
114.111.32.44 - - [20/Oct/2022:10:24:45 +0200] "GET /uploads/Main/Einladung_Stellungnahme_WEKO_21.5.08_ocr_web.pdf HTTP/1.1" 200 7662138 "-" "Mozilla/5.0 (compatible; Yeti/1.1; +https://naver.me/spd)"
66.249.73.51 - - [20/Oct/2022:10:28:13 +0200] "GET / HTTP/1.1" 200 13326 "-" "Mozilla/5.0 (compatible; Googlebot/2.1; +http://www.google.com/bot.html)"
66.249.93.174 - - [20/Oct/2022:10:34:45 +0200] "HEAD /pmwiki.php/Site/AllRecentChanges?action=rss HTTP/1.1" 200 - "-" "FeedBurner/1.0 (http://www.FeedBurner.com)"
66.249.93.174 - - [20/Oct/2022:10:34:46 +0200] "GET /pmwiki.php/Site/AllRecentChanges?action=rss HTTP/1.1" 200 2546 "-" "FeedBurner/1.0 (http://www.FeedBurner.com)"
37.139.53.50 - - [20/Oct/2022:10:37:00 +0200] "GET /Refdatabase/PharmacodeLoeschung HTTP/1.0" 200 10134 "https://www.ywesee.com/Refdatabase/PharmacodeLoeschung" "Mozilla/5.0 (Windows NT 6.3; Win64; x64) AppleWebKit/537.36 (KHTML, like Gecko) Chrome/90.0.4430.85 Safari/537.36 Edg/90.0.818.49"
194.209.200.2 - - [20/Oct/2022:10:38:44 +0200] "GET /robots.txt HTTP/1.1" 200 - "-" "Mozilla/5.0 (compatible; TMMBot/0.2; +http://www.dslab.ch)/Nutch-1.15"
194.209.200.2 - - [20/Oct/2022:10:38:44 +0200] "GET /Miele/MieleLXIV HTTP/1.1" 200 15367 "-" "Mozilla/5.0 (compatible; TMMBot/0.2; +http://www.dslab.ch)/Nutch-1.15"
194.209.200.2 - - [20/Oct/2022:10:41:55 +0200] "GET /Main/2013 HTTP/1.1" 200 20487 "-" "Mozilla/5.0 (compatible; TMMBot/0.2; +http://www.dslab.ch)/Nutch-1.15"
194.209.200.2 - - [20/Oct/2022:10:43:44 +0200] "GET /robots.txt HTTP/1.1" 200 - "-" "Mozilla/5.0 (compatible; TMMBot/0.2; +http://www.dslab.ch)/Nutch-1.15"
194.209.200.2 - - [20/Oct/2022:10:45:33 +0200] "GET /Ywesee/OpenSource HTTP/1.1" 200 10790 "-" "Mozilla/5.0 (compatible; TMMBot/0.2; +http://www.dslab.ch)/Nutch-1.15"
114.111.32.188 - - [20/Oct/2022:10:45:36 +0200] "GET /uploads/Main/Kommentar_Akteneinscht_32-1078_20.3.2007.txt HTTP/1.1" 200 22868 "-" "Mozilla/5.0 (compatible; Yeti/1.1; +https://naver.me/spd)"
194.209.200.2 - - [20/Oct/2022:10:46:17 +0200] "GET /Main/2009 HTTP/1.1" 200 21688 "-" "Mozilla/5.0 (compatible; TMMBot/0.2; +http://www.dslab.ch)/Nutch-1.15"
194.209.200.2 - - [20/Oct/2022:10:46:27 +0200] "GET /Main/2007 HTTP/1.1" 200 50639 "-" "Mozilla/5.0 (compatible; TMMBot/0.2; +http://www.dslab.ch)/Nutch-1.15"
194.209.200.2 - - [20/Oct/2022:10:47:30 +0200] "GET /ODDB/IntegrationLookAmpFeelGenerikasuche HTTP/1.1" 200 9097 "-" "Mozilla/5.0 (compatible; TMMBot/0.2; +http://www.dslab.ch)/Nutch-1.15"
62.210.215.119 - - [20/Oct/2022:10:49:33 +0200] "GET /Site/AllRecentChanges?action=rss HTTP/1.1" 200 2546 "-" "Mozilla/5.0 (X11; Linux i686) AppleWebKit/537.36 (KHTML, like Gecko) Chrome/30.0.1599.66 Safari/537.36"
64.71.157.107 - - [20/Oct/2022:10:56:02 +0200] "GET /pmwiki.php/Site/AllRecentChanges?action=rss HTTP/1.1" 200 2546 "-" "Feedbin feed-id:590358 - 1 subscribers"
66.249.93.174 - - [20/Oct/2022:11:16:22 +0200] "HEAD /pmwiki.php/Site/AllRecentChanges?action=rss HTTP/1.1" 200 - "-" "FeedBurner/1.0 (http://www.FeedBurner.com)"
66.249.93.178 - - [20/Oct/2022:11:16:22 +0200] "GET /pmwiki.php/Site/AllRecentChanges?action=rss HTTP/1.1" 200 2546 "-" "FeedBurner/1.0 (http://www.FeedBurner.com)"
194.209.200.2 - - [20/Oct/2022:11:18:11 +0200] "GET /robots.txt HTTP/1.1" 200 - "-" "Mozilla/5.0 (compatible; TMMBot/0.2; +http://www.dslab.ch)/Nutch-1.15"
194.209.200.2 - - [20/Oct/2022:11:18:11 +0200] "GET /Miele/MieleLXIV HTTP/1.1" 200 15367 "-" "Mozilla/5.0 (compatible; TMMBot/0.2; +http://www.dslab.ch)/Nutch-1.15"
194.209.200.2 - - [20/Oct/2022:11:20:39 +0200] "GET /Main/2013 HTTP/1.1" 200 20487 "-" "Mozilla/5.0 (compatible; TMMBot/0.2; +http://www.dslab.ch)/Nutch-1.15"
194.209.200.2 - - [20/Oct/2022:11:22:02 +0200] "GET /robots.txt HTTP/1.1" 200 - "-" "Mozilla/5.0 (compatible; TMMBot/0.2; +http://www.dslab.ch)/Nutch-1.15"
194.209.200.2 - - [20/Oct/2022:11:23:23 +0200] "GET /Ywesee/OpenSource HTTP/1.1" 200 10790 "-" "Mozilla/5.0 (compatible; TMMBot/0.2; +http://www.dslab.ch)/Nutch-1.15"
194.209.200.2 - - [20/Oct/2022:11:23:56 +0200] "GET /Main/2009 HTTP/1.1" 200 21688 "-" "Mozilla/5.0 (compatible; TMMBot/0.2; +http://www.dslab.ch)/Nutch-1.15"
194.209.200.2 - - [20/Oct/2022:11:24:05 +0200] "GET /Main/2007 HTTP/1.1" 200 50639 "-" "Mozilla/5.0 (compatible; TMMBot/0.2; +http://www.dslab.ch)/Nutch-1.15"
114.111.32.176 - - [20/Oct/2022:11:24:45 +0200] "GET /Ywesee/InfoCodexVorgehen HTTP/1.1" 200 12716 "-" "Mozilla/5.0 (compatible; Yeti/1.1; +https://naver.me/spd)"
194.209.200.2 - - [20/Oct/2022:11:24:46 +0200] "GET /ODDB/IntegrationLookAmpFeelGenerikasuche HTTP/1.1" 200 9097 "-" "Mozilla/5.0 (compatible; TMMBot/0.2; +http://www.dslab.ch)/Nutch-1.15"
64.71.157.109 - - [20/Oct/2022:11:37:50 +0200] "GET /pmwiki.php/Site/AllRecentChanges?action=rss HTTP/1.1" 200 2546 "-" "Feedbin feed-id:590358 - 1 subscribers"
89.246.241.14 - - [20/Oct/2022:11:42:39 +0200] "GET /Ywesee/Team HTTP/1.1" 200 18245 "-" "Mozilla/5.0 (Windows NT 10.0; Win64; x64; rv:84.0) Gecko/20100101 Firefox/84.0"
89.246.241.14 - - [20/Oct/2022:11:43:04 +0200] "GET /pmwiki.php?n=Ywesee.HtmlGrid HTTP/1.1" 200 8494 "-" "Mozilla/5.0 (Windows NT 10.0; Win64; x64; rv:84.0) Gecko/20100101 Firefox/84.0"
89.246.241.14 - - [20/Oct/2022:11:43:15 +0200] "GET /Ywesee/HtmlGrid HTTP/1.1" 200 8494 "-" "Mozilla/5.0 (Windows NT 10.0; Win64; x64; rv:84.0) Gecko/20100101 Firefox/84.0"
89.246.241.14 - - [20/Oct/2022:11:43:21 +0200] "GET /Ywesee/HtmlGrid?action=edit HTTP/1.1" 200 9346 "-" "Mozilla/5.0 (Windows NT 10.0; Win64; x64; rv:84.0) Gecko/20100101 Firefox/84.0"
89.246.241.14 - - [20/Oct/2022:11:43:26 +0200] "GET /Ywesee/HtmlGrid?action=upload HTTP/1.1" 200 8812 "-" "Mozilla/5.0 (Windows NT 10.0; Win64; x64; rv:84.0) Gecko/20100101 Firefox/84.0"
89.246.241.14 - - [20/Oct/2022:11:43:31 +0200] "GET /Ywesee/HtmlGrid?action=print HTTP/1.1" 200 3021 "-" "Mozilla/5.0 (Windows NT 10.0; Win64; x64; rv:84.0) Gecko/20100101 Firefox/84.0"
89.246.241.14 - - [20/Oct/2022:11:43:37 +0200] "GET /Ywesee/HtmlGrid?action=diff HTTP/1.1" 200 10670 "-" "Mozilla/5.0 (Windows NT 10.0; Win64; x64; rv:84.0) Gecko/20100101 Firefox/84.0"
213.180.203.69 - - [20/Oct/2022:11:48:34 +0200] "GET /robots.txt HTTP/1.1" 200 - "-" "Mozilla/5.0 (compatible; YandexBot/3.0; +http://yandex.com/bots)"
213.180.203.69 - - [20/Oct/2022:11:48:38 +0200] "GET /favicon.ico HTTP/1.1" 200 1406 "-" "Mozilla/5.0 (compatible; YandexFavicons/1.0; +http://yandex.com/bots)"
194.209.200.2 - - [20/Oct/2022:11:49:38 +0200] "GET /robots.txt HTTP/1.1" 200 - "-" "Mozilla/5.0 (compatible; TMMBot/0.2; +http://www.dslab.ch)/Nutch-1.15"
194.209.200.2 - - [20/Oct/2022:11:49:38 +0200] "GET /Miele/MieleLXIV HTTP/1.1" 200 15367 "-" "Mozilla/5.0 (compatible; TMMBot/0.2; +http://www.dslab.ch)/Nutch-1.15"
194.209.200.2 - - [20/Oct/2022:11:51:59 +0200] "GET /Main/2013 HTTP/1.1" 200 20487 "-" "Mozilla/5.0 (compatible; TMMBot/0.2; +http://www.dslab.ch)/Nutch-1.15"
89.246.241.14 - - [20/Oct/2022:11:52:12 +0200] "GET /Main/Home?action=edit HTTP/1.1" 200 9271 "-" "Mozilla/5.0 (Windows NT 10.0; Win64; x64; rv:84.0) Gecko/20100101 Firefox/84.0"
89.246.241.14 - - [20/Oct/2022:11:52:18 +0200] "GET /ODDB/IntegrationLookAmpFeelGenerikasuche HTTP/1.1" 200 9097 "-" "Mozilla/5.0 (Windows NT 10.0; Win64; x64; rv:84.0) Gecko/20100101 Firefox/84.0"
194.209.200.2 - - [20/Oct/2022:11:53:19 +0200] "GET /robots.txt HTTP/1.1" 200 - "-" "Mozilla/5.0 (compatible; TMMBot/0.2; +http://www.dslab.ch)/Nutch-1.15"
194.209.200.2 - - [20/Oct/2022:11:54:34 +0200] "GET /Ywesee/OpenSource HTTP/1.1" 200 10790 "-" "Mozilla/5.0 (compatible; TMMBot/0.2; +http://www.dslab.ch)/Nutch-1.15"
194.209.200.2 - - [20/Oct/2022:11:55:05 +0200] "GET /Main/2009 HTTP/1.1" 200 21688 "-" "Mozilla/5.0 (compatible; TMMBot/0.2; +http://www.dslab.ch)/Nutch-1.15"
194.209.200.2 - - [20/Oct/2022:11:55:13 +0200] "GET /Main/2007 HTTP/1.1" 200 50639 "-" "Mozilla/5.0 (compatible; TMMBot/0.2; +http://www.dslab.ch)/Nutch-1.15"
194.209.200.2 - - [20/Oct/2022:11:55:51 +0200] "GET /ODDB/IntegrationLookAmpFeelGenerikasuche HTTP/1.1" 200 9097 "-" "Mozilla/5.0 (compatible; TMMBot/0.2; +http://www.dslab.ch)/Nutch-1.15"
89.246.241.14 - - [20/Oct/2022:12:01:15 +0200] "GET /Ywesee/OpenSource HTTP/1.1" 200 10790 "-" "Mozilla/5.0 (Windows NT 10.0; Win64; x64; rv:84.0) Gecko/20100101 Firefox/84.0"
8.29.198.26 - - [20/Oct/2022:12:01:26 +0200] "GET /pmwiki.php/Site/AllRecentChanges?action=rss HTTP/1.1" 200 2546 "-" "Feedly/1.0 (+http://www.feedly.com/fetcher.html; 5 subscribers; like FeedFetcher-Google)"
216.244.66.238 - - [20/Oct/2022:12:01:55 +0200] "GET /robots.txt HTTP/1.1" 200 - "-" "Mozilla/5.0 (compatible; DotBot/1.2; +https://opensiteexplorer.org/dotbot; help@moz.com)"
110.93.150.159 - - [20/Oct/2022:12:04:53 +0200] "GET /Software/YDIM?action=upload HTTP/1.1" 403 18 "-" "Mozilla/5.0 (compatible; Yeti/1.1; +https://naver.me/spd)"
207.46.13.191 - - [20/Oct/2022:12:06:02 +0200] "GET /Main/SearchWiki?pagename=Main%2FSearchWiki&q=2023 HTTP/1.1" 200 10409 "-" "Mozilla/5.0 AppleWebKit/537.36 (KHTML, like Gecko; compatible; bingbot/2.0; +http://www.bing.com/bingbot.htm) Chrome/103.0.5060.134 Safari/537.36"
66.249.93.178 - - [20/Oct/2022:12:06:05 +0200] "HEAD /pmwiki.php/Site/AllRecentChanges?action=rss HTTP/1.1" 200 - "-" "FeedBurner/1.0 (http://www.FeedBurner.com)"
66.249.93.174 - - [20/Oct/2022:12:06:05 +0200] "GET /pmwiki.php/Site/AllRecentChanges?action=rss HTTP/1.1" 200 2546 "-" "FeedBurner/1.0 (http://www.FeedBurner.com)"
35.92.31.98 - - [20/Oct/2022:12:08:11 +0200] "GET / HTTP/1.1" 200 13326 "-" "Mozilla/5.0 (X11; Linux x86_64) AppleWebKit/537.36 (KHTML, like Gecko) Chrome/83.0.4103.97 Safari/537.36"
34.222.43.207 - - [20/Oct/2022:12:08:26 +0200] "GET /favicon.ico HTTP/1.1" 200 1406 "http://ywesee.org/favicon.ico" "Mozilla/5.0 (X11; Linux x86_64) AppleWebKit/537.36 (KHTML, like Gecko) Chrome/83.0.4103.97 Safari/537.36"
89.246.241.14 - - [20/Oct/2022:12:14:56 +0200] "GET /Ywesee/Events HTTP/1.1" 200 8918 "-" "Mozilla/5.0 (Windows NT 10.0; Win64; x64; rv:84.0) Gecko/20100101 Firefox/84.0"
89.246.241.14 - - [20/Oct/2022:12:15:17 +0200] "GET /Anlass/12012017 HTTP/1.1" 200 10710 "-" "Mozilla/5.0 (Windows NT 10.0; Win64; x64; rv:84.0) Gecko/20100101 Firefox/84.0"
89.246.241.14 - - [20/Oct/2022:12:15:22 +0200] "GET /Anlass/06122012 HTTP/1.1" 200 11144 "-" "Mozilla/5.0 (Windows NT 10.0; Win64; x64; rv:84.0) Gecko/20100101 Firefox/84.0"
3.252.209.15 - - [20/Oct/2022:12:17:03 +0200] "GET /robots.txt HTTP/1.1" 200 - "-" "webprosbot/2.0 (+mailto:abuse-6337@webpros.com)"
194.36.98.36 - - [20/Oct/2022:12:17:50 +0200] "GET / HTTP/1.1" 200 13326 "http://ywesee.com" "Mozilla/5.0 (X11; Linux x86_64) AppleWebKit/537.36 (KHTML, like Gecko) Chrome/103.0.0.0 Safari/537.36"
5.157.14.138 - - [20/Oct/2022:12:17:51 +0200] "GET /Ywesee/Kontakt HTTP/1.1" 200 8973 "http://ywesee.com" "Mozilla/5.0 (X11; Linux x86_64) AppleWebKit/537.36 (KHTML, like Gecko) Chrome/103.0.0.0 Safari/537.36"
216.244.66.238 - - [20/Oct/2022:12:19:55 +0200] "GET /AmiKo/Linux?action=edit HTTP/1.1" 403 18 "-" "Mozilla/5.0 (compatible; DotBot/1.2; +https://opensiteexplorer.org/dotbot; help@moz.com)"
64.71.157.112 - - [20/Oct/2022:12:21:38 +0200] "GET /pmwiki.php/Site/AllRecentChanges?action=rss HTTP/1.1" 200 2546 "-" "Feedbin feed-id:590358 - 1 subscribers"
114.111.32.102 - - [20/Oct/2022:12:25:26 +0200] "GET /uploads/Main/Zulaessigkeit-der-Taetigkeit-von-Swissmedic-im-Bereich-des-Schweizerischen-Arzneimittelkompendiums.pdf HTTP/1.1" 200 1761141 "-" "Mozilla/5.0 (compatible; Yeti/1.1; +https://naver.me/spd)"
194.209.200.2 - - [20/Oct/2022:12:25:42 +0200] "GET /robots.txt HTTP/1.1" 200 - "-" "Mozilla/5.0 (compatible; TMMBot/0.2; +http://www.dslab.ch)/Nutch-1.15"
194.209.200.2 - - [20/Oct/2022:12:25:42 +0200] "GET /Miele/MieleLXIV HTTP/1.1" 200 15367 "-" "Mozilla/5.0 (compatible; TMMBot/0.2; +http://www.dslab.ch)/Nutch-1.15"
40.77.167.66 - - [20/Oct/2022:12:26:27 +0200] "GET /uploads/Main/Eroeffnung_Verfuegung_WEKO_16.7.2008_web.pdf HTTP/1.1" 304 - "-" "Mozilla/5.0 (compatible; bingbot/2.0; +http://www.bing.com/bingbot.htm)"
194.209.200.2 - - [20/Oct/2022:12:28:10 +0200] "GET /Main/2013 HTTP/1.1" 200 20487 "-" "Mozilla/5.0 (compatible; TMMBot/0.2; +http://www.dslab.ch)/Nutch-1.15"
194.209.200.2 - - [20/Oct/2022:12:29:36 +0200] "GET /robots.txt HTTP/1.1" 200 - "-" "Mozilla/5.0 (compatible; TMMBot/0.2; +http://www.dslab.ch)/Nutch-1.15"
194.209.200.2 - - [20/Oct/2022:12:31:02 +0200] "GET /Ywesee/OpenSource HTTP/1.1" 200 10790 "-" "Mozilla/5.0 (compatible; TMMBot/0.2; +http://www.dslab.ch)/Nutch-1.15"
194.209.200.2 - - [20/Oct/2022:12:31:37 +0200] "GET /Main/2009 HTTP/1.1" 200 21688 "-" "Mozilla/5.0 (compatible; TMMBot/0.2; +http://www.dslab.ch)/Nutch-1.15"
194.209.200.2 - - [20/Oct/2022:12:31:45 +0200] "GET /Main/2007 HTTP/1.1" 200 50639 "-" "Mozilla/5.0 (compatible; TMMBot/0.2; +http://www.dslab.ch)/Nutch-1.15"
194.209.200.2 - - [20/Oct/2022:12:32:30 +0200] "GET /ODDB/IntegrationLookAmpFeelGenerikasuche HTTP/1.1" 200 9097 "-" "Mozilla/5.0 (compatible; TMMBot/0.2; +http://www.dslab.ch)/Nutch-1.15"
89.246.241.14 - - [20/Oct/2022:12:40:08 +0200] "GET /Software/Spreadsheet HTTP/1.1" 200 8839 "-" "Mozilla/5.0 (Windows NT 10.0; Win64; x64; rv:84.0) Gecko/20100101 Firefox/84.0"
89.246.241.14 - - [20/Oct/2022:12:40:29 +0200] "GET /Software/ODDB HTTP/1.1" 200 10298 "-" "Mozilla/5.0 (Windows NT 10.0; Win64; x64; rv:84.0) Gecko/20100101 Firefox/84.0"
89.246.241.14 - - [20/Oct/2022:12:45:39 +0200] "GET /ODDB/StammdatenCH HTTP/1.1" 200 9300 "-" "Mozilla/5.0 (Windows NT 10.0; Win64; x64; rv:84.0) Gecko/20100101 Firefox/84.0"
89.246.241.14 - - [20/Oct/2022:12:46:36 +0200] "GET /Main/SideBar?action=edit HTTP/1.1" 200 9310 "-" "Mozilla/5.0 (Windows NT 10.0; Win64; x64; rv:84.0) Gecko/20100101 Firefox/84.0"
157.90.182.30 - - [20/Oct/2022:12:47:32 +0200] "GET /robots.txt HTTP/1.1" 200 - "-" "Mozilla/5.0 (compatible; BLEXBot/1.0; +http://webmeup-crawler.com/)"
157.90.182.30 - - [20/Oct/2022:12:47:33 +0200] "GET /robots.txt HTTP/1.1" 200 - "-" "Mozilla/5.0 (compatible; BLEXBot/1.0; +http://webmeup-crawler.com/)"
157.90.182.30 - - [20/Oct/2022:12:47:33 +0200] "GET /sitemap HTTP/1.1" 404 266 "-" "Mozilla/5.0 (compatible; BLEXBot/1.0; +http://webmeup-crawler.com/)"
157.90.182.30 - - [20/Oct/2022:12:47:40 +0200] "GET /robots.txt HTTP/1.1" 200 - "-" "Mozilla/5.0 (compatible; BLEXBot/1.0; +http://webmeup-crawler.com/)"
157.90.182.30 - - [20/Oct/2022:12:47:42 +0200] "GET /sitemap HTTP/1.1" 404 266 "-" "Mozilla/5.0 (compatible; BLEXBot/1.0; +http://webmeup-crawler.com/)"
157.90.182.30 - - [20/Oct/2022:12:47:43 +0200] "GET /sitemap HTTP/1.1" 404 266 "-" "Mozilla/5.0 (compatible; BLEXBot/1.0; +http://webmeup-crawler.com/)"
157.90.182.30 - - [20/Oct/2022:12:47:47 +0200] "GET /robots.txt HTTP/1.1" 200 - "-" "Mozilla/5.0 (compatible; BLEXBot/1.0; +http://webmeup-crawler.com/)"
157.90.182.30 - - [20/Oct/2022:12:47:49 +0200] "GET /sitemap HTTP/1.1" 404 270 "-" "Mozilla/5.0 (compatible; BLEXBot/1.0; +http://webmeup-crawler.com/)"
157.90.182.30 - - [20/Oct/2022:12:47:53 +0200] "GET /sitemap.txt HTTP/1.1" 404 270 "-" "Mozilla/5.0 (compatible; BLEXBot/1.0; +http://webmeup-crawler.com/)"
157.90.182.30 - - [20/Oct/2022:12:47:58 +0200] "GET /sitemap.txt HTTP/1.1" 404 270 "-" "Mozilla/5.0 (compatible; BLEXBot/1.0; +http://webmeup-crawler.com/)"
157.90.182.30 - - [20/Oct/2022:12:48:03 +0200] "GET /sitemap.txt HTTP/1.1" 404 270 "-" "Mozilla/5.0 (compatible; BLEXBot/1.0; +http://webmeup-crawler.com/)"
157.90.182.30 - - [20/Oct/2022:12:48:07 +0200] "GET /sitemap.txt HTTP/1.1" 404 274 "-" "Mozilla/5.0 (compatible; BLEXBot/1.0; +http://webmeup-crawler.com/)"
89.246.241.14 - - [20/Oct/2022:12:49:10 +0200] "GET /Software/YDIM HTTP/1.1" 200 8834 "-" "Mozilla/5.0 (Windows NT 10.0; Win64; x64; rv:84.0) Gecko/20100101 Firefox/84.0"
89.246.241.14 - - [20/Oct/2022:12:52:41 +0200] "GET /AmiKo/Index HTTP/1.1" 200 9511 "-" "Mozilla/5.0 (Windows NT 10.0; Win64; x64; rv:84.0) Gecko/20100101 Firefox/84.0"
194.209.200.2 - - [20/Oct/2022:12:58:47 +0200] "GET /robots.txt HTTP/1.1" 200 - "-" "Mozilla/5.0 (compatible; TMMBot/0.2; +http://www.dslab.ch)/Nutch-1.15"
194.209.200.2 - - [20/Oct/2022:12:58:48 +0200] "GET /Miele/MieleLXIV HTTP/1.1" 200 15367 "-" "Mozilla/5.0 (compatible; TMMBot/0.2; +http://www.dslab.ch)/Nutch-1.15"
89.246.241.14 - - [20/Oct/2022:13:00:18 +0200] "GET /Main/DocumedGalenicaVsYwesee HTTP/1.1" 200 35251 "-" "Mozilla/5.0 (Windows NT 10.0; Win64; x64; rv:84.0) Gecko/20100101 Firefox/84.0"
89.246.241.14 - - [20/Oct/2022:13:00:30 +0200] "GET /Main/DocumedGalenicaVsYwesee?action=edit HTTP/1.1" 200 9519 "-" "Mozilla/5.0 (Windows NT 10.0; Win64; x64; rv:84.0) Gecko/20100101 Firefox/84.0"
89.246.241.14 - - [20/Oct/2022:13:00:35 +0200] "GET /Main/DocumedGalenicaVsYwesee?n=Main.SideBar?action=edit HTTP/1.1" 200 9341 "-" "Mozilla/5.0 (Windows NT 10.0; Win64; x64; rv:84.0) Gecko/20100101 Firefox/84.0"
89.246.241.14 - - [20/Oct/2022:13:00:41 +0200] "GET /Main/DocumedGalenicaVsYwesee?action=upload HTTP/1.1" 200 8985 "-" "Mozilla/5.0 (Windows NT 10.0; Win64; x64; rv:84.0) Gecko/20100101 Firefox/84.0"
89.246.241.14 - - [20/Oct/2022:13:00:47 +0200] "GET /Main/DocumedGalenicaVsYwesee?action=print HTTP/1.1" 200 29761 "-" "Mozilla/5.0 (Windows NT 10.0; Win64; x64; rv:84.0) Gecko/20100101 Firefox/84.0"
89.246.241.14 - - [20/Oct/2022:13:00:53 +0200] "GET /Main/DocumedGalenicaVsYwesee?action=diff HTTP/1.1" 200 116300 "-" "Mozilla/5.0 (Windows NT 10.0; Win64; x64; rv:84.0) Gecko/20100101 Firefox/84.0"
89.246.241.14 - - [20/Oct/2022:13:00:59 +0200] "GET /uploads/Main/Kommerzialisierung_von_elektronischen_Medikamenteninformationen_Verfgung_vom_19._Dezember_2016_Version_7.1.2021.pdf HTTP/1.1" 200 2107804 "-" "Mozilla/5.0 (Windows NT 10.0; Win64; x64; rv:84.0) Gecko/20100101 Firefox/84.0"
89.246.241.14 - - [20/Oct/2022:13:01:05 +0200] "GET /uploads/Main/Verfgung_WEKO_vom_19._Dezember_2016.pdf HTTP/1.1" 200 6827164 "-" "Mozilla/5.0 (Windows NT 10.0; Win64; x64; rv:84.0) Gecko/20100101 Firefox/84.0"
89.246.241.14 - - [20/Oct/2022:13:01:11 +0200] "GET /uploads/Main/17.6.2011_BVGER_Swissmedic_Laboratoire_Reboh.pdf HTTP/1.1" 200 576950 "-" "Mozilla/5.0 (Windows NT 10.0; Win64; x64; rv:84.0) Gecko/20100101 Firefox/84.0"
194.209.200.2 - - [20/Oct/2022:13:01:13 +0200] "GET /Main/2013 HTTP/1.1" 200 20487 "-" "Mozilla/5.0 (compatible; TMMBot/0.2; +http://www.dslab.ch)/Nutch-1.15"
89.246.241.14 - - [20/Oct/2022:13:01:16 +0200] "GET /uploads/Main/Eroeffnung_Verfuegung_WEKO_16.7.2008_web.pdf HTTP/1.1" 200 9080238 "-" "Mozilla/5.0 (Windows NT 10.0; Win64; x64; rv:84.0) Gecko/20100101 Firefox/84.0"
89.246.241.14 - - [20/Oct/2022:13:01:22 +0200] "GET /uploads/Main/Angebot_Documed_AG_Tarifierung_29.04.2008.pdf HTTP/1.1" 200 71593 "-" "Mozilla/5.0 (Windows NT 10.0; Win64; x64; rv:84.0) Gecko/20100101 Firefox/84.0"
89.246.241.14 - - [20/Oct/2022:13:01:28 +0200] "GET /uploads/Main/Eingabe_Tarifierung_ywesee_GmbH_23.04.2008.pdf HTTP/1.1" 200 459782 "-" "Mozilla/5.0 (Windows NT 10.0; Win64; x64; rv:84.0) Gecko/20100101 Firefox/84.0"
89.246.241.14 - - [20/Oct/2022:13:01:33 +0200] "GET /uploads/Main/Beilagen_Eingabe_Tarifierung_ywesee_GmbH_23.04.2008.pdf HTTP/1.1" 200 910704 "-" "Mozilla/5.0 (Windows NT 10.0; Win64; x64; rv:84.0) Gecko/20100101 Firefox/84.0"
89.246.241.14 - - [20/Oct/2022:13:01:39 +0200] "GET /uploads/Main/ywesee_GmbH_Bundesgerichtsurteil.pdf HTTP/1.1" 200 827555 "-" "Mozilla/5.0 (Windows NT 10.0; Win64; x64; rv:84.0) Gecko/20100101 Firefox/84.0"
89.246.241.14 - - [20/Oct/2022:13:01:44 +0200] "GET /uploads/Main/Entscheid_BGER_18.2.2008.pdf HTTP/1.1" 200 36715 "-" "Mozilla/5.0 (Windows NT 10.0; Win64; x64; rv:84.0) Gecko/20100101 Firefox/84.0"
194.209.200.2 - - [20/Oct/2022:13:02:35 +0200] "GET /robots.txt HTTP/1.1" 200 - "-" "Mozilla/5.0 (compatible; TMMBot/0.2; +http://www.dslab.ch)/Nutch-1.15"
194.209.200.2 - - [20/Oct/2022:13:03:54 +0200] "GET /Ywesee/OpenSource HTTP/1.1" 200 10790 "-" "Mozilla/5.0 (compatible; TMMBot/0.2; +http://www.dslab.ch)/Nutch-1.15"
194.209.200.2 - - [20/Oct/2022:13:04:33 +0200] "GET /Main/2007 HTTP/1.1" 200 50639 "-" "Mozilla/5.0 (compatible; TMMBot/0.2; +http://www.dslab.ch)/Nutch-1.15"
110.93.150.139 - - [20/Oct/2022:13:04:45 +0200] "GET /uploads/Software/WhitePaperSHIN_6.8.2001.pdf HTTP/1.1" 200 138395 "-" "Mozilla/5.0 (compatible; Yeti/1.1; +https://naver.me/spd)"
194.209.200.2 - - [20/Oct/2022:13:05:12 +0200] "GET /ODDB/IntegrationLookAmpFeelGenerikasuche HTTP/1.1" 200 9097 "-" "Mozilla/5.0 (compatible; TMMBot/0.2; +http://www.dslab.ch)/Nutch-1.15"
89.246.241.14 - - [20/Oct/2022:13:06:16 +0200] "GET /AmiKo/OSX HTTP/1.1" 200 9772 "-" "Mozilla/5.0 (Windows NT 10.0; Win64; x64; rv:84.0) Gecko/20100101 Firefox/84.0"
89.246.241.14 - - [20/Oct/2022:13:06:53 +0200] "GET /Generikacc/App HTTP/1.1" 200 11862 "-" "Mozilla/5.0 (Windows NT 10.0; Win64; x64; rv:84.0) Gecko/20100101 Firefox/84.0"
64.71.157.112 - - [20/Oct/2022:13:07:08 +0200] "GET /pmwiki.php/Site/AllRecentChanges?action=rss HTTP/1.1" 200 2546 "-" "Feedbin feed-id:590358 - 1 subscribers"
89.246.241.14 - - [20/Oct/2022:13:07:17 +0200] "GET /Generikacc/App HTTP/1.1" 200 11862 "-" "Mozilla/5.0 (Windows NT 10.0; Win64; x64; rv:84.0) Gecko/20100101 Firefox/84.0"
89.246.241.14 - - [20/Oct/2022:13:10:19 +0200] "GET /CoMed/ASPP HTTP/1.1" 200 13118 "-" "Mozilla/5.0 (Windows NT 10.0; Win64; x64; rv:84.0) Gecko/20100101 Firefox/84.0"
89.246.241.14 - - [20/Oct/2022:13:10:56 +0200] "GET /Software/BBMB HTTP/1.1" 200 9385 "-" "Mozilla/5.0 (Windows NT 10.0; Win64; x64; rv:84.0) Gecko/20100101 Firefox/84.0"
3.92.25.137 - - [20/Oct/2022:13:12:58 +0200] "GET /robots.txt HTTP/1.1" 200 - "-" "MauiBot (crawler.feedback+gamma@gmail.com)"
66.249.93.176 - - [20/Oct/2022:13:14:13 +0200] "HEAD /pmwiki.php/Site/AllRecentChanges?action=rss HTTP/1.1" 200 - "-" "FeedBurner/1.0 (http://www.FeedBurner.com)"
66.249.93.178 - - [20/Oct/2022:13:14:13 +0200] "GET /pmwiki.php/Site/AllRecentChanges?action=rss HTTP/1.1" 200 2546 "-" "FeedBurner/1.0 (http://www.FeedBurner.com)"
82.165.224.42 - - [20/Oct/2022:13:21:14 +0200] "GET /robots.txt HTTP/1.1" 200 - "-" "IonCrawl (https://www.ionos.de/terms-gtc/faq-crawler-en/)"
82.165.224.58 - - [20/Oct/2022:13:22:18 +0200] "GET /sitemap.xml HTTP/1.1" 404 270 "-" "IonCrawl (https://www.ionos.de/terms-gtc/faq-crawler-en/)"
82.165.224.58 - - [20/Oct/2022:13:22:20 +0200] "GET /wp-admin/admin-ajax.php HTTP/1.1" 404 282 "-" "IonCrawl (https://www.ionos.de/terms-gtc/faq-crawler-en/)"
66.249.73.47 - - [20/Oct/2022:13:22:26 +0200] "GET /ads.txt HTTP/1.1" 404 270 "-" "Mozilla/5.0 (compatible; Googlebot/2.1; +http://www.google.com/bot.html)"
211.249.46.125 - - [20/Oct/2022:13:24:46 +0200] "GET /Software/XMLConv?action=diff HTTP/1.1" 403 18 "-" "Mozilla/5.0 (compatible; Yeti/1.1; +https://naver.me/spd)"
82.165.224.122 - - [20/Oct/2022:13:26:03 +0200] "GET / HTTP/1.1" 200 13326 "-" "IonCrawl (https://www.ionos.de/terms-gtc/faq-crawler-en/)"
82.165.224.122 - - [20/Oct/2022:13:26:05 +0200] "GET /robots.txt HTTP/1.1" 200 - "-" "IonCrawl (https://www.ionos.de/terms-gtc/faq-crawler-en/)"
82.165.224.26 - - [20/Oct/2022:13:27:37 +0200] "GET /sitemap.xml HTTP/1.1" 404 270 "-" "IonCrawl (https://www.ionos.de/terms-gtc/faq-crawler-en/)"
82.165.224.26 - - [20/Oct/2022:13:27:38 +0200] "GET /Ywesee/Kontakt HTTP/1.1" 200 8973 "-" "IonCrawl (https://www.ionos.de/terms-gtc/faq-crawler-en/)"
82.165.224.26 - - [20/Oct/2022:13:27:39 +0200] "GET /wp-admin/admin-ajax.php HTTP/1.1" 404 282 "-" "IonCrawl (https://www.ionos.de/terms-gtc/faq-crawler-en/)"
194.209.200.2 - - [20/Oct/2022:13:30:29 +0200] "GET /robots.txt HTTP/1.1" 200 - "-" "Mozilla/5.0 (compatible; TMMBot/0.2; +http://www.dslab.ch)/Nutch-1.15"
194.209.200.2 - - [20/Oct/2022:13:30:29 +0200] "GET /Miele/MieleLXIV HTTP/1.1" 200 15367 "-" "Mozilla/5.0 (compatible; TMMBot/0.2; +http://www.dslab.ch)/Nutch-1.15"
89.246.241.14 - - [20/Oct/2022:13:31:06 +0200] "GET /uploads/Main/amiko_owner_report_fr.html HTTP/1.1" 200 6637 "-" "Mozilla/5.0 (Windows NT 10.0; Win64; x64; rv:84.0) Gecko/20100101 Firefox/84.0"
194.209.200.2 - - [20/Oct/2022:13:32:14 +0200] "GET /Main/2008 HTTP/1.1" 200 34740 "-" "Mozilla/5.0 (compatible; TMMBot/0.2; +http://www.dslab.ch)/Nutch-1.15"
49.7.20.107 - - [20/Oct/2022:13:32:47 +0200] "GET / HTTP/1.1" 200 13326 "-" "Sogou web spider/4.0(+http://www.sogou.com/docs/help/webmasters.htm#07)"
194.209.200.2 - - [20/Oct/2022:13:32:50 +0200] "GET /Main/2013 HTTP/1.1" 200 20487 "-" "Mozilla/5.0 (compatible; TMMBot/0.2; +http://www.dslab.ch)/Nutch-1.15"
89.246.241.14 - - [20/Oct/2022:13:32:54 +0200] "GET /AmiKo/IOS HTTP/1.1" 200 11930 "-" "Mozilla/5.0 (Windows NT 10.0; Win64; x64; rv:84.0) Gecko/20100101 Firefox/84.0"
82.165.224.26 - - [20/Oct/2022:13:33:13 +0200] "GET /Main/2004 HTTP/1.1" 200 14080 "-" "IonCrawl (https://www.ionos.de/terms-gtc/faq-crawler-en/)"
82.165.224.106 - - [20/Oct/2022:13:33:14 +0200] "GET /Main/2012 HTTP/1.1" 200 31941 "-" "IonCrawl (https://www.ionos.de/terms-gtc/faq-crawler-en/)"
82.165.224.122 - - [20/Oct/2022:13:33:15 +0200] "GET /AmiKo/Windows HTTP/1.1" 200 10332 "-" "IonCrawl (https://www.ionos.de/terms-gtc/faq-crawler-en/)"
82.165.224.106 - - [20/Oct/2022:13:33:15 +0200] "GET /Main/2015 HTTP/1.1" 200 15908 "-" "IonCrawl (https://www.ionos.de/terms-gtc/faq-crawler-en/)"
82.165.224.58 - - [20/Oct/2022:13:33:15 +0200] "GET /Main/2021 HTTP/1.1" 200 16484 "-" "IonCrawl (https://www.ionos.de/terms-gtc/faq-crawler-en/)"
82.165.224.42 - - [20/Oct/2022:13:33:16 +0200] "GET /Main/2005 HTTP/1.1" 200 63344 "-" "IonCrawl (https://www.ionos.de/terms-gtc/faq-crawler-en/)"
82.165.224.122 - - [20/Oct/2022:13:33:16 +0200] "GET /AmiKo/Android HTTP/1.1" 200 10427 "-" "IonCrawl (https://www.ionos.de/terms-gtc/faq-crawler-en/)"
82.165.224.106 - - [20/Oct/2022:13:33:17 +0200] "GET /Main/2008 HTTP/1.1" 200 34740 "-" "IonCrawl (https://www.ionos.de/terms-gtc/faq-crawler-en/)"
82.165.224.26 - - [20/Oct/2022:13:33:18 +0200] "GET /Main/2010 HTTP/1.1" 200 27997 "-" "IonCrawl (https://www.ionos.de/terms-gtc/faq-crawler-en/)"
82.165.224.26 - - [20/Oct/2022:13:33:19 +0200] "GET /Main/2019 HTTP/1.1" 200 15246 "-" "IonCrawl (https://www.ionos.de/terms-gtc/faq-crawler-en/)"
82.165.224.58 - - [20/Oct/2022:13:33:19 +0200] "GET /Main/2016 HTTP/1.1" 200 13689 "-" "IonCrawl (https://www.ionos.de/terms-gtc/faq-crawler-en/)"
82.165.224.74 - - [20/Oct/2022:13:33:19 +0200] "GET /Main/2013 HTTP/1.1" 200 20487 "-" "IonCrawl (https://www.ionos.de/terms-gtc/faq-crawler-en/)"
82.165.224.42 - - [20/Oct/2022:13:33:20 +0200] "GET /AmiKo/Linux HTTP/1.1" 200 9217 "-" "IonCrawl (https://www.ionos.de/terms-gtc/faq-crawler-en/)"
82.165.224.122 - - [20/Oct/2022:13:33:20 +0200] "GET /AmiKo/OSX HTTP/1.1" 200 9772 "-" "IonCrawl (https://www.ionos.de/terms-gtc/faq-crawler-en/)"
82.165.224.58 - - [20/Oct/2022:13:33:20 +0200] "GET /Main/2018 HTTP/1.1" 200 15425 "-" "IonCrawl (https://www.ionos.de/terms-gtc/faq-crawler-en/)"
82.165.224.90 - - [20/Oct/2022:13:33:22 +0200] "GET /Main/2011 HTTP/1.1" 200 21451 "-" "IonCrawl (https://www.ionos.de/terms-gtc/faq-crawler-en/)"
82.165.224.58 - - [20/Oct/2022:13:33:22 +0200] "GET /Main/2009 HTTP/1.1" 200 21688 "-" "IonCrawl (https://www.ionos.de/terms-gtc/faq-crawler-en/)"
82.165.224.58 - - [20/Oct/2022:13:33:25 +0200] "GET /Main/2020 HTTP/1.1" 200 15398 "-" "IonCrawl (https://www.ionos.de/terms-gtc/faq-crawler-en/)"
82.165.224.106 - - [20/Oct/2022:13:33:25 +0200] "GET /Main/2006 HTTP/1.1" 200 39320 "-" "IonCrawl (https://www.ionos.de/terms-gtc/faq-crawler-en/)"
82.165.224.106 - - [20/Oct/2022:13:33:27 +0200] "GET /Main/2014 HTTP/1.1" 200 19471 "-" "IonCrawl (https://www.ionos.de/terms-gtc/faq-crawler-en/)"
82.165.224.26 - - [20/Oct/2022:13:33:27 +0200] "GET /AmiKo/IOS HTTP/1.1" 200 11930 "-" "IonCrawl (https://www.ionos.de/terms-gtc/faq-crawler-en/)"
82.165.224.58 - - [20/Oct/2022:13:33:27 +0200] "GET /Main/Home HTTP/1.1" 200 13326 "-" "IonCrawl (https://www.ionos.de/terms-gtc/faq-crawler-en/)"
82.165.224.42 - - [20/Oct/2022:13:33:28 +0200] "GET /Main/DocumedGalenicaVsYwesee HTTP/1.1" 200 35251 "-" "IonCrawl (https://www.ionos.de/terms-gtc/faq-crawler-en/)"
82.165.224.26 - - [20/Oct/2022:13:33:29 +0200] "GET /Generikacc/App HTTP/1.1" 200 11862 "-" "IonCrawl (https://www.ionos.de/terms-gtc/faq-crawler-en/)"
82.165.224.106 - - [20/Oct/2022:13:33:30 +0200] "GET /Main/2007 HTTP/1.1" 200 50639 "-" "IonCrawl (https://www.ionos.de/terms-gtc/faq-crawler-en/)"
82.165.224.26 - - [20/Oct/2022:13:33:30 +0200] "GET / HTTP/1.1" 200 13326 "-" "IonCrawl (https://www.ionos.de/terms-gtc/faq-crawler-en/)"
82.165.224.42 - - [20/Oct/2022:13:33:30 +0200] "GET /Main/2017 HTTP/1.1" 200 15840 "-" "IonCrawl (https://www.ionos.de/terms-gtc/faq-crawler-en/)"
82.165.224.42 - - [20/Oct/2022:13:33:31 +0200] "GET /AmiKo/Web HTTP/1.1" 200 9588 "-" "IonCrawl (https://www.ionos.de/terms-gtc/faq-crawler-en/)"
194.209.200.2 - - [20/Oct/2022:13:34:07 +0200] "GET /robots.txt HTTP/1.1" 200 - "-" "Mozilla/5.0 (compatible; TMMBot/0.2; +http://www.dslab.ch)/Nutch-1.15"
123.125.109.86 - - [20/Oct/2022:13:34:29 +0200] "GET / HTTP/1.1" 200 13326 "-" "Sogou web spider/4.0(+http://www.sogou.com/docs/help/webmasters.htm#07)"
194.209.200.2 - - [20/Oct/2022:13:35:26 +0200] "GET /Ywesee/OpenSource HTTP/1.1" 200 10790 "-" "Mozilla/5.0 (compatible; TMMBot/0.2; +http://www.dslab.ch)/Nutch-1.15"
194.209.200.2 - - [20/Oct/2022:13:36:05 +0200] "GET /Main/2007 HTTP/1.1" 200 50639 "-" "Mozilla/5.0 (compatible; TMMBot/0.2; +http://www.dslab.ch)/Nutch-1.15"
82.165.224.87 - - [20/Oct/2022:13:36:41 +0200] "GET /robots.txt HTTP/1.1" 200 - "-" "IonCrawl (https://www.ionos.de/terms-gtc/faq-crawler-en/)"
194.209.200.2 - - [20/Oct/2022:13:36:43 +0200] "GET /ODDB/IntegrationLookAmpFeelGenerikasuche HTTP/1.1" 200 9097 "-" "Mozilla/5.0 (compatible; TMMBot/0.2; +http://www.dslab.ch)/Nutch-1.15"
82.165.224.7 - - [20/Oct/2022:13:40:47 +0200] "GET /sitemap.xml HTTP/1.1" 404 270 "-" "IonCrawl (https://www.ionos.de/terms-gtc/faq-crawler-en/)"
82.165.224.7 - - [20/Oct/2022:13:40:49 +0200] "GET /wp-admin/admin-ajax.php HTTP/1.1" 404 282 "-" "IonCrawl (https://www.ionos.de/terms-gtc/faq-crawler-en/)"
211.249.46.92 - - [20/Oct/2022:13:45:40 +0200] "GET /Software/YDIM?action=edit HTTP/1.1" 403 18 "-" "Mozilla/5.0 (compatible; Yeti/1.1; +https://naver.me/spd)"
62.210.215.119 - - [20/Oct/2022:13:46:37 +0200] "GET /Site/AllRecentChanges?action=rss HTTP/1.1" 200 2546 "-" "Mozilla/5.0 (X11; Linux i686) AppleWebKit/537.36 (KHTML, like Gecko) Chrome/30.0.1599.66 Safari/537.36"
220.181.108.90 - - [20/Oct/2022:13:47:43 +0200] "GET /CoMed/IOS HTTP/1.1" 200 9738 "-" "Mozilla/5.0 (compatible; Baiduspider/2.0; +http://www.baidu.com/search/spider.html)"
220.181.51.88 - - [20/Oct/2022:13:47:44 +0200] "GET /robots.txt HTTP/1.1" 200 - "-" "Mozilla/5.0 (Windows NT 10.0; WOW64) AppleWebKit/537.36 (KHTML, like Gecko) Chrome/48.0.2564.116 Safari/537.36"
116.179.33.19 - - [20/Oct/2022:13:47:44 +0200] "GET /robots.txt HTTP/1.1" 200 - "-" "Mozilla/5.0 (Windows NT 10.0; WOW64) AppleWebKit/537.36 (KHTML, like Gecko) Chrome/48.0.2564.116 Safari/537.36"
116.179.37.148 - - [20/Oct/2022:13:47:47 +0200] "GET /pub/skins/ywesee/gila.css HTTP/1.1" 200 8276 "https://ywesee.com/" "Mozilla/5.0 (compatible; Baiduspider-render/2.0; +http://www.baidu.com/search/spider.html)"
220.181.51.85 - - [20/Oct/2022:13:48:03 +0200] "GET /robots.txt HTTP/1.1" 200 - "-" "Mozilla/5.0 (Windows NT 10.0; WOW64) AppleWebKit/537.36 (KHTML, like Gecko) Chrome/48.0.2564.116 Safari/537.36"
185.196.220.26 - - [20/Oct/2022:13:49:22 +0200] "GET /wp/ HTTP/1.1" 404 262 "http://ywesee.ch/wp/" "Mozilla/5.0 (Macintosh; Intel Mac OS X 12.6; rv:105.0) Gecko/20100101 Firefox/105.0"
89.246.241.14 - - [20/Oct/2022:13:51:34 +0200] "GET /Main/Home?n=Main.SideBar?action=edit HTTP/1.1" 200 9322 "-" "Mozilla/5.0 (Windows NT 10.0; Win64; x64; rv:84.0) Gecko/20100101 Firefox/84.0"
213.180.203.69 - - [20/Oct/2022:13:54:46 +0200] "GET /uploads/Main/Kommerzialisierung_von_elektronischen_Medikamenteninformationen_Verfgung_vom_19._Dezember_2016_Version_7.1.2021.pdf HTTP/1.1" 200 2107804 "-" "Mozilla/5.0 (compatible; YandexBot/3.0; +http://yandex.com/bots)"
212.83.142.99 - - [20/Oct/2022:13:56:47 +0200] "GET /db.php~ HTTP/1.1" 404 266 "-" "Firefox"
64.71.157.121 - - [20/Oct/2022:13:56:46 +0200] "GET /pmwiki.php/Site/AllRecentChanges?action=rss HTTP/1.1" 200 2546 "-" "Feedbin feed-id:590358 - 1 subscribers"
54.211.252.97 - - [20/Oct/2022:14:01:11 +0200] "GET /app-ads.txt HTTP/1.1" 404 274 "-" "Pixalate.com/1.0"
54.211.252.97 - - [20/Oct/2022:14:01:12 +0200] "GET /app-ads.txt HTTP/1.1" 404 270 "-" "Pixalate.com/1.0"
89.246.241.14 - - [20/Oct/2022:14:04:19 +0200] "GET /Main/Home?action=print HTTP/1.1" 200 8137 "-" "Mozilla/5.0 (Windows NT 10.0; Win64; x64; rv:84.0) Gecko/20100101 Firefox/84.0"
194.209.200.2 - - [20/Oct/2022:14:05:31 +0200] "GET /robots.txt HTTP/1.1" 200 - "-" "Mozilla/5.0 (compatible; TMMBot/0.2; +http://www.dslab.ch)/Nutch-1.15"
194.209.200.2 - - [20/Oct/2022:14:05:31 +0200] "GET /Miele/MieleLXIV HTTP/1.1" 200 15367 "-" "Mozilla/5.0 (compatible; TMMBot/0.2; +http://www.dslab.ch)/Nutch-1.15"
194.209.200.2 - - [20/Oct/2022:14:07:16 +0200] "GET /Main/2008 HTTP/1.1" 200 34740 "-" "Mozilla/5.0 (compatible; TMMBot/0.2; +http://www.dslab.ch)/Nutch-1.15"
194.209.200.2 - - [20/Oct/2022:14:07:56 +0200] "GET /Main/2013 HTTP/1.1" 200 20487 "-" "Mozilla/5.0 (compatible; TMMBot/0.2; +http://www.dslab.ch)/Nutch-1.15"
194.209.200.2 - - [20/Oct/2022:14:09:15 +0200] "GET /robots.txt HTTP/1.1" 200 - "-" "Mozilla/5.0 (compatible; TMMBot/0.2; +http://www.dslab.ch)/Nutch-1.15"
194.209.200.2 - - [20/Oct/2022:14:10:36 +0200] "GET /Ywesee/OpenSource HTTP/1.1" 200 10790 "-" "Mozilla/5.0 (compatible; TMMBot/0.2; +http://www.dslab.ch)/Nutch-1.15"
194.209.200.2 - - [20/Oct/2022:14:11:14 +0200] "GET /Main/2007 HTTP/1.1" 200 50639 "-" "Mozilla/5.0 (compatible; TMMBot/0.2; +http://www.dslab.ch)/Nutch-1.15"
66.249.93.176 - - [20/Oct/2022:14:16:35 +0200] "HEAD /pmwiki.php/Site/AllRecentChanges?action=rss HTTP/1.1" 200 - "-" "FeedBurner/1.0 (http://www.FeedBurner.com)"
66.249.93.174 - - [20/Oct/2022:14:16:35 +0200] "GET /pmwiki.php/Site/AllRecentChanges?action=rss HTTP/1.1" 200 2546 "-" "FeedBurner/1.0 (http://www.FeedBurner.com)"
211.249.46.36 - - [20/Oct/2022:14:24:45 +0200] "GET /Main/ForderungstabelleSpezialitaetenliste HTTP/1.1" 200 11019 "-" "Mozilla/5.0 (compatible; Yeti/1.1; +https://naver.me/spd)"
94.74.127.96 - - [20/Oct/2022:14:26:56 +0200] "GET / HTTP/1.1" 200 13326 "-" "Mozilla/5.0 (Windows NT 10.0; WOW64) AppleWebKit/537.36 (KHTML, like Gecko) Chrome/63.0.3239.132 Safari/537.36"
89.246.241.14 - - [20/Oct/2022:14:27:44 +0200] "GET /Miele/MieleLXIV HTTP/1.1" 200 15367 "-" "Mozilla/5.0 (Windows NT 10.0; Win64; x64; rv:84.0) Gecko/20100101 Firefox/84.0"
154.12.240.217 - - [20/Oct/2022:14:28:22 +0200] "GET /db.bak HTTP/1.1" 404 265 "-" "Firefox"
89.246.241.14 - - [20/Oct/2022:14:28:34 +0200] "GET /AmiKo/Web HTTP/1.1" 200 9588 "-" "Mozilla/5.0 (Windows NT 10.0; Win64; x64; rv:84.0) Gecko/20100101 Firefox/84.0"
89.246.241.14 - - [20/Oct/2022:14:31:53 +0200] "GET /uploads/Main/Google_BERT_InfoCodex.pdf HTTP/1.1" 200 40002 "-" "Mozilla/5.0 (Windows NT 10.0; Win64; x64; rv:84.0) Gecko/20100101 Firefox/84.0"
213.180.203.69 - - [20/Oct/2022:14:33:53 +0200] "GET /uploads/Main/Facharbeit_John_Lang.pdf HTTP/1.1" 200 710095 "-" "Mozilla/5.0 (compatible; YandexBot/3.0; +http://yandex.com/bots)"
89.246.241.14 - - [20/Oct/2022:14:39:02 +0200] "GET /Oddb2xml/Index HTTP/1.1" 200 8983 "-" "Mozilla/5.0 (Windows NT 10.0; Win64; x64; rv:84.0) Gecko/20100101 Firefox/84.0"
89.246.241.14 - - [20/Oct/2022:14:40:24 +0200] "GET /AmiKo/Linux HTTP/1.1" 200 9217 "-" "Mozilla/5.0 (Windows NT 10.0; Win64; x64; rv:84.0) Gecko/20100101 Firefox/84.0"
194.209.200.2 - - [20/Oct/2022:14:42:11 +0200] "GET /robots.txt HTTP/1.1" 200 - "-" "Mozilla/5.0 (compatible; TMMBot/0.2; +http://www.dslab.ch)/Nutch-1.15"
194.209.200.2 - - [20/Oct/2022:14:42:11 +0200] "GET /Miele/MieleLXIV HTTP/1.1" 200 15367 "-" "Mozilla/5.0 (compatible; TMMBot/0.2; +http://www.dslab.ch)/Nutch-1.15"
194.209.200.2 - - [20/Oct/2022:14:47:18 +0200] "GET /Main/2013 HTTP/1.1" 200 20487 "-" "Mozilla/5.0 (compatible; TMMBot/0.2; +http://www.dslab.ch)/Nutch-1.15"
89.246.241.14 - - [20/Oct/2022:14:47:44 +0200] "GET /Ywesee/About HTTP/1.1" 200 9132 "-" "Mozilla/5.0 (Windows NT 10.0; Win64; x64; rv:84.0) Gecko/20100101 Firefox/84.0"
89.246.241.14 - - [20/Oct/2022:14:48:08 +0200] "GET /pmwiki.php/Ywesee/Kontakt HTTP/1.1" 200 8973 "-" "Mozilla/5.0 (Windows NT 10.0; Win64; x64; rv:84.0) Gecko/20100101 Firefox/84.0"
89.246.241.14 - - [20/Oct/2022:14:49:05 +0200] "GET /Main/ComCo19122016 HTTP/1.1" 200 10547 "-" "Mozilla/5.0 (Windows NT 10.0; Win64; x64; rv:84.0) Gecko/20100101 Firefox/84.0"
89.246.241.14 - - [20/Oct/2022:14:50:09 +0200] "GET /Software/XMLConv HTTP/1.1" 200 8709 "-" "Mozilla/5.0 (Windows NT 10.0; Win64; x64; rv:84.0) Gecko/20100101 Firefox/84.0"
194.209.200.2 - - [20/Oct/2022:14:50:16 +0200] "GET /robots.txt HTTP/1.1" 200 - "-" "Mozilla/5.0 (compatible; TMMBot/0.2; +http://www.dslab.ch)/Nutch-1.15"
64.71.157.126 - - [20/Oct/2022:14:50:36 +0200] "GET /pmwiki.php/Site/AllRecentChanges?action=rss HTTP/1.1" 200 2546 "-" "Feedbin feed-id:590358 - 1 subscribers"
66.249.93.174 - - [20/Oct/2022:14:52:09 +0200] "HEAD /pmwiki.php/Site/AllRecentChanges?action=rss HTTP/1.1" 200 - "-" "FeedBurner/1.0 (http://www.FeedBurner.com)"
66.249.93.178 - - [20/Oct/2022:14:52:09 +0200] "GET /pmwiki.php/Site/AllRecentChanges?action=rss HTTP/1.1" 200 2546 "-" "FeedBurner/1.0 (http://www.FeedBurner.com)"
89.246.241.14 - - [20/Oct/2022:14:52:35 +0200] "GET /ODDB/IndividuelleMediliste HTTP/1.1" 200 9139 "-" "Mozilla/5.0 (Windows NT 10.0; Win64; x64; rv:84.0) Gecko/20100101 Firefox/84.0"
194.209.200.2 - - [20/Oct/2022:14:53:10 +0200] "GET /Ywesee/OpenSource HTTP/1.1" 200 10790 "-" "Mozilla/5.0 (compatible; TMMBot/0.2; +http://www.dslab.ch)/Nutch-1.15"
194.209.200.2 - - [20/Oct/2022:14:54:24 +0200] "GET /Main/2007 HTTP/1.1" 200 50639 "-" "Mozilla/5.0 (compatible; TMMBot/0.2; +http://www.dslab.ch)/Nutch-1.15"
42.236.101.196 - - [20/Oct/2022:14:55:38 +0200] "GET / HTTP/1.1" 200 13326 "-" "Mozilla/5.0 (iPhone; CPU OS 11_0 like Mac OS X) AppleWebKit/604.1.25 (KHTML, like Gecko) Version/11.0 Mobile/15A372 Safari/604.1"
42.236.101.196 - - [20/Oct/2022:14:55:38 +0200] "GET /pub/skins/ywesee/gila.css HTTP/1.1" 200 8276 "-" "Mozilla/5.0 (iPhone; CPU OS 11_0 like Mac OS X) AppleWebKit/604.1.25 (KHTML, like Gecko) Version/11.0 Mobile/15A372 Safari/604.1"
42.236.101.196 - - [20/Oct/2022:14:55:38 +0200] "GET /uploads/Main/yweseelogo.gif HTTP/1.1" 200 2982 "-" "Mozilla/5.0 (iPhone; CPU OS 11_0 like Mac OS X) AppleWebKit/604.1.25 (KHTML, like Gecko) Version/11.0 Mobile/15A372 Safari/604.1"
54.84.192.51 - - [20/Oct/2022:14:57:29 +0200] "GET /keybase.txt HTTP/1.1" 200 2659 "-" "keybase-proofs/2.3.24"
185.191.171.4 - - [20/Oct/2022:14:58:59 +0200] "GET /robots.txt HTTP/1.1" 200 - "-" "Mozilla/5.0 (compatible; SemrushBot/7~bl; +http://www.semrush.com/bot.html)"
185.191.171.45 - - [20/Oct/2022:14:58:59 +0200] "GET /Swissmedic/AIPS HTTP/1.1" 200 12374 "-" "Mozilla/5.0 (compatible; SemrushBot/7~bl; +http://www.semrush.com/bot.html)"
20.58.1.27 - - [20/Oct/2022:14:59:29 +0200] "GET /Makhdamxshell.php HTTP/1.1" 404 8436 "-" "Mozilla/5.0 (Windows NT 10.0; Win64; x64) AppleWebKit/537.36 (KHTML, like Gecko) Chrome/85.0.4183.102 Safari/537.36"
20.58.1.27 - - [20/Oct/2022:14:59:30 +0200] "GET /wp-admin/includes/class-wp-media-list-data.php HTTP/1.1" 404 305 "-" "Mozilla/5.0 (Windows NT 10.0; Win64; x64) AppleWebKit/537.36 (KHTML, like Gecko) Chrome/85.0.4183.102 Safari/537.36"
20.58.1.27 - - [20/Oct/2022:14:59:31 +0200] "GET /wp-includes/wp-class.php HTTP/1.1" 404 283 "-" "Mozilla/5.0 (Windows NT 10.0; Win64; x64) AppleWebKit/537.36 (KHTML, like Gecko) Chrome/85.0.4183.102 Safari/537.36"
20.58.1.27 - - [20/Oct/2022:14:59:34 +0200] "GET /radio.php HTTP/1.1" 404 268 "-" "Mozilla/5.0 (Windows NT 10.0; Win64; x64) AppleWebKit/537.36 (KHTML, like Gecko) Chrome/85.0.4183.102 Safari/537.36"
20.58.1.27 - - [20/Oct/2022:14:59:36 +0200] "GET /fw.php HTTP/1.1" 404 265 "-" "Mozilla/5.0 (Windows NT 10.0; Win64; x64) AppleWebKit/537.36 (KHTML, like Gecko) Chrome/85.0.4183.102 Safari/537.36"
20.58.1.27 - - [20/Oct/2022:14:59:38 +0200] "GET /fx.php HTTP/1.1" 404 265 "-" "Mozilla/5.0 (Windows NT 10.0; Win64; x64) AppleWebKit/537.36 (KHTML, like Gecko) Chrome/85.0.4183.102 Safari/537.36"
20.58.1.27 - - [20/Oct/2022:14:59:39 +0200] "GET /ups.php HTTP/1.1" 404 266 "-" "Mozilla/5.0 (Windows NT 10.0; Win64; x64) AppleWebKit/537.36 (KHTML, like Gecko) Chrome/85.0.4183.102 Safari/537.36"
20.58.1.27 - - [20/Oct/2022:14:59:40 +0200] "GET /wikindex.php HTTP/1.1" 404 271 "-" "Mozilla/5.0 (Windows NT 10.0; Win64; x64) AppleWebKit/537.36 (KHTML, like Gecko) Chrome/85.0.4183.102 Safari/537.36"
20.58.1.27 - - [20/Oct/2022:14:59:42 +0200] "GET /1index.php HTTP/1.1" 404 250 "-" "Mozilla/5.0 (Windows NT 10.0; Win64; x64) AppleWebKit/537.36 (KHTML, like Gecko) Chrome/85.0.4183.102 Safari/537.36"
20.58.1.27 - - [20/Oct/2022:14:59:44 +0200] "GET /0.php HTTP/1.1" 404 250 "-" "Mozilla/5.0 (Windows NT 10.0; Win64; x64) AppleWebKit/537.36 (KHTML, like Gecko) Chrome/85.0.4183.102 Safari/537.36"
20.58.1.27 - - [20/Oct/2022:14:59:47 +0200] "GET /01.php HTTP/1.1" 404 250 "-" "Mozilla/5.0 (Windows NT 10.0; Win64; x64) AppleWebKit/537.36 (KHTML, like Gecko) Chrome/85.0.4183.102 Safari/537.36"
20.58.1.27 - - [20/Oct/2022:14:59:50 +0200] "GET /0byte HTTP/1.1" 404 8360 "-" "Mozilla/5.0 (Windows NT 10.0; Win64; x64) AppleWebKit/537.36 (KHTML, like Gecko) Chrome/85.0.4183.102 Safari/537.36"
20.58.1.27 - - [20/Oct/2022:14:59:52 +0200] "GET /0byte.php HTTP/1.1" 404 250 "-" "Mozilla/5.0 (Windows NT 10.0; Win64; x64) AppleWebKit/537.36 (KHTML, like Gecko) Chrome/85.0.4183.102 Safari/537.36"
20.58.1.27 - - [20/Oct/2022:14:59:53 +0200] "GET /1.php HTTP/1.1" 404 250 "-" "Mozilla/5.0 (Windows NT 10.0; Win64; x64) AppleWebKit/537.36 (KHTML, like Gecko) Chrome/85.0.4183.102 Safari/537.36"
20.58.1.27 - - [20/Oct/2022:14:59:54 +0200] "GET /10.php HTTP/1.1" 404 250 "-" "Mozilla/5.0 (Windows NT 10.0; Win64; x64) AppleWebKit/537.36 (KHTML, like Gecko) Chrome/85.0.4183.102 Safari/537.36"
20.58.1.27 - - [20/Oct/2022:14:59:55 +0200] "GET /100.php HTTP/1.1" 404 250 "-" "Mozilla/5.0 (Windows NT 10.0; Win64; x64) AppleWebKit/537.36 (KHTML, like Gecko) Chrome/85.0.4183.102 Safari/537.36"
20.58.1.27 - - [20/Oct/2022:14:59:57 +0200] "GET /11index.php HTTP/1.1" 404 250 "-" "Mozilla/5.0 (Windows NT 10.0; Win64; x64) AppleWebKit/537.36 (KHTML, like Gecko) Chrome/85.0.4183.102 Safari/537.36"
20.58.1.27 - - [20/Oct/2022:14:59:58 +0200] "GET /13.php HTTP/1.1" 404 250 "-" "Mozilla/5.0 (Windows NT 10.0; Win64; x64) AppleWebKit/537.36 (KHTML, like Gecko) Chrome/85.0.4183.102 Safari/537.36"
20.58.1.27 - - [20/Oct/2022:15:00:00 +0200] "GET /1337.php HTTP/1.1" 404 250 "-" "Mozilla/5.0 (Windows NT 10.0; Win64; x64) AppleWebKit/537.36 (KHTML, like Gecko) Chrome/85.0.4183.102 Safari/537.36"
20.58.1.27 - - [20/Oct/2022:15:00:02 +0200] "GET /2.php HTTP/1.1" 404 250 "-" "Mozilla/5.0 (Windows NT 10.0; Win64; x64) AppleWebKit/537.36 (KHTML, like Gecko) Chrome/85.0.4183.102 Safari/537.36"
20.58.1.27 - - [20/Oct/2022:15:00:04 +0200] "GET /2index.php HTTP/1.1" 404 250 "-" "Mozilla/5.0 (Windows NT 10.0; Win64; x64) AppleWebKit/537.36 (KHTML, like Gecko) Chrome/85.0.4183.102 Safari/537.36"
20.58.1.27 - - [20/Oct/2022:15:00:06 +0200] "GET /3.php HTTP/1.1" 404 250 "-" "Mozilla/5.0 (Windows NT 10.0; Win64; x64) AppleWebKit/537.36 (KHTML, like Gecko) Chrome/85.0.4183.102 Safari/537.36"
20.58.1.27 - - [20/Oct/2022:15:00:07 +0200] "GET /4.php HTTP/1.1" 404 250 "-" "Mozilla/5.0 (Windows NT 10.0; Win64; x64) AppleWebKit/537.36 (KHTML, like Gecko) Chrome/85.0.4183.102 Safari/537.36"
20.58.1.27 - - [20/Oct/2022:15:00:11 +0200] "GET /403.php HTTP/1.1" 404 250 "-" "Mozilla/5.0 (Windows NT 10.0; Win64; x64) AppleWebKit/537.36 (KHTML, like Gecko) Chrome/85.0.4183.102 Safari/537.36"
