194.209.200.2 - - [23/Apr/2022:05:05:26 +0200] "GET /Main/2014 HTTP/1.1" 200 19471 "-" "Mozilla/5.0 (compatible; TMMBot/0.2; +http://www.dslab.ch)/Nutch-1.15"
194.209.200.2 - - [23/Apr/2022:05:05:42 +0200] "GET /ODDB/IntegrationLookAmpFeelGenerikasuche HTTP/1.1" 200 9097 "-" "Mozilla/5.0 (compatible; TMMBot/0.2; +http://www.dslab.ch)/Nutch-1.15"
194.209.200.2 - - [23/Apr/2022:05:05:44 +0200] "GET /Main/2010 HTTP/1.1" 200 27997 "-" "Mozilla/5.0 (compatible; TMMBot/0.2; +http://www.dslab.ch)/Nutch-1.15"
194.209.200.2 - - [23/Apr/2022:05:05:51 +0200] "GET /Eggze/SpreadIt HTTP/1.1" 200 12537 "-" "Mozilla/5.0 (compatible; TMMBot/0.2; +http://www.dslab.ch)/Nutch-1.15"
54.36.148.145 - - [23/Apr/2022:05:06:50 +0200] "GET /Eggze/SpreadIt HTTP/1.1" 200 12537 "-" "Mozilla/5.0 (compatible; AhrefsBot/7.0; +http://ahrefs.com/robot/)"
54.36.149.58 - - [23/Apr/2022:05:10:40 +0200] "GET /Aips2sqlite/Release HTTP/1.1" 200 9851 "-" "Mozilla/5.0 (compatible; AhrefsBot/7.0; +http://ahrefs.com/robot/)"
54.36.148.75 - - [23/Apr/2022:05:14:26 +0200] "GET /Swissmedic/Formatvorlagen HTTP/1.1" 200 9935 "-" "Mozilla/5.0 (compatible; AhrefsBot/7.0; +http://ahrefs.com/robot/)"
185.191.171.25 - - [23/Apr/2022:05:19:53 +0200] "GET /robots.txt HTTP/1.1" 200 - "-" "Mozilla/5.0 (compatible; SemrushBot/7~bl; +http://www.semrush.com/bot.html)"
185.191.171.14 - - [23/Apr/2022:05:19:54 +0200] "GET /Generikacc/App?action=edit HTTP/1.1" 403 18 "-" "Mozilla/5.0 (compatible; SemrushBot/7~bl; +http://www.semrush.com/bot.html)"
54.36.148.79 - - [23/Apr/2022:05:20:11 +0200] "GET /Aips2sqlite/Index HTTP/1.1" 200 8461 "-" "Mozilla/5.0 (compatible; AhrefsBot/7.0; +http://ahrefs.com/robot/)"
40.88.21.235 - - [23/Apr/2022:05:29:25 +0200] "GET / HTTP/1.1" 200 11443 "https://ywesee.com/" "Mozilla/5.0 (compatible; DuckDuckGo-Favicons-Bot/1.0; +http://duckduckgo.com)"
40.88.21.235 - - [23/Apr/2022:05:29:25 +0200] "GET /favicon.ico HTTP/1.1" 200 1406 "https://ywesee.com/favicon.ico" "Mozilla/5.0 (compatible; DuckDuckGo-Favicons-Bot/1.0; +http://duckduckgo.com)"
194.209.200.2 - - [23/Apr/2022:05:30:31 +0200] "GET /robots.txt HTTP/1.1" 200 - "-" "Mozilla/5.0 (compatible; TMMBot/0.2; +http://www.dslab.ch)/Nutch-1.15"
194.209.200.2 - - [23/Apr/2022:05:30:32 +0200] "GET /Oddb2xml/Index HTTP/1.1" 200 8983 "-" "Mozilla/5.0 (compatible; TMMBot/0.2; +http://www.dslab.ch)/Nutch-1.15"
194.209.200.2 - - [23/Apr/2022:05:30:49 +0200] "GET /AmiKo/Linux HTTP/1.1" 200 9217 "-" "Mozilla/5.0 (compatible; TMMBot/0.2; +http://www.dslab.ch)/Nutch-1.15"
194.209.200.2 - - [23/Apr/2022:05:30:59 +0200] "GET /AmiKo/Windows HTTP/1.1" 200 10332 "-" "Mozilla/5.0 (compatible; TMMBot/0.2; +http://www.dslab.ch)/Nutch-1.15"
194.209.200.2 - - [23/Apr/2022:05:32:30 +0200] "GET /ODDB/IndividuelleMediliste HTTP/1.1" 200 9139 "-" "Mozilla/5.0 (compatible; TMMBot/0.2; +http://www.dslab.ch)/Nutch-1.15"
194.209.200.2 - - [23/Apr/2022:05:32:56 +0200] "GET /Main/2017 HTTP/1.1" 200 15840 "-" "Mozilla/5.0 (compatible; TMMBot/0.2; +http://www.dslab.ch)/Nutch-1.15"
194.209.200.2 - - [23/Apr/2022:05:33:12 +0200] "GET /Main/2013 HTTP/1.1" 200 20487 "-" "Mozilla/5.0 (compatible; TMMBot/0.2; +http://www.dslab.ch)/Nutch-1.15"
194.209.200.2 - - [23/Apr/2022:05:33:27 +0200] "GET /Ywesee/Kontakt HTTP/1.1" 200 8973 "-" "Mozilla/5.0 (compatible; TMMBot/0.2; +http://www.dslab.ch)/Nutch-1.15"
194.209.200.2 - - [23/Apr/2022:05:33:36 +0200] "GET /Software/Spreadsheet HTTP/1.1" 200 8839 "-" "Mozilla/5.0 (compatible; TMMBot/0.2; +http://www.dslab.ch)/Nutch-1.15"
194.209.200.2 - - [23/Apr/2022:05:35:46 +0200] "GET /Ausschreibung/SAI HTTP/1.1" 200 10366 "-" "Mozilla/5.0 (compatible; TMMBot/0.2; +http://www.dslab.ch)/Nutch-1.15"
194.209.200.2 - - [23/Apr/2022:05:36:35 +0200] "GET /Software/BBMB HTTP/1.1" 200 9385 "-" "Mozilla/5.0 (compatible; TMMBot/0.2; +http://www.dslab.ch)/Nutch-1.15"
194.209.200.2 - - [23/Apr/2022:05:36:47 +0200] "GET /Main/2016 HTTP/1.1" 200 13689 "-" "Mozilla/5.0 (compatible; TMMBot/0.2; +http://www.dslab.ch)/Nutch-1.15"
194.209.200.2 - - [23/Apr/2022:05:36:54 +0200] "GET /Main/2014 HTTP/1.1" 200 19471 "-" "Mozilla/5.0 (compatible; TMMBot/0.2; +http://www.dslab.ch)/Nutch-1.15"
194.209.200.2 - - [23/Apr/2022:05:37:07 +0200] "GET /ODDB/IntegrationLookAmpFeelGenerikasuche HTTP/1.1" 200 9097 "-" "Mozilla/5.0 (compatible; TMMBot/0.2; +http://www.dslab.ch)/Nutch-1.15"
194.209.200.2 - - [23/Apr/2022:05:37:08 +0200] "GET /Main/2010 HTTP/1.1" 200 27997 "-" "Mozilla/5.0 (compatible; TMMBot/0.2; +http://www.dslab.ch)/Nutch-1.15"
194.209.200.2 - - [23/Apr/2022:05:37:18 +0200] "GET /Eggze/SpreadIt HTTP/1.1" 200 12537 "-" "Mozilla/5.0 (compatible; TMMBot/0.2; +http://www.dslab.ch)/Nutch-1.15"
40.77.167.78 - - [23/Apr/2022:05:38:46 +0200] "GET / HTTP/1.1" 200 11443 "-" "Mozilla/5.0 (compatible; bingbot/2.0; +http://www.bing.com/bingbot.htm)"
178.184.224.102 - - [23/Apr/2022:05:45:15 +0200] "GET /Ywesee/Earnings?action=print HTTP/1.0" 200 4157 "-" "Mozilla/5.0 (Windows NT 6.3; Win64; x64) AppleWebKit/537.36 (KHTML, like Gecko) Chrome/75.0.3770.100 Safari/537.36"
185.191.171.34 - - [23/Apr/2022:05:45:55 +0200] "GET /Main/EPUB?action=edit HTTP/1.1" 403 18 "-" "Mozilla/5.0 (compatible; SemrushBot/7~bl; +http://www.semrush.com/bot.html)"
185.191.171.6 - - [23/Apr/2022:05:48:05 +0200] "GET /MEDIupdateXML/Softwarehaeuser?action=diff HTTP/1.1" 403 18 "-" "Mozilla/5.0 (compatible; SemrushBot/7~bl; +http://www.semrush.com/bot.html)"
66.249.65.183 - - [23/Apr/2022:05:50:49 +0200] "GET / HTTP/1.1" 200 11443 "-" "Mozilla/5.0 (Linux; Android 6.0.1; Nexus 5X Build/MMB29P) AppleWebKit/537.36 (KHTML, like Gecko) Chrome/100.0.4896.127 Mobile Safari/537.36 (compatible; Googlebot/2.1; +http://www.google.com/bot.html)"
5.9.161.127 - - [23/Apr/2022:05:54:40 +0200] "HEAD / HTTP/1.1" 200 - "-" "-"
194.209.200.2 - - [23/Apr/2022:05:59:39 +0200] "GET /robots.txt HTTP/1.1" 200 - "-" "Mozilla/5.0 (compatible; TMMBot/0.2; +http://www.dslab.ch)/Nutch-1.15"
194.209.200.2 - - [23/Apr/2022:05:59:39 +0200] "GET /Oddb2xml/Index HTTP/1.1" 200 8983 "-" "Mozilla/5.0 (compatible; TMMBot/0.2; +http://www.dslab.ch)/Nutch-1.15"
194.209.200.2 - - [23/Apr/2022:05:59:57 +0200] "GET /AmiKo/Linux HTTP/1.1" 200 9217 "-" "Mozilla/5.0 (compatible; TMMBot/0.2; +http://www.dslab.ch)/Nutch-1.15"
54.84.192.51 - - [23/Apr/2022:06:00:11 +0200] "GET /keybase.txt HTTP/1.1" 200 2659 "-" "keybase-proofs/2.3.24"
194.209.200.2 - - [23/Apr/2022:06:01:34 +0200] "GET /ODDB/IndividuelleMediliste HTTP/1.1" 200 9139 "-" "Mozilla/5.0 (compatible; TMMBot/0.2; +http://www.dslab.ch)/Nutch-1.15"
194.209.200.2 - - [23/Apr/2022:06:02:00 +0200] "GET /Main/2017 HTTP/1.1" 200 15840 "-" "Mozilla/5.0 (compatible; TMMBot/0.2; +http://www.dslab.ch)/Nutch-1.15"
194.209.200.2 - - [23/Apr/2022:06:02:17 +0200] "GET /Main/2013 HTTP/1.1" 200 20487 "-" "Mozilla/5.0 (compatible; TMMBot/0.2; +http://www.dslab.ch)/Nutch-1.15"
194.209.200.2 - - [23/Apr/2022:06:02:26 +0200] "GET /AmiKo/IOS HTTP/1.1" 200 11930 "-" "Mozilla/5.0 (compatible; TMMBot/0.2; +http://www.dslab.ch)/Nutch-1.15"
194.209.200.2 - - [23/Apr/2022:06:02:31 +0200] "GET /Ywesee/Kontakt HTTP/1.1" 200 8973 "-" "Mozilla/5.0 (compatible; TMMBot/0.2; +http://www.dslab.ch)/Nutch-1.15"
194.209.200.2 - - [23/Apr/2022:06:02:40 +0200] "GET /Software/Spreadsheet HTTP/1.1" 200 8839 "-" "Mozilla/5.0 (compatible; TMMBot/0.2; +http://www.dslab.ch)/Nutch-1.15"
194.209.200.2 - - [23/Apr/2022:06:04:12 +0200] "GET /Generikacc/App HTTP/1.1" 200 11862 "-" "Mozilla/5.0 (compatible; TMMBot/0.2; +http://www.dslab.ch)/Nutch-1.15"
194.209.200.2 - - [23/Apr/2022:06:04:20 +0200] "GET /Software/ODDB HTTP/1.1" 200 10298 "-" "Mozilla/5.0 (compatible; TMMBot/0.2; +http://www.dslab.ch)/Nutch-1.15"
194.209.200.2 - - [23/Apr/2022:06:04:47 +0200] "GET /Ausschreibung/SAI HTTP/1.1" 200 10366 "-" "Mozilla/5.0 (compatible; TMMBot/0.2; +http://www.dslab.ch)/Nutch-1.15"
194.209.200.2 - - [23/Apr/2022:06:05:54 +0200] "GET /Main/2016 HTTP/1.1" 200 13689 "-" "Mozilla/5.0 (compatible; TMMBot/0.2; +http://www.dslab.ch)/Nutch-1.15"
194.209.200.2 - - [23/Apr/2022:06:06:01 +0200] "GET /Main/2014 HTTP/1.1" 200 19471 "-" "Mozilla/5.0 (compatible; TMMBot/0.2; +http://www.dslab.ch)/Nutch-1.15"
194.209.200.2 - - [23/Apr/2022:06:06:16 +0200] "GET /ODDB/IntegrationLookAmpFeelGenerikasuche HTTP/1.1" 200 9097 "-" "Mozilla/5.0 (compatible; TMMBot/0.2; +http://www.dslab.ch)/Nutch-1.15"
194.209.200.2 - - [23/Apr/2022:06:06:18 +0200] "GET /Main/2010 HTTP/1.1" 200 27997 "-" "Mozilla/5.0 (compatible; TMMBot/0.2; +http://www.dslab.ch)/Nutch-1.15"
194.209.200.2 - - [23/Apr/2022:06:06:25 +0200] "GET /Eggze/SpreadIt HTTP/1.1" 200 12537 "-" "Mozilla/5.0 (compatible; TMMBot/0.2; +http://www.dslab.ch)/Nutch-1.15"
185.191.171.37 - - [23/Apr/2022:06:19:23 +0200] "GET /Bundesrat/Ebook?action=diff HTTP/1.1" 403 18 "-" "Mozilla/5.0 (compatible; SemrushBot/7~bl; +http://www.semrush.com/bot.html)"
66.249.73.229 - - [23/Apr/2022:06:29:59 +0200] "GET / HTTP/1.1" 200 11443 "-" "Mozilla/5.0 (Linux; Android 6.0.1; Nexus 5X Build/MMB29P) AppleWebKit/537.36 (KHTML, like Gecko) Chrome/100.0.4896.127 Mobile Safari/537.36 (compatible; Googlebot/2.1; +http://www.google.com/bot.html)"
194.209.200.2 - - [23/Apr/2022:06:37:44 +0200] "GET /robots.txt HTTP/1.1" 200 - "-" "Mozilla/5.0 (compatible; TMMBot/0.2; +http://www.dslab.ch)/Nutch-1.15"
194.209.200.2 - - [23/Apr/2022:06:37:45 +0200] "GET /Oddb2xml/Index HTTP/1.1" 200 8983 "-" "Mozilla/5.0 (compatible; TMMBot/0.2; +http://www.dslab.ch)/Nutch-1.15"
194.209.200.2 - - [23/Apr/2022:06:38:21 +0200] "GET /AmiKo/Linux HTTP/1.1" 200 9217 "-" "Mozilla/5.0 (compatible; TMMBot/0.2; +http://www.dslab.ch)/Nutch-1.15"
194.209.200.2 - - [23/Apr/2022:06:38:30 +0200] "GET /Miele/MieleLXIV HTTP/1.1" 200 15367 "-" "Mozilla/5.0 (compatible; TMMBot/0.2; +http://www.dslab.ch)/Nutch-1.15"
194.209.200.2 - - [23/Apr/2022:06:38:44 +0200] "GET /AmiKo/Windows HTTP/1.1" 200 10332 "-" "Mozilla/5.0 (compatible; TMMBot/0.2; +http://www.dslab.ch)/Nutch-1.15"
194.209.200.2 - - [23/Apr/2022:06:39:25 +0200] "GET /Software/YDIM HTTP/1.1" 200 8834 "-" "Mozilla/5.0 (compatible; TMMBot/0.2; +http://www.dslab.ch)/Nutch-1.15"
34.224.95.94 - - [23/Apr/2022:06:40:41 +0200] "GET / HTTP/1.1" 200 11443 "-" "Mozilla/5.0 (Windows NT 6.1; WOW64) AppleWebKit/537.36 (KHTML, like Gecko) Chrome/37.0.2062.120 Safari/537.36"
34.224.95.94 - - [23/Apr/2022:06:40:42 +0200] "GET /pub/skins/ywesee/gila.css HTTP/1.1" 200 8276 "https://ywesee.com/" "Mozilla/5.0 (Windows NT 6.1; WOW64) AppleWebKit/537.36 (KHTML, like Gecko) Chrome/37.0.2062.120 Safari/537.36"
34.224.95.94 - - [23/Apr/2022:06:40:42 +0200] "GET /uploads/Main/yweseelogo.gif HTTP/1.1" 200 2982 "https://ywesee.com/" "Mozilla/5.0 (Windows NT 6.1; WOW64) AppleWebKit/537.36 (KHTML, like Gecko) Chrome/37.0.2062.120 Safari/537.36"
194.209.200.2 - - [23/Apr/2022:06:41:27 +0200] "GET /ODDB/StammdatenCH HTTP/1.1" 200 9300 "-" "Mozilla/5.0 (compatible; TMMBot/0.2; +http://www.dslab.ch)/Nutch-1.15"
34.224.95.94 - - [23/Apr/2022:06:41:34 +0200] "GET / HTTP/1.1" 200 11443 "-" "WhatWeb/0.4.8-dev"
34.224.95.94 - - [23/Apr/2022:06:41:40 +0200] "HEAD / HTTP/1.1" 200 - "-" "Mozilla/5.0 (Windows NT 6.1; WOW64) AppleWebKit/537.36 (KHTML, like Gecko) Chrome/37.0.2062.120 Safari/537.36"
194.209.200.2 - - [23/Apr/2022:06:42:07 +0200] "GET /Main/2008 HTTP/1.1" 200 34740 "-" "Mozilla/5.0 (compatible; TMMBot/0.2; +http://www.dslab.ch)/Nutch-1.15"
173.231.60.196 - - [23/Apr/2022:06:43:45 +0200] "GET /Main/2007?action=print HTTP/1.1" 403 18 "https://www.ywesee.com/" "Mozilla/5.0 (compatible; Adsbot/3.1; +https://seostar.co/robot/)"
173.231.60.196 - - [23/Apr/2022:06:43:52 +0200] "GET /Main/2007?action=upload HTTP/1.1" 403 18 "https://www.ywesee.com/" "Mozilla/5.0 (compatible; Adsbot/3.1; +https://seostar.co/robot/)"
194.209.200.2 - - [23/Apr/2022:06:43:59 +0200] "GET /Ywesee/Kontakt HTTP/1.1" 200 8973 "-" "Mozilla/5.0 (compatible; TMMBot/0.2; +http://www.dslab.ch)/Nutch-1.15"
173.231.60.196 - - [23/Apr/2022:06:43:59 +0200] "GET /Main/2007?n=Main.SideBar?action=edit HTTP/1.1" 403 18 "https://www.ywesee.com/" "Mozilla/5.0 (compatible; Adsbot/3.1; +https://seostar.co/robot/)"
173.231.60.196 - - [23/Apr/2022:06:44:05 +0200] "GET /Main/2008?action=diff HTTP/1.1" 403 18 "https://www.ywesee.com/" "Mozilla/5.0 (compatible; Adsbot/3.1; +https://seostar.co/robot/)"
173.231.60.196 - - [23/Apr/2022:06:44:14 +0200] "GET /Main/2008?action=edit HTTP/1.1" 403 18 "https://www.ywesee.com/" "Mozilla/5.0 (compatible; Adsbot/3.1; +https://seostar.co/robot/)"
173.231.60.196 - - [23/Apr/2022:06:44:20 +0200] "GET /Main/2008?action=print HTTP/1.1" 403 18 "https://www.ywesee.com/" "Mozilla/5.0 (compatible; Adsbot/3.1; +https://seostar.co/robot/)"
173.231.60.196 - - [23/Apr/2022:06:44:26 +0200] "GET /Main/2008?action=upload HTTP/1.1" 403 18 "https://www.ywesee.com/" "Mozilla/5.0 (compatible; Adsbot/3.1; +https://seostar.co/robot/)"
173.231.60.196 - - [23/Apr/2022:06:44:33 +0200] "GET /Main/2008?n=Main.SideBar?action=edit HTTP/1.1" 403 18 "https://www.ywesee.com/" "Mozilla/5.0 (compatible; Adsbot/3.1; +https://seostar.co/robot/)"
173.231.60.196 - - [23/Apr/2022:06:44:39 +0200] "GET /Main/2009?action=diff HTTP/1.1" 403 18 "https://www.ywesee.com/" "Mozilla/5.0 (compatible; Adsbot/3.1; +https://seostar.co/robot/)"
173.231.60.196 - - [23/Apr/2022:06:44:46 +0200] "GET /Main/2009?action=edit HTTP/1.1" 403 18 "https://www.ywesee.com/" "Mozilla/5.0 (compatible; Adsbot/3.1; +https://seostar.co/robot/)"
173.231.60.196 - - [23/Apr/2022:06:44:53 +0200] "GET /Main/2009?action=print HTTP/1.1" 403 18 "https://www.ywesee.com/" "Mozilla/5.0 (compatible; Adsbot/3.1; +https://seostar.co/robot/)"
173.231.60.196 - - [23/Apr/2022:06:44:59 +0200] "GET /Main/2009?action=upload HTTP/1.1" 403 18 "https://www.ywesee.com/" "Mozilla/5.0 (compatible; Adsbot/3.1; +https://seostar.co/robot/)"
173.231.60.196 - - [23/Apr/2022:06:45:08 +0200] "GET /Main/2009?n=Main.SideBar?action=edit HTTP/1.1" 403 18 "https://www.ywesee.com/" "Mozilla/5.0 (compatible; Adsbot/3.1; +https://seostar.co/robot/)"
157.55.39.209 - - [23/Apr/2022:06:45:12 +0200] "GET /SpitalSchweiz/Index?action=upload HTTP/1.1" 403 18 "-" "Mozilla/5.0 (compatible; bingbot/2.0; +http://www.bing.com/bingbot.htm)"
173.231.60.196 - - [23/Apr/2022:06:45:15 +0200] "GET /Main/2010?action=diff HTTP/1.1" 403 18 "https://www.ywesee.com/" "Mozilla/5.0 (compatible; Adsbot/3.1; +https://seostar.co/robot/)"
173.231.60.196 - - [23/Apr/2022:06:45:22 +0200] "GET /Main/2010?action=edit HTTP/1.1" 403 18 "https://www.ywesee.com/" "Mozilla/5.0 (compatible; Adsbot/3.1; +https://seostar.co/robot/)"
173.231.60.196 - - [23/Apr/2022:06:45:29 +0200] "GET /Main/2010?action=print HTTP/1.1" 403 18 "https://www.ywesee.com/" "Mozilla/5.0 (compatible; Adsbot/3.1; +https://seostar.co/robot/)"
173.231.60.196 - - [23/Apr/2022:06:45:36 +0200] "GET /Main/2010?action=upload HTTP/1.1" 403 18 "https://www.ywesee.com/" "Mozilla/5.0 (compatible; Adsbot/3.1; +https://seostar.co/robot/)"
173.231.60.196 - - [23/Apr/2022:06:45:43 +0200] "GET /Main/2010?n=Main.SideBar?action=edit HTTP/1.1" 403 18 "https://www.ywesee.com/" "Mozilla/5.0 (compatible; Adsbot/3.1; +https://seostar.co/robot/)"
173.231.60.196 - - [23/Apr/2022:06:45:50 +0200] "GET /Main/2011?action=diff HTTP/1.1" 403 18 "https://www.ywesee.com/" "Mozilla/5.0 (compatible; Adsbot/3.1; +https://seostar.co/robot/)"
173.231.60.196 - - [23/Apr/2022:06:45:57 +0200] "GET /Main/2011?action=edit HTTP/1.1" 403 18 "https://www.ywesee.com/" "Mozilla/5.0 (compatible; Adsbot/3.1; +https://seostar.co/robot/)"
173.231.60.196 - - [23/Apr/2022:06:46:04 +0200] "GET /Main/2011?action=print HTTP/1.1" 403 18 "https://www.ywesee.com/" "Mozilla/5.0 (compatible; Adsbot/3.1; +https://seostar.co/robot/)"
173.231.60.196 - - [23/Apr/2022:06:46:10 +0200] "GET /Main/2011?action=upload HTTP/1.1" 403 18 "https://www.ywesee.com/" "Mozilla/5.0 (compatible; Adsbot/3.1; +https://seostar.co/robot/)"
173.231.60.196 - - [23/Apr/2022:06:46:18 +0200] "GET /Main/2011?n=Main.SideBar?action=edit HTTP/1.1" 403 18 "https://www.ywesee.com/" "Mozilla/5.0 (compatible; Adsbot/3.1; +https://seostar.co/robot/)"
173.231.60.196 - - [23/Apr/2022:06:46:25 +0200] "GET /Main/2012?action=diff HTTP/1.1" 403 18 "https://www.ywesee.com/" "Mozilla/5.0 (compatible; Adsbot/3.1; +https://seostar.co/robot/)"
173.231.60.196 - - [23/Apr/2022:06:46:31 +0200] "GET /Main/2012?action=edit HTTP/1.1" 403 18 "https://www.ywesee.com/" "Mozilla/5.0 (compatible; Adsbot/3.1; +https://seostar.co/robot/)"
173.231.60.196 - - [23/Apr/2022:06:46:37 +0200] "GET /Main/2012?action=print HTTP/1.1" 403 18 "https://www.ywesee.com/" "Mozilla/5.0 (compatible; Adsbot/3.1; +https://seostar.co/robot/)"
173.231.60.196 - - [23/Apr/2022:06:46:44 +0200] "GET /Main/2012?action=upload HTTP/1.1" 403 18 "https://www.ywesee.com/" "Mozilla/5.0 (compatible; Adsbot/3.1; +https://seostar.co/robot/)"
173.231.60.196 - - [23/Apr/2022:06:46:52 +0200] "GET /Main/2012?n=Main.SideBar?action=edit HTTP/1.1" 403 18 "https://www.ywesee.com/" "Mozilla/5.0 (compatible; Adsbot/3.1; +https://seostar.co/robot/)"
173.231.60.196 - - [23/Apr/2022:06:46:59 +0200] "GET /Main/2013?action=diff HTTP/1.1" 403 18 "https://www.ywesee.com/" "Mozilla/5.0 (compatible; Adsbot/3.1; +https://seostar.co/robot/)"
173.231.60.196 - - [23/Apr/2022:06:47:05 +0200] "GET /Main/2013?action=edit HTTP/1.1" 403 18 "https://www.ywesee.com/" "Mozilla/5.0 (compatible; Adsbot/3.1; +https://seostar.co/robot/)"
173.231.60.196 - - [23/Apr/2022:06:47:12 +0200] "GET /Main/2013?action=print HTTP/1.1" 403 18 "https://www.ywesee.com/" "Mozilla/5.0 (compatible; Adsbot/3.1; +https://seostar.co/robot/)"
173.231.60.196 - - [23/Apr/2022:06:47:19 +0200] "GET /Main/2013?action=upload HTTP/1.1" 403 18 "https://www.ywesee.com/" "Mozilla/5.0 (compatible; Adsbot/3.1; +https://seostar.co/robot/)"
173.231.60.196 - - [23/Apr/2022:06:47:25 +0200] "GET /Main/2013?n=Main.SideBar?action=edit HTTP/1.1" 403 18 "https://www.ywesee.com/" "Mozilla/5.0 (compatible; Adsbot/3.1; +https://seostar.co/robot/)"
173.231.60.196 - - [23/Apr/2022:06:47:32 +0200] "GET /Main/2014?action=diff HTTP/1.1" 403 18 "https://www.ywesee.com/" "Mozilla/5.0 (compatible; Adsbot/3.1; +https://seostar.co/robot/)"
173.231.60.196 - - [23/Apr/2022:06:47:38 +0200] "GET /Main/2014?action=edit HTTP/1.1" 403 18 "https://www.ywesee.com/" "Mozilla/5.0 (compatible; Adsbot/3.1; +https://seostar.co/robot/)"
173.231.60.196 - - [23/Apr/2022:06:47:44 +0200] "GET /Main/2014?action=print HTTP/1.1" 403 18 "https://www.ywesee.com/" "Mozilla/5.0 (compatible; Adsbot/3.1; +https://seostar.co/robot/)"
173.231.60.196 - - [23/Apr/2022:06:47:51 +0200] "GET /Main/2014?action=upload HTTP/1.1" 403 18 "https://www.ywesee.com/" "Mozilla/5.0 (compatible; Adsbot/3.1; +https://seostar.co/robot/)"
173.231.60.196 - - [23/Apr/2022:06:47:57 +0200] "GET /Main/2014?n=Main.SideBar?action=edit HTTP/1.1" 403 18 "https://www.ywesee.com/" "Mozilla/5.0 (compatible; Adsbot/3.1; +https://seostar.co/robot/)"
173.231.60.196 - - [23/Apr/2022:06:48:03 +0200] "GET /Main/2015?action=diff HTTP/1.1" 403 18 "https://www.ywesee.com/" "Mozilla/5.0 (compatible; Adsbot/3.1; +https://seostar.co/robot/)"
173.231.60.196 - - [23/Apr/2022:06:48:11 +0200] "GET /Main/2015?action=edit HTTP/1.1" 403 18 "https://www.ywesee.com/" "Mozilla/5.0 (compatible; Adsbot/3.1; +https://seostar.co/robot/)"
173.231.60.196 - - [23/Apr/2022:06:48:19 +0200] "GET /Main/2015?action=print HTTP/1.1" 403 18 "https://www.ywesee.com/" "Mozilla/5.0 (compatible; Adsbot/3.1; +https://seostar.co/robot/)"
173.231.60.196 - - [23/Apr/2022:06:48:25 +0200] "GET /Main/2015?action=upload HTTP/1.1" 403 18 "https://www.ywesee.com/" "Mozilla/5.0 (compatible; Adsbot/3.1; +https://seostar.co/robot/)"
173.231.60.196 - - [23/Apr/2022:06:48:32 +0200] "GET /Main/2015?n=Main.SideBar?action=edit HTTP/1.1" 403 18 "https://www.ywesee.com/" "Mozilla/5.0 (compatible; Adsbot/3.1; +https://seostar.co/robot/)"
173.231.60.196 - - [23/Apr/2022:06:48:38 +0200] "GET /Main/2016?action=diff HTTP/1.1" 403 18 "https://www.ywesee.com/" "Mozilla/5.0 (compatible; Adsbot/3.1; +https://seostar.co/robot/)"
173.231.60.196 - - [23/Apr/2022:06:48:45 +0200] "GET /Main/2016?action=edit HTTP/1.1" 403 18 "https://www.ywesee.com/" "Mozilla/5.0 (compatible; Adsbot/3.1; +https://seostar.co/robot/)"
173.231.60.196 - - [23/Apr/2022:06:48:51 +0200] "GET /Main/2016?action=print HTTP/1.1" 403 18 "https://www.ywesee.com/" "Mozilla/5.0 (compatible; Adsbot/3.1; +https://seostar.co/robot/)"
194.209.200.2 - - [23/Apr/2022:06:48:53 +0200] "GET /Ausschreibung/SAI HTTP/1.1" 200 10366 "-" "Mozilla/5.0 (compatible; TMMBot/0.2; +http://www.dslab.ch)/Nutch-1.15"
173.231.60.196 - - [23/Apr/2022:06:48:58 +0200] "GET /Main/2016?action=upload HTTP/1.1" 403 18 "https://www.ywesee.com/" "Mozilla/5.0 (compatible; Adsbot/3.1; +https://seostar.co/robot/)"
173.231.60.196 - - [23/Apr/2022:06:49:05 +0200] "GET /Main/2016?n=Main.SideBar?action=edit HTTP/1.1" 403 18 "https://www.ywesee.com/" "Mozilla/5.0 (compatible; Adsbot/3.1; +https://seostar.co/robot/)"
173.231.60.196 - - [23/Apr/2022:06:49:11 +0200] "GET /Main/2017?action=diff HTTP/1.1" 403 18 "https://www.ywesee.com/" "Mozilla/5.0 (compatible; Adsbot/3.1; +https://seostar.co/robot/)"
173.231.60.196 - - [23/Apr/2022:06:49:18 +0200] "GET /Main/2017?action=edit HTTP/1.1" 403 18 "https://www.ywesee.com/" "Mozilla/5.0 (compatible; Adsbot/3.1; +https://seostar.co/robot/)"
173.231.60.196 - - [23/Apr/2022:06:49:24 +0200] "GET /Main/2017?action=print HTTP/1.1" 403 18 "https://www.ywesee.com/" "Mozilla/5.0 (compatible; Adsbot/3.1; +https://seostar.co/robot/)"
173.231.60.196 - - [23/Apr/2022:06:49:30 +0200] "GET /Main/2017?action=upload HTTP/1.1" 403 18 "https://www.ywesee.com/" "Mozilla/5.0 (compatible; Adsbot/3.1; +https://seostar.co/robot/)"
173.231.60.196 - - [23/Apr/2022:06:49:36 +0200] "GET /Main/2017?n=Main.SideBar?action=edit HTTP/1.1" 403 18 "https://www.ywesee.com/" "Mozilla/5.0 (compatible; Adsbot/3.1; +https://seostar.co/robot/)"
173.231.60.196 - - [23/Apr/2022:06:49:43 +0200] "GET /Main/2018?action=diff HTTP/1.1" 403 18 "https://www.ywesee.com/" "Mozilla/5.0 (compatible; Adsbot/3.1; +https://seostar.co/robot/)"
173.231.60.196 - - [23/Apr/2022:06:49:50 +0200] "GET /Main/2018?action=edit HTTP/1.1" 403 18 "https://www.ywesee.com/" "Mozilla/5.0 (compatible; Adsbot/3.1; +https://seostar.co/robot/)"
173.231.60.196 - - [23/Apr/2022:06:49:58 +0200] "GET /Main/2018?action=print HTTP/1.1" 403 18 "https://www.ywesee.com/" "Mozilla/5.0 (compatible; Adsbot/3.1; +https://seostar.co/robot/)"
173.231.60.196 - - [23/Apr/2022:06:50:03 +0200] "GET /Main/2018?action=upload HTTP/1.1" 403 18 "https://www.ywesee.com/" "Mozilla/5.0 (compatible; Adsbot/3.1; +https://seostar.co/robot/)"
173.231.60.196 - - [23/Apr/2022:06:50:10 +0200] "GET /Main/2018?n=Main.SideBar?action=edit HTTP/1.1" 403 18 "https://www.ywesee.com/" "Mozilla/5.0 (compatible; Adsbot/3.1; +https://seostar.co/robot/)"
173.231.60.196 - - [23/Apr/2022:06:50:17 +0200] "GET /Main/2019?action=diff HTTP/1.1" 403 18 "https://www.ywesee.com/" "Mozilla/5.0 (compatible; Adsbot/3.1; +https://seostar.co/robot/)"
173.231.60.196 - - [23/Apr/2022:06:50:23 +0200] "GET /Main/2019?action=edit HTTP/1.1" 403 18 "https://www.ywesee.com/" "Mozilla/5.0 (compatible; Adsbot/3.1; +https://seostar.co/robot/)"
194.209.200.2 - - [23/Apr/2022:06:50:26 +0200] "GET /Main/2009 HTTP/1.1" 200 21688 "-" "Mozilla/5.0 (compatible; TMMBot/0.2; +http://www.dslab.ch)/Nutch-1.15"
173.231.60.196 - - [23/Apr/2022:06:50:30 +0200] "GET /Main/2019?action=print HTTP/1.1" 403 18 "https://www.ywesee.com/" "Mozilla/5.0 (compatible; Adsbot/3.1; +https://seostar.co/robot/)"
173.231.60.196 - - [23/Apr/2022:06:50:37 +0200] "GET /Main/2019?action=upload HTTP/1.1" 403 18 "https://www.ywesee.com/" "Mozilla/5.0 (compatible; Adsbot/3.1; +https://seostar.co/robot/)"
173.231.60.196 - - [23/Apr/2022:06:50:44 +0200] "GET /Main/2019?n=Main.SideBar?action=edit HTTP/1.1" 403 18 "https://www.ywesee.com/" "Mozilla/5.0 (compatible; Adsbot/3.1; +https://seostar.co/robot/)"
194.209.200.2 - - [23/Apr/2022:06:50:45 +0200] "GET /Main/2007 HTTP/1.1" 200 50639 "-" "Mozilla/5.0 (compatible; TMMBot/0.2; +http://www.dslab.ch)/Nutch-1.15"
173.231.60.196 - - [23/Apr/2022:06:50:50 +0200] "GET /Main/2020?action=diff HTTP/1.1" 403 18 "https://www.ywesee.com/" "Mozilla/5.0 (compatible; Adsbot/3.1; +https://seostar.co/robot/)"
173.231.60.196 - - [23/Apr/2022:06:50:57 +0200] "GET /Main/2020?action=edit HTTP/1.1" 403 18 "https://www.ywesee.com/" "Mozilla/5.0 (compatible; Adsbot/3.1; +https://seostar.co/robot/)"
194.209.200.2 - - [23/Apr/2022:06:51:03 +0200] "GET /Software/BBMB HTTP/1.1" 200 9385 "-" "Mozilla/5.0 (compatible; TMMBot/0.2; +http://www.dslab.ch)/Nutch-1.15"
173.231.60.196 - - [23/Apr/2022:06:51:03 +0200] "GET /Main/2020?action=print HTTP/1.1" 403 18 "https://www.ywesee.com/" "Mozilla/5.0 (compatible; Adsbot/3.1; +https://seostar.co/robot/)"
173.231.60.196 - - [23/Apr/2022:06:51:10 +0200] "GET /Main/2020?action=upload HTTP/1.1" 403 18 "https://www.ywesee.com/" "Mozilla/5.0 (compatible; Adsbot/3.1; +https://seostar.co/robot/)"
173.231.60.196 - - [23/Apr/2022:06:51:17 +0200] "GET /Main/2020?n=Main.SideBar?action=edit HTTP/1.1" 403 18 "https://www.ywesee.com/" "Mozilla/5.0 (compatible; Adsbot/3.1; +https://seostar.co/robot/)"
173.231.60.196 - - [23/Apr/2022:06:51:22 +0200] "GET /Main/2021?action=diff HTTP/1.1" 403 18 "https://www.ywesee.com/" "Mozilla/5.0 (compatible; Adsbot/3.1; +https://seostar.co/robot/)"
173.231.60.196 - - [23/Apr/2022:06:51:29 +0200] "GET /Main/2021?action=edit HTTP/1.1" 403 18 "https://www.ywesee.com/" "Mozilla/5.0 (compatible; Adsbot/3.1; +https://seostar.co/robot/)"
173.231.60.196 - - [23/Apr/2022:06:51:35 +0200] "GET /Main/2021?action=print HTTP/1.1" 403 18 "https://www.ywesee.com/" "Mozilla/5.0 (compatible; Adsbot/3.1; +https://seostar.co/robot/)"
194.209.200.2 - - [23/Apr/2022:06:51:35 +0200] "GET /Main/2016 HTTP/1.1" 200 13689 "-" "Mozilla/5.0 (compatible; TMMBot/0.2; +http://www.dslab.ch)/Nutch-1.15"
173.231.60.196 - - [23/Apr/2022:06:51:42 +0200] "GET /Main/2021?action=upload HTTP/1.1" 403 18 "https://www.ywesee.com/" "Mozilla/5.0 (compatible; Adsbot/3.1; +https://seostar.co/robot/)"
173.231.60.196 - - [23/Apr/2022:06:51:49 +0200] "GET /Main/2021?n=Main.SideBar?action=edit HTTP/1.1" 403 18 "https://www.ywesee.com/" "Mozilla/5.0 (compatible; Adsbot/3.1; +https://seostar.co/robot/)"
173.231.60.196 - - [23/Apr/2022:06:51:55 +0200] "GET /Main/EPUB HTTP/1.1" 200 8338 "https://www.ywesee.com/" "Mozilla/5.0 (compatible; Adsbot/3.1; +https://seostar.co/robot/)"
194.209.200.2 - - [23/Apr/2022:06:51:56 +0200] "GET /Main/2014 HTTP/1.1" 200 19471 "-" "Mozilla/5.0 (compatible; TMMBot/0.2; +http://www.dslab.ch)/Nutch-1.15"
173.231.60.196 - - [23/Apr/2022:06:52:03 +0200] "GET /ODDB/Flow HTTP/1.1" 200 8944 "https://www.ywesee.com/" "Mozilla/5.0 (compatible; Adsbot/3.1; +https://seostar.co/robot/)"
173.231.60.196 - - [23/Apr/2022:06:52:09 +0200] "GET /AmiKo/SAPP HTTP/1.1" 200 12947 "https://www.ywesee.com/" "Mozilla/5.0 (compatible; Adsbot/3.1; +https://seostar.co/robot/)"
173.231.60.196 - - [23/Apr/2022:06:52:22 +0200] "GET /CoMed/ASPP HTTP/1.1" 200 13118 "https://www.ywesee.com/" "Mozilla/5.0 (compatible; Adsbot/3.1; +https://seostar.co/robot/)"
173.231.60.196 - - [23/Apr/2022:06:52:31 +0200] "GET /Main/Linux HTTP/1.1" 200 9133 "https://www.ywesee.com/" "Mozilla/5.0 (compatible; Adsbot/3.1; +https://seostar.co/robot/)"
194.209.200.2 - - [23/Apr/2022:06:52:34 +0200] "GET /ODDB/IntegrationLookAmpFeelGenerikasuche HTTP/1.1" 200 9097 "-" "Mozilla/5.0 (compatible; TMMBot/0.2; +http://www.dslab.ch)/Nutch-1.15"
194.209.200.2 - - [23/Apr/2022:06:52:36 +0200] "GET /Main/2010 HTTP/1.1" 200 27997 "-" "Mozilla/5.0 (compatible; TMMBot/0.2; +http://www.dslab.ch)/Nutch-1.15"
173.231.60.196 - - [23/Apr/2022:06:52:45 +0200] "GET /Main/MiGel HTTP/1.1" 200 16437 "https://www.ywesee.com/" "Mozilla/5.0 (compatible; Adsbot/3.1; +https://seostar.co/robot/)"
194.209.200.2 - - [23/Apr/2022:06:52:52 +0200] "GET /Eggze/SpreadIt HTTP/1.1" 200 12537 "-" "Mozilla/5.0 (compatible; TMMBot/0.2; +http://www.dslab.ch)/Nutch-1.15"
173.231.60.196 - - [23/Apr/2022:06:52:56 +0200] "GET /Main/Saldo HTTP/1.1" 200 8416 "https://www.ywesee.com/" "Mozilla/5.0 (compatible; Adsbot/3.1; +https://seostar.co/robot/)"
173.231.60.196 - - [23/Apr/2022:06:53:05 +0200] "GET /ODDB/BVGER HTTP/1.1" 200 9371 "https://www.ywesee.com/" "Mozilla/5.0 (compatible; Adsbot/3.1; +https://seostar.co/robot/)"
173.231.60.196 - - [23/Apr/2022:06:53:17 +0200] "GET /AmiKo/Index HTTP/1.1" 200 9511 "https://www.ywesee.com/" "Mozilla/5.0 (compatible; Adsbot/3.1; +https://seostar.co/robot/)"
173.231.60.196 - - [23/Apr/2022:06:53:24 +0200] "GET /AmiKo/Linux?action=diff HTTP/1.1" 403 18 "https://www.ywesee.com/" "Mozilla/5.0 (compatible; Adsbot/3.1; +https://seostar.co/robot/)"
173.231.60.196 - - [23/Apr/2022:06:53:30 +0200] "GET /AmiKo/Linux?action=edit HTTP/1.1" 403 18 "https://www.ywesee.com/" "Mozilla/5.0 (compatible; Adsbot/3.1; +https://seostar.co/robot/)"
173.231.60.196 - - [23/Apr/2022:06:53:37 +0200] "GET /AmiKo/Linux?action=print HTTP/1.1" 403 18 "https://www.ywesee.com/" "Mozilla/5.0 (compatible; Adsbot/3.1; +https://seostar.co/robot/)"
173.231.60.196 - - [23/Apr/2022:06:53:44 +0200] "GET /AmiKo/Linux?action=upload HTTP/1.1" 403 18 "https://www.ywesee.com/" "Mozilla/5.0 (compatible; Adsbot/3.1; +https://seostar.co/robot/)"
173.231.60.196 - - [23/Apr/2022:06:53:50 +0200] "GET /AmiKo/Linux?n=Main.SideBar?action=edit HTTP/1.1" 403 18 "https://www.ywesee.com/" "Mozilla/5.0 (compatible; Adsbot/3.1; +https://seostar.co/robot/)"
173.231.60.196 - - [23/Apr/2022:06:53:57 +0200] "GET /Main/Diovan HTTP/1.1" 200 9177 "https://www.ywesee.com/" "Mozilla/5.0 (compatible; Adsbot/3.1; +https://seostar.co/robot/)"
173.231.60.196 - - [23/Apr/2022:06:54:04 +0200] "GET /Main/Elexis HTTP/1.1" 200 10922 "https://www.ywesee.com/" "Mozilla/5.0 (compatible; Adsbot/3.1; +https://seostar.co/robot/)"
173.231.60.196 - - [23/Apr/2022:06:54:16 +0200] "GET /Main/IPhone HTTP/1.1" 200 8439 "https://www.ywesee.com/" "Mozilla/5.0 (compatible; Adsbot/3.1; +https://seostar.co/robot/)"
173.231.60.196 - - [23/Apr/2022:06:54:24 +0200] "GET /Main/MyMedi HTTP/1.1" 200 9646 "https://www.ywesee.com/" "Mozilla/5.0 (compatible; Adsbot/3.1; +https://seostar.co/robot/)"
173.231.60.196 - - [23/Apr/2022:06:54:33 +0200] "GET /Miele/Index?action=diff HTTP/1.1" 403 18 "https://www.ywesee.com/" "Mozilla/5.0 (compatible; Adsbot/3.1; +https://seostar.co/robot/)"
173.231.60.196 - - [23/Apr/2022:06:54:39 +0200] "GET /Miele/Index?action=edit HTTP/1.1" 403 18 "https://www.ywesee.com/" "Mozilla/5.0 (compatible; Adsbot/3.1; +https://seostar.co/robot/)"
173.231.60.196 - - [23/Apr/2022:06:54:45 +0200] "GET /Miele/Index?action=print HTTP/1.1" 403 18 "https://www.ywesee.com/" "Mozilla/5.0 (compatible; Adsbot/3.1; +https://seostar.co/robot/)"
173.231.60.196 - - [23/Apr/2022:06:54:53 +0200] "GET /Miele/Index?action=upload HTTP/1.1" 403 18 "https://www.ywesee.com/" "Mozilla/5.0 (compatible; Adsbot/3.1; +https://seostar.co/robot/)"
173.231.60.196 - - [23/Apr/2022:06:55:01 +0200] "GET /Miele/Index?n=Main.SideBar?action=edit HTTP/1.1" 403 18 "https://www.ywesee.com/" "Mozilla/5.0 (compatible; Adsbot/3.1; +https://seostar.co/robot/)"
173.231.60.196 - - [23/Apr/2022:06:55:08 +0200] "GET /Ywesee/ODBA HTTP/1.1" 200 8453 "https://www.ywesee.com/" "Mozilla/5.0 (compatible; Adsbot/3.1; +https://seostar.co/robot/)"
173.231.60.196 - - [23/Apr/2022:06:55:15 +0200] "GET /Ywesee/SBSM HTTP/1.1" 200 8449 "https://www.ywesee.com/" "Mozilla/5.0 (compatible; Adsbot/3.1; +https://seostar.co/robot/)"
173.231.60.196 - - [23/Apr/2022:06:55:21 +0200] "GET /Ywesee/Team?action=diff HTTP/1.1" 403 18 "https://www.ywesee.com/" "Mozilla/5.0 (compatible; Adsbot/3.1; +https://seostar.co/robot/)"
103.45.105.78 - - [23/Apr/2022:07:07:26 +0200] "GET / HTTP/1.1" 200 11443 "https://www.whole-search.com/cache/Google/ywesee.com?q=Google+global+ranking+site%3Awww.whole-search.com" "Mozilla/5.0 (Windows NT 6.1; WOW64) AppleWebKit/537.36 (KHTML, like Gecko) Chrome/27.0.1453.93 Safari/537.36"
66.249.65.187 - - [23/Apr/2022:07:11:02 +0200] "GET /Scan2Post/MacOS HTTP/1.1" 200 9023 "-" "Mozilla/5.0 (Linux; Android 6.0.1; Nexus 5X Build/MMB29P) AppleWebKit/537.36 (KHTML, like Gecko) Chrome/100.0.4896.127 Mobile Safari/537.36 (compatible; Googlebot/2.1; +http://www.google.com/bot.html)"
194.209.200.2 - - [23/Apr/2022:07:33:40 +0200] "GET /robots.txt HTTP/1.1" 200 - "-" "Mozilla/5.0 (compatible; TMMBot/0.2; +http://www.dslab.ch)/Nutch-1.15"
194.209.200.2 - - [23/Apr/2022:07:33:40 +0200] "GET /Oddb2xml/Index HTTP/1.1" 200 8983 "-" "Mozilla/5.0 (compatible; TMMBot/0.2; +http://www.dslab.ch)/Nutch-1.15"
194.209.200.2 - - [23/Apr/2022:07:33:59 +0200] "GET /AmiKo/Linux HTTP/1.1" 200 9217 "-" "Mozilla/5.0 (compatible; TMMBot/0.2; +http://www.dslab.ch)/Nutch-1.15"
194.209.200.2 - - [23/Apr/2022:07:34:28 +0200] "GET /Software/YDIM HTTP/1.1" 200 8834 "-" "Mozilla/5.0 (compatible; TMMBot/0.2; +http://www.dslab.ch)/Nutch-1.15"
109.184.158.45 - - [23/Apr/2022:07:35:23 +0200] "GET /apple-app-site-association HTTP/1.1" 404 289 "-" "Mozilla/5.0 (Windows NT 6.1; WOW64; rv:40.0) Gecko/20100101 Firefox/40.1"
109.184.158.45 - - [23/Apr/2022:07:35:23 +0200] "GET /apple-app-site-association HTTP/1.1" 404 289 "-" "Mozilla/5.0 (Windows NT 6.1; WOW64; rv:40.0) Gecko/20100101 Firefox/40.1"
109.184.158.45 - - [23/Apr/2022:07:35:26 +0200] "GET /apple-app-site-association HTTP/1.1" 404 285 "-" "Mozilla/5.0 (Windows NT 6.1; WOW64; rv:40.0) Gecko/20100101 Firefox/40.1"
109.184.158.45 - - [23/Apr/2022:07:35:26 +0200] "GET /apple-app-site-association HTTP/1.1" 404 285 "-" "Mozilla/5.0 (Windows NT 6.1; WOW64; rv:40.0) Gecko/20100101 Firefox/40.1"
109.184.158.45 - - [23/Apr/2022:07:35:28 +0200] "GET /.well-known/apple-app-site-association HTTP/1.1" 404 301 "-" "Mozilla/5.0 (Windows NT 6.1; WOW64; rv:40.0) Gecko/20100101 Firefox/40.1"
109.184.158.45 - - [23/Apr/2022:07:35:28 +0200] "GET /.well-known/apple-app-site-association HTTP/1.1" 404 301 "-" "Mozilla/5.0 (Windows NT 6.1; WOW64; rv:40.0) Gecko/20100101 Firefox/40.1"
109.184.158.45 - - [23/Apr/2022:07:35:30 +0200] "GET /.well-known/apple-app-site-association HTTP/1.1" 404 297 "-" "Mozilla/5.0 (Windows NT 6.1; WOW64; rv:40.0) Gecko/20100101 Firefox/40.1"
109.184.158.45 - - [23/Apr/2022:07:35:30 +0200] "GET /.well-known/apple-app-site-association HTTP/1.1" 404 297 "-" "Mozilla/5.0 (Windows NT 6.1; WOW64; rv:40.0) Gecko/20100101 Firefox/40.1"
194.209.200.2 - - [23/Apr/2022:07:35:39 +0200] "GET /ODDB/StammdatenCH HTTP/1.1" 200 9300 "-" "Mozilla/5.0 (compatible; TMMBot/0.2; +http://www.dslab.ch)/Nutch-1.15"
194.209.200.2 - - [23/Apr/2022:07:36:23 +0200] "GET /Main/2015 HTTP/1.1" 200 15908 "-" "Mozilla/5.0 (compatible; TMMBot/0.2; +http://www.dslab.ch)/Nutch-1.15"
194.209.200.2 - - [23/Apr/2022:07:36:32 +0200] "GET /Main/2013 HTTP/1.1" 200 20487 "-" "Mozilla/5.0 (compatible; TMMBot/0.2; +http://www.dslab.ch)/Nutch-1.15"
194.209.200.2 - - [23/Apr/2022:07:36:48 +0200] "GET /Ywesee/Kontakt HTTP/1.1" 200 8973 "-" "Mozilla/5.0 (compatible; TMMBot/0.2; +http://www.dslab.ch)/Nutch-1.15"
66.249.65.185 - - [23/Apr/2022:07:37:26 +0200] "GET /Ywesee/KindleOniPhone HTTP/1.1" 200 10311 "-" "Mozilla/5.0 (Linux; Android 6.0.1; Nexus 5X Build/MMB29P) AppleWebKit/537.36 (KHTML, like Gecko) Chrome/100.0.4896.127 Mobile Safari/537.36 (compatible; Googlebot/2.1; +http://www.google.com/bot.html)"
194.209.200.2 - - [23/Apr/2022:07:39:16 +0200] "GET /Ausschreibung/SAI HTTP/1.1" 200 10366 "-" "Mozilla/5.0 (compatible; TMMBot/0.2; +http://www.dslab.ch)/Nutch-1.15"
194.209.200.2 - - [23/Apr/2022:07:39:56 +0200] "GET /Main/2009 HTTP/1.1" 200 21688 "-" "Mozilla/5.0 (compatible; TMMBot/0.2; +http://www.dslab.ch)/Nutch-1.15"
194.209.200.2 - - [23/Apr/2022:07:40:23 +0200] "GET /Main/2016 HTTP/1.1" 200 13689 "-" "Mozilla/5.0 (compatible; TMMBot/0.2; +http://www.dslab.ch)/Nutch-1.15"
194.209.200.2 - - [23/Apr/2022:07:40:31 +0200] "GET /Main/2014 HTTP/1.1" 200 19471 "-" "Mozilla/5.0 (compatible; TMMBot/0.2; +http://www.dslab.ch)/Nutch-1.15"
194.209.200.2 - - [23/Apr/2022:07:40:46 +0200] "GET /ODDB/IntegrationLookAmpFeelGenerikasuche HTTP/1.1" 200 9097 "-" "Mozilla/5.0 (compatible; TMMBot/0.2; +http://www.dslab.ch)/Nutch-1.15"
194.209.200.2 - - [23/Apr/2022:07:40:48 +0200] "GET /Main/2010 HTTP/1.1" 200 27997 "-" "Mozilla/5.0 (compatible; TMMBot/0.2; +http://www.dslab.ch)/Nutch-1.15"
194.209.200.2 - - [23/Apr/2022:07:40:55 +0200] "GET /Eggze/SpreadIt HTTP/1.1" 200 12537 "-" "Mozilla/5.0 (compatible; TMMBot/0.2; +http://www.dslab.ch)/Nutch-1.15"
104.196.222.220 - - [23/Apr/2022:07:43:45 +0200] "GET /robots.txt HTTP/1.0" 200 - "-" "ZoominfoBot (zoominfobot at zoominfo dot com)"
104.196.222.220 - - [23/Apr/2022:07:43:46 +0200] "GET /Oddb2xml/Index HTTP/1.0" 200 8983 "-" "ZoominfoBot (zoominfobot at zoominfo dot com)"
66.249.73.231 - - [23/Apr/2022:07:45:00 +0200] "GET /de/gcc/fachinfo/reg/62247/chapter/unwanted_effects HTTP/1.1" 404 309 "-" "Mozilla/5.0 (Linux; Android 6.0.1; Nexus 5X Build/MMB29P) AppleWebKit/537.36 (KHTML, like Gecko) Chrome/100.0.4896.127 Mobile Safari/537.36 (compatible; Googlebot/2.1; +http://www.google.com/bot.html)"
40.77.167.78 - - [23/Apr/2022:07:45:34 +0200] "GET / HTTP/1.1" 200 11443 "-" "Mozilla/5.0 (compatible; bingbot/2.0; +http://www.bing.com/bingbot.htm)"
185.191.171.36 - - [23/Apr/2022:07:48:09 +0200] "GET /robots.txt HTTP/1.1" 200 - "-" "Mozilla/5.0 (compatible; SemrushBot/7~bl; +http://www.semrush.com/bot.html)"
185.191.171.43 - - [23/Apr/2022:07:48:10 +0200] "GET /Generikacc/News23012018 HTTP/1.1" 200 9618 "-" "Mozilla/5.0 (compatible; SemrushBot/7~bl; +http://www.semrush.com/bot.html)"
104.196.222.220 - - [23/Apr/2022:07:56:56 +0200] "GET /Main/Home?action=upload HTTP/1.0" 403 18 "-" "ZoominfoBot (zoominfobot at zoominfo dot com)"
185.191.171.19 - - [23/Apr/2022:07:58:29 +0200] "GET /Main/SideBar?action=print HTTP/1.1" 403 18 "-" "Mozilla/5.0 (compatible; SemrushBot/7~bl; +http://www.semrush.com/bot.html)"
61.135.159.210 - - [23/Apr/2022:07:58:57 +0200] "GET / HTTP/1.1" 200 11443 "-" "Sogou web spider/4.0(+http://www.sogou.com/docs/help/webmasters.htm#07)"
104.196.222.220 - - [23/Apr/2022:07:59:16 +0200] "GET /Main/Home HTTP/1.0" 200 11443 "-" "ZoominfoBot (zoominfobot at zoominfo dot com)"
185.191.171.33 - - [23/Apr/2022:08:03:39 +0200] "GET /Miele/MieleLXIV HTTP/1.1" 200 15367 "-" "Mozilla/5.0 (compatible; SemrushBot/7~bl; +http://www.semrush.com/bot.html)"
157.55.39.55 - - [23/Apr/2022:08:04:10 +0200] "GET /Oddb2xml/Oddb2xmlCalc?action=upload HTTP/1.1" 403 18 "-" "Mozilla/5.0 (compatible; bingbot/2.0; +http://www.bing.com/bingbot.htm)"
194.209.200.2 - - [23/Apr/2022:08:07:04 +0200] "GET /robots.txt HTTP/1.1" 200 - "-" "Mozilla/5.0 (compatible; TMMBot/0.2; +http://www.dslab.ch)/Nutch-1.15"
194.209.200.2 - - [23/Apr/2022:08:07:04 +0200] "GET /Oddb2xml/Index HTTP/1.1" 200 8983 "-" "Mozilla/5.0 (compatible; TMMBot/0.2; +http://www.dslab.ch)/Nutch-1.15"
194.209.200.2 - - [23/Apr/2022:08:07:22 +0200] "GET /AmiKo/Linux HTTP/1.1" 200 9217 "-" "Mozilla/5.0 (compatible; TMMBot/0.2; +http://www.dslab.ch)/Nutch-1.15"
194.209.200.2 - - [23/Apr/2022:08:07:49 +0200] "GET /Software/YDIM HTTP/1.1" 200 8834 "-" "Mozilla/5.0 (compatible; TMMBot/0.2; +http://www.dslab.ch)/Nutch-1.15"
194.209.200.2 - - [23/Apr/2022:08:09:01 +0200] "GET /ODDB/StammdatenCH HTTP/1.1" 200 9300 "-" "Mozilla/5.0 (compatible; TMMBot/0.2; +http://www.dslab.ch)/Nutch-1.15"
194.209.200.2 - - [23/Apr/2022:08:09:47 +0200] "GET /Main/2015 HTTP/1.1" 200 15908 "-" "Mozilla/5.0 (compatible; TMMBot/0.2; +http://www.dslab.ch)/Nutch-1.15"
194.209.200.2 - - [23/Apr/2022:08:09:55 +0200] "GET /Main/2013 HTTP/1.1" 200 20487 "-" "Mozilla/5.0 (compatible; TMMBot/0.2; +http://www.dslab.ch)/Nutch-1.15"
194.209.200.2 - - [23/Apr/2022:08:10:05 +0200] "GET /Main/2011 HTTP/1.1" 200 21451 "-" "Mozilla/5.0 (compatible; TMMBot/0.2; +http://www.dslab.ch)/Nutch-1.15"
194.209.200.2 - - [23/Apr/2022:08:10:06 +0200] "GET /AmiKo/IOS HTTP/1.1" 200 11930 "-" "Mozilla/5.0 (compatible; TMMBot/0.2; +http://www.dslab.ch)/Nutch-1.15"
194.209.200.2 - - [23/Apr/2022:08:10:13 +0200] "GET /Ywesee/Kontakt HTTP/1.1" 200 8973 "-" "Mozilla/5.0 (compatible; TMMBot/0.2; +http://www.dslab.ch)/Nutch-1.15"
34.209.152.125 - - [23/Apr/2022:08:10:16 +0200] "GET / HTTP/1.1" 200 11443 "-" "Mozilla/5.0 (X11; Linux x86_64) AppleWebKit/537.36 (KHTML, like Gecko) Chrome/83.0.4103.97 Safari/537.36"
54.213.250.105 - - [23/Apr/2022:08:10:36 +0200] "GET / HTTP/1.1" 200 11443 "http://ywesee.org" "Mozilla/5.0 (X11; Linux x86_64) AppleWebKit/537.36 (KHTML, like Gecko) Chrome/83.0.4103.97 Safari/537.36"
104.196.222.220 - - [23/Apr/2022:08:11:19 +0200] "GET /AmiKo/Linux HTTP/1.0" 200 9217 "-" "ZoominfoBot (zoominfobot at zoominfo dot com)"
194.209.200.2 - - [23/Apr/2022:08:12:12 +0200] "GET /Software/ODDB HTTP/1.1" 200 10298 "-" "Mozilla/5.0 (compatible; TMMBot/0.2; +http://www.dslab.ch)/Nutch-1.15"
194.209.200.2 - - [23/Apr/2022:08:12:42 +0200] "GET /Ausschreibung/SAI HTTP/1.1" 200 10366 "-" "Mozilla/5.0 (compatible; TMMBot/0.2; +http://www.dslab.ch)/Nutch-1.15"
194.209.200.2 - - [23/Apr/2022:08:13:22 +0200] "GET /Main/2009 HTTP/1.1" 200 21688 "-" "Mozilla/5.0 (compatible; TMMBot/0.2; +http://www.dslab.ch)/Nutch-1.15"
66.249.73.227 - - [23/Apr/2022:08:13:27 +0200] "GET / HTTP/1.1" 200 11443 "-" "Mozilla/5.0 (compatible; Googlebot/2.1; +http://www.google.com/bot.html)"
194.209.200.2 - - [23/Apr/2022:08:13:49 +0200] "GET /Main/2016 HTTP/1.1" 200 13689 "-" "Mozilla/5.0 (compatible; TMMBot/0.2; +http://www.dslab.ch)/Nutch-1.15"
194.209.200.2 - - [23/Apr/2022:08:13:57 +0200] "GET /Main/2014 HTTP/1.1" 200 19471 "-" "Mozilla/5.0 (compatible; TMMBot/0.2; +http://www.dslab.ch)/Nutch-1.15"
194.209.200.2 - - [23/Apr/2022:08:14:12 +0200] "GET /ODDB/IntegrationLookAmpFeelGenerikasuche HTTP/1.1" 200 9097 "-" "Mozilla/5.0 (compatible; TMMBot/0.2; +http://www.dslab.ch)/Nutch-1.15"
194.209.200.2 - - [23/Apr/2022:08:14:14 +0200] "GET /Main/2010 HTTP/1.1" 200 27997 "-" "Mozilla/5.0 (compatible; TMMBot/0.2; +http://www.dslab.ch)/Nutch-1.15"
194.209.200.2 - - [23/Apr/2022:08:14:21 +0200] "GET /Eggze/SpreadIt HTTP/1.1" 200 12537 "-" "Mozilla/5.0 (compatible; TMMBot/0.2; +http://www.dslab.ch)/Nutch-1.15"
104.196.222.220 - - [23/Apr/2022:08:18:52 +0200] "GET /AmiKo/Windows HTTP/1.0" 200 10332 "-" "ZoominfoBot (zoominfobot at zoominfo dot com)"
66.249.73.229 - - [23/Apr/2022:08:18:57 +0200] "GET /fr/gcc/vaccines/range/a HTTP/1.1" 404 282 "-" "Mozilla/5.0 (Linux; Android 6.0.1; Nexus 5X Build/MMB29P) AppleWebKit/537.36 (KHTML, like Gecko) Chrome/100.0.4896.127 Mobile Safari/537.36 (compatible; Googlebot/2.1; +http://www.google.com/bot.html)"
185.191.171.38 - - [23/Apr/2022:08:19:08 +0200] "GET /Bundesrat/Ebook?action=print HTTP/1.1" 403 18 "-" "Mozilla/5.0 (compatible; SemrushBot/7~bl; +http://www.semrush.com/bot.html)"
35.164.74.174 - - [23/Apr/2022:08:23:15 +0200] "GET / HTTP/1.1" 200 11443 "-" "Mozilla/5.0 (X11; Linux x86_64) AppleWebKit/537.36 (KHTML, like Gecko) Chrome/83.0.4103.97 Safari/537.36"
104.196.222.220 - - [23/Apr/2022:08:32:22 +0200] "GET /Software/YDIM HTTP/1.0" 200 8834 "-" "ZoominfoBot (zoominfobot at zoominfo dot com)"
104.196.222.220 - - [23/Apr/2022:08:33:36 +0200] "GET /Site/AllRecentChanges?action=rss HTTP/1.0" 200 2546 "-" "ZoominfoBot (zoominfobot at zoominfo dot com)"
104.196.222.220 - - [23/Apr/2022:08:41:00 +0200] "GET /Main/Home?n=Main.SideBar?action=edit HTTP/1.0" 403 18 "-" "ZoominfoBot (zoominfobot at zoominfo dot com)"
194.209.200.2 - - [23/Apr/2022:08:49:05 +0200] "GET /robots.txt HTTP/1.1" 200 - "-" "Mozilla/5.0 (compatible; TMMBot/0.2; +http://www.dslab.ch)/Nutch-1.15"
194.209.200.2 - - [23/Apr/2022:08:49:05 +0200] "GET /Oddb2xml/Index HTTP/1.1" 200 8983 "-" "Mozilla/5.0 (compatible; TMMBot/0.2; +http://www.dslab.ch)/Nutch-1.15"
194.209.200.2 - - [23/Apr/2022:08:49:24 +0200] "GET /AmiKo/Linux HTTP/1.1" 200 9217 "-" "Mozilla/5.0 (compatible; TMMBot/0.2; +http://www.dslab.ch)/Nutch-1.15"
194.209.200.2 - - [23/Apr/2022:08:49:56 +0200] "GET /Software/YDIM HTTP/1.1" 200 8834 "-" "Mozilla/5.0 (compatible; TMMBot/0.2; +http://www.dslab.ch)/Nutch-1.15"
199.58.86.206 - - [23/Apr/2022:08:50:03 +0200] "GET /robots.txt HTTP/1.1" 200 - "-" "Mozilla/5.0 (compatible; MJ12bot/v1.4.8; http://mj12bot.com/)"
199.58.86.206 - - [23/Apr/2022:08:50:06 +0200] "GET / HTTP/1.1" 200 11443 "-" "Mozilla/5.0 (compatible; MJ12bot/v1.4.8; http://mj12bot.com/)"
185.191.171.37 - - [23/Apr/2022:08:50:10 +0200] "GET /robots.txt HTTP/1.1" 200 - "-" "Mozilla/5.0 (compatible; SemrushBot/7~bl; +http://www.semrush.com/bot.html)"
185.191.171.39 - - [23/Apr/2022:08:50:11 +0200] "GET /CoronaVirus/Links?n=Main.SideBar%3Faction%3Dedit HTTP/1.1" 302 157 "-" "Mozilla/5.0 (compatible; SemrushBot/7~bl; +http://www.semrush.com/bot.html)"
194.209.200.2 - - [23/Apr/2022:08:51:03 +0200] "GET /ODDB/StammdatenCH HTTP/1.1" 200 9300 "-" "Mozilla/5.0 (compatible; TMMBot/0.2; +http://www.dslab.ch)/Nutch-1.15"
194.209.200.2 - - [23/Apr/2022:08:51:46 +0200] "GET /Main/2015 HTTP/1.1" 200 15908 "-" "Mozilla/5.0 (compatible; TMMBot/0.2; +http://www.dslab.ch)/Nutch-1.15"
185.191.171.24 - - [23/Apr/2022:08:51:48 +0200] "GET /AmiKo/Desktop HTTP/1.1" 200 8397 "-" "Mozilla/5.0 (compatible; SemrushBot/7~bl; +http://www.semrush.com/bot.html)"
194.209.200.2 - - [23/Apr/2022:08:51:54 +0200] "GET /Main/2013 HTTP/1.1" 200 20487 "-" "Mozilla/5.0 (compatible; TMMBot/0.2; +http://www.dslab.ch)/Nutch-1.15"
194.209.200.2 - - [23/Apr/2022:08:52:04 +0200] "GET /AmiKo/IOS HTTP/1.1" 200 11930 "-" "Mozilla/5.0 (compatible; TMMBot/0.2; +http://www.dslab.ch)/Nutch-1.15"
194.209.200.2 - - [23/Apr/2022:08:52:10 +0200] "GET /Ywesee/Kontakt HTTP/1.1" 200 8973 "-" "Mozilla/5.0 (compatible; TMMBot/0.2; +http://www.dslab.ch)/Nutch-1.15"
66.249.65.187 - - [23/Apr/2022:08:52:54 +0200] "GET /uploads/Main/InfoCodex_Master_26.3.2021.pdf HTTP/1.1" 200 1596195 "-" "Mozilla/5.0 (Linux; Android 6.0.1; Nexus 5X Build/MMB29P) AppleWebKit/537.36 (KHTML, like Gecko) Chrome/100.0.4896.127 Mobile Safari/537.36 (compatible; Googlebot/2.1; +http://www.google.com/bot.html)"
54.210.94.25 - - [23/Apr/2022:08:53:25 +0200] "GET /robots.txt HTTP/1.1" 200 - "-" "Mozilla/5.0/Firefox/42.0 - nbertaupete95(at)gmail.com"
54.210.94.25 - - [23/Apr/2022:08:53:25 +0200] "GET /Ywesee/About?action=diff&source=y&minor=y HTTP/1.1" 200 57018 "-" "Mozilla/5.0/Firefox/42.0 - nbertaupete95(at)gmail.com"
54.210.94.25 - - [23/Apr/2022:08:53:31 +0200] "GET /Ywesee/About?action=diff&source=n&minor=n HTTP/1.1" 200 51242 "-" "Mozilla/5.0/Firefox/42.0 - nbertaupete95(at)gmail.com"
194.209.200.2 - - [23/Apr/2022:08:53:58 +0200] "GET /Software/ODDB HTTP/1.1" 200 10298 "-" "Mozilla/5.0 (compatible; TMMBot/0.2; +http://www.dslab.ch)/Nutch-1.15"
194.209.200.2 - - [23/Apr/2022:08:54:25 +0200] "GET /Ausschreibung/SAI HTTP/1.1" 200 10366 "-" "Mozilla/5.0 (compatible; TMMBot/0.2; +http://www.dslab.ch)/Nutch-1.15"
194.209.200.2 - - [23/Apr/2022:08:55:02 +0200] "GET /Main/2009 HTTP/1.1" 200 21688 "-" "Mozilla/5.0 (compatible; TMMBot/0.2; +http://www.dslab.ch)/Nutch-1.15"
194.209.200.2 - - [23/Apr/2022:08:55:27 +0200] "GET /Main/2016 HTTP/1.1" 200 13689 "-" "Mozilla/5.0 (compatible; TMMBot/0.2; +http://www.dslab.ch)/Nutch-1.15"
194.209.200.2 - - [23/Apr/2022:08:55:34 +0200] "GET /Main/2014 HTTP/1.1" 200 19471 "-" "Mozilla/5.0 (compatible; TMMBot/0.2; +http://www.dslab.ch)/Nutch-1.15"
194.209.200.2 - - [23/Apr/2022:08:55:49 +0200] "GET /ODDB/IntegrationLookAmpFeelGenerikasuche HTTP/1.1" 200 9097 "-" "Mozilla/5.0 (compatible; TMMBot/0.2; +http://www.dslab.ch)/Nutch-1.15"
194.209.200.2 - - [23/Apr/2022:08:55:51 +0200] "GET /Main/2010 HTTP/1.1" 200 27997 "-" "Mozilla/5.0 (compatible; TMMBot/0.2; +http://www.dslab.ch)/Nutch-1.15"
194.209.200.2 - - [23/Apr/2022:08:55:58 +0200] "GET /Eggze/SpreadIt HTTP/1.1" 200 12537 "-" "Mozilla/5.0 (compatible; TMMBot/0.2; +http://www.dslab.ch)/Nutch-1.15"
8.31.2.62 - - [23/Apr/2022:08:56:22 +0200] "GET / HTTP/1.1" 200 11443 "http://ywesee.org" "Mozilla/5.0 (Macintosh; Intel Mac OS X 10_15_7) AppleWebKit/537.36 (KHTML, like Gecko) Chrome/96.0.4664.110 Safari/537.36"
36.99.136.136 - - [23/Apr/2022:08:56:29 +0200] "GET / HTTP/1.1" 200 11443 "-" "Mozilla/5.0 (Macintosh; Intel Mac OS X 11_0_0) AppleWebKit/537.36 (KHTML, like Gecko) Chrome/87.0.4280.88 Safari/537.36"
185.191.171.40 - - [23/Apr/2022:09:01:07 +0200] "GET /Android/CoMed?n=Main.SideBar%3Faction%3Dedit HTTP/1.1" 302 157 "-" "Mozilla/5.0 (compatible; SemrushBot/7~bl; +http://www.semrush.com/bot.html)"
194.209.200.2 - - [23/Apr/2022:09:21:10 +0200] "GET /robots.txt HTTP/1.1" 200 - "-" "Mozilla/5.0 (compatible; TMMBot/0.2; +http://www.dslab.ch)/Nutch-1.15"
194.209.200.2 - - [23/Apr/2022:09:21:10 +0200] "GET /Oddb2xml/Index HTTP/1.1" 200 8983 "-" "Mozilla/5.0 (compatible; TMMBot/0.2; +http://www.dslab.ch)/Nutch-1.15"
194.209.200.2 - - [23/Apr/2022:09:21:27 +0200] "GET /AmiKo/Linux HTTP/1.1" 200 9217 "-" "Mozilla/5.0 (compatible; TMMBot/0.2; +http://www.dslab.ch)/Nutch-1.15"
185.191.171.41 - - [23/Apr/2022:09:21:48 +0200] "GET /Software/Spreadsheet HTTP/1.1" 200 8839 "-" "Mozilla/5.0 (compatible; SemrushBot/7~bl; +http://www.semrush.com/bot.html)"
194.209.200.2 - - [23/Apr/2022:09:22:56 +0200] "GET /ODDB/StammdatenCH HTTP/1.1" 200 9300 "-" "Mozilla/5.0 (compatible; TMMBot/0.2; +http://www.dslab.ch)/Nutch-1.15"
194.209.200.2 - - [23/Apr/2022:09:23:38 +0200] "GET /Main/2015 HTTP/1.1" 200 15908 "-" "Mozilla/5.0 (compatible; TMMBot/0.2; +http://www.dslab.ch)/Nutch-1.15"
194.209.200.2 - - [23/Apr/2022:09:23:46 +0200] "GET /Main/2013 HTTP/1.1" 200 20487 "-" "Mozilla/5.0 (compatible; TMMBot/0.2; +http://www.dslab.ch)/Nutch-1.15"
194.209.200.2 - - [23/Apr/2022:09:23:55 +0200] "GET /Main/2011 HTTP/1.1" 200 21451 "-" "Mozilla/5.0 (compatible; TMMBot/0.2; +http://www.dslab.ch)/Nutch-1.15"
