194.209.200.2 - - [21/Jul/2022:09:40:52 +0200] "GET /robots.txt HTTP/1.1" 200 - "-" "Mozilla/5.0 (compatible; TMMBot/0.2; +http://www.dslab.ch)/Nutch-1.15"
194.209.200.2 - - [21/Jul/2022:09:40:52 +0200] "GET /Oddb2xml/Index HTTP/1.1" 200 8983 "-" "Mozilla/5.0 (compatible; TMMBot/0.2; +http://www.dslab.ch)/Nutch-1.15"
54.36.149.96 - - [21/Jul/2022:09:40:56 +0200] "GET /Software/YDIM HTTP/1.1" 200 8834 "-" "Mozilla/5.0 (compatible; AhrefsBot/7.0; +http://ahrefs.com/robot/)"
194.209.200.2 - - [21/Jul/2022:09:43:27 +0200] "GET /Main/2008 HTTP/1.1" 200 34740 "-" "Mozilla/5.0 (compatible; TMMBot/0.2; +http://www.dslab.ch)/Nutch-1.15"
194.209.200.2 - - [21/Jul/2022:09:43:38 +0200] "GET /Main/2006 HTTP/1.1" 200 39320 "-" "Mozilla/5.0 (compatible; TMMBot/0.2; +http://www.dslab.ch)/Nutch-1.15"
194.209.200.2 - - [21/Jul/2022:09:44:11 +0200] "GET /Main/2013 HTTP/1.1" 200 20487 "-" "Mozilla/5.0 (compatible; TMMBot/0.2; +http://www.dslab.ch)/Nutch-1.15"
194.209.200.2 - - [21/Jul/2022:09:44:22 +0200] "GET /AmiKo/IOS HTTP/1.1" 200 11930 "-" "Mozilla/5.0 (compatible; TMMBot/0.2; +http://www.dslab.ch)/Nutch-1.15"
194.209.200.2 - - [21/Jul/2022:09:46:48 +0200] "GET /Software/ODDB HTTP/1.1" 200 10298 "-" "Mozilla/5.0 (compatible; TMMBot/0.2; +http://www.dslab.ch)/Nutch-1.15"
89.246.241.14 - - [21/Jul/2022:09:47:09 +0200] "GET /MEDIupdateXML/Aerzte HTTP/1.1" 200 8529 "-" "Mozilla/5.0 (Windows NT 10.0; Win64; x64; rv:84.0) Gecko/20100101 Firefox/84.0"
185.191.171.33 - - [21/Jul/2022:09:48:25 +0200] "GET /robots.txt HTTP/1.1" 200 - "-" "Mozilla/5.0 (compatible; SemrushBot/7~bl; +http://www.semrush.com/bot.html)"
185.191.171.15 - - [21/Jul/2022:09:48:26 +0200] "GET /Main/2009?action=upload HTTP/1.1" 403 18 "-" "Mozilla/5.0 (compatible; SemrushBot/7~bl; +http://www.semrush.com/bot.html)"
194.209.200.2 - - [21/Jul/2022:09:48:41 +0200] "GET /Main/2016 HTTP/1.1" 200 13689 "-" "Mozilla/5.0 (compatible; TMMBot/0.2; +http://www.dslab.ch)/Nutch-1.15"
194.209.200.2 - - [21/Jul/2022:09:48:50 +0200] "GET /Main/2014 HTTP/1.1" 200 19471 "-" "Mozilla/5.0 (compatible; TMMBot/0.2; +http://www.dslab.ch)/Nutch-1.15"
194.209.200.2 - - [21/Jul/2022:09:49:08 +0200] "GET /ODDB/IntegrationLookAmpFeelGenerikasuche HTTP/1.1" 200 9097 "-" "Mozilla/5.0 (compatible; TMMBot/0.2; +http://www.dslab.ch)/Nutch-1.15"
194.209.200.2 - - [21/Jul/2022:09:49:20 +0200] "GET /Main/ComCo19122016 HTTP/1.1" 200 10547 "-" "Mozilla/5.0 (compatible; TMMBot/0.2; +http://www.dslab.ch)/Nutch-1.15"
89.246.241.14 - - [21/Jul/2022:09:50:55 +0200] "GET /Main/WekoBlog HTTP/1.1" 200 22209 "-" "Mozilla/5.0 (Windows NT 10.0; Win64; x64; rv:84.0) Gecko/20100101 Firefox/84.0"
89.246.241.14 - - [21/Jul/2022:09:55:29 +0200] "GET /Main/Saldo HTTP/1.1" 200 8416 "-" "Mozilla/5.0 (Windows NT 10.0; Win64; x64; rv:84.0) Gecko/20100101 Firefox/84.0"
123.125.109.136 - - [21/Jul/2022:09:55:31 +0200] "GET / HTTP/1.1" 200 12074 "-" "Sogou web spider/4.0(+http://www.sogou.com/docs/help/webmasters.htm#07)"
89.246.241.14 - - [21/Jul/2022:09:58:48 +0200] "GET /Epha/Flow HTTP/1.1" 200 8668 "-" "Mozilla/5.0 (Windows NT 10.0; Win64; x64; rv:84.0) Gecko/20100101 Firefox/84.0"
157.55.39.29 - - [21/Jul/2022:10:01:13 +0200] "GET /Main/SearchWiki?pagename=Main%2FSearchWiki&q=2023 HTTP/1.1" 200 10409 "-" "Mozilla/5.0 (compatible; bingbot/2.0; +http://www.bing.com/bingbot.htm)"
103.218.241.69 - - [21/Jul/2022:10:04:02 +0200] "GET / HTTP/1.1" 200 12074 "-" "Mozilla/5.0 (Macintosh; Intel Mac OS X 10_15_4) AppleWebKit/537.36 (KHTML, like Gecko) Chrome/89.0.4389.90 Safari/537.36"
66.249.76.87 - - [21/Jul/2022:10:04:51 +0200] "GET /generikacc/privacy HTTP/1.1" 404 281 "-" "Mozilla/5.0 (compatible; Googlebot/2.1; +http://www.google.com/bot.html)"
89.246.241.14 - - [21/Jul/2022:10:05:23 +0200] "GET /uploads/Main/IC-Enterprise.pdf HTTP/1.1" 200 868608 "-" "Mozilla/5.0 (Windows NT 10.0; Win64; x64; rv:84.0) Gecko/20100101 Firefox/84.0"
66.249.76.91 - - [21/Jul/2022:10:05:35 +0200] "GET / HTTP/1.1" 200 12074 "-" "Mozilla/5.0 (compatible; Googlebot/2.1; +http://www.google.com/bot.html)"
185.191.171.44 - - [21/Jul/2022:10:05:37 +0200] "GET /Software/SoftwareRaid?action=print HTTP/1.1" 403 18 "-" "Mozilla/5.0 (compatible; SemrushBot/7~bl; +http://www.semrush.com/bot.html)"
89.246.241.14 - - [21/Jul/2022:10:05:48 +0200] "GET /uploads/Main/Schreiben_Bfarm_20.3.2007.pdf HTTP/1.1" 200 607598 "-" "Mozilla/5.0 (Windows NT 10.0; Win64; x64; rv:84.0) Gecko/20100101 Firefox/84.0"
89.246.241.14 - - [21/Jul/2022:10:07:51 +0200] "GET /Main/2007?n=Main.SideBar?action=edit HTTP/1.1" 200 9322 "-" "Mozilla/5.0 (Windows NT 10.0; Win64; x64; rv:84.0) Gecko/20100101 Firefox/84.0"
42.236.10.81 - - [21/Jul/2022:10:10:01 +0200] "GET / HTTP/1.1" 200 12074 "https://www.ywesee.com/" "Mozilla/5.0 (Windows NT 6.1; WOW64) AppleWebKit/537.36 (KHTML, like Gecko) Chrome/50.0.2661.102 Safari/537.36; 360Spider"
89.246.241.14 - - [21/Jul/2022:10:11:06 +0200] "GET /Ywesee/KurzFachinfo HTTP/1.1" 200 8845 "-" "Mozilla/5.0 (Windows NT 10.0; Win64; x64; rv:84.0) Gecko/20100101 Firefox/84.0"
42.236.10.113 - - [21/Jul/2022:10:11:10 +0200] "GET / HTTP/1.1" 200 12074 "https://ywesee.com" "Mozilla/5.0 (Windows NT 6.1; WOW64) AppleWebKit/537.36 (KHTML, like Gecko) Chrome/50.0.2661.102 Safari/537.36; 360Spider"
118.193.36.190 - - [21/Jul/2022:10:12:53 +0200] "GET / HTTP/1.1" 200 12074 "-" "Mozilla/5.0 (Macintosh; Intel Mac OS X 10_15_4) AppleWebKit/537.36 (KHTML, like Gecko) Chrome/89.0.4389.90 Safari/537.36"
118.193.36.190 - - [21/Jul/2022:10:15:09 +0200] "GET / HTTP/1.1" 200 12074 "-" "Mozilla/5.0 (Macintosh; Intel Mac OS X 10_15_4) AppleWebKit/537.36 (KHTML, like Gecko) Chrome/89.0.4389.90 Safari/537.36"
54.36.148.67 - - [21/Jul/2022:10:17:11 +0200] "GET /Main/PharmacodeVsEancode HTTP/1.1" 200 13361 "-" "Mozilla/5.0 (compatible; AhrefsBot/7.0; +http://ahrefs.com/robot/)"
89.246.241.14 - - [21/Jul/2022:10:18:49 +0200] "GET /Main/2006?n=Main.SideBar?action=edit HTTP/1.1" 200 9322 "-" "Mozilla/5.0 (Windows NT 10.0; Win64; x64; rv:84.0) Gecko/20100101 Firefox/84.0"
66.249.76.227 - - [21/Jul/2022:10:19:59 +0200] "GET /robots.txt HTTP/1.1" 200 - "-" "Mozilla/5.0 (compatible; Googlebot/2.1; +http://www.google.com/bot.html)"
66.249.76.227 - - [21/Jul/2022:10:19:59 +0200] "GET /amiko/privacy HTTP/1.1" 404 272 "-" "Mozilla/5.0 (compatible; Googlebot/2.1; +http://www.google.com/bot.html)"
157.55.39.104 - - [21/Jul/2022:10:21:58 +0200] "GET / HTTP/1.1" 200 12074 "-" "Mozilla/5.0 (iPhone; CPU iPhone OS 7_0 like Mac OS X) AppleWebKit/537.51.1 (KHTML, like Gecko) Version/7.0 Mobile/11A465 Safari/9537.53 (compatible; bingbot/2.0; +http://www.bing.com/bingbot.htm)"
89.246.241.14 - - [21/Jul/2022:10:24:27 +0200] "GET /uploads/Main/Saldo_12.9.2007.pdf HTTP/1.1" 200 6147 "-" "Mozilla/5.0 (Windows NT 10.0; Win64; x64; rv:84.0) Gecko/20100101 Firefox/84.0"
89.246.241.14 - - [21/Jul/2022:10:29:39 +0200] "GET /Main/2005?n=Main.SideBar?action=edit HTTP/1.1" 200 9322 "-" "Mozilla/5.0 (Windows NT 10.0; Win64; x64; rv:84.0) Gecko/20100101 Firefox/84.0"
194.209.200.2 - - [21/Jul/2022:10:30:30 +0200] "GET /robots.txt HTTP/1.1" 200 - "-" "Mozilla/5.0 (compatible; TMMBot/0.2; +http://www.dslab.ch)/Nutch-1.15"
194.209.200.2 - - [21/Jul/2022:10:30:30 +0200] "GET /Oddb2xml/Index HTTP/1.1" 200 8983 "-" "Mozilla/5.0 (compatible; TMMBot/0.2; +http://www.dslab.ch)/Nutch-1.15"
194.209.200.2 - - [21/Jul/2022:10:30:50 +0200] "GET /AmiKo/Linux HTTP/1.1" 200 9217 "-" "Mozilla/5.0 (compatible; TMMBot/0.2; +http://www.dslab.ch)/Nutch-1.15"
194.209.200.2 - - [21/Jul/2022:10:31:01 +0200] "GET /AmiKo/Windows HTTP/1.1" 200 10332 "-" "Mozilla/5.0 (compatible; TMMBot/0.2; +http://www.dslab.ch)/Nutch-1.15"
89.246.241.14 - - [21/Jul/2022:10:32:15 +0200] "GET /Ywesee/ElektronischesPatientendossierSchweiz HTTP/1.1" 200 11065 "-" "Mozilla/5.0 (Windows NT 10.0; Win64; x64; rv:84.0) Gecko/20100101 Firefox/84.0"
66.249.76.89 - - [21/Jul/2022:10:32:32 +0200] "GET /amiko/privacy HTTP/1.1" 404 276 "-" "Mozilla/5.0 (compatible; Googlebot/2.1; +http://www.google.com/bot.html)"
194.209.200.2 - - [21/Jul/2022:10:33:04 +0200] "GET /Main/2006 HTTP/1.1" 200 39320 "-" "Mozilla/5.0 (compatible; TMMBot/0.2; +http://www.dslab.ch)/Nutch-1.15"
194.209.200.2 - - [21/Jul/2022:10:33:28 +0200] "GET /Main/2015 HTTP/1.1" 200 15908 "-" "Mozilla/5.0 (compatible; TMMBot/0.2; +http://www.dslab.ch)/Nutch-1.15"
194.209.200.2 - - [21/Jul/2022:10:33:37 +0200] "GET /Main/2013 HTTP/1.1" 200 20487 "-" "Mozilla/5.0 (compatible; TMMBot/0.2; +http://www.dslab.ch)/Nutch-1.15"
194.209.200.2 - - [21/Jul/2022:10:33:54 +0200] "GET /Ywesee/Kontakt HTTP/1.1" 200 8973 "-" "Mozilla/5.0 (compatible; TMMBot/0.2; +http://www.dslab.ch)/Nutch-1.15"
66.249.76.227 - - [21/Jul/2022:10:35:22 +0200] "GET /amiko/privacy HTTP/1.1" 404 272 "-" "Mozilla/5.0 (compatible; Googlebot/2.1; +http://www.google.com/bot.html)"
194.209.200.2 - - [21/Jul/2022:10:36:39 +0200] "GET /Ausschreibung/SAI HTTP/1.1" 200 10366 "-" "Mozilla/5.0 (compatible; TMMBot/0.2; +http://www.dslab.ch)/Nutch-1.15"
157.55.39.189 - - [21/Jul/2022:10:37:01 +0200] "GET / HTTP/1.1" 200 12074 "-" "Mozilla/5.0 (compatible; bingbot/2.0; +http://www.bing.com/bingbot.htm)"
194.209.200.2 - - [21/Jul/2022:10:37:39 +0200] "GET /Software/BBMB HTTP/1.1" 200 9385 "-" "Mozilla/5.0 (compatible; TMMBot/0.2; +http://www.dslab.ch)/Nutch-1.15"
194.209.200.2 - - [21/Jul/2022:10:37:52 +0200] "GET /Main/2016 HTTP/1.1" 200 13689 "-" "Mozilla/5.0 (compatible; TMMBot/0.2; +http://www.dslab.ch)/Nutch-1.15"
194.209.200.2 - - [21/Jul/2022:10:38:01 +0200] "GET /Main/2014 HTTP/1.1" 200 19471 "-" "Mozilla/5.0 (compatible; TMMBot/0.2; +http://www.dslab.ch)/Nutch-1.15"
194.209.200.2 - - [21/Jul/2022:10:38:09 +0200] "GET /Main/2012 HTTP/1.1" 200 31941 "-" "Mozilla/5.0 (compatible; TMMBot/0.2; +http://www.dslab.ch)/Nutch-1.15"
194.209.200.2 - - [21/Jul/2022:10:38:17 +0200] "GET /ODDB/IntegrationLookAmpFeelGenerikasuche HTTP/1.1" 200 9097 "-" "Mozilla/5.0 (compatible; TMMBot/0.2; +http://www.dslab.ch)/Nutch-1.15"
194.209.200.2 - - [21/Jul/2022:10:38:19 +0200] "GET /Main/2010 HTTP/1.1" 200 27997 "-" "Mozilla/5.0 (compatible; TMMBot/0.2; +http://www.dslab.ch)/Nutch-1.15"
194.209.200.2 - - [21/Jul/2022:10:38:28 +0200] "GET /Eggze/SpreadIt HTTP/1.1" 200 12537 "-" "Mozilla/5.0 (compatible; TMMBot/0.2; +http://www.dslab.ch)/Nutch-1.15"
65.108.64.210 - - [21/Jul/2022:10:39:17 +0200] "GET /robots.txt HTTP/1.1" 200 - "-" "Mozilla/5.0 (compatible; MJ12bot/v1.4.8; http://mj12bot.com/)"
65.108.64.210 - - [21/Jul/2022:10:39:19 +0200] "GET /Main/2004?action=edit HTTP/1.1" 403 18 "-" "Mozilla/5.0 (compatible; MJ12bot/v1.4.8; http://mj12bot.com/)"
65.108.64.210 - - [21/Jul/2022:10:39:20 +0200] "GET /Main/2008?action=edit HTTP/1.1" 403 18 "-" "Mozilla/5.0 (compatible; MJ12bot/v1.4.8; http://mj12bot.com/)"
65.108.64.210 - - [21/Jul/2022:10:39:22 +0200] "GET /Main/2009?action=edit HTTP/1.1" 403 18 "-" "Mozilla/5.0 (compatible; MJ12bot/v1.4.8; http://mj12bot.com/)"
65.108.64.210 - - [21/Jul/2022:10:39:24 +0200] "GET /Main/2014?action=edit HTTP/1.1" 403 18 "-" "Mozilla/5.0 (compatible; MJ12bot/v1.4.8; http://mj12bot.com/)"
65.108.64.210 - - [21/Jul/2022:10:39:25 +0200] "GET /Main/2018?action=edit HTTP/1.1" 403 18 "-" "Mozilla/5.0 (compatible; MJ12bot/v1.4.8; http://mj12bot.com/)"
65.108.64.210 - - [21/Jul/2022:10:39:27 +0200] "GET /Main/DocumedGalenicaVsYwesee?action=edit HTTP/1.1" 403 18 "-" "Mozilla/5.0 (compatible; MJ12bot/v1.4.8; http://mj12bot.com/)"
65.108.64.210 - - [21/Jul/2022:10:39:28 +0200] "GET /Main/WekoBlogAntragAufErweiterung?action=edit HTTP/1.1" 403 18 "-" "Mozilla/5.0 (compatible; MJ12bot/v1.4.8; http://mj12bot.com/)"
89.246.241.14 - - [21/Jul/2022:10:42:32 +0200] "GET /Main/2007?action=print HTTP/1.1" 200 45502 "-" "Mozilla/5.0 (Windows NT 10.0; Win64; x64; rv:84.0) Gecko/20100101 Firefox/84.0"
89.246.241.14 - - [21/Jul/2022:10:46:04 +0200] "GET /uploads/Main/an_jenny_17.10.2007.pdf HTTP/1.1" 200 154981 "-" "Mozilla/5.0 (Windows NT 10.0; Win64; x64; rv:84.0) Gecko/20100101 Firefox/84.0"
89.246.241.14 - - [21/Jul/2022:10:47:14 +0200] "GET /Main/Elexis HTTP/1.1" 200 10922 "-" "Mozilla/5.0 (Windows NT 10.0; Win64; x64; rv:84.0) Gecko/20100101 Firefox/84.0"
118.193.36.190 - - [21/Jul/2022:10:49:04 +0200] "GET / HTTP/1.1" 200 12074 "-" "Mozilla/5.0 (Macintosh; Intel Mac OS X 10_15_4) AppleWebKit/537.36 (KHTML, like Gecko) Chrome/89.0.4389.90 Safari/537.36"
20.12.35.230 - - [21/Jul/2022:10:49:54 +0200] "GET / HTTP/1.1" 200 12074 "-" "Mozilla/5.0 (Windows NT 10.0; Win64; x64) AppleWebKit/537.36 (KHTML, like Gecko) Chrome/80.0.3987.149 Safari/537.36"
20.12.35.230 - - [21/Jul/2022:10:49:54 +0200] "GET /wp-includes/wlwmanifest.xml HTTP/1.1" 404 286 "-" "Mozilla/5.0 (Windows NT 10.0; Win64; x64) AppleWebKit/537.36 (KHTML, like Gecko) Chrome/80.0.3987.149 Safari/537.36"
20.12.35.230 - - [21/Jul/2022:10:49:54 +0200] "GET /xmlrpc.php?rsd HTTP/1.1" 404 269 "-" "Mozilla/5.0 (Windows NT 10.0; Win64; x64) AppleWebKit/537.36 (KHTML, like Gecko) Chrome/80.0.3987.149 Safari/537.36"
20.12.35.230 - - [21/Jul/2022:10:49:54 +0200] "GET / HTTP/1.1" 200 12074 "-" "Mozilla/5.0 (Windows NT 10.0; Win64; x64) AppleWebKit/537.36 (KHTML, like Gecko) Chrome/80.0.3987.149 Safari/537.36"
20.12.35.230 - - [21/Jul/2022:10:49:54 +0200] "GET /blog/wp-includes/wlwmanifest.xml HTTP/1.1" 404 291 "-" "Mozilla/5.0 (Windows NT 10.0; Win64; x64) AppleWebKit/537.36 (KHTML, like Gecko) Chrome/80.0.3987.149 Safari/537.36"
20.12.35.230 - - [21/Jul/2022:10:49:54 +0200] "GET /web/wp-includes/wlwmanifest.xml HTTP/1.1" 404 290 "-" "Mozilla/5.0 (Windows NT 10.0; Win64; x64) AppleWebKit/537.36 (KHTML, like Gecko) Chrome/80.0.3987.149 Safari/537.36"
20.12.35.230 - - [21/Jul/2022:10:49:54 +0200] "GET /wordpress/wp-includes/wlwmanifest.xml HTTP/1.1" 404 296 "-" "Mozilla/5.0 (Windows NT 10.0; Win64; x64) AppleWebKit/537.36 (KHTML, like Gecko) Chrome/80.0.3987.149 Safari/537.36"
20.12.35.230 - - [21/Jul/2022:10:49:54 +0200] "GET /website/wp-includes/wlwmanifest.xml HTTP/1.1" 404 294 "-" "Mozilla/5.0 (Windows NT 10.0; Win64; x64) AppleWebKit/537.36 (KHTML, like Gecko) Chrome/80.0.3987.149 Safari/537.36"
20.12.35.230 - - [21/Jul/2022:10:49:54 +0200] "GET /wp/wp-includes/wlwmanifest.xml HTTP/1.1" 404 289 "-" "Mozilla/5.0 (Windows NT 10.0; Win64; x64) AppleWebKit/537.36 (KHTML, like Gecko) Chrome/80.0.3987.149 Safari/537.36"
20.12.35.230 - - [21/Jul/2022:10:49:55 +0200] "GET /news/wp-includes/wlwmanifest.xml HTTP/1.1" 404 291 "-" "Mozilla/5.0 (Windows NT 10.0; Win64; x64) AppleWebKit/537.36 (KHTML, like Gecko) Chrome/80.0.3987.149 Safari/537.36"
20.12.35.230 - - [21/Jul/2022:10:49:55 +0200] "GET /2018/wp-includes/wlwmanifest.xml HTTP/1.1" 404 250 "-" "Mozilla/5.0 (Windows NT 10.0; Win64; x64) AppleWebKit/537.36 (KHTML, like Gecko) Chrome/80.0.3987.149 Safari/537.36"
20.12.35.230 - - [21/Jul/2022:10:49:55 +0200] "GET /2019/wp-includes/wlwmanifest.xml HTTP/1.1" 404 250 "-" "Mozilla/5.0 (Windows NT 10.0; Win64; x64) AppleWebKit/537.36 (KHTML, like Gecko) Chrome/80.0.3987.149 Safari/537.36"
20.12.35.230 - - [21/Jul/2022:10:49:55 +0200] "GET /shop/wp-includes/wlwmanifest.xml HTTP/1.1" 404 291 "-" "Mozilla/5.0 (Windows NT 10.0; Win64; x64) AppleWebKit/537.36 (KHTML, like Gecko) Chrome/80.0.3987.149 Safari/537.36"
20.12.35.230 - - [21/Jul/2022:10:49:55 +0200] "GET /wp1/wp-includes/wlwmanifest.xml HTTP/1.1" 404 290 "-" "Mozilla/5.0 (Windows NT 10.0; Win64; x64) AppleWebKit/537.36 (KHTML, like Gecko) Chrome/80.0.3987.149 Safari/537.36"
20.12.35.230 - - [21/Jul/2022:10:49:55 +0200] "GET /test/wp-includes/wlwmanifest.xml HTTP/1.1" 404 291 "-" "Mozilla/5.0 (Windows NT 10.0; Win64; x64) AppleWebKit/537.36 (KHTML, like Gecko) Chrome/80.0.3987.149 Safari/537.36"
20.12.35.230 - - [21/Jul/2022:10:49:55 +0200] "GET /media/wp-includes/wlwmanifest.xml HTTP/1.1" 404 292 "-" "Mozilla/5.0 (Windows NT 10.0; Win64; x64) AppleWebKit/537.36 (KHTML, like Gecko) Chrome/80.0.3987.149 Safari/537.36"
20.12.35.230 - - [21/Jul/2022:10:49:55 +0200] "GET /wp2/wp-includes/wlwmanifest.xml HTTP/1.1" 404 290 "-" "Mozilla/5.0 (Windows NT 10.0; Win64; x64) AppleWebKit/537.36 (KHTML, like Gecko) Chrome/80.0.3987.149 Safari/537.36"
20.12.35.230 - - [21/Jul/2022:10:49:55 +0200] "GET /site/wp-includes/wlwmanifest.xml HTTP/1.1" 404 291 "-" "Mozilla/5.0 (Windows NT 10.0; Win64; x64) AppleWebKit/537.36 (KHTML, like Gecko) Chrome/80.0.3987.149 Safari/537.36"
20.12.35.230 - - [21/Jul/2022:10:49:55 +0200] "GET /cms/wp-includes/wlwmanifest.xml HTTP/1.1" 404 290 "-" "Mozilla/5.0 (Windows NT 10.0; Win64; x64) AppleWebKit/537.36 (KHTML, like Gecko) Chrome/80.0.3987.149 Safari/537.36"
20.12.35.230 - - [21/Jul/2022:10:49:55 +0200] "GET /sito/wp-includes/wlwmanifest.xml HTTP/1.1" 404 291 "-" "Mozilla/5.0 (Windows NT 10.0; Win64; x64) AppleWebKit/537.36 (KHTML, like Gecko) Chrome/80.0.3987.149 Safari/537.36"
89.246.241.14 - - [21/Jul/2022:10:50:33 +0200] "GET /Ywesee/InfoCodexProximity HTTP/1.1" 200 9809 "-" "Mozilla/5.0 (Windows NT 10.0; Win64; x64; rv:84.0) Gecko/20100101 Firefox/84.0"
66.249.66.216 - - [21/Jul/2022:10:51:15 +0200] "GET / HTTP/1.1" 200 12074 "-" "Mozilla/5.0 (Linux; Android 6.0.1; Nexus 5X Build/MMB29P) AppleWebKit/537.36 (KHTML, like Gecko) Chrome/103.0.5060.114 Mobile Safari/537.36 (compatible; Googlebot/2.1; +http://www.google.com/bot.html)"
89.246.241.14 - - [21/Jul/2022:10:52:18 +0200] "GET /Main/FMH HTTP/1.1" 200 8327 "-" "Mozilla/5.0 (Windows NT 10.0; Win64; x64; rv:84.0) Gecko/20100101 Firefox/84.0"
66.249.76.89 - - [21/Jul/2022:11:02:37 +0200] "GET /amiko/privacy HTTP/1.1" 404 276 "-" "Mozilla/5.0 (compatible; Googlebot/2.1; +http://www.google.com/bot.html)"
211.249.246.214 - - [21/Jul/2022:11:03:38 +0200] "GET / HTTP/1.1" 200 12074 "-" "Mozilla/5.0 (Unknown; Linux x86_64) AppleWebKit/538.1 (KHTML, like Gecko) Safari/538.1 Daum/4.1"
211.249.246.214 - - [21/Jul/2022:11:03:39 +0200] "GET /pub/skins/ywesee/gila.css HTTP/1.1" 200 8276 "https://ywesee.com/" "Mozilla/5.0 (Unknown; Linux x86_64) AppleWebKit/538.1 (KHTML, like Gecko) Safari/538.1 Daum/4.1"
194.209.200.2 - - [21/Jul/2022:11:03:56 +0200] "GET /robots.txt HTTP/1.1" 200 - "-" "Mozilla/5.0 (compatible; TMMBot/0.2; +http://www.dslab.ch)/Nutch-1.15"
194.209.200.2 - - [21/Jul/2022:11:03:56 +0200] "GET /Oddb2xml/Index HTTP/1.1" 200 8983 "-" "Mozilla/5.0 (compatible; TMMBot/0.2; +http://www.dslab.ch)/Nutch-1.15"
194.209.200.2 - - [21/Jul/2022:11:04:18 +0200] "GET /Miele/MieleLXIV HTTP/1.1" 200 15367 "-" "Mozilla/5.0 (compatible; TMMBot/0.2; +http://www.dslab.ch)/Nutch-1.15"
54.84.192.51 - - [21/Jul/2022:11:04:42 +0200] "GET /keybase.txt HTTP/1.1" 200 2659 "-" "keybase-proofs/2.3.24"
89.246.241.14 - - [21/Jul/2022:11:05:04 +0200] "GET /uploads/Main/Stellenbeschreibung_Ruby_ywesee_GmbH.pdf HTTP/1.1" 200 65223 "-" "Mozilla/5.0 (Windows NT 10.0; Win64; x64; rv:84.0) Gecko/20100101 Firefox/84.0"
194.209.200.2 - - [21/Jul/2022:11:06:26 +0200] "GET /Main/2006 HTTP/1.1" 200 39320 "-" "Mozilla/5.0 (compatible; TMMBot/0.2; +http://www.dslab.ch)/Nutch-1.15"
194.209.200.2 - - [21/Jul/2022:11:06:57 +0200] "GET /Main/2013 HTTP/1.1" 200 20487 "-" "Mozilla/5.0 (compatible; TMMBot/0.2; +http://www.dslab.ch)/Nutch-1.15"
194.209.200.2 - - [21/Jul/2022:11:07:14 +0200] "GET /Ywesee/Kontakt HTTP/1.1" 200 8973 "-" "Mozilla/5.0 (compatible; TMMBot/0.2; +http://www.dslab.ch)/Nutch-1.15"
89.246.241.14 - - [21/Jul/2022:11:08:42 +0200] "GET /Main/2006?action=print HTTP/1.1" 200 34248 "-" "Mozilla/5.0 (Windows NT 10.0; Win64; x64; rv:84.0) Gecko/20100101 Firefox/84.0"
89.246.241.14 - - [21/Jul/2022:11:08:48 +0200] "GET /Main/2007?action=diff HTTP/1.1" 200 57691 "-" "Mozilla/5.0 (Windows NT 10.0; Win64; x64; rv:84.0) Gecko/20100101 Firefox/84.0"
194.209.200.2 - - [21/Jul/2022:11:10:29 +0200] "GET /Main/2009 HTTP/1.1" 200 21688 "-" "Mozilla/5.0 (compatible; TMMBot/0.2; +http://www.dslab.ch)/Nutch-1.15"
89.246.241.14 - - [21/Jul/2022:11:10:48 +0200] "GET /Apotheke/POS HTTP/1.1" 200 11138 "-" "Mozilla/5.0 (Windows NT 10.0; Win64; x64; rv:84.0) Gecko/20100101 Firefox/84.0"
194.209.200.2 - - [21/Jul/2022:11:10:58 +0200] "GET /Main/2016 HTTP/1.1" 200 13689 "-" "Mozilla/5.0 (compatible; TMMBot/0.2; +http://www.dslab.ch)/Nutch-1.15"
194.209.200.2 - - [21/Jul/2022:11:11:07 +0200] "GET /Main/2014 HTTP/1.1" 200 19471 "-" "Mozilla/5.0 (compatible; TMMBot/0.2; +http://www.dslab.ch)/Nutch-1.15"
194.209.200.2 - - [21/Jul/2022:11:11:15 +0200] "GET /Main/2012 HTTP/1.1" 200 31941 "-" "Mozilla/5.0 (compatible; TMMBot/0.2; +http://www.dslab.ch)/Nutch-1.15"
194.209.200.2 - - [21/Jul/2022:11:11:22 +0200] "GET /ODDB/IntegrationLookAmpFeelGenerikasuche HTTP/1.1" 200 9097 "-" "Mozilla/5.0 (compatible; TMMBot/0.2; +http://www.dslab.ch)/Nutch-1.15"
194.209.200.2 - - [21/Jul/2022:11:11:24 +0200] "GET /Main/2010 HTTP/1.1" 200 27997 "-" "Mozilla/5.0 (compatible; TMMBot/0.2; +http://www.dslab.ch)/Nutch-1.15"
194.209.200.2 - - [21/Jul/2022:11:11:31 +0200] "GET /Main/ComCo19122016 HTTP/1.1" 200 10547 "-" "Mozilla/5.0 (compatible; TMMBot/0.2; +http://www.dslab.ch)/Nutch-1.15"
194.209.200.2 - - [21/Jul/2022:11:11:32 +0200] "GET /Eggze/SpreadIt HTTP/1.1" 200 12537 "-" "Mozilla/5.0 (compatible; TMMBot/0.2; +http://www.dslab.ch)/Nutch-1.15"
185.191.171.44 - - [21/Jul/2022:11:12:18 +0200] "GET / HTTP/1.1" 200 12074 "-" "Mozilla/5.0 (compatible; SemrushBot/7~bl; +http://www.semrush.com/bot.html)"
89.246.241.14 - - [21/Jul/2022:11:12:19 +0200] "GET /Main/2006?action=upload HTTP/1.1" 200 8737 "-" "Mozilla/5.0 (Windows NT 10.0; Win64; x64; rv:84.0) Gecko/20100101 Firefox/84.0"
89.246.241.14 - - [21/Jul/2022:11:12:53 +0200] "GET /uploads/Main/Deutsche_Pillen_sind_billiger.pdf HTTP/1.1" 200 144061 "-" "Mozilla/5.0 (Windows NT 10.0; Win64; x64; rv:84.0) Gecko/20100101 Firefox/84.0"
31.148.130.233 - - [21/Jul/2022:11:17:21 +0200] "GET /Main/2010 HTTP/1.1" 200 27997 "-" "Mozilla/5.0 (Windows NT 10.0; Win64; x64; rv:102.0) Gecko/20100101 Firefox/102.0"
89.246.241.14 - - [21/Jul/2022:11:17:49 +0200] "GET /Main/NZZ HTTP/1.1" 200 8325 "-" "Mozilla/5.0 (Windows NT 10.0; Win64; x64; rv:84.0) Gecko/20100101 Firefox/84.0"
89.246.241.14 - - [21/Jul/2022:11:19:32 +0200] "GET /Main/2005?action=print HTTP/1.1" 200 58097 "-" "Mozilla/5.0 (Windows NT 10.0; Win64; x64; rv:84.0) Gecko/20100101 Firefox/84.0"
89.246.241.14 - - [21/Jul/2022:11:19:54 +0200] "GET /Ywesee/IGM11 HTTP/1.1" 200 13051 "-" "Mozilla/5.0 (Windows NT 10.0; Win64; x64; rv:84.0) Gecko/20100101 Firefox/84.0"
18.208.152.27 - - [21/Jul/2022:11:19:59 +0200] "GET /Site/AllRecentChanges?action=rss HTTP/1.1" 200 2546 "https://www.google.com/" "Mozilla/5.0 (Macintosh; Intel Mac OS X 10.15; rv:74.0) Gecko/20100101 Firefox/74.0"
185.191.171.44 - - [21/Jul/2022:11:20:00 +0200] "GET /robots.txt HTTP/1.1" 200 - "-" "Mozilla/5.0 (compatible; SemrushBot/7~bl; +http://www.semrush.com/bot.html)"
185.191.171.11 - - [21/Jul/2022:11:20:01 +0200] "GET /AmiKo/Android?action=upload HTTP/1.1" 403 18 "-" "Mozilla/5.0 (compatible; SemrushBot/7~bl; +http://www.semrush.com/bot.html)"
89.246.241.14 - - [21/Jul/2022:11:20:17 +0200] "GET /uploads/Main/Seite_2.pdf HTTP/1.1" 200 1081044 "-" "Mozilla/5.0 (Windows NT 10.0; Win64; x64; rv:84.0) Gecko/20100101 Firefox/84.0"
89.246.241.14 - - [21/Jul/2022:11:21:47 +0200] "GET /Main/2007?action=upload HTTP/1.1" 200 8737 "-" "Mozilla/5.0 (Windows NT 10.0; Win64; x64; rv:84.0) Gecko/20100101 Firefox/84.0"
157.55.39.189 - - [21/Jul/2022:11:33:13 +0200] "GET /uploads/Main/338_Email_an_hans-beat.jenny_9.10.2006.txt HTTP/1.1" 200 2596 "-" "Mozilla/5.0 (compatible; bingbot/2.0; +http://www.bing.com/bingbot.htm)"
192.99.35.94 - - [21/Jul/2022:11:38:48 +0200] "GET /robots.txt HTTP/1.1" 200 - "-" "Mozilla/5.0 (compatible; MJ12bot/v1.4.8; http://mj12bot.com/)"
192.99.35.94 - - [21/Jul/2022:11:38:51 +0200] "GET /Main/2005 HTTP/1.1" 200 63344 "-" "Mozilla/5.0 (compatible; MJ12bot/v1.4.8; http://mj12bot.com/)"
192.99.35.94 - - [21/Jul/2022:11:38:55 +0200] "GET /Main/2006 HTTP/1.1" 200 39320 "-" "Mozilla/5.0 (compatible; MJ12bot/v1.4.8; http://mj12bot.com/)"
192.99.35.94 - - [21/Jul/2022:11:38:59 +0200] "GET /Main/2007 HTTP/1.1" 200 50639 "-" "Mozilla/5.0 (compatible; MJ12bot/v1.4.8; http://mj12bot.com/)"
192.99.35.94 - - [21/Jul/2022:11:39:03 +0200] "GET /Main/2010 HTTP/1.1" 200 27997 "-" "Mozilla/5.0 (compatible; MJ12bot/v1.4.8; http://mj12bot.com/)"
192.99.35.94 - - [21/Jul/2022:11:39:06 +0200] "GET /Main/2011 HTTP/1.1" 200 21451 "-" "Mozilla/5.0 (compatible; MJ12bot/v1.4.8; http://mj12bot.com/)"
192.99.35.94 - - [21/Jul/2022:11:39:10 +0200] "GET /Main/2012 HTTP/1.1" 200 31941 "-" "Mozilla/5.0 (compatible; MJ12bot/v1.4.8; http://mj12bot.com/)"
192.99.35.94 - - [21/Jul/2022:11:39:14 +0200] "GET /Main/2016 HTTP/1.1" 200 13689 "-" "Mozilla/5.0 (compatible; MJ12bot/v1.4.8; http://mj12bot.com/)"
192.99.35.94 - - [21/Jul/2022:11:39:17 +0200] "GET /Main/2017 HTTP/1.1" 200 15840 "-" "Mozilla/5.0 (compatible; MJ12bot/v1.4.8; http://mj12bot.com/)"
192.99.35.94 - - [21/Jul/2022:11:39:22 +0200] "GET /Software/ReplaceYourHDD HTTP/1.1" 200 9604 "-" "Mozilla/5.0 (compatible; MJ12bot/v1.4.8; http://mj12bot.com/)"
192.99.35.94 - - [21/Jul/2022:11:39:27 +0200] "GET /Ywesee/InfoCodex HTTP/1.1" 200 24435 "-" "Mozilla/5.0 (compatible; MJ12bot/v1.4.8; http://mj12bot.com/)"
192.99.35.94 - - [21/Jul/2022:11:39:32 +0200] "GET /pmwiki.php/Software/ReplaceYourHDD HTTP/1.1" 200 9604 "-" "Mozilla/5.0 (compatible; MJ12bot/v1.4.8; http://mj12bot.com/)"
194.209.200.2 - - [21/Jul/2022:11:40:10 +0200] "GET /robots.txt HTTP/1.1" 200 - "-" "Mozilla/5.0 (compatible; TMMBot/0.2; +http://www.dslab.ch)/Nutch-1.15"
194.209.200.2 - - [21/Jul/2022:11:40:10 +0200] "GET /Oddb2xml/Index HTTP/1.1" 200 8983 "-" "Mozilla/5.0 (compatible; TMMBot/0.2; +http://www.dslab.ch)/Nutch-1.15"
194.209.200.2 - - [21/Jul/2022:11:42:35 +0200] "GET /Main/2006 HTTP/1.1" 200 39320 "-" "Mozilla/5.0 (compatible; TMMBot/0.2; +http://www.dslab.ch)/Nutch-1.15"
194.209.200.2 - - [21/Jul/2022:11:42:55 +0200] "GET /Main/2015 HTTP/1.1" 200 15908 "-" "Mozilla/5.0 (compatible; TMMBot/0.2; +http://www.dslab.ch)/Nutch-1.15"
194.209.200.2 - - [21/Jul/2022:11:43:03 +0200] "GET /Main/2013 HTTP/1.1" 200 20487 "-" "Mozilla/5.0 (compatible; TMMBot/0.2; +http://www.dslab.ch)/Nutch-1.15"
107.178.239.217 - - [21/Jul/2022:11:43:17 +0200] "GET / HTTP/1.1" 200 12074 "-" "KOCMOHABT (https://kozmonavt.ml/) Mozilla/5.0 (Web Explorer)"
107.178.239.217 - - [21/Jul/2022:11:43:17 +0200] "GET /robots.txt HTTP/1.1" 200 - "-" "KOCMOHABT (https://kozmonavt.ml/) Mozilla/5.0 (Web Explorer)"
194.209.200.2 - - [21/Jul/2022:11:43:20 +0200] "GET /Ywesee/Kontakt HTTP/1.1" 200 8973 "-" "Mozilla/5.0 (compatible; TMMBot/0.2; +http://www.dslab.ch)/Nutch-1.15"
157.55.39.29 - - [21/Jul/2022:11:43:23 +0200] "GET /Main/SearchWiki?pagename=Main%2FSearchWiki&q= HTTP/1.1" 200 10182 "-" "Mozilla/5.0 (compatible; bingbot/2.0; +http://www.bing.com/bingbot.htm)"
194.209.200.2 - - [21/Jul/2022:11:45:49 +0200] "GET /Ausschreibung/SAI HTTP/1.1" 200 10366 "-" "Mozilla/5.0 (compatible; TMMBot/0.2; +http://www.dslab.ch)/Nutch-1.15"
209.141.41.193 - - [21/Jul/2022:11:45:57 +0200] "GET / HTTP/1.1" 200 12074 "http://www.ywesee.com" "Mozilla/5.0 (Macintosh; Intel Mac OS X 10_15_7) AppleWebKit/537.36 (KHTML, like Gecko) Chrome/96.0.4664.110 Safari/537.36"
209.141.36.231 - - [21/Jul/2022:11:46:21 +0200] "GET / HTTP/1.1" 200 12074 "http://ywesee.com" "Mozilla/5.0 (Macintosh; Intel Mac OS X 10_15_7) AppleWebKit/537.36 (KHTML, like Gecko) Chrome/96.0.4664.110 Safari/537.36"
194.209.200.2 - - [21/Jul/2022:11:46:56 +0200] "GET /Main/2016 HTTP/1.1" 200 13689 "-" "Mozilla/5.0 (compatible; TMMBot/0.2; +http://www.dslab.ch)/Nutch-1.15"
194.209.200.2 - - [21/Jul/2022:11:47:03 +0200] "GET /Main/2014 HTTP/1.1" 200 19471 "-" "Mozilla/5.0 (compatible; TMMBot/0.2; +http://www.dslab.ch)/Nutch-1.15"
194.209.200.2 - - [21/Jul/2022:11:47:12 +0200] "GET /Main/2012 HTTP/1.1" 200 31941 "-" "Mozilla/5.0 (compatible; TMMBot/0.2; +http://www.dslab.ch)/Nutch-1.15"
194.209.200.2 - - [21/Jul/2022:11:47:19 +0200] "GET /ODDB/IntegrationLookAmpFeelGenerikasuche HTTP/1.1" 200 9097 "-" "Mozilla/5.0 (compatible; TMMBot/0.2; +http://www.dslab.ch)/Nutch-1.15"
194.209.200.2 - - [21/Jul/2022:11:47:21 +0200] "GET /Main/2010 HTTP/1.1" 200 27997 "-" "Mozilla/5.0 (compatible; TMMBot/0.2; +http://www.dslab.ch)/Nutch-1.15"
194.209.200.2 - - [21/Jul/2022:11:47:28 +0200] "GET /Main/ComCo19122016 HTTP/1.1" 200 10547 "-" "Mozilla/5.0 (compatible; TMMBot/0.2; +http://www.dslab.ch)/Nutch-1.15"
194.209.200.2 - - [21/Jul/2022:11:47:29 +0200] "GET /Eggze/SpreadIt HTTP/1.1" 200 12537 "-" "Mozilla/5.0 (compatible; TMMBot/0.2; +http://www.dslab.ch)/Nutch-1.15"
62.210.215.119 - - [21/Jul/2022:11:48:29 +0200] "GET /Site/AllRecentChanges?action=rss HTTP/1.1" 200 2546 "-" "Mozilla/5.0 (X11; Linux i686) AppleWebKit/537.36 (KHTML, like Gecko) Chrome/30.0.1599.66 Safari/537.36"
107.178.232.183 - - [21/Jul/2022:11:50:49 +0200] "GET / HTTP/1.1" 200 12074 "-" "KOCMOHABT (https://kozmonavt.ml/) Mozilla/5.0 (Web Explorer)"
54.36.148.225 - - [21/Jul/2022:12:04:05 +0200] "GET /Main/2019 HTTP/1.1" 200 15246 "-" "Mozilla/5.0 (compatible; AhrefsBot/7.0; +http://ahrefs.com/robot/)"
66.249.92.193 - - [21/Jul/2022:12:13:27 +0200] "GET /AmiKo/Privacy HTTP/1.1" 200 8621 "-" "PlayStore-Google"
66.249.92.215 - - [21/Jul/2022:12:13:57 +0200] "GET /AmiKo/Privacy HTTP/1.1" 200 8621 "-" "PlayStore-Google"
194.209.200.2 - - [21/Jul/2022:12:14:55 +0200] "GET /robots.txt HTTP/1.1" 200 - "-" "Mozilla/5.0 (compatible; TMMBot/0.2; +http://www.dslab.ch)/Nutch-1.15"
194.209.200.2 - - [21/Jul/2022:12:14:55 +0200] "GET /AmiKo/Linux HTTP/1.1" 200 9217 "-" "Mozilla/5.0 (compatible; TMMBot/0.2; +http://www.dslab.ch)/Nutch-1.15"
194.209.200.2 - - [21/Jul/2022:12:17:11 +0200] "GET /Main/2006 HTTP/1.1" 200 39320 "-" "Mozilla/5.0 (compatible; TMMBot/0.2; +http://www.dslab.ch)/Nutch-1.15"
194.209.200.2 - - [21/Jul/2022:12:17:33 +0200] "GET /Main/2015 HTTP/1.1" 200 15908 "-" "Mozilla/5.0 (compatible; TMMBot/0.2; +http://www.dslab.ch)/Nutch-1.15"
194.209.200.2 - - [21/Jul/2022:12:17:43 +0200] "GET /Main/2013 HTTP/1.1" 200 20487 "-" "Mozilla/5.0 (compatible; TMMBot/0.2; +http://www.dslab.ch)/Nutch-1.15"
194.209.200.2 - - [21/Jul/2022:12:18:00 +0200] "GET /Ywesee/Kontakt HTTP/1.1" 200 8973 "-" "Mozilla/5.0 (compatible; TMMBot/0.2; +http://www.dslab.ch)/Nutch-1.15"
194.209.200.2 - - [21/Jul/2022:12:19:56 +0200] "GET /Generikacc/App HTTP/1.1" 200 11862 "-" "Mozilla/5.0 (compatible; TMMBot/0.2; +http://www.dslab.ch)/Nutch-1.15"
194.209.200.2 - - [21/Jul/2022:12:21:44 +0200] "GET /Main/2018 HTTP/1.1" 200 15425 "-" "Mozilla/5.0 (compatible; TMMBot/0.2; +http://www.dslab.ch)/Nutch-1.15"
194.209.200.2 - - [21/Jul/2022:12:22:00 +0200] "GET /Main/2014 HTTP/1.1" 200 19471 "-" "Mozilla/5.0 (compatible; TMMBot/0.2; +http://www.dslab.ch)/Nutch-1.15"
194.209.200.2 - - [21/Jul/2022:12:22:08 +0200] "GET /Main/2012 HTTP/1.1" 200 31941 "-" "Mozilla/5.0 (compatible; TMMBot/0.2; +http://www.dslab.ch)/Nutch-1.15"
194.209.200.2 - - [21/Jul/2022:12:22:16 +0200] "GET /ODDB/IntegrationLookAmpFeelGenerikasuche HTTP/1.1" 200 9097 "-" "Mozilla/5.0 (compatible; TMMBot/0.2; +http://www.dslab.ch)/Nutch-1.15"
194.209.200.2 - - [21/Jul/2022:12:22:19 +0200] "GET /Main/2010 HTTP/1.1" 200 27997 "-" "Mozilla/5.0 (compatible; TMMBot/0.2; +http://www.dslab.ch)/Nutch-1.15"
194.209.200.2 - - [21/Jul/2022:12:22:26 +0200] "GET /Main/ComCo19122016 HTTP/1.1" 200 10547 "-" "Mozilla/5.0 (compatible; TMMBot/0.2; +http://www.dslab.ch)/Nutch-1.15"
194.209.200.2 - - [21/Jul/2022:12:22:28 +0200] "GET /Eggze/SpreadIt HTTP/1.1" 200 12537 "-" "Mozilla/5.0 (compatible; TMMBot/0.2; +http://www.dslab.ch)/Nutch-1.15"
66.249.76.91 - - [21/Jul/2022:12:23:36 +0200] "GET /ODDB/OddbDat HTTP/1.1" 200 8661 "-" "Mozilla/5.0 (Linux; Android 6.0.1; Nexus 5X Build/MMB29P) AppleWebKit/537.36 (KHTML, like Gecko) Chrome/103.0.5060.114 Mobile Safari/537.36 (compatible; Googlebot/2.1; +http://www.google.com/bot.html)"
40.77.167.78 - - [21/Jul/2022:12:26:22 +0200] "GET /Main/SearchWiki?pagename=Main%2FSearchWiki&q=2022 HTTP/1.1" 200 10748 "-" "Mozilla/5.0 (compatible; bingbot/2.0; +http://www.bing.com/bingbot.htm)"
54.36.149.6 - - [21/Jul/2022:12:39:22 +0200] "GET /CoMed/ASPP HTTP/1.1" 200 13118 "-" "Mozilla/5.0 (compatible; AhrefsBot/7.0; +http://ahrefs.com/robot/)"
157.55.39.189 - - [21/Jul/2022:12:48:18 +0200] "GET /oddb2xml/index HTTP/1.1" 404 273 "-" "Mozilla/5.0 (compatible; bingbot/2.0; +http://www.bing.com/bingbot.htm)"
66.249.76.89 - - [21/Jul/2022:12:49:38 +0200] "GET /Ywesee/Kontakt HTTP/1.1" 200 8973 "-" "Mozilla/5.0 (Linux; Android 6.0.1; Nexus 5X Build/MMB29P) AppleWebKit/537.36 (KHTML, like Gecko) Chrome/103.0.5060.114 Mobile Safari/537.36 (compatible; Googlebot/2.1; +http://www.google.com/bot.html)"
185.191.171.43 - - [21/Jul/2022:12:50:00 +0200] "GET /robots.txt HTTP/1.1" 200 - "-" "Mozilla/5.0 (compatible; SemrushBot/7~bl; +http://www.semrush.com/bot.html)"
185.191.171.9 - - [21/Jul/2022:12:50:00 +0200] "GET /OSX/CoMed?action=edit HTTP/1.1" 403 18 "-" "Mozilla/5.0 (compatible; SemrushBot/7~bl; +http://www.semrush.com/bot.html)"
194.209.200.2 - - [21/Jul/2022:12:50:17 +0200] "GET /robots.txt HTTP/1.1" 200 - "-" "Mozilla/5.0 (compatible; TMMBot/0.2; +http://www.dslab.ch)/Nutch-1.15"
194.209.200.2 - - [21/Jul/2022:12:50:17 +0200] "GET /Oddb2xml/Index HTTP/1.1" 200 8983 "-" "Mozilla/5.0 (compatible; TMMBot/0.2; +http://www.dslab.ch)/Nutch-1.15"
194.209.200.2 - - [21/Jul/2022:12:52:40 +0200] "GET /Main/2006 HTTP/1.1" 200 39320 "-" "Mozilla/5.0 (compatible; TMMBot/0.2; +http://www.dslab.ch)/Nutch-1.15"
194.209.200.2 - - [21/Jul/2022:12:53:00 +0200] "GET /Main/2015 HTTP/1.1" 200 15908 "-" "Mozilla/5.0 (compatible; TMMBot/0.2; +http://www.dslab.ch)/Nutch-1.15"
194.209.200.2 - - [21/Jul/2022:12:53:09 +0200] "GET /Main/2013 HTTP/1.1" 200 20487 "-" "Mozilla/5.0 (compatible; TMMBot/0.2; +http://www.dslab.ch)/Nutch-1.15"
194.209.200.2 - - [21/Jul/2022:12:53:18 +0200] "GET /AmiKo/IOS HTTP/1.1" 200 11930 "-" "Mozilla/5.0 (compatible; TMMBot/0.2; +http://www.dslab.ch)/Nutch-1.15"
194.209.200.2 - - [21/Jul/2022:12:53:24 +0200] "GET /Ywesee/Kontakt HTTP/1.1" 200 8973 "-" "Mozilla/5.0 (compatible; TMMBot/0.2; +http://www.dslab.ch)/Nutch-1.15"
157.55.39.189 - - [21/Jul/2022:12:54:17 +0200] "GET / HTTP/1.1" 200 12074 "-" "Mozilla/5.0 (compatible; bingbot/2.0; +http://www.bing.com/bingbot.htm)"
194.209.200.2 - - [21/Jul/2022:12:55:23 +0200] "GET /Software/ODDB HTTP/1.1" 200 10298 "-" "Mozilla/5.0 (compatible; TMMBot/0.2; +http://www.dslab.ch)/Nutch-1.15"
89.246.241.14 - - [21/Jul/2022:12:55:33 +0200] "GET /MEDIupdateXML/Aerzte?action=print HTTP/1.1" 200 3025 "-" "Mozilla/5.0 (Windows NT 10.0; Win64; x64; rv:84.0) Gecko/20100101 Firefox/84.0"
194.209.200.2 - - [21/Jul/2022:12:56:44 +0200] "GET /Main/2007 HTTP/1.1" 200 50639 "-" "Mozilla/5.0 (compatible; TMMBot/0.2; +http://www.dslab.ch)/Nutch-1.15"
194.209.200.2 - - [21/Jul/2022:12:57:01 +0200] "GET /Main/2016 HTTP/1.1" 200 13689 "-" "Mozilla/5.0 (compatible; TMMBot/0.2; +http://www.dslab.ch)/Nutch-1.15"
194.209.200.2 - - [21/Jul/2022:12:57:09 +0200] "GET /Main/2014 HTTP/1.1" 200 19471 "-" "Mozilla/5.0 (compatible; TMMBot/0.2; +http://www.dslab.ch)/Nutch-1.15"
194.209.200.2 - - [21/Jul/2022:12:57:16 +0200] "GET /Main/2012 HTTP/1.1" 200 31941 "-" "Mozilla/5.0 (compatible; TMMBot/0.2; +http://www.dslab.ch)/Nutch-1.15"
194.209.200.2 - - [21/Jul/2022:12:57:23 +0200] "GET /ODDB/IntegrationLookAmpFeelGenerikasuche HTTP/1.1" 200 9097 "-" "Mozilla/5.0 (compatible; TMMBot/0.2; +http://www.dslab.ch)/Nutch-1.15"
194.209.200.2 - - [21/Jul/2022:12:57:25 +0200] "GET /Main/2010 HTTP/1.1" 200 27997 "-" "Mozilla/5.0 (compatible; TMMBot/0.2; +http://www.dslab.ch)/Nutch-1.15"
194.209.200.2 - - [21/Jul/2022:12:57:31 +0200] "GET /Main/ComCo19122016 HTTP/1.1" 200 10547 "-" "Mozilla/5.0 (compatible; TMMBot/0.2; +http://www.dslab.ch)/Nutch-1.15"
194.209.200.2 - - [21/Jul/2022:12:57:33 +0200] "GET /Eggze/SpreadIt HTTP/1.1" 200 12537 "-" "Mozilla/5.0 (compatible; TMMBot/0.2; +http://www.dslab.ch)/Nutch-1.15"
185.191.171.19 - - [21/Jul/2022:12:57:42 +0200] "GET /Software/XMLConv HTTP/1.1" 200 8709 "-" "Mozilla/5.0 (compatible; SemrushBot/7~bl; +http://www.semrush.com/bot.html)"
147.78.47.233 - - [21/Jul/2022:13:00:17 +0200] "GET / HTTP/1.1" 200 12074 "http://www.ywesee.ch/" "Mozilla/5.0 (Windows NT 10.0; Win64; x64) AppleWebKit/536.36 (KHTML, like Gecko) Chrome/64.0.3282.140 Safari/537.36 Edge/18.17763"
147.78.47.233 - - [21/Jul/2022:13:00:17 +0200] "GET / HTTP/1.1" 200 12074 "http://www.ywesee.com/" "Mozilla/5.0 (Windows NT 10.0; Win64; x64) AppleWebKit/536.36 (KHTML, like Gecko) Chrome/64.0.3282.140 Safari/537.36 Edge/18.17763"
147.78.47.233 - - [21/Jul/2022:13:00:20 +0200] "GET / HTTP/1.1" 200 12074 "http://www.ywesee.com/" "Mozilla/5.0 (Windows NT 10.0; Win64; x64) AppleWebKit/536.36 (KHTML, like Gecko) Chrome/64.0.3282.140 Safari/537.36 Edge/18.17763"
147.78.47.233 - - [21/Jul/2022:13:00:20 +0200] "GET / HTTP/1.1" 200 12074 "http://www.ywesee.ch/" "Mozilla/5.0 (Windows NT 10.0; Win64; x64) AppleWebKit/536.36 (KHTML, like Gecko) Chrome/64.0.3282.140 Safari/537.36 Edge/18.17763"
147.78.47.233 - - [21/Jul/2022:13:00:22 +0200] "GET / HTTP/1.1" 200 12074 "http://www.ywesee.com/" "Mozilla/5.0 (Windows NT 10.0; Win64; x64) AppleWebKit/536.36 (KHTML, like Gecko) Chrome/64.0.3282.140 Safari/537.36 Edge/18.17763"
147.78.47.233 - - [21/Jul/2022:13:00:22 +0200] "GET / HTTP/1.1" 200 12074 "http://www.ywesee.ch/" "Mozilla/5.0 (Windows NT 10.0; Win64; x64) AppleWebKit/536.36 (KHTML, like Gecko) Chrome/64.0.3282.140 Safari/537.36 Edge/18.17763"
147.78.47.233 - - [21/Jul/2022:13:00:22 +0200] "GET / HTTP/1.1" 200 12074 "http://www.ywesee.ch/" "Mozilla/5.0 (Windows NT 10.0; Win64; x64) AppleWebKit/536.36 (KHTML, like Gecko) Chrome/64.0.3282.140 Safari/537.36 Edge/18.17763"
147.78.47.233 - - [21/Jul/2022:13:00:22 +0200] "GET / HTTP/1.1" 200 12074 "http://www.ywesee.com/" "Mozilla/5.0 (Windows NT 10.0; Win64; x64) AppleWebKit/536.36 (KHTML, like Gecko) Chrome/64.0.3282.140 Safari/537.36 Edge/18.17763"
54.36.149.57 - - [21/Jul/2022:13:01:35 +0200] "GET /Main/EANCode HTTP/1.1" 200 9821 "-" "Mozilla/5.0 (compatible; AhrefsBot/7.0; +http://ahrefs.com/robot/)"
77.75.76.166 - - [21/Jul/2022:13:10:37 +0200] "GET /robots.txt HTTP/1.1" 200 - "-" "Mozilla/5.0 (compatible; SeznamBot/3.2; +http://napoveda.seznam.cz/en/seznambot-intro/)"
77.75.76.166 - - [21/Jul/2022:13:10:38 +0200] "GET /ODDB/ODDBxml HTTP/1.1" 200 8728 "-" "Mozilla/5.0 (compatible; SeznamBot/3.2; +http://napoveda.seznam.cz/en/seznambot-intro/)"
77.75.76.166 - - [21/Jul/2022:13:10:38 +0200] "GET /Miele/Index HTTP/1.1" 200 8591 "-" "Mozilla/5.0 (compatible; SeznamBot/3.2; +http://napoveda.seznam.cz/en/seznambot-intro/)"
184.73.102.161 - - [21/Jul/2022:13:13:03 +0200] "GET /robots.txt HTTP/1.1" 200 - "-" "MauiBot (crawler.feedback+gamma@gmail.com)"
157.55.39.189 - - [21/Jul/2022:13:15:04 +0200] "GET /uploads/AmiKo/Rezept_in_Rezeptmodus_reinziehen.png HTTP/1.1" 200 737727 "-" "Mozilla/5.0 (compatible; bingbot/2.0; +http://www.bing.com/bingbot.htm)"
194.209.200.2 - - [21/Jul/2022:13:27:29 +0200] "GET /robots.txt HTTP/1.1" 200 - "-" "Mozilla/5.0 (compatible; TMMBot/0.2; +http://www.dslab.ch)/Nutch-1.15"
194.209.200.2 - - [21/Jul/2022:13:27:29 +0200] "GET /Oddb2xml/Index HTTP/1.1" 200 8983 "-" "Mozilla/5.0 (compatible; TMMBot/0.2; +http://www.dslab.ch)/Nutch-1.15"
185.191.171.43 - - [21/Jul/2022:13:29:04 +0200] "GET /Emediat/Swissindex?action=print HTTP/1.1" 403 18 "-" "Mozilla/5.0 (compatible; SemrushBot/7~bl; +http://www.semrush.com/bot.html)"
194.209.200.2 - - [21/Jul/2022:13:29:48 +0200] "GET /Main/2006 HTTP/1.1" 200 39320 "-" "Mozilla/5.0 (compatible; TMMBot/0.2; +http://www.dslab.ch)/Nutch-1.15"
194.209.200.2 - - [21/Jul/2022:13:30:10 +0200] "GET /Main/2015 HTTP/1.1" 200 15908 "-" "Mozilla/5.0 (compatible; TMMBot/0.2; +http://www.dslab.ch)/Nutch-1.15"
194.209.200.2 - - [21/Jul/2022:13:30:20 +0200] "GET /Main/2013 HTTP/1.1" 200 20487 "-" "Mozilla/5.0 (compatible; TMMBot/0.2; +http://www.dslab.ch)/Nutch-1.15"
194.209.200.2 - - [21/Jul/2022:13:30:29 +0200] "GET /AmiKo/IOS HTTP/1.1" 200 11930 "-" "Mozilla/5.0 (compatible; TMMBot/0.2; +http://www.dslab.ch)/Nutch-1.15"
194.209.200.2 - - [21/Jul/2022:13:30:35 +0200] "GET /Ywesee/Kontakt HTTP/1.1" 200 8973 "-" "Mozilla/5.0 (compatible; TMMBot/0.2; +http://www.dslab.ch)/Nutch-1.15"
61.135.159.160 - - [21/Jul/2022:13:32:02 +0200] "GET / HTTP/1.1" 200 12074 "-" "Sogou web spider/4.0(+http://www.sogou.com/docs/help/webmasters.htm#07)"
194.209.200.2 - - [21/Jul/2022:13:32:34 +0200] "GET /Software/ODDB HTTP/1.1" 200 10298 "-" "Mozilla/5.0 (compatible; TMMBot/0.2; +http://www.dslab.ch)/Nutch-1.15"
194.209.200.2 - - [21/Jul/2022:13:34:12 +0200] "GET /Main/2016 HTTP/1.1" 200 13689 "-" "Mozilla/5.0 (compatible; TMMBot/0.2; +http://www.dslab.ch)/Nutch-1.15"
194.209.200.2 - - [21/Jul/2022:13:34:20 +0200] "GET /Main/2014 HTTP/1.1" 200 19471 "-" "Mozilla/5.0 (compatible; TMMBot/0.2; +http://www.dslab.ch)/Nutch-1.15"
194.209.200.2 - - [21/Jul/2022:13:34:27 +0200] "GET /Main/2012 HTTP/1.1" 200 31941 "-" "Mozilla/5.0 (compatible; TMMBot/0.2; +http://www.dslab.ch)/Nutch-1.15"
194.209.200.2 - - [21/Jul/2022:13:34:34 +0200] "GET /ODDB/IntegrationLookAmpFeelGenerikasuche HTTP/1.1" 200 9097 "-" "Mozilla/5.0 (compatible; TMMBot/0.2; +http://www.dslab.ch)/Nutch-1.15"
194.209.200.2 - - [21/Jul/2022:13:34:36 +0200] "GET /Main/2010 HTTP/1.1" 200 27997 "-" "Mozilla/5.0 (compatible; TMMBot/0.2; +http://www.dslab.ch)/Nutch-1.15"
194.209.200.2 - - [21/Jul/2022:13:34:42 +0200] "GET /Main/ComCo19122016 HTTP/1.1" 200 10547 "-" "Mozilla/5.0 (compatible; TMMBot/0.2; +http://www.dslab.ch)/Nutch-1.15"
194.209.200.2 - - [21/Jul/2022:13:34:43 +0200] "GET /Eggze/SpreadIt HTTP/1.1" 200 12537 "-" "Mozilla/5.0 (compatible; TMMBot/0.2; +http://www.dslab.ch)/Nutch-1.15"
66.249.76.89 - - [21/Jul/2022:13:38:02 +0200] "GET / HTTP/1.1" 200 12074 "-" "Mozilla/5.0 (compatible; Googlebot/2.1; +http://www.google.com/bot.html)"
66.249.76.87 - - [21/Jul/2022:13:43:19 +0200] "GET /generikacc/privacy HTTP/1.1" 404 281 "-" "Mozilla/5.0 (compatible; Googlebot/2.1; +http://www.google.com/bot.html)"
96.126.109.167 - - [21/Jul/2022:13:44:26 +0200] "GET / HTTP/1.1" 200 12074 "-" "python-requests/2.26.0"
96.126.109.167 - - [21/Jul/2022:13:44:27 +0200] "GET / HTTP/1.1" 200 12074 "-" "Mozilla/5.0 (X11; Linux x86_64) AppleWebKit/537.36 (KHTML, like Gecko) HeadlessChrome/96.0.4664.45 Safari/537.36"
96.126.109.167 - - [21/Jul/2022:13:44:28 +0200] "GET /uploads/Main/yweseelogo.gif HTTP/1.1" 200 2982 "https://ywesee.com/" "Mozilla/5.0 (X11; Linux x86_64) AppleWebKit/537.36 (KHTML, like Gecko) HeadlessChrome/96.0.4664.45 Safari/537.36"
96.126.109.167 - - [21/Jul/2022:13:44:28 +0200] "GET /pub/skins/ywesee/gila.css HTTP/1.1" 200 8276 "https://ywesee.com/" "Mozilla/5.0 (X11; Linux x86_64) AppleWebKit/537.36 (KHTML, like Gecko) HeadlessChrome/96.0.4664.45 Safari/537.36"
207.46.13.95 - - [21/Jul/2022:13:47:38 +0200] "GET /uploads/Main/ywesee_Strathclyde_Individual_New_Venture_Creation_Assignment_Final_by_Yuka_Davatz.pdf HTTP/1.1" 304 - "-" "Mozilla/5.0 (compatible; bingbot/2.0; +http://www.bing.com/bingbot.htm)"
66.249.76.227 - - [21/Jul/2022:13:58:05 +0200] "GET /amiko/privacy HTTP/1.1" 404 272 "-" "Mozilla/5.0 (compatible; Googlebot/2.1; +http://www.google.com/bot.html)"
194.209.200.2 - - [21/Jul/2022:14:01:31 +0200] "GET /robots.txt HTTP/1.1" 200 - "-" "Mozilla/5.0 (compatible; TMMBot/0.2; +http://www.dslab.ch)/Nutch-1.15"
194.209.200.2 - - [21/Jul/2022:14:01:31 +0200] "GET /Oddb2xml/Index HTTP/1.1" 200 8983 "-" "Mozilla/5.0 (compatible; TMMBot/0.2; +http://www.dslab.ch)/Nutch-1.15"
66.249.76.91 - - [21/Jul/2022:14:03:42 +0200] "GET /amiko/privacy HTTP/1.1" 404 276 "-" "Mozilla/5.0 (compatible; Googlebot/2.1; +http://www.google.com/bot.html)"
194.209.200.2 - - [21/Jul/2022:14:04:01 +0200] "GET /Main/2006 HTTP/1.1" 200 39320 "-" "Mozilla/5.0 (compatible; TMMBot/0.2; +http://www.dslab.ch)/Nutch-1.15"
194.209.200.2 - - [21/Jul/2022:14:04:24 +0200] "GET /Main/2015 HTTP/1.1" 200 15908 "-" "Mozilla/5.0 (compatible; TMMBot/0.2; +http://www.dslab.ch)/Nutch-1.15"
194.209.200.2 - - [21/Jul/2022:14:04:35 +0200] "GET /Main/2013 HTTP/1.1" 200 20487 "-" "Mozilla/5.0 (compatible; TMMBot/0.2; +http://www.dslab.ch)/Nutch-1.15"
194.209.200.2 - - [21/Jul/2022:14:04:45 +0200] "GET /AmiKo/IOS HTTP/1.1" 200 11930 "-" "Mozilla/5.0 (compatible; TMMBot/0.2; +http://www.dslab.ch)/Nutch-1.15"
194.209.200.2 - - [21/Jul/2022:14:04:53 +0200] "GET /Ywesee/Kontakt HTTP/1.1" 200 8973 "-" "Mozilla/5.0 (compatible; TMMBot/0.2; +http://www.dslab.ch)/Nutch-1.15"
194.209.200.2 - - [21/Jul/2022:14:07:00 +0200] "GET /Software/ODDB HTTP/1.1" 200 10298 "-" "Mozilla/5.0 (compatible; TMMBot/0.2; +http://www.dslab.ch)/Nutch-1.15"
194.209.200.2 - - [21/Jul/2022:14:08:38 +0200] "GET /Main/2016 HTTP/1.1" 200 13689 "-" "Mozilla/5.0 (compatible; TMMBot/0.2; +http://www.dslab.ch)/Nutch-1.15"
194.209.200.2 - - [21/Jul/2022:14:08:45 +0200] "GET /Main/2014 HTTP/1.1" 200 19471 "-" "Mozilla/5.0 (compatible; TMMBot/0.2; +http://www.dslab.ch)/Nutch-1.15"
194.209.200.2 - - [21/Jul/2022:14:09:00 +0200] "GET /ODDB/IntegrationLookAmpFeelGenerikasuche HTTP/1.1" 200 9097 "-" "Mozilla/5.0 (compatible; TMMBot/0.2; +http://www.dslab.ch)/Nutch-1.15"
194.209.200.2 - - [21/Jul/2022:14:09:02 +0200] "GET /Main/2010 HTTP/1.1" 200 27997 "-" "Mozilla/5.0 (compatible; TMMBot/0.2; +http://www.dslab.ch)/Nutch-1.15"
194.209.200.2 - - [21/Jul/2022:14:09:09 +0200] "GET /Main/ComCo19122016 HTTP/1.1" 200 10547 "-" "Mozilla/5.0 (compatible; TMMBot/0.2; +http://www.dslab.ch)/Nutch-1.15"
194.209.200.2 - - [21/Jul/2022:14:09:10 +0200] "GET /Eggze/SpreadIt HTTP/1.1" 200 12537 "-" "Mozilla/5.0 (compatible; TMMBot/0.2; +http://www.dslab.ch)/Nutch-1.15"
108.59.8.70 - - [21/Jul/2022:14:16:25 +0200] "GET /robots.txt HTTP/1.1" 200 - "-" "Mozilla/5.0 (compatible; MJ12bot/v1.4.8; http://mj12bot.com/)"
108.59.8.70 - - [21/Jul/2022:14:16:27 +0200] "GET / HTTP/1.1" 200 12074 "-" "Mozilla/5.0 (compatible; MJ12bot/v1.4.8; http://mj12bot.com/)"
108.59.8.70 - - [21/Jul/2022:14:16:32 +0200] "GET / HTTP/1.1" 200 12074 "-" "Mozilla/5.0 (compatible; MJ12bot/v1.4.8; http://mj12bot.com/)"
94.74.127.96 - - [21/Jul/2022:14:18:37 +0200] "GET / HTTP/1.1" 200 12074 "-" "Mozilla/5.0 (Windows NT 10.0; WOW64) AppleWebKit/537.36 (KHTML, like Gecko) Chrome/63.0.3239.132 Safari/537.36"
66.249.92.142 - - [21/Jul/2022:14:23:31 +0200] "GET /Generikacc/Privacy HTTP/1.1" 200 8615 "-" "PlayStore-Google"
185.191.171.43 - - [21/Jul/2022:14:24:11 +0200] "GET /robots.txt HTTP/1.1" 200 - "-" "Mozilla/5.0 (compatible; SemrushBot/7~bl; +http://www.semrush.com/bot.html)"
185.191.171.10 - - [21/Jul/2022:14:24:12 +0200] "GET /Ywesee/SBSM?action=edit HTTP/1.1" 403 18 "-" "Mozilla/5.0 (compatible; SemrushBot/7~bl; +http://www.semrush.com/bot.html)"
66.249.66.141 - - [21/Jul/2022:14:25:35 +0200] "GET /amiko/privacy HTTP/1.1" 404 276 "-" "Mozilla/5.0 (compatible; Googlebot/2.1; +http://www.google.com/bot.html)"
77.75.78.163 - - [21/Jul/2022:14:26:14 +0200] "GET /robots.txt HTTP/1.1" 200 - "-" "Mozilla/5.0 (compatible; SeznamBot/3.2; +http://napoveda.seznam.cz/en/seznambot-intro/)"
77.75.78.163 - - [21/Jul/2022:14:26:14 +0200] "GET /Epha/PhilipHansten HTTP/1.1" 200 11440 "-" "Mozilla/5.0 (compatible; SeznamBot/3.2; +http://napoveda.seznam.cz/en/seznambot-intro/)"
77.75.78.163 - - [21/Jul/2022:14:26:15 +0200] "GET /ODDB/OddbDat HTTP/1.1" 200 8661 "-" "Mozilla/5.0 (compatible; SeznamBot/3.2; +http://napoveda.seznam.cz/en/seznambot-intro/)"
3.91.231.246 - - [21/Jul/2022:14:29:17 +0200] "GET /robots.txt HTTP/1.0" 200 - "-" "Mozilla/5.0 (Windows; U; Windows NT 5.1; en-US; rv:1.9a1) Gecko/20060725 Minefield/3.0a1"
3.91.231.246 - - [21/Jul/2022:14:29:18 +0200] "GET / HTTP/1.0" 200 12074 "-" "Mozilla/5.0 (Windows; U; Windows NT 5.1; en-US; rv:1.8.0.2) Gecko/20060419 Firefox/1.5.0.2"
194.209.200.2 - - [21/Jul/2022:14:37:06 +0200] "GET /robots.txt HTTP/1.1" 200 - "-" "Mozilla/5.0 (compatible; TMMBot/0.2; +http://www.dslab.ch)/Nutch-1.15"
194.209.200.2 - - [21/Jul/2022:14:37:06 +0200] "GET /Oddb2xml/Index HTTP/1.1" 200 8983 "-" "Mozilla/5.0 (compatible; TMMBot/0.2; +http://www.dslab.ch)/Nutch-1.15"
118.184.177.78 - - [21/Jul/2022:14:37:10 +0200] "GET / HTTP/1.1" 200 12074 "-" "Sogou web spider/4.0(+http://www.sogou.com/docs/help/webmasters.htm#07)"
194.209.200.2 - - [21/Jul/2022:14:37:22 +0200] "GET /AmiKo/Linux HTTP/1.1" 200 9217 "-" "Mozilla/5.0 (compatible; TMMBot/0.2; +http://www.dslab.ch)/Nutch-1.15"
194.209.200.2 - - [21/Jul/2022:14:39:23 +0200] "GET /Main/2006 HTTP/1.1" 200 39320 "-" "Mozilla/5.0 (compatible; TMMBot/0.2; +http://www.dslab.ch)/Nutch-1.15"
194.209.200.2 - - [21/Jul/2022:14:39:55 +0200] "GET /Main/2013 HTTP/1.1" 200 20487 "-" "Mozilla/5.0 (compatible; TMMBot/0.2; +http://www.dslab.ch)/Nutch-1.15"
194.209.200.2 - - [21/Jul/2022:14:40:03 +0200] "GET /Main/2011 HTTP/1.1" 200 21451 "-" "Mozilla/5.0 (compatible; TMMBot/0.2; +http://www.dslab.ch)/Nutch-1.15"
194.209.200.2 - - [21/Jul/2022:14:40:11 +0200] "GET /Ywesee/Kontakt HTTP/1.1" 200 8973 "-" "Mozilla/5.0 (compatible; TMMBot/0.2; +http://www.dslab.ch)/Nutch-1.15"
194.209.200.2 - - [21/Jul/2022:14:41:56 +0200] "GET /Generikacc/App HTTP/1.1" 200 11862 "-" "Mozilla/5.0 (compatible; TMMBot/0.2; +http://www.dslab.ch)/Nutch-1.15"
54.149.60.178 - - [21/Jul/2022:14:42:35 +0200] "GET / HTTP/1.1" 200 12074 "-" "Mozilla/5.0 (X11; Linux x86_64) AppleWebKit/537.36 (KHTML, like Gecko) Chrome/83.0.4103.97 Safari/537.36"
35.91.45.29 - - [21/Jul/2022:14:42:55 +0200] "GET / HTTP/1.1" 200 12074 "http://ywesee.ch" "Mozilla/5.0 (X11; Linux x86_64) AppleWebKit/537.36 (KHTML, like Gecko) Chrome/83.0.4103.97 Safari/537.36"
194.209.200.2 - - [21/Jul/2022:14:43:20 +0200] "GET /Main/2007 HTTP/1.1" 200 50639 "-" "Mozilla/5.0 (compatible; TMMBot/0.2; +http://www.dslab.ch)/Nutch-1.15"
194.209.200.2 - - [21/Jul/2022:14:43:38 +0200] "GET /Main/2016 HTTP/1.1" 200 13689 "-" "Mozilla/5.0 (compatible; TMMBot/0.2; +http://www.dslab.ch)/Nutch-1.15"
