193.247.208.98 - - [11/Sep/2022:00:00:07 +0200] "HEAD / HTTP/1.1" 200 - "https://www.hin.ch" "Mozilla/5.0 (Windows NT 10.0; Win64; x64) AppleWebKit/537.36 (KHTML, like Gecko) Chrome/70.0.3538.102 Safari/537.36"
20.38.39.58 - - [11/Sep/2022:00:06:08 +0200] "GET / HTTP/1.1" 200 12862 "http://ywesee.com/" "Go-http-client/1.1"
20.38.39.58 - - [11/Sep/2022:00:06:08 +0200] "GET /wp-includes/css/buttons.css HTTP/1.1" 404 286 "http://ywesee.com/wp-includes/css/buttons.css" "Go-http-client/1.1"
20.38.39.58 - - [11/Sep/2022:00:06:09 +0200] "GET /media/system/js/core.js HTTP/1.1" 404 282 "http://ywesee.com/media/system/js/core.js" "Go-http-client/1.1"
66.102.6.4 - - [11/Sep/2022:00:10:04 +0200] "HEAD /pmwiki.php/Site/AllRecentChanges?action=rss HTTP/1.1" 200 - "-" "FeedBurner/1.0 (http://www.FeedBurner.com)"
66.102.6.8 - - [11/Sep/2022:00:10:05 +0200] "GET /pmwiki.php/Site/AllRecentChanges?action=rss HTTP/1.1" 200 2546 "-" "FeedBurner/1.0 (http://www.FeedBurner.com)"
64.71.157.110 - - [11/Sep/2022:00:15:58 +0200] "GET /pmwiki.php/Site/AllRecentChanges?action=rss HTTP/1.1" 200 2546 "-" "Feedbin feed-id:590358 - 1 subscribers"
194.209.200.2 - - [11/Sep/2022:00:19:29 +0200] "GET /robots.txt HTTP/1.1" 200 - "-" "Mozilla/5.0 (compatible; TMMBot/0.2; +http://www.dslab.ch)/Nutch-1.15"
194.209.200.2 - - [11/Sep/2022:00:19:29 +0200] "GET /AmiKo/Linux HTTP/1.1" 200 9217 "-" "Mozilla/5.0 (compatible; TMMBot/0.2; +http://www.dslab.ch)/Nutch-1.15"
194.209.200.2 - - [11/Sep/2022:00:22:02 +0200] "GET /Main/2015 HTTP/1.1" 200 15908 "-" "Mozilla/5.0 (compatible; TMMBot/0.2; +http://www.dslab.ch)/Nutch-1.15"
194.209.200.2 - - [11/Sep/2022:00:22:11 +0200] "GET /Main/2013 HTTP/1.1" 200 20487 "-" "Mozilla/5.0 (compatible; TMMBot/0.2; +http://www.dslab.ch)/Nutch-1.15"
124.221.186.82 - - [11/Sep/2022:00:22:19 +0200] "GET / HTTP/1.1" 200 12862 "http://ywesee.com" "Mozilla/5.0 (Linux; Android 6.0; Nexus 5 Build/MRA58N) AppleWebKit/537.36 (KHTML, like Gecko) Chrome/81.0.4044.138 Mobile Safari/537.36"
194.209.200.2 - - [11/Sep/2022:00:23:03 +0200] "GET /AmiKo/OSX HTTP/1.1" 200 9772 "-" "Mozilla/5.0 (compatible; TMMBot/0.2; +http://www.dslab.ch)/Nutch-1.15"
207.46.13.237 - - [11/Sep/2022:00:23:15 +0200] "GET /robots.txt HTTP/1.1" 200 - "-" "Mozilla/5.0 (compatible; bingbot/2.0; +http://www.bing.com/bingbot.htm)"
194.209.200.2 - - [11/Sep/2022:00:23:44 +0200] "GET /robots.txt HTTP/1.1" 200 - "-" "Mozilla/5.0 (compatible; TMMBot/0.2; +http://www.dslab.ch)/Nutch-1.15"
194.209.200.2 - - [11/Sep/2022:00:24:25 +0200] "GET /Generikacc/App HTTP/1.1" 200 11862 "-" "Mozilla/5.0 (compatible; TMMBot/0.2; +http://www.dslab.ch)/Nutch-1.15"
194.209.200.2 - - [11/Sep/2022:00:25:12 +0200] "GET /Ywesee/OpenSource HTTP/1.1" 200 10790 "-" "Mozilla/5.0 (compatible; TMMBot/0.2; +http://www.dslab.ch)/Nutch-1.15"
35.91.204.226 - - [11/Sep/2022:00:25:35 +0200] "GET / HTTP/1.1" 200 12862 "-" "Mozilla/5.0 (X11; Linux x86_64) AppleWebKit/537.36 (KHTML, like Gecko) Chrome/83.0.4103.97 Safari/537.36"
92.204.134.137 - - [11/Sep/2022:00:25:39 +0200] "GET / HTTP/1.1" 200 12862 "http://ywesee.org/" "Mozilla/5.0 (Windows NT 10.0; Win64; x64; rv:104.0) Gecko/20100101 Firefox/104.0"
194.209.200.2 - - [11/Sep/2022:00:26:36 +0200] "GET /ODDB/IntegrationLookAmpFeelGenerikasuche HTTP/1.1" 200 9097 "-" "Mozilla/5.0 (compatible; TMMBot/0.2; +http://www.dslab.ch)/Nutch-1.15"
194.209.200.2 - - [11/Sep/2022:00:26:44 +0200] "GET /Main/ComCo19122016 HTTP/1.1" 200 10547 "-" "Mozilla/5.0 (compatible; TMMBot/0.2; +http://www.dslab.ch)/Nutch-1.15"
81.17.57.144 - - [11/Sep/2022:00:29:36 +0200] "GET /robots.txt HTTP/1.1" 200 - "-" "Mozilla/5.0 (compatible; MJ12bot/v1.4.8; http://mj12bot.com/)"
35.164.182.176 - - [11/Sep/2022:00:29:42 +0200] "GET / HTTP/1.1" 200 12862 "-" "Mozilla/5.0 (X11; Linux x86_64) AppleWebKit/537.36 (KHTML, like Gecko) Chrome/83.0.4103.97 Safari/537.36"
81.17.57.144 - - [11/Sep/2022:00:29:42 +0200] "GET / HTTP/1.1" 200 12862 "-" "Mozilla/5.0 (compatible; MJ12bot/v1.4.8; http://mj12bot.com/)"
34.220.2.69 - - [11/Sep/2022:00:30:19 +0200] "GET / HTTP/1.1" 200 12862 "http://ywesee.net" "Mozilla/5.0 (X11; Linux x86_64) AppleWebKit/537.36 (KHTML, like Gecko) Chrome/83.0.4103.97 Safari/537.36"
185.191.171.38 - - [11/Sep/2022:00:41:24 +0200] "GET /robots.txt HTTP/1.1" 200 - "-" "Mozilla/5.0 (compatible; SemrushBot/7~bl; +http://www.semrush.com/bot.html)"
185.191.171.36 - - [11/Sep/2022:00:41:25 +0200] "GET /Ywesee/KurzFachinfo HTTP/1.1" 200 8845 "-" "Mozilla/5.0 (compatible; SemrushBot/7~bl; +http://www.semrush.com/bot.html)"
66.249.76.215 - - [11/Sep/2022:00:46:51 +0200] "GET /Main/2020?action=diff HTTP/1.1" 403 18 "-" "Mozilla/5.0 (Linux; Android 6.0.1; Nexus 5X Build/MMB29P) AppleWebKit/537.36 (KHTML, like Gecko) Chrome/104.0.5112.101 Mobile Safari/537.36 (compatible; Googlebot/2.1; +http://www.google.com/bot.html)"
185.191.171.18 - - [11/Sep/2022:00:47:26 +0200] "GET /Main/SearchWiki?action=print HTTP/1.1" 403 18 "-" "Mozilla/5.0 (compatible; SemrushBot/7~bl; +http://www.semrush.com/bot.html)"
64.71.157.121 - - [11/Sep/2022:00:47:51 +0200] "GET /pmwiki.php/Site/AllRecentChanges?action=rss HTTP/1.1" 200 2546 "-" "Feedbin feed-id:590358 - 1 subscribers"
194.209.200.2 - - [11/Sep/2022:00:52:28 +0200] "GET /robots.txt HTTP/1.1" 200 - "-" "Mozilla/5.0 (compatible; TMMBot/0.2; +http://www.dslab.ch)/Nutch-1.15"
194.209.200.2 - - [11/Sep/2022:00:52:29 +0200] "GET /AmiKo/Linux HTTP/1.1" 200 9217 "-" "Mozilla/5.0 (compatible; TMMBot/0.2; +http://www.dslab.ch)/Nutch-1.15"
194.209.200.2 - - [11/Sep/2022:00:54:51 +0200] "GET /Main/2015 HTTP/1.1" 200 15908 "-" "Mozilla/5.0 (compatible; TMMBot/0.2; +http://www.dslab.ch)/Nutch-1.15"
192.99.9.25 - - [11/Sep/2022:00:54:51 +0200] "GET /robots.txt HTTP/1.1" 200 - "-" "Mozilla/5.0 (compatible; MJ12bot/v1.4.8; http://mj12bot.com/)"
192.99.9.25 - - [11/Sep/2022:00:54:54 +0200] "GET /AmiKo/OSXRezeptfunktion?action=edit HTTP/1.1" 403 18 "-" "Mozilla/5.0 (compatible; MJ12bot/v1.4.8; http://mj12bot.com/)"
192.99.9.25 - - [11/Sep/2022:00:54:57 +0200] "GET /AmiKo/OSXSatzexport?action=edit HTTP/1.1" 403 18 "-" "Mozilla/5.0 (compatible; MJ12bot/v1.4.8; http://mj12bot.com/)"
194.209.200.2 - - [11/Sep/2022:00:54:59 +0200] "GET /Main/2013 HTTP/1.1" 200 20487 "-" "Mozilla/5.0 (compatible; TMMBot/0.2; +http://www.dslab.ch)/Nutch-1.15"
192.99.9.25 - - [11/Sep/2022:00:55:00 +0200] "GET /AmiKo/Privacy?action=edit HTTP/1.1" 403 18 "-" "Mozilla/5.0 (compatible; MJ12bot/v1.4.8; http://mj12bot.com/)"
192.99.9.25 - - [11/Sep/2022:00:55:02 +0200] "GET /robots.txt HTTP/1.1" 200 - "-" "Mozilla/5.0 (compatible; MJ12bot/v1.4.8; http://mj12bot.com/)"
192.99.9.25 - - [11/Sep/2022:00:55:03 +0200] "GET /AmiKo/Privacy?action=edit HTTP/1.1" 403 18 "-" "Mozilla/5.0 (compatible; MJ12bot/v1.4.8; http://mj12bot.com/)"
192.99.9.25 - - [11/Sep/2022:00:55:05 +0200] "GET /AmiKo/Swisspeddose?action=edit HTTP/1.1" 403 18 "-" "Mozilla/5.0 (compatible; MJ12bot/v1.4.8; http://mj12bot.com/)"
192.99.9.25 - - [11/Sep/2022:00:55:08 +0200] "GET /Android/AmiKo?action=edit HTTP/1.1" 403 18 "-" "Mozilla/5.0 (compatible; MJ12bot/v1.4.8; http://mj12bot.com/)"
192.99.9.25 - - [11/Sep/2022:00:55:09 +0200] "GET /Android/AmiKo?action=edit HTTP/1.1" 403 18 "-" "Mozilla/5.0 (compatible; MJ12bot/v1.4.8; http://mj12bot.com/)"
192.99.9.25 - - [11/Sep/2022:00:55:12 +0200] "GET /Android/CoMed?action=edit HTTP/1.1" 403 18 "-" "Mozilla/5.0 (compatible; MJ12bot/v1.4.8; http://mj12bot.com/)"
192.99.9.25 - - [11/Sep/2022:00:55:14 +0200] "GET /Android/CoMed?action=edit HTTP/1.1" 403 18 "-" "Mozilla/5.0 (compatible; MJ12bot/v1.4.8; http://mj12bot.com/)"
192.99.9.25 - - [11/Sep/2022:00:55:17 +0200] "GET /Anlass/06122012?action=edit HTTP/1.1" 403 18 "-" "Mozilla/5.0 (compatible; MJ12bot/v1.4.8; http://mj12bot.com/)"
192.99.9.25 - - [11/Sep/2022:00:55:20 +0200] "GET /Anlass/07092017?action=edit HTTP/1.1" 403 18 "-" "Mozilla/5.0 (compatible; MJ12bot/v1.4.8; http://mj12bot.com/)"
192.99.9.25 - - [11/Sep/2022:00:55:24 +0200] "GET /Anlass/12012017?action=edit HTTP/1.1" 403 18 "-" "Mozilla/5.0 (compatible; MJ12bot/v1.4.8; http://mj12bot.com/)"
192.99.9.25 - - [11/Sep/2022:00:55:27 +0200] "GET /Apis2xml/Installation?action=edit HTTP/1.1" 403 18 "-" "Mozilla/5.0 (compatible; MJ12bot/v1.4.8; http://mj12bot.com/)"
192.99.9.25 - - [11/Sep/2022:00:55:30 +0200] "GET /Category/PmWikiDeveloper?action=edit HTTP/1.1" 404 18 "-" "Mozilla/5.0 (compatible; MJ12bot/v1.4.8; http://mj12bot.com/)"
192.99.9.25 - - [11/Sep/2022:00:55:33 +0200] "GET /Category/WikiFarms?action=edit HTTP/1.1" 404 18 "-" "Mozilla/5.0 (compatible; MJ12bot/v1.4.8; http://mj12bot.com/)"
93.158.161.59 - - [11/Sep/2022:00:55:34 +0200] "GET /robots.txt HTTP/1.1" 200 - "-" "Mozilla/5.0 (compatible; YandexBot/3.0; +http://yandex.com/bots)"
192.99.9.25 - - [11/Sep/2022:00:55:35 +0200] "GET /CoMed/ASPP?action=edit HTTP/1.1" 403 18 "-" "Mozilla/5.0 (compatible; MJ12bot/v1.4.8; http://mj12bot.com/)"
192.99.9.25 - - [11/Sep/2022:00:55:37 +0200] "GET /CoMed/Android?action=edit HTTP/1.1" 403 18 "-" "Mozilla/5.0 (compatible; MJ12bot/v1.4.8; http://mj12bot.com/)"
93.158.161.59 - - [11/Sep/2022:00:55:38 +0200] "GET /uploads/Main/Beschwerdeantwort_ywesee_GmbH_14.1.2008.pdf HTTP/1.1" 200 349131 "-" "Mozilla/5.0 (compatible; YandexBot/3.0; +http://yandex.com/bots)"
192.99.9.25 - - [11/Sep/2022:00:55:40 +0200] "GET /CoMed/IOS?action=edit HTTP/1.1" 403 18 "-" "Mozilla/5.0 (compatible; MJ12bot/v1.4.8; http://mj12bot.com/)"
192.99.9.25 - - [11/Sep/2022:00:55:42 +0200] "GET /CoMed/IOS?action=edit HTTP/1.1" 403 18 "-" "Mozilla/5.0 (compatible; MJ12bot/v1.4.8; http://mj12bot.com/)"
192.99.9.25 - - [11/Sep/2022:00:55:45 +0200] "GET /GMDN1/GMDNCode?action=edit HTTP/1.1" 403 18 "-" "Mozilla/5.0 (compatible; MJ12bot/v1.4.8; http://mj12bot.com/)"
192.99.9.25 - - [11/Sep/2022:00:55:48 +0200] "GET /Galdat/21Vs30?action=edit HTTP/1.1" 403 18 "-" "Mozilla/5.0 (compatible; MJ12bot/v1.4.8; http://mj12bot.com/)"
192.99.9.25 - - [11/Sep/2022:00:55:51 +0200] "GET /Galdat/Galdat?action=edit HTTP/1.1" 403 18 "-" "Mozilla/5.0 (compatible; MJ12bot/v1.4.8; http://mj12bot.com/)"
192.99.9.25 - - [11/Sep/2022:00:55:54 +0200] "GET /Main/2006?action=edit HTTP/1.1" 403 18 "-" "Mozilla/5.0 (compatible; MJ12bot/v1.4.8; http://mj12bot.com/)"
192.99.9.25 - - [11/Sep/2022:00:55:57 +0200] "GET /Main/CPUs?action=edit HTTP/1.1" 403 18 "-" "Mozilla/5.0 (compatible; MJ12bot/v1.4.8; http://mj12bot.com/)"
192.99.9.25 - - [11/Sep/2022:00:55:59 +0200] "GET /Main/Diovan?action=edit HTTP/1.1" 403 18 "-" "Mozilla/5.0 (compatible; MJ12bot/v1.4.8; http://mj12bot.com/)"
192.99.9.25 - - [11/Sep/2022:00:56:01 +0200] "GET /Main/EPUB?action=edit HTTP/1.1" 403 18 "-" "Mozilla/5.0 (compatible; MJ12bot/v1.4.8; http://mj12bot.com/)"
192.99.9.25 - - [11/Sep/2022:00:56:04 +0200] "GET /Main/EPubReader?action=edit HTTP/1.1" 403 18 "-" "Mozilla/5.0 (compatible; MJ12bot/v1.4.8; http://mj12bot.com/)"
192.99.9.25 - - [11/Sep/2022:00:56:07 +0200] "GET /Main/Elexis?action=edit HTTP/1.1" 403 18 "-" "Mozilla/5.0 (compatible; MJ12bot/v1.4.8; http://mj12bot.com/)"
192.99.9.25 - - [11/Sep/2022:00:56:09 +0200] "GET /Main/Elexis?action=edit HTTP/1.1" 403 18 "-" "Mozilla/5.0 (compatible; MJ12bot/v1.4.8; http://mj12bot.com/)"
192.99.9.25 - - [11/Sep/2022:00:56:10 +0200] "GET /Main/FAZ?action=edit HTTP/1.1" 403 18 "-" "Mozilla/5.0 (compatible; MJ12bot/v1.4.8; http://mj12bot.com/)"
192.99.9.25 - - [11/Sep/2022:00:56:13 +0200] "GET /Main/HirslandenProfessional?action=edit HTTP/1.1" 403 18 "-" "Mozilla/5.0 (compatible; MJ12bot/v1.4.8; http://mj12bot.com/)"
192.99.9.25 - - [11/Sep/2022:00:56:15 +0200] "GET /Main/HirslandenProfessional?action=edit HTTP/1.1" 403 18 "-" "Mozilla/5.0 (compatible; MJ12bot/v1.4.8; http://mj12bot.com/)"
192.99.9.25 - - [11/Sep/2022:00:56:19 +0200] "GET /Main/Home?action=edit HTTP/1.1" 403 18 "-" "Mozilla/5.0 (compatible; MJ12bot/v1.4.8; http://mj12bot.com/)"
192.99.9.25 - - [11/Sep/2022:00:56:22 +0200] "GET /Main/IPhone?action=edit HTTP/1.1" 403 18 "-" "Mozilla/5.0 (compatible; MJ12bot/v1.4.8; http://mj12bot.com/)"
192.99.9.25 - - [11/Sep/2022:00:56:24 +0200] "GET /Main/IPhone?action=edit HTTP/1.1" 403 18 "-" "Mozilla/5.0 (compatible; MJ12bot/v1.4.8; http://mj12bot.com/)"
192.99.9.25 - - [11/Sep/2022:00:56:26 +0200] "GET /Main/Index?action=edit HTTP/1.1" 403 18 "-" "Mozilla/5.0 (compatible; MJ12bot/v1.4.8; http://mj12bot.com/)"
194.209.200.2 - - [11/Sep/2022:00:56:28 +0200] "GET /robots.txt HTTP/1.1" 200 - "-" "Mozilla/5.0 (compatible; TMMBot/0.2; +http://www.dslab.ch)/Nutch-1.15"
192.99.9.25 - - [11/Sep/2022:00:56:29 +0200] "GET /Main/Kolumne?action=edit HTTP/1.1" 403 18 "-" "Mozilla/5.0 (compatible; MJ12bot/v1.4.8; http://mj12bot.com/)"
192.99.9.25 - - [11/Sep/2022:00:56:32 +0200] "GET /Main/MedDrugs?action=edit HTTP/1.1" 403 18 "-" "Mozilla/5.0 (compatible; MJ12bot/v1.4.8; http://mj12bot.com/)"
192.99.9.25 - - [11/Sep/2022:00:56:35 +0200] "GET /Main/MediStammdatenKostenSchweiz?action=edit HTTP/1.1" 403 18 "-" "Mozilla/5.0 (compatible; MJ12bot/v1.4.8; http://mj12bot.com/)"
192.99.9.25 - - [11/Sep/2022:00:56:39 +0200] "GET /Main/MedicalDevices?action=edit HTTP/1.1" 403 18 "-" "Mozilla/5.0 (compatible; MJ12bot/v1.4.8; http://mj12bot.com/)"
194.209.200.2 - - [11/Sep/2022:00:57:48 +0200] "GET /Ywesee/OpenSource HTTP/1.1" 200 10790 "-" "Mozilla/5.0 (compatible; TMMBot/0.2; +http://www.dslab.ch)/Nutch-1.15"
51.15.183.168 - - [11/Sep/2022:00:58:51 +0200] "GET / HTTP/1.0" 200 12862 "-" "Mozilla/5.0 (Windows NT 6.3; Win64; x64) AppleWebKit/537.36 (KHTML, like Gecko) Chrome/75.0.3770.100 Safari/537.36"
194.209.200.2 - - [11/Sep/2022:00:59:07 +0200] "GET /ODDB/IntegrationLookAmpFeelGenerikasuche HTTP/1.1" 200 9097 "-" "Mozilla/5.0 (compatible; TMMBot/0.2; +http://www.dslab.ch)/Nutch-1.15"
194.209.200.2 - - [11/Sep/2022:00:59:15 +0200] "GET /Main/ComCo19122016 HTTP/1.1" 200 10547 "-" "Mozilla/5.0 (compatible; TMMBot/0.2; +http://www.dslab.ch)/Nutch-1.15"
157.55.39.192 - - [11/Sep/2022:00:59:45 +0200] "GET / HTTP/1.1" 200 12862 "-" "Mozilla/5.0 (compatible; bingbot/2.0; +http://www.bing.com/bingbot.htm)"
125.209.235.178 - - [11/Sep/2022:01:00:37 +0200] "GET /robots.txt HTTP/1.1" 200 - "-" "Mozilla/5.0 (compatible; Yeti/1.1; +https://naver.me/spd)"
125.209.235.175 - - [11/Sep/2022:01:00:40 +0200] "GET /robots.txt HTTP/1.1" 200 - "-" "Mozilla/5.0 (compatible; Yeti/1.1; +https://naver.me/spd)"
211.249.46.56 - - [11/Sep/2022:01:00:41 +0200] "GET / HTTP/1.1" 200 12862 "-" "Mozilla/5.0 (compatible; Yeti/1.1; +https://naver.me/spd)"
162.142.125.10 - - [11/Sep/2022:01:02:25 +0200] "GET / HTTP/1.1" 200 12862 "-" "Mozilla/5.0 (compatible; CensysInspect/1.1; +https://about.censys.io/)"
162.142.125.10 - - [11/Sep/2022:01:02:25 +0200] "GET / HTTP/1.1" 200 12862 "-" "Mozilla/5.0 (compatible; CensysInspect/1.1; +https://about.censys.io/)"
162.142.125.10 - - [11/Sep/2022:01:02:26 +0200] "GET /favicon.ico HTTP/1.1" 200 1406 "-" "Go-http-client/1.1"
162.142.125.10 - - [11/Sep/2022:01:02:26 +0200] "GET /favicon.ico HTTP/1.1" 200 1406 "-" "Go-http-client/1.1"
185.191.171.2 - - [11/Sep/2022:01:06:25 +0200] "GET /Main/2007?n=Main.SideBar%3Faction%3Dedit HTTP/1.1" 302 157 "-" "Mozilla/5.0 (compatible; SemrushBot/7~bl; +http://www.semrush.com/bot.html)"
87.250.224.128 - - [11/Sep/2022:01:07:47 +0200] "GET /robots.txt HTTP/1.1" 200 - "-" "Mozilla/5.0 (compatible; YandexBot/3.0; +http://yandex.com/bots)"
93.158.161.59 - - [11/Sep/2022:01:08:39 +0200] "GET / HTTP/1.1" 200 12862 "-" "Mozilla/5.0 (compatible; YandexBot/3.0; +http://yandex.com/bots)"
17.121.113.36 - - [11/Sep/2022:01:09:11 +0200] "GET /Main/2012 HTTP/1.1" 200 31941 "-" "Mozilla/5.0 (Macintosh; Intel Mac OS X 10_15_5) AppleWebKit/605.1.15 (KHTML, like Gecko) Version/13.1.1 Safari/605.1.15 (Applebot/0.1; +http://www.apple.com/go/applebot)"
89.246.241.14 - - [11/Sep/2022:01:09:53 +0200] "GET / HTTP/1.1" 200 12862 "-" "Mozilla/5.0 (Windows NT 10.0; Win64; x64; rv:84.0) Gecko/20100101 Firefox/84.0"
123.125.109.107 - - [11/Sep/2022:01:10:44 +0200] "GET / HTTP/1.1" 200 12862 "-" "Sogou web spider/4.0(+http://www.sogou.com/docs/help/webmasters.htm#07)"
152.39.241.232 - - [11/Sep/2022:01:13:20 +0200] "GET /app-ads.txt HTTP/1.1" 404 270 "-" "AdsTxtCrawler/1.0; +https://github.com/InteractiveAdvertisingBureau/adstxtcrawler"
85.208.98.51 - - [11/Sep/2022:01:13:46 +0200] "GET /robots.txt HTTP/1.1" 200 - "-" "Mozilla/5.0 (compatible; SemrushBot-BM/1.0; +http://www.semrush.com/bot.html)"
66.102.6.6 - - [11/Sep/2022:01:15:16 +0200] "HEAD /pmwiki.php/Site/AllRecentChanges?action=rss HTTP/1.1" 200 - "-" "FeedBurner/1.0 (http://www.FeedBurner.com)"
66.102.6.6 - - [11/Sep/2022:01:15:17 +0200] "GET /pmwiki.php/Site/AllRecentChanges?action=rss HTTP/1.1" 200 2546 "-" "FeedBurner/1.0 (http://www.FeedBurner.com)"
207.46.13.191 - - [11/Sep/2022:01:16:03 +0200] "GET /uploads/Main/Schreiben_Bfarm_20.3.2007.pdf HTTP/1.1" 200 607598 "-" "Mozilla/5.0 (compatible; bingbot/2.0; +http://www.bing.com/bingbot.htm)"
207.46.13.191 - - [11/Sep/2022:01:18:44 +0200] "GET /site/allrecentchanges?action=rss HTTP/1.1" 404 280 "-" "Mozilla/5.0 (compatible; bingbot/2.0; +http://www.bing.com/bingbot.htm)"
64.71.157.115 - - [11/Sep/2022:01:19:54 +0200] "GET /pmwiki.php/Site/AllRecentChanges?action=rss HTTP/1.1" 200 2546 "-" "Feedbin feed-id:590358 - 1 subscribers"
3.82.191.177 - - [11/Sep/2022:01:23:33 +0200] "GET /Site/AllRecentChanges?action=rss HTTP/1.1" 200 2546 "https://www.google.com/" "Mozilla/5.0 (Macintosh; Intel Mac OS X 10_15_3) AppleWebKit/537.36 (KHTML, like Gecko) Chrome/80.0.3987.87 Safari/537.36"
194.209.200.2 - - [11/Sep/2022:01:24:45 +0200] "GET /robots.txt HTTP/1.1" 200 - "-" "Mozilla/5.0 (compatible; TMMBot/0.2; +http://www.dslab.ch)/Nutch-1.15"
194.209.200.2 - - [11/Sep/2022:01:24:45 +0200] "GET /AmiKo/Linux HTTP/1.1" 200 9217 "-" "Mozilla/5.0 (compatible; TMMBot/0.2; +http://www.dslab.ch)/Nutch-1.15"
194.209.200.2 - - [11/Sep/2022:01:24:51 +0200] "GET /Miele/MieleLXIV HTTP/1.1" 200 15367 "-" "Mozilla/5.0 (compatible; TMMBot/0.2; +http://www.dslab.ch)/Nutch-1.15"
125.209.235.186 - - [11/Sep/2022:01:26:39 +0200] "GET /robots.txt HTTP/1.1" 200 - "-" "Mozilla/5.0 (compatible; Yeti/1.1; +https://naver.me/spd)"
110.93.150.117 - - [11/Sep/2022:01:26:40 +0200] "GET /uploads/Main/yweseelogo.gif HTTP/1.1" 200 2982 "-" "Mozilla/5.0 (compatible; Yeti/1.1; +https://naver.me/spd)"
194.209.200.2 - - [11/Sep/2022:01:27:14 +0200] "GET /Main/2015 HTTP/1.1" 200 15908 "-" "Mozilla/5.0 (compatible; TMMBot/0.2; +http://www.dslab.ch)/Nutch-1.15"
194.209.200.2 - - [11/Sep/2022:01:27:22 +0200] "GET /Main/2013 HTTP/1.1" 200 20487 "-" "Mozilla/5.0 (compatible; TMMBot/0.2; +http://www.dslab.ch)/Nutch-1.15"
194.209.200.2 - - [11/Sep/2022:01:28:46 +0200] "GET /robots.txt HTTP/1.1" 200 - "-" "Mozilla/5.0 (compatible; TMMBot/0.2; +http://www.dslab.ch)/Nutch-1.15"
194.209.200.2 - - [11/Sep/2022:01:30:07 +0200] "GET /Ywesee/OpenSource HTTP/1.1" 200 10790 "-" "Mozilla/5.0 (compatible; TMMBot/0.2; +http://www.dslab.ch)/Nutch-1.15"
213.152.162.154 - - [11/Sep/2022:01:30:12 +0200] "GET /wp-load.php HTTP/1.1" 404 270 "www.bing.com" "wp_is_mobile"
213.152.162.154 - - [11/Sep/2022:01:30:15 +0200] "GET /style.php HTTP/1.1" 404 268 "www.bing.com" "wp_is_mobile"
213.152.162.154 - - [11/Sep/2022:01:30:16 +0200] "GET /wp-admin/style.php HTTP/1.1" 404 277 "www.bing.com" "wp_is_mobile"
213.152.162.154 - - [11/Sep/2022:01:30:19 +0200] "GET /s_e.php HTTP/1.1" 404 266 "www.bing.com" "wp_is_mobile"
213.152.162.154 - - [11/Sep/2022:01:30:20 +0200] "GET /s_ne.php HTTP/1.1" 404 267 "www.bing.com" "wp_is_mobile"
213.152.162.154 - - [11/Sep/2022:01:30:23 +0200] "GET /1index.php HTTP/1.1" 404 250 "www.bing.com" "Mozilla/5.0 (Windows NT 10.0; Win64; x64) AppleWebKit/537.36 (KHTML, like Gecko) Chrome/90.0.4430.85 Safari/537.36"
213.152.162.154 - - [11/Sep/2022:01:30:27 +0200] "GET /radio.php HTTP/1.1" 404 268 "www.bing.com" "wp_is_mobile"
213.152.162.154 - - [11/Sep/2022:01:30:35 +0200] "GET /doc.php HTTP/1.1" 404 266 "www.bing.com" "wp_is_mobile"
213.152.162.154 - - [11/Sep/2022:01:31:00 +0200] "GET /wp_wrong_datlib.php HTTP/1.1" 404 278 "www.bing.com" "Mozilla/5.0 (Windows NT 10.0; Win64; x64) AppleWebKit/537.36 (KHTML, like Gecko) Chrome/90.0.4430.85 Safari/537.36"
194.209.200.2 - - [11/Sep/2022:01:31:01 +0200] "GET /Main/2005 HTTP/1.1" 200 63344 "-" "Mozilla/5.0 (compatible; TMMBot/0.2; +http://www.dslab.ch)/Nutch-1.15"
213.152.162.154 - - [11/Sep/2022:01:31:27 +0200] "GET /beence.php HTTP/1.1" 404 269 "www.bing.com" "Mozilla/5.0 (Windows NT 10.0; Win64; x64) AppleWebKit/537.36 (KHTML, like Gecko) Chrome/90.0.4430.85 Safari/537.36"
194.209.200.2 - - [11/Sep/2022:01:31:37 +0200] "GET /ODDB/IntegrationLookAmpFeelGenerikasuche HTTP/1.1" 200 9097 "-" "Mozilla/5.0 (compatible; TMMBot/0.2; +http://www.dslab.ch)/Nutch-1.15"
194.209.200.2 - - [11/Sep/2022:01:31:45 +0200] "GET /Main/ComCo19122016 HTTP/1.1" 200 10547 "-" "Mozilla/5.0 (compatible; TMMBot/0.2; +http://www.dslab.ch)/Nutch-1.15"
213.152.162.154 - - [11/Sep/2022:01:31:55 +0200] "GET /ups.php HTTP/1.1" 404 266 "www.bing.com" "wp_is_mobile"
213.152.162.154 - - [11/Sep/2022:01:32:32 +0200] "GET /wp-signin.php?dizo&ping HTTP/1.1" 404 272 "www.bing.com" "wp_is_mobile"
213.152.162.154 - - [11/Sep/2022:01:32:54 +0200] "GET /media-admin.php HTTP/1.1" 404 274 "www.bing.com" "wp_is_mobile"
213.152.162.154 - - [11/Sep/2022:01:33:04 +0200] "GET /export.php HTTP/1.1" 404 269 "www.bing.com" "Mozilla/5.0 (Windows NT 10.0; Win64; x64) AppleWebKit/537.36 (KHTML, like Gecko) Chrome/90.0.4430.85 Safari/537.36"
213.152.162.154 - - [11/Sep/2022:01:33:04 +0200] "GET /wp-content/export.php HTTP/1.1" 404 280 "www.bing.com" "Mozilla/5.0 (Windows NT 10.0; Win64; x64) AppleWebKit/537.36 (KHTML, like Gecko) Chrome/90.0.4430.85 Safari/537.36"
213.152.162.154 - - [11/Sep/2022:01:33:17 +0200] "GET /wp-includes/wp-class.php HTTP/1.1" 404 283 "www.bing.com" "wp_is_mobile"
213.152.162.154 - - [11/Sep/2022:01:33:42 +0200] "GET /wp-includes/wp-atom.php HTTP/1.1" 404 282 "www.bing.com" "Mozilla/5.0 (Windows NT 10.0; Win64; x64) AppleWebKit/537.36 (KHTML, like Gecko) Chrome/90.0.4430.85 Safari/537.36"
213.152.162.154 - - [11/Sep/2022:01:33:57 +0200] "GET /wp-includes/images/css.php HTTP/1.1" 404 285 "www.bing.com" "Mozilla/5.0 (Windows NT 10.0; Win64; x64) AppleWebKit/537.36 (KHTML, like Gecko) Chrome/90.0.4430.85 Safari/537.36"
213.152.162.154 - - [11/Sep/2022:01:33:57 +0200] "GET /wp-includes/css/css.php HTTP/1.1" 404 282 "www.bing.com" "Mozilla/5.0 (Windows NT 10.0; Win64; x64) AppleWebKit/537.36 (KHTML, like Gecko) Chrome/90.0.4430.85 Safari/537.36"
213.152.162.154 - - [11/Sep/2022:01:34:01 +0200] "GET /defau1t.php HTTP/1.1" 404 270 "www.bing.com" "Mozilla/5.0 (Windows NT 10.0; Win64; x64) AppleWebKit/537.36 (KHTML, like Gecko) Chrome/90.0.4430.85 Safari/537.36"
213.152.162.154 - - [11/Sep/2022:01:34:05 +0200] "GET /moduless.php HTTP/1.1" 404 271 "www.bing.com" "Mozilla/5.0 (Windows NT 10.0; Win64; x64) AppleWebKit/537.36 (KHTML, like Gecko) Chrome/90.0.4430.85 Safari/537.36"
213.152.162.154 - - [11/Sep/2022:01:34:05 +0200] "GET /wp-booking.php HTTP/1.1" 404 273 "www.bing.com" "wp_is_mobile"
213.152.162.154 - - [11/Sep/2022:01:34:09 +0200] "GET /wp-content/plugins/backup_index.php HTTP/1.1" 404 294 "www.bing.com" "wp_is_mobile"
213.152.162.154 - - [11/Sep/2022:01:34:19 +0200] "GET /wp-content/mu-plugins/db-safe-mode.php HTTP/1.1" 404 297 "www.bing.com" "wp_is_mobile"
213.152.162.154 - - [11/Sep/2022:01:35:46 +0200] "GET /wp-includes/css/wp-config.php HTTP/1.1" 404 288 "www.bing.com" "wp_is_mobile"
213.152.162.154 - - [11/Sep/2022:01:36:02 +0200] "GET /config.bak.php HTTP/1.1" 404 273 "www.bing.com" "wp_is_mobile"
213.152.162.154 - - [11/Sep/2022:01:36:02 +0200] "GET /wp-content/themes/config.bak.php HTTP/1.1" 404 291 "www.bing.com" "wp_is_mobile"
213.152.162.154 - - [11/Sep/2022:01:36:17 +0200] "GET /legion.php HTTP/1.1" 404 269 "www.bing.com" "wp_is_mobile"
93.158.161.59 - - [11/Sep/2022:01:36:29 +0200] "GET /uploads/Main/Argumentation_korrekte_EAN-Codes_8.9.2005.txt HTTP/1.1" 200 36034 "-" "Mozilla/5.0 (compatible; YandexBot/3.0; +http://yandex.com/bots)"
213.152.162.154 - - [11/Sep/2022:01:36:42 +0200] "GET /wp-content/plugins/wpconfig.bak.php?act=sf HTTP/1.1" 404 294 "www.bing.com" "Mozilla/5.0 (Windows NT 10.0; Win64; x64) AppleWebKit/537.36 (KHTML, like Gecko) Chrome/90.0.4430.85 Safari/537.36"
213.152.162.154 - - [11/Sep/2022:01:37:20 +0200] "GET /wp-plugins.php HTTP/1.1" 404 273 "www.bing.com" "wp_is_mobile"
213.152.162.154 - - [11/Sep/2022:01:37:32 +0200] "GET /gank.php.PhP HTTP/1.1" 404 271 "www.bing.com" "wp_is_mobile"
213.152.162.154 - - [11/Sep/2022:01:37:57 +0200] "GET /wp-content/db-cache.php HTTP/1.1" 404 282 "www.bing.com" "wp_is_mobile"
213.152.162.154 - - [11/Sep/2022:01:38:33 +0200] "GET /archives.php HTTP/1.1" 404 271 "www.bing.com" "Mozilla/5.0 (Windows NT 10.0; Win64; x64) AppleWebKit/537.36 (KHTML, like Gecko) Chrome/90.0.4430.85 Safari/537.36"
213.152.162.154 - - [11/Sep/2022:01:38:44 +0200] "GET /defau11.php HTTP/1.1" 404 270 "www.bing.com" "Mozilla/5.0 (Windows NT 10.0; Win64; x64) AppleWebKit/537.36 (KHTML, like Gecko) Chrome/90.0.4430.85 Safari/537.36"
213.152.162.154 - - [11/Sep/2022:01:38:50 +0200] "GET /wp-content/outcms.php?up HTTP/1.1" 404 280 "www.bing.com" "wp_is_mobile"
213.152.162.154 - - [11/Sep/2022:01:38:53 +0200] "GET /system_log.php?bala=up HTTP/1.1" 404 273 "www.bing.com" "wp_is_mobile"
213.152.162.154 - - [11/Sep/2022:01:39:13 +0200] "GET /wp-backup-sql-302.php HTTP/1.1" 404 280 "www.bing.com" "wp_is_mobile"
213.152.162.154 - - [11/Sep/2022:01:39:45 +0200] "GET /error.php?phpshells HTTP/1.1" 404 268 "www.bing.com" "wp_is_mobile"
213.152.162.154 - - [11/Sep/2022:01:40:00 +0200] "GET /ALFA_DATA HTTP/1.1" 404 8435 "www.bing.com" "wp_is_mobile"
213.152.162.154 - - [11/Sep/2022:01:40:06 +0200] "GET /alfacgiapi HTTP/1.1" 404 269 "www.bing.com" "wp_is_mobile"
213.152.162.154 - - [11/Sep/2022:01:40:20 +0200] "GET /cgialfa HTTP/1.1" 404 266 "www.bing.com" "wp_is_mobile"
213.152.162.154 - - [11/Sep/2022:01:40:23 +0200] "GET /.well-known/ALFA_DATA HTTP/1.1" 404 280 "www.bing.com" "wp_is_mobile"
213.152.162.154 - - [11/Sep/2022:01:40:25 +0200] "GET /.well-known/alfacgiapi HTTP/1.1" 404 281 "www.bing.com" "wp_is_mobile"
213.152.162.154 - - [11/Sep/2022:01:40:37 +0200] "GET /.well-known/cgialfa HTTP/1.1" 404 278 "www.bing.com" "wp_is_mobile"
213.152.162.154 - - [11/Sep/2022:01:41:09 +0200] "GET /wp-content/uploads/ALFA_DATA HTTP/1.1" 404 287 "www.bing.com" "wp_is_mobile"
213.152.162.154 - - [11/Sep/2022:01:41:54 +0200] "GET /wp-content/uploads/alfacgiapi HTTP/1.1" 404 288 "www.bing.com" "wp_is_mobile"
213.152.162.154 - - [11/Sep/2022:01:42:09 +0200] "GET /wp-content/uploads/cgialfa HTTP/1.1" 404 285 "www.bing.com" "wp_is_mobile"
213.152.162.154 - - [11/Sep/2022:01:42:14 +0200] "GET /wp-includes/ALFA_DATA HTTP/1.1" 404 280 "www.bing.com" "wp_is_mobile"
213.152.162.154 - - [11/Sep/2022:01:42:19 +0200] "GET /wp-includes/alfacgiapi HTTP/1.1" 404 281 "www.bing.com" "wp_is_mobile"
213.152.162.154 - - [11/Sep/2022:01:42:23 +0200] "GET /wp-includes/cgialfa HTTP/1.1" 404 278 "www.bing.com" "wp_is_mobile"
213.152.162.154 - - [11/Sep/2022:01:43:05 +0200] "GET /wp-admin/ALFA_DATA HTTP/1.1" 404 277 "www.bing.com" "wp_is_mobile"
213.152.162.154 - - [11/Sep/2022:01:43:32 +0200] "GET /wp-admin/alfacgiapi HTTP/1.1" 404 278 "www.bing.com" "wp_is_mobile"
213.152.162.154 - - [11/Sep/2022:01:43:53 +0200] "GET /wp-admin/cgialfa HTTP/1.1" 404 275 "www.bing.com" "wp_is_mobile"
213.152.162.154 - - [11/Sep/2022:01:44:03 +0200] "GET /wp-content/ALFA_DATA HTTP/1.1" 404 279 "www.bing.com" "wp_is_mobile"
213.152.162.154 - - [11/Sep/2022:01:44:27 +0200] "GET /wp-content/alfacgiapi HTTP/1.1" 404 280 "www.bing.com" "wp_is_mobile"
213.152.162.154 - - [11/Sep/2022:01:44:37 +0200] "GET /wp-content/cgialfa HTTP/1.1" 404 277 "www.bing.com" "wp_is_mobile"
213.152.162.154 - - [11/Sep/2022:01:44:49 +0200] "GET /templates/beez3/ALFA_DATA HTTP/1.1" 404 284 "www.bing.com" "wp_is_mobile"
213.152.162.154 - - [11/Sep/2022:01:45:21 +0200] "GET /templates/beez3/alfacgiapi HTTP/1.1" 404 285 "www.bing.com" "wp_is_mobile"
213.152.162.154 - - [11/Sep/2022:01:45:36 +0200] "GET /templates/beez3/cgialfa HTTP/1.1" 404 282 "www.bing.com" "wp_is_mobile"
213.152.162.154 - - [11/Sep/2022:01:45:48 +0200] "GET /sites/default/files/ALFA_DATA HTTP/1.1" 404 288 "www.bing.com" "wp_is_mobile"
213.152.162.154 - - [11/Sep/2022:01:45:55 +0200] "GET /sites/default/files/alfacgiapi HTTP/1.1" 404 289 "www.bing.com" "wp_is_mobile"
213.152.162.154 - - [11/Sep/2022:01:46:12 +0200] "GET /sites/default/files/cgialfa HTTP/1.1" 404 286 "www.bing.com" "wp_is_mobile"
213.152.162.154 - - [11/Sep/2022:01:46:29 +0200] "GET /admin/controller/extension/extension/ALFA_DATA HTTP/1.1" 404 305 "www.bing.com" "wp_is_mobile"
213.152.162.154 - - [11/Sep/2022:01:46:37 +0200] "GET /admin/controller/extension/extension/alfacgiapi HTTP/1.1" 404 306 "www.bing.com" "wp_is_mobile"
213.152.162.154 - - [11/Sep/2022:01:47:07 +0200] "GET /admin/controller/extension/extension/cgialfa HTTP/1.1" 404 303 "www.bing.com" "wp_is_mobile"
213.152.162.154 - - [11/Sep/2022:01:47:20 +0200] "GET /wp-content/plugins/ubh/up.php HTTP/1.1" 404 288 "www.bing.com" "wp_is_mobile"
213.152.162.154 - - [11/Sep/2022:01:47:20 +0200] "GET /index.php?3x=3x HTTP/1.1" 200 12862 "www.bing.com" "wp_is_mobile"
213.152.162.154 - - [11/Sep/2022:01:47:21 +0200] "GET /olux.php HTTP/1.1" 404 267 "www.bing.com" "wp_is_mobile"
213.152.162.154 - - [11/Sep/2022:01:47:21 +0200] "GET /xleet.php HTTP/1.1" 404 268 "www.bing.com" "wp_is_mobile"
213.152.162.154 - - [11/Sep/2022:01:47:22 +0200] "GET /wso.php HTTP/1.1" 404 266 "www.bing.com" "wp_is_mobile"
213.152.162.154 - - [11/Sep/2022:01:47:22 +0200] "GET /shell.php HTTP/1.1" 404 268 "www.bing.com" "wp_is_mobile"
213.152.162.154 - - [11/Sep/2022:01:47:23 +0200] "GET /up.php HTTP/1.1" 404 265 "www.bing.com" "wp_is_mobile"
213.152.162.154 - - [11/Sep/2022:01:47:24 +0200] "GET /upload.php HTTP/1.1" 404 269 "www.bing.com" "wp_is_mobile"
213.152.162.154 - - [11/Sep/2022:01:47:24 +0200] "GET /1.php HTTP/1.1" 404 250 "www.bing.com" "wp_is_mobile"
213.152.162.154 - - [11/Sep/2022:01:47:25 +0200] "GET /x.php HTTP/1.1" 404 264 "www.bing.com" "wp_is_mobile"
213.152.162.154 - - [11/Sep/2022:01:47:25 +0200] "GET /z.php HTTP/1.1" 404 264 "www.bing.com" "wp_is_mobile"
213.152.162.154 - - [11/Sep/2022:01:47:25 +0200] "GET /a.php HTTP/1.1" 404 264 "www.bing.com" "wp_is_mobile"
213.152.162.154 - - [11/Sep/2022:01:47:26 +0200] "GET /test.php HTTP/1.1" 404 267 "www.bing.com" "wp_is_mobile"
213.152.162.154 - - [11/Sep/2022:01:47:26 +0200] "GET /wp.php HTTP/1.1" 404 265 "www.bing.com" "wp_is_mobile"
213.152.162.154 - - [11/Sep/2022:01:47:27 +0200] "GET /alfa.php HTTP/1.1" 404 267 "www.bing.com" "wp_is_mobile"
213.152.162.154 - - [11/Sep/2022:01:47:27 +0200] "GET /config.php HTTP/1.1" 404 269 "www.bing.com" "wp_is_mobile"
213.152.162.154 - - [11/Sep/2022:01:47:27 +0200] "GET /templates/beez3/index.php HTTP/1.1" 404 284 "www.bing.com" "wp_is_mobile"
213.152.162.154 - - [11/Sep/2022:01:47:27 +0200] "GET /about.php HTTP/1.1" 404 268 "www.bing.com" "wp_is_mobile"
213.152.162.154 - - [11/Sep/2022:01:47:28 +0200] "GET /shells.php HTTP/1.1" 404 269 "www.bing.com" "wp_is_mobile"
65.21.206.45 - - [11/Sep/2022:01:49:22 +0200] "GET /Main/Home HTTP/1.1" 200 12862 "-" "Mozilla/5.0 (Windows NT 10.0; Win64; x64) AppleWebKit/537.36 (KHTML, like Gecko) Chrome/91.0.4472.114 Safari/537.36 Edg/91.0.864.54"
64.71.157.118 - - [11/Sep/2022:01:52:10 +0200] "GET /pmwiki.php/Site/AllRecentChanges?action=rss HTTP/1.1" 200 2546 "-" "Feedbin feed-id:590358 - 1 subscribers"
194.209.200.2 - - [11/Sep/2022:01:56:17 +0200] "GET /robots.txt HTTP/1.1" 200 - "-" "Mozilla/5.0 (compatible; TMMBot/0.2; +http://www.dslab.ch)/Nutch-1.15"
194.209.200.2 - - [11/Sep/2022:01:56:17 +0200] "GET /AmiKo/Linux HTTP/1.1" 200 9217 "-" "Mozilla/5.0 (compatible; TMMBot/0.2; +http://www.dslab.ch)/Nutch-1.15"
194.209.200.2 - - [11/Sep/2022:01:56:22 +0200] "GET /Miele/MieleLXIV HTTP/1.1" 200 15367 "-" "Mozilla/5.0 (compatible; TMMBot/0.2; +http://www.dslab.ch)/Nutch-1.15"
194.209.200.2 - - [11/Sep/2022:01:58:36 +0200] "GET /Main/2015 HTTP/1.1" 200 15908 "-" "Mozilla/5.0 (compatible; TMMBot/0.2; +http://www.dslab.ch)/Nutch-1.15"
194.209.200.2 - - [11/Sep/2022:01:58:46 +0200] "GET /Main/2013 HTTP/1.1" 200 20487 "-" "Mozilla/5.0 (compatible; TMMBot/0.2; +http://www.dslab.ch)/Nutch-1.15"
93.158.161.75 - - [11/Sep/2022:01:59:35 +0200] "GET /robots.txt HTTP/1.1" 200 - "-" "Mozilla/5.0 (compatible; YandexBot/3.0; +http://yandex.com/bots)"
93.158.161.75 - - [11/Sep/2022:01:59:35 +0200] "GET /robots.txt HTTP/1.1" 200 - "-" "Mozilla/5.0 (compatible; YandexBot/3.0; +http://yandex.com/bots)"
93.158.161.75 - - [11/Sep/2022:01:59:45 +0200] "GET / HTTP/1.1" 200 12862 "-" "Mozilla/5.0 (compatible; YandexBot/3.0; +http://yandex.com/bots)"
194.209.200.2 - - [11/Sep/2022:02:00:10 +0200] "GET /robots.txt HTTP/1.1" 200 - "-" "Mozilla/5.0 (compatible; TMMBot/0.2; +http://www.dslab.ch)/Nutch-1.15"
194.209.200.2 - - [11/Sep/2022:02:01:37 +0200] "GET /Ywesee/OpenSource HTTP/1.1" 200 10790 "-" "Mozilla/5.0 (compatible; TMMBot/0.2; +http://www.dslab.ch)/Nutch-1.15"
194.209.200.2 - - [11/Sep/2022:02:02:29 +0200] "GET /Main/2005 HTTP/1.1" 200 63344 "-" "Mozilla/5.0 (compatible; TMMBot/0.2; +http://www.dslab.ch)/Nutch-1.15"
194.209.200.2 - - [11/Sep/2022:02:03:03 +0200] "GET /ODDB/IntegrationLookAmpFeelGenerikasuche HTTP/1.1" 200 9097 "-" "Mozilla/5.0 (compatible; TMMBot/0.2; +http://www.dslab.ch)/Nutch-1.15"
66.249.76.219 - - [11/Sep/2022:02:16:51 +0200] "GET /Aips2sqlite/Release?action=print HTTP/1.1" 403 18 "-" "Mozilla/5.0 (Linux; Android 6.0.1; Nexus 5X Build/MMB29P) AppleWebKit/537.36 (KHTML, like Gecko) Chrome/104.0.5112.101 Mobile Safari/537.36 (compatible; Googlebot/2.1; +http://www.google.com/bot.html)"
64.71.157.121 - - [11/Sep/2022:02:23:54 +0200] "GET /pmwiki.php/Site/AllRecentChanges?action=rss HTTP/1.1" 200 2546 "-" "Feedbin feed-id:590358 - 1 subscribers"
44.204.95.159 - - [11/Sep/2022:02:25:30 +0200] "GET /robots.txt HTTP/1.1" 200 - "-" "MauiBot (crawler.feedback+gamma@gmail.com)"
194.209.200.2 - - [11/Sep/2022:02:27:52 +0200] "GET /robots.txt HTTP/1.1" 200 - "-" "Mozilla/5.0 (compatible; TMMBot/0.2; +http://www.dslab.ch)/Nutch-1.15"
194.209.200.2 - - [11/Sep/2022:02:27:52 +0200] "GET /AmiKo/Linux HTTP/1.1" 200 9217 "-" "Mozilla/5.0 (compatible; TMMBot/0.2; +http://www.dslab.ch)/Nutch-1.15"
194.209.200.2 - - [11/Sep/2022:02:27:57 +0200] "GET /Miele/MieleLXIV HTTP/1.1" 200 15367 "-" "Mozilla/5.0 (compatible; TMMBot/0.2; +http://www.dslab.ch)/Nutch-1.15"
194.209.200.2 - - [11/Sep/2022:02:30:14 +0200] "GET /Main/2015 HTTP/1.1" 200 15908 "-" "Mozilla/5.0 (compatible; TMMBot/0.2; +http://www.dslab.ch)/Nutch-1.15"
194.209.200.2 - - [11/Sep/2022:02:30:24 +0200] "GET /Main/2013 HTTP/1.1" 200 20487 "-" "Mozilla/5.0 (compatible; TMMBot/0.2; +http://www.dslab.ch)/Nutch-1.15"
194.209.200.2 - - [11/Sep/2022:02:31:44 +0200] "GET /robots.txt HTTP/1.1" 200 - "-" "Mozilla/5.0 (compatible; TMMBot/0.2; +http://www.dslab.ch)/Nutch-1.15"
194.209.200.2 - - [11/Sep/2022:02:33:02 +0200] "GET /Ywesee/OpenSource HTTP/1.1" 200 10790 "-" "Mozilla/5.0 (compatible; TMMBot/0.2; +http://www.dslab.ch)/Nutch-1.15"
92.255.83.68 - - [11/Sep/2022:02:33:02 +0200] "GET / HTTP/1.1" 200 12862 "-" "Mozilla/5.0 (Macintosh; Intel Mac OS X 10_15_7) AppleWebKit/605.1.15 (KHTML, like Gecko) Version/14.1.2 Safari/605.1.15"
66.249.83.46 - - [11/Sep/2022:02:33:23 +0200] "HEAD /pmwiki.php/Site/AllRecentChanges?action=rss HTTP/1.1" 200 - "-" "FeedBurner/1.0 (http://www.FeedBurner.com)"
66.249.83.46 - - [11/Sep/2022:02:33:24 +0200] "GET /pmwiki.php/Site/AllRecentChanges?action=rss HTTP/1.1" 200 2546 "-" "FeedBurner/1.0 (http://www.FeedBurner.com)"
194.209.200.2 - - [11/Sep/2022:02:33:48 +0200] "GET /Main/2005 HTTP/1.1" 200 63344 "-" "Mozilla/5.0 (compatible; TMMBot/0.2; +http://www.dslab.ch)/Nutch-1.15"
194.209.200.2 - - [11/Sep/2022:02:33:51 +0200] "GET /Main/2018 HTTP/1.1" 200 15425 "-" "Mozilla/5.0 (compatible; TMMBot/0.2; +http://www.dslab.ch)/Nutch-1.15"
194.209.200.2 - - [11/Sep/2022:02:34:21 +0200] "GET /ODDB/IntegrationLookAmpFeelGenerikasuche HTTP/1.1" 200 9097 "-" "Mozilla/5.0 (compatible; TMMBot/0.2; +http://www.dslab.ch)/Nutch-1.15"
194.209.200.2 - - [11/Sep/2022:02:34:29 +0200] "GET /Main/ComCo19122016 HTTP/1.1" 200 10547 "-" "Mozilla/5.0 (compatible; TMMBot/0.2; +http://www.dslab.ch)/Nutch-1.15"
192.99.7.191 - - [11/Sep/2022:02:38:51 +0200] "GET /robots.txt HTTP/1.1" 200 - "-" "Mozilla/5.0 (compatible; MJ12bot/v1.4.8; http://mj12bot.com/)"
192.99.7.191 - - [11/Sep/2022:02:38:53 +0200] "GET /Ausschreibung/SAI?action=edit HTTP/1.1" 403 18 "-" "Mozilla/5.0 (compatible; MJ12bot/v1.4.8; http://mj12bot.com/)"
192.99.7.191 - - [11/Sep/2022:02:38:55 +0200] "GET /robots.txt HTTP/1.1" 200 - "-" "Mozilla/5.0 (compatible; MJ12bot/v1.4.8; http://mj12bot.com/)"
192.99.7.191 - - [11/Sep/2022:02:38:58 +0200] "GET /Bundesrat/Ebook?action=edit HTTP/1.1" 403 18 "-" "Mozilla/5.0 (compatible; MJ12bot/v1.4.8; http://mj12bot.com/)"
192.99.7.191 - - [11/Sep/2022:02:39:01 +0200] "GET /Category/GroupFooter?action=edit HTTP/1.1" 403 18 "-" "Mozilla/5.0 (compatible; MJ12bot/v1.4.8; http://mj12bot.com/)"
192.99.7.191 - - [11/Sep/2022:02:39:04 +0200] "GET /Category/Maintenance?action=edit HTTP/1.1" 404 18 "-" "Mozilla/5.0 (compatible; MJ12bot/v1.4.8; http://mj12bot.com/)"
192.99.7.191 - - [11/Sep/2022:02:39:07 +0200] "GET /Category/Security?action=edit HTTP/1.1" 404 18 "-" "Mozilla/5.0 (compatible; MJ12bot/v1.4.8; http://mj12bot.com/)"
192.99.7.191 - - [11/Sep/2022:02:39:09 +0200] "GET /Category/Spam?action=edit HTTP/1.1" 404 18 "-" "Mozilla/5.0 (compatible; MJ12bot/v1.4.8; http://mj12bot.com/)"
192.99.7.191 - - [11/Sep/2022:02:39:13 +0200] "GET /GMDN/GMDNCode?action=edit HTTP/1.1" 403 18 "-" "Mozilla/5.0 (compatible; MJ12bot/v1.4.8; http://mj12bot.com/)"
54.82.3.210 - - [11/Sep/2022:02:39:14 +0200] "GET /robots.txt HTTP/1.1" 200 - "-" "Mozilla/5.0 (Macintosh; Intel Mac OS X 10_10_1) AppleWebKit/600.2.5 (KHTML\\, like Gecko) Version/8.0.2 Safari/600.2.5 (Amazonbot/0.1; +https://developer.amazon.com/support/amazonbot)"
192.99.7.191 - - [11/Sep/2022:02:39:16 +0200] "GET /Main/BagSlPreise?action=edit HTTP/1.1" 403 18 "-" "Mozilla/5.0 (compatible; MJ12bot/v1.4.8; http://mj12bot.com/)"
192.99.7.191 - - [11/Sep/2022:02:39:19 +0200] "GET /Main/BesucherInnen?action=edit HTTP/1.1" 403 18 "-" "Mozilla/5.0 (compatible; MJ12bot/v1.4.8; http://mj12bot.com/)"
192.99.7.191 - - [11/Sep/2022:02:39:21 +0200] "GET /Oddb2xml/Bemerkungen?action=edit HTTP/1.1" 403 18 "-" "Mozilla/5.0 (compatible; MJ12bot/v1.4.8; http://mj12bot.com/)"
192.99.7.191 - - [11/Sep/2022:02:39:24 +0200] "GET /Oddb2xml/Felder?action=edit HTTP/1.1" 403 18 "-" "Mozilla/5.0 (compatible; MJ12bot/v1.4.8; http://mj12bot.com/)"
192.99.7.191 - - [11/Sep/2022:02:39:26 +0200] "GET /Oddb2xml/Felder?action=edit HTTP/1.1" 403 18 "-" "Mozilla/5.0 (compatible; MJ12bot/v1.4.8; http://mj12bot.com/)"
192.99.7.191 - - [11/Sep/2022:02:39:29 +0200] "GET /PmWiki/AvailableActions?action=edit HTTP/1.1" 403 18 "-" "Mozilla/5.0 (compatible; MJ12bot/v1.4.8; http://mj12bot.com/)"
192.99.7.191 - - [11/Sep/2022:02:39:32 +0200] "GET /PmWiki/ChangeLog?action=edit HTTP/1.1" 403 18 "-" "Mozilla/5.0 (compatible; MJ12bot/v1.4.8; http://mj12bot.com/)"
192.99.7.191 - - [11/Sep/2022:02:39:33 +0200] "GET /RedLaser/BarcodeScanner?action=edit HTTP/1.1" 403 18 "-" "Mozilla/5.0 (compatible; MJ12bot/v1.4.8; http://mj12bot.com/)"
192.99.7.191 - - [11/Sep/2022:02:39:35 +0200] "GET /Refdata/LoeschungFelder?action=edit HTTP/1.1" 403 18 "-" "Mozilla/5.0 (compatible; MJ12bot/v1.4.8; http://mj12bot.com/)"
192.99.7.191 - - [11/Sep/2022:02:39:36 +0200] "GET /Refdatabase/PharmacodeLoeschung?action=edit HTTP/1.1" 403 18 "-" "Mozilla/5.0 (compatible; MJ12bot/v1.4.8; http://mj12bot.com/)"
192.99.7.191 - - [11/Sep/2022:02:39:38 +0200] "GET /Swissmedic/AIPS?action=edit HTTP/1.1" 403 18 "-" "Mozilla/5.0 (compatible; MJ12bot/v1.4.8; http://mj12bot.com/)"
192.99.7.191 - - [11/Sep/2022:02:39:39 +0200] "GET /Swissmedic/Aips2xml?action=edit HTTP/1.1" 403 18 "-" "Mozilla/5.0 (compatible; MJ12bot/v1.4.8; http://mj12bot.com/)"
192.99.7.191 - - [11/Sep/2022:02:39:41 +0200] "GET /Swissmedic/Vertriebsunterbruch?action=edit HTTP/1.1" 403 18 "-" "Mozilla/5.0 (compatible; MJ12bot/v1.4.8; http://mj12bot.com/)"
192.99.7.191 - - [11/Sep/2022:02:39:42 +0200] "GET /Ywesee/ElektronischesPatientendossierSchweiz?action=edit HTTP/1.1" 403 18 "-" "Mozilla/5.0 (compatible; MJ12bot/v1.4.8; http://mj12bot.com/)"
89.246.241.14 - - [11/Sep/2022:02:42:43 +0200] "GET /Ywesee/Team HTTP/1.1" 200 18245 "-" "Mozilla/5.0 (Windows NT 10.0; Win64; x64; rv:84.0) Gecko/20100101 Firefox/84.0"
185.191.171.25 - - [11/Sep/2022:02:46:16 +0200] "GET /robots.txt HTTP/1.1" 200 - "-" "Mozilla/5.0 (compatible; SemrushBot/7~bl; +http://www.semrush.com/bot.html)"
185.191.171.8 - - [11/Sep/2022:02:46:17 +0200] "GET /AmiKo/SAPP?n=Main.SideBar%3Faction%3Dedit HTTP/1.1" 302 157 "-" "Mozilla/5.0 (compatible; SemrushBot/7~bl; +http://www.semrush.com/bot.html)"
89.246.241.14 - - [11/Sep/2022:02:52:16 +0200] "GET /Main/Home?action=edit HTTP/1.1" 200 9273 "-" "Mozilla/5.0 (Windows NT 10.0; Win64; x64; rv:84.0) Gecko/20100101 Firefox/84.0"
89.246.241.14 - - [11/Sep/2022:02:52:21 +0200] "GET /ODDB/IntegrationLookAmpFeelGenerikasuche HTTP/1.1" 200 9097 "-" "Mozilla/5.0 (Windows NT 10.0; Win64; x64; rv:84.0) Gecko/20100101 Firefox/84.0"
66.249.76.200 - - [11/Sep/2022:02:55:39 +0200] "GET /robots.txt HTTP/1.1" 200 - "-" "Mozilla/5.0 (compatible; Googlebot/2.1; +http://www.google.com/bot.html)"
64.71.157.121 - - [11/Sep/2022:02:56:48 +0200] "GET /pmwiki.php/Site/AllRecentChanges?action=rss HTTP/1.1" 200 2546 "-" "Feedbin feed-id:590358 - 1 subscribers"
194.209.200.2 - - [11/Sep/2022:02:58:30 +0200] "GET /robots.txt HTTP/1.1" 200 - "-" "Mozilla/5.0 (compatible; TMMBot/0.2; +http://www.dslab.ch)/Nutch-1.15"
194.209.200.2 - - [11/Sep/2022:02:58:30 +0200] "GET /AmiKo/Linux HTTP/1.1" 200 9217 "-" "Mozilla/5.0 (compatible; TMMBot/0.2; +http://www.dslab.ch)/Nutch-1.15"
194.209.200.2 - - [11/Sep/2022:02:58:34 +0200] "GET /Miele/MieleLXIV HTTP/1.1" 200 15367 "-" "Mozilla/5.0 (compatible; TMMBot/0.2; +http://www.dslab.ch)/Nutch-1.15"
194.209.200.2 - - [11/Sep/2022:03:00:56 +0200] "GET /Main/2015 HTTP/1.1" 200 15908 "-" "Mozilla/5.0 (compatible; TMMBot/0.2; +http://www.dslab.ch)/Nutch-1.15"
194.209.200.2 - - [11/Sep/2022:03:01:06 +0200] "GET /Main/2013 HTTP/1.1" 200 20487 "-" "Mozilla/5.0 (compatible; TMMBot/0.2; +http://www.dslab.ch)/Nutch-1.15"
89.246.241.14 - - [11/Sep/2022:03:01:19 +0200] "GET /Ywesee/OpenSource HTTP/1.1" 200 10790 "-" "Mozilla/5.0 (Windows NT 10.0; Win64; x64; rv:84.0) Gecko/20100101 Firefox/84.0"
194.209.200.2 - - [11/Sep/2022:03:02:35 +0200] "GET /robots.txt HTTP/1.1" 200 - "-" "Mozilla/5.0 (compatible; TMMBot/0.2; +http://www.dslab.ch)/Nutch-1.15"
194.209.200.2 - - [11/Sep/2022:03:04:01 +0200] "GET /Ywesee/OpenSource HTTP/1.1" 200 10790 "-" "Mozilla/5.0 (compatible; TMMBot/0.2; +http://www.dslab.ch)/Nutch-1.15"
194.209.200.2 - - [11/Sep/2022:03:04:53 +0200] "GET /Main/2005 HTTP/1.1" 200 63344 "-" "Mozilla/5.0 (compatible; TMMBot/0.2; +http://www.dslab.ch)/Nutch-1.15"
194.209.200.2 - - [11/Sep/2022:03:05:28 +0200] "GET /ODDB/IntegrationLookAmpFeelGenerikasuche HTTP/1.1" 200 9097 "-" "Mozilla/5.0 (compatible; TMMBot/0.2; +http://www.dslab.ch)/Nutch-1.15"
211.249.246.214 - - [11/Sep/2022:03:07:01 +0200] "GET /robots.txt HTTP/1.1" 200 - "-" "Mozilla/5.0 (compatible; Daum/4.1; +http://cs.daum.net/faq/15/4118.html?faqId=28966)"
211.249.246.214 - - [11/Sep/2022:03:07:20 +0200] "GET /robots.txt HTTP/1.1" 200 - "-" "Mozilla/5.0 (compatible; Daum/4.1; +http://cs.daum.net/faq/15/4118.html?faqId=28966)"
211.249.246.214 - - [11/Sep/2022:03:07:21 +0200] "GET /Oddb2xml/Installation?n=Main.SideBar?action=edit HTTP/1.1" 200 9334 "-" "Mozilla/5.0 (compatible; Daum/4.1; +http://cs.daum.net/faq/15/4118.html?faqId=28966)"
89.246.241.14 - - [11/Sep/2022:03:14:59 +0200] "GET /Ywesee/Events HTTP/1.1" 200 8918 "-" "Mozilla/5.0 (Windows NT 10.0; Win64; x64; rv:84.0) Gecko/20100101 Firefox/84.0"
93.158.161.59 - - [11/Sep/2022:03:19:36 +0200] "GET / HTTP/1.1" 200 12862 "-" "Mozilla/5.0 (compatible; YandexBot/3.0; +http://yandex.com/bots)"
42.236.10.82 - - [11/Sep/2022:03:20:21 +0200] "GET / HTTP/1.1" 200 12862 "https://ywesee.com/" "Mozilla/5.0 (Windows NT 6.1; WOW64) AppleWebKit/537.36 (KHTML, like Gecko) Chrome/50.0.2661.102 Safari/537.36; 360Spider"
157.55.39.181 - - [11/Sep/2022:03:21:23 +0200] "GET /Main/Parsen HTTP/1.1" 200 8581 "-" "Mozilla/5.0 AppleWebKit/537.36 (KHTML, like Gecko; compatible; bingbot/2.0; +http://www.bing.com/bingbot.htm) Chrome/103.0.5060.134 Safari/537.36"
207.46.13.191 - - [11/Sep/2022:03:21:27 +0200] "GET /Miele/MieleLXIV HTTP/1.1" 200 15367 "-" "Mozilla/5.0 AppleWebKit/537.36 (KHTML, like Gecko; compatible; bingbot/2.0; +http://www.bing.com/bingbot.htm) Chrome/103.0.5060.134 Safari/537.36"
180.163.220.45 - - [11/Sep/2022:03:21:29 +0200] "GET / HTTP/1.1" 200 12862 "https://ywesee.com/" "Mozilla/5.0 (Windows NT 6.1; WOW64) AppleWebKit/537.36 (KHTML, like Gecko) Chrome/50.0.2661.102 Safari/537.36; 360Spider"
17.121.114.22 - - [11/Sep/2022:03:21:54 +0200] "GET /Main/2010 HTTP/1.1" 200 27997 "-" "Mozilla/5.0 (Macintosh; Intel Mac OS X 10_15_5) AppleWebKit/605.1.15 (KHTML, like Gecko) Version/13.1.1 Safari/605.1.15 (Applebot/0.1; +http://www.apple.com/go/applebot)"
34.79.196.79 - - [11/Sep/2022:03:22:42 +0200] "HEAD / HTTP/1.1" 200 - "-" "Apache-HttpClient/4.5.5 (Java/11.0.9)"
207.46.13.191 - - [11/Sep/2022:03:24:27 +0200] "GET /Main/SearchWiki?pagename=Main%2FSearchWiki&q=2022 HTTP/1.1" 200 10748 "-" "Mozilla/5.0 AppleWebKit/537.36 (KHTML, like Gecko; compatible; bingbot/2.0; +http://www.bing.com/bingbot.htm) Chrome/103.0.5060.134 Safari/537.36"
65.21.233.213 - - [11/Sep/2022:03:24:55 +0200] "GET /robots.txt HTTP/1.1" 200 - "-" "Mozilla/5.0 (compatible; MJ12bot/v1.4.8; http://mj12bot.com/)"
65.21.233.213 - - [11/Sep/2022:03:25:08 +0200] "GET /Swissmedic/Packungen?action=edit HTTP/1.1" 403 18 "-" "Mozilla/5.0 (compatible; MJ12bot/v1.4.8; http://mj12bot.com/)"
65.21.233.213 - - [11/Sep/2022:03:25:26 +0200] "GET /robots.txt HTTP/1.1" 200 - "-" "Mozilla/5.0 (compatible; MJ12bot/v1.4.8; http://mj12bot.com/)"
65.21.233.213 - - [11/Sep/2022:03:25:45 +0200] "GET /Ywesee/InfoCodexSlideShow?action=edit HTTP/1.1" 403 18 "-" "Mozilla/5.0 (compatible; MJ12bot/v1.4.8; http://mj12bot.com/)"
64.71.157.110 - - [11/Sep/2022:03:29:09 +0200] "GET /pmwiki.php/Site/AllRecentChanges?action=rss HTTP/1.1" 200 2546 "-" "Feedbin feed-id:590358 - 1 subscribers"
180.163.220.45 - - [11/Sep/2022:03:29:17 +0200] "GET / HTTP/1.1" 200 12862 "https://www.ywesee.com/" "Mozilla/5.0 (Windows NT 6.1; WOW64) AppleWebKit/537.36 (KHTML, like Gecko) Chrome/50.0.2661.102 Safari/537.36; 360Spider"
17.121.113.199 - - [11/Sep/2022:03:32:15 +0200] "GET /robots.txt HTTP/1.1" 200 - "-" "Mozilla/5.0 (Macintosh; Intel Mac OS X 10_15_5) AppleWebKit/605.1.15 (KHTML, like Gecko) Version/13.1.1 Safari/605.1.15 (Applebot/0.1; +http://www.apple.com/go/applebot)"
17.121.113.199 - - [11/Sep/2022:03:32:15 +0200] "GET /AmiKo/IOS HTTP/1.1" 200 11930 "-" "Mozilla/5.0 (Macintosh; Intel Mac OS X 10_15_5) AppleWebKit/605.1.15 (KHTML, like Gecko) Version/13.1.1 Safari/605.1.15 (Applebot/0.1; +http://www.apple.com/go/applebot)"
194.209.200.2 - - [11/Sep/2022:03:34:01 +0200] "GET /robots.txt HTTP/1.1" 200 - "-" "Mozilla/5.0 (compatible; TMMBot/0.2; +http://www.dslab.ch)/Nutch-1.15"
194.209.200.2 - - [11/Sep/2022:03:34:01 +0200] "GET /AmiKo/Linux HTTP/1.1" 200 9217 "-" "Mozilla/5.0 (compatible; TMMBot/0.2; +http://www.dslab.ch)/Nutch-1.15"
194.209.200.2 - - [11/Sep/2022:03:34:05 +0200] "GET /Miele/MieleLXIV HTTP/1.1" 200 15367 "-" "Mozilla/5.0 (compatible; TMMBot/0.2; +http://www.dslab.ch)/Nutch-1.15"
194.209.200.2 - - [11/Sep/2022:03:34:33 +0200] "GET /Software/YDIM HTTP/1.1" 200 8834 "-" "Mozilla/5.0 (compatible; TMMBot/0.2; +http://www.dslab.ch)/Nutch-1.15"
66.102.6.6 - - [11/Sep/2022:03:34:53 +0200] "HEAD /pmwiki.php/Site/AllRecentChanges?action=rss HTTP/1.1" 200 - "-" "FeedBurner/1.0 (http://www.FeedBurner.com)"
66.102.6.8 - - [11/Sep/2022:03:34:54 +0200] "GET /pmwiki.php/Site/AllRecentChanges?action=rss HTTP/1.1" 200 2546 "-" "FeedBurner/1.0 (http://www.FeedBurner.com)"
194.209.200.2 - - [11/Sep/2022:03:36:30 +0200] "GET /Main/2015 HTTP/1.1" 200 15908 "-" "Mozilla/5.0 (compatible; TMMBot/0.2; +http://www.dslab.ch)/Nutch-1.15"
194.209.200.2 - - [11/Sep/2022:03:36:38 +0200] "GET /Main/2013 HTTP/1.1" 200 20487 "-" "Mozilla/5.0 (compatible; TMMBot/0.2; +http://www.dslab.ch)/Nutch-1.15"
40.77.167.97 - - [11/Sep/2022:03:37:52 +0200] "GET /robots.txt HTTP/1.1" 200 - "-" "Mozilla/5.0 (compatible; bingbot/2.0; +http://www.bing.com/bingbot.htm)"
194.209.200.2 - - [11/Sep/2022:03:38:00 +0200] "GET /robots.txt HTTP/1.1" 200 - "-" "Mozilla/5.0 (compatible; TMMBot/0.2; +http://www.dslab.ch)/Nutch-1.15"
157.55.39.192 - - [11/Sep/2022:03:38:02 +0200] "GET /uploads/arks/arks_the_game.pdf HTTP/1.1" 404 289 "-" "Mozilla/5.0 (compatible; bingbot/2.0; +http://www.bing.com/bingbot.htm)"
194.209.200.2 - - [11/Sep/2022:03:39:22 +0200] "GET /Ywesee/OpenSource HTTP/1.1" 200 10790 "-" "Mozilla/5.0 (compatible; TMMBot/0.2; +http://www.dslab.ch)/Nutch-1.15"
89.246.241.14 - - [11/Sep/2022:03:40:11 +0200] "GET /Software/Spreadsheet HTTP/1.1" 200 8839 "-" "Mozilla/5.0 (Windows NT 10.0; Win64; x64; rv:84.0) Gecko/20100101 Firefox/84.0"
194.209.200.2 - - [11/Sep/2022:03:40:11 +0200] "GET /Main/2005 HTTP/1.1" 200 63344 "-" "Mozilla/5.0 (compatible; TMMBot/0.2; +http://www.dslab.ch)/Nutch-1.15"
89.246.241.14 - - [11/Sep/2022:03:40:31 +0200] "GET /Software/ODDB HTTP/1.1" 200 10298 "-" "Mozilla/5.0 (Windows NT 10.0; Win64; x64; rv:84.0) Gecko/20100101 Firefox/84.0"
