194.209.200.2 - - [03/Sep/2022:10:24:40 +0200] "GET /ODDB/IndividuelleMediliste HTTP/1.1" 200 9139 "-" "Mozilla/5.0 (compatible; TMMBot/0.2; +http://www.dslab.ch)/Nutch-1.15"
208.100.26.235 - - [03/Sep/2022:10:24:43 +0200] "GET / HTTP/1.1" 200 12498 "http://ywesee.net/" "Mozilla/5.0 (iPad; CPU OS 10_3_3 like Mac OS X) AppleWebKit/603.3.8 (KHTML, like Gecko) Version/9.0 Mobile/13B143 Safari/601.1"
194.209.200.2 - - [03/Sep/2022:10:25:09 +0200] "GET /Main/2017 HTTP/1.1" 200 15840 "-" "Mozilla/5.0 (compatible; TMMBot/0.2; +http://www.dslab.ch)/Nutch-1.15"
194.209.200.2 - - [03/Sep/2022:10:25:19 +0200] "GET /Main/2015 HTTP/1.1" 200 15908 "-" "Mozilla/5.0 (compatible; TMMBot/0.2; +http://www.dslab.ch)/Nutch-1.15"
194.209.200.2 - - [03/Sep/2022:10:25:30 +0200] "GET /Main/2013 HTTP/1.1" 200 20487 "-" "Mozilla/5.0 (compatible; TMMBot/0.2; +http://www.dslab.ch)/Nutch-1.15"
194.209.200.2 - - [03/Sep/2022:10:26:18 +0200] "GET /AmiKo/OSX HTTP/1.1" 200 9772 "-" "Mozilla/5.0 (compatible; TMMBot/0.2; +http://www.dslab.ch)/Nutch-1.15"
194.209.200.2 - - [03/Sep/2022:10:27:32 +0200] "GET /AmiKo/Web HTTP/1.1" 200 9588 "-" "Mozilla/5.0 (compatible; TMMBot/0.2; +http://www.dslab.ch)/Nutch-1.15"
194.209.200.2 - - [03/Sep/2022:10:27:38 +0200] "GET /Generikacc/App HTTP/1.1" 200 11862 "-" "Mozilla/5.0 (compatible; TMMBot/0.2; +http://www.dslab.ch)/Nutch-1.15"
194.209.200.2 - - [03/Sep/2022:10:28:24 +0200] "GET /Ywesee/OpenSource HTTP/1.1" 200 10790 "-" "Mozilla/5.0 (compatible; TMMBot/0.2; +http://www.dslab.ch)/Nutch-1.15"
89.246.241.14 - - [03/Sep/2022:10:28:41 +0200] "GET /Main/2006?action=edit HTTP/1.1" 200 9271 "-" "Mozilla/5.0 (Windows NT 10.0; Win64; x64; rv:84.0) Gecko/20100101 Firefox/84.0"
194.209.200.2 - - [03/Sep/2022:10:29:14 +0200] "GET /Software/BBMB HTTP/1.1" 200 9385 "-" "Mozilla/5.0 (compatible; TMMBot/0.2; +http://www.dslab.ch)/Nutch-1.15"
194.209.200.2 - - [03/Sep/2022:10:29:15 +0200] "GET /Main/2005 HTTP/1.1" 200 63344 "-" "Mozilla/5.0 (compatible; TMMBot/0.2; +http://www.dslab.ch)/Nutch-1.15"
194.209.200.2 - - [03/Sep/2022:10:29:25 +0200] "GET /Main/2016 HTTP/1.1" 200 13689 "-" "Mozilla/5.0 (compatible; TMMBot/0.2; +http://www.dslab.ch)/Nutch-1.15"
89.246.241.14 - - [03/Sep/2022:10:29:38 +0200] "GET /Oddb2xml/XSD HTTP/1.1" 200 8519 "-" "Mozilla/5.0 (Windows NT 10.0; Win64; x64; rv:84.0) Gecko/20100101 Firefox/84.0"
194.209.200.2 - - [03/Sep/2022:10:29:58 +0200] "GET /Main/ComCo19122016 HTTP/1.1" 200 10547 "-" "Mozilla/5.0 (compatible; TMMBot/0.2; +http://www.dslab.ch)/Nutch-1.15"
118.184.177.80 - - [03/Sep/2022:10:30:36 +0200] "GET / HTTP/1.1" 200 12498 "-" "Sogou web spider/4.0(+http://www.sogou.com/docs/help/webmasters.htm#07)"
89.246.241.14 - - [03/Sep/2022:10:36:42 +0200] "GET /Ywesee/InfoCodexProcedure HTTP/1.1" 200 12373 "-" "Mozilla/5.0 (Windows NT 10.0; Win64; x64; rv:84.0) Gecko/20100101 Firefox/84.0"
89.246.241.14 - - [03/Sep/2022:10:37:39 +0200] "GET /Main/2014?action=print HTTP/1.1" 200 14490 "-" "Mozilla/5.0 (Windows NT 10.0; Win64; x64; rv:84.0) Gecko/20100101 Firefox/84.0"
89.246.241.14 - - [03/Sep/2022:10:38:06 +0200] "GET /Main/2007?action=edit HTTP/1.1" 200 9271 "-" "Mozilla/5.0 (Windows NT 10.0; Win64; x64; rv:84.0) Gecko/20100101 Firefox/84.0"
66.249.70.201 - - [03/Sep/2022:10:42:49 +0200] "GET /amiko/privacy HTTP/1.1" 404 272 "-" "Mozilla/5.0 (compatible; Googlebot/2.1; +http://www.google.com/bot.html)"
89.246.241.14 - - [03/Sep/2022:10:43:28 +0200] "GET /uploads/Main/Chaos_auf_dem_Medikamenten-Markt.pdf HTTP/1.1" 200 67922 "-" "Mozilla/5.0 (Windows NT 10.0; Win64; x64; rv:84.0) Gecko/20100101 Firefox/84.0"
89.246.241.14 - - [03/Sep/2022:10:43:56 +0200] "GET /uploads/Main/Distributed_Import_Option_in_InfoCodex.pdf HTTP/1.1" 200 223378 "-" "Mozilla/5.0 (Windows NT 10.0; Win64; x64; rv:84.0) Gecko/20100101 Firefox/84.0"
66.249.70.201 - - [03/Sep/2022:10:46:05 +0200] "GET / HTTP/1.1" 200 12498 "-" "Mozilla/5.0 (compatible; Googlebot/2.1; +http://www.google.com/bot.html)"
89.246.241.14 - - [03/Sep/2022:10:51:20 +0200] "GET /Main/HirslandenProfessional HTTP/1.1" 200 8885 "-" "Mozilla/5.0 (Windows NT 10.0; Win64; x64; rv:84.0) Gecko/20100101 Firefox/84.0"
89.246.241.14 - - [03/Sep/2022:10:52:15 +0200] "GET /Main/MyMedi HTTP/1.1" 200 9646 "-" "Mozilla/5.0 (Windows NT 10.0; Win64; x64; rv:84.0) Gecko/20100101 Firefox/84.0"
89.246.241.14 - - [03/Sep/2022:10:56:10 +0200] "GET /Main/2005?action=upload HTTP/1.1" 200 8737 "-" "Mozilla/5.0 (Windows NT 10.0; Win64; x64; rv:84.0) Gecko/20100101 Firefox/84.0"
194.209.200.2 - - [03/Sep/2022:10:59:37 +0200] "GET /robots.txt HTTP/1.1" 200 - "-" "Mozilla/5.0 (compatible; TMMBot/0.2; +http://www.dslab.ch)/Nutch-1.15"
194.209.200.2 - - [03/Sep/2022:10:59:37 +0200] "GET /Oddb2xml/Index HTTP/1.1" 200 8983 "-" "Mozilla/5.0 (compatible; TMMBot/0.2; +http://www.dslab.ch)/Nutch-1.15"
194.209.200.2 - - [03/Sep/2022:10:59:59 +0200] "GET /Miele/MieleLXIV HTTP/1.1" 200 15367 "-" "Mozilla/5.0 (compatible; TMMBot/0.2; +http://www.dslab.ch)/Nutch-1.15"
89.246.241.14 - - [03/Sep/2022:11:00:02 +0200] "GET /Main/2014?action=edit HTTP/1.1" 200 9271 "-" "Mozilla/5.0 (Windows NT 10.0; Win64; x64; rv:84.0) Gecko/20100101 Firefox/84.0"
194.209.200.2 - - [03/Sep/2022:11:00:05 +0200] "GET /AmiKo/Windows HTTP/1.1" 200 10332 "-" "Mozilla/5.0 (compatible; TMMBot/0.2; +http://www.dslab.ch)/Nutch-1.15"
54.36.149.62 - - [03/Sep/2022:11:01:17 +0200] "GET /robots.txt HTTP/1.1" 200 - "-" "Mozilla/5.0 (compatible; AhrefsBot/7.0; +http://ahrefs.com/robot/)"
89.246.241.14 - - [03/Sep/2022:11:01:38 +0200] "GET /Main/Legende HTTP/1.1" 200 9217 "-" "Mozilla/5.0 (Windows NT 10.0; Win64; x64; rv:84.0) Gecko/20100101 Firefox/84.0"
194.209.200.2 - - [03/Sep/2022:11:01:42 +0200] "GET /ODDB/IndividuelleMediliste HTTP/1.1" 200 9139 "-" "Mozilla/5.0 (compatible; TMMBot/0.2; +http://www.dslab.ch)/Nutch-1.15"
89.246.241.14 - - [03/Sep/2022:11:01:43 +0200] "GET /Main/EANCode HTTP/1.1" 200 9821 "-" "Mozilla/5.0 (Windows NT 10.0; Win64; x64; rv:84.0) Gecko/20100101 Firefox/84.0"
194.209.200.2 - - [03/Sep/2022:11:02:10 +0200] "GET /Main/2017 HTTP/1.1" 200 15840 "-" "Mozilla/5.0 (compatible; TMMBot/0.2; +http://www.dslab.ch)/Nutch-1.15"
194.209.200.2 - - [03/Sep/2022:11:02:19 +0200] "GET /Main/2015 HTTP/1.1" 200 15908 "-" "Mozilla/5.0 (compatible; TMMBot/0.2; +http://www.dslab.ch)/Nutch-1.15"
194.209.200.2 - - [03/Sep/2022:11:03:13 +0200] "GET /AmiKo/OSX HTTP/1.1" 200 9772 "-" "Mozilla/5.0 (compatible; TMMBot/0.2; +http://www.dslab.ch)/Nutch-1.15"
54.36.148.86 - - [03/Sep/2022:11:03:16 +0200] "GET /Ywesee/Kontakt HTTP/1.1" 200 8973 "-" "Mozilla/5.0 (compatible; AhrefsBot/7.0; +http://ahrefs.com/robot/)"
194.209.200.2 - - [03/Sep/2022:11:04:22 +0200] "GET /AmiKo/Web HTTP/1.1" 200 9588 "-" "Mozilla/5.0 (compatible; TMMBot/0.2; +http://www.dslab.ch)/Nutch-1.15"
194.209.200.2 - - [03/Sep/2022:11:04:28 +0200] "GET /Generikacc/App HTTP/1.1" 200 11862 "-" "Mozilla/5.0 (compatible; TMMBot/0.2; +http://www.dslab.ch)/Nutch-1.15"
194.209.200.2 - - [03/Sep/2022:11:05:12 +0200] "GET /Ywesee/OpenSource HTTP/1.1" 200 10790 "-" "Mozilla/5.0 (compatible; TMMBot/0.2; +http://www.dslab.ch)/Nutch-1.15"
194.209.200.2 - - [03/Sep/2022:11:05:45 +0200] "GET /Main/2009 HTTP/1.1" 200 21688 "-" "Mozilla/5.0 (compatible; TMMBot/0.2; +http://www.dslab.ch)/Nutch-1.15"
194.209.200.2 - - [03/Sep/2022:11:06:00 +0200] "GET /Software/BBMB HTTP/1.1" 200 9385 "-" "Mozilla/5.0 (compatible; TMMBot/0.2; +http://www.dslab.ch)/Nutch-1.15"
194.209.200.2 - - [03/Sep/2022:11:06:03 +0200] "GET /Main/2005 HTTP/1.1" 200 63344 "-" "Mozilla/5.0 (compatible; TMMBot/0.2; +http://www.dslab.ch)/Nutch-1.15"
194.209.200.2 - - [03/Sep/2022:11:06:12 +0200] "GET /Main/2016 HTTP/1.1" 200 13689 "-" "Mozilla/5.0 (compatible; TMMBot/0.2; +http://www.dslab.ch)/Nutch-1.15"
66.249.70.201 - - [03/Sep/2022:11:06:33 +0200] "GET /Android/AmiKo HTTP/1.1" 200 9995 "-" "Mozilla/5.0 (Linux; Android 6.0.1; Nexus 5X Build/MMB29P) AppleWebKit/537.36 (KHTML, like Gecko) Chrome/104.0.5112.101 Mobile Safari/537.36 (compatible; Googlebot/2.1; +http://www.google.com/bot.html)"
194.209.200.2 - - [03/Sep/2022:11:06:43 +0200] "GET /Main/ComCo19122016 HTTP/1.1" 200 10547 "-" "Mozilla/5.0 (compatible; TMMBot/0.2; +http://www.dslab.ch)/Nutch-1.15"
89.246.241.14 - - [03/Sep/2022:11:07:31 +0200] "GET /Main/2006?action=diff HTTP/1.1" 200 41442 "-" "Mozilla/5.0 (Windows NT 10.0; Win64; x64; rv:84.0) Gecko/20100101 Firefox/84.0"
40.77.167.47 - - [03/Sep/2022:11:13:40 +0200] "GET /Miele/MieleLXIV HTTP/1.1" 200 15367 "-" "Mozilla/5.0 (compatible; bingbot/2.0; +http://www.bing.com/bingbot.htm)"
89.246.241.14 - - [03/Sep/2022:11:13:41 +0200] "GET /Main/MediStammdatenKostenSchweiz HTTP/1.1" 200 10264 "-" "Mozilla/5.0 (Windows NT 10.0; Win64; x64; rv:84.0) Gecko/20100101 Firefox/84.0"
157.55.39.106 - - [03/Sep/2022:11:13:45 +0200] "GET /Main/Parsen HTTP/1.1" 200 8581 "-" "Mozilla/5.0 (compatible; bingbot/2.0; +http://www.bing.com/bingbot.htm)"
89.246.241.14 - - [03/Sep/2022:11:21:50 +0200] "GET /uploads/Main/Seite_1.pdf HTTP/1.1" 200 1100985 "-" "Mozilla/5.0 (Windows NT 10.0; Win64; x64; rv:84.0) Gecko/20100101 Firefox/84.0"
207.46.13.198 - - [03/Sep/2022:11:29:07 +0200] "GET /Ywesee/IGM11?action=upload HTTP/1.1" 403 18 "-" "Mozilla/5.0 (compatible; bingbot/2.0; +http://www.bing.com/bingbot.htm)"
185.191.171.24 - - [03/Sep/2022:11:33:18 +0200] "GET /robots.txt HTTP/1.1" 200 - "-" "Mozilla/5.0 (compatible; SemrushBot/7~bl; +http://www.semrush.com/bot.html)"
185.191.171.23 - - [03/Sep/2022:11:33:19 +0200] "GET /AmiKo/Cpp2sqlite?action=diff HTTP/1.1" 403 18 "-" "Mozilla/5.0 (compatible; SemrushBot/7~bl; +http://www.semrush.com/bot.html)"
89.246.241.14 - - [03/Sep/2022:11:34:10 +0200] "GET /Ywesee/BitcoinBlockchain HTTP/1.1" 200 9811 "-" "Mozilla/5.0 (Windows NT 10.0; Win64; x64; rv:84.0) Gecko/20100101 Firefox/84.0"
194.209.200.2 - - [03/Sep/2022:11:34:43 +0200] "GET /robots.txt HTTP/1.1" 200 - "-" "Mozilla/5.0 (compatible; TMMBot/0.2; +http://www.dslab.ch)/Nutch-1.15"
194.209.200.2 - - [03/Sep/2022:11:34:44 +0200] "GET /Oddb2xml/Index HTTP/1.1" 200 8983 "-" "Mozilla/5.0 (compatible; TMMBot/0.2; +http://www.dslab.ch)/Nutch-1.15"
194.209.200.2 - - [03/Sep/2022:11:35:20 +0200] "GET /AmiKo/Windows HTTP/1.1" 200 10332 "-" "Mozilla/5.0 (compatible; TMMBot/0.2; +http://www.dslab.ch)/Nutch-1.15"
194.209.200.2 - - [03/Sep/2022:11:37:01 +0200] "GET /ODDB/IndividuelleMediliste HTTP/1.1" 200 9139 "-" "Mozilla/5.0 (compatible; TMMBot/0.2; +http://www.dslab.ch)/Nutch-1.15"
89.246.241.14 - - [03/Sep/2022:11:37:26 +0200] "GET /Main/2005?action=diff HTTP/1.1" 200 94077 "-" "Mozilla/5.0 (Windows NT 10.0; Win64; x64; rv:84.0) Gecko/20100101 Firefox/84.0"
194.209.200.2 - - [03/Sep/2022:11:37:31 +0200] "GET /Main/2017 HTTP/1.1" 200 15840 "-" "Mozilla/5.0 (compatible; TMMBot/0.2; +http://www.dslab.ch)/Nutch-1.15"
89.246.241.14 - - [03/Sep/2022:11:37:33 +0200] "GET /Main/2014?action=diff HTTP/1.1" 200 19552 "-" "Mozilla/5.0 (Windows NT 10.0; Win64; x64; rv:84.0) Gecko/20100101 Firefox/84.0"
194.209.200.2 - - [03/Sep/2022:11:37:39 +0200] "GET /Main/2015 HTTP/1.1" 200 15908 "-" "Mozilla/5.0 (compatible; TMMBot/0.2; +http://www.dslab.ch)/Nutch-1.15"
194.209.200.2 - - [03/Sep/2022:11:37:48 +0200] "GET /Main/2013 HTTP/1.1" 200 20487 "-" "Mozilla/5.0 (compatible; TMMBot/0.2; +http://www.dslab.ch)/Nutch-1.15"
194.209.200.2 - - [03/Sep/2022:11:38:35 +0200] "GET /AmiKo/OSX HTTP/1.1" 200 9772 "-" "Mozilla/5.0 (compatible; TMMBot/0.2; +http://www.dslab.ch)/Nutch-1.15"
194.209.200.2 - - [03/Sep/2022:11:39:48 +0200] "GET /AmiKo/Web HTTP/1.1" 200 9588 "-" "Mozilla/5.0 (compatible; TMMBot/0.2; +http://www.dslab.ch)/Nutch-1.15"
194.209.200.2 - - [03/Sep/2022:11:39:54 +0200] "GET /Generikacc/App HTTP/1.1" 200 11862 "-" "Mozilla/5.0 (compatible; TMMBot/0.2; +http://www.dslab.ch)/Nutch-1.15"
194.209.200.2 - - [03/Sep/2022:11:40:41 +0200] "GET /Ywesee/OpenSource HTTP/1.1" 200 10790 "-" "Mozilla/5.0 (compatible; TMMBot/0.2; +http://www.dslab.ch)/Nutch-1.15"
194.209.200.2 - - [03/Sep/2022:11:41:34 +0200] "GET /Software/BBMB HTTP/1.1" 200 9385 "-" "Mozilla/5.0 (compatible; TMMBot/0.2; +http://www.dslab.ch)/Nutch-1.15"
194.209.200.2 - - [03/Sep/2022:11:41:35 +0200] "GET /Main/2005 HTTP/1.1" 200 63344 "-" "Mozilla/5.0 (compatible; TMMBot/0.2; +http://www.dslab.ch)/Nutch-1.15"
194.209.200.2 - - [03/Sep/2022:11:41:48 +0200] "GET /Main/2016 HTTP/1.1" 200 13689 "-" "Mozilla/5.0 (compatible; TMMBot/0.2; +http://www.dslab.ch)/Nutch-1.15"
194.209.200.2 - - [03/Sep/2022:11:42:25 +0200] "GET /Main/ComCo19122016 HTTP/1.1" 200 10547 "-" "Mozilla/5.0 (compatible; TMMBot/0.2; +http://www.dslab.ch)/Nutch-1.15"
89.246.241.14 - - [03/Sep/2022:11:45:53 +0200] "GET /ODDB/Flow HTTP/1.1" 200 8944 "-" "Mozilla/5.0 (Windows NT 10.0; Win64; x64; rv:84.0) Gecko/20100101 Firefox/84.0"
89.246.241.14 - - [03/Sep/2022:11:46:45 +0200] "GET /uploads/Main/fmh_stellungnahme_kompendiumsbuch_20.11.2007.pdf HTTP/1.1" 200 67339 "-" "Mozilla/5.0 (Windows NT 10.0; Win64; x64; rv:84.0) Gecko/20100101 Firefox/84.0"
185.191.171.23 - - [03/Sep/2022:11:50:43 +0200] "GET /Swissmedic/PraeparatelisteMitWS?action=upload HTTP/1.1" 403 18 "-" "Mozilla/5.0 (compatible; SemrushBot/7~bl; +http://www.semrush.com/bot.html)"
208.100.26.246 - - [03/Sep/2022:11:58:07 +0200] "GET / HTTP/1.1" 200 12498 "http://ywesee.org/" "Mozilla/5.0 (Windows NT 10.0; Win64; x64) AppleWebKit/537.36 (KHTML, like Gecko) Chrome/79.0.4101.79 Safari/537.36"
89.246.241.14 - - [03/Sep/2022:12:04:39 +0200] "GET /Main/FAZ HTTP/1.1" 200 8325 "-" "Mozilla/5.0 (Windows NT 10.0; Win64; x64; rv:84.0) Gecko/20100101 Firefox/84.0"
194.209.200.2 - - [03/Sep/2022:12:07:52 +0200] "GET /robots.txt HTTP/1.1" 200 - "-" "Mozilla/5.0 (compatible; TMMBot/0.2; +http://www.dslab.ch)/Nutch-1.15"
194.209.200.2 - - [03/Sep/2022:12:07:52 +0200] "GET /AmiKo/Linux HTTP/1.1" 200 9217 "-" "Mozilla/5.0 (compatible; TMMBot/0.2; +http://www.dslab.ch)/Nutch-1.15"
194.209.200.2 - - [03/Sep/2022:12:07:57 +0200] "GET /Miele/MieleLXIV HTTP/1.1" 200 15367 "-" "Mozilla/5.0 (compatible; TMMBot/0.2; +http://www.dslab.ch)/Nutch-1.15"
194.209.200.2 - - [03/Sep/2022:12:08:02 +0200] "GET /AmiKo/Windows HTTP/1.1" 200 10332 "-" "Mozilla/5.0 (compatible; TMMBot/0.2; +http://www.dslab.ch)/Nutch-1.15"
194.209.200.2 - - [03/Sep/2022:12:09:34 +0200] "GET /ODDB/IndividuelleMediliste HTTP/1.1" 200 9139 "-" "Mozilla/5.0 (compatible; TMMBot/0.2; +http://www.dslab.ch)/Nutch-1.15"
194.209.200.2 - - [03/Sep/2022:12:10:01 +0200] "GET /Main/2017 HTTP/1.1" 200 15840 "-" "Mozilla/5.0 (compatible; TMMBot/0.2; +http://www.dslab.ch)/Nutch-1.15"
194.209.200.2 - - [03/Sep/2022:12:10:10 +0200] "GET /Main/2015 HTTP/1.1" 200 15908 "-" "Mozilla/5.0 (compatible; TMMBot/0.2; +http://www.dslab.ch)/Nutch-1.15"
194.209.200.2 - - [03/Sep/2022:12:10:19 +0200] "GET /Main/2013 HTTP/1.1" 200 20487 "-" "Mozilla/5.0 (compatible; TMMBot/0.2; +http://www.dslab.ch)/Nutch-1.15"
194.209.200.2 - - [03/Sep/2022:12:11:02 +0200] "GET /AmiKo/OSX HTTP/1.1" 200 9772 "-" "Mozilla/5.0 (compatible; TMMBot/0.2; +http://www.dslab.ch)/Nutch-1.15"
89.246.241.14 - - [03/Sep/2022:12:11:10 +0200] "GET /MEDIupdateXML/Aerzte HTTP/1.1" 200 8529 "-" "Mozilla/5.0 (Windows NT 10.0; Win64; x64; rv:84.0) Gecko/20100101 Firefox/84.0"
194.209.200.2 - - [03/Sep/2022:12:12:08 +0200] "GET /AmiKo/Web HTTP/1.1" 200 9588 "-" "Mozilla/5.0 (compatible; TMMBot/0.2; +http://www.dslab.ch)/Nutch-1.15"
194.209.200.2 - - [03/Sep/2022:12:12:14 +0200] "GET /Generikacc/App HTTP/1.1" 200 11862 "-" "Mozilla/5.0 (compatible; TMMBot/0.2; +http://www.dslab.ch)/Nutch-1.15"
194.209.200.2 - - [03/Sep/2022:12:12:54 +0200] "GET /Ywesee/OpenSource HTTP/1.1" 200 10790 "-" "Mozilla/5.0 (compatible; TMMBot/0.2; +http://www.dslab.ch)/Nutch-1.15"
194.209.200.2 - - [03/Sep/2022:12:13:41 +0200] "GET /Software/BBMB HTTP/1.1" 200 9385 "-" "Mozilla/5.0 (compatible; TMMBot/0.2; +http://www.dslab.ch)/Nutch-1.15"
194.209.200.2 - - [03/Sep/2022:12:13:43 +0200] "GET /Main/2005 HTTP/1.1" 200 63344 "-" "Mozilla/5.0 (compatible; TMMBot/0.2; +http://www.dslab.ch)/Nutch-1.15"
194.209.200.2 - - [03/Sep/2022:12:14:21 +0200] "GET /Main/ComCo19122016 HTTP/1.1" 200 10547 "-" "Mozilla/5.0 (compatible; TMMBot/0.2; +http://www.dslab.ch)/Nutch-1.15"
89.246.241.14 - - [03/Sep/2022:12:14:56 +0200] "GET /Main/WekoBlog HTTP/1.1" 200 22209 "-" "Mozilla/5.0 (Windows NT 10.0; Win64; x64; rv:84.0) Gecko/20100101 Firefox/84.0"
89.246.241.14 - - [03/Sep/2022:12:19:30 +0200] "GET /Main/Saldo HTTP/1.1" 200 8416 "-" "Mozilla/5.0 (Windows NT 10.0; Win64; x64; rv:84.0) Gecko/20100101 Firefox/84.0"
89.246.241.14 - - [03/Sep/2022:12:22:49 +0200] "GET /Epha/Flow HTTP/1.1" 200 8668 "-" "Mozilla/5.0 (Windows NT 10.0; Win64; x64; rv:84.0) Gecko/20100101 Firefox/84.0"
89.246.241.14 - - [03/Sep/2022:12:29:24 +0200] "GET /uploads/Main/IC-Enterprise.pdf HTTP/1.1" 200 868608 "-" "Mozilla/5.0 (Windows NT 10.0; Win64; x64; rv:84.0) Gecko/20100101 Firefox/84.0"
89.246.241.14 - - [03/Sep/2022:12:29:48 +0200] "GET /uploads/Main/Schreiben_Bfarm_20.3.2007.pdf HTTP/1.1" 200 607598 "-" "Mozilla/5.0 (Windows NT 10.0; Win64; x64; rv:84.0) Gecko/20100101 Firefox/84.0"
89.246.241.14 - - [03/Sep/2022:12:31:51 +0200] "GET /Main/2007?n=Main.SideBar?action=edit HTTP/1.1" 200 9322 "-" "Mozilla/5.0 (Windows NT 10.0; Win64; x64; rv:84.0) Gecko/20100101 Firefox/84.0"
89.246.241.14 - - [03/Sep/2022:12:35:07 +0200] "GET /Ywesee/KurzFachinfo HTTP/1.1" 200 8845 "-" "Mozilla/5.0 (Windows NT 10.0; Win64; x64; rv:84.0) Gecko/20100101 Firefox/84.0"
194.209.200.2 - - [03/Sep/2022:12:42:40 +0200] "GET /robots.txt HTTP/1.1" 200 - "-" "Mozilla/5.0 (compatible; TMMBot/0.2; +http://www.dslab.ch)/Nutch-1.15"
194.209.200.2 - - [03/Sep/2022:12:42:40 +0200] "GET /Miele/MieleLXIV HTTP/1.1" 200 15367 "-" "Mozilla/5.0 (compatible; TMMBot/0.2; +http://www.dslab.ch)/Nutch-1.15"
194.209.200.2 - - [03/Sep/2022:12:42:46 +0200] "GET /AmiKo/Windows HTTP/1.1" 200 10332 "-" "Mozilla/5.0 (compatible; TMMBot/0.2; +http://www.dslab.ch)/Nutch-1.15"
89.246.241.14 - - [03/Sep/2022:12:42:49 +0200] "GET /Main/2006?n=Main.SideBar?action=edit HTTP/1.1" 200 9322 "-" "Mozilla/5.0 (Windows NT 10.0; Win64; x64; rv:84.0) Gecko/20100101 Firefox/84.0"
194.209.200.2 - - [03/Sep/2022:12:44:19 +0200] "GET /ODDB/IndividuelleMediliste HTTP/1.1" 200 9139 "-" "Mozilla/5.0 (compatible; TMMBot/0.2; +http://www.dslab.ch)/Nutch-1.15"
194.209.200.2 - - [03/Sep/2022:12:44:46 +0200] "GET /Main/2017 HTTP/1.1" 200 15840 "-" "Mozilla/5.0 (compatible; TMMBot/0.2; +http://www.dslab.ch)/Nutch-1.15"
194.209.200.2 - - [03/Sep/2022:12:44:55 +0200] "GET /Main/2015 HTTP/1.1" 200 15908 "-" "Mozilla/5.0 (compatible; TMMBot/0.2; +http://www.dslab.ch)/Nutch-1.15"
194.209.200.2 - - [03/Sep/2022:12:45:49 +0200] "GET /AmiKo/OSX HTTP/1.1" 200 9772 "-" "Mozilla/5.0 (compatible; TMMBot/0.2; +http://www.dslab.ch)/Nutch-1.15"
194.209.200.2 - - [03/Sep/2022:12:47:00 +0200] "GET /AmiKo/Web HTTP/1.1" 200 9588 "-" "Mozilla/5.0 (compatible; TMMBot/0.2; +http://www.dslab.ch)/Nutch-1.15"
194.209.200.2 - - [03/Sep/2022:12:47:05 +0200] "GET /Generikacc/App HTTP/1.1" 200 11862 "-" "Mozilla/5.0 (compatible; TMMBot/0.2; +http://www.dslab.ch)/Nutch-1.15"
125.209.235.173 - - [03/Sep/2022:12:47:27 +0200] "GET /robots.txt HTTP/1.1" 200 - "-" "Mozilla/5.0 (compatible; Yeti/1.1; +https://naver.me/spd)"
211.249.46.45 - - [03/Sep/2022:12:47:28 +0200] "GET / HTTP/1.1" 200 12498 "-" "Mozilla/5.0 (compatible; Yeti/1.1; +https://naver.me/spd)"
194.209.200.2 - - [03/Sep/2022:12:47:47 +0200] "GET /Ywesee/OpenSource HTTP/1.1" 200 10790 "-" "Mozilla/5.0 (compatible; TMMBot/0.2; +http://www.dslab.ch)/Nutch-1.15"
89.246.241.14 - - [03/Sep/2022:12:48:28 +0200] "GET /uploads/Main/Saldo_12.9.2007.pdf HTTP/1.1" 200 6147 "-" "Mozilla/5.0 (Windows NT 10.0; Win64; x64; rv:84.0) Gecko/20100101 Firefox/84.0"
194.209.200.2 - - [03/Sep/2022:12:48:32 +0200] "GET /Software/BBMB HTTP/1.1" 200 9385 "-" "Mozilla/5.0 (compatible; TMMBot/0.2; +http://www.dslab.ch)/Nutch-1.15"
194.209.200.2 - - [03/Sep/2022:12:48:34 +0200] "GET /Main/2005 HTTP/1.1" 200 63344 "-" "Mozilla/5.0 (compatible; TMMBot/0.2; +http://www.dslab.ch)/Nutch-1.15"
194.209.200.2 - - [03/Sep/2022:12:49:15 +0200] "GET /Main/ComCo19122016 HTTP/1.1" 200 10547 "-" "Mozilla/5.0 (compatible; TMMBot/0.2; +http://www.dslab.ch)/Nutch-1.15"
81.17.57.144 - - [03/Sep/2022:12:51:29 +0200] "GET /robots.txt HTTP/1.1" 200 - "-" "Mozilla/5.0 (compatible; MJ12bot/v1.4.8; http://mj12bot.com/)"
81.17.57.144 - - [03/Sep/2022:12:51:32 +0200] "GET / HTTP/1.1" 200 12498 "-" "Mozilla/5.0 (compatible; MJ12bot/v1.4.8; http://mj12bot.com/)"
81.17.57.144 - - [03/Sep/2022:12:51:36 +0200] "GET / HTTP/1.1" 200 12498 "-" "Mozilla/5.0 (compatible; MJ12bot/v1.4.8; http://mj12bot.com/)"
54.91.88.140 - - [03/Sep/2022:12:53:13 +0200] "GET /robots.txt HTTP/1.1" 200 - "-" "Mozilla/5.0/Firefox/42.0 - nbertaupete95(at)gmail.com"
54.91.88.140 - - [03/Sep/2022:12:53:13 +0200] "GET /uploads/Main/InfoCodex_Master_26.3.2021.pdf HTTP/1.1" 304 - "-" "Mozilla/5.0/Firefox/42.0 - nbertaupete95(at)gmail.com"
54.91.88.140 - - [03/Sep/2022:12:53:19 +0200] "GET /uploads/Main/Kommerzialisierung_von_elektronischen_Medikamenteninformationen_Verfgung_vom_19._Dezember_2016_Version_7.1.2021.pdf HTTP/1.1" 304 - "-" "Mozilla/5.0/Firefox/42.0 - nbertaupete95(at)gmail.com"
89.246.241.14 - - [03/Sep/2022:12:53:40 +0200] "GET /Main/2005?n=Main.SideBar?action=edit HTTP/1.1" 200 9322 "-" "Mozilla/5.0 (Windows NT 10.0; Win64; x64; rv:84.0) Gecko/20100101 Firefox/84.0"
89.246.241.14 - - [03/Sep/2022:12:56:15 +0200] "GET /Ywesee/ElektronischesPatientendossierSchweiz HTTP/1.1" 200 11065 "-" "Mozilla/5.0 (Windows NT 10.0; Win64; x64; rv:84.0) Gecko/20100101 Firefox/84.0"
17.121.113.140 - - [03/Sep/2022:13:00:16 +0200] "GET /robots.txt HTTP/1.1" 200 - "-" "Mozilla/5.0 (Macintosh; Intel Mac OS X 10_15_5) AppleWebKit/605.1.15 (KHTML, like Gecko) Version/13.1.1 Safari/605.1.15 (Applebot/0.1; +http://www.apple.com/go/applebot)"
17.121.113.140 - - [03/Sep/2022:13:00:16 +0200] "GET / HTTP/1.1" 200 12498 "-" "Mozilla/5.0 (Macintosh; Intel Mac OS X 10_15_5) AppleWebKit/605.1.15 (KHTML, like Gecko) Version/13.1.1 Safari/605.1.15 (Applebot/0.1; +http://www.apple.com/go/applebot)"
89.246.241.14 - - [03/Sep/2022:13:06:32 +0200] "GET /Main/2007?action=print HTTP/1.1" 200 45502 "-" "Mozilla/5.0 (Windows NT 10.0; Win64; x64; rv:84.0) Gecko/20100101 Firefox/84.0"
89.246.241.14 - - [03/Sep/2022:13:10:04 +0200] "GET /uploads/Main/an_jenny_17.10.2007.pdf HTTP/1.1" 200 154981 "-" "Mozilla/5.0 (Windows NT 10.0; Win64; x64; rv:84.0) Gecko/20100101 Firefox/84.0"
54.36.148.201 - - [03/Sep/2022:13:10:43 +0200] "GET / HTTP/1.1" 200 12498 "-" "Mozilla/5.0 (compatible; AhrefsBot/7.0; +http://ahrefs.com/robot/)"
89.246.241.14 - - [03/Sep/2022:13:11:15 +0200] "GET /Main/Elexis HTTP/1.1" 200 10922 "-" "Mozilla/5.0 (Windows NT 10.0; Win64; x64; rv:84.0) Gecko/20100101 Firefox/84.0"
35.153.101.180 - - [03/Sep/2022:13:12:31 +0200] "GET /robots.txt HTTP/1.1" 200 - "-" "MauiBot (crawler.feedback+gamma@gmail.com)"
114.119.141.201 - - [03/Sep/2022:13:13:11 +0200] "GET /robots.txt HTTP/1.1" 200 - "-" "Mozilla/5.0 (compatible;PetalBot;+https://webmaster.petalsearch.com/site/petalbot)"
199.244.88.223 - - [03/Sep/2022:13:14:22 +0200] "GET / HTTP/1.1" 200 12498 "http://ywesee.com" "Mozilla/5.0 (Macintosh; Intel Mac OS X 10_11_5) AppleWebKit/537.36 (KHTML, like Gecko) Chrome/51.0.2704.84 Safari/537.36"
89.246.241.14 - - [03/Sep/2022:13:14:34 +0200] "GET /Ywesee/InfoCodexProximity HTTP/1.1" 200 9809 "-" "Mozilla/5.0 (Windows NT 10.0; Win64; x64; rv:84.0) Gecko/20100101 Firefox/84.0"
89.246.241.14 - - [03/Sep/2022:13:16:19 +0200] "GET /Main/FMH HTTP/1.1" 200 8327 "-" "Mozilla/5.0 (Windows NT 10.0; Win64; x64; rv:84.0) Gecko/20100101 Firefox/84.0"
185.191.171.16 - - [03/Sep/2022:13:20:12 +0200] "GET /robots.txt HTTP/1.1" 200 - "-" "Mozilla/5.0 (compatible; SemrushBot/7~bl; +http://www.semrush.com/bot.html)"
185.191.171.9 - - [03/Sep/2022:13:20:12 +0200] "GET /Main/FMH?action=print HTTP/1.1" 403 18 "-" "Mozilla/5.0 (compatible; SemrushBot/7~bl; +http://www.semrush.com/bot.html)"
194.209.200.2 - - [03/Sep/2022:13:20:23 +0200] "GET /robots.txt HTTP/1.1" 200 - "-" "Mozilla/5.0 (compatible; TMMBot/0.2; +http://www.dslab.ch)/Nutch-1.15"
194.209.200.2 - - [03/Sep/2022:13:20:23 +0200] "GET /Oddb2xml/Index HTTP/1.1" 200 8983 "-" "Mozilla/5.0 (compatible; TMMBot/0.2; +http://www.dslab.ch)/Nutch-1.15"
194.209.200.2 - - [03/Sep/2022:13:20:51 +0200] "GET /Miele/MieleLXIV HTTP/1.1" 200 15367 "-" "Mozilla/5.0 (compatible; TMMBot/0.2; +http://www.dslab.ch)/Nutch-1.15"
194.209.200.2 - - [03/Sep/2022:13:20:59 +0200] "GET /AmiKo/Windows HTTP/1.1" 200 10332 "-" "Mozilla/5.0 (compatible; TMMBot/0.2; +http://www.dslab.ch)/Nutch-1.15"
94.74.127.96 - - [03/Sep/2022:13:22:47 +0200] "GET / HTTP/1.1" 200 12498 "-" "Mozilla/5.0 (Windows NT 10.0; WOW64) AppleWebKit/537.36 (KHTML, like Gecko) Chrome/63.0.3239.132 Safari/537.36"
194.209.200.2 - - [03/Sep/2022:13:22:49 +0200] "GET /ODDB/IndividuelleMediliste HTTP/1.1" 200 9139 "-" "Mozilla/5.0 (compatible; TMMBot/0.2; +http://www.dslab.ch)/Nutch-1.15"
194.209.200.2 - - [03/Sep/2022:13:23:19 +0200] "GET /Main/2017 HTTP/1.1" 200 15840 "-" "Mozilla/5.0 (compatible; TMMBot/0.2; +http://www.dslab.ch)/Nutch-1.15"
194.209.200.2 - - [03/Sep/2022:13:23:28 +0200] "GET /Main/2015 HTTP/1.1" 200 15908 "-" "Mozilla/5.0 (compatible; TMMBot/0.2; +http://www.dslab.ch)/Nutch-1.15"
194.209.200.2 - - [03/Sep/2022:13:23:36 +0200] "GET /Main/2013 HTTP/1.1" 200 20487 "-" "Mozilla/5.0 (compatible; TMMBot/0.2; +http://www.dslab.ch)/Nutch-1.15"
194.209.200.2 - - [03/Sep/2022:13:24:25 +0200] "GET /AmiKo/OSX HTTP/1.1" 200 9772 "-" "Mozilla/5.0 (compatible; TMMBot/0.2; +http://www.dslab.ch)/Nutch-1.15"
194.209.200.2 - - [03/Sep/2022:13:25:45 +0200] "GET /Generikacc/App HTTP/1.1" 200 11862 "-" "Mozilla/5.0 (compatible; TMMBot/0.2; +http://www.dslab.ch)/Nutch-1.15"
194.209.200.2 - - [03/Sep/2022:13:26:32 +0200] "GET /Ywesee/OpenSource HTTP/1.1" 200 10790 "-" "Mozilla/5.0 (compatible; TMMBot/0.2; +http://www.dslab.ch)/Nutch-1.15"
85.208.98.18 - - [03/Sep/2022:13:27:00 +0200] "GET / HTTP/1.1" 200 12498 "-" "Mozilla/5.0 (compatible; SemrushBot; +http://www.semrush.com/bot.html)"
194.209.200.2 - - [03/Sep/2022:13:27:08 +0200] "GET /Main/2009 HTTP/1.1" 200 21688 "-" "Mozilla/5.0 (compatible; TMMBot/0.2; +http://www.dslab.ch)/Nutch-1.15"
194.209.200.2 - - [03/Sep/2022:13:27:24 +0200] "GET /Software/BBMB HTTP/1.1" 200 9385 "-" "Mozilla/5.0 (compatible; TMMBot/0.2; +http://www.dslab.ch)/Nutch-1.15"
194.209.200.2 - - [03/Sep/2022:13:27:26 +0200] "GET /Main/2005 HTTP/1.1" 200 63344 "-" "Mozilla/5.0 (compatible; TMMBot/0.2; +http://www.dslab.ch)/Nutch-1.15"
85.208.98.18 - - [03/Sep/2022:13:27:31 +0200] "HEAD /Software/Spreadsheet HTTP/1.1" 200 - "-" "Mozilla/5.0 (compatible; SemrushBot; +http://www.semrush.com/bot.html)"
85.208.98.18 - - [03/Sep/2022:13:27:31 +0200] "HEAD /Ywesee/Kontakt HTTP/1.1" 200 - "-" "Mozilla/5.0 (compatible; SemrushBot; +http://www.semrush.com/bot.html)"
85.208.98.18 - - [03/Sep/2022:13:27:31 +0200] "HEAD /AmiKo/Web HTTP/1.1" 200 - "-" "Mozilla/5.0 (compatible; SemrushBot; +http://www.semrush.com/bot.html)"
85.208.98.18 - - [03/Sep/2022:13:27:31 +0200] "HEAD /Ywesee/About HTTP/1.1" 200 - "-" "Mozilla/5.0 (compatible; SemrushBot; +http://www.semrush.com/bot.html)"
85.208.98.18 - - [03/Sep/2022:13:27:31 +0200] "HEAD /Main/SearchWiki HTTP/1.1" 200 - "-" "Mozilla/5.0 (compatible; SemrushBot; +http://www.semrush.com/bot.html)"
85.208.98.18 - - [03/Sep/2022:13:27:31 +0200] "HEAD /AmiKo/Android HTTP/1.1" 200 - "-" "Mozilla/5.0 (compatible; SemrushBot; +http://www.semrush.com/bot.html)"
85.208.98.18 - - [03/Sep/2022:13:27:31 +0200] "HEAD /Main/2016 HTTP/1.1" 200 - "-" "Mozilla/5.0 (compatible; SemrushBot; +http://www.semrush.com/bot.html)"
85.208.98.18 - - [03/Sep/2022:13:27:31 +0200] "HEAD /Main/Home?action=edit HTTP/1.1" 403 - "-" "Mozilla/5.0 (compatible; SemrushBot; +http://www.semrush.com/bot.html)"
85.208.98.18 - - [03/Sep/2022:13:27:32 +0200] "HEAD /uploads/Main/B-2597_2017.pdf HTTP/1.1" 200 - "-" "Mozilla/5.0 (compatible; SemrushBot; +http://www.semrush.com/bot.html)"
85.208.98.18 - - [03/Sep/2022:13:27:32 +0200] "HEAD /ODDB/IndividuelleMediliste HTTP/1.1" 200 - "-" "Mozilla/5.0 (compatible; SemrushBot; +http://www.semrush.com/bot.html)"
85.208.98.18 - - [03/Sep/2022:13:27:32 +0200] "HEAD /Oddb2xml/Index HTTP/1.1" 200 - "-" "Mozilla/5.0 (compatible; SemrushBot; +http://www.semrush.com/bot.html)"
85.208.98.18 - - [03/Sep/2022:13:27:32 +0200] "HEAD /Software/BBMB HTTP/1.1" 200 - "-" "Mozilla/5.0 (compatible; SemrushBot; +http://www.semrush.com/bot.html)"
85.208.98.18 - - [03/Sep/2022:13:27:32 +0200] "HEAD /Main/2018 HTTP/1.1" 200 - "-" "Mozilla/5.0 (compatible; SemrushBot; +http://www.semrush.com/bot.html)"
85.208.98.18 - - [03/Sep/2022:13:27:32 +0200] "HEAD /Main/Home HTTP/1.1" 200 - "-" "Mozilla/5.0 (compatible; SemrushBot; +http://www.semrush.com/bot.html)"
85.208.98.18 - - [03/Sep/2022:13:27:32 +0200] "HEAD /Main/2012 HTTP/1.1" 200 - "-" "Mozilla/5.0 (compatible; SemrushBot; +http://www.semrush.com/bot.html)"
85.208.98.18 - - [03/Sep/2022:13:27:32 +0200] "HEAD /AmiKo/IOS HTTP/1.1" 200 - "-" "Mozilla/5.0 (compatible; SemrushBot; +http://www.semrush.com/bot.html)"
85.208.98.18 - - [03/Sep/2022:13:27:32 +0200] "HEAD /Site/AllRecentChanges?action=rss HTTP/1.1" 200 - "-" "Mozilla/5.0 (compatible; SemrushBot; +http://www.semrush.com/bot.html)"
85.208.98.18 - - [03/Sep/2022:13:27:32 +0200] "HEAD /Main/Home?action=edit HTTP/1.1" 403 - "-" "Mozilla/5.0 (compatible; SemrushBot; +http://www.semrush.com/bot.html)"
85.208.98.18 - - [03/Sep/2022:13:27:32 +0200] "HEAD /AmiKo/OSX HTTP/1.1" 200 - "-" "Mozilla/5.0 (compatible; SemrushBot; +http://www.semrush.com/bot.html)"
85.208.98.18 - - [03/Sep/2022:13:27:32 +0200] "HEAD /Main/Home?action=upload HTTP/1.1" 403 - "-" "Mozilla/5.0 (compatible; SemrushBot; +http://www.semrush.com/bot.html)"
85.208.98.18 - - [03/Sep/2022:13:27:32 +0200] "HEAD /Main/Home HTTP/1.1" 200 - "-" "Mozilla/5.0 (compatible; SemrushBot; +http://www.semrush.com/bot.html)"
85.208.98.18 - - [03/Sep/2022:13:27:32 +0200] "HEAD /Main/2013 HTTP/1.1" 200 - "-" "Mozilla/5.0 (compatible; SemrushBot; +http://www.semrush.com/bot.html)"
85.208.98.18 - - [03/Sep/2022:13:27:32 +0200] "HEAD /Main/Home?action=diff HTTP/1.1" 403 - "-" "Mozilla/5.0 (compatible; SemrushBot; +http://www.semrush.com/bot.html)"
85.208.98.18 - - [03/Sep/2022:13:27:32 +0200] "HEAD /Software/YDIM HTTP/1.1" 200 - "-" "Mozilla/5.0 (compatible; SemrushBot; +http://www.semrush.com/bot.html)"
85.208.98.18 - - [03/Sep/2022:13:27:32 +0200] "HEAD /Main/2014 HTTP/1.1" 200 - "-" "Mozilla/5.0 (compatible; SemrushBot; +http://www.semrush.com/bot.html)"
85.208.98.18 - - [03/Sep/2022:13:27:32 +0200] "HEAD /Ywesee/InfoCodex HTTP/1.1" 200 - "-" "Mozilla/5.0 (compatible; SemrushBot; +http://www.semrush.com/bot.html)"
85.208.98.18 - - [03/Sep/2022:13:27:32 +0200] "HEAD /Software/ODDB HTTP/1.1" 200 - "-" "Mozilla/5.0 (compatible; SemrushBot; +http://www.semrush.com/bot.html)"
85.208.98.18 - - [03/Sep/2022:13:27:32 +0200] "HEAD /uploads/Main/B-2597_2017_fr.pdf HTTP/1.1" 200 - "-" "Mozilla/5.0 (compatible; SemrushBot; +http://www.semrush.com/bot.html)"
85.208.98.18 - - [03/Sep/2022:13:27:32 +0200] "HEAD /Main/2004 HTTP/1.1" 200 - "-" "Mozilla/5.0 (compatible; SemrushBot; +http://www.semrush.com/bot.html)"
85.208.98.18 - - [03/Sep/2022:13:27:32 +0200] "HEAD /Main/Home?action=print HTTP/1.1" 403 - "-" "Mozilla/5.0 (compatible; SemrushBot; +http://www.semrush.com/bot.html)"
85.208.98.18 - - [03/Sep/2022:13:27:32 +0200] "HEAD /Main/2015 HTTP/1.1" 200 - "-" "Mozilla/5.0 (compatible; SemrushBot; +http://www.semrush.com/bot.html)"
85.208.98.18 - - [03/Sep/2022:13:27:32 +0200] "HEAD /Generikacc/App HTTP/1.1" 200 - "-" "Mozilla/5.0 (compatible; SemrushBot; +http://www.semrush.com/bot.html)"
85.208.98.18 - - [03/Sep/2022:13:27:32 +0200] "HEAD /Main/Home HTTP/1.1" 200 - "-" "Mozilla/5.0 (compatible; SemrushBot; +http://www.semrush.com/bot.html)"
85.208.98.18 - - [03/Sep/2022:13:27:32 +0200] "HEAD /Main/2017 HTTP/1.1" 200 - "-" "Mozilla/5.0 (compatible; SemrushBot; +http://www.semrush.com/bot.html)"
85.208.98.18 - - [03/Sep/2022:13:27:32 +0200] "HEAD /Ywesee/Team HTTP/1.1" 200 - "-" "Mozilla/5.0 (compatible; SemrushBot; +http://www.semrush.com/bot.html)"
85.208.98.18 - - [03/Sep/2022:13:27:32 +0200] "HEAD /Software/SoftwareRaid HTTP/1.1" 200 - "-" "Mozilla/5.0 (compatible; SemrushBot; +http://www.semrush.com/bot.html)"
85.208.98.18 - - [03/Sep/2022:13:27:32 +0200] "HEAD /Main/2005 HTTP/1.1" 200 - "-" "Mozilla/5.0 (compatible; SemrushBot; +http://www.semrush.com/bot.html)"
85.208.98.18 - - [03/Sep/2022:13:27:32 +0200] "HEAD /Main/2021 HTTP/1.1" 200 - "-" "Mozilla/5.0 (compatible; SemrushBot; +http://www.semrush.com/bot.html)"
85.208.98.18 - - [03/Sep/2022:13:27:33 +0200] "HEAD /Main/SideBar?action=edit HTTP/1.1" 403 - "-" "Mozilla/5.0 (compatible; SemrushBot; +http://www.semrush.com/bot.html)"
85.208.98.18 - - [03/Sep/2022:13:27:33 +0200] "HEAD /Software/XMLConv HTTP/1.1" 200 - "-" "Mozilla/5.0 (compatible; SemrushBot; +http://www.semrush.com/bot.html)"
85.208.98.18 - - [03/Sep/2022:13:27:32 +0200] "HEAD /Main/2007 HTTP/1.1" 200 - "-" "Mozilla/5.0 (compatible; SemrushBot; +http://www.semrush.com/bot.html)"
85.208.98.18 - - [03/Sep/2022:13:27:33 +0200] "HEAD /Main/Home?action=diff HTTP/1.1" 403 - "-" "Mozilla/5.0 (compatible; SemrushBot; +http://www.semrush.com/bot.html)"
85.208.98.18 - - [03/Sep/2022:13:27:33 +0200] "HEAD /Main/2019 HTTP/1.1" 200 - "-" "Mozilla/5.0 (compatible; SemrushBot; +http://www.semrush.com/bot.html)"
85.208.98.18 - - [03/Sep/2022:13:27:33 +0200] "HEAD /Main/2009 HTTP/1.1" 200 - "-" "Mozilla/5.0 (compatible; SemrushBot; +http://www.semrush.com/bot.html)"
85.208.98.18 - - [03/Sep/2022:13:27:33 +0200] "HEAD /Main/2020 HTTP/1.1" 200 - "-" "Mozilla/5.0 (compatible; SemrushBot; +http://www.semrush.com/bot.html)"
85.208.98.18 - - [03/Sep/2022:13:27:33 +0200] "HEAD /Ywesee/OpenSource HTTP/1.1" 200 - "-" "Mozilla/5.0 (compatible; SemrushBot; +http://www.semrush.com/bot.html)"
85.208.98.18 - - [03/Sep/2022:13:27:33 +0200] "HEAD /AmiKo/Linux HTTP/1.1" 200 - "-" "Mozilla/5.0 (compatible; SemrushBot; +http://www.semrush.com/bot.html)"
85.208.98.18 - - [03/Sep/2022:13:27:33 +0200] "HEAD /ODDB/IntegrationLookAmpFeelGenerikasuche HTTP/1.1" 200 - "-" "Mozilla/5.0 (compatible; SemrushBot; +http://www.semrush.com/bot.html)"
85.208.98.18 - - [03/Sep/2022:13:27:33 +0200] "HEAD /Main/Home?action=upload HTTP/1.1" 403 - "-" "Mozilla/5.0 (compatible; SemrushBot; +http://www.semrush.com/bot.html)"
85.208.98.18 - - [03/Sep/2022:13:27:33 +0200] "HEAD /AmiKo/Windows HTTP/1.1" 200 - "-" "Mozilla/5.0 (compatible; SemrushBot; +http://www.semrush.com/bot.html)"
85.208.98.18 - - [03/Sep/2022:13:27:33 +0200] "HEAD /Main/2006 HTTP/1.1" 200 - "-" "Mozilla/5.0 (compatible; SemrushBot; +http://www.semrush.com/bot.html)"
85.208.98.18 - - [03/Sep/2022:13:27:33 +0200] "HEAD /Main/DocumedGalenicaVsYwesee HTTP/1.1" 200 - "-" "Mozilla/5.0 (compatible; SemrushBot; +http://www.semrush.com/bot.html)"
85.208.98.18 - - [03/Sep/2022:13:27:33 +0200] "HEAD / HTTP/1.1" 200 - "-" "Mozilla/5.0 (compatible; SemrushBot; +http://www.semrush.com/bot.html)"
85.208.98.18 - - [03/Sep/2022:13:27:33 +0200] "HEAD /Main/Home?action=print HTTP/1.1" 403 - "-" "Mozilla/5.0 (compatible; SemrushBot; +http://www.semrush.com/bot.html)"
85.208.98.18 - - [03/Sep/2022:13:27:33 +0200] "HEAD /Main/2008 HTTP/1.1" 200 - "-" "Mozilla/5.0 (compatible; SemrushBot; +http://www.semrush.com/bot.html)"
85.208.98.18 - - [03/Sep/2022:13:27:33 +0200] "HEAD /Main/2011 HTTP/1.1" 200 - "-" "Mozilla/5.0 (compatible; SemrushBot; +http://www.semrush.com/bot.html)"
85.208.98.18 - - [03/Sep/2022:13:27:33 +0200] "HEAD /Main/Home?n=Main.SideBar?action=edit HTTP/1.1" 403 - "-" "Mozilla/5.0 (compatible; SemrushBot; +http://www.semrush.com/bot.html)"
85.208.98.18 - - [03/Sep/2022:13:27:33 +0200] "HEAD /ODDB/StammdatenCH HTTP/1.1" 200 - "-" "Mozilla/5.0 (compatible; SemrushBot; +http://www.semrush.com/bot.html)"
85.208.98.18 - - [03/Sep/2022:13:27:33 +0200] "HEAD /Main/2010 HTTP/1.1" 200 - "-" "Mozilla/5.0 (compatible; SemrushBot; +http://www.semrush.com/bot.html)"
85.208.98.18 - - [03/Sep/2022:13:27:33 +0200] "HEAD /Ywesee/Events HTTP/1.1" 200 - "-" "Mozilla/5.0 (compatible; SemrushBot; +http://www.semrush.com/bot.html)"
194.209.200.2 - - [03/Sep/2022:13:27:36 +0200] "GET /Main/2016 HTTP/1.1" 200 13689 "-" "Mozilla/5.0 (compatible; TMMBot/0.2; +http://www.dslab.ch)/Nutch-1.15"
194.209.200.2 - - [03/Sep/2022:13:28:13 +0200] "GET /Main/ComCo19122016 HTTP/1.1" 200 10547 "-" "Mozilla/5.0 (compatible; TMMBot/0.2; +http://www.dslab.ch)/Nutch-1.15"
89.246.241.14 - - [03/Sep/2022:13:29:04 +0200] "GET /uploads/Main/Stellenbeschreibung_Ruby_ywesee_GmbH.pdf HTTP/1.1" 200 65223 "-" "Mozilla/5.0 (Windows NT 10.0; Win64; x64; rv:84.0) Gecko/20100101 Firefox/84.0"
161.97.91.204 - - [03/Sep/2022:13:32:39 +0200] "GET /robots.txt HTTP/1.1" 200 - "-" "Mozilla/5.0 (compatible; MJ12bot/v1.4.8; http://mj12bot.com/)"
89.246.241.14 - - [03/Sep/2022:13:32:42 +0200] "GET /Main/2006?action=print HTTP/1.1" 200 34248 "-" "Mozilla/5.0 (Windows NT 10.0; Win64; x64; rv:84.0) Gecko/20100101 Firefox/84.0"
161.97.91.204 - - [03/Sep/2022:13:32:43 +0200] "GET /Ywesee/XMLCONV2?action=edit HTTP/1.1" 403 18 "-" "Mozilla/5.0 (compatible; MJ12bot/v1.4.8; http://mj12bot.com/)"
89.246.241.14 - - [03/Sep/2022:13:32:48 +0200] "GET /Main/2007?action=diff HTTP/1.1" 200 57691 "-" "Mozilla/5.0 (Windows NT 10.0; Win64; x64; rv:84.0) Gecko/20100101 Firefox/84.0"
89.246.241.14 - - [03/Sep/2022:13:34:48 +0200] "GET /Apotheke/POS HTTP/1.1" 200 11138 "-" "Mozilla/5.0 (Windows NT 10.0; Win64; x64; rv:84.0) Gecko/20100101 Firefox/84.0"
185.70.41.32 - - [03/Sep/2022:13:36:15 +0200] "HEAD /.well-known/openpgpkey/policy HTTP/1.1" 404 - "-" "GuzzleHttp/7"
89.246.241.14 - - [03/Sep/2022:13:36:20 +0200] "GET /Main/2006?action=upload HTTP/1.1" 200 8737 "-" "Mozilla/5.0 (Windows NT 10.0; Win64; x64; rv:84.0) Gecko/20100101 Firefox/84.0"
89.246.241.14 - - [03/Sep/2022:13:36:54 +0200] "GET /uploads/Main/Deutsche_Pillen_sind_billiger.pdf HTTP/1.1" 200 144061 "-" "Mozilla/5.0 (Windows NT 10.0; Win64; x64; rv:84.0) Gecko/20100101 Firefox/84.0"
89.246.241.14 - - [03/Sep/2022:13:41:50 +0200] "GET /Main/NZZ HTTP/1.1" 200 8325 "-" "Mozilla/5.0 (Windows NT 10.0; Win64; x64; rv:84.0) Gecko/20100101 Firefox/84.0"
101.67.49.71 - - [03/Sep/2022:13:42:18 +0200] "GET / HTTP/1.1" 200 12498 "-" "Mozilla/5.0 (iPhone; CPU iPhone OS 10_3 like Mac OS X) AppleWebKit/602.1.50 (KHTML, like Gecko) CriOS/56.0.2924.75 Mobile/14E5239e YisouSpider/5.0 Safari/602.1"
60.188.10.146 - - [03/Sep/2022:13:42:20 +0200] "GET /pub/skins/ywesee/gila.css HTTP/1.1" 200 8276 "-" "Mozilla/5.0 (iPhone; CPU iPhone OS 10_3 like Mac OS X) AppleWebKit/602.1.50 (KHTML, like Gecko) CriOS/56.0.2924.75 Mobile/14E5239e YisouSpider/5.0 Safari/602.1"
89.246.241.14 - - [03/Sep/2022:13:43:32 +0200] "GET /Main/2005?action=print HTTP/1.1" 200 58097 "-" "Mozilla/5.0 (Windows NT 10.0; Win64; x64; rv:84.0) Gecko/20100101 Firefox/84.0"
89.246.241.14 - - [03/Sep/2022:13:43:55 +0200] "GET /Ywesee/IGM11 HTTP/1.1" 200 13051 "-" "Mozilla/5.0 (Windows NT 10.0; Win64; x64; rv:84.0) Gecko/20100101 Firefox/84.0"
49.7.20.107 - - [03/Sep/2022:13:43:58 +0200] "GET / HTTP/1.1" 200 12498 "-" "Sogou web spider/4.0(+http://www.sogou.com/docs/help/webmasters.htm#07)"
89.246.241.14 - - [03/Sep/2022:13:44:18 +0200] "GET /uploads/Main/Seite_2.pdf HTTP/1.1" 200 1081044 "-" "Mozilla/5.0 (Windows NT 10.0; Win64; x64; rv:84.0) Gecko/20100101 Firefox/84.0"
123.125.109.136 - - [03/Sep/2022:13:44:39 +0200] "GET / HTTP/1.1" 200 12498 "-" "Sogou web spider/4.0(+http://www.sogou.com/docs/help/webmasters.htm#07)"
89.246.241.14 - - [03/Sep/2022:13:45:25 +0200] "GET /Main/DocumedGalenicaVsYwesee?action=diff HTTP/1.1" 200 116300 "-" "Mozilla/5.0 (Windows NT 10.0; Win64; x64; rv:84.0) Gecko/20100101 Firefox/84.0"
89.246.241.14 - - [03/Sep/2022:13:45:48 +0200] "GET /Main/2007?action=upload HTTP/1.1" 200 8737 "-" "Mozilla/5.0 (Windows NT 10.0; Win64; x64; rv:84.0) Gecko/20100101 Firefox/84.0"
194.209.200.2 - - [03/Sep/2022:13:53:19 +0200] "GET /robots.txt HTTP/1.1" 200 - "-" "Mozilla/5.0 (compatible; TMMBot/0.2; +http://www.dslab.ch)/Nutch-1.15"
194.209.200.2 - - [03/Sep/2022:13:53:19 +0200] "GET /Oddb2xml/Index HTTP/1.1" 200 8983 "-" "Mozilla/5.0 (compatible; TMMBot/0.2; +http://www.dslab.ch)/Nutch-1.15"
194.209.200.2 - - [03/Sep/2022:13:53:40 +0200] "GET /Miele/MieleLXIV HTTP/1.1" 200 15367 "-" "Mozilla/5.0 (compatible; TMMBot/0.2; +http://www.dslab.ch)/Nutch-1.15"
194.209.200.2 - - [03/Sep/2022:13:53:46 +0200] "GET /AmiKo/Windows HTTP/1.1" 200 10332 "-" "Mozilla/5.0 (compatible; TMMBot/0.2; +http://www.dslab.ch)/Nutch-1.15"
194.209.200.2 - - [03/Sep/2022:13:55:18 +0200] "GET /ODDB/IndividuelleMediliste HTTP/1.1" 200 9139 "-" "Mozilla/5.0 (compatible; TMMBot/0.2; +http://www.dslab.ch)/Nutch-1.15"
194.209.200.2 - - [03/Sep/2022:13:55:44 +0200] "GET /Main/2017 HTTP/1.1" 200 15840 "-" "Mozilla/5.0 (compatible; TMMBot/0.2; +http://www.dslab.ch)/Nutch-1.15"
194.209.200.2 - - [03/Sep/2022:13:55:53 +0200] "GET /Main/2015 HTTP/1.1" 200 15908 "-" "Mozilla/5.0 (compatible; TMMBot/0.2; +http://www.dslab.ch)/Nutch-1.15"
194.209.200.2 - - [03/Sep/2022:13:56:45 +0200] "GET /AmiKo/OSX HTTP/1.1" 200 9772 "-" "Mozilla/5.0 (compatible; TMMBot/0.2; +http://www.dslab.ch)/Nutch-1.15"
185.191.171.19 - - [03/Sep/2022:13:57:21 +0200] "GET /Swissmedic/Vertriebsunterbruch?action=upload HTTP/1.1" 403 18 "-" "Mozilla/5.0 (compatible; SemrushBot/7~bl; +http://www.semrush.com/bot.html)"
194.209.200.2 - - [03/Sep/2022:13:57:54 +0200] "GET /Generikacc/App HTTP/1.1" 200 11862 "-" "Mozilla/5.0 (compatible; TMMBot/0.2; +http://www.dslab.ch)/Nutch-1.15"
194.209.200.2 - - [03/Sep/2022:13:58:34 +0200] "GET /Ywesee/OpenSource HTTP/1.1" 200 10790 "-" "Mozilla/5.0 (compatible; TMMBot/0.2; +http://www.dslab.ch)/Nutch-1.15"
194.209.200.2 - - [03/Sep/2022:13:59:19 +0200] "GET /Software/BBMB HTTP/1.1" 200 9385 "-" "Mozilla/5.0 (compatible; TMMBot/0.2; +http://www.dslab.ch)/Nutch-1.15"
194.209.200.2 - - [03/Sep/2022:13:59:20 +0200] "GET /Main/2005 HTTP/1.1" 200 63344 "-" "Mozilla/5.0 (compatible; TMMBot/0.2; +http://www.dslab.ch)/Nutch-1.15"
194.209.200.2 - - [03/Sep/2022:13:59:29 +0200] "GET /Main/2016 HTTP/1.1" 200 13689 "-" "Mozilla/5.0 (compatible; TMMBot/0.2; +http://www.dslab.ch)/Nutch-1.15"
194.209.200.2 - - [03/Sep/2022:13:59:57 +0200] "GET /Main/ComCo19122016 HTTP/1.1" 200 10547 "-" "Mozilla/5.0 (compatible; TMMBot/0.2; +http://www.dslab.ch)/Nutch-1.15"
66.249.76.217 - - [03/Sep/2022:14:03:00 +0200] "GET /uploads/Android/apydan.jpg HTTP/1.1" 304 - "-" "Googlebot-Image/1.0"
194.209.200.2 - - [03/Sep/2022:14:30:36 +0200] "GET /robots.txt HTTP/1.1" 200 - "-" "Mozilla/5.0 (compatible; TMMBot/0.2; +http://www.dslab.ch)/Nutch-1.15"
194.209.200.2 - - [03/Sep/2022:14:30:36 +0200] "GET /Miele/MieleLXIV HTTP/1.1" 200 15367 "-" "Mozilla/5.0 (compatible; TMMBot/0.2; +http://www.dslab.ch)/Nutch-1.15"
194.209.200.2 - - [03/Sep/2022:14:30:42 +0200] "GET /AmiKo/Windows HTTP/1.1" 200 10332 "-" "Mozilla/5.0 (compatible; TMMBot/0.2; +http://www.dslab.ch)/Nutch-1.15"
194.209.200.2 - - [03/Sep/2022:14:32:27 +0200] "GET /ODDB/IndividuelleMediliste HTTP/1.1" 200 9139 "-" "Mozilla/5.0 (compatible; TMMBot/0.2; +http://www.dslab.ch)/Nutch-1.15"
194.209.200.2 - - [03/Sep/2022:14:32:53 +0200] "GET /Main/2017 HTTP/1.1" 200 15840 "-" "Mozilla/5.0 (compatible; TMMBot/0.2; +http://www.dslab.ch)/Nutch-1.15"
194.209.200.2 - - [03/Sep/2022:14:33:01 +0200] "GET /Main/2015 HTTP/1.1" 200 15908 "-" "Mozilla/5.0 (compatible; TMMBot/0.2; +http://www.dslab.ch)/Nutch-1.15"
194.209.200.2 - - [03/Sep/2022:14:33:54 +0200] "GET /AmiKo/OSX HTTP/1.1" 200 9772 "-" "Mozilla/5.0 (compatible; TMMBot/0.2; +http://www.dslab.ch)/Nutch-1.15"
194.209.200.2 - - [03/Sep/2022:14:35:07 +0200] "GET /Generikacc/App HTTP/1.1" 200 11862 "-" "Mozilla/5.0 (compatible; TMMBot/0.2; +http://www.dslab.ch)/Nutch-1.15"
194.209.200.2 - - [03/Sep/2022:14:35:48 +0200] "GET /Ywesee/OpenSource HTTP/1.1" 200 10790 "-" "Mozilla/5.0 (compatible; TMMBot/0.2; +http://www.dslab.ch)/Nutch-1.15"
194.209.200.2 - - [03/Sep/2022:14:36:21 +0200] "GET /Main/2009 HTTP/1.1" 200 21688 "-" "Mozilla/5.0 (compatible; TMMBot/0.2; +http://www.dslab.ch)/Nutch-1.15"
194.209.200.2 - - [03/Sep/2022:14:36:34 +0200] "GET /Software/BBMB HTTP/1.1" 200 9385 "-" "Mozilla/5.0 (compatible; TMMBot/0.2; +http://www.dslab.ch)/Nutch-1.15"
194.209.200.2 - - [03/Sep/2022:14:36:35 +0200] "GET /Main/2005 HTTP/1.1" 200 63344 "-" "Mozilla/5.0 (compatible; TMMBot/0.2; +http://www.dslab.ch)/Nutch-1.15"
194.209.200.2 - - [03/Sep/2022:14:37:15 +0200] "GET /Main/ComCo19122016 HTTP/1.1" 200 10547 "-" "Mozilla/5.0 (compatible; TMMBot/0.2; +http://www.dslab.ch)/Nutch-1.15"
34.222.122.124 - - [03/Sep/2022:14:40:29 +0200] "GET / HTTP/1.1" 200 12498 "-" "Mozilla/5.0 (X11; Linux x86_64) AppleWebKit/537.36 (KHTML, like Gecko) Chrome/83.0.4103.97 Safari/537.36"
66.249.76.196 - - [03/Sep/2022:14:40:51 +0200] "GET /en/gcc/patinfo/reg/57655/seq/06/pack/006/chapter/packages HTTP/1.1" 404 316 "-" "Mozilla/5.0 (Linux; Android 6.0.1; Nexus 5X Build/MMB29P) AppleWebKit/537.36 (KHTML, like Gecko) Chrome/104.0.5112.101 Mobile Safari/537.36 (compatible; Googlebot/2.1; +http://www.google.com/bot.html)"
54.189.192.191 - - [03/Sep/2022:14:41:06 +0200] "GET / HTTP/1.1" 200 12498 "http://ywesee.ch" "Mozilla/5.0 (X11; Linux x86_64) AppleWebKit/537.36 (KHTML, like Gecko) Chrome/83.0.4103.97 Safari/537.36"
52.226.227.211 - - [03/Sep/2022:14:46:44 +0200] "GET / HTTP/1.1" 200 12498 "-" "Mozilla/5.0 (Windows NT 10.0; Win64; x64) AppleWebKit/537.36 (KHTML, like Gecko) Chrome/76.0.3809.100 Safari/537.36"
54.84.192.51 - - [03/Sep/2022:14:47:58 +0200] "GET /keybase.txt HTTP/1.1" 200 2659 "-" "keybase-proofs/2.3.24"
66.249.76.200 - - [03/Sep/2022:14:51:49 +0200] "GET /app-ads.txt HTTP/1.1" 404 270 "-" "Google-adstxt"
185.191.171.10 - - [03/Sep/2022:14:51:49 +0200] "GET /robots.txt HTTP/1.1" 200 - "-" "Mozilla/5.0 (compatible; SemrushBot/7~bl; +http://www.semrush.com/bot.html)"
185.191.171.41 - - [03/Sep/2022:14:51:49 +0200] "GET /Software/YDPM?action=diff HTTP/1.1" 403 18 "-" "Mozilla/5.0 (compatible; SemrushBot/7~bl; +http://www.semrush.com/bot.html)"
66.249.76.198 - - [03/Sep/2022:14:51:50 +0200] "GET /ads.txt HTTP/1.1" 404 266 "-" "Mozilla/5.0 (compatible; Googlebot/2.1; +http://www.google.com/bot.html)"
185.191.171.3 - - [03/Sep/2022:15:04:58 +0200] "GET /Miele/MieleLXIV HTTP/1.1" 200 15367 "-" "Mozilla/5.0 (compatible; SemrushBot/7~bl; +http://www.semrush.com/bot.html)"
194.209.200.2 - - [03/Sep/2022:15:07:23 +0200] "GET /robots.txt HTTP/1.1" 200 - "-" "Mozilla/5.0 (compatible; TMMBot/0.2; +http://www.dslab.ch)/Nutch-1.15"
194.209.200.2 - - [03/Sep/2022:15:07:23 +0200] "GET /Oddb2xml/Index HTTP/1.1" 200 8983 "-" "Mozilla/5.0 (compatible; TMMBot/0.2; +http://www.dslab.ch)/Nutch-1.15"
194.209.200.2 - - [03/Sep/2022:15:07:48 +0200] "GET /Miele/MieleLXIV HTTP/1.1" 200 15367 "-" "Mozilla/5.0 (compatible; TMMBot/0.2; +http://www.dslab.ch)/Nutch-1.15"
194.209.200.2 - - [03/Sep/2022:15:07:55 +0200] "GET /AmiKo/Windows HTTP/1.1" 200 10332 "-" "Mozilla/5.0 (compatible; TMMBot/0.2; +http://www.dslab.ch)/Nutch-1.15"
194.209.200.2 - - [03/Sep/2022:15:09:36 +0200] "GET /ODDB/IndividuelleMediliste HTTP/1.1" 200 9139 "-" "Mozilla/5.0 (compatible; TMMBot/0.2; +http://www.dslab.ch)/Nutch-1.15"
194.209.200.2 - - [03/Sep/2022:15:10:06 +0200] "GET /Main/2017 HTTP/1.1" 200 15840 "-" "Mozilla/5.0 (compatible; TMMBot/0.2; +http://www.dslab.ch)/Nutch-1.15"
194.209.200.2 - - [03/Sep/2022:15:10:15 +0200] "GET /Main/2015 HTTP/1.1" 200 15908 "-" "Mozilla/5.0 (compatible; TMMBot/0.2; +http://www.dslab.ch)/Nutch-1.15"
194.209.200.2 - - [03/Sep/2022:15:10:25 +0200] "GET /Main/2013 HTTP/1.1" 200 20487 "-" "Mozilla/5.0 (compatible; TMMBot/0.2; +http://www.dslab.ch)/Nutch-1.15"
194.209.200.2 - - [03/Sep/2022:15:11:12 +0200] "GET /AmiKo/OSX HTTP/1.1" 200 9772 "-" "Mozilla/5.0 (compatible; TMMBot/0.2; +http://www.dslab.ch)/Nutch-1.15"
174.235.80.119 - - [03/Sep/2022:15:11:25 +0200] "GET / HTTP/1.1" 200 12498 "-" "Mozilla/5.0 (Macintosh; Intel Mac OS X 10_15_4) AppleWebKit/605.1.15 (KHTML, like Gecko) Version/13.1.2 Safari/605.1.15"
174.235.80.119 - - [03/Sep/2022:15:11:26 +0200] "GET /pub/skins/ywesee/gila.css HTTP/1.1" 200 8276 "https://ywesee.com/" "Mozilla/5.0 (Macintosh; Intel Mac OS X 10_15_4) AppleWebKit/605.1.15 (KHTML, like Gecko) Version/13.1.2 Safari/605.1.15"
174.235.80.119 - - [03/Sep/2022:15:11:27 +0200] "GET /uploads/Main/yweseelogo.gif HTTP/1.1" 200 2982 "https://ywesee.com/" "Mozilla/5.0 (Macintosh; Intel Mac OS X 10_15_4) AppleWebKit/605.1.15 (KHTML, like Gecko) Version/13.1.2 Safari/605.1.15"
174.235.80.119 - - [03/Sep/2022:15:11:29 +0200] "GET /favicon.ico HTTP/1.1" 200 1406 "https://ywesee.com/" "Mozilla/5.0 (Macintosh; Intel Mac OS X 10_15_4) AppleWebKit/605.1.15 (KHTML, like Gecko) Version/13.1.2 Safari/605.1.15"
194.209.200.2 - - [03/Sep/2022:15:12:28 +0200] "GET /Generikacc/App HTTP/1.1" 200 11862 "-" "Mozilla/5.0 (compatible; TMMBot/0.2; +http://www.dslab.ch)/Nutch-1.15"
64.71.131.243 - - [03/Sep/2022:15:12:28 +0200] "GET / HTTP/1.1" 200 12498 "-" "Mozilla/5.0 (compatible; ev-crawler/1.0; +https://headline.com/legal/crawler)"
194.209.200.2 - - [03/Sep/2022:15:13:12 +0200] "GET /Ywesee/OpenSource HTTP/1.1" 200 10790 "-" "Mozilla/5.0 (compatible; TMMBot/0.2; +http://www.dslab.ch)/Nutch-1.15"
194.209.200.2 - - [03/Sep/2022:15:13:46 +0200] "GET /Main/2009 HTTP/1.1" 200 21688 "-" "Mozilla/5.0 (compatible; TMMBot/0.2; +http://www.dslab.ch)/Nutch-1.15"
194.209.200.2 - - [03/Sep/2022:15:14:01 +0200] "GET /Software/BBMB HTTP/1.1" 200 9385 "-" "Mozilla/5.0 (compatible; TMMBot/0.2; +http://www.dslab.ch)/Nutch-1.15"
