194.209.200.2 - - [08/Nov/2022:20:33:55 +0100] "GET /AmiKo/Web HTTP/1.1" 200 9588 "-" "Mozilla/5.0 (compatible; TMMBot/0.2; +http://www.dslab.ch)/Nutch-1.15"
104.196.120.172 - - [08/Nov/2022:20:34:18 +0100] "GET /Ywesee/InfoCodex HTTP/1.0" 200 24435 "-" "ZoominfoBot (zoominfobot at zoominfo dot com)"
194.209.200.2 - - [08/Nov/2022:20:35:03 +0100] "GET /Ywesee/OpenSource HTTP/1.1" 200 10790 "-" "Mozilla/5.0 (compatible; TMMBot/0.2; +http://www.dslab.ch)/Nutch-1.15"
194.209.200.2 - - [08/Nov/2022:20:36:20 +0100] "GET /Main/2014 HTTP/1.1" 200 19471 "-" "Mozilla/5.0 (compatible; TMMBot/0.2; +http://www.dslab.ch)/Nutch-1.15"
35.91.79.225 - - [08/Nov/2022:20:36:27 +0100] "GET / HTTP/1.1" 200 13748 "-" "Mozilla/5.0 (X11; Linux x86_64) AppleWebKit/537.36 (KHTML, like Gecko) Chrome/83.0.4103.97 Safari/537.36"
194.209.200.2 - - [08/Nov/2022:20:37:12 +0100] "GET /Ywesee/About HTTP/1.1" 200 9132 "-" "Mozilla/5.0 (compatible; TMMBot/0.2; +http://www.dslab.ch)/Nutch-1.15"
54.36.149.106 - - [08/Nov/2022:20:37:25 +0100] "GET / HTTP/1.1" 200 13748 "-" "Mozilla/5.0 (compatible; AhrefsBot/7.0; +http://ahrefs.com/robot/)"
35.91.10.183 - - [08/Nov/2022:20:37:32 +0100] "GET /favicon.ico HTTP/1.1" 200 1406 "http://ywesee.com/favicon.ico" "Mozilla/5.0 (X11; Linux x86_64) AppleWebKit/537.36 (KHTML, like Gecko) Chrome/83.0.4103.97 Safari/537.36"
20.29.110.170 - - [08/Nov/2022:20:38:16 +0100] "GET /uploads/InfoCodex/Abstract_Beispiel.jpg HTTP/1.1" 200 187315 "https://www.ywesee.com/uploads/InfoCodex" "Mozilla/5.0 (Macintosh; Intel Mac OS X 10_11_6) AppleWebKit/605.1.15 (KHTML, like Gecko) Version/11.1.2 Safari/605.1.15"
104.196.120.172 - - [08/Nov/2022:20:41:03 +0100] "GET /AmiKo/OSX HTTP/1.0" 200 9772 "-" "ZoominfoBot (zoominfobot at zoominfo dot com)"
37.19.223.233 - - [08/Nov/2022:20:41:33 +0100] "GET / HTTP/1.0" 200 13748 "https://ywesee.com/" "Mozilla/5.0 (Windows NT 6.3; Win64; x64) AppleWebKit/537.36 (KHTML, like Gecko) Chrome/65.0.3325.146 Safari/537.36"
37.19.223.233 - - [08/Nov/2022:20:41:34 +0100] "GET /Ywesee/Kontakt HTTP/1.0" 200 8973 "https://www.ywesee.com/Ywesee/Kontakt" "Mozilla/5.0 (Windows NT 6.3; Win64; x64) AppleWebKit/537.36 (KHTML, like Gecko) Chrome/65.0.3325.146 Safari/537.36"
37.19.223.233 - - [08/Nov/2022:20:41:34 +0100] "GET /Ywesee/Kontakt?action=edit HTTP/1.0" 200 9332 "https://www.ywesee.com/Ywesee/Kontakt?action=edit" "Mozilla/5.0 (Windows NT 6.3; Win64; x64) AppleWebKit/537.36 (KHTML, like Gecko) Chrome/65.0.3325.146 Safari/537.36"
37.19.223.233 - - [08/Nov/2022:20:41:35 +0100] "GET /Ywesee/Kontakt?n=Main.SideBar?action=edit HTTP/1.0" 200 9327 "https://www.ywesee.com/Ywesee/Kontakt?n=Main.SideBar?action=edit" "Mozilla/5.0 (Windows NT 6.3; Win64; x64) AppleWebKit/537.36 (KHTML, like Gecko) Chrome/65.0.3325.146 Safari/537.36"
104.196.120.172 - - [08/Nov/2022:20:44:03 +0100] "GET /Main/DocumedGalenicaVsYwesee HTTP/1.0" 200 35251 "-" "ZoominfoBot (zoominfobot at zoominfo dot com)"
64.71.157.111 - - [08/Nov/2022:20:46:56 +0100] "GET /pmwiki.php/Site/AllRecentChanges?action=rss HTTP/1.1" 200 2546 "-" "Feedbin feed-id:590358 - 1 subscribers"
68.69.184.202 - - [08/Nov/2022:20:47:40 +0100] "GET /robots.txt HTTP/1.1" 200 - "-" "got (https://github.com/sindresorhus/got)"
68.69.184.202 - - [08/Nov/2022:20:47:41 +0100] "GET / HTTP/1.1" 200 13748 "-" "got (https://github.com/sindresorhus/got)"
17.121.115.185 - - [08/Nov/2022:20:48:51 +0100] "GET /AmiKo/Windows HTTP/1.1" 200 10332 "-" "Mozilla/5.0 (Macintosh; Intel Mac OS X 10_15_5) AppleWebKit/605.1.15 (KHTML, like Gecko) Version/13.1.1 Safari/605.1.15 (Applebot/0.1; +http://www.apple.com/go/applebot)"
157.55.39.89 - - [08/Nov/2022:20:55:33 +0100] "GET /Main/Gtin2atc HTTP/1.1" 200 9386 "-" "Mozilla/5.0 AppleWebKit/537.36 (KHTML, like Gecko; compatible; bingbot/2.0; +http://www.bing.com/bingbot.htm) Chrome/103.0.5060.134 Safari/537.36"
205.210.31.156 - - [08/Nov/2022:21:00:10 +0100] "GET / HTTP/1.1" 200 13748 "-" "Expanse, a Palo Alto Networks company, searches across the global IPv4 space multiple times per day to identify customers&#39; presences on the Internet. If you would like to be excluded from our scans, please send IP addresses/domains to: scaninfo@paloaltonetworks.com"
194.209.200.2 - - [08/Nov/2022:21:03:54 +0100] "GET /robots.txt HTTP/1.1" 200 - "-" "Mozilla/5.0 (compatible; TMMBot/0.2; +http://www.dslab.ch)/Nutch-1.15"
194.209.200.2 - - [08/Nov/2022:21:03:54 +0100] "GET /Miele/MieleLXIV HTTP/1.1" 200 15367 "-" "Mozilla/5.0 (compatible; TMMBot/0.2; +http://www.dslab.ch)/Nutch-1.15"
194.209.200.2 - - [08/Nov/2022:21:05:32 +0100] "GET /ODDB/StammdatenCH HTTP/1.1" 200 9300 "-" "Mozilla/5.0 (compatible; TMMBot/0.2; +http://www.dslab.ch)/Nutch-1.15"
194.209.200.2 - - [08/Nov/2022:21:05:56 +0100] "GET /Main/2006 HTTP/1.1" 200 39320 "-" "Mozilla/5.0 (compatible; TMMBot/0.2; +http://www.dslab.ch)/Nutch-1.15"
194.209.200.2 - - [08/Nov/2022:21:06:05 +0100] "GET /Main/2004 HTTP/1.1" 200 14080 "-" "Mozilla/5.0 (compatible; TMMBot/0.2; +http://www.dslab.ch)/Nutch-1.15"
194.209.200.2 - - [08/Nov/2022:21:06:17 +0100] "GET /Main/2015 HTTP/1.1" 200 15908 "-" "Mozilla/5.0 (compatible; TMMBot/0.2; +http://www.dslab.ch)/Nutch-1.15"
194.209.200.2 - - [08/Nov/2022:21:06:25 +0100] "GET /Main/2013 HTTP/1.1" 200 20487 "-" "Mozilla/5.0 (compatible; TMMBot/0.2; +http://www.dslab.ch)/Nutch-1.15"
194.209.200.2 - - [08/Nov/2022:21:07:46 +0100] "GET /robots.txt HTTP/1.1" 200 - "-" "Mozilla/5.0 (compatible; TMMBot/0.2; +http://www.dslab.ch)/Nutch-1.15"
194.209.200.2 - - [08/Nov/2022:21:08:18 +0100] "GET /AmiKo/Web HTTP/1.1" 200 9588 "-" "Mozilla/5.0 (compatible; TMMBot/0.2; +http://www.dslab.ch)/Nutch-1.15"
194.209.200.2 - - [08/Nov/2022:21:09:06 +0100] "GET /Ywesee/OpenSource HTTP/1.1" 200 10790 "-" "Mozilla/5.0 (compatible; TMMBot/0.2; +http://www.dslab.ch)/Nutch-1.15"
92.204.144.154 - - [08/Nov/2022:21:10:01 +0100] "GET /backuplocalhost.sql.gz HTTP/1.1" 404 281 "-" "Firefox"
194.209.200.2 - - [08/Nov/2022:21:10:11 +0100] "GET /Main/2014 HTTP/1.1" 200 19471 "-" "Mozilla/5.0 (compatible; TMMBot/0.2; +http://www.dslab.ch)/Nutch-1.15"
104.196.120.172 - - [08/Nov/2022:21:10:21 +0100] "GET /AmiKo/Web HTTP/1.0" 200 9588 "-" "ZoominfoBot (zoominfobot at zoominfo dot com)"
194.209.200.2 - - [08/Nov/2022:21:10:45 +0100] "GET /Ywesee/About HTTP/1.1" 200 9132 "-" "Mozilla/5.0 (compatible; TMMBot/0.2; +http://www.dslab.ch)/Nutch-1.15"
157.55.39.89 - - [08/Nov/2022:21:11:35 +0100] "GET / HTTP/1.1" 200 13748 "-" "Mozilla/5.0 (compatible; bingbot/2.0; +http://www.bing.com/bingbot.htm)"
104.196.120.172 - - [08/Nov/2022:21:12:42 +0100] "GET /Generikacc/App HTTP/1.0" 200 11862 "-" "ZoominfoBot (zoominfobot at zoominfo dot com)"
104.196.120.172 - - [08/Nov/2022:21:16:51 +0100] "GET /Software/ODDB HTTP/1.0" 200 10298 "-" "ZoominfoBot (zoominfobot at zoominfo dot com)"
104.196.120.172 - - [08/Nov/2022:21:21:41 +0100] "GET /Ywesee/Team HTTP/1.0" 200 18245 "-" "ZoominfoBot (zoominfobot at zoominfo dot com)"
65.109.63.252 - - [08/Nov/2022:21:22:17 +0100] "GET /robots.txt HTTP/1.1" 200 - "-" "Mozilla/5.0 (compatible; MJ12bot/v1.4.8; http://mj12bot.com/)"
65.109.63.252 - - [08/Nov/2022:21:22:19 +0100] "GET /PmWiki/WikiStyleExamples HTTP/1.1" 200 21923 "-" "Mozilla/5.0 (compatible; MJ12bot/v1.4.8; http://mj12bot.com/)"
65.109.63.252 - - [08/Nov/2022:21:22:22 +0100] "GET /PmWiki/WikiStyles?action=diff HTTP/1.1" 403 18 "-" "Mozilla/5.0 (compatible; MJ12bot/v1.4.8; http://mj12bot.com/)"
65.109.63.252 - - [08/Nov/2022:21:22:24 +0100] "GET /PmWiki/WikiStyles?action=edit HTTP/1.1" 403 18 "-" "Mozilla/5.0 (compatible; MJ12bot/v1.4.8; http://mj12bot.com/)"
65.109.63.252 - - [08/Nov/2022:21:22:26 +0100] "GET /PmWiki/WikiStyles?action=print HTTP/1.1" 403 18 "-" "Mozilla/5.0 (compatible; MJ12bot/v1.4.8; http://mj12bot.com/)"
65.109.63.252 - - [08/Nov/2022:21:22:28 +0100] "GET /PmWiki/WikiStyles?action=upload HTTP/1.1" 403 18 "-" "Mozilla/5.0 (compatible; MJ12bot/v1.4.8; http://mj12bot.com/)"
65.109.63.252 - - [08/Nov/2022:21:22:31 +0100] "GET /PmWiki/WikiWord HTTP/1.1" 200 12216 "-" "Mozilla/5.0 (compatible; MJ12bot/v1.4.8; http://mj12bot.com/)"
65.109.63.252 - - [08/Nov/2022:21:22:35 +0100] "GET /Profiles/Zrr?action=diff HTTP/1.1" 403 18 "-" "Mozilla/5.0 (compatible; MJ12bot/v1.4.8; http://mj12bot.com/)"
65.109.63.252 - - [08/Nov/2022:21:22:38 +0100] "GET /Profiles/Zrr?action=print HTTP/1.1" 403 18 "-" "Mozilla/5.0 (compatible; MJ12bot/v1.4.8; http://mj12bot.com/)"
65.109.63.252 - - [08/Nov/2022:21:22:42 +0100] "GET /Profiles/Zrr?action=upload HTTP/1.1" 403 18 "-" "Mozilla/5.0 (compatible; MJ12bot/v1.4.8; http://mj12bot.com/)"
65.109.63.252 - - [08/Nov/2022:21:22:45 +0100] "GET /PublicDomain/Stammdaten?action=diff HTTP/1.1" 403 18 "-" "Mozilla/5.0 (compatible; MJ12bot/v1.4.8; http://mj12bot.com/)"
65.109.63.252 - - [08/Nov/2022:21:22:49 +0100] "GET /PublicDomain/Stammdaten?action=print HTTP/1.1" 403 18 "-" "Mozilla/5.0 (compatible; MJ12bot/v1.4.8; http://mj12bot.com/)"
65.109.63.252 - - [08/Nov/2022:21:22:55 +0100] "GET /PublicDomain/Stammdaten?action=upload HTTP/1.1" 403 18 "-" "Mozilla/5.0 (compatible; MJ12bot/v1.4.8; http://mj12bot.com/)"
65.109.63.252 - - [08/Nov/2022:21:23:00 +0100] "GET /RedLaser/BarcodeScanner?action=diff HTTP/1.1" 403 18 "-" "Mozilla/5.0 (compatible; MJ12bot/v1.4.8; http://mj12bot.com/)"
65.109.63.252 - - [08/Nov/2022:21:23:04 +0100] "GET /RedLaser/BarcodeScanner?action=print HTTP/1.1" 403 18 "-" "Mozilla/5.0 (compatible; MJ12bot/v1.4.8; http://mj12bot.com/)"
65.109.63.252 - - [08/Nov/2022:21:23:06 +0100] "GET /RedLaser/BarcodeScanner?action=upload HTTP/1.1" 403 18 "-" "Mozilla/5.0 (compatible; MJ12bot/v1.4.8; http://mj12bot.com/)"
58.250.125.87 - - [08/Nov/2022:21:25:19 +0100] "GET / HTTP/1.1" 200 13748 "-" "Sogou web spider/4.0(+http://www.sogou.com/docs/help/webmasters.htm#07)"
65.109.63.252 - - [08/Nov/2022:21:26:53 +0100] "GET /SpitalSchweiz/AnzahlNeugeborene2012?action=diff HTTP/1.1" 403 18 "-" "Mozilla/5.0 (compatible; MJ12bot/v1.4.8; http://mj12bot.com/)"
65.109.63.252 - - [08/Nov/2022:21:26:54 +0100] "GET /SpitalSchweiz/AnzahlNeugeborene2012?action=print HTTP/1.1" 403 18 "-" "Mozilla/5.0 (compatible; MJ12bot/v1.4.8; http://mj12bot.com/)"
65.109.63.252 - - [08/Nov/2022:21:26:57 +0100] "GET /SpitalSchweiz/AnzahlNeugeborene2012?action=upload HTTP/1.1" 403 18 "-" "Mozilla/5.0 (compatible; MJ12bot/v1.4.8; http://mj12bot.com/)"
65.109.63.252 - - [08/Nov/2022:21:27:01 +0100] "GET /SpitalSchweiz/FinanzErgebnis2012?action=diff HTTP/1.1" 403 18 "-" "Mozilla/5.0 (compatible; MJ12bot/v1.4.8; http://mj12bot.com/)"
65.109.63.252 - - [08/Nov/2022:21:27:05 +0100] "GET /SpitalSchweiz/FinanzErgebnis2012?action=print HTTP/1.1" 403 18 "-" "Mozilla/5.0 (compatible; MJ12bot/v1.4.8; http://mj12bot.com/)"
65.109.63.252 - - [08/Nov/2022:21:27:09 +0100] "GET /SpitalSchweiz/FinanzErgebnis2012?action=upload HTTP/1.1" 403 18 "-" "Mozilla/5.0 (compatible; MJ12bot/v1.4.8; http://mj12bot.com/)"
65.109.63.252 - - [08/Nov/2022:21:27:14 +0100] "GET /SpitalSchweiz/FinanzenImMinus2012?action=diff HTTP/1.1" 403 18 "-" "Mozilla/5.0 (compatible; MJ12bot/v1.4.8; http://mj12bot.com/)"
65.109.63.252 - - [08/Nov/2022:21:27:20 +0100] "GET /SpitalSchweiz/FinanzenImMinus2012?action=print HTTP/1.1" 403 18 "-" "Mozilla/5.0 (compatible; MJ12bot/v1.4.8; http://mj12bot.com/)"
65.109.63.252 - - [08/Nov/2022:21:27:24 +0100] "GET /SpitalSchweiz/FinanzenImMinus2012?action=upload HTTP/1.1" 403 18 "-" "Mozilla/5.0 (compatible; MJ12bot/v1.4.8; http://mj12bot.com/)"
65.109.63.252 - - [08/Nov/2022:21:27:30 +0100] "GET /Stellungnahme/ProPharma?action=diff HTTP/1.1" 403 18 "-" "Mozilla/5.0 (compatible; MJ12bot/v1.4.8; http://mj12bot.com/)"
65.109.63.252 - - [08/Nov/2022:21:27:34 +0100] "GET /Stellungnahme/ProPharma?action=print HTTP/1.1" 403 18 "-" "Mozilla/5.0 (compatible; MJ12bot/v1.4.8; http://mj12bot.com/)"
65.109.63.252 - - [08/Nov/2022:21:27:44 +0100] "GET /Stellungnahme/ProPharma?action=upload HTTP/1.1" 403 18 "-" "Mozilla/5.0 (compatible; MJ12bot/v1.4.8; http://mj12bot.com/)"
65.109.63.252 - - [08/Nov/2022:21:27:50 +0100] "GET /Swissmedic/AIPS?action=diff HTTP/1.1" 403 18 "-" "Mozilla/5.0 (compatible; MJ12bot/v1.4.8; http://mj12bot.com/)"
65.109.63.252 - - [08/Nov/2022:21:27:55 +0100] "GET /Swissmedic/AIPS?action=print HTTP/1.1" 403 18 "-" "Mozilla/5.0 (compatible; MJ12bot/v1.4.8; http://mj12bot.com/)"
65.109.63.252 - - [08/Nov/2022:21:28:00 +0100] "GET /Swissmedic/AIPS?action=upload HTTP/1.1" 403 18 "-" "Mozilla/5.0 (compatible; MJ12bot/v1.4.8; http://mj12bot.com/)"
65.109.63.252 - - [08/Nov/2022:21:28:06 +0100] "GET /Swissmedic/AIPSXml?action=diff HTTP/1.1" 403 18 "-" "Mozilla/5.0 (compatible; MJ12bot/v1.4.8; http://mj12bot.com/)"
65.109.63.252 - - [08/Nov/2022:21:28:10 +0100] "GET /Swissmedic/AIPSXml?action=print HTTP/1.1" 403 18 "-" "Mozilla/5.0 (compatible; MJ12bot/v1.4.8; http://mj12bot.com/)"
65.109.63.252 - - [08/Nov/2022:21:28:15 +0100] "GET /Swissmedic/AIPSXml?action=upload HTTP/1.1" 403 18 "-" "Mozilla/5.0 (compatible; MJ12bot/v1.4.8; http://mj12bot.com/)"
65.109.63.252 - - [08/Nov/2022:21:28:23 +0100] "GET /Ywesee/BitcoinBlockchain?action=diff HTTP/1.1" 403 18 "-" "Mozilla/5.0 (compatible; MJ12bot/v1.4.8; http://mj12bot.com/)"
104.196.120.172 - - [08/Nov/2022:21:31:49 +0100] "GET /Ywesee/OpenSource HTTP/1.0" 200 10790 "-" "ZoominfoBot (zoominfobot at zoominfo dot com)"
65.109.63.252 - - [08/Nov/2022:21:31:58 +0100] "GET /Ywesee/BitcoinBlockchain?action=print HTTP/1.1" 403 18 "-" "Mozilla/5.0 (compatible; MJ12bot/v1.4.8; http://mj12bot.com/)"
65.109.63.252 - - [08/Nov/2022:21:32:00 +0100] "GET /Ywesee/BitcoinBlockchain?action=upload HTTP/1.1" 403 18 "-" "Mozilla/5.0 (compatible; MJ12bot/v1.4.8; http://mj12bot.com/)"
65.109.63.252 - - [08/Nov/2022:21:32:03 +0100] "GET /Ywesee/Kindle?action=diff HTTP/1.1" 403 18 "-" "Mozilla/5.0 (compatible; MJ12bot/v1.4.8; http://mj12bot.com/)"
65.109.63.252 - - [08/Nov/2022:21:32:05 +0100] "GET /Ywesee/Kindle?action=print HTTP/1.1" 403 18 "-" "Mozilla/5.0 (compatible; MJ12bot/v1.4.8; http://mj12bot.com/)"
65.109.63.252 - - [08/Nov/2022:21:32:07 +0100] "GET /Ywesee/Kindle?action=upload HTTP/1.1" 403 18 "-" "Mozilla/5.0 (compatible; MJ12bot/v1.4.8; http://mj12bot.com/)"
65.109.63.252 - - [08/Nov/2022:21:32:09 +0100] "GET /Ywesee/XMLCONV2?action=diff HTTP/1.1" 403 18 "-" "Mozilla/5.0 (compatible; MJ12bot/v1.4.8; http://mj12bot.com/)"
65.109.63.252 - - [08/Nov/2022:21:32:12 +0100] "GET /Ywesee/XMLCONV2?action=print HTTP/1.1" 403 18 "-" "Mozilla/5.0 (compatible; MJ12bot/v1.4.8; http://mj12bot.com/)"
65.109.63.252 - - [08/Nov/2022:21:32:13 +0100] "GET /Ywesee/XMLCONV2?action=upload HTTP/1.1" 403 18 "-" "Mozilla/5.0 (compatible; MJ12bot/v1.4.8; http://mj12bot.com/)"
65.109.63.252 - - [08/Nov/2022:21:32:15 +0100] "GET /uploads/Stellungnahme/gibt_es_Alternativen_zu_oddb2xml.pdf HTTP/1.1" 200 96862 "-" "Mozilla/5.0 (compatible; MJ12bot/v1.4.8; http://mj12bot.com/)"
64.71.157.111 - - [08/Nov/2022:21:32:59 +0100] "GET /pmwiki.php/Site/AllRecentChanges?action=rss HTTP/1.1" 200 2546 "-" "Feedbin feed-id:590358 - 1 subscribers"
104.196.120.172 - - [08/Nov/2022:21:39:55 +0100] "GET /Software/SoftwareRaid HTTP/1.0" 200 12104 "-" "ZoominfoBot (zoominfobot at zoominfo dot com)"
194.209.200.2 - - [08/Nov/2022:21:43:50 +0100] "GET /robots.txt HTTP/1.1" 200 - "-" "Mozilla/5.0 (compatible; TMMBot/0.2; +http://www.dslab.ch)/Nutch-1.15"
194.209.200.2 - - [08/Nov/2022:21:43:50 +0100] "GET /Miele/MieleLXIV HTTP/1.1" 200 15367 "-" "Mozilla/5.0 (compatible; TMMBot/0.2; +http://www.dslab.ch)/Nutch-1.15"
194.209.200.2 - - [08/Nov/2022:21:45:24 +0100] "GET /ODDB/StammdatenCH HTTP/1.1" 200 9300 "-" "Mozilla/5.0 (compatible; TMMBot/0.2; +http://www.dslab.ch)/Nutch-1.15"
194.209.200.2 - - [08/Nov/2022:21:45:49 +0100] "GET /Main/2006 HTTP/1.1" 200 39320 "-" "Mozilla/5.0 (compatible; TMMBot/0.2; +http://www.dslab.ch)/Nutch-1.15"
194.209.200.2 - - [08/Nov/2022:21:45:57 +0100] "GET /Main/2004 HTTP/1.1" 200 14080 "-" "Mozilla/5.0 (compatible; TMMBot/0.2; +http://www.dslab.ch)/Nutch-1.15"
85.208.98.18 - - [08/Nov/2022:21:46:09 +0100] "GET /PmWiki/Links HTTP/1.1" 200 37854 "-" "Mozilla/5.0 (compatible; SemrushBot; +http://www.semrush.com/bot.html)"
194.209.200.2 - - [08/Nov/2022:21:46:09 +0100] "GET /Main/2015 HTTP/1.1" 200 15908 "-" "Mozilla/5.0 (compatible; TMMBot/0.2; +http://www.dslab.ch)/Nutch-1.15"
194.209.200.2 - - [08/Nov/2022:21:46:18 +0100] "GET /Main/2013 HTTP/1.1" 200 20487 "-" "Mozilla/5.0 (compatible; TMMBot/0.2; +http://www.dslab.ch)/Nutch-1.15"
77.56.104.195 - - [08/Nov/2022:21:46:53 +0100] "GET / HTTP/1.1" 200 13748 "-" "Mozilla/5.0 (iPhone; CPU iPhone OS 16_0_2 like Mac OS X) AppleWebKit/605.1.15 (KHTML, like Gecko) Version/16.0 Mobile/15E148 Safari/604.1"
77.56.104.195 - - [08/Nov/2022:21:46:56 +0100] "GET / HTTP/1.1" 200 13748 "-" "Mozilla/5.0 (iPhone; CPU iPhone OS 16_0_2 like Mac OS X) AppleWebKit/605.1.15 (KHTML, like Gecko) Version/16.0 Mobile/15E148 Safari/604.1"
77.56.104.195 - - [08/Nov/2022:21:46:56 +0100] "GET /pub/skins/ywesee/gila.css HTTP/1.1" 200 8276 "https://ywesee.com/" "Mozilla/5.0 (iPhone; CPU iPhone OS 16_0_2 like Mac OS X) AppleWebKit/605.1.15 (KHTML, like Gecko) Version/16.0 Mobile/15E148 Safari/604.1"
77.56.104.195 - - [08/Nov/2022:21:46:57 +0100] "GET /uploads/Main/yweseelogo.gif HTTP/1.1" 200 2982 "https://ywesee.com/" "Mozilla/5.0 (iPhone; CPU iPhone OS 16_0_2 like Mac OS X) AppleWebKit/605.1.15 (KHTML, like Gecko) Version/16.0 Mobile/15E148 Safari/604.1"
194.209.200.2 - - [08/Nov/2022:21:47:40 +0100] "GET /robots.txt HTTP/1.1" 200 - "-" "Mozilla/5.0 (compatible; TMMBot/0.2; +http://www.dslab.ch)/Nutch-1.15"
20.29.110.169 - - [08/Nov/2022:21:48:03 +0100] "GET /uploads/Android/Hersteller.jpg HTTP/1.1" 200 56545 "http://www.ywesee.com/uploads/Android" "Mozilla/5.0 (X11; Linux x86_64) AppleWebKit/537.36 (KHTML, like Gecko) Chrome/74.0.3729.169 Safari/537.36"
194.209.200.2 - - [08/Nov/2022:21:48:12 +0100] "GET /AmiKo/Web HTTP/1.1" 200 9588 "-" "Mozilla/5.0 (compatible; TMMBot/0.2; +http://www.dslab.ch)/Nutch-1.15"
66.249.79.119 - - [08/Nov/2022:21:48:25 +0100] "GET /favicon.ico HTTP/1.1" 200 1406 "-" "Googlebot-Image/1.0"
194.209.200.2 - - [08/Nov/2022:21:49:02 +0100] "GET /Ywesee/OpenSource HTTP/1.1" 200 10790 "-" "Mozilla/5.0 (compatible; TMMBot/0.2; +http://www.dslab.ch)/Nutch-1.15"
194.209.200.2 - - [08/Nov/2022:21:50:10 +0100] "GET /Main/2014 HTTP/1.1" 200 19471 "-" "Mozilla/5.0 (compatible; TMMBot/0.2; +http://www.dslab.ch)/Nutch-1.15"
194.209.200.2 - - [08/Nov/2022:21:50:46 +0100] "GET /Ywesee/About HTTP/1.1" 200 9132 "-" "Mozilla/5.0 (compatible; TMMBot/0.2; +http://www.dslab.ch)/Nutch-1.15"
104.196.120.172 - - [08/Nov/2022:21:52:47 +0100] "GET /Software/BBMB HTTP/1.0" 200 9385 "-" "ZoominfoBot (zoominfobot at zoominfo dot com)"
104.196.120.172 - - [08/Nov/2022:21:54:21 +0100] "GET /Ywesee/Events HTTP/1.0" 200 8918 "-" "ZoominfoBot (zoominfobot at zoominfo dot com)"
104.196.120.172 - - [08/Nov/2022:22:08:20 +0100] "GET /ODDB/IntegrationLookAmpFeelGenerikasuche HTTP/1.0" 200 9097 "-" "ZoominfoBot (zoominfobot at zoominfo dot com)"
104.196.120.172 - - [08/Nov/2022:22:08:22 +0100] "GET /AmiKo/Android HTTP/1.0" 200 10427 "-" "ZoominfoBot (zoominfobot at zoominfo dot com)"
139.59.108.225 - - [08/Nov/2022:22:10:11 +0100] "GET / HTTP/1.1" 200 13748 "https://www.google.com" "Not A;Brand\";v=\"99\", \"Chromium\";v=\"90\", \"Google Chrome\";v=\"90"
139.59.108.225 - - [08/Nov/2022:22:10:12 +0100] "GET / HTTP/1.1" 200 13748 "https://www.google.com" "Not A;Brand\";v=\"99\", \"Chromium\";v=\"90\", \"Google Chrome\";v=\"90"
52.151.197.233 - - [08/Nov/2022:22:13:58 +0100] "GET /robots.txt HTTP/1.1" 200 - "-" "Screaming Frog SEO Spider/17.1"
52.151.197.233 - - [08/Nov/2022:22:13:58 +0100] "GET / HTTP/1.1" 200 13748 "-" "Screaming Frog SEO Spider/17.1"
104.196.120.172 - - [08/Nov/2022:22:15:25 +0100] "GET /Main/Home?action=edit HTTP/1.0" 403 18 "-" "ZoominfoBot (zoominfobot at zoominfo dot com)"
194.209.200.2 - - [08/Nov/2022:22:16:17 +0100] "GET /robots.txt HTTP/1.1" 200 - "-" "Mozilla/5.0 (compatible; TMMBot/0.2; +http://www.dslab.ch)/Nutch-1.15"
194.209.200.2 - - [08/Nov/2022:22:16:17 +0100] "GET /Miele/MieleLXIV HTTP/1.1" 200 15367 "-" "Mozilla/5.0 (compatible; TMMBot/0.2; +http://www.dslab.ch)/Nutch-1.15"
104.196.120.172 - - [08/Nov/2022:22:16:40 +0100] "GET /Ywesee/About HTTP/1.0" 200 9132 "-" "ZoominfoBot (zoominfobot at zoominfo dot com)"
138.68.230.36 - - [08/Nov/2022:22:17:50 +0100] "GET / HTTP/1.1" 200 13748 "-" "Mozilla/5.0 (Macintosh; Intel Mac OS X 10_14_4) AppleWebKit/537.36 (KHTML, like Gecko) Chrome/73.0.3683.103 Safari/537.36"
138.68.230.36 - - [08/Nov/2022:22:17:51 +0100] "GET /pub/skins/ywesee/gila.css HTTP/1.1" 200 8276 "https://ywesee.com/" "Mozilla/5.0 (Macintosh; Intel Mac OS X 10_14_4) AppleWebKit/537.36 (KHTML, like Gecko) Chrome/73.0.3683.103 Safari/537.36"
138.68.230.36 - - [08/Nov/2022:22:17:51 +0100] "GET /uploads/Main/yweseelogo.gif HTTP/1.1" 200 2982 "https://ywesee.com/" "Mozilla/5.0 (Macintosh; Intel Mac OS X 10_14_4) AppleWebKit/537.36 (KHTML, like Gecko) Chrome/73.0.3683.103 Safari/537.36"
194.209.200.2 - - [08/Nov/2022:22:18:06 +0100] "GET /ODDB/IndividuelleMediliste HTTP/1.1" 200 9139 "-" "Mozilla/5.0 (compatible; TMMBot/0.2; +http://www.dslab.ch)/Nutch-1.15"
194.209.200.2 - - [08/Nov/2022:22:18:23 +0100] "GET /Main/2006 HTTP/1.1" 200 39320 "-" "Mozilla/5.0 (compatible; TMMBot/0.2; +http://www.dslab.ch)/Nutch-1.15"
194.209.200.2 - - [08/Nov/2022:22:18:31 +0100] "GET /Main/2004 HTTP/1.1" 200 14080 "-" "Mozilla/5.0 (compatible; TMMBot/0.2; +http://www.dslab.ch)/Nutch-1.15"
194.209.200.2 - - [08/Nov/2022:22:18:35 +0100] "GET /Main/2017 HTTP/1.1" 200 15840 "-" "Mozilla/5.0 (compatible; TMMBot/0.2; +http://www.dslab.ch)/Nutch-1.15"
194.209.200.2 - - [08/Nov/2022:22:18:46 +0100] "GET /Main/2015 HTTP/1.1" 200 15908 "-" "Mozilla/5.0 (compatible; TMMBot/0.2; +http://www.dslab.ch)/Nutch-1.15"
194.209.200.2 - - [08/Nov/2022:22:18:55 +0100] "GET /Main/2013 HTTP/1.1" 200 20487 "-" "Mozilla/5.0 (compatible; TMMBot/0.2; +http://www.dslab.ch)/Nutch-1.15"
193.247.208.98 - - [08/Nov/2022:22:19:56 +0100] "HEAD / HTTP/1.1" 200 - "https://www.hin.ch" "Mozilla/5.0 (Windows NT 10.0; Win64; x64) AppleWebKit/537.36 (KHTML, like Gecko) Chrome/70.0.3538.102 Safari/537.36"
194.209.200.2 - - [08/Nov/2022:22:20:22 +0100] "GET /robots.txt HTTP/1.1" 200 - "-" "Mozilla/5.0 (compatible; TMMBot/0.2; +http://www.dslab.ch)/Nutch-1.15"
157.55.39.89 - - [08/Nov/2022:22:20:50 +0100] "GET /Ywesee/Team HTTP/1.1" 200 18245 "-" "Mozilla/5.0 (compatible; bingbot/2.0; +http://www.bing.com/bingbot.htm)"
194.209.200.2 - - [08/Nov/2022:22:20:57 +0100] "GET /AmiKo/Web HTTP/1.1" 200 9588 "-" "Mozilla/5.0 (compatible; TMMBot/0.2; +http://www.dslab.ch)/Nutch-1.15"
64.71.157.112 - - [08/Nov/2022:22:21:29 +0100] "GET /pmwiki.php/Site/AllRecentChanges?action=rss HTTP/1.1" 200 2546 "-" "Feedbin feed-id:590358 - 1 subscribers"
207.46.13.102 - - [08/Nov/2022:22:21:30 +0100] "GET /pub/skins/ywesee/gila.css HTTP/1.1" 200 8276 "-" "Mozilla/5.0 AppleWebKit/537.36 (KHTML, like Gecko; compatible; bingbot/2.0; +http://www.bing.com/bingbot.htm) Chrome/103.0.5060.134 Safari/537.36"
194.209.200.2 - - [08/Nov/2022:22:21:46 +0100] "GET /Ywesee/OpenSource HTTP/1.1" 200 10790 "-" "Mozilla/5.0 (compatible; TMMBot/0.2; +http://www.dslab.ch)/Nutch-1.15"
194.209.200.2 - - [08/Nov/2022:22:22:52 +0100] "GET /Main/2014 HTTP/1.1" 200 19471 "-" "Mozilla/5.0 (compatible; TMMBot/0.2; +http://www.dslab.ch)/Nutch-1.15"
194.209.200.2 - - [08/Nov/2022:22:23:24 +0100] "GET /Ywesee/About HTTP/1.1" 200 9132 "-" "Mozilla/5.0 (compatible; TMMBot/0.2; +http://www.dslab.ch)/Nutch-1.15"
162.55.86.61 - - [08/Nov/2022:22:25:56 +0100] "GET /robots.txt HTTP/1.1" 200 - "-" "Mozilla/5.0 (compatible; BLEXBot/1.0; +http://webmeup-crawler.com/)"
162.55.86.61 - - [08/Nov/2022:22:25:58 +0100] "GET /robots.txt HTTP/1.1" 200 - "-" "Mozilla/5.0 (compatible; BLEXBot/1.0; +http://webmeup-crawler.com/)"
162.55.86.61 - - [08/Nov/2022:22:25:58 +0100] "GET /sitemap HTTP/1.1" 404 266 "-" "Mozilla/5.0 (compatible; BLEXBot/1.0; +http://webmeup-crawler.com/)"
162.55.86.61 - - [08/Nov/2022:22:26:14 +0100] "GET /sitemap.txt HTTP/1.1" 404 270 "-" "Mozilla/5.0 (compatible; BLEXBot/1.0; +http://webmeup-crawler.com/)"
209.141.45.67 - - [08/Nov/2022:22:27:12 +0100] "GET / HTTP/1.1" 200 13748 "http://www.ywesee.com" "Mozilla/5.0 (Windows NT 6.3; Win64; x64) AppleWebKit/537.36 (KHTML, like Gecko) Chrome/102.0.0.0 Safari/537.36"
209.141.45.67 - - [08/Nov/2022:22:27:15 +0100] "GET /Ywesee/OpenSource HTTP/1.1" 200 10790 "https://www.ywesee.com/" "0"
209.141.45.67 - - [08/Nov/2022:22:27:15 +0100] "GET /Ywesee/Kontakt HTTP/1.1" 200 8973 "https://www.ywesee.com/" "0"
209.141.45.67 - - [08/Nov/2022:22:27:15 +0100] "GET /Ywesee/Team HTTP/1.1" 200 18245 "https://www.ywesee.com/" "0"
209.141.45.67 - - [08/Nov/2022:22:27:15 +0100] "GET /Ywesee/Events HTTP/1.1" 200 8918 "https://www.ywesee.com/" "0"
209.141.45.67 - - [08/Nov/2022:22:27:15 +0100] "GET /Ywesee/InfoCodex HTTP/1.1" 200 24435 "https://www.ywesee.com/" "0"
209.141.45.67 - - [08/Nov/2022:22:27:15 +0100] "GET /Ywesee/About HTTP/1.1" 200 9132 "https://www.ywesee.com/" "0"
209.141.45.67 - - [08/Nov/2022:22:27:15 +0100] "GET /Software/YDIM HTTP/1.1" 200 8834 "https://www.ywesee.com/" "0"
209.141.45.67 - - [08/Nov/2022:22:27:16 +0100] "GET /Software/XMLConv HTTP/1.1" 200 8709 "https://www.ywesee.com/" "0"
209.141.45.67 - - [08/Nov/2022:22:27:16 +0100] "GET /Software/Spreadsheet HTTP/1.1" 200 8839 "https://www.ywesee.com/" "0"
209.141.45.67 - - [08/Nov/2022:22:27:34 +0100] "GET /Software/SoftwareRaid HTTP/1.1" 200 12104 "https://www.ywesee.com/" "0"
209.141.45.67 - - [08/Nov/2022:22:27:34 +0100] "GET /Software/ODDB HTTP/1.1" 200 10298 "https://www.ywesee.com/" "0"
209.141.45.67 - - [08/Nov/2022:22:27:35 +0100] "GET /Software/BBMB HTTP/1.1" 200 9385 "https://www.ywesee.com/" "0"
209.141.45.67 - - [08/Nov/2022:22:27:35 +0100] "GET /Oddb2xml/Index HTTP/1.1" 200 8983 "https://www.ywesee.com/" "0"
209.141.45.67 - - [08/Nov/2022:22:27:35 +0100] "GET /ODDB/StammdatenCH HTTP/1.1" 200 9300 "https://www.ywesee.com/" "0"
209.141.45.67 - - [08/Nov/2022:22:27:35 +0100] "GET /Site/AllRecentChanges?action=rss HTTP/1.1" 200 2546 "https://www.ywesee.com/" "0"
209.141.45.67 - - [08/Nov/2022:22:27:35 +0100] "GET /ODDB/IntegrationLookAmpFeelGenerikasuche HTTP/1.1" 200 9097 "https://www.ywesee.com/" "0"
209.141.45.67 - - [08/Nov/2022:22:27:35 +0100] "GET /ODDB/IndividuelleMediliste HTTP/1.1" 200 9139 "https://www.ywesee.com/" "0"
209.141.45.67 - - [08/Nov/2022:22:27:35 +0100] "GET /Main/SideBar?action=edit HTTP/1.1" 200 9310 "https://www.ywesee.com/" "0"
209.141.45.67 - - [08/Nov/2022:22:27:35 +0100] "GET /Main/Home?n=Main.SideBar?action=edit HTTP/1.1" 200 9322 "https://www.ywesee.com/" "0"
209.141.45.67 - - [08/Nov/2022:22:27:35 +0100] "GET /Main/Home?action=upload HTTP/1.1" 200 8738 "https://www.ywesee.com/" "0"
209.141.45.67 - - [08/Nov/2022:22:27:35 +0100] "GET /Main/Home?action=print HTTP/1.1" 200 8559 "https://www.ywesee.com/" "0"
209.141.45.67 - - [08/Nov/2022:22:27:36 +0100] "GET /Main/Home?action=edit HTTP/1.1" 200 9272 "https://www.ywesee.com/" "0"
209.141.45.67 - - [08/Nov/2022:22:27:36 +0100] "GET /Main/Home HTTP/1.1" 200 13748 "https://www.ywesee.com/" "0"
209.141.45.67 - - [08/Nov/2022:22:27:36 +0100] "GET /Main/2021 HTTP/1.1" 200 16484 "https://www.ywesee.com/" "0"
209.141.45.67 - - [08/Nov/2022:22:27:36 +0100] "GET /Main/DocumedGalenicaVsYwesee HTTP/1.1" 200 35251 "https://www.ywesee.com/" "0"
209.141.45.67 - - [08/Nov/2022:22:27:36 +0100] "GET /Main/2020 HTTP/1.1" 200 15398 "https://www.ywesee.com/" "0"
209.141.45.67 - - [08/Nov/2022:22:27:36 +0100] "GET /Main/2019 HTTP/1.1" 200 15246 "https://www.ywesee.com/" "0"
209.141.45.67 - - [08/Nov/2022:22:27:37 +0100] "GET /Main/2018 HTTP/1.1" 200 15425 "https://www.ywesee.com/" "0"
209.141.45.67 - - [08/Nov/2022:22:27:37 +0100] "GET /Main/2017 HTTP/1.1" 200 15840 "https://www.ywesee.com/" "0"
209.141.45.67 - - [08/Nov/2022:22:27:36 +0100] "GET /Main/Home?action=diff HTTP/1.1" 200 520605 "https://www.ywesee.com/" "0"
209.141.45.67 - - [08/Nov/2022:22:27:37 +0100] "GET /Main/2016 HTTP/1.1" 200 13689 "https://www.ywesee.com/" "0"
209.141.45.67 - - [08/Nov/2022:22:27:37 +0100] "GET /Main/2015 HTTP/1.1" 200 15908 "https://www.ywesee.com/" "0"
209.141.45.67 - - [08/Nov/2022:22:27:37 +0100] "GET /Main/2014 HTTP/1.1" 200 19471 "https://www.ywesee.com/" "0"
209.141.45.67 - - [08/Nov/2022:22:27:37 +0100] "GET /Main/2013 HTTP/1.1" 200 20487 "https://www.ywesee.com/" "0"
209.141.45.67 - - [08/Nov/2022:22:27:37 +0100] "GET /Main/2012 HTTP/1.1" 200 31941 "https://www.ywesee.com/" "0"
209.141.45.67 - - [08/Nov/2022:22:27:37 +0100] "GET /Main/2011 HTTP/1.1" 200 21451 "https://www.ywesee.com/" "0"
209.141.45.67 - - [08/Nov/2022:22:27:38 +0100] "GET /Main/2010 HTTP/1.1" 200 27997 "https://www.ywesee.com/" "0"
209.141.45.67 - - [08/Nov/2022:22:27:38 +0100] "GET /Main/2009 HTTP/1.1" 200 21688 "https://www.ywesee.com/" "0"
209.141.45.67 - - [08/Nov/2022:22:27:38 +0100] "GET /Main/2008 HTTP/1.1" 200 34740 "https://www.ywesee.com/" "0"
209.141.45.67 - - [08/Nov/2022:22:27:38 +0100] "GET /Main/2007 HTTP/1.1" 200 50639 "https://www.ywesee.com/" "0"
209.141.45.67 - - [08/Nov/2022:22:27:38 +0100] "GET /Main/2006 HTTP/1.1" 200 39320 "https://www.ywesee.com/" "0"
85.14.243.31 - - [08/Nov/2022:22:28:29 +0100] "HEAD /inc/go3.php/newmax.click HTTP/1.1" 404 - "-" "Mozilla/5.0 (Macintosh; Intel Mac OS X 10_15_7) AppleWebKit/537.36 (KHTML, like Gecko) Chrome/107.0.5304.62 Safari/537.36"
209.141.51.222 - - [08/Nov/2022:22:30:10 +0100] "GET / HTTP/1.1" 200 13748 "http://www.ywesee.ch" "Mozilla/5.0 (Macintosh; Intel Mac OS X 10_15_7) AppleWebKit/537.36 (KHTML, like Gecko) Chrome/96.0.4664.110 Safari/537.36"
209.141.51.222 - - [08/Nov/2022:22:30:10 +0100] "GET / HTTP/1.1" 200 13748 "http://ywesee.com" "Mozilla/5.0 (Macintosh; Intel Mac OS X 10_15_7) AppleWebKit/537.36 (KHTML, like Gecko) Chrome/96.0.4664.110 Safari/537.36"
209.141.51.222 - - [08/Nov/2022:22:30:11 +0100] "GET /favicon.ico HTTP/1.1" 200 1406 "http://www.ywesee.ch/favicon.ico" "Mozilla/5.0 (Macintosh; Intel Mac OS X 10_15_7) AppleWebKit/537.36 (KHTML, like Gecko) Chrome/96.0.4664.110 Safari/537.36"
209.141.51.222 - - [08/Nov/2022:22:30:12 +0100] "GET /favicon.ico HTTP/1.1" 200 1406 "http://ywesee.com/favicon.ico" "Mozilla/5.0 (Macintosh; Intel Mac OS X 10_15_7) AppleWebKit/537.36 (KHTML, like Gecko) Chrome/96.0.4664.110 Safari/537.36"
209.141.51.222 - - [08/Nov/2022:22:30:16 +0100] "GET / HTTP/1.1" 200 13748 "http://www.ywesee.com" "Mozilla/5.0 (Macintosh; Intel Mac OS X 10_15_7) AppleWebKit/537.36 (KHTML, like Gecko) Chrome/96.0.4664.110 Safari/537.36"
209.141.51.222 - - [08/Nov/2022:22:30:18 +0100] "GET /favicon.ico HTTP/1.1" 200 1406 "http://www.ywesee.com/favicon.ico" "Mozilla/5.0 (Macintosh; Intel Mac OS X 10_15_7) AppleWebKit/537.36 (KHTML, like Gecko) Chrome/96.0.4664.110 Safari/537.36"
209.141.35.128 - - [08/Nov/2022:22:30:32 +0100] "GET / HTTP/1.1" 200 13748 "http://ywesee.ch" "Mozilla/5.0 (Macintosh; Intel Mac OS X 10_15_7) AppleWebKit/537.36 (KHTML, like Gecko) Chrome/96.0.4664.110 Safari/537.36"
209.141.35.128 - - [08/Nov/2022:22:30:33 +0100] "GET /favicon.ico HTTP/1.1" 200 1406 "http://ywesee.ch/favicon.ico" "Mozilla/5.0 (Macintosh; Intel Mac OS X 10_15_7) AppleWebKit/537.36 (KHTML, like Gecko) Chrome/96.0.4664.110 Safari/537.36"
104.196.120.172 - - [08/Nov/2022:22:31:39 +0100] "GET /Software/XMLConv HTTP/1.0" 200 8709 "-" "ZoominfoBot (zoominfobot at zoominfo dot com)"
3.81.118.242 - - [08/Nov/2022:22:33:56 +0100] "GET /Site/AllRecentChanges?action=rss HTTP/1.1" 200 2546 "https://www.google.com/" "Mozilla/5.0 (Windows NT 10.0; WOW64; Trident/7.0; rv:11.0) like Gecko"
54.36.148.150 - - [08/Nov/2022:22:43:06 +0100] "GET /robots.txt HTTP/1.1" 200 - "-" "Mozilla/5.0 (compatible; AhrefsBot/7.0; +http://ahrefs.com/robot/)"
198.235.24.180 - - [08/Nov/2022:22:47:04 +0100] "GET / HTTP/1.1" 200 13748 "-" "Expanse, a Palo Alto Networks company, searches across the global IPv4 space multiple times per day to identify customers&#39; presences on the Internet. If you would like to be excluded from our scans, please send IP addresses/domains to: scaninfo@paloaltonetworks.com"
194.209.200.2 - - [08/Nov/2022:22:47:38 +0100] "GET /robots.txt HTTP/1.1" 200 - "-" "Mozilla/5.0 (compatible; TMMBot/0.2; +http://www.dslab.ch)/Nutch-1.15"
194.209.200.2 - - [08/Nov/2022:22:47:38 +0100] "GET /Miele/MieleLXIV HTTP/1.1" 200 15367 "-" "Mozilla/5.0 (compatible; TMMBot/0.2; +http://www.dslab.ch)/Nutch-1.15"
194.209.200.2 - - [08/Nov/2022:22:49:17 +0100] "GET /ODDB/IndividuelleMediliste HTTP/1.1" 200 9139 "-" "Mozilla/5.0 (compatible; TMMBot/0.2; +http://www.dslab.ch)/Nutch-1.15"
194.209.200.2 - - [08/Nov/2022:22:49:33 +0100] "GET /Main/2006 HTTP/1.1" 200 39320 "-" "Mozilla/5.0 (compatible; TMMBot/0.2; +http://www.dslab.ch)/Nutch-1.15"
194.209.200.2 - - [08/Nov/2022:22:49:41 +0100] "GET /Main/2004 HTTP/1.1" 200 14080 "-" "Mozilla/5.0 (compatible; TMMBot/0.2; +http://www.dslab.ch)/Nutch-1.15"
194.209.200.2 - - [08/Nov/2022:22:49:45 +0100] "GET /Main/2017 HTTP/1.1" 200 15840 "-" "Mozilla/5.0 (compatible; TMMBot/0.2; +http://www.dslab.ch)/Nutch-1.15"
194.209.200.2 - - [08/Nov/2022:22:49:54 +0100] "GET /Main/2015 HTTP/1.1" 200 15908 "-" "Mozilla/5.0 (compatible; TMMBot/0.2; +http://www.dslab.ch)/Nutch-1.15"
194.209.200.2 - - [08/Nov/2022:22:50:02 +0100] "GET /Main/2013 HTTP/1.1" 200 20487 "-" "Mozilla/5.0 (compatible; TMMBot/0.2; +http://www.dslab.ch)/Nutch-1.15"
194.209.200.2 - - [08/Nov/2022:22:51:23 +0100] "GET /robots.txt HTTP/1.1" 200 - "-" "Mozilla/5.0 (compatible; TMMBot/0.2; +http://www.dslab.ch)/Nutch-1.15"
194.209.200.2 - - [08/Nov/2022:22:51:54 +0100] "GET /AmiKo/Web HTTP/1.1" 200 9588 "-" "Mozilla/5.0 (compatible; TMMBot/0.2; +http://www.dslab.ch)/Nutch-1.15"
194.209.200.2 - - [08/Nov/2022:22:52:42 +0100] "GET /Ywesee/OpenSource HTTP/1.1" 200 10790 "-" "Mozilla/5.0 (compatible; TMMBot/0.2; +http://www.dslab.ch)/Nutch-1.15"
194.209.200.2 - - [08/Nov/2022:22:53:47 +0100] "GET /Main/2014 HTTP/1.1" 200 19471 "-" "Mozilla/5.0 (compatible; TMMBot/0.2; +http://www.dslab.ch)/Nutch-1.15"
194.209.200.2 - - [08/Nov/2022:22:54:19 +0100] "GET /Ywesee/About HTTP/1.1" 200 9132 "-" "Mozilla/5.0 (compatible; TMMBot/0.2; +http://www.dslab.ch)/Nutch-1.15"
14.116.185.229 - - [08/Nov/2022:22:57:01 +0100] "GET / HTTP/1.1" 200 13748 "http://www.ywesee.com" "Mozilla/5.0 (iPhone; CPU iPhone OS 13_2_3 like Mac OS X) AppleWebKit/605.1.15 (KHTML, like Gecko) Version/13.0.3 Mobile/15E148 Safari/604.1"
185.81.157.168 - - [08/Nov/2022:23:03:57 +0100] "GET /.env HTTP/1.1" 404 263 "-" "Mozilla/5.0 (Windows NT 10.0; Win64; x64; rv:58.0) Gecko/20100101 Firefox/58.0"
185.81.157.168 - - [08/Nov/2022:23:03:58 +0100] "GET /.env.example HTTP/1.1" 404 271 "-" "Mozilla/5.0 (Windows NT 10.0; Win64; x64; rv:58.0) Gecko/20100101 Firefox/58.0"
185.81.157.168 - - [08/Nov/2022:23:04:02 +0100] "GET /_profiler/phpinfo HTTP/1.1" 404 276 "-" "Mozilla/5.0 (Windows NT 10.0; Win64; x64; rv:58.0) Gecko/20100101 Firefox/58.0"
185.81.157.168 - - [08/Nov/2022:23:04:12 +0100] "POST / HTTP/1.1" 200 13748 "-" "Mozilla/5.0 (Windows NT 10.0; Win64; x64; rv:58.0) Gecko/20100101 Firefox/58.0"
84.110.147.52 - - [08/Nov/2022:23:06:39 +0100] "GET / HTTP/1.1" 200 13748 "-" "Mozilla/5.0 (Macintosh; Intel Mac OS X 10_15_6) AppleWebKit/605.1.15 (KHTML, like Gecko) Version/15.6.1 Safari/605.1.15"
84.110.147.52 - - [08/Nov/2022:23:06:39 +0100] "GET /uploads/Main/yweseelogo.gif HTTP/1.1" 200 2982 "https://www.ywesee.com/" "Mozilla/5.0 (Macintosh; Intel Mac OS X 10_15_6) AppleWebKit/605.1.15 (KHTML, like Gecko) Version/15.6.1 Safari/605.1.15"
84.110.147.52 - - [08/Nov/2022:23:06:39 +0100] "GET /pub/skins/ywesee/gila.css HTTP/1.1" 200 8276 "https://www.ywesee.com/" "Mozilla/5.0 (Macintosh; Intel Mac OS X 10_15_6) AppleWebKit/605.1.15 (KHTML, like Gecko) Version/15.6.1 Safari/605.1.15"
84.110.147.52 - - [08/Nov/2022:23:06:47 +0100] "GET / HTTP/1.1" 200 13748 "-" "Mozilla/5.0 (Macintosh; Intel Mac OS X 10_15_6) AppleWebKit/605.1.15 (KHTML, like Gecko) Version/15.6.1 Safari/605.1.15"
64.71.157.120 - - [08/Nov/2022:23:07:24 +0100] "GET /pmwiki.php/Site/AllRecentChanges?action=rss HTTP/1.1" 200 2546 "-" "Feedbin feed-id:590358 - 1 subscribers"
148.251.121.91 - - [08/Nov/2022:23:09:07 +0100] "HEAD / HTTP/1.1" 200 - "-" "DomainStatsBot/1.0 (https://domainstats.com/pages/our-bot)"
148.251.121.91 - - [08/Nov/2022:23:09:07 +0100] "GET /robots.txt HTTP/1.1" 200 - "-" "DomainStatsBot/1.0 (https://domainstats.com/pages/our-bot)"
148.251.121.91 - - [08/Nov/2022:23:09:07 +0100] "GET / HTTP/1.1" 200 13748 "-" "DomainStatsBot/1.0 (https://domainstats.com/pages/our-bot)"
20.102.80.128 - - [08/Nov/2022:23:09:46 +0100] "GET /backup-localhost.sql.gz HTTP/1.1" 404 282 "-" "Firefox"
136.243.222.140 - - [08/Nov/2022:23:10:56 +0100] "GET /AmiKo/OSX HTTP/1.1" 200 9772 "-" "DomainStatsBot/1.0 (https://domainstats.com/pages/our-bot)"
136.243.222.140 - - [08/Nov/2022:23:11:42 +0100] "GET /Main/2014 HTTP/1.1" 200 19471 "-" "DomainStatsBot/1.0 (https://domainstats.com/pages/our-bot)"
136.243.59.237 - - [08/Nov/2022:23:11:58 +0100] "GET /Main/Home?action=upload HTTP/1.1" 403 18 "-" "DomainStatsBot/1.0 (https://domainstats.com/pages/our-bot)"
136.243.17.142 - - [08/Nov/2022:23:12:03 +0100] "GET /AmiKo/Linux HTTP/1.1" 200 9217 "-" "DomainStatsBot/1.0 (https://domainstats.com/pages/our-bot)"
136.243.222.140 - - [08/Nov/2022:23:12:08 +0100] "GET /Ywesee/Kontakt HTTP/1.1" 200 8973 "-" "DomainStatsBot/1.0 (https://domainstats.com/pages/our-bot)"
136.243.17.142 - - [08/Nov/2022:23:13:23 +0100] "GET /Main/2018 HTTP/1.1" 200 15425 "-" "DomainStatsBot/1.0 (https://domainstats.com/pages/our-bot)"
54.148.42.137 - - [08/Nov/2022:23:14:30 +0100] "GET / HTTP/1.1" 200 13748 "-" "Mozilla/5.0 (X11; Linux x86_64) AppleWebKit/537.36 (KHTML, like Gecko) Chrome/83.0.4103.97 Safari/537.36"
51.222.253.14 - - [08/Nov/2022:23:14:31 +0100] "GET /robots.txt HTTP/1.1" 200 - "-" "Mozilla/5.0 (compatible; AhrefsBot/7.0; +http://ahrefs.com/robot/)"
54.36.148.27 - - [08/Nov/2022:23:14:33 +0100] "GET /Ywesee/BitcoinBlockchain HTTP/1.1" 200 9811 "-" "Mozilla/5.0 (compatible; AhrefsBot/7.0; +http://ahrefs.com/robot/)"
35.90.188.36 - - [08/Nov/2022:23:15:20 +0100] "GET /favicon.ico HTTP/1.1" 200 1406 "http://ywesee.net/favicon.ico" "Mozilla/5.0 (X11; Linux x86_64) AppleWebKit/537.36 (KHTML, like Gecko) Chrome/83.0.4103.97 Safari/537.36"
62.210.215.119 - - [08/Nov/2022:23:16:08 +0100] "GET /Site/AllRecentChanges?action=rss HTTP/1.1" 200 2546 "-" "Mozilla/5.0 (X11; Linux i686) AppleWebKit/537.36 (KHTML, like Gecko) Chrome/30.0.1599.66 Safari/537.36"
136.243.17.142 - - [08/Nov/2022:23:16:55 +0100] "GET /ODDB/IntegrationLookAmpFeelGenerikasuche HTTP/1.1" 200 9097 "-" "DomainStatsBot/1.0 (https://domainstats.com/pages/our-bot)"
136.243.59.237 - - [08/Nov/2022:23:17:45 +0100] "GET /Software/ODDB HTTP/1.1" 200 10298 "-" "DomainStatsBot/1.0 (https://domainstats.com/pages/our-bot)"
136.243.59.237 - - [08/Nov/2022:23:18:05 +0100] "GET /Main/SideBar?action=edit HTTP/1.1" 403 18 "-" "DomainStatsBot/1.0 (https://domainstats.com/pages/our-bot)"
136.243.222.140 - - [08/Nov/2022:23:19:42 +0100] "GET /Main/2017 HTTP/1.1" 200 15840 "-" "DomainStatsBot/1.0 (https://domainstats.com/pages/our-bot)"
136.243.17.142 - - [08/Nov/2022:23:20:38 +0100] "GET /Main/2013 HTTP/1.1" 200 20487 "-" "DomainStatsBot/1.0 (https://domainstats.com/pages/our-bot)"
194.209.200.2 - - [08/Nov/2022:23:20:50 +0100] "GET /robots.txt HTTP/1.1" 200 - "-" "Mozilla/5.0 (compatible; TMMBot/0.2; +http://www.dslab.ch)/Nutch-1.15"
194.209.200.2 - - [08/Nov/2022:23:20:50 +0100] "GET /Miele/MieleLXIV HTTP/1.1" 200 15367 "-" "Mozilla/5.0 (compatible; TMMBot/0.2; +http://www.dslab.ch)/Nutch-1.15"
136.243.222.140 - - [08/Nov/2022:23:22:02 +0100] "GET /Main/2012 HTTP/1.1" 200 31941 "-" "DomainStatsBot/1.0 (https://domainstats.com/pages/our-bot)"
136.243.222.140 - - [08/Nov/2022:23:22:04 +0100] "GET /AmiKo/IOS HTTP/1.1" 200 11930 "-" "DomainStatsBot/1.0 (https://domainstats.com/pages/our-bot)"
194.209.200.2 - - [08/Nov/2022:23:22:38 +0100] "GET /ODDB/IndividuelleMediliste HTTP/1.1" 200 9139 "-" "Mozilla/5.0 (compatible; TMMBot/0.2; +http://www.dslab.ch)/Nutch-1.15"
136.243.59.237 - - [08/Nov/2022:23:22:39 +0100] "GET /Main/DocumedGalenicaVsYwesee HTTP/1.1" 200 35251 "-" "DomainStatsBot/1.0 (https://domainstats.com/pages/our-bot)"
194.209.200.2 - - [08/Nov/2022:23:22:54 +0100] "GET /Main/2006 HTTP/1.1" 200 39320 "-" "Mozilla/5.0 (compatible; TMMBot/0.2; +http://www.dslab.ch)/Nutch-1.15"
194.209.200.2 - - [08/Nov/2022:23:23:03 +0100] "GET /Main/2004 HTTP/1.1" 200 14080 "-" "Mozilla/5.0 (compatible; TMMBot/0.2; +http://www.dslab.ch)/Nutch-1.15"
194.209.200.2 - - [08/Nov/2022:23:23:06 +0100] "GET /Main/2017 HTTP/1.1" 200 15840 "-" "Mozilla/5.0 (compatible; TMMBot/0.2; +http://www.dslab.ch)/Nutch-1.15"
136.243.17.142 - - [08/Nov/2022:23:23:11 +0100] "GET /Main/2005 HTTP/1.1" 200 63344 "-" "DomainStatsBot/1.0 (https://domainstats.com/pages/our-bot)"
194.209.200.2 - - [08/Nov/2022:23:23:14 +0100] "GET /Main/2015 HTTP/1.1" 200 15908 "-" "Mozilla/5.0 (compatible; TMMBot/0.2; +http://www.dslab.ch)/Nutch-1.15"
194.209.200.2 - - [08/Nov/2022:23:23:22 +0100] "GET /Main/2013 HTTP/1.1" 200 20487 "-" "Mozilla/5.0 (compatible; TMMBot/0.2; +http://www.dslab.ch)/Nutch-1.15"
136.243.222.140 - - [08/Nov/2022:23:23:35 +0100] "GET /Software/Spreadsheet HTTP/1.1" 200 8839 "-" "DomainStatsBot/1.0 (https://domainstats.com/pages/our-bot)"
136.243.59.237 - - [08/Nov/2022:23:24:06 +0100] "GET /Main/2008 HTTP/1.1" 200 34740 "-" "DomainStatsBot/1.0 (https://domainstats.com/pages/our-bot)"
194.209.200.2 - - [08/Nov/2022:23:24:48 +0100] "GET /robots.txt HTTP/1.1" 200 - "-" "Mozilla/5.0 (compatible; TMMBot/0.2; +http://www.dslab.ch)/Nutch-1.15"
136.243.222.140 - - [08/Nov/2022:23:24:56 +0100] "GET /Main/Home?action=print HTTP/1.1" 403 18 "-" "DomainStatsBot/1.0 (https://domainstats.com/pages/our-bot)"
194.209.200.2 - - [08/Nov/2022:23:25:20 +0100] "GET /AmiKo/Web HTTP/1.1" 200 9588 "-" "Mozilla/5.0 (compatible; TMMBot/0.2; +http://www.dslab.ch)/Nutch-1.15"
136.243.17.142 - - [08/Nov/2022:23:26:01 +0100] "GET /Generikacc/App HTTP/1.1" 200 11862 "-" "DomainStatsBot/1.0 (https://domainstats.com/pages/our-bot)"
194.209.200.2 - - [08/Nov/2022:23:26:10 +0100] "GET /Ywesee/OpenSource HTTP/1.1" 200 10790 "-" "Mozilla/5.0 (compatible; TMMBot/0.2; +http://www.dslab.ch)/Nutch-1.15"
40.122.230.188 - - [08/Nov/2022:23:26:33 +0100] "GET /uploads/Generikacc/Generika_Rezept_Import_5.png HTTP/1.1" 200 31114 "https://www.ywesee.com/uploads/Generikacc" "Mozilla/5.0 (Linux; Android 10; SM-G960U) AppleWebKit/537.36 (KHTML, like Gecko) Chrome/88.0.4324.181 Mobile Safari/537.36"
136.243.17.142 - - [08/Nov/2022:23:26:36 +0100] "GET /Main/2006 HTTP/1.1" 200 39320 "-" "DomainStatsBot/1.0 (https://domainstats.com/pages/our-bot)"
194.209.200.2 - - [08/Nov/2022:23:26:43 +0100] "GET /Main/2009 HTTP/1.1" 200 21688 "-" "Mozilla/5.0 (compatible; TMMBot/0.2; +http://www.dslab.ch)/Nutch-1.15"
194.209.200.2 - - [08/Nov/2022:23:27:16 +0100] "GET /Main/2014 HTTP/1.1" 200 19471 "-" "Mozilla/5.0 (compatible; TMMBot/0.2; +http://www.dslab.ch)/Nutch-1.15"
194.209.200.2 - - [08/Nov/2022:23:27:47 +0100] "GET /Ywesee/About HTTP/1.1" 200 9132 "-" "Mozilla/5.0 (compatible; TMMBot/0.2; +http://www.dslab.ch)/Nutch-1.15"
136.243.17.142 - - [08/Nov/2022:23:29:22 +0100] "GET /Software/XMLConv HTTP/1.1" 200 8709 "-" "DomainStatsBot/1.0 (https://domainstats.com/pages/our-bot)"
136.243.222.140 - - [08/Nov/2022:23:30:41 +0100] "GET /Main/2010 HTTP/1.1" 200 27997 "-" "DomainStatsBot/1.0 (https://domainstats.com/pages/our-bot)"
136.243.17.142 - - [08/Nov/2022:23:31:49 +0100] "GET /ODDB/IndividuelleMediliste HTTP/1.1" 200 9139 "-" "DomainStatsBot/1.0 (https://domainstats.com/pages/our-bot)"
136.243.17.142 - - [08/Nov/2022:23:32:35 +0100] "GET /Ywesee/OpenSource HTTP/1.1" 200 10790 "-" "DomainStatsBot/1.0 (https://domainstats.com/pages/our-bot)"
136.243.59.237 - - [08/Nov/2022:23:33:54 +0100] "GET /Site/AllRecentChanges?action=rss HTTP/1.1" 200 2546 "-" "DomainStatsBot/1.0 (https://domainstats.com/pages/our-bot)"
136.243.222.140 - - [08/Nov/2022:23:35:04 +0100] "GET /AmiKo/Android HTTP/1.1" 200 10427 "-" "DomainStatsBot/1.0 (https://domainstats.com/pages/our-bot)"
77.74.177.119 - - [08/Nov/2022:23:35:06 +0100] "GET / HTTP/1.1" 200 13748 "http://ywesee.com" "Mozilla/5.0 (Windows NT 10.0; Win64; x64) AppleWebKit/537.36 (KHTML, like Gecko) Chrome/71.0.3578.98 Safari/537.36"
136.243.59.237 - - [08/Nov/2022:23:35:14 +0100] "GET /Main/Home HTTP/1.1" 200 13748 "-" "DomainStatsBot/1.0 (https://domainstats.com/pages/our-bot)"
136.243.59.237 - - [08/Nov/2022:23:35:39 +0100] "GET /Ywesee/Events HTTP/1.1" 200 8918 "-" "DomainStatsBot/1.0 (https://domainstats.com/pages/our-bot)"
136.243.222.140 - - [08/Nov/2022:23:39:00 +0100] "GET /Main/2015 HTTP/1.1" 200 15908 "-" "DomainStatsBot/1.0 (https://domainstats.com/pages/our-bot)"
136.243.222.140 - - [08/Nov/2022:23:39:10 +0100] "GET /Main/2020 HTTP/1.1" 200 15398 "-" "DomainStatsBot/1.0 (https://domainstats.com/pages/our-bot)"
136.243.222.140 - - [08/Nov/2022:23:39:37 +0100] "GET /Main/2009 HTTP/1.1" 200 21688 "-" "DomainStatsBot/1.0 (https://domainstats.com/pages/our-bot)"
136.243.59.237 - - [08/Nov/2022:23:43:12 +0100] "GET /Main/2019 HTTP/1.1" 200 15246 "-" "DomainStatsBot/1.0 (https://domainstats.com/pages/our-bot)"
136.243.59.237 - - [08/Nov/2022:23:43:42 +0100] "GET /AmiKo/Web HTTP/1.1" 200 9588 "-" "DomainStatsBot/1.0 (https://domainstats.com/pages/our-bot)"
136.243.59.237 - - [08/Nov/2022:23:43:52 +0100] "GET /Oddb2xml/Index HTTP/1.1" 200 8983 "-" "DomainStatsBot/1.0 (https://domainstats.com/pages/our-bot)"
136.243.59.237 - - [08/Nov/2022:23:46:14 +0100] "GET /Main/Home?n=Main.SideBar?action=edit HTTP/1.1" 403 18 "-" "DomainStatsBot/1.0 (https://domainstats.com/pages/our-bot)"
136.243.17.142 - - [08/Nov/2022:23:47:33 +0100] "GET /ODDB/StammdatenCH HTTP/1.1" 200 9300 "-" "DomainStatsBot/1.0 (https://domainstats.com/pages/our-bot)"
136.243.59.237 - - [08/Nov/2022:23:48:07 +0100] "GET /Ywesee/Team HTTP/1.1" 200 18245 "-" "DomainStatsBot/1.0 (https://domainstats.com/pages/our-bot)"
64.71.157.121 - - [08/Nov/2022:23:53:03 +0100] "GET /pmwiki.php/Site/AllRecentChanges?action=rss HTTP/1.1" 200 2546 "-" "Feedbin feed-id:590358 - 1 subscribers"
136.243.59.237 - - [08/Nov/2022:23:53:38 +0100] "GET /Main/2021 HTTP/1.1" 200 16484 "-" "DomainStatsBot/1.0 (https://domainstats.com/pages/our-bot)"
136.243.17.142 - - [08/Nov/2022:23:54:21 +0100] "GET /Main/2007 HTTP/1.1" 200 50639 "-" "DomainStatsBot/1.0 (https://domainstats.com/pages/our-bot)"
194.209.200.2 - - [08/Nov/2022:23:57:01 +0100] "GET /robots.txt HTTP/1.1" 200 - "-" "Mozilla/5.0 (compatible; TMMBot/0.2; +http://www.dslab.ch)/Nutch-1.15"
194.209.200.2 - - [08/Nov/2022:23:57:01 +0100] "GET /Miele/MieleLXIV HTTP/1.1" 200 15367 "-" "Mozilla/5.0 (compatible; TMMBot/0.2; +http://www.dslab.ch)/Nutch-1.15"
194.209.200.2 - - [08/Nov/2022:23:58:37 +0100] "GET /ODDB/IndividuelleMediliste HTTP/1.1" 200 9139 "-" "Mozilla/5.0 (compatible; TMMBot/0.2; +http://www.dslab.ch)/Nutch-1.15"
194.209.200.2 - - [08/Nov/2022:23:58:52 +0100] "GET /Main/2006 HTTP/1.1" 200 39320 "-" "Mozilla/5.0 (compatible; TMMBot/0.2; +http://www.dslab.ch)/Nutch-1.15"
194.209.200.2 - - [08/Nov/2022:23:59:00 +0100] "GET /Main/2004 HTTP/1.1" 200 14080 "-" "Mozilla/5.0 (compatible; TMMBot/0.2; +http://www.dslab.ch)/Nutch-1.15"
194.209.200.2 - - [08/Nov/2022:23:59:03 +0100] "GET /Main/2017 HTTP/1.1" 200 15840 "-" "Mozilla/5.0 (compatible; TMMBot/0.2; +http://www.dslab.ch)/Nutch-1.15"
194.209.200.2 - - [08/Nov/2022:23:59:12 +0100] "GET /Main/2015 HTTP/1.1" 200 15908 "-" "Mozilla/5.0 (compatible; TMMBot/0.2; +http://www.dslab.ch)/Nutch-1.15"
136.243.59.237 - - [08/Nov/2022:23:59:20 +0100] "GET /Software/YDIM HTTP/1.1" 200 8834 "-" "DomainStatsBot/1.0 (https://domainstats.com/pages/our-bot)"
194.209.200.2 - - [08/Nov/2022:23:59:20 +0100] "GET /Main/2013 HTTP/1.1" 200 20487 "-" "Mozilla/5.0 (compatible; TMMBot/0.2; +http://www.dslab.ch)/Nutch-1.15"
