136.243.228.182 - - [08/Nov/2022:15:53:00 +0100] "GET /Ywesee/About?action=print HTTP/1.1" 403 18 "-" "Mozilla/5.0 (compatible; DataForSeoBot/1.0; +https://dataforseo.com/dataforseo-bot)"
136.243.228.182 - - [08/Nov/2022:15:53:25 +0100] "GET /Main/2004?n=Main.SideBar?action=edit HTTP/1.1" 403 18 "-" "Mozilla/5.0 (compatible; DataForSeoBot/1.0; +https://dataforseo.com/dataforseo-bot)"
136.243.228.182 - - [08/Nov/2022:15:53:52 +0100] "GET /Main/2009?n=Main.SideBar?action=edit HTTP/1.1" 403 18 "-" "Mozilla/5.0 (compatible; DataForSeoBot/1.0; +https://dataforseo.com/dataforseo-bot)"
136.243.228.182 - - [08/Nov/2022:15:54:19 +0100] "GET /AmiKo/Windows?n=Main.SideBar?action=edit HTTP/1.1" 403 18 "-" "Mozilla/5.0 (compatible; DataForSeoBot/1.0; +https://dataforseo.com/dataforseo-bot)"
136.243.228.182 - - [08/Nov/2022:15:54:44 +0100] "GET /Main/2006?action=upload HTTP/1.1" 403 18 "-" "Mozilla/5.0 (compatible; DataForSeoBot/1.0; +https://dataforseo.com/dataforseo-bot)"
136.243.228.182 - - [08/Nov/2022:15:55:11 +0100] "GET /Software/SoftwareRaid?action=diff HTTP/1.1" 403 18 "-" "Mozilla/5.0 (compatible; DataForSeoBot/1.0; +https://dataforseo.com/dataforseo-bot)"
136.243.228.182 - - [08/Nov/2022:15:55:40 +0100] "GET /HotelMarriott/27062013 HTTP/1.1" 200 12119 "-" "Mozilla/5.0 (compatible; DataForSeoBot/1.0; +https://dataforseo.com/dataforseo-bot)"
35.196.89.180 - - [08/Nov/2022:15:55:51 +0100] "GET /Ywesee/Kontakt HTTP/1.0" 200 8973 "-" "ZoominfoBot (zoominfobot at zoominfo dot com)"
136.243.228.182 - - [08/Nov/2022:15:56:07 +0100] "GET /Ywesee/Kontakt?n=Main.SideBar?action=edit HTTP/1.1" 403 18 "-" "Mozilla/5.0 (compatible; DataForSeoBot/1.0; +https://dataforseo.com/dataforseo-bot)"
136.243.228.182 - - [08/Nov/2022:15:56:34 +0100] "GET /Main/IPhone HTTP/1.1" 200 8439 "-" "Mozilla/5.0 (compatible; DataForSeoBot/1.0; +https://dataforseo.com/dataforseo-bot)"
136.243.228.182 - - [08/Nov/2022:15:57:01 +0100] "GET /Miele/MieleLXIV HTTP/1.1" 200 15367 "-" "Mozilla/5.0 (compatible; DataForSeoBot/1.0; +https://dataforseo.com/dataforseo-bot)"
136.243.228.182 - - [08/Nov/2022:15:57:27 +0100] "GET /Profiles/Zrr HTTP/1.1" 200 8438 "-" "Mozilla/5.0 (compatible; DataForSeoBot/1.0; +https://dataforseo.com/dataforseo-bot)"
136.243.228.182 - - [08/Nov/2022:15:57:52 +0100] "GET /Main/2021?n=Main.SideBar?action=edit HTTP/1.1" 403 18 "-" "Mozilla/5.0 (compatible; DataForSeoBot/1.0; +https://dataforseo.com/dataforseo-bot)"
136.243.228.182 - - [08/Nov/2022:15:58:19 +0100] "GET /AmiKo/Windows?action=edit HTTP/1.1" 403 18 "-" "Mozilla/5.0 (compatible; DataForSeoBot/1.0; +https://dataforseo.com/dataforseo-bot)"
136.243.228.182 - - [08/Nov/2022:15:58:44 +0100] "GET /Software/SoftwareRaid?n=Main.SideBar?action=edit HTTP/1.1" 403 18 "-" "Mozilla/5.0 (compatible; DataForSeoBot/1.0; +https://dataforseo.com/dataforseo-bot)"
136.243.228.182 - - [08/Nov/2022:15:59:09 +0100] "GET /InfoCodex/Index HTTP/1.1" 200 8894 "-" "Mozilla/5.0 (compatible; DataForSeoBot/1.0; +https://dataforseo.com/dataforseo-bot)"
136.243.228.182 - - [08/Nov/2022:15:59:35 +0100] "GET /AmiKo/Android?action=upload HTTP/1.1" 403 18 "-" "Mozilla/5.0 (compatible; DataForSeoBot/1.0; +https://dataforseo.com/dataforseo-bot)"
35.196.89.180 - - [08/Nov/2022:15:59:58 +0100] "GET /Software/Spreadsheet HTTP/1.0" 200 8839 "-" "ZoominfoBot (zoominfobot at zoominfo dot com)"
136.243.228.182 - - [08/Nov/2022:15:59:58 +0100] "GET /Main/2012?action=print HTTP/1.1" 403 18 "-" "Mozilla/5.0 (compatible; DataForSeoBot/1.0; +https://dataforseo.com/dataforseo-bot)"
136.243.228.182 - - [08/Nov/2022:16:00:23 +0100] "GET /Software/XMLConv?n=Main.SideBar?action=edit HTTP/1.1" 403 18 "-" "Mozilla/5.0 (compatible; DataForSeoBot/1.0; +https://dataforseo.com/dataforseo-bot)"
136.243.228.182 - - [08/Nov/2022:16:00:48 +0100] "GET /Main/FMH HTTP/1.1" 200 8327 "-" "Mozilla/5.0 (compatible; DataForSeoBot/1.0; +https://dataforseo.com/dataforseo-bot)"
136.243.228.182 - - [08/Nov/2022:16:01:11 +0100] "GET /Main/2006?action=diff HTTP/1.1" 403 18 "-" "Mozilla/5.0 (compatible; DataForSeoBot/1.0; +https://dataforseo.com/dataforseo-bot)"
136.243.228.182 - - [08/Nov/2022:16:01:33 +0100] "GET /Main/2010?action=diff HTTP/1.1" 403 18 "-" "Mozilla/5.0 (compatible; DataForSeoBot/1.0; +https://dataforseo.com/dataforseo-bot)"
136.243.228.182 - - [08/Nov/2022:16:01:54 +0100] "GET /Main/2017?action=diff HTTP/1.1" 403 18 "-" "Mozilla/5.0 (compatible; DataForSeoBot/1.0; +https://dataforseo.com/dataforseo-bot)"
35.196.89.180 - - [08/Nov/2022:16:02:16 +0100] "GET /Ywesee/InfoCodex HTTP/1.0" 200 24435 "-" "ZoominfoBot (zoominfobot at zoominfo dot com)"
136.243.228.182 - - [08/Nov/2022:16:02:17 +0100] "GET /Software/XMLConv?action=print HTTP/1.1" 403 18 "-" "Mozilla/5.0 (compatible; DataForSeoBot/1.0; +https://dataforseo.com/dataforseo-bot)"
136.243.228.182 - - [08/Nov/2022:16:02:39 +0100] "GET /Main/2011?action=print HTTP/1.1" 403 18 "-" "Mozilla/5.0 (compatible; DataForSeoBot/1.0; +https://dataforseo.com/dataforseo-bot)"
136.243.228.182 - - [08/Nov/2022:16:03:00 +0100] "GET /Main/Elexis HTTP/1.1" 200 10922 "-" "Mozilla/5.0 (compatible; DataForSeoBot/1.0; +https://dataforseo.com/dataforseo-bot)"
136.243.228.182 - - [08/Nov/2022:16:03:22 +0100] "GET /Main/PharmacodeVsEancode HTTP/1.1" 200 13361 "-" "Mozilla/5.0 (compatible; DataForSeoBot/1.0; +https://dataforseo.com/dataforseo-bot)"
136.243.228.182 - - [08/Nov/2022:16:03:42 +0100] "GET /Main/2020?action=print HTTP/1.1" 403 18 "-" "Mozilla/5.0 (compatible; DataForSeoBot/1.0; +https://dataforseo.com/dataforseo-bot)"
64.71.157.110 - - [08/Nov/2022:16:04:00 +0100] "GET /pmwiki.php/Site/AllRecentChanges?action=rss HTTP/1.1" 200 2546 "-" "Feedbin feed-id:590358 - 1 subscribers"
136.243.228.182 - - [08/Nov/2022:16:04:03 +0100] "GET /Ausschreibung/SAI HTTP/1.1" 200 10366 "-" "Mozilla/5.0 (compatible; DataForSeoBot/1.0; +https://dataforseo.com/dataforseo-bot)"
136.243.228.182 - - [08/Nov/2022:16:04:23 +0100] "GET /AmiKo/Android?n=Main.SideBar?action=edit HTTP/1.1" 403 18 "-" "Mozilla/5.0 (compatible; DataForSeoBot/1.0; +https://dataforseo.com/dataforseo-bot)"
89.246.241.14 - - [08/Nov/2022:16:04:30 +0100] "GET /pmwiki.php?n=Main.DocumedGalenicaVsYwesee HTTP/1.1" 200 35251 "-" "Mozilla/5.0 (Windows NT 10.0; Win64; x64; rv:84.0) Gecko/20100101 Firefox/84.0"
136.243.228.182 - - [08/Nov/2022:16:04:44 +0100] "GET /CoMed/ASPP HTTP/1.1" 200 13118 "-" "Mozilla/5.0 (compatible; DataForSeoBot/1.0; +https://dataforseo.com/dataforseo-bot)"
136.243.228.182 - - [08/Nov/2022:16:05:04 +0100] "GET /Ywesee/Team?action=diff HTTP/1.1" 403 18 "-" "Mozilla/5.0 (compatible; DataForSeoBot/1.0; +https://dataforseo.com/dataforseo-bot)"
89.246.241.14 - - [08/Nov/2022:16:05:05 +0100] "GET /uploads/Main/Stellenbeschreibung_Ruby_ywesee_GmbH.pdf HTTP/1.1" 200 65223 "-" "Mozilla/5.0 (Windows NT 10.0; Win64; x64; rv:84.0) Gecko/20100101 Firefox/84.0"
136.243.228.182 - - [08/Nov/2022:16:05:23 +0100] "GET /Eggze/SpreadIt HTTP/1.1" 200 12537 "-" "Mozilla/5.0 (compatible; DataForSeoBot/1.0; +https://dataforseo.com/dataforseo-bot)"
136.243.228.182 - - [08/Nov/2022:16:05:44 +0100] "GET /Main/2017?action=upload HTTP/1.1" 403 18 "-" "Mozilla/5.0 (compatible; DataForSeoBot/1.0; +https://dataforseo.com/dataforseo-bot)"
136.243.228.182 - - [08/Nov/2022:16:06:04 +0100] "GET /AmiKo/OSXSatzexport HTTP/1.1" 200 9993 "-" "Mozilla/5.0 (compatible; DataForSeoBot/1.0; +https://dataforseo.com/dataforseo-bot)"
136.243.228.182 - - [08/Nov/2022:16:06:24 +0100] "GET /Main/2015?action=edit HTTP/1.1" 403 18 "-" "Mozilla/5.0 (compatible; DataForSeoBot/1.0; +https://dataforseo.com/dataforseo-bot)"
136.243.228.182 - - [08/Nov/2022:16:06:43 +0100] "GET /Main/Refdata HTTP/1.1" 200 11486 "-" "Mozilla/5.0 (compatible; DataForSeoBot/1.0; +https://dataforseo.com/dataforseo-bot)"
136.243.228.182 - - [08/Nov/2022:16:07:01 +0100] "GET /Main/ForderungstabelleSpezialitaetenliste HTTP/1.1" 200 11019 "-" "Mozilla/5.0 (compatible; DataForSeoBot/1.0; +https://dataforseo.com/dataforseo-bot)"
136.243.228.182 - - [08/Nov/2022:16:07:20 +0100] "GET /ODDB/StammdatenCH?action=upload HTTP/1.1" 403 18 "-" "Mozilla/5.0 (compatible; DataForSeoBot/1.0; +https://dataforseo.com/dataforseo-bot)"
136.243.228.182 - - [08/Nov/2022:16:07:38 +0100] "GET /Ywesee/Events?action=edit HTTP/1.1" 403 18 "-" "Mozilla/5.0 (compatible; DataForSeoBot/1.0; +https://dataforseo.com/dataforseo-bot)"
136.243.228.182 - - [08/Nov/2022:16:07:58 +0100] "GET /AmiKo/Android?action=print HTTP/1.1" 403 18 "-" "Mozilla/5.0 (compatible; DataForSeoBot/1.0; +https://dataforseo.com/dataforseo-bot)"
136.243.228.182 - - [08/Nov/2022:16:08:15 +0100] "GET /Main/MiGel HTTP/1.1" 200 16437 "-" "Mozilla/5.0 (compatible; DataForSeoBot/1.0; +https://dataforseo.com/dataforseo-bot)"
136.243.228.182 - - [08/Nov/2022:16:08:33 +0100] "GET /Main/Gtin2atc HTTP/1.1" 200 9386 "-" "Mozilla/5.0 (compatible; DataForSeoBot/1.0; +https://dataforseo.com/dataforseo-bot)"
89.246.241.14 - - [08/Nov/2022:16:08:43 +0100] "GET /Main/2006?action=print HTTP/1.1" 200 34248 "-" "Mozilla/5.0 (Windows NT 10.0; Win64; x64; rv:84.0) Gecko/20100101 Firefox/84.0"
89.246.241.14 - - [08/Nov/2022:16:08:49 +0100] "GET /Main/2007?action=diff HTTP/1.1" 200 57691 "-" "Mozilla/5.0 (Windows NT 10.0; Win64; x64; rv:84.0) Gecko/20100101 Firefox/84.0"
136.243.228.182 - - [08/Nov/2022:16:08:50 +0100] "GET /Main/2018?n=Main.SideBar?action=edit HTTP/1.1" 403 18 "-" "Mozilla/5.0 (compatible; DataForSeoBot/1.0; +https://dataforseo.com/dataforseo-bot)"
136.243.228.182 - - [08/Nov/2022:16:09:09 +0100] "GET /AmiKo/Windows?action=upload HTTP/1.1" 403 18 "-" "Mozilla/5.0 (compatible; DataForSeoBot/1.0; +https://dataforseo.com/dataforseo-bot)"
136.243.228.182 - - [08/Nov/2022:16:09:26 +0100] "GET /Main/2020?action=edit HTTP/1.1" 403 18 "-" "Mozilla/5.0 (compatible; DataForSeoBot/1.0; +https://dataforseo.com/dataforseo-bot)"
136.243.228.182 - - [08/Nov/2022:16:09:42 +0100] "GET /Main/MayoClinic HTTP/1.1" 200 8447 "-" "Mozilla/5.0 (compatible; DataForSeoBot/1.0; +https://dataforseo.com/dataforseo-bot)"
35.196.89.180 - - [08/Nov/2022:16:09:49 +0100] "GET /AmiKo/OSX HTTP/1.0" 200 9772 "-" "ZoominfoBot (zoominfobot at zoominfo dot com)"
136.243.228.182 - - [08/Nov/2022:16:09:59 +0100] "GET /Main/2007?action=diff HTTP/1.1" 403 18 "-" "Mozilla/5.0 (compatible; DataForSeoBot/1.0; +https://dataforseo.com/dataforseo-bot)"
136.243.228.182 - - [08/Nov/2022:16:10:16 +0100] "GET /Main/Phostal HTTP/1.1" 200 8927 "-" "Mozilla/5.0 (compatible; DataForSeoBot/1.0; +https://dataforseo.com/dataforseo-bot)"
136.243.228.182 - - [08/Nov/2022:16:10:31 +0100] "GET /Main/2008?action=upload HTTP/1.1" 403 18 "-" "Mozilla/5.0 (compatible; DataForSeoBot/1.0; +https://dataforseo.com/dataforseo-bot)"
136.243.228.182 - - [08/Nov/2022:16:10:48 +0100] "GET /Ywesee/InfoCodexProximity HTTP/1.1" 200 9809 "-" "Mozilla/5.0 (compatible; DataForSeoBot/1.0; +https://dataforseo.com/dataforseo-bot)"
89.246.241.14 - - [08/Nov/2022:16:10:49 +0100] "GET /Apotheke/POS HTTP/1.1" 200 11138 "-" "Mozilla/5.0 (Windows NT 10.0; Win64; x64; rv:84.0) Gecko/20100101 Firefox/84.0"
136.243.228.182 - - [08/Nov/2022:16:11:04 +0100] "GET /Emediat/Swissindex HTTP/1.1" 200 8652 "-" "Mozilla/5.0 (compatible; DataForSeoBot/1.0; +https://dataforseo.com/dataforseo-bot)"
136.243.228.182 - - [08/Nov/2022:16:11:19 +0100] "GET /Main/2005?action=upload HTTP/1.1" 403 18 "-" "Mozilla/5.0 (compatible; DataForSeoBot/1.0; +https://dataforseo.com/dataforseo-bot)"
136.243.228.182 - - [08/Nov/2022:16:11:33 +0100] "GET /Generikacc/App?action=diff HTTP/1.1" 403 18 "-" "Mozilla/5.0 (compatible; DataForSeoBot/1.0; +https://dataforseo.com/dataforseo-bot)"
136.243.228.182 - - [08/Nov/2022:16:11:48 +0100] "GET /Main/2012?n=Main.SideBar?action=edit HTTP/1.1" 403 18 "-" "Mozilla/5.0 (compatible; DataForSeoBot/1.0; +https://dataforseo.com/dataforseo-bot)"
136.243.228.182 - - [08/Nov/2022:16:12:06 +0100] "GET /Generikacc/News23012018 HTTP/1.1" 200 9618 "-" "Mozilla/5.0 (compatible; DataForSeoBot/1.0; +https://dataforseo.com/dataforseo-bot)"
89.246.241.14 - - [08/Nov/2022:16:12:20 +0100] "GET /Main/2006?action=upload HTTP/1.1" 200 8737 "-" "Mozilla/5.0 (Windows NT 10.0; Win64; x64; rv:84.0) Gecko/20100101 Firefox/84.0"
136.243.228.182 - - [08/Nov/2022:16:12:23 +0100] "GET /Ywesee/About?n=Main.SideBar?action=edit HTTP/1.1" 403 18 "-" "Mozilla/5.0 (compatible; DataForSeoBot/1.0; +https://dataforseo.com/dataforseo-bot)"
136.243.228.182 - - [08/Nov/2022:16:12:38 +0100] "GET /Ywesee/Team?n=Main.SideBar?action=edit HTTP/1.1" 403 18 "-" "Mozilla/5.0 (compatible; DataForSeoBot/1.0; +https://dataforseo.com/dataforseo-bot)"
136.243.228.182 - - [08/Nov/2022:16:12:56 +0100] "GET /Ywesee/Kontakt?action=edit HTTP/1.1" 403 18 "-" "Mozilla/5.0 (compatible; DataForSeoBot/1.0; +https://dataforseo.com/dataforseo-bot)"
35.196.89.180 - - [08/Nov/2022:16:13:10 +0100] "GET /Main/DocumedGalenicaVsYwesee HTTP/1.0" 200 35251 "-" "ZoominfoBot (zoominfobot at zoominfo dot com)"
136.243.228.182 - - [08/Nov/2022:16:13:13 +0100] "GET /Main/Kolumne HTTP/1.1" 200 9072 "-" "Mozilla/5.0 (compatible; DataForSeoBot/1.0; +https://dataforseo.com/dataforseo-bot)"
136.243.228.182 - - [08/Nov/2022:16:13:29 +0100] "GET /Software/XMLBAG HTTP/1.1" 200 10258 "-" "Mozilla/5.0 (compatible; DataForSeoBot/1.0; +https://dataforseo.com/dataforseo-bot)"
136.243.228.182 - - [08/Nov/2022:16:13:47 +0100] "GET /Main/OmixOcas HTTP/1.1" 200 8792 "-" "Mozilla/5.0 (compatible; DataForSeoBot/1.0; +https://dataforseo.com/dataforseo-bot)"
136.243.228.182 - - [08/Nov/2022:16:14:03 +0100] "GET /Software/BBMB?n=Main.SideBar?action=edit HTTP/1.1" 403 18 "-" "Mozilla/5.0 (compatible; DataForSeoBot/1.0; +https://dataforseo.com/dataforseo-bot)"
136.243.228.182 - - [08/Nov/2022:16:14:20 +0100] "GET /Main/2020?action=diff HTTP/1.1" 403 18 "-" "Mozilla/5.0 (compatible; DataForSeoBot/1.0; +https://dataforseo.com/dataforseo-bot)"
136.243.228.182 - - [08/Nov/2022:16:14:36 +0100] "GET /Main/2020?action=upload HTTP/1.1" 403 18 "-" "Mozilla/5.0 (compatible; DataForSeoBot/1.0; +https://dataforseo.com/dataforseo-bot)"
136.243.228.182 - - [08/Nov/2022:16:14:50 +0100] "GET /Main/2008?action=diff HTTP/1.1" 403 18 "-" "Mozilla/5.0 (compatible; DataForSeoBot/1.0; +https://dataforseo.com/dataforseo-bot)"
136.243.228.182 - - [08/Nov/2022:16:15:08 +0100] "GET /Main/EPUB HTTP/1.1" 200 8338 "-" "Mozilla/5.0 (compatible; DataForSeoBot/1.0; +https://dataforseo.com/dataforseo-bot)"
136.243.228.182 - - [08/Nov/2022:16:15:26 +0100] "GET /Ywesee/XMLFachinfoValidierung HTTP/1.1" 200 10956 "-" "Mozilla/5.0 (compatible; DataForSeoBot/1.0; +https://dataforseo.com/dataforseo-bot)"
136.243.228.182 - - [08/Nov/2022:16:15:44 +0100] "GET /Main/2004?action=diff HTTP/1.1" 403 18 "-" "Mozilla/5.0 (compatible; DataForSeoBot/1.0; +https://dataforseo.com/dataforseo-bot)"
136.243.228.182 - - [08/Nov/2022:16:16:01 +0100] "GET /Ywesee/OpenStandards HTTP/1.1" 200 9892 "-" "Mozilla/5.0 (compatible; DataForSeoBot/1.0; +https://dataforseo.com/dataforseo-bot)"
136.243.228.182 - - [08/Nov/2022:16:16:17 +0100] "GET /Main/BagSlPreise HTTP/1.1" 200 9704 "-" "Mozilla/5.0 (compatible; DataForSeoBot/1.0; +https://dataforseo.com/dataforseo-bot)"
136.243.228.182 - - [08/Nov/2022:16:16:33 +0100] "GET /Main/Linux HTTP/1.1" 200 9133 "-" "Mozilla/5.0 (compatible; DataForSeoBot/1.0; +https://dataforseo.com/dataforseo-bot)"
136.243.228.182 - - [08/Nov/2022:16:16:48 +0100] "GET /Swissmedic/Vertriebsunterbruch HTTP/1.1" 200 10279 "-" "Mozilla/5.0 (compatible; DataForSeoBot/1.0; +https://dataforseo.com/dataforseo-bot)"
136.243.228.182 - - [08/Nov/2022:16:17:02 +0100] "GET /Main/2007?n=Main.SideBar?action=edit HTTP/1.1" 403 18 "-" "Mozilla/5.0 (compatible; DataForSeoBot/1.0; +https://dataforseo.com/dataforseo-bot)"
104.248.112.213 - - [08/Nov/2022:16:17:16 +0100] "GET /wp-login.php HTTP/1.1" 404 271 "http://ywesee.net/wp-login.php" "Mozilla/5.0 (Windows NT 10.0; Win64; x64; rv:96.0) Gecko/20100101 Firefox/96"
136.243.228.182 - - [08/Nov/2022:16:17:17 +0100] "GET /Ywesee/Team?action=edit HTTP/1.1" 403 18 "-" "Mozilla/5.0 (compatible; DataForSeoBot/1.0; +https://dataforseo.com/dataforseo-bot)"
136.243.228.182 - - [08/Nov/2022:16:17:30 +0100] "GET /Software/YDIM?n=Main.SideBar?action=edit HTTP/1.1" 403 18 "-" "Mozilla/5.0 (compatible; DataForSeoBot/1.0; +https://dataforseo.com/dataforseo-bot)"
136.243.228.182 - - [08/Nov/2022:16:17:43 +0100] "GET /AmiKo/Barcodes HTTP/1.1" 200 8978 "-" "Mozilla/5.0 (compatible; DataForSeoBot/1.0; +https://dataforseo.com/dataforseo-bot)"
89.246.241.14 - - [08/Nov/2022:16:17:51 +0100] "GET /Main/NZZ HTTP/1.1" 200 8325 "-" "Mozilla/5.0 (Windows NT 10.0; Win64; x64; rv:84.0) Gecko/20100101 Firefox/84.0"
40.77.167.103 - - [08/Nov/2022:16:17:52 +0100] "GET /robots.txt HTTP/1.1" 200 - "-" "Mozilla/5.0 AppleWebKit/537.36 (KHTML, like Gecko; compatible; bingbot/2.0; +http://www.bing.com/bingbot.htm) Chrome/103.0.5060.134 Safari/537.36"
136.243.228.182 - - [08/Nov/2022:16:17:57 +0100] "GET /Ywesee/About?action=diff HTTP/1.1" 403 18 "-" "Mozilla/5.0 (compatible; DataForSeoBot/1.0; +https://dataforseo.com/dataforseo-bot)"
136.243.228.182 - - [08/Nov/2022:16:18:11 +0100] "GET /Ywesee/OpenSource?action=print HTTP/1.1" 403 18 "-" "Mozilla/5.0 (compatible; DataForSeoBot/1.0; +https://dataforseo.com/dataforseo-bot)"
136.243.228.182 - - [08/Nov/2022:16:18:24 +0100] "GET /AmiKo/Web?action=diff HTTP/1.1" 403 18 "-" "Mozilla/5.0 (compatible; DataForSeoBot/1.0; +https://dataforseo.com/dataforseo-bot)"
136.243.228.182 - - [08/Nov/2022:16:18:37 +0100] "GET /Main/2015?action=print HTTP/1.1" 403 18 "-" "Mozilla/5.0 (compatible; DataForSeoBot/1.0; +https://dataforseo.com/dataforseo-bot)"
136.243.228.182 - - [08/Nov/2022:16:18:49 +0100] "GET /Software/YDIM?action=edit HTTP/1.1" 403 18 "-" "Mozilla/5.0 (compatible; DataForSeoBot/1.0; +https://dataforseo.com/dataforseo-bot)"
136.243.228.182 - - [08/Nov/2022:16:19:00 +0100] "GET /Swissmedic/PraeparatelisteMitWS HTTP/1.1" 200 9205 "-" "Mozilla/5.0 (compatible; DataForSeoBot/1.0; +https://dataforseo.com/dataforseo-bot)"
194.209.200.2 - - [08/Nov/2022:16:19:12 +0100] "GET /robots.txt HTTP/1.1" 200 - "-" "Mozilla/5.0 (compatible; TMMBot/0.2; +http://www.dslab.ch)/Nutch-1.15"
136.243.228.182 - - [08/Nov/2022:16:19:12 +0100] "GET /Main/Diovan HTTP/1.1" 200 9177 "-" "Mozilla/5.0 (compatible; DataForSeoBot/1.0; +https://dataforseo.com/dataforseo-bot)"
194.209.200.2 - - [08/Nov/2022:16:19:13 +0100] "GET /Oddb2xml/Index HTTP/1.1" 200 8983 "-" "Mozilla/5.0 (compatible; TMMBot/0.2; +http://www.dslab.ch)/Nutch-1.15"
136.243.228.182 - - [08/Nov/2022:16:19:23 +0100] "GET /Main/2007?action=upload HTTP/1.1" 403 18 "-" "Mozilla/5.0 (compatible; DataForSeoBot/1.0; +https://dataforseo.com/dataforseo-bot)"
89.246.241.14 - - [08/Nov/2022:16:19:33 +0100] "GET /Main/2005?action=print HTTP/1.1" 200 58097 "-" "Mozilla/5.0 (Windows NT 10.0; Win64; x64; rv:84.0) Gecko/20100101 Firefox/84.0"
136.243.228.182 - - [08/Nov/2022:16:19:36 +0100] "GET /Oddb/OpenSourceSoftwareUndDatenImSchweizerGesundheitswesen HTTP/1.1" 200 12414 "-" "Mozilla/5.0 (compatible; DataForSeoBot/1.0; +https://dataforseo.com/dataforseo-bot)"
136.243.228.182 - - [08/Nov/2022:16:19:46 +0100] "GET /Main/2018?action=upload HTTP/1.1" 403 18 "-" "Mozilla/5.0 (compatible; DataForSeoBot/1.0; +https://dataforseo.com/dataforseo-bot)"
136.243.228.182 - - [08/Nov/2022:16:19:57 +0100] "GET /Main/Saldo HTTP/1.1" 200 8416 "-" "Mozilla/5.0 (compatible; DataForSeoBot/1.0; +https://dataforseo.com/dataforseo-bot)"
194.209.200.2 - - [08/Nov/2022:16:19:59 +0100] "GET /Miele/MieleLXIV HTTP/1.1" 200 15367 "-" "Mozilla/5.0 (compatible; TMMBot/0.2; +http://www.dslab.ch)/Nutch-1.15"
136.243.228.182 - - [08/Nov/2022:16:20:09 +0100] "GET /Ywesee/Software HTTP/1.1" 200 9246 "-" "Mozilla/5.0 (compatible; DataForSeoBot/1.0; +https://dataforseo.com/dataforseo-bot)"
89.246.241.14 - - [08/Nov/2022:16:20:19 +0100] "GET /uploads/Main/Seite_2.pdf HTTP/1.1" 200 1081044 "-" "Mozilla/5.0 (Windows NT 10.0; Win64; x64; rv:84.0) Gecko/20100101 Firefox/84.0"
136.243.228.182 - - [08/Nov/2022:16:20:20 +0100] "GET /Main/2008?action=print HTTP/1.1" 403 18 "-" "Mozilla/5.0 (compatible; DataForSeoBot/1.0; +https://dataforseo.com/dataforseo-bot)"
136.243.228.182 - - [08/Nov/2022:16:20:31 +0100] "GET /Main/2019?action=upload HTTP/1.1" 403 18 "-" "Mozilla/5.0 (compatible; DataForSeoBot/1.0; +https://dataforseo.com/dataforseo-bot)"
136.243.228.182 - - [08/Nov/2022:16:20:43 +0100] "GET /Main/HirslandenProfessional HTTP/1.1" 200 8885 "-" "Mozilla/5.0 (compatible; DataForSeoBot/1.0; +https://dataforseo.com/dataforseo-bot)"
136.243.228.182 - - [08/Nov/2022:16:20:54 +0100] "GET /Epha/Flow HTTP/1.1" 200 8668 "-" "Mozilla/5.0 (compatible; DataForSeoBot/1.0; +https://dataforseo.com/dataforseo-bot)"
136.243.228.182 - - [08/Nov/2022:16:21:05 +0100] "GET /Ywesee/Team?action=upload HTTP/1.1" 403 18 "-" "Mozilla/5.0 (compatible; DataForSeoBot/1.0; +https://dataforseo.com/dataforseo-bot)"
136.243.228.182 - - [08/Nov/2022:16:21:16 +0100] "GET /Main/SideBar HTTP/1.1" 200 10903 "-" "Mozilla/5.0 (compatible; DataForSeoBot/1.0; +https://dataforseo.com/dataforseo-bot)"
51.89.129.38 - - [08/Nov/2022:16:21:22 +0100] "GET / HTTP/1.1" 200 13748 "http://ywesee.ch" "Mozilla/5.0 (Windows NT 10.0; Win64; x64) AppleWebKit/537.36 (KHTML, like Gecko) Chrome/103.0.0.0 Safari/537.36"
136.243.228.182 - - [08/Nov/2022:16:21:27 +0100] "GET /Main/FAZ HTTP/1.1" 200 8325 "-" "Mozilla/5.0 (compatible; DataForSeoBot/1.0; +https://dataforseo.com/dataforseo-bot)"
136.243.228.182 - - [08/Nov/2022:16:21:38 +0100] "GET /Bundesrat/Ebook HTTP/1.1" 200 10101 "-" "Mozilla/5.0 (compatible; DataForSeoBot/1.0; +https://dataforseo.com/dataforseo-bot)"
89.246.241.14 - - [08/Nov/2022:16:21:49 +0100] "GET /Main/2007?action=upload HTTP/1.1" 200 8737 "-" "Mozilla/5.0 (Windows NT 10.0; Win64; x64; rv:84.0) Gecko/20100101 Firefox/84.0"
136.243.228.182 - - [08/Nov/2022:16:21:49 +0100] "GET /Main/2006?n=Main.SideBar?action=edit HTTP/1.1" 403 18 "-" "Mozilla/5.0 (compatible; DataForSeoBot/1.0; +https://dataforseo.com/dataforseo-bot)"
136.243.228.182 - - [08/Nov/2022:16:21:59 +0100] "GET /Main/EANCode HTTP/1.1" 200 9821 "-" "Mozilla/5.0 (compatible; DataForSeoBot/1.0; +https://dataforseo.com/dataforseo-bot)"
136.243.228.182 - - [08/Nov/2022:16:22:10 +0100] "GET /ODDB/StammdatenCH?action=diff HTTP/1.1" 403 18 "-" "Mozilla/5.0 (compatible; DataForSeoBot/1.0; +https://dataforseo.com/dataforseo-bot)"
194.209.200.2 - - [08/Nov/2022:16:22:11 +0100] "GET /ODDB/StammdatenCH HTTP/1.1" 200 9300 "-" "Mozilla/5.0 (compatible; TMMBot/0.2; +http://www.dslab.ch)/Nutch-1.15"
136.243.228.182 - - [08/Nov/2022:16:22:21 +0100] "GET /AmiKo/Web?action=upload HTTP/1.1" 403 18 "-" "Mozilla/5.0 (compatible; DataForSeoBot/1.0; +https://dataforseo.com/dataforseo-bot)"
194.209.200.2 - - [08/Nov/2022:16:22:31 +0100] "GET /Main/2008 HTTP/1.1" 200 34740 "-" "Mozilla/5.0 (compatible; TMMBot/0.2; +http://www.dslab.ch)/Nutch-1.15"
136.243.228.182 - - [08/Nov/2022:16:22:32 +0100] "GET /Main/2018?action=edit HTTP/1.1" 403 18 "-" "Mozilla/5.0 (compatible; DataForSeoBot/1.0; +https://dataforseo.com/dataforseo-bot)"
194.209.200.2 - - [08/Nov/2022:16:22:43 +0100] "GET /Main/2006 HTTP/1.1" 200 39320 "-" "Mozilla/5.0 (compatible; TMMBot/0.2; +http://www.dslab.ch)/Nutch-1.15"
136.243.228.182 - - [08/Nov/2022:16:22:44 +0100] "GET /Main/NZZ HTTP/1.1" 200 8325 "-" "Mozilla/5.0 (compatible; DataForSeoBot/1.0; +https://dataforseo.com/dataforseo-bot)"
194.209.200.2 - - [08/Nov/2022:16:22:54 +0100] "GET /Main/2004 HTTP/1.1" 200 14080 "-" "Mozilla/5.0 (compatible; TMMBot/0.2; +http://www.dslab.ch)/Nutch-1.15"
136.243.228.182 - - [08/Nov/2022:16:22:55 +0100] "GET /Ywesee/About?action=upload HTTP/1.1" 403 18 "-" "Mozilla/5.0 (compatible; DataForSeoBot/1.0; +https://dataforseo.com/dataforseo-bot)"
136.243.228.182 - - [08/Nov/2022:16:23:06 +0100] "GET /Software/YDIM?action=print HTTP/1.1" 403 18 "-" "Mozilla/5.0 (compatible; DataForSeoBot/1.0; +https://dataforseo.com/dataforseo-bot)"
194.209.200.2 - - [08/Nov/2022:16:23:10 +0100] "GET /Main/2015 HTTP/1.1" 200 15908 "-" "Mozilla/5.0 (compatible; TMMBot/0.2; +http://www.dslab.ch)/Nutch-1.15"
196.16.223.81 - - [08/Nov/2022:16:23:16 +0100] "GET / HTTP/1.1" 200 13748 "http://ywesee.net" "Mozilla/5.0 (X11; Linux i686; rv:102.0) Gecko/20100101 Firefox/102.0"
136.243.228.182 - - [08/Nov/2022:16:23:17 +0100] "GET /Main/SocialMedia HTTP/1.1" 200 8592 "-" "Mozilla/5.0 (compatible; DataForSeoBot/1.0; +https://dataforseo.com/dataforseo-bot)"
194.209.200.2 - - [08/Nov/2022:16:23:24 +0100] "GET /Main/2013 HTTP/1.1" 200 20487 "-" "Mozilla/5.0 (compatible; TMMBot/0.2; +http://www.dslab.ch)/Nutch-1.15"
136.243.228.182 - - [08/Nov/2022:16:23:28 +0100] "GET /Main/2004?action=upload HTTP/1.1" 403 18 "-" "Mozilla/5.0 (compatible; DataForSeoBot/1.0; +https://dataforseo.com/dataforseo-bot)"
136.243.228.182 - - [08/Nov/2022:16:23:39 +0100] "GET /AmiKo/Windows?action=print HTTP/1.1" 403 18 "-" "Mozilla/5.0 (compatible; DataForSeoBot/1.0; +https://dataforseo.com/dataforseo-bot)"
136.243.228.182 - - [08/Nov/2022:16:23:51 +0100] "GET /Software/SoftwareRaid?action=print HTTP/1.1" 403 18 "-" "Mozilla/5.0 (compatible; DataForSeoBot/1.0; +https://dataforseo.com/dataforseo-bot)"
136.243.228.182 - - [08/Nov/2022:16:24:02 +0100] "GET /Android/AmiKo HTTP/1.1" 200 9995 "-" "Mozilla/5.0 (compatible; DataForSeoBot/1.0; +https://dataforseo.com/dataforseo-bot)"
136.243.228.182 - - [08/Nov/2022:16:24:13 +0100] "GET /Generikacc/App?action=edit HTTP/1.1" 403 18 "-" "Mozilla/5.0 (compatible; DataForSeoBot/1.0; +https://dataforseo.com/dataforseo-bot)"
136.243.228.182 - - [08/Nov/2022:16:24:23 +0100] "GET /Ywesee/SpezialisierteKrankenkasse HTTP/1.1" 200 14829 "-" "Mozilla/5.0 (compatible; DataForSeoBot/1.0; +https://dataforseo.com/dataforseo-bot)"
136.243.228.182 - - [08/Nov/2022:16:24:34 +0100] "GET /Main/ExtremeProgramming HTTP/1.1" 200 8767 "-" "Mozilla/5.0 (compatible; DataForSeoBot/1.0; +https://dataforseo.com/dataforseo-bot)"
136.243.228.182 - - [08/Nov/2022:16:24:45 +0100] "GET /Ywesee/ODBA HTTP/1.1" 200 8453 "-" "Mozilla/5.0 (compatible; DataForSeoBot/1.0; +https://dataforseo.com/dataforseo-bot)"
136.243.228.182 - - [08/Nov/2022:16:24:55 +0100] "GET /Ywesee/SBSM HTTP/1.1" 200 8449 "-" "Mozilla/5.0 (compatible; DataForSeoBot/1.0; +https://dataforseo.com/dataforseo-bot)"
136.243.228.182 - - [08/Nov/2022:16:25:06 +0100] "GET /Main/2010?action=upload HTTP/1.1" 403 18 "-" "Mozilla/5.0 (compatible; DataForSeoBot/1.0; +https://dataforseo.com/dataforseo-bot)"
136.243.228.182 - - [08/Nov/2022:16:25:17 +0100] "GET /Swissmedic/Packungen HTTP/1.1" 200 9799 "-" "Mozilla/5.0 (compatible; DataForSeoBot/1.0; +https://dataforseo.com/dataforseo-bot)"
136.243.228.182 - - [08/Nov/2022:16:25:28 +0100] "GET /Generikacc/App?n=Main.SideBar?action=edit HTTP/1.1" 403 18 "-" "Mozilla/5.0 (compatible; DataForSeoBot/1.0; +https://dataforseo.com/dataforseo-bot)"
136.243.228.182 - - [08/Nov/2022:16:25:39 +0100] "GET /Software/BBMB?action=upload HTTP/1.1" 403 18 "-" "Mozilla/5.0 (compatible; DataForSeoBot/1.0; +https://dataforseo.com/dataforseo-bot)"
136.243.228.182 - - [08/Nov/2022:16:25:48 +0100] "GET /Main/2012?action=upload HTTP/1.1" 403 18 "-" "Mozilla/5.0 (compatible; DataForSeoBot/1.0; +https://dataforseo.com/dataforseo-bot)"
136.243.228.182 - - [08/Nov/2022:16:25:58 +0100] "GET /Main/2015?n=Main.SideBar?action=edit HTTP/1.1" 403 18 "-" "Mozilla/5.0 (compatible; DataForSeoBot/1.0; +https://dataforseo.com/dataforseo-bot)"
194.209.200.2 - - [08/Nov/2022:16:26:03 +0100] "GET /robots.txt HTTP/1.1" 200 - "-" "Mozilla/5.0 (compatible; TMMBot/0.2; +http://www.dslab.ch)/Nutch-1.15"
136.243.228.182 - - [08/Nov/2022:16:26:10 +0100] "GET /Main/2021?action=edit HTTP/1.1" 403 18 "-" "Mozilla/5.0 (compatible; DataForSeoBot/1.0; +https://dataforseo.com/dataforseo-bot)"
136.243.228.182 - - [08/Nov/2022:16:26:21 +0100] "GET /ODDB/IntegrationLookAmpFeelGenerikasuche?action=diff HTTP/1.1" 403 18 "-" "Mozilla/5.0 (compatible; DataForSeoBot/1.0; +https://dataforseo.com/dataforseo-bot)"
136.243.228.182 - - [08/Nov/2022:16:26:32 +0100] "GET /Main/2005?action=diff HTTP/1.1" 403 18 "-" "Mozilla/5.0 (compatible; DataForSeoBot/1.0; +https://dataforseo.com/dataforseo-bot)"
136.243.228.182 - - [08/Nov/2022:16:26:42 +0100] "GET /Scan2Post/MacOS HTTP/1.1" 200 9023 "-" "Mozilla/5.0 (compatible; DataForSeoBot/1.0; +https://dataforseo.com/dataforseo-bot)"
194.209.200.2 - - [08/Nov/2022:16:26:50 +0100] "GET /AmiKo/Web HTTP/1.1" 200 9588 "-" "Mozilla/5.0 (compatible; TMMBot/0.2; +http://www.dslab.ch)/Nutch-1.15"
136.243.228.182 - - [08/Nov/2022:16:26:52 +0100] "GET /Main/2015?action=diff HTTP/1.1" 403 18 "-" "Mozilla/5.0 (compatible; DataForSeoBot/1.0; +https://dataforseo.com/dataforseo-bot)"
136.243.228.182 - - [08/Nov/2022:16:27:02 +0100] "GET /Ywesee/OpenSource?n=Main.SideBar?action=edit HTTP/1.1" 403 18 "-" "Mozilla/5.0 (compatible; DataForSeoBot/1.0; +https://dataforseo.com/dataforseo-bot)"
136.243.228.182 - - [08/Nov/2022:16:27:13 +0100] "GET /Main/2009?action=upload HTTP/1.1" 403 18 "-" "Mozilla/5.0 (compatible; DataForSeoBot/1.0; +https://dataforseo.com/dataforseo-bot)"
136.243.228.182 - - [08/Nov/2022:16:27:23 +0100] "GET /Main/2017?n=Main.SideBar?action=edit HTTP/1.1" 403 18 "-" "Mozilla/5.0 (compatible; DataForSeoBot/1.0; +https://dataforseo.com/dataforseo-bot)"
136.243.228.182 - - [08/Nov/2022:16:27:34 +0100] "GET /Main/2009?action=edit HTTP/1.1" 403 18 "-" "Mozilla/5.0 (compatible; DataForSeoBot/1.0; +https://dataforseo.com/dataforseo-bot)"
136.243.228.182 - - [08/Nov/2022:16:27:43 +0100] "GET /Ywesee/Kindle HTTP/1.1" 200 8384 "-" "Mozilla/5.0 (compatible; DataForSeoBot/1.0; +https://dataforseo.com/dataforseo-bot)"
136.243.228.182 - - [08/Nov/2022:16:27:54 +0100] "GET /Main/2005?n=Main.SideBar?action=edit HTTP/1.1" 403 18 "-" "Mozilla/5.0 (compatible; DataForSeoBot/1.0; +https://dataforseo.com/dataforseo-bot)"
136.243.228.182 - - [08/Nov/2022:16:28:03 +0100] "GET /AmiKo/Web?n=Main.SideBar?action=edit HTTP/1.1" 403 18 "-" "Mozilla/5.0 (compatible; DataForSeoBot/1.0; +https://dataforseo.com/dataforseo-bot)"
136.243.228.182 - - [08/Nov/2022:16:28:13 +0100] "GET /AmiKo/Flyer HTTP/1.1" 200 8708 "-" "Mozilla/5.0 (compatible; DataForSeoBot/1.0; +https://dataforseo.com/dataforseo-bot)"
194.209.200.2 - - [08/Nov/2022:16:28:20 +0100] "GET /Ywesee/OpenSource HTTP/1.1" 200 10790 "-" "Mozilla/5.0 (compatible; TMMBot/0.2; +http://www.dslab.ch)/Nutch-1.15"
136.243.228.182 - - [08/Nov/2022:16:28:22 +0100] "GET /Software/YDIM?action=diff HTTP/1.1" 403 18 "-" "Mozilla/5.0 (compatible; DataForSeoBot/1.0; +https://dataforseo.com/dataforseo-bot)"
136.243.228.182 - - [08/Nov/2022:16:28:31 +0100] "GET /Main/2005?action=edit HTTP/1.1" 403 18 "-" "Mozilla/5.0 (compatible; DataForSeoBot/1.0; +https://dataforseo.com/dataforseo-bot)"
136.243.228.182 - - [08/Nov/2022:16:28:41 +0100] "GET /Software/BBMB?action=diff HTTP/1.1" 403 18 "-" "Mozilla/5.0 (compatible; DataForSeoBot/1.0; +https://dataforseo.com/dataforseo-bot)"
136.243.228.182 - - [08/Nov/2022:16:28:51 +0100] "GET /InfoCodex/Abstracts HTTP/1.1" 200 10102 "-" "Mozilla/5.0 (compatible; DataForSeoBot/1.0; +https://dataforseo.com/dataforseo-bot)"
136.243.228.182 - - [08/Nov/2022:16:29:00 +0100] "GET /Refdata/LoeschungFelder HTTP/1.1" 200 9814 "-" "Mozilla/5.0 (compatible; DataForSeoBot/1.0; +https://dataforseo.com/dataforseo-bot)"
136.243.228.182 - - [08/Nov/2022:16:29:11 +0100] "GET /AmiKo/Android?action=diff HTTP/1.1" 403 18 "-" "Mozilla/5.0 (compatible; DataForSeoBot/1.0; +https://dataforseo.com/dataforseo-bot)"
136.243.228.182 - - [08/Nov/2022:16:29:20 +0100] "GET /Main/2017?action=print HTTP/1.1" 403 18 "-" "Mozilla/5.0 (compatible; DataForSeoBot/1.0; +https://dataforseo.com/dataforseo-bot)"
136.243.228.182 - - [08/Nov/2022:16:29:29 +0100] "GET /Main/2010?action=edit HTTP/1.1" 403 18 "-" "Mozilla/5.0 (compatible; DataForSeoBot/1.0; +https://dataforseo.com/dataforseo-bot)"
136.243.228.182 - - [08/Nov/2022:16:29:39 +0100] "GET /Main/2019?n=Main.SideBar?action=edit HTTP/1.1" 403 18 "-" "Mozilla/5.0 (compatible; DataForSeoBot/1.0; +https://dataforseo.com/dataforseo-bot)"
194.209.200.2 - - [08/Nov/2022:16:29:47 +0100] "GET /Main/2016 HTTP/1.1" 200 13689 "-" "Mozilla/5.0 (compatible; TMMBot/0.2; +http://www.dslab.ch)/Nutch-1.15"
136.243.228.182 - - [08/Nov/2022:16:29:48 +0100] "GET /Main/2011?action=edit HTTP/1.1" 403 18 "-" "Mozilla/5.0 (compatible; DataForSeoBot/1.0; +https://dataforseo.com/dataforseo-bot)"
194.209.200.2 - - [08/Nov/2022:16:29:55 +0100] "GET /Main/2014 HTTP/1.1" 200 19471 "-" "Mozilla/5.0 (compatible; TMMBot/0.2; +http://www.dslab.ch)/Nutch-1.15"
136.243.228.182 - - [08/Nov/2022:16:29:58 +0100] "GET /Main/2021?action=upload HTTP/1.1" 403 18 "-" "Mozilla/5.0 (compatible; DataForSeoBot/1.0; +https://dataforseo.com/dataforseo-bot)"
136.243.228.182 - - [08/Nov/2022:16:30:06 +0100] "GET /Main/2019?action=print HTTP/1.1" 403 18 "-" "Mozilla/5.0 (compatible; DataForSeoBot/1.0; +https://dataforseo.com/dataforseo-bot)"
136.243.228.182 - - [08/Nov/2022:16:30:15 +0100] "GET /Main/2006?action=edit HTTP/1.1" 403 18 "-" "Mozilla/5.0 (compatible; DataForSeoBot/1.0; +https://dataforseo.com/dataforseo-bot)"
136.243.228.182 - - [08/Nov/2022:16:30:25 +0100] "GET /Ywesee/IGM11 HTTP/1.1" 200 13051 "-" "Mozilla/5.0 (compatible; DataForSeoBot/1.0; +https://dataforseo.com/dataforseo-bot)"
136.243.228.182 - - [08/Nov/2022:16:30:34 +0100] "GET /Software/SoftwareRaid?action=edit HTTP/1.1" 403 18 "-" "Mozilla/5.0 (compatible; DataForSeoBot/1.0; +https://dataforseo.com/dataforseo-bot)"
194.209.200.2 - - [08/Nov/2022:16:30:38 +0100] "GET /Ywesee/About HTTP/1.1" 200 9132 "-" "Mozilla/5.0 (compatible; TMMBot/0.2; +http://www.dslab.ch)/Nutch-1.15"
136.243.228.182 - - [08/Nov/2022:16:30:42 +0100] "GET /Ywesee/KurzFachinfo HTTP/1.1" 200 8845 "-" "Mozilla/5.0 (compatible; DataForSeoBot/1.0; +https://dataforseo.com/dataforseo-bot)"
136.243.228.182 - - [08/Nov/2022:16:30:51 +0100] "GET /Main/2004?action=print HTTP/1.1" 403 18 "-" "Mozilla/5.0 (compatible; DataForSeoBot/1.0; +https://dataforseo.com/dataforseo-bot)"
136.243.228.182 - - [08/Nov/2022:16:31:00 +0100] "GET /Software/BBMB?action=print HTTP/1.1" 403 18 "-" "Mozilla/5.0 (compatible; DataForSeoBot/1.0; +https://dataforseo.com/dataforseo-bot)"
136.243.228.182 - - [08/Nov/2022:16:31:08 +0100] "GET /Ywesee/InfoCodex?action=diff HTTP/1.1" 403 18 "-" "Mozilla/5.0 (compatible; DataForSeoBot/1.0; +https://dataforseo.com/dataforseo-bot)"
136.243.228.182 - - [08/Nov/2022:16:31:16 +0100] "GET /Main/2007?action=edit HTTP/1.1" 403 18 "-" "Mozilla/5.0 (compatible; DataForSeoBot/1.0; +https://dataforseo.com/dataforseo-bot)"
136.243.228.182 - - [08/Nov/2022:16:31:25 +0100] "GET /Refdatabase/PharmacodeLoeschung HTTP/1.1" 200 10134 "-" "Mozilla/5.0 (compatible; DataForSeoBot/1.0; +https://dataforseo.com/dataforseo-bot)"
136.243.228.182 - - [08/Nov/2022:16:31:38 +0100] "GET /Main/2009?action=diff HTTP/1.1" 403 18 "-" "Mozilla/5.0 (compatible; DataForSeoBot/1.0; +https://dataforseo.com/dataforseo-bot)"
136.243.228.182 - - [08/Nov/2022:16:31:46 +0100] "GET /Main/2008?action=edit HTTP/1.1" 403 18 "-" "Mozilla/5.0 (compatible; DataForSeoBot/1.0; +https://dataforseo.com/dataforseo-bot)"
136.243.228.182 - - [08/Nov/2022:16:31:54 +0100] "GET /ODDB/Pharmakokinetik HTTP/1.1" 200 11220 "-" "Mozilla/5.0 (compatible; DataForSeoBot/1.0; +https://dataforseo.com/dataforseo-bot)"
136.243.228.182 - - [08/Nov/2022:16:32:01 +0100] "GET /ODDB/StammdatenCH?action=print HTTP/1.1" 403 18 "-" "Mozilla/5.0 (compatible; DataForSeoBot/1.0; +https://dataforseo.com/dataforseo-bot)"
136.243.228.182 - - [08/Nov/2022:16:32:11 +0100] "GET /AmiKo/Swisspeddose HTTP/1.1" 200 10537 "-" "Mozilla/5.0 (compatible; DataForSeoBot/1.0; +https://dataforseo.com/dataforseo-bot)"
136.243.228.182 - - [08/Nov/2022:16:32:18 +0100] "GET /Software/SoftwareRaid?action=upload HTTP/1.1" 403 18 "-" "Mozilla/5.0 (compatible; DataForSeoBot/1.0; +https://dataforseo.com/dataforseo-bot)"
136.243.228.182 - - [08/Nov/2022:16:32:27 +0100] "GET /Pic2Shop/BarcodeScanner HTTP/1.1" 200 8908 "-" "Mozilla/5.0 (compatible; DataForSeoBot/1.0; +https://dataforseo.com/dataforseo-bot)"
136.243.228.182 - - [08/Nov/2022:16:32:34 +0100] "GET /Main/2005?action=print HTTP/1.1" 403 18 "-" "Mozilla/5.0 (compatible; DataForSeoBot/1.0; +https://dataforseo.com/dataforseo-bot)"
136.243.228.182 - - [08/Nov/2022:16:32:43 +0100] "GET /Ywesee/YDPM HTTP/1.1" 200 8463 "-" "Mozilla/5.0 (compatible; DataForSeoBot/1.0; +https://dataforseo.com/dataforseo-bot)"
136.243.228.182 - - [08/Nov/2022:16:32:50 +0100] "GET /Software/YDIM?action=upload HTTP/1.1" 403 18 "-" "Mozilla/5.0 (compatible; DataForSeoBot/1.0; +https://dataforseo.com/dataforseo-bot)"
136.243.228.182 - - [08/Nov/2022:16:32:58 +0100] "GET /Software/XMLConv?action=edit HTTP/1.1" 403 18 "-" "Mozilla/5.0 (compatible; DataForSeoBot/1.0; +https://dataforseo.com/dataforseo-bot)"
136.243.228.182 - - [08/Nov/2022:16:33:06 +0100] "GET /Main/2012?action=edit HTTP/1.1" 403 18 "-" "Mozilla/5.0 (compatible; DataForSeoBot/1.0; +https://dataforseo.com/dataforseo-bot)"
136.243.228.182 - - [08/Nov/2022:16:33:15 +0100] "GET /Main/2012?action=diff HTTP/1.1" 403 18 "-" "Mozilla/5.0 (compatible; DataForSeoBot/1.0; +https://dataforseo.com/dataforseo-bot)"
136.243.228.182 - - [08/Nov/2022:16:33:22 +0100] "GET /Main/2011?action=upload HTTP/1.1" 403 18 "-" "Mozilla/5.0 (compatible; DataForSeoBot/1.0; +https://dataforseo.com/dataforseo-bot)"
136.243.228.182 - - [08/Nov/2022:16:33:30 +0100] "GET /Main/Buchpublikationspflicht HTTP/1.1" 200 12075 "-" "Mozilla/5.0 (compatible; DataForSeoBot/1.0; +https://dataforseo.com/dataforseo-bot)"
136.243.228.182 - - [08/Nov/2022:16:33:38 +0100] "GET /Ywesee/BitcoinBlockchain HTTP/1.1" 200 9811 "-" "Mozilla/5.0 (compatible; DataForSeoBot/1.0; +https://dataforseo.com/dataforseo-bot)"
136.243.228.182 - - [08/Nov/2022:16:33:46 +0100] "GET /AmiKo/SAPP HTTP/1.1" 200 12947 "-" "Mozilla/5.0 (compatible; DataForSeoBot/1.0; +https://dataforseo.com/dataforseo-bot)"
136.243.228.182 - - [08/Nov/2022:16:33:52 +0100] "GET /Ywesee/XMLCONV2 HTTP/1.1" 200 8483 "-" "Mozilla/5.0 (compatible; DataForSeoBot/1.0; +https://dataforseo.com/dataforseo-bot)"
136.243.228.182 - - [08/Nov/2022:16:34:01 +0100] "GET /Main/2010?action=print HTTP/1.1" 403 18 "-" "Mozilla/5.0 (compatible; DataForSeoBot/1.0; +https://dataforseo.com/dataforseo-bot)"
136.243.228.182 - - [08/Nov/2022:16:34:07 +0100] "GET /RedLaser/BarcodeScanner HTTP/1.1" 200 9033 "-" "Mozilla/5.0 (compatible; DataForSeoBot/1.0; +https://dataforseo.com/dataforseo-bot)"
136.243.228.182 - - [08/Nov/2022:16:34:16 +0100] "GET /Ywesee/Events?action=print HTTP/1.1" 403 18 "-" "Mozilla/5.0 (compatible; DataForSeoBot/1.0; +https://dataforseo.com/dataforseo-bot)"
136.243.228.182 - - [08/Nov/2022:16:34:23 +0100] "GET /Software/XMLConv?action=upload HTTP/1.1" 403 18 "-" "Mozilla/5.0 (compatible; DataForSeoBot/1.0; +https://dataforseo.com/dataforseo-bot)"
136.243.228.182 - - [08/Nov/2022:16:34:30 +0100] "GET /Main/2015?action=upload HTTP/1.1" 403 18 "-" "Mozilla/5.0 (compatible; DataForSeoBot/1.0; +https://dataforseo.com/dataforseo-bot)"
136.243.228.182 - - [08/Nov/2022:16:34:37 +0100] "GET /ODDB/IndividuelleMediliste?action=edit HTTP/1.1" 403 18 "-" "Mozilla/5.0 (compatible; DataForSeoBot/1.0; +https://dataforseo.com/dataforseo-bot)"
136.243.228.182 - - [08/Nov/2022:16:34:44 +0100] "GET /Main/2011?action=diff HTTP/1.1" 403 18 "-" "Mozilla/5.0 (compatible; DataForSeoBot/1.0; +https://dataforseo.com/dataforseo-bot)"
136.243.228.182 - - [08/Nov/2022:16:34:51 +0100] "GET /Main/2006?action=print HTTP/1.1" 403 18 "-" "Mozilla/5.0 (compatible; DataForSeoBot/1.0; +https://dataforseo.com/dataforseo-bot)"
136.243.228.182 - - [08/Nov/2022:16:34:59 +0100] "GET /AmiKo/Web?action=edit HTTP/1.1" 403 18 "-" "Mozilla/5.0 (compatible; DataForSeoBot/1.0; +https://dataforseo.com/dataforseo-bot)"
194.209.200.2 - - [08/Nov/2022:16:35:05 +0100] "GET /robots.txt HTTP/1.1" 200 - "-" "Mozilla/5.0 (compatible; TMMBot/0.2; +http://www.dslab.ch)/Nutch-1.15"
68.69.184.202 - - [08/Nov/2022:16:36:23 +0100] "GET /robots.txt HTTP/1.1" 200 - "-" "got (https://github.com/sindresorhus/got)"
68.69.184.202 - - [08/Nov/2022:16:36:24 +0100] "GET / HTTP/1.1" 200 13748 "-" "got (https://github.com/sindresorhus/got)"
17.121.115.33 - - [08/Nov/2022:16:37:10 +0100] "GET /ODDB/IndividuelleMediliste HTTP/1.1" 200 9139 "-" "Mozilla/5.0 (Macintosh; Intel Mac OS X 10_15_5) AppleWebKit/605.1.15 (KHTML, like Gecko) Version/13.1.1 Safari/605.1.15 (Applebot/0.1; +http://www.apple.com/go/applebot)"
136.243.228.182 - - [08/Nov/2022:16:37:44 +0100] "GET /ODDB/IntegrationLookAmpFeelGenerikasuche?n=Main.SideBar?action=edit HTTP/1.1" 403 18 "-" "Mozilla/5.0 (compatible; DataForSeoBot/1.0; +https://dataforseo.com/dataforseo-bot)"
136.243.228.182 - - [08/Nov/2022:16:37:45 +0100] "GET /Ywesee/Events?action=upload HTTP/1.1" 403 18 "-" "Mozilla/5.0 (compatible; DataForSeoBot/1.0; +https://dataforseo.com/dataforseo-bot)"
136.243.228.182 - - [08/Nov/2022:16:37:47 +0100] "GET /ODDB/StammdatenCH?action=edit HTTP/1.1" 403 18 "-" "Mozilla/5.0 (compatible; DataForSeoBot/1.0; +https://dataforseo.com/dataforseo-bot)"
136.243.228.182 - - [08/Nov/2022:16:37:49 +0100] "GET /Main/2009?action=print HTTP/1.1" 403 18 "-" "Mozilla/5.0 (compatible; DataForSeoBot/1.0; +https://dataforseo.com/dataforseo-bot)"
136.243.228.182 - - [08/Nov/2022:16:37:52 +0100] "GET /Newsletter/10052017 HTTP/1.1" 200 11460 "-" "Mozilla/5.0 (compatible; DataForSeoBot/1.0; +https://dataforseo.com/dataforseo-bot)"
136.243.228.182 - - [08/Nov/2022:16:37:53 +0100] "GET /Software/XMLConv?action=diff HTTP/1.1" 403 18 "-" "Mozilla/5.0 (compatible; DataForSeoBot/1.0; +https://dataforseo.com/dataforseo-bot)"
136.243.228.182 - - [08/Nov/2022:16:37:56 +0100] "GET /Main/2018?action=print HTTP/1.1" 403 18 "-" "Mozilla/5.0 (compatible; DataForSeoBot/1.0; +https://dataforseo.com/dataforseo-bot)"
136.243.228.182 - - [08/Nov/2022:16:37:57 +0100] "GET /Ywesee/Team?action=print HTTP/1.1" 403 18 "-" "Mozilla/5.0 (compatible; DataForSeoBot/1.0; +https://dataforseo.com/dataforseo-bot)"
136.243.228.182 - - [08/Nov/2022:16:37:59 +0100] "GET /Main/2017?action=edit HTTP/1.1" 403 18 "-" "Mozilla/5.0 (compatible; DataForSeoBot/1.0; +https://dataforseo.com/dataforseo-bot)"
136.243.228.182 - - [08/Nov/2022:16:38:02 +0100] "GET /Main/DocumedGalenicaVsYwesee?n=Main.SideBar?action=edit HTTP/1.1" 403 18 "-" "Mozilla/5.0 (compatible; DataForSeoBot/1.0; +https://dataforseo.com/dataforseo-bot)"
136.243.228.182 - - [08/Nov/2022:16:38:04 +0100] "GET /Main/2019?action=edit HTTP/1.1" 403 18 "-" "Mozilla/5.0 (compatible; DataForSeoBot/1.0; +https://dataforseo.com/dataforseo-bot)"
136.243.228.182 - - [08/Nov/2022:16:38:06 +0100] "GET /Main/2008?n=Main.SideBar?action=edit HTTP/1.1" 403 18 "-" "Mozilla/5.0 (compatible; DataForSeoBot/1.0; +https://dataforseo.com/dataforseo-bot)"
136.243.228.182 - - [08/Nov/2022:16:38:09 +0100] "GET /Main/2010?n=Main.SideBar?action=edit HTTP/1.1" 403 18 "-" "Mozilla/5.0 (compatible; DataForSeoBot/1.0; +https://dataforseo.com/dataforseo-bot)"
136.243.228.182 - - [08/Nov/2022:16:38:11 +0100] "GET /AmiKo/Windows?action=diff HTTP/1.1" 403 18 "-" "Mozilla/5.0 (compatible; DataForSeoBot/1.0; +https://dataforseo.com/dataforseo-bot)"
136.243.228.182 - - [08/Nov/2022:16:38:12 +0100] "GET /Software/BBMB?action=edit HTTP/1.1" 403 18 "-" "Mozilla/5.0 (compatible; DataForSeoBot/1.0; +https://dataforseo.com/dataforseo-bot)"
136.243.228.182 - - [08/Nov/2022:16:38:15 +0100] "GET /Refdatabase/Index HTTP/1.1" 200 10078 "-" "Mozilla/5.0 (compatible; DataForSeoBot/1.0; +https://dataforseo.com/dataforseo-bot)"
136.243.228.182 - - [08/Nov/2022:16:38:17 +0100] "GET /Main/2007?action=print HTTP/1.1" 403 18 "-" "Mozilla/5.0 (compatible; DataForSeoBot/1.0; +https://dataforseo.com/dataforseo-bot)"
136.243.228.182 - - [08/Nov/2022:16:38:19 +0100] "GET /Main/2019?action=diff HTTP/1.1" 403 18 "-" "Mozilla/5.0 (compatible; DataForSeoBot/1.0; +https://dataforseo.com/dataforseo-bot)"
136.243.228.182 - - [08/Nov/2022:16:38:21 +0100] "GET /Main/2021?action=diff HTTP/1.1" 403 18 "-" "Mozilla/5.0 (compatible; DataForSeoBot/1.0; +https://dataforseo.com/dataforseo-bot)"
136.243.228.182 - - [08/Nov/2022:16:38:24 +0100] "GET /AmiKo/Web?action=print HTTP/1.1" 403 18 "-" "Mozilla/5.0 (compatible; DataForSeoBot/1.0; +https://dataforseo.com/dataforseo-bot)"
136.243.228.182 - - [08/Nov/2022:16:38:26 +0100] "GET /Ywesee/Kontakt?action=diff HTTP/1.1" 403 18 "-" "Mozilla/5.0 (compatible; DataForSeoBot/1.0; +https://dataforseo.com/dataforseo-bot)"
136.243.228.182 - - [08/Nov/2022:16:38:28 +0100] "GET /Swissmedic/Formatvorlagen HTTP/1.1" 200 9935 "-" "Mozilla/5.0 (compatible; DataForSeoBot/1.0; +https://dataforseo.com/dataforseo-bot)"
136.243.228.182 - - [08/Nov/2022:16:38:30 +0100] "GET /Main/2020?n=Main.SideBar?action=edit HTTP/1.1" 403 18 "-" "Mozilla/5.0 (compatible; DataForSeoBot/1.0; +https://dataforseo.com/dataforseo-bot)"
136.243.228.182 - - [08/Nov/2022:16:38:33 +0100] "GET /InfoCodex/Dokumentenfamilien HTTP/1.1" 200 10326 "-" "Mozilla/5.0 (compatible; DataForSeoBot/1.0; +https://dataforseo.com/dataforseo-bot)"
136.243.228.182 - - [08/Nov/2022:16:38:36 +0100] "GET /Main/Xls2odat HTTP/1.1" 200 8413 "-" "Mozilla/5.0 (compatible; DataForSeoBot/1.0; +https://dataforseo.com/dataforseo-bot)"
136.243.228.182 - - [08/Nov/2022:16:38:39 +0100] "GET /Ywesee/About?action=edit HTTP/1.1" 403 18 "-" "Mozilla/5.0 (compatible; DataForSeoBot/1.0; +https://dataforseo.com/dataforseo-bot)"
136.243.228.182 - - [08/Nov/2022:16:38:41 +0100] "GET /Ywesee/Kontakt?action=print HTTP/1.1" 403 18 "-" "Mozilla/5.0 (compatible; DataForSeoBot/1.0; +https://dataforseo.com/dataforseo-bot)"
136.243.228.182 - - [08/Nov/2022:16:38:44 +0100] "GET /Main/2021?action=print HTTP/1.1" 403 18 "-" "Mozilla/5.0 (compatible; DataForSeoBot/1.0; +https://dataforseo.com/dataforseo-bot)"
136.243.228.182 - - [08/Nov/2022:16:38:45 +0100] "GET /Main/2018?action=diff HTTP/1.1" 403 18 "-" "Mozilla/5.0 (compatible; DataForSeoBot/1.0; +https://dataforseo.com/dataforseo-bot)"
136.243.228.182 - - [08/Nov/2022:16:38:48 +0100] "GET /Ywesee/Kontakt?action=upload HTTP/1.1" 403 18 "-" "Mozilla/5.0 (compatible; DataForSeoBot/1.0; +https://dataforseo.com/dataforseo-bot)"
136.243.228.182 - - [08/Nov/2022:16:38:50 +0100] "GET /Generikacc/App?action=print HTTP/1.1" 403 18 "-" "Mozilla/5.0 (compatible; DataForSeoBot/1.0; +https://dataforseo.com/dataforseo-bot)"
136.243.228.182 - - [08/Nov/2022:16:38:53 +0100] "GET /ODDB/Flow HTTP/1.1" 200 8944 "-" "Mozilla/5.0 (compatible; DataForSeoBot/1.0; +https://dataforseo.com/dataforseo-bot)"
136.243.228.182 - - [08/Nov/2022:16:38:54 +0100] "GET /Ywesee/KindleOniPhone HTTP/1.1" 200 10311 "-" "Mozilla/5.0 (compatible; DataForSeoBot/1.0; +https://dataforseo.com/dataforseo-bot)"
136.243.228.182 - - [08/Nov/2022:16:38:56 +0100] "GET /CoMed/Android HTTP/1.1" 200 9422 "-" "Mozilla/5.0 (compatible; DataForSeoBot/1.0; +https://dataforseo.com/dataforseo-bot)"
136.243.228.182 - - [08/Nov/2022:16:39:00 +0100] "GET /ODDB/FachinfoAlsEbook HTTP/1.1" 200 9635 "-" "Mozilla/5.0 (compatible; DataForSeoBot/1.0; +https://dataforseo.com/dataforseo-bot)"
136.243.228.182 - - [08/Nov/2022:16:39:02 +0100] "GET /Ywesee/ElektronischesPatientendossierSchweiz HTTP/1.1" 200 11065 "-" "Mozilla/5.0 (compatible; DataForSeoBot/1.0; +https://dataforseo.com/dataforseo-bot)"
136.243.228.182 - - [08/Nov/2022:16:39:04 +0100] "GET /Main/MyMedi HTTP/1.1" 200 9646 "-" "Mozilla/5.0 (compatible; DataForSeoBot/1.0; +https://dataforseo.com/dataforseo-bot)"
136.243.228.182 - - [08/Nov/2022:16:39:05 +0100] "GET /Main/MediStammdatenKostenSchweiz HTTP/1.1" 200 10264 "-" "Mozilla/5.0 (compatible; DataForSeoBot/1.0; +https://dataforseo.com/dataforseo-bot)"
136.243.228.182 - - [08/Nov/2022:16:39:08 +0100] "GET /Ywesee/OpenSource?action=upload HTTP/1.1" 403 18 "-" "Mozilla/5.0 (compatible; DataForSeoBot/1.0; +https://dataforseo.com/dataforseo-bot)"
136.243.228.182 - - [08/Nov/2022:16:39:09 +0100] "GET /ODDB/StammdatenCH?n=Main.SideBar?action=edit HTTP/1.1" 403 18 "-" "Mozilla/5.0 (compatible; DataForSeoBot/1.0; +https://dataforseo.com/dataforseo-bot)"
136.243.228.182 - - [08/Nov/2022:16:39:11 +0100] "GET /Ywesee/OpenSource?action=edit HTTP/1.1" 403 18 "-" "Mozilla/5.0 (compatible; DataForSeoBot/1.0; +https://dataforseo.com/dataforseo-bot)"
136.243.228.182 - - [08/Nov/2022:16:39:15 +0100] "GET /Main/2004?action=edit HTTP/1.1" 403 18 "-" "Mozilla/5.0 (compatible; DataForSeoBot/1.0; +https://dataforseo.com/dataforseo-bot)"
103.74.120.192 - - [08/Nov/2022:16:41:24 +0100] "GET /wp-login.php HTTP/1.1" 404 271 "http://ywesee.ch/wp-login.php" "Mozilla/5.0 (Windows NT 10.0; Win64; x64; rv:96.0) Gecko/20100101 Firefox/96"
136.243.228.182 - - [08/Nov/2022:16:41:46 +0100] "GET /AmiKo/Desktop HTTP/1.1" 200 8397 "-" "Mozilla/5.0 (compatible; DataForSeoBot/1.0; +https://dataforseo.com/dataforseo-bot)"
136.243.228.182 - - [08/Nov/2022:16:42:04 +0100] "GET /Main/Parsen HTTP/1.1" 200 8581 "-" "Mozilla/5.0 (compatible; DataForSeoBot/1.0; +https://dataforseo.com/dataforseo-bot)"
136.243.228.182 - - [08/Nov/2022:16:42:22 +0100] "GET /Software/Developers HTTP/1.1" 200 8897 "-" "Mozilla/5.0 (compatible; DataForSeoBot/1.0; +https://dataforseo.com/dataforseo-bot)"
136.243.228.182 - - [08/Nov/2022:16:42:23 +0100] "GET /Software/ODBA HTTP/1.1" 200 12503 "-" "Mozilla/5.0 (compatible; DataForSeoBot/1.0; +https://dataforseo.com/dataforseo-bot)"
136.243.228.182 - - [08/Nov/2022:16:42:38 +0100] "GET /Miele/MieleLXIVScreenshots HTTP/1.1" 200 8964 "-" "Mozilla/5.0 (compatible; DataForSeoBot/1.0; +https://dataforseo.com/dataforseo-bot)"
35.196.89.180 - - [08/Nov/2022:16:42:41 +0100] "GET /AmiKo/Web HTTP/1.0" 200 9588 "-" "ZoominfoBot (zoominfobot at zoominfo dot com)"
136.243.228.182 - - [08/Nov/2022:16:42:51 +0100] "GET /Software/YDPM HTTP/1.1" 200 8809 "-" "Mozilla/5.0 (compatible; DataForSeoBot/1.0; +https://dataforseo.com/dataforseo-bot)"
