89.246.241.14 - - [03/Dec/2022:14:24:29 +0100] "GET /Main/DocumedGalenicaVsYwesee?n=Main.SideBar?action=edit HTTP/1.1" 200 9341 "-" "Mozilla/5.0 (Windows NT 10.0; Win64; x64; rv:101.0) Gecko/20100101 Firefox/101.0"
89.246.241.14 - - [03/Dec/2022:14:24:34 +0100] "GET /Main/DocumedGalenicaVsYwesee?action=upload HTTP/1.1" 200 8985 "-" "Mozilla/5.0 (Windows NT 10.0; Win64; x64; rv:101.0) Gecko/20100101 Firefox/101.0"
89.246.241.14 - - [03/Dec/2022:14:24:39 +0100] "GET /Main/DocumedGalenicaVsYwesee?action=print HTTP/1.1" 200 29761 "-" "Mozilla/5.0 (Windows NT 10.0; Win64; x64; rv:101.0) Gecko/20100101 Firefox/101.0"
54.36.148.62 - - [03/Dec/2022:14:27:24 +0100] "GET /AmiKo/Android HTTP/1.1" 200 10427 "-" "Mozilla/5.0 (compatible; AhrefsBot/7.0; +http://ahrefs.com/robot/)"
51.222.253.12 - - [03/Dec/2022:14:28:13 +0100] "GET /robots.txt HTTP/1.1" 200 - "-" "Mozilla/5.0 (compatible; AhrefsBot/7.0; +http://ahrefs.com/robot/)"
89.246.241.14 - - [03/Dec/2022:14:30:16 +0100] "GET /AmiKo/OSX HTTP/1.1" 200 9772 "-" "Mozilla/5.0 (Windows NT 10.0; Win64; x64; rv:101.0) Gecko/20100101 Firefox/101.0"
89.246.241.14 - - [03/Dec/2022:14:30:53 +0100] "GET /Generikacc/App HTTP/1.1" 200 11862 "-" "Mozilla/5.0 (Windows NT 10.0; Win64; x64; rv:101.0) Gecko/20100101 Firefox/101.0"
66.249.93.186 - - [03/Dec/2022:14:33:38 +0100] "HEAD /pmwiki.php/Site/AllRecentChanges?action=rss HTTP/1.1" 200 - "-" "FeedBurner/1.0 (http://www.FeedBurner.com)"
66.249.93.182 - - [03/Dec/2022:14:33:39 +0100] "GET /pmwiki.php/Site/AllRecentChanges?action=rss HTTP/1.1" 200 2548 "-" "FeedBurner/1.0 (http://www.FeedBurner.com)"
89.246.241.14 - - [03/Dec/2022:14:34:19 +0100] "GET /CoMed/ASPP HTTP/1.1" 200 13118 "-" "Mozilla/5.0 (Windows NT 10.0; Win64; x64; rv:101.0) Gecko/20100101 Firefox/101.0"
8.29.198.25 - - [03/Dec/2022:14:34:49 +0100] "GET /pmwiki.php/Site/AllRecentChanges?action=rss HTTP/1.1" 200 2548 "-" "Feedly/1.0 (+http://www.feedly.com/fetcher.html; 5 subscribers; like FeedFetcher-Google)"
89.246.241.14 - - [03/Dec/2022:14:34:56 +0100] "GET /Software/BBMB HTTP/1.1" 200 9385 "-" "Mozilla/5.0 (Windows NT 10.0; Win64; x64; rv:101.0) Gecko/20100101 Firefox/101.0"
23.100.232.233 - - [03/Dec/2022:14:37:55 +0100] "GET /software/xmlbag HTTP/1.1" 404 274 "-" "Mozilla/5.0 (compatible; MSIE 9.0; Windows NT 6.1; Trident/5.0;  Trident/5.0)"
64.71.157.112 - - [03/Dec/2022:14:44:42 +0100] "GET /pmwiki.php/Site/AllRecentChanges?action=rss HTTP/1.1" 200 2548 "-" "Feedbin feed-id:590358 - 1 subscribers"
194.209.200.2 - - [03/Dec/2022:14:47:37 +0100] "GET /robots.txt HTTP/1.1" 200 - "-" "Mozilla/5.0 (compatible; TMMBot/0.2; +http://www.dslab.ch)/Nutch-1.15"
194.209.200.2 - - [03/Dec/2022:14:47:37 +0100] "GET /AmiKo/Linux HTTP/1.1" 200 9217 "-" "Mozilla/5.0 (compatible; TMMBot/0.2; +http://www.dslab.ch)/Nutch-1.15"
194.209.200.2 - - [03/Dec/2022:14:47:43 +0100] "GET /Miele/MieleLXIV HTTP/1.1" 200 15367 "-" "Mozilla/5.0 (compatible; TMMBot/0.2; +http://www.dslab.ch)/Nutch-1.15"
194.209.200.2 - - [03/Dec/2022:14:49:31 +0100] "GET /ODDB/StammdatenCH HTTP/1.1" 200 9300 "-" "Mozilla/5.0 (compatible; TMMBot/0.2; +http://www.dslab.ch)/Nutch-1.15"
194.209.200.2 - - [03/Dec/2022:14:49:58 +0100] "GET /Main/2006 HTTP/1.1" 200 39320 "-" "Mozilla/5.0 (compatible; TMMBot/0.2; +http://www.dslab.ch)/Nutch-1.15"
194.209.200.2 - - [03/Dec/2022:14:50:56 +0100] "GET /Software/Spreadsheet HTTP/1.1" 200 8839 "-" "Mozilla/5.0 (compatible; TMMBot/0.2; +http://www.dslab.ch)/Nutch-1.15"
194.209.200.2 - - [03/Dec/2022:14:51:01 +0100] "GET /Main/2020 HTTP/1.1" 200 15398 "-" "Mozilla/5.0 (compatible; TMMBot/0.2; +http://www.dslab.ch)/Nutch-1.15"
76.72.172.164 - - [03/Dec/2022:14:51:26 +0100] "GET / HTTP/1.1" 200 14168 "-" "Mozilla/5.0 (Windows NT 10.0; WOW64; rv:40.0) Gecko/20100101 Firefox/40.0"
194.209.200.2 - - [03/Dec/2022:14:52:02 +0100] "GET /robots.txt HTTP/1.1" 200 - "-" "Mozilla/5.0 (compatible; TMMBot/0.2; +http://www.dslab.ch)/Nutch-1.15"
194.209.200.2 - - [03/Dec/2022:14:54:25 +0100] "GET /Main/2005 HTTP/1.1" 200 63344 "-" "Mozilla/5.0 (compatible; TMMBot/0.2; +http://www.dslab.ch)/Nutch-1.15"
194.209.200.2 - - [03/Dec/2022:14:54:55 +0100] "GET /Main/2012 HTTP/1.1" 200 31941 "-" "Mozilla/5.0 (compatible; TMMBot/0.2; +http://www.dslab.ch)/Nutch-1.15"
89.246.241.14 - - [03/Dec/2022:14:55:06 +0100] "GET /uploads/Main/amiko_owner_report_fr.html HTTP/1.1" 200 6637 "-" "Mozilla/5.0 (Windows NT 10.0; Win64; x64; rv:101.0) Gecko/20100101 Firefox/101.0"
194.209.200.2 - - [03/Dec/2022:14:55:25 +0100] "GET /Ywesee/About HTTP/1.1" 200 9132 "-" "Mozilla/5.0 (compatible; TMMBot/0.2; +http://www.dslab.ch)/Nutch-1.15"
89.246.241.14 - - [03/Dec/2022:14:56:54 +0100] "GET /AmiKo/IOS HTTP/1.1" 200 11930 "-" "Mozilla/5.0 (Windows NT 10.0; Win64; x64; rv:101.0) Gecko/20100101 Firefox/101.0"
66.249.76.87 - - [03/Dec/2022:14:58:00 +0100] "GET /robots.txt HTTP/1.1" 200 - "-" "Mozilla/5.0 (compatible; Googlebot/2.1; +http://www.google.com/bot.html)"
66.249.70.47 - - [03/Dec/2022:14:58:01 +0100] "GET /ads.txt HTTP/1.1" 404 270 "-" "Mozilla/5.0 (compatible; Googlebot/2.1; +http://www.google.com/bot.html)"
194.209.200.2 - - [03/Dec/2022:14:58:35 +0100] "GET /robots.txt HTTP/1.1" 200 - "-" "Mozilla/5.0 (compatible; TMMBot/0.2; +http://www.dslab.ch)/Nutch-1.15"
76.72.172.164 - - [03/Dec/2022:15:06:32 +0100] "GET / HTTP/1.1" 200 14168 "-" "Mozilla/5.0 (Windows NT 10.0; WOW64; rv:40.0) Gecko/20100101 Firefox/40.0"
64.124.8.51 - - [03/Dec/2022:15:07:52 +0100] "GET /robots.txt HTTP/1.1" 200 - "-" "Mozilla/5.0 (X11; Linux x86_64) AppleWebKit/537.36 (KHTML, like Gecko) Chrome/61.0.3163.79 Safari/537.36"
64.124.8.51 - - [03/Dec/2022:15:07:52 +0100] "GET /Main/MediStammdatenKostenSchweiz HTTP/1.1" 200 10264 "-" "Mozilla/5.0 (X11; Linux x86_64) AppleWebKit/537.36 (KHTML, like Gecko) Chrome/61.0.3163.79 Safari/537.36"
8.29.198.27 - - [03/Dec/2022:15:11:40 +0100] "GET /pmwiki.php/Site/AllRecentChanges?action=rss HTTP/1.1" 200 2548 "-" "Feedly/1.0 (+http://www.feedly.com/fetcher.html; 5 subscribers; like FeedFetcher-Google)"
89.246.241.14 - - [03/Dec/2022:15:15:34 +0100] "GET /Main/Home?n=Main.SideBar?action=edit HTTP/1.1" 200 9322 "-" "Mozilla/5.0 (Windows NT 10.0; Win64; x64; rv:101.0) Gecko/20100101 Firefox/101.0"
66.249.64.200 - - [03/Dec/2022:15:15:37 +0100] "GET /en/gcc/show/reg/00681/seq/01 HTTP/1.1" 404 287 "-" "Mozilla/5.0 (compatible; Googlebot/2.1; +http://www.google.com/bot.html)"
181.214.153.31 - - [03/Dec/2022:15:23:15 +0100] "GET /wp-login.php HTTP/1.1" 404 271 "-" "Mozilla/5.0 (Windows NT 10.0; Win64; x64) AppleWebKit/537.36 (KHTML, like Gecko) Chrome/91.0.4472.124 Safari/537.36"
64.71.157.118 - - [03/Dec/2022:15:23:44 +0100] "GET /pmwiki.php/Site/AllRecentChanges?action=rss HTTP/1.1" 200 2548 "-" "Feedbin feed-id:590358 - 1 subscribers"
64.124.8.51 - - [03/Dec/2022:15:23:49 +0100] "GET /robots.txt HTTP/1.1" 200 - "-" "Mozilla/5.0 (X11; Linux x86_64) AppleWebKit/537.36 (KHTML, like Gecko) Chrome/61.0.3163.79 Safari/537.36"
64.124.8.51 - - [03/Dec/2022:15:23:49 +0100] "GET /uploads/Main/578_Email_von_WEKO_9.2.2010.txt HTTP/1.1" 304 - "-" "Mozilla/5.0 (X11; Linux x86_64) AppleWebKit/537.36 (KHTML, like Gecko) Chrome/61.0.3163.79 Safari/537.36"
89.246.241.14 - - [03/Dec/2022:15:28:19 +0100] "GET /Main/Home?action=print HTTP/1.1" 200 8979 "-" "Mozilla/5.0 (Windows NT 10.0; Win64; x64; rv:101.0) Gecko/20100101 Firefox/101.0"
64.124.8.51 - - [03/Dec/2022:15:30:53 +0100] "GET /Main/OmixOcas HTTP/1.1" 200 8792 "-" "Mozilla/5.0 (X11; Linux x86_64) AppleWebKit/537.36 (KHTML, like Gecko) Chrome/61.0.3163.79 Safari/537.36"
64.124.8.51 - - [03/Dec/2022:15:32:43 +0100] "GET /Main/ForderungstabelleSpezialitaetenliste HTTP/1.1" 200 11019 "-" "Mozilla/5.0 (X11; Linux x86_64) AppleWebKit/537.36 (KHTML, like Gecko) Chrome/61.0.3163.79 Safari/537.36"
64.124.8.51 - - [03/Dec/2022:15:33:36 +0100] "GET /Generikacc/News23012018 HTTP/1.1" 200 9618 "-" "Mozilla/5.0 (X11; Linux x86_64) AppleWebKit/537.36 (KHTML, like Gecko) Chrome/61.0.3163.79 Safari/537.36"
64.124.8.51 - - [03/Dec/2022:15:40:17 +0100] "GET /SpitalSchweiz/AnzahlNeugeborene2012 HTTP/1.1" 200 9388 "-" "Mozilla/5.0 (X11; Linux x86_64) AppleWebKit/537.36 (KHTML, like Gecko) Chrome/61.0.3163.79 Safari/537.36"
64.124.8.51 - - [03/Dec/2022:15:41:03 +0100] "GET /AmiKo/Index HTTP/1.1" 200 9511 "-" "Mozilla/5.0 (X11; Linux x86_64) AppleWebKit/537.36 (KHTML, like Gecko) Chrome/61.0.3163.79 Safari/537.36"
64.124.8.51 - - [03/Dec/2022:15:45:17 +0100] "GET /AmiKo/Windows HTTP/1.1" 200 10332 "-" "Mozilla/5.0 (X11; Linux x86_64) AppleWebKit/537.36 (KHTML, like Gecko) Chrome/61.0.3163.79 Safari/537.36"
64.124.8.51 - - [03/Dec/2022:15:45:42 +0100] "GET /robots.txt HTTP/1.1" 200 - "-" "Mozilla/5.0 (X11; Linux x86_64) AppleWebKit/537.36 (KHTML, like Gecko) Chrome/61.0.3163.79 Safari/537.36"
64.124.8.51 - - [03/Dec/2022:15:45:42 +0100] "GET /ODDB/StammdatenCH HTTP/1.1" 200 9300 "-" "Mozilla/5.0 (X11; Linux x86_64) AppleWebKit/537.36 (KHTML, like Gecko) Chrome/61.0.3163.79 Safari/537.36"
66.249.93.182 - - [03/Dec/2022:15:49:16 +0100] "HEAD /pmwiki.php/Site/AllRecentChanges?action=rss HTTP/1.1" 200 - "-" "FeedBurner/1.0 (http://www.FeedBurner.com)"
66.249.93.184 - - [03/Dec/2022:15:49:18 +0100] "GET /pmwiki.php/Site/AllRecentChanges?action=rss HTTP/1.1" 200 2548 "-" "FeedBurner/1.0 (http://www.FeedBurner.com)"
64.124.8.51 - - [03/Dec/2022:15:49:56 +0100] "GET /Main/EPUB HTTP/1.1" 200 8338 "-" "Mozilla/5.0 (X11; Linux x86_64) AppleWebKit/537.36 (KHTML, like Gecko) Chrome/61.0.3163.79 Safari/537.36"
8.29.198.26 - - [03/Dec/2022:15:51:10 +0100] "GET /pmwiki.php/Site/AllRecentChanges?action=rss HTTP/1.1" 200 2548 "-" "Feedly/1.0 (+http://www.feedly.com/fetcher.html; 5 subscribers; like FeedFetcher-Google)"
89.246.241.14 - - [03/Dec/2022:15:51:45 +0100] "GET /Miele/MieleLXIV HTTP/1.1" 200 15367 "-" "Mozilla/5.0 (Windows NT 10.0; Win64; x64; rv:101.0) Gecko/20100101 Firefox/101.0"
64.124.8.51 - - [03/Dec/2022:15:52:29 +0100] "GET /Bundesrat/Ebook HTTP/1.1" 200 10101 "-" "Mozilla/5.0 (X11; Linux x86_64) AppleWebKit/537.36 (KHTML, like Gecko) Chrome/61.0.3163.79 Safari/537.36"
89.246.241.14 - - [03/Dec/2022:15:52:35 +0100] "GET /AmiKo/Web HTTP/1.1" 200 9588 "-" "Mozilla/5.0 (Windows NT 10.0; Win64; x64; rv:101.0) Gecko/20100101 Firefox/101.0"
89.246.241.14 - - [03/Dec/2022:15:55:54 +0100] "GET /uploads/Main/Google_BERT_InfoCodex.pdf HTTP/1.1" 200 40002 "-" "Mozilla/5.0 (Windows NT 10.0; Win64; x64; rv:101.0) Gecko/20100101 Firefox/101.0"
146.4.22.190 - - [03/Dec/2022:15:59:10 +0100] "GET /robots.txt HTTP/1.1" 200 - "http://ywesee.ch/robots.txt" "Mozilla/5.0 (compatible; MSIE 9.0; Windows NT 6.1; Trident/5.0; .NET CLR 0.24.31695; .NET CLR 2.0.50727; .NET CLR 3.5.30729; .NET CLR 3.0.30729; .NET CLR 1.1.4322; .NET4.0C)"
146.4.22.190 - - [03/Dec/2022:15:59:10 +0100] "GET / HTTP/1.1" 200 14168 "http://ywesee.ch/" "Mozilla/5.0 (compatible; MSIE 9.0; Windows NT 6.1; Trident/5.0; .NET CLR 0.24.31695; .NET CLR 2.0.50727; .NET CLR 3.5.30729; .NET CLR 3.0.30729; .NET CLR 1.1.4322; .NET4.0C)"
146.4.22.190 - - [03/Dec/2022:15:59:11 +0100] "GET / HTTP/1.1" 200 14168 "http://ywesee.ch/" "Mozilla/5.0 (compatible; MSIE 9.0; Windows NT 6.1; Trident/5.0; .NET CLR 0.24.31695; .NET CLR 2.0.50727; .NET CLR 3.5.30729; .NET CLR 3.0.30729; .NET CLR 1.1.4322; .NET4.0C)"
146.4.22.190 - - [03/Dec/2022:15:59:12 +0100] "GET /pmwiki.php?n=Software.WikiS HTTP/1.1" 200 10036 "http://www.ywesee.com/pmwiki.php?n=Software.WikiS" "Mozilla/5.0 (compatible; MSIE 9.0; Windows NT 6.1; Trident/5.0; .NET CLR 0.24.31695; .NET CLR 2.0.50727; .NET CLR 3.5.30729; .NET CLR 3.0.30729; .NET CLR 1.1.4322; .NET4.0C)"
146.4.22.190 - - [03/Dec/2022:15:59:12 +0100] "GET / HTTP/1.1" 200 14168 "http://www.google.ch/url?sa=t&rct=j&q=https%3A%2F%2Fywesee.com%2F&esrc=s&source=web&cd=8&ved=0CDUQFjAH&url=https%3A%2F%2Fywesee.com%2F" "Mozilla/5.0 (compatible; MSIE 9.0; Windows NT 6.1; Trident/5.0; .NET CLR 0.24.31695; .NET CLR 2.0.50727; .NET CLR 3.5.30729; .NET CLR 3.0.30729; .NET CLR 1.1.4322; .NET4.0C)"
146.4.22.190 - - [03/Dec/2022:15:59:13 +0100] "GET /AmiKo/Android HTTP/1.1" 200 10427 "http://www.google.ch/url?sa=t&rct=j&q=https%3A%2F%2Fywesee.com%2F&esrc=s&source=web&cd=8&ved=0CDUQFjAH&url=https%3A%2F%2Fywesee.com%2F" "Mozilla/5.0 (compatible; MSIE 9.0; Windows NT 6.1; Trident/5.0; .NET CLR 0.24.31695; .NET CLR 2.0.50727; .NET CLR 3.5.30729; .NET CLR 3.0.30729; .NET CLR 1.1.4322; .NET4.0C)"
146.4.22.190 - - [03/Dec/2022:15:59:13 +0100] "GET /AmiKo/IOS HTTP/1.1" 200 11930 "http://www.google.ch/url?sa=t&rct=j&q=https%3A%2F%2Fywesee.com%2F&esrc=s&source=web&cd=8&ved=0CDUQFjAH&url=https%3A%2F%2Fywesee.com%2F" "Mozilla/5.0 (compatible; MSIE 9.0; Windows NT 6.1; Trident/5.0; .NET CLR 0.24.31695; .NET CLR 2.0.50727; .NET CLR 3.5.30729; .NET CLR 3.0.30729; .NET CLR 1.1.4322; .NET4.0C)"
146.4.22.190 - - [03/Dec/2022:15:59:13 +0100] "GET /AmiKo/Linux HTTP/1.1" 200 9217 "http://www.google.ch/url?sa=t&rct=j&q=https%3A%2F%2Fywesee.com%2F&esrc=s&source=web&cd=8&ved=0CDUQFjAH&url=https%3A%2F%2Fywesee.com%2F" "Mozilla/5.0 (compatible; MSIE 9.0; Windows NT 6.1; Trident/5.0; .NET CLR 0.24.31695; .NET CLR 2.0.50727; .NET CLR 3.5.30729; .NET CLR 3.0.30729; .NET CLR 1.1.4322; .NET4.0C)"
146.4.22.190 - - [03/Dec/2022:15:59:14 +0100] "GET /AmiKo/OSX HTTP/1.1" 200 9772 "http://www.google.ch/url?sa=t&rct=j&q=https%3A%2F%2Fywesee.com%2F&esrc=s&source=web&cd=8&ved=0CDUQFjAH&url=https%3A%2F%2Fywesee.com%2F" "Mozilla/5.0 (compatible; MSIE 9.0; Windows NT 6.1; Trident/5.0; .NET CLR 0.24.31695; .NET CLR 2.0.50727; .NET CLR 3.5.30729; .NET CLR 3.0.30729; .NET CLR 1.1.4322; .NET4.0C)"
146.4.22.190 - - [03/Dec/2022:15:59:14 +0100] "GET /AmiKo/Web HTTP/1.1" 200 9588 "http://www.google.ch/url?sa=t&rct=j&q=https%3A%2F%2Fywesee.com%2F&esrc=s&source=web&cd=8&ved=0CDUQFjAH&url=https%3A%2F%2Fywesee.com%2F" "Mozilla/5.0 (compatible; MSIE 9.0; Windows NT 6.1; Trident/5.0; .NET CLR 0.24.31695; .NET CLR 2.0.50727; .NET CLR 3.5.30729; .NET CLR 3.0.30729; .NET CLR 1.1.4322; .NET4.0C)"
146.4.22.190 - - [03/Dec/2022:15:59:14 +0100] "GET /AmiKo/Windows HTTP/1.1" 200 10332 "http://www.google.ch/url?sa=t&rct=j&q=https%3A%2F%2Fywesee.com%2F&esrc=s&source=web&cd=8&ved=0CDUQFjAH&url=https%3A%2F%2Fywesee.com%2F" "Mozilla/5.0 (compatible; MSIE 9.0; Windows NT 6.1; Trident/5.0; .NET CLR 0.24.31695; .NET CLR 2.0.50727; .NET CLR 3.5.30729; .NET CLR 3.0.30729; .NET CLR 1.1.4322; .NET4.0C)"
146.4.22.190 - - [03/Dec/2022:15:59:15 +0100] "GET /Generikacc/App HTTP/1.1" 200 11862 "http://www.google.ch/url?sa=t&rct=j&q=https%3A%2F%2Fywesee.com%2F&esrc=s&source=web&cd=8&ved=0CDUQFjAH&url=https%3A%2F%2Fywesee.com%2F" "Mozilla/5.0 (compatible; MSIE 9.0; Windows NT 6.1; Trident/5.0; .NET CLR 0.24.31695; .NET CLR 2.0.50727; .NET CLR 3.5.30729; .NET CLR 3.0.30729; .NET CLR 1.1.4322; .NET4.0C)"
146.4.22.190 - - [03/Dec/2022:15:59:15 +0100] "GET /Main/2004 HTTP/1.1" 200 14080 "http://www.google.ch/url?sa=t&rct=j&q=https%3A%2F%2Fywesee.com%2F&esrc=s&source=web&cd=8&ved=0CDUQFjAH&url=https%3A%2F%2Fywesee.com%2F" "Mozilla/5.0 (compatible; MSIE 9.0; Windows NT 6.1; Trident/5.0; .NET CLR 0.24.31695; .NET CLR 2.0.50727; .NET CLR 3.5.30729; .NET CLR 3.0.30729; .NET CLR 1.1.4322; .NET4.0C)"
146.4.22.190 - - [03/Dec/2022:15:59:15 +0100] "GET /Main/2005 HTTP/1.1" 200 63344 "http://www.google.ch/url?sa=t&rct=j&q=https%3A%2F%2Fywesee.com%2F&esrc=s&source=web&cd=8&ved=0CDUQFjAH&url=https%3A%2F%2Fywesee.com%2F" "Mozilla/5.0 (compatible; MSIE 9.0; Windows NT 6.1; Trident/5.0; .NET CLR 0.24.31695; .NET CLR 2.0.50727; .NET CLR 3.5.30729; .NET CLR 3.0.30729; .NET CLR 1.1.4322; .NET4.0C)"
146.4.22.190 - - [03/Dec/2022:15:59:16 +0100] "GET /Main/2006 HTTP/1.1" 200 39320 "http://www.google.ch/url?sa=t&rct=j&q=https%3A%2F%2Fywesee.com%2F&esrc=s&source=web&cd=8&ved=0CDUQFjAH&url=https%3A%2F%2Fywesee.com%2F" "Mozilla/5.0 (compatible; MSIE 9.0; Windows NT 6.1; Trident/5.0; .NET CLR 0.24.31695; .NET CLR 2.0.50727; .NET CLR 3.5.30729; .NET CLR 3.0.30729; .NET CLR 1.1.4322; .NET4.0C)"
146.4.22.190 - - [03/Dec/2022:15:59:16 +0100] "GET /Main/2007 HTTP/1.1" 200 50639 "http://www.google.ch/url?sa=t&rct=j&q=https%3A%2F%2Fywesee.com%2F&esrc=s&source=web&cd=8&ved=0CDUQFjAH&url=https%3A%2F%2Fywesee.com%2F" "Mozilla/5.0 (compatible; MSIE 9.0; Windows NT 6.1; Trident/5.0; .NET CLR 0.24.31695; .NET CLR 2.0.50727; .NET CLR 3.5.30729; .NET CLR 3.0.30729; .NET CLR 1.1.4322; .NET4.0C)"
146.4.22.190 - - [03/Dec/2022:15:59:17 +0100] "GET /Main/2008 HTTP/1.1" 200 34740 "http://www.google.ch/url?sa=t&rct=j&q=https%3A%2F%2Fywesee.com%2F&esrc=s&source=web&cd=8&ved=0CDUQFjAH&url=https%3A%2F%2Fywesee.com%2F" "Mozilla/5.0 (compatible; MSIE 9.0; Windows NT 6.1; Trident/5.0; .NET CLR 0.24.31695; .NET CLR 2.0.50727; .NET CLR 3.5.30729; .NET CLR 3.0.30729; .NET CLR 1.1.4322; .NET4.0C)"
146.4.22.190 - - [03/Dec/2022:15:59:17 +0100] "GET /Main/2009 HTTP/1.1" 200 21688 "http://www.google.ch/url?sa=t&rct=j&q=https%3A%2F%2Fywesee.com%2F&esrc=s&source=web&cd=8&ved=0CDUQFjAH&url=https%3A%2F%2Fywesee.com%2F" "Mozilla/5.0 (compatible; MSIE 9.0; Windows NT 6.1; Trident/5.0; .NET CLR 0.24.31695; .NET CLR 2.0.50727; .NET CLR 3.5.30729; .NET CLR 3.0.30729; .NET CLR 1.1.4322; .NET4.0C)"
146.4.22.190 - - [03/Dec/2022:15:59:17 +0100] "GET /Main/2010 HTTP/1.1" 200 27997 "http://www.google.ch/url?sa=t&rct=j&q=https%3A%2F%2Fywesee.com%2F&esrc=s&source=web&cd=8&ved=0CDUQFjAH&url=https%3A%2F%2Fywesee.com%2F" "Mozilla/5.0 (compatible; MSIE 9.0; Windows NT 6.1; Trident/5.0; .NET CLR 0.24.31695; .NET CLR 2.0.50727; .NET CLR 3.5.30729; .NET CLR 3.0.30729; .NET CLR 1.1.4322; .NET4.0C)"
146.4.22.190 - - [03/Dec/2022:15:59:18 +0100] "GET /Main/2011 HTTP/1.1" 200 21451 "http://www.google.ch/url?sa=t&rct=j&q=https%3A%2F%2Fywesee.com%2F&esrc=s&source=web&cd=8&ved=0CDUQFjAH&url=https%3A%2F%2Fywesee.com%2F" "Mozilla/5.0 (compatible; MSIE 9.0; Windows NT 6.1; Trident/5.0; .NET CLR 0.24.31695; .NET CLR 2.0.50727; .NET CLR 3.5.30729; .NET CLR 3.0.30729; .NET CLR 1.1.4322; .NET4.0C)"
146.4.22.190 - - [03/Dec/2022:15:59:18 +0100] "GET /Main/2012 HTTP/1.1" 200 31941 "http://www.google.ch/url?sa=t&rct=j&q=https%3A%2F%2Fywesee.com%2F&esrc=s&source=web&cd=8&ved=0CDUQFjAH&url=https%3A%2F%2Fywesee.com%2F" "Mozilla/5.0 (compatible; MSIE 9.0; Windows NT 6.1; Trident/5.0; .NET CLR 0.24.31695; .NET CLR 2.0.50727; .NET CLR 3.5.30729; .NET CLR 3.0.30729; .NET CLR 1.1.4322; .NET4.0C)"
146.4.22.190 - - [03/Dec/2022:15:59:19 +0100] "GET /Main/2013 HTTP/1.1" 200 20487 "http://www.google.ch/url?sa=t&rct=j&q=https%3A%2F%2Fywesee.com%2F&esrc=s&source=web&cd=8&ved=0CDUQFjAH&url=https%3A%2F%2Fywesee.com%2F" "Mozilla/5.0 (compatible; MSIE 9.0; Windows NT 6.1; Trident/5.0; .NET CLR 0.24.31695; .NET CLR 2.0.50727; .NET CLR 3.5.30729; .NET CLR 3.0.30729; .NET CLR 1.1.4322; .NET4.0C)"
146.4.22.190 - - [03/Dec/2022:15:59:19 +0100] "GET /Main/2014 HTTP/1.1" 200 19471 "http://www.google.ch/url?sa=t&rct=j&q=https%3A%2F%2Fywesee.com%2F&esrc=s&source=web&cd=8&ved=0CDUQFjAH&url=https%3A%2F%2Fywesee.com%2F" "Mozilla/5.0 (compatible; MSIE 9.0; Windows NT 6.1; Trident/5.0; .NET CLR 0.24.31695; .NET CLR 2.0.50727; .NET CLR 3.5.30729; .NET CLR 3.0.30729; .NET CLR 1.1.4322; .NET4.0C)"
146.4.22.190 - - [03/Dec/2022:15:59:19 +0100] "GET /Main/2015 HTTP/1.1" 200 15908 "http://www.google.ch/url?sa=t&rct=j&q=https%3A%2F%2Fywesee.com%2F&esrc=s&source=web&cd=8&ved=0CDUQFjAH&url=https%3A%2F%2Fywesee.com%2F" "Mozilla/5.0 (compatible; MSIE 9.0; Windows NT 6.1; Trident/5.0; .NET CLR 0.24.31695; .NET CLR 2.0.50727; .NET CLR 3.5.30729; .NET CLR 3.0.30729; .NET CLR 1.1.4322; .NET4.0C)"
146.4.22.190 - - [03/Dec/2022:15:59:20 +0100] "GET /Main/2016 HTTP/1.1" 200 13689 "http://www.google.ch/url?sa=t&rct=j&q=https%3A%2F%2Fywesee.com%2F&esrc=s&source=web&cd=8&ved=0CDUQFjAH&url=https%3A%2F%2Fywesee.com%2F" "Mozilla/5.0 (compatible; MSIE 9.0; Windows NT 6.1; Trident/5.0; .NET CLR 0.24.31695; .NET CLR 2.0.50727; .NET CLR 3.5.30729; .NET CLR 3.0.30729; .NET CLR 1.1.4322; .NET4.0C)"
146.4.22.190 - - [03/Dec/2022:15:59:20 +0100] "GET /Main/2017 HTTP/1.1" 200 15840 "http://www.google.ch/url?sa=t&rct=j&q=https%3A%2F%2Fywesee.com%2F&esrc=s&source=web&cd=8&ved=0CDUQFjAH&url=https%3A%2F%2Fywesee.com%2F" "Mozilla/5.0 (compatible; MSIE 9.0; Windows NT 6.1; Trident/5.0; .NET CLR 0.24.31695; .NET CLR 2.0.50727; .NET CLR 3.5.30729; .NET CLR 3.0.30729; .NET CLR 1.1.4322; .NET4.0C)"
146.4.22.190 - - [03/Dec/2022:15:59:21 +0100] "GET /Main/2018 HTTP/1.1" 200 15425 "http://www.google.ch/url?sa=t&rct=j&q=https%3A%2F%2Fywesee.com%2F&esrc=s&source=web&cd=8&ved=0CDUQFjAH&url=https%3A%2F%2Fywesee.com%2F" "Mozilla/5.0 (compatible; MSIE 9.0; Windows NT 6.1; Trident/5.0; .NET CLR 0.24.31695; .NET CLR 2.0.50727; .NET CLR 3.5.30729; .NET CLR 3.0.30729; .NET CLR 1.1.4322; .NET4.0C)"
146.4.22.190 - - [03/Dec/2022:15:59:21 +0100] "GET /Main/2019 HTTP/1.1" 200 15246 "http://www.google.ch/url?sa=t&rct=j&q=https%3A%2F%2Fywesee.com%2F&esrc=s&source=web&cd=8&ved=0CDUQFjAH&url=https%3A%2F%2Fywesee.com%2F" "Mozilla/5.0 (compatible; MSIE 9.0; Windows NT 6.1; Trident/5.0; .NET CLR 0.24.31695; .NET CLR 2.0.50727; .NET CLR 3.5.30729; .NET CLR 3.0.30729; .NET CLR 1.1.4322; .NET4.0C)"
146.4.22.190 - - [03/Dec/2022:15:59:21 +0100] "GET /Main/2020 HTTP/1.1" 200 15398 "http://www.google.ch/url?sa=t&rct=j&q=https%3A%2F%2Fywesee.com%2F&esrc=s&source=web&cd=8&ved=0CDUQFjAH&url=https%3A%2F%2Fywesee.com%2F" "Mozilla/5.0 (compatible; MSIE 9.0; Windows NT 6.1; Trident/5.0; .NET CLR 0.24.31695; .NET CLR 2.0.50727; .NET CLR 3.5.30729; .NET CLR 3.0.30729; .NET CLR 1.1.4322; .NET4.0C)"
146.4.22.190 - - [03/Dec/2022:15:59:22 +0100] "GET /Main/2021 HTTP/1.1" 200 16484 "http://www.google.ch/url?sa=t&rct=j&q=https%3A%2F%2Fywesee.com%2F&esrc=s&source=web&cd=8&ved=0CDUQFjAH&url=https%3A%2F%2Fywesee.com%2F" "Mozilla/5.0 (compatible; MSIE 9.0; Windows NT 6.1; Trident/5.0; .NET CLR 0.24.31695; .NET CLR 2.0.50727; .NET CLR 3.5.30729; .NET CLR 3.0.30729; .NET CLR 1.1.4322; .NET4.0C)"
146.4.22.190 - - [03/Dec/2022:15:59:22 +0100] "GET /Main/DocumedGalenicaVsYwesee HTTP/1.1" 200 35251 "http://www.google.ch/url?sa=t&rct=j&q=https%3A%2F%2Fywesee.com%2F&esrc=s&source=web&cd=8&ved=0CDUQFjAH&url=https%3A%2F%2Fywesee.com%2F" "Mozilla/5.0 (compatible; MSIE 9.0; Windows NT 6.1; Trident/5.0; .NET CLR 0.24.31695; .NET CLR 2.0.50727; .NET CLR 3.5.30729; .NET CLR 3.0.30729; .NET CLR 1.1.4322; .NET4.0C)"
146.4.22.190 - - [03/Dec/2022:15:59:23 +0100] "GET /Main/Home HTTP/1.1" 200 14168 "http://www.google.ch/url?sa=t&rct=j&q=https%3A%2F%2Fywesee.com%2F&esrc=s&source=web&cd=8&ved=0CDUQFjAH&url=https%3A%2F%2Fywesee.com%2F" "Mozilla/5.0 (compatible; MSIE 9.0; Windows NT 6.1; Trident/5.0; .NET CLR 0.24.31695; .NET CLR 2.0.50727; .NET CLR 3.5.30729; .NET CLR 3.0.30729; .NET CLR 1.1.4322; .NET4.0C)"
146.4.22.190 - - [03/Dec/2022:15:59:23 +0100] "GET /Main/Home?action=diff HTTP/1.1" 200 519153 "http://www.google.ch/url?sa=t&rct=j&q=https%3A%2F%2Fywesee.com%2F&esrc=s&source=web&cd=8&ved=0CDUQFjAH&url=https%3A%2F%2Fywesee.com%2F" "Mozilla/5.0 (compatible; MSIE 9.0; Windows NT 6.1; Trident/5.0; .NET CLR 0.24.31695; .NET CLR 2.0.50727; .NET CLR 3.5.30729; .NET CLR 3.0.30729; .NET CLR 1.1.4322; .NET4.0C)"
146.4.22.190 - - [03/Dec/2022:15:59:24 +0100] "GET /Main/Home?action=edit HTTP/1.1" 200 9272 "http://www.google.ch/url?sa=t&rct=j&q=https%3A%2F%2Fywesee.com%2F&esrc=s&source=web&cd=8&ved=0CDUQFjAH&url=https%3A%2F%2Fywesee.com%2F" "Mozilla/5.0 (compatible; MSIE 9.0; Windows NT 6.1; Trident/5.0; .NET CLR 0.24.31695; .NET CLR 2.0.50727; .NET CLR 3.5.30729; .NET CLR 3.0.30729; .NET CLR 1.1.4322; .NET4.0C)"
146.4.22.190 - - [03/Dec/2022:15:59:25 +0100] "GET /Main/Home?action=print HTTP/1.1" 200 8979 "http://www.google.ch/url?sa=t&rct=j&q=https%3A%2F%2Fywesee.com%2F&esrc=s&source=web&cd=8&ved=0CDUQFjAH&url=https%3A%2F%2Fywesee.com%2F" "Mozilla/5.0 (compatible; MSIE 9.0; Windows NT 6.1; Trident/5.0; .NET CLR 0.24.31695; .NET CLR 2.0.50727; .NET CLR 3.5.30729; .NET CLR 3.0.30729; .NET CLR 1.1.4322; .NET4.0C)"
146.4.22.190 - - [03/Dec/2022:15:59:25 +0100] "GET /Main/Home?action=upload HTTP/1.1" 200 8738 "http://www.google.ch/url?sa=t&rct=j&q=https%253A%252F%252Fywesee.com%252F&esrc=s&source=web&cd=8&ved=0CDUQFjAH&url=https%253A%252F%252Fywesee.com%252F" "Mozilla/5.0 (compatible; MSIE 9.0; Windows NT 6.1; Trident/5.0; .NET CLR 0.24.31695; .NET CLR 2.0.50727; .NET CLR 3.5.30729; .NET CLR 3.0.30729; .NET CLR 1.1.4322; .NET4.0C)"
146.4.22.190 - - [03/Dec/2022:15:59:26 +0100] "GET /Main/Home?n=Main.SideBar?action=edit HTTP/1.1" 200 9322 "http://www.google.ch/url?sa=t&rct=j&q=https%3A%2F%2Fywesee.com%2F&esrc=s&source=web&cd=8&ved=0CDUQFjAH&url=https%3A%2F%2Fywesee.com%2F" "Mozilla/5.0 (compatible; MSIE 9.0; Windows NT 6.1; Trident/5.0; .NET CLR 0.24.31695; .NET CLR 2.0.50727; .NET CLR 3.5.30729; .NET CLR 3.0.30729; .NET CLR 1.1.4322; .NET4.0C)"
146.4.22.190 - - [03/Dec/2022:15:59:26 +0100] "GET /Main/SideBar?action=edit HTTP/1.1" 200 9310 "http://www.google.ch/url?sa=t&rct=j&q=https%3A%2F%2Fywesee.com%2F&esrc=s&source=web&cd=8&ved=0CDUQFjAH&url=https%3A%2F%2Fywesee.com%2F" "Mozilla/5.0 (compatible; MSIE 9.0; Windows NT 6.1; Trident/5.0; .NET CLR 0.24.31695; .NET CLR 2.0.50727; .NET CLR 3.5.30729; .NET CLR 3.0.30729; .NET CLR 1.1.4322; .NET4.0C)"
146.4.22.190 - - [03/Dec/2022:15:59:26 +0100] "GET /ODDB/IndividuelleMediliste HTTP/1.1" 200 9139 "http://www.google.ch/url?sa=t&rct=j&q=https%253A%252F%252Fywesee.com%252F&esrc=s&source=web&cd=8&ved=0CDUQFjAH&url=https%253A%252F%252Fywesee.com%252F" "Mozilla/5.0 (compatible; MSIE 9.0; Windows NT 6.1; Trident/5.0; .NET CLR 0.24.31695; .NET CLR 2.0.50727; .NET CLR 3.5.30729; .NET CLR 3.0.30729; .NET CLR 1.1.4322; .NET4.0C)"
146.4.22.190 - - [03/Dec/2022:15:59:26 +0100] "GET /ODDB/IntegrationLookAmpFeelGenerikasuche HTTP/1.1" 200 9097 "http://www.google.ch/url?sa=t&rct=j&q=https%3A%2F%2Fywesee.com%2F&esrc=s&source=web&cd=8&ved=0CDUQFjAH&url=https%3A%2F%2Fywesee.com%2F" "Mozilla/5.0 (compatible; MSIE 9.0; Windows NT 6.1; Trident/5.0; .NET CLR 0.24.31695; .NET CLR 2.0.50727; .NET CLR 3.5.30729; .NET CLR 3.0.30729; .NET CLR 1.1.4322; .NET4.0C)"
146.4.22.190 - - [03/Dec/2022:15:59:27 +0100] "GET /ODDB/StammdatenCH HTTP/1.1" 200 9300 "http://www.google.ch/url?sa=t&rct=j&q=https%3A%2F%2Fywesee.com%2F&esrc=s&source=web&cd=8&ved=0CDUQFjAH&url=https%3A%2F%2Fywesee.com%2F" "Mozilla/5.0 (compatible; MSIE 9.0; Windows NT 6.1; Trident/5.0; .NET CLR 0.24.31695; .NET CLR 2.0.50727; .NET CLR 3.5.30729; .NET CLR 3.0.30729; .NET CLR 1.1.4322; .NET4.0C)"
146.4.22.190 - - [03/Dec/2022:15:59:27 +0100] "GET /Oddb2xml/Index HTTP/1.1" 200 8983 "http://www.google.ch/url?sa=t&rct=j&q=https%3A%2F%2Fywesee.com%2F&esrc=s&source=web&cd=8&ved=0CDUQFjAH&url=https%3A%2F%2Fywesee.com%2F" "Mozilla/5.0 (compatible; MSIE 9.0; Windows NT 6.1; Trident/5.0; .NET CLR 0.24.31695; .NET CLR 2.0.50727; .NET CLR 3.5.30729; .NET CLR 3.0.30729; .NET CLR 1.1.4322; .NET4.0C)"
146.4.22.190 - - [03/Dec/2022:15:59:27 +0100] "GET /Software/BBMB HTTP/1.1" 200 9385 "http://www.google.ch/url?sa=t&rct=j&q=https%3A%2F%2Fywesee.com%2F&esrc=s&source=web&cd=8&ved=0CDUQFjAH&url=https%3A%2F%2Fywesee.com%2F" "Mozilla/5.0 (compatible; MSIE 9.0; Windows NT 6.1; Trident/5.0; .NET CLR 0.24.31695; .NET CLR 2.0.50727; .NET CLR 3.5.30729; .NET CLR 3.0.30729; .NET CLR 1.1.4322; .NET4.0C)"
146.4.22.190 - - [03/Dec/2022:15:59:27 +0100] "GET /Software/ODDB HTTP/1.1" 200 10298 "http://www.google.ch/url?sa=t&rct=j&q=https%253A%252F%252Fywesee.com%252F&esrc=s&source=web&cd=8&ved=0CDUQFjAH&url=https%253A%252F%252Fywesee.com%252F" "Mozilla/5.0 (compatible; MSIE 9.0; Windows NT 6.1; Trident/5.0; .NET CLR 0.24.31695; .NET CLR 2.0.50727; .NET CLR 3.5.30729; .NET CLR 3.0.30729; .NET CLR 1.1.4322; .NET4.0C)"
146.4.22.190 - - [03/Dec/2022:15:59:28 +0100] "GET /Software/SoftwareRaid HTTP/1.1" 200 12104 "http://www.google.ch/url?sa=t&rct=j&q=https%3A%2F%2Fywesee.com%2F&esrc=s&source=web&cd=8&ved=0CDUQFjAH&url=https%3A%2F%2Fywesee.com%2F" "Mozilla/5.0 (compatible; MSIE 9.0; Windows NT 6.1; Trident/5.0; .NET CLR 0.24.31695; .NET CLR 2.0.50727; .NET CLR 3.5.30729; .NET CLR 3.0.30729; .NET CLR 1.1.4322; .NET4.0C)"
146.4.22.190 - - [03/Dec/2022:15:59:28 +0100] "GET /Software/Spreadsheet HTTP/1.1" 200 8839 "http://www.google.ch/url?sa=t&rct=j&q=https%3A%2F%2Fywesee.com%2F&esrc=s&source=web&cd=8&ved=0CDUQFjAH&url=https%3A%2F%2Fywesee.com%2F" "Mozilla/5.0 (compatible; MSIE 9.0; Windows NT 6.1; Trident/5.0; .NET CLR 0.24.31695; .NET CLR 2.0.50727; .NET CLR 3.5.30729; .NET CLR 3.0.30729; .NET CLR 1.1.4322; .NET4.0C)"
146.4.22.190 - - [03/Dec/2022:15:59:28 +0100] "GET /Software/XMLConv HTTP/1.1" 200 8709 "http://www.google.ch/url?sa=t&rct=j&q=https%3A%2F%2Fywesee.com%2F&esrc=s&source=web&cd=8&ved=0CDUQFjAH&url=https%3A%2F%2Fywesee.com%2F" "Mozilla/5.0 (compatible; MSIE 9.0; Windows NT 6.1; Trident/5.0; .NET CLR 0.24.31695; .NET CLR 2.0.50727; .NET CLR 3.5.30729; .NET CLR 3.0.30729; .NET CLR 1.1.4322; .NET4.0C)"
146.4.22.190 - - [03/Dec/2022:15:59:29 +0100] "GET /Software/YDIM HTTP/1.1" 200 8834 "http://www.google.ch/url?sa=t&rct=j&q=https%3A%2F%2Fywesee.com%2F&esrc=s&source=web&cd=8&ved=0CDUQFjAH&url=https%3A%2F%2Fywesee.com%2F" "Mozilla/5.0 (compatible; MSIE 9.0; Windows NT 6.1; Trident/5.0; .NET CLR 0.24.31695; .NET CLR 2.0.50727; .NET CLR 3.5.30729; .NET CLR 3.0.30729; .NET CLR 1.1.4322; .NET4.0C)"
146.4.22.190 - - [03/Dec/2022:15:59:29 +0100] "GET /Ywesee/About HTTP/1.1" 200 9132 "http://www.google.ch/url?sa=t&rct=j&q=https%3A%2F%2Fywesee.com%2F&esrc=s&source=web&cd=8&ved=0CDUQFjAH&url=https%3A%2F%2Fywesee.com%2F" "Mozilla/5.0 (compatible; MSIE 9.0; Windows NT 6.1; Trident/5.0; .NET CLR 0.24.31695; .NET CLR 2.0.50727; .NET CLR 3.5.30729; .NET CLR 3.0.30729; .NET CLR 1.1.4322; .NET4.0C)"
146.4.22.190 - - [03/Dec/2022:15:59:29 +0100] "GET /Ywesee/Events HTTP/1.1" 200 8918 "http://www.google.ch/url?sa=t&rct=j&q=https%3A%2F%2Fywesee.com%2F&esrc=s&source=web&cd=8&ved=0CDUQFjAH&url=https%3A%2F%2Fywesee.com%2F" "Mozilla/5.0 (compatible; MSIE 9.0; Windows NT 6.1; Trident/5.0; .NET CLR 0.24.31695; .NET CLR 2.0.50727; .NET CLR 3.5.30729; .NET CLR 3.0.30729; .NET CLR 1.1.4322; .NET4.0C)"
146.4.22.190 - - [03/Dec/2022:15:59:30 +0100] "GET /Ywesee/InfoCodex HTTP/1.1" 200 24435 "http://www.google.ch/url?sa=t&rct=j&q=https%3A%2F%2Fywesee.com%2F&esrc=s&source=web&cd=8&ved=0CDUQFjAH&url=https%3A%2F%2Fywesee.com%2F" "Mozilla/5.0 (compatible; MSIE 9.0; Windows NT 6.1; Trident/5.0; .NET CLR 0.24.31695; .NET CLR 2.0.50727; .NET CLR 3.5.30729; .NET CLR 3.0.30729; .NET CLR 1.1.4322; .NET4.0C)"
146.4.22.190 - - [03/Dec/2022:15:59:30 +0100] "GET /Ywesee/Kontakt HTTP/1.1" 200 8973 "http://www.google.ch/url?sa=t&rct=j&q=https%3A%2F%2Fywesee.com%2F&esrc=s&source=web&cd=8&ved=0CDUQFjAH&url=https%3A%2F%2Fywesee.com%2F" "Mozilla/5.0 (compatible; MSIE 9.0; Windows NT 6.1; Trident/5.0; .NET CLR 0.24.31695; .NET CLR 2.0.50727; .NET CLR 3.5.30729; .NET CLR 3.0.30729; .NET CLR 1.1.4322; .NET4.0C)"
146.4.22.190 - - [03/Dec/2022:15:59:31 +0100] "GET /Ywesee/OpenSource HTTP/1.1" 200 10790 "http://www.google.ch/url?sa=t&rct=j&q=https%3A%2F%2Fywesee.com%2F&esrc=s&source=web&cd=8&ved=0CDUQFjAH&url=https%3A%2F%2Fywesee.com%2F" "Mozilla/5.0 (compatible; MSIE 9.0; Windows NT 6.1; Trident/5.0; .NET CLR 0.24.31695; .NET CLR 2.0.50727; .NET CLR 3.5.30729; .NET CLR 3.0.30729; .NET CLR 1.1.4322; .NET4.0C)"
146.4.22.190 - - [03/Dec/2022:15:59:31 +0100] "GET /Ywesee/Team HTTP/1.1" 200 18245 "http://www.google.ch/url?sa=t&rct=j&q=https%3A%2F%2Fywesee.com%2F&esrc=s&source=web&cd=8&ved=0CDUQFjAH&url=https%3A%2F%2Fywesee.com%2F" "Mozilla/5.0 (compatible; MSIE 9.0; Windows NT 6.1; Trident/5.0; .NET CLR 0.24.31695; .NET CLR 2.0.50727; .NET CLR 3.5.30729; .NET CLR 3.0.30729; .NET CLR 1.1.4322; .NET4.0C)"
146.4.22.190 - - [03/Dec/2022:15:59:31 +0100] "GET /uploads/Main/22_10_ARK_Intro_ENG.pdf HTTP/1.1" 200 9815750 "http://www.google.ch/url?sa=t&rct=j&q=https%3A%2F%2Fywesee.com%2F&esrc=s&source=web&cd=8&ved=0CDUQFjAH&url=https%3A%2F%2Fywesee.com%2F" "Mozilla/5.0 (compatible; MSIE 9.0; Windows NT 6.1; Trident/5.0; .NET CLR 0.24.31695; .NET CLR 2.0.50727; .NET CLR 3.5.30729; .NET CLR 3.0.30729; .NET CLR 1.1.4322; .NET4.0C)"
146.4.22.190 - - [03/Dec/2022:15:59:36 +0100] "GET /uploads/Main/22_10_ARK_Intro_GER.pdf HTTP/1.1" 200 9603211 "http://www.google.ch/url?sa=t&rct=j&q=https%3A%2F%2Fywesee.com%2F&esrc=s&source=web&cd=8&ved=0CDUQFjAH&url=https%3A%2F%2Fywesee.com%2F" "Mozilla/5.0 (compatible; MSIE 9.0; Windows NT 6.1; Trident/5.0; .NET CLR 0.24.31695; .NET CLR 2.0.50727; .NET CLR 3.5.30729; .NET CLR 3.0.30729; .NET CLR 1.1.4322; .NET4.0C)"
146.4.22.190 - - [03/Dec/2022:15:59:40 +0100] "GET /uploads/Main/B-2597_2017.pdf HTTP/1.1" 200 3342329 "http://www.google.ch/url?sa=t&rct=j&q=https%3A%2F%2Fywesee.com%2F&esrc=s&source=web&cd=8&ved=0CDUQFjAH&url=https%3A%2F%2Fywesee.com%2F" "Mozilla/5.0 (compatible; MSIE 9.0; Windows NT 6.1; Trident/5.0; .NET CLR 0.24.31695; .NET CLR 2.0.50727; .NET CLR 3.5.30729; .NET CLR 3.0.30729; .NET CLR 1.1.4322; .NET4.0C)"
146.4.22.190 - - [03/Dec/2022:15:59:42 +0100] "GET /uploads/Main/B-2597_2017_fr.pdf HTTP/1.1" 200 1537286 "http://www.google.ch/url?sa=t&rct=j&q=https%3A%2F%2Fywesee.com%2F&esrc=s&source=web&cd=8&ved=0CDUQFjAH&url=https%3A%2F%2Fywesee.com%2F" "Mozilla/5.0 (compatible; MSIE 9.0; Windows NT 6.1; Trident/5.0; .NET CLR 0.24.31695; .NET CLR 2.0.50727; .NET CLR 3.5.30729; .NET CLR 3.0.30729; .NET CLR 1.1.4322; .NET4.0C)"
66.249.70.47 - - [03/Dec/2022:16:00:35 +0100] "GET /Swissmedic/Vertriebsunterbruch?n=Main.SideBar?action=edit HTTP/1.1" 403 18 "-" "Mozilla/5.0 (Linux; Android 6.0.1; Nexus 5X Build/MMB29P) AppleWebKit/537.36 (KHTML, like Gecko) Chrome/107.0.5304.110 Mobile Safari/537.36 (compatible; Googlebot/2.1; +http://www.google.com/bot.html)"
64.71.157.109 - - [03/Dec/2022:16:02:02 +0100] "GET /pmwiki.php/Site/AllRecentChanges?action=rss HTTP/1.1" 200 2548 "-" "Feedbin feed-id:590358 - 1 subscribers"
89.246.241.14 - - [03/Dec/2022:16:03:02 +0100] "GET /Oddb2xml/Index HTTP/1.1" 200 8983 "-" "Mozilla/5.0 (Windows NT 10.0; Win64; x64; rv:101.0) Gecko/20100101 Firefox/101.0"
89.246.241.14 - - [03/Dec/2022:16:04:24 +0100] "GET /AmiKo/Linux HTTP/1.1" 200 9217 "-" "Mozilla/5.0 (Windows NT 10.0; Win64; x64; rv:101.0) Gecko/20100101 Firefox/101.0"
54.36.149.93 - - [03/Dec/2022:16:05:16 +0100] "GET /Main/WekoBlogAntragAufErweiterung HTTP/1.1" 200 15562 "-" "Mozilla/5.0 (compatible; AhrefsBot/7.0; +http://ahrefs.com/robot/)"
194.209.200.2 - - [03/Dec/2022:16:10:27 +0100] "GET /robots.txt HTTP/1.1" 200 - "-" "Mozilla/5.0 (compatible; TMMBot/0.2; +http://www.dslab.ch)/Nutch-1.15"
194.209.200.2 - - [03/Dec/2022:16:10:28 +0100] "GET /AmiKo/Linux HTTP/1.1" 200 9217 "-" "Mozilla/5.0 (compatible; TMMBot/0.2; +http://www.dslab.ch)/Nutch-1.15"
194.209.200.2 - - [03/Dec/2022:16:10:32 +0100] "GET /Miele/MieleLXIV HTTP/1.1" 200 15367 "-" "Mozilla/5.0 (compatible; TMMBot/0.2; +http://www.dslab.ch)/Nutch-1.15"
89.246.241.14 - - [03/Dec/2022:16:11:44 +0100] "GET /Ywesee/About HTTP/1.1" 200 9132 "-" "Mozilla/5.0 (Windows NT 10.0; Win64; x64; rv:101.0) Gecko/20100101 Firefox/101.0"
194.209.200.2 - - [03/Dec/2022:16:12:31 +0100] "GET /ODDB/StammdatenCH HTTP/1.1" 200 9300 "-" "Mozilla/5.0 (compatible; TMMBot/0.2; +http://www.dslab.ch)/Nutch-1.15"
194.209.200.2 - - [03/Dec/2022:16:13:00 +0100] "GET /Main/2006 HTTP/1.1" 200 39320 "-" "Mozilla/5.0 (compatible; TMMBot/0.2; +http://www.dslab.ch)/Nutch-1.15"
89.246.241.14 - - [03/Dec/2022:16:13:05 +0100] "GET /Main/ComCo19122016 HTTP/1.1" 200 10547 "-" "Mozilla/5.0 (Windows NT 10.0; Win64; x64; rv:101.0) Gecko/20100101 Firefox/101.0"
194.209.200.2 - - [03/Dec/2022:16:14:04 +0100] "GET /Software/Spreadsheet HTTP/1.1" 200 8839 "-" "Mozilla/5.0 (compatible; TMMBot/0.2; +http://www.dslab.ch)/Nutch-1.15"
194.209.200.2 - - [03/Dec/2022:16:14:08 +0100] "GET /Main/2020 HTTP/1.1" 200 15398 "-" "Mozilla/5.0 (compatible; TMMBot/0.2; +http://www.dslab.ch)/Nutch-1.15"
89.246.241.14 - - [03/Dec/2022:16:14:10 +0100] "GET /Software/XMLConv HTTP/1.1" 200 8709 "-" "Mozilla/5.0 (Windows NT 10.0; Win64; x64; rv:101.0) Gecko/20100101 Firefox/101.0"
194.209.200.2 - - [03/Dec/2022:16:15:14 +0100] "GET /robots.txt HTTP/1.1" 200 - "-" "Mozilla/5.0 (compatible; TMMBot/0.2; +http://www.dslab.ch)/Nutch-1.15"
194.209.200.2 - - [03/Dec/2022:16:15:54 +0100] "GET /AmiKo/Web HTTP/1.1" 200 9588 "-" "Mozilla/5.0 (compatible; TMMBot/0.2; +http://www.dslab.ch)/Nutch-1.15"
89.246.241.14 - - [03/Dec/2022:16:16:35 +0100] "GET /ODDB/IndividuelleMediliste HTTP/1.1" 200 9139 "-" "Mozilla/5.0 (Windows NT 10.0; Win64; x64; rv:101.0) Gecko/20100101 Firefox/101.0"
194.209.200.2 - - [03/Dec/2022:16:17:49 +0100] "GET /Main/2005 HTTP/1.1" 200 63344 "-" "Mozilla/5.0 (compatible; TMMBot/0.2; +http://www.dslab.ch)/Nutch-1.15"
194.209.200.2 - - [03/Dec/2022:16:18:20 +0100] "GET /Main/2012 HTTP/1.1" 200 31941 "-" "Mozilla/5.0 (compatible; TMMBot/0.2; +http://www.dslab.ch)/Nutch-1.15"
194.209.200.2 - - [03/Dec/2022:16:18:50 +0100] "GET /Ywesee/About HTTP/1.1" 200 9132 "-" "Mozilla/5.0 (compatible; TMMBot/0.2; +http://www.dslab.ch)/Nutch-1.15"
54.84.192.51 - - [03/Dec/2022:16:27:05 +0100] "GET /keybase.txt HTTP/1.1" 200 2659 "-" "keybase-proofs/2.3.24"
8.29.198.25 - - [03/Dec/2022:16:34:00 +0100] "GET /pmwiki.php/Site/AllRecentChanges?action=rss HTTP/1.1" 200 2548 "-" "Feedly/1.0 (+http://www.feedly.com/fetcher.html; 5 subscribers; like FeedFetcher-Google)"
89.246.241.14 - - [03/Dec/2022:16:36:26 +0100] "GET /Ausschreibung/SAI HTTP/1.1" 200 10366 "-" "Mozilla/5.0 (Windows NT 10.0; Win64; x64; rv:101.0) Gecko/20100101 Firefox/101.0"
89.246.241.14 - - [03/Dec/2022:16:36:58 +0100] "GET /Software/SoftwareRaid HTTP/1.1" 200 12104 "-" "Mozilla/5.0 (Windows NT 10.0; Win64; x64; rv:101.0) Gecko/20100101 Firefox/101.0"
89.246.241.14 - - [03/Dec/2022:16:38:00 +0100] "GET /pmwiki.php?n=Software.WikiS HTTP/1.1" 200 10036 "-" "Mozilla/5.0 (Windows NT 10.0; Win64; x64; rv:101.0) Gecko/20100101 Firefox/101.0"
64.71.157.117 - - [03/Dec/2022:16:41:41 +0100] "GET /pmwiki.php/Site/AllRecentChanges?action=rss HTTP/1.1" 200 2548 "-" "Feedbin feed-id:590358 - 1 subscribers"
198.235.24.42 - - [03/Dec/2022:16:43:21 +0100] "GET / HTTP/1.1" 200 14168 "-" "Expanse, a Palo Alto Networks company, searches across the global IPv4 space multiple times per day to identify customers&#39; presences on the Internet. If you would like to be excluded from our scans, please send IP addresses/domains to: scaninfo@paloaltonetworks.com"
64.124.8.49 - - [03/Dec/2022:16:48:59 +0100] "GET /robots.txt HTTP/1.1" 200 - "-" "Mozilla/5.0 (X11; Linux x86_64) AppleWebKit/537.36 (KHTML, like Gecko) Chrome/61.0.3163.79 Safari/537.36"
64.124.8.49 - - [03/Dec/2022:16:49:00 +0100] "GET /Main/Elexis HTTP/1.1" 200 10922 "-" "Mozilla/5.0 (X11; Linux x86_64) AppleWebKit/537.36 (KHTML, like Gecko) Chrome/61.0.3163.79 Safari/537.36"
64.124.8.49 - - [03/Dec/2022:16:55:09 +0100] "GET /Scan2Post/Privacy HTTP/1.1" 200 8469 "-" "Mozilla/5.0 (X11; Linux x86_64) AppleWebKit/537.36 (KHTML, like Gecko) Chrome/61.0.3163.79 Safari/537.36"
89.246.241.14 - - [03/Dec/2022:16:55:16 +0100] "GET /Main/2021 HTTP/1.1" 200 16484 "-" "Mozilla/5.0 (Windows NT 10.0; Win64; x64; rv:101.0) Gecko/20100101 Firefox/101.0"
89.246.241.14 - - [03/Dec/2022:16:55:32 +0100] "GET /Main/2020 HTTP/1.1" 200 15398 "-" "Mozilla/5.0 (Windows NT 10.0; Win64; x64; rv:101.0) Gecko/20100101 Firefox/101.0"
89.246.241.14 - - [03/Dec/2022:16:55:44 +0100] "GET /uploads/Main/Multizentrische_Beobachtungsstudie_zur_Bestimmung_der_Verbreitung_des_Coronavirus_und_Entwicklung_der_Immunitt_in_der_Schweiz.pdf HTTP/1.1" 200 515176 "-" "Mozilla/5.0 (Windows NT 10.0; Win64; x64; rv:101.0) Gecko/20100101 Firefox/101.0"
64.124.8.49 - - [03/Dec/2022:16:58:46 +0100] "GET /Main/DocumedGalenicaVsYwesee HTTP/1.1" 200 35251 "-" "Mozilla/5.0 (X11; Linux x86_64) AppleWebKit/537.36 (KHTML, like Gecko) Chrome/61.0.3163.79 Safari/537.36"
89.246.241.14 - - [03/Dec/2022:16:58:50 +0100] "GET /Main/Home HTTP/1.1" 200 14168 "-" "Mozilla/5.0 (Windows NT 10.0; Win64; x64; rv:101.0) Gecko/20100101 Firefox/101.0"
89.246.241.14 - - [03/Dec/2022:17:01:07 +0100] "GET /Main/2019 HTTP/1.1" 200 15246 "-" "Mozilla/5.0 (Windows NT 10.0; Win64; x64; rv:101.0) Gecko/20100101 Firefox/101.0"
89.246.241.14 - - [03/Dec/2022:17:01:22 +0100] "GET /Main/2018 HTTP/1.1" 200 15425 "-" "Mozilla/5.0 (Windows NT 10.0; Win64; x64; rv:101.0) Gecko/20100101 Firefox/101.0"
89.246.241.14 - - [03/Dec/2022:17:01:34 +0100] "GET /uploads/Main/Career_amp_Networking_Days_2018.pdf HTTP/1.1" 200 5346417 "-" "Mozilla/5.0 (Windows NT 10.0; Win64; x64; rv:101.0) Gecko/20100101 Firefox/101.0"
89.246.241.14 - - [03/Dec/2022:17:01:40 +0100] "GET /Main/2017 HTTP/1.1" 200 15840 "-" "Mozilla/5.0 (Windows NT 10.0; Win64; x64; rv:101.0) Gecko/20100101 Firefox/101.0"
89.246.241.14 - - [03/Dec/2022:17:01:52 +0100] "GET /Main/2016 HTTP/1.1" 200 13689 "-" "Mozilla/5.0 (Windows NT 10.0; Win64; x64; rv:101.0) Gecko/20100101 Firefox/101.0"
89.246.241.14 - - [03/Dec/2022:17:02:07 +0100] "GET /Main/2015 HTTP/1.1" 200 15908 "-" "Mozilla/5.0 (Windows NT 10.0; Win64; x64; rv:101.0) Gecko/20100101 Firefox/101.0"
194.209.200.2 - - [03/Dec/2022:17:02:15 +0100] "GET /robots.txt HTTP/1.1" 200 - "-" "Mozilla/5.0 (compatible; TMMBot/0.2; +http://www.dslab.ch)/Nutch-1.15"
194.209.200.2 - - [03/Dec/2022:17:02:15 +0100] "GET /Miele/MieleLXIV HTTP/1.1" 200 15367 "-" "Mozilla/5.0 (compatible; TMMBot/0.2; +http://www.dslab.ch)/Nutch-1.15"
89.246.241.14 - - [03/Dec/2022:17:02:23 +0100] "GET /Main/2014 HTTP/1.1" 200 19471 "-" "Mozilla/5.0 (Windows NT 10.0; Win64; x64; rv:101.0) Gecko/20100101 Firefox/101.0"
89.246.241.14 - - [03/Dec/2022:17:02:38 +0100] "GET /Main/2013 HTTP/1.1" 200 20487 "-" "Mozilla/5.0 (Windows NT 10.0; Win64; x64; rv:101.0) Gecko/20100101 Firefox/101.0"
89.246.241.14 - - [03/Dec/2022:17:02:53 +0100] "GET /Main/2012 HTTP/1.1" 200 31941 "-" "Mozilla/5.0 (Windows NT 10.0; Win64; x64; rv:101.0) Gecko/20100101 Firefox/101.0"
89.246.241.14 - - [03/Dec/2022:17:03:08 +0100] "GET /Main/2011 HTTP/1.1" 200 21451 "-" "Mozilla/5.0 (Windows NT 10.0; Win64; x64; rv:101.0) Gecko/20100101 Firefox/101.0"
89.246.241.14 - - [03/Dec/2022:17:03:23 +0100] "GET /Main/2010 HTTP/1.1" 200 27997 "-" "Mozilla/5.0 (Windows NT 10.0; Win64; x64; rv:101.0) Gecko/20100101 Firefox/101.0"
194.209.200.2 - - [03/Dec/2022:17:03:48 +0100] "GET /ODDB/StammdatenCH HTTP/1.1" 200 9300 "-" "Mozilla/5.0 (compatible; TMMBot/0.2; +http://www.dslab.ch)/Nutch-1.15"
8.29.198.25 - - [03/Dec/2022:17:04:17 +0100] "GET /pmwiki.php/Site/AllRecentChanges?action=rss HTTP/1.1" 200 2548 "-" "Feedly/1.0 (+http://www.feedly.com/fetcher.html; 5 subscribers; like FeedFetcher-Google)"
194.209.200.2 - - [03/Dec/2022:17:04:34 +0100] "GET /Main/2015 HTTP/1.1" 200 15908 "-" "Mozilla/5.0 (compatible; TMMBot/0.2; +http://www.dslab.ch)/Nutch-1.15"
194.209.200.2 - - [03/Dec/2022:17:05:07 +0100] "GET /Software/Spreadsheet HTTP/1.1" 200 8839 "-" "Mozilla/5.0 (compatible; TMMBot/0.2; +http://www.dslab.ch)/Nutch-1.15"
194.209.200.2 - - [03/Dec/2022:17:05:12 +0100] "GET /Main/2020 HTTP/1.1" 200 15398 "-" "Mozilla/5.0 (compatible; TMMBot/0.2; +http://www.dslab.ch)/Nutch-1.15"
89.246.241.14 - - [03/Dec/2022:17:05:24 +0100] "GET /Eggze/SpreadIt HTTP/1.1" 200 12537 "-" "Mozilla/5.0 (Windows NT 10.0; Win64; x64; rv:101.0) Gecko/20100101 Firefox/101.0"
194.209.200.2 - - [03/Dec/2022:17:06:07 +0100] "GET /robots.txt HTTP/1.1" 200 - "-" "Mozilla/5.0 (compatible; TMMBot/0.2; +http://www.dslab.ch)/Nutch-1.15"
89.246.241.14 - - [03/Dec/2022:17:07:09 +0100] "GET /AmiKo/Android HTTP/1.1" 200 10427 "-" "Mozilla/5.0 (Windows NT 10.0; Win64; x64; rv:101.0) Gecko/20100101 Firefox/101.0"
64.124.8.49 - - [03/Dec/2022:17:07:19 +0100] "GET /AmiKo/Desktop HTTP/1.1" 200 8397 "-" "Mozilla/5.0 (X11; Linux x86_64) AppleWebKit/537.36 (KHTML, like Gecko) Chrome/61.0.3163.79 Safari/537.36"
185.39.114.105 - - [03/Dec/2022:17:07:46 +0100] "GET / HTTP/1.1" 200 14168 "-" "Mozilla/5.0 (Windows NT 10.0; Win64; x64) AppleWebKit/537.36 (KHTML, like Gecko) Chrome/85.0.4183.121 Safari/537.36"
194.209.200.2 - - [03/Dec/2022:17:08:02 +0100] "GET /Main/2009 HTTP/1.1" 200 21688 "-" "Mozilla/5.0 (compatible; TMMBot/0.2; +http://www.dslab.ch)/Nutch-1.15"
194.209.200.2 - - [03/Dec/2022:17:08:43 +0100] "GET /Main/2012 HTTP/1.1" 200 31941 "-" "Mozilla/5.0 (compatible; TMMBot/0.2; +http://www.dslab.ch)/Nutch-1.15"
89.246.241.14 - - [03/Dec/2022:17:08:55 +0100] "GET /Main/2009 HTTP/1.1" 200 21688 "-" "Mozilla/5.0 (Windows NT 10.0; Win64; x64; rv:101.0) Gecko/20100101 Firefox/101.0"
194.209.200.2 - - [03/Dec/2022:17:09:10 +0100] "GET /Ywesee/About HTTP/1.1" 200 9132 "-" "Mozilla/5.0 (compatible; TMMBot/0.2; +http://www.dslab.ch)/Nutch-1.15"
89.246.241.14 - - [03/Dec/2022:17:09:10 +0100] "GET /Main/2008 HTTP/1.1" 200 34740 "-" "Mozilla/5.0 (Windows NT 10.0; Win64; x64; rv:101.0) Gecko/20100101 Firefox/101.0"
89.246.241.14 - - [03/Dec/2022:17:09:22 +0100] "GET /uploads/Main/Medikamentenpreise_und_Medikamentenmarkt_in_der_Schweiz.pdf HTTP/1.1" 200 1455000 "-" "Mozilla/5.0 (Windows NT 10.0; Win64; x64; rv:101.0) Gecko/20100101 Firefox/101.0"
89.246.241.14 - - [03/Dec/2022:17:09:28 +0100] "GET /Main/2007 HTTP/1.1" 200 50639 "-" "Mozilla/5.0 (Windows NT 10.0; Win64; x64; rv:101.0) Gecko/20100101 Firefox/101.0"
89.246.241.14 - - [03/Dec/2022:17:09:40 +0100] "GET /Main/2006 HTTP/1.1" 200 39320 "-" "Mozilla/5.0 (Windows NT 10.0; Win64; x64; rv:101.0) Gecko/20100101 Firefox/101.0"
89.246.241.14 - - [03/Dec/2022:17:09:45 +0100] "GET /uploads/Main/Excel_100_vergleichbare_Medikamente_Schweiz_Deutschland.xls HTTP/1.1" 200 137216 "-" "Mozilla/5.0 (Windows NT 10.0; Win64; x64; rv:101.0) Gecko/20100101 Firefox/101.0"
89.246.241.14 - - [03/Dec/2022:17:09:55 +0100] "GET /Main/2005 HTTP/1.1" 200 63344 "-" "Mozilla/5.0 (Windows NT 10.0; Win64; x64; rv:101.0) Gecko/20100101 Firefox/101.0"
89.246.241.14 - - [03/Dec/2022:17:10:06 +0100] "GET /uploads/Main/Facharbeit_Raphael_Waltert.pdf HTTP/1.1" 200 1004701 "-" "Mozilla/5.0 (Windows NT 10.0; Win64; x64; rv:101.0) Gecko/20100101 Firefox/101.0"
89.246.241.14 - - [03/Dec/2022:17:10:12 +0100] "GET /Main/2004 HTTP/1.1" 200 14080 "-" "Mozilla/5.0 (Windows NT 10.0; Win64; x64; rv:101.0) Gecko/20100101 Firefox/101.0"
89.246.241.14 - - [03/Dec/2022:17:10:18 +0100] "GET /uploads/Main/Facharbeit_Mike_Walder.pdf HTTP/1.1" 200 989761 "-" "Mozilla/5.0 (Windows NT 10.0; Win64; x64; rv:101.0) Gecko/20100101 Firefox/101.0"
123.125.109.125 - - [03/Dec/2022:17:10:30 +0100] "GET / HTTP/1.1" 200 14168 "-" "Sogou web spider/4.0(+http://www.sogou.com/docs/help/webmasters.htm#07)"
64.124.8.49 - - [03/Dec/2022:17:11:21 +0100] "GET /Ywesee/InfoCodexVorgehen HTTP/1.1" 200 12716 "-" "Mozilla/5.0 (X11; Linux x86_64) AppleWebKit/537.36 (KHTML, like Gecko) Chrome/61.0.3163.79 Safari/537.36"
89.246.241.14 - - [03/Dec/2022:17:12:25 +0100] "GET /AmiKo/SAPP HTTP/1.1" 200 12947 "-" "Mozilla/5.0 (Windows NT 10.0; Win64; x64; rv:101.0) Gecko/20100101 Firefox/101.0"
64.124.8.49 - - [03/Dec/2022:17:13:44 +0100] "GET /Android/CoMed HTTP/1.1" 200 9395 "-" "Mozilla/5.0 (X11; Linux x86_64) AppleWebKit/537.36 (KHTML, like Gecko) Chrome/61.0.3163.79 Safari/537.36"
64.124.8.49 - - [03/Dec/2022:17:15:17 +0100] "GET /AmiKo/Web HTTP/1.1" 200 9588 "-" "Mozilla/5.0 (X11; Linux x86_64) AppleWebKit/537.36 (KHTML, like Gecko) Chrome/61.0.3163.79 Safari/537.36"
66.249.83.23 - - [03/Dec/2022:17:15:24 +0100] "HEAD /pmwiki.php/Site/AllRecentChanges?action=rss HTTP/1.1" 200 - "-" "FeedBurner/1.0 (http://www.FeedBurner.com)"
66.249.83.27 - - [03/Dec/2022:17:15:25 +0100] "GET /pmwiki.php/Site/AllRecentChanges?action=rss HTTP/1.1" 200 2548 "-" "FeedBurner/1.0 (http://www.FeedBurner.com)"
89.246.241.14 - - [03/Dec/2022:17:17:08 +0100] "GET /AmiKo/Windows HTTP/1.1" 200 10332 "-" "Mozilla/5.0 (Windows NT 10.0; Win64; x64; rv:101.0) Gecko/20100101 Firefox/101.0"
17.121.112.129 - - [03/Dec/2022:17:17:21 +0100] "GET /uploads/Main/SAEZ_35_Jahre_Arzneimittel-Kompendium_et_quo_vadis.pdf HTTP/1.1" 200 60853 "-" "Mozilla/5.0 (Macintosh; Intel Mac OS X 10_15_5) AppleWebKit/605.1.15 (KHTML, like Gecko) Version/13.1.1 Safari/605.1.15 (Applebot/0.1; +http://www.apple.com/go/applebot)"
64.71.157.115 - - [03/Dec/2022:17:19:02 +0100] "GET /pmwiki.php/Site/AllRecentChanges?action=rss HTTP/1.1" 200 2548 "-" "Feedbin feed-id:590358 - 1 subscribers"
64.124.8.49 - - [03/Dec/2022:17:19:16 +0100] "GET /Main/2015 HTTP/1.1" 200 15908 "-" "Mozilla/5.0 (X11; Linux x86_64) AppleWebKit/537.36 (KHTML, like Gecko) Chrome/61.0.3163.79 Safari/537.36"
64.124.8.49 - - [03/Dec/2022:17:20:17 +0100] "GET /ODDB/BVGER HTTP/1.1" 200 9371 "-" "Mozilla/5.0 (X11; Linux x86_64) AppleWebKit/537.36 (KHTML, like Gecko) Chrome/61.0.3163.79 Safari/537.36"
40.88.21.235 - - [03/Dec/2022:17:22:49 +0100] "GET / HTTP/1.1" 200 14168 "https://ywesee.com/" "Mozilla/5.0 (compatible; DuckDuckGo-Favicons-Bot/1.0; +http://duckduckgo.com)"
40.88.21.235 - - [03/Dec/2022:17:22:49 +0100] "GET /favicon.ico HTTP/1.1" 200 1406 "https://ywesee.com/favicon.ico" "Mozilla/5.0 (compatible; DuckDuckGo-Favicons-Bot/1.0; +http://duckduckgo.com)"
74.125.151.49 - - [03/Dec/2022:17:24:14 +0100] "GET /AmiKo/Privacy HTTP/1.1" 200 8621 "-" "PlayStore-Google"
89.246.241.14 - - [03/Dec/2022:17:25:16 +0100] "GET /Ywesee/Kontakt HTTP/1.1" 200 8973 "-" "Mozilla/5.0 (Windows NT 10.0; Win64; x64; rv:101.0) Gecko/20100101 Firefox/101.0"
87.250.224.44 - - [03/Dec/2022:17:26:15 +0100] "GET /robots.txt HTTP/1.1" 200 - "-" "Mozilla/5.0 (compatible; YandexBot/3.0; +http://yandex.com/bots)"
89.246.241.14 - - [03/Dec/2022:17:26:58 +0100] "GET /Main/MiGel HTTP/1.1" 200 16437 "-" "Mozilla/5.0 (Windows NT 10.0; Win64; x64; rv:101.0) Gecko/20100101 Firefox/101.0"
5.255.253.139 - - [03/Dec/2022:17:27:48 +0100] "GET /robots.txt HTTP/1.1" 200 - "-" "Mozilla/5.0 (compatible; YandexBot/3.0; +http://yandex.com/bots)"
5.255.253.139 - - [03/Dec/2022:17:27:52 +0100] "GET / HTTP/1.1" 200 14168 "-" "Mozilla/5.0 (compatible; YandexBot/3.0; +http://yandex.com/bots)"
