194.209.200.2 - - [08/Jun/2022:00:07:12 +0200] "GET /robots.txt HTTP/1.1" 200 - "-" "Mozilla/5.0 (compatible; TMMBot/0.2; +http://www.dslab.ch)/Nutch-1.15"
194.209.200.2 - - [08/Jun/2022:00:07:12 +0200] "GET /Oddb2xml/Index HTTP/1.1" 200 8983 "-" "Mozilla/5.0 (compatible; TMMBot/0.2; +http://www.dslab.ch)/Nutch-1.15"
194.209.200.2 - - [08/Jun/2022:00:07:39 +0200] "GET /Miele/MieleLXIV HTTP/1.1" 200 15367 "-" "Mozilla/5.0 (compatible; TMMBot/0.2; +http://www.dslab.ch)/Nutch-1.15"
194.209.200.2 - - [08/Jun/2022:00:08:06 +0200] "GET /Software/YDIM HTTP/1.1" 200 8834 "-" "Mozilla/5.0 (compatible; TMMBot/0.2; +http://www.dslab.ch)/Nutch-1.15"
194.209.200.2 - - [08/Jun/2022:00:09:21 +0200] "GET /ODDB/StammdatenCH HTTP/1.1" 200 9300 "-" "Mozilla/5.0 (compatible; TMMBot/0.2; +http://www.dslab.ch)/Nutch-1.15"
194.209.200.2 - - [08/Jun/2022:00:09:46 +0200] "GET /Main/2006 HTTP/1.1" 200 39320 "-" "Mozilla/5.0 (compatible; TMMBot/0.2; +http://www.dslab.ch)/Nutch-1.15"
194.209.200.2 - - [08/Jun/2022:00:10:19 +0200] "GET /Main/2013 HTTP/1.1" 200 20487 "-" "Mozilla/5.0 (compatible; TMMBot/0.2; +http://www.dslab.ch)/Nutch-1.15"
194.209.200.2 - - [08/Jun/2022:00:10:31 +0200] "GET /AmiKo/IOS HTTP/1.1" 200 11930 "-" "Mozilla/5.0 (compatible; TMMBot/0.2; +http://www.dslab.ch)/Nutch-1.15"
194.209.200.2 - - [08/Jun/2022:00:10:53 +0200] "GET /Software/Spreadsheet HTTP/1.1" 200 8839 "-" "Mozilla/5.0 (compatible; TMMBot/0.2; +http://www.dslab.ch)/Nutch-1.15"
194.209.200.2 - - [08/Jun/2022:00:13:30 +0200] "GET /Generikacc/App HTTP/1.1" 200 11862 "-" "Mozilla/5.0 (compatible; TMMBot/0.2; +http://www.dslab.ch)/Nutch-1.15"
194.209.200.2 - - [08/Jun/2022:00:13:43 +0200] "GET /Software/ODDB HTTP/1.1" 200 10298 "-" "Mozilla/5.0 (compatible; TMMBot/0.2; +http://www.dslab.ch)/Nutch-1.15"
194.209.200.2 - - [08/Jun/2022:00:14:38 +0200] "GET /Ausschreibung/SAI HTTP/1.1" 200 10366 "-" "Mozilla/5.0 (compatible; TMMBot/0.2; +http://www.dslab.ch)/Nutch-1.15"
18.236.70.42 - - [08/Jun/2022:00:14:45 +0200] "GET / HTTP/1.1" 200 11562 "-" "Mozilla/5.0 (X11; Linux x86_64) AppleWebKit/537.36 (KHTML, like Gecko) Chrome/83.0.4103.97 Safari/537.36"
34.208.195.106 - - [08/Jun/2022:00:15:45 +0200] "GET / HTTP/1.1" 200 11562 "-" "Mozilla/5.0 (X11; Linux x86_64) AppleWebKit/537.36 (KHTML, like Gecko) Chrome/83.0.4103.97 Safari/537.36"
194.209.200.2 - - [08/Jun/2022:00:15:54 +0200] "GET /Main/2009 HTTP/1.1" 200 21688 "-" "Mozilla/5.0 (compatible; TMMBot/0.2; +http://www.dslab.ch)/Nutch-1.15"
54.36.148.50 - - [08/Jun/2022:00:16:24 +0200] "GET / HTTP/1.1" 200 11562 "-" "Mozilla/5.0 (compatible; AhrefsBot/7.0; +http://ahrefs.com/robot/)"
168.119.65.61 - - [08/Jun/2022:00:16:24 +0200] "GET /pub/skins/ywesee/gila.css HTTP/1.1" 200 8276 "-" "Mozilla/5.0 (compatible; AhrefsBot/7.0; +http://ahrefs.com/robot/)"
194.209.200.2 - - [08/Jun/2022:00:16:50 +0200] "GET /Main/2016 HTTP/1.1" 200 13689 "-" "Mozilla/5.0 (compatible; TMMBot/0.2; +http://www.dslab.ch)/Nutch-1.15"
194.209.200.2 - - [08/Jun/2022:00:17:06 +0200] "GET /Main/2014 HTTP/1.1" 200 19471 "-" "Mozilla/5.0 (compatible; TMMBot/0.2; +http://www.dslab.ch)/Nutch-1.15"
194.209.200.2 - - [08/Jun/2022:00:17:37 +0200] "GET /ODDB/IntegrationLookAmpFeelGenerikasuche HTTP/1.1" 200 9097 "-" "Mozilla/5.0 (compatible; TMMBot/0.2; +http://www.dslab.ch)/Nutch-1.15"
194.209.200.2 - - [08/Jun/2022:00:17:54 +0200] "GET /Main/ComCo19122016 HTTP/1.1" 200 10547 "-" "Mozilla/5.0 (compatible; TMMBot/0.2; +http://www.dslab.ch)/Nutch-1.15"
34.212.87.180 - - [08/Jun/2022:00:25:26 +0200] "GET / HTTP/1.1" 200 11562 "-" "Mozilla/5.0 (X11; Linux x86_64) AppleWebKit/537.36 (KHTML, like Gecko) Chrome/83.0.4103.97 Safari/537.36"
54.186.77.151 - - [08/Jun/2022:00:26:18 +0200] "GET / HTTP/1.1" 200 11562 "http://ywesee.net" "Mozilla/5.0 (X11; Linux x86_64) AppleWebKit/537.36 (KHTML, like Gecko) Chrome/83.0.4103.97 Safari/537.36"
17.121.112.240 - - [08/Jun/2022:00:26:51 +0200] "GET /Ywesee/SpezialisierteKrankenkasse HTTP/1.1" 200 14829 "-" "Mozilla/5.0 (Macintosh; Intel Mac OS X 10_15_5) AppleWebKit/605.1.15 (KHTML, like Gecko) Version/13.1.1 Safari/605.1.15 (Applebot/0.1; +http://www.apple.com/go/applebot)"
185.191.171.18 - - [08/Jun/2022:00:42:53 +0200] "GET /robots.txt HTTP/1.1" 200 - "-" "Mozilla/5.0 (compatible; SemrushBot/7~bl; +http://www.semrush.com/bot.html)"
185.191.171.40 - - [08/Jun/2022:00:42:53 +0200] "GET /Main/Parsen?action=print HTTP/1.1" 403 18 "-" "Mozilla/5.0 (compatible; SemrushBot/7~bl; +http://www.semrush.com/bot.html)"
114.119.152.196 - - [08/Jun/2022:00:43:52 +0200] "GET /robots.txt HTTP/1.1" 200 - "-" "Mozilla/5.0 (compatible;PetalBot;+https://webmaster.petalsearch.com/site/petalbot)"
194.209.200.2 - - [08/Jun/2022:00:44:31 +0200] "GET /robots.txt HTTP/1.1" 200 - "-" "Mozilla/5.0 (compatible; TMMBot/0.2; +http://www.dslab.ch)/Nutch-1.15"
194.209.200.2 - - [08/Jun/2022:00:44:31 +0200] "GET /Oddb2xml/Index HTTP/1.1" 200 8983 "-" "Mozilla/5.0 (compatible; TMMBot/0.2; +http://www.dslab.ch)/Nutch-1.15"
194.209.200.2 - - [08/Jun/2022:00:45:12 +0200] "GET /AmiKo/Linux HTTP/1.1" 200 9217 "-" "Mozilla/5.0 (compatible; TMMBot/0.2; +http://www.dslab.ch)/Nutch-1.15"
194.209.200.2 - - [08/Jun/2022:00:46:21 +0200] "GET /Software/YDIM HTTP/1.1" 200 8834 "-" "Mozilla/5.0 (compatible; TMMBot/0.2; +http://www.dslab.ch)/Nutch-1.15"
194.209.200.2 - - [08/Jun/2022:00:49:02 +0200] "GET /ODDB/StammdatenCH HTTP/1.1" 200 9300 "-" "Mozilla/5.0 (compatible; TMMBot/0.2; +http://www.dslab.ch)/Nutch-1.15"
194.209.200.2 - - [08/Jun/2022:00:49:55 +0200] "GET /Main/2006 HTTP/1.1" 200 39320 "-" "Mozilla/5.0 (compatible; TMMBot/0.2; +http://www.dslab.ch)/Nutch-1.15"
194.209.200.2 - - [08/Jun/2022:00:51:02 +0200] "GET /Main/2013 HTTP/1.1" 200 20487 "-" "Mozilla/5.0 (compatible; TMMBot/0.2; +http://www.dslab.ch)/Nutch-1.15"
194.209.200.2 - - [08/Jun/2022:00:51:25 +0200] "GET /AmiKo/IOS HTTP/1.1" 200 11930 "-" "Mozilla/5.0 (compatible; TMMBot/0.2; +http://www.dslab.ch)/Nutch-1.15"
194.209.200.2 - - [08/Jun/2022:00:51:39 +0200] "GET /Ywesee/Kontakt HTTP/1.1" 200 8973 "-" "Mozilla/5.0 (compatible; TMMBot/0.2; +http://www.dslab.ch)/Nutch-1.15"
194.209.200.2 - - [08/Jun/2022:00:55:17 +0200] "GET /Software/ODDB HTTP/1.1" 200 10298 "-" "Mozilla/5.0 (compatible; TMMBot/0.2; +http://www.dslab.ch)/Nutch-1.15"
194.209.200.2 - - [08/Jun/2022:00:56:03 +0200] "GET /Ausschreibung/SAI HTTP/1.1" 200 10366 "-" "Mozilla/5.0 (compatible; TMMBot/0.2; +http://www.dslab.ch)/Nutch-1.15"
194.209.200.2 - - [08/Jun/2022:00:57:20 +0200] "GET /Main/2009 HTTP/1.1" 200 21688 "-" "Mozilla/5.0 (compatible; TMMBot/0.2; +http://www.dslab.ch)/Nutch-1.15"
194.209.200.2 - - [08/Jun/2022:00:58:12 +0200] "GET /Main/2016 HTTP/1.1" 200 13689 "-" "Mozilla/5.0 (compatible; TMMBot/0.2; +http://www.dslab.ch)/Nutch-1.15"
194.209.200.2 - - [08/Jun/2022:00:58:23 +0200] "GET /Main/2014 HTTP/1.1" 200 19471 "-" "Mozilla/5.0 (compatible; TMMBot/0.2; +http://www.dslab.ch)/Nutch-1.15"
194.209.200.2 - - [08/Jun/2022:00:58:48 +0200] "GET /Main/2010 HTTP/1.1" 200 27997 "-" "Mozilla/5.0 (compatible; TMMBot/0.2; +http://www.dslab.ch)/Nutch-1.15"
194.209.200.2 - - [08/Jun/2022:00:59:02 +0200] "GET /Main/ComCo19122016 HTTP/1.1" 200 10547 "-" "Mozilla/5.0 (compatible; TMMBot/0.2; +http://www.dslab.ch)/Nutch-1.15"
194.209.200.2 - - [08/Jun/2022:00:59:05 +0200] "GET /Eggze/SpreadIt HTTP/1.1" 200 12537 "-" "Mozilla/5.0 (compatible; TMMBot/0.2; +http://www.dslab.ch)/Nutch-1.15"
194.209.200.2 - - [08/Jun/2022:01:25:32 +0200] "GET /robots.txt HTTP/1.1" 200 - "-" "Mozilla/5.0 (compatible; TMMBot/0.2; +http://www.dslab.ch)/Nutch-1.15"
194.209.200.2 - - [08/Jun/2022:01:25:32 +0200] "GET /Oddb2xml/Index HTTP/1.1" 200 8983 "-" "Mozilla/5.0 (compatible; TMMBot/0.2; +http://www.dslab.ch)/Nutch-1.15"
194.209.200.2 - - [08/Jun/2022:01:25:53 +0200] "GET /AmiKo/Linux HTTP/1.1" 200 9217 "-" "Mozilla/5.0 (compatible; TMMBot/0.2; +http://www.dslab.ch)/Nutch-1.15"
194.209.200.2 - - [08/Jun/2022:01:26:26 +0200] "GET /Software/YDIM HTTP/1.1" 200 8834 "-" "Mozilla/5.0 (compatible; TMMBot/0.2; +http://www.dslab.ch)/Nutch-1.15"
194.209.200.2 - - [08/Jun/2022:01:27:46 +0200] "GET /ODDB/StammdatenCH HTTP/1.1" 200 9300 "-" "Mozilla/5.0 (compatible; TMMBot/0.2; +http://www.dslab.ch)/Nutch-1.15"
194.209.200.2 - - [08/Jun/2022:01:28:48 +0200] "GET /Main/2013 HTTP/1.1" 200 20487 "-" "Mozilla/5.0 (compatible; TMMBot/0.2; +http://www.dslab.ch)/Nutch-1.15"
194.209.200.2 - - [08/Jun/2022:01:28:59 +0200] "GET /AmiKo/IOS HTTP/1.1" 200 11930 "-" "Mozilla/5.0 (compatible; TMMBot/0.2; +http://www.dslab.ch)/Nutch-1.15"
194.209.200.2 - - [08/Jun/2022:01:29:05 +0200] "GET /Ywesee/Kontakt HTTP/1.1" 200 8973 "-" "Mozilla/5.0 (compatible; TMMBot/0.2; +http://www.dslab.ch)/Nutch-1.15"
194.209.200.2 - - [08/Jun/2022:01:31:17 +0200] "GET /Software/ODDB HTTP/1.1" 200 10298 "-" "Mozilla/5.0 (compatible; TMMBot/0.2; +http://www.dslab.ch)/Nutch-1.15"
194.209.200.2 - - [08/Jun/2022:01:31:50 +0200] "GET /Ausschreibung/SAI HTTP/1.1" 200 10366 "-" "Mozilla/5.0 (compatible; TMMBot/0.2; +http://www.dslab.ch)/Nutch-1.15"
194.209.200.2 - - [08/Jun/2022:01:32:34 +0200] "GET /Main/2009 HTTP/1.1" 200 21688 "-" "Mozilla/5.0 (compatible; TMMBot/0.2; +http://www.dslab.ch)/Nutch-1.15"
194.209.200.2 - - [08/Jun/2022:01:33:02 +0200] "GET /Main/2016 HTTP/1.1" 200 13689 "-" "Mozilla/5.0 (compatible; TMMBot/0.2; +http://www.dslab.ch)/Nutch-1.15"
194.209.200.2 - - [08/Jun/2022:01:33:11 +0200] "GET /Main/2014 HTTP/1.1" 200 19471 "-" "Mozilla/5.0 (compatible; TMMBot/0.2; +http://www.dslab.ch)/Nutch-1.15"
194.209.200.2 - - [08/Jun/2022:01:33:26 +0200] "GET /Main/2010 HTTP/1.1" 200 27997 "-" "Mozilla/5.0 (compatible; TMMBot/0.2; +http://www.dslab.ch)/Nutch-1.15"
194.209.200.2 - - [08/Jun/2022:01:33:36 +0200] "GET /Main/ComCo19122016 HTTP/1.1" 200 10547 "-" "Mozilla/5.0 (compatible; TMMBot/0.2; +http://www.dslab.ch)/Nutch-1.15"
194.209.200.2 - - [08/Jun/2022:01:33:37 +0200] "GET /Eggze/SpreadIt HTTP/1.1" 200 12537 "-" "Mozilla/5.0 (compatible; TMMBot/0.2; +http://www.dslab.ch)/Nutch-1.15"
17.121.115.158 - - [08/Jun/2022:01:42:34 +0200] "GET /Main/WekoBlog HTTP/1.1" 200 22209 "-" "Mozilla/5.0 (Macintosh; Intel Mac OS X 10_15_5) AppleWebKit/605.1.15 (KHTML, like Gecko) Version/13.1.1 Safari/605.1.15 (Applebot/0.1; +http://www.apple.com/go/applebot)"
185.191.171.15 - - [08/Jun/2022:01:44:11 +0200] "GET /robots.txt HTTP/1.1" 200 - "-" "Mozilla/5.0 (compatible; SemrushBot/7~bl; +http://www.semrush.com/bot.html)"
185.191.171.21 - - [08/Jun/2022:01:44:11 +0200] "GET /Software/BBMB?action=diff HTTP/1.1" 403 18 "-" "Mozilla/5.0 (compatible; SemrushBot/7~bl; +http://www.semrush.com/bot.html)"
62.210.215.119 - - [08/Jun/2022:01:44:24 +0200] "GET /Site/AllRecentChanges?action=rss HTTP/1.1" 200 2546 "-" "Mozilla/5.0 (X11; Linux i686) AppleWebKit/537.36 (KHTML, like Gecko) Chrome/30.0.1599.66 Safari/537.36"
207.46.13.182 - - [08/Jun/2022:01:44:42 +0200] "GET /uploads/AmiKo/patient_hinzufuegen.jpg HTTP/1.1" 200 274703 "-" "Mozilla/5.0 (compatible; bingbot/2.0; +http://www.bing.com/bingbot.htm)"
207.46.13.182 - - [08/Jun/2022:01:44:44 +0200] "GET /uploads/AmiKo/tagesaktuell_weiss.png HTTP/1.1" 200 47085 "-" "Mozilla/5.0 (compatible; bingbot/2.0; +http://www.bing.com/bingbot.htm)"
40.77.167.52 - - [08/Jun/2022:01:44:44 +0200] "GET /uploads/AmiKo/AmiKo_CoMed_Flyer.png HTTP/1.1" 200 130105 "-" "Mozilla/5.0 (compatible; bingbot/2.0; +http://www.bing.com/bingbot.htm)"
40.77.167.52 - - [08/Jun/2022:01:44:47 +0200] "GET /uploads/AmiKo/Rezept_per_Email_senden.png HTTP/1.1" 200 344301 "-" "Mozilla/5.0 (compatible; bingbot/2.0; +http://www.bing.com/bingbot.htm)"
207.46.13.39 - - [08/Jun/2022:01:44:45 +0200] "GET /uploads/AmiKo/Rezept_in_Rezeptmodus_reinziehen.png HTTP/1.1" 200 737727 "-" "Mozilla/5.0 (compatible; bingbot/2.0; +http://www.bing.com/bingbot.htm)"
40.77.167.35 - - [08/Jun/2022:01:44:47 +0200] "GET /uploads/AmiKo/Rezept_per_Drag_And_Drop_auf_Desktop_ziehen.png HTTP/1.1" 200 434377 "-" "Mozilla/5.0 (compatible; bingbot/2.0; +http://www.bing.com/bingbot.htm)"
207.46.13.39 - - [08/Jun/2022:01:44:48 +0200] "GET /uploads/Main/Inderal.jpg HTTP/1.1" 200 83418 "-" "Mozilla/5.0 (compatible; bingbot/2.0; +http://www.bing.com/bingbot.htm)"
40.77.167.52 - - [08/Jun/2022:01:44:50 +0200] "GET /uploads/Ywesee/ic_1.jpg HTTP/1.1" 200 66851 "-" "Mozilla/5.0 (compatible; bingbot/2.0; +http://www.bing.com/bingbot.htm)"
157.55.39.164 - - [08/Jun/2022:01:44:53 +0200] "GET /uploads/AmiKo/Rezept_im_Finder_Doppelklicken.jpg HTTP/1.1" 200 509158 "-" "Mozilla/5.0 (compatible; bingbot/2.0; +http://www.bing.com/bingbot.htm)"
154.16.105.32 - - [08/Jun/2022:01:50:32 +0200] "GET / HTTP/1.1" 200 11562 "-" "Mozilla/5.0 (Windows; U; Windows NT 6.1; en-US; rv:1.9.1.5) Gecko/20091102 Firefox/3.5.5 (.NET CLR 3.5.30729)"
194.209.200.2 - - [08/Jun/2022:01:55:53 +0200] "GET /robots.txt HTTP/1.1" 200 - "-" "Mozilla/5.0 (compatible; TMMBot/0.2; +http://www.dslab.ch)/Nutch-1.15"
194.209.200.2 - - [08/Jun/2022:01:55:53 +0200] "GET /Oddb2xml/Index HTTP/1.1" 200 8983 "-" "Mozilla/5.0 (compatible; TMMBot/0.2; +http://www.dslab.ch)/Nutch-1.15"
194.209.200.2 - - [08/Jun/2022:01:56:45 +0200] "GET /Software/YDIM HTTP/1.1" 200 8834 "-" "Mozilla/5.0 (compatible; TMMBot/0.2; +http://www.dslab.ch)/Nutch-1.15"
49.7.20.111 - - [08/Jun/2022:01:58:04 +0200] "GET / HTTP/1.1" 200 11562 "-" "Sogou web spider/4.0(+http://www.sogou.com/docs/help/webmasters.htm#07)"
194.209.200.2 - - [08/Jun/2022:01:58:32 +0200] "GET /Main/2008 HTTP/1.1" 200 34740 "-" "Mozilla/5.0 (compatible; TMMBot/0.2; +http://www.dslab.ch)/Nutch-1.15"
194.209.200.2 - - [08/Jun/2022:01:59:21 +0200] "GET /Main/2013 HTTP/1.1" 200 20487 "-" "Mozilla/5.0 (compatible; TMMBot/0.2; +http://www.dslab.ch)/Nutch-1.15"
194.209.200.2 - - [08/Jun/2022:01:59:31 +0200] "GET /AmiKo/IOS HTTP/1.1" 200 11930 "-" "Mozilla/5.0 (compatible; TMMBot/0.2; +http://www.dslab.ch)/Nutch-1.15"
194.209.200.2 - - [08/Jun/2022:01:59:38 +0200] "GET /Ywesee/Kontakt HTTP/1.1" 200 8973 "-" "Mozilla/5.0 (compatible; TMMBot/0.2; +http://www.dslab.ch)/Nutch-1.15"
185.191.171.17 - - [08/Jun/2022:02:01:26 +0200] "GET /Software/ODBA?action=edit HTTP/1.1" 403 18 "-" "Mozilla/5.0 (compatible; SemrushBot/7~bl; +http://www.semrush.com/bot.html)"
194.209.200.2 - - [08/Jun/2022:02:01:45 +0200] "GET /Software/ODDB HTTP/1.1" 200 10298 "-" "Mozilla/5.0 (compatible; TMMBot/0.2; +http://www.dslab.ch)/Nutch-1.15"
194.209.200.2 - - [08/Jun/2022:02:02:16 +0200] "GET /Ausschreibung/SAI HTTP/1.1" 200 10366 "-" "Mozilla/5.0 (compatible; TMMBot/0.2; +http://www.dslab.ch)/Nutch-1.15"
194.209.200.2 - - [08/Jun/2022:02:03:07 +0200] "GET /Main/2009 HTTP/1.1" 200 21688 "-" "Mozilla/5.0 (compatible; TMMBot/0.2; +http://www.dslab.ch)/Nutch-1.15"
194.209.200.2 - - [08/Jun/2022:02:03:40 +0200] "GET /Main/2016 HTTP/1.1" 200 13689 "-" "Mozilla/5.0 (compatible; TMMBot/0.2; +http://www.dslab.ch)/Nutch-1.15"
194.209.200.2 - - [08/Jun/2022:02:03:49 +0200] "GET /Main/2014 HTTP/1.1" 200 19471 "-" "Mozilla/5.0 (compatible; TMMBot/0.2; +http://www.dslab.ch)/Nutch-1.15"
194.209.200.2 - - [08/Jun/2022:02:04:09 +0200] "GET /Main/2010 HTTP/1.1" 200 27997 "-" "Mozilla/5.0 (compatible; TMMBot/0.2; +http://www.dslab.ch)/Nutch-1.15"
194.209.200.2 - - [08/Jun/2022:02:04:19 +0200] "GET /Main/ComCo19122016 HTTP/1.1" 200 10547 "-" "Mozilla/5.0 (compatible; TMMBot/0.2; +http://www.dslab.ch)/Nutch-1.15"
194.209.200.2 - - [08/Jun/2022:02:04:21 +0200] "GET /Eggze/SpreadIt HTTP/1.1" 200 12537 "-" "Mozilla/5.0 (compatible; TMMBot/0.2; +http://www.dslab.ch)/Nutch-1.15"
49.7.20.111 - - [08/Jun/2022:02:04:42 +0200] "GET / HTTP/1.1" 200 11562 "-" "Sogou web spider/4.0(+http://www.sogou.com/docs/help/webmasters.htm#07)"
34.139.249.138 - - [08/Jun/2022:02:16:07 +0200] "GET /robots.txt HTTP/1.1" 200 - "-" "bidswitchbot/1.0"
34.139.249.138 - - [08/Jun/2022:02:16:08 +0200] "GET /robots.txt HTTP/1.1" 200 - "-" "bidswitchbot/1.0"
34.139.249.138 - - [08/Jun/2022:02:16:09 +0200] "GET /app-ads.txt HTTP/1.1" 404 270 "-" "bidswitchbot/1.0"
34.139.249.138 - - [08/Jun/2022:02:16:24 +0200] "GET /robots.txt HTTP/1.1" 200 - "-" "bidswitchbot/1.0"
34.139.249.138 - - [08/Jun/2022:02:16:25 +0200] "GET /robots.txt HTTP/1.1" 200 - "-" "bidswitchbot/1.0"
34.139.249.138 - - [08/Jun/2022:02:16:26 +0200] "GET /app-ads.txt HTTP/1.1" 404 274 "-" "bidswitchbot/1.0"
34.139.249.138 - - [08/Jun/2022:02:16:29 +0200] "GET /robots.txt HTTP/1.1" 200 - "-" "bidswitchbot/1.0"
34.139.249.138 - - [08/Jun/2022:02:16:30 +0200] "GET /robots.txt HTTP/1.1" 200 - "-" "bidswitchbot/1.0"
34.139.249.138 - - [08/Jun/2022:02:16:31 +0200] "GET /app-ads.txt HTTP/1.1" 404 270 "-" "bidswitchbot/1.0"
54.84.192.51 - - [08/Jun/2022:02:16:37 +0200] "GET /keybase.txt HTTP/1.1" 200 2659 "-" "keybase-proofs/2.3.24"
3.239.0.204 - - [08/Jun/2022:02:25:05 +0200] "GET /robots.txt HTTP/1.1" 200 - "-" "MauiBot (crawler.feedback+gamma@gmail.com)"
95.163.255.87 - - [08/Jun/2022:02:28:58 +0200] "GET /robots.txt HTTP/1.0" 200 - "-" "Mozilla/5.0 (compatible; Linux x86_64; Mail.RU_Bot/2.0; +https://help.mail.ru/webmaster/indexing/robots)"
95.163.255.89 - - [08/Jun/2022:02:29:01 +0200] "GET /OSX/CoMed HTTP/1.1" 200 8463 "-" "Mozilla/5.0 (compatible; Linux x86_64; Mail.RU_Bot/2.0; +https://help.mail.ru/webmaster/indexing/robots)"
185.191.171.1 - - [08/Jun/2022:02:29:52 +0200] "GET /Main/Legende?action=edit HTTP/1.1" 403 18 "-" "Mozilla/5.0 (compatible; SemrushBot/7~bl; +http://www.semrush.com/bot.html)"
194.209.200.2 - - [08/Jun/2022:02:33:03 +0200] "GET /robots.txt HTTP/1.1" 200 - "-" "Mozilla/5.0 (compatible; TMMBot/0.2; +http://www.dslab.ch)/Nutch-1.15"
194.209.200.2 - - [08/Jun/2022:02:33:03 +0200] "GET /Oddb2xml/Index HTTP/1.1" 200 8983 "-" "Mozilla/5.0 (compatible; TMMBot/0.2; +http://www.dslab.ch)/Nutch-1.15"
194.209.200.2 - - [08/Jun/2022:02:34:24 +0200] "GET /Software/YDIM HTTP/1.1" 200 8834 "-" "Mozilla/5.0 (compatible; TMMBot/0.2; +http://www.dslab.ch)/Nutch-1.15"
185.191.171.41 - - [08/Jun/2022:02:34:41 +0200] "GET /Software/BBMB?action=edit HTTP/1.1" 403 18 "-" "Mozilla/5.0 (compatible; SemrushBot/7~bl; +http://www.semrush.com/bot.html)"
194.209.200.2 - - [08/Jun/2022:02:36:19 +0200] "GET /ODDB/StammdatenCH HTTP/1.1" 200 9300 "-" "Mozilla/5.0 (compatible; TMMBot/0.2; +http://www.dslab.ch)/Nutch-1.15"
194.209.200.2 - - [08/Jun/2022:02:37:35 +0200] "GET /Main/2015 HTTP/1.1" 200 15908 "-" "Mozilla/5.0 (compatible; TMMBot/0.2; +http://www.dslab.ch)/Nutch-1.15"
194.209.200.2 - - [08/Jun/2022:02:37:50 +0200] "GET /Main/2013 HTTP/1.1" 200 20487 "-" "Mozilla/5.0 (compatible; TMMBot/0.2; +http://www.dslab.ch)/Nutch-1.15"
194.209.200.2 - - [08/Jun/2022:02:38:10 +0200] "GET /AmiKo/IOS HTTP/1.1" 200 11930 "-" "Mozilla/5.0 (compatible; TMMBot/0.2; +http://www.dslab.ch)/Nutch-1.15"
3.234.225.87 - - [08/Jun/2022:02:38:49 +0200] "GET /robots.txt HTTP/1.1" 200 - "-" "Mozilla/5.0 (Macintosh; Intel Mac OS X 10_10_1) AppleWebKit/600.2.5 (KHTML\\, like Gecko) Version/8.0.2 Safari/600.2.5 (Amazonbot/0.1; +https://developer.amazon.com/support/amazonbot)"
194.209.200.2 - - [08/Jun/2022:02:41:21 +0200] "GET /Software/ODDB HTTP/1.1" 200 10298 "-" "Mozilla/5.0 (compatible; TMMBot/0.2; +http://www.dslab.ch)/Nutch-1.15"
194.209.200.2 - - [08/Jun/2022:02:41:59 +0200] "GET /Ausschreibung/SAI HTTP/1.1" 200 10366 "-" "Mozilla/5.0 (compatible; TMMBot/0.2; +http://www.dslab.ch)/Nutch-1.15"
194.209.200.2 - - [08/Jun/2022:02:43:00 +0200] "GET /Main/2009 HTTP/1.1" 200 21688 "-" "Mozilla/5.0 (compatible; TMMBot/0.2; +http://www.dslab.ch)/Nutch-1.15"
194.209.200.2 - - [08/Jun/2022:02:43:37 +0200] "GET /Main/2016 HTTP/1.1" 200 13689 "-" "Mozilla/5.0 (compatible; TMMBot/0.2; +http://www.dslab.ch)/Nutch-1.15"
194.209.200.2 - - [08/Jun/2022:02:43:50 +0200] "GET /Main/2014 HTTP/1.1" 200 19471 "-" "Mozilla/5.0 (compatible; TMMBot/0.2; +http://www.dslab.ch)/Nutch-1.15"
194.209.200.2 - - [08/Jun/2022:02:44:35 +0200] "GET /Main/ComCo19122016 HTTP/1.1" 200 10547 "-" "Mozilla/5.0 (compatible; TMMBot/0.2; +http://www.dslab.ch)/Nutch-1.15"
198.12.107.235 - - [08/Jun/2022:02:50:37 +0200] "GET /Ywesee/About HTTP/1.1" 200 9132 "https://www.ywesee.com" "Mozilla/5.0 (Windows NT 6.2; WOW64) AppleWebKit/537.36 (KHTML, like Gecko) Chrome/34.0.1847.137 Safari/537.36"
198.12.107.235 - - [08/Jun/2022:02:50:37 +0200] "GET /Oddb2xml/Index HTTP/1.1" 200 8983 "https://www.ywesee.com" "Mozilla/5.0 (Macintosh; Intel Mac OS X 10_9_3) AppleWebKit/537.75.14 (KHTML, like Gecko) Version/7.0.3 Safari/537.75.14"
198.12.107.235 - - [08/Jun/2022:02:50:38 +0200] "GET /Main/Home?n=Main.SideBar?action=edit HTTP/1.1" 200 9322 "https://www.ywesee.com" "Mozilla/5.0 (Windows NT 6.1; Trident/7.0; rv:11.0) like Gecko"
198.12.107.235 - - [08/Jun/2022:02:50:38 +0200] "GET /Main/Home?action=upload HTTP/1.1" 200 8733 "https://www.ywesee.com" "Mozilla/5.0 (Macintosh; Intel Mac OS X 10_9_2) AppleWebKit/537.36 (KHTML, like Gecko) Chrome/34.0.1847.116 Safari/537.36"
198.12.107.235 - - [08/Jun/2022:02:50:37 +0200] "GET /Main/Home?action=print HTTP/1.1" 200 6373 "https://www.ywesee.com" "Mozilla/5.0 (iPad; CPU OS 7_1_1 like Mac OS X) AppleWebKit/537.51.2 (KHTML, like Gecko) Version/7.0 Mobile/11D201 Safari/9537.53"
198.12.107.235 - - [08/Jun/2022:02:50:38 +0200] "GET /Main/Home HTTP/1.1" 200 11562 "https://www.ywesee.com" "Mozilla/5.0 (Macintosh; Intel Mac OS X 10_9_2) AppleWebKit/537.36 (KHTML, like Gecko) Chrome/34.0.1847.116 Safari/537.36"
198.12.107.235 - - [08/Jun/2022:02:50:38 +0200] "GET /Main/Home?action=edit HTTP/1.1" 200 9267 "https://www.ywesee.com" "Mozilla/5.0 (X11; Ubuntu; Linux x86_64; rv:28.0) Gecko/20100101 Firefox/28.0"
198.12.107.235 - - [08/Jun/2022:02:50:38 +0200] "GET /Ywesee/InfoCodex HTTP/1.1" 200 24435 "https://www.ywesee.com" "Mozilla/5.0 (Windows NT 6.1; WOW64) AppleWebKit/537.36 (KHTML, like Gecko) Chrome/32.0.1700.107 Safari/537.36"
198.12.107.235 - - [08/Jun/2022:02:50:37 +0200] "GET /Main/Home?action=diff HTTP/1.1" 200 563150 "https://www.ywesee.com" "Mozilla/5.0 (Windows NT 6.1; rv:28.0) Gecko/20100101 Firefox/28.0"
66.249.76.87 - - [08/Jun/2022:02:51:36 +0200] "GET /Main/MiGel?action=diff HTTP/1.1" 403 18 "-" "Mozilla/5.0 (Linux; Android 6.0.1; Nexus 5X Build/MMB29P) AppleWebKit/537.36 (KHTML, like Gecko) Chrome/102.0.5005.61 Mobile Safari/537.36 (compatible; Googlebot/2.1; +http://www.google.com/bot.html)"
124.206.180.138 - - [08/Jun/2022:02:56:09 +0200] "GET / HTTP/1.1" 200 11562 "-" "Mozilla/5.0 Firefox/35.0"
17.121.114.38 - - [08/Jun/2022:02:56:43 +0200] "GET /AmiKo/IOS HTTP/1.1" 200 11930 "-" "Mozilla/5.0 (Macintosh; Intel Mac OS X 10_15_5) AppleWebKit/605.1.15 (KHTML, like Gecko) Version/13.1.1 Safari/605.1.15 (Applebot/0.1; +http://www.apple.com/go/applebot)"
203.139.74.251 - - [08/Jun/2022:02:59:17 +0200] "GET / HTTP/1.1" 200 11562 "-" "Mozilla/5.0 (X11; Linux x86_64; rv:91.0) Gecko/20100101 Firefox/91.0"
203.139.74.251 - - [08/Jun/2022:02:59:19 +0200] "GET /pub/skins/ywesee/gila.css HTTP/1.1" 200 8276 "https://ywesee.com/" "Mozilla/5.0 (X11; Linux x86_64; rv:91.0) Gecko/20100101 Firefox/91.0"
203.139.74.251 - - [08/Jun/2022:02:59:19 +0200] "GET /uploads/Main/yweseelogo.gif HTTP/1.1" 200 2982 "https://ywesee.com/" "Mozilla/5.0 (X11; Linux x86_64; rv:91.0) Gecko/20100101 Firefox/91.0"
203.139.74.251 - - [08/Jun/2022:02:59:19 +0200] "GET /favicon.ico HTTP/1.1" 200 1406 "https://ywesee.com/" "Mozilla/5.0 (X11; Linux x86_64; rv:91.0) Gecko/20100101 Firefox/91.0"
192.151.157.210 - - [08/Jun/2022:02:59:44 +0200] "GET /robots.txt HTTP/1.1" 200 - "-" "Mozilla/5.0 (compatible; MJ12bot/v1.4.8; http://mj12bot.com/)"
192.151.157.210 - - [08/Jun/2022:02:59:45 +0200] "GET /Ausschreibung/SAI HTTP/1.1" 200 10366 "-" "Mozilla/5.0 (compatible; MJ12bot/v1.4.8; http://mj12bot.com/)"
203.139.74.251 - - [08/Jun/2022:03:02:30 +0200] "GET /Ywesee/Team HTTP/1.1" 200 18245 "https://ywesee.com/" "Mozilla/5.0 (X11; Linux x86_64; rv:91.0) Gecko/20100101 Firefox/91.0"
203.139.74.251 - - [08/Jun/2022:03:02:31 +0200] "GET /pub/skins/ywesee/gila.css HTTP/1.1" 200 8276 "https://www.ywesee.com/Ywesee/Team" "Mozilla/5.0 (X11; Linux x86_64; rv:91.0) Gecko/20100101 Firefox/91.0"
203.139.74.251 - - [08/Jun/2022:03:02:31 +0200] "GET /favicon.ico HTTP/1.1" 200 1406 "https://www.ywesee.com/Ywesee/Team" "Mozilla/5.0 (X11; Linux x86_64; rv:91.0) Gecko/20100101 Firefox/91.0"
203.139.74.251 - - [08/Jun/2022:03:02:40 +0200] "GET /Profiles/Zrr HTTP/1.1" 200 8438 "https://www.ywesee.com/Ywesee/Team" "Mozilla/5.0 (X11; Linux x86_64; rv:91.0) Gecko/20100101 Firefox/91.0"
203.139.74.251 - - [08/Jun/2022:03:02:40 +0200] "GET /pub/skins/ywesee/gila.css HTTP/1.1" 200 8276 "https://www.ywesee.com/Profiles/Zrr" "Mozilla/5.0 (X11; Linux x86_64; rv:91.0) Gecko/20100101 Firefox/91.0"
203.139.74.251 - - [08/Jun/2022:03:02:40 +0200] "GET /favicon.ico HTTP/1.1" 200 1406 "https://www.ywesee.com/Profiles/Zrr" "Mozilla/5.0 (X11; Linux x86_64; rv:91.0) Gecko/20100101 Firefox/91.0"
194.209.200.2 - - [08/Jun/2022:03:10:33 +0200] "GET /robots.txt HTTP/1.1" 200 - "-" "Mozilla/5.0 (compatible; TMMBot/0.2; +http://www.dslab.ch)/Nutch-1.15"
194.209.200.2 - - [08/Jun/2022:03:10:34 +0200] "GET /Oddb2xml/Index HTTP/1.1" 200 8983 "-" "Mozilla/5.0 (compatible; TMMBot/0.2; +http://www.dslab.ch)/Nutch-1.15"
194.209.200.2 - - [08/Jun/2022:03:11:21 +0200] "GET /Software/YDIM HTTP/1.1" 200 8834 "-" "Mozilla/5.0 (compatible; TMMBot/0.2; +http://www.dslab.ch)/Nutch-1.15"
194.209.200.2 - - [08/Jun/2022:03:12:29 +0200] "GET /ODDB/StammdatenCH HTTP/1.1" 200 9300 "-" "Mozilla/5.0 (compatible; TMMBot/0.2; +http://www.dslab.ch)/Nutch-1.15"
194.209.200.2 - - [08/Jun/2022:03:12:52 +0200] "GET /Main/2006 HTTP/1.1" 200 39320 "-" "Mozilla/5.0 (compatible; TMMBot/0.2; +http://www.dslab.ch)/Nutch-1.15"
194.209.200.2 - - [08/Jun/2022:03:13:13 +0200] "GET /Main/2015 HTTP/1.1" 200 15908 "-" "Mozilla/5.0 (compatible; TMMBot/0.2; +http://www.dslab.ch)/Nutch-1.15"
194.209.200.2 - - [08/Jun/2022:03:13:21 +0200] "GET /Main/2013 HTTP/1.1" 200 20487 "-" "Mozilla/5.0 (compatible; TMMBot/0.2; +http://www.dslab.ch)/Nutch-1.15"
194.209.200.2 - - [08/Jun/2022:03:13:32 +0200] "GET /AmiKo/IOS HTTP/1.1" 200 11930 "-" "Mozilla/5.0 (compatible; TMMBot/0.2; +http://www.dslab.ch)/Nutch-1.15"
194.209.200.2 - - [08/Jun/2022:03:13:37 +0200] "GET /Ywesee/Kontakt HTTP/1.1" 200 8973 "-" "Mozilla/5.0 (compatible; TMMBot/0.2; +http://www.dslab.ch)/Nutch-1.15"
194.209.200.2 - - [08/Jun/2022:03:15:36 +0200] "GET /Software/ODDB HTTP/1.1" 200 10298 "-" "Mozilla/5.0 (compatible; TMMBot/0.2; +http://www.dslab.ch)/Nutch-1.15"
194.209.200.2 - - [08/Jun/2022:03:16:06 +0200] "GET /Ausschreibung/SAI HTTP/1.1" 200 10366 "-" "Mozilla/5.0 (compatible; TMMBot/0.2; +http://www.dslab.ch)/Nutch-1.15"
194.209.200.2 - - [08/Jun/2022:03:16:43 +0200] "GET /Main/2009 HTTP/1.1" 200 21688 "-" "Mozilla/5.0 (compatible; TMMBot/0.2; +http://www.dslab.ch)/Nutch-1.15"
194.209.200.2 - - [08/Jun/2022:03:17:10 +0200] "GET /Main/2016 HTTP/1.1" 200 13689 "-" "Mozilla/5.0 (compatible; TMMBot/0.2; +http://www.dslab.ch)/Nutch-1.15"
194.209.200.2 - - [08/Jun/2022:03:17:17 +0200] "GET /Main/2014 HTTP/1.1" 200 19471 "-" "Mozilla/5.0 (compatible; TMMBot/0.2; +http://www.dslab.ch)/Nutch-1.15"
194.209.200.2 - - [08/Jun/2022:03:17:31 +0200] "GET /Main/2010 HTTP/1.1" 200 27997 "-" "Mozilla/5.0 (compatible; TMMBot/0.2; +http://www.dslab.ch)/Nutch-1.15"
194.209.200.2 - - [08/Jun/2022:03:17:41 +0200] "GET /Main/ComCo19122016 HTTP/1.1" 200 10547 "-" "Mozilla/5.0 (compatible; TMMBot/0.2; +http://www.dslab.ch)/Nutch-1.15"
194.209.200.2 - - [08/Jun/2022:03:17:42 +0200] "GET /Eggze/SpreadIt HTTP/1.1" 200 12537 "-" "Mozilla/5.0 (compatible; TMMBot/0.2; +http://www.dslab.ch)/Nutch-1.15"
194.209.200.2 - - [08/Jun/2022:03:46:43 +0200] "GET /robots.txt HTTP/1.1" 200 - "-" "Mozilla/5.0 (compatible; TMMBot/0.2; +http://www.dslab.ch)/Nutch-1.15"
194.209.200.2 - - [08/Jun/2022:03:46:43 +0200] "GET /Oddb2xml/Index HTTP/1.1" 200 8983 "-" "Mozilla/5.0 (compatible; TMMBot/0.2; +http://www.dslab.ch)/Nutch-1.15"
194.209.200.2 - - [08/Jun/2022:03:47:33 +0200] "GET /Software/YDIM HTTP/1.1" 200 8834 "-" "Mozilla/5.0 (compatible; TMMBot/0.2; +http://www.dslab.ch)/Nutch-1.15"
194.209.200.2 - - [08/Jun/2022:03:49:31 +0200] "GET /Main/2015 HTTP/1.1" 200 15908 "-" "Mozilla/5.0 (compatible; TMMBot/0.2; +http://www.dslab.ch)/Nutch-1.15"
194.209.200.2 - - [08/Jun/2022:03:49:41 +0200] "GET /Main/2013 HTTP/1.1" 200 20487 "-" "Mozilla/5.0 (compatible; TMMBot/0.2; +http://www.dslab.ch)/Nutch-1.15"
194.209.200.2 - - [08/Jun/2022:03:49:51 +0200] "GET /AmiKo/IOS HTTP/1.1" 200 11930 "-" "Mozilla/5.0 (compatible; TMMBot/0.2; +http://www.dslab.ch)/Nutch-1.15"
194.209.200.2 - - [08/Jun/2022:03:49:58 +0200] "GET /Ywesee/Kontakt HTTP/1.1" 200 8973 "-" "Mozilla/5.0 (compatible; TMMBot/0.2; +http://www.dslab.ch)/Nutch-1.15"
194.209.200.2 - - [08/Jun/2022:03:51:58 +0200] "GET /Software/ODDB HTTP/1.1" 200 10298 "-" "Mozilla/5.0 (compatible; TMMBot/0.2; +http://www.dslab.ch)/Nutch-1.15"
194.209.200.2 - - [08/Jun/2022:03:52:27 +0200] "GET /Ausschreibung/SAI HTTP/1.1" 200 10366 "-" "Mozilla/5.0 (compatible; TMMBot/0.2; +http://www.dslab.ch)/Nutch-1.15"
194.209.200.2 - - [08/Jun/2022:03:53:07 +0200] "GET /Main/2009 HTTP/1.1" 200 21688 "-" "Mozilla/5.0 (compatible; TMMBot/0.2; +http://www.dslab.ch)/Nutch-1.15"
194.209.200.2 - - [08/Jun/2022:03:53:38 +0200] "GET /Main/2016 HTTP/1.1" 200 13689 "-" "Mozilla/5.0 (compatible; TMMBot/0.2; +http://www.dslab.ch)/Nutch-1.15"
194.209.200.2 - - [08/Jun/2022:03:53:45 +0200] "GET /Main/2014 HTTP/1.1" 200 19471 "-" "Mozilla/5.0 (compatible; TMMBot/0.2; +http://www.dslab.ch)/Nutch-1.15"
194.209.200.2 - - [08/Jun/2022:03:54:02 +0200] "GET /Main/2010 HTTP/1.1" 200 27997 "-" "Mozilla/5.0 (compatible; TMMBot/0.2; +http://www.dslab.ch)/Nutch-1.15"
194.209.200.2 - - [08/Jun/2022:03:54:09 +0200] "GET /Main/ComCo19122016 HTTP/1.1" 200 10547 "-" "Mozilla/5.0 (compatible; TMMBot/0.2; +http://www.dslab.ch)/Nutch-1.15"
194.209.200.2 - - [08/Jun/2022:03:54:11 +0200] "GET /Eggze/SpreadIt HTTP/1.1" 200 12537 "-" "Mozilla/5.0 (compatible; TMMBot/0.2; +http://www.dslab.ch)/Nutch-1.15"
66.249.76.89 - - [08/Jun/2022:03:59:06 +0200] "GET /AmiKo/Web HTTP/1.1" 200 9588 "-" "Mozilla/5.0 (compatible; Googlebot/2.1; +http://www.google.com/bot.html)"
193.247.208.98 - - [08/Jun/2022:04:00:39 +0200] "HEAD / HTTP/1.1" 200 - "https://www.hin.ch" "Mozilla/5.0 (Windows NT 10.0; Win64; x64) AppleWebKit/537.36 (KHTML, like Gecko) Chrome/70.0.3538.102 Safari/537.36"
185.191.171.22 - - [08/Jun/2022:04:14:57 +0200] "GET /robots.txt HTTP/1.1" 200 - "-" "Mozilla/5.0 (compatible; SemrushBot/7~bl; +http://www.semrush.com/bot.html)"
185.191.171.9 - - [08/Jun/2022:04:14:58 +0200] "GET /Software/BBMB?action=print HTTP/1.1" 403 18 "-" "Mozilla/5.0 (compatible; SemrushBot/7~bl; +http://www.semrush.com/bot.html)"
66.249.76.87 - - [08/Jun/2022:04:21:36 +0200] "GET /Main/Home HTTP/1.1" 200 11562 "-" "Mozilla/5.0 (Linux; Android 6.0.1; Nexus 5X Build/MMB29P) AppleWebKit/537.36 (KHTML, like Gecko) Chrome/102.0.5005.61 Mobile Safari/537.36 (compatible; Googlebot/2.1; +http://www.google.com/bot.html)"
185.191.171.8 - - [08/Jun/2022:04:25:29 +0200] "GET /AmiKo/OSXSatzexport?action=print HTTP/1.1" 403 18 "-" "Mozilla/5.0 (compatible; SemrushBot/7~bl; +http://www.semrush.com/bot.html)"
194.209.200.2 - - [08/Jun/2022:04:26:58 +0200] "GET /robots.txt HTTP/1.1" 200 - "-" "Mozilla/5.0 (compatible; TMMBot/0.2; +http://www.dslab.ch)/Nutch-1.15"
194.209.200.2 - - [08/Jun/2022:04:26:58 +0200] "GET /Oddb2xml/Index HTTP/1.1" 200 8983 "-" "Mozilla/5.0 (compatible; TMMBot/0.2; +http://www.dslab.ch)/Nutch-1.15"
194.209.200.2 - - [08/Jun/2022:04:27:20 +0200] "GET /AmiKo/Linux HTTP/1.1" 200 9217 "-" "Mozilla/5.0 (compatible; TMMBot/0.2; +http://www.dslab.ch)/Nutch-1.15"
194.209.200.2 - - [08/Jun/2022:04:27:53 +0200] "GET /Software/YDIM HTTP/1.1" 200 8834 "-" "Mozilla/5.0 (compatible; TMMBot/0.2; +http://www.dslab.ch)/Nutch-1.15"
194.209.200.2 - - [08/Jun/2022:04:29:11 +0200] "GET /ODDB/StammdatenCH HTTP/1.1" 200 9300 "-" "Mozilla/5.0 (compatible; TMMBot/0.2; +http://www.dslab.ch)/Nutch-1.15"
194.209.200.2 - - [08/Jun/2022:04:29:37 +0200] "GET /Main/2006 HTTP/1.1" 200 39320 "-" "Mozilla/5.0 (compatible; TMMBot/0.2; +http://www.dslab.ch)/Nutch-1.15"
194.209.200.2 - - [08/Jun/2022:04:30:09 +0200] "GET /Main/2013 HTTP/1.1" 200 20487 "-" "Mozilla/5.0 (compatible; TMMBot/0.2; +http://www.dslab.ch)/Nutch-1.15"
194.209.200.2 - - [08/Jun/2022:04:30:20 +0200] "GET /AmiKo/IOS HTTP/1.1" 200 11930 "-" "Mozilla/5.0 (compatible; TMMBot/0.2; +http://www.dslab.ch)/Nutch-1.15"
194.209.200.2 - - [08/Jun/2022:04:30:26 +0200] "GET /Ywesee/Kontakt HTTP/1.1" 200 8973 "-" "Mozilla/5.0 (compatible; TMMBot/0.2; +http://www.dslab.ch)/Nutch-1.15"
194.209.200.2 - - [08/Jun/2022:04:32:37 +0200] "GET /Software/ODDB HTTP/1.1" 200 10298 "-" "Mozilla/5.0 (compatible; TMMBot/0.2; +http://www.dslab.ch)/Nutch-1.15"
194.209.200.2 - - [08/Jun/2022:04:33:06 +0200] "GET /Ausschreibung/SAI HTTP/1.1" 200 10366 "-" "Mozilla/5.0 (compatible; TMMBot/0.2; +http://www.dslab.ch)/Nutch-1.15"
194.209.200.2 - - [08/Jun/2022:04:33:47 +0200] "GET /Main/2009 HTTP/1.1" 200 21688 "-" "Mozilla/5.0 (compatible; TMMBot/0.2; +http://www.dslab.ch)/Nutch-1.15"
194.209.200.2 - - [08/Jun/2022:04:34:05 +0200] "GET /Main/2018 HTTP/1.1" 200 15425 "-" "Mozilla/5.0 (compatible; TMMBot/0.2; +http://www.dslab.ch)/Nutch-1.15"
194.209.200.2 - - [08/Jun/2022:04:34:13 +0200] "GET /Main/2016 HTTP/1.1" 200 13689 "-" "Mozilla/5.0 (compatible; TMMBot/0.2; +http://www.dslab.ch)/Nutch-1.15"
194.209.200.2 - - [08/Jun/2022:04:34:21 +0200] "GET /Main/2014 HTTP/1.1" 200 19471 "-" "Mozilla/5.0 (compatible; TMMBot/0.2; +http://www.dslab.ch)/Nutch-1.15"
194.209.200.2 - - [08/Jun/2022:04:34:40 +0200] "GET /Main/2010 HTTP/1.1" 200 27997 "-" "Mozilla/5.0 (compatible; TMMBot/0.2; +http://www.dslab.ch)/Nutch-1.15"
194.209.200.2 - - [08/Jun/2022:04:34:50 +0200] "GET /Main/ComCo19122016 HTTP/1.1" 200 10547 "-" "Mozilla/5.0 (compatible; TMMBot/0.2; +http://www.dslab.ch)/Nutch-1.15"
194.209.200.2 - - [08/Jun/2022:04:34:51 +0200] "GET /Eggze/SpreadIt HTTP/1.1" 200 12537 "-" "Mozilla/5.0 (compatible; TMMBot/0.2; +http://www.dslab.ch)/Nutch-1.15"
123.125.109.38 - - [08/Jun/2022:04:39:32 +0200] "GET / HTTP/1.1" 200 11562 "-" "Sogou web spider/4.0(+http://www.sogou.com/docs/help/webmasters.htm#07)"
52.203.23.216 - - [08/Jun/2022:04:39:48 +0200] "GET /Site/AllRecentChanges?action=rss HTTP/1.1" 200 2546 "https://www.google.com/" "Mozilla/5.0 (Windows NT 10.0; WOW64) AppleWebKit/537.36 (KHTML, like Gecko) Chrome/79.0.3945.136 YaBrowser/20.2.4.143 Yowser/2.5 Safari/537.36"
66.249.76.91 - - [08/Jun/2022:04:44:06 +0200] "GET /Oddb2xml/Bemerkungen HTTP/1.1" 200 10553 "-" "Mozilla/5.0 (Linux; Android 6.0.1; Nexus 5X Build/MMB29P) AppleWebKit/537.36 (KHTML, like Gecko) Chrome/102.0.5005.61 Mobile Safari/537.36 (compatible; Googlebot/2.1; +http://www.google.com/bot.html)"
54.36.148.216 - - [08/Jun/2022:04:47:51 +0200] "GET /Main/2013 HTTP/1.1" 200 20487 "-" "Mozilla/5.0 (compatible; AhrefsBot/7.0; +http://ahrefs.com/robot/)"
131.220.6.152 - - [08/Jun/2022:04:57:32 +0200] "GET / HTTP/1.1" 200 11562 "-" "Mozilla/5.0 (X11; Linux x86_64) AppleWebKit/537.36 (KHTML, like Gecko) Chrome/79.0.3945.79 Safari/537.36"
194.209.200.2 - - [08/Jun/2022:04:58:43 +0200] "GET /robots.txt HTTP/1.1" 200 - "-" "Mozilla/5.0 (compatible; TMMBot/0.2; +http://www.dslab.ch)/Nutch-1.15"
194.209.200.2 - - [08/Jun/2022:04:58:43 +0200] "GET /Oddb2xml/Index HTTP/1.1" 200 8983 "-" "Mozilla/5.0 (compatible; TMMBot/0.2; +http://www.dslab.ch)/Nutch-1.15"
194.209.200.2 - - [08/Jun/2022:04:59:38 +0200] "GET /Software/YDIM HTTP/1.1" 200 8834 "-" "Mozilla/5.0 (compatible; TMMBot/0.2; +http://www.dslab.ch)/Nutch-1.15"
194.209.200.2 - - [08/Jun/2022:05:00:57 +0200] "GET /ODDB/StammdatenCH HTTP/1.1" 200 9300 "-" "Mozilla/5.0 (compatible; TMMBot/0.2; +http://www.dslab.ch)/Nutch-1.15"
194.209.200.2 - - [08/Jun/2022:05:01:25 +0200] "GET /Main/2006 HTTP/1.1" 200 39320 "-" "Mozilla/5.0 (compatible; TMMBot/0.2; +http://www.dslab.ch)/Nutch-1.15"
194.209.200.2 - - [08/Jun/2022:05:01:56 +0200] "GET /Main/2013 HTTP/1.1" 200 20487 "-" "Mozilla/5.0 (compatible; TMMBot/0.2; +http://www.dslab.ch)/Nutch-1.15"
194.209.200.2 - - [08/Jun/2022:05:02:05 +0200] "GET /Main/2011 HTTP/1.1" 200 21451 "-" "Mozilla/5.0 (compatible; TMMBot/0.2; +http://www.dslab.ch)/Nutch-1.15"
194.209.200.2 - - [08/Jun/2022:05:02:08 +0200] "GET /AmiKo/IOS HTTP/1.1" 200 11930 "-" "Mozilla/5.0 (compatible; TMMBot/0.2; +http://www.dslab.ch)/Nutch-1.15"
194.209.200.2 - - [08/Jun/2022:05:02:13 +0200] "GET /Ywesee/Kontakt HTTP/1.1" 200 8973 "-" "Mozilla/5.0 (compatible; TMMBot/0.2; +http://www.dslab.ch)/Nutch-1.15"
157.55.39.109 - - [08/Jun/2022:05:02:51 +0200] "GET /Main/Parsen HTTP/1.1" 200 8581 "-" "Mozilla/5.0 (compatible; bingbot/2.0; +http://www.bing.com/bingbot.htm)"
207.46.13.39 - - [08/Jun/2022:05:02:54 +0200] "GET / HTTP/1.1" 200 11562 "-" "Mozilla/5.0 (compatible; bingbot/2.0; +http://www.bing.com/bingbot.htm)"
207.46.13.39 - - [08/Jun/2022:05:02:57 +0200] "GET /Main/Elexis HTTP/1.1" 200 10922 "-" "Mozilla/5.0 (compatible; bingbot/2.0; +http://www.bing.com/bingbot.htm)"
194.209.200.2 - - [08/Jun/2022:05:04:13 +0200] "GET /Generikacc/App HTTP/1.1" 200 11862 "-" "Mozilla/5.0 (compatible; TMMBot/0.2; +http://www.dslab.ch)/Nutch-1.15"
194.209.200.2 - - [08/Jun/2022:05:04:24 +0200] "GET /Software/ODDB HTTP/1.1" 200 10298 "-" "Mozilla/5.0 (compatible; TMMBot/0.2; +http://www.dslab.ch)/Nutch-1.15"
49.7.20.107 - - [08/Jun/2022:05:04:54 +0200] "GET / HTTP/1.1" 200 11562 "-" "Sogou web spider/4.0(+http://www.sogou.com/docs/help/webmasters.htm#07)"
194.209.200.2 - - [08/Jun/2022:05:04:57 +0200] "GET /Ausschreibung/SAI HTTP/1.1" 200 10366 "-" "Mozilla/5.0 (compatible; TMMBot/0.2; +http://www.dslab.ch)/Nutch-1.15"
194.209.200.2 - - [08/Jun/2022:05:05:41 +0200] "GET /Main/2009 HTTP/1.1" 200 21688 "-" "Mozilla/5.0 (compatible; TMMBot/0.2; +http://www.dslab.ch)/Nutch-1.15"
194.209.200.2 - - [08/Jun/2022:05:06:13 +0200] "GET /Main/2016 HTTP/1.1" 200 13689 "-" "Mozilla/5.0 (compatible; TMMBot/0.2; +http://www.dslab.ch)/Nutch-1.15"
194.209.200.2 - - [08/Jun/2022:05:06:22 +0200] "GET /Main/2014 HTTP/1.1" 200 19471 "-" "Mozilla/5.0 (compatible; TMMBot/0.2; +http://www.dslab.ch)/Nutch-1.15"
194.209.200.2 - - [08/Jun/2022:05:06:52 +0200] "GET /Main/ComCo19122016 HTTP/1.1" 200 10547 "-" "Mozilla/5.0 (compatible; TMMBot/0.2; +http://www.dslab.ch)/Nutch-1.15"
194.209.200.2 - - [08/Jun/2022:05:06:52 +0200] "GET /Eggze/SpreadIt HTTP/1.1" 200 12537 "-" "Mozilla/5.0 (compatible; TMMBot/0.2; +http://www.dslab.ch)/Nutch-1.15"
185.191.171.41 - - [08/Jun/2022:05:08:57 +0200] "GET /Main/Phostal?n=Main.SideBar%3Faction%3Dedit HTTP/1.1" 302 157 "-" "Mozilla/5.0 (compatible; SemrushBot/7~bl; +http://www.semrush.com/bot.html)"
62.210.215.119 - - [08/Jun/2022:05:09:29 +0200] "GET /Site/AllRecentChanges?action=rss HTTP/1.1" 200 2546 "-" "Mozilla/5.0 (X11; Linux i686) AppleWebKit/537.36 (KHTML, like Gecko) Chrome/30.0.1599.66 Safari/537.36"
77.88.5.85 - - [08/Jun/2022:05:14:13 +0200] "GET /robots.txt HTTP/1.1" 200 - "-" "Mozilla/5.0 (compatible; YandexBot/3.0; +http://yandex.com/bots)"
77.88.5.85 - - [08/Jun/2022:05:14:17 +0200] "GET / HTTP/1.1" 200 11562 "-" "Mozilla/5.0 (compatible; YandexBot/3.0; +http://yandex.com/bots)"
20.124.11.213 - - [08/Jun/2022:05:20:34 +0200] "GET /Main/SideBar HTTP/1.1" 200 10903 "-" "Mozilla/5.0 (Windows NT 10.0; Win64; x64) AppleWebKit/537.36 (KHTML, like Gecko) Chrome/86.0.4240.75 Safari/537.36"
46.161.11.144 - - [08/Jun/2022:05:23:42 +0200] "GET /uploads/Main/Building_a_Business_on_Open_Source_Ebook.pdf HTTP/1.0" 200 3042594 "https://www.ywesee.com/uploads/Main/Building_a_Business_on_Open_Source_Ebook.pdf" "Mozilla/5.0 (Windows NT 10.0) AppleWebKit/537.36 (KHTML, like Gecko) Chrome/90.0.4430.72 Safari/537.36"
46.161.11.144 - - [08/Jun/2022:05:23:42 +0200] "GET / HTTP/1.0" 200 11562 "https://www.ywesee.com/" "Mozilla/5.0 (Windows NT 10.0) AppleWebKit/537.36 (KHTML, like Gecko) Chrome/90.0.4430.72 Safari/537.36"
20.127.102.228 - - [08/Jun/2022:05:25:01 +0200] "GET /Main/Home?action=diff HTTP/1.1" 200 563150 "-" "Mozilla/5.0 (Windows NT 10.0; Win64; x64) AppleWebKit/537.36 (KHTML, like Gecko) Chrome/86.0.4240.75 Safari/537.36"
20.127.102.228 - - [08/Jun/2022:05:25:24 +0200] "GET /Main/Home?action=diff HTTP/1.1" 200 563150 "-" "Mozilla/5.0 (Windows NT 10.0; Win64; x64) AppleWebKit/537.36 (KHTML, like Gecko) Chrome/86.0.4240.75 Safari/537.36"
20.127.102.228 - - [08/Jun/2022:05:25:25 +0200] "GET /Main/Home?action=diff HTTP/1.1" 200 563150 "-" "Mozilla/5.0 (Windows NT 10.0; Win64; x64) AppleWebKit/537.36 (KHTML, like Gecko) Chrome/86.0.4240.75 Safari/537.36"
20.127.102.228 - - [08/Jun/2022:05:25:54 +0200] "GET /Main/Home?action=edit&restore=diff:1645780335:1645626377:&preview=y HTTP/1.1" 200 9313 "-" "Mozilla/5.0 (Windows NT 10.0; Win64; x64) AppleWebKit/537.36 (KHTML, like Gecko) Chrome/86.0.4240.75 Safari/537.36"
20.124.11.213 - - [08/Jun/2022:05:26:10 +0200] "GET /Main/2018?action=edit HTTP/1.1" 200 9271 "-" "Mozilla/5.0 (Windows NT 10.0; Win64; x64) AppleWebKit/537.36 (KHTML, like Gecko) Chrome/86.0.4240.75 Safari/537.36"
20.124.11.213 - - [08/Jun/2022:05:26:26 +0200] "GET /uploads/Main/Identifikation_von_Medikamentenpackungen.pdf HTTP/1.1" 200 202047 "-" "Mozilla/5.0 (Windows NT 10.0; Win64; x64) AppleWebKit/537.36 (KHTML, like Gecko) Chrome/86.0.4240.75 Safari/537.36"
20.124.11.213 - - [08/Jun/2022:05:27:14 +0200] "GET /Generikacc/App?action=edit HTTP/1.1" 200 9326 "-" "Mozilla/5.0 (Windows NT 10.0; Win64; x64) AppleWebKit/537.36 (KHTML, like Gecko) Chrome/86.0.4240.75 Safari/537.36"
20.127.102.228 - - [08/Jun/2022:05:28:45 +0200] "GET /uploads/Main/Eroeffnung_Verfuegung_WEKO_16.7.2008_web.pdf HTTP/1.1" 200 9080238 "-" "Mozilla/5.0 (Windows NT 10.0; Win64; x64) AppleWebKit/537.36 (KHTML, like Gecko) Chrome/86.0.4240.75 Safari/537.36"
20.127.102.228 - - [08/Jun/2022:05:28:59 +0200] "GET /Main/2008?n=Main.SideBar?action=edit HTTP/1.1" 200 9322 "-" "Mozilla/5.0 (Windows NT 10.0; Win64; x64) AppleWebKit/537.36 (KHTML, like Gecko) Chrome/86.0.4240.75 Safari/537.36"
20.127.102.228 - - [08/Jun/2022:05:29:03 +0200] "GET /AmiKo/Linux?action=upload HTTP/1.1" 200 8762 "-" "Mozilla/5.0 (Windows NT 10.0; Win64; x64) AppleWebKit/537.36 (KHTML, like Gecko) Chrome/86.0.4240.75 Safari/537.36"
20.124.11.213 - - [08/Jun/2022:05:29:12 +0200] "GET /uploads/Main/392_Email_an_Samuel_Aeschbacher_27.3.2008.txt HTTP/1.1" 200 3104 "-" "Mozilla/5.0 (Windows NT 10.0; Win64; x64) AppleWebKit/537.36 (KHTML, like Gecko) Chrome/86.0.4240.75 Safari/537.36"
20.124.11.213 - - [08/Jun/2022:05:29:20 +0200] "GET /Main/Diovan HTTP/1.1" 200 9177 "-" "Mozilla/5.0 (Windows NT 10.0; Win64; x64) AppleWebKit/537.36 (KHTML, like Gecko) Chrome/86.0.4240.75 Safari/537.36"
20.127.102.228 - - [08/Jun/2022:05:29:20 +0200] "GET /uploads/Main/Noratak.pdf HTTP/1.1" 200 118539 "-" "Mozilla/5.0 (Windows NT 10.0; Win64; x64) AppleWebKit/537.36 (KHTML, like Gecko) Chrome/86.0.4240.75 Safari/537.36"
20.127.102.228 - - [08/Jun/2022:05:29:32 +0200] "GET /uploads/Main/416_Rundmail_WEKO_1.2_23.5.2008.txt HTTP/1.1" 200 11450 "-" "Mozilla/5.0 (Windows NT 10.0; Win64; x64) AppleWebKit/537.36 (KHTML, like Gecko) Chrome/86.0.4240.75 Safari/537.36"
20.124.11.213 - - [08/Jun/2022:05:29:54 +0200] "GET /uploads/Main/ywesee_GmbH_Bundesgerichtsurteil.pdf HTTP/1.1" 200 827555 "-" "Mozilla/5.0 (Windows NT 10.0; Win64; x64) AppleWebKit/537.36 (KHTML, like Gecko) Chrome/86.0.4240.75 Safari/537.36"
20.124.11.213 - - [08/Jun/2022:05:30:00 +0200] "GET /uploads/Main/Medikamentenpreise_und_Medikamentenmarkt_in_der_Schweiz.pdf HTTP/1.1" 200 1455000 "-" "Mozilla/5.0 (Windows NT 10.0; Win64; x64) AppleWebKit/537.36 (KHTML, like Gecko) Chrome/86.0.4240.75 Safari/537.36"
194.209.200.2 - - [08/Jun/2022:05:31:00 +0200] "GET /robots.txt HTTP/1.1" 200 - "-" "Mozilla/5.0 (compatible; TMMBot/0.2; +http://www.dslab.ch)/Nutch-1.15"
194.209.200.2 - - [08/Jun/2022:05:31:01 +0200] "GET /Oddb2xml/Index HTTP/1.1" 200 8983 "-" "Mozilla/5.0 (compatible; TMMBot/0.2; +http://www.dslab.ch)/Nutch-1.15"
194.209.200.2 - - [08/Jun/2022:05:31:46 +0200] "GET /Software/YDIM HTTP/1.1" 200 8834 "-" "Mozilla/5.0 (compatible; TMMBot/0.2; +http://www.dslab.ch)/Nutch-1.15"
20.127.102.228 - - [08/Jun/2022:05:31:57 +0200] "GET /Software/SoftwareRaid?action=print HTTP/1.1" 200 6581 "-" "Mozilla/5.0 (Windows NT 10.0; Win64; x64) AppleWebKit/537.36 (KHTML, like Gecko) Chrome/86.0.4240.75 Safari/537.36"
20.127.102.228 - - [08/Jun/2022:05:32:27 +0200] "GET /AmiKo/IOS?action=edit HTTP/1.1" 200 9272 "-" "Mozilla/5.0 (Windows NT 10.0; Win64; x64) AppleWebKit/537.36 (KHTML, like Gecko) Chrome/86.0.4240.75 Safari/537.36"
194.209.200.2 - - [08/Jun/2022:05:32:54 +0200] "GET /ODDB/StammdatenCH HTTP/1.1" 200 9300 "-" "Mozilla/5.0 (compatible; TMMBot/0.2; +http://www.dslab.ch)/Nutch-1.15"
194.209.200.2 - - [08/Jun/2022:05:33:18 +0200] "GET /Main/2006 HTTP/1.1" 200 39320 "-" "Mozilla/5.0 (compatible; TMMBot/0.2; +http://www.dslab.ch)/Nutch-1.15"
194.209.200.2 - - [08/Jun/2022:05:33:45 +0200] "GET /Main/2013 HTTP/1.1" 200 20487 "-" "Mozilla/5.0 (compatible; TMMBot/0.2; +http://www.dslab.ch)/Nutch-1.15"
65.108.203.133 - - [08/Jun/2022:05:33:48 +0200] "GET /robots.txt HTTP/1.1" 200 - "-" "Mozilla/5.0 (compatible; MJ12bot/v1.4.8; http://mj12bot.com/)"
65.108.203.133 - - [08/Jun/2022:05:33:49 +0200] "GET /uploads/Main/296_Rund-mail_4.5.2006.txt HTTP/1.1" 200 1988 "-" "Mozilla/5.0 (compatible; MJ12bot/v1.4.8; http://mj12bot.com/)"
65.108.203.133 - - [08/Jun/2022:05:33:51 +0200] "GET /uploads/Main/297_Email_an_Christian_Dreger_4.5.2006.txt HTTP/1.1" 200 5607 "-" "Mozilla/5.0 (compatible; MJ12bot/v1.4.8; http://mj12bot.com/)"
65.108.203.133 - - [08/Jun/2022:05:33:53 +0200] "GET /uploads/Main/324_Email_an_Patric_Weber_11.8.2006.txt HTTP/1.1" 200 2031 "-" "Mozilla/5.0 (compatible; MJ12bot/v1.4.8; http://mj12bot.com/)"
194.209.200.2 - - [08/Jun/2022:05:33:54 +0200] "GET /AmiKo/IOS HTTP/1.1" 200 11930 "-" "Mozilla/5.0 (compatible; TMMBot/0.2; +http://www.dslab.ch)/Nutch-1.15"
65.108.203.133 - - [08/Jun/2022:05:33:56 +0200] "GET /uploads/Main/338_Email_an_hans-beat.jenny_9.10.2006.txt HTTP/1.1" 200 2596 "-" "Mozilla/5.0 (compatible; MJ12bot/v1.4.8; http://mj12bot.com/)"
65.108.203.133 - - [08/Jun/2022:05:33:58 +0200] "GET /uploads/Main/341_Email_an_andreas.wildi_9.10.2006.txt HTTP/1.1" 200 3781 "-" "Mozilla/5.0 (compatible; MJ12bot/v1.4.8; http://mj12bot.com/)"
194.209.200.2 - - [08/Jun/2022:05:34:00 +0200] "GET /Ywesee/Kontakt HTTP/1.1" 200 8973 "-" "Mozilla/5.0 (compatible; TMMBot/0.2; +http://www.dslab.ch)/Nutch-1.15"
20.127.102.228 - - [08/Jun/2022:05:33:59 +0200] "GET /Main/Home?action=diff HTTP/1.1" 200 563150 "-" "Mozilla/5.0 (Windows NT 10.0; Win64; x64) AppleWebKit/537.36 (KHTML, like Gecko) Chrome/86.0.4240.75 Safari/537.36"
20.127.102.228 - - [08/Jun/2022:05:34:13 +0200] "GET /Main/Home?action=diff&source=y&minor=n HTTP/1.1" 200 563150 "-" "Mozilla/5.0 (Windows NT 10.0; Win64; x64) AppleWebKit/537.36 (KHTML, like Gecko) Chrome/86.0.4240.75 Safari/537.36"
20.127.102.228 - - [08/Jun/2022:05:35:02 +0200] "GET /Ywesee/BitcoinBlockchain HTTP/1.1" 200 9811 "-" "Mozilla/5.0 (Windows NT 10.0; Win64; x64) AppleWebKit/537.36 (KHTML, like Gecko) Chrome/86.0.4240.75 Safari/537.36"
20.127.102.228 - - [08/Jun/2022:05:35:08 +0200] "GET /ODDB/IntegrationLookAmpFeelGenerikasuche?action=upload HTTP/1.1" 200 9140 "-" "Mozilla/5.0 (Windows NT 10.0; Win64; x64) AppleWebKit/537.36 (KHTML, like Gecko) Chrome/86.0.4240.75 Safari/537.36"
20.124.11.213 - - [08/Jun/2022:05:35:24 +0200] "GET /InfoCodex/Abstracts HTTP/1.1" 200 10102 "-" "Mozilla/5.0 (Windows NT 10.0; Win64; x64) AppleWebKit/537.36 (KHTML, like Gecko) Chrome/86.0.4240.75 Safari/537.36"
20.127.102.228 - - [08/Jun/2022:05:35:51 +0200] "GET /Generikacc/News23012018 HTTP/1.1" 200 9618 "-" "Mozilla/5.0 (Windows NT 10.0; Win64; x64) AppleWebKit/537.36 (KHTML, like Gecko) Chrome/86.0.4240.75 Safari/537.36"
194.209.200.2 - - [08/Jun/2022:05:35:51 +0200] "GET /Software/ODDB HTTP/1.1" 200 10298 "-" "Mozilla/5.0 (compatible; TMMBot/0.2; +http://www.dslab.ch)/Nutch-1.15"
20.124.11.213 - - [08/Jun/2022:05:36:06 +0200] "GET /AmiKo/Web?action=print HTTP/1.1" 200 4206 "-" "Mozilla/5.0 (Windows NT 10.0; Win64; x64) AppleWebKit/537.36 (KHTML, like Gecko) Chrome/86.0.4240.75 Safari/537.36"
194.209.200.2 - - [08/Jun/2022:05:36:18 +0200] "GET /Ausschreibung/SAI HTTP/1.1" 200 10366 "-" "Mozilla/5.0 (compatible; TMMBot/0.2; +http://www.dslab.ch)/Nutch-1.15"
213.59.139.31 - - [08/Jun/2022:05:36:49 +0200] "GET /apple-app-site-association HTTP/1.1" 404 289 "-" "Mozilla/5.0 (Windows NT 6.1; WOW64; rv:40.0) Gecko/20100101 Firefox/40.1"
213.59.139.31 - - [08/Jun/2022:05:36:49 +0200] "GET /apple-app-site-association HTTP/1.1" 404 289 "-" "Mozilla/5.0 (Windows NT 6.1; WOW64; rv:40.0) Gecko/20100101 Firefox/40.1"
46.187.38.31 - - [08/Jun/2022:05:36:51 +0200] "GET /apple-app-site-association HTTP/1.1" 404 285 "-" "Mozilla/5.0 (Windows NT 6.1; WOW64; rv:40.0) Gecko/20100101 Firefox/40.1"
213.59.139.31 - - [08/Jun/2022:05:36:52 +0200] "GET /apple-app-site-association HTTP/1.1" 404 285 "-" "Mozilla/5.0 (Windows NT 6.1; WOW64; rv:40.0) Gecko/20100101 Firefox/40.1"
213.59.139.31 - - [08/Jun/2022:05:36:53 +0200] "GET /.well-known/apple-app-site-association HTTP/1.1" 404 301 "-" "Mozilla/5.0 (Windows NT 6.1; WOW64; rv:40.0) Gecko/20100101 Firefox/40.1"
213.59.139.31 - - [08/Jun/2022:05:36:55 +0200] "GET /.well-known/apple-app-site-association HTTP/1.1" 404 301 "-" "Mozilla/5.0 (Windows NT 6.1; WOW64; rv:40.0) Gecko/20100101 Firefox/40.1"
194.209.200.2 - - [08/Jun/2022:05:36:55 +0200] "GET /Main/2009 HTTP/1.1" 200 21688 "-" "Mozilla/5.0 (compatible; TMMBot/0.2; +http://www.dslab.ch)/Nutch-1.15"
46.187.38.31 - - [08/Jun/2022:05:36:55 +0200] "GET /.well-known/apple-app-site-association HTTP/1.1" 404 297 "-" "Mozilla/5.0 (Windows NT 6.1; WOW64; rv:40.0) Gecko/20100101 Firefox/40.1"
