64.227.90.185 - - [05/Jun/2022:05:12:48 +0200] "GET /sitemap.xml HTTP/1.1" 404 274 "-" "-"
64.227.90.185 - - [05/Jun/2022:05:12:50 +0200] "GET /.well-known/security.txt HTTP/1.1" 404 287 "-" "-"
64.227.90.185 - - [05/Jun/2022:05:12:54 +0200] "GET /favicon.ico HTTP/1.1" 200 1406 "-" "Mozilla/5.0 (Macintosh; Intel Mac OS X 10.15; rv:80.0) Gecko/20100101 Firefox/80.0"
207.46.13.39 - - [05/Jun/2022:05:23:37 +0200] "GET / HTTP/1.1" 200 11562 "-" "Mozilla/5.0 (compatible; bingbot/2.0; +http://www.bing.com/bingbot.htm)"
199.58.86.211 - - [05/Jun/2022:05:29:49 +0200] "GET /robots.txt HTTP/1.1" 200 - "-" "Mozilla/5.0 (compatible; MJ12bot/v1.4.8; http://mj12bot.com/)"
199.58.86.211 - - [05/Jun/2022:05:29:53 +0200] "GET / HTTP/1.1" 200 11562 "-" "Mozilla/5.0 (compatible; MJ12bot/v1.4.8; http://mj12bot.com/)"
199.58.86.211 - - [05/Jun/2022:05:30:06 +0200] "GET / HTTP/1.1" 200 11562 "-" "Mozilla/5.0 (compatible; MJ12bot/v1.4.8; http://mj12bot.com/)"
194.209.200.2 - - [05/Jun/2022:05:30:32 +0200] "GET /robots.txt HTTP/1.1" 200 - "-" "Mozilla/5.0 (compatible; TMMBot/0.2; +http://www.dslab.ch)/Nutch-1.15"
194.209.200.2 - - [05/Jun/2022:05:30:32 +0200] "GET /Oddb2xml/Index HTTP/1.1" 200 8983 "-" "Mozilla/5.0 (compatible; TMMBot/0.2; +http://www.dslab.ch)/Nutch-1.15"
194.209.200.2 - - [05/Jun/2022:05:31:02 +0200] "GET /AmiKo/Windows HTTP/1.1" 200 10332 "-" "Mozilla/5.0 (compatible; TMMBot/0.2; +http://www.dslab.ch)/Nutch-1.15"
194.209.200.2 - - [05/Jun/2022:05:31:21 +0200] "GET /Software/YDIM HTTP/1.1" 200 8834 "-" "Mozilla/5.0 (compatible; TMMBot/0.2; +http://www.dslab.ch)/Nutch-1.15"
194.209.200.2 - - [05/Jun/2022:05:33:44 +0200] "GET /AmiKo/IOS HTTP/1.1" 200 11930 "-" "Mozilla/5.0 (compatible; TMMBot/0.2; +http://www.dslab.ch)/Nutch-1.15"
194.209.200.2 - - [05/Jun/2022:05:34:00 +0200] "GET /Software/Spreadsheet HTTP/1.1" 200 8839 "-" "Mozilla/5.0 (compatible; TMMBot/0.2; +http://www.dslab.ch)/Nutch-1.15"
194.209.200.2 - - [05/Jun/2022:05:35:56 +0200] "GET /Software/ODDB HTTP/1.1" 200 10298 "-" "Mozilla/5.0 (compatible; TMMBot/0.2; +http://www.dslab.ch)/Nutch-1.15"
194.209.200.2 - - [05/Jun/2022:05:36:27 +0200] "GET /Ausschreibung/SAI HTTP/1.1" 200 10366 "-" "Mozilla/5.0 (compatible; TMMBot/0.2; +http://www.dslab.ch)/Nutch-1.15"
194.209.200.2 - - [05/Jun/2022:05:37:08 +0200] "GET /Main/2009 HTTP/1.1" 200 21688 "-" "Mozilla/5.0 (compatible; TMMBot/0.2; +http://www.dslab.ch)/Nutch-1.15"
194.209.200.2 - - [05/Jun/2022:05:37:24 +0200] "GET /Software/BBMB HTTP/1.1" 200 9385 "-" "Mozilla/5.0 (compatible; TMMBot/0.2; +http://www.dslab.ch)/Nutch-1.15"
194.209.200.2 - - [05/Jun/2022:05:37:36 +0200] "GET /Main/2016 HTTP/1.1" 200 13689 "-" "Mozilla/5.0 (compatible; TMMBot/0.2; +http://www.dslab.ch)/Nutch-1.15"
194.209.200.2 - - [05/Jun/2022:05:37:45 +0200] "GET /Main/2014 HTTP/1.1" 200 19471 "-" "Mozilla/5.0 (compatible; TMMBot/0.2; +http://www.dslab.ch)/Nutch-1.15"
194.209.200.2 - - [05/Jun/2022:05:38:01 +0200] "GET /ODDB/IntegrationLookAmpFeelGenerikasuche HTTP/1.1" 200 9097 "-" "Mozilla/5.0 (compatible; TMMBot/0.2; +http://www.dslab.ch)/Nutch-1.15"
194.209.200.2 - - [05/Jun/2022:05:38:10 +0200] "GET /Main/ComCo19122016 HTTP/1.1" 200 10547 "-" "Mozilla/5.0 (compatible; TMMBot/0.2; +http://www.dslab.ch)/Nutch-1.15"
85.208.98.18 - - [05/Jun/2022:05:39:08 +0200] "GET / HTTP/1.1" 200 11562 "-" "Mozilla/5.0 (compatible; SemrushBot; +http://www.semrush.com/bot.html)"
185.191.171.44 - - [05/Jun/2022:05:39:45 +0200] "GET /Oddb2xml/Index?action=diff HTTP/1.1" 403 18 "-" "Mozilla/5.0 (compatible; SemrushBot/7~bl; +http://www.semrush.com/bot.html)"
85.208.98.18 - - [05/Jun/2022:05:39:54 +0200] "HEAD /Main/Home?action=upload HTTP/1.1" 403 - "-" "Mozilla/5.0 (compatible; SemrushBot; +http://www.semrush.com/bot.html)"
85.208.98.18 - - [05/Jun/2022:05:39:54 +0200] "HEAD /Main/Home?action=print HTTP/1.1" 403 - "-" "Mozilla/5.0 (compatible; SemrushBot; +http://www.semrush.com/bot.html)"
85.208.98.18 - - [05/Jun/2022:05:39:54 +0200] "HEAD /uploads/Main/B-2597_2017.pdf HTTP/1.1" 200 - "-" "Mozilla/5.0 (compatible; SemrushBot; +http://www.semrush.com/bot.html)"
85.208.98.18 - - [05/Jun/2022:05:39:54 +0200] "HEAD /Ywesee/About HTTP/1.1" 200 - "-" "Mozilla/5.0 (compatible; SemrushBot; +http://www.semrush.com/bot.html)"
85.208.98.18 - - [05/Jun/2022:05:39:54 +0200] "HEAD /AmiKo/OSX HTTP/1.1" 200 - "-" "Mozilla/5.0 (compatible; SemrushBot; +http://www.semrush.com/bot.html)"
85.208.98.18 - - [05/Jun/2022:05:39:54 +0200] "HEAD /Software/Spreadsheet HTTP/1.1" 200 - "-" "Mozilla/5.0 (compatible; SemrushBot; +http://www.semrush.com/bot.html)"
85.208.98.18 - - [05/Jun/2022:05:39:54 +0200] "HEAD /Main/Home HTTP/1.1" 200 - "-" "Mozilla/5.0 (compatible; SemrushBot; +http://www.semrush.com/bot.html)"
85.208.98.18 - - [05/Jun/2022:05:39:54 +0200] "HEAD /AmiKo/IOS HTTP/1.1" 200 - "-" "Mozilla/5.0 (compatible; SemrushBot; +http://www.semrush.com/bot.html)"
85.208.98.18 - - [05/Jun/2022:05:39:54 +0200] "HEAD /Ywesee/Team HTTP/1.1" 200 - "-" "Mozilla/5.0 (compatible; SemrushBot; +http://www.semrush.com/bot.html)"
85.208.98.18 - - [05/Jun/2022:05:39:54 +0200] "HEAD /Main/DocumedGalenicaVsYwesee HTTP/1.1" 200 - "-" "Mozilla/5.0 (compatible; SemrushBot; +http://www.semrush.com/bot.html)"
85.208.98.18 - - [05/Jun/2022:05:39:54 +0200] "HEAD /Software/ODDB HTTP/1.1" 200 - "-" "Mozilla/5.0 (compatible; SemrushBot; +http://www.semrush.com/bot.html)"
85.208.98.18 - - [05/Jun/2022:05:39:54 +0200] "HEAD /Main/2009 HTTP/1.1" 200 - "-" "Mozilla/5.0 (compatible; SemrushBot; +http://www.semrush.com/bot.html)"
85.208.98.18 - - [05/Jun/2022:05:39:54 +0200] "HEAD /Software/YDIM HTTP/1.1" 200 - "-" "Mozilla/5.0 (compatible; SemrushBot; +http://www.semrush.com/bot.html)"
85.208.98.18 - - [05/Jun/2022:05:39:54 +0200] "HEAD /AmiKo/Android HTTP/1.1" 200 - "-" "Mozilla/5.0 (compatible; SemrushBot; +http://www.semrush.com/bot.html)"
85.208.98.18 - - [05/Jun/2022:05:39:54 +0200] "HEAD /Main/Home?action=diff HTTP/1.1" 403 - "-" "Mozilla/5.0 (compatible; SemrushBot; +http://www.semrush.com/bot.html)"
85.208.98.18 - - [05/Jun/2022:05:39:54 +0200] "HEAD /Main/Home HTTP/1.1" 200 - "-" "Mozilla/5.0 (compatible; SemrushBot; +http://www.semrush.com/bot.html)"
85.208.98.18 - - [05/Jun/2022:05:39:54 +0200] "HEAD /Main/2016 HTTP/1.1" 200 - "-" "Mozilla/5.0 (compatible; SemrushBot; +http://www.semrush.com/bot.html)"
85.208.98.18 - - [05/Jun/2022:05:39:54 +0200] "HEAD /Ywesee/Events HTTP/1.1" 200 - "-" "Mozilla/5.0 (compatible; SemrushBot; +http://www.semrush.com/bot.html)"
85.208.98.18 - - [05/Jun/2022:05:39:54 +0200] "HEAD /AmiKo/Web HTTP/1.1" 200 - "-" "Mozilla/5.0 (compatible; SemrushBot; +http://www.semrush.com/bot.html)"
85.208.98.18 - - [05/Jun/2022:05:39:54 +0200] "HEAD /Ywesee/Kontakt HTTP/1.1" 200 - "-" "Mozilla/5.0 (compatible; SemrushBot; +http://www.semrush.com/bot.html)"
85.208.98.18 - - [05/Jun/2022:05:39:54 +0200] "HEAD /Main/2021 HTTP/1.1" 200 - "-" "Mozilla/5.0 (compatible; SemrushBot; +http://www.semrush.com/bot.html)"
85.208.98.18 - - [05/Jun/2022:05:39:54 +0200] "HEAD /Main/Home?action=edit HTTP/1.1" 403 - "-" "Mozilla/5.0 (compatible; SemrushBot; +http://www.semrush.com/bot.html)"
85.208.98.18 - - [05/Jun/2022:05:39:54 +0200] "HEAD /Main/Home HTTP/1.1" 200 - "-" "Mozilla/5.0 (compatible; SemrushBot; +http://www.semrush.com/bot.html)"
85.208.98.18 - - [05/Jun/2022:05:39:54 +0200] "HEAD /Oddb2xml/Index HTTP/1.1" 200 - "-" "Mozilla/5.0 (compatible; SemrushBot; +http://www.semrush.com/bot.html)"
85.208.98.18 - - [05/Jun/2022:05:39:54 +0200] "HEAD /Main/2006 HTTP/1.1" 200 - "-" "Mozilla/5.0 (compatible; SemrushBot; +http://www.semrush.com/bot.html)"
85.208.98.18 - - [05/Jun/2022:05:39:54 +0200] "HEAD /Main/2019 HTTP/1.1" 200 - "-" "Mozilla/5.0 (compatible; SemrushBot; +http://www.semrush.com/bot.html)"
85.208.98.18 - - [05/Jun/2022:05:39:54 +0200] "HEAD /Software/XMLConv HTTP/1.1" 200 - "-" "Mozilla/5.0 (compatible; SemrushBot; +http://www.semrush.com/bot.html)"
85.208.98.18 - - [05/Jun/2022:05:39:54 +0200] "HEAD / HTTP/1.1" 200 - "-" "Mozilla/5.0 (compatible; SemrushBot; +http://www.semrush.com/bot.html)"
85.208.98.18 - - [05/Jun/2022:05:39:54 +0200] "HEAD /Main/2010 HTTP/1.1" 200 - "-" "Mozilla/5.0 (compatible; SemrushBot; +http://www.semrush.com/bot.html)"
85.208.98.18 - - [05/Jun/2022:05:39:54 +0200] "HEAD /Main/2012 HTTP/1.1" 200 - "-" "Mozilla/5.0 (compatible; SemrushBot; +http://www.semrush.com/bot.html)"
85.208.98.18 - - [05/Jun/2022:05:39:54 +0200] "HEAD /Main/Home?action=edit HTTP/1.1" 403 - "-" "Mozilla/5.0 (compatible; SemrushBot; +http://www.semrush.com/bot.html)"
85.208.98.18 - - [05/Jun/2022:05:39:54 +0200] "HEAD /Main/SideBar?action=edit HTTP/1.1" 403 - "-" "Mozilla/5.0 (compatible; SemrushBot; +http://www.semrush.com/bot.html)"
85.208.98.18 - - [05/Jun/2022:05:39:54 +0200] "HEAD /Main/Home?action=print HTTP/1.1" 403 - "-" "Mozilla/5.0 (compatible; SemrushBot; +http://www.semrush.com/bot.html)"
85.208.98.18 - - [05/Jun/2022:05:39:54 +0200] "HEAD /Main/2017 HTTP/1.1" 200 - "-" "Mozilla/5.0 (compatible; SemrushBot; +http://www.semrush.com/bot.html)"
85.208.98.18 - - [05/Jun/2022:05:39:54 +0200] "HEAD /ODDB/IntegrationLookAmpFeelGenerikasuche HTTP/1.1" 200 - "-" "Mozilla/5.0 (compatible; SemrushBot; +http://www.semrush.com/bot.html)"
85.208.98.18 - - [05/Jun/2022:05:39:54 +0200] "HEAD /Main/2008 HTTP/1.1" 200 - "-" "Mozilla/5.0 (compatible; SemrushBot; +http://www.semrush.com/bot.html)"
85.208.98.18 - - [05/Jun/2022:05:39:54 +0200] "HEAD /AmiKo/Linux HTTP/1.1" 200 - "-" "Mozilla/5.0 (compatible; SemrushBot; +http://www.semrush.com/bot.html)"
85.208.98.18 - - [05/Jun/2022:05:39:54 +0200] "HEAD /Main/SearchWiki HTTP/1.1" 200 - "-" "Mozilla/5.0 (compatible; SemrushBot; +http://www.semrush.com/bot.html)"
85.208.98.18 - - [05/Jun/2022:05:39:54 +0200] "HEAD /Main/2014 HTTP/1.1" 200 - "-" "Mozilla/5.0 (compatible; SemrushBot; +http://www.semrush.com/bot.html)"
85.208.98.18 - - [05/Jun/2022:05:39:54 +0200] "HEAD /ODDB/StammdatenCH HTTP/1.1" 200 - "-" "Mozilla/5.0 (compatible; SemrushBot; +http://www.semrush.com/bot.html)"
85.208.98.18 - - [05/Jun/2022:05:39:54 +0200] "HEAD /Main/2013 HTTP/1.1" 200 - "-" "Mozilla/5.0 (compatible; SemrushBot; +http://www.semrush.com/bot.html)"
85.208.98.18 - - [05/Jun/2022:05:39:54 +0200] "HEAD /Software/SoftwareRaid HTTP/1.1" 200 - "-" "Mozilla/5.0 (compatible; SemrushBot; +http://www.semrush.com/bot.html)"
85.208.98.18 - - [05/Jun/2022:05:39:54 +0200] "HEAD /Software/BBMB HTTP/1.1" 200 - "-" "Mozilla/5.0 (compatible; SemrushBot; +http://www.semrush.com/bot.html)"
85.208.98.18 - - [05/Jun/2022:05:39:54 +0200] "HEAD /Main/Home?n=Main.SideBar?action=edit HTTP/1.1" 403 - "-" "Mozilla/5.0 (compatible; SemrushBot; +http://www.semrush.com/bot.html)"
85.208.98.18 - - [05/Jun/2022:05:39:54 +0200] "HEAD /Main/2005 HTTP/1.1" 200 - "-" "Mozilla/5.0 (compatible; SemrushBot; +http://www.semrush.com/bot.html)"
85.208.98.18 - - [05/Jun/2022:05:39:54 +0200] "HEAD /Ywesee/OpenSource HTTP/1.1" 200 - "-" "Mozilla/5.0 (compatible; SemrushBot; +http://www.semrush.com/bot.html)"
85.208.98.18 - - [05/Jun/2022:05:39:54 +0200] "HEAD /Generikacc/App HTTP/1.1" 200 - "-" "Mozilla/5.0 (compatible; SemrushBot; +http://www.semrush.com/bot.html)"
85.208.98.18 - - [05/Jun/2022:05:39:54 +0200] "HEAD /Site/AllRecentChanges?action=rss HTTP/1.1" 200 - "-" "Mozilla/5.0 (compatible; SemrushBot; +http://www.semrush.com/bot.html)"
85.208.98.18 - - [05/Jun/2022:05:39:54 +0200] "HEAD /Main/Home?action=upload HTTP/1.1" 403 - "-" "Mozilla/5.0 (compatible; SemrushBot; +http://www.semrush.com/bot.html)"
85.208.98.18 - - [05/Jun/2022:05:39:55 +0200] "HEAD /uploads/Main/B-2597_2017_fr.pdf HTTP/1.1" 200 - "-" "Mozilla/5.0 (compatible; SemrushBot; +http://www.semrush.com/bot.html)"
85.208.98.18 - - [05/Jun/2022:05:39:54 +0200] "HEAD /Main/2020 HTTP/1.1" 200 - "-" "Mozilla/5.0 (compatible; SemrushBot; +http://www.semrush.com/bot.html)"
85.208.98.18 - - [05/Jun/2022:05:39:55 +0200] "HEAD /Main/Home?action=diff HTTP/1.1" 403 - "-" "Mozilla/5.0 (compatible; SemrushBot; +http://www.semrush.com/bot.html)"
85.208.98.18 - - [05/Jun/2022:05:39:55 +0200] "HEAD /Main/2018 HTTP/1.1" 200 - "-" "Mozilla/5.0 (compatible; SemrushBot; +http://www.semrush.com/bot.html)"
85.208.98.18 - - [05/Jun/2022:05:39:55 +0200] "HEAD /AmiKo/Windows HTTP/1.1" 200 - "-" "Mozilla/5.0 (compatible; SemrushBot; +http://www.semrush.com/bot.html)"
85.208.98.18 - - [05/Jun/2022:05:39:55 +0200] "HEAD /Main/2004 HTTP/1.1" 200 - "-" "Mozilla/5.0 (compatible; SemrushBot; +http://www.semrush.com/bot.html)"
85.208.98.18 - - [05/Jun/2022:05:39:55 +0200] "HEAD /Ywesee/InfoCodex HTTP/1.1" 200 - "-" "Mozilla/5.0 (compatible; SemrushBot; +http://www.semrush.com/bot.html)"
85.208.98.18 - - [05/Jun/2022:05:39:55 +0200] "HEAD /Main/2015 HTTP/1.1" 200 - "-" "Mozilla/5.0 (compatible; SemrushBot; +http://www.semrush.com/bot.html)"
85.208.98.18 - - [05/Jun/2022:05:39:55 +0200] "HEAD /Main/2011 HTTP/1.1" 200 - "-" "Mozilla/5.0 (compatible; SemrushBot; +http://www.semrush.com/bot.html)"
85.208.98.18 - - [05/Jun/2022:05:39:55 +0200] "HEAD /ODDB/IndividuelleMediliste HTTP/1.1" 200 - "-" "Mozilla/5.0 (compatible; SemrushBot; +http://www.semrush.com/bot.html)"
85.208.98.18 - - [05/Jun/2022:05:39:55 +0200] "HEAD /Main/2007 HTTP/1.1" 200 - "-" "Mozilla/5.0 (compatible; SemrushBot; +http://www.semrush.com/bot.html)"
185.191.171.43 - - [05/Jun/2022:05:54:06 +0200] "GET /robots.txt HTTP/1.1" 200 - "-" "Mozilla/5.0 (compatible; SemrushBot/7~bl; +http://www.semrush.com/bot.html)"
185.191.171.13 - - [05/Jun/2022:05:54:06 +0200] "GET /Ywesee/InfoCodexVorgehen?action=edit HTTP/1.1" 403 18 "-" "Mozilla/5.0 (compatible; SemrushBot/7~bl; +http://www.semrush.com/bot.html)"
66.249.76.87 - - [05/Jun/2022:05:54:12 +0200] "GET /Wiget/PhMPrescriber HTTP/1.1" 200 9312 "-" "Mozilla/5.0 (Linux; Android 6.0.1; Nexus 5X Build/MMB29P) AppleWebKit/537.36 (KHTML, like Gecko) Chrome/101.0.4951.64 Mobile Safari/537.36 (compatible; Googlebot/2.1; +http://www.google.com/bot.html)"
93.159.230.83 - - [05/Jun/2022:05:56:01 +0200] "GET / HTTP/1.1" 200 11562 "http://ywesee.com" "Mozilla/5.0 (Windows NT 10.0; Win64; x64) AppleWebKit/537.36 (KHTML, like Gecko) Chrome/71.0.3578.98 Safari/537.36"
77.74.177.119 - - [05/Jun/2022:05:56:01 +0200] "GET / HTTP/1.1" 200 11562 "http://ywesee.com" "Mozilla/5.0 (Windows NT 10.0; Win64; x64) AppleWebKit/537.36 (KHTML, like Gecko) Chrome/71.0.3578.98 Safari/537.36"
93.159.230.88 - - [05/Jun/2022:05:56:01 +0200] "GET / HTTP/1.1" 200 11562 "http://ywesee.com" "Mozilla/5.0 (Windows NT 10.0; Win64; x64) AppleWebKit/537.36 (KHTML, like Gecko) Chrome/71.0.3578.98 Safari/537.36"
93.159.230.83 - - [05/Jun/2022:05:56:01 +0200] "GET / HTTP/1.1" 200 11562 "http://ywesee.com" "Mozilla/5.0 (Windows NT 10.0; Win64; x64) AppleWebKit/537.36 (KHTML, like Gecko) Chrome/71.0.3578.98 Safari/537.36"
194.209.200.2 - - [05/Jun/2022:06:04:32 +0200] "GET /robots.txt HTTP/1.1" 200 - "-" "Mozilla/5.0 (compatible; TMMBot/0.2; +http://www.dslab.ch)/Nutch-1.15"
194.209.200.2 - - [05/Jun/2022:06:04:32 +0200] "GET /Oddb2xml/Index HTTP/1.1" 200 8983 "-" "Mozilla/5.0 (compatible; TMMBot/0.2; +http://www.dslab.ch)/Nutch-1.15"
194.209.200.2 - - [05/Jun/2022:06:05:18 +0200] "GET /Software/YDIM HTTP/1.1" 200 8834 "-" "Mozilla/5.0 (compatible; TMMBot/0.2; +http://www.dslab.ch)/Nutch-1.15"
194.209.200.2 - - [05/Jun/2022:06:06:49 +0200] "GET /Main/2006 HTTP/1.1" 200 39320 "-" "Mozilla/5.0 (compatible; TMMBot/0.2; +http://www.dslab.ch)/Nutch-1.15"
194.209.200.2 - - [05/Jun/2022:06:07:25 +0200] "GET /Main/2011 HTTP/1.1" 200 21451 "-" "Mozilla/5.0 (compatible; TMMBot/0.2; +http://www.dslab.ch)/Nutch-1.15"
194.209.200.2 - - [05/Jun/2022:06:07:26 +0200] "GET /AmiKo/IOS HTTP/1.1" 200 11930 "-" "Mozilla/5.0 (compatible; TMMBot/0.2; +http://www.dslab.ch)/Nutch-1.15"
194.209.200.2 - - [05/Jun/2022:06:07:41 +0200] "GET /Software/Spreadsheet HTTP/1.1" 200 8839 "-" "Mozilla/5.0 (compatible; TMMBot/0.2; +http://www.dslab.ch)/Nutch-1.15"
194.209.200.2 - - [05/Jun/2022:06:09:26 +0200] "GET /Software/ODDB HTTP/1.1" 200 10298 "-" "Mozilla/5.0 (compatible; TMMBot/0.2; +http://www.dslab.ch)/Nutch-1.15"
194.209.200.2 - - [05/Jun/2022:06:09:54 +0200] "GET /Ausschreibung/SAI HTTP/1.1" 200 10366 "-" "Mozilla/5.0 (compatible; TMMBot/0.2; +http://www.dslab.ch)/Nutch-1.15"
194.209.200.2 - - [05/Jun/2022:06:10:57 +0200] "GET /Main/2016 HTTP/1.1" 200 13689 "-" "Mozilla/5.0 (compatible; TMMBot/0.2; +http://www.dslab.ch)/Nutch-1.15"
194.209.200.2 - - [05/Jun/2022:06:11:05 +0200] "GET /Main/2014 HTTP/1.1" 200 19471 "-" "Mozilla/5.0 (compatible; TMMBot/0.2; +http://www.dslab.ch)/Nutch-1.15"
194.209.200.2 - - [05/Jun/2022:06:11:19 +0200] "GET /ODDB/IntegrationLookAmpFeelGenerikasuche HTTP/1.1" 200 9097 "-" "Mozilla/5.0 (compatible; TMMBot/0.2; +http://www.dslab.ch)/Nutch-1.15"
45.150.27.78 - - [05/Jun/2022:06:11:24 +0200] "GET /apple-app-site-association HTTP/1.1" 404 289 "-" "Mozilla/5.0 (Windows NT 6.1; WOW64; rv:40.0) Gecko/20100101 Firefox/40.1"
45.150.27.78 - - [05/Jun/2022:06:11:24 +0200] "GET /apple-app-site-association HTTP/1.1" 404 289 "-" "Mozilla/5.0 (Windows NT 6.1; WOW64; rv:40.0) Gecko/20100101 Firefox/40.1"
5.44.173.63 - - [05/Jun/2022:06:11:27 +0200] "GET /apple-app-site-association HTTP/1.1" 404 285 "-" "Mozilla/5.0 (Windows NT 6.1; WOW64; rv:40.0) Gecko/20100101 Firefox/40.1"
5.44.173.63 - - [05/Jun/2022:06:11:27 +0200] "GET /apple-app-site-association HTTP/1.1" 404 285 "-" "Mozilla/5.0 (Windows NT 6.1; WOW64; rv:40.0) Gecko/20100101 Firefox/40.1"
194.209.200.2 - - [05/Jun/2022:06:11:27 +0200] "GET /Main/ComCo19122016 HTTP/1.1" 200 10547 "-" "Mozilla/5.0 (compatible; TMMBot/0.2; +http://www.dslab.ch)/Nutch-1.15"
5.44.173.63 - - [05/Jun/2022:06:11:30 +0200] "GET /.well-known/apple-app-site-association HTTP/1.1" 404 301 "-" "Mozilla/5.0 (Windows NT 6.1; WOW64; rv:40.0) Gecko/20100101 Firefox/40.1"
5.44.173.63 - - [05/Jun/2022:06:11:30 +0200] "GET /.well-known/apple-app-site-association HTTP/1.1" 404 301 "-" "Mozilla/5.0 (Windows NT 6.1; WOW64; rv:40.0) Gecko/20100101 Firefox/40.1"
5.44.173.63 - - [05/Jun/2022:06:11:32 +0200] "GET /.well-known/apple-app-site-association HTTP/1.1" 404 297 "-" "Mozilla/5.0 (Windows NT 6.1; WOW64; rv:40.0) Gecko/20100101 Firefox/40.1"
5.44.173.63 - - [05/Jun/2022:06:11:32 +0200] "GET /.well-known/apple-app-site-association HTTP/1.1" 404 297 "-" "Mozilla/5.0 (Windows NT 6.1; WOW64; rv:40.0) Gecko/20100101 Firefox/40.1"
185.191.171.43 - - [05/Jun/2022:06:18:00 +0200] "GET /Software/Spreadsheet?action=print HTTP/1.1" 403 18 "-" "Mozilla/5.0 (compatible; SemrushBot/7~bl; +http://www.semrush.com/bot.html)"
54.36.149.11 - - [05/Jun/2022:06:20:52 +0200] "GET /AmiKo/Swisspeddose HTTP/1.1" 200 10537 "-" "Mozilla/5.0 (compatible; AhrefsBot/7.0; +http://ahrefs.com/robot/)"
205.210.31.137 - - [05/Jun/2022:06:22:49 +0200] "GET / HTTP/1.1" 200 11562 "-" "Expanse, a Palo Alto Networks company, searches across the global IPv4 space multiple times per day to identify customers&#39; presences on the Internet. If you would like to be excluded from our scans, please send IP addresses/domains to: scaninfo@paloaltonetworks.com"
89.246.241.14 - - [05/Jun/2022:06:33:53 +0200] "GET / HTTP/1.1" 200 11562 "-" "Mozilla/5.0 (Windows NT 10.0; Win64; x64; rv:84.0) Gecko/20100101 Firefox/84.0"
194.209.200.2 - - [05/Jun/2022:06:35:01 +0200] "GET /robots.txt HTTP/1.1" 200 - "-" "Mozilla/5.0 (compatible; TMMBot/0.2; +http://www.dslab.ch)/Nutch-1.15"
194.209.200.2 - - [05/Jun/2022:06:35:02 +0200] "GET /Oddb2xml/Index HTTP/1.1" 200 8983 "-" "Mozilla/5.0 (compatible; TMMBot/0.2; +http://www.dslab.ch)/Nutch-1.15"
194.209.200.2 - - [05/Jun/2022:06:35:37 +0200] "GET /AmiKo/Linux HTTP/1.1" 200 9217 "-" "Mozilla/5.0 (compatible; TMMBot/0.2; +http://www.dslab.ch)/Nutch-1.15"
194.209.200.2 - - [05/Jun/2022:06:36:30 +0200] "GET /Software/YDIM HTTP/1.1" 200 8834 "-" "Mozilla/5.0 (compatible; TMMBot/0.2; +http://www.dslab.ch)/Nutch-1.15"
54.36.149.94 - - [05/Jun/2022:06:37:37 +0200] "GET /Pic2Shop/BarcodeScanner HTTP/1.1" 200 8908 "-" "Mozilla/5.0 (compatible; AhrefsBot/7.0; +http://ahrefs.com/robot/)"
194.209.200.2 - - [05/Jun/2022:06:39:33 +0200] "GET /Main/2004 HTTP/1.1" 200 14080 "-" "Mozilla/5.0 (compatible; TMMBot/0.2; +http://www.dslab.ch)/Nutch-1.15"
185.191.171.4 - - [05/Jun/2022:06:39:40 +0200] "GET /AmiKo/SAPP?action=print HTTP/1.1" 403 18 "-" "Mozilla/5.0 (compatible; SemrushBot/7~bl; +http://www.semrush.com/bot.html)"
194.209.200.2 - - [05/Jun/2022:06:40:22 +0200] "GET /Main/2013 HTTP/1.1" 200 20487 "-" "Mozilla/5.0 (compatible; TMMBot/0.2; +http://www.dslab.ch)/Nutch-1.15"
194.209.200.2 - - [05/Jun/2022:06:40:39 +0200] "GET /AmiKo/IOS HTTP/1.1" 200 11930 "-" "Mozilla/5.0 (compatible; TMMBot/0.2; +http://www.dslab.ch)/Nutch-1.15"
194.209.200.2 - - [05/Jun/2022:06:41:05 +0200] "GET /Software/Spreadsheet HTTP/1.1" 200 8839 "-" "Mozilla/5.0 (compatible; TMMBot/0.2; +http://www.dslab.ch)/Nutch-1.15"
54.36.148.176 - - [05/Jun/2022:06:42:50 +0200] "GET /Main/Home?action=upload HTTP/1.1" 403 18 "-" "Mozilla/5.0 (compatible; AhrefsBot/7.0; +http://ahrefs.com/robot/)"
185.191.171.7 - - [05/Jun/2022:06:43:43 +0200] "GET /ODDB/ODDBxml?n=Main.SideBar%3Faction%3Dedit HTTP/1.1" 302 157 "-" "Mozilla/5.0 (compatible; SemrushBot/7~bl; +http://www.semrush.com/bot.html)"
194.209.200.2 - - [05/Jun/2022:06:44:06 +0200] "GET /Software/ODDB HTTP/1.1" 200 10298 "-" "Mozilla/5.0 (compatible; TMMBot/0.2; +http://www.dslab.ch)/Nutch-1.15"
194.209.200.2 - - [05/Jun/2022:06:45:11 +0200] "GET /Ausschreibung/SAI HTTP/1.1" 200 10366 "-" "Mozilla/5.0 (compatible; TMMBot/0.2; +http://www.dslab.ch)/Nutch-1.15"
54.36.148.185 - - [05/Jun/2022:06:45:58 +0200] "GET /Main/2008 HTTP/1.1" 200 34740 "-" "Mozilla/5.0 (compatible; AhrefsBot/7.0; +http://ahrefs.com/robot/)"
194.209.200.2 - - [05/Jun/2022:06:46:32 +0200] "GET /Main/2009 HTTP/1.1" 200 21688 "-" "Mozilla/5.0 (compatible; TMMBot/0.2; +http://www.dslab.ch)/Nutch-1.15"
194.209.200.2 - - [05/Jun/2022:06:47:24 +0200] "GET /Main/2016 HTTP/1.1" 200 13689 "-" "Mozilla/5.0 (compatible; TMMBot/0.2; +http://www.dslab.ch)/Nutch-1.15"
194.209.200.2 - - [05/Jun/2022:06:47:38 +0200] "GET /Main/2014 HTTP/1.1" 200 19471 "-" "Mozilla/5.0 (compatible; TMMBot/0.2; +http://www.dslab.ch)/Nutch-1.15"
194.209.200.2 - - [05/Jun/2022:06:48:05 +0200] "GET /ODDB/IntegrationLookAmpFeelGenerikasuche HTTP/1.1" 200 9097 "-" "Mozilla/5.0 (compatible; TMMBot/0.2; +http://www.dslab.ch)/Nutch-1.15"
54.36.148.217 - - [05/Jun/2022:06:48:10 +0200] "GET /AmiKo/KrankenkassenKartenleser HTTP/1.1" 200 9504 "-" "Mozilla/5.0 (compatible; AhrefsBot/7.0; +http://ahrefs.com/robot/)"
194.209.200.2 - - [05/Jun/2022:06:48:18 +0200] "GET /Main/ComCo19122016 HTTP/1.1" 200 10547 "-" "Mozilla/5.0 (compatible; TMMBot/0.2; +http://www.dslab.ch)/Nutch-1.15"
54.36.148.19 - - [05/Jun/2022:06:50:18 +0200] "GET /RedLaser/BarcodeScanner HTTP/1.1" 200 9033 "-" "Mozilla/5.0 (compatible; AhrefsBot/7.0; +http://ahrefs.com/robot/)"
54.36.148.175 - - [05/Jun/2022:06:52:11 +0200] "GET /ODDB/OddbDat HTTP/1.1" 200 8661 "-" "Mozilla/5.0 (compatible; AhrefsBot/7.0; +http://ahrefs.com/robot/)"
148.251.121.91 - - [05/Jun/2022:06:53:22 +0200] "HEAD / HTTP/1.1" 200 - "-" "DomainStatsBot/1.0 (https://domainstats.com/pages/our-bot)"
148.251.121.91 - - [05/Jun/2022:06:53:22 +0200] "GET /robots.txt HTTP/1.1" 200 - "-" "DomainStatsBot/1.0 (https://domainstats.com/pages/our-bot)"
148.251.121.91 - - [05/Jun/2022:06:53:22 +0200] "GET / HTTP/1.1" 200 11562 "-" "DomainStatsBot/1.0 (https://domainstats.com/pages/our-bot)"
136.243.222.140 - - [05/Jun/2022:06:53:30 +0200] "GET /Main/2017 HTTP/1.1" 200 15840 "-" "DomainStatsBot/1.0 (https://domainstats.com/pages/our-bot)"
136.243.222.140 - - [05/Jun/2022:06:53:40 +0200] "GET /Software/BBMB HTTP/1.1" 200 9385 "-" "DomainStatsBot/1.0 (https://domainstats.com/pages/our-bot)"
136.243.59.237 - - [05/Jun/2022:06:54:04 +0200] "GET /Site/AllRecentChanges?action=rss HTTP/1.1" 200 2546 "-" "DomainStatsBot/1.0 (https://domainstats.com/pages/our-bot)"
136.243.59.237 - - [05/Jun/2022:06:54:15 +0200] "GET /Main/2006 HTTP/1.1" 200 39320 "-" "DomainStatsBot/1.0 (https://domainstats.com/pages/our-bot)"
136.243.17.142 - - [05/Jun/2022:06:54:31 +0200] "GET /Main/2010 HTTP/1.1" 200 27997 "-" "DomainStatsBot/1.0 (https://domainstats.com/pages/our-bot)"
136.243.59.237 - - [05/Jun/2022:06:54:34 +0200] "GET /Main/2007 HTTP/1.1" 200 50639 "-" "DomainStatsBot/1.0 (https://domainstats.com/pages/our-bot)"
136.243.17.142 - - [05/Jun/2022:06:54:35 +0200] "GET /Main/2016 HTTP/1.1" 200 13689 "-" "DomainStatsBot/1.0 (https://domainstats.com/pages/our-bot)"
136.243.222.140 - - [05/Jun/2022:06:54:42 +0200] "GET /Main/2015 HTTP/1.1" 200 15908 "-" "DomainStatsBot/1.0 (https://domainstats.com/pages/our-bot)"
136.243.222.140 - - [05/Jun/2022:06:54:53 +0200] "GET /Main/2019 HTTP/1.1" 200 15246 "-" "DomainStatsBot/1.0 (https://domainstats.com/pages/our-bot)"
93.159.230.83 - - [05/Jun/2022:06:55:59 +0200] "GET / HTTP/1.1" 200 11562 "http://ywesee.com" "Mozilla/5.0 (Windows NT 10.0; Win64; x64) AppleWebKit/537.36 (KHTML, like Gecko) Chrome/71.0.3578.98 Safari/537.36"
93.159.230.89 - - [05/Jun/2022:06:55:59 +0200] "GET / HTTP/1.1" 200 11562 "http://ywesee.com" "Mozilla/5.0 (Windows NT 10.0; Win64; x64) AppleWebKit/537.36 (KHTML, like Gecko) Chrome/71.0.3578.98 Safari/537.36"
136.243.59.237 - - [05/Jun/2022:06:56:08 +0200] "GET /Main/Home?action=print HTTP/1.1" 403 18 "-" "DomainStatsBot/1.0 (https://domainstats.com/pages/our-bot)"
136.243.222.140 - - [05/Jun/2022:06:56:11 +0200] "GET /Software/YDIM HTTP/1.1" 200 8834 "-" "DomainStatsBot/1.0 (https://domainstats.com/pages/our-bot)"
136.243.59.237 - - [05/Jun/2022:06:56:31 +0200] "GET /ODDB/StammdatenCH HTTP/1.1" 200 9300 "-" "DomainStatsBot/1.0 (https://domainstats.com/pages/our-bot)"
136.243.17.142 - - [05/Jun/2022:06:57:13 +0200] "GET /Ywesee/Kontakt HTTP/1.1" 200 8973 "-" "DomainStatsBot/1.0 (https://domainstats.com/pages/our-bot)"
185.191.171.5 - - [05/Jun/2022:06:57:16 +0200] "GET /robots.txt HTTP/1.1" 200 - "-" "Mozilla/5.0 (compatible; SemrushBot/7~bl; +http://www.semrush.com/bot.html)"
185.191.171.23 - - [05/Jun/2022:06:57:17 +0200] "GET /Main/SocialMedia?n=Main.SideBar%3Faction%3Dedit HTTP/1.1" 302 157 "-" "Mozilla/5.0 (compatible; SemrushBot/7~bl; +http://www.semrush.com/bot.html)"
136.243.17.142 - - [05/Jun/2022:06:57:21 +0200] "GET /Ywesee/About HTTP/1.1" 200 9132 "-" "DomainStatsBot/1.0 (https://domainstats.com/pages/our-bot)"
136.243.222.140 - - [05/Jun/2022:06:57:22 +0200] "GET /Ywesee/Team HTTP/1.1" 200 18245 "-" "DomainStatsBot/1.0 (https://domainstats.com/pages/our-bot)"
136.243.222.140 - - [05/Jun/2022:06:57:38 +0200] "GET /AmiKo/Android HTTP/1.1" 200 10427 "-" "DomainStatsBot/1.0 (https://domainstats.com/pages/our-bot)"
136.243.222.140 - - [05/Jun/2022:06:58:00 +0200] "GET /Main/2008 HTTP/1.1" 200 34740 "-" "DomainStatsBot/1.0 (https://domainstats.com/pages/our-bot)"
136.243.59.237 - - [05/Jun/2022:06:58:03 +0200] "GET /Main/2013 HTTP/1.1" 200 20487 "-" "DomainStatsBot/1.0 (https://domainstats.com/pages/our-bot)"
136.243.17.142 - - [05/Jun/2022:06:58:08 +0200] "GET /Main/Home?action=edit HTTP/1.1" 403 18 "-" "DomainStatsBot/1.0 (https://domainstats.com/pages/our-bot)"
136.243.17.142 - - [05/Jun/2022:06:58:27 +0200] "GET /ODDB/IntegrationLookAmpFeelGenerikasuche HTTP/1.1" 200 9097 "-" "DomainStatsBot/1.0 (https://domainstats.com/pages/our-bot)"
136.243.17.142 - - [05/Jun/2022:06:58:28 +0200] "GET /Software/SoftwareRaid HTTP/1.1" 200 12104 "-" "DomainStatsBot/1.0 (https://domainstats.com/pages/our-bot)"
136.243.222.140 - - [05/Jun/2022:06:58:44 +0200] "GET /Main/Home?n=Main.SideBar?action=edit HTTP/1.1" 403 18 "-" "DomainStatsBot/1.0 (https://domainstats.com/pages/our-bot)"
136.243.59.237 - - [05/Jun/2022:06:59:37 +0200] "GET /Oddb2xml/Index HTTP/1.1" 200 8983 "-" "DomainStatsBot/1.0 (https://domainstats.com/pages/our-bot)"
136.243.17.142 - - [05/Jun/2022:07:01:38 +0200] "GET /Main/2011 HTTP/1.1" 200 21451 "-" "DomainStatsBot/1.0 (https://domainstats.com/pages/our-bot)"
65.21.226.48 - - [05/Jun/2022:07:01:42 +0200] "GET /robots.txt HTTP/1.1" 200 - "-" "Mozilla/5.0 (compatible; SEOkicks; +https://www.seokicks.de/robot.html)"
65.21.226.48 - - [05/Jun/2022:07:01:43 +0200] "GET / HTTP/1.1" 200 11562 "http://ywesee.com/" "Mozilla/5.0 (compatible; SEOkicks; +https://www.seokicks.de/robot.html)"
65.21.226.48 - - [05/Jun/2022:07:01:44 +0200] "GET /GNU/Emacs HTTP/1.1" 404 8339 "https://ywesee.com/" "Mozilla/5.0 (compatible; SEOkicks; +https://www.seokicks.de/robot.html)"
136.243.59.237 - - [05/Jun/2022:07:01:55 +0200] "GET /Ywesee/InfoCodex HTTP/1.1" 200 24435 "-" "DomainStatsBot/1.0 (https://domainstats.com/pages/our-bot)"
136.243.17.142 - - [05/Jun/2022:07:02:11 +0200] "GET /Main/2014 HTTP/1.1" 200 19471 "-" "DomainStatsBot/1.0 (https://domainstats.com/pages/our-bot)"
136.243.59.237 - - [05/Jun/2022:07:03:28 +0200] "GET /AmiKo/OSX HTTP/1.1" 200 9772 "-" "DomainStatsBot/1.0 (https://domainstats.com/pages/our-bot)"
136.243.222.140 - - [05/Jun/2022:07:03:34 +0200] "GET /Main/2020 HTTP/1.1" 200 15398 "-" "DomainStatsBot/1.0 (https://domainstats.com/pages/our-bot)"
136.243.17.142 - - [05/Jun/2022:07:07:09 +0200] "GET /Ywesee/Events HTTP/1.1" 200 8918 "-" "DomainStatsBot/1.0 (https://domainstats.com/pages/our-bot)"
136.243.17.142 - - [05/Jun/2022:07:07:15 +0200] "GET /AmiKo/Windows HTTP/1.1" 200 10332 "-" "DomainStatsBot/1.0 (https://domainstats.com/pages/our-bot)"
136.243.59.237 - - [05/Jun/2022:07:07:37 +0200] "GET /ODDB/IndividuelleMediliste HTTP/1.1" 200 9139 "-" "DomainStatsBot/1.0 (https://domainstats.com/pages/our-bot)"
136.243.17.142 - - [05/Jun/2022:07:07:38 +0200] "GET /Main/2004 HTTP/1.1" 200 14080 "-" "DomainStatsBot/1.0 (https://domainstats.com/pages/our-bot)"
136.243.17.142 - - [05/Jun/2022:07:07:46 +0200] "GET /Ywesee/OpenSource HTTP/1.1" 200 10790 "-" "DomainStatsBot/1.0 (https://domainstats.com/pages/our-bot)"
136.243.59.237 - - [05/Jun/2022:07:08:03 +0200] "GET /Main/Home HTTP/1.1" 200 11562 "-" "DomainStatsBot/1.0 (https://domainstats.com/pages/our-bot)"
205.210.31.135 - - [05/Jun/2022:07:08:07 +0200] "GET / HTTP/1.1" 200 11562 "http://62.12.131.41:80/" "Expanse, a Palo Alto Networks company, searches across the global IPv4 space multiple times per day to identify customers&#39; presences on the Internet. If you would like to be excluded from our scans, please send IP addresses/domains to: scaninfo@paloaltonetworks.com"
136.243.17.142 - - [05/Jun/2022:07:10:04 +0200] "GET /AmiKo/IOS HTTP/1.1" 200 11930 "-" "DomainStatsBot/1.0 (https://domainstats.com/pages/our-bot)"
136.243.59.237 - - [05/Jun/2022:07:10:30 +0200] "GET /Software/ODDB HTTP/1.1" 200 10298 "-" "DomainStatsBot/1.0 (https://domainstats.com/pages/our-bot)"
136.243.59.237 - - [05/Jun/2022:07:12:20 +0200] "GET /Software/XMLConv HTTP/1.1" 200 8709 "-" "DomainStatsBot/1.0 (https://domainstats.com/pages/our-bot)"
136.243.17.142 - - [05/Jun/2022:07:14:01 +0200] "GET /Main/2021 HTTP/1.1" 200 16484 "-" "DomainStatsBot/1.0 (https://domainstats.com/pages/our-bot)"
136.243.17.142 - - [05/Jun/2022:07:14:30 +0200] "GET /Generikacc/App HTTP/1.1" 200 11862 "-" "DomainStatsBot/1.0 (https://domainstats.com/pages/our-bot)"
194.209.200.2 - - [05/Jun/2022:07:15:31 +0200] "GET /robots.txt HTTP/1.1" 200 - "-" "Mozilla/5.0 (compatible; TMMBot/0.2; +http://www.dslab.ch)/Nutch-1.15"
194.209.200.2 - - [05/Jun/2022:07:15:31 +0200] "GET /Oddb2xml/Index HTTP/1.1" 200 8983 "-" "Mozilla/5.0 (compatible; TMMBot/0.2; +http://www.dslab.ch)/Nutch-1.15"
194.209.200.2 - - [05/Jun/2022:07:15:47 +0200] "GET /AmiKo/Linux HTTP/1.1" 200 9217 "-" "Mozilla/5.0 (compatible; TMMBot/0.2; +http://www.dslab.ch)/Nutch-1.15"
136.243.59.237 - - [05/Jun/2022:07:15:56 +0200] "GET /Main/Home?action=upload HTTP/1.1" 403 18 "-" "DomainStatsBot/1.0 (https://domainstats.com/pages/our-bot)"
194.209.200.2 - - [05/Jun/2022:07:16:14 +0200] "GET /Software/YDIM HTTP/1.1" 200 8834 "-" "Mozilla/5.0 (compatible; TMMBot/0.2; +http://www.dslab.ch)/Nutch-1.15"
136.243.59.237 - - [05/Jun/2022:07:17:54 +0200] "GET /Software/Spreadsheet HTTP/1.1" 200 8839 "-" "DomainStatsBot/1.0 (https://domainstats.com/pages/our-bot)"
194.209.200.2 - - [05/Jun/2022:07:18:20 +0200] "GET /AmiKo/IOS HTTP/1.1" 200 11930 "-" "Mozilla/5.0 (compatible; TMMBot/0.2; +http://www.dslab.ch)/Nutch-1.15"
194.209.200.2 - - [05/Jun/2022:07:18:35 +0200] "GET /Software/Spreadsheet HTTP/1.1" 200 8839 "-" "Mozilla/5.0 (compatible; TMMBot/0.2; +http://www.dslab.ch)/Nutch-1.15"
194.209.200.2 - - [05/Jun/2022:07:20:15 +0200] "GET /Software/ODDB HTTP/1.1" 200 10298 "-" "Mozilla/5.0 (compatible; TMMBot/0.2; +http://www.dslab.ch)/Nutch-1.15"
136.243.17.142 - - [05/Jun/2022:07:20:16 +0200] "GET /Main/2012 HTTP/1.1" 200 31941 "-" "DomainStatsBot/1.0 (https://domainstats.com/pages/our-bot)"
136.243.17.142 - - [05/Jun/2022:07:20:40 +0200] "GET /Main/2009 HTTP/1.1" 200 21688 "-" "DomainStatsBot/1.0 (https://domainstats.com/pages/our-bot)"
194.209.200.2 - - [05/Jun/2022:07:20:42 +0200] "GET /Ausschreibung/SAI HTTP/1.1" 200 10366 "-" "Mozilla/5.0 (compatible; TMMBot/0.2; +http://www.dslab.ch)/Nutch-1.15"
136.243.17.142 - - [05/Jun/2022:07:20:51 +0200] "GET /AmiKo/Web HTTP/1.1" 200 9588 "-" "DomainStatsBot/1.0 (https://domainstats.com/pages/our-bot)"
136.243.17.142 - - [05/Jun/2022:07:20:54 +0200] "GET /Main/SideBar?action=edit HTTP/1.1" 403 18 "-" "DomainStatsBot/1.0 (https://domainstats.com/pages/our-bot)"
185.191.171.18 - - [05/Jun/2022:07:21:06 +0200] "GET /ODDB/ODDBxml?action=diff HTTP/1.1" 403 18 "-" "Mozilla/5.0 (compatible; SemrushBot/7~bl; +http://www.semrush.com/bot.html)"
194.209.200.2 - - [05/Jun/2022:07:21:18 +0200] "GET /Main/2009 HTTP/1.1" 200 21688 "-" "Mozilla/5.0 (compatible; TMMBot/0.2; +http://www.dslab.ch)/Nutch-1.15"
194.209.200.2 - - [05/Jun/2022:07:21:25 +0200] "GET /Main/2007 HTTP/1.1" 200 50639 "-" "Mozilla/5.0 (compatible; TMMBot/0.2; +http://www.dslab.ch)/Nutch-1.15"
194.209.200.2 - - [05/Jun/2022:07:21:42 +0200] "GET /Main/2016 HTTP/1.1" 200 13689 "-" "Mozilla/5.0 (compatible; TMMBot/0.2; +http://www.dslab.ch)/Nutch-1.15"
194.209.200.2 - - [05/Jun/2022:07:21:50 +0200] "GET /Main/2014 HTTP/1.1" 200 19471 "-" "Mozilla/5.0 (compatible; TMMBot/0.2; +http://www.dslab.ch)/Nutch-1.15"
194.209.200.2 - - [05/Jun/2022:07:22:04 +0200] "GET /ODDB/IntegrationLookAmpFeelGenerikasuche HTTP/1.1" 200 9097 "-" "Mozilla/5.0 (compatible; TMMBot/0.2; +http://www.dslab.ch)/Nutch-1.15"
194.209.200.2 - - [05/Jun/2022:07:22:12 +0200] "GET /Main/ComCo19122016 HTTP/1.1" 200 10547 "-" "Mozilla/5.0 (compatible; TMMBot/0.2; +http://www.dslab.ch)/Nutch-1.15"
136.243.222.140 - - [05/Jun/2022:07:25:53 +0200] "GET /Main/2005 HTTP/1.1" 200 63344 "-" "DomainStatsBot/1.0 (https://domainstats.com/pages/our-bot)"
136.243.59.237 - - [05/Jun/2022:07:27:25 +0200] "GET /Main/Home?action=diff HTTP/1.1" 403 18 "-" "DomainStatsBot/1.0 (https://domainstats.com/pages/our-bot)"
185.191.171.40 - - [05/Jun/2022:07:28:16 +0200] "GET /Main/2007?n=Main.SideBar%3Faction%3Dedit HTTP/1.1" 302 157 "-" "Mozilla/5.0 (compatible; SemrushBot/7~bl; +http://www.semrush.com/bot.html)"
89.246.241.14 - - [05/Jun/2022:07:30:38 +0200] "GET /Main/Home?action=diff HTTP/1.1" 200 539209 "-" "Mozilla/5.0 (Windows NT 10.0; Win64; x64; rv:84.0) Gecko/20100101 Firefox/84.0"
89.246.241.14 - - [05/Jun/2022:07:30:46 +0200] "GET /uploads/Main/B-2597_2017.pdf HTTP/1.1" 200 3342329 "-" "Mozilla/5.0 (Windows NT 10.0; Win64; x64; rv:84.0) Gecko/20100101 Firefox/84.0"
89.246.241.14 - - [05/Jun/2022:07:31:07 +0200] "GET /uploads/Main/B-2597_2017_fr.pdf HTTP/1.1" 200 1537286 "-" "Mozilla/5.0 (Windows NT 10.0; Win64; x64; rv:84.0) Gecko/20100101 Firefox/84.0"
185.191.171.9 - - [05/Jun/2022:07:32:02 +0200] "GET /CoMed/ASPP?action=edit HTTP/1.1" 403 18 "-" "Mozilla/5.0 (compatible; SemrushBot/7~bl; +http://www.semrush.com/bot.html)"
136.243.222.140 - - [05/Jun/2022:07:33:03 +0200] "GET /AmiKo/Linux HTTP/1.1" 200 9217 "-" "DomainStatsBot/1.0 (https://domainstats.com/pages/our-bot)"
136.243.222.140 - - [05/Jun/2022:07:34:58 +0200] "GET /Main/2018 HTTP/1.1" 200 15425 "-" "DomainStatsBot/1.0 (https://domainstats.com/pages/our-bot)"
40.77.167.35 - - [05/Jun/2022:07:36:15 +0200] "GET /AmiKo/OSX HTTP/1.1" 200 9772 "-" "Mozilla/5.0 (compatible; bingbot/2.0; +http://www.bing.com/bingbot.htm)"
136.243.222.140 - - [05/Jun/2022:07:40:42 +0200] "GET /Main/DocumedGalenicaVsYwesee HTTP/1.1" 200 35251 "-" "DomainStatsBot/1.0 (https://domainstats.com/pages/our-bot)"
54.36.149.7 - - [05/Jun/2022:07:44:20 +0200] "GET /Ywesee/BitcoinBlockchain HTTP/1.1" 200 9811 "-" "Mozilla/5.0 (compatible; AhrefsBot/7.0; +http://ahrefs.com/robot/)"
185.191.171.9 - - [05/Jun/2022:07:49:21 +0200] "GET /Software/YDIM?action=edit HTTP/1.1" 403 18 "-" "Mozilla/5.0 (compatible; SemrushBot/7~bl; +http://www.semrush.com/bot.html)"
194.209.200.2 - - [05/Jun/2022:07:56:48 +0200] "GET /robots.txt HTTP/1.1" 200 - "-" "Mozilla/5.0 (compatible; TMMBot/0.2; +http://www.dslab.ch)/Nutch-1.15"
194.209.200.2 - - [05/Jun/2022:07:56:48 +0200] "GET /Oddb2xml/Index HTTP/1.1" 200 8983 "-" "Mozilla/5.0 (compatible; TMMBot/0.2; +http://www.dslab.ch)/Nutch-1.15"
194.209.200.2 - - [05/Jun/2022:07:57:04 +0200] "GET /AmiKo/Linux HTTP/1.1" 200 9217 "-" "Mozilla/5.0 (compatible; TMMBot/0.2; +http://www.dslab.ch)/Nutch-1.15"
66.249.76.89 - - [05/Jun/2022:07:57:08 +0200] "GET /ads.txt HTTP/1.1" 404 270 "-" "Mozilla/5.0 (compatible; Googlebot/2.1; +http://www.google.com/bot.html)"
194.209.200.2 - - [05/Jun/2022:07:57:31 +0200] "GET /Software/YDIM HTTP/1.1" 200 8834 "-" "Mozilla/5.0 (compatible; TMMBot/0.2; +http://www.dslab.ch)/Nutch-1.15"
194.209.200.2 - - [05/Jun/2022:07:59:33 +0200] "GET /AmiKo/IOS HTTP/1.1" 200 11930 "-" "Mozilla/5.0 (compatible; TMMBot/0.2; +http://www.dslab.ch)/Nutch-1.15"
194.209.200.2 - - [05/Jun/2022:07:59:47 +0200] "GET /Software/Spreadsheet HTTP/1.1" 200 8839 "-" "Mozilla/5.0 (compatible; TMMBot/0.2; +http://www.dslab.ch)/Nutch-1.15"
194.209.200.2 - - [05/Jun/2022:08:01:31 +0200] "GET /Software/ODDB HTTP/1.1" 200 10298 "-" "Mozilla/5.0 (compatible; TMMBot/0.2; +http://www.dslab.ch)/Nutch-1.15"
194.209.200.2 - - [05/Jun/2022:08:01:57 +0200] "GET /Ausschreibung/SAI HTTP/1.1" 200 10366 "-" "Mozilla/5.0 (compatible; TMMBot/0.2; +http://www.dslab.ch)/Nutch-1.15"
194.209.200.2 - - [05/Jun/2022:08:02:33 +0200] "GET /Main/2009 HTTP/1.1" 200 21688 "-" "Mozilla/5.0 (compatible; TMMBot/0.2; +http://www.dslab.ch)/Nutch-1.15"
185.191.171.35 - - [05/Jun/2022:08:02:40 +0200] "GET /robots.txt HTTP/1.1" 200 - "-" "Mozilla/5.0 (compatible; SemrushBot/7~bl; +http://www.semrush.com/bot.html)"
185.191.171.44 - - [05/Jun/2022:08:02:41 +0200] "GET /ODDB/OddbDat?action=print HTTP/1.1" 403 18 "-" "Mozilla/5.0 (compatible; SemrushBot/7~bl; +http://www.semrush.com/bot.html)"
185.191.171.1 - - [05/Jun/2022:08:02:57 +0200] "GET /Main/2004?n=Main.SideBar%3Faction%3Dedit HTTP/1.1" 302 157 "-" "Mozilla/5.0 (compatible; SemrushBot/7~bl; +http://www.semrush.com/bot.html)"
194.209.200.2 - - [05/Jun/2022:08:02:57 +0200] "GET /Main/2016 HTTP/1.1" 200 13689 "-" "Mozilla/5.0 (compatible; TMMBot/0.2; +http://www.dslab.ch)/Nutch-1.15"
194.209.200.2 - - [05/Jun/2022:08:03:05 +0200] "GET /Main/2014 HTTP/1.1" 200 19471 "-" "Mozilla/5.0 (compatible; TMMBot/0.2; +http://www.dslab.ch)/Nutch-1.15"
194.209.200.2 - - [05/Jun/2022:08:03:19 +0200] "GET /ODDB/IntegrationLookAmpFeelGenerikasuche HTTP/1.1" 200 9097 "-" "Mozilla/5.0 (compatible; TMMBot/0.2; +http://www.dslab.ch)/Nutch-1.15"
194.209.200.2 - - [05/Jun/2022:08:03:27 +0200] "GET /Main/ComCo19122016 HTTP/1.1" 200 10547 "-" "Mozilla/5.0 (compatible; TMMBot/0.2; +http://www.dslab.ch)/Nutch-1.15"
49.7.20.84 - - [05/Jun/2022:08:10:31 +0200] "GET / HTTP/1.1" 200 11562 "-" "Sogou web spider/4.0(+http://www.sogou.com/docs/help/webmasters.htm#07)"
185.191.171.39 - - [05/Jun/2022:08:13:33 +0200] "GET /Software/ODBA?action=diff HTTP/1.1" 403 18 "-" "Mozilla/5.0 (compatible; SemrushBot/7~bl; +http://www.semrush.com/bot.html)"
194.209.200.2 - - [05/Jun/2022:08:39:37 +0200] "GET /robots.txt HTTP/1.1" 200 - "-" "Mozilla/5.0 (compatible; TMMBot/0.2; +http://www.dslab.ch)/Nutch-1.15"
194.209.200.2 - - [05/Jun/2022:08:39:37 +0200] "GET /Oddb2xml/Index HTTP/1.1" 200 8983 "-" "Mozilla/5.0 (compatible; TMMBot/0.2; +http://www.dslab.ch)/Nutch-1.15"
194.209.200.2 - - [05/Jun/2022:08:40:29 +0200] "GET /Software/YDIM HTTP/1.1" 200 8834 "-" "Mozilla/5.0 (compatible; TMMBot/0.2; +http://www.dslab.ch)/Nutch-1.15"
194.209.200.2 - - [05/Jun/2022:08:42:41 +0200] "GET /AmiKo/IOS HTTP/1.1" 200 11930 "-" "Mozilla/5.0 (compatible; TMMBot/0.2; +http://www.dslab.ch)/Nutch-1.15"
194.209.200.2 - - [05/Jun/2022:08:42:57 +0200] "GET /Software/Spreadsheet HTTP/1.1" 200 8839 "-" "Mozilla/5.0 (compatible; TMMBot/0.2; +http://www.dslab.ch)/Nutch-1.15"
194.209.200.2 - - [05/Jun/2022:08:44:43 +0200] "GET /Software/ODDB HTTP/1.1" 200 10298 "-" "Mozilla/5.0 (compatible; TMMBot/0.2; +http://www.dslab.ch)/Nutch-1.15"
194.209.200.2 - - [05/Jun/2022:08:45:11 +0200] "GET /Ausschreibung/SAI HTTP/1.1" 200 10366 "-" "Mozilla/5.0 (compatible; TMMBot/0.2; +http://www.dslab.ch)/Nutch-1.15"
52.13.45.196 - - [05/Jun/2022:08:45:24 +0200] "GET / HTTP/1.1" 200 11562 "-" "Mozilla/5.0 (X11; Linux x86_64) AppleWebKit/537.36 (KHTML, like Gecko) Chrome/83.0.4103.97 Safari/537.36"
194.209.200.2 - - [05/Jun/2022:08:45:50 +0200] "GET /Main/2009 HTTP/1.1" 200 21688 "-" "Mozilla/5.0 (compatible; TMMBot/0.2; +http://www.dslab.ch)/Nutch-1.15"
194.209.200.2 - - [05/Jun/2022:08:46:16 +0200] "GET /Main/2016 HTTP/1.1" 200 13689 "-" "Mozilla/5.0 (compatible; TMMBot/0.2; +http://www.dslab.ch)/Nutch-1.15"
194.209.200.2 - - [05/Jun/2022:08:46:23 +0200] "GET /Main/2014 HTTP/1.1" 200 19471 "-" "Mozilla/5.0 (compatible; TMMBot/0.2; +http://www.dslab.ch)/Nutch-1.15"
194.209.200.2 - - [05/Jun/2022:08:46:37 +0200] "GET /ODDB/IntegrationLookAmpFeelGenerikasuche HTTP/1.1" 200 9097 "-" "Mozilla/5.0 (compatible; TMMBot/0.2; +http://www.dslab.ch)/Nutch-1.15"
194.209.200.2 - - [05/Jun/2022:08:46:46 +0200] "GET /Main/ComCo19122016 HTTP/1.1" 200 10547 "-" "Mozilla/5.0 (compatible; TMMBot/0.2; +http://www.dslab.ch)/Nutch-1.15"
54.36.148.210 - - [05/Jun/2022:08:49:53 +0200] "GET /robots.txt HTTP/1.1" 200 - "-" "Mozilla/5.0 (compatible; AhrefsBot/7.0; +http://ahrefs.com/robot/)"
54.36.148.14 - - [05/Jun/2022:08:49:54 +0200] "GET /AmiKo/OSXRezeptfunktion HTTP/1.1" 200 13751 "-" "Mozilla/5.0 (compatible; AhrefsBot/7.0; +http://ahrefs.com/robot/)"
114.119.140.174 - - [05/Jun/2022:08:56:17 +0200] "GET /robots.txt HTTP/1.1" 200 - "-" "Mozilla/5.0 (compatible;PetalBot;+https://webmaster.petalsearch.com/site/petalbot)"
185.191.171.44 - - [05/Jun/2022:09:07:05 +0200] "GET /robots.txt HTTP/1.1" 200 - "-" "Mozilla/5.0 (compatible; SemrushBot/7~bl; +http://www.semrush.com/bot.html)"
185.191.171.9 - - [05/Jun/2022:09:07:06 +0200] "GET /Oddb2xml/Index?action=print HTTP/1.1" 403 18 "-" "Mozilla/5.0 (compatible; SemrushBot/7~bl; +http://www.semrush.com/bot.html)"
194.209.200.2 - - [05/Jun/2022:09:13:15 +0200] "GET /robots.txt HTTP/1.1" 200 - "-" "Mozilla/5.0 (compatible; TMMBot/0.2; +http://www.dslab.ch)/Nutch-1.15"
194.209.200.2 - - [05/Jun/2022:09:13:15 +0200] "GET /Oddb2xml/Index HTTP/1.1" 200 8983 "-" "Mozilla/5.0 (compatible; TMMBot/0.2; +http://www.dslab.ch)/Nutch-1.15"
194.209.200.2 - - [05/Jun/2022:09:14:00 +0200] "GET /Software/YDIM HTTP/1.1" 200 8834 "-" "Mozilla/5.0 (compatible; TMMBot/0.2; +http://www.dslab.ch)/Nutch-1.15"
194.209.200.2 - - [05/Jun/2022:09:16:10 +0200] "GET /AmiKo/IOS HTTP/1.1" 200 11930 "-" "Mozilla/5.0 (compatible; TMMBot/0.2; +http://www.dslab.ch)/Nutch-1.15"
194.209.200.2 - - [05/Jun/2022:09:16:16 +0200] "GET /Ywesee/Kontakt HTTP/1.1" 200 8973 "-" "Mozilla/5.0 (compatible; TMMBot/0.2; +http://www.dslab.ch)/Nutch-1.15"
194.209.200.2 - - [05/Jun/2022:09:16:26 +0200] "GET /Software/Spreadsheet HTTP/1.1" 200 8839 "-" "Mozilla/5.0 (compatible; TMMBot/0.2; +http://www.dslab.ch)/Nutch-1.15"
194.209.200.2 - - [05/Jun/2022:09:18:10 +0200] "GET /Software/ODDB HTTP/1.1" 200 10298 "-" "Mozilla/5.0 (compatible; TMMBot/0.2; +http://www.dslab.ch)/Nutch-1.15"
194.209.200.2 - - [05/Jun/2022:09:18:37 +0200] "GET /Ausschreibung/SAI HTTP/1.1" 200 10366 "-" "Mozilla/5.0 (compatible; TMMBot/0.2; +http://www.dslab.ch)/Nutch-1.15"
194.209.200.2 - - [05/Jun/2022:09:19:16 +0200] "GET /Main/2009 HTTP/1.1" 200 21688 "-" "Mozilla/5.0 (compatible; TMMBot/0.2; +http://www.dslab.ch)/Nutch-1.15"
194.209.200.2 - - [05/Jun/2022:09:19:40 +0200] "GET /Main/2016 HTTP/1.1" 200 13689 "-" "Mozilla/5.0 (compatible; TMMBot/0.2; +http://www.dslab.ch)/Nutch-1.15"
194.209.200.2 - - [05/Jun/2022:09:19:48 +0200] "GET /Main/2014 HTTP/1.1" 200 19471 "-" "Mozilla/5.0 (compatible; TMMBot/0.2; +http://www.dslab.ch)/Nutch-1.15"
194.209.200.2 - - [05/Jun/2022:09:20:01 +0200] "GET /ODDB/IntegrationLookAmpFeelGenerikasuche HTTP/1.1" 200 9097 "-" "Mozilla/5.0 (compatible; TMMBot/0.2; +http://www.dslab.ch)/Nutch-1.15"
194.209.200.2 - - [05/Jun/2022:09:20:03 +0200] "GET /Main/2010 HTTP/1.1" 200 27997 "-" "Mozilla/5.0 (compatible; TMMBot/0.2; +http://www.dslab.ch)/Nutch-1.15"
194.209.200.2 - - [05/Jun/2022:09:20:09 +0200] "GET /Main/ComCo19122016 HTTP/1.1" 200 10547 "-" "Mozilla/5.0 (compatible; TMMBot/0.2; +http://www.dslab.ch)/Nutch-1.15"
194.209.200.2 - - [05/Jun/2022:09:20:10 +0200] "GET /Eggze/SpreadIt HTTP/1.1" 200 12537 "-" "Mozilla/5.0 (compatible; TMMBot/0.2; +http://www.dslab.ch)/Nutch-1.15"
65.21.226.48 - - [05/Jun/2022:09:33:49 +0200] "GET /robots.txt HTTP/1.1" 200 - "-" "Mozilla/5.0 (compatible; SEOkicks; +https://www.seokicks.de/robot.html)"
89.246.241.14 - - [05/Jun/2022:09:33:50 +0200] "GET / HTTP/1.1" 200 11562 "-" "Mozilla/5.0 (Windows NT 10.0; Win64; x64; rv:84.0) Gecko/20100101 Firefox/84.0"
65.21.226.48 - - [05/Jun/2022:09:33:50 +0200] "GET /Site/AllRecentChanges?action=rss HTTP/1.1" 200 2546 "https://ywesee.com/" "Mozilla/5.0 (compatible; SEOkicks; +https://www.seokicks.de/robot.html)"
65.21.226.48 - - [05/Jun/2022:09:33:52 +0200] "GET / HTTP/1.1" 200 11562 "https://ywesee.com/" "Mozilla/5.0 (compatible; SEOkicks; +https://www.seokicks.de/robot.html)"
65.21.226.48 - - [05/Jun/2022:09:33:53 +0200] "GET /GNU/Emacs HTTP/1.1" 404 8339 "https://www.ywesee.com/" "Mozilla/5.0 (compatible; SEOkicks; +https://www.seokicks.de/robot.html)"
65.21.226.48 - - [05/Jun/2022:09:33:54 +0200] "GET /Main/Home HTTP/1.1" 200 11562 "https://ywesee.com/" "Mozilla/5.0 (compatible; SEOkicks; +https://www.seokicks.de/robot.html)"
65.21.226.48 - - [05/Jun/2022:09:33:55 +0200] "GET /Main/GNU/Emacs HTTP/1.1" 404 250 "https://www.ywesee.com/Main/Home" "Mozilla/5.0 (compatible; SEOkicks; +https://www.seokicks.de/robot.html)"
65.21.226.48 - - [05/Jun/2022:09:33:57 +0200] "GET /Ywesee/About HTTP/1.1" 200 9132 "https://ywesee.com/" "Mozilla/5.0 (compatible; SEOkicks; +https://www.seokicks.de/robot.html)"
65.21.226.48 - - [05/Jun/2022:09:33:58 +0200] "GET /Ywesee/GNU/Emacs HTTP/1.1" 404 250 "https://www.ywesee.com/Ywesee/About" "Mozilla/5.0 (compatible; SEOkicks; +https://www.seokicks.de/robot.html)"
65.21.226.48 - - [05/Jun/2022:09:33:59 +0200] "GET /Ywesee/Events HTTP/1.1" 200 8918 "https://ywesee.com/" "Mozilla/5.0 (compatible; SEOkicks; +https://www.seokicks.de/robot.html)"
65.21.226.48 - - [05/Jun/2022:09:34:01 +0200] "GET /Ywesee/OpenSource HTTP/1.1" 200 10790 "https://ywesee.com/" "Mozilla/5.0 (compatible; SEOkicks; +https://www.seokicks.de/robot.html)"
65.21.226.48 - - [05/Jun/2022:09:34:02 +0200] "GET /Ywesee/Team HTTP/1.1" 200 18245 "https://ywesee.com/" "Mozilla/5.0 (compatible; SEOkicks; +https://www.seokicks.de/robot.html)"
123.125.109.38 - - [05/Jun/2022:09:35:53 +0200] "GET / HTTP/1.1" 200 11562 "-" "Sogou web spider/4.0(+http://www.sogou.com/docs/help/webmasters.htm#07)"
185.191.171.1 - - [05/Jun/2022:09:36:31 +0200] "GET /Software/ODBA?action=print HTTP/1.1" 403 18 "-" "Mozilla/5.0 (compatible; SemrushBot/7~bl; +http://www.semrush.com/bot.html)"
185.191.171.45 - - [05/Jun/2022:09:48:40 +0200] "GET /AmiKo/SAPP?n=Main.SideBar%3Faction%3Dedit HTTP/1.1" 302 157 "-" "Mozilla/5.0 (compatible; SemrushBot/7~bl; +http://www.semrush.com/bot.html)"
194.209.200.2 - - [05/Jun/2022:09:48:43 +0200] "GET /robots.txt HTTP/1.1" 200 - "-" "Mozilla/5.0 (compatible; TMMBot/0.2; +http://www.dslab.ch)/Nutch-1.15"
194.209.200.2 - - [05/Jun/2022:09:48:43 +0200] "GET /Oddb2xml/Index HTTP/1.1" 200 8983 "-" "Mozilla/5.0 (compatible; TMMBot/0.2; +http://www.dslab.ch)/Nutch-1.15"
194.209.200.2 - - [05/Jun/2022:09:49:28 +0200] "GET /Software/YDIM HTTP/1.1" 200 8834 "-" "Mozilla/5.0 (compatible; TMMBot/0.2; +http://www.dslab.ch)/Nutch-1.15"
194.209.200.2 - - [05/Jun/2022:09:50:55 +0200] "GET /Main/2006 HTTP/1.1" 200 39320 "-" "Mozilla/5.0 (compatible; TMMBot/0.2; +http://www.dslab.ch)/Nutch-1.15"
194.209.200.2 - - [05/Jun/2022:09:51:30 +0200] "GET /AmiKo/IOS HTTP/1.1" 200 11930 "-" "Mozilla/5.0 (compatible; TMMBot/0.2; +http://www.dslab.ch)/Nutch-1.15"
194.209.200.2 - - [05/Jun/2022:09:51:36 +0200] "GET /Ywesee/Kontakt HTTP/1.1" 200 8973 "-" "Mozilla/5.0 (compatible; TMMBot/0.2; +http://www.dslab.ch)/Nutch-1.15"
194.209.200.2 - - [05/Jun/2022:09:51:44 +0200] "GET /Software/Spreadsheet HTTP/1.1" 200 8839 "-" "Mozilla/5.0 (compatible; TMMBot/0.2; +http://www.dslab.ch)/Nutch-1.15"
118.184.177.47 - - [05/Jun/2022:09:53:09 +0200] "GET / HTTP/1.1" 200 11562 "-" "Sogou web spider/4.0(+http://www.sogou.com/docs/help/webmasters.htm#07)"
194.209.200.2 - - [05/Jun/2022:09:53:21 +0200] "GET /Software/ODDB HTTP/1.1" 200 10298 "-" "Mozilla/5.0 (compatible; TMMBot/0.2; +http://www.dslab.ch)/Nutch-1.15"
194.209.200.2 - - [05/Jun/2022:09:53:48 +0200] "GET /Ausschreibung/SAI HTTP/1.1" 200 10366 "-" "Mozilla/5.0 (compatible; TMMBot/0.2; +http://www.dslab.ch)/Nutch-1.15"
194.209.200.2 - - [05/Jun/2022:09:54:22 +0200] "GET /Main/2009 HTTP/1.1" 200 21688 "-" "Mozilla/5.0 (compatible; TMMBot/0.2; +http://www.dslab.ch)/Nutch-1.15"
194.209.200.2 - - [05/Jun/2022:09:54:46 +0200] "GET /Main/2016 HTTP/1.1" 200 13689 "-" "Mozilla/5.0 (compatible; TMMBot/0.2; +http://www.dslab.ch)/Nutch-1.15"
