211.249.246.214 - - [05/Sep/2022:06:51:33 +0200] "GET /robots.txt HTTP/1.1" 200 - "-" "Mozilla/5.0 (compatible; Daum/4.1; +http://cs.daum.net/faq/15/4118.html?faqId=28966)"
211.249.246.214 - - [05/Sep/2022:06:51:34 +0200] "GET /Ywesee/InfoCodexProcedure?action=upload HTTP/1.1" 200 8942 "-" "Mozilla/5.0 (compatible; Daum/4.1; +http://cs.daum.net/faq/15/4118.html?faqId=28966)"
211.249.246.214 - - [05/Sep/2022:06:51:48 +0200] "GET /Main/Phostal?action=diff HTTP/1.1" 200 16178 "-" "Mozilla/5.0 (compatible; Daum/4.1; +http://cs.daum.net/faq/15/4118.html?faqId=28966)"
194.209.200.2 - - [05/Sep/2022:06:51:49 +0200] "GET /Main/2005 HTTP/1.1" 200 63344 "-" "Mozilla/5.0 (compatible; TMMBot/0.2; +http://www.dslab.ch)/Nutch-1.15"
194.209.200.2 - - [05/Sep/2022:06:52:39 +0200] "GET /Main/2012 HTTP/1.1" 200 31941 "-" "Mozilla/5.0 (compatible; TMMBot/0.2; +http://www.dslab.ch)/Nutch-1.15"
194.209.200.2 - - [05/Sep/2022:06:53:15 +0200] "GET /Main/ComCo19122016 HTTP/1.1" 200 10547 "-" "Mozilla/5.0 (compatible; TMMBot/0.2; +http://www.dslab.ch)/Nutch-1.15"
157.55.39.106 - - [05/Sep/2022:07:00:06 +0200] "GET /Main/SearchWiki?pagename=Main%2FSearchWiki&q=2023 HTTP/1.1" 200 10409 "-" "Mozilla/5.0 (compatible; bingbot/2.0; +http://www.bing.com/bingbot.htm)"
185.191.171.5 - - [05/Sep/2022:07:01:23 +0200] "GET /robots.txt HTTP/1.1" 200 - "-" "Mozilla/5.0 (compatible; SemrushBot/7~bl; +http://www.semrush.com/bot.html)"
185.191.171.5 - - [05/Sep/2022:07:01:24 +0200] "GET /Oddb2xml/DatenDownload?action=upload HTTP/1.1" 403 18 "-" "Mozilla/5.0 (compatible; SemrushBot/7~bl; +http://www.semrush.com/bot.html)"
185.191.171.4 - - [05/Sep/2022:07:06:38 +0200] "GET /PublicDomain/AIPS?action=print HTTP/1.1" 403 18 "-" "Mozilla/5.0 (compatible; SemrushBot/7~bl; +http://www.semrush.com/bot.html)"
123.183.224.6 - - [05/Sep/2022:07:12:03 +0200] "GET / HTTP/1.1" 200 12498 "-" "Sogou web spider/4.0(+http://www.sogou.com/docs/help/webmasters.htm#07)"
66.249.77.151 - - [05/Sep/2022:07:18:44 +0200] "GET /Swissmedic/Packungen HTTP/1.1" 200 9799 "-" "Mozilla/5.0 (Linux; Android 6.0.1; Nexus 5X Build/MMB29P) AppleWebKit/537.36 (KHTML, like Gecko) Chrome/104.0.5112.101 Mobile Safari/537.36 (compatible; Googlebot/2.1; +http://www.google.com/bot.html)"
194.209.200.2 - - [05/Sep/2022:07:30:56 +0200] "GET /robots.txt HTTP/1.1" 200 - "-" "Mozilla/5.0 (compatible; TMMBot/0.2; +http://www.dslab.ch)/Nutch-1.15"
194.209.200.2 - - [05/Sep/2022:07:30:56 +0200] "GET /AmiKo/Linux HTTP/1.1" 200 9217 "-" "Mozilla/5.0 (compatible; TMMBot/0.2; +http://www.dslab.ch)/Nutch-1.15"
194.209.200.2 - - [05/Sep/2022:07:31:06 +0200] "GET /AmiKo/Windows HTTP/1.1" 200 10332 "-" "Mozilla/5.0 (compatible; TMMBot/0.2; +http://www.dslab.ch)/Nutch-1.15"
194.209.200.2 - - [05/Sep/2022:07:33:25 +0200] "GET /Main/2013 HTTP/1.1" 200 20487 "-" "Mozilla/5.0 (compatible; TMMBot/0.2; +http://www.dslab.ch)/Nutch-1.15"
194.209.200.2 - - [05/Sep/2022:07:36:53 +0200] "GET /Software/BBMB HTTP/1.1" 200 9385 "-" "Mozilla/5.0 (compatible; TMMBot/0.2; +http://www.dslab.ch)/Nutch-1.15"
194.209.200.2 - - [05/Sep/2022:07:36:55 +0200] "GET /Main/2005 HTTP/1.1" 200 63344 "-" "Mozilla/5.0 (compatible; TMMBot/0.2; +http://www.dslab.ch)/Nutch-1.15"
194.209.200.2 - - [05/Sep/2022:07:37:18 +0200] "GET /Main/2012 HTTP/1.1" 200 31941 "-" "Mozilla/5.0 (compatible; TMMBot/0.2; +http://www.dslab.ch)/Nutch-1.15"
194.209.200.2 - - [05/Sep/2022:07:37:25 +0200] "GET /ODDB/IntegrationLookAmpFeelGenerikasuche HTTP/1.1" 200 9097 "-" "Mozilla/5.0 (compatible; TMMBot/0.2; +http://www.dslab.ch)/Nutch-1.15"
194.209.200.2 - - [05/Sep/2022:07:37:34 +0200] "GET /Main/ComCo19122016 HTTP/1.1" 200 10547 "-" "Mozilla/5.0 (compatible; TMMBot/0.2; +http://www.dslab.ch)/Nutch-1.15"
157.55.39.219 - - [05/Sep/2022:07:41:46 +0200] "GET /Ywesee/SBSM?n=Main.SideBar?action=edit HTTP/1.1" 403 18 "-" "Mozilla/5.0 (compatible; bingbot/2.0; +http://www.bing.com/bingbot.htm)"
66.249.77.151 - - [05/Sep/2022:07:48:44 +0200] "GET / HTTP/1.1" 200 12498 "-" "Mozilla/5.0 (Linux; Android 6.0.1; Nexus 5X Build/MMB29P) AppleWebKit/537.36 (KHTML, like Gecko) Chrome/104.0.5112.101 Mobile Safari/537.36 (compatible; Googlebot/2.1; +http://www.google.com/bot.html)"
40.77.167.47 - - [05/Sep/2022:07:49:16 +0200] "GET /site/allrecentchanges?action=rss HTTP/1.1" 404 280 "-" "Mozilla/5.0 (compatible; bingbot/2.0; +http://www.bing.com/bingbot.htm)"
66.249.77.151 - - [05/Sep/2022:07:49:25 +0200] "GET / HTTP/1.1" 200 12498 "-" "Mozilla/5.0 (Linux; Android 6.0.1; Nexus 5X Build/MMB29P) AppleWebKit/537.36 (KHTML, like Gecko) Chrome/99.0.4844.84 Mobile Safari/537.36 (compatible; Googlebot/2.1; +http://www.google.com/bot.html)"
66.249.77.155 - - [05/Sep/2022:07:49:25 +0200] "GET / HTTP/1.1" 200 12498 "-" "Mozilla/5.0 (compatible; Googlebot/2.1; +http://www.google.com/bot.html)"
66.249.77.155 - - [05/Sep/2022:07:49:26 +0200] "GET /favicon.ico HTTP/1.1" 200 1406 "-" "Googlebot-Image/1.0"
185.191.171.26 - - [05/Sep/2022:07:51:47 +0200] "GET /Ywesee/OpenStandards?action=edit HTTP/1.1" 403 18 "-" "Mozilla/5.0 (compatible; SemrushBot/7~bl; +http://www.semrush.com/bot.html)"
54.146.248.210 - - [05/Sep/2022:07:52:52 +0200] "GET / HTTP/1.1" 200 12498 "-" "Mozilla/5.0 (Windows NT 10.0; Win64; x64) AppleWebKit/537.36 (KHTML, like Gecko) Chrome/101.0.4951.64 Safari/537.36 Edg/101.0.1210.53"
194.209.200.2 - - [05/Sep/2022:08:02:40 +0200] "GET /robots.txt HTTP/1.1" 200 - "-" "Mozilla/5.0 (compatible; TMMBot/0.2; +http://www.dslab.ch)/Nutch-1.15"
194.209.200.2 - - [05/Sep/2022:08:02:40 +0200] "GET /AmiKo/Linux HTTP/1.1" 200 9217 "-" "Mozilla/5.0 (compatible; TMMBot/0.2; +http://www.dslab.ch)/Nutch-1.15"
194.209.200.2 - - [05/Sep/2022:08:02:50 +0200] "GET /AmiKo/Windows HTTP/1.1" 200 10332 "-" "Mozilla/5.0 (compatible; TMMBot/0.2; +http://www.dslab.ch)/Nutch-1.15"
194.209.200.2 - - [05/Sep/2022:08:05:13 +0200] "GET /Main/2013 HTTP/1.1" 200 20487 "-" "Mozilla/5.0 (compatible; TMMBot/0.2; +http://www.dslab.ch)/Nutch-1.15"
35.89.128.67 - - [05/Sep/2022:08:08:06 +0200] "GET / HTTP/1.1" 200 12498 "-" "Mozilla/5.0 (X11; Linux x86_64) AppleWebKit/537.36 (KHTML, like Gecko) Chrome/83.0.4103.97 Safari/537.36"
35.92.138.162 - - [05/Sep/2022:08:08:08 +0200] "GET / HTTP/1.1" 200 12498 "-" "Mozilla/5.0 (X11; Linux x86_64) AppleWebKit/537.36 (KHTML, like Gecko) Chrome/83.0.4103.97 Safari/537.36"
35.92.206.15 - - [05/Sep/2022:08:08:15 +0200] "GET / HTTP/1.1" 200 12498 "http://ywesee.org" "Mozilla/5.0 (X11; Linux x86_64) AppleWebKit/537.36 (KHTML, like Gecko) Chrome/83.0.4103.97 Safari/537.36"
35.92.138.162 - - [05/Sep/2022:08:08:27 +0200] "GET / HTTP/1.1" 200 12498 "-" "Mozilla/5.0 (X11; Linux x86_64) AppleWebKit/537.36 (KHTML, like Gecko) Chrome/83.0.4103.97 Safari/537.36"
52.39.172.118 - - [05/Sep/2022:08:08:38 +0200] "GET / HTTP/1.1" 200 12498 "http://ywesee.org" "Mozilla/5.0 (X11; Linux x86_64) AppleWebKit/537.36 (KHTML, like Gecko) Chrome/83.0.4103.97 Safari/537.36"
194.209.200.2 - - [05/Sep/2022:08:08:52 +0200] "GET /Software/BBMB HTTP/1.1" 200 9385 "-" "Mozilla/5.0 (compatible; TMMBot/0.2; +http://www.dslab.ch)/Nutch-1.15"
194.209.200.2 - - [05/Sep/2022:08:08:53 +0200] "GET /Main/2005 HTTP/1.1" 200 63344 "-" "Mozilla/5.0 (compatible; TMMBot/0.2; +http://www.dslab.ch)/Nutch-1.15"
54.185.11.73 - - [05/Sep/2022:08:08:56 +0200] "GET / HTTP/1.1" 200 12498 "http://ywesee.org" "Mozilla/5.0 (X11; Linux x86_64) AppleWebKit/537.36 (KHTML, like Gecko) Chrome/83.0.4103.97 Safari/537.36"
51.178.146.199 - - [05/Sep/2022:08:09:20 +0200] "GET / HTTP/1.1" 200 12498 "https://www.google.com" "Not A;Brand\";v=\"99\", \"Chromium\";v=\"90\", \"Google Chrome\";v=\"90"
51.178.146.199 - - [05/Sep/2022:08:09:20 +0200] "GET / HTTP/1.1" 200 12498 "https://www.google.com" "Not A;Brand\";v=\"99\", \"Chromium\";v=\"90\", \"Google Chrome\";v=\"90"
194.209.200.2 - - [05/Sep/2022:08:09:40 +0200] "GET /Main/ComCo19122016 HTTP/1.1" 200 10547 "-" "Mozilla/5.0 (compatible; TMMBot/0.2; +http://www.dslab.ch)/Nutch-1.15"
212.51.146.241 - - [05/Sep/2022:08:12:29 +0200] "GET /pmwiki.php/Ywesee/Kontakt HTTP/1.1" 200 8973 "-" "Mozilla/5.0 (X11; Linux x86_64; rv:104.0) Gecko/20100101 Firefox/104.0"
212.51.146.241 - - [05/Sep/2022:08:12:29 +0200] "GET /pub/skins/ywesee/gila.css HTTP/1.1" 200 8276 "https://ywesee.com/" "Mozilla/5.0 (X11; Linux x86_64; rv:104.0) Gecko/20100101 Firefox/104.0"
212.51.146.241 - - [05/Sep/2022:08:12:29 +0200] "GET /favicon.ico HTTP/1.1" 200 1406 "https://ywesee.com/pmwiki.php/Ywesee/Kontakt" "Mozilla/5.0 (X11; Linux x86_64; rv:104.0) Gecko/20100101 Firefox/104.0"
212.51.146.241 - - [05/Sep/2022:08:12:47 +0200] "GET /Ywesee/About HTTP/1.1" 200 9132 "-" "Mozilla/5.0 (X11; Linux x86_64; rv:104.0) Gecko/20100101 Firefox/104.0"
40.77.167.52 - - [05/Sep/2022:08:15:47 +0200] "GET /uploads/Main/162_Rundschreiben_30.6.2005.txt HTTP/1.1" 200 2226 "-" "Mozilla/5.0 (compatible; bingbot/2.0; +http://www.bing.com/bingbot.htm)"
212.51.146.241 - - [05/Sep/2022:08:17:10 +0200] "GET / HTTP/1.1" 200 12498 "https://fr.wikipedia.org/" "Mozilla/5.0 (X11; Linux x86_64) AppleWebKit/537.36 (KHTML, like Gecko) Chrome/106.0.0.0 Safari/537.36 Edg/106.0.1363.0"
212.51.146.241 - - [05/Sep/2022:08:17:10 +0200] "GET /pub/skins/ywesee/gila.css HTTP/1.1" 200 8276 "https://ywesee.com/" "Mozilla/5.0 (X11; Linux x86_64) AppleWebKit/537.36 (KHTML, like Gecko) Chrome/106.0.0.0 Safari/537.36 Edg/106.0.1363.0"
212.51.146.241 - - [05/Sep/2022:08:17:10 +0200] "GET /uploads/Main/yweseelogo.gif HTTP/1.1" 200 2982 "https://ywesee.com/" "Mozilla/5.0 (X11; Linux x86_64) AppleWebKit/537.36 (KHTML, like Gecko) Chrome/106.0.0.0 Safari/537.36 Edg/106.0.1363.0"
212.51.146.241 - - [05/Sep/2022:08:17:11 +0200] "GET /favicon.ico HTTP/1.1" 200 1406 "https://ywesee.com/" "Mozilla/5.0 (X11; Linux x86_64) AppleWebKit/537.36 (KHTML, like Gecko) Chrome/106.0.0.0 Safari/537.36 Edg/106.0.1363.0"
212.51.146.241 - - [05/Sep/2022:08:19:55 +0200] "GET / HTTP/1.1" 200 12498 "-" "Mozilla/5.0 (X11; Linux x86_64) AppleWebKit/537.36 (KHTML, like Gecko) Chrome/106.0.0.0 Safari/537.36 Edg/106.0.1363.0"
212.51.146.241 - - [05/Sep/2022:08:19:58 +0200] "GET /Main/DocumedGalenicaVsYwesee HTTP/1.1" 200 35251 "https://ywesee.com/" "Mozilla/5.0 (X11; Linux x86_64) AppleWebKit/537.36 (KHTML, like Gecko) Chrome/106.0.0.0 Safari/537.36 Edg/106.0.1363.0"
212.51.146.241 - - [05/Sep/2022:08:19:58 +0200] "GET /favicon.ico HTTP/1.1" 200 1406 "https://www.ywesee.com/Main/DocumedGalenicaVsYwesee" "Mozilla/5.0 (X11; Linux x86_64) AppleWebKit/537.36 (KHTML, like Gecko) Chrome/106.0.0.0 Safari/537.36 Edg/106.0.1363.0"
212.51.146.241 - - [05/Sep/2022:08:20:31 +0200] "GET /Main/ComCo19122016 HTTP/1.1" 200 10547 "https://www.ywesee.com/Main/DocumedGalenicaVsYwesee" "Mozilla/5.0 (X11; Linux x86_64) AppleWebKit/537.36 (KHTML, like Gecko) Chrome/106.0.0.0 Safari/537.36 Edg/106.0.1363.0"
212.51.146.241 - - [05/Sep/2022:08:20:40 +0200] "GET /uploads/Main/Publikationsversion_14.10.2020_FR.pdf HTTP/1.1" 200 2757392 "https://www.ywesee.com/Main/ComCo19122016" "Mozilla/5.0 (X11; Linux x86_64) AppleWebKit/537.36 (KHTML, like Gecko) Chrome/106.0.0.0 Safari/537.36 Edg/106.0.1363.0"
212.51.146.241 - - [05/Sep/2022:08:21:27 +0200] "GET /Main/ComCo19122016 HTTP/1.1" 200 10547 "https://www.ywesee.com/Main/DocumedGalenicaVsYwesee" "Mozilla/5.0 (X11; Linux x86_64) AppleWebKit/537.36 (KHTML, like Gecko) Chrome/106.0.0.0 Safari/537.36 Edg/106.0.1363.0"
212.51.146.241 - - [05/Sep/2022:08:21:28 +0200] "GET /Main/DocumedGalenicaVsYwesee HTTP/1.1" 200 35251 "https://ywesee.com/" "Mozilla/5.0 (X11; Linux x86_64) AppleWebKit/537.36 (KHTML, like Gecko) Chrome/106.0.0.0 Safari/537.36 Edg/106.0.1363.0"
212.51.146.241 - - [05/Sep/2022:08:24:15 +0200] "GET /Main/ComCo19122016 HTTP/1.1" 200 10547 "https://www.ywesee.com/Main/DocumedGalenicaVsYwesee" "Mozilla/5.0 (X11; Linux x86_64) AppleWebKit/537.36 (KHTML, like Gecko) Chrome/106.0.0.0 Safari/537.36 Edg/106.0.1363.0"
185.191.171.6 - - [05/Sep/2022:08:31:56 +0200] "GET /robots.txt HTTP/1.1" 200 - "-" "Mozilla/5.0 (compatible; SemrushBot/7~bl; +http://www.semrush.com/bot.html)"
185.191.171.10 - - [05/Sep/2022:08:31:57 +0200] "GET /robots.txt HTTP/1.1" 200 - "-" "Mozilla/5.0 (compatible; SemrushBot/7~bl; +http://www.semrush.com/bot.html)"
185.191.171.43 - - [05/Sep/2022:08:31:59 +0200] "GET /sitemap.xml HTTP/1.1" 404 270 "-" "Mozilla/5.0 (compatible; SemrushBot/7~bl; +http://www.semrush.com/bot.html)"
185.191.171.7 - - [05/Sep/2022:08:32:00 +0200] "GET /pmwiki.php?n=Main.WekoBlog HTTP/1.1" 200 22209 "-" "Mozilla/5.0 (compatible; SemrushBot/7~bl; +http://www.semrush.com/bot.html)"
212.51.146.241 - - [05/Sep/2022:08:34:30 +0200] "GET / HTTP/1.1" 200 12498 "-" "Mozilla/5.0 (X11; Linux x86_64) AppleWebKit/537.36 (KHTML, like Gecko) Chrome/106.0.0.0 Safari/537.36 Edg/106.0.1363.0"
212.51.146.241 - - [05/Sep/2022:08:34:51 +0200] "GET / HTTP/1.1" 200 12498 "-" "Mozilla/5.0 (X11; Linux x86_64) AppleWebKit/537.36 (KHTML, like Gecko) Chrome/106.0.0.0 Safari/537.36 Edg/106.0.1363.0"
212.51.146.241 - - [05/Sep/2022:08:34:52 +0200] "GET / HTTP/1.1" 200 12498 "-" "Mozilla/5.0 (X11; Linux x86_64) AppleWebKit/537.36 (KHTML, like Gecko) Chrome/106.0.0.0 Safari/537.36 Edg/106.0.1363.0"
212.51.146.241 - - [05/Sep/2022:08:35:01 +0200] "GET /Main/Home?action=edit HTTP/1.1" 200 9270 "https://ywesee.com/" "Mozilla/5.0 (X11; Linux x86_64) AppleWebKit/537.36 (KHTML, like Gecko) Chrome/106.0.0.0 Safari/537.36 Edg/106.0.1363.0"
212.51.146.241 - - [05/Sep/2022:08:35:01 +0200] "GET /pub/speller/spellChecker.js HTTP/1.1" 200 13948 "https://www.ywesee.com/Main/Home?action=edit" "Mozilla/5.0 (X11; Linux x86_64) AppleWebKit/537.36 (KHTML, like Gecko) Chrome/106.0.0.0 Safari/537.36 Edg/106.0.1363.0"
212.51.146.241 - - [05/Sep/2022:08:35:01 +0200] "GET /pub/guiedit/guiedit.js HTTP/1.1" 200 2679 "https://www.ywesee.com/Main/Home?action=edit" "Mozilla/5.0 (X11; Linux x86_64) AppleWebKit/537.36 (KHTML, like Gecko) Chrome/106.0.0.0 Safari/537.36 Edg/106.0.1363.0"
212.51.146.241 - - [05/Sep/2022:08:35:02 +0200] "POST /Main/Home?action=edit HTTP/1.1" 200 19521 "https://www.ywesee.com/Main/Home?action=edit" "Mozilla/5.0 (X11; Linux x86_64) AppleWebKit/537.36 (KHTML, like Gecko) Chrome/106.0.0.0 Safari/537.36 Edg/106.0.1363.0"
212.51.146.241 - - [05/Sep/2022:08:35:03 +0200] "GET /pub/guiedit/em.gif HTTP/1.1" 200 710 "https://www.ywesee.com/Main/Home?action=edit" "Mozilla/5.0 (X11; Linux x86_64) AppleWebKit/537.36 (KHTML, like Gecko) Chrome/106.0.0.0 Safari/537.36 Edg/106.0.1363.0"
212.51.146.241 - - [05/Sep/2022:08:35:03 +0200] "GET /pub/guiedit/strong.gif HTTP/1.1" 200 712 "https://www.ywesee.com/Main/Home?action=edit" "Mozilla/5.0 (X11; Linux x86_64) AppleWebKit/537.36 (KHTML, like Gecko) Chrome/106.0.0.0 Safari/537.36 Edg/106.0.1363.0"
212.51.146.241 - - [05/Sep/2022:08:35:03 +0200] "GET /pub/guiedit/pagelink.gif HTTP/1.1" 200 707 "https://www.ywesee.com/Main/Home?action=edit" "Mozilla/5.0 (X11; Linux x86_64) AppleWebKit/537.36 (KHTML, like Gecko) Chrome/106.0.0.0 Safari/537.36 Edg/106.0.1363.0"
212.51.146.241 - - [05/Sep/2022:08:35:03 +0200] "GET /pub/guiedit/extlink.gif HTTP/1.1" 200 716 "https://www.ywesee.com/Main/Home?action=edit" "Mozilla/5.0 (X11; Linux x86_64) AppleWebKit/537.36 (KHTML, like Gecko) Chrome/106.0.0.0 Safari/537.36 Edg/106.0.1363.0"
212.51.146.241 - - [05/Sep/2022:08:35:03 +0200] "GET /pub/guiedit/attach.gif HTTP/1.1" 200 772 "https://www.ywesee.com/Main/Home?action=edit" "Mozilla/5.0 (X11; Linux x86_64) AppleWebKit/537.36 (KHTML, like Gecko) Chrome/106.0.0.0 Safari/537.36 Edg/106.0.1363.0"
212.51.146.241 - - [05/Sep/2022:08:35:03 +0200] "GET /pub/guiedit/sup.gif HTTP/1.1" 200 719 "https://www.ywesee.com/Main/Home?action=edit" "Mozilla/5.0 (X11; Linux x86_64) AppleWebKit/537.36 (KHTML, like Gecko) Chrome/106.0.0.0 Safari/537.36 Edg/106.0.1363.0"
212.51.146.241 - - [05/Sep/2022:08:35:03 +0200] "GET /pub/guiedit/small.gif HTTP/1.1" 200 703 "https://www.ywesee.com/Main/Home?action=edit" "Mozilla/5.0 (X11; Linux x86_64) AppleWebKit/537.36 (KHTML, like Gecko) Chrome/106.0.0.0 Safari/537.36 Edg/106.0.1363.0"
212.51.146.241 - - [05/Sep/2022:08:35:03 +0200] "GET /pub/guiedit/sub.gif HTTP/1.1" 200 716 "https://www.ywesee.com/Main/Home?action=edit" "Mozilla/5.0 (X11; Linux x86_64) AppleWebKit/537.36 (KHTML, like Gecko) Chrome/106.0.0.0 Safari/537.36 Edg/106.0.1363.0"
212.51.146.241 - - [05/Sep/2022:08:35:03 +0200] "GET /pub/guiedit/big.gif HTTP/1.1" 200 724 "https://www.ywesee.com/Main/Home?action=edit" "Mozilla/5.0 (X11; Linux x86_64) AppleWebKit/537.36 (KHTML, like Gecko) Chrome/106.0.0.0 Safari/537.36 Edg/106.0.1363.0"
212.51.146.241 - - [05/Sep/2022:08:35:03 +0200] "GET /pub/guiedit/h.gif HTTP/1.1" 200 691 "https://www.ywesee.com/Main/Home?action=edit" "Mozilla/5.0 (X11; Linux x86_64) AppleWebKit/537.36 (KHTML, like Gecko) Chrome/106.0.0.0 Safari/537.36 Edg/106.0.1363.0"
212.51.146.241 - - [05/Sep/2022:08:35:03 +0200] "GET /pub/guiedit/spellcheck.gif HTTP/1.1" 200 752 "https://www.ywesee.com/Main/Home?action=edit" "Mozilla/5.0 (X11; Linux x86_64) AppleWebKit/537.36 (KHTML, like Gecko) Chrome/106.0.0.0 Safari/537.36 Edg/106.0.1363.0"
212.51.146.241 - - [05/Sep/2022:08:35:03 +0200] "GET /pub/guiedit/center.gif HTTP/1.1" 200 651 "https://www.ywesee.com/Main/Home?action=edit" "Mozilla/5.0 (X11; Linux x86_64) AppleWebKit/537.36 (KHTML, like Gecko) Chrome/106.0.0.0 Safari/537.36 Edg/106.0.1363.0"
212.51.146.241 - - [05/Sep/2022:08:35:33 +0200] "POST /Main/Home?action=edit HTTP/1.1" 302 154 "https://www.ywesee.com/Main/Home?action=edit" "Mozilla/5.0 (X11; Linux x86_64) AppleWebKit/537.36 (KHTML, like Gecko) Chrome/106.0.0.0 Safari/537.36 Edg/106.0.1363.0"
212.51.146.241 - - [05/Sep/2022:08:35:33 +0200] "GET /Main/Home HTTP/1.1" 200 12584 "https://www.ywesee.com/Main/Home?action=edit" "Mozilla/5.0 (X11; Linux x86_64) AppleWebKit/537.36 (KHTML, like Gecko) Chrome/106.0.0.0 Safari/537.36 Edg/106.0.1363.0"
212.51.146.241 - - [05/Sep/2022:08:35:36 +0200] "GET /Main/Home?action=edit HTTP/1.1" 200 19585 "https://www.ywesee.com/Main/Home" "Mozilla/5.0 (X11; Linux x86_64) AppleWebKit/537.36 (KHTML, like Gecko) Chrome/106.0.0.0 Safari/537.36 Edg/106.0.1363.0"
212.51.146.241 - - [05/Sep/2022:08:35:50 +0200] "POST /Main/Home?action=edit HTTP/1.1" 302 154 "https://www.ywesee.com/Main/Home?action=edit" "Mozilla/5.0 (X11; Linux x86_64) AppleWebKit/537.36 (KHTML, like Gecko) Chrome/106.0.0.0 Safari/537.36 Edg/106.0.1363.0"
212.51.146.241 - - [05/Sep/2022:08:35:50 +0200] "GET /Main/Home HTTP/1.1" 200 12627 "https://www.ywesee.com/Main/Home?action=edit" "Mozilla/5.0 (X11; Linux x86_64) AppleWebKit/537.36 (KHTML, like Gecko) Chrome/106.0.0.0 Safari/537.36 Edg/106.0.1363.0"
185.191.171.40 - - [05/Sep/2022:08:40:01 +0200] "GET /Main/SL-Liste?action=print HTTP/1.1" 403 18 "-" "Mozilla/5.0 (compatible; SemrushBot/7~bl; +http://www.semrush.com/bot.html)"
66.249.77.151 - - [05/Sep/2022:08:41:44 +0200] "GET /uploads/Arks/Arks_The_Game.pdf HTTP/1.1" 200 774337 "-" "Mozilla/5.0 (compatible; Googlebot/2.1; +http://www.google.com/bot.html)"
185.191.171.2 - - [05/Sep/2022:08:46:05 +0200] "GET /pmwiki.php/Ywesee/Stanza HTTP/1.1" 200 8384 "-" "Mozilla/5.0 (compatible; SemrushBot/7~bl; +http://www.semrush.com/bot.html)"
185.27.99.140 - - [05/Sep/2022:08:46:21 +0200] "GET /robots.txt HTTP/1.1" 200 - "http://ywesee.net/robots.txt" "Mozilla/5.0 (Macintosh; Intel Mac OS X 10_13_6) AppleWebKit/537.36 (KHTML, like Gecko) Chrome/91.0.4472.114 Safari/537.36"
185.27.99.143 - - [05/Sep/2022:08:46:21 +0200] "GET /humans.txt HTTP/1.1" 404 269 "http://ywesee.net/humans.txt" "Mozilla/5.0 (Macintosh; Intel Mac OS X 10_13_6) AppleWebKit/537.36 (KHTML, like Gecko) Chrome/91.0.4472.114 Safari/537.36"
185.27.99.121 - - [05/Sep/2022:08:46:21 +0200] "GET /ads.txt HTTP/1.1" 404 266 "http://ywesee.net/ads.txt" "Mozilla/5.0 (Macintosh; Intel Mac OS X 10_13_6) AppleWebKit/537.36 (KHTML, like Gecko) Chrome/91.0.4472.114 Safari/537.36"
185.27.99.124 - - [05/Sep/2022:08:46:22 +0200] "GET / HTTP/1.1" 200 12627 "http://ywesee.net/" "Mozilla/5.0 (Macintosh; Intel Mac OS X 10_13_6) AppleWebKit/537.36 (KHTML, like Gecko) Chrome/91.0.4472.114 Safari/537.36"
114.119.144.116 - - [05/Sep/2022:08:49:22 +0200] "GET /robots.txt HTTP/1.1" 200 - "-" "Mozilla/5.0 (compatible;PetalBot;+https://webmaster.petalsearch.com/site/petalbot)"
194.209.200.2 - - [05/Sep/2022:08:51:39 +0200] "GET /robots.txt HTTP/1.1" 200 - "-" "Mozilla/5.0 (compatible; TMMBot/0.2; +http://www.dslab.ch)/Nutch-1.15"
194.209.200.2 - - [05/Sep/2022:08:51:39 +0200] "GET /AmiKo/Linux HTTP/1.1" 200 9217 "-" "Mozilla/5.0 (compatible; TMMBot/0.2; +http://www.dslab.ch)/Nutch-1.15"
194.209.200.2 - - [05/Sep/2022:08:51:49 +0200] "GET /AmiKo/Windows HTTP/1.1" 200 10332 "-" "Mozilla/5.0 (compatible; TMMBot/0.2; +http://www.dslab.ch)/Nutch-1.15"
173.252.83.4 - - [05/Sep/2022:08:52:10 +0200] "GET /robots.txt HTTP/1.1" 200 - "-" "facebookexternalhit/1.1 (+http://www.facebook.com/externalhit_uatext.php)"
173.252.83.21 - - [05/Sep/2022:08:53:20 +0200] "GET /uploads/Main/yweseelogo.gif HTTP/1.1" 200 2982 "-" "facebookexternalhit/1.1 (+http://www.facebook.com/externalhit_uatext.php)"
185.191.171.5 - - [05/Sep/2022:08:53:24 +0200] "GET /AmiKo/Cpp2sqlite?n=Main.SideBar%3Faction%3Dedit HTTP/1.1" 302 157 "-" "Mozilla/5.0 (compatible; SemrushBot/7~bl; +http://www.semrush.com/bot.html)"
185.191.171.4 - - [05/Sep/2022:08:53:27 +0200] "GET /Main/SideBar HTTP/1.1" 200 10903 "-" "Mozilla/5.0 (compatible; SemrushBot/7~bl; +http://www.semrush.com/bot.html)"
194.209.200.2 - - [05/Sep/2022:08:54:07 +0200] "GET /Main/2013 HTTP/1.1" 200 20487 "-" "Mozilla/5.0 (compatible; TMMBot/0.2; +http://www.dslab.ch)/Nutch-1.15"
194.209.200.2 - - [05/Sep/2022:08:57:34 +0200] "GET /Software/BBMB HTTP/1.1" 200 9385 "-" "Mozilla/5.0 (compatible; TMMBot/0.2; +http://www.dslab.ch)/Nutch-1.15"
194.209.200.2 - - [05/Sep/2022:08:57:36 +0200] "GET /Main/2005 HTTP/1.1" 200 63344 "-" "Mozilla/5.0 (compatible; TMMBot/0.2; +http://www.dslab.ch)/Nutch-1.15"
194.209.200.2 - - [05/Sep/2022:08:57:59 +0200] "GET /Main/2012 HTTP/1.1" 200 31941 "-" "Mozilla/5.0 (compatible; TMMBot/0.2; +http://www.dslab.ch)/Nutch-1.15"
194.209.200.2 - - [05/Sep/2022:08:58:12 +0200] "GET /Main/ComCo19122016 HTTP/1.1" 200 10547 "-" "Mozilla/5.0 (compatible; TMMBot/0.2; +http://www.dslab.ch)/Nutch-1.15"
66.249.77.151 - - [05/Sep/2022:09:03:44 +0200] "GET /Software/BBMB HTTP/1.1" 200 9385 "-" "Mozilla/5.0 (Linux; Android 6.0.1; Nexus 5X Build/MMB29P) AppleWebKit/537.36 (KHTML, like Gecko) Chrome/104.0.5112.101 Mobile Safari/537.36 (compatible; Googlebot/2.1; +http://www.google.com/bot.html)"
93.158.161.75 - - [05/Sep/2022:09:11:17 +0200] "GET /robots.txt HTTP/1.1" 200 - "-" "Mozilla/5.0 (compatible; YandexBot/3.0; +http://yandex.com/bots)"
93.158.161.45 - - [05/Sep/2022:09:11:22 +0200] "GET / HTTP/1.1" 200 12627 "-" "Mozilla/5.0 (compatible; YandexBot/3.0; +http://yandex.com/bots)"
157.55.39.219 - - [05/Sep/2022:09:14:18 +0200] "GET /Software/XMLConv HTTP/1.1" 200 8709 "-" "Mozilla/5.0 (compatible; bingbot/2.0; +http://www.bing.com/bingbot.htm)"
157.55.39.161 - - [05/Sep/2022:09:14:33 +0200] "GET /pub/skins/ywesee/gila.css HTTP/1.1" 200 8276 "-" "Mozilla/5.0 (compatible; bingbot/2.0; +http://www.bing.com/bingbot.htm)"
185.191.171.4 - - [05/Sep/2022:09:15:07 +0200] "GET /Swissmedic/AIPSXml?action=diff HTTP/1.1" 403 18 "-" "Mozilla/5.0 (compatible; SemrushBot/7~bl; +http://www.semrush.com/bot.html)"
54.36.149.57 - - [05/Sep/2022:09:21:22 +0200] "GET /Main/2014 HTTP/1.1" 200 19471 "-" "Mozilla/5.0 (compatible; AhrefsBot/7.0; +http://ahrefs.com/robot/)"
54.36.148.152 - - [05/Sep/2022:09:21:39 +0200] "GET /Main/2018 HTTP/1.1" 200 15425 "-" "Mozilla/5.0 (compatible; AhrefsBot/7.0; +http://ahrefs.com/robot/)"
66.249.77.153 - - [05/Sep/2022:09:22:21 +0200] "GET /ads.txt HTTP/1.1" 404 270 "-" "Mozilla/5.0 (compatible; Googlebot/2.1; +http://www.google.com/bot.html)"
54.36.148.28 - - [05/Sep/2022:09:22:22 +0200] "GET /AmiKo/IOS HTTP/1.1" 200 11930 "-" "Mozilla/5.0 (compatible; AhrefsBot/7.0; +http://ahrefs.com/robot/)"
194.209.200.2 - - [05/Sep/2022:09:44:21 +0200] "GET /robots.txt HTTP/1.1" 200 - "-" "Mozilla/5.0 (compatible; TMMBot/0.2; +http://www.dslab.ch)/Nutch-1.15"
194.209.200.2 - - [05/Sep/2022:09:44:21 +0200] "GET /AmiKo/Linux HTTP/1.1" 200 9217 "-" "Mozilla/5.0 (compatible; TMMBot/0.2; +http://www.dslab.ch)/Nutch-1.15"
194.209.200.2 - - [05/Sep/2022:09:44:31 +0200] "GET /AmiKo/Windows HTTP/1.1" 200 10332 "-" "Mozilla/5.0 (compatible; TMMBot/0.2; +http://www.dslab.ch)/Nutch-1.15"
54.36.149.102 - - [05/Sep/2022:09:44:58 +0200] "GET /Swissmedic/Dateninstitut HTTP/1.1" 200 9807 "-" "Mozilla/5.0 (compatible; AhrefsBot/7.0; +http://ahrefs.com/robot/)"
54.36.148.191 - - [05/Sep/2022:09:45:46 +0200] "GET /PublicDomain/StammdatenFR HTTP/1.1" 200 10865 "-" "Mozilla/5.0 (compatible; AhrefsBot/7.0; +http://ahrefs.com/robot/)"
40.77.167.47 - - [05/Sep/2022:09:47:58 +0200] "GET /Ywesee/ODBA HTTP/1.1" 200 8453 "-" "Mozilla/5.0 (compatible; bingbot/2.0; +http://www.bing.com/bingbot.htm)"
61.135.159.214 - - [05/Sep/2022:09:49:29 +0200] "GET / HTTP/1.1" 200 12627 "-" "Sogou web spider/4.0(+http://www.sogou.com/docs/help/webmasters.htm#07)"
194.209.200.2 - - [05/Sep/2022:09:50:25 +0200] "GET /Software/BBMB HTTP/1.1" 200 9385 "-" "Mozilla/5.0 (compatible; TMMBot/0.2; +http://www.dslab.ch)/Nutch-1.15"
194.209.200.2 - - [05/Sep/2022:09:50:26 +0200] "GET /Main/2005 HTTP/1.1" 200 63344 "-" "Mozilla/5.0 (compatible; TMMBot/0.2; +http://www.dslab.ch)/Nutch-1.15"
194.209.200.2 - - [05/Sep/2022:09:50:50 +0200] "GET /Main/2012 HTTP/1.1" 200 31941 "-" "Mozilla/5.0 (compatible; TMMBot/0.2; +http://www.dslab.ch)/Nutch-1.15"
194.209.200.2 - - [05/Sep/2022:09:51:05 +0200] "GET /Main/ComCo19122016 HTTP/1.1" 200 10547 "-" "Mozilla/5.0 (compatible; TMMBot/0.2; +http://www.dslab.ch)/Nutch-1.15"
118.184.177.77 - - [05/Sep/2022:10:00:16 +0200] "GET / HTTP/1.1" 200 12627 "-" "Sogou web spider/4.0(+http://www.sogou.com/docs/help/webmasters.htm#07)"
185.191.171.6 - - [05/Sep/2022:10:12:47 +0200] "GET /robots.txt HTTP/1.1" 200 - "-" "Mozilla/5.0 (compatible; SemrushBot/7~bl; +http://www.semrush.com/bot.html)"
185.191.171.25 - - [05/Sep/2022:10:12:48 +0200] "GET /AmiKo/Windows HTTP/1.1" 200 10332 "-" "Mozilla/5.0 (compatible; SemrushBot/7~bl; +http://www.semrush.com/bot.html)"
66.249.77.151 - - [05/Sep/2022:10:19:58 +0200] "GET /amiko/privacy HTTP/1.1" 404 276 "-" "Mozilla/5.0 (compatible; Googlebot/2.1; +http://www.google.com/bot.html)"
112.13.112.116 - - [05/Sep/2022:10:20:52 +0200] "GET /main/2005 HTTP/1.1" 404 268 "-" "Mozilla/5.0 (Windows NT 6.1; Win64; x64) AppleWebKit/537.36 (KHTML, like Gecko) Chrome/69.0.3497.81 YisouSpider/5.0 Safari/537.36"
101.67.50.7 - - [05/Sep/2022:10:21:01 +0200] "GET /robots.txt HTTP/1.1" 200 - "-" "YisouSpider"
66.249.69.206 - - [05/Sep/2022:10:23:41 +0200] "GET /robots.txt HTTP/1.1" 200 - "-" "Mozilla/5.0 (compatible; Googlebot/2.1; +http://www.google.com/bot.html)"
66.249.69.210 - - [05/Sep/2022:10:23:42 +0200] "GET /amiko/privacy HTTP/1.1" 404 272 "-" "Mozilla/5.0 (compatible; Googlebot/2.1; +http://www.google.com/bot.html)"
54.84.192.51 - - [05/Sep/2022:10:26:05 +0200] "GET /keybase.txt HTTP/1.1" 200 2659 "-" "keybase-proofs/2.3.24"
185.191.171.45 - - [05/Sep/2022:10:27:07 +0200] "GET /Swissmedic/Vertriebsunterbruch?n=Main.SideBar%3Faction%3Dedit HTTP/1.1" 302 157 "-" "Mozilla/5.0 (compatible; SemrushBot/7~bl; +http://www.semrush.com/bot.html)"
66.249.77.151 - - [05/Sep/2022:10:29:36 +0200] "GET / HTTP/1.1" 200 12627 "-" "Mozilla/5.0 (compatible; Googlebot/2.1; +http://www.google.com/bot.html)"
66.249.77.155 - - [05/Sep/2022:10:30:47 +0200] "GET /generikacc/privacy HTTP/1.1" 404 281 "-" "Mozilla/5.0 (compatible; Googlebot/2.1; +http://www.google.com/bot.html)"
54.197.36.98 - - [05/Sep/2022:10:35:04 +0200] "GET /Site/AllRecentChanges?action=rss HTTP/1.1" 200 2546 "https://www.google.com/" "Mozilla/5.0 (Windows NT 10.0; Win64; x64) AppleWebKit/537.36 (KHTML, like Gecko) Chrome/80.0.3987.87 Safari/537.36"
194.209.200.2 - - [05/Sep/2022:10:44:33 +0200] "GET /robots.txt HTTP/1.1" 200 - "-" "Mozilla/5.0 (compatible; TMMBot/0.2; +http://www.dslab.ch)/Nutch-1.15"
194.209.200.2 - - [05/Sep/2022:10:44:34 +0200] "GET /AmiKo/Linux HTTP/1.1" 200 9217 "-" "Mozilla/5.0 (compatible; TMMBot/0.2; +http://www.dslab.ch)/Nutch-1.15"
194.209.200.2 - - [05/Sep/2022:10:44:44 +0200] "GET /AmiKo/Windows HTTP/1.1" 200 10332 "-" "Mozilla/5.0 (compatible; TMMBot/0.2; +http://www.dslab.ch)/Nutch-1.15"
194.209.200.2 - - [05/Sep/2022:10:46:13 +0200] "GET /ODDB/StammdatenCH HTTP/1.1" 200 9300 "-" "Mozilla/5.0 (compatible; TMMBot/0.2; +http://www.dslab.ch)/Nutch-1.15"
82.64.47.169 - - [05/Sep/2022:10:47:11 +0200] "GET /Main/DocumedGalenicaVsYwesee HTTP/1.1" 200 35251 "-" "Mozilla/5.0 (Windows NT 10.0; Win64; x64; rv:91.0) Gecko/20100101 Firefox/91.0 Waterfox/91.3.3"
82.64.47.169 - - [05/Sep/2022:10:47:11 +0200] "GET /pub/skins/ywesee/gila.css HTTP/1.1" 200 8276 "https://www.ywesee.com/Main/DocumedGalenicaVsYwesee" "Mozilla/5.0 (Windows NT 10.0; Win64; x64; rv:91.0) Gecko/20100101 Firefox/91.0 Waterfox/91.3.3"
82.64.47.169 - - [05/Sep/2022:10:47:11 +0200] "GET /pub/skins/ywesee/gila.css); HTTP/1.1" 404 290 "https://www.ywesee.com/" "Mozilla/5.0 (Windows NT 10.0; Win64; x64; rv:91.0) Gecko/20100101 Firefox/91.0 Waterfox/91.3.3"
82.64.47.169 - - [05/Sep/2022:10:47:11 +0200] "GET /favicon.ico HTTP/1.1" 200 1406 "https://www.ywesee.com/Main/DocumedGalenicaVsYwesee" "Mozilla/5.0 (Windows NT 10.0; Win64; x64; rv:91.0) Gecko/20100101 Firefox/91.0 Waterfox/91.3.3"
82.64.47.169 - - [05/Sep/2022:10:47:17 +0200] "GET /Ywesee/Kontakt HTTP/1.1" 200 8973 "https://www.ywesee.com/Main/DocumedGalenicaVsYwesee" "Mozilla/5.0 (Windows NT 10.0; Win64; x64; rv:91.0) Gecko/20100101 Firefox/91.0 Waterfox/91.3.3"
82.64.47.169 - - [05/Sep/2022:10:47:17 +0200] "GET /pub/skins/ywesee/gila.css); HTTP/1.1" 404 290 "https://www.ywesee.com/" "Mozilla/5.0 (Windows NT 10.0; Win64; x64; rv:91.0) Gecko/20100101 Firefox/91.0 Waterfox/91.3.3"
82.64.47.169 - - [05/Sep/2022:10:47:28 +0200] "GET /Ywesee/Kontakt HTTP/1.1" 200 8973 "https://www.ywesee.com/Ywesee/Kontakt" "Mozilla/5.0 (Windows NT 10.0; Win64; x64; rv:91.0) Gecko/20100101 Firefox/91.0 Waterfox/91.3.3"
82.64.47.169 - - [05/Sep/2022:10:47:28 +0200] "GET /pub/skins/ywesee/gila.css); HTTP/1.1" 404 290 "https://www.ywesee.com/" "Mozilla/5.0 (Windows NT 10.0; Win64; x64; rv:91.0) Gecko/20100101 Firefox/91.0 Waterfox/91.3.3"
82.64.47.169 - - [05/Sep/2022:10:47:33 +0200] "GET /Ywesee/About HTTP/1.1" 200 9132 "https://www.ywesee.com/Ywesee/Kontakt" "Mozilla/5.0 (Windows NT 10.0; Win64; x64; rv:91.0) Gecko/20100101 Firefox/91.0 Waterfox/91.3.3"
82.64.47.169 - - [05/Sep/2022:10:47:33 +0200] "GET /pub/skins/ywesee/gila.css); HTTP/1.1" 404 290 "https://www.ywesee.com/" "Mozilla/5.0 (Windows NT 10.0; Win64; x64; rv:91.0) Gecko/20100101 Firefox/91.0 Waterfox/91.3.3"
185.191.171.14 - - [05/Sep/2022:10:50:01 +0200] "GET /Ywesee/OpenStandards?action=diff HTTP/1.1" 403 18 "-" "Mozilla/5.0 (compatible; SemrushBot/7~bl; +http://www.semrush.com/bot.html)"
194.209.200.2 - - [05/Sep/2022:10:50:36 +0200] "GET /Main/2007 HTTP/1.1" 200 50639 "-" "Mozilla/5.0 (compatible; TMMBot/0.2; +http://www.dslab.ch)/Nutch-1.15"
194.209.200.2 - - [05/Sep/2022:10:50:43 +0200] "GET /Software/BBMB HTTP/1.1" 200 9385 "-" "Mozilla/5.0 (compatible; TMMBot/0.2; +http://www.dslab.ch)/Nutch-1.15"
194.209.200.2 - - [05/Sep/2022:10:50:44 +0200] "GET /Main/2005 HTTP/1.1" 200 63344 "-" "Mozilla/5.0 (compatible; TMMBot/0.2; +http://www.dslab.ch)/Nutch-1.15"
194.209.200.2 - - [05/Sep/2022:10:51:09 +0200] "GET /Main/2012 HTTP/1.1" 200 31941 "-" "Mozilla/5.0 (compatible; TMMBot/0.2; +http://www.dslab.ch)/Nutch-1.15"
82.64.47.169 - - [05/Sep/2022:10:52:47 +0200] "GET / HTTP/1.1" 200 12627 "-" "Mozilla/5.0 (Android 8.0.0; Mobile; rv:96.0) Gecko/96.0 Firefox/96.0"
82.64.47.169 - - [05/Sep/2022:10:52:50 +0200] "GET /pub/skins/ywesee/gila.css HTTP/1.1" 200 8276 "https://ywesee.com/" "Mozilla/5.0 (Android 8.0.0; Mobile; rv:96.0) Gecko/96.0 Firefox/96.0"
82.64.47.169 - - [05/Sep/2022:10:52:50 +0200] "GET /uploads/Main/yweseelogo.gif HTTP/1.1" 200 2982 "https://ywesee.com/" "Mozilla/5.0 (Android 8.0.0; Mobile; rv:96.0) Gecko/96.0 Firefox/96.0"
82.64.47.169 - - [05/Sep/2022:10:53:04 +0200] "GET /Ywesee/Events HTTP/1.1" 200 8918 "https://ywesee.com/" "Mozilla/5.0 (Android 8.0.0; Mobile; rv:96.0) Gecko/96.0 Firefox/96.0"
82.64.47.169 - - [05/Sep/2022:10:53:20 +0200] "GET /Anlass/06122012 HTTP/1.1" 200 11144 "-" "Mozilla/5.0 (Android 8.0.0; Mobile; rv:96.0) Gecko/96.0 Firefox/96.0"
82.64.47.169 - - [05/Sep/2022:10:53:35 +0200] "GET /Ywesee/About HTTP/1.1" 200 9132 "https://ywesee.com/" "Mozilla/5.0 (Android 8.0.0; Mobile; rv:96.0) Gecko/96.0 Firefox/96.0"
82.64.47.169 - - [05/Sep/2022:10:53:40 +0200] "GET /pmwiki.php/Ywesee/Kontakt HTTP/1.1" 200 8973 "-" "Mozilla/5.0 (Android 8.0.0; Mobile; rv:96.0) Gecko/96.0 Firefox/96.0"
82.64.47.169 - - [05/Sep/2022:10:54:11 +0200] "GET / HTTP/1.1" 200 12627 "-" "Mozilla/5.0 (Windows NT 10.0; Win64; x64; rv:91.0) Gecko/20100101 Firefox/91.0 Waterfox/91.3.3"
82.64.47.169 - - [05/Sep/2022:10:54:11 +0200] "GET /pub/skins/ywesee/gila.css); HTTP/1.1" 404 290 "https://ywesee.com/" "Mozilla/5.0 (Windows NT 10.0; Win64; x64; rv:91.0) Gecko/20100101 Firefox/91.0 Waterfox/91.3.3"
82.64.47.169 - - [05/Sep/2022:10:54:11 +0200] "GET /favicon.ico HTTP/1.1" 200 1406 "https://ywesee.com/" "Mozilla/5.0 (Windows NT 10.0; Win64; x64; rv:91.0) Gecko/20100101 Firefox/91.0 Waterfox/91.3.3"
82.64.47.169 - - [05/Sep/2022:10:54:51 +0200] "GET / HTTP/1.1" 200 12627 "-" "Mozilla/5.0 (Windows NT 10.0; Win64; x64; rv:91.0) Gecko/20100101 Firefox/91.0 Waterfox/91.3.3"
82.64.47.169 - - [05/Sep/2022:10:54:51 +0200] "GET /pub/skins/ywesee/gila.css); HTTP/1.1" 404 290 "https://ywesee.com/" "Mozilla/5.0 (Windows NT 10.0; Win64; x64; rv:91.0) Gecko/20100101 Firefox/91.0 Waterfox/91.3.3"
82.64.47.169 - - [05/Sep/2022:10:54:59 +0200] "GET / HTTP/1.1" 200 12627 "-" "Mozilla/5.0 (Windows NT 10.0; Win64; x64; rv:91.0) Gecko/20100101 Firefox/91.0 Waterfox/91.3.3"
82.64.47.169 - - [05/Sep/2022:10:55:00 +0200] "GET /pub/skins/ywesee/gila.css); HTTP/1.1" 404 290 "https://ywesee.com/" "Mozilla/5.0 (Windows NT 10.0; Win64; x64; rv:91.0) Gecko/20100101 Firefox/91.0 Waterfox/91.3.3"
82.64.47.169 - - [05/Sep/2022:10:55:16 +0200] "GET /Ywesee/About HTTP/1.1" 200 9132 "https://ywesee.com/" "Mozilla/5.0 (Windows NT 10.0; Win64; x64; rv:91.0) Gecko/20100101 Firefox/91.0 Waterfox/91.3.3"
82.64.47.169 - - [05/Sep/2022:10:55:16 +0200] "GET /pub/skins/ywesee/gila.css); HTTP/1.1" 404 290 "https://www.ywesee.com/" "Mozilla/5.0 (Windows NT 10.0; Win64; x64; rv:91.0) Gecko/20100101 Firefox/91.0 Waterfox/91.3.3"
82.64.47.169 - - [05/Sep/2022:10:55:45 +0200] "GET /Ywesee/About HTTP/1.1" 200 9132 "https://ywesee.com/" "Mozilla/5.0 (Windows NT 10.0; Win64; x64; rv:91.0) Gecko/20100101 Firefox/91.0 Waterfox/91.3.3"
82.64.47.169 - - [05/Sep/2022:10:55:59 +0200] "GET /Ywesee/About HTTP/1.1" 200 9132 "https://ywesee.com/" "Mozilla/5.0 (Windows NT 10.0; Win64; x64; rv:91.0) Gecko/20100101 Firefox/91.0 Waterfox/91.3.3"
82.64.47.169 - - [05/Sep/2022:10:56:01 +0200] "GET /Ywesee/About HTTP/1.1" 200 9132 "https://ywesee.com/" "Mozilla/5.0 (Windows NT 10.0; Win64; x64; rv:91.0) Gecko/20100101 Firefox/91.0 Waterfox/91.3.3"
82.64.47.169 - - [05/Sep/2022:10:56:10 +0200] "GET /Ywesee/About HTTP/1.1" 200 9132 "https://ywesee.com/" "Mozilla/5.0 (Windows NT 10.0; Win64; x64; rv:91.0) Gecko/20100101 Firefox/91.0 Waterfox/91.3.3"
82.64.47.169 - - [05/Sep/2022:10:56:54 +0200] "GET /Ywesee/About HTTP/1.1" 200 9132 "https://ywesee.com/" "Mozilla/5.0 (Windows NT 10.0; Win64; x64; rv:91.0) Gecko/20100101 Firefox/91.0 Waterfox/91.3.3"
82.64.47.169 - - [05/Sep/2022:10:56:57 +0200] "GET /Ywesee/About HTTP/1.1" 200 9132 "https://ywesee.com/" "Mozilla/5.0 (Windows NT 10.0; Win64; x64; rv:91.0) Gecko/20100101 Firefox/91.0 Waterfox/91.3.3"
82.64.47.169 - - [05/Sep/2022:10:57:03 +0200] "GET /Ywesee/About HTTP/1.1" 200 9132 "https://ywesee.com/" "Mozilla/5.0 (Windows NT 10.0; Win64; x64; rv:91.0) Gecko/20100101 Firefox/91.0 Waterfox/91.3.3"
82.64.47.169 - - [05/Sep/2022:10:57:18 +0200] "GET /Ywesee/About HTTP/1.1" 200 9132 "https://ywesee.com/" "Mozilla/5.0 (Windows NT 10.0; Win64; x64; rv:91.0) Gecko/20100101 Firefox/91.0 Waterfox/91.3.3"
82.64.47.169 - - [05/Sep/2022:10:57:24 +0200] "GET /Ywesee/About HTTP/1.1" 200 9132 "https://ywesee.com/" "Mozilla/5.0 (Windows NT 10.0; Win64; x64; rv:91.0) Gecko/20100101 Firefox/91.0 Waterfox/91.3.3"
82.64.47.169 - - [05/Sep/2022:10:57:43 +0200] "GET /Ywesee/About HTTP/1.1" 200 9132 "https://ywesee.com/" "Mozilla/5.0 (Windows NT 10.0; Win64; x64; rv:91.0) Gecko/20100101 Firefox/91.0 Waterfox/91.3.3"
82.64.47.169 - - [05/Sep/2022:10:57:49 +0200] "GET /Ywesee/About HTTP/1.1" 200 9132 "https://ywesee.com/" "Mozilla/5.0 (Windows NT 10.0; Win64; x64; rv:91.0) Gecko/20100101 Firefox/91.0 Waterfox/91.3.3"
82.64.47.169 - - [05/Sep/2022:10:58:13 +0200] "GET /Main/DocumedGalenicaVsYwesee HTTP/1.1" 200 35251 "https://www.ywesee.com/Ywesee/About" "Mozilla/5.0 (Windows NT 10.0; Win64; x64; rv:91.0) Gecko/20100101 Firefox/91.0 Waterfox/91.3.3"
82.64.47.169 - - [05/Sep/2022:10:58:25 +0200] "GET /Main/DocumedGalenicaVsYwesee HTTP/1.1" 200 35251 "https://www.ywesee.com/Ywesee/About" "Mozilla/5.0 (Windows NT 10.0; Win64; x64; rv:91.0) Gecko/20100101 Firefox/91.0 Waterfox/91.3.3"
82.64.47.169 - - [05/Sep/2022:10:59:08 +0200] "GET /Main/DocumedGalenicaVsYwesee HTTP/1.1" 200 35251 "https://www.ywesee.com/Main/DocumedGalenicaVsYwesee" "Mozilla/5.0 (Windows NT 10.0; Win64; x64; rv:91.0) Gecko/20100101 Firefox/91.0 Waterfox/91.3.3"
82.64.47.169 - - [05/Sep/2022:10:59:11 +0200] "GET /Main/DocumedGalenicaVsYwesee HTTP/1.1" 200 35251 "https://www.ywesee.com/Main/DocumedGalenicaVsYwesee" "Mozilla/5.0 (Windows NT 10.0; Win64; x64; rv:91.0) Gecko/20100101 Firefox/91.0 Waterfox/91.3.3"
82.64.47.169 - - [05/Sep/2022:10:59:21 +0200] "GET /Site/AllRecentChanges?action=rss HTTP/1.1" 200 2546 "https://www.ywesee.com/Main/DocumedGalenicaVsYwesee" "Mozilla/5.0 (Windows NT 10.0; Win64; x64; rv:91.0) Gecko/20100101 Firefox/91.0 Waterfox/91.3.3"
82.64.47.169 - - [05/Sep/2022:10:59:32 +0200] "GET /Main/DocumedGalenicaVsYwesee HTTP/1.1" 200 35251 "https://www.ywesee.com/Main/DocumedGalenicaVsYwesee" "Mozilla/5.0 (Windows NT 10.0; Win64; x64; rv:91.0) Gecko/20100101 Firefox/91.0 Waterfox/91.3.3"
82.64.47.169 - - [05/Sep/2022:10:59:59 +0200] "GET /Main/DocumedGalenicaVsYwesee HTTP/1.1" 200 35251 "https://www.ywesee.com/Main/DocumedGalenicaVsYwesee" "Mozilla/5.0 (Windows NT 10.0; Win64; x64; rv:91.0) Gecko/20100101 Firefox/91.0 Waterfox/91.3.3"
82.64.47.169 - - [05/Sep/2022:11:00:22 +0200] "GET /Main/DocumedGalenicaVsYwesee HTTP/1.1" 200 35251 "https://www.ywesee.com/Main/DocumedGalenicaVsYwesee" "Mozilla/5.0 (Windows NT 10.0; Win64; x64; rv:91.0) Gecko/20100101 Firefox/91.0 Waterfox/91.3.3"
40.77.167.47 - - [05/Sep/2022:11:00:26 +0200] "GET /Miele/MieleLXIV HTTP/1.1" 200 15367 "-" "Mozilla/5.0 (compatible; bingbot/2.0; +http://www.bing.com/bingbot.htm)"
157.55.39.106 - - [05/Sep/2022:11:00:31 +0200] "GET /Main/Parsen HTTP/1.1" 200 8581 "-" "Mozilla/5.0 (compatible; bingbot/2.0; +http://www.bing.com/bingbot.htm)"
185.191.171.34 - - [05/Sep/2022:11:02:55 +0200] "GET /Main/IPhone?action=edit HTTP/1.1" 403 18 "-" "Mozilla/5.0 (compatible; SemrushBot/7~bl; +http://www.semrush.com/bot.html)"
138.199.18.82 - - [05/Sep/2022:11:04:30 +0200] "GET /Ywesee/Kontakt HTTP/1.1" 200 8973 "https://www.ywesee.com" "Mozilla/5.0 (Windows NT 10.0; Win64; x64) AppleWebKit/537.36 (KHTML, like Gecko) Chrome/96.0.4664.45 Safari/537.36"
65.21.206.43 - - [05/Sep/2022:11:08:22 +0200] "GET /AmiKo/Windows HTTP/1.1" 200 10332 "-" "Mozilla/5.0 (Windows NT 10.0; Win64; x64) AppleWebKit/537.36 (KHTML, like Gecko) Chrome/91.0.4472.114 Safari/537.36 Edg/91.0.864.54"
82.64.47.169 - - [05/Sep/2022:11:18:24 +0200] "GET /Ywesee/About HTTP/1.1" 200 9132 "https://ywesee.com/" "Mozilla/5.0 (Android 8.0.0; Mobile; rv:96.0) Gecko/96.0 Firefox/96.0"
82.64.47.169 - - [05/Sep/2022:11:18:25 +0200] "GET /pub/skins/ywesee/gila.css HTTP/1.1" 200 8276 "https://www.ywesee.com/Ywesee/About" "Mozilla/5.0 (Android 8.0.0; Mobile; rv:96.0) Gecko/96.0 Firefox/96.0"
82.64.47.169 - - [05/Sep/2022:11:26:53 +0200] "GET /uploads/Main/Zulaessigkeit-der-Taetigkeit-von-Swissmedic-im-Bereich-des-Schweizerischen-Arzneimittelkompendiums.pdf HTTP/1.1" 200 1761141 "-" "Mozilla/5.0 (Windows NT 10.0; Win64; x64; rv:91.0) Gecko/20100101 Firefox/91.0 Waterfox/91.3.3"
82.64.47.169 - - [05/Sep/2022:11:26:53 +0200] "GET /uploads/Main/Zulaessigkeit-der-Taetigkeit-von-Swissmedic-im-Bereich-des-Schweizerischen-Arzneimittelkompendiums.pdf HTTP/1.1" 206 57205 "-" "Mozilla/5.0 (Windows NT 10.0; Win64; x64; rv:91.0) Gecko/20100101 Firefox/91.0 Waterfox/91.3.3"
194.209.200.2 - - [05/Sep/2022:11:27:03 +0200] "GET /robots.txt HTTP/1.1" 200 - "-" "Mozilla/5.0 (compatible; TMMBot/0.2; +http://www.dslab.ch)/Nutch-1.15"
194.209.200.2 - - [05/Sep/2022:11:27:03 +0200] "GET /AmiKo/Linux HTTP/1.1" 200 9217 "-" "Mozilla/5.0 (compatible; TMMBot/0.2; +http://www.dslab.ch)/Nutch-1.15"
194.209.200.2 - - [05/Sep/2022:11:27:14 +0200] "GET /AmiKo/Windows HTTP/1.1" 200 10332 "-" "Mozilla/5.0 (compatible; TMMBot/0.2; +http://www.dslab.ch)/Nutch-1.15"
40.77.167.52 - - [05/Sep/2022:11:29:16 +0200] "GET /Main/ForderungstabelleSpezialitaetenliste?action=upload HTTP/1.1" 403 18 "-" "Mozilla/5.0 (compatible; bingbot/2.0; +http://www.bing.com/bingbot.htm)"
194.209.200.2 - - [05/Sep/2022:11:33:02 +0200] "GET /Main/2007 HTTP/1.1" 200 50639 "-" "Mozilla/5.0 (compatible; TMMBot/0.2; +http://www.dslab.ch)/Nutch-1.15"
194.209.200.2 - - [05/Sep/2022:11:33:09 +0200] "GET /Software/BBMB HTTP/1.1" 200 9385 "-" "Mozilla/5.0 (compatible; TMMBot/0.2; +http://www.dslab.ch)/Nutch-1.15"
194.209.200.2 - - [05/Sep/2022:11:33:10 +0200] "GET /Main/2005 HTTP/1.1" 200 63344 "-" "Mozilla/5.0 (compatible; TMMBot/0.2; +http://www.dslab.ch)/Nutch-1.15"
194.209.200.2 - - [05/Sep/2022:11:33:35 +0200] "GET /Main/2012 HTTP/1.1" 200 31941 "-" "Mozilla/5.0 (compatible; TMMBot/0.2; +http://www.dslab.ch)/Nutch-1.15"
194.209.200.2 - - [05/Sep/2022:11:33:52 +0200] "GET /Main/ComCo19122016 HTTP/1.1" 200 10547 "-" "Mozilla/5.0 (compatible; TMMBot/0.2; +http://www.dslab.ch)/Nutch-1.15"
185.191.171.16 - - [05/Sep/2022:11:37:21 +0200] "GET /robots.txt HTTP/1.1" 200 - "-" "Mozilla/5.0 (compatible; SemrushBot/7~bl; +http://www.semrush.com/bot.html)"
185.191.171.35 - - [05/Sep/2022:11:37:21 +0200] "GET /Main/SL-Liste?action=edit HTTP/1.1" 403 18 "-" "Mozilla/5.0 (compatible; SemrushBot/7~bl; +http://www.semrush.com/bot.html)"
82.64.47.169 - - [05/Sep/2022:11:38:30 +0200] "GET /Anlass/06122012 HTTP/1.1" 200 11144 "-" "Mozilla/5.0 (Android 8.0.0; Mobile; rv:96.0) Gecko/96.0 Firefox/96.0"
82.64.47.169 - - [05/Sep/2022:11:45:12 +0200] "GET / HTTP/1.1" 200 12627 "-" "Mozilla/5.0 (Windows NT 10.0; Win64; x64; rv:91.0) Gecko/20100101 Firefox/91.0 Waterfox/91.3.3"
82.64.47.169 - - [05/Sep/2022:11:45:12 +0200] "GET /favicon.ico HTTP/1.1" 200 1406 "https://ywesee.com/" "Mozilla/5.0 (Windows NT 10.0; Win64; x64; rv:91.0) Gecko/20100101 Firefox/91.0 Waterfox/91.3.3"
82.64.47.169 - - [05/Sep/2022:11:45:21 +0200] "GET / HTTP/1.1" 200 12627 "-" "Mozilla/5.0 (Windows NT 10.0; Win64; x64; rv:91.0) Gecko/20100101 Firefox/91.0 Waterfox/91.3.3"
82.64.47.169 - - [05/Sep/2022:11:45:38 +0200] "GET / HTTP/1.1" 200 12627 "-" "Mozilla/5.0 (Windows NT 10.0; Win64; x64; rv:91.0) Gecko/20100101 Firefox/91.0 Waterfox/91.3.3"
82.64.47.169 - - [05/Sep/2022:11:45:45 +0200] "GET /Ywesee/About HTTP/1.1" 200 9132 "https://ywesee.com/" "Mozilla/5.0 (Windows NT 10.0; Win64; x64; rv:91.0) Gecko/20100101 Firefox/91.0 Waterfox/91.3.3"
82.64.47.169 - - [05/Sep/2022:11:45:45 +0200] "GET /favicon.ico HTTP/1.1" 200 1406 "https://www.ywesee.com/Ywesee/About" "Mozilla/5.0 (Windows NT 10.0; Win64; x64; rv:91.0) Gecko/20100101 Firefox/91.0 Waterfox/91.3.3"
82.64.47.169 - - [05/Sep/2022:11:46:14 +0200] "GET /pmwiki.php HTTP/1.1" 200 12627 "-" "Mozilla/5.0 (Windows NT 10.0; Win64; x64; rv:91.0) Gecko/20100101 Firefox/91.0 Waterfox/91.3.3"
82.64.47.169 - - [05/Sep/2022:11:46:43 +0200] "GET /pmwiki.php HTTP/1.1" 200 12627 "-" "Mozilla/5.0 (Windows NT 10.0; Win64; x64; rv:91.0) Gecko/20100101 Firefox/91.0 Waterfox/91.3.3"
82.64.47.169 - - [05/Sep/2022:11:47:02 +0200] "GET /pmwiki.php/Ywesee/Kontakt HTTP/1.1" 200 8973 "-" "Mozilla/5.0 (Windows NT 10.0; Win64; x64; rv:91.0) Gecko/20100101 Firefox/91.0 Waterfox/91.3.3"
82.64.47.169 - - [05/Sep/2022:11:50:26 +0200] "GET /pmwiki.php/Ywesee/Kontakt HTTP/1.1" 200 8973 "-" "Mozilla/5.0 (Windows NT 10.0; Win64; x64; rv:91.0) Gecko/20100101 Firefox/91.0 Waterfox/91.3.3"
82.64.47.169 - - [05/Sep/2022:11:53:30 +0200] "GET /Ywesee/Events HTTP/1.1" 200 8918 "https://www.ywesee.com/pmwiki.php/Ywesee/Kontakt" "Mozilla/5.0 (Windows NT 10.0; Win64; x64; rv:91.0) Gecko/20100101 Firefox/91.0 Waterfox/91.3.3"
82.64.47.169 - - [05/Sep/2022:11:53:37 +0200] "GET /Anlass/12012017 HTTP/1.1" 200 10710 "-" "Mozilla/5.0 (Windows NT 10.0; Win64; x64; rv:91.0) Gecko/20100101 Firefox/91.0 Waterfox/91.3.3"
82.64.47.169 - - [05/Sep/2022:11:53:40 +0200] "GET /Ywesee/Events HTTP/1.1" 200 8918 "https://www.ywesee.com/pmwiki.php/Ywesee/Kontakt" "Mozilla/5.0 (Windows NT 10.0; Win64; x64; rv:91.0) Gecko/20100101 Firefox/91.0 Waterfox/91.3.3"
82.64.47.169 - - [05/Sep/2022:11:53:44 +0200] "GET /Anlass/06122012 HTTP/1.1" 200 11144 "-" "Mozilla/5.0 (Windows NT 10.0; Win64; x64; rv:91.0) Gecko/20100101 Firefox/91.0 Waterfox/91.3.3"
82.64.47.169 - - [05/Sep/2022:11:53:46 +0200] "GET /Ywesee/Events HTTP/1.1" 200 8918 "https://www.ywesee.com/pmwiki.php/Ywesee/Kontakt" "Mozilla/5.0 (Windows NT 10.0; Win64; x64; rv:91.0) Gecko/20100101 Firefox/91.0 Waterfox/91.3.3"
82.64.47.169 - - [05/Sep/2022:11:53:51 +0200] "GET /Ywesee/About HTTP/1.1" 200 9132 "https://www.ywesee.com/Ywesee/Events" "Mozilla/5.0 (Windows NT 10.0; Win64; x64; rv:91.0) Gecko/20100101 Firefox/91.0 Waterfox/91.3.3"
82.64.47.169 - - [05/Sep/2022:11:54:03 +0200] "GET /Ywesee/About HTTP/1.1" 200 9132 "https://www.ywesee.com/Ywesee/Events" "Mozilla/5.0 (Windows NT 10.0; Win64; x64; rv:91.0) Gecko/20100101 Firefox/91.0 Waterfox/91.3.3"
82.64.47.169 - - [05/Sep/2022:11:54:30 +0200] "GET /Main/DocumedGalenicaVsYwesee HTTP/1.1" 200 35251 "https://www.ywesee.com/Ywesee/About" "Mozilla/5.0 (Windows NT 10.0; Win64; x64; rv:91.0) Gecko/20100101 Firefox/91.0 Waterfox/91.3.3"
82.64.47.169 - - [05/Sep/2022:11:54:49 +0200] "GET /Main/DocumedGalenicaVsYwesee HTTP/1.1" 200 35251 "https://www.ywesee.com/Ywesee/About" "Mozilla/5.0 (Windows NT 10.0; Win64; x64; rv:91.0) Gecko/20100101 Firefox/91.0 Waterfox/91.3.3"
185.191.171.36 - - [05/Sep/2022:11:55:01 +0200] "GET /HotelMarriott/27062013?action=edit HTTP/1.1" 403 18 "-" "Mozilla/5.0 (compatible; SemrushBot/7~bl; +http://www.semrush.com/bot.html)"
194.38.20.161 - - [05/Sep/2022:11:55:24 +0200] "GET /wp-content/plugins/super-interactive-maps/sim-wp-admin/pages/manage-maps.php HTTP/1.1" 404 335 "-" "ALittle Client"
82.64.47.169 - - [05/Sep/2022:11:56:00 +0200] "GET /AmiKo/Web HTTP/1.1" 200 9588 "https://www.ywesee.com/Main/DocumedGalenicaVsYwesee" "Mozilla/5.0 (Windows NT 10.0; Win64; x64; rv:91.0) Gecko/20100101 Firefox/91.0 Waterfox/91.3.3"
82.64.47.169 - - [05/Sep/2022:11:56:10 +0200] "GET /AmiKo/Android HTTP/1.1" 200 10427 "https://www.ywesee.com/AmiKo/Web" "Mozilla/5.0 (Windows NT 10.0; Win64; x64; rv:91.0) Gecko/20100101 Firefox/91.0 Waterfox/91.3.3"
82.64.47.169 - - [05/Sep/2022:11:56:29 +0200] "GET /Ywesee/Kontakt HTTP/1.1" 200 8973 "https://www.ywesee.com/AmiKo/Android" "Mozilla/5.0 (Windows NT 10.0; Win64; x64; rv:91.0) Gecko/20100101 Firefox/91.0 Waterfox/91.3.3"
82.64.47.169 - - [05/Sep/2022:11:56:33 +0200] "GET /Ywesee/About HTTP/1.1" 200 9132 "https://www.ywesee.com/Ywesee/Kontakt" "Mozilla/5.0 (Windows NT 10.0; Win64; x64; rv:91.0) Gecko/20100101 Firefox/91.0 Waterfox/91.3.3"
82.64.47.169 - - [05/Sep/2022:11:58:08 +0200] "GET /pmwiki.php HTTP/1.1" 200 12627 "-" "Mozilla/5.0 (Windows NT 10.0; Win64; x64; rv:91.0) Gecko/20100101 Firefox/91.0 Waterfox/91.3.3"
185.191.171.38 - - [05/Sep/2022:11:59:45 +0200] "GET /Main/MiGel?action=print HTTP/1.1" 403 18 "-" "Mozilla/5.0 (compatible; SemrushBot/7~bl; +http://www.semrush.com/bot.html)"
82.64.47.169 - - [05/Sep/2022:11:59:59 +0200] "GET /Software/BBMB HTTP/1.1" 200 9385 "https://ywesee.com/" "Mozilla/5.0 (Windows NT 10.0; Win64; x64; rv:91.0) Gecko/20100101 Firefox/91.0 Waterfox/91.3.3"
82.64.47.169 - - [05/Sep/2022:12:01:22 +0200] "GET /Software/BBMB HTTP/1.1" 200 9385 "https://ywesee.com/" "Mozilla/5.0 (Windows NT 10.0; Win64; x64; rv:91.0) Gecko/20100101 Firefox/91.0 Waterfox/91.3.3"
194.187.171.149 - - [05/Sep/2022:12:03:59 +0200] "GET /favicon.ico HTTP/1.1" 200 1406 "-" "Mozilla/5.0 (compatible; Qwantify/1.0; +https://www.qwant.com/)"
154.21.208.173 - - [05/Sep/2022:12:12:10 +0200] "GET /wp-login.php HTTP/1.1" 404 271 "-" "Mozilla/5.0 (Windows NT 10.0; Win64; x64) AppleWebKit/537.36 (KHTML, like Gecko) Chrome/91.0.4472.124 Safari/537.36"
82.64.47.169 - - [05/Sep/2022:12:13:19 +0200] "GET /Ywesee/About HTTP/1.1" 200 9132 "https://www.ywesee.com/Software/BBMB" "Mozilla/5.0 (Windows NT 10.0; Win64; x64; rv:91.0) Gecko/20100101 Firefox/91.0 Waterfox/91.3.3"
82.64.47.169 - - [05/Sep/2022:12:13:19 +0200] "GET /favicon.ico HTTP/1.1" 200 1406 "https://www.ywesee.com/Ywesee/About" "Mozilla/5.0 (Windows NT 10.0; Win64; x64; rv:91.0) Gecko/20100101 Firefox/91.0 Waterfox/91.3.3"
82.64.47.169 - - [05/Sep/2022:12:13:28 +0200] "GET /Ywesee/OpenSource HTTP/1.1" 200 10790 "https://www.ywesee.com/Ywesee/About" "Mozilla/5.0 (Windows NT 10.0; Win64; x64; rv:91.0) Gecko/20100101 Firefox/91.0 Waterfox/91.3.3"
82.64.47.169 - - [05/Sep/2022:12:13:28 +0200] "GET /favicon.ico HTTP/1.1" 200 1406 "https://www.ywesee.com/Ywesee/OpenSource" "Mozilla/5.0 (Windows NT 10.0; Win64; x64; rv:91.0) Gecko/20100101 Firefox/91.0 Waterfox/91.3.3"
