144.76.68.14 - - [15/Nov/2022:11:58:53 +0100] "GET /Main/2017?action=upload HTTP/1.1" 403 18 "-" "serpstatbot/2.1 (advanced backlink tracking bot; https://serpstatbot.com/; abuse@serpstatbot.com)"
144.76.68.14 - - [15/Nov/2022:11:59:41 +0100] "GET /Main/Refdata?action=diff HTTP/1.1" 403 18 "-" "serpstatbot/2.1 (advanced backlink tracking bot; https://serpstatbot.com/; abuse@serpstatbot.com)"
54.211.252.97 - - [15/Nov/2022:11:59:51 +0100] "GET /app-ads.txt HTTP/1.1" 404 270 "-" "Pixalate.com/1.0"
54.211.252.97 - - [15/Nov/2022:11:59:52 +0100] "GET /app-ads.txt HTTP/1.1" 404 270 "-" "Pixalate.com/1.0"
54.211.252.97 - - [15/Nov/2022:11:59:53 +0100] "GET /app-ads.txt HTTP/1.1" 404 274 "-" "Pixalate.com/1.0"
54.211.252.97 - - [15/Nov/2022:11:59:54 +0100] "GET /app-ads.txt HTTP/1.1" 404 270 "-" "Pixalate.com/1.0"
144.76.68.14 - - [15/Nov/2022:12:00:30 +0100] "GET /Main/PharmacodeVsEancode?action=upload HTTP/1.1" 403 18 "-" "serpstatbot/2.1 (advanced backlink tracking bot; https://serpstatbot.com/; abuse@serpstatbot.com)"
207.246.70.23 - - [15/Nov/2022:12:01:12 +0100] "GET / HTTP/1.1" 200 13972 "-" "MoreAltBot/1.0 (+http://www.morealt.com/bot.html)"
144.76.68.14 - - [15/Nov/2022:12:01:16 +0100] "GET /Main/PharmacodeVsEancode?action=print HTTP/1.1" 403 18 "-" "serpstatbot/2.1 (advanced backlink tracking bot; https://serpstatbot.com/; abuse@serpstatbot.com)"
144.76.68.14 - - [15/Nov/2022:12:02:05 +0100] "GET /Main/PharmacodeVsEancode?action=edit HTTP/1.1" 403 18 "-" "serpstatbot/2.1 (advanced backlink tracking bot; https://serpstatbot.com/; abuse@serpstatbot.com)"
144.76.68.14 - - [15/Nov/2022:12:02:51 +0100] "GET /Main/2017?action=print HTTP/1.1" 403 18 "-" "serpstatbot/2.1 (advanced backlink tracking bot; https://serpstatbot.com/; abuse@serpstatbot.com)"
144.76.68.14 - - [15/Nov/2022:12:03:37 +0100] "GET /Main/Refdata?action=edit HTTP/1.1" 403 18 "-" "serpstatbot/2.1 (advanced backlink tracking bot; https://serpstatbot.com/; abuse@serpstatbot.com)"
144.76.68.14 - - [15/Nov/2022:12:04:23 +0100] "GET /Main/Buchpublikationspflicht?action=edit HTTP/1.1" 403 18 "-" "serpstatbot/2.1 (advanced backlink tracking bot; https://serpstatbot.com/; abuse@serpstatbot.com)"
64.71.157.107 - - [15/Nov/2022:12:04:40 +0100] "GET /pmwiki.php/Site/AllRecentChanges?action=rss HTTP/1.1" 200 2548 "-" "Feedbin feed-id:590358 - 1 subscribers"
144.76.68.14 - - [15/Nov/2022:12:04:47 +0100] "GET /pmwiki.php/Ywesee/Kontakt HTTP/1.1" 200 8973 "-" "serpstatbot/2.1 (advanced backlink tracking bot; https://serpstatbot.com/; abuse@serpstatbot.com)"
144.76.68.14 - - [15/Nov/2022:12:05:10 +0100] "GET /Main/Buchpublikationspflicht?action=diff HTTP/1.1" 403 18 "-" "serpstatbot/2.1 (advanced backlink tracking bot; https://serpstatbot.com/; abuse@serpstatbot.com)"
144.76.68.14 - - [15/Nov/2022:12:05:55 +0100] "GET /Main/2021?action=upload HTTP/1.1" 403 18 "-" "serpstatbot/2.1 (advanced backlink tracking bot; https://serpstatbot.com/; abuse@serpstatbot.com)"
144.76.68.14 - - [15/Nov/2022:12:06:42 +0100] "GET /Main/2021?action=print HTTP/1.1" 403 18 "-" "serpstatbot/2.1 (advanced backlink tracking bot; https://serpstatbot.com/; abuse@serpstatbot.com)"
144.76.68.14 - - [15/Nov/2022:12:07:26 +0100] "GET /Main/2021?action=edit HTTP/1.1" 403 18 "-" "serpstatbot/2.1 (advanced backlink tracking bot; https://serpstatbot.com/; abuse@serpstatbot.com)"
144.76.68.14 - - [15/Nov/2022:12:08:12 +0100] "GET /Main/2021?action=diff HTTP/1.1" 403 18 "-" "serpstatbot/2.1 (advanced backlink tracking bot; https://serpstatbot.com/; abuse@serpstatbot.com)"
144.76.68.14 - - [15/Nov/2022:12:08:57 +0100] "GET /Main/2020?action=upload HTTP/1.1" 403 18 "-" "serpstatbot/2.1 (advanced backlink tracking bot; https://serpstatbot.com/; abuse@serpstatbot.com)"
144.76.68.14 - - [15/Nov/2022:12:09:41 +0100] "GET /Main/2020?action=print HTTP/1.1" 403 18 "-" "serpstatbot/2.1 (advanced backlink tracking bot; https://serpstatbot.com/; abuse@serpstatbot.com)"
144.76.68.14 - - [15/Nov/2022:12:10:28 +0100] "GET /Main/2020?action=edit HTTP/1.1" 403 18 "-" "serpstatbot/2.1 (advanced backlink tracking bot; https://serpstatbot.com/; abuse@serpstatbot.com)"
144.76.68.14 - - [15/Nov/2022:12:11:14 +0100] "GET /Main/2020?action=diff HTTP/1.1" 403 18 "-" "serpstatbot/2.1 (advanced backlink tracking bot; https://serpstatbot.com/; abuse@serpstatbot.com)"
144.76.68.14 - - [15/Nov/2022:12:11:59 +0100] "GET /Main/2019?action=upload HTTP/1.1" 403 18 "-" "serpstatbot/2.1 (advanced backlink tracking bot; https://serpstatbot.com/; abuse@serpstatbot.com)"
144.76.68.14 - - [15/Nov/2022:12:12:44 +0100] "GET /Main/2019?action=print HTTP/1.1" 403 18 "-" "serpstatbot/2.1 (advanced backlink tracking bot; https://serpstatbot.com/; abuse@serpstatbot.com)"
44.204.90.92 - - [15/Nov/2022:12:13:00 +0100] "GET /robots.txt HTTP/1.1" 200 - "-" "MauiBot (crawler.feedback+gamma@gmail.com)"
144.76.68.14 - - [15/Nov/2022:12:13:31 +0100] "GET /Main/2019?action=edit HTTP/1.1" 403 18 "-" "serpstatbot/2.1 (advanced backlink tracking bot; https://serpstatbot.com/; abuse@serpstatbot.com)"
144.76.68.14 - - [15/Nov/2022:12:14:15 +0100] "GET /Main/2019?action=diff HTTP/1.1" 403 18 "-" "serpstatbot/2.1 (advanced backlink tracking bot; https://serpstatbot.com/; abuse@serpstatbot.com)"
144.76.68.14 - - [15/Nov/2022:12:15:01 +0100] "GET /Main/2018?action=upload HTTP/1.1" 403 18 "-" "serpstatbot/2.1 (advanced backlink tracking bot; https://serpstatbot.com/; abuse@serpstatbot.com)"
144.76.68.14 - - [15/Nov/2022:12:15:45 +0100] "GET /Main/2018?action=print HTTP/1.1" 403 18 "-" "serpstatbot/2.1 (advanced backlink tracking bot; https://serpstatbot.com/; abuse@serpstatbot.com)"
144.76.68.14 - - [15/Nov/2022:12:16:30 +0100] "GET /Main/2018?action=edit HTTP/1.1" 403 18 "-" "serpstatbot/2.1 (advanced backlink tracking bot; https://serpstatbot.com/; abuse@serpstatbot.com)"
194.209.200.2 - - [15/Nov/2022:12:17:13 +0100] "GET /robots.txt HTTP/1.1" 200 - "-" "Mozilla/5.0 (compatible; TMMBot/0.2; +http://www.dslab.ch)/Nutch-1.15"
194.209.200.2 - - [15/Nov/2022:12:17:13 +0100] "GET /Software/YDIM HTTP/1.1" 200 8834 "-" "Mozilla/5.0 (compatible; TMMBot/0.2; +http://www.dslab.ch)/Nutch-1.15"
144.76.68.14 - - [15/Nov/2022:12:17:14 +0100] "GET /Main/2018?action=diff HTTP/1.1" 403 18 "-" "serpstatbot/2.1 (advanced backlink tracking bot; https://serpstatbot.com/; abuse@serpstatbot.com)"
144.76.68.14 - - [15/Nov/2022:12:17:59 +0100] "GET /Main/Buchpublikationspflicht?action=print HTTP/1.1" 403 18 "-" "serpstatbot/2.1 (advanced backlink tracking bot; https://serpstatbot.com/; abuse@serpstatbot.com)"
194.209.200.2 - - [15/Nov/2022:12:18:37 +0100] "GET /Main/2008 HTTP/1.1" 200 34740 "-" "Mozilla/5.0 (compatible; TMMBot/0.2; +http://www.dslab.ch)/Nutch-1.15"
194.209.200.2 - - [15/Nov/2022:12:18:46 +0100] "GET /Main/2006 HTTP/1.1" 200 39320 "-" "Mozilla/5.0 (compatible; TMMBot/0.2; +http://www.dslab.ch)/Nutch-1.15"
194.209.200.2 - - [15/Nov/2022:12:18:54 +0100] "GET /Main/2004 HTTP/1.1" 200 14080 "-" "Mozilla/5.0 (compatible; TMMBot/0.2; +http://www.dslab.ch)/Nutch-1.15"
194.209.200.2 - - [15/Nov/2022:12:19:14 +0100] "GET /Main/2013 HTTP/1.1" 200 20487 "-" "Mozilla/5.0 (compatible; TMMBot/0.2; +http://www.dslab.ch)/Nutch-1.15"
144.76.68.14 - - [15/Nov/2022:12:19:17 +0100] "GET /Ywesee/Stanza?n=Main.SideBar%3Faction%3Dedit HTTP/1.1" 302 157 "-" "serpstatbot/2.1 (advanced backlink tracking bot; https://serpstatbot.com/; abuse@serpstatbot.com)"
194.209.200.2 - - [15/Nov/2022:12:19:31 +0100] "GET /Ywesee/Kontakt HTTP/1.1" 200 8973 "-" "Mozilla/5.0 (compatible; TMMBot/0.2; +http://www.dslab.ch)/Nutch-1.15"
194.209.200.2 - - [15/Nov/2022:12:20:02 +0100] "GET /AmiKo/OSX HTTP/1.1" 200 9772 "-" "Mozilla/5.0 (compatible; TMMBot/0.2; +http://www.dslab.ch)/Nutch-1.15"
144.76.68.14 - - [15/Nov/2022:12:20:02 +0100] "GET /Software/YDIM?action=upload HTTP/1.1" 403 18 "-" "serpstatbot/2.1 (advanced backlink tracking bot; https://serpstatbot.com/; abuse@serpstatbot.com)"
194.209.200.2 - - [15/Nov/2022:12:20:40 +0100] "GET /robots.txt HTTP/1.1" 200 - "-" "Mozilla/5.0 (compatible; TMMBot/0.2; +http://www.dslab.ch)/Nutch-1.15"
87.250.224.106 - - [15/Nov/2022:12:20:47 +0100] "GET /robots.txt HTTP/1.1" 200 - "-" "Mozilla/5.0 (compatible; YandexBot/3.0; +http://yandex.com/bots)"
144.76.68.14 - - [15/Nov/2022:12:20:47 +0100] "GET /Ywesee/Stanza?action=print HTTP/1.1" 403 18 "-" "serpstatbot/2.1 (advanced backlink tracking bot; https://serpstatbot.com/; abuse@serpstatbot.com)"
87.250.224.106 - - [15/Nov/2022:12:20:50 +0100] "GET /uploads/Main/Die_Konkurrenz_schlaeft_nicht.pdf HTTP/1.1" 200 1885304 "-" "Mozilla/5.0 (compatible; YandexBot/3.0; +http://yandex.com/bots)"
194.209.200.2 - - [15/Nov/2022:12:21:19 +0100] "GET /Generikacc/App HTTP/1.1" 200 11862 "-" "Mozilla/5.0 (compatible; TMMBot/0.2; +http://www.dslab.ch)/Nutch-1.15"
144.76.68.14 - - [15/Nov/2022:12:21:30 +0100] "GET /Miele/Index?action=print HTTP/1.1" 403 18 "-" "serpstatbot/2.1 (advanced backlink tracking bot; https://serpstatbot.com/; abuse@serpstatbot.com)"
194.209.200.2 - - [15/Nov/2022:12:22:02 +0100] "GET /Ywesee/OpenSource HTTP/1.1" 200 10790 "-" "Mozilla/5.0 (compatible; TMMBot/0.2; +http://www.dslab.ch)/Nutch-1.15"
144.76.68.14 - - [15/Nov/2022:12:22:14 +0100] "GET /Miele/Index?action=edit HTTP/1.1" 403 18 "-" "serpstatbot/2.1 (advanced backlink tracking bot; https://serpstatbot.com/; abuse@serpstatbot.com)"
194.209.200.2 - - [15/Nov/2022:12:22:51 +0100] "GET /Main/2005 HTTP/1.1" 200 63344 "-" "Mozilla/5.0 (compatible; TMMBot/0.2; +http://www.dslab.ch)/Nutch-1.15"
144.76.68.14 - - [15/Nov/2022:12:22:56 +0100] "GET /Miele/Index?action=diff HTTP/1.1" 403 18 "-" "serpstatbot/2.1 (advanced backlink tracking bot; https://serpstatbot.com/; abuse@serpstatbot.com)"
194.209.200.2 - - [15/Nov/2022:12:23:24 +0100] "GET /Main/2010 HTTP/1.1" 200 27997 "-" "Mozilla/5.0 (compatible; TMMBot/0.2; +http://www.dslab.ch)/Nutch-1.15"
194.209.200.2 - - [15/Nov/2022:12:23:34 +0100] "GET /Eggze/SpreadIt HTTP/1.1" 200 12537 "-" "Mozilla/5.0 (compatible; TMMBot/0.2; +http://www.dslab.ch)/Nutch-1.15"
8.29.198.25 - - [15/Nov/2022:12:23:42 +0100] "GET /pmwiki.php/Site/AllRecentChanges?action=rss HTTP/1.1" 200 2548 "-" "Feedly/1.0 (+http://www.feedly.com/fetcher.html; 5 subscribers; like FeedFetcher-Google)"
194.209.200.2 - - [15/Nov/2022:12:23:42 +0100] "GET /Ywesee/About HTTP/1.1" 200 9132 "-" "Mozilla/5.0 (compatible; TMMBot/0.2; +http://www.dslab.ch)/Nutch-1.15"
144.76.68.14 - - [15/Nov/2022:12:24:24 +0100] "GET /Ywesee/About?action=print HTTP/1.1" 403 18 "-" "serpstatbot/2.1 (advanced backlink tracking bot; https://serpstatbot.com/; abuse@serpstatbot.com)"
144.76.68.14 - - [15/Nov/2022:12:25:05 +0100] "GET /Ywesee/About?action=edit HTTP/1.1" 403 18 "-" "serpstatbot/2.1 (advanced backlink tracking bot; https://serpstatbot.com/; abuse@serpstatbot.com)"
144.76.68.14 - - [15/Nov/2022:12:25:50 +0100] "GET /Ywesee/About?action=diff HTTP/1.1" 403 18 "-" "serpstatbot/2.1 (advanced backlink tracking bot; https://serpstatbot.com/; abuse@serpstatbot.com)"
144.76.68.14 - - [15/Nov/2022:12:26:30 +0100] "GET /SpitalSchweiz/Index?n=Main.SideBar%3Faction%3Dedit HTTP/1.1" 302 157 "-" "serpstatbot/2.1 (advanced backlink tracking bot; https://serpstatbot.com/; abuse@serpstatbot.com)"
144.76.68.14 - - [15/Nov/2022:12:27:13 +0100] "GET /SpitalSchweiz/Index?action=print HTTP/1.1" 403 18 "-" "serpstatbot/2.1 (advanced backlink tracking bot; https://serpstatbot.com/; abuse@serpstatbot.com)"
144.76.68.14 - - [15/Nov/2022:12:27:57 +0100] "GET /SpitalSchweiz/Index?action=edit HTTP/1.1" 403 18 "-" "serpstatbot/2.1 (advanced backlink tracking bot; https://serpstatbot.com/; abuse@serpstatbot.com)"
81.221.223.46 - - [15/Nov/2022:12:28:12 +0100] "GET /uploads/Arks/Arks_The_Game.pdf HTTP/1.1" 200 774337 "https://www.google.com/" "Mozilla/5.0 (Macintosh; Intel Mac OS X 10_15_7) AppleWebKit/537.36 (KHTML, like Gecko) Chrome/107.0.0.0 Safari/537.36"
81.221.223.46 - - [15/Nov/2022:12:28:12 +0100] "GET /favicon.ico HTTP/1.1" 200 1406 "https://www.ywesee.com/uploads/Arks/Arks_The_Game.pdf" "Mozilla/5.0 (Macintosh; Intel Mac OS X 10_15_7) AppleWebKit/537.36 (KHTML, like Gecko) Chrome/107.0.0.0 Safari/537.36"
144.76.68.14 - - [15/Nov/2022:12:28:41 +0100] "GET /Main/AIPS-XML?action=diff HTTP/1.1" 403 18 "-" "serpstatbot/2.1 (advanced backlink tracking bot; https://serpstatbot.com/; abuse@serpstatbot.com)"
144.76.68.14 - - [15/Nov/2022:12:29:25 +0100] "GET /Main/AIPS-XML?action=edit HTTP/1.1" 403 18 "-" "serpstatbot/2.1 (advanced backlink tracking bot; https://serpstatbot.com/; abuse@serpstatbot.com)"
144.76.68.14 - - [15/Nov/2022:12:30:07 +0100] "GET /Main/AIPS-XML?action=print HTTP/1.1" 403 18 "-" "serpstatbot/2.1 (advanced backlink tracking bot; https://serpstatbot.com/; abuse@serpstatbot.com)"
5.102.173.71 - - [15/Nov/2022:12:30:19 +0100] "GET /robots.txt HTTP/1.1" 200 - "-" "Mozilla/5.0 (compatible; MojeekBot/0.11; +https://www.mojeek.com/bot.html)"
5.102.173.71 - - [15/Nov/2022:12:30:19 +0100] "GET /Main/Parsen?n=Main.SideBar?action=edit HTTP/1.1" 403 18 "-" "Mozilla/5.0 (compatible; MojeekBot/0.11; +https://www.mojeek.com/bot.html)"
65.108.206.155 - - [15/Nov/2022:12:30:37 +0100] "GET /robots.txt HTTP/1.1" 200 - "-" "Mozilla/5.0 (compatible; MJ12bot/v1.4.8; http://mj12bot.com/)"
65.108.206.155 - - [15/Nov/2022:12:30:41 +0100] "GET /Generikacc/App?action=diff HTTP/1.1" 403 18 "-" "Mozilla/5.0 (compatible; MJ12bot/v1.4.8; http://mj12bot.com/)"
65.108.206.155 - - [15/Nov/2022:12:30:50 +0100] "GET /Generikacc/App?action=print HTTP/1.1" 403 18 "-" "Mozilla/5.0 (compatible; MJ12bot/v1.4.8; http://mj12bot.com/)"
144.76.68.14 - - [15/Nov/2022:12:30:52 +0100] "GET /Main/AIPS-XML?action=upload HTTP/1.1" 403 18 "-" "serpstatbot/2.1 (advanced backlink tracking bot; https://serpstatbot.com/; abuse@serpstatbot.com)"
65.108.206.155 - - [15/Nov/2022:12:30:54 +0100] "GET /Generikacc/App?action=upload HTTP/1.1" 403 18 "-" "Mozilla/5.0 (compatible; MJ12bot/v1.4.8; http://mj12bot.com/)"
144.76.68.14 - - [15/Nov/2022:12:31:02 +0100] "GET /Main/ExtremeProgramming?action=upload HTTP/1.1" 403 18 "-" "serpstatbot/2.1 (advanced backlink tracking bot; https://serpstatbot.com/; abuse@serpstatbot.com)"
144.76.68.14 - - [15/Nov/2022:12:32:31 +0100] "GET /Main/FMH?action=diff HTTP/1.1" 403 18 "-" "serpstatbot/2.1 (advanced backlink tracking bot; https://serpstatbot.com/; abuse@serpstatbot.com)"
144.76.68.14 - - [15/Nov/2022:12:33:24 +0100] "GET /Main/ExtremeProgramming?action=print HTTP/1.1" 403 18 "-" "serpstatbot/2.1 (advanced backlink tracking bot; https://serpstatbot.com/; abuse@serpstatbot.com)"
144.76.68.14 - - [15/Nov/2022:12:34:19 +0100] "GET /Main/ExtremeProgramming?action=edit HTTP/1.1" 403 18 "-" "serpstatbot/2.1 (advanced backlink tracking bot; https://serpstatbot.com/; abuse@serpstatbot.com)"
123.125.109.136 - - [15/Nov/2022:12:34:34 +0100] "GET / HTTP/1.1" 200 13972 "-" "Sogou web spider/4.0(+http://www.sogou.com/docs/help/webmasters.htm#07)"
144.76.68.14 - - [15/Nov/2022:12:35:14 +0100] "GET /Main/ExtremeProgramming?action=diff HTTP/1.1" 403 18 "-" "serpstatbot/2.1 (advanced backlink tracking bot; https://serpstatbot.com/; abuse@serpstatbot.com)"
144.76.68.14 - - [15/Nov/2022:12:36:03 +0100] "GET /Main/Elexis?action=upload HTTP/1.1" 403 18 "-" "serpstatbot/2.1 (advanced backlink tracking bot; https://serpstatbot.com/; abuse@serpstatbot.com)"
144.76.68.14 - - [15/Nov/2022:12:36:54 +0100] "GET /Main/Elexis?action=print HTTP/1.1" 403 18 "-" "serpstatbot/2.1 (advanced backlink tracking bot; https://serpstatbot.com/; abuse@serpstatbot.com)"
144.76.68.14 - - [15/Nov/2022:12:37:46 +0100] "GET /Main/Elexis?action=edit HTTP/1.1" 403 18 "-" "serpstatbot/2.1 (advanced backlink tracking bot; https://serpstatbot.com/; abuse@serpstatbot.com)"
144.76.68.14 - - [15/Nov/2022:12:38:38 +0100] "GET /Main/Elexis?action=diff HTTP/1.1" 403 18 "-" "serpstatbot/2.1 (advanced backlink tracking bot; https://serpstatbot.com/; abuse@serpstatbot.com)"
144.76.68.14 - - [15/Nov/2022:12:39:29 +0100] "GET /Main/FAZ?action=edit HTTP/1.1" 403 18 "-" "serpstatbot/2.1 (advanced backlink tracking bot; https://serpstatbot.com/; abuse@serpstatbot.com)"
144.76.68.14 - - [15/Nov/2022:12:40:18 +0100] "GET /Main/FAZ?action=print HTTP/1.1" 403 18 "-" "serpstatbot/2.1 (advanced backlink tracking bot; https://serpstatbot.com/; abuse@serpstatbot.com)"
144.76.68.14 - - [15/Nov/2022:12:41:09 +0100] "GET /Main/FAZ?action=upload HTTP/1.1" 403 18 "-" "serpstatbot/2.1 (advanced backlink tracking bot; https://serpstatbot.com/; abuse@serpstatbot.com)"
144.76.68.14 - - [15/Nov/2022:12:41:55 +0100] "GET /Main/FMH?action=print HTTP/1.1" 403 18 "-" "serpstatbot/2.1 (advanced backlink tracking bot; https://serpstatbot.com/; abuse@serpstatbot.com)"
144.76.68.14 - - [15/Nov/2022:12:42:44 +0100] "GET /Main/DocumedGalenicaVsYwesee?action=upload HTTP/1.1" 403 18 "-" "serpstatbot/2.1 (advanced backlink tracking bot; https://serpstatbot.com/; abuse@serpstatbot.com)"
51.104.43.205 - - [15/Nov/2022:12:43:03 +0100] "GET /localhost_dump.zip HTTP/1.1" 404 277 "-" "Firefox"
144.76.68.14 - - [15/Nov/2022:12:43:33 +0100] "GET /Main/DocumedGalenicaVsYwesee?action=print HTTP/1.1" 403 18 "-" "serpstatbot/2.1 (advanced backlink tracking bot; https://serpstatbot.com/; abuse@serpstatbot.com)"
144.76.68.14 - - [15/Nov/2022:12:44:23 +0100] "GET /Main/DocumedGalenicaVsYwesee?action=edit HTTP/1.1" 403 18 "-" "serpstatbot/2.1 (advanced backlink tracking bot; https://serpstatbot.com/; abuse@serpstatbot.com)"
144.76.68.14 - - [15/Nov/2022:12:45:10 +0100] "GET /Main/DocumedGalenicaVsYwesee?action=diff HTTP/1.1" 403 18 "-" "serpstatbot/2.1 (advanced backlink tracking bot; https://serpstatbot.com/; abuse@serpstatbot.com)"
144.76.68.14 - - [15/Nov/2022:12:45:57 +0100] "GET /Main/FMH?action=upload HTTP/1.1" 403 18 "-" "serpstatbot/2.1 (advanced backlink tracking bot; https://serpstatbot.com/; abuse@serpstatbot.com)"
144.76.68.14 - - [15/Nov/2022:12:46:48 +0100] "GET /Main/2016?action=upload HTTP/1.1" 403 18 "-" "serpstatbot/2.1 (advanced backlink tracking bot; https://serpstatbot.com/; abuse@serpstatbot.com)"
144.76.68.14 - - [15/Nov/2022:12:47:32 +0100] "GET /Main/2017?action=diff HTTP/1.1" 403 18 "-" "serpstatbot/2.1 (advanced backlink tracking bot; https://serpstatbot.com/; abuse@serpstatbot.com)"
144.76.68.14 - - [15/Nov/2022:12:48:21 +0100] "GET /Main/2017?action=edit HTTP/1.1" 403 18 "-" "serpstatbot/2.1 (advanced backlink tracking bot; https://serpstatbot.com/; abuse@serpstatbot.com)"
144.76.68.14 - - [15/Nov/2022:12:49:12 +0100] "GET /Main/ForderungstabelleSpezialitaetenliste?action=diff HTTP/1.1" 403 18 "-" "serpstatbot/2.1 (advanced backlink tracking bot; https://serpstatbot.com/; abuse@serpstatbot.com)"
64.71.157.113 - - [15/Nov/2022:12:49:40 +0100] "GET /pmwiki.php/Site/AllRecentChanges?action=rss HTTP/1.1" 200 2548 "-" "Feedbin feed-id:590358 - 1 subscribers"
144.76.68.14 - - [15/Nov/2022:12:50:00 +0100] "GET /Main/ForderungstabelleSpezialitaetenliste?action=edit HTTP/1.1" 403 18 "-" "serpstatbot/2.1 (advanced backlink tracking bot; https://serpstatbot.com/; abuse@serpstatbot.com)"
144.76.68.14 - - [15/Nov/2022:12:50:48 +0100] "GET /Main/ForderungstabelleSpezialitaetenliste?action=print HTTP/1.1" 403 18 "-" "serpstatbot/2.1 (advanced backlink tracking bot; https://serpstatbot.com/; abuse@serpstatbot.com)"
144.76.68.14 - - [15/Nov/2022:12:51:34 +0100] "GET /Main/ForderungstabelleSpezialitaetenliste?action=upload HTTP/1.1" 403 18 "-" "serpstatbot/2.1 (advanced backlink tracking bot; https://serpstatbot.com/; abuse@serpstatbot.com)"
144.76.68.14 - - [15/Nov/2022:12:52:20 +0100] "GET /Main/FAZ?action=diff HTTP/1.1" 403 18 "-" "serpstatbot/2.1 (advanced backlink tracking bot; https://serpstatbot.com/; abuse@serpstatbot.com)"
144.76.68.14 - - [15/Nov/2022:12:53:04 +0100] "GET /Main/Buchpublikationspflicht?action=upload HTTP/1.1" 403 18 "-" "serpstatbot/2.1 (advanced backlink tracking bot; https://serpstatbot.com/; abuse@serpstatbot.com)"
144.76.68.14 - - [15/Nov/2022:12:54:29 +0100] "GET /Main/Legende?n=Main.SideBar%3Faction%3Dedit HTTP/1.1" 302 157 "-" "serpstatbot/2.1 (advanced backlink tracking bot; https://serpstatbot.com/; abuse@serpstatbot.com)"
144.76.68.14 - - [15/Nov/2022:12:55:59 +0100] "GET /Main/EANCode?action=upload HTTP/1.1" 403 18 "-" "serpstatbot/2.1 (advanced backlink tracking bot; https://serpstatbot.com/; abuse@serpstatbot.com)"
144.76.68.14 - - [15/Nov/2022:12:56:46 +0100] "GET /Main/EANCode?action=print HTTP/1.1" 403 18 "-" "serpstatbot/2.1 (advanced backlink tracking bot; https://serpstatbot.com/; abuse@serpstatbot.com)"
144.76.68.14 - - [15/Nov/2022:12:57:30 +0100] "GET /Main/EANCode?action=edit HTTP/1.1" 403 18 "-" "serpstatbot/2.1 (advanced backlink tracking bot; https://serpstatbot.com/; abuse@serpstatbot.com)"
144.76.68.14 - - [15/Nov/2022:12:58:17 +0100] "GET /Main/EANCode?action=diff HTTP/1.1" 403 18 "-" "serpstatbot/2.1 (advanced backlink tracking bot; https://serpstatbot.com/; abuse@serpstatbot.com)"
144.76.68.14 - - [15/Nov/2022:12:59:01 +0100] "GET /Main/ComCo19122016?n=Main.SideBar%3Faction%3Dedit HTTP/1.1" 302 157 "-" "serpstatbot/2.1 (advanced backlink tracking bot; https://serpstatbot.com/; abuse@serpstatbot.com)"
54.36.148.0 - - [15/Nov/2022:12:59:20 +0100] "GET /Miele/MieleLXIV HTTP/1.1" 200 15367 "-" "Mozilla/5.0 (compatible; AhrefsBot/7.0; +http://ahrefs.com/robot/)"
168.119.65.118 - - [15/Nov/2022:12:59:20 +0100] "GET /pub/skins/ywesee/gila.css HTTP/1.1" 200 8276 "-" "Mozilla/5.0 (compatible; AhrefsBot/7.0; +http://ahrefs.com/robot/)"
54.36.148.192 - - [15/Nov/2022:12:59:25 +0100] "GET /Main/2007 HTTP/1.1" 200 50639 "-" "Mozilla/5.0 (compatible; AhrefsBot/7.0; +http://ahrefs.com/robot/)"
144.76.68.14 - - [15/Nov/2022:12:59:48 +0100] "GET /Main/ComCo19122016?action=upload HTTP/1.1" 403 18 "-" "serpstatbot/2.1 (advanced backlink tracking bot; https://serpstatbot.com/; abuse@serpstatbot.com)"
8.29.198.27 - - [15/Nov/2022:13:00:26 +0100] "GET /pmwiki.php/Site/AllRecentChanges?action=rss HTTP/1.1" 200 2548 "-" "Feedly/1.0 (+http://www.feedly.com/fetcher.html; 5 subscribers; like FeedFetcher-Google)"
144.76.68.14 - - [15/Nov/2022:13:00:36 +0100] "GET /Main/ComCo19122016?action=print HTTP/1.1" 403 18 "-" "serpstatbot/2.1 (advanced backlink tracking bot; https://serpstatbot.com/; abuse@serpstatbot.com)"
194.209.200.2 - - [15/Nov/2022:13:01:16 +0100] "GET /robots.txt HTTP/1.1" 200 - "-" "Mozilla/5.0 (compatible; TMMBot/0.2; +http://www.dslab.ch)/Nutch-1.15"
194.209.200.2 - - [15/Nov/2022:13:01:16 +0100] "GET /Software/YDIM HTTP/1.1" 200 8834 "-" "Mozilla/5.0 (compatible; TMMBot/0.2; +http://www.dslab.ch)/Nutch-1.15"
144.76.68.14 - - [15/Nov/2022:13:01:23 +0100] "GET /Main/ComCo19122016?action=edit HTTP/1.1" 403 18 "-" "serpstatbot/2.1 (advanced backlink tracking bot; https://serpstatbot.com/; abuse@serpstatbot.com)"
144.76.68.14 - - [15/Nov/2022:13:02:06 +0100] "GET /Main/ComCo19122016?action=diff HTTP/1.1" 403 18 "-" "serpstatbot/2.1 (advanced backlink tracking bot; https://serpstatbot.com/; abuse@serpstatbot.com)"
94.74.127.96 - - [15/Nov/2022:13:02:14 +0100] "GET / HTTP/1.1" 200 13972 "-" "Mozilla/5.0 (Windows NT 10.0; WOW64) AppleWebKit/537.36 (KHTML, like Gecko) Chrome/63.0.3239.132 Safari/537.36"
194.209.200.2 - - [15/Nov/2022:13:02:45 +0100] "GET /Main/2008 HTTP/1.1" 200 34740 "-" "Mozilla/5.0 (compatible; TMMBot/0.2; +http://www.dslab.ch)/Nutch-1.15"
144.76.68.14 - - [15/Nov/2022:13:02:53 +0100] "GET /Main/Gtin2atc?action=diff HTTP/1.1" 403 18 "-" "serpstatbot/2.1 (advanced backlink tracking bot; https://serpstatbot.com/; abuse@serpstatbot.com)"
194.209.200.2 - - [15/Nov/2022:13:02:54 +0100] "GET /Main/2006 HTTP/1.1" 200 39320 "-" "Mozilla/5.0 (compatible; TMMBot/0.2; +http://www.dslab.ch)/Nutch-1.15"
194.209.200.2 - - [15/Nov/2022:13:03:03 +0100] "GET /Main/2004 HTTP/1.1" 200 14080 "-" "Mozilla/5.0 (compatible; TMMBot/0.2; +http://www.dslab.ch)/Nutch-1.15"
194.209.200.2 - - [15/Nov/2022:13:03:24 +0100] "GET /Main/2013 HTTP/1.1" 200 20487 "-" "Mozilla/5.0 (compatible; TMMBot/0.2; +http://www.dslab.ch)/Nutch-1.15"
194.209.200.2 - - [15/Nov/2022:13:03:39 +0100] "GET /Ywesee/Kontakt HTTP/1.1" 200 8973 "-" "Mozilla/5.0 (compatible; TMMBot/0.2; +http://www.dslab.ch)/Nutch-1.15"
144.76.68.14 - - [15/Nov/2022:13:03:43 +0100] "GET /Main/Gtin2atc?action=edit HTTP/1.1" 403 18 "-" "serpstatbot/2.1 (advanced backlink tracking bot; https://serpstatbot.com/; abuse@serpstatbot.com)"
144.76.68.14 - - [15/Nov/2022:13:03:55 +0100] "GET /Main/HirslandenProfessional?action=diff HTTP/1.1" 403 18 "-" "serpstatbot/2.1 (advanced backlink tracking bot; https://serpstatbot.com/; abuse@serpstatbot.com)"
194.209.200.2 - - [15/Nov/2022:13:04:12 +0100] "GET /AmiKo/OSX HTTP/1.1" 200 9772 "-" "Mozilla/5.0 (compatible; TMMBot/0.2; +http://www.dslab.ch)/Nutch-1.15"
144.76.68.14 - - [15/Nov/2022:13:04:40 +0100] "GET /Main/MayoClinic?action=print HTTP/1.1" 403 18 "-" "serpstatbot/2.1 (advanced backlink tracking bot; https://serpstatbot.com/; abuse@serpstatbot.com)"
194.209.200.2 - - [15/Nov/2022:13:04:48 +0100] "GET /robots.txt HTTP/1.1" 200 - "-" "Mozilla/5.0 (compatible; TMMBot/0.2; +http://www.dslab.ch)/Nutch-1.15"
194.209.200.2 - - [15/Nov/2022:13:05:26 +0100] "GET /Generikacc/App HTTP/1.1" 200 11862 "-" "Mozilla/5.0 (compatible; TMMBot/0.2; +http://www.dslab.ch)/Nutch-1.15"
144.76.68.14 - - [15/Nov/2022:13:05:28 +0100] "GET /Main/MayoClinic?action=edit HTTP/1.1" 403 18 "-" "serpstatbot/2.1 (advanced backlink tracking bot; https://serpstatbot.com/; abuse@serpstatbot.com)"
194.209.200.2 - - [15/Nov/2022:13:06:09 +0100] "GET /Ywesee/OpenSource HTTP/1.1" 200 10790 "-" "Mozilla/5.0 (compatible; TMMBot/0.2; +http://www.dslab.ch)/Nutch-1.15"
144.76.68.14 - - [15/Nov/2022:13:06:20 +0100] "GET /Main/MayoClinic?action=diff HTTP/1.1" 403 18 "-" "serpstatbot/2.1 (advanced backlink tracking bot; https://serpstatbot.com/; abuse@serpstatbot.com)"
194.209.200.2 - - [15/Nov/2022:13:06:58 +0100] "GET /Main/2005 HTTP/1.1" 200 63344 "-" "Mozilla/5.0 (compatible; TMMBot/0.2; +http://www.dslab.ch)/Nutch-1.15"
144.76.68.14 - - [15/Nov/2022:13:07:10 +0100] "GET /Main/Kolumne?action=print HTTP/1.1" 403 18 "-" "serpstatbot/2.1 (advanced backlink tracking bot; https://serpstatbot.com/; abuse@serpstatbot.com)"
194.209.200.2 - - [15/Nov/2022:13:07:24 +0100] "GET /Main/2012 HTTP/1.1" 200 31941 "-" "Mozilla/5.0 (compatible; TMMBot/0.2; +http://www.dslab.ch)/Nutch-1.15"
194.209.200.2 - - [15/Nov/2022:13:07:32 +0100] "GET /ODDB/IntegrationLookAmpFeelGenerikasuche HTTP/1.1" 200 9097 "-" "Mozilla/5.0 (compatible; TMMBot/0.2; +http://www.dslab.ch)/Nutch-1.15"
194.209.200.2 - - [15/Nov/2022:13:07:34 +0100] "GET /Main/2010 HTTP/1.1" 200 27997 "-" "Mozilla/5.0 (compatible; TMMBot/0.2; +http://www.dslab.ch)/Nutch-1.15"
194.209.200.2 - - [15/Nov/2022:13:07:40 +0100] "GET /Main/ComCo19122016 HTTP/1.1" 200 10547 "-" "Mozilla/5.0 (compatible; TMMBot/0.2; +http://www.dslab.ch)/Nutch-1.15"
194.209.200.2 - - [15/Nov/2022:13:07:41 +0100] "GET /Eggze/SpreadIt HTTP/1.1" 200 12537 "-" "Mozilla/5.0 (compatible; TMMBot/0.2; +http://www.dslab.ch)/Nutch-1.15"
213.202.228.99 - - [15/Nov/2022:13:07:49 +0100] "HEAD / HTTP/1.1" 200 - "http://ywesee.com/" "Mozilla/5.0 (Windows NT 10.0; Win64; x64) AppleWebKit/537.36 (KHTML, like Gecko) Chrome/74.0.3729.169 Safari/537.36"
213.202.228.99 - - [15/Nov/2022:13:07:49 +0100] "HEAD /wordpress HTTP/1.1" 404 - "http://ywesee.com/wordpress" "Mozilla/5.0 (Windows NT 10.0; Win64; x64) AppleWebKit/537.36 (KHTML, like Gecko) Chrome/74.0.3729.169 Safari/537.36"
213.202.228.99 - - [15/Nov/2022:13:07:49 +0100] "HEAD /Wordpress HTTP/1.1" 404 - "http://ywesee.com/Wordpress" "Mozilla/5.0 (Windows NT 10.0; Win64; x64) AppleWebKit/537.36 (KHTML, like Gecko) Chrome/74.0.3729.169 Safari/537.36"
213.202.228.99 - - [15/Nov/2022:13:07:49 +0100] "HEAD /WORDPRESS HTTP/1.1" 404 - "http://ywesee.com/WORDPRESS" "Mozilla/5.0 (Windows NT 10.0; Win64; x64) AppleWebKit/537.36 (KHTML, like Gecko) Chrome/74.0.3729.169 Safari/537.36"
213.202.228.99 - - [15/Nov/2022:13:07:49 +0100] "HEAD /WordPress HTTP/1.1" 404 - "http://ywesee.com/WordPress" "Mozilla/5.0 (Windows NT 10.0; Win64; x64) AppleWebKit/537.36 (KHTML, like Gecko) Chrome/74.0.3729.169 Safari/537.36"
213.202.228.99 - - [15/Nov/2022:13:07:50 +0100] "HEAD /wp HTTP/1.1" 404 - "http://ywesee.com/wp" "Mozilla/5.0 (Windows NT 10.0; Win64; x64) AppleWebKit/537.36 (KHTML, like Gecko) Chrome/74.0.3729.169 Safari/537.36"
213.202.228.99 - - [15/Nov/2022:13:07:50 +0100] "HEAD /Wp HTTP/1.1" 404 - "http://ywesee.com/Wp" "Mozilla/5.0 (Windows NT 10.0; Win64; x64) AppleWebKit/537.36 (KHTML, like Gecko) Chrome/74.0.3729.169 Safari/537.36"
213.202.228.99 - - [15/Nov/2022:13:07:50 +0100] "HEAD /WP HTTP/1.1" 404 - "http://ywesee.com/WP" "Mozilla/5.0 (Windows NT 10.0; Win64; x64) AppleWebKit/537.36 (KHTML, like Gecko) Chrome/74.0.3729.169 Safari/537.36"
213.202.228.99 - - [15/Nov/2022:13:07:50 +0100] "HEAD /old HTTP/1.1" 404 - "http://ywesee.com/old" "Mozilla/5.0 (Windows NT 10.0; Win64; x64) AppleWebKit/537.36 (KHTML, like Gecko) Chrome/74.0.3729.169 Safari/537.36"
213.202.228.99 - - [15/Nov/2022:13:07:50 +0100] "HEAD /Old HTTP/1.1" 404 - "http://ywesee.com/Old" "Mozilla/5.0 (Windows NT 10.0; Win64; x64) AppleWebKit/537.36 (KHTML, like Gecko) Chrome/74.0.3729.169 Safari/537.36"
213.202.228.99 - - [15/Nov/2022:13:07:50 +0100] "HEAD /OLD HTTP/1.1" 404 - "http://ywesee.com/OLD" "Mozilla/5.0 (Windows NT 10.0; Win64; x64) AppleWebKit/537.36 (KHTML, like Gecko) Chrome/74.0.3729.169 Safari/537.36"
213.202.228.99 - - [15/Nov/2022:13:07:51 +0100] "HEAD /oldsite HTTP/1.1" 404 - "http://ywesee.com/oldsite" "Mozilla/5.0 (Windows NT 10.0; Win64; x64) AppleWebKit/537.36 (KHTML, like Gecko) Chrome/74.0.3729.169 Safari/537.36"
213.202.228.99 - - [15/Nov/2022:13:07:51 +0100] "HEAD /new HTTP/1.1" 404 - "http://ywesee.com/new" "Mozilla/5.0 (Windows NT 10.0; Win64; x64) AppleWebKit/537.36 (KHTML, like Gecko) Chrome/74.0.3729.169 Safari/537.36"
194.209.200.2 - - [15/Nov/2022:13:07:51 +0100] "GET /Ywesee/About HTTP/1.1" 200 9132 "-" "Mozilla/5.0 (compatible; TMMBot/0.2; +http://www.dslab.ch)/Nutch-1.15"
213.202.228.99 - - [15/Nov/2022:13:07:51 +0100] "HEAD /New HTTP/1.1" 404 - "http://ywesee.com/New" "Mozilla/5.0 (Windows NT 10.0; Win64; x64) AppleWebKit/537.36 (KHTML, like Gecko) Chrome/74.0.3729.169 Safari/537.36"
213.202.228.99 - - [15/Nov/2022:13:07:51 +0100] "HEAD /NEW HTTP/1.1" 404 - "http://ywesee.com/NEW" "Mozilla/5.0 (Windows NT 10.0; Win64; x64) AppleWebKit/537.36 (KHTML, like Gecko) Chrome/74.0.3729.169 Safari/537.36"
213.202.228.99 - - [15/Nov/2022:13:07:51 +0100] "HEAD /wp-old HTTP/1.1" 404 - "http://ywesee.com/wp-old" "Mozilla/5.0 (Windows NT 10.0; Win64; x64) AppleWebKit/537.36 (KHTML, like Gecko) Chrome/74.0.3729.169 Safari/537.36"
213.202.228.99 - - [15/Nov/2022:13:07:51 +0100] "HEAD /2022 HTTP/1.1" 404 - "http://ywesee.com/2022" "Mozilla/5.0 (Windows NT 10.0; Win64; x64) AppleWebKit/537.36 (KHTML, like Gecko) Chrome/74.0.3729.169 Safari/537.36"
213.202.228.99 - - [15/Nov/2022:13:07:52 +0100] "HEAD /2020 HTTP/1.1" 302 - "http://ywesee.com/2020" "Mozilla/5.0 (Windows NT 10.0; Win64; x64) AppleWebKit/537.36 (KHTML, like Gecko) Chrome/74.0.3729.169 Safari/537.36"
213.202.228.99 - - [15/Nov/2022:13:07:53 +0100] "HEAD /Main/2020 HTTP/1.1" 200 - "https://ywesee.com/2020" "Mozilla/5.0 (Windows NT 10.0; Win64; x64) AppleWebKit/537.36 (KHTML, like Gecko) Chrome/74.0.3729.169 Safari/537.36"
213.202.228.99 - - [15/Nov/2022:13:07:53 +0100] "HEAD /2019 HTTP/1.1" 302 - "http://ywesee.com/2019" "Mozilla/5.0 (Windows NT 10.0; Win64; x64) AppleWebKit/537.36 (KHTML, like Gecko) Chrome/74.0.3729.169 Safari/537.36"
213.202.228.99 - - [15/Nov/2022:13:07:53 +0100] "HEAD /Main/2019 HTTP/1.1" 200 - "https://ywesee.com/2019" "Mozilla/5.0 (Windows NT 10.0; Win64; x64) AppleWebKit/537.36 (KHTML, like Gecko) Chrome/74.0.3729.169 Safari/537.36"
213.202.228.99 - - [15/Nov/2022:13:07:53 +0100] "HEAD /2018 HTTP/1.1" 302 - "http://ywesee.com/2018" "Mozilla/5.0 (Windows NT 10.0; Win64; x64) AppleWebKit/537.36 (KHTML, like Gecko) Chrome/74.0.3729.169 Safari/537.36"
213.202.228.99 - - [15/Nov/2022:13:07:53 +0100] "HEAD /Main/2018 HTTP/1.1" 200 - "https://ywesee.com/2018" "Mozilla/5.0 (Windows NT 10.0; Win64; x64) AppleWebKit/537.36 (KHTML, like Gecko) Chrome/74.0.3729.169 Safari/537.36"
213.202.228.99 - - [15/Nov/2022:13:07:53 +0100] "HEAD /backup HTTP/1.1" 404 - "http://ywesee.com/backup" "Mozilla/5.0 (Windows NT 10.0; Win64; x64) AppleWebKit/537.36 (KHTML, like Gecko) Chrome/74.0.3729.169 Safari/537.36"
213.202.228.99 - - [15/Nov/2022:13:07:54 +0100] "HEAD /test HTTP/1.1" 404 - "http://ywesee.com/test" "Mozilla/5.0 (Windows NT 10.0; Win64; x64) AppleWebKit/537.36 (KHTML, like Gecko) Chrome/74.0.3729.169 Safari/537.36"
213.202.228.99 - - [15/Nov/2022:13:07:54 +0100] "HEAD /Test HTTP/1.1" 404 - "http://ywesee.com/Test" "Mozilla/5.0 (Windows NT 10.0; Win64; x64) AppleWebKit/537.36 (KHTML, like Gecko) Chrome/74.0.3729.169 Safari/537.36"
213.202.228.99 - - [15/Nov/2022:13:07:54 +0100] "HEAD /TEST HTTP/1.1" 404 - "http://ywesee.com/TEST" "Mozilla/5.0 (Windows NT 10.0; Win64; x64) AppleWebKit/537.36 (KHTML, like Gecko) Chrome/74.0.3729.169 Safari/537.36"
213.202.228.99 - - [15/Nov/2022:13:07:54 +0100] "HEAD /demo HTTP/1.1" 404 - "http://ywesee.com/demo" "Mozilla/5.0 (Windows NT 10.0; Win64; x64) AppleWebKit/537.36 (KHTML, like Gecko) Chrome/74.0.3729.169 Safari/537.36"
213.202.228.99 - - [15/Nov/2022:13:07:54 +0100] "HEAD /bc HTTP/1.1" 404 - "http://ywesee.com/bc" "Mozilla/5.0 (Windows NT 10.0; Win64; x64) AppleWebKit/537.36 (KHTML, like Gecko) Chrome/74.0.3729.169 Safari/537.36"
213.202.228.99 - - [15/Nov/2022:13:07:54 +0100] "HEAD /www HTTP/1.1" 404 - "http://ywesee.com/www" "Mozilla/5.0 (Windows NT 10.0; Win64; x64) AppleWebKit/537.36 (KHTML, like Gecko) Chrome/74.0.3729.169 Safari/537.36"
213.202.228.99 - - [15/Nov/2022:13:07:55 +0100] "HEAD /WWW HTTP/1.1" 404 - "http://ywesee.com/WWW" "Mozilla/5.0 (Windows NT 10.0; Win64; x64) AppleWebKit/537.36 (KHTML, like Gecko) Chrome/74.0.3729.169 Safari/537.36"
213.202.228.99 - - [15/Nov/2022:13:07:55 +0100] "HEAD /Www HTTP/1.1" 404 - "http://ywesee.com/Www" "Mozilla/5.0 (Windows NT 10.0; Win64; x64) AppleWebKit/537.36 (KHTML, like Gecko) Chrome/74.0.3729.169 Safari/537.36"
213.202.228.99 - - [15/Nov/2022:13:07:55 +0100] "HEAD /2021 HTTP/1.1" 302 - "http://ywesee.com/2021" "Mozilla/5.0 (Windows NT 10.0; Win64; x64) AppleWebKit/537.36 (KHTML, like Gecko) Chrome/74.0.3729.169 Safari/537.36"
213.202.228.99 - - [15/Nov/2022:13:07:55 +0100] "HEAD /Main/2021 HTTP/1.1" 200 - "https://ywesee.com/2021" "Mozilla/5.0 (Windows NT 10.0; Win64; x64) AppleWebKit/537.36 (KHTML, like Gecko) Chrome/74.0.3729.169 Safari/537.36"
213.202.228.99 - - [15/Nov/2022:13:07:55 +0100] "HEAD /main HTTP/1.1" 404 - "http://ywesee.com/main" "Mozilla/5.0 (Windows NT 10.0; Win64; x64) AppleWebKit/537.36 (KHTML, like Gecko) Chrome/74.0.3729.169 Safari/537.36"
213.202.228.99 - - [15/Nov/2022:13:07:55 +0100] "HEAD /old-site HTTP/1.1" 404 - "http://ywesee.com/old-site" "Mozilla/5.0 (Windows NT 10.0; Win64; x64) AppleWebKit/537.36 (KHTML, like Gecko) Chrome/74.0.3729.169 Safari/537.36"
213.202.228.99 - - [15/Nov/2022:13:07:55 +0100] "HEAD /bk HTTP/1.1" 404 - "http://ywesee.com/bk" "Mozilla/5.0 (Windows NT 10.0; Win64; x64) AppleWebKit/537.36 (KHTML, like Gecko) Chrome/74.0.3729.169 Safari/537.36"
213.202.228.99 - - [15/Nov/2022:13:07:55 +0100] "HEAD /Backup HTTP/1.1" 404 - "http://ywesee.com/Backup" "Mozilla/5.0 (Windows NT 10.0; Win64; x64) AppleWebKit/537.36 (KHTML, like Gecko) Chrome/74.0.3729.169 Safari/537.36"
213.202.228.99 - - [15/Nov/2022:13:07:56 +0100] "HEAD /BACKUP HTTP/1.1" 404 - "http://ywesee.com/BACKUP" "Mozilla/5.0 (Windows NT 10.0; Win64; x64) AppleWebKit/537.36 (KHTML, like Gecko) Chrome/74.0.3729.169 Safari/537.36"
213.202.228.99 - - [15/Nov/2022:13:07:56 +0100] "HEAD /SHOP HTTP/1.1" 404 - "http://ywesee.com/SHOP" "Mozilla/5.0 (Windows NT 10.0; Win64; x64) AppleWebKit/537.36 (KHTML, like Gecko) Chrome/74.0.3729.169 Safari/537.36"
213.202.228.99 - - [15/Nov/2022:13:07:56 +0100] "HEAD /Shop HTTP/1.1" 404 - "http://ywesee.com/Shop" "Mozilla/5.0 (Windows NT 10.0; Win64; x64) AppleWebKit/537.36 (KHTML, like Gecko) Chrome/74.0.3729.169 Safari/537.36"
213.202.228.99 - - [15/Nov/2022:13:07:56 +0100] "HEAD /shop HTTP/1.1" 404 - "http://ywesee.com/shop" "Mozilla/5.0 (Windows NT 10.0; Win64; x64) AppleWebKit/537.36 (KHTML, like Gecko) Chrome/74.0.3729.169 Safari/537.36"
213.202.228.99 - - [15/Nov/2022:13:07:56 +0100] "HEAD /bak HTTP/1.1" 404 - "http://ywesee.com/bak" "Mozilla/5.0 (Windows NT 10.0; Win64; x64) AppleWebKit/537.36 (KHTML, like Gecko) Chrome/74.0.3729.169 Safari/537.36"
213.202.228.99 - - [15/Nov/2022:13:07:56 +0100] "HEAD /sitio HTTP/1.1" 404 - "http://ywesee.com/sitio" "Mozilla/5.0 (Windows NT 10.0; Win64; x64) AppleWebKit/537.36 (KHTML, like Gecko) Chrome/74.0.3729.169 Safari/537.36"
213.202.228.99 - - [15/Nov/2022:13:07:56 +0100] "HEAD /bac HTTP/1.1" 404 - "http://ywesee.com/bac" "Mozilla/5.0 (Windows NT 10.0; Win64; x64) AppleWebKit/537.36 (KHTML, like Gecko) Chrome/74.0.3729.169 Safari/537.36"
213.202.228.99 - - [15/Nov/2022:13:07:56 +0100] "HEAD /sito HTTP/1.1" 404 - "http://ywesee.com/sito" "Mozilla/5.0 (Windows NT 10.0; Win64; x64) AppleWebKit/537.36 (KHTML, like Gecko) Chrome/74.0.3729.169 Safari/537.36"
213.202.228.99 - - [15/Nov/2022:13:07:57 +0100] "HEAD /site HTTP/1.1" 404 - "http://ywesee.com/site" "Mozilla/5.0 (Windows NT 10.0; Win64; x64) AppleWebKit/537.36 (KHTML, like Gecko) Chrome/74.0.3729.169 Safari/537.36"
213.202.228.99 - - [15/Nov/2022:13:07:57 +0100] "HEAD /Site HTTP/1.1" 302 - "http://ywesee.com/Site" "Mozilla/5.0 (Windows NT 10.0; Win64; x64) AppleWebKit/537.36 (KHTML, like Gecko) Chrome/74.0.3729.169 Safari/537.36"
144.76.68.14 - - [15/Nov/2022:13:07:57 +0100] "GET /Main/Kolumne?action=diff HTTP/1.1" 403 18 "-" "serpstatbot/2.1 (advanced backlink tracking bot; https://serpstatbot.com/; abuse@serpstatbot.com)"
213.202.228.99 - - [15/Nov/2022:13:07:57 +0100] "HEAD /Site/Site HTTP/1.1" 200 - "https://ywesee.com/Site" "Mozilla/5.0 (Windows NT 10.0; Win64; x64) AppleWebKit/537.36 (KHTML, like Gecko) Chrome/74.0.3729.169 Safari/537.36"
213.202.228.99 - - [15/Nov/2022:13:07:57 +0100] "HEAD /SITE HTTP/1.1" 404 - "http://ywesee.com/SITE" "Mozilla/5.0 (Windows NT 10.0; Win64; x64) AppleWebKit/537.36 (KHTML, like Gecko) Chrome/74.0.3729.169 Safari/537.36"
213.202.228.99 - - [15/Nov/2022:13:07:57 +0100] "HEAD /blog HTTP/1.1" 404 - "http://ywesee.com/blog" "Mozilla/5.0 (Windows NT 10.0; Win64; x64) AppleWebKit/537.36 (KHTML, like Gecko) Chrome/74.0.3729.169 Safari/537.36"
213.202.228.99 - - [15/Nov/2022:13:07:57 +0100] "HEAD /BLOG HTTP/1.1" 404 - "http://ywesee.com/BLOG" "Mozilla/5.0 (Windows NT 10.0; Win64; x64) AppleWebKit/537.36 (KHTML, like Gecko) Chrome/74.0.3729.169 Safari/537.36"
213.202.228.99 - - [15/Nov/2022:13:07:57 +0100] "HEAD /Blog HTTP/1.1" 404 - "http://ywesee.com/Blog" "Mozilla/5.0 (Windows NT 10.0; Win64; x64) AppleWebKit/537.36 (KHTML, like Gecko) Chrome/74.0.3729.169 Safari/537.36"
144.76.68.14 - - [15/Nov/2022:13:08:46 +0100] "GET /Main/IPhone?action=upload HTTP/1.1" 403 18 "-" "serpstatbot/2.1 (advanced backlink tracking bot; https://serpstatbot.com/; abuse@serpstatbot.com)"
144.76.68.14 - - [15/Nov/2022:13:09:35 +0100] "GET /Main/IPhone?action=print HTTP/1.1" 403 18 "-" "serpstatbot/2.1 (advanced backlink tracking bot; https://serpstatbot.com/; abuse@serpstatbot.com)"
144.76.68.14 - - [15/Nov/2022:13:10:24 +0100] "GET /Main/IPhone?action=edit HTTP/1.1" 403 18 "-" "serpstatbot/2.1 (advanced backlink tracking bot; https://serpstatbot.com/; abuse@serpstatbot.com)"
144.76.68.14 - - [15/Nov/2022:13:11:12 +0100] "GET /Main/IPhone?action=diff HTTP/1.1" 403 18 "-" "serpstatbot/2.1 (advanced backlink tracking bot; https://serpstatbot.com/; abuse@serpstatbot.com)"
52.90.226.196 - - [15/Nov/2022:13:11:49 +0100] "GET /Site/AllRecentChanges?action=rss HTTP/1.1" 200 2548 "https://www.google.com/" "Mozilla/5.0 (Macintosh; Intel Mac OS X 10_15_3) AppleWebKit/537.36 (KHTML, like Gecko) Chrome/80.0.3987.132 Safari/537.36"
144.76.68.14 - - [15/Nov/2022:13:12:00 +0100] "GET /Main/HirslandenProfessional?action=upload HTTP/1.1" 403 18 "-" "serpstatbot/2.1 (advanced backlink tracking bot; https://serpstatbot.com/; abuse@serpstatbot.com)"
144.76.68.14 - - [15/Nov/2022:13:12:46 +0100] "GET /Main/HirslandenProfessional?action=print HTTP/1.1" 403 18 "-" "serpstatbot/2.1 (advanced backlink tracking bot; https://serpstatbot.com/; abuse@serpstatbot.com)"
144.76.68.14 - - [15/Nov/2022:13:13:35 +0100] "GET /Main/HirslandenProfessional?action=edit HTTP/1.1" 403 18 "-" "serpstatbot/2.1 (advanced backlink tracking bot; https://serpstatbot.com/; abuse@serpstatbot.com)"
66.249.76.89 - - [15/Nov/2022:13:14:14 +0100] "GET /ODDB/Pharmakokinetik?action=upload HTTP/1.1" 403 18 "-" "Mozilla/5.0 (Linux; Android 6.0.1; Nexus 5X Build/MMB29P) AppleWebKit/537.36 (KHTML, like Gecko) Chrome/107.0.5304.110 Mobile Safari/537.36 (compatible; Googlebot/2.1; +http://www.google.com/bot.html)"
144.76.68.14 - - [15/Nov/2022:13:15:48 +0100] "GET /AmiKo/Swisspeddose?n=Main.SideBar%3Faction%3Dedit HTTP/1.1" 302 157 "-" "serpstatbot/2.1 (advanced backlink tracking bot; https://serpstatbot.com/; abuse@serpstatbot.com)"
144.76.68.14 - - [15/Nov/2022:13:16:34 +0100] "GET /AIPS/Bestaetigung?action=diff HTTP/1.1" 403 18 "-" "serpstatbot/2.1 (advanced backlink tracking bot; https://serpstatbot.com/; abuse@serpstatbot.com)"
144.76.68.14 - - [15/Nov/2022:13:17:19 +0100] "GET /Oddb2xml/Felder?action=edit HTTP/1.1" 403 18 "-" "serpstatbot/2.1 (advanced backlink tracking bot; https://serpstatbot.com/; abuse@serpstatbot.com)"
144.76.68.14 - - [15/Nov/2022:13:18:08 +0100] "GET /AIPS/Bestaetigung?action=edit HTTP/1.1" 403 18 "-" "serpstatbot/2.1 (advanced backlink tracking bot; https://serpstatbot.com/; abuse@serpstatbot.com)"
144.76.68.14 - - [15/Nov/2022:13:18:53 +0100] "GET /Oddb2xml/Index?action=edit HTTP/1.1" 403 18 "-" "serpstatbot/2.1 (advanced backlink tracking bot; https://serpstatbot.com/; abuse@serpstatbot.com)"
144.76.68.14 - - [15/Nov/2022:13:19:39 +0100] "GET /Oddb2xml/Index?action=print HTTP/1.1" 403 18 "-" "serpstatbot/2.1 (advanced backlink tracking bot; https://serpstatbot.com/; abuse@serpstatbot.com)"
124.221.186.26 - - [15/Nov/2022:13:20:05 +0100] "GET / HTTP/1.1" 200 13972 "http://www.ywesee.com" "Mozilla/5.0 (Linux; Android 6.0; Nexus 5 Build/MRA58N) AppleWebKit/537.36 (KHTML, like Gecko) Chrome/81.0.4044.138 Mobile Safari/537.36"
144.76.68.14 - - [15/Nov/2022:13:20:22 +0100] "GET /Oddb2xml/Index?action=upload HTTP/1.1" 403 18 "-" "serpstatbot/2.1 (advanced backlink tracking bot; https://serpstatbot.com/; abuse@serpstatbot.com)"
144.76.68.14 - - [15/Nov/2022:13:21:07 +0100] "GET /Oddb2xml/Index?n=Main.SideBar%3Faction%3Dedit HTTP/1.1" 302 157 "-" "serpstatbot/2.1 (advanced backlink tracking bot; https://serpstatbot.com/; abuse@serpstatbot.com)"
144.76.68.14 - - [15/Nov/2022:13:21:53 +0100] "GET /Software/XMLConv?action=diff HTTP/1.1" 403 18 "-" "serpstatbot/2.1 (advanced backlink tracking bot; https://serpstatbot.com/; abuse@serpstatbot.com)"
185.191.171.2 - - [15/Nov/2022:13:22:08 +0100] "GET /robots.txt HTTP/1.1" 200 - "-" "Mozilla/5.0 (compatible; SemrushBot/7~bl; +http://www.semrush.com/bot.html)"
185.191.171.2 - - [15/Nov/2022:13:22:09 +0100] "GET /pmwiki.php/Main/DocumedGalenicaVsYwesee HTTP/1.1" 200 35251 "-" "Mozilla/5.0 (compatible; SemrushBot/7~bl; +http://www.semrush.com/bot.html)"
144.76.68.14 - - [15/Nov/2022:13:22:39 +0100] "GET /Software/XMLConv?action=edit HTTP/1.1" 403 18 "-" "serpstatbot/2.1 (advanced backlink tracking bot; https://serpstatbot.com/; abuse@serpstatbot.com)"
144.76.68.14 - - [15/Nov/2022:13:23:24 +0100] "GET /Software/XMLConv?action=print HTTP/1.1" 403 18 "-" "serpstatbot/2.1 (advanced backlink tracking bot; https://serpstatbot.com/; abuse@serpstatbot.com)"
144.76.68.14 - - [15/Nov/2022:13:24:09 +0100] "GET /Software/XMLConv?action=upload HTTP/1.1" 403 18 "-" "serpstatbot/2.1 (advanced backlink tracking bot; https://serpstatbot.com/; abuse@serpstatbot.com)"
144.76.68.14 - - [15/Nov/2022:13:24:54 +0100] "GET /Software/XMLConv?n=Main.SideBar%3Faction%3Dedit HTTP/1.1" 302 157 "-" "serpstatbot/2.1 (advanced backlink tracking bot; https://serpstatbot.com/; abuse@serpstatbot.com)"
144.76.68.14 - - [15/Nov/2022:13:25:37 +0100] "GET /Software/YDIM?action=diff HTTP/1.1" 403 18 "-" "serpstatbot/2.1 (advanced backlink tracking bot; https://serpstatbot.com/; abuse@serpstatbot.com)"
144.76.68.14 - - [15/Nov/2022:13:26:22 +0100] "GET /Software/YDIM?action=edit HTTP/1.1" 403 18 "-" "serpstatbot/2.1 (advanced backlink tracking bot; https://serpstatbot.com/; abuse@serpstatbot.com)"
144.76.68.14 - - [15/Nov/2022:13:27:07 +0100] "GET /Software/YDIM?action=print HTTP/1.1" 403 18 "-" "serpstatbot/2.1 (advanced backlink tracking bot; https://serpstatbot.com/; abuse@serpstatbot.com)"
144.76.68.14 - - [15/Nov/2022:13:27:49 +0100] "GET /Software/YDIM?n=Main.SideBar%3Faction%3Dedit HTTP/1.1" 302 157 "-" "serpstatbot/2.1 (advanced backlink tracking bot; https://serpstatbot.com/; abuse@serpstatbot.com)"
144.76.68.14 - - [15/Nov/2022:13:28:34 +0100] "GET /SpitalSchweiz/Index?action=diff HTTP/1.1" 403 18 "-" "serpstatbot/2.1 (advanced backlink tracking bot; https://serpstatbot.com/; abuse@serpstatbot.com)"
144.76.68.14 - - [15/Nov/2022:13:29:18 +0100] "GET /Ywesee/Stanza?action=upload HTTP/1.1" 403 18 "-" "serpstatbot/2.1 (advanced backlink tracking bot; https://serpstatbot.com/; abuse@serpstatbot.com)"
54.36.149.22 - - [15/Nov/2022:13:29:25 +0100] "GET / HTTP/1.1" 200 13972 "-" "Mozilla/5.0 (compatible; AhrefsBot/7.0; +http://ahrefs.com/robot/)"
66.249.76.243 - - [15/Nov/2022:13:29:39 +0100] "GET / HTTP/1.1" 200 13972 "-" "Mozilla/5.0 (Linux; Android 6.0.1; Nexus 5X Build/MMB29P) AppleWebKit/537.36 (KHTML, like Gecko) Chrome/107.0.5304.110 Mobile Safari/537.36 (compatible; Googlebot/2.1; +http://www.google.com/bot.html)"
144.76.68.14 - - [15/Nov/2022:13:30:00 +0100] "GET /Oddb2xml/Felder?action=diff HTTP/1.1" 403 18 "-" "serpstatbot/2.1 (advanced backlink tracking bot; https://serpstatbot.com/; abuse@serpstatbot.com)"
85.208.98.18 - - [15/Nov/2022:13:30:41 +0100] "GET /robots.txt HTTP/1.1" 200 - "http://ywesee.com/robots.txt" "Mozilla/5.0 (compatible; SemrushBot; +http://www.semrush.com/bot.html)"
144.76.68.14 - - [15/Nov/2022:13:30:46 +0100] "GET /Oddb2xml/Bemerkungen?n=Main.SideBar%3Faction%3Dedit HTTP/1.1" 302 157 "-" "serpstatbot/2.1 (advanced backlink tracking bot; https://serpstatbot.com/; abuse@serpstatbot.com)"
144.76.68.14 - - [15/Nov/2022:13:31:30 +0100] "GET /Oddb2xml/Bemerkungen?action=upload HTTP/1.1" 403 18 "-" "serpstatbot/2.1 (advanced backlink tracking bot; https://serpstatbot.com/; abuse@serpstatbot.com)"
49.7.20.101 - - [15/Nov/2022:13:31:38 +0100] "GET / HTTP/1.1" 200 13972 "-" "Sogou web spider/4.0(+http://www.sogou.com/docs/help/webmasters.htm#07)"
144.76.68.14 - - [15/Nov/2022:13:32:12 +0100] "GET /Oddb2xml/Bemerkungen?action=print HTTP/1.1" 403 18 "-" "serpstatbot/2.1 (advanced backlink tracking bot; https://serpstatbot.com/; abuse@serpstatbot.com)"
85.208.98.18 - - [15/Nov/2022:13:32:38 +0100] "HEAD / HTTP/1.1" 200 - "-" "Mozilla/5.0 (compatible; SemrushBot; +http://www.semrush.com/bot.html)"
144.76.68.14 - - [15/Nov/2022:13:32:56 +0100] "GET /Oddb2xml/Bemerkungen?action=edit HTTP/1.1" 403 18 "-" "serpstatbot/2.1 (advanced backlink tracking bot; https://serpstatbot.com/; abuse@serpstatbot.com)"
144.76.68.14 - - [15/Nov/2022:13:33:42 +0100] "GET /Oddb2xml/Bemerkungen?action=diff HTTP/1.1" 403 18 "-" "serpstatbot/2.1 (advanced backlink tracking bot; https://serpstatbot.com/; abuse@serpstatbot.com)"
144.76.68.14 - - [15/Nov/2022:13:34:24 +0100] "GET /ODDB/Index?n=Main.SideBar%3Faction%3Dedit HTTP/1.1" 302 157 "-" "serpstatbot/2.1 (advanced backlink tracking bot; https://serpstatbot.com/; abuse@serpstatbot.com)"
64.71.157.120 - - [15/Nov/2022:13:34:59 +0100] "GET /pmwiki.php/Site/AllRecentChanges?action=rss HTTP/1.1" 200 2548 "-" "Feedbin feed-id:590358 - 1 subscribers"
144.76.68.14 - - [15/Nov/2022:13:35:10 +0100] "GET /ODDB/Index?action=upload HTTP/1.1" 403 18 "-" "serpstatbot/2.1 (advanced backlink tracking bot; https://serpstatbot.com/; abuse@serpstatbot.com)"
144.76.68.14 - - [15/Nov/2022:13:35:52 +0100] "GET /ODDB/Index?action=print HTTP/1.1" 403 18 "-" "serpstatbot/2.1 (advanced backlink tracking bot; https://serpstatbot.com/; abuse@serpstatbot.com)"
144.76.68.14 - - [15/Nov/2022:13:36:22 +0100] "GET /Main/2016?action=edit HTTP/1.1" 403 18 "-" "serpstatbot/2.1 (advanced backlink tracking bot; https://serpstatbot.com/; abuse@serpstatbot.com)"
35.90.202.231 - - [15/Nov/2022:13:37:03 +0100] "GET / HTTP/1.1" 200 13972 "-" "Mozilla/5.0 (X11; Linux x86_64) AppleWebKit/537.36 (KHTML, like Gecko) Chrome/83.0.4103.97 Safari/537.36"
54.184.220.85 - - [15/Nov/2022:13:37:28 +0100] "GET /favicon.ico HTTP/1.1" 200 1406 "http://ywesee.ch/favicon.ico" "Mozilla/5.0 (X11; Linux x86_64) AppleWebKit/537.36 (KHTML, like Gecko) Chrome/83.0.4103.97 Safari/537.36"
144.76.68.14 - - [15/Nov/2022:13:37:51 +0100] "GET /Main/MyMedi?action=diff HTTP/1.1" 403 18 "-" "serpstatbot/2.1 (advanced backlink tracking bot; https://serpstatbot.com/; abuse@serpstatbot.com)"
51.222.253.7 - - [15/Nov/2022:13:38:10 +0100] "GET /robots.txt HTTP/1.1" 200 - "-" "Mozilla/5.0 (compatible; AhrefsBot/7.0; +http://ahrefs.com/robot/)"
144.76.68.14 - - [15/Nov/2022:13:38:43 +0100] "GET /Main/MiGel?action=upload HTTP/1.1" 403 18 "-" "serpstatbot/2.1 (advanced backlink tracking bot; https://serpstatbot.com/; abuse@serpstatbot.com)"
144.76.68.14 - - [15/Nov/2022:13:39:36 +0100] "GET /Main/MiGel?action=print HTTP/1.1" 403 18 "-" "serpstatbot/2.1 (advanced backlink tracking bot; https://serpstatbot.com/; abuse@serpstatbot.com)"
