192.151.157.210 - - [15/Nov/2022:04:23:27 +0100] "GET /PmWiki/MailingLists?action=edit HTTP/1.1" 403 18 "-" "Mozilla/5.0 (compatible; MJ12bot/v1.4.8; http://mj12bot.com/)"
192.151.157.210 - - [15/Nov/2022:04:23:50 +0100] "GET /PmWiki/MarkupExpressions?action=edit HTTP/1.1" 403 18 "-" "Mozilla/5.0 (compatible; MJ12bot/v1.4.8; http://mj12bot.com/)"
144.76.68.14 - - [15/Nov/2022:04:24:07 +0100] "GET /pmwiki.php/BAG/SL HTTP/1.1" 200 11229 "-" "serpstatbot/2.1 (advanced backlink tracking bot; https://serpstatbot.com/; abuse@serpstatbot.com)"
192.151.157.210 - - [15/Nov/2022:04:24:14 +0100] "GET /PmWiki/MarkupMasterIndex?action=edit HTTP/1.1" 403 18 "-" "Mozilla/5.0 (compatible; MJ12bot/v1.4.8; http://mj12bot.com/)"
192.151.157.210 - - [15/Nov/2022:04:24:22 +0100] "GET /PmWiki/MarkupMasterIndex?action=edit HTTP/1.1" 403 18 "-" "Mozilla/5.0 (compatible; MJ12bot/v1.4.8; http://mj12bot.com/)"
192.151.157.210 - - [15/Nov/2022:04:24:37 +0100] "GET /PmWiki/MarkupVariables?action=edit HTTP/1.1" 403 18 "-" "Mozilla/5.0 (compatible; MJ12bot/v1.4.8; http://mj12bot.com/)"
144.76.68.14 - - [15/Nov/2022:04:24:42 +0100] "GET /Main/2006?action=diff HTTP/1.1" 403 18 "-" "serpstatbot/2.1 (advanced backlink tracking bot; https://serpstatbot.com/; abuse@serpstatbot.com)"
144.76.68.14 - - [15/Nov/2022:04:24:53 +0100] "GET /uploads/Main/Amtlich_geforderte_Rohdaten.txt HTTP/1.1" 200 5724 "-" "serpstatbot/2.1 (advanced backlink tracking bot; https://serpstatbot.com/; abuse@serpstatbot.com)"
192.151.157.210 - - [15/Nov/2022:04:25:02 +0100] "GET /PmWiki/Notify?action=edit HTTP/1.1" 403 18 "-" "Mozilla/5.0 (compatible; MJ12bot/v1.4.8; http://mj12bot.com/)"
144.76.68.14 - - [15/Nov/2022:04:25:18 +0100] "GET /uploads/Main/Packungen.txt HTTP/1.1" 200 216230 "-" "serpstatbot/2.1 (advanced backlink tracking bot; https://serpstatbot.com/; abuse@serpstatbot.com)"
192.151.157.210 - - [15/Nov/2022:04:25:28 +0100] "GET /PmWiki/OtherVariables?action=edit HTTP/1.1" 403 18 "-" "Mozilla/5.0 (compatible; MJ12bot/v1.4.8; http://mj12bot.com/)"
195.191.219.132 - - [15/Nov/2022:04:25:34 +0100] "GET /robots.txt HTTP/1.1" 200 - "-" "Mozilla/5.0 (compatible; MJ12bot/v1.4.8; http://mj12bot.com/)"
195.191.219.132 - - [15/Nov/2022:04:25:37 +0100] "GET / HTTP/1.1" 200 13972 "-" "Mozilla/5.0 (compatible; MJ12bot/v1.4.8; http://mj12bot.com/)"
144.76.68.14 - - [15/Nov/2022:04:25:37 +0100] "GET /pmwiki.php/Main/WechselwirkungSoftware HTTP/1.1" 200 10410 "-" "serpstatbot/2.1 (advanced backlink tracking bot; https://serpstatbot.com/; abuse@serpstatbot.com)"
195.191.219.132 - - [15/Nov/2022:04:25:39 +0100] "GET /robots.txt HTTP/1.1" 200 - "-" "Mozilla/5.0 (compatible; MJ12bot/v1.4.8; http://mj12bot.com/)"
195.191.219.132 - - [15/Nov/2022:04:25:45 +0100] "GET / HTTP/1.1" 200 13972 "-" "Mozilla/5.0 (compatible; MJ12bot/v1.4.8; http://mj12bot.com/)"
192.151.157.210 - - [15/Nov/2022:04:25:47 +0100] "GET /PmWiki/PageListTemplates?action=edit HTTP/1.1" 403 18 "-" "Mozilla/5.0 (compatible; MJ12bot/v1.4.8; http://mj12bot.com/)"
144.76.68.14 - - [15/Nov/2022:04:25:57 +0100] "GET /uploads/Main/An_Dexel_20.03.2007.txt HTTP/1.1" 200 2759 "-" "serpstatbot/2.1 (advanced backlink tracking bot; https://serpstatbot.com/; abuse@serpstatbot.com)"
192.151.157.210 - - [15/Nov/2022:04:26:16 +0100] "GET /PmWiki/PageLists?action=edit HTTP/1.1" 403 18 "-" "Mozilla/5.0 (compatible; MJ12bot/v1.4.8; http://mj12bot.com/)"
144.76.68.14 - - [15/Nov/2022:04:26:22 +0100] "GET /uploads/Main/An_Kaempf_8.4.2005.txt HTTP/1.1" 200 7068 "-" "serpstatbot/2.1 (advanced backlink tracking bot; https://serpstatbot.com/; abuse@serpstatbot.com)"
192.151.157.210 - - [15/Nov/2022:04:26:27 +0100] "GET /PmWiki/PageLists?action=edit HTTP/1.1" 403 18 "-" "Mozilla/5.0 (compatible; MJ12bot/v1.4.8; http://mj12bot.com/)"
144.76.68.14 - - [15/Nov/2022:04:26:36 +0100] "GET /uploads/Main/An_F_Dexel_15.01.2010.txt HTTP/1.1" 200 4979 "-" "serpstatbot/2.1 (advanced backlink tracking bot; https://serpstatbot.com/; abuse@serpstatbot.com)"
192.151.157.210 - - [15/Nov/2022:04:26:50 +0100] "GET /PmWiki/PageTextVariables?action=edit HTTP/1.1" 403 18 "-" "Mozilla/5.0 (compatible; MJ12bot/v1.4.8; http://mj12bot.com/)"
192.151.157.210 - - [15/Nov/2022:04:27:00 +0100] "GET /PmWiki/PageTextVariables?action=edit HTTP/1.1" 403 18 "-" "Mozilla/5.0 (compatible; MJ12bot/v1.4.8; http://mj12bot.com/)"
144.76.68.14 - - [15/Nov/2022:04:27:10 +0100] "GET /pmwiki.php/Main/WekoBlog HTTP/1.1" 200 22209 "-" "serpstatbot/2.1 (advanced backlink tracking bot; https://serpstatbot.com/; abuse@serpstatbot.com)"
144.76.68.14 - - [15/Nov/2022:04:27:16 +0100] "GET /uploads/Main/An_Hans_Heinrich_Brunner_25.10.2005.txt HTTP/1.1" 200 2712 "-" "serpstatbot/2.1 (advanced backlink tracking bot; https://serpstatbot.com/; abuse@serpstatbot.com)"
64.71.157.107 - - [15/Nov/2022:04:27:24 +0100] "GET /pmwiki.php/Site/AllRecentChanges?action=rss HTTP/1.1" 200 2548 "-" "Feedbin feed-id:590358 - 1 subscribers"
192.151.157.210 - - [15/Nov/2022:04:27:27 +0100] "GET /PmWiki/PageVariables?action=edit HTTP/1.1" 403 18 "-" "Mozilla/5.0 (compatible; MJ12bot/v1.4.8; http://mj12bot.com/)"
144.76.68.14 - - [15/Nov/2022:04:27:54 +0100] "GET /uploads/Main/An_Kaempf_12.4.2005.txt HTTP/1.1" 200 1911 "-" "serpstatbot/2.1 (advanced backlink tracking bot; https://serpstatbot.com/; abuse@serpstatbot.com)"
144.76.68.14 - - [15/Nov/2022:04:27:55 +0100] "GET /pmwiki.php/Software/XMLBAG HTTP/1.1" 200 10258 "-" "serpstatbot/2.1 (advanced backlink tracking bot; https://serpstatbot.com/; abuse@serpstatbot.com)"
192.151.157.210 - - [15/Nov/2022:04:27:59 +0100] "GET /PmWiki/PagelistVariables?action=edit HTTP/1.1" 403 18 "-" "Mozilla/5.0 (compatible; MJ12bot/v1.4.8; http://mj12bot.com/)"
192.151.157.210 - - [15/Nov/2022:04:28:27 +0100] "GET /PmWiki/Passwords?action=edit HTTP/1.1" 403 18 "-" "Mozilla/5.0 (compatible; MJ12bot/v1.4.8; http://mj12bot.com/)"
144.76.68.14 - - [15/Nov/2022:04:28:34 +0100] "GET /uploads/Main/An_Kaempf_8.4.2005.txt HTTP/1.1" 200 7068 "-" "serpstatbot/2.1 (advanced backlink tracking bot; https://serpstatbot.com/; abuse@serpstatbot.com)"
144.76.68.14 - - [15/Nov/2022:04:28:41 +0100] "GET /uploads/Main/2005-9.txt HTTP/1.1" 200 99998 "-" "serpstatbot/2.1 (advanced backlink tracking bot; https://serpstatbot.com/; abuse@serpstatbot.com)"
192.151.157.210 - - [15/Nov/2022:04:28:58 +0100] "GET /PmWiki/PasswordsAdmin?action=edit HTTP/1.1" 403 18 "-" "Mozilla/5.0 (compatible; MJ12bot/v1.4.8; http://mj12bot.com/)"
144.76.68.14 - - [15/Nov/2022:04:29:09 +0100] "GET /uploads/Main/An_Michael_Horn_Bfarm_15.05.2008.txt HTTP/1.1" 200 3163 "-" "serpstatbot/2.1 (advanced backlink tracking bot; https://serpstatbot.com/; abuse@serpstatbot.com)"
144.76.68.14 - - [15/Nov/2022:04:29:25 +0100] "GET /pmwiki.php?n=Ywesee.HtmlGrid HTTP/1.1" 200 8494 "-" "serpstatbot/2.1 (advanced backlink tracking bot; https://serpstatbot.com/; abuse@serpstatbot.com)"
192.151.157.210 - - [15/Nov/2022:04:29:27 +0100] "GET /PmWiki/PathVariables?action=edit HTTP/1.1" 403 18 "-" "Mozilla/5.0 (compatible; MJ12bot/v1.4.8; http://mj12bot.com/)"
144.76.68.14 - - [15/Nov/2022:04:29:47 +0100] "GET /uploads/Main/An_Reinhard_Kurth_19.03.2007.txt HTTP/1.1" 200 2166 "-" "serpstatbot/2.1 (advanced backlink tracking bot; https://serpstatbot.com/; abuse@serpstatbot.com)"
192.151.157.210 - - [15/Nov/2022:04:29:59 +0100] "GET /PmWiki/PmWiki?action=edit HTTP/1.1" 403 18 "-" "Mozilla/5.0 (compatible; MJ12bot/v1.4.8; http://mj12bot.com/)"
144.76.68.14 - - [15/Nov/2022:04:30:09 +0100] "GET /pmwiki.php?n=Software.WikiS HTTP/1.1" 200 10036 "-" "serpstatbot/2.1 (advanced backlink tracking bot; https://serpstatbot.com/; abuse@serpstatbot.com)"
144.76.68.14 - - [15/Nov/2022:04:30:29 +0100] "GET /uploads/Main/An_jelena_majstorovic_7.9.2005.txt HTTP/1.1" 200 2420 "-" "serpstatbot/2.1 (advanced backlink tracking bot; https://serpstatbot.com/; abuse@serpstatbot.com)"
192.151.157.210 - - [15/Nov/2022:04:30:29 +0100] "GET /PmWiki/PmWikiPhilosophy?action=edit HTTP/1.1" 403 18 "-" "Mozilla/5.0 (compatible; MJ12bot/v1.4.8; http://mj12bot.com/)"
192.151.157.210 - - [15/Nov/2022:04:30:52 +0100] "GET /PmWiki/RSS?action=edit HTTP/1.1" 403 18 "-" "Mozilla/5.0 (compatible; MJ12bot/v1.4.8; http://mj12bot.com/)"
144.76.68.14 - - [15/Nov/2022:04:30:55 +0100] "GET /pmwiki.php?n=Main.WekoBlogAntragAufErweiterung HTTP/1.1" 200 15562 "-" "serpstatbot/2.1 (advanced backlink tracking bot; https://serpstatbot.com/; abuse@serpstatbot.com)"
144.76.68.14 - - [15/Nov/2022:04:31:05 +0100] "GET /uploads/Main/Appendix_B.iso.bz2 HTTP/1.1" 200 35199963 "-" "serpstatbot/2.1 (advanced backlink tracking bot; https://serpstatbot.com/; abuse@serpstatbot.com)"
192.151.157.210 - - [15/Nov/2022:04:31:14 +0100] "GET /PmWiki/RefCount?action=edit HTTP/1.1" 403 18 "-" "Mozilla/5.0 (compatible; MJ12bot/v1.4.8; http://mj12bot.com/)"
192.151.157.210 - - [15/Nov/2022:04:31:32 +0100] "GET /PmWiki/ReleaseNotes?action=edit HTTP/1.1" 403 18 "-" "Mozilla/5.0 (compatible; MJ12bot/v1.4.8; http://mj12bot.com/)"
144.76.68.14 - - [15/Nov/2022:04:31:40 +0100] "GET /pmwiki.php?n=Main.WekoBlog HTTP/1.1" 200 22209 "-" "serpstatbot/2.1 (advanced backlink tracking bot; https://serpstatbot.com/; abuse@serpstatbot.com)"
144.76.68.14 - - [15/Nov/2022:04:31:45 +0100] "GET /uploads/Main/Argumentation_korrekte_EAN-Codes_8.9.2005.txt HTTP/1.1" 200 36034 "-" "serpstatbot/2.1 (advanced backlink tracking bot; https://serpstatbot.com/; abuse@serpstatbot.com)"
194.209.200.2 - - [15/Nov/2022:04:31:52 +0100] "GET /robots.txt HTTP/1.1" 200 - "-" "Mozilla/5.0 (compatible; TMMBot/0.2; +http://www.dslab.ch)/Nutch-1.15"
194.209.200.2 - - [15/Nov/2022:04:31:52 +0100] "GET /Software/YDIM HTTP/1.1" 200 8834 "-" "Mozilla/5.0 (compatible; TMMBot/0.2; +http://www.dslab.ch)/Nutch-1.15"
192.151.157.210 - - [15/Nov/2022:04:31:57 +0100] "GET /PmWiki/Search?action=edit HTTP/1.1" 403 18 "-" "Mozilla/5.0 (compatible; MJ12bot/v1.4.8; http://mj12bot.com/)"
192.151.157.210 - - [15/Nov/2022:04:32:16 +0100] "GET /PmWiki/WikiNature?action=edit HTTP/1.1" 403 18 "-" "Mozilla/5.0 (compatible; MJ12bot/v1.4.8; http://mj12bot.com/)"
144.76.68.14 - - [15/Nov/2022:04:32:23 +0100] "GET /pmwiki.php?n=Main.DocumedGalenicaVsYwesee HTTP/1.1" 200 35251 "-" "serpstatbot/2.1 (advanced backlink tracking bot; https://serpstatbot.com/; abuse@serpstatbot.com)"
144.76.68.14 - - [15/Nov/2022:04:32:25 +0100] "GET /uploads/Main/BM_1_12.2012.txt HTTP/1.1" 200 10346 "-" "serpstatbot/2.1 (advanced backlink tracking bot; https://serpstatbot.com/; abuse@serpstatbot.com)"
8.29.198.25 - - [15/Nov/2022:04:32:40 +0100] "GET /pmwiki.php/Site/AllRecentChanges?action=rss HTTP/1.1" 200 2548 "-" "Feedly/1.0 (+http://www.feedly.com/fetcher.html; 5 subscribers; like FeedFetcher-Google)"
192.151.157.210 - - [15/Nov/2022:04:32:43 +0100] "GET /PmWiki/WikiPage?action=edit HTTP/1.1" 403 18 "-" "Mozilla/5.0 (compatible; MJ12bot/v1.4.8; http://mj12bot.com/)"
144.76.68.14 - - [15/Nov/2022:04:33:01 +0100] "GET /uploads/Main/Email_Baehler_5.9.2005.txt HTTP/1.1" 200 2836 "-" "serpstatbot/2.1 (advanced backlink tracking bot; https://serpstatbot.com/; abuse@serpstatbot.com)"
144.76.68.14 - - [15/Nov/2022:04:33:07 +0100] "GET /pmwiki.php/Ywesee/Stanza HTTP/1.1" 200 8384 "-" "serpstatbot/2.1 (advanced backlink tracking bot; https://serpstatbot.com/; abuse@serpstatbot.com)"
192.151.157.210 - - [15/Nov/2022:04:33:07 +0100] "GET /PmWiki/WikiStructure?action=edit HTTP/1.1" 403 18 "-" "Mozilla/5.0 (compatible; MJ12bot/v1.4.8; http://mj12bot.com/)"
192.151.157.210 - - [15/Nov/2022:04:33:30 +0100] "GET /PmWiki/WikiStyleExamples?action=edit HTTP/1.1" 403 18 "-" "Mozilla/5.0 (compatible; MJ12bot/v1.4.8; http://mj12bot.com/)"
144.76.68.14 - - [15/Nov/2022:04:33:40 +0100] "GET /uploads/Main/Email_an_Annette.Gerber_29.8.2005.txt HTTP/1.1" 200 3038 "-" "serpstatbot/2.1 (advanced backlink tracking bot; https://serpstatbot.com/; abuse@serpstatbot.com)"
161.35.176.136 - - [15/Nov/2022:04:33:44 +0100] "GET /app-ads.txt HTTP/1.1" 404 270 "http://ywesee.com/app-ads.txt" "Mozilla/5.0 (Macintosh; Intel Mac OS X 10_11_3) AppleWebKit/537.36 (KHTML, like Gecko) Chrome/48.0.2564.109 Safari/537.36"
161.35.176.136 - - [15/Nov/2022:04:33:44 +0100] "GET /app-ads.txt HTTP/1.1" 404 270 "http://www.ywesee.com/app-ads.txt" "Mozilla/5.0 (Macintosh; Intel Mac OS X 10_11_3) AppleWebKit/537.36 (KHTML, like Gecko) Chrome/48.0.2564.109 Safari/537.36"
161.35.176.136 - - [15/Nov/2022:04:33:45 +0100] "GET /app-ads.txt HTTP/1.1" 404 270 "-" "Mozilla/5.0 (Macintosh; Intel Mac OS X 10_11_3) AppleWebKit/537.36 (KHTML, like Gecko) Chrome/48.0.2564.109 Safari/537.36"
161.35.176.136 - - [15/Nov/2022:04:33:45 +0100] "GET /app-ads.txt HTTP/1.1" 404 270 "http://www.ywesee.com/app-ads.txt" "Mozilla/5.0 (Macintosh; Intel Mac OS X 10_11_3) AppleWebKit/537.36 (KHTML, like Gecko) Chrome/48.0.2564.109 Safari/537.36"
161.35.176.136 - - [15/Nov/2022:04:33:46 +0100] "GET /app-ads.txt HTTP/1.1" 404 274 "-" "Mozilla/5.0 (Macintosh; Intel Mac OS X 10_11_3) AppleWebKit/537.36 (KHTML, like Gecko) Chrome/48.0.2564.109 Safari/537.36"
161.35.176.136 - - [15/Nov/2022:04:33:46 +0100] "GET /ads.txt HTTP/1.1" 404 266 "http://ywesee.com/ads.txt" "Mozilla/5.0 (Macintosh; Intel Mac OS X 10_11_3) AppleWebKit/537.36 (KHTML, like Gecko) Chrome/48.0.2564.109 Safari/537.36"
161.35.176.136 - - [15/Nov/2022:04:33:47 +0100] "GET /ads.txt HTTP/1.1" 404 266 "http://www.ywesee.com/ads.txt" "Mozilla/5.0 (Macintosh; Intel Mac OS X 10_11_3) AppleWebKit/537.36 (KHTML, like Gecko) Chrome/48.0.2564.109 Safari/537.36"
161.35.176.136 - - [15/Nov/2022:04:33:47 +0100] "GET /ads.txt HTTP/1.1" 404 266 "-" "Mozilla/5.0 (Macintosh; Intel Mac OS X 10_11_3) AppleWebKit/537.36 (KHTML, like Gecko) Chrome/48.0.2564.109 Safari/537.36"
161.35.176.136 - - [15/Nov/2022:04:33:48 +0100] "GET /ads.txt HTTP/1.1" 404 266 "http://www.ywesee.com/ads.txt" "Mozilla/5.0 (Macintosh; Intel Mac OS X 10_11_3) AppleWebKit/537.36 (KHTML, like Gecko) Chrome/48.0.2564.109 Safari/537.36"
161.35.176.136 - - [15/Nov/2022:04:33:48 +0100] "GET /ads.txt HTTP/1.1" 404 270 "-" "Mozilla/5.0 (Macintosh; Intel Mac OS X 10_11_3) AppleWebKit/537.36 (KHTML, like Gecko) Chrome/48.0.2564.109 Safari/537.36"
144.76.68.14 - - [15/Nov/2022:04:33:49 +0100] "GET /pmwiki.php/Ywesee/InfoCodexSlideShow HTTP/1.1" 200 9369 "-" "serpstatbot/2.1 (advanced backlink tracking bot; https://serpstatbot.com/; abuse@serpstatbot.com)"
192.151.157.210 - - [15/Nov/2022:04:33:54 +0100] "GET /PmWiki/WikiStyles?action=edit HTTP/1.1" 403 18 "-" "Mozilla/5.0 (compatible; MJ12bot/v1.4.8; http://mj12bot.com/)"
194.209.200.2 - - [15/Nov/2022:04:34:04 +0100] "GET /Main/2008 HTTP/1.1" 200 34740 "-" "Mozilla/5.0 (compatible; TMMBot/0.2; +http://www.dslab.ch)/Nutch-1.15"
194.209.200.2 - - [15/Nov/2022:04:34:14 +0100] "GET /Main/2006 HTTP/1.1" 200 39320 "-" "Mozilla/5.0 (compatible; TMMBot/0.2; +http://www.dslab.ch)/Nutch-1.15"
144.76.68.14 - - [15/Nov/2022:04:34:16 +0100] "GET /uploads/Main/Indications_ch.oddb.org.txt HTTP/1.1" 200 142944 "-" "serpstatbot/2.1 (advanced backlink tracking bot; https://serpstatbot.com/; abuse@serpstatbot.com)"
192.151.157.210 - - [15/Nov/2022:04:34:16 +0100] "GET /PmWiki/WikiTrails?action=edit HTTP/1.1" 403 18 "-" "Mozilla/5.0 (compatible; MJ12bot/v1.4.8; http://mj12bot.com/)"
194.209.200.2 - - [15/Nov/2022:04:34:26 +0100] "GET /Main/2004 HTTP/1.1" 200 14080 "-" "Mozilla/5.0 (compatible; TMMBot/0.2; +http://www.dslab.ch)/Nutch-1.15"
144.76.68.14 - - [15/Nov/2022:04:34:31 +0100] "GET /uploads/Main/Kommentar_Akteneinscht_32-1078_20.3.2007.txt HTTP/1.1" 200 22868 "-" "serpstatbot/2.1 (advanced backlink tracking bot; https://serpstatbot.com/; abuse@serpstatbot.com)"
192.151.157.210 - - [15/Nov/2022:04:34:38 +0100] "GET /PmWiki/WikiWikiWeb?action=edit HTTP/1.1" 403 18 "-" "Mozilla/5.0 (compatible; MJ12bot/v1.4.8; http://mj12bot.com/)"
144.76.68.14 - - [15/Nov/2022:04:34:50 +0100] "GET /uploads/Main/Indications_report_251013_de.txt HTTP/1.1" 200 2551215 "-" "serpstatbot/2.1 (advanced backlink tracking bot; https://serpstatbot.com/; abuse@serpstatbot.com)"
194.209.200.2 - - [15/Nov/2022:04:34:52 +0100] "GET /Main/2013 HTTP/1.1" 200 20487 "-" "Mozilla/5.0 (compatible; TMMBot/0.2; +http://www.dslab.ch)/Nutch-1.15"
192.151.157.210 - - [15/Nov/2022:04:34:58 +0100] "GET /PmWiki/WikiWord?action=edit HTTP/1.1" 403 18 "-" "Mozilla/5.0 (compatible; MJ12bot/v1.4.8; http://mj12bot.com/)"
194.209.200.2 - - [15/Nov/2022:04:35:11 +0100] "GET /Ywesee/Kontakt HTTP/1.1" 200 8973 "-" "Mozilla/5.0 (compatible; TMMBot/0.2; +http://www.dslab.ch)/Nutch-1.15"
144.76.68.14 - - [15/Nov/2022:04:35:13 +0100] "GET /pmwiki.php/Ywesee/HTC HTTP/1.1" 404 8353 "-" "serpstatbot/2.1 (advanced backlink tracking bot; https://serpstatbot.com/; abuse@serpstatbot.com)"
192.151.157.210 - - [15/Nov/2022:04:35:15 +0100] "GET /Profiles/Zeno?action=edit HTTP/1.1" 403 18 "-" "Mozilla/5.0 (compatible; MJ12bot/v1.4.8; http://mj12bot.com/)"
144.76.68.14 - - [15/Nov/2022:04:35:27 +0100] "GET /Main/2006?action=edit HTTP/1.1" 403 18 "-" "serpstatbot/2.1 (advanced backlink tracking bot; https://serpstatbot.com/; abuse@serpstatbot.com)"
192.151.157.210 - - [15/Nov/2022:04:35:37 +0100] "GET /RedLaser/BarcodeScanner?action=edit HTTP/1.1" 403 18 "-" "Mozilla/5.0 (compatible; MJ12bot/v1.4.8; http://mj12bot.com/)"
194.209.200.2 - - [15/Nov/2022:04:35:48 +0100] "GET /AmiKo/OSX HTTP/1.1" 200 9772 "-" "Mozilla/5.0 (compatible; TMMBot/0.2; +http://www.dslab.ch)/Nutch-1.15"
192.151.157.210 - - [15/Nov/2022:04:35:51 +0100] "GET /RedLaser/BarcodeScanner?action=edit HTTP/1.1" 403 18 "-" "Mozilla/5.0 (compatible; MJ12bot/v1.4.8; http://mj12bot.com/)"
144.76.68.14 - - [15/Nov/2022:04:35:54 +0100] "GET /pmwiki.php/Software/ChODDB HTTP/1.1" 200 8467 "-" "serpstatbot/2.1 (advanced backlink tracking bot; https://serpstatbot.com/; abuse@serpstatbot.com)"
144.76.68.14 - - [15/Nov/2022:04:36:01 +0100] "GET /uploads/Main/AIPS_FI_PI_Probleme_25.1.2016.txt HTTP/1.1" 200 24362 "-" "serpstatbot/2.1 (advanced backlink tracking bot; https://serpstatbot.com/; abuse@serpstatbot.com)"
192.151.157.210 - - [15/Nov/2022:04:36:13 +0100] "GET /RedLaser/RedLaser?action=edit HTTP/1.1" 403 18 "-" "Mozilla/5.0 (compatible; MJ12bot/v1.4.8; http://mj12bot.com/)"
194.209.200.2 - - [15/Nov/2022:04:36:32 +0100] "GET /robots.txt HTTP/1.1" 200 - "-" "Mozilla/5.0 (compatible; TMMBot/0.2; +http://www.dslab.ch)/Nutch-1.15"
192.151.157.210 - - [15/Nov/2022:04:36:35 +0100] "GET /Refdata/LoeschungFelder?action=edit HTTP/1.1" 403 18 "-" "Mozilla/5.0 (compatible; MJ12bot/v1.4.8; http://mj12bot.com/)"
144.76.68.14 - - [15/Nov/2022:04:36:36 +0100] "GET /pmwiki.php/ODDB/MD HTTP/1.1" 200 12184 "-" "serpstatbot/2.1 (advanced backlink tracking bot; https://serpstatbot.com/; abuse@serpstatbot.com)"
144.76.68.14 - - [15/Nov/2022:04:36:38 +0100] "GET /Main/2006?action=print HTTP/1.1" 403 18 "-" "serpstatbot/2.1 (advanced backlink tracking bot; https://serpstatbot.com/; abuse@serpstatbot.com)"
192.151.157.210 - - [15/Nov/2022:04:36:54 +0100] "GET /Refdata/PreisMwst?action=edit HTTP/1.1" 403 18 "-" "Mozilla/5.0 (compatible; MJ12bot/v1.4.8; http://mj12bot.com/)"
192.151.157.210 - - [15/Nov/2022:04:37:06 +0100] "GET /Refdatabase/Index?action=edit HTTP/1.1" 403 18 "-" "Mozilla/5.0 (compatible; MJ12bot/v1.4.8; http://mj12bot.com/)"
144.76.68.14 - - [15/Nov/2022:04:37:12 +0100] "GET /uploads/Main/Registration.txt HTTP/1.1" 200 356691 "-" "serpstatbot/2.1 (advanced backlink tracking bot; https://serpstatbot.com/; abuse@serpstatbot.com)"
144.76.68.14 - - [15/Nov/2022:04:37:16 +0100] "GET /pmwiki.php/Main/EPUB HTTP/1.1" 200 8338 "-" "serpstatbot/2.1 (advanced backlink tracking bot; https://serpstatbot.com/; abuse@serpstatbot.com)"
194.209.200.2 - - [15/Nov/2022:04:37:21 +0100] "GET /Generikacc/App HTTP/1.1" 200 11862 "-" "Mozilla/5.0 (compatible; TMMBot/0.2; +http://www.dslab.ch)/Nutch-1.15"
144.76.68.14 - - [15/Nov/2022:04:37:49 +0100] "GET /uploads/Main/Schreiben_an_Zulassungsinhaber_28.6.2005.txt HTTP/1.1" 200 2827 "-" "serpstatbot/2.1 (advanced backlink tracking bot; https://serpstatbot.com/; abuse@serpstatbot.com)"
144.76.68.14 - - [15/Nov/2022:04:37:57 +0100] "GET /pmwiki.php/Main/AZW HTTP/1.1" 200 8958 "-" "serpstatbot/2.1 (advanced backlink tracking bot; https://serpstatbot.com/; abuse@serpstatbot.com)"
144.76.68.14 - - [15/Nov/2022:04:38:24 +0100] "GET /uploads/Main/Spreadsheet_0.6.0.txt HTTP/1.1" 200 2745 "-" "serpstatbot/2.1 (advanced backlink tracking bot; https://serpstatbot.com/; abuse@serpstatbot.com)"
194.209.200.2 - - [15/Nov/2022:04:38:35 +0100] "GET /Ywesee/OpenSource HTTP/1.1" 200 10790 "-" "Mozilla/5.0 (compatible; TMMBot/0.2; +http://www.dslab.ch)/Nutch-1.15"
144.76.68.14 - - [15/Nov/2022:04:38:39 +0100] "GET /pmwiki.php/Main/2007 HTTP/1.1" 200 50639 "-" "serpstatbot/2.1 (advanced backlink tracking bot; https://serpstatbot.com/; abuse@serpstatbot.com)"
144.76.68.14 - - [15/Nov/2022:04:38:59 +0100] "GET /uploads/Main/SwissmedicinfoXML-Report.txt HTTP/1.1" 200 8725 "-" "serpstatbot/2.1 (advanced backlink tracking bot; https://serpstatbot.com/; abuse@serpstatbot.com)"
144.76.68.14 - - [15/Nov/2022:04:39:20 +0100] "GET /pmwiki.php/BAG/Sitzung15102010 HTTP/1.1" 200 13405 "-" "serpstatbot/2.1 (advanced backlink tracking bot; https://serpstatbot.com/; abuse@serpstatbot.com)"
144.76.68.14 - - [15/Nov/2022:04:39:34 +0100] "GET /uploads/Main/To_Proof_SL_8.4.2005.txt HTTP/1.1" 200 258895 "-" "serpstatbot/2.1 (advanced backlink tracking bot; https://serpstatbot.com/; abuse@serpstatbot.com)"
194.209.200.2 - - [15/Nov/2022:04:39:52 +0100] "GET /Main/2005 HTTP/1.1" 200 63344 "-" "Mozilla/5.0 (compatible; TMMBot/0.2; +http://www.dslab.ch)/Nutch-1.15"
144.76.68.14 - - [15/Nov/2022:04:40:01 +0100] "GET /pmwiki.php/BAG/Preismutationscode HTTP/1.1" 200 11186 "-" "serpstatbot/2.1 (advanced backlink tracking bot; https://serpstatbot.com/; abuse@serpstatbot.com)"
144.76.68.14 - - [15/Nov/2022:04:40:09 +0100] "GET /uploads/Main/Unknown_Registrations_Packages.txt HTTP/1.1" 200 263929 "-" "serpstatbot/2.1 (advanced backlink tracking bot; https://serpstatbot.com/; abuse@serpstatbot.com)"
194.209.200.2 - - [15/Nov/2022:04:40:27 +0100] "GET /Main/2012 HTTP/1.1" 200 31941 "-" "Mozilla/5.0 (compatible; TMMBot/0.2; +http://www.dslab.ch)/Nutch-1.15"
194.209.200.2 - - [15/Nov/2022:04:40:40 +0100] "GET /Main/2010 HTTP/1.1" 200 27997 "-" "Mozilla/5.0 (compatible; TMMBot/0.2; +http://www.dslab.ch)/Nutch-1.15"
144.76.68.14 - - [15/Nov/2022:04:40:42 +0100] "GET /pmwiki.php/Main/DocumedGalenicaVsYwesee HTTP/1.1" 200 35251 "-" "serpstatbot/2.1 (advanced backlink tracking bot; https://serpstatbot.com/; abuse@serpstatbot.com)"
144.76.68.14 - - [15/Nov/2022:04:40:46 +0100] "GET /uploads/Main/an_Baehler_2.9.2005.txt HTTP/1.1" 200 3515 "-" "serpstatbot/2.1 (advanced backlink tracking bot; https://serpstatbot.com/; abuse@serpstatbot.com)"
194.209.200.2 - - [15/Nov/2022:04:40:55 +0100] "GET /Eggze/SpreadIt HTTP/1.1" 200 12537 "-" "Mozilla/5.0 (compatible; TMMBot/0.2; +http://www.dslab.ch)/Nutch-1.15"
194.209.200.2 - - [15/Nov/2022:04:41:10 +0100] "GET /Ywesee/About HTTP/1.1" 200 9132 "-" "Mozilla/5.0 (compatible; TMMBot/0.2; +http://www.dslab.ch)/Nutch-1.15"
144.76.68.14 - - [15/Nov/2022:04:41:22 +0100] "GET /uploads/Main/an_Braendle.txt HTTP/1.1" 200 1217 "-" "serpstatbot/2.1 (advanced backlink tracking bot; https://serpstatbot.com/; abuse@serpstatbot.com)"
144.76.68.14 - - [15/Nov/2022:04:41:23 +0100] "GET /pmwiki.php/Main/FachinformationUmfrage HTTP/1.1" 200 9294 "-" "serpstatbot/2.1 (advanced backlink tracking bot; https://serpstatbot.com/; abuse@serpstatbot.com)"
144.76.68.14 - - [15/Nov/2022:04:41:55 +0100] "GET /uploads/Main/an_Brunner_21.2.2005.txt HTTP/1.1" 200 1812 "-" "serpstatbot/2.1 (advanced backlink tracking bot; https://serpstatbot.com/; abuse@serpstatbot.com)"
144.76.68.14 - - [15/Nov/2022:04:42:03 +0100] "GET /uploads/Main/Selbstbehaltsdiff_04-05.2006.txt HTTP/1.1" 200 17310 "-" "serpstatbot/2.1 (advanced backlink tracking bot; https://serpstatbot.com/; abuse@serpstatbot.com)"
65.108.227.178 - - [15/Nov/2022:04:42:09 +0100] "GET /robots.txt HTTP/1.1" 200 - "-" "Mozilla/5.0 (compatible; MJ12bot/v1.4.8; http://mj12bot.com/)"
65.108.227.178 - - [15/Nov/2022:04:42:14 +0100] "GET /Ausschreibung/SAI HTTP/1.1" 200 10366 "-" "Mozilla/5.0 (compatible; MJ12bot/v1.4.8; http://mj12bot.com/)"
65.108.227.178 - - [15/Nov/2022:04:42:23 +0100] "GET /uploads/Main/296_Rund-mail_4.5.2006.txt HTTP/1.1" 200 1988 "-" "Mozilla/5.0 (compatible; MJ12bot/v1.4.8; http://mj12bot.com/)"
144.76.68.14 - - [15/Nov/2022:04:42:30 +0100] "GET /uploads/Main/an_Medioni_10.3.2005.txt HTTP/1.1" 200 1617 "-" "serpstatbot/2.1 (advanced backlink tracking bot; https://serpstatbot.com/; abuse@serpstatbot.com)"
65.108.227.178 - - [15/Nov/2022:04:42:30 +0100] "GET /uploads/Main/297_Email_an_Christian_Dreger_4.5.2006.txt HTTP/1.1" 200 5607 "-" "Mozilla/5.0 (compatible; MJ12bot/v1.4.8; http://mj12bot.com/)"
65.108.227.178 - - [15/Nov/2022:04:42:36 +0100] "GET /uploads/Main/324_Email_an_Patric_Weber_11.8.2006.txt HTTP/1.1" 200 2031 "-" "Mozilla/5.0 (compatible; MJ12bot/v1.4.8; http://mj12bot.com/)"
144.76.68.14 - - [15/Nov/2022:04:42:43 +0100] "GET /pmwiki.php/Main/BAG HTTP/1.1" 200 9430 "-" "serpstatbot/2.1 (advanced backlink tracking bot; https://serpstatbot.com/; abuse@serpstatbot.com)"
65.108.227.178 - - [15/Nov/2022:04:42:44 +0100] "GET /uploads/Main/338_Email_an_hans-beat.jenny_9.10.2006.txt HTTP/1.1" 200 2596 "-" "Mozilla/5.0 (compatible; MJ12bot/v1.4.8; http://mj12bot.com/)"
65.108.227.178 - - [15/Nov/2022:04:42:51 +0100] "GET /uploads/Main/341_Email_an_andreas.wildi_9.10.2006.txt HTTP/1.1" 200 3781 "-" "Mozilla/5.0 (compatible; MJ12bot/v1.4.8; http://mj12bot.com/)"
65.108.227.178 - - [15/Nov/2022:04:43:00 +0100] "GET /uploads/Main/AIPS_ATC-Codes_SwissmedicNo5_Errors.txt HTTP/1.1" 200 11777 "-" "Mozilla/5.0 (compatible; MJ12bot/v1.4.8; http://mj12bot.com/)"
144.76.68.14 - - [15/Nov/2022:04:43:08 +0100] "GET /uploads/Main/comco_32-0249_16.12.2016_deepl_FR_22.1.2021.txt HTTP/1.1" 200 392756 "-" "serpstatbot/2.1 (advanced backlink tracking bot; https://serpstatbot.com/; abuse@serpstatbot.com)"
144.76.68.14 - - [15/Nov/2022:04:43:40 +0100] "GET /uploads/Main/compare_swissmedic_to_swisssindex_1294_atc_are_longer_in_swissindex.txt HTTP/1.1" 200 77121 "-" "serpstatbot/2.1 (advanced backlink tracking bot; https://serpstatbot.com/; abuse@serpstatbot.com)"
144.76.68.14 - - [15/Nov/2022:04:44:15 +0100] "GET /uploads/Main/swissmedic_AIPS_XML_Errors_18.4.2013.txt HTTP/1.1" 200 13212 "-" "serpstatbot/2.1 (advanced backlink tracking bot; https://serpstatbot.com/; abuse@serpstatbot.com)"
144.76.68.14 - - [15/Nov/2022:04:44:51 +0100] "GET /uploads/Main/von_Aeschbacher_9.1.2008.txt HTTP/1.1" 200 6210 "-" "serpstatbot/2.1 (advanced backlink tracking bot; https://serpstatbot.com/; abuse@serpstatbot.com)"
144.76.68.14 - - [15/Nov/2022:04:45:26 +0100] "GET /uploads/Main/von_Balsiger_11.1.2008.txt HTTP/1.1" 200 1604 "-" "serpstatbot/2.1 (advanced backlink tracking bot; https://serpstatbot.com/; abuse@serpstatbot.com)"
144.76.68.14 - - [15/Nov/2022:04:46:02 +0100] "GET /uploads/Main/von_Balsiger_22.2.2005.txt HTTP/1.1" 200 1631 "-" "serpstatbot/2.1 (advanced backlink tracking bot; https://serpstatbot.com/; abuse@serpstatbot.com)"
144.76.68.14 - - [15/Nov/2022:04:46:37 +0100] "GET /uploads/Main/von_SDA_19.2.2008.txt HTTP/1.1" 200 2038 "-" "serpstatbot/2.1 (advanced backlink tracking bot; https://serpstatbot.com/; abuse@serpstatbot.com)"
144.76.68.14 - - [15/Nov/2022:04:47:13 +0100] "GET /uploads/Main/AIPS_ATC-Codes_SwissmedicNo5_Errors.txt HTTP/1.1" 200 11777 "-" "serpstatbot/2.1 (advanced backlink tracking bot; https://serpstatbot.com/; abuse@serpstatbot.com)"
144.76.68.14 - - [15/Nov/2022:04:47:50 +0100] "GET /uploads/Main/578_Email_von_WEKO_9.2.2010.txt HTTP/1.1" 200 7190 "-" "serpstatbot/2.1 (advanced backlink tracking bot; https://serpstatbot.com/; abuse@serpstatbot.com)"
144.76.68.14 - - [15/Nov/2022:04:48:25 +0100] "GET /uploads/Main/577_Email_an_jelena.majstorovic_9.2.2010.txt HTTP/1.1" 200 4568 "-" "serpstatbot/2.1 (advanced backlink tracking bot; https://serpstatbot.com/; abuse@serpstatbot.com)"
144.76.68.14 - - [15/Nov/2022:04:49:00 +0100] "GET /uploads/Main/529_Email_an_Stockmeyer_14.7.2009.txt HTTP/1.1" 200 1858 "-" "serpstatbot/2.1 (advanced backlink tracking bot; https://serpstatbot.com/; abuse@serpstatbot.com)"
144.76.68.14 - - [15/Nov/2022:04:49:38 +0100] "GET /uploads/Main/465_Email_an_gertrud.fonatsch_9.3.2009.txt HTTP/1.1" 200 2888 "-" "serpstatbot/2.1 (advanced backlink tracking bot; https://serpstatbot.com/; abuse@serpstatbot.com)"
144.76.68.14 - - [15/Nov/2022:04:50:15 +0100] "GET /uploads/Main/433_Email_an_samuel.aeschbacher_19.1.2009.txt HTTP/1.1" 200 5382 "-" "serpstatbot/2.1 (advanced backlink tracking bot; https://serpstatbot.com/; abuse@serpstatbot.com)"
144.76.68.14 - - [15/Nov/2022:04:51:27 +0100] "GET /Ywesee/SpezialisierteKrankenkasse HTTP/1.1" 200 14829 "-" "serpstatbot/2.1 (advanced backlink tracking bot; https://serpstatbot.com/; abuse@serpstatbot.com)"
144.76.68.14 - - [15/Nov/2022:04:52:13 +0100] "GET /Main/2011?n=Main.SideBar%3Faction%3Dedit HTTP/1.1" 302 157 "-" "serpstatbot/2.1 (advanced backlink tracking bot; https://serpstatbot.com/; abuse@serpstatbot.com)"
51.103.123.174 - - [15/Nov/2022:04:52:16 +0100] "GET / HTTP/1.1" 200 13972 "-" "python-requests/2.27.1"
144.76.68.14 - - [15/Nov/2022:04:52:57 +0100] "GET /Main/2012?action=diff HTTP/1.1" 403 18 "-" "serpstatbot/2.1 (advanced backlink tracking bot; https://serpstatbot.com/; abuse@serpstatbot.com)"
144.76.68.14 - - [15/Nov/2022:04:53:42 +0100] "GET /Main/2012?action=edit HTTP/1.1" 403 18 "-" "serpstatbot/2.1 (advanced backlink tracking bot; https://serpstatbot.com/; abuse@serpstatbot.com)"
87.250.224.106 - - [15/Nov/2022:04:54:01 +0100] "GET /robots.txt HTTP/1.1" 200 - "-" "Mozilla/5.0 (compatible; YandexBot/3.0; +http://yandex.com/bots)"
87.250.224.106 - - [15/Nov/2022:04:54:04 +0100] "GET /Main/PharmacodeVsEancode HTTP/1.1" 200 13361 "-" "Mozilla/5.0 (compatible; YandexBot/3.0; +http://yandex.com/bots)"
144.76.68.14 - - [15/Nov/2022:04:54:22 +0100] "GET /Main/2012?action=print HTTP/1.1" 403 18 "-" "serpstatbot/2.1 (advanced backlink tracking bot; https://serpstatbot.com/; abuse@serpstatbot.com)"
144.76.68.14 - - [15/Nov/2022:04:55:05 +0100] "GET /Main/2012?action=upload HTTP/1.1" 403 18 "-" "serpstatbot/2.1 (advanced backlink tracking bot; https://serpstatbot.com/; abuse@serpstatbot.com)"
144.76.68.14 - - [15/Nov/2022:04:55:47 +0100] "GET /Main/2012?n=Main.SideBar%3Faction%3Dedit HTTP/1.1" 302 157 "-" "serpstatbot/2.1 (advanced backlink tracking bot; https://serpstatbot.com/; abuse@serpstatbot.com)"
51.222.253.6 - - [15/Nov/2022:04:56:12 +0100] "GET /robots.txt HTTP/1.1" 200 - "-" "Mozilla/5.0 (compatible; AhrefsBot/7.0; +http://ahrefs.com/robot/)"
144.76.68.14 - - [15/Nov/2022:04:56:26 +0100] "GET /Main/2013?action=diff HTTP/1.1" 403 18 "-" "serpstatbot/2.1 (advanced backlink tracking bot; https://serpstatbot.com/; abuse@serpstatbot.com)"
144.76.68.14 - - [15/Nov/2022:04:57:10 +0100] "GET /Main/2013?action=edit HTTP/1.1" 403 18 "-" "serpstatbot/2.1 (advanced backlink tracking bot; https://serpstatbot.com/; abuse@serpstatbot.com)"
144.76.68.14 - - [15/Nov/2022:04:57:27 +0100] "GET /pmwiki.php/Ywesee/SpezialisierteKrankenkasse HTTP/1.1" 200 14829 "-" "serpstatbot/2.1 (advanced backlink tracking bot; https://serpstatbot.com/; abuse@serpstatbot.com)"
144.76.68.14 - - [15/Nov/2022:04:57:51 +0100] "GET /Main/2013?action=print HTTP/1.1" 403 18 "-" "serpstatbot/2.1 (advanced backlink tracking bot; https://serpstatbot.com/; abuse@serpstatbot.com)"
144.76.68.14 - - [15/Nov/2022:04:58:18 +0100] "GET /pmwiki.php/Ywesee/InfoCodexSharepointPortal HTTP/1.1" 200 10168 "-" "serpstatbot/2.1 (advanced backlink tracking bot; https://serpstatbot.com/; abuse@serpstatbot.com)"
144.76.68.14 - - [15/Nov/2022:04:58:31 +0100] "GET /Main/2013?action=upload HTTP/1.1" 403 18 "-" "serpstatbot/2.1 (advanced backlink tracking bot; https://serpstatbot.com/; abuse@serpstatbot.com)"
144.76.68.14 - - [15/Nov/2022:04:59:09 +0100] "GET /Main/2013?n=Main.SideBar%3Faction%3Dedit HTTP/1.1" 302 157 "-" "serpstatbot/2.1 (advanced backlink tracking bot; https://serpstatbot.com/; abuse@serpstatbot.com)"
144.76.68.14 - - [15/Nov/2022:04:59:48 +0100] "GET /Main/2014?action=diff HTTP/1.1" 403 18 "-" "serpstatbot/2.1 (advanced backlink tracking bot; https://serpstatbot.com/; abuse@serpstatbot.com)"
223.240.101.111 - - [15/Nov/2022:05:00:05 +0100] "GET / HTTP/1.1" 200 13972 "http://www.ywesee.com" "Mozilla/5.0 (iPhone; CPU iPhone OS 13_2_3 like Mac OS X) AppleWebKit/605.1.15 (KHTML, like Gecko) Version/13.0.3 Mobile/15E148 Safari/604.1"
194.110.203.39 - - [15/Nov/2022:05:00:10 +0100] "GET /localhost_db.zip HTTP/1.1" 404 275 "-" "Firefox"
144.76.68.14 - - [15/Nov/2022:05:00:28 +0100] "GET /Main/2014?action=edit HTTP/1.1" 403 18 "-" "serpstatbot/2.1 (advanced backlink tracking bot; https://serpstatbot.com/; abuse@serpstatbot.com)"
216.244.66.200 - - [15/Nov/2022:05:01:06 +0100] "GET /robots.txt HTTP/1.1" 200 - "-" "Mozilla/5.0 (compatible; DotBot/1.2; +https://opensiteexplorer.org/dotbot; help@moz.com)"
144.76.68.14 - - [15/Nov/2022:05:01:09 +0100] "GET /Main/2014?action=print HTTP/1.1" 403 18 "-" "serpstatbot/2.1 (advanced backlink tracking bot; https://serpstatbot.com/; abuse@serpstatbot.com)"
144.76.68.14 - - [15/Nov/2022:05:01:47 +0100] "GET /Main/2014?action=upload HTTP/1.1" 403 18 "-" "serpstatbot/2.1 (advanced backlink tracking bot; https://serpstatbot.com/; abuse@serpstatbot.com)"
54.36.148.234 - - [15/Nov/2022:05:01:57 +0100] "GET /robots.txt HTTP/1.1" 200 - "-" "Mozilla/5.0 (compatible; AhrefsBot/7.0; +http://ahrefs.com/robot/)"
54.36.149.30 - - [15/Nov/2022:05:01:57 +0100] "GET /Main/OmixOcas HTTP/1.1" 200 8792 "-" "Mozilla/5.0 (compatible; AhrefsBot/7.0; +http://ahrefs.com/robot/)"
144.76.68.14 - - [15/Nov/2022:05:02:26 +0100] "GET /Main/2014?n=Main.SideBar%3Faction%3Dedit HTTP/1.1" 302 157 "-" "serpstatbot/2.1 (advanced backlink tracking bot; https://serpstatbot.com/; abuse@serpstatbot.com)"
144.76.68.14 - - [15/Nov/2022:05:03:04 +0100] "GET /Main/2015?action=diff HTTP/1.1" 403 18 "-" "serpstatbot/2.1 (advanced backlink tracking bot; https://serpstatbot.com/; abuse@serpstatbot.com)"
64.71.157.118 - - [15/Nov/2022:05:03:30 +0100] "GET /pmwiki.php/Site/AllRecentChanges?action=rss HTTP/1.1" 200 2548 "-" "Feedbin feed-id:590358 - 1 subscribers"
144.76.68.14 - - [15/Nov/2022:05:03:43 +0100] "GET /Main/2015?action=edit HTTP/1.1" 403 18 "-" "serpstatbot/2.1 (advanced backlink tracking bot; https://serpstatbot.com/; abuse@serpstatbot.com)"
144.76.68.14 - - [15/Nov/2022:05:04:20 +0100] "GET /Main/2015?action=print HTTP/1.1" 403 18 "-" "serpstatbot/2.1 (advanced backlink tracking bot; https://serpstatbot.com/; abuse@serpstatbot.com)"
8.29.198.25 - - [15/Nov/2022:05:04:46 +0100] "GET /pmwiki.php/Site/AllRecentChanges?action=rss HTTP/1.1" 200 2548 "-" "Feedly/1.0 (+http://www.feedly.com/fetcher.html; 5 subscribers; like FeedFetcher-Google)"
144.76.68.14 - - [15/Nov/2022:05:05:00 +0100] "GET /Main/2015?action=upload HTTP/1.1" 403 18 "-" "serpstatbot/2.1 (advanced backlink tracking bot; https://serpstatbot.com/; abuse@serpstatbot.com)"
185.191.171.2 - - [15/Nov/2022:05:05:23 +0100] "GET /robots.txt HTTP/1.1" 200 - "-" "Mozilla/5.0 (compatible; SemrushBot/7~bl; +http://www.semrush.com/bot.html)"
185.191.171.43 - - [15/Nov/2022:05:05:25 +0100] "GET /pmwiki.php/Ywesee/InfoCodexVorgehen HTTP/1.1" 200 12716 "-" "Mozilla/5.0 (compatible; SemrushBot/7~bl; +http://www.semrush.com/bot.html)"
144.76.68.14 - - [15/Nov/2022:05:05:41 +0100] "GET /Main/2015?n=Main.SideBar%3Faction%3Dedit HTTP/1.1" 302 157 "-" "serpstatbot/2.1 (advanced backlink tracking bot; https://serpstatbot.com/; abuse@serpstatbot.com)"
144.76.68.14 - - [15/Nov/2022:05:06:20 +0100] "GET /Main/2016?action=diff HTTP/1.1" 403 18 "-" "serpstatbot/2.1 (advanced backlink tracking bot; https://serpstatbot.com/; abuse@serpstatbot.com)"
144.76.68.14 - - [15/Nov/2022:05:06:57 +0100] "GET /Main/2016?action=print HTTP/1.1" 403 18 "-" "serpstatbot/2.1 (advanced backlink tracking bot; https://serpstatbot.com/; abuse@serpstatbot.com)"
144.76.68.14 - - [15/Nov/2022:05:07:37 +0100] "GET /Main/Diovan HTTP/1.1" 200 9177 "-" "serpstatbot/2.1 (advanced backlink tracking bot; https://serpstatbot.com/; abuse@serpstatbot.com)"
144.76.68.14 - - [15/Nov/2022:05:08:19 +0100] "GET /Main/EPUB HTTP/1.1" 200 8338 "-" "serpstatbot/2.1 (advanced backlink tracking bot; https://serpstatbot.com/; abuse@serpstatbot.com)"
144.76.68.14 - - [15/Nov/2022:05:08:57 +0100] "GET /Main/Linux HTTP/1.1" 200 9133 "-" "serpstatbot/2.1 (advanced backlink tracking bot; https://serpstatbot.com/; abuse@serpstatbot.com)"
144.76.68.14 - - [15/Nov/2022:05:09:36 +0100] "GET /Main/MayoClinic?action=upload HTTP/1.1" 403 18 "-" "serpstatbot/2.1 (advanced backlink tracking bot; https://serpstatbot.com/; abuse@serpstatbot.com)"
144.76.68.14 - - [15/Nov/2022:05:10:12 +0100] "GET /Main/MediStammdatenKostenSchweiz HTTP/1.1" 200 10264 "-" "serpstatbot/2.1 (advanced backlink tracking bot; https://serpstatbot.com/; abuse@serpstatbot.com)"
144.76.68.14 - - [15/Nov/2022:05:10:48 +0100] "GET /Main/NZZ?n=Main.SideBar%3Faction%3Dedit HTTP/1.1" 302 157 "-" "serpstatbot/2.1 (advanced backlink tracking bot; https://serpstatbot.com/; abuse@serpstatbot.com)"
144.76.68.14 - - [15/Nov/2022:05:11:27 +0100] "GET /Main/OmixOcas HTTP/1.1" 200 8792 "-" "serpstatbot/2.1 (advanced backlink tracking bot; https://serpstatbot.com/; abuse@serpstatbot.com)"
144.76.68.14 - - [15/Nov/2022:05:12:03 +0100] "GET /Main/Parsen?action=diff HTTP/1.1" 403 18 "-" "serpstatbot/2.1 (advanced backlink tracking bot; https://serpstatbot.com/; abuse@serpstatbot.com)"
144.76.68.14 - - [15/Nov/2022:05:12:42 +0100] "GET /Main/Parsen?action=edit HTTP/1.1" 403 18 "-" "serpstatbot/2.1 (advanced backlink tracking bot; https://serpstatbot.com/; abuse@serpstatbot.com)"
144.76.68.14 - - [15/Nov/2022:05:13:17 +0100] "GET /Main/Parsen?action=upload HTTP/1.1" 403 18 "-" "serpstatbot/2.1 (advanced backlink tracking bot; https://serpstatbot.com/; abuse@serpstatbot.com)"
194.209.200.2 - - [15/Nov/2022:05:13:53 +0100] "GET /robots.txt HTTP/1.1" 200 - "-" "Mozilla/5.0 (compatible; TMMBot/0.2; +http://www.dslab.ch)/Nutch-1.15"
194.209.200.2 - - [15/Nov/2022:05:13:53 +0100] "GET /Software/YDIM HTTP/1.1" 200 8834 "-" "Mozilla/5.0 (compatible; TMMBot/0.2; +http://www.dslab.ch)/Nutch-1.15"
144.76.68.14 - - [15/Nov/2022:05:13:56 +0100] "GET /Main/Parsen?n=Main.SideBar%3Faction%3Dedit HTTP/1.1" 302 157 "-" "serpstatbot/2.1 (advanced backlink tracking bot; https://serpstatbot.com/; abuse@serpstatbot.com)"
144.76.68.14 - - [15/Nov/2022:05:14:34 +0100] "GET /Main/PharmacodeVsEancode?action=diff HTTP/1.1" 403 18 "-" "serpstatbot/2.1 (advanced backlink tracking bot; https://serpstatbot.com/; abuse@serpstatbot.com)"
194.209.200.2 - - [15/Nov/2022:05:15:10 +0100] "GET /ODDB/IndividuelleMediliste HTTP/1.1" 200 9139 "-" "Mozilla/5.0 (compatible; TMMBot/0.2; +http://www.dslab.ch)/Nutch-1.15"
144.76.68.14 - - [15/Nov/2022:05:15:11 +0100] "GET /Main/Phostal HTTP/1.1" 200 8927 "-" "serpstatbot/2.1 (advanced backlink tracking bot; https://serpstatbot.com/; abuse@serpstatbot.com)"
194.209.200.2 - - [15/Nov/2022:05:15:17 +0100] "GET /Main/2008 HTTP/1.1" 200 34740 "-" "Mozilla/5.0 (compatible; TMMBot/0.2; +http://www.dslab.ch)/Nutch-1.15"
194.209.200.2 - - [15/Nov/2022:05:15:25 +0100] "GET /Main/2006 HTTP/1.1" 200 39320 "-" "Mozilla/5.0 (compatible; TMMBot/0.2; +http://www.dslab.ch)/Nutch-1.15"
194.209.200.2 - - [15/Nov/2022:05:15:34 +0100] "GET /Main/2004 HTTP/1.1" 200 14080 "-" "Mozilla/5.0 (compatible; TMMBot/0.2; +http://www.dslab.ch)/Nutch-1.15"
194.209.200.2 - - [15/Nov/2022:05:15:38 +0100] "GET /Main/2017 HTTP/1.1" 200 15840 "-" "Mozilla/5.0 (compatible; TMMBot/0.2; +http://www.dslab.ch)/Nutch-1.15"
144.76.68.14 - - [15/Nov/2022:05:15:49 +0100] "GET /Main/PublicDomainDataLife-Cycle HTTP/1.1" 200 8634 "-" "serpstatbot/2.1 (advanced backlink tracking bot; https://serpstatbot.com/; abuse@serpstatbot.com)"
194.209.200.2 - - [15/Nov/2022:05:16:09 +0100] "GET /Ywesee/Kontakt HTTP/1.1" 200 8973 "-" "Mozilla/5.0 (compatible; TMMBot/0.2; +http://www.dslab.ch)/Nutch-1.15"
144.76.68.14 - - [15/Nov/2022:05:16:26 +0100] "GET /ODDB/FachinfoAlsEbook?action=edit HTTP/1.1" 403 18 "-" "serpstatbot/2.1 (advanced backlink tracking bot; https://serpstatbot.com/; abuse@serpstatbot.com)"
194.209.200.2 - - [15/Nov/2022:05:16:37 +0100] "GET /AmiKo/OSX HTTP/1.1" 200 9772 "-" "Mozilla/5.0 (compatible; TMMBot/0.2; +http://www.dslab.ch)/Nutch-1.15"
144.76.68.14 - - [15/Nov/2022:05:17:02 +0100] "GET /ODDB/FachinfoAlsEbook?action=print HTTP/1.1" 403 18 "-" "serpstatbot/2.1 (advanced backlink tracking bot; https://serpstatbot.com/; abuse@serpstatbot.com)"
194.209.200.2 - - [15/Nov/2022:05:17:12 +0100] "GET /robots.txt HTTP/1.1" 200 - "-" "Mozilla/5.0 (compatible; TMMBot/0.2; +http://www.dslab.ch)/Nutch-1.15"
144.76.68.14 - - [15/Nov/2022:05:17:40 +0100] "GET /PublicDomain/StammdatenFR HTTP/1.1" 200 10865 "-" "serpstatbot/2.1 (advanced backlink tracking bot; https://serpstatbot.com/; abuse@serpstatbot.com)"
194.209.200.2 - - [15/Nov/2022:05:17:47 +0100] "GET /Generikacc/App HTTP/1.1" 200 11862 "-" "Mozilla/5.0 (compatible; TMMBot/0.2; +http://www.dslab.ch)/Nutch-1.15"
144.76.68.14 - - [15/Nov/2022:05:18:15 +0100] "GET /Refdata/LoeschungFelder HTTP/1.1" 200 9814 "-" "serpstatbot/2.1 (advanced backlink tracking bot; https://serpstatbot.com/; abuse@serpstatbot.com)"
194.209.200.2 - - [15/Nov/2022:05:18:26 +0100] "GET /Ywesee/OpenSource HTTP/1.1" 200 10790 "-" "Mozilla/5.0 (compatible; TMMBot/0.2; +http://www.dslab.ch)/Nutch-1.15"
144.76.68.14 - - [15/Nov/2022:05:18:54 +0100] "GET /Swissmedic/AIPSXml HTTP/1.1" 200 8903 "-" "serpstatbot/2.1 (advanced backlink tracking bot; https://serpstatbot.com/; abuse@serpstatbot.com)"
194.209.200.2 - - [15/Nov/2022:05:19:12 +0100] "GET /Main/2005 HTTP/1.1" 200 63344 "-" "Mozilla/5.0 (compatible; TMMBot/0.2; +http://www.dslab.ch)/Nutch-1.15"
144.76.68.14 - - [15/Nov/2022:05:19:29 +0100] "GET /Swissmedic/Packungen HTTP/1.1" 200 9799 "-" "serpstatbot/2.1 (advanced backlink tracking bot; https://serpstatbot.com/; abuse@serpstatbot.com)"
194.209.200.2 - - [15/Nov/2022:05:19:42 +0100] "GET /Main/2010 HTTP/1.1" 200 27997 "-" "Mozilla/5.0 (compatible; TMMBot/0.2; +http://www.dslab.ch)/Nutch-1.15"
194.209.200.2 - - [15/Nov/2022:05:19:50 +0100] "GET /Eggze/SpreadIt HTTP/1.1" 200 12537 "-" "Mozilla/5.0 (compatible; TMMBot/0.2; +http://www.dslab.ch)/Nutch-1.15"
194.209.200.2 - - [15/Nov/2022:05:19:59 +0100] "GET /Ywesee/About HTTP/1.1" 200 9132 "-" "Mozilla/5.0 (compatible; TMMBot/0.2; +http://www.dslab.ch)/Nutch-1.15"
144.76.68.14 - - [15/Nov/2022:05:20:07 +0100] "GET /Swissmedic/PraeparatelisteMitWS HTTP/1.1" 200 9205 "-" "serpstatbot/2.1 (advanced backlink tracking bot; https://serpstatbot.com/; abuse@serpstatbot.com)"
144.76.68.14 - - [15/Nov/2022:05:20:46 +0100] "GET /Wiget/PhMPrescriber HTTP/1.1" 200 9312 "-" "serpstatbot/2.1 (advanced backlink tracking bot; https://serpstatbot.com/; abuse@serpstatbot.com)"
144.76.68.14 - - [15/Nov/2022:05:21:23 +0100] "GET /Ywesee/InfoCodexProximity HTTP/1.1" 200 9809 "-" "serpstatbot/2.1 (advanced backlink tracking bot; https://serpstatbot.com/; abuse@serpstatbot.com)"
144.76.68.14 - - [15/Nov/2022:05:22:41 +0100] "GET /Main/2011?action=edit HTTP/1.1" 403 18 "-" "serpstatbot/2.1 (advanced backlink tracking bot; https://serpstatbot.com/; abuse@serpstatbot.com)"
144.76.68.14 - - [15/Nov/2022:05:24:34 +0100] "GET /uploads/Main/Protokoll_Sitzung_24.4.2007_BAG.txt HTTP/1.1" 200 1204 "-" "serpstatbot/2.1 (advanced backlink tracking bot; https://serpstatbot.com/; abuse@serpstatbot.com)"
144.76.68.14 - - [15/Nov/2022:05:25:23 +0100] "GET /uploads/Main/148_An_Josef.Hunkeler_27.6.2005.txt HTTP/1.1" 200 1939 "-" "serpstatbot/2.1 (advanced backlink tracking bot; https://serpstatbot.com/; abuse@serpstatbot.com)"
144.76.68.14 - - [15/Nov/2022:05:26:11 +0100] "GET /uploads/Main/Fragen_Weko_Swisscom_Directories.txt HTTP/1.1" 200 4791 "-" "serpstatbot/2.1 (advanced backlink tracking bot; https://serpstatbot.com/; abuse@serpstatbot.com)"
144.76.68.14 - - [15/Nov/2022:05:26:56 +0100] "GET /MEDIupdateXML/Aerzte?n=Main.SideBar%3Faction%3Dedit HTTP/1.1" 302 157 "-" "serpstatbot/2.1 (advanced backlink tracking bot; https://serpstatbot.com/; abuse@serpstatbot.com)"
144.76.68.14 - - [15/Nov/2022:05:27:44 +0100] "GET /uploads/Main/117_Email_an_Franz.Schneller_13.6.2005.txt HTTP/1.1" 200 2784 "-" "serpstatbot/2.1 (advanced backlink tracking bot; https://serpstatbot.com/; abuse@serpstatbot.com)"
144.76.68.14 - - [15/Nov/2022:05:28:32 +0100] "GET /uploads/Main/An_Bangerter_8.4.2005.txt HTTP/1.1" 200 4800 "-" "serpstatbot/2.1 (advanced backlink tracking bot; https://serpstatbot.com/; abuse@serpstatbot.com)"
144.76.68.14 - - [15/Nov/2022:05:29:16 +0100] "GET /uploads/Main/10_verbesserte_EAN-Codes_4.10.2005.txt HTTP/1.1" 200 50042 "-" "serpstatbot/2.1 (advanced backlink tracking bot; https://serpstatbot.com/; abuse@serpstatbot.com)"
144.76.68.14 - - [15/Nov/2022:05:29:25 +0100] "GET /pmwiki.php/Ywesee/HTC HTTP/1.1" 404 8353 "-" "serpstatbot/2.1 (advanced backlink tracking bot; https://serpstatbot.com/; abuse@serpstatbot.com)"
144.76.68.14 - - [15/Nov/2022:05:30:03 +0100] "GET /Ywesee/XMLFachinfoValidierung HTTP/1.1" 200 10956 "-" "serpstatbot/2.1 (advanced backlink tracking bot; https://serpstatbot.com/; abuse@serpstatbot.com)"
144.76.68.14 - - [15/Nov/2022:05:30:51 +0100] "GET /Ywesee/Kindle HTTP/1.1" 200 8384 "-" "serpstatbot/2.1 (advanced backlink tracking bot; https://serpstatbot.com/; abuse@serpstatbot.com)"
144.76.68.14 - - [15/Nov/2022:05:31:35 +0100] "GET /uploads/Main/An_Bangerter_18.4.2005.txt HTTP/1.1" 200 14725 "-" "serpstatbot/2.1 (advanced backlink tracking bot; https://serpstatbot.com/; abuse@serpstatbot.com)"
144.76.68.14 - - [15/Nov/2022:05:31:41 +0100] "GET /pmwiki.php HTTP/1.1" 200 13972 "-" "serpstatbot/2.1 (advanced backlink tracking bot; https://serpstatbot.com/; abuse@serpstatbot.com)"
144.76.68.14 - - [15/Nov/2022:05:32:23 +0100] "GET /uploads/Main/An_Bangerter_10.4.2005.txt HTTP/1.1" 200 11017 "-" "serpstatbot/2.1 (advanced backlink tracking bot; https://serpstatbot.com/; abuse@serpstatbot.com)"
144.76.68.14 - - [15/Nov/2022:05:33:10 +0100] "GET /uploads/Main/An_Balsiger_4.2.2008.txt HTTP/1.1" 200 1550 "-" "serpstatbot/2.1 (advanced backlink tracking bot; https://serpstatbot.com/; abuse@serpstatbot.com)"
144.76.68.14 - - [15/Nov/2022:05:33:57 +0100] "GET /uploads/Main/An_Baehler_9.9.2005_5.txt HTTP/1.1" 200 1855 "-" "serpstatbot/2.1 (advanced backlink tracking bot; https://serpstatbot.com/; abuse@serpstatbot.com)"
144.76.68.14 - - [15/Nov/2022:05:34:42 +0100] "GET /uploads/Main/An_Baehler_9.9.2005_4.txt HTTP/1.1" 200 7496 "-" "serpstatbot/2.1 (advanced backlink tracking bot; https://serpstatbot.com/; abuse@serpstatbot.com)"
144.76.68.14 - - [15/Nov/2022:05:35:28 +0100] "GET /uploads/Main/Keyaussagen_ywesee.txt HTTP/1.1" 200 1021 "-" "serpstatbot/2.1 (advanced backlink tracking bot; https://serpstatbot.com/; abuse@serpstatbot.com)"
62.210.215.119 - - [15/Nov/2022:05:35:58 +0100] "GET /Site/AllRecentChanges?action=rss HTTP/1.1" 200 2548 "-" "Mozilla/5.0 (X11; Linux i686) AppleWebKit/537.36 (KHTML, like Gecko) Chrome/30.0.1599.66 Safari/537.36"
144.76.68.14 - - [15/Nov/2022:05:36:15 +0100] "GET /uploads/Main/An_Baehler_9.9.2005_2.txt HTTP/1.1" 200 3433 "-" "serpstatbot/2.1 (advanced backlink tracking bot; https://serpstatbot.com/; abuse@serpstatbot.com)"
144.76.68.14 - - [15/Nov/2022:05:36:57 +0100] "GET /uploads/Main/An_Baehler_7.9.2005.txt HTTP/1.1" 200 2342 "-" "serpstatbot/2.1 (advanced backlink tracking bot; https://serpstatbot.com/; abuse@serpstatbot.com)"
144.76.68.14 - - [15/Nov/2022:05:37:44 +0100] "GET /uploads/Main/416_Rundmail_WEKO_1.2_23.5.2008.txt HTTP/1.1" 200 11450 "-" "serpstatbot/2.1 (advanced backlink tracking bot; https://serpstatbot.com/; abuse@serpstatbot.com)"
144.76.68.14 - - [15/Nov/2022:05:38:31 +0100] "GET /uploads/Main/392_Email_an_Samuel_Aeschbacher_27.3.2008.txt HTTP/1.1" 200 3104 "-" "serpstatbot/2.1 (advanced backlink tracking bot; https://serpstatbot.com/; abuse@serpstatbot.com)"
144.76.68.14 - - [15/Nov/2022:05:39:13 +0100] "GET /uploads/Main/366_Email_an_enea.martinelli_20.11.2007.txt HTTP/1.1" 200 8492 "-" "serpstatbot/2.1 (advanced backlink tracking bot; https://serpstatbot.com/; abuse@serpstatbot.com)"
64.71.157.123 - - [15/Nov/2022:05:39:28 +0100] "GET /pmwiki.php/Site/AllRecentChanges?action=rss HTTP/1.1" 200 2548 "-" "Feedbin feed-id:590358 - 1 subscribers"
144.76.68.14 - - [15/Nov/2022:05:39:55 +0100] "GET /uploads/Main/354_Email_an_WEKO_6.6.2007.txt HTTP/1.1" 200 4185 "-" "serpstatbot/2.1 (advanced backlink tracking bot; https://serpstatbot.com/; abuse@serpstatbot.com)"
144.76.68.14 - - [15/Nov/2022:05:40:40 +0100] "GET /uploads/Main/345_Email_an_peter.indra_13.2.2007.txt HTTP/1.1" 200 55157 "-" "serpstatbot/2.1 (advanced backlink tracking bot; https://serpstatbot.com/; abuse@serpstatbot.com)"
144.76.68.14 - - [15/Nov/2022:05:41:23 +0100] "GET /uploads/Main/344_Email_an_Andreas_Balsiger_12.2.2007.txt HTTP/1.1" 200 3584 "-" "serpstatbot/2.1 (advanced backlink tracking bot; https://serpstatbot.com/; abuse@serpstatbot.com)"
144.76.68.14 - - [15/Nov/2022:05:42:04 +0100] "GET /uploads/Main/341_Email_an_andreas.wildi_9.10.2006.txt HTTP/1.1" 200 3781 "-" "serpstatbot/2.1 (advanced backlink tracking bot; https://serpstatbot.com/; abuse@serpstatbot.com)"
144.76.68.14 - - [15/Nov/2022:05:42:48 +0100] "GET /uploads/Main/338_Email_an_hans-beat.jenny_9.10.2006.txt HTTP/1.1" 200 2596 "-" "serpstatbot/2.1 (advanced backlink tracking bot; https://serpstatbot.com/; abuse@serpstatbot.com)"
54.195.202.72 - - [15/Nov/2022:05:43:07 +0100] "GET /robots.txt HTTP/1.1" 200 - "-" "webprosbot/2.0 (+mailto:abuse-6337@webpros.com)"
