194.209.200.2 - - [07/Feb/2022:00:03:00 +0100] "GET /robots.txt HTTP/1.1" 200 - "-" "Mozilla/5.0 (compatible; TMMBot/0.2; +http://www.dslab.ch)/Nutch-1.15"
194.209.200.2 - - [07/Feb/2022:00:03:00 +0100] "GET / HTTP/1.1" 200 10756 "-" "Mozilla/5.0 (compatible; TMMBot/0.2; +http://www.dslab.ch)/Nutch-1.15"
66.249.66.215 - - [07/Feb/2022:00:10:48 +0100] "GET /de/gcc/fachinfo/reg/26891/chapter/packages HTTP/1.1" 404 305 "-" "Mozilla/5.0 (Linux; Android 6.0.1; Nexus 5X Build/MMB29P) AppleWebKit/537.36 (KHTML, like Gecko) Chrome/98.0.4758.80 Mobile Safari/537.36 (compatible; Googlebot/2.1; +http://www.google.com/bot.html)"
194.209.200.2 - - [07/Feb/2022:00:12:23 +0100] "GET /robots.txt HTTP/1.1" 200 - "-" "Mozilla/5.0 (compatible; TMMBot/0.2; +http://www.dslab.ch)/Nutch-1.15"
194.209.200.2 - - [07/Feb/2022:00:12:23 +0100] "GET /Software/SoftwareRaid HTTP/1.1" 200 12104 "-" "Mozilla/5.0 (compatible; TMMBot/0.2; +http://www.dslab.ch)/Nutch-1.15"
66.249.66.198 - - [07/Feb/2022:00:17:28 +0100] "GET / HTTP/1.1" 200 10756 "-" "Mozilla/5.0 (Linux; Android 6.0.1; Nexus 5X Build/MMB29P) AppleWebKit/537.36 (KHTML, like Gecko) Chrome/98.0.4758.80 Mobile Safari/537.36 (compatible; Googlebot/2.1; +http://www.google.com/bot.html)"
66.249.66.217 - - [07/Feb/2022:00:27:26 +0100] "GET /Ywesee/XMLFachinfoValidierung HTTP/1.1" 200 10956 "-" "Mozilla/5.0 (Linux; Android 6.0.1; Nexus 5X Build/MMB29P) AppleWebKit/537.36 (KHTML, like Gecko) Chrome/98.0.4758.80 Mobile Safari/537.36 (compatible; Googlebot/2.1; +http://www.google.com/bot.html)"
66.249.66.215 - - [07/Feb/2022:00:37:26 +0100] "GET /de/gcc/fachinfo/reg/26891/chapter/usage HTTP/1.1" 404 302 "-" "Mozilla/5.0 (Linux; Android 6.0.1; Nexus 5X Build/MMB29P) AppleWebKit/537.36 (KHTML, like Gecko) Chrome/98.0.4758.80 Mobile Safari/537.36 (compatible; Googlebot/2.1; +http://www.google.com/bot.html)"
66.249.66.219 - - [07/Feb/2022:00:47:34 +0100] "GET /Miele/MieleLXIV HTTP/1.1" 200 15367 "-" "Mozilla/5.0 (Linux; Android 6.0.1; Nexus 5X Build/MMB29P) AppleWebKit/537.36 (KHTML, like Gecko) Chrome/98.0.4758.80 Mobile Safari/537.36 (compatible; Googlebot/2.1; +http://www.google.com/bot.html)"
185.191.171.10 - - [07/Feb/2022:00:50:23 +0100] "GET /robots.txt HTTP/1.1" 200 - "-" "Mozilla/5.0 (compatible; SemrushBot/7~bl; +http://www.semrush.com/bot.html)"
185.191.171.13 - - [07/Feb/2022:00:50:23 +0100] "GET /Swissmedic/Packungen HTTP/1.1" 200 9799 "-" "Mozilla/5.0 (compatible; SemrushBot/7~bl; +http://www.semrush.com/bot.html)"
34.79.157.84 - - [07/Feb/2022:00:53:34 +0100] "HEAD / HTTP/1.1" 200 - "-" "Apache-HttpClient/4.5.5 (Java/11.0.9)"
65.108.128.54 - - [07/Feb/2022:00:55:44 +0100] "GET /robots.txt HTTP/1.1" 200 - "-" "Mozilla/5.0 (compatible; MJ12bot/v1.4.8; http://mj12bot.com/)"
65.108.128.54 - - [07/Feb/2022:00:55:48 +0100] "GET /MEDIupdateXML/Aerzte?action=edit HTTP/1.1" 403 18 "-" "Mozilla/5.0 (compatible; MJ12bot/v1.4.8; http://mj12bot.com/)"
65.108.128.54 - - [07/Feb/2022:00:56:02 +0100] "GET /Main/2018?action=edit HTTP/1.1" 403 18 "-" "Mozilla/5.0 (compatible; MJ12bot/v1.4.8; http://mj12bot.com/)"
65.108.128.54 - - [07/Feb/2022:00:56:06 +0100] "GET /Main/2020?action=edit HTTP/1.1" 403 18 "-" "Mozilla/5.0 (compatible; MJ12bot/v1.4.8; http://mj12bot.com/)"
65.108.128.54 - - [07/Feb/2022:00:56:14 +0100] "GET /Main/AIPS-XML?action=edit HTTP/1.1" 403 18 "-" "Mozilla/5.0 (compatible; MJ12bot/v1.4.8; http://mj12bot.com/)"
65.108.128.54 - - [07/Feb/2022:00:56:36 +0100] "GET /Main/BagSlPreise?action=edit HTTP/1.1" 403 18 "-" "Mozilla/5.0 (compatible; MJ12bot/v1.4.8; http://mj12bot.com/)"
65.108.128.54 - - [07/Feb/2022:00:56:49 +0100] "GET /Main/Buchpublikationspflicht?action=edit HTTP/1.1" 403 18 "-" "Mozilla/5.0 (compatible; MJ12bot/v1.4.8; http://mj12bot.com/)"
65.108.128.54 - - [07/Feb/2022:00:57:20 +0100] "GET /Main/Diovan?action=edit HTTP/1.1" 403 18 "-" "Mozilla/5.0 (compatible; MJ12bot/v1.4.8; http://mj12bot.com/)"
66.249.66.215 - - [07/Feb/2022:00:57:26 +0100] "GET /Swissmedic/AIPS HTTP/1.1" 200 12374 "-" "Mozilla/5.0 (Linux; Android 6.0.1; Nexus 5X Build/MMB29P) AppleWebKit/537.36 (KHTML, like Gecko) Chrome/98.0.4758.80 Mobile Safari/537.36 (compatible; Googlebot/2.1; +http://www.google.com/bot.html)"
65.108.128.54 - - [07/Feb/2022:00:57:30 +0100] "GET /Main/DocumedGalenicaVsYwesee?action=edit HTTP/1.1" 403 18 "-" "Mozilla/5.0 (compatible; MJ12bot/v1.4.8; http://mj12bot.com/)"
65.108.128.54 - - [07/Feb/2022:00:57:40 +0100] "GET /Main/EANCode?action=edit HTTP/1.1" 403 18 "-" "Mozilla/5.0 (compatible; MJ12bot/v1.4.8; http://mj12bot.com/)"
65.108.128.54 - - [07/Feb/2022:00:57:49 +0100] "GET /Main/EPUB?action=edit HTTP/1.1" 403 18 "-" "Mozilla/5.0 (compatible; MJ12bot/v1.4.8; http://mj12bot.com/)"
65.108.128.54 - - [07/Feb/2022:00:57:58 +0100] "GET /Main/Elexis?action=edit HTTP/1.1" 403 18 "-" "Mozilla/5.0 (compatible; MJ12bot/v1.4.8; http://mj12bot.com/)"
65.108.128.54 - - [07/Feb/2022:00:58:06 +0100] "GET /Main/ExtremeProgramming?action=edit HTTP/1.1" 403 18 "-" "Mozilla/5.0 (compatible; MJ12bot/v1.4.8; http://mj12bot.com/)"
65.108.128.54 - - [07/Feb/2022:00:58:15 +0100] "GET /Main/FAZ?action=edit HTTP/1.1" 403 18 "-" "Mozilla/5.0 (compatible; MJ12bot/v1.4.8; http://mj12bot.com/)"
65.108.128.54 - - [07/Feb/2022:00:58:25 +0100] "GET /Main/FMH?action=edit HTTP/1.1" 403 18 "-" "Mozilla/5.0 (compatible; MJ12bot/v1.4.8; http://mj12bot.com/)"
65.108.128.54 - - [07/Feb/2022:00:58:36 +0100] "GET /Main/ForderungstabelleSpezialitaetenliste?action=edit HTTP/1.1" 403 18 "-" "Mozilla/5.0 (compatible; MJ12bot/v1.4.8; http://mj12bot.com/)"
65.108.128.54 - - [07/Feb/2022:00:59:01 +0100] "GET /Main/Gtin2atc?action=edit HTTP/1.1" 403 18 "-" "Mozilla/5.0 (compatible; MJ12bot/v1.4.8; http://mj12bot.com/)"
65.108.128.54 - - [07/Feb/2022:00:59:08 +0100] "GET /Main/HirslandenProfessional?action=edit HTTP/1.1" 403 18 "-" "Mozilla/5.0 (compatible; MJ12bot/v1.4.8; http://mj12bot.com/)"
65.108.128.54 - - [07/Feb/2022:01:00:12 +0100] "GET /Main/IPhone?action=edit HTTP/1.1" 403 18 "-" "Mozilla/5.0 (compatible; MJ12bot/v1.4.8; http://mj12bot.com/)"
65.108.128.54 - - [07/Feb/2022:01:00:16 +0100] "GET /Main/Index?action=edit HTTP/1.1" 403 18 "-" "Mozilla/5.0 (compatible; MJ12bot/v1.4.8; http://mj12bot.com/)"
65.108.128.54 - - [07/Feb/2022:01:00:26 +0100] "GET /Main/Kolumne?action=edit HTTP/1.1" 403 18 "-" "Mozilla/5.0 (compatible; MJ12bot/v1.4.8; http://mj12bot.com/)"
65.108.128.54 - - [07/Feb/2022:01:01:21 +0100] "GET /Main/Legende?action=edit HTTP/1.1" 403 18 "-" "Mozilla/5.0 (compatible; MJ12bot/v1.4.8; http://mj12bot.com/)"
65.108.128.54 - - [07/Feb/2022:01:01:39 +0100] "GET /Main/Linux?action=edit HTTP/1.1" 403 18 "-" "Mozilla/5.0 (compatible; MJ12bot/v1.4.8; http://mj12bot.com/)"
65.108.128.54 - - [07/Feb/2022:01:01:50 +0100] "GET /Main/MayoClinic?action=edit HTTP/1.1" 403 18 "-" "Mozilla/5.0 (compatible; MJ12bot/v1.4.8; http://mj12bot.com/)"
65.108.128.54 - - [07/Feb/2022:01:02:09 +0100] "GET /Main/MediStammdatenKostenSchweiz?action=edit HTTP/1.1" 403 18 "-" "Mozilla/5.0 (compatible; MJ12bot/v1.4.8; http://mj12bot.com/)"
65.108.128.54 - - [07/Feb/2022:01:02:21 +0100] "GET /Main/MiGel?action=edit HTTP/1.1" 403 18 "-" "Mozilla/5.0 (compatible; MJ12bot/v1.4.8; http://mj12bot.com/)"
65.108.128.54 - - [07/Feb/2022:01:02:49 +0100] "GET /Main/SocialMedia?action=edit HTTP/1.1" 403 18 "-" "Mozilla/5.0 (compatible; MJ12bot/v1.4.8; http://mj12bot.com/)"
65.108.128.54 - - [07/Feb/2022:01:03:26 +0100] "GET /Main/WekoBlog?action=edit HTTP/1.1" 403 18 "-" "Mozilla/5.0 (compatible; MJ12bot/v1.4.8; http://mj12bot.com/)"
65.108.128.54 - - [07/Feb/2022:01:03:35 +0100] "GET /Main/WekoBlogAntragAufErweiterung?action=edit HTTP/1.1" 403 18 "-" "Mozilla/5.0 (compatible; MJ12bot/v1.4.8; http://mj12bot.com/)"
65.108.128.54 - - [07/Feb/2022:01:03:51 +0100] "GET /Main/Xls2odat?action=edit HTTP/1.1" 403 18 "-" "Mozilla/5.0 (compatible; MJ12bot/v1.4.8; http://mj12bot.com/)"
65.108.128.54 - - [07/Feb/2022:01:04:01 +0100] "GET /Miele/History?action=edit HTTP/1.1" 403 18 "-" "Mozilla/5.0 (compatible; MJ12bot/v1.4.8; http://mj12bot.com/)"
65.108.128.54 - - [07/Feb/2022:01:04:05 +0100] "GET /Miele/Index?action=edit HTTP/1.1" 403 18 "-" "Mozilla/5.0 (compatible; MJ12bot/v1.4.8; http://mj12bot.com/)"
65.108.128.54 - - [07/Feb/2022:01:04:09 +0100] "GET /Miele/MieleLXIV?action=edit HTTP/1.1" 403 18 "-" "Mozilla/5.0 (compatible; MJ12bot/v1.4.8; http://mj12bot.com/)"
65.108.128.54 - - [07/Feb/2022:01:04:16 +0100] "GET /Miele/MieleLXIVScreenshots?action=edit HTTP/1.1" 403 18 "-" "Mozilla/5.0 (compatible; MJ12bot/v1.4.8; http://mj12bot.com/)"
65.108.128.54 - - [07/Feb/2022:01:04:39 +0100] "GET /Newsletter/10052017?action=edit HTTP/1.1" 403 18 "-" "Mozilla/5.0 (compatible; MJ12bot/v1.4.8; http://mj12bot.com/)"
65.108.128.54 - - [07/Feb/2022:01:05:10 +0100] "GET /ODDB/BVGER?action=edit HTTP/1.1" 403 18 "-" "Mozilla/5.0 (compatible; MJ12bot/v1.4.8; http://mj12bot.com/)"
65.108.128.54 - - [07/Feb/2022:01:05:15 +0100] "GET /ODDB/FachinfoAlsEbook?action=edit HTTP/1.1" 403 18 "-" "Mozilla/5.0 (compatible; MJ12bot/v1.4.8; http://mj12bot.com/)"
65.108.128.54 - - [07/Feb/2022:01:05:34 +0100] "GET /ODDB/Index?action=edit HTTP/1.1" 403 18 "-" "Mozilla/5.0 (compatible; MJ12bot/v1.4.8; http://mj12bot.com/)"
65.108.128.54 - - [07/Feb/2022:01:05:48 +0100] "GET /ODDB/IndividuelleMediliste?action=edit HTTP/1.1" 403 18 "-" "Mozilla/5.0 (compatible; MJ12bot/v1.4.8; http://mj12bot.com/)"
65.108.128.54 - - [07/Feb/2022:01:05:57 +0100] "GET /ODDB/IntegrationLookAmpFeelGenerikasuche?action=edit HTTP/1.1" 403 18 "-" "Mozilla/5.0 (compatible; MJ12bot/v1.4.8; http://mj12bot.com/)"
65.108.128.54 - - [07/Feb/2022:01:06:09 +0100] "GET /ODDB/Interaktionen?action=edit HTTP/1.1" 403 18 "-" "Mozilla/5.0 (compatible; MJ12bot/v1.4.8; http://mj12bot.com/)"
65.108.128.54 - - [07/Feb/2022:01:06:25 +0100] "GET /ODDB/InteraktionenEphaHighDDI?action=edit HTTP/1.1" 403 18 "-" "Mozilla/5.0 (compatible; MJ12bot/v1.4.8; http://mj12bot.com/)"
65.108.128.54 - - [07/Feb/2022:01:06:48 +0100] "GET /ODDB/MD?action=edit HTTP/1.1" 403 18 "-" "Mozilla/5.0 (compatible; MJ12bot/v1.4.8; http://mj12bot.com/)"
65.108.128.54 - - [07/Feb/2022:01:07:05 +0100] "GET /ODDB/ODDBxml?action=edit HTTP/1.1" 403 18 "-" "Mozilla/5.0 (compatible; MJ12bot/v1.4.8; http://mj12bot.com/)"
65.108.128.54 - - [07/Feb/2022:01:07:16 +0100] "GET /ODDB/OddbDat?action=edit HTTP/1.1" 403 18 "-" "Mozilla/5.0 (compatible; MJ12bot/v1.4.8; http://mj12bot.com/)"
65.108.128.54 - - [07/Feb/2022:01:07:29 +0100] "GET /ODDB/Pharmakokinetik?action=edit HTTP/1.1" 403 18 "-" "Mozilla/5.0 (compatible; MJ12bot/v1.4.8; http://mj12bot.com/)"
65.108.128.54 - - [07/Feb/2022:01:07:42 +0100] "GET /ODDB/StammdatenCH?action=edit HTTP/1.1" 403 18 "-" "Mozilla/5.0 (compatible; MJ12bot/v1.4.8; http://mj12bot.com/)"
65.108.128.54 - - [07/Feb/2022:01:08:05 +0100] "GET /OSX/CoMed?action=edit HTTP/1.1" 403 18 "-" "Mozilla/5.0 (compatible; MJ12bot/v1.4.8; http://mj12bot.com/)"
65.108.128.54 - - [07/Feb/2022:01:08:20 +0100] "GET /Oddb/OpenSourceSoftwareUndDatenImSchweizerGesundheitswesen?action=edit HTTP/1.1" 403 18 "-" "Mozilla/5.0 (compatible; MJ12bot/v1.4.8; http://mj12bot.com/)"
65.108.128.54 - - [07/Feb/2022:01:08:40 +0100] "GET /Oddb2xml/Bemerkungen?action=edit HTTP/1.1" 403 18 "-" "Mozilla/5.0 (compatible; MJ12bot/v1.4.8; http://mj12bot.com/)"
65.108.128.54 - - [07/Feb/2022:01:08:48 +0100] "GET /Oddb2xml/DatenDownload?action=edit HTTP/1.1" 403 18 "-" "Mozilla/5.0 (compatible; MJ12bot/v1.4.8; http://mj12bot.com/)"
65.108.128.54 - - [07/Feb/2022:01:08:55 +0100] "GET /Oddb2xml/Felder?action=edit HTTP/1.1" 403 18 "-" "Mozilla/5.0 (compatible; MJ12bot/v1.4.8; http://mj12bot.com/)"
185.191.171.37 - - [07/Feb/2022:01:11:58 +0100] "GET /InfoCodex/Abstracts?n=Main.SideBar%3Faction%3Dedit HTTP/1.1" 302 157 "-" "Mozilla/5.0 (compatible; SemrushBot/7~bl; +http://www.semrush.com/bot.html)"
66.249.66.215 - - [07/Feb/2022:01:17:26 +0100] "GET /Ywesee/About HTTP/1.1" 200 9132 "-" "Mozilla/5.0 (Linux; Android 6.0.1; Nexus 5X Build/MMB29P) AppleWebKit/537.36 (KHTML, like Gecko) Chrome/98.0.4758.80 Mobile Safari/537.36 (compatible; Googlebot/2.1; +http://www.google.com/bot.html)"
96.23.193.19 - - [07/Feb/2022:01:18:12 +0100] "GET /wp-login.php HTTP/1.1" 404 275 "-" "Mozilla/4.0 (compatible; MSIE 6.0; Windows NT 5.0)"
62.210.215.119 - - [07/Feb/2022:01:24:36 +0100] "GET /Site/AllRecentChanges?action=rss HTTP/1.1" 200 2546 "-" "Mozilla/5.0 (X11; Linux i686) AppleWebKit/537.36 (KHTML, like Gecko) Chrome/30.0.1599.66 Safari/537.36"
3.82.235.5 - - [07/Feb/2022:01:25:16 +0100] "GET /robots.txt HTTP/1.1" 200 - "-" "MauiBot (crawler.feedback+gamma@gmail.com)"
66.249.66.219 - - [07/Feb/2022:01:27:27 +0100] "GET /Ywesee/InfoCodex HTTP/1.1" 200 24435 "-" "Mozilla/5.0 (Linux; Android 6.0.1; Nexus 5X Build/MMB29P) AppleWebKit/537.36 (KHTML, like Gecko) Chrome/98.0.4758.80 Mobile Safari/537.36 (compatible; Googlebot/2.1; +http://www.google.com/bot.html)"
66.249.66.219 - - [07/Feb/2022:01:37:27 +0100] "GET /Ywesee/XMLFachinfoValidierung HTTP/1.1" 200 10956 "-" "Mozilla/5.0 (compatible; Googlebot/2.1; +http://www.google.com/bot.html)"
202.244.174.148 - - [07/Feb/2022:01:46:42 +0100] "GET /Miele/MieleLXIV HTTP/1.1" 200 15367 "https://medevel.com/miele-lxiv-dicom-macosx/" "Mozilla/5.0 (Macintosh; Intel Mac OS X 10_15_7) AppleWebKit/537.36 (KHTML, like Gecko) Chrome/98.0.4758.80 Safari/537.36"
202.244.174.148 - - [07/Feb/2022:01:46:43 +0100] "GET /pub/skins/ywesee/gila.css HTTP/1.1" 200 8276 "https://www.ywesee.com/Miele/MieleLXIV" "Mozilla/5.0 (Macintosh; Intel Mac OS X 10_15_7) AppleWebKit/537.36 (KHTML, like Gecko) Chrome/98.0.4758.80 Safari/537.36"
202.244.174.148 - - [07/Feb/2022:01:46:43 +0100] "GET /favicon.ico HTTP/1.1" 200 1406 "https://www.ywesee.com/Miele/MieleLXIV" "Mozilla/5.0 (Macintosh; Intel Mac OS X 10_15_7) AppleWebKit/537.36 (KHTML, like Gecko) Chrome/98.0.4758.80 Safari/537.36"
108.59.8.70 - - [07/Feb/2022:01:48:51 +0100] "GET /robots.txt HTTP/1.1" 200 - "-" "Mozilla/5.0 (compatible; MJ12bot/v1.4.8; http://mj12bot.com/)"
108.59.8.70 - - [07/Feb/2022:01:48:53 +0100] "GET / HTTP/1.1" 200 10756 "-" "Mozilla/5.0 (compatible; MJ12bot/v1.4.8; http://mj12bot.com/)"
66.249.66.215 - - [07/Feb/2022:02:07:27 +0100] "GET /Oddb2xml/Bemerkungen HTTP/1.1" 200 10553 "-" "Mozilla/5.0 (Linux; Android 6.0.1; Nexus 5X Build/MMB29P) AppleWebKit/537.36 (KHTML, like Gecko) Chrome/98.0.4758.80 Mobile Safari/537.36 (compatible; Googlebot/2.1; +http://www.google.com/bot.html)"
66.249.66.217 - - [07/Feb/2022:02:17:27 +0100] "GET /SpitalSchweiz/AnzahlOperationssaele2012 HTTP/1.1" 200 9415 "-" "Mozilla/5.0 (Linux; Android 6.0.1; Nexus 5X Build/MMB29P) AppleWebKit/537.36 (KHTML, like Gecko) Chrome/98.0.4758.80 Mobile Safari/537.36 (compatible; Googlebot/2.1; +http://www.google.com/bot.html)"
89.246.241.14 - - [07/Feb/2022:02:33:55 +0100] "GET / HTTP/1.1" 200 10756 "-" "Mozilla/5.0 (Windows NT 10.0; Win64; x64; rv:84.0) Gecko/20100101 Firefox/84.0"
89.246.241.14 - - [07/Feb/2022:02:34:05 +0100] "GET /Main/Home?action=diff HTTP/1.1" 200 535530 "-" "Mozilla/5.0 (Windows NT 10.0; Win64; x64; rv:84.0) Gecko/20100101 Firefox/84.0"
77.88.5.236 - - [07/Feb/2022:02:37:25 +0100] "GET / HTTP/1.1" 200 10756 "-" "Mozilla/5.0 (compatible; YandexBot/3.0; +http://yandex.com/bots)"
185.191.171.10 - - [07/Feb/2022:02:47:18 +0100] "GET /robots.txt HTTP/1.1" 200 - "-" "Mozilla/5.0 (compatible; SemrushBot/7~bl; +http://www.semrush.com/bot.html)"
185.191.171.24 - - [07/Feb/2022:02:47:19 +0100] "GET /Main/2015 HTTP/1.1" 200 15908 "-" "Mozilla/5.0 (compatible; SemrushBot/7~bl; +http://www.semrush.com/bot.html)"
61.147.15.67 - - [07/Feb/2022:02:48:20 +0100] "GET / HTTP/1.1" 200 10756 "-" "Dalvik/2.1.0 (Linux; U; Android 9.0; ZTE BA520 Build/MRA58K)"
61.147.15.67 - - [07/Feb/2022:02:49:18 +0100] "GET / HTTP/1.1" 200 10756 "-" "Mozilla/5.0 (Macintosh; Intel Mac OS X 10_11) AppleWebKit/601.1.27 (KHTML, like Gecko) Chrome/47.0.2526.106 Safari/601.1.27"
61.147.15.67 - - [07/Feb/2022:02:49:23 +0100] "GET / HTTP/1.1" 200 10756 "-" "Dalvik/2.1.0 (Linux; U; Android 9.0; ZTE BA520 Build/MRA58K)"
61.147.15.67 - - [07/Feb/2022:02:49:26 +0100] "GET / HTTP/1.1" 200 10756 "-" "Mozilla/5.0 (Macintosh; Intel Mac OS X 10_11) AppleWebKit/601.1.27 (KHTML, like Gecko) Chrome/47.0.2526.106 Safari/601.1.27"
67.149.113.177 - - [07/Feb/2022:03:05:25 +0100] "GET / HTTP/1.1" 200 10756 "-" "Mozilla/5.0 (compatible; MSIE 9.0; Windows NT 6.1; WOW64; Trident/5.0)"
66.249.66.215 - - [07/Feb/2022:03:13:01 +0100] "GET /Main/2021 HTTP/1.1" 200 16484 "-" "Mozilla/5.0 (Linux; Android 6.0.1; Nexus 5X Build/MMB29P) AppleWebKit/537.36 (KHTML, like Gecko) Chrome/98.0.4758.80 Mobile Safari/537.36 (compatible; Googlebot/2.1; +http://www.google.com/bot.html)"
167.114.209.104 - - [07/Feb/2022:03:14:09 +0100] "GET /robots.txt HTTP/1.1" 200 - "-" "Mozilla/5.0 (compatible; MJ12bot/v1.4.8; http://mj12bot.com/)"
167.114.209.104 - - [07/Feb/2022:03:14:11 +0100] "GET / HTTP/1.1" 200 10756 "-" "Mozilla/5.0 (compatible; MJ12bot/v1.4.8; http://mj12bot.com/)"
144.76.81.229 - - [07/Feb/2022:03:15:44 +0100] "GET /robots.txt HTTP/1.1" 200 - "-" "Mozilla/5.0 (compatible; MJ12bot/v1.4.8; http://mj12bot.com/)"
144.76.81.229 - - [07/Feb/2022:03:15:49 +0100] "GET / HTTP/1.1" 200 10756 "-" "Mozilla/5.0 (compatible; MJ12bot/v1.4.8; http://mj12bot.com/)"
177.220.172.236 - - [07/Feb/2022:03:23:11 +0100] "GET /Miele/MieleLXIV HTTP/1.1" 200 15367 "https://www.postdicom.com/" "Mozilla/5.0 (Macintosh; Intel Mac OS X 10_15_7) AppleWebKit/537.36 (KHTML, like Gecko) Chrome/97.0.4692.99 Safari/537.36"
177.220.172.236 - - [07/Feb/2022:03:23:11 +0100] "GET /pub/skins/ywesee/gila.css HTTP/1.1" 200 8276 "https://www.ywesee.com/Miele/MieleLXIV" "Mozilla/5.0 (Macintosh; Intel Mac OS X 10_15_7) AppleWebKit/537.36 (KHTML, like Gecko) Chrome/97.0.4692.99 Safari/537.36"
177.220.172.236 - - [07/Feb/2022:03:23:11 +0100] "GET /favicon.ico HTTP/1.1" 200 1406 "https://www.ywesee.com/Miele/MieleLXIV" "Mozilla/5.0 (Macintosh; Intel Mac OS X 10_15_7) AppleWebKit/537.36 (KHTML, like Gecko) Chrome/97.0.4692.99 Safari/537.36"
5.45.80.13 - - [07/Feb/2022:03:23:44 +0100] "GET /cache/doc.php HTTP/1.1" 404 272 "-" "Mozilla/5.0 (Windows NT 10.0; Win64; x64) AppleWebKit/537.36 (KHTML, like Gecko) Chrome/87.0.4280.141 Safari/537.36"
185.191.171.3 - - [07/Feb/2022:03:37:39 +0100] "GET /Miele/History?action=diff HTTP/1.1" 403 18 "-" "Mozilla/5.0 (compatible; SemrushBot/7~bl; +http://www.semrush.com/bot.html)"
49.7.20.106 - - [07/Feb/2022:03:41:39 +0100] "GET / HTTP/1.1" 200 10756 "-" "Sogou web spider/4.0(+http://www.sogou.com/docs/help/webmasters.htm#07)"
54.36.148.56 - - [07/Feb/2022:03:47:33 +0100] "GET /robots.txt HTTP/1.1" 200 - "-" "Mozilla/5.0 (compatible; AhrefsBot/7.0; +http://ahrefs.com/robot/)"
5.45.80.13 - - [07/Feb/2022:03:47:40 +0100] "GET /123.php HTTP/1.1" 404 250 "-" "Mozilla/5.0 (Windows NT 10.0; Win64; x64) AppleWebKit/537.36 (KHTML, like Gecko) Chrome/87.0.4280.141 Safari/537.36"
123.125.109.136 - - [07/Feb/2022:03:53:50 +0100] "GET / HTTP/1.1" 200 10756 "-" "Sogou web spider/4.0(+http://www.sogou.com/docs/help/webmasters.htm#07)"
123.125.109.161 - - [07/Feb/2022:03:56:01 +0100] "GET / HTTP/1.1" 200 10756 "-" "Sogou web spider/4.0(+http://www.sogou.com/docs/help/webmasters.htm#07)"
207.46.13.233 - - [07/Feb/2022:04:05:34 +0100] "GET /robots.txt HTTP/1.1" 200 - "-" "Mozilla/5.0 (compatible; bingbot/2.0; +http://www.bing.com/bingbot.htm)"
157.55.39.245 - - [07/Feb/2022:04:05:37 +0100] "GET /AmiKo/Windows HTTP/1.1" 200 10332 "-" "Mozilla/5.0 (compatible; bingbot/2.0; +http://www.bing.com/bingbot.htm)"
185.191.171.39 - - [07/Feb/2022:04:09:58 +0100] "GET /robots.txt HTTP/1.1" 200 - "-" "Mozilla/5.0 (compatible; SemrushBot/7~bl; +http://www.semrush.com/bot.html)"
185.191.171.42 - - [07/Feb/2022:04:09:59 +0100] "GET /InfoCodex/Index HTTP/1.1" 200 8894 "-" "Mozilla/5.0 (compatible; SemrushBot/7~bl; +http://www.semrush.com/bot.html)"
5.45.80.13 - - [07/Feb/2022:04:11:27 +0100] "GET /403.php HTTP/1.1" 404 250 "-" "Mozilla/5.0 (Windows NT 10.0; Win64; x64) AppleWebKit/537.36 (KHTML, like Gecko) Chrome/87.0.4280.141 Safari/537.36"
66.249.66.217 - - [07/Feb/2022:04:11:55 +0100] "GET /Oddb2xml/Felder HTTP/1.1" 200 10305 "-" "Mozilla/5.0 (compatible; Googlebot/2.1; +http://www.google.com/bot.html)"
123.125.109.161 - - [07/Feb/2022:04:12:52 +0100] "GET / HTTP/1.1" 200 10756 "-" "Sogou web spider/4.0(+http://www.sogou.com/docs/help/webmasters.htm#07)"
194.209.200.2 - - [07/Feb/2022:04:20:53 +0100] "GET /robots.txt HTTP/1.1" 200 - "-" "Mozilla/5.0 (compatible; TMMBot/0.2; +http://www.dslab.ch)/Nutch-1.15"
194.209.200.2 - - [07/Feb/2022:04:20:53 +0100] "GET / HTTP/1.1" 200 10756 "-" "Mozilla/5.0 (compatible; TMMBot/0.2; +http://www.dslab.ch)/Nutch-1.15"
77.88.5.236 - - [07/Feb/2022:04:30:04 +0100] "GET /robots.txt HTTP/1.1" 200 - "-" "Mozilla/5.0 (compatible; YandexBot/3.0; +http://yandex.com/bots)"
77.88.5.236 - - [07/Feb/2022:04:30:08 +0100] "GET /uploads/Main/AIPS_ATC-Codes_SwissmedicNo5_Errors.txt HTTP/1.1" 200 11777 "-" "Mozilla/5.0 (compatible; YandexBot/3.0; +http://yandex.com/bots)"
62.210.215.119 - - [07/Feb/2022:04:33:38 +0100] "GET /Site/AllRecentChanges?action=rss HTTP/1.1" 200 2546 "-" "Mozilla/5.0 (X11; Linux i686) AppleWebKit/537.36 (KHTML, like Gecko) Chrome/30.0.1599.66 Safari/537.36"
5.45.80.13 - - [07/Feb/2022:04:35:48 +0100] "GET /404.php HTTP/1.1" 404 250 "-" "Mozilla/5.0 (Windows NT 10.0; Win64; x64) AppleWebKit/537.36 (KHTML, like Gecko) Chrome/87.0.4280.141 Safari/537.36"
3.88.225.150 - - [07/Feb/2022:04:36:52 +0100] "GET /Site/AllRecentChanges?action=rss HTTP/1.1" 200 2546 "https://www.google.com/" "Mozilla/5.0 (Windows NT 10.0; Win64; x64; rv:75.0) Gecko/20100101 Firefox/75.0"
157.55.39.245 - - [07/Feb/2022:04:51:01 +0100] "GET / HTTP/1.1" 200 10756 "-" "Mozilla/5.0 (compatible; bingbot/2.0; +http://www.bing.com/bingbot.htm)"
131.220.6.152 - - [07/Feb/2022:04:53:06 +0100] "GET / HTTP/1.1" 200 10756 "-" "Mozilla/5.0 (X11; Linux x86_64) AppleWebKit/537.36 (KHTML, like Gecko) Chrome/79.0.3945.79 Safari/537.36"
5.45.80.13 - - [07/Feb/2022:04:59:28 +0100] "GET /406.php HTTP/1.1" 404 250 "-" "Mozilla/5.0 (Windows NT 10.0; Win64; x64) AppleWebKit/537.36 (KHTML, like Gecko) Chrome/87.0.4280.141 Safari/537.36"
185.191.171.41 - - [07/Feb/2022:05:02:16 +0100] "GET /Main/2011 HTTP/1.1" 200 21451 "-" "Mozilla/5.0 (compatible; SemrushBot/7~bl; +http://www.semrush.com/bot.html)"
144.76.29.149 - - [07/Feb/2022:05:04:56 +0100] "GET /robots.txt HTTP/1.1" 200 - "-" "Mozilla/5.0 (compatible; MJ12bot/v1.4.8; http://mj12bot.com/)"
144.76.29.149 - - [07/Feb/2022:05:05:01 +0100] "GET /AmiKo/Desktop HTTP/1.1" 200 8397 "-" "Mozilla/5.0 (compatible; MJ12bot/v1.4.8; http://mj12bot.com/)"
144.76.29.149 - - [07/Feb/2022:05:05:07 +0100] "GET /AmiKo/Flyer HTTP/1.1" 200 8708 "-" "Mozilla/5.0 (compatible; MJ12bot/v1.4.8; http://mj12bot.com/)"
144.76.29.149 - - [07/Feb/2022:05:05:12 +0100] "GET /Software/ODDB HTTP/1.1" 200 10298 "-" "Mozilla/5.0 (compatible; MJ12bot/v1.4.8; http://mj12bot.com/)"
144.76.29.149 - - [07/Feb/2022:05:05:18 +0100] "GET /Software/SoftwareRaid HTTP/1.1" 200 12104 "-" "Mozilla/5.0 (compatible; MJ12bot/v1.4.8; http://mj12bot.com/)"
144.76.29.149 - - [07/Feb/2022:05:05:23 +0100] "GET /pmwiki.php/Ywesee/InfoCodexProcedure HTTP/1.1" 200 12373 "-" "Mozilla/5.0 (compatible; MJ12bot/v1.4.8; http://mj12bot.com/)"
144.76.29.149 - - [07/Feb/2022:05:05:29 +0100] "GET /uploads/Ywesee/Andrew_O_Hagan_The_Satoshi_Affair_LRB_30_June_2016.pdf HTTP/1.1" 200 1863260 "-" "Mozilla/5.0 (compatible; MJ12bot/v1.4.8; http://mj12bot.com/)"
66.249.66.198 - - [07/Feb/2022:05:06:54 +0100] "GET /ads.txt HTTP/1.1" 404 266 "-" "Mozilla/5.0 (compatible; Googlebot/2.1; +http://www.google.com/bot.html)"
66.249.66.8 - - [07/Feb/2022:05:06:55 +0100] "GET /app-ads.txt HTTP/1.1" 404 270 "-" "Google-adstxt"
185.191.171.5 - - [07/Feb/2022:05:13:12 +0100] "GET /robots.txt HTTP/1.1" 200 - "-" "Mozilla/5.0 (compatible; SemrushBot/7~bl; +http://www.semrush.com/bot.html)"
185.191.171.19 - - [07/Feb/2022:05:13:13 +0100] "GET /Main/PublicDomainDataLife-Cycle?action=diff HTTP/1.1" 403 18 "-" "Mozilla/5.0 (compatible; SemrushBot/7~bl; +http://www.semrush.com/bot.html)"
46.183.218.132 - - [07/Feb/2022:05:13:55 +0100] "GET /Main/2005 HTTP/1.1" 200 63344 "https://www.ywesee.com/" "Mozilla/5.0 (X11; Ubuntu; Linux x86_64; rv:54.0) Gecko/20100101 Firefox/54.0 O/x.d3v0.12"
46.183.218.132 - - [07/Feb/2022:05:13:57 +0100] "GET /uploads/Main/143_Email_an_simonetta.sommaruga_23.6.2005.txt HTTP/1.1" 200 3544 "https://www.ywesee.com/Main/2005" "Mozilla/5.0 (X11; Ubuntu; Linux x86_64; rv:54.0) Gecko/20100101 Firefox/54.0 O/x.d3v0.12"
54.84.192.51 - - [07/Feb/2022:05:16:21 +0100] "GET /keybase.txt HTTP/1.1" 200 2659 "-" "keybase-proofs/2.3.24"
5.45.80.13 - - [07/Feb/2022:05:23:28 +0100] "GET /action.php HTTP/1.1" 404 269 "-" "Mozilla/5.0 (Windows NT 10.0; Win64; x64) AppleWebKit/537.36 (KHTML, like Gecko) Chrome/87.0.4280.141 Safari/537.36"
17.121.114.111 - - [07/Feb/2022:05:30:53 +0100] "GET /Apotheke/POS HTTP/1.1" 200 11138 "-" "Mozilla/5.0 (Macintosh; Intel Mac OS X 10_15_5) AppleWebKit/605.1.15 (KHTML, like Gecko) Version/13.1.1 Safari/605.1.15 (Applebot/0.1; +http://www.apple.com/go/applebot)"
89.246.241.14 - - [07/Feb/2022:05:34:00 +0100] "GET / HTTP/1.1" 200 10756 "-" "Mozilla/5.0 (Windows NT 10.0; Win64; x64; rv:84.0) Gecko/20100101 Firefox/84.0"
40.77.167.53 - - [07/Feb/2022:05:39:51 +0100] "GET /uploads/Main/Product_Registration_EMEA_FDA_Swissmedic.pdf HTTP/1.1" 304 - "-" "Mozilla/5.0 (compatible; bingbot/2.0; +http://www.bing.com/bingbot.htm)"
178.35.88.57 - - [07/Feb/2022:05:43:32 +0100] "GET /apple-app-site-association HTTP/1.1" 404 289 "-" "Mozilla/5.0 (Windows NT 6.1; WOW64; rv:40.0) Gecko/20100101 Firefox/40.1"
178.35.88.57 - - [07/Feb/2022:05:43:32 +0100] "GET /apple-app-site-association HTTP/1.1" 404 289 "-" "Mozilla/5.0 (Windows NT 6.1; WOW64; rv:40.0) Gecko/20100101 Firefox/40.1"
178.35.88.57 - - [07/Feb/2022:05:43:34 +0100] "GET /apple-app-site-association HTTP/1.1" 404 285 "-" "Mozilla/5.0 (Windows NT 6.1; WOW64; rv:40.0) Gecko/20100101 Firefox/40.1"
178.35.88.57 - - [07/Feb/2022:05:43:36 +0100] "GET /.well-known/apple-app-site-association HTTP/1.1" 404 301 "-" "Mozilla/5.0 (Windows NT 6.1; WOW64; rv:40.0) Gecko/20100101 Firefox/40.1"
178.35.88.57 - - [07/Feb/2022:05:43:38 +0100] "GET /.well-known/apple-app-site-association HTTP/1.1" 404 297 "-" "Mozilla/5.0 (Windows NT 6.1; WOW64; rv:40.0) Gecko/20100101 Firefox/40.1"
93.157.211.104 - - [07/Feb/2022:05:43:39 +0100] "GET /.well-known/apple-app-site-association HTTP/1.1" 404 297 "-" "Mozilla/5.0 (Windows NT 6.1; WOW64; rv:40.0) Gecko/20100101 Firefox/40.1"
107.175.224.136 - - [07/Feb/2022:05:45:05 +0100] "GET / HTTP/1.1" 200 10756 "http://ywesee.ch" "Mozilla/5.0 (X11; Linux x86_64) AppleWebKit/537.36 (KHTML, like Gecko) Chrome/67.0.3396.87 Safari/537.36"
5.45.80.13 - - [07/Feb/2022:05:46:55 +0100] "GET /assets/.cache.idx.php HTTP/1.1" 404 280 "-" "Mozilla/5.0 (Windows NT 10.0; Win64; x64) AppleWebKit/537.36 (KHTML, like Gecko) Chrome/87.0.4280.141 Safari/537.36"
185.191.171.5 - - [07/Feb/2022:05:47:14 +0100] "GET /AmiKo/IOS?n=Main.SideBar%3Faction%3Dedit HTTP/1.1" 302 157 "-" "Mozilla/5.0 (compatible; SemrushBot/7~bl; +http://www.semrush.com/bot.html)"
116.72.146.84 - - [07/Feb/2022:05:52:52 +0100] "GET / HTTP/1.1" 200 10756 "-" "Mozilla/5.0 (Windows NT 10.0; Win64; x64) AppleWebKit/537.36 (KHTML, like Gecko) Chrome/97.0.4692.99 Safari/537.36"
116.72.146.84 - - [07/Feb/2022:05:52:53 +0100] "GET /pub/skins/ywesee/gila.css HTTP/1.1" 200 8276 "https://ywesee.com/" "Mozilla/5.0 (Windows NT 10.0; Win64; x64) AppleWebKit/537.36 (KHTML, like Gecko) Chrome/97.0.4692.99 Safari/537.36"
116.72.146.84 - - [07/Feb/2022:05:52:53 +0100] "GET /uploads/Main/yweseelogo.gif HTTP/1.1" 200 2982 "https://ywesee.com/" "Mozilla/5.0 (Windows NT 10.0; Win64; x64) AppleWebKit/537.36 (KHTML, like Gecko) Chrome/97.0.4692.99 Safari/537.36"
116.72.146.84 - - [07/Feb/2022:05:53:31 +0100] "GET /Ywesee/About HTTP/1.1" 200 9132 "https://ywesee.com/" "Mozilla/5.0 (Windows NT 10.0; Win64; x64) AppleWebKit/537.36 (KHTML, like Gecko) Chrome/97.0.4692.99 Safari/537.36"
116.72.146.84 - - [07/Feb/2022:05:53:32 +0100] "GET /Ywesee/About HTTP/1.1" 200 9132 "https://ywesee.com/" "Mozilla/5.0 (Windows NT 10.0; Win64; x64) AppleWebKit/537.36 (KHTML, like Gecko) Chrome/97.0.4692.99 Safari/537.36"
116.72.146.84 - - [07/Feb/2022:05:53:32 +0100] "GET /favicon.ico HTTP/1.1" 200 1406 "https://www.ywesee.com/Ywesee/About" "Mozilla/5.0 (Windows NT 10.0; Win64; x64) AppleWebKit/537.36 (KHTML, like Gecko) Chrome/97.0.4692.99 Safari/537.36"
114.119.144.132 - - [07/Feb/2022:06:03:55 +0100] "GET /robots.txt HTTP/1.1" 200 - "-" "Mozilla/5.0 (compatible;PetalBot;+https://webmaster.petalsearch.com/site/petalbot)"
46.166.182.65 - - [07/Feb/2022:06:10:36 +0100] "GET / HTTP/1.0" 200 10756 "https://ywesee.com/" "Mozilla/5.0 (Windows NT 6.1; Win64; x64) AppleWebKit/537.36 (KHTML, like Gecko) Chrome/90.0.4430.85 Safari/537.36"
46.166.182.65 - - [07/Feb/2022:06:10:36 +0100] "GET /Ywesee/Kontakt HTTP/1.0" 200 8973 "https://www.ywesee.com/Ywesee/Kontakt" "Mozilla/5.0 (Windows NT 6.1; Win64; x64) AppleWebKit/537.36 (KHTML, like Gecko) Chrome/90.0.4430.85 Safari/537.36"
5.45.80.13 - - [07/Feb/2022:06:10:38 +0100] "GET /assets/xpdo.idx.php HTTP/1.1" 404 278 "-" "Mozilla/5.0 (Windows NT 10.0; Win64; x64) AppleWebKit/537.36 (KHTML, like Gecko) Chrome/87.0.4280.141 Safari/537.36"
72.223.74.127 - - [07/Feb/2022:06:11:22 +0100] "GET / HTTP/1.1" 200 10756 "http://ywesee.net" "colly - https://github.com/gocolly/colly/v2"
207.46.13.233 - - [07/Feb/2022:06:13:48 +0100] "GET /robots.txt HTTP/1.1" 200 - "-" "Mozilla/5.0 (compatible; bingbot/2.0; +http://www.bing.com/bingbot.htm)"
207.46.13.15 - - [07/Feb/2022:06:13:59 +0100] "GET /main/searchwiki HTTP/1.1" 404 274 "-" "Mozilla/5.0 (compatible; bingbot/2.0; +http://www.bing.com/bingbot.htm)"
5.9.61.232 - - [07/Feb/2022:06:14:58 +0100] "GET /robots.txt HTTP/1.1" 200 - "-" "Mozilla/5.0 (compatible; MJ12bot/v1.4.8; http://mj12bot.com/)"
5.9.61.232 - - [07/Feb/2022:06:15:01 +0100] "GET / HTTP/1.1" 200 10756 "-" "Mozilla/5.0 (compatible; MJ12bot/v1.4.8; http://mj12bot.com/)"
5.9.61.232 - - [07/Feb/2022:06:15:04 +0100] "GET /robots.txt HTTP/1.1" 200 - "-" "Mozilla/5.0 (compatible; MJ12bot/v1.4.8; http://mj12bot.com/)"
5.9.61.232 - - [07/Feb/2022:06:15:06 +0100] "GET /Main/2005 HTTP/1.1" 200 63344 "-" "Mozilla/5.0 (compatible; MJ12bot/v1.4.8; http://mj12bot.com/)"
5.9.61.232 - - [07/Feb/2022:06:15:09 +0100] "GET /Main/2007 HTTP/1.1" 200 50639 "-" "Mozilla/5.0 (compatible; MJ12bot/v1.4.8; http://mj12bot.com/)"
185.191.171.23 - - [07/Feb/2022:06:18:22 +0100] "GET /robots.txt HTTP/1.1" 200 - "-" "Mozilla/5.0 (compatible; SemrushBot/7~bl; +http://www.semrush.com/bot.html)"
185.191.171.44 - - [07/Feb/2022:06:18:24 +0100] "GET /Main/2015?action=diff HTTP/1.1" 403 18 "-" "Mozilla/5.0 (compatible; SemrushBot/7~bl; +http://www.semrush.com/bot.html)"
207.46.13.15 - - [07/Feb/2022:06:24:02 +0100] "GET /main/2021 HTTP/1.1" 404 268 "-" "Mozilla/5.0 (compatible; bingbot/2.0; +http://www.bing.com/bingbot.htm)"
104.244.73.93 - - [07/Feb/2022:06:26:50 +0100] "GET /Site/AllRecentChanges?action=rss%22'! HTTP/1.1" 200 77707 "-" "Opera/9.63 (Windows NT 6.0; U; cs) Presto/2.1.1"
5.45.80.13 - - [07/Feb/2022:06:34:36 +0100] "GET /auth.php HTTP/1.1" 404 267 "-" "Mozilla/5.0 (Windows NT 10.0; Win64; x64) AppleWebKit/537.36 (KHTML, like Gecko) Chrome/87.0.4280.141 Safari/537.36"
5.102.173.71 - - [07/Feb/2022:06:46:56 +0100] "GET /robots.txt HTTP/1.1" 200 - "-" "Mozilla/5.0 (compatible; MojeekBot/0.10; +https://www.mojeek.com/bot.html)"
5.102.173.71 - - [07/Feb/2022:06:46:56 +0100] "GET /AmiKo/Android?action=upload HTTP/1.1" 403 18 "-" "Mozilla/5.0 (compatible; MojeekBot/0.10; +https://www.mojeek.com/bot.html)"
89.246.241.14 - - [07/Feb/2022:06:48:29 +0100] "GET /Main/Home?action=diff HTTP/1.1" 200 552410 "-" "Mozilla/5.0 (Windows NT 10.0; Win64; x64; rv:84.0) Gecko/20100101 Firefox/84.0"
95.181.217.74 - - [07/Feb/2022:06:53:24 +0100] "GET / HTTP/1.1" 200 10756 "-" "Mozilla/5.0 (Macintosh; Intel Mac OS X 10_12_3) AppleWebKit/537.36 (KHTML, like Gecko) Chrome/68.0.3432.3 Safari/537.36"
103.221.234.51 - - [07/Feb/2022:06:53:27 +0100] "GET /Ywesee/Kontakt HTTP/1.1" 200 8973 "https://ywesee.com" "Mozilla/5.0 (Macintosh; Intel Mac OS X 10_12_3) AppleWebKit/537.36 (KHTML, like Gecko) Chrome/68.0.3432.3 Safari/537.36"
157.55.39.245 - - [07/Feb/2022:06:56:38 +0100] "GET / HTTP/1.1" 200 10756 "-" "Mozilla/5.0 (compatible; bingbot/2.0; +http://www.bing.com/bingbot.htm)"
5.45.80.13 - - [07/Feb/2022:06:59:14 +0100] "GET /blog.php HTTP/1.1" 404 267 "-" "Mozilla/5.0 (Windows NT 10.0; Win64; x64) AppleWebKit/537.36 (KHTML, like Gecko) Chrome/87.0.4280.141 Safari/537.36"
42.236.10.125 - - [07/Feb/2022:07:04:58 +0100] "GET / HTTP/1.1" 200 10756 "http://baidu.com/" "Mozilla/5.0 (Linux; U; Android 8.1.0; zh-CN; EML-AL00 Build/HUAWEIEML-AL00) AppleWebKit/537.36 (KHTML, like Gecko) Version/4.0 Chrome/57.0.2987.108 baidu.sogo.uc.UCBrowser/11.9.4.974 UWS/2.13.1.48 Mobile Safari/537.36 AliApp(DingTalk/4.5.11) com.alibaba.android.rimet/10487439 Channel/227200 language/zh-CN"
42.236.10.114 - - [07/Feb/2022:07:04:59 +0100] "GET /pub/skins/ywesee/gila.css HTTP/1.1" 200 8276 "https://ywesee.com/" "Mozilla/5.0 (Linux; U; Android 8.1.0; zh-CN; EML-AL00 Build/HUAWEIEML-AL00) AppleWebKit/537.36 (KHTML, like Gecko) Version/4.0 Chrome/57.0.2987.108 baidu.sogo.uc.UCBrowser/11.9.4.974 UWS/2.13.1.48 Mobile Safari/537.36 AliApp(DingTalk/4.5.11) com.alibaba.android.rimet/10487439 Channel/227200 language/zh-CN"
42.236.10.117 - - [07/Feb/2022:07:04:59 +0100] "GET /uploads/Main/yweseelogo.gif HTTP/1.1" 200 2982 "https://ywesee.com/" "Mozilla/5.0 (Linux; U; Android 8.1.0; zh-CN; EML-AL00 Build/HUAWEIEML-AL00) AppleWebKit/537.36 (KHTML, like Gecko) Version/4.0 Chrome/57.0.2987.108 baidu.sogo.uc.UCBrowser/11.9.4.974 UWS/2.13.1.48 Mobile Safari/537.36 AliApp(DingTalk/4.5.11) com.alibaba.android.rimet/10487439 Channel/227200 language/zh-CN"
157.49.95.54 - - [07/Feb/2022:07:05:21 +0100] "GET / HTTP/1.1" 200 10756 "-" "Mozilla/5.0 (X11; Linux x86_64) AppleWebKit/537.36 (KHTML, like Gecko) Chrome/71.0.3578.98 Safari/537.36"
157.49.95.54 - - [07/Feb/2022:07:05:24 +0100] "GET /uploads/Main/yweseelogo.gif HTTP/1.1" 200 2982 "https://ywesee.com/" "Mozilla/5.0 (X11; Linux x86_64) AppleWebKit/537.36 (KHTML, like Gecko) Chrome/71.0.3578.98 Safari/537.36"
157.49.95.54 - - [07/Feb/2022:07:05:24 +0100] "GET /pub/skins/ywesee/gila.css HTTP/1.1" 200 8276 "https://ywesee.com/" "Mozilla/5.0 (X11; Linux x86_64) AppleWebKit/537.36 (KHTML, like Gecko) Chrome/71.0.3578.98 Safari/537.36"
62.210.215.119 - - [07/Feb/2022:07:05:33 +0100] "GET /Site/AllRecentChanges?action=rss HTTP/1.1" 200 2546 "-" "Mozilla/5.0 (X11; Linux i686) AppleWebKit/537.36 (KHTML, like Gecko) Chrome/30.0.1599.66 Safari/537.36"
157.49.95.54 - - [07/Feb/2022:07:05:38 +0100] "GET /Ywesee/About HTTP/1.1" 200 9132 "https://ywesee.com/" "Mozilla/5.0 (X11; Linux x86_64) AppleWebKit/537.36 (KHTML, like Gecko) Chrome/71.0.3578.98 Safari/537.36"
89.246.241.14 - - [07/Feb/2022:07:06:40 +0100] "GET /Ywesee/Team HTTP/1.1" 200 18245 "-" "Mozilla/5.0 (Windows NT 10.0; Win64; x64; rv:84.0) Gecko/20100101 Firefox/84.0"
34.223.224.251 - - [07/Feb/2022:07:11:25 +0100] "GET / HTTP/1.1" 200 10756 "-" "Mozilla/5.0 (X11; Linux x86_64) AppleWebKit/537.36 (KHTML, like Gecko) Chrome/83.0.4103.97 Safari/537.36"
54.36.148.115 - - [07/Feb/2022:07:12:28 +0100] "GET /Main/2012 HTTP/1.1" 200 31941 "-" "Mozilla/5.0 (compatible; AhrefsBot/7.0; +http://ahrefs.com/robot/)"
196.244.192.38 - - [07/Feb/2022:07:13:28 +0100] "GET / HTTP/1.1" 200 10756 "-" "Mozilla/5.0 (Windows NT 10.0; Win64; x64) AppleWebKit/537.36 (KHTML, like Gecko) Chrome/95.0.4638.69 Safari/537.36"
196.244.192.38 - - [07/Feb/2022:07:13:28 +0100] "GET /feed/ HTTP/1.1" 404 264 "-" "Mozilla/5.0 (Windows NT 10.0; Win64; x64) AppleWebKit/537.36 (KHTML, like Gecko) Chrome/95.0.4638.69 Safari/537.36"
196.244.192.38 - - [07/Feb/2022:07:13:28 +0100] "GET /xmlrpc.php?rsd HTTP/1.1" 404 269 "-" "Mozilla/5.0 (Windows NT 10.0; Win64; x64) AppleWebKit/537.36 (KHTML, like Gecko) Chrome/95.0.4638.69 Safari/537.36"
196.244.192.38 - - [07/Feb/2022:07:13:28 +0100] "GET /blog/wp-includes/wlwmanifest.xml HTTP/1.1" 404 291 "-" "Mozilla/5.0 (Windows NT 10.0; Win64; x64) AppleWebKit/537.36 (KHTML, like Gecko) Chrome/95.0.4638.69 Safari/537.36"
196.244.192.38 - - [07/Feb/2022:07:13:28 +0100] "GET /web/wp-includes/wlwmanifest.xml HTTP/1.1" 404 290 "-" "Mozilla/5.0 (Windows NT 10.0; Win64; x64) AppleWebKit/537.36 (KHTML, like Gecko) Chrome/95.0.4638.69 Safari/537.36"
196.244.192.38 - - [07/Feb/2022:07:13:28 +0100] "GET /wordpress/wp-includes/wlwmanifest.xml HTTP/1.1" 404 296 "-" "Mozilla/5.0 (Windows NT 10.0; Win64; x64) AppleWebKit/537.36 (KHTML, like Gecko) Chrome/95.0.4638.69 Safari/537.36"
196.244.192.38 - - [07/Feb/2022:07:13:28 +0100] "GET /wp/wp-includes/wlwmanifest.xml HTTP/1.1" 404 289 "-" "Mozilla/5.0 (Windows NT 10.0; Win64; x64) AppleWebKit/537.36 (KHTML, like Gecko) Chrome/95.0.4638.69 Safari/537.36"
196.244.192.38 - - [07/Feb/2022:07:13:28 +0100] "GET /2020/wp-includes/wlwmanifest.xml HTTP/1.1" 404 250 "-" "Mozilla/5.0 (Windows NT 10.0; Win64; x64) AppleWebKit/537.36 (KHTML, like Gecko) Chrome/95.0.4638.69 Safari/537.36"
196.244.192.38 - - [07/Feb/2022:07:13:29 +0100] "GET /2019/wp-includes/wlwmanifest.xml HTTP/1.1" 404 250 "-" "Mozilla/5.0 (Windows NT 10.0; Win64; x64) AppleWebKit/537.36 (KHTML, like Gecko) Chrome/95.0.4638.69 Safari/537.36"
196.244.192.38 - - [07/Feb/2022:07:13:29 +0100] "GET /2021/wp-includes/wlwmanifest.xml HTTP/1.1" 404 250 "-" "Mozilla/5.0 (Windows NT 10.0; Win64; x64) AppleWebKit/537.36 (KHTML, like Gecko) Chrome/95.0.4638.69 Safari/537.36"
196.244.192.38 - - [07/Feb/2022:07:13:29 +0100] "GET /shop/wp-includes/wlwmanifest.xml HTTP/1.1" 404 291 "-" "Mozilla/5.0 (Windows NT 10.0; Win64; x64) AppleWebKit/537.36 (KHTML, like Gecko) Chrome/95.0.4638.69 Safari/537.36"
196.244.192.38 - - [07/Feb/2022:07:13:29 +0100] "GET /wp1/wp-includes/wlwmanifest.xml HTTP/1.1" 404 290 "-" "Mozilla/5.0 (Windows NT 10.0; Win64; x64) AppleWebKit/537.36 (KHTML, like Gecko) Chrome/95.0.4638.69 Safari/537.36"
196.244.192.38 - - [07/Feb/2022:07:13:29 +0100] "GET /test/wp-includes/wlwmanifest.xml HTTP/1.1" 404 291 "-" "Mozilla/5.0 (Windows NT 10.0; Win64; x64) AppleWebKit/537.36 (KHTML, like Gecko) Chrome/95.0.4638.69 Safari/537.36"
196.244.192.38 - - [07/Feb/2022:07:13:29 +0100] "GET /site/wp-includes/wlwmanifest.xml HTTP/1.1" 404 291 "-" "Mozilla/5.0 (Windows NT 10.0; Win64; x64) AppleWebKit/537.36 (KHTML, like Gecko) Chrome/95.0.4638.69 Safari/537.36"
196.244.192.38 - - [07/Feb/2022:07:13:29 +0100] "GET /cms/wp-includes/wlwmanifest.xml HTTP/1.1" 404 290 "-" "Mozilla/5.0 (Windows NT 10.0; Win64; x64) AppleWebKit/537.36 (KHTML, like Gecko) Chrome/95.0.4638.69 Safari/537.36"
101.43.118.245 - - [07/Feb/2022:07:14:18 +0100] "GET / HTTP/1.1" 200 10756 "-" "Mozilla/5.0 (Windows NT 10.0; WOW64) AppleWebKit/537.36 (KHTML, like Gecko) Chrome/63.0.3239.132 Safari/537.36"
89.246.241.14 - - [07/Feb/2022:07:16:13 +0100] "GET /Main/Home?action=edit HTTP/1.1" 200 9272 "-" "Mozilla/5.0 (Windows NT 10.0; Win64; x64; rv:84.0) Gecko/20100101 Firefox/84.0"
89.246.241.14 - - [07/Feb/2022:07:16:20 +0100] "GET /ODDB/IntegrationLookAmpFeelGenerikasuche HTTP/1.1" 200 9097 "-" "Mozilla/5.0 (Windows NT 10.0; Win64; x64; rv:84.0) Gecko/20100101 Firefox/84.0"
83.149.155.226 - - [07/Feb/2022:07:20:15 +0100] "GET /Miele/MieleLXIV HTTP/1.1" 200 15367 "https://www.postdicom.com/" "Mozilla/5.0 (Macintosh; Intel Mac OS X 10_15_7) AppleWebKit/605.1.15 (KHTML, like Gecko) Version/15.2 Safari/605.1.15"
83.149.155.226 - - [07/Feb/2022:07:20:15 +0100] "GET /pub/skins/ywesee/gila.css HTTP/1.1" 200 8276 "https://www.ywesee.com/Miele/MieleLXIV" "Mozilla/5.0 (Macintosh; Intel Mac OS X 10_15_7) AppleWebKit/605.1.15 (KHTML, like Gecko) Version/15.2 Safari/605.1.15"
83.149.155.226 - - [07/Feb/2022:07:20:16 +0100] "GET /favicon.ico HTTP/1.1" 200 1406 "https://www.ywesee.com/Miele/MieleLXIV" "Mozilla/5.0 (Macintosh; Intel Mac OS X 10_15_7) AppleWebKit/605.1.15 (KHTML, like Gecko) Version/15.2 Safari/605.1.15"
66.249.66.215 - - [07/Feb/2022:07:21:16 +0100] "GET /Main/AIPS-XML HTTP/1.1" 200 10985 "-" "Mozilla/5.0 (Linux; Android 6.0.1; Nexus 5X Build/MMB29P) AppleWebKit/537.36 (KHTML, like Gecko) Chrome/98.0.4758.80 Mobile Safari/537.36 (compatible; Googlebot/2.1; +http://www.google.com/bot.html)"
92.118.160.41 - - [07/Feb/2022:07:21:24 +0100] "GET / HTTP/1.1" 200 10756 "-" "NetSystemsResearch studies the availability of various services across the internet. Our website is netsystemsresearch.com"
5.45.80.13 - - [07/Feb/2022:07:24:40 +0100] "GET /blog/images/index.php HTTP/1.1" 404 280 "-" "Mozilla/5.0 (Windows NT 10.0; Win64; x64) AppleWebKit/537.36 (KHTML, like Gecko) Chrome/87.0.4280.141 Safari/537.36"
89.246.241.14 - - [07/Feb/2022:07:25:14 +0100] "GET /Ywesee/OpenSource HTTP/1.1" 200 10790 "-" "Mozilla/5.0 (Windows NT 10.0; Win64; x64; rv:84.0) Gecko/20100101 Firefox/84.0"
89.246.241.14 - - [07/Feb/2022:07:34:03 +0100] "HEAD /uploads/Main/Stellenbeschreibung_Ruby_ywesee_GmbH.pdf HTTP/1.1" 200 - "-" "Mozilla/5.0 (Windows NT 10.0; Win64; x64) AppleWebKit/537.36 (KHTML, like Gecko) Chrome/91.0.4472.77 Safari/537.36"
89.246.241.14 - - [07/Feb/2022:07:34:03 +0100] "GET /uploads/Main/Stellenbeschreibung_Ruby_ywesee_GmbH.pdf HTTP/1.1" 200 65223 "-" "Mozilla/5.0 (Windows NT 10.0; Win64; x64) AppleWebKit/537.36 (KHTML, like Gecko) Chrome/91.0.4472.77 Safari/537.36"
89.246.241.14 - - [07/Feb/2022:07:38:55 +0100] "GET /Ywesee/Events HTTP/1.1" 200 8918 "-" "Mozilla/5.0 (Windows NT 10.0; Win64; x64; rv:84.0) Gecko/20100101 Firefox/84.0"
5.45.80.13 - - [07/Feb/2022:07:48:39 +0100] "GET /cache.php HTTP/1.1" 404 268 "-" "Mozilla/5.0 (Windows NT 10.0; Win64; x64) AppleWebKit/537.36 (KHTML, like Gecko) Chrome/87.0.4280.141 Safari/537.36"
66.249.66.219 - - [07/Feb/2022:07:51:16 +0100] "GET /ODDB/MD?action=diff HTTP/1.1" 403 18 "-" "Mozilla/5.0 (compatible; Googlebot/2.1; +http://www.google.com/bot.html)"
162.210.196.129 - - [07/Feb/2022:07:53:31 +0100] "GET /robots.txt HTTP/1.1" 200 - "-" "Mozilla/5.0 (compatible; MJ12bot/v1.4.8; http://mj12bot.com/)"
162.210.196.129 - - [07/Feb/2022:07:53:34 +0100] "GET / HTTP/1.1" 200 10756 "-" "Mozilla/5.0 (compatible; MJ12bot/v1.4.8; http://mj12bot.com/)"
185.191.171.5 - - [07/Feb/2022:07:54:42 +0100] "GET /robots.txt HTTP/1.1" 200 - "-" "Mozilla/5.0 (compatible; SemrushBot/7~bl; +http://www.semrush.com/bot.html)"
185.191.171.14 - - [07/Feb/2022:07:54:42 +0100] "GET /Refdata/LoeschungFelder?action=edit HTTP/1.1" 403 18 "-" "Mozilla/5.0 (compatible; SemrushBot/7~bl; +http://www.semrush.com/bot.html)"
89.246.241.14 - - [07/Feb/2022:08:04:07 +0100] "GET /Software/Spreadsheet HTTP/1.1" 200 8839 "-" "Mozilla/5.0 (Windows NT 10.0; Win64; x64; rv:84.0) Gecko/20100101 Firefox/84.0"
89.246.241.14 - - [07/Feb/2022:08:04:26 +0100] "GET /Software/ODDB HTTP/1.1" 200 10298 "-" "Mozilla/5.0 (Windows NT 10.0; Win64; x64; rv:84.0) Gecko/20100101 Firefox/84.0"
89.246.241.14 - - [07/Feb/2022:08:09:37 +0100] "GET /ODDB/StammdatenCH HTTP/1.1" 200 9300 "-" "Mozilla/5.0 (Windows NT 10.0; Win64; x64; rv:84.0) Gecko/20100101 Firefox/84.0"
89.246.241.14 - - [07/Feb/2022:08:10:35 +0100] "GET /Main/SideBar?action=edit HTTP/1.1" 200 9310 "-" "Mozilla/5.0 (Windows NT 10.0; Win64; x64; rv:84.0) Gecko/20100101 Firefox/84.0"
89.246.241.14 - - [07/Feb/2022:08:13:10 +0100] "GET /Software/YDIM HTTP/1.1" 200 8834 "-" "Mozilla/5.0 (Windows NT 10.0; Win64; x64; rv:84.0) Gecko/20100101 Firefox/84.0"
5.45.80.13 - - [07/Feb/2022:08:13:22 +0100] "GET /categories.php HTTP/1.1" 404 273 "-" "Mozilla/5.0 (Windows NT 10.0; Win64; x64) AppleWebKit/537.36 (KHTML, like Gecko) Chrome/87.0.4280.141 Safari/537.36"
157.48.169.40 - - [07/Feb/2022:08:14:47 +0100] "GET / HTTP/1.1" 200 10756 "-" "Mozilla/5.0 (X11; Linux x86_64) AppleWebKit/537.36 (KHTML, like Gecko) Chrome/96.0.4664.110 Safari/537.36"
157.48.169.40 - - [07/Feb/2022:08:14:49 +0100] "GET /pub/skins/ywesee/gila.css HTTP/1.1" 200 8276 "https://ywesee.com/" "Mozilla/5.0 (X11; Linux x86_64) AppleWebKit/537.36 (KHTML, like Gecko) Chrome/96.0.4664.110 Safari/537.36"
157.48.169.40 - - [07/Feb/2022:08:14:49 +0100] "GET /uploads/Main/yweseelogo.gif HTTP/1.1" 200 2982 "https://ywesee.com/" "Mozilla/5.0 (X11; Linux x86_64) AppleWebKit/537.36 (KHTML, like Gecko) Chrome/96.0.4664.110 Safari/537.36"
157.48.169.40 - - [07/Feb/2022:08:14:51 +0100] "GET /favicon.ico HTTP/1.1" 200 1406 "https://ywesee.com/" "Mozilla/5.0 (X11; Linux x86_64) AppleWebKit/537.36 (KHTML, like Gecko) Chrome/96.0.4664.110 Safari/537.36"
89.246.241.14 - - [07/Feb/2022:08:16:41 +0100] "GET /AmiKo/Index HTTP/1.1" 200 9511 "-" "Mozilla/5.0 (Windows NT 10.0; Win64; x64; rv:84.0) Gecko/20100101 Firefox/84.0"
157.48.169.40 - - [07/Feb/2022:08:19:07 +0100] "GET /Ywesee/About HTTP/1.1" 200 9132 "https://ywesee.com/" "Mozilla/5.0 (X11; Linux x86_64) AppleWebKit/537.36 (KHTML, like Gecko) Chrome/96.0.4664.110 Safari/537.36"
157.48.169.40 - - [07/Feb/2022:08:19:09 +0100] "GET /favicon.ico HTTP/1.1" 200 1406 "https://www.ywesee.com/Ywesee/About" "Mozilla/5.0 (X11; Linux x86_64) AppleWebKit/537.36 (KHTML, like Gecko) Chrome/96.0.4664.110 Safari/537.36"
89.246.241.14 - - [07/Feb/2022:08:24:17 +0100] "GET /Main/DocumedGalenicaVsYwesee HTTP/1.1" 200 34932 "-" "Mozilla/5.0 (Windows NT 10.0; Win64; x64; rv:84.0) Gecko/20100101 Firefox/84.0"
89.246.241.14 - - [07/Feb/2022:08:24:30 +0100] "GET /Main/DocumedGalenicaVsYwesee?n=Main.SideBar?action=edit HTTP/1.1" 200 9341 "-" "Mozilla/5.0 (Windows NT 10.0; Win64; x64; rv:84.0) Gecko/20100101 Firefox/84.0"
89.246.241.14 - - [07/Feb/2022:08:24:35 +0100] "GET /Main/DocumedGalenicaVsYwesee?action=upload HTTP/1.1" 200 8985 "-" "Mozilla/5.0 (Windows NT 10.0; Win64; x64; rv:84.0) Gecko/20100101 Firefox/84.0"
89.246.241.14 - - [07/Feb/2022:08:24:40 +0100] "GET /Main/DocumedGalenicaVsYwesee?action=print HTTP/1.1" 200 29442 "-" "Mozilla/5.0 (Windows NT 10.0; Win64; x64; rv:84.0) Gecko/20100101 Firefox/84.0"
89.246.241.14 - - [07/Feb/2022:08:24:46 +0100] "GET /uploads/Main/Kommerzialisierung_von_elektronischen_Medikamenteninformationen_Verfgung_vom_19._Dezember_2016_Version_7.1.2021.pdf HTTP/1.1" 200 2107804 "-" "Mozilla/5.0 (Windows NT 10.0; Win64; x64; rv:84.0) Gecko/20100101 Firefox/84.0"
89.246.241.14 - - [07/Feb/2022:08:24:53 +0100] "GET /uploads/Main/Verfgung_WEKO_vom_19._Dezember_2016.pdf HTTP/1.1" 200 6827164 "-" "Mozilla/5.0 (Windows NT 10.0; Win64; x64; rv:84.0) Gecko/20100101 Firefox/84.0"
35.231.5.118 - - [07/Feb/2022:08:28:39 +0100] "GET /robots.txt HTTP/1.1" 200 - "-" "bidswitchbot/1.0"
35.231.5.118 - - [07/Feb/2022:08:28:41 +0100] "GET /robots.txt HTTP/1.1" 200 - "-" "bidswitchbot/1.0"
35.231.5.118 - - [07/Feb/2022:08:28:42 +0100] "GET /app-ads.txt HTTP/1.1" 404 270 "-" "bidswitchbot/1.0"
35.231.5.118 - - [07/Feb/2022:08:28:58 +0100] "GET /robots.txt HTTP/1.1" 200 - "-" "bidswitchbot/1.0"
35.231.5.118 - - [07/Feb/2022:08:29:00 +0100] "GET /robots.txt HTTP/1.1" 200 - "-" "bidswitchbot/1.0"
35.231.5.118 - - [07/Feb/2022:08:29:01 +0100] "GET /app-ads.txt HTTP/1.1" 404 274 "-" "bidswitchbot/1.0"
35.231.5.118 - - [07/Feb/2022:08:29:04 +0100] "GET /robots.txt HTTP/1.1" 200 - "-" "bidswitchbot/1.0"
35.231.5.118 - - [07/Feb/2022:08:29:06 +0100] "GET /robots.txt HTTP/1.1" 200 - "-" "bidswitchbot/1.0"
35.231.5.118 - - [07/Feb/2022:08:29:08 +0100] "GET /app-ads.txt HTTP/1.1" 404 270 "-" "bidswitchbot/1.0"
89.246.241.14 - - [07/Feb/2022:08:30:15 +0100] "GET /AmiKo/OSX HTTP/1.1" 200 9772 "-" "Mozilla/5.0 (Windows NT 10.0; Win64; x64; rv:84.0) Gecko/20100101 Firefox/84.0"
89.246.241.14 - - [07/Feb/2022:08:30:52 +0100] "GET /Generikacc/App HTTP/1.1" 200 11862 "-" "Mozilla/5.0 (Windows NT 10.0; Win64; x64; rv:84.0) Gecko/20100101 Firefox/84.0"
81.240.104.104 - - [07/Feb/2022:08:32:16 +0100] "GET /Miele/MieleLXIV HTTP/1.1" 200 15367 "-" "Mozilla/5.0 (Macintosh; Intel Mac OS X 10_15_7) AppleWebKit/605.1.15 (KHTML, like Gecko) Version/15.2 Safari/605.1.15"
89.246.241.14 - - [07/Feb/2022:08:34:18 +0100] "GET /CoMed/ASPP HTTP/1.1" 200 13118 "-" "Mozilla/5.0 (Windows NT 10.0; Win64; x64; rv:84.0) Gecko/20100101 Firefox/84.0"
89.246.241.14 - - [07/Feb/2022:08:34:55 +0100] "GET /Software/BBMB HTTP/1.1" 200 9385 "-" "Mozilla/5.0 (Windows NT 10.0; Win64; x64; rv:84.0) Gecko/20100101 Firefox/84.0"
185.191.171.21 - - [07/Feb/2022:08:35:42 +0100] "GET /AmiKo/SAPP?action=edit HTTP/1.1" 403 18 "-" "Mozilla/5.0 (compatible; SemrushBot/7~bl; +http://www.semrush.com/bot.html)"
49.7.20.106 - - [07/Feb/2022:08:35:43 +0100] "GET / HTTP/1.1" 200 10756 "-" "Sogou web spider/4.0(+http://www.sogou.com/docs/help/webmasters.htm#07)"
123.125.109.136 - - [07/Feb/2022:08:35:49 +0100] "GET / HTTP/1.1" 200 10756 "-" "Sogou web spider/4.0(+http://www.sogou.com/docs/help/webmasters.htm#07)"
49.7.20.100 - - [07/Feb/2022:08:35:54 +0100] "GET / HTTP/1.1" 200 10756 "-" "Sogou web spider/4.0(+http://www.sogou.com/docs/help/webmasters.htm#07)"
5.45.80.13 - - [07/Feb/2022:08:37:21 +0100] "GET /class-ftsp.php HTTP/1.1" 404 273 "-" "Mozilla/5.0 (Windows NT 10.0; Win64; x64) AppleWebKit/537.36 (KHTML, like Gecko) Chrome/87.0.4280.141 Safari/537.36"
89.246.241.14 - - [07/Feb/2022:08:55:05 +0100] "GET /uploads/Main/amiko_owner_report_fr.html HTTP/1.1" 200 6637 "-" "Mozilla/5.0 (Windows NT 10.0; Win64; x64; rv:84.0) Gecko/20100101 Firefox/84.0"
89.246.241.14 - - [07/Feb/2022:08:56:53 +0100] "GET /AmiKo/IOS HTTP/1.1" 200 11930 "-" "Mozilla/5.0 (Windows NT 10.0; Win64; x64; rv:84.0) Gecko/20100101 Firefox/84.0"
5.45.80.13 - - [07/Feb/2022:09:01:25 +0100] "GET /class-ftsp.php?input= HTTP/1.1" 404 273 "-" "Mozilla/5.0 (Windows NT 10.0; Win64; x64) AppleWebKit/537.36 (KHTML, like Gecko) Chrome/87.0.4280.141 Safari/537.36"
