195.201.194.151 - - [18/Jul/2022:02:13:41 +0200] "GET /Main/Home?action=diff HTTP/1.1" 403 18 "-" "serpstatbot/2.1 (advanced backlink tracking bot; https://serpstatbot.com/; abuse@serpstatbot.com)"
195.201.194.151 - - [18/Jul/2022:02:13:52 +0200] "GET /Main/Home?action=edit HTTP/1.1" 403 18 "-" "serpstatbot/2.1 (advanced backlink tracking bot; https://serpstatbot.com/; abuse@serpstatbot.com)"
195.201.194.151 - - [18/Jul/2022:02:14:08 +0200] "GET /Main/Home?action=print HTTP/1.1" 403 18 "-" "serpstatbot/2.1 (advanced backlink tracking bot; https://serpstatbot.com/; abuse@serpstatbot.com)"
195.201.194.151 - - [18/Jul/2022:02:14:22 +0200] "GET /Main/Home?action=upload HTTP/1.1" 403 18 "-" "serpstatbot/2.1 (advanced backlink tracking bot; https://serpstatbot.com/; abuse@serpstatbot.com)"
195.201.194.151 - - [18/Jul/2022:02:14:38 +0200] "GET /Software/ODDB?action=upload HTTP/1.1" 403 18 "-" "serpstatbot/2.1 (advanced backlink tracking bot; https://serpstatbot.com/; abuse@serpstatbot.com)"
195.201.194.151 - - [18/Jul/2022:02:14:56 +0200] "GET /Software/ODDB?action=print HTTP/1.1" 403 18 "-" "serpstatbot/2.1 (advanced backlink tracking bot; https://serpstatbot.com/; abuse@serpstatbot.com)"
195.201.194.151 - - [18/Jul/2022:02:15:13 +0200] "GET /Software/ODDB?action=edit HTTP/1.1" 403 18 "-" "serpstatbot/2.1 (advanced backlink tracking bot; https://serpstatbot.com/; abuse@serpstatbot.com)"
195.201.194.151 - - [18/Jul/2022:02:15:31 +0200] "GET /Software/ODDB?action=diff HTTP/1.1" 403 18 "-" "serpstatbot/2.1 (advanced backlink tracking bot; https://serpstatbot.com/; abuse@serpstatbot.com)"
195.201.194.151 - - [18/Jul/2022:02:15:50 +0200] "GET /Software/ODBA?n=Main.SideBar?action=edit HTTP/1.1" 403 18 "-" "serpstatbot/2.1 (advanced backlink tracking bot; https://serpstatbot.com/; abuse@serpstatbot.com)"
195.201.194.151 - - [18/Jul/2022:02:16:07 +0200] "GET /Software/ODBA?action=upload HTTP/1.1" 403 18 "-" "serpstatbot/2.1 (advanced backlink tracking bot; https://serpstatbot.com/; abuse@serpstatbot.com)"
195.201.194.151 - - [18/Jul/2022:02:16:26 +0200] "GET /Software/ODBA?action=print HTTP/1.1" 403 18 "-" "serpstatbot/2.1 (advanced backlink tracking bot; https://serpstatbot.com/; abuse@serpstatbot.com)"
195.201.194.151 - - [18/Jul/2022:02:16:37 +0200] "GET /Software/ODBA?action=edit HTTP/1.1" 403 18 "-" "serpstatbot/2.1 (advanced backlink tracking bot; https://serpstatbot.com/; abuse@serpstatbot.com)"
195.201.194.151 - - [18/Jul/2022:02:16:41 +0200] "GET /Software/ODBA?action=diff HTTP/1.1" 403 18 "-" "serpstatbot/2.1 (advanced backlink tracking bot; https://serpstatbot.com/; abuse@serpstatbot.com)"
195.201.194.151 - - [18/Jul/2022:02:16:47 +0200] "GET /Main/SideBar?action=edit HTTP/1.1" 403 18 "-" "serpstatbot/2.1 (advanced backlink tracking bot; https://serpstatbot.com/; abuse@serpstatbot.com)"
195.201.194.151 - - [18/Jul/2022:02:16:53 +0200] "GET /AIPS/Bestaetigung?action=diff HTTP/1.1" 403 18 "-" "serpstatbot/2.1 (advanced backlink tracking bot; https://serpstatbot.com/; abuse@serpstatbot.com)"
195.201.194.151 - - [18/Jul/2022:02:16:59 +0200] "GET /ODDB/OddbDat?action=edit HTTP/1.1" 403 18 "-" "serpstatbot/2.1 (advanced backlink tracking bot; https://serpstatbot.com/; abuse@serpstatbot.com)"
195.201.194.151 - - [18/Jul/2022:02:17:06 +0200] "GET /Profiles/Zrr?action=edit HTTP/1.1" 403 18 "-" "serpstatbot/2.1 (advanced backlink tracking bot; https://serpstatbot.com/; abuse@serpstatbot.com)"
195.201.194.151 - - [18/Jul/2022:02:17:12 +0200] "GET /Profiles/Zrr?action=print HTTP/1.1" 403 18 "-" "serpstatbot/2.1 (advanced backlink tracking bot; https://serpstatbot.com/; abuse@serpstatbot.com)"
195.201.194.151 - - [18/Jul/2022:02:17:23 +0200] "GET /Profiles/Zrr?action=upload HTTP/1.1" 403 18 "-" "serpstatbot/2.1 (advanced backlink tracking bot; https://serpstatbot.com/; abuse@serpstatbot.com)"
195.201.194.151 - - [18/Jul/2022:02:17:34 +0200] "GET /Profiles/Zrr?n=Main.SideBar?action=edit HTTP/1.1" 403 18 "-" "serpstatbot/2.1 (advanced backlink tracking bot; https://serpstatbot.com/; abuse@serpstatbot.com)"
195.201.194.151 - - [18/Jul/2022:02:17:48 +0200] "GET /PublicDomain/AIPS?action=diff HTTP/1.1" 403 18 "-" "serpstatbot/2.1 (advanced backlink tracking bot; https://serpstatbot.com/; abuse@serpstatbot.com)"
195.201.194.151 - - [18/Jul/2022:02:18:04 +0200] "GET /PublicDomain/AIPS?action=upload HTTP/1.1" 403 18 "-" "serpstatbot/2.1 (advanced backlink tracking bot; https://serpstatbot.com/; abuse@serpstatbot.com)"
195.201.194.151 - - [18/Jul/2022:02:18:20 +0200] "GET /PublicDomain/AIPS?n=Main.SideBar?action=edit HTTP/1.1" 403 18 "-" "serpstatbot/2.1 (advanced backlink tracking bot; https://serpstatbot.com/; abuse@serpstatbot.com)"
195.201.194.151 - - [18/Jul/2022:02:18:36 +0200] "GET /PublicDomain/Stammdaten?action=diff HTTP/1.1" 403 18 "-" "serpstatbot/2.1 (advanced backlink tracking bot; https://serpstatbot.com/; abuse@serpstatbot.com)"
195.201.194.151 - - [18/Jul/2022:02:18:52 +0200] "GET /PublicDomain/Stammdaten?action=edit HTTP/1.1" 403 18 "-" "serpstatbot/2.1 (advanced backlink tracking bot; https://serpstatbot.com/; abuse@serpstatbot.com)"
195.201.194.151 - - [18/Jul/2022:02:19:10 +0200] "GET /PublicDomain/Stammdaten?action=print HTTP/1.1" 403 18 "-" "serpstatbot/2.1 (advanced backlink tracking bot; https://serpstatbot.com/; abuse@serpstatbot.com)"
195.201.194.151 - - [18/Jul/2022:02:19:30 +0200] "GET /PublicDomain/Stammdaten?action=upload HTTP/1.1" 403 18 "-" "serpstatbot/2.1 (advanced backlink tracking bot; https://serpstatbot.com/; abuse@serpstatbot.com)"
195.201.194.151 - - [18/Jul/2022:02:19:47 +0200] "GET /PublicDomain/Stammdaten?n=Main.SideBar?action=edit HTTP/1.1" 403 18 "-" "serpstatbot/2.1 (advanced backlink tracking bot; https://serpstatbot.com/; abuse@serpstatbot.com)"
195.201.194.151 - - [18/Jul/2022:02:20:05 +0200] "GET /RedLaser/BarcodeScanner?action=diff HTTP/1.1" 403 18 "-" "serpstatbot/2.1 (advanced backlink tracking bot; https://serpstatbot.com/; abuse@serpstatbot.com)"
195.201.194.151 - - [18/Jul/2022:02:20:24 +0200] "GET /RedLaser/BarcodeScanner?action=edit HTTP/1.1" 403 18 "-" "serpstatbot/2.1 (advanced backlink tracking bot; https://serpstatbot.com/; abuse@serpstatbot.com)"
195.201.194.151 - - [18/Jul/2022:02:20:41 +0200] "GET /RedLaser/BarcodeScanner?action=print HTTP/1.1" 403 18 "-" "serpstatbot/2.1 (advanced backlink tracking bot; https://serpstatbot.com/; abuse@serpstatbot.com)"
195.201.194.151 - - [18/Jul/2022:02:20:58 +0200] "GET /RedLaser/BarcodeScanner?action=upload HTTP/1.1" 403 18 "-" "serpstatbot/2.1 (advanced backlink tracking bot; https://serpstatbot.com/; abuse@serpstatbot.com)"
195.201.194.151 - - [18/Jul/2022:02:21:16 +0200] "GET /RedLaser/BarcodeScanner?n=Main.SideBar?action=edit HTTP/1.1" 403 18 "-" "serpstatbot/2.1 (advanced backlink tracking bot; https://serpstatbot.com/; abuse@serpstatbot.com)"
195.201.194.151 - - [18/Jul/2022:02:21:34 +0200] "GET /Refdatabase/Index?action=diff HTTP/1.1" 403 18 "-" "serpstatbot/2.1 (advanced backlink tracking bot; https://serpstatbot.com/; abuse@serpstatbot.com)"
195.201.194.151 - - [18/Jul/2022:02:21:37 +0200] "GET /Refdatabase/Index?action=edit HTTP/1.1" 403 18 "-" "serpstatbot/2.1 (advanced backlink tracking bot; https://serpstatbot.com/; abuse@serpstatbot.com)"
195.201.194.151 - - [18/Jul/2022:02:21:42 +0200] "GET /Refdatabase/Index?action=print HTTP/1.1" 403 18 "-" "serpstatbot/2.1 (advanced backlink tracking bot; https://serpstatbot.com/; abuse@serpstatbot.com)"
195.201.194.151 - - [18/Jul/2022:02:21:48 +0200] "GET /Refdatabase/Index?action=upload HTTP/1.1" 403 18 "-" "serpstatbot/2.1 (advanced backlink tracking bot; https://serpstatbot.com/; abuse@serpstatbot.com)"
195.201.194.151 - - [18/Jul/2022:02:21:53 +0200] "GET /Refdatabase/Index?n=Main.SideBar?action=edit HTTP/1.1" 403 18 "-" "serpstatbot/2.1 (advanced backlink tracking bot; https://serpstatbot.com/; abuse@serpstatbot.com)"
195.201.194.151 - - [18/Jul/2022:02:22:00 +0200] "GET /Refdatabase/PharmacodeLoeschung?action=diff HTTP/1.1" 403 18 "-" "serpstatbot/2.1 (advanced backlink tracking bot; https://serpstatbot.com/; abuse@serpstatbot.com)"
195.201.194.151 - - [18/Jul/2022:02:22:07 +0200] "GET /Refdatabase/PharmacodeLoeschung?action=edit HTTP/1.1" 403 18 "-" "serpstatbot/2.1 (advanced backlink tracking bot; https://serpstatbot.com/; abuse@serpstatbot.com)"
195.201.194.151 - - [18/Jul/2022:02:22:15 +0200] "GET /Refdatabase/PharmacodeLoeschung?action=print HTTP/1.1" 403 18 "-" "serpstatbot/2.1 (advanced backlink tracking bot; https://serpstatbot.com/; abuse@serpstatbot.com)"
195.201.194.151 - - [18/Jul/2022:02:22:24 +0200] "GET /Refdatabase/PharmacodeLoeschung?action=upload HTTP/1.1" 403 18 "-" "serpstatbot/2.1 (advanced backlink tracking bot; https://serpstatbot.com/; abuse@serpstatbot.com)"
195.201.194.151 - - [18/Jul/2022:02:22:33 +0200] "GET /Refdatabase/PharmacodeLoeschung?n=Main.SideBar?action=edit HTTP/1.1" 403 18 "-" "serpstatbot/2.1 (advanced backlink tracking bot; https://serpstatbot.com/; abuse@serpstatbot.com)"
195.201.194.151 - - [18/Jul/2022:02:22:44 +0200] "GET /Scan2Post/MacOS?action=diff HTTP/1.1" 403 18 "-" "serpstatbot/2.1 (advanced backlink tracking bot; https://serpstatbot.com/; abuse@serpstatbot.com)"
35.163.142.160 - - [18/Jul/2022:02:22:55 +0200] "GET /Main/2013 HTTP/1.1" 200 20487 "-" "Mozilla/5.0 (X11; Ubuntu; Linux x86_64; rv:95.0) Gecko/20100101 Firefox/95.0"
195.201.194.151 - - [18/Jul/2022:02:22:57 +0200] "GET /Scan2Post/MacOS?action=edit HTTP/1.1" 403 18 "-" "serpstatbot/2.1 (advanced backlink tracking bot; https://serpstatbot.com/; abuse@serpstatbot.com)"
195.201.194.151 - - [18/Jul/2022:02:23:12 +0200] "GET /Scan2Post/MacOS?action=print HTTP/1.1" 403 18 "-" "serpstatbot/2.1 (advanced backlink tracking bot; https://serpstatbot.com/; abuse@serpstatbot.com)"
195.201.194.151 - - [18/Jul/2022:02:23:28 +0200] "GET /Scan2Post/MacOS?action=upload HTTP/1.1" 403 18 "-" "serpstatbot/2.1 (advanced backlink tracking bot; https://serpstatbot.com/; abuse@serpstatbot.com)"
195.201.194.151 - - [18/Jul/2022:02:23:45 +0200] "GET /Scan2Post/MacOS?n=Main.SideBar?action=edit HTTP/1.1" 403 18 "-" "serpstatbot/2.1 (advanced backlink tracking bot; https://serpstatbot.com/; abuse@serpstatbot.com)"
195.201.194.151 - - [18/Jul/2022:02:24:01 +0200] "GET /Software/BBMB?action=diff HTTP/1.1" 403 18 "-" "serpstatbot/2.1 (advanced backlink tracking bot; https://serpstatbot.com/; abuse@serpstatbot.com)"
195.201.194.151 - - [18/Jul/2022:02:24:20 +0200] "GET /Software/BBMB?action=print HTTP/1.1" 403 18 "-" "serpstatbot/2.1 (advanced backlink tracking bot; https://serpstatbot.com/; abuse@serpstatbot.com)"
195.201.194.151 - - [18/Jul/2022:02:24:39 +0200] "GET /Software/BBMB?action=upload HTTP/1.1" 403 18 "-" "serpstatbot/2.1 (advanced backlink tracking bot; https://serpstatbot.com/; abuse@serpstatbot.com)"
44.201.24.224 - - [18/Jul/2022:02:24:49 +0200] "GET /robots.txt HTTP/1.1" 200 - "-" "MauiBot (crawler.feedback+gamma@gmail.com)"
195.201.194.151 - - [18/Jul/2022:02:24:56 +0200] "GET /Software/BBMB?n=Main.SideBar?action=edit HTTP/1.1" 403 18 "-" "serpstatbot/2.1 (advanced backlink tracking bot; https://serpstatbot.com/; abuse@serpstatbot.com)"
195.201.194.151 - - [18/Jul/2022:02:25:16 +0200] "GET /Software/Developers?action=diff HTTP/1.1" 403 18 "-" "serpstatbot/2.1 (advanced backlink tracking bot; https://serpstatbot.com/; abuse@serpstatbot.com)"
195.201.194.151 - - [18/Jul/2022:02:25:35 +0200] "GET /Software/Developers?n=Main.SideBar?action=edit HTTP/1.1" 403 18 "-" "serpstatbot/2.1 (advanced backlink tracking bot; https://serpstatbot.com/; abuse@serpstatbot.com)"
195.201.194.151 - - [18/Jul/2022:02:26:34 +0200] "GET /Swissmedic/Packungen?n=Main.SideBar?action=edit HTTP/1.1" 403 18 "-" "serpstatbot/2.1 (advanced backlink tracking bot; https://serpstatbot.com/; abuse@serpstatbot.com)"
195.201.194.151 - - [18/Jul/2022:02:26:38 +0200] "GET /ODDB/Flow?action=upload HTTP/1.1" 403 18 "-" "serpstatbot/2.1 (advanced backlink tracking bot; https://serpstatbot.com/; abuse@serpstatbot.com)"
195.201.194.151 - - [18/Jul/2022:02:26:42 +0200] "GET /ODDB/Flow?action=print HTTP/1.1" 403 18 "-" "serpstatbot/2.1 (advanced backlink tracking bot; https://serpstatbot.com/; abuse@serpstatbot.com)"
195.201.194.151 - - [18/Jul/2022:02:26:47 +0200] "GET /ODDB/Flow?action=edit HTTP/1.1" 403 18 "-" "serpstatbot/2.1 (advanced backlink tracking bot; https://serpstatbot.com/; abuse@serpstatbot.com)"
195.201.194.151 - - [18/Jul/2022:02:26:52 +0200] "GET /ODDB/Flow?action=diff HTTP/1.1" 403 18 "-" "serpstatbot/2.1 (advanced backlink tracking bot; https://serpstatbot.com/; abuse@serpstatbot.com)"
195.201.194.151 - - [18/Jul/2022:02:26:57 +0200] "GET /Miele/MieleLXIVScreenshots?n=Main.SideBar?action=edit HTTP/1.1" 403 18 "-" "serpstatbot/2.1 (advanced backlink tracking bot; https://serpstatbot.com/; abuse@serpstatbot.com)"
195.201.194.151 - - [18/Jul/2022:02:27:02 +0200] "GET /Miele/MieleLXIVScreenshots?action=upload HTTP/1.1" 403 18 "-" "serpstatbot/2.1 (advanced backlink tracking bot; https://serpstatbot.com/; abuse@serpstatbot.com)"
195.201.194.151 - - [18/Jul/2022:02:27:09 +0200] "GET /Miele/MieleLXIVScreenshots?action=print HTTP/1.1" 403 18 "-" "serpstatbot/2.1 (advanced backlink tracking bot; https://serpstatbot.com/; abuse@serpstatbot.com)"
195.201.194.151 - - [18/Jul/2022:02:27:16 +0200] "GET /Miele/MieleLXIVScreenshots?action=edit HTTP/1.1" 403 18 "-" "serpstatbot/2.1 (advanced backlink tracking bot; https://serpstatbot.com/; abuse@serpstatbot.com)"
195.201.194.151 - - [18/Jul/2022:02:27:25 +0200] "GET /Miele/MieleLXIVScreenshots?action=diff HTTP/1.1" 403 18 "-" "serpstatbot/2.1 (advanced backlink tracking bot; https://serpstatbot.com/; abuse@serpstatbot.com)"
103.218.241.69 - - [18/Jul/2022:02:27:32 +0200] "GET / HTTP/1.1" 200 12074 "-" "Mozilla/5.0 (Macintosh; Intel Mac OS X 10_15_4) AppleWebKit/537.36 (KHTML, like Gecko) Chrome/89.0.4389.90 Safari/537.36"
195.201.194.151 - - [18/Jul/2022:02:27:34 +0200] "GET /Miele/Index?n=Main.SideBar?action=edit HTTP/1.1" 403 18 "-" "serpstatbot/2.1 (advanced backlink tracking bot; https://serpstatbot.com/; abuse@serpstatbot.com)"
195.201.194.151 - - [18/Jul/2022:02:27:46 +0200] "GET /Miele/Index?action=upload HTTP/1.1" 403 18 "-" "serpstatbot/2.1 (advanced backlink tracking bot; https://serpstatbot.com/; abuse@serpstatbot.com)"
89.246.241.14 - - [18/Jul/2022:02:27:47 +0200] "GET /Miele/MieleLXIV HTTP/1.1" 200 15367 "-" "Mozilla/5.0 (Windows NT 10.0; Win64; x64; rv:84.0) Gecko/20100101 Firefox/84.0"
195.201.194.151 - - [18/Jul/2022:02:27:58 +0200] "GET /Miele/Index?action=print HTTP/1.1" 403 18 "-" "serpstatbot/2.1 (advanced backlink tracking bot; https://serpstatbot.com/; abuse@serpstatbot.com)"
195.201.194.151 - - [18/Jul/2022:02:28:12 +0200] "GET /Miele/Index?action=edit HTTP/1.1" 403 18 "-" "serpstatbot/2.1 (advanced backlink tracking bot; https://serpstatbot.com/; abuse@serpstatbot.com)"
195.201.194.151 - - [18/Jul/2022:02:28:26 +0200] "GET /Miele/Index?action=diff HTTP/1.1" 403 18 "-" "serpstatbot/2.1 (advanced backlink tracking bot; https://serpstatbot.com/; abuse@serpstatbot.com)"
89.246.241.14 - - [18/Jul/2022:02:28:37 +0200] "GET /AmiKo/Web HTTP/1.1" 200 9588 "-" "Mozilla/5.0 (Windows NT 10.0; Win64; x64; rv:84.0) Gecko/20100101 Firefox/84.0"
195.201.194.151 - - [18/Jul/2022:02:28:40 +0200] "GET /Main/Legende?n=Main.SideBar?action=edit HTTP/1.1" 403 18 "-" "serpstatbot/2.1 (advanced backlink tracking bot; https://serpstatbot.com/; abuse@serpstatbot.com)"
195.201.194.151 - - [18/Jul/2022:02:28:56 +0200] "GET /Main/Legende?action=upload HTTP/1.1" 403 18 "-" "serpstatbot/2.1 (advanced backlink tracking bot; https://serpstatbot.com/; abuse@serpstatbot.com)"
195.201.194.151 - - [18/Jul/2022:02:29:12 +0200] "GET /Main/Legende?action=print HTTP/1.1" 403 18 "-" "serpstatbot/2.1 (advanced backlink tracking bot; https://serpstatbot.com/; abuse@serpstatbot.com)"
195.201.194.151 - - [18/Jul/2022:02:29:28 +0200] "GET /Main/Legende?action=edit HTTP/1.1" 403 18 "-" "serpstatbot/2.1 (advanced backlink tracking bot; https://serpstatbot.com/; abuse@serpstatbot.com)"
195.201.194.151 - - [18/Jul/2022:02:29:45 +0200] "GET /Main/Legende?action=diff HTTP/1.1" 403 18 "-" "serpstatbot/2.1 (advanced backlink tracking bot; https://serpstatbot.com/; abuse@serpstatbot.com)"
195.201.194.151 - - [18/Jul/2022:02:30:01 +0200] "GET /Main/EANCode?n=Main.SideBar?action=edit HTTP/1.1" 403 18 "-" "serpstatbot/2.1 (advanced backlink tracking bot; https://serpstatbot.com/; abuse@serpstatbot.com)"
195.201.194.151 - - [18/Jul/2022:02:30:17 +0200] "GET /Main/EANCode?action=upload HTTP/1.1" 403 18 "-" "serpstatbot/2.1 (advanced backlink tracking bot; https://serpstatbot.com/; abuse@serpstatbot.com)"
185.191.171.35 - - [18/Jul/2022:02:30:32 +0200] "GET /Ywesee/KurzFachinfo?action=diff HTTP/1.1" 403 18 "-" "Mozilla/5.0 (compatible; SemrushBot/7~bl; +http://www.semrush.com/bot.html)"
195.201.194.151 - - [18/Jul/2022:02:30:33 +0200] "GET /Main/EANCode?action=print HTTP/1.1" 403 18 "-" "serpstatbot/2.1 (advanced backlink tracking bot; https://serpstatbot.com/; abuse@serpstatbot.com)"
195.201.194.151 - - [18/Jul/2022:02:30:49 +0200] "GET /Main/EANCode?action=edit HTTP/1.1" 403 18 "-" "serpstatbot/2.1 (advanced backlink tracking bot; https://serpstatbot.com/; abuse@serpstatbot.com)"
195.201.194.151 - - [18/Jul/2022:02:31:06 +0200] "GET /Main/EANCode?action=diff HTTP/1.1" 403 18 "-" "serpstatbot/2.1 (advanced backlink tracking bot; https://serpstatbot.com/; abuse@serpstatbot.com)"
195.201.194.151 - - [18/Jul/2022:02:31:34 +0200] "GET /Swissmedic/Packungen?action=diff HTTP/1.1" 403 18 "-" "serpstatbot/2.1 (advanced backlink tracking bot; https://serpstatbot.com/; abuse@serpstatbot.com)"
195.201.194.151 - - [18/Jul/2022:02:31:39 +0200] "GET /Swissmedic/Packungen?action=edit HTTP/1.1" 403 18 "-" "serpstatbot/2.1 (advanced backlink tracking bot; https://serpstatbot.com/; abuse@serpstatbot.com)"
195.201.194.151 - - [18/Jul/2022:02:31:43 +0200] "GET /Swissmedic/Packungen?action=print HTTP/1.1" 403 18 "-" "serpstatbot/2.1 (advanced backlink tracking bot; https://serpstatbot.com/; abuse@serpstatbot.com)"
195.201.194.151 - - [18/Jul/2022:02:31:48 +0200] "GET /Swissmedic/Packungen?action=upload HTTP/1.1" 403 18 "-" "serpstatbot/2.1 (advanced backlink tracking bot; https://serpstatbot.com/; abuse@serpstatbot.com)"
195.201.194.151 - - [18/Jul/2022:02:31:52 +0200] "GET /ODDB/Flow?n=Main.SideBar?action=edit HTTP/1.1" 403 18 "-" "serpstatbot/2.1 (advanced backlink tracking bot; https://serpstatbot.com/; abuse@serpstatbot.com)"
89.246.241.14 - - [18/Jul/2022:02:31:56 +0200] "GET /uploads/Main/Google_BERT_InfoCodex.pdf HTTP/1.1" 200 40002 "-" "Mozilla/5.0 (Windows NT 10.0; Win64; x64; rv:84.0) Gecko/20100101 Firefox/84.0"
195.201.194.151 - - [18/Jul/2022:02:31:57 +0200] "GET /Swissmedic/PraeparatelisteMitWS?action=diff HTTP/1.1" 403 18 "-" "serpstatbot/2.1 (advanced backlink tracking bot; https://serpstatbot.com/; abuse@serpstatbot.com)"
195.201.194.151 - - [18/Jul/2022:02:32:02 +0200] "GET /Ywesee/Stanza?action=print HTTP/1.1" 403 18 "-" "serpstatbot/2.1 (advanced backlink tracking bot; https://serpstatbot.com/; abuse@serpstatbot.com)"
195.201.194.151 - - [18/Jul/2022:02:32:10 +0200] "GET /Swissmedic/PraeparatelisteMitWS?action=print HTTP/1.1" 403 18 "-" "serpstatbot/2.1 (advanced backlink tracking bot; https://serpstatbot.com/; abuse@serpstatbot.com)"
195.201.194.151 - - [18/Jul/2022:02:32:17 +0200] "GET /Swissmedic/PraeparatelisteMitWS?action=upload HTTP/1.1" 403 18 "-" "serpstatbot/2.1 (advanced backlink tracking bot; https://serpstatbot.com/; abuse@serpstatbot.com)"
195.201.194.151 - - [18/Jul/2022:02:32:26 +0200] "GET /Swissmedic/PraeparatelisteMitWS?n=Main.SideBar?action=edit HTTP/1.1" 403 18 "-" "serpstatbot/2.1 (advanced backlink tracking bot; https://serpstatbot.com/; abuse@serpstatbot.com)"
195.201.194.151 - - [18/Jul/2022:02:32:37 +0200] "GET /Wiget/PhMPrescriber?action=diff HTTP/1.1" 403 18 "-" "serpstatbot/2.1 (advanced backlink tracking bot; https://serpstatbot.com/; abuse@serpstatbot.com)"
195.201.194.151 - - [18/Jul/2022:02:32:50 +0200] "GET /Wiget/PhMPrescriber?action=edit HTTP/1.1" 403 18 "-" "serpstatbot/2.1 (advanced backlink tracking bot; https://serpstatbot.com/; abuse@serpstatbot.com)"
195.201.194.151 - - [18/Jul/2022:02:33:03 +0200] "GET /Wiget/PhMPrescriber?action=print HTTP/1.1" 403 18 "-" "serpstatbot/2.1 (advanced backlink tracking bot; https://serpstatbot.com/; abuse@serpstatbot.com)"
195.201.194.151 - - [18/Jul/2022:02:33:21 +0200] "GET /Wiget/PhMPrescriber?action=upload HTTP/1.1" 403 18 "-" "serpstatbot/2.1 (advanced backlink tracking bot; https://serpstatbot.com/; abuse@serpstatbot.com)"
195.201.194.151 - - [18/Jul/2022:02:33:36 +0200] "GET /Swissmedic/PraeparatelisteMitWS?action=edit HTTP/1.1" 403 18 "-" "serpstatbot/2.1 (advanced backlink tracking bot; https://serpstatbot.com/; abuse@serpstatbot.com)"
195.201.194.151 - - [18/Jul/2022:02:33:52 +0200] "GET /Ywesee/About?action=diff HTTP/1.1" 403 18 "-" "serpstatbot/2.1 (advanced backlink tracking bot; https://serpstatbot.com/; abuse@serpstatbot.com)"
195.201.194.151 - - [18/Jul/2022:02:34:07 +0200] "GET /Ywesee/About?action=edit HTTP/1.1" 403 18 "-" "serpstatbot/2.1 (advanced backlink tracking bot; https://serpstatbot.com/; abuse@serpstatbot.com)"
195.201.194.151 - - [18/Jul/2022:02:34:18 +0200] "GET /Apotheke/POS?action=diff HTTP/1.1" 403 18 "-" "serpstatbot/2.1 (advanced backlink tracking bot; https://serpstatbot.com/; abuse@serpstatbot.com)"
195.201.194.151 - - [18/Jul/2022:02:34:36 +0200] "GET /Software/XMLConv?action=print HTTP/1.1" 403 18 "-" "serpstatbot/2.1 (advanced backlink tracking bot; https://serpstatbot.com/; abuse@serpstatbot.com)"
195.201.194.151 - - [18/Jul/2022:02:34:50 +0200] "GET /Main/ComCo19122016?action=print HTTP/1.1" 403 18 "-" "serpstatbot/2.1 (advanced backlink tracking bot; https://serpstatbot.com/; abuse@serpstatbot.com)"
195.201.194.151 - - [18/Jul/2022:02:35:04 +0200] "GET /Main/ComCo19122016?action=upload HTTP/1.1" 403 18 "-" "serpstatbot/2.1 (advanced backlink tracking bot; https://serpstatbot.com/; abuse@serpstatbot.com)"
195.201.194.151 - - [18/Jul/2022:02:35:20 +0200] "GET /Main/ComCo19122016?n=Main.SideBar?action=edit HTTP/1.1" 403 18 "-" "serpstatbot/2.1 (advanced backlink tracking bot; https://serpstatbot.com/; abuse@serpstatbot.com)"
195.201.194.151 - - [18/Jul/2022:02:35:34 +0200] "GET /Main/Diovan?action=diff HTTP/1.1" 403 18 "-" "serpstatbot/2.1 (advanced backlink tracking bot; https://serpstatbot.com/; abuse@serpstatbot.com)"
195.201.194.151 - - [18/Jul/2022:02:35:49 +0200] "GET /Main/Diovan?action=edit HTTP/1.1" 403 18 "-" "serpstatbot/2.1 (advanced backlink tracking bot; https://serpstatbot.com/; abuse@serpstatbot.com)"
195.201.194.151 - - [18/Jul/2022:02:36:03 +0200] "GET /Main/Diovan?action=print HTTP/1.1" 403 18 "-" "serpstatbot/2.1 (advanced backlink tracking bot; https://serpstatbot.com/; abuse@serpstatbot.com)"
195.201.194.151 - - [18/Jul/2022:02:36:18 +0200] "GET /Main/Diovan?action=upload HTTP/1.1" 403 18 "-" "serpstatbot/2.1 (advanced backlink tracking bot; https://serpstatbot.com/; abuse@serpstatbot.com)"
195.201.194.151 - - [18/Jul/2022:02:36:34 +0200] "GET /Main/Diovan?n=Main.SideBar?action=edit HTTP/1.1" 403 18 "-" "serpstatbot/2.1 (advanced backlink tracking bot; https://serpstatbot.com/; abuse@serpstatbot.com)"
195.201.194.151 - - [18/Jul/2022:02:36:37 +0200] "GET /Main/EPUB?action=diff HTTP/1.1" 403 18 "-" "serpstatbot/2.1 (advanced backlink tracking bot; https://serpstatbot.com/; abuse@serpstatbot.com)"
195.201.194.151 - - [18/Jul/2022:02:36:41 +0200] "GET /Main/EPUB?action=edit HTTP/1.1" 403 18 "-" "serpstatbot/2.1 (advanced backlink tracking bot; https://serpstatbot.com/; abuse@serpstatbot.com)"
195.201.194.151 - - [18/Jul/2022:02:36:46 +0200] "GET /Main/EPUB?action=print HTTP/1.1" 403 18 "-" "serpstatbot/2.1 (advanced backlink tracking bot; https://serpstatbot.com/; abuse@serpstatbot.com)"
195.201.194.151 - - [18/Jul/2022:02:36:51 +0200] "GET /Main/EPUB?action=upload HTTP/1.1" 403 18 "-" "serpstatbot/2.1 (advanced backlink tracking bot; https://serpstatbot.com/; abuse@serpstatbot.com)"
195.201.194.151 - - [18/Jul/2022:02:36:56 +0200] "GET /Main/EPUB?n=Main.SideBar?action=edit HTTP/1.1" 403 18 "-" "serpstatbot/2.1 (advanced backlink tracking bot; https://serpstatbot.com/; abuse@serpstatbot.com)"
195.201.194.151 - - [18/Jul/2022:02:37:02 +0200] "GET /Main/MediStammdatenKostenSchweiz?action=print HTTP/1.1" 403 18 "-" "serpstatbot/2.1 (advanced backlink tracking bot; https://serpstatbot.com/; abuse@serpstatbot.com)"
195.201.194.151 - - [18/Jul/2022:02:37:08 +0200] "GET /Main/MediStammdatenKostenSchweiz?action=upload HTTP/1.1" 403 18 "-" "serpstatbot/2.1 (advanced backlink tracking bot; https://serpstatbot.com/; abuse@serpstatbot.com)"
195.201.194.151 - - [18/Jul/2022:02:37:15 +0200] "GET /Main/MediStammdatenKostenSchweiz?n=Main.SideBar?action=edit HTTP/1.1" 403 18 "-" "serpstatbot/2.1 (advanced backlink tracking bot; https://serpstatbot.com/; abuse@serpstatbot.com)"
195.201.194.151 - - [18/Jul/2022:02:37:24 +0200] "GET /Main/OmixOcas?action=diff HTTP/1.1" 403 18 "-" "serpstatbot/2.1 (advanced backlink tracking bot; https://serpstatbot.com/; abuse@serpstatbot.com)"
195.201.194.151 - - [18/Jul/2022:02:37:31 +0200] "GET /Main/OmixOcas?action=print HTTP/1.1" 403 18 "-" "serpstatbot/2.1 (advanced backlink tracking bot; https://serpstatbot.com/; abuse@serpstatbot.com)"
195.201.194.151 - - [18/Jul/2022:02:37:40 +0200] "GET /InfoCodex/Abstracts?action=upload HTTP/1.1" 403 18 "-" "serpstatbot/2.1 (advanced backlink tracking bot; https://serpstatbot.com/; abuse@serpstatbot.com)"
195.201.194.151 - - [18/Jul/2022:02:37:48 +0200] "GET /Main/OmixOcas?n=Main.SideBar?action=edit HTTP/1.1" 403 18 "-" "serpstatbot/2.1 (advanced backlink tracking bot; https://serpstatbot.com/; abuse@serpstatbot.com)"
195.201.194.151 - - [18/Jul/2022:02:37:57 +0200] "GET /Main/Phostal?action=diff HTTP/1.1" 403 18 "-" "serpstatbot/2.1 (advanced backlink tracking bot; https://serpstatbot.com/; abuse@serpstatbot.com)"
195.201.194.151 - - [18/Jul/2022:02:38:08 +0200] "GET /Main/Phostal?action=edit HTTP/1.1" 403 18 "-" "serpstatbot/2.1 (advanced backlink tracking bot; https://serpstatbot.com/; abuse@serpstatbot.com)"
195.201.194.151 - - [18/Jul/2022:02:38:19 +0200] "GET /Main/Phostal?action=print HTTP/1.1" 403 18 "-" "serpstatbot/2.1 (advanced backlink tracking bot; https://serpstatbot.com/; abuse@serpstatbot.com)"
195.201.194.151 - - [18/Jul/2022:02:38:29 +0200] "GET /Main/Phostal?action=upload HTTP/1.1" 403 18 "-" "serpstatbot/2.1 (advanced backlink tracking bot; https://serpstatbot.com/; abuse@serpstatbot.com)"
195.201.194.151 - - [18/Jul/2022:02:38:40 +0200] "GET /Main/Phostal?n=Main.SideBar?action=edit HTTP/1.1" 403 18 "-" "serpstatbot/2.1 (advanced backlink tracking bot; https://serpstatbot.com/; abuse@serpstatbot.com)"
3.86.237.43 - - [18/Jul/2022:02:38:48 +0200] "GET /robots.txt HTTP/1.1" 200 - "-" "Mozilla/5.0 (Macintosh; Intel Mac OS X 10_10_1) AppleWebKit/600.2.5 (KHTML\\, like Gecko) Version/8.0.2 Safari/600.2.5 (Amazonbot/0.1; +https://developer.amazon.com/support/amazonbot)"
195.201.194.151 - - [18/Jul/2022:02:38:53 +0200] "GET /ODDB/Index?action=diff HTTP/1.1" 403 18 "-" "serpstatbot/2.1 (advanced backlink tracking bot; https://serpstatbot.com/; abuse@serpstatbot.com)"
89.246.241.14 - - [18/Jul/2022:02:39:05 +0200] "GET /Oddb2xml/Index HTTP/1.1" 200 8983 "-" "Mozilla/5.0 (Windows NT 10.0; Win64; x64; rv:84.0) Gecko/20100101 Firefox/84.0"
195.201.194.151 - - [18/Jul/2022:02:39:05 +0200] "GET /ODDB/Index?action=edit HTTP/1.1" 403 18 "-" "serpstatbot/2.1 (advanced backlink tracking bot; https://serpstatbot.com/; abuse@serpstatbot.com)"
195.201.194.151 - - [18/Jul/2022:02:39:18 +0200] "GET /ODDB/Index?action=print HTTP/1.1" 403 18 "-" "serpstatbot/2.1 (advanced backlink tracking bot; https://serpstatbot.com/; abuse@serpstatbot.com)"
195.201.194.151 - - [18/Jul/2022:02:39:30 +0200] "GET /ODDB/Index?action=upload HTTP/1.1" 403 18 "-" "serpstatbot/2.1 (advanced backlink tracking bot; https://serpstatbot.com/; abuse@serpstatbot.com)"
195.201.194.151 - - [18/Jul/2022:02:39:44 +0200] "GET /ODDB/Index?n=Main.SideBar?action=edit HTTP/1.1" 403 18 "-" "serpstatbot/2.1 (advanced backlink tracking bot; https://serpstatbot.com/; abuse@serpstatbot.com)"
195.201.194.151 - - [18/Jul/2022:02:39:56 +0200] "GET /Oddb2xml/Bemerkungen?action=diff HTTP/1.1" 403 18 "-" "serpstatbot/2.1 (advanced backlink tracking bot; https://serpstatbot.com/; abuse@serpstatbot.com)"
195.201.194.151 - - [18/Jul/2022:02:40:08 +0200] "GET /Oddb2xml/Bemerkungen?action=edit HTTP/1.1" 403 18 "-" "serpstatbot/2.1 (advanced backlink tracking bot; https://serpstatbot.com/; abuse@serpstatbot.com)"
195.201.194.151 - - [18/Jul/2022:02:40:23 +0200] "GET /Oddb2xml/Bemerkungen?action=upload HTTP/1.1" 403 18 "-" "serpstatbot/2.1 (advanced backlink tracking bot; https://serpstatbot.com/; abuse@serpstatbot.com)"
89.246.241.14 - - [18/Jul/2022:02:40:27 +0200] "GET /AmiKo/Linux HTTP/1.1" 200 9217 "-" "Mozilla/5.0 (Windows NT 10.0; Win64; x64; rv:84.0) Gecko/20100101 Firefox/84.0"
195.201.194.151 - - [18/Jul/2022:02:40:36 +0200] "GET /Oddb2xml/Bemerkungen?n=Main.SideBar?action=edit HTTP/1.1" 403 18 "-" "serpstatbot/2.1 (advanced backlink tracking bot; https://serpstatbot.com/; abuse@serpstatbot.com)"
195.201.194.151 - - [18/Jul/2022:02:40:51 +0200] "GET /Oddb2xml/Felder?action=diff HTTP/1.1" 403 18 "-" "serpstatbot/2.1 (advanced backlink tracking bot; https://serpstatbot.com/; abuse@serpstatbot.com)"
195.201.194.151 - - [18/Jul/2022:02:41:04 +0200] "GET /Oddb2xml/Felder?action=edit HTTP/1.1" 403 18 "-" "serpstatbot/2.1 (advanced backlink tracking bot; https://serpstatbot.com/; abuse@serpstatbot.com)"
195.201.194.151 - - [18/Jul/2022:02:41:19 +0200] "GET /Oddb2xml/Felder?action=print HTTP/1.1" 403 18 "-" "serpstatbot/2.1 (advanced backlink tracking bot; https://serpstatbot.com/; abuse@serpstatbot.com)"
195.201.194.151 - - [18/Jul/2022:02:41:34 +0200] "GET /Oddb2xml/Felder?action=upload HTTP/1.1" 403 18 "-" "serpstatbot/2.1 (advanced backlink tracking bot; https://serpstatbot.com/; abuse@serpstatbot.com)"
195.201.194.151 - - [18/Jul/2022:02:41:36 +0200] "GET /Oddb2xml/Felder?n=Main.SideBar?action=edit HTTP/1.1" 403 18 "-" "serpstatbot/2.1 (advanced backlink tracking bot; https://serpstatbot.com/; abuse@serpstatbot.com)"
195.201.194.151 - - [18/Jul/2022:02:41:43 +0200] "GET /Oddb2xml/Index?action=diff HTTP/1.1" 403 18 "-" "serpstatbot/2.1 (advanced backlink tracking bot; https://serpstatbot.com/; abuse@serpstatbot.com)"
195.201.194.151 - - [18/Jul/2022:02:41:48 +0200] "GET /Oddb2xml/Index?action=edit HTTP/1.1" 403 18 "-" "serpstatbot/2.1 (advanced backlink tracking bot; https://serpstatbot.com/; abuse@serpstatbot.com)"
195.201.194.151 - - [18/Jul/2022:02:41:54 +0200] "GET /Oddb2xml/Index?action=print HTTP/1.1" 403 18 "-" "serpstatbot/2.1 (advanced backlink tracking bot; https://serpstatbot.com/; abuse@serpstatbot.com)"
195.201.194.151 - - [18/Jul/2022:02:42:00 +0200] "GET /Oddb2xml/Index?action=upload HTTP/1.1" 403 18 "-" "serpstatbot/2.1 (advanced backlink tracking bot; https://serpstatbot.com/; abuse@serpstatbot.com)"
195.201.194.151 - - [18/Jul/2022:02:42:05 +0200] "GET /Oddb2xml/Index?n=Main.SideBar?action=edit HTTP/1.1" 403 18 "-" "serpstatbot/2.1 (advanced backlink tracking bot; https://serpstatbot.com/; abuse@serpstatbot.com)"
195.201.194.151 - - [18/Jul/2022:02:42:15 +0200] "GET /PublicDomain/StammdatenFR?action=diff HTTP/1.1" 403 18 "-" "serpstatbot/2.1 (advanced backlink tracking bot; https://serpstatbot.com/; abuse@serpstatbot.com)"
195.201.194.151 - - [18/Jul/2022:02:42:23 +0200] "GET /PublicDomain/StammdatenFR?action=edit HTTP/1.1" 403 18 "-" "serpstatbot/2.1 (advanced backlink tracking bot; https://serpstatbot.com/; abuse@serpstatbot.com)"
34.212.168.249 - - [18/Jul/2022:02:42:24 +0200] "GET /Main/Home/action=print HTTP/1.1" 404 250 "-" "Mozilla/5.0 (X11; Ubuntu; Linux x86_64; rv:95.0) Gecko/20100101 Firefox/95.0"
195.201.194.151 - - [18/Jul/2022:02:42:34 +0200] "GET /PublicDomain/StammdatenFR?action=print HTTP/1.1" 403 18 "-" "serpstatbot/2.1 (advanced backlink tracking bot; https://serpstatbot.com/; abuse@serpstatbot.com)"
195.201.194.151 - - [18/Jul/2022:02:42:47 +0200] "GET /PublicDomain/StammdatenFR?action=upload HTTP/1.1" 403 18 "-" "serpstatbot/2.1 (advanced backlink tracking bot; https://serpstatbot.com/; abuse@serpstatbot.com)"
195.201.194.151 - - [18/Jul/2022:02:42:58 +0200] "GET /PublicDomain/StammdatenFR?n=Main.SideBar?action=edit HTTP/1.1" 403 18 "-" "serpstatbot/2.1 (advanced backlink tracking bot; https://serpstatbot.com/; abuse@serpstatbot.com)"
195.201.194.151 - - [18/Jul/2022:02:43:11 +0200] "GET /Refdata/LoeschungFelder?action=diff HTTP/1.1" 403 18 "-" "serpstatbot/2.1 (advanced backlink tracking bot; https://serpstatbot.com/; abuse@serpstatbot.com)"
195.201.194.151 - - [18/Jul/2022:02:43:24 +0200] "GET /Refdata/LoeschungFelder?action=edit HTTP/1.1" 403 18 "-" "serpstatbot/2.1 (advanced backlink tracking bot; https://serpstatbot.com/; abuse@serpstatbot.com)"
195.201.194.151 - - [18/Jul/2022:02:43:37 +0200] "GET /Refdata/LoeschungFelder?action=print HTTP/1.1" 403 18 "-" "serpstatbot/2.1 (advanced backlink tracking bot; https://serpstatbot.com/; abuse@serpstatbot.com)"
195.201.194.151 - - [18/Jul/2022:02:43:51 +0200] "GET /Refdata/LoeschungFelder?action=upload HTTP/1.1" 403 18 "-" "serpstatbot/2.1 (advanced backlink tracking bot; https://serpstatbot.com/; abuse@serpstatbot.com)"
195.201.194.151 - - [18/Jul/2022:02:44:04 +0200] "GET /Refdata/LoeschungFelder?n=Main.SideBar?action=edit HTTP/1.1" 403 18 "-" "serpstatbot/2.1 (advanced backlink tracking bot; https://serpstatbot.com/; abuse@serpstatbot.com)"
195.201.194.151 - - [18/Jul/2022:02:44:17 +0200] "GET /Software/XMLConv?action=diff HTTP/1.1" 403 18 "-" "serpstatbot/2.1 (advanced backlink tracking bot; https://serpstatbot.com/; abuse@serpstatbot.com)"
195.201.194.151 - - [18/Jul/2022:02:44:30 +0200] "GET /Software/XMLConv?action=edit HTTP/1.1" 403 18 "-" "serpstatbot/2.1 (advanced backlink tracking bot; https://serpstatbot.com/; abuse@serpstatbot.com)"
195.201.194.151 - - [18/Jul/2022:02:44:45 +0200] "GET /Ywesee/InfoCodexProximity?action=edit HTTP/1.1" 403 18 "-" "serpstatbot/2.1 (advanced backlink tracking bot; https://serpstatbot.com/; abuse@serpstatbot.com)"
195.201.194.151 - - [18/Jul/2022:02:44:57 +0200] "GET /Software/XMLConv?action=upload HTTP/1.1" 403 18 "-" "serpstatbot/2.1 (advanced backlink tracking bot; https://serpstatbot.com/; abuse@serpstatbot.com)"
195.201.194.151 - - [18/Jul/2022:02:45:14 +0200] "GET /Software/XMLConv?n=Main.SideBar?action=edit HTTP/1.1" 403 18 "-" "serpstatbot/2.1 (advanced backlink tracking bot; https://serpstatbot.com/; abuse@serpstatbot.com)"
195.201.194.151 - - [18/Jul/2022:02:45:28 +0200] "GET /Software/YDIM?action=diff HTTP/1.1" 403 18 "-" "serpstatbot/2.1 (advanced backlink tracking bot; https://serpstatbot.com/; abuse@serpstatbot.com)"
195.201.194.151 - - [18/Jul/2022:02:45:43 +0200] "GET /Software/YDIM?action=edit HTTP/1.1" 403 18 "-" "serpstatbot/2.1 (advanced backlink tracking bot; https://serpstatbot.com/; abuse@serpstatbot.com)"
195.201.194.151 - - [18/Jul/2022:02:45:57 +0200] "GET /Software/YDIM?action=print HTTP/1.1" 403 18 "-" "serpstatbot/2.1 (advanced backlink tracking bot; https://serpstatbot.com/; abuse@serpstatbot.com)"
195.201.194.151 - - [18/Jul/2022:02:46:12 +0200] "GET /Software/YDIM?action=upload HTTP/1.1" 403 18 "-" "serpstatbot/2.1 (advanced backlink tracking bot; https://serpstatbot.com/; abuse@serpstatbot.com)"
195.201.194.151 - - [18/Jul/2022:02:46:28 +0200] "GET /Software/YDIM?n=Main.SideBar?action=edit HTTP/1.1" 403 18 "-" "serpstatbot/2.1 (advanced backlink tracking bot; https://serpstatbot.com/; abuse@serpstatbot.com)"
195.201.194.151 - - [18/Jul/2022:02:46:36 +0200] "GET /SpitalSchweiz/Index?action=diff HTTP/1.1" 403 18 "-" "serpstatbot/2.1 (advanced backlink tracking bot; https://serpstatbot.com/; abuse@serpstatbot.com)"
195.201.194.151 - - [18/Jul/2022:02:46:43 +0200] "GET /SpitalSchweiz/Index?action=edit HTTP/1.1" 403 18 "-" "serpstatbot/2.1 (advanced backlink tracking bot; https://serpstatbot.com/; abuse@serpstatbot.com)"
195.201.194.151 - - [18/Jul/2022:02:46:48 +0200] "GET /SpitalSchweiz/Index?action=print HTTP/1.1" 403 18 "-" "serpstatbot/2.1 (advanced backlink tracking bot; https://serpstatbot.com/; abuse@serpstatbot.com)"
195.201.194.151 - - [18/Jul/2022:02:46:53 +0200] "GET /SpitalSchweiz/Index?action=upload HTTP/1.1" 403 18 "-" "serpstatbot/2.1 (advanced backlink tracking bot; https://serpstatbot.com/; abuse@serpstatbot.com)"
195.201.194.151 - - [18/Jul/2022:02:47:00 +0200] "GET /SpitalSchweiz/Index?n=Main.SideBar?action=edit HTTP/1.1" 403 18 "-" "serpstatbot/2.1 (advanced backlink tracking bot; https://serpstatbot.com/; abuse@serpstatbot.com)"
195.201.194.151 - - [18/Jul/2022:02:47:07 +0200] "GET /Swissmedic/AIPSXml?action=diff HTTP/1.1" 403 18 "-" "serpstatbot/2.1 (advanced backlink tracking bot; https://serpstatbot.com/; abuse@serpstatbot.com)"
195.201.194.151 - - [18/Jul/2022:02:47:16 +0200] "GET /Swissmedic/AIPSXml?action=edit HTTP/1.1" 403 18 "-" "serpstatbot/2.1 (advanced backlink tracking bot; https://serpstatbot.com/; abuse@serpstatbot.com)"
195.201.194.151 - - [18/Jul/2022:02:47:24 +0200] "GET /Swissmedic/AIPSXml?action=print HTTP/1.1" 403 18 "-" "serpstatbot/2.1 (advanced backlink tracking bot; https://serpstatbot.com/; abuse@serpstatbot.com)"
195.201.194.151 - - [18/Jul/2022:02:47:34 +0200] "GET /Swissmedic/AIPSXml?action=upload HTTP/1.1" 403 18 "-" "serpstatbot/2.1 (advanced backlink tracking bot; https://serpstatbot.com/; abuse@serpstatbot.com)"
195.201.194.151 - - [18/Jul/2022:02:47:43 +0200] "GET /Swissmedic/AIPSXml?n=Main.SideBar?action=edit HTTP/1.1" 403 18 "-" "serpstatbot/2.1 (advanced backlink tracking bot; https://serpstatbot.com/; abuse@serpstatbot.com)"
89.246.241.14 - - [18/Jul/2022:02:47:47 +0200] "GET /Ywesee/About HTTP/1.1" 200 9132 "-" "Mozilla/5.0 (Windows NT 10.0; Win64; x64; rv:84.0) Gecko/20100101 Firefox/84.0"
195.201.194.151 - - [18/Jul/2022:02:47:54 +0200] "GET /Main/OmixOcas?action=upload HTTP/1.1" 403 18 "-" "serpstatbot/2.1 (advanced backlink tracking bot; https://serpstatbot.com/; abuse@serpstatbot.com)"
195.201.194.151 - - [18/Jul/2022:02:48:07 +0200] "GET /Main/AIPS-XML?action=edit HTTP/1.1" 403 18 "-" "serpstatbot/2.1 (advanced backlink tracking bot; https://serpstatbot.com/; abuse@serpstatbot.com)"
195.201.194.151 - - [18/Jul/2022:02:48:21 +0200] "GET /InfoCodex/Vergleichsanalyse?n=Main.SideBar?action=edit HTTP/1.1" 403 18 "-" "serpstatbot/2.1 (advanced backlink tracking bot; https://serpstatbot.com/; abuse@serpstatbot.com)"
195.201.194.151 - - [18/Jul/2022:02:48:36 +0200] "GET /Emediat/Swissindex?action=diff HTTP/1.1" 403 18 "-" "serpstatbot/2.1 (advanced backlink tracking bot; https://serpstatbot.com/; abuse@serpstatbot.com)"
195.201.194.151 - - [18/Jul/2022:02:48:51 +0200] "GET /Emediat/Swissindex?action=edit HTTP/1.1" 403 18 "-" "serpstatbot/2.1 (advanced backlink tracking bot; https://serpstatbot.com/; abuse@serpstatbot.com)"
195.201.194.151 - - [18/Jul/2022:02:49:07 +0200] "GET /Emediat/Swissindex?action=print HTTP/1.1" 403 18 "-" "serpstatbot/2.1 (advanced backlink tracking bot; https://serpstatbot.com/; abuse@serpstatbot.com)"
89.246.241.14 - - [18/Jul/2022:02:49:08 +0200] "GET /Main/ComCo19122016 HTTP/1.1" 200 10547 "-" "Mozilla/5.0 (Windows NT 10.0; Win64; x64; rv:84.0) Gecko/20100101 Firefox/84.0"
195.201.194.151 - - [18/Jul/2022:02:49:22 +0200] "GET /Emediat/Swissindex?action=upload HTTP/1.1" 403 18 "-" "serpstatbot/2.1 (advanced backlink tracking bot; https://serpstatbot.com/; abuse@serpstatbot.com)"
195.201.194.151 - - [18/Jul/2022:02:49:38 +0200] "GET /Emediat/Swissindex?n=Main.SideBar?action=edit HTTP/1.1" 403 18 "-" "serpstatbot/2.1 (advanced backlink tracking bot; https://serpstatbot.com/; abuse@serpstatbot.com)"
195.201.194.151 - - [18/Jul/2022:02:49:54 +0200] "GET /Epha/Flow?action=diff HTTP/1.1" 403 18 "-" "serpstatbot/2.1 (advanced backlink tracking bot; https://serpstatbot.com/; abuse@serpstatbot.com)"
195.201.194.151 - - [18/Jul/2022:02:50:11 +0200] "GET /Epha/Flow?action=edit HTTP/1.1" 403 18 "-" "serpstatbot/2.1 (advanced backlink tracking bot; https://serpstatbot.com/; abuse@serpstatbot.com)"
89.246.241.14 - - [18/Jul/2022:02:50:12 +0200] "GET /Software/XMLConv HTTP/1.1" 200 8709 "-" "Mozilla/5.0 (Windows NT 10.0; Win64; x64; rv:84.0) Gecko/20100101 Firefox/84.0"
195.201.194.151 - - [18/Jul/2022:02:50:28 +0200] "GET /Epha/Flow?action=print HTTP/1.1" 403 18 "-" "serpstatbot/2.1 (advanced backlink tracking bot; https://serpstatbot.com/; abuse@serpstatbot.com)"
195.201.194.151 - - [18/Jul/2022:02:50:44 +0200] "GET /Epha/Flow?action=upload HTTP/1.1" 403 18 "-" "serpstatbot/2.1 (advanced backlink tracking bot; https://serpstatbot.com/; abuse@serpstatbot.com)"
195.201.194.151 - - [18/Jul/2022:02:51:01 +0200] "GET /Epha/Flow?n=Main.SideBar?action=edit HTTP/1.1" 403 18 "-" "serpstatbot/2.1 (advanced backlink tracking bot; https://serpstatbot.com/; abuse@serpstatbot.com)"
195.201.194.151 - - [18/Jul/2022:02:51:18 +0200] "GET /Generikacc/News23012018?action=diff HTTP/1.1" 403 18 "-" "serpstatbot/2.1 (advanced backlink tracking bot; https://serpstatbot.com/; abuse@serpstatbot.com)"
195.201.194.151 - - [18/Jul/2022:02:51:34 +0200] "GET /Oddb2xml/Bemerkungen?action=print HTTP/1.1" 403 18 "-" "serpstatbot/2.1 (advanced backlink tracking bot; https://serpstatbot.com/; abuse@serpstatbot.com)"
195.201.194.151 - - [18/Jul/2022:02:51:38 +0200] "GET /Generikacc/News23012018?action=print HTTP/1.1" 403 18 "-" "serpstatbot/2.1 (advanced backlink tracking bot; https://serpstatbot.com/; abuse@serpstatbot.com)"
195.201.194.151 - - [18/Jul/2022:02:51:42 +0200] "GET /Generikacc/News23012018?action=upload HTTP/1.1" 403 18 "-" "serpstatbot/2.1 (advanced backlink tracking bot; https://serpstatbot.com/; abuse@serpstatbot.com)"
195.201.194.151 - - [18/Jul/2022:02:51:46 +0200] "GET /Generikacc/News23012018?n=Main.SideBar?action=edit HTTP/1.1" 403 18 "-" "serpstatbot/2.1 (advanced backlink tracking bot; https://serpstatbot.com/; abuse@serpstatbot.com)"
195.201.194.151 - - [18/Jul/2022:02:51:52 +0200] "GET /Hmg/67?action=diff HTTP/1.1" 403 18 "-" "serpstatbot/2.1 (advanced backlink tracking bot; https://serpstatbot.com/; abuse@serpstatbot.com)"
157.55.39.29 - - [18/Jul/2022:02:51:54 +0200] "GET /uploads/Main/132_Email_an_Andreas_Balsiger_13.6.2005.txt HTTP/1.1" 200 3642 "-" "Mozilla/5.0 (compatible; bingbot/2.0; +http://www.bing.com/bingbot.htm)"
195.201.194.151 - - [18/Jul/2022:02:51:58 +0200] "GET /Hmg/67?action=edit HTTP/1.1" 403 18 "-" "serpstatbot/2.1 (advanced backlink tracking bot; https://serpstatbot.com/; abuse@serpstatbot.com)"
195.201.194.151 - - [18/Jul/2022:02:52:05 +0200] "GET /Hmg/67?action=print HTTP/1.1" 403 18 "-" "serpstatbot/2.1 (advanced backlink tracking bot; https://serpstatbot.com/; abuse@serpstatbot.com)"
195.201.194.151 - - [18/Jul/2022:02:52:14 +0200] "GET /Hmg/67?action=upload HTTP/1.1" 403 18 "-" "serpstatbot/2.1 (advanced backlink tracking bot; https://serpstatbot.com/; abuse@serpstatbot.com)"
195.201.194.151 - - [18/Jul/2022:02:52:24 +0200] "GET /Hmg/67?n=Main.SideBar?action=edit HTTP/1.1" 403 18 "-" "serpstatbot/2.1 (advanced backlink tracking bot; https://serpstatbot.com/; abuse@serpstatbot.com)"
195.201.194.151 - - [18/Jul/2022:02:52:34 +0200] "GET /InfoCodex/Abstracts?action=diff HTTP/1.1" 403 18 "-" "serpstatbot/2.1 (advanced backlink tracking bot; https://serpstatbot.com/; abuse@serpstatbot.com)"
89.246.241.14 - - [18/Jul/2022:02:52:37 +0200] "GET /ODDB/IndividuelleMediliste HTTP/1.1" 200 9139 "-" "Mozilla/5.0 (Windows NT 10.0; Win64; x64; rv:84.0) Gecko/20100101 Firefox/84.0"
195.201.194.151 - - [18/Jul/2022:02:52:46 +0200] "GET /InfoCodex/Abstracts?action=edit HTTP/1.1" 403 18 "-" "serpstatbot/2.1 (advanced backlink tracking bot; https://serpstatbot.com/; abuse@serpstatbot.com)"
195.201.194.151 - - [18/Jul/2022:02:52:58 +0200] "GET /InfoCodex/Abstracts?action=print HTTP/1.1" 403 18 "-" "serpstatbot/2.1 (advanced backlink tracking bot; https://serpstatbot.com/; abuse@serpstatbot.com)"
195.201.194.151 - - [18/Jul/2022:02:53:10 +0200] "GET /InfoCodex/Abstracts?n=Main.SideBar?action=edit HTTP/1.1" 403 18 "-" "serpstatbot/2.1 (advanced backlink tracking bot; https://serpstatbot.com/; abuse@serpstatbot.com)"
195.201.194.151 - - [18/Jul/2022:02:53:25 +0200] "GET /Main/ComCo19122016?action=edit HTTP/1.1" 403 18 "-" "serpstatbot/2.1 (advanced backlink tracking bot; https://serpstatbot.com/; abuse@serpstatbot.com)"
195.201.194.151 - - [18/Jul/2022:02:53:41 +0200] "GET /Main/ComCo19122016?action=diff HTTP/1.1" 403 18 "-" "serpstatbot/2.1 (advanced backlink tracking bot; https://serpstatbot.com/; abuse@serpstatbot.com)"
195.201.194.151 - - [18/Jul/2022:02:53:56 +0200] "GET /Main/BagSlPreise?n=Main.SideBar?action=edit HTTP/1.1" 403 18 "-" "serpstatbot/2.1 (advanced backlink tracking bot; https://serpstatbot.com/; abuse@serpstatbot.com)"
195.201.194.151 - - [18/Jul/2022:02:54:10 +0200] "GET /Main/BagSlPreise?action=upload HTTP/1.1" 403 18 "-" "serpstatbot/2.1 (advanced backlink tracking bot; https://serpstatbot.com/; abuse@serpstatbot.com)"
195.201.194.151 - - [18/Jul/2022:02:54:27 +0200] "GET /Main/BagSlPreise?action=print HTTP/1.1" 403 18 "-" "serpstatbot/2.1 (advanced backlink tracking bot; https://serpstatbot.com/; abuse@serpstatbot.com)"
195.201.194.151 - - [18/Jul/2022:02:54:42 +0200] "GET /Main/BagSlPreise?action=edit HTTP/1.1" 403 18 "-" "serpstatbot/2.1 (advanced backlink tracking bot; https://serpstatbot.com/; abuse@serpstatbot.com)"
195.201.194.151 - - [18/Jul/2022:02:54:59 +0200] "GET /Main/BagSlPreise?action=diff HTTP/1.1" 403 18 "-" "serpstatbot/2.1 (advanced backlink tracking bot; https://serpstatbot.com/; abuse@serpstatbot.com)"
195.201.194.151 - - [18/Jul/2022:02:55:18 +0200] "GET /Main/AIPS-XML?n=Main.SideBar?action=edit HTTP/1.1" 403 18 "-" "serpstatbot/2.1 (advanced backlink tracking bot; https://serpstatbot.com/; abuse@serpstatbot.com)"
195.201.194.151 - - [18/Jul/2022:02:55:35 +0200] "GET /Main/AIPS-XML?action=upload HTTP/1.1" 403 18 "-" "serpstatbot/2.1 (advanced backlink tracking bot; https://serpstatbot.com/; abuse@serpstatbot.com)"
195.201.194.151 - - [18/Jul/2022:02:55:52 +0200] "GET /Main/AIPS-XML?action=print HTTP/1.1" 403 18 "-" "serpstatbot/2.1 (advanced backlink tracking bot; https://serpstatbot.com/; abuse@serpstatbot.com)"
195.201.194.151 - - [18/Jul/2022:02:56:09 +0200] "GET /InfoCodex/Vergleichsanalyse?action=diff HTTP/1.1" 403 18 "-" "serpstatbot/2.1 (advanced backlink tracking bot; https://serpstatbot.com/; abuse@serpstatbot.com)"
195.201.194.151 - - [18/Jul/2022:02:56:27 +0200] "GET /InfoCodex/Vergleichsanalyse?action=edit HTTP/1.1" 403 18 "-" "serpstatbot/2.1 (advanced backlink tracking bot; https://serpstatbot.com/; abuse@serpstatbot.com)"
195.201.194.151 - - [18/Jul/2022:02:56:36 +0200] "GET /InfoCodex/Vergleichsanalyse?action=print HTTP/1.1" 403 18 "-" "serpstatbot/2.1 (advanced backlink tracking bot; https://serpstatbot.com/; abuse@serpstatbot.com)"
195.201.194.151 - - [18/Jul/2022:02:56:42 +0200] "GET /InfoCodex/Vergleichsanalyse?action=upload HTTP/1.1" 403 18 "-" "serpstatbot/2.1 (advanced backlink tracking bot; https://serpstatbot.com/; abuse@serpstatbot.com)"
195.201.194.151 - - [18/Jul/2022:02:56:47 +0200] "GET /Main/AIPS-XML?action=diff HTTP/1.1" 403 18 "-" "serpstatbot/2.1 (advanced backlink tracking bot; https://serpstatbot.com/; abuse@serpstatbot.com)"
195.201.194.151 - - [18/Jul/2022:02:56:55 +0200] "GET /Main/2020?action=diff HTTP/1.1" 403 18 "-" "serpstatbot/2.1 (advanced backlink tracking bot; https://serpstatbot.com/; abuse@serpstatbot.com)"
195.201.194.151 - - [18/Jul/2022:02:57:02 +0200] "GET /Main/2020?action=edit HTTP/1.1" 403 18 "-" "serpstatbot/2.1 (advanced backlink tracking bot; https://serpstatbot.com/; abuse@serpstatbot.com)"
195.201.194.151 - - [18/Jul/2022:02:57:11 +0200] "GET /Main/2020?action=print HTTP/1.1" 403 18 "-" "serpstatbot/2.1 (advanced backlink tracking bot; https://serpstatbot.com/; abuse@serpstatbot.com)"
195.201.194.151 - - [18/Jul/2022:02:57:22 +0200] "GET /Main/2020?action=upload HTTP/1.1" 403 18 "-" "serpstatbot/2.1 (advanced backlink tracking bot; https://serpstatbot.com/; abuse@serpstatbot.com)"
195.201.194.151 - - [18/Jul/2022:02:57:34 +0200] "GET /Main/2020?n=Main.SideBar?action=edit HTTP/1.1" 403 18 "-" "serpstatbot/2.1 (advanced backlink tracking bot; https://serpstatbot.com/; abuse@serpstatbot.com)"
195.201.194.151 - - [18/Jul/2022:02:57:48 +0200] "GET /Main/2021?action=diff HTTP/1.1" 403 18 "-" "serpstatbot/2.1 (advanced backlink tracking bot; https://serpstatbot.com/; abuse@serpstatbot.com)"
195.201.194.151 - - [18/Jul/2022:02:58:03 +0200] "GET /Main/2021?action=edit HTTP/1.1" 403 18 "-" "serpstatbot/2.1 (advanced backlink tracking bot; https://serpstatbot.com/; abuse@serpstatbot.com)"
185.191.171.10 - - [18/Jul/2022:02:58:14 +0200] "GET /ODDB/FachinfoAlsEbook?action=edit HTTP/1.1" 403 18 "-" "Mozilla/5.0 (compatible; SemrushBot/7~bl; +http://www.semrush.com/bot.html)"
195.201.194.151 - - [18/Jul/2022:02:58:19 +0200] "GET /Main/2021?action=print HTTP/1.1" 403 18 "-" "serpstatbot/2.1 (advanced backlink tracking bot; https://serpstatbot.com/; abuse@serpstatbot.com)"
195.201.194.151 - - [18/Jul/2022:02:58:35 +0200] "GET /Main/2021?action=upload HTTP/1.1" 403 18 "-" "serpstatbot/2.1 (advanced backlink tracking bot; https://serpstatbot.com/; abuse@serpstatbot.com)"
195.201.194.151 - - [18/Jul/2022:02:58:53 +0200] "GET /Main/2021?n=Main.SideBar?action=edit HTTP/1.1" 403 18 "-" "serpstatbot/2.1 (advanced backlink tracking bot; https://serpstatbot.com/; abuse@serpstatbot.com)"
