195.201.194.151 - - [18/Jul/2022:02:59:10 +0200] "GET /Generikacc/News23012018?action=edit HTTP/1.1" 403 18 "-" "serpstatbot/2.1 (advanced backlink tracking bot; https://serpstatbot.com/; abuse@serpstatbot.com)"
195.201.194.151 - - [18/Jul/2022:02:59:35 +0200] "GET /Ywesee/Stanza?n=Main.SideBar?action=edit HTTP/1.1" 403 18 "-" "serpstatbot/2.1 (advanced backlink tracking bot; https://serpstatbot.com/; abuse@serpstatbot.com)"
195.201.194.151 - - [18/Jul/2022:03:00:33 +0200] "GET /Ywesee/About?action=print HTTP/1.1" 403 18 "-" "serpstatbot/2.1 (advanced backlink tracking bot; https://serpstatbot.com/; abuse@serpstatbot.com)"
195.201.194.151 - - [18/Jul/2022:03:01:23 +0200] "GET /Ywesee/About?action=upload HTTP/1.1" 403 18 "-" "serpstatbot/2.1 (advanced backlink tracking bot; https://serpstatbot.com/; abuse@serpstatbot.com)"
195.201.194.151 - - [18/Jul/2022:03:01:34 +0200] "GET /Ywesee/About?n=Main.SideBar?action=edit HTTP/1.1" 403 18 "-" "serpstatbot/2.1 (advanced backlink tracking bot; https://serpstatbot.com/; abuse@serpstatbot.com)"
195.201.194.151 - - [18/Jul/2022:03:01:39 +0200] "GET /Wiget/PhMPrescriber?n=Main.SideBar?action=edit HTTP/1.1" 403 18 "-" "serpstatbot/2.1 (advanced backlink tracking bot; https://serpstatbot.com/; abuse@serpstatbot.com)"
195.201.194.151 - - [18/Jul/2022:03:01:43 +0200] "GET /Ywesee/Kindle?action=edit HTTP/1.1" 403 18 "-" "serpstatbot/2.1 (advanced backlink tracking bot; https://serpstatbot.com/; abuse@serpstatbot.com)"
195.201.194.151 - - [18/Jul/2022:03:01:48 +0200] "GET /Ywesee/Kindle?action=print HTTP/1.1" 403 18 "-" "serpstatbot/2.1 (advanced backlink tracking bot; https://serpstatbot.com/; abuse@serpstatbot.com)"
195.201.194.151 - - [18/Jul/2022:03:01:54 +0200] "GET /Ywesee/Kindle?action=upload HTTP/1.1" 403 18 "-" "serpstatbot/2.1 (advanced backlink tracking bot; https://serpstatbot.com/; abuse@serpstatbot.com)"
195.201.194.151 - - [18/Jul/2022:03:02:00 +0200] "GET /Ywesee/Kindle?n=Main.SideBar?action=edit HTTP/1.1" 403 18 "-" "serpstatbot/2.1 (advanced backlink tracking bot; https://serpstatbot.com/; abuse@serpstatbot.com)"
195.201.194.151 - - [18/Jul/2022:03:02:09 +0200] "GET /Ywesee/Software HTTP/1.1" 200 9246 "-" "serpstatbot/2.1 (advanced backlink tracking bot; https://serpstatbot.com/; abuse@serpstatbot.com)"
195.201.194.151 - - [18/Jul/2022:03:02:20 +0200] "GET /Ywesee/SpezialisierteKrankenkasse?action=diff HTTP/1.1" 403 18 "-" "serpstatbot/2.1 (advanced backlink tracking bot; https://serpstatbot.com/; abuse@serpstatbot.com)"
195.201.194.151 - - [18/Jul/2022:03:02:32 +0200] "GET /Ywesee/SpezialisierteKrankenkasse?action=edit HTTP/1.1" 403 18 "-" "serpstatbot/2.1 (advanced backlink tracking bot; https://serpstatbot.com/; abuse@serpstatbot.com)"
195.201.194.151 - - [18/Jul/2022:03:02:44 +0200] "GET /Ywesee/SpezialisierteKrankenkasse?action=print HTTP/1.1" 403 18 "-" "serpstatbot/2.1 (advanced backlink tracking bot; https://serpstatbot.com/; abuse@serpstatbot.com)"
195.201.194.151 - - [18/Jul/2022:03:02:59 +0200] "GET /Ywesee/SpezialisierteKrankenkasse?action=upload HTTP/1.1" 403 18 "-" "serpstatbot/2.1 (advanced backlink tracking bot; https://serpstatbot.com/; abuse@serpstatbot.com)"
195.201.194.151 - - [18/Jul/2022:03:03:15 +0200] "GET /Ywesee/SpezialisierteKrankenkasse?n=Main.SideBar?action=edit HTTP/1.1" 403 18 "-" "serpstatbot/2.1 (advanced backlink tracking bot; https://serpstatbot.com/; abuse@serpstatbot.com)"
195.201.194.151 - - [18/Jul/2022:03:03:32 +0200] "GET /Ywesee/Stanza?action=diff HTTP/1.1" 403 18 "-" "serpstatbot/2.1 (advanced backlink tracking bot; https://serpstatbot.com/; abuse@serpstatbot.com)"
195.201.194.151 - - [18/Jul/2022:03:03:46 +0200] "GET /Ywesee/Stanza?action=edit HTTP/1.1" 403 18 "-" "serpstatbot/2.1 (advanced backlink tracking bot; https://serpstatbot.com/; abuse@serpstatbot.com)"
195.201.194.151 - - [18/Jul/2022:03:04:04 +0200] "GET /Ywesee/Stanza?action=upload HTTP/1.1" 403 18 "-" "serpstatbot/2.1 (advanced backlink tracking bot; https://serpstatbot.com/; abuse@serpstatbot.com)"
157.55.39.189 - - [18/Jul/2022:03:04:06 +0200] "GET /MEDIupdateXML/Softwarehaeuser HTTP/1.1" 200 8654 "-" "Mozilla/5.0 (compatible; bingbot/2.0; +http://www.bing.com/bingbot.htm)"
195.201.194.151 - - [18/Jul/2022:03:04:21 +0200] "GET /Ywesee/XMLFachinfoValidierung?n=Main.SideBar?action=edit HTTP/1.1" 403 18 "-" "serpstatbot/2.1 (advanced backlink tracking bot; https://serpstatbot.com/; abuse@serpstatbot.com)"
195.201.194.151 - - [18/Jul/2022:03:04:43 +0200] "GET /Ywesee/XMLFachinfoValidierung?action=diff HTTP/1.1" 403 18 "-" "serpstatbot/2.1 (advanced backlink tracking bot; https://serpstatbot.com/; abuse@serpstatbot.com)"
195.201.194.151 - - [18/Jul/2022:03:04:59 +0200] "GET /Ywesee/XMLFachinfoValidierung?action=edit HTTP/1.1" 403 18 "-" "serpstatbot/2.1 (advanced backlink tracking bot; https://serpstatbot.com/; abuse@serpstatbot.com)"
195.201.194.151 - - [18/Jul/2022:03:05:19 +0200] "GET /Ywesee/XMLFachinfoValidierung?action=print HTTP/1.1" 403 18 "-" "serpstatbot/2.1 (advanced backlink tracking bot; https://serpstatbot.com/; abuse@serpstatbot.com)"
195.201.194.151 - - [18/Jul/2022:03:05:37 +0200] "GET /Ywesee/XMLFachinfoValidierung?action=upload HTTP/1.1" 403 18 "-" "serpstatbot/2.1 (advanced backlink tracking bot; https://serpstatbot.com/; abuse@serpstatbot.com)"
195.201.194.151 - - [18/Jul/2022:03:05:59 +0200] "GET /Ywesee/Kindle?action=diff HTTP/1.1" 403 18 "-" "serpstatbot/2.1 (advanced backlink tracking bot; https://serpstatbot.com/; abuse@serpstatbot.com)"
195.201.194.151 - - [18/Jul/2022:03:06:18 +0200] "GET /AmiKo/Ankuendigung?action=print HTTP/1.1" 403 18 "-" "serpstatbot/2.1 (advanced backlink tracking bot; https://serpstatbot.com/; abuse@serpstatbot.com)"
195.201.194.151 - - [18/Jul/2022:03:06:35 +0200] "GET /AmiKo/Linux?action=print HTTP/1.1" 403 18 "-" "serpstatbot/2.1 (advanced backlink tracking bot; https://serpstatbot.com/; abuse@serpstatbot.com)"
195.201.194.151 - - [18/Jul/2022:03:06:37 +0200] "GET /ODDB/Flow?action=diff HTTP/1.1" 403 18 "-" "serpstatbot/2.1 (advanced backlink tracking bot; https://serpstatbot.com/; abuse@serpstatbot.com)"
195.201.194.151 - - [18/Jul/2022:03:06:55 +0200] "GET /ODDB/Flow?action=edit HTTP/1.1" 403 18 "-" "serpstatbot/2.1 (advanced backlink tracking bot; https://serpstatbot.com/; abuse@serpstatbot.com)"
195.201.194.151 - - [18/Jul/2022:03:07:05 +0200] "GET /Main/EANCode?n=Main.SideBar?action=edit HTTP/1.1" 403 18 "-" "serpstatbot/2.1 (advanced backlink tracking bot; https://serpstatbot.com/; abuse@serpstatbot.com)"
195.201.194.151 - - [18/Jul/2022:03:07:11 +0200] "GET /Main/Legende?action=diff HTTP/1.1" 403 18 "-" "serpstatbot/2.1 (advanced backlink tracking bot; https://serpstatbot.com/; abuse@serpstatbot.com)"
195.201.194.151 - - [18/Jul/2022:03:07:18 +0200] "GET /Main/Legende?action=edit HTTP/1.1" 403 18 "-" "serpstatbot/2.1 (advanced backlink tracking bot; https://serpstatbot.com/; abuse@serpstatbot.com)"
195.201.194.151 - - [18/Jul/2022:03:07:24 +0200] "GET /Main/Legende?action=print HTTP/1.1" 403 18 "-" "serpstatbot/2.1 (advanced backlink tracking bot; https://serpstatbot.com/; abuse@serpstatbot.com)"
195.201.194.151 - - [18/Jul/2022:03:07:31 +0200] "GET /Main/Legende?action=upload HTTP/1.1" 403 18 "-" "serpstatbot/2.1 (advanced backlink tracking bot; https://serpstatbot.com/; abuse@serpstatbot.com)"
195.201.194.151 - - [18/Jul/2022:03:07:40 +0200] "GET /Main/Legende?n=Main.SideBar?action=edit HTTP/1.1" 403 18 "-" "serpstatbot/2.1 (advanced backlink tracking bot; https://serpstatbot.com/; abuse@serpstatbot.com)"
195.201.194.151 - - [18/Jul/2022:03:07:52 +0200] "GET /Miele/Index?action=diff HTTP/1.1" 403 18 "-" "serpstatbot/2.1 (advanced backlink tracking bot; https://serpstatbot.com/; abuse@serpstatbot.com)"
195.201.194.151 - - [18/Jul/2022:03:08:03 +0200] "GET /Miele/Index?action=edit HTTP/1.1" 403 18 "-" "serpstatbot/2.1 (advanced backlink tracking bot; https://serpstatbot.com/; abuse@serpstatbot.com)"
195.201.194.151 - - [18/Jul/2022:03:08:16 +0200] "GET /Miele/Index?action=print HTTP/1.1" 403 18 "-" "serpstatbot/2.1 (advanced backlink tracking bot; https://serpstatbot.com/; abuse@serpstatbot.com)"
195.201.194.151 - - [18/Jul/2022:03:08:32 +0200] "GET /Miele/Index?action=upload HTTP/1.1" 403 18 "-" "serpstatbot/2.1 (advanced backlink tracking bot; https://serpstatbot.com/; abuse@serpstatbot.com)"
195.201.194.151 - - [18/Jul/2022:03:08:45 +0200] "GET /Miele/Index?n=Main.SideBar?action=edit HTTP/1.1" 403 18 "-" "serpstatbot/2.1 (advanced backlink tracking bot; https://serpstatbot.com/; abuse@serpstatbot.com)"
195.201.194.151 - - [18/Jul/2022:03:09:00 +0200] "GET /Miele/MieleLXIVScreenshots?action=diff HTTP/1.1" 403 18 "-" "serpstatbot/2.1 (advanced backlink tracking bot; https://serpstatbot.com/; abuse@serpstatbot.com)"
195.201.194.151 - - [18/Jul/2022:03:09:16 +0200] "GET /Miele/MieleLXIVScreenshots?action=edit HTTP/1.1" 403 18 "-" "serpstatbot/2.1 (advanced backlink tracking bot; https://serpstatbot.com/; abuse@serpstatbot.com)"
195.201.194.151 - - [18/Jul/2022:03:09:31 +0200] "GET /Miele/MieleLXIVScreenshots?action=print HTTP/1.1" 403 18 "-" "serpstatbot/2.1 (advanced backlink tracking bot; https://serpstatbot.com/; abuse@serpstatbot.com)"
195.201.194.151 - - [18/Jul/2022:03:09:47 +0200] "GET /Miele/MieleLXIVScreenshots?action=upload HTTP/1.1" 403 18 "-" "serpstatbot/2.1 (advanced backlink tracking bot; https://serpstatbot.com/; abuse@serpstatbot.com)"
195.201.194.151 - - [18/Jul/2022:03:10:03 +0200] "GET /Main/EANCode?action=edit HTTP/1.1" 403 18 "-" "serpstatbot/2.1 (advanced backlink tracking bot; https://serpstatbot.com/; abuse@serpstatbot.com)"
195.201.194.151 - - [18/Jul/2022:03:10:19 +0200] "GET /Main/EANCode?action=print HTTP/1.1" 403 18 "-" "serpstatbot/2.1 (advanced backlink tracking bot; https://serpstatbot.com/; abuse@serpstatbot.com)"
195.201.194.151 - - [18/Jul/2022:03:10:36 +0200] "GET /Main/EANCode?action=upload HTTP/1.1" 403 18 "-" "serpstatbot/2.1 (advanced backlink tracking bot; https://serpstatbot.com/; abuse@serpstatbot.com)"
195.201.194.151 - - [18/Jul/2022:03:10:53 +0200] "GET /ODDB/Flow?action=print HTTP/1.1" 403 18 "-" "serpstatbot/2.1 (advanced backlink tracking bot; https://serpstatbot.com/; abuse@serpstatbot.com)"
195.201.194.151 - - [18/Jul/2022:03:11:09 +0200] "GET /ODDB/Flow?action=upload HTTP/1.1" 403 18 "-" "serpstatbot/2.1 (advanced backlink tracking bot; https://serpstatbot.com/; abuse@serpstatbot.com)"
195.201.194.151 - - [18/Jul/2022:03:11:26 +0200] "GET /ODDB/Flow?n=Main.SideBar?action=edit HTTP/1.1" 403 18 "-" "serpstatbot/2.1 (advanced backlink tracking bot; https://serpstatbot.com/; abuse@serpstatbot.com)"
195.201.194.151 - - [18/Jul/2022:03:11:37 +0200] "GET /Swissmedic/Packungen?action=diff HTTP/1.1" 403 18 "-" "serpstatbot/2.1 (advanced backlink tracking bot; https://serpstatbot.com/; abuse@serpstatbot.com)"
195.201.194.151 - - [18/Jul/2022:03:11:43 +0200] "GET /Swissmedic/Packungen?action=edit HTTP/1.1" 403 18 "-" "serpstatbot/2.1 (advanced backlink tracking bot; https://serpstatbot.com/; abuse@serpstatbot.com)"
195.201.194.151 - - [18/Jul/2022:03:11:47 +0200] "GET /Swissmedic/Packungen?action=print HTTP/1.1" 403 18 "-" "serpstatbot/2.1 (advanced backlink tracking bot; https://serpstatbot.com/; abuse@serpstatbot.com)"
195.201.194.151 - - [18/Jul/2022:03:11:53 +0200] "GET /Swissmedic/Packungen?action=upload HTTP/1.1" 403 18 "-" "serpstatbot/2.1 (advanced backlink tracking bot; https://serpstatbot.com/; abuse@serpstatbot.com)"
195.201.194.151 - - [18/Jul/2022:03:11:59 +0200] "GET /Swissmedic/Packungen?n=Main.SideBar?action=edit HTTP/1.1" 403 18 "-" "serpstatbot/2.1 (advanced backlink tracking bot; https://serpstatbot.com/; abuse@serpstatbot.com)"
195.201.194.151 - - [18/Jul/2022:03:12:04 +0200] "GET /Swissmedic/PraeparatelisteMitWS?action=diff HTTP/1.1" 403 18 "-" "serpstatbot/2.1 (advanced backlink tracking bot; https://serpstatbot.com/; abuse@serpstatbot.com)"
195.201.194.151 - - [18/Jul/2022:03:12:10 +0200] "GET /Swissmedic/PraeparatelisteMitWS?action=edit HTTP/1.1" 403 18 "-" "serpstatbot/2.1 (advanced backlink tracking bot; https://serpstatbot.com/; abuse@serpstatbot.com)"
195.201.194.151 - - [18/Jul/2022:03:12:16 +0200] "GET /Swissmedic/PraeparatelisteMitWS?action=print HTTP/1.1" 403 18 "-" "serpstatbot/2.1 (advanced backlink tracking bot; https://serpstatbot.com/; abuse@serpstatbot.com)"
195.201.194.151 - - [18/Jul/2022:03:12:24 +0200] "GET /Swissmedic/PraeparatelisteMitWS?action=upload HTTP/1.1" 403 18 "-" "serpstatbot/2.1 (advanced backlink tracking bot; https://serpstatbot.com/; abuse@serpstatbot.com)"
89.246.241.14 - - [18/Jul/2022:03:12:29 +0200] "GET /Ausschreibung/SAI HTTP/1.1" 200 10366 "-" "Mozilla/5.0 (Windows NT 10.0; Win64; x64; rv:84.0) Gecko/20100101 Firefox/84.0"
195.201.194.151 - - [18/Jul/2022:03:12:33 +0200] "GET /Swissmedic/PraeparatelisteMitWS?n=Main.SideBar?action=edit HTTP/1.1" 403 18 "-" "serpstatbot/2.1 (advanced backlink tracking bot; https://serpstatbot.com/; abuse@serpstatbot.com)"
195.201.194.151 - - [18/Jul/2022:03:12:43 +0200] "GET /Wiget/PhMPrescriber?action=diff HTTP/1.1" 403 18 "-" "serpstatbot/2.1 (advanced backlink tracking bot; https://serpstatbot.com/; abuse@serpstatbot.com)"
195.201.194.151 - - [18/Jul/2022:03:12:56 +0200] "GET /Wiget/PhMPrescriber?action=edit HTTP/1.1" 403 18 "-" "serpstatbot/2.1 (advanced backlink tracking bot; https://serpstatbot.com/; abuse@serpstatbot.com)"
89.246.241.14 - - [18/Jul/2022:03:13:00 +0200] "GET /Software/SoftwareRaid HTTP/1.1" 200 12104 "-" "Mozilla/5.0 (Windows NT 10.0; Win64; x64; rv:84.0) Gecko/20100101 Firefox/84.0"
195.201.194.151 - - [18/Jul/2022:03:13:07 +0200] "GET /Wiget/PhMPrescriber?action=print HTTP/1.1" 403 18 "-" "serpstatbot/2.1 (advanced backlink tracking bot; https://serpstatbot.com/; abuse@serpstatbot.com)"
195.201.194.151 - - [18/Jul/2022:03:13:20 +0200] "GET /Wiget/PhMPrescriber?action=upload HTTP/1.1" 403 18 "-" "serpstatbot/2.1 (advanced backlink tracking bot; https://serpstatbot.com/; abuse@serpstatbot.com)"
195.201.194.151 - - [18/Jul/2022:03:13:33 +0200] "GET /Ywesee/About?action=diff HTTP/1.1" 403 18 "-" "serpstatbot/2.1 (advanced backlink tracking bot; https://serpstatbot.com/; abuse@serpstatbot.com)"
195.201.194.151 - - [18/Jul/2022:03:13:46 +0200] "GET /Ywesee/About?action=edit HTTP/1.1" 403 18 "-" "serpstatbot/2.1 (advanced backlink tracking bot; https://serpstatbot.com/; abuse@serpstatbot.com)"
195.201.194.151 - - [18/Jul/2022:03:13:58 +0200] "GET /Ywesee/Stanza?action=print HTTP/1.1" 403 18 "-" "serpstatbot/2.1 (advanced backlink tracking bot; https://serpstatbot.com/; abuse@serpstatbot.com)"
195.201.194.151 - - [18/Jul/2022:03:14:12 +0200] "GET /Miele/MieleLXIVScreenshots?n=Main.SideBar?action=edit HTTP/1.1" 403 18 "-" "serpstatbot/2.1 (advanced backlink tracking bot; https://serpstatbot.com/; abuse@serpstatbot.com)"
195.201.194.151 - - [18/Jul/2022:03:14:27 +0200] "GET /Main/EANCode?action=diff HTTP/1.1" 403 18 "-" "serpstatbot/2.1 (advanced backlink tracking bot; https://serpstatbot.com/; abuse@serpstatbot.com)"
195.201.194.151 - - [18/Jul/2022:03:14:41 +0200] "GET /Ywesee/InfoCodexProximity?n=Main.SideBar?action=edit HTTP/1.1" 403 18 "-" "serpstatbot/2.1 (advanced backlink tracking bot; https://serpstatbot.com/; abuse@serpstatbot.com)"
195.201.194.151 - - [18/Jul/2022:03:15:07 +0200] "GET /Main/Linux?action=diff HTTP/1.1" 403 18 "-" "serpstatbot/2.1 (advanced backlink tracking bot; https://serpstatbot.com/; abuse@serpstatbot.com)"
195.201.194.151 - - [18/Jul/2022:03:15:22 +0200] "GET /Ywesee/InfoCodexProximity?action=print HTTP/1.1" 403 18 "-" "serpstatbot/2.1 (advanced backlink tracking bot; https://serpstatbot.com/; abuse@serpstatbot.com)"
195.201.194.151 - - [18/Jul/2022:03:15:38 +0200] "GET /Ywesee/InfoCodexProximity?action=diff HTTP/1.1" 403 18 "-" "serpstatbot/2.1 (advanced backlink tracking bot; https://serpstatbot.com/; abuse@serpstatbot.com)"
195.201.194.151 - - [18/Jul/2022:03:15:53 +0200] "GET /Main/SideBar?n=Main.SideBar?action=edit HTTP/1.1" 403 18 "-" "serpstatbot/2.1 (advanced backlink tracking bot; https://serpstatbot.com/; abuse@serpstatbot.com)"
195.201.194.151 - - [18/Jul/2022:03:16:11 +0200] "GET /Main/SideBar?action=upload HTTP/1.1" 403 18 "-" "serpstatbot/2.1 (advanced backlink tracking bot; https://serpstatbot.com/; abuse@serpstatbot.com)"
195.201.194.151 - - [18/Jul/2022:03:16:26 +0200] "GET /Main/SideBar?action=print HTTP/1.1" 403 18 "-" "serpstatbot/2.1 (advanced backlink tracking bot; https://serpstatbot.com/; abuse@serpstatbot.com)"
195.201.194.151 - - [18/Jul/2022:03:16:37 +0200] "GET /Ywesee/InfoCodexProximity?action=upload HTTP/1.1" 403 18 "-" "serpstatbot/2.1 (advanced backlink tracking bot; https://serpstatbot.com/; abuse@serpstatbot.com)"
195.201.194.151 - - [18/Jul/2022:03:16:44 +0200] "GET /Main/PublicDomainDataLife-Cycle?n=Main.SideBar?action=edit HTTP/1.1" 403 18 "-" "serpstatbot/2.1 (advanced backlink tracking bot; https://serpstatbot.com/; abuse@serpstatbot.com)"
195.201.194.151 - - [18/Jul/2022:03:16:50 +0200] "GET /Main/PublicDomainDataLife-Cycle?action=upload HTTP/1.1" 403 18 "-" "serpstatbot/2.1 (advanced backlink tracking bot; https://serpstatbot.com/; abuse@serpstatbot.com)"
195.201.194.151 - - [18/Jul/2022:03:16:59 +0200] "GET /Main/PublicDomainDataLife-Cycle?action=print HTTP/1.1" 403 18 "-" "serpstatbot/2.1 (advanced backlink tracking bot; https://serpstatbot.com/; abuse@serpstatbot.com)"
195.201.194.151 - - [18/Jul/2022:03:17:06 +0200] "GET /AmiKo/Swisspeddose?n=Main.SideBar?action=edit HTTP/1.1" 403 18 "-" "serpstatbot/2.1 (advanced backlink tracking bot; https://serpstatbot.com/; abuse@serpstatbot.com)"
195.201.194.151 - - [18/Jul/2022:03:17:14 +0200] "GET /Main/PublicDomainDataLife-Cycle?action=edit HTTP/1.1" 403 18 "-" "serpstatbot/2.1 (advanced backlink tracking bot; https://serpstatbot.com/; abuse@serpstatbot.com)"
195.201.194.151 - - [18/Jul/2022:03:17:23 +0200] "GET /Apotheke/POS?n=Main.SideBar?action=edit HTTP/1.1" 403 18 "-" "serpstatbot/2.1 (advanced backlink tracking bot; https://serpstatbot.com/; abuse@serpstatbot.com)"
195.201.194.151 - - [18/Jul/2022:03:17:32 +0200] "GET /Main/PublicDomainDataLife-Cycle?action=diff HTTP/1.1" 403 18 "-" "serpstatbot/2.1 (advanced backlink tracking bot; https://serpstatbot.com/; abuse@serpstatbot.com)"
195.201.194.151 - - [18/Jul/2022:03:17:43 +0200] "GET /Apotheke/POS?action=upload HTTP/1.1" 403 18 "-" "serpstatbot/2.1 (advanced backlink tracking bot; https://serpstatbot.com/; abuse@serpstatbot.com)"
195.201.194.151 - - [18/Jul/2022:03:17:55 +0200] "GET /Main/OmixOcas?action=edit HTTP/1.1" 403 18 "-" "serpstatbot/2.1 (advanced backlink tracking bot; https://serpstatbot.com/; abuse@serpstatbot.com)"
195.201.194.151 - - [18/Jul/2022:03:18:06 +0200] "GET /Apotheke/POS?action=print HTTP/1.1" 403 18 "-" "serpstatbot/2.1 (advanced backlink tracking bot; https://serpstatbot.com/; abuse@serpstatbot.com)"
195.201.194.151 - - [18/Jul/2022:03:18:19 +0200] "GET /Main/MediStammdatenKostenSchweiz?action=edit HTTP/1.1" 403 18 "-" "serpstatbot/2.1 (advanced backlink tracking bot; https://serpstatbot.com/; abuse@serpstatbot.com)"
195.201.194.151 - - [18/Jul/2022:03:18:31 +0200] "GET /Apotheke/POS?action=edit HTTP/1.1" 403 18 "-" "serpstatbot/2.1 (advanced backlink tracking bot; https://serpstatbot.com/; abuse@serpstatbot.com)"
195.201.194.151 - - [18/Jul/2022:03:18:44 +0200] "GET /Main/MediStammdatenKostenSchweiz?action=diff HTTP/1.1" 403 18 "-" "serpstatbot/2.1 (advanced backlink tracking bot; https://serpstatbot.com/; abuse@serpstatbot.com)"
54.36.148.249 - - [18/Jul/2022:03:18:58 +0200] "GET / HTTP/1.1" 200 12074 "-" "Mozilla/5.0 (compatible; AhrefsBot/7.0; +http://ahrefs.com/robot/)"
195.201.194.151 - - [18/Jul/2022:03:18:59 +0200] "GET /Main/Linux?n=Main.SideBar?action=edit HTTP/1.1" 403 18 "-" "serpstatbot/2.1 (advanced backlink tracking bot; https://serpstatbot.com/; abuse@serpstatbot.com)"
195.201.194.151 - - [18/Jul/2022:03:19:31 +0200] "GET /AmiKo/Linux?action=upload HTTP/1.1" 403 18 "-" "serpstatbot/2.1 (advanced backlink tracking bot; https://serpstatbot.com/; abuse@serpstatbot.com)"
195.201.194.151 - - [18/Jul/2022:03:19:46 +0200] "GET /Main/Linux?action=upload HTTP/1.1" 403 18 "-" "serpstatbot/2.1 (advanced backlink tracking bot; https://serpstatbot.com/; abuse@serpstatbot.com)"
195.201.194.151 - - [18/Jul/2022:03:20:03 +0200] "GET /AmiKo/Linux?n=Main.SideBar?action=edit HTTP/1.1" 403 18 "-" "serpstatbot/2.1 (advanced backlink tracking bot; https://serpstatbot.com/; abuse@serpstatbot.com)"
195.201.194.151 - - [18/Jul/2022:03:20:18 +0200] "GET /Main/Linux?action=print HTTP/1.1" 403 18 "-" "serpstatbot/2.1 (advanced backlink tracking bot; https://serpstatbot.com/; abuse@serpstatbot.com)"
195.201.194.151 - - [18/Jul/2022:03:20:36 +0200] "GET /AmiKo/Swisspeddose?action=diff HTTP/1.1" 403 18 "-" "serpstatbot/2.1 (advanced backlink tracking bot; https://serpstatbot.com/; abuse@serpstatbot.com)"
195.201.194.151 - - [18/Jul/2022:03:20:51 +0200] "GET /Main/Linux?action=edit HTTP/1.1" 403 18 "-" "serpstatbot/2.1 (advanced backlink tracking bot; https://serpstatbot.com/; abuse@serpstatbot.com)"
195.201.194.151 - - [18/Jul/2022:03:21:09 +0200] "GET /AmiKo/Swisspeddose?action=edit HTTP/1.1" 403 18 "-" "serpstatbot/2.1 (advanced backlink tracking bot; https://serpstatbot.com/; abuse@serpstatbot.com)"
104.199.42.132 - - [18/Jul/2022:03:21:13 +0200] "HEAD / HTTP/1.1" 200 - "-" "Apache-HttpClient/4.5.5 (Java/11.0.9)"
195.201.194.151 - - [18/Jul/2022:03:21:26 +0200] "GET /Main/Gtin2atc?action=diff HTTP/1.1" 403 18 "-" "serpstatbot/2.1 (advanced backlink tracking bot; https://serpstatbot.com/; abuse@serpstatbot.com)"
195.201.194.151 - - [18/Jul/2022:03:21:37 +0200] "GET /AmiKo/Swisspeddose?action=upload HTTP/1.1" 403 18 "-" "serpstatbot/2.1 (advanced backlink tracking bot; https://serpstatbot.com/; abuse@serpstatbot.com)"
195.201.194.151 - - [18/Jul/2022:03:21:42 +0200] "GET /Main/Gtin2atc?n=Main.SideBar?action=edit HTTP/1.1" 403 18 "-" "serpstatbot/2.1 (advanced backlink tracking bot; https://serpstatbot.com/; abuse@serpstatbot.com)"
195.201.194.151 - - [18/Jul/2022:03:21:47 +0200] "GET /Main/Gtin2atc?action=upload HTTP/1.1" 403 18 "-" "serpstatbot/2.1 (advanced backlink tracking bot; https://serpstatbot.com/; abuse@serpstatbot.com)"
195.201.194.151 - - [18/Jul/2022:03:21:54 +0200] "GET /Main/Gtin2atc?action=print HTTP/1.1" 403 18 "-" "serpstatbot/2.1 (advanced backlink tracking bot; https://serpstatbot.com/; abuse@serpstatbot.com)"
195.201.194.151 - - [18/Jul/2022:03:22:00 +0200] "GET /Main/Gtin2atc?action=edit HTTP/1.1" 403 18 "-" "serpstatbot/2.1 (advanced backlink tracking bot; https://serpstatbot.com/; abuse@serpstatbot.com)"
195.201.194.151 - - [18/Jul/2022:03:22:06 +0200] "GET /Main/SideBar?action=diff HTTP/1.1" 403 18 "-" "serpstatbot/2.1 (advanced backlink tracking bot; https://serpstatbot.com/; abuse@serpstatbot.com)"
195.201.194.151 - - [18/Jul/2022:03:22:13 +0200] "GET /Software/YDPM HTTP/1.1" 200 8809 "-" "serpstatbot/2.1 (advanced backlink tracking bot; https://serpstatbot.com/; abuse@serpstatbot.com)"
195.201.194.151 - - [18/Jul/2022:03:22:22 +0200] "GET /Ywesee/Software?action=diff HTTP/1.1" 403 18 "-" "serpstatbot/2.1 (advanced backlink tracking bot; https://serpstatbot.com/; abuse@serpstatbot.com)"
195.201.194.151 - - [18/Jul/2022:03:22:31 +0200] "GET /Ywesee/Software?action=edit HTTP/1.1" 403 18 "-" "serpstatbot/2.1 (advanced backlink tracking bot; https://serpstatbot.com/; abuse@serpstatbot.com)"
195.201.194.151 - - [18/Jul/2022:03:22:43 +0200] "GET /Ywesee/Software?action=print HTTP/1.1" 403 18 "-" "serpstatbot/2.1 (advanced backlink tracking bot; https://serpstatbot.com/; abuse@serpstatbot.com)"
195.201.194.151 - - [18/Jul/2022:03:22:58 +0200] "GET /Ywesee/Software?action=upload HTTP/1.1" 403 18 "-" "serpstatbot/2.1 (advanced backlink tracking bot; https://serpstatbot.com/; abuse@serpstatbot.com)"
185.191.171.44 - - [18/Jul/2022:03:23:08 +0200] "GET /robots.txt HTTP/1.1" 200 - "-" "Mozilla/5.0 (compatible; SemrushBot/7~bl; +http://www.semrush.com/bot.html)"
185.191.171.15 - - [18/Jul/2022:03:23:09 +0200] "GET /Ywesee/XMLCONV2?action=edit HTTP/1.1" 403 18 "-" "Mozilla/5.0 (compatible; SemrushBot/7~bl; +http://www.semrush.com/bot.html)"
195.201.194.151 - - [18/Jul/2022:03:23:13 +0200] "GET /Ywesee/Software?n=Main.SideBar?action=edit HTTP/1.1" 403 18 "-" "serpstatbot/2.1 (advanced backlink tracking bot; https://serpstatbot.com/; abuse@serpstatbot.com)"
195.201.194.151 - - [18/Jul/2022:03:23:29 +0200] "GET /AmiKo/Flyer?action=diff HTTP/1.1" 403 18 "-" "serpstatbot/2.1 (advanced backlink tracking bot; https://serpstatbot.com/; abuse@serpstatbot.com)"
195.201.194.151 - - [18/Jul/2022:03:23:45 +0200] "GET /AmiKo/Flyer?n=Main.SideBar?action=edit HTTP/1.1" 403 18 "-" "serpstatbot/2.1 (advanced backlink tracking bot; https://serpstatbot.com/; abuse@serpstatbot.com)"
195.201.194.151 - - [18/Jul/2022:03:24:01 +0200] "GET /AmiKo/Flyer?action=upload HTTP/1.1" 403 18 "-" "serpstatbot/2.1 (advanced backlink tracking bot; https://serpstatbot.com/; abuse@serpstatbot.com)"
195.201.194.151 - - [18/Jul/2022:03:24:18 +0200] "GET /AmiKo/Flyer?action=print HTTP/1.1" 403 18 "-" "serpstatbot/2.1 (advanced backlink tracking bot; https://serpstatbot.com/; abuse@serpstatbot.com)"
195.201.194.151 - - [18/Jul/2022:03:24:36 +0200] "GET /AmiKo/Flyer?action=edit HTTP/1.1" 403 18 "-" "serpstatbot/2.1 (advanced backlink tracking bot; https://serpstatbot.com/; abuse@serpstatbot.com)"
195.201.194.151 - - [18/Jul/2022:03:24:53 +0200] "GET /Eggze/SpreadIt?action=diff HTTP/1.1" 403 18 "-" "serpstatbot/2.1 (advanced backlink tracking bot; https://serpstatbot.com/; abuse@serpstatbot.com)"
195.201.194.151 - - [18/Jul/2022:03:25:12 +0200] "GET /Eggze/SpreadIt?action=edit HTTP/1.1" 403 18 "-" "serpstatbot/2.1 (advanced backlink tracking bot; https://serpstatbot.com/; abuse@serpstatbot.com)"
185.191.171.40 - - [18/Jul/2022:03:25:23 +0200] "GET /RedLaser/BarcodeScanner?action=print HTTP/1.1" 403 18 "-" "Mozilla/5.0 (compatible; SemrushBot/7~bl; +http://www.semrush.com/bot.html)"
195.201.194.151 - - [18/Jul/2022:03:25:30 +0200] "GET /Eggze/SpreadIt?action=print HTTP/1.1" 403 18 "-" "serpstatbot/2.1 (advanced backlink tracking bot; https://serpstatbot.com/; abuse@serpstatbot.com)"
195.201.194.151 - - [18/Jul/2022:03:25:50 +0200] "GET /Eggze/SpreadIt?action=upload HTTP/1.1" 403 18 "-" "serpstatbot/2.1 (advanced backlink tracking bot; https://serpstatbot.com/; abuse@serpstatbot.com)"
195.201.194.151 - - [18/Jul/2022:03:26:08 +0200] "GET /Eggze/SpreadIt?n=Main.SideBar?action=edit HTTP/1.1" 403 18 "-" "serpstatbot/2.1 (advanced backlink tracking bot; https://serpstatbot.com/; abuse@serpstatbot.com)"
195.201.194.151 - - [18/Jul/2022:03:26:28 +0200] "GET /InfoCodex/Dokumentenfamilien?action=diff HTTP/1.1" 403 18 "-" "serpstatbot/2.1 (advanced backlink tracking bot; https://serpstatbot.com/; abuse@serpstatbot.com)"
195.201.194.151 - - [18/Jul/2022:03:26:36 +0200] "GET /InfoCodex/Dokumentenfamilien?action=edit HTTP/1.1" 403 18 "-" "serpstatbot/2.1 (advanced backlink tracking bot; https://serpstatbot.com/; abuse@serpstatbot.com)"
195.201.194.151 - - [18/Jul/2022:03:26:41 +0200] "GET /InfoCodex/Dokumentenfamilien?action=print HTTP/1.1" 403 18 "-" "serpstatbot/2.1 (advanced backlink tracking bot; https://serpstatbot.com/; abuse@serpstatbot.com)"
195.201.194.151 - - [18/Jul/2022:03:26:45 +0200] "GET /InfoCodex/Dokumentenfamilien?action=upload HTTP/1.1" 403 18 "-" "serpstatbot/2.1 (advanced backlink tracking bot; https://serpstatbot.com/; abuse@serpstatbot.com)"
195.201.194.151 - - [18/Jul/2022:03:26:50 +0200] "GET /InfoCodex/Dokumentenfamilien?n=Main.SideBar?action=edit HTTP/1.1" 403 18 "-" "serpstatbot/2.1 (advanced backlink tracking bot; https://serpstatbot.com/; abuse@serpstatbot.com)"
195.201.194.151 - - [18/Jul/2022:03:26:56 +0200] "GET /InfoCodex/Index?action=diff HTTP/1.1" 403 18 "-" "serpstatbot/2.1 (advanced backlink tracking bot; https://serpstatbot.com/; abuse@serpstatbot.com)"
195.201.194.151 - - [18/Jul/2022:03:27:04 +0200] "GET /InfoCodex/Index?action=edit HTTP/1.1" 403 18 "-" "serpstatbot/2.1 (advanced backlink tracking bot; https://serpstatbot.com/; abuse@serpstatbot.com)"
195.201.194.151 - - [18/Jul/2022:03:27:11 +0200] "GET /InfoCodex/Index?action=print HTTP/1.1" 403 18 "-" "serpstatbot/2.1 (advanced backlink tracking bot; https://serpstatbot.com/; abuse@serpstatbot.com)"
195.201.194.151 - - [18/Jul/2022:03:27:21 +0200] "GET /InfoCodex/Index?action=upload HTTP/1.1" 403 18 "-" "serpstatbot/2.1 (advanced backlink tracking bot; https://serpstatbot.com/; abuse@serpstatbot.com)"
195.201.194.151 - - [18/Jul/2022:03:27:34 +0200] "GET /InfoCodex/Index?n=Main.SideBar?action=edit HTTP/1.1" 403 18 "-" "serpstatbot/2.1 (advanced backlink tracking bot; https://serpstatbot.com/; abuse@serpstatbot.com)"
185.191.171.7 - - [18/Jul/2022:03:28:42 +0200] "GET /Main/2010?n=Main.SideBar%3Faction%3Dedit HTTP/1.1" 302 157 "-" "Mozilla/5.0 (compatible; SemrushBot/7~bl; +http://www.semrush.com/bot.html)"
185.191.171.25 - - [18/Jul/2022:03:30:35 +0200] "GET /Main/2014 HTTP/1.1" 200 19471 "-" "Mozilla/5.0 (compatible; SemrushBot/7~bl; +http://www.semrush.com/bot.html)"
89.246.241.14 - - [18/Jul/2022:03:31:19 +0200] "GET /Main/2021 HTTP/1.1" 200 16484 "-" "Mozilla/5.0 (Windows NT 10.0; Win64; x64; rv:84.0) Gecko/20100101 Firefox/84.0"
89.246.241.14 - - [18/Jul/2022:03:31:34 +0200] "GET /Main/2020 HTTP/1.1" 200 15398 "-" "Mozilla/5.0 (Windows NT 10.0; Win64; x64; rv:84.0) Gecko/20100101 Firefox/84.0"
89.246.241.14 - - [18/Jul/2022:03:31:47 +0200] "GET /uploads/Main/Multizentrische_Beobachtungsstudie_zur_Bestimmung_der_Verbreitung_des_Coronavirus_und_Entwicklung_der_Immunitt_in_der_Schweiz.pdf HTTP/1.1" 200 515176 "-" "Mozilla/5.0 (Windows NT 10.0; Win64; x64; rv:84.0) Gecko/20100101 Firefox/84.0"
89.246.241.14 - - [18/Jul/2022:03:34:52 +0200] "GET /Main/Home HTTP/1.1" 200 12074 "-" "Mozilla/5.0 (Windows NT 10.0; Win64; x64; rv:84.0) Gecko/20100101 Firefox/84.0"
89.246.241.14 - - [18/Jul/2022:03:37:09 +0200] "GET /Main/2019 HTTP/1.1" 200 15246 "-" "Mozilla/5.0 (Windows NT 10.0; Win64; x64; rv:84.0) Gecko/20100101 Firefox/84.0"
89.246.241.14 - - [18/Jul/2022:03:37:24 +0200] "GET /Main/2018 HTTP/1.1" 200 15425 "-" "Mozilla/5.0 (Windows NT 10.0; Win64; x64; rv:84.0) Gecko/20100101 Firefox/84.0"
89.246.241.14 - - [18/Jul/2022:03:37:35 +0200] "GET /uploads/Main/Career_amp_Networking_Days_2018.pdf HTTP/1.1" 200 5346417 "-" "Mozilla/5.0 (Windows NT 10.0; Win64; x64; rv:84.0) Gecko/20100101 Firefox/84.0"
89.246.241.14 - - [18/Jul/2022:03:37:41 +0200] "GET /Main/2017 HTTP/1.1" 200 15840 "-" "Mozilla/5.0 (Windows NT 10.0; Win64; x64; rv:84.0) Gecko/20100101 Firefox/84.0"
89.246.241.14 - - [18/Jul/2022:03:37:55 +0200] "GET /Main/2016 HTTP/1.1" 200 13689 "-" "Mozilla/5.0 (Windows NT 10.0; Win64; x64; rv:84.0) Gecko/20100101 Firefox/84.0"
89.246.241.14 - - [18/Jul/2022:03:38:10 +0200] "GET /Main/2015 HTTP/1.1" 200 15908 "-" "Mozilla/5.0 (Windows NT 10.0; Win64; x64; rv:84.0) Gecko/20100101 Firefox/84.0"
89.246.241.14 - - [18/Jul/2022:03:38:25 +0200] "GET /Main/2014 HTTP/1.1" 200 19471 "-" "Mozilla/5.0 (Windows NT 10.0; Win64; x64; rv:84.0) Gecko/20100101 Firefox/84.0"
89.246.241.14 - - [18/Jul/2022:03:38:37 +0200] "GET /Main/2014?action=edit HTTP/1.1" 200 9271 "-" "Mozilla/5.0 (Windows NT 10.0; Win64; x64; rv:84.0) Gecko/20100101 Firefox/84.0"
89.246.241.14 - - [18/Jul/2022:03:38:42 +0200] "GET /Main/2013 HTTP/1.1" 200 20487 "-" "Mozilla/5.0 (Windows NT 10.0; Win64; x64; rv:84.0) Gecko/20100101 Firefox/84.0"
106.52.239.198 - - [18/Jul/2022:03:38:50 +0200] "GET / HTTP/1.1" 200 12074 "-" "Mozilla/5.0 (Windows NT 6.2; WOW64) AppleWebKit/537.36 (KHTML, like Gecko) Chrome/30.0.1599.17 Safari/537.36"
89.246.241.14 - - [18/Jul/2022:03:38:55 +0200] "GET /Main/2012 HTTP/1.1" 200 31941 "-" "Mozilla/5.0 (Windows NT 10.0; Win64; x64; rv:84.0) Gecko/20100101 Firefox/84.0"
89.246.241.14 - - [18/Jul/2022:03:39:10 +0200] "GET /Main/2011 HTTP/1.1" 200 21451 "-" "Mozilla/5.0 (Windows NT 10.0; Win64; x64; rv:84.0) Gecko/20100101 Firefox/84.0"
89.246.241.14 - - [18/Jul/2022:03:39:26 +0200] "GET /Main/2010 HTTP/1.1" 200 27997 "-" "Mozilla/5.0 (Windows NT 10.0; Win64; x64; rv:84.0) Gecko/20100101 Firefox/84.0"
195.201.194.151 - - [18/Jul/2022:03:40:08 +0200] "GET /Ywesee/Kindle?n=Main.SideBar?action=edit HTTP/1.1" 403 18 "-" "serpstatbot/2.1 (advanced backlink tracking bot; https://serpstatbot.com/; abuse@serpstatbot.com)"
195.201.194.151 - - [18/Jul/2022:03:40:37 +0200] "GET /AmiKo/Ankuendigung?action=print HTTP/1.1" 403 18 "-" "serpstatbot/2.1 (advanced backlink tracking bot; https://serpstatbot.com/; abuse@serpstatbot.com)"
195.201.194.151 - - [18/Jul/2022:03:40:53 +0200] "GET /Ywesee/XMLFachinfoValidierung?action=upload HTTP/1.1" 403 18 "-" "serpstatbot/2.1 (advanced backlink tracking bot; https://serpstatbot.com/; abuse@serpstatbot.com)"
195.201.194.151 - - [18/Jul/2022:03:41:16 +0200] "GET /Ywesee/XMLFachinfoValidierung?action=print HTTP/1.1" 403 18 "-" "serpstatbot/2.1 (advanced backlink tracking bot; https://serpstatbot.com/; abuse@serpstatbot.com)"
89.246.241.14 - - [18/Jul/2022:03:41:26 +0200] "GET /Eggze/SpreadIt HTTP/1.1" 200 12537 "-" "Mozilla/5.0 (Windows NT 10.0; Win64; x64; rv:84.0) Gecko/20100101 Firefox/84.0"
195.201.194.151 - - [18/Jul/2022:03:41:35 +0200] "GET /Ywesee/XMLFachinfoValidierung?action=edit HTTP/1.1" 403 18 "-" "serpstatbot/2.1 (advanced backlink tracking bot; https://serpstatbot.com/; abuse@serpstatbot.com)"
195.201.194.151 - - [18/Jul/2022:03:41:40 +0200] "GET /Ywesee/XMLFachinfoValidierung?action=diff HTTP/1.1" 403 18 "-" "serpstatbot/2.1 (advanced backlink tracking bot; https://serpstatbot.com/; abuse@serpstatbot.com)"
195.201.194.151 - - [18/Jul/2022:03:41:45 +0200] "GET /Ywesee/Stanza?n=Main.SideBar?action=edit HTTP/1.1" 403 18 "-" "serpstatbot/2.1 (advanced backlink tracking bot; https://serpstatbot.com/; abuse@serpstatbot.com)"
195.201.194.151 - - [18/Jul/2022:03:41:51 +0200] "GET /Ywesee/Stanza?action=upload HTTP/1.1" 403 18 "-" "serpstatbot/2.1 (advanced backlink tracking bot; https://serpstatbot.com/; abuse@serpstatbot.com)"
195.201.194.151 - - [18/Jul/2022:03:41:57 +0200] "GET /Ywesee/Stanza?action=edit HTTP/1.1" 403 18 "-" "serpstatbot/2.1 (advanced backlink tracking bot; https://serpstatbot.com/; abuse@serpstatbot.com)"
195.201.194.151 - - [18/Jul/2022:03:42:03 +0200] "GET /Ywesee/SpezialisierteKrankenkasse?action=upload HTTP/1.1" 403 18 "-" "serpstatbot/2.1 (advanced backlink tracking bot; https://serpstatbot.com/; abuse@serpstatbot.com)"
195.201.194.151 - - [18/Jul/2022:03:42:09 +0200] "GET /Ywesee/XMLFachinfoValidierung?n=Main.SideBar?action=edit HTTP/1.1" 403 18 "-" "serpstatbot/2.1 (advanced backlink tracking bot; https://serpstatbot.com/; abuse@serpstatbot.com)"
195.201.194.151 - - [18/Jul/2022:03:42:15 +0200] "GET /Ywesee/Kindle?action=upload HTTP/1.1" 403 18 "-" "serpstatbot/2.1 (advanced backlink tracking bot; https://serpstatbot.com/; abuse@serpstatbot.com)"
195.201.194.151 - - [18/Jul/2022:03:42:23 +0200] "GET /Ywesee/Kindle?action=print HTTP/1.1" 403 18 "-" "serpstatbot/2.1 (advanced backlink tracking bot; https://serpstatbot.com/; abuse@serpstatbot.com)"
195.201.194.151 - - [18/Jul/2022:03:42:32 +0200] "GET /Ywesee/Kindle?action=edit HTTP/1.1" 403 18 "-" "serpstatbot/2.1 (advanced backlink tracking bot; https://serpstatbot.com/; abuse@serpstatbot.com)"
195.201.194.151 - - [18/Jul/2022:03:42:42 +0200] "GET /Ywesee/Kindle?action=diff HTTP/1.1" 403 18 "-" "serpstatbot/2.1 (advanced backlink tracking bot; https://serpstatbot.com/; abuse@serpstatbot.com)"
195.201.194.151 - - [18/Jul/2022:03:42:52 +0200] "GET /Ywesee/About?n=Main.SideBar?action=edit HTTP/1.1" 403 18 "-" "serpstatbot/2.1 (advanced backlink tracking bot; https://serpstatbot.com/; abuse@serpstatbot.com)"
195.201.194.151 - - [18/Jul/2022:03:43:03 +0200] "GET /Ywesee/SpezialisierteKrankenkasse?action=diff HTTP/1.1" 403 18 "-" "serpstatbot/2.1 (advanced backlink tracking bot; https://serpstatbot.com/; abuse@serpstatbot.com)"
89.246.241.14 - - [18/Jul/2022:03:43:12 +0200] "GET /AmiKo/Android HTTP/1.1" 200 10427 "-" "Mozilla/5.0 (Windows NT 10.0; Win64; x64; rv:84.0) Gecko/20100101 Firefox/84.0"
195.201.194.151 - - [18/Jul/2022:03:43:15 +0200] "GET /Ywesee/About?action=upload HTTP/1.1" 403 18 "-" "serpstatbot/2.1 (advanced backlink tracking bot; https://serpstatbot.com/; abuse@serpstatbot.com)"
195.201.194.151 - - [18/Jul/2022:03:43:27 +0200] "GET /Ywesee/About?action=print HTTP/1.1" 403 18 "-" "serpstatbot/2.1 (advanced backlink tracking bot; https://serpstatbot.com/; abuse@serpstatbot.com)"
195.201.194.151 - - [18/Jul/2022:03:43:40 +0200] "GET /Wiget/PhMPrescriber?n=Main.SideBar?action=edit HTTP/1.1" 403 18 "-" "serpstatbot/2.1 (advanced backlink tracking bot; https://serpstatbot.com/; abuse@serpstatbot.com)"
195.201.194.151 - - [18/Jul/2022:03:43:53 +0200] "GET /Ywesee/SpezialisierteKrankenkasse?action=edit HTTP/1.1" 403 18 "-" "serpstatbot/2.1 (advanced backlink tracking bot; https://serpstatbot.com/; abuse@serpstatbot.com)"
195.201.194.151 - - [18/Jul/2022:03:44:09 +0200] "GET /Ywesee/SpezialisierteKrankenkasse?action=print HTTP/1.1" 403 18 "-" "serpstatbot/2.1 (advanced backlink tracking bot; https://serpstatbot.com/; abuse@serpstatbot.com)"
195.201.194.151 - - [18/Jul/2022:03:44:23 +0200] "GET /Ywesee/SpezialisierteKrankenkasse?n=Main.SideBar?action=edit HTTP/1.1" 403 18 "-" "serpstatbot/2.1 (advanced backlink tracking bot; https://serpstatbot.com/; abuse@serpstatbot.com)"
195.201.194.151 - - [18/Jul/2022:03:44:37 +0200] "GET /Ywesee/Stanza?action=diff HTTP/1.1" 403 18 "-" "serpstatbot/2.1 (advanced backlink tracking bot; https://serpstatbot.com/; abuse@serpstatbot.com)"
195.201.194.151 - - [18/Jul/2022:03:44:53 +0200] "GET /AmiKo/Linux?action=print HTTP/1.1" 403 18 "-" "serpstatbot/2.1 (advanced backlink tracking bot; https://serpstatbot.com/; abuse@serpstatbot.com)"
89.246.241.14 - - [18/Jul/2022:03:44:58 +0200] "GET /Main/2009 HTTP/1.1" 200 21688 "-" "Mozilla/5.0 (Windows NT 10.0; Win64; x64; rv:84.0) Gecko/20100101 Firefox/84.0"
89.246.241.14 - - [18/Jul/2022:03:45:12 +0200] "GET /Main/2008 HTTP/1.1" 200 34740 "-" "Mozilla/5.0 (Windows NT 10.0; Win64; x64; rv:84.0) Gecko/20100101 Firefox/84.0"
89.246.241.14 - - [18/Jul/2022:03:45:23 +0200] "GET /uploads/Main/Medikamentenpreise_und_Medikamentenmarkt_in_der_Schweiz.pdf HTTP/1.1" 200 1455000 "-" "Mozilla/5.0 (Windows NT 10.0; Win64; x64; rv:84.0) Gecko/20100101 Firefox/84.0"
195.201.194.151 - - [18/Jul/2022:03:45:23 +0200] "GET /uploads/Software/HelpFile.txt HTTP/1.1" 200 7225 "-" "serpstatbot/2.1 (advanced backlink tracking bot; https://serpstatbot.com/; abuse@serpstatbot.com)"
54.36.149.76 - - [18/Jul/2022:03:45:24 +0200] "GET /Ywesee/XMLCONV2 HTTP/1.1" 200 8483 "-" "Mozilla/5.0 (compatible; AhrefsBot/7.0; +http://ahrefs.com/robot/)"
89.246.241.14 - - [18/Jul/2022:03:45:28 +0200] "GET /Main/2007 HTTP/1.1" 200 50639 "-" "Mozilla/5.0 (Windows NT 10.0; Win64; x64; rv:84.0) Gecko/20100101 Firefox/84.0"
195.201.194.151 - - [18/Jul/2022:03:45:39 +0200] "GET /Software/YDPM?n=Main.SideBar?action=edit HTTP/1.1" 403 18 "-" "serpstatbot/2.1 (advanced backlink tracking bot; https://serpstatbot.com/; abuse@serpstatbot.com)"
89.246.241.14 - - [18/Jul/2022:03:45:41 +0200] "GET /uploads/Main/Excel_100_vergleichbare_Medikamente_Schweiz_Deutschland.xls HTTP/1.1" 200 137216 "-" "Mozilla/5.0 (Windows NT 10.0; Win64; x64; rv:84.0) Gecko/20100101 Firefox/84.0"
89.246.241.14 - - [18/Jul/2022:03:45:47 +0200] "GET /Main/2006 HTTP/1.1" 200 39320 "-" "Mozilla/5.0 (Windows NT 10.0; Win64; x64; rv:84.0) Gecko/20100101 Firefox/84.0"
195.201.194.151 - - [18/Jul/2022:03:45:54 +0200] "GET /Software/YDPM?action=upload HTTP/1.1" 403 18 "-" "serpstatbot/2.1 (advanced backlink tracking bot; https://serpstatbot.com/; abuse@serpstatbot.com)"
89.246.241.14 - - [18/Jul/2022:03:45:57 +0200] "GET /Main/2005 HTTP/1.1" 200 63344 "-" "Mozilla/5.0 (Windows NT 10.0; Win64; x64; rv:84.0) Gecko/20100101 Firefox/84.0"
89.246.241.14 - - [18/Jul/2022:03:46:03 +0200] "GET /uploads/Main/338_Email_an_hans-beat.jenny_9.10.2006.txt HTTP/1.1" 200 2596 "-" "Mozilla/5.0 (Windows NT 10.0; Win64; x64; rv:84.0) Gecko/20100101 Firefox/84.0"
195.201.194.151 - - [18/Jul/2022:03:46:10 +0200] "GET /Software/YDPM?action=print HTTP/1.1" 403 18 "-" "serpstatbot/2.1 (advanced backlink tracking bot; https://serpstatbot.com/; abuse@serpstatbot.com)"
89.246.241.14 - - [18/Jul/2022:03:46:11 +0200] "GET /uploads/Main/Facharbeit_Raphael_Waltert.pdf HTTP/1.1" 200 1004701 "-" "Mozilla/5.0 (Windows NT 10.0; Win64; x64; rv:84.0) Gecko/20100101 Firefox/84.0"
89.246.241.14 - - [18/Jul/2022:03:46:16 +0200] "GET /Main/2004 HTTP/1.1" 200 14080 "-" "Mozilla/5.0 (Windows NT 10.0; Win64; x64; rv:84.0) Gecko/20100101 Firefox/84.0"
89.246.241.14 - - [18/Jul/2022:03:46:22 +0200] "GET /uploads/Main/Facharbeit_Mike_Walder.pdf HTTP/1.1" 200 989761 "-" "Mozilla/5.0 (Windows NT 10.0; Win64; x64; rv:84.0) Gecko/20100101 Firefox/84.0"
195.201.194.151 - - [18/Jul/2022:03:46:27 +0200] "GET /Software/YDPM?action=edit HTTP/1.1" 403 18 "-" "serpstatbot/2.1 (advanced backlink tracking bot; https://serpstatbot.com/; abuse@serpstatbot.com)"
195.201.194.151 - - [18/Jul/2022:03:46:35 +0200] "GET /Software/YDPM?action=diff HTTP/1.1" 403 18 "-" "serpstatbot/2.1 (advanced backlink tracking bot; https://serpstatbot.com/; abuse@serpstatbot.com)"
77.88.9.3 - - [18/Jul/2022:03:47:26 +0200] "GET /robots.txt HTTP/1.1" 200 - "-" "Mozilla/5.0 (compatible; YandexBot/3.0; +http://yandex.com/bots)"
77.88.9.3 - - [18/Jul/2022:03:47:29 +0200] "GET / HTTP/1.1" 200 12074 "-" "Mozilla/5.0 (compatible; YandexBot/3.0; +http://yandex.com/bots)"
89.246.241.14 - - [18/Jul/2022:03:48:27 +0200] "GET /AmiKo/SAPP HTTP/1.1" 200 12947 "-" "Mozilla/5.0 (Windows NT 10.0; Win64; x64; rv:84.0) Gecko/20100101 Firefox/84.0"
89.246.241.14 - - [18/Jul/2022:03:53:10 +0200] "GET /AmiKo/Windows HTTP/1.1" 200 10332 "-" "Mozilla/5.0 (Windows NT 10.0; Win64; x64; rv:84.0) Gecko/20100101 Firefox/84.0"
185.191.171.42 - - [18/Jul/2022:03:58:25 +0200] "GET /AmiKo/OSX?n=Main.SideBar%3Faction%3Dedit HTTP/1.1" 302 157 "-" "Mozilla/5.0 (compatible; SemrushBot/7~bl; +http://www.semrush.com/bot.html)"
195.201.194.151 - - [18/Jul/2022:04:12:29 +0200] "GET /Ywesee/Software?n=Main.SideBar?action=edit HTTP/1.1" 403 18 "-" "serpstatbot/2.1 (advanced backlink tracking bot; https://serpstatbot.com/; abuse@serpstatbot.com)"
195.201.194.151 - - [18/Jul/2022:04:12:44 +0200] "GET /Main/Gtin2atc?action=upload HTTP/1.1" 403 18 "-" "serpstatbot/2.1 (advanced backlink tracking bot; https://serpstatbot.com/; abuse@serpstatbot.com)"
195.201.194.151 - - [18/Jul/2022:04:12:58 +0200] "GET /Ywesee/Software?action=upload HTTP/1.1" 403 18 "-" "serpstatbot/2.1 (advanced backlink tracking bot; https://serpstatbot.com/; abuse@serpstatbot.com)"
195.201.194.151 - - [18/Jul/2022:04:13:12 +0200] "GET /Ywesee/Software?action=print HTTP/1.1" 403 18 "-" "serpstatbot/2.1 (advanced backlink tracking bot; https://serpstatbot.com/; abuse@serpstatbot.com)"
195.201.194.151 - - [18/Jul/2022:04:13:29 +0200] "GET /Ywesee/Software?action=edit HTTP/1.1" 403 18 "-" "serpstatbot/2.1 (advanced backlink tracking bot; https://serpstatbot.com/; abuse@serpstatbot.com)"
195.201.194.151 - - [18/Jul/2022:04:13:45 +0200] "GET /Ywesee/Software?action=diff HTTP/1.1" 403 18 "-" "serpstatbot/2.1 (advanced backlink tracking bot; https://serpstatbot.com/; abuse@serpstatbot.com)"
195.201.194.151 - - [18/Jul/2022:04:14:01 +0200] "GET /Ywesee/InfoCodexProximity?n=Main.SideBar?action=edit HTTP/1.1" 403 18 "-" "serpstatbot/2.1 (advanced backlink tracking bot; https://serpstatbot.com/; abuse@serpstatbot.com)"
195.201.194.151 - - [18/Jul/2022:04:14:18 +0200] "GET /Ywesee/InfoCodexProximity?action=upload HTTP/1.1" 403 18 "-" "serpstatbot/2.1 (advanced backlink tracking bot; https://serpstatbot.com/; abuse@serpstatbot.com)"
195.201.194.151 - - [18/Jul/2022:04:14:34 +0200] "GET /Ywesee/InfoCodexProximity?action=print HTTP/1.1" 403 18 "-" "serpstatbot/2.1 (advanced backlink tracking bot; https://serpstatbot.com/; abuse@serpstatbot.com)"
195.201.194.151 - - [18/Jul/2022:04:14:50 +0200] "GET /Ywesee/InfoCodexProximity?action=diff HTTP/1.1" 403 18 "-" "serpstatbot/2.1 (advanced backlink tracking bot; https://serpstatbot.com/; abuse@serpstatbot.com)"
195.201.194.151 - - [18/Jul/2022:04:15:09 +0200] "GET /Main/SideBar?n=Main.SideBar?action=edit HTTP/1.1" 403 18 "-" "serpstatbot/2.1 (advanced backlink tracking bot; https://serpstatbot.com/; abuse@serpstatbot.com)"
195.201.194.151 - - [18/Jul/2022:04:15:26 +0200] "GET /Main/SideBar?action=upload HTTP/1.1" 403 18 "-" "serpstatbot/2.1 (advanced backlink tracking bot; https://serpstatbot.com/; abuse@serpstatbot.com)"
195.201.194.151 - - [18/Jul/2022:04:15:43 +0200] "GET /Main/SideBar?action=print HTTP/1.1" 403 18 "-" "serpstatbot/2.1 (advanced backlink tracking bot; https://serpstatbot.com/; abuse@serpstatbot.com)"
195.201.194.151 - - [18/Jul/2022:04:16:06 +0200] "GET /Main/SideBar?action=diff HTTP/1.1" 403 18 "-" "serpstatbot/2.1 (advanced backlink tracking bot; https://serpstatbot.com/; abuse@serpstatbot.com)"
195.201.194.151 - - [18/Jul/2022:04:16:31 +0200] "GET /Main/PublicDomainDataLife-Cycle?n=Main.SideBar?action=edit HTTP/1.1" 403 18 "-" "serpstatbot/2.1 (advanced backlink tracking bot; https://serpstatbot.com/; abuse@serpstatbot.com)"
195.201.194.151 - - [18/Jul/2022:04:16:38 +0200] "GET /Main/PublicDomainDataLife-Cycle?action=upload HTTP/1.1" 403 18 "-" "serpstatbot/2.1 (advanced backlink tracking bot; https://serpstatbot.com/; abuse@serpstatbot.com)"
195.201.194.151 - - [18/Jul/2022:04:16:44 +0200] "GET /Main/PublicDomainDataLife-Cycle?action=print HTTP/1.1" 403 18 "-" "serpstatbot/2.1 (advanced backlink tracking bot; https://serpstatbot.com/; abuse@serpstatbot.com)"
195.201.194.151 - - [18/Jul/2022:04:16:50 +0200] "GET /Main/PublicDomainDataLife-Cycle?action=edit HTTP/1.1" 403 18 "-" "serpstatbot/2.1 (advanced backlink tracking bot; https://serpstatbot.com/; abuse@serpstatbot.com)"
195.201.194.151 - - [18/Jul/2022:04:16:57 +0200] "GET /Main/PublicDomainDataLife-Cycle?action=diff HTTP/1.1" 403 18 "-" "serpstatbot/2.1 (advanced backlink tracking bot; https://serpstatbot.com/; abuse@serpstatbot.com)"
195.201.194.151 - - [18/Jul/2022:04:17:04 +0200] "GET /Main/OmixOcas?action=edit HTTP/1.1" 403 18 "-" "serpstatbot/2.1 (advanced backlink tracking bot; https://serpstatbot.com/; abuse@serpstatbot.com)"
195.201.194.151 - - [18/Jul/2022:04:17:09 +0200] "GET /Main/MediStammdatenKostenSchweiz?action=edit HTTP/1.1" 403 18 "-" "serpstatbot/2.1 (advanced backlink tracking bot; https://serpstatbot.com/; abuse@serpstatbot.com)"
195.201.194.151 - - [18/Jul/2022:04:17:16 +0200] "GET /Main/Linux?n=Main.SideBar?action=edit HTTP/1.1" 403 18 "-" "serpstatbot/2.1 (advanced backlink tracking bot; https://serpstatbot.com/; abuse@serpstatbot.com)"
195.201.194.151 - - [18/Jul/2022:04:17:22 +0200] "GET /Main/Linux?action=upload HTTP/1.1" 403 18 "-" "serpstatbot/2.1 (advanced backlink tracking bot; https://serpstatbot.com/; abuse@serpstatbot.com)"
195.201.194.151 - - [18/Jul/2022:04:17:30 +0200] "GET /Main/Linux?action=print HTTP/1.1" 403 18 "-" "serpstatbot/2.1 (advanced backlink tracking bot; https://serpstatbot.com/; abuse@serpstatbot.com)"
195.201.194.151 - - [18/Jul/2022:04:17:41 +0200] "GET /Main/Linux?action=edit HTTP/1.1" 403 18 "-" "serpstatbot/2.1 (advanced backlink tracking bot; https://serpstatbot.com/; abuse@serpstatbot.com)"
195.201.194.151 - - [18/Jul/2022:04:17:52 +0200] "GET /Main/Linux?action=diff HTTP/1.1" 403 18 "-" "serpstatbot/2.1 (advanced backlink tracking bot; https://serpstatbot.com/; abuse@serpstatbot.com)"
195.201.194.151 - - [18/Jul/2022:04:18:03 +0200] "GET /Main/Gtin2atc?n=Main.SideBar?action=edit HTTP/1.1" 403 18 "-" "serpstatbot/2.1 (advanced backlink tracking bot; https://serpstatbot.com/; abuse@serpstatbot.com)"
195.201.194.151 - - [18/Jul/2022:04:18:16 +0200] "GET /AmiKo/Flyer?action=diff HTTP/1.1" 403 18 "-" "serpstatbot/2.1 (advanced backlink tracking bot; https://serpstatbot.com/; abuse@serpstatbot.com)"
89.246.241.14 - - [18/Jul/2022:04:18:27 +0200] "GET /Ywesee/Kontakt HTTP/1.1" 200 8973 "-" "Mozilla/5.0 (Windows NT 10.0; Win64; x64; rv:84.0) Gecko/20100101 Firefox/84.0"
195.201.194.151 - - [18/Jul/2022:04:18:28 +0200] "GET /AmiKo/Flyer?action=edit HTTP/1.1" 403 18 "-" "serpstatbot/2.1 (advanced backlink tracking bot; https://serpstatbot.com/; abuse@serpstatbot.com)"
195.201.194.151 - - [18/Jul/2022:04:18:43 +0200] "GET /AmiKo/Flyer?action=print HTTP/1.1" 403 18 "-" "serpstatbot/2.1 (advanced backlink tracking bot; https://serpstatbot.com/; abuse@serpstatbot.com)"
195.201.194.151 - - [18/Jul/2022:04:18:57 +0200] "GET /AmiKo/Flyer?action=upload HTTP/1.1" 403 18 "-" "serpstatbot/2.1 (advanced backlink tracking bot; https://serpstatbot.com/; abuse@serpstatbot.com)"
195.201.194.151 - - [18/Jul/2022:04:19:12 +0200] "GET /AmiKo/Flyer?n=Main.SideBar?action=edit HTTP/1.1" 403 18 "-" "serpstatbot/2.1 (advanced backlink tracking bot; https://serpstatbot.com/; abuse@serpstatbot.com)"
195.201.194.151 - - [18/Jul/2022:04:19:25 +0200] "GET /AmiKo/Linux?action=upload HTTP/1.1" 403 18 "-" "serpstatbot/2.1 (advanced backlink tracking bot; https://serpstatbot.com/; abuse@serpstatbot.com)"
89.246.241.14 - - [18/Jul/2022:04:19:29 +0200] "GET /Main/MiGel HTTP/1.1" 200 16437 "-" "Mozilla/5.0 (Windows NT 10.0; Win64; x64; rv:84.0) Gecko/20100101 Firefox/84.0"
195.201.194.151 - - [18/Jul/2022:04:19:39 +0200] "GET /AmiKo/Linux?n=Main.SideBar?action=edit HTTP/1.1" 403 18 "-" "serpstatbot/2.1 (advanced backlink tracking bot; https://serpstatbot.com/; abuse@serpstatbot.com)"
195.201.194.151 - - [18/Jul/2022:04:19:55 +0200] "GET /AmiKo/Swisspeddose?action=diff HTTP/1.1" 403 18 "-" "serpstatbot/2.1 (advanced backlink tracking bot; https://serpstatbot.com/; abuse@serpstatbot.com)"
