64.71.157.110 - - [07/Oct/2022:00:02:56 +0200] "GET /pmwiki.php/Site/AllRecentChanges?action=rss HTTP/1.1" 200 2546 "-" "Feedbin feed-id:590358 - 1 subscribers"
34.139.249.138 - - [07/Oct/2022:00:11:26 +0200] "GET /robots.txt HTTP/1.1" 200 - "-" "bidswitchbot/1.0"
34.139.249.138 - - [07/Oct/2022:00:11:27 +0200] "GET /robots.txt HTTP/1.1" 200 - "-" "bidswitchbot/1.0"
34.139.249.138 - - [07/Oct/2022:00:11:28 +0200] "GET /app-ads.txt HTTP/1.1" 404 270 "-" "bidswitchbot/1.0"
34.139.249.138 - - [07/Oct/2022:00:11:50 +0200] "GET /robots.txt HTTP/1.1" 200 - "-" "bidswitchbot/1.0"
34.139.249.138 - - [07/Oct/2022:00:11:52 +0200] "GET /robots.txt HTTP/1.1" 200 - "-" "bidswitchbot/1.0"
34.139.249.138 - - [07/Oct/2022:00:11:53 +0200] "GET /app-ads.txt HTTP/1.1" 404 274 "-" "bidswitchbot/1.0"
34.139.249.138 - - [07/Oct/2022:00:11:54 +0200] "GET /robots.txt HTTP/1.1" 200 - "-" "bidswitchbot/1.0"
34.139.249.138 - - [07/Oct/2022:00:11:56 +0200] "GET /robots.txt HTTP/1.1" 200 - "-" "bidswitchbot/1.0"
34.139.249.138 - - [07/Oct/2022:00:11:58 +0200] "GET /app-ads.txt HTTP/1.1" 404 270 "-" "bidswitchbot/1.0"
34.139.249.138 - - [07/Oct/2022:00:12:20 +0200] "GET /robots.txt HTTP/1.1" 200 - "-" "bidswitchbot/1.0"
34.139.249.138 - - [07/Oct/2022:00:12:22 +0200] "GET /robots.txt HTTP/1.1" 200 - "-" "bidswitchbot/1.0"
34.139.249.138 - - [07/Oct/2022:00:12:24 +0200] "GET /app-ads.txt HTTP/1.1" 404 270 "-" "bidswitchbot/1.0"
34.139.249.138 - - [07/Oct/2022:00:12:45 +0200] "GET /robots.txt HTTP/1.1" 200 - "-" "bidswitchbot/1.0"
34.139.249.138 - - [07/Oct/2022:00:12:47 +0200] "GET /robots.txt HTTP/1.1" 200 - "-" "bidswitchbot/1.0"
34.139.249.138 - - [07/Oct/2022:00:12:50 +0200] "GET /app-ads.txt HTTP/1.1" 404 270 "-" "bidswitchbot/1.0"
34.139.249.138 - - [07/Oct/2022:00:12:52 +0200] "GET /robots.txt HTTP/1.1" 200 - "-" "bidswitchbot/1.0"
34.139.249.138 - - [07/Oct/2022:00:12:54 +0200] "GET /robots.txt HTTP/1.1" 200 - "-" "bidswitchbot/1.0"
34.139.249.138 - - [07/Oct/2022:00:12:56 +0200] "GET /app-ads.txt HTTP/1.1" 404 270 "-" "bidswitchbot/1.0"
8.29.198.27 - - [07/Oct/2022:00:17:34 +0200] "GET /pmwiki.php/Site/AllRecentChanges?action=rss HTTP/1.1" 200 2546 "-" "Feedly/1.0 (+http://www.feedly.com/fetcher.html; 5 subscribers; like FeedFetcher-Google)"
76.188.97.25 - - [07/Oct/2022:00:23:18 +0200] "GET /backup.bkp HTTP/1.1" 404 269 "-" "Firefox"
66.249.66.216 - - [07/Oct/2022:00:27:15 +0200] "GET /de/gcc/price_history/reg/54810/seq/05/pack/062 HTTP/1.1" 404 305 "-" "Mozilla/5.0 (compatible; Googlebot/2.1; +http://www.google.com/bot.html)"
34.217.135.51 - - [07/Oct/2022:00:28:02 +0200] "GET / HTTP/1.1" 200 13326 "-" "Mozilla/5.0 (X11; Linux x86_64) AppleWebKit/537.36 (KHTML, like Gecko) Chrome/83.0.4103.97 Safari/537.36"
194.209.200.2 - - [07/Oct/2022:00:30:26 +0200] "GET /robots.txt HTTP/1.1" 200 - "-" "Mozilla/5.0 (compatible; TMMBot/0.2; +http://www.dslab.ch)/Nutch-1.15"
194.209.200.2 - - [07/Oct/2022:00:30:26 +0200] "GET /Miele/MieleLXIV HTTP/1.1" 200 15367 "-" "Mozilla/5.0 (compatible; TMMBot/0.2; +http://www.dslab.ch)/Nutch-1.15"
194.209.200.2 - - [07/Oct/2022:00:30:32 +0200] "GET /AmiKo/Windows HTTP/1.1" 200 10332 "-" "Mozilla/5.0 (compatible; TMMBot/0.2; +http://www.dslab.ch)/Nutch-1.15"
194.209.200.2 - - [07/Oct/2022:00:32:51 +0200] "GET /Main/2015 HTTP/1.1" 200 15908 "-" "Mozilla/5.0 (compatible; TMMBot/0.2; +http://www.dslab.ch)/Nutch-1.15"
194.209.200.2 - - [07/Oct/2022:00:33:00 +0200] "GET /Main/2013 HTTP/1.1" 200 20487 "-" "Mozilla/5.0 (compatible; TMMBot/0.2; +http://www.dslab.ch)/Nutch-1.15"
64.71.157.123 - - [07/Oct/2022:00:34:15 +0200] "GET /pmwiki.php/Site/AllRecentChanges?action=rss HTTP/1.1" 200 2546 "-" "Feedbin feed-id:590358 - 1 subscribers"
194.209.200.2 - - [07/Oct/2022:00:34:23 +0200] "GET /robots.txt HTTP/1.1" 200 - "-" "Mozilla/5.0 (compatible; TMMBot/0.2; +http://www.dslab.ch)/Nutch-1.15"
194.209.200.2 - - [07/Oct/2022:00:35:44 +0200] "GET /Ywesee/OpenSource HTTP/1.1" 200 10790 "-" "Mozilla/5.0 (compatible; TMMBot/0.2; +http://www.dslab.ch)/Nutch-1.15"
194.209.200.2 - - [07/Oct/2022:00:36:25 +0200] "GET /Main/2007 HTTP/1.1" 200 50639 "-" "Mozilla/5.0 (compatible; TMMBot/0.2; +http://www.dslab.ch)/Nutch-1.15"
194.209.200.2 - - [07/Oct/2022:00:36:32 +0200] "GET /Software/BBMB HTTP/1.1" 200 9385 "-" "Mozilla/5.0 (compatible; TMMBot/0.2; +http://www.dslab.ch)/Nutch-1.15"
194.209.200.2 - - [07/Oct/2022:00:36:35 +0200] "GET /Main/2018 HTTP/1.1" 200 15425 "-" "Mozilla/5.0 (compatible; TMMBot/0.2; +http://www.dslab.ch)/Nutch-1.15"
8.29.198.27 - - [07/Oct/2022:00:50:26 +0200] "GET /pmwiki.php/Site/AllRecentChanges?action=rss HTTP/1.1" 200 2546 "-" "Feedly/1.0 (+http://www.feedly.com/fetcher.html; 5 subscribers; like FeedFetcher-Google)"
74.125.212.229 - - [07/Oct/2022:00:53:08 +0200] "HEAD /pmwiki.php/Site/AllRecentChanges?action=rss HTTP/1.1" 200 - "-" "FeedBurner/1.0 (http://www.FeedBurner.com)"
74.125.212.227 - - [07/Oct/2022:00:53:10 +0200] "GET /pmwiki.php/Site/AllRecentChanges?action=rss HTTP/1.1" 200 2546 "-" "FeedBurner/1.0 (http://www.FeedBurner.com)"
194.209.200.2 - - [07/Oct/2022:01:00:30 +0200] "GET /robots.txt HTTP/1.1" 200 - "-" "Mozilla/5.0 (compatible; TMMBot/0.2; +http://www.dslab.ch)/Nutch-1.15"
194.209.200.2 - - [07/Oct/2022:01:00:30 +0200] "GET /Oddb2xml/Index HTTP/1.1" 200 8983 "-" "Mozilla/5.0 (compatible; TMMBot/0.2; +http://www.dslab.ch)/Nutch-1.15"
194.209.200.2 - - [07/Oct/2022:01:00:53 +0200] "GET /Miele/MieleLXIV HTTP/1.1" 200 15367 "-" "Mozilla/5.0 (compatible; TMMBot/0.2; +http://www.dslab.ch)/Nutch-1.15"
194.209.200.2 - - [07/Oct/2022:01:00:59 +0200] "GET /AmiKo/Windows HTTP/1.1" 200 10332 "-" "Mozilla/5.0 (compatible; TMMBot/0.2; +http://www.dslab.ch)/Nutch-1.15"
194.209.200.2 - - [07/Oct/2022:01:03:09 +0200] "GET /Main/2015 HTTP/1.1" 200 15908 "-" "Mozilla/5.0 (compatible; TMMBot/0.2; +http://www.dslab.ch)/Nutch-1.15"
194.209.200.2 - - [07/Oct/2022:01:03:18 +0200] "GET /Main/2013 HTTP/1.1" 200 20487 "-" "Mozilla/5.0 (compatible; TMMBot/0.2; +http://www.dslab.ch)/Nutch-1.15"
34.66.170.175 - - [07/Oct/2022:01:04:06 +0200] "GET / HTTP/1.1" 200 13326 "-" "Mozilla/5.0 (X11; Linux x86_64) AppleWebKit/537.36 (KHTML, like Gecko) Chrome/108.0.0.0 Safari/537.36"
34.66.170.175 - - [07/Oct/2022:01:04:08 +0200] "GET /pub/skins/ywesee/gila.css HTTP/1.1" 200 8276 "https://ywesee.com/" "Mozilla/5.0 (X11; Linux x86_64) AppleWebKit/537.36 (KHTML, like Gecko) Chrome/108.0.0.0 Safari/537.36"
34.66.170.175 - - [07/Oct/2022:01:04:08 +0200] "GET /uploads/Main/yweseelogo.gif HTTP/1.1" 200 2982 "https://ywesee.com/" "Mozilla/5.0 (X11; Linux x86_64) AppleWebKit/537.36 (KHTML, like Gecko) Chrome/108.0.0.0 Safari/537.36"
34.66.170.175 - - [07/Oct/2022:01:04:08 +0200] "GET /favicon.ico HTTP/1.1" 200 1406 "https://ywesee.com/" "Mozilla/5.0 (X11; Linux x86_64) AppleWebKit/537.36 (KHTML, like Gecko) Chrome/108.0.0.0 Safari/537.36"
35.90.174.131 - - [07/Oct/2022:01:04:13 +0200] "GET / HTTP/1.1" 200 13326 "-" "Mozilla/5.0 (Windows NT 5.1) AppleWebKit/535.2 (KHTML, like Gecko) Chrome/15.0.872.0 Safari/535.2"
198.235.24.165 - - [07/Oct/2022:01:04:26 +0200] "GET / HTTP/1.1" 200 13326 "-" "Expanse, a Palo Alto Networks company, searches across the global IPv4 space multiple times per day to identify customers&#39; presences on the Internet. If you would like to be excluded from our scans, please send IP addresses/domains to: scaninfo@paloaltonetworks.com"
194.209.200.2 - - [07/Oct/2022:01:04:35 +0200] "GET /robots.txt HTTP/1.1" 200 - "-" "Mozilla/5.0 (compatible; TMMBot/0.2; +http://www.dslab.ch)/Nutch-1.15"
194.209.200.2 - - [07/Oct/2022:01:05:07 +0200] "GET /AmiKo/Web HTTP/1.1" 200 9588 "-" "Mozilla/5.0 (compatible; TMMBot/0.2; +http://www.dslab.ch)/Nutch-1.15"
64.71.157.123 - - [07/Oct/2022:01:05:12 +0200] "GET /pmwiki.php/Site/AllRecentChanges?action=rss HTTP/1.1" 200 2546 "-" "Feedbin feed-id:590358 - 1 subscribers"
194.209.200.2 - - [07/Oct/2022:01:05:56 +0200] "GET /Ywesee/OpenSource HTTP/1.1" 200 10790 "-" "Mozilla/5.0 (compatible; TMMBot/0.2; +http://www.dslab.ch)/Nutch-1.15"
194.209.200.2 - - [07/Oct/2022:01:06:36 +0200] "GET /Main/2007 HTTP/1.1" 200 50639 "-" "Mozilla/5.0 (compatible; TMMBot/0.2; +http://www.dslab.ch)/Nutch-1.15"
194.209.200.2 - - [07/Oct/2022:01:06:43 +0200] "GET /Software/BBMB HTTP/1.1" 200 9385 "-" "Mozilla/5.0 (compatible; TMMBot/0.2; +http://www.dslab.ch)/Nutch-1.15"
194.209.200.2 - - [07/Oct/2022:01:06:46 +0200] "GET /Main/2018 HTTP/1.1" 200 15425 "-" "Mozilla/5.0 (compatible; TMMBot/0.2; +http://www.dslab.ch)/Nutch-1.15"
194.209.200.2 - - [07/Oct/2022:01:06:53 +0200] "GET /Main/2016 HTTP/1.1" 200 13689 "-" "Mozilla/5.0 (compatible; TMMBot/0.2; +http://www.dslab.ch)/Nutch-1.15"
194.110.203.41 - - [07/Oct/2022:01:07:39 +0200] "GET /backup.bkup HTTP/1.1" 404 270 "-" "Firefox"
123.125.109.115 - - [07/Oct/2022:01:15:47 +0200] "GET / HTTP/1.1" 200 13326 "-" "Sogou web spider/4.0(+http://www.sogou.com/docs/help/webmasters.htm#07)"
194.209.200.2 - - [07/Oct/2022:01:18:24 +0200] "GET /robots.txt HTTP/1.1" 200 - "-" "Mozilla/5.0 (compatible; TMMBot/0.2; +http://www.dslab.ch)/Nutch-1.15"
194.209.200.2 - - [07/Oct/2022:01:18:24 +0200] "GET /Oddb2xml/Index HTTP/1.1" 200 8983 "-" "Mozilla/5.0 (compatible; TMMBot/0.2; +http://www.dslab.ch)/Nutch-1.15"
194.209.200.2 - - [07/Oct/2022:01:18:46 +0200] "GET /Miele/MieleLXIV HTTP/1.1" 200 15367 "-" "Mozilla/5.0 (compatible; TMMBot/0.2; +http://www.dslab.ch)/Nutch-1.15"
194.209.200.2 - - [07/Oct/2022:01:18:51 +0200] "GET /AmiKo/Windows HTTP/1.1" 200 10332 "-" "Mozilla/5.0 (compatible; TMMBot/0.2; +http://www.dslab.ch)/Nutch-1.15"
194.38.20.161 - - [07/Oct/2022:01:19:53 +0200] "GET /wp-content/themes/purevision/scripts/admin/uploadify/uploadify.css HTTP/1.1" 404 325 "-" "ALittle Client"
194.209.200.2 - - [07/Oct/2022:01:20:52 +0200] "GET /robots.txt HTTP/1.1" 200 - "-" "Mozilla/5.0 (compatible; TMMBot/0.2; +http://www.dslab.ch)/Nutch-1.15"
194.209.200.2 - - [07/Oct/2022:01:20:52 +0200] "GET /Oddb2xml/Index HTTP/1.1" 200 8983 "-" "Mozilla/5.0 (compatible; TMMBot/0.2; +http://www.dslab.ch)/Nutch-1.15"
194.209.200.2 - - [07/Oct/2022:01:21:20 +0200] "GET /Miele/MieleLXIV HTTP/1.1" 200 15367 "-" "Mozilla/5.0 (compatible; TMMBot/0.2; +http://www.dslab.ch)/Nutch-1.15"
194.209.200.2 - - [07/Oct/2022:01:21:27 +0200] "GET /AmiKo/Windows HTTP/1.1" 200 10332 "-" "Mozilla/5.0 (compatible; TMMBot/0.2; +http://www.dslab.ch)/Nutch-1.15"
66.249.83.27 - - [07/Oct/2022:01:23:20 +0200] "HEAD /pmwiki.php/Site/AllRecentChanges?action=rss HTTP/1.1" 200 - "-" "FeedBurner/1.0 (http://www.FeedBurner.com)"
66.249.83.25 - - [07/Oct/2022:01:23:21 +0200] "GET /pmwiki.php/Site/AllRecentChanges?action=rss HTTP/1.1" 200 2546 "-" "FeedBurner/1.0 (http://www.FeedBurner.com)"
194.209.200.2 - - [07/Oct/2022:01:24:19 +0200] "GET /Main/2015 HTTP/1.1" 200 15908 "-" "Mozilla/5.0 (compatible; TMMBot/0.2; +http://www.dslab.ch)/Nutch-1.15"
194.209.200.2 - - [07/Oct/2022:01:24:28 +0200] "GET /Main/2013 HTTP/1.1" 200 20487 "-" "Mozilla/5.0 (compatible; TMMBot/0.2; +http://www.dslab.ch)/Nutch-1.15"
194.209.200.2 - - [07/Oct/2022:01:26:06 +0200] "GET /robots.txt HTTP/1.1" 200 - "-" "Mozilla/5.0 (compatible; TMMBot/0.2; +http://www.dslab.ch)/Nutch-1.15"
194.209.200.2 - - [07/Oct/2022:01:26:47 +0200] "GET /AmiKo/Web HTTP/1.1" 200 9588 "-" "Mozilla/5.0 (compatible; TMMBot/0.2; +http://www.dslab.ch)/Nutch-1.15"
194.209.200.2 - - [07/Oct/2022:01:28:02 +0200] "GET /Ywesee/OpenSource HTTP/1.1" 200 10790 "-" "Mozilla/5.0 (compatible; TMMBot/0.2; +http://www.dslab.ch)/Nutch-1.15"
194.209.200.2 - - [07/Oct/2022:01:29:10 +0200] "GET /Main/2007 HTTP/1.1" 200 50639 "-" "Mozilla/5.0 (compatible; TMMBot/0.2; +http://www.dslab.ch)/Nutch-1.15"
194.209.200.2 - - [07/Oct/2022:01:29:19 +0200] "GET /Software/BBMB HTTP/1.1" 200 9385 "-" "Mozilla/5.0 (compatible; TMMBot/0.2; +http://www.dslab.ch)/Nutch-1.15"
194.209.200.2 - - [07/Oct/2022:01:29:26 +0200] "GET /Main/2018 HTTP/1.1" 200 15425 "-" "Mozilla/5.0 (compatible; TMMBot/0.2; +http://www.dslab.ch)/Nutch-1.15"
194.209.200.2 - - [07/Oct/2022:01:29:39 +0200] "GET /Main/2016 HTTP/1.1" 200 13689 "-" "Mozilla/5.0 (compatible; TMMBot/0.2; +http://www.dslab.ch)/Nutch-1.15"
8.29.198.25 - - [07/Oct/2022:01:30:36 +0200] "GET /pmwiki.php/Site/AllRecentChanges?action=rss HTTP/1.1" 200 2546 "-" "Feedly/1.0 (+http://www.feedly.com/fetcher.html; 5 subscribers; like FeedFetcher-Google)"
64.71.157.118 - - [07/Oct/2022:01:36:27 +0200] "GET /pmwiki.php/Site/AllRecentChanges?action=rss HTTP/1.1" 200 2546 "-" "Feedbin feed-id:590358 - 1 subscribers"
66.249.66.193 - - [07/Oct/2022:01:43:44 +0200] "GET /robots.txt HTTP/1.1" 200 - "-" "Mozilla/5.0 (compatible; Googlebot/2.1; +http://www.google.com/bot.html)"
66.249.66.193 - - [07/Oct/2022:01:43:44 +0200] "GET /Main/Gtin2atc HTTP/1.1" 200 9386 "-" "Mozilla/5.0 (Linux; Android 6.0.1; Nexus 5X Build/MMB29P) AppleWebKit/537.36 (KHTML, like Gecko) Chrome/105.0.5195.125 Mobile Safari/537.36 (compatible; Googlebot/2.1; +http://www.google.com/bot.html)"
125.209.235.168 - - [07/Oct/2022:01:44:53 +0200] "GET /robots.txt HTTP/1.1" 200 - "-" "Mozilla/5.0 (compatible; Yeti/1.1; +https://naver.me/spd)"
110.93.150.102 - - [07/Oct/2022:01:44:54 +0200] "GET /Software/XMLConv HTTP/1.1" 200 8709 "-" "Mozilla/5.0 (compatible; Yeti/1.1; +https://naver.me/spd)"
211.249.46.26 - - [07/Oct/2022:01:44:57 +0200] "GET /pub/skins/ywesee/gila.css HTTP/1.1" 200 8276 "https://www.ywesee.com/Software/XMLConv" "Mozilla/5.0 AppleWebKit/537.36 (KHTML, like Gecko; compatible; Yeti/1.1; +https://naver.me/spd) Chrome/101.0.4951.0 Safari/537.36, Mozilla/5.0 (compatible; Yeti/1.1; +https://naver.me/spd)"
211.249.46.123 - - [07/Oct/2022:01:45:02 +0200] "GET /favicon.ico HTTP/1.1" 200 1406 "-" "Mozilla/5.0 (compatible; Yeti/1.1; +https://naver.me/spd)"
51.222.253.9 - - [07/Oct/2022:01:45:05 +0200] "GET /robots.txt HTTP/1.1" 200 - "-" "Mozilla/5.0 (compatible; AhrefsBot/7.0; +http://ahrefs.com/robot/)"
185.83.144.103 - - [07/Oct/2022:01:51:47 +0200] "GET /phpinfo.php.bak HTTP/1.1" 404 274 "-" "Mozilla/5.0 (X11; Linux x86_64) AppleWebKit/537.36 (KHTML, like Gecko) Chrome/81.0.4044.129 Safari/537.36"
54.36.148.101 - - [07/Oct/2022:01:59:44 +0200] "GET / HTTP/1.1" 200 13326 "-" "Mozilla/5.0 (compatible; AhrefsBot/7.0; +http://ahrefs.com/robot/)"
192.115.100.180 - - [07/Oct/2022:01:59:56 +0200] "GET /wp-login.php HTTP/1.1" 404 271 "http://ywesee.net/wp-login.php" "Mozilla/5.0 (Windows NT 10.0; Win64; x64; rv:96.0) Gecko/20100101 Firefox/96"
194.209.200.2 - - [07/Oct/2022:02:00:51 +0200] "GET /robots.txt HTTP/1.1" 200 - "-" "Mozilla/5.0 (compatible; TMMBot/0.2; +http://www.dslab.ch)/Nutch-1.15"
194.209.200.2 - - [07/Oct/2022:02:00:51 +0200] "GET /Miele/MieleLXIV HTTP/1.1" 200 15367 "-" "Mozilla/5.0 (compatible; TMMBot/0.2; +http://www.dslab.ch)/Nutch-1.15"
194.209.200.2 - - [07/Oct/2022:02:00:56 +0200] "GET /AmiKo/Windows HTTP/1.1" 200 10332 "-" "Mozilla/5.0 (compatible; TMMBot/0.2; +http://www.dslab.ch)/Nutch-1.15"
51.222.253.20 - - [07/Oct/2022:02:02:28 +0200] "GET /robots.txt HTTP/1.1" 200 - "-" "Mozilla/5.0 (compatible; AhrefsBot/7.0; +http://ahrefs.com/robot/)"
54.36.148.129 - - [07/Oct/2022:02:02:28 +0200] "GET / HTTP/1.1" 200 13326 "-" "Mozilla/5.0 (compatible; AhrefsBot/7.0; +http://ahrefs.com/robot/)"
8.29.198.27 - - [07/Oct/2022:02:03:04 +0200] "GET /pmwiki.php/Site/AllRecentChanges?action=rss HTTP/1.1" 200 2546 "-" "Feedly/1.0 (+http://www.feedly.com/fetcher.html; 5 subscribers; like FeedFetcher-Google)"
194.209.200.2 - - [07/Oct/2022:02:03:11 +0200] "GET /Main/2015 HTTP/1.1" 200 15908 "-" "Mozilla/5.0 (compatible; TMMBot/0.2; +http://www.dslab.ch)/Nutch-1.15"
194.209.200.2 - - [07/Oct/2022:02:03:19 +0200] "GET /Main/2013 HTTP/1.1" 200 20487 "-" "Mozilla/5.0 (compatible; TMMBot/0.2; +http://www.dslab.ch)/Nutch-1.15"
194.209.200.2 - - [07/Oct/2022:02:04:40 +0200] "GET /robots.txt HTTP/1.1" 200 - "-" "Mozilla/5.0 (compatible; TMMBot/0.2; +http://www.dslab.ch)/Nutch-1.15"
194.209.200.2 - - [07/Oct/2022:02:05:59 +0200] "GET /Ywesee/OpenSource HTTP/1.1" 200 10790 "-" "Mozilla/5.0 (compatible; TMMBot/0.2; +http://www.dslab.ch)/Nutch-1.15"
194.209.200.2 - - [07/Oct/2022:02:06:40 +0200] "GET /Main/2007 HTTP/1.1" 200 50639 "-" "Mozilla/5.0 (compatible; TMMBot/0.2; +http://www.dslab.ch)/Nutch-1.15"
194.209.200.2 - - [07/Oct/2022:02:06:47 +0200] "GET /Software/BBMB HTTP/1.1" 200 9385 "-" "Mozilla/5.0 (compatible; TMMBot/0.2; +http://www.dslab.ch)/Nutch-1.15"
194.209.200.2 - - [07/Oct/2022:02:06:51 +0200] "GET /Main/2018 HTTP/1.1" 200 15425 "-" "Mozilla/5.0 (compatible; TMMBot/0.2; +http://www.dslab.ch)/Nutch-1.15"
54.36.149.47 - - [07/Oct/2022:02:08:13 +0200] "GET /AmiKo/OSX HTTP/1.1" 200 9772 "-" "Mozilla/5.0 (compatible; AhrefsBot/7.0; +http://ahrefs.com/robot/)"
64.71.157.118 - - [07/Oct/2022:02:08:15 +0200] "GET /pmwiki.php/Site/AllRecentChanges?action=rss HTTP/1.1" 200 2546 "-" "Feedbin feed-id:590358 - 1 subscribers"
194.209.200.2 - - [07/Oct/2022:02:09:09 +0200] "GET /robots.txt HTTP/1.1" 200 - "-" "Mozilla/5.0 (compatible; TMMBot/0.2; +http://www.dslab.ch)/Nutch-1.15"
194.209.200.2 - - [07/Oct/2022:02:09:10 +0200] "GET /Miele/MieleLXIV HTTP/1.1" 200 15367 "-" "Mozilla/5.0 (compatible; TMMBot/0.2; +http://www.dslab.ch)/Nutch-1.15"
194.209.200.2 - - [07/Oct/2022:02:09:16 +0200] "GET /AmiKo/Windows HTTP/1.1" 200 10332 "-" "Mozilla/5.0 (compatible; TMMBot/0.2; +http://www.dslab.ch)/Nutch-1.15"
194.209.200.2 - - [07/Oct/2022:02:11:28 +0200] "GET /Main/2015 HTTP/1.1" 200 15908 "-" "Mozilla/5.0 (compatible; TMMBot/0.2; +http://www.dslab.ch)/Nutch-1.15"
194.209.200.2 - - [07/Oct/2022:02:11:36 +0200] "GET /Main/2013 HTTP/1.1" 200 20487 "-" "Mozilla/5.0 (compatible; TMMBot/0.2; +http://www.dslab.ch)/Nutch-1.15"
54.36.148.32 - - [07/Oct/2022:02:11:46 +0200] "GET /Miele/MieleLXIV HTTP/1.1" 200 15367 "-" "Mozilla/5.0 (compatible; AhrefsBot/7.0; +http://ahrefs.com/robot/)"
194.209.200.2 - - [07/Oct/2022:02:12:56 +0200] "GET /robots.txt HTTP/1.1" 200 - "-" "Mozilla/5.0 (compatible; TMMBot/0.2; +http://www.dslab.ch)/Nutch-1.15"
85.208.98.51 - - [07/Oct/2022:02:13:50 +0200] "GET /robots.txt HTTP/1.1" 200 - "-" "Mozilla/5.0 (compatible; SemrushBot-BM/1.0; +http://www.semrush.com/bot.html)"
194.209.200.2 - - [07/Oct/2022:02:14:14 +0200] "GET /Ywesee/OpenSource HTTP/1.1" 200 10790 "-" "Mozilla/5.0 (compatible; TMMBot/0.2; +http://www.dslab.ch)/Nutch-1.15"
194.209.200.2 - - [07/Oct/2022:02:14:53 +0200] "GET /Main/2007 HTTP/1.1" 200 50639 "-" "Mozilla/5.0 (compatible; TMMBot/0.2; +http://www.dslab.ch)/Nutch-1.15"
194.209.200.2 - - [07/Oct/2022:02:15:00 +0200] "GET /Software/BBMB HTTP/1.1" 200 9385 "-" "Mozilla/5.0 (compatible; TMMBot/0.2; +http://www.dslab.ch)/Nutch-1.15"
194.209.200.2 - - [07/Oct/2022:02:15:04 +0200] "GET /Main/2018 HTTP/1.1" 200 15425 "-" "Mozilla/5.0 (compatible; TMMBot/0.2; +http://www.dslab.ch)/Nutch-1.15"
54.36.148.160 - - [07/Oct/2022:02:15:36 +0200] "GET /Main/2005 HTTP/1.1" 200 63344 "-" "Mozilla/5.0 (compatible; AhrefsBot/7.0; +http://ahrefs.com/robot/)"
194.209.200.2 - - [07/Oct/2022:02:20:57 +0200] "GET /robots.txt HTTP/1.1" 200 - "-" "Mozilla/5.0 (compatible; TMMBot/0.2; +http://www.dslab.ch)/Nutch-1.15"
194.209.200.2 - - [07/Oct/2022:02:20:57 +0200] "GET /Miele/MieleLXIV HTTP/1.1" 200 15367 "-" "Mozilla/5.0 (compatible; TMMBot/0.2; +http://www.dslab.ch)/Nutch-1.15"
194.209.200.2 - - [07/Oct/2022:02:21:04 +0200] "GET /AmiKo/Windows HTTP/1.1" 200 10332 "-" "Mozilla/5.0 (compatible; TMMBot/0.2; +http://www.dslab.ch)/Nutch-1.15"
194.209.200.2 - - [07/Oct/2022:02:22:44 +0200] "GET /robots.txt HTTP/1.1" 200 - "-" "Mozilla/5.0 (compatible; TMMBot/0.2; +http://www.dslab.ch)/Nutch-1.15"
194.209.200.2 - - [07/Oct/2022:02:22:44 +0200] "GET /Miele/MieleLXIV HTTP/1.1" 200 15367 "-" "Mozilla/5.0 (compatible; TMMBot/0.2; +http://www.dslab.ch)/Nutch-1.15"
194.209.200.2 - - [07/Oct/2022:02:22:49 +0200] "GET /AmiKo/Windows HTTP/1.1" 200 10332 "-" "Mozilla/5.0 (compatible; TMMBot/0.2; +http://www.dslab.ch)/Nutch-1.15"
51.178.30.245 - - [07/Oct/2022:02:23:12 +0200] "GET /backup.bkup HTTP/1.1" 404 270 "-" "Firefox"
194.209.200.2 - - [07/Oct/2022:02:24:58 +0200] "GET /robots.txt HTTP/1.1" 200 - "-" "Mozilla/5.0 (compatible; TMMBot/0.2; +http://www.dslab.ch)/Nutch-1.15"
194.209.200.2 - - [07/Oct/2022:02:24:59 +0200] "GET /Miele/MieleLXIV HTTP/1.1" 200 15367 "-" "Mozilla/5.0 (compatible; TMMBot/0.2; +http://www.dslab.ch)/Nutch-1.15"
194.209.200.2 - - [07/Oct/2022:02:25:04 +0200] "GET /AmiKo/Windows HTTP/1.1" 200 10332 "-" "Mozilla/5.0 (compatible; TMMBot/0.2; +http://www.dslab.ch)/Nutch-1.15"
18.209.6.23 - - [07/Oct/2022:02:25:18 +0200] "GET /robots.txt HTTP/1.1" 200 - "-" "MauiBot (crawler.feedback+gamma@gmail.com)"
194.209.200.2 - - [07/Oct/2022:02:27:10 +0200] "GET /Main/2015 HTTP/1.1" 200 15908 "-" "Mozilla/5.0 (compatible; TMMBot/0.2; +http://www.dslab.ch)/Nutch-1.15"
194.209.200.2 - - [07/Oct/2022:02:27:19 +0200] "GET /Main/2013 HTTP/1.1" 200 20487 "-" "Mozilla/5.0 (compatible; TMMBot/0.2; +http://www.dslab.ch)/Nutch-1.15"
54.36.148.55 - - [07/Oct/2022:02:28:34 +0200] "GET /Main/2021 HTTP/1.1" 200 16484 "-" "Mozilla/5.0 (compatible; AhrefsBot/7.0; +http://ahrefs.com/robot/)"
194.209.200.2 - - [07/Oct/2022:02:28:39 +0200] "GET /robots.txt HTTP/1.1" 200 - "-" "Mozilla/5.0 (compatible; TMMBot/0.2; +http://www.dslab.ch)/Nutch-1.15"
66.249.66.222 - - [07/Oct/2022:02:28:44 +0200] "GET /Ywesee/Team HTTP/1.1" 200 18245 "-" "Mozilla/5.0 (compatible; Googlebot/2.1; +http://www.google.com/bot.html)"
194.209.200.2 - - [07/Oct/2022:02:29:58 +0200] "GET /Ywesee/OpenSource HTTP/1.1" 200 10790 "-" "Mozilla/5.0 (compatible; TMMBot/0.2; +http://www.dslab.ch)/Nutch-1.15"
194.209.200.2 - - [07/Oct/2022:02:30:38 +0200] "GET /Main/2007 HTTP/1.1" 200 50639 "-" "Mozilla/5.0 (compatible; TMMBot/0.2; +http://www.dslab.ch)/Nutch-1.15"
194.209.200.2 - - [07/Oct/2022:02:30:44 +0200] "GET /Software/BBMB HTTP/1.1" 200 9385 "-" "Mozilla/5.0 (compatible; TMMBot/0.2; +http://www.dslab.ch)/Nutch-1.15"
194.209.200.2 - - [07/Oct/2022:02:30:49 +0200] "GET /Main/2018 HTTP/1.1" 200 15425 "-" "Mozilla/5.0 (compatible; TMMBot/0.2; +http://www.dslab.ch)/Nutch-1.15"
54.36.148.41 - - [07/Oct/2022:02:34:52 +0200] "GET /Ywesee/Events HTTP/1.1" 200 8918 "-" "Mozilla/5.0 (compatible; AhrefsBot/7.0; +http://ahrefs.com/robot/)"
34.231.70.122 - - [07/Oct/2022:02:38:55 +0200] "GET /robots.txt HTTP/1.1" 200 - "-" "Mozilla/5.0 (Macintosh; Intel Mac OS X 10_10_1) AppleWebKit/600.2.5 (KHTML\\, like Gecko) Version/8.0.2 Safari/600.2.5 (Amazonbot/0.1; +https://developer.amazon.com/support/amazonbot)"
64.71.157.117 - - [07/Oct/2022:02:39:37 +0200] "GET /pmwiki.php/Site/AllRecentChanges?action=rss HTTP/1.1" 200 2546 "-" "Feedbin feed-id:590358 - 1 subscribers"
95.81.81.219 - - [07/Oct/2022:02:41:22 +0200] "GET /wp-login.php HTTP/1.1" 404 271 "http://ywesee.org/wp-login.php" "Mozilla/5.0 (Windows NT 10.0; Win64; x64; rv:96.0) Gecko/20100101 Firefox/96"
66.249.66.223 - - [07/Oct/2022:02:45:16 +0200] "GET / HTTP/1.1" 200 13326 "-" "Mozilla/5.0 (compatible; Googlebot/2.1; +http://www.google.com/bot.html)"
8.29.198.27 - - [07/Oct/2022:02:45:45 +0200] "GET /pmwiki.php/Site/AllRecentChanges?action=rss HTTP/1.1" 200 2546 "-" "Feedly/1.0 (+http://www.feedly.com/fetcher.html; 5 subscribers; like FeedFetcher-Google)"
54.36.148.119 - - [07/Oct/2022:02:47:00 +0200] "GET /Main/Home HTTP/1.1" 200 13326 "-" "Mozilla/5.0 (compatible; AhrefsBot/7.0; +http://ahrefs.com/robot/)"
194.209.200.2 - - [07/Oct/2022:02:59:18 +0200] "GET /robots.txt HTTP/1.1" 200 - "-" "Mozilla/5.0 (compatible; TMMBot/0.2; +http://www.dslab.ch)/Nutch-1.15"
194.209.200.2 - - [07/Oct/2022:02:59:18 +0200] "GET /Miele/MieleLXIV HTTP/1.1" 200 15367 "-" "Mozilla/5.0 (compatible; TMMBot/0.2; +http://www.dslab.ch)/Nutch-1.15"
194.209.200.2 - - [07/Oct/2022:02:59:23 +0200] "GET /AmiKo/Windows HTTP/1.1" 200 10332 "-" "Mozilla/5.0 (compatible; TMMBot/0.2; +http://www.dslab.ch)/Nutch-1.15"
194.209.200.2 - - [07/Oct/2022:03:01:34 +0200] "GET /Main/2015 HTTP/1.1" 200 15908 "-" "Mozilla/5.0 (compatible; TMMBot/0.2; +http://www.dslab.ch)/Nutch-1.15"
34.77.43.137 - - [07/Oct/2022:03:01:36 +0200] "HEAD / HTTP/1.1" 200 - "-" "Apache-HttpClient/4.5.5 (Java/11.0.9)"
194.209.200.2 - - [07/Oct/2022:03:01:42 +0200] "GET /Main/2013 HTTP/1.1" 200 20487 "-" "Mozilla/5.0 (compatible; TMMBot/0.2; +http://www.dslab.ch)/Nutch-1.15"
194.209.200.2 - - [07/Oct/2022:03:03:28 +0200] "GET /robots.txt HTTP/1.1" 200 - "-" "Mozilla/5.0 (compatible; TMMBot/0.2; +http://www.dslab.ch)/Nutch-1.15"
194.209.200.2 - - [07/Oct/2022:03:03:28 +0200] "GET /Miele/MieleLXIV HTTP/1.1" 200 15367 "-" "Mozilla/5.0 (compatible; TMMBot/0.2; +http://www.dslab.ch)/Nutch-1.15"
194.209.200.2 - - [07/Oct/2022:03:03:35 +0200] "GET /AmiKo/Windows HTTP/1.1" 200 10332 "-" "Mozilla/5.0 (compatible; TMMBot/0.2; +http://www.dslab.ch)/Nutch-1.15"
157.55.39.200 - - [07/Oct/2022:03:04:27 +0200] "GET / HTTP/1.1" 200 13326 "-" "Mozilla/5.0 AppleWebKit/537.36 (KHTML, like Gecko; compatible; bingbot/2.0; +http://www.bing.com/bingbot.htm) Chrome/103.0.5060.134 Safari/537.36"
194.209.200.2 - - [07/Oct/2022:03:05:25 +0200] "GET /robots.txt HTTP/1.1" 200 - "-" "Mozilla/5.0 (compatible; TMMBot/0.2; +http://www.dslab.ch)/Nutch-1.15"
194.209.200.2 - - [07/Oct/2022:03:05:25 +0200] "GET /Miele/MieleLXIV HTTP/1.1" 200 15367 "-" "Mozilla/5.0 (compatible; TMMBot/0.2; +http://www.dslab.ch)/Nutch-1.15"
194.209.200.2 - - [07/Oct/2022:03:05:32 +0200] "GET /AmiKo/Windows HTTP/1.1" 200 10332 "-" "Mozilla/5.0 (compatible; TMMBot/0.2; +http://www.dslab.ch)/Nutch-1.15"
194.209.200.2 - - [07/Oct/2022:03:08:49 +0200] "GET /Main/2015 HTTP/1.1" 200 15908 "-" "Mozilla/5.0 (compatible; TMMBot/0.2; +http://www.dslab.ch)/Nutch-1.15"
194.209.200.2 - - [07/Oct/2022:03:09:01 +0200] "GET /Main/2013 HTTP/1.1" 200 20487 "-" "Mozilla/5.0 (compatible; TMMBot/0.2; +http://www.dslab.ch)/Nutch-1.15"
102.129.152.248 - - [07/Oct/2022:03:10:14 +0200] "GET /wp-login.php HTTP/1.1" 404 271 "-" "Mozilla/5.0 (Windows NT 10.0; Win64; x64) AppleWebKit/537.36 (KHTML, like Gecko) Chrome/91.0.4472.124 Safari/537.36"
194.209.200.2 - - [07/Oct/2022:03:11:02 +0200] "GET /robots.txt HTTP/1.1" 200 - "-" "Mozilla/5.0 (compatible; TMMBot/0.2; +http://www.dslab.ch)/Nutch-1.15"
64.71.157.117 - - [07/Oct/2022:03:11:42 +0200] "GET /pmwiki.php/Site/AllRecentChanges?action=rss HTTP/1.1" 200 2546 "-" "Feedbin feed-id:590358 - 1 subscribers"
194.209.200.2 - - [07/Oct/2022:03:12:56 +0200] "GET /Ywesee/OpenSource HTTP/1.1" 200 10790 "-" "Mozilla/5.0 (compatible; TMMBot/0.2; +http://www.dslab.ch)/Nutch-1.15"
194.209.200.2 - - [07/Oct/2022:03:14:04 +0200] "GET /Main/2007 HTTP/1.1" 200 50639 "-" "Mozilla/5.0 (compatible; TMMBot/0.2; +http://www.dslab.ch)/Nutch-1.15"
194.209.200.2 - - [07/Oct/2022:03:14:13 +0200] "GET /Software/BBMB HTTP/1.1" 200 9385 "-" "Mozilla/5.0 (compatible; TMMBot/0.2; +http://www.dslab.ch)/Nutch-1.15"
194.209.200.2 - - [07/Oct/2022:03:14:19 +0200] "GET /Main/2018 HTTP/1.1" 200 15425 "-" "Mozilla/5.0 (compatible; TMMBot/0.2; +http://www.dslab.ch)/Nutch-1.15"
74.125.212.229 - - [07/Oct/2022:03:17:31 +0200] "HEAD /pmwiki.php/Site/AllRecentChanges?action=rss HTTP/1.1" 200 - "-" "FeedBurner/1.0 (http://www.FeedBurner.com)"
74.125.212.227 - - [07/Oct/2022:03:17:32 +0200] "GET /pmwiki.php/Site/AllRecentChanges?action=rss HTTP/1.1" 200 2546 "-" "FeedBurner/1.0 (http://www.FeedBurner.com)"
54.83.151.49 - - [07/Oct/2022:03:19:10 +0200] "GET /app-ads.txt HTTP/1.1" 404 270 "-" "Pixalate.com/1.0"
54.83.151.49 - - [07/Oct/2022:03:19:11 +0200] "GET /app-ads.txt HTTP/1.1" 404 270 "-" "Pixalate.com/1.0"
54.83.151.49 - - [07/Oct/2022:03:19:12 +0200] "GET /app-ads.txt HTTP/1.1" 404 274 "-" "Pixalate.com/1.0"
54.83.151.49 - - [07/Oct/2022:03:19:12 +0200] "GET /app-ads.txt HTTP/1.1" 404 270 "-" "Pixalate.com/1.0"
198.235.24.183 - - [07/Oct/2022:03:24:07 +0200] "GET / HTTP/1.1" 200 13326 "-" "Expanse, a Palo Alto Networks company, searches across the global IPv4 space multiple times per day to identify customers&#39; presences on the Internet. If you would like to be excluded from our scans, please send IP addresses/domains to: scaninfo@paloaltonetworks.com"
194.110.203.45 - - [07/Oct/2022:03:27:24 +0200] "GET /backup.psc HTTP/1.1" 404 269 "-" "Firefox"
8.29.198.26 - - [07/Oct/2022:03:30:47 +0200] "GET /pmwiki.php/Site/AllRecentChanges?action=rss HTTP/1.1" 200 2546 "-" "Feedly/1.0 (+http://www.feedly.com/fetcher.html; 5 subscribers; like FeedFetcher-Google)"
102.129.152.248 - - [07/Oct/2022:03:40:08 +0200] "GET /wp-login.php HTTP/1.1" 404 275 "-" "Mozilla/5.0 (Windows NT 10.0; Win64; x64) AppleWebKit/537.36 (KHTML, like Gecko) Chrome/91.0.4472.124 Safari/537.36"
64.71.157.116 - - [07/Oct/2022:03:43:31 +0200] "GET /pmwiki.php/Site/AllRecentChanges?action=rss HTTP/1.1" 200 2546 "-" "Feedbin feed-id:590358 - 1 subscribers"
66.249.66.223 - - [07/Oct/2022:03:44:02 +0200] "GET /ODDB/FachinfoAlsEbook HTTP/1.1" 200 9635 "-" "Mozilla/5.0 (Linux; Android 6.0.1; Nexus 5X Build/MMB29P) AppleWebKit/537.36 (KHTML, like Gecko) Chrome/106.0.5249.103 Mobile Safari/537.36 (compatible; Googlebot/2.1; +http://www.google.com/bot.html)"
27.254.194.202 - - [07/Oct/2022:03:52:23 +0200] "GET /wp-login.php HTTP/1.1" 404 271 "http://ywesee.com/wp-login.php" "Mozilla/5.0 (Windows NT 10.0; Win64; x64; rv:96.0) Gecko/20100101 Firefox/96"
66.249.83.27 - - [07/Oct/2022:03:53:36 +0200] "HEAD /pmwiki.php/Site/AllRecentChanges?action=rss HTTP/1.1" 200 - "-" "FeedBurner/1.0 (http://www.FeedBurner.com)"
66.249.83.25 - - [07/Oct/2022:03:53:38 +0200] "GET /pmwiki.php/Site/AllRecentChanges?action=rss HTTP/1.1" 200 2546 "-" "FeedBurner/1.0 (http://www.FeedBurner.com)"
210.16.189.15 - - [07/Oct/2022:03:57:11 +0200] "GET /wp-login.php HTTP/1.1" 404 271 "-" "Apache-HttpClient/4.5.2 (Java/1.8.0_161)"
210.16.189.15 - - [07/Oct/2022:03:57:42 +0200] "GET /?author=1 HTTP/1.1" 200 13326 "-" "Apache-HttpClient/4.5.2 (Java/1.8.0_161)"
210.16.189.15 - - [07/Oct/2022:03:57:43 +0200] "GET /?author=2 HTTP/1.1" 200 13326 "-" "Apache-HttpClient/4.5.2 (Java/1.8.0_161)"
210.16.189.15 - - [07/Oct/2022:03:57:44 +0200] "GET /?author=3 HTTP/1.1" 200 13326 "-" "Apache-HttpClient/4.5.2 (Java/1.8.0_161)"
210.16.189.15 - - [07/Oct/2022:03:57:46 +0200] "GET /?author=4 HTTP/1.1" 200 13326 "-" "Apache-HttpClient/4.5.2 (Java/1.8.0_161)"
210.16.189.15 - - [07/Oct/2022:03:57:47 +0200] "GET /?author=5 HTTP/1.1" 200 13326 "-" "Apache-HttpClient/4.5.2 (Java/1.8.0_161)"
210.16.189.15 - - [07/Oct/2022:03:57:49 +0200] "GET /?author=6 HTTP/1.1" 200 13326 "-" "Apache-HttpClient/4.5.2 (Java/1.8.0_161)"
210.16.189.15 - - [07/Oct/2022:03:57:52 +0200] "GET /?author=7 HTTP/1.1" 200 13326 "-" "Apache-HttpClient/4.5.2 (Java/1.8.0_161)"
210.16.189.15 - - [07/Oct/2022:03:57:54 +0200] "GET /?author=8 HTTP/1.1" 200 13326 "-" "Apache-HttpClient/4.5.2 (Java/1.8.0_161)"
210.16.189.15 - - [07/Oct/2022:03:57:59 +0200] "GET /?author=9 HTTP/1.1" 200 13326 "-" "Apache-HttpClient/4.5.2 (Java/1.8.0_161)"
210.16.189.15 - - [07/Oct/2022:03:58:00 +0200] "GET /?author=10 HTTP/1.1" 200 13326 "-" "Apache-HttpClient/4.5.2 (Java/1.8.0_161)"
210.16.189.15 - - [07/Oct/2022:03:58:02 +0200] "GET /?author=11 HTTP/1.1" 200 13326 "-" "Apache-HttpClient/4.5.2 (Java/1.8.0_161)"
210.16.189.15 - - [07/Oct/2022:03:58:06 +0200] "GET /?author=12 HTTP/1.1" 200 13326 "-" "Apache-HttpClient/4.5.2 (Java/1.8.0_161)"
210.16.189.15 - - [07/Oct/2022:03:58:09 +0200] "GET /?author=13 HTTP/1.1" 200 13326 "-" "Apache-HttpClient/4.5.2 (Java/1.8.0_161)"
210.16.189.15 - - [07/Oct/2022:03:58:14 +0200] "GET /?author=14 HTTP/1.1" 200 13326 "-" "Apache-HttpClient/4.5.2 (Java/1.8.0_161)"
210.16.189.15 - - [07/Oct/2022:03:58:17 +0200] "GET /?author=15 HTTP/1.1" 200 13326 "-" "Apache-HttpClient/4.5.2 (Java/1.8.0_161)"
210.16.189.15 - - [07/Oct/2022:03:58:19 +0200] "GET /?author=16 HTTP/1.1" 200 13326 "-" "Apache-HttpClient/4.5.2 (Java/1.8.0_161)"
210.16.189.15 - - [07/Oct/2022:03:58:22 +0200] "GET /?author=17 HTTP/1.1" 200 13326 "-" "Apache-HttpClient/4.5.2 (Java/1.8.0_161)"
210.16.189.15 - - [07/Oct/2022:03:58:23 +0200] "GET /?author=18 HTTP/1.1" 200 13326 "-" "Apache-HttpClient/4.5.2 (Java/1.8.0_161)"
210.16.189.15 - - [07/Oct/2022:03:58:25 +0200] "GET /?author=19 HTTP/1.1" 200 13326 "-" "Apache-HttpClient/4.5.2 (Java/1.8.0_161)"
210.16.189.15 - - [07/Oct/2022:03:58:26 +0200] "GET /?author=20 HTTP/1.1" 200 13326 "-" "Apache-HttpClient/4.5.2 (Java/1.8.0_161)"
66.249.66.218 - - [07/Oct/2022:04:05:06 +0200] "GET /de/gcc/fachinfo/reg/59245/chapter/kinetic HTTP/1.1" 404 300 "-" "Mozilla/5.0 (Linux; Android 6.0.1; Nexus 5X Build/MMB29P) AppleWebKit/537.36 (KHTML, like Gecko) Chrome/105.0.5195.125 Mobile Safari/537.36 (compatible; Googlebot/2.1; +http://www.google.com/bot.html)"
8.29.198.25 - - [07/Oct/2022:04:06:04 +0200] "GET /pmwiki.php/Site/AllRecentChanges?action=rss HTTP/1.1" 200 2546 "-" "Feedly/1.0 (+http://www.feedly.com/fetcher.html; 5 subscribers; like FeedFetcher-Google)"
1.192.195.8 - - [07/Oct/2022:04:13:56 +0200] "GET / HTTP/1.1" 200 13326 "https://www.ywesee.com/" "Mozilla/5.0(compatible;MSIE9.0;WindowsNT6.1;Trident/5.0)"
217.229.91.70 - - [07/Oct/2022:04:15:08 +0200] "HEAD /robots.txt HTTP/1.1" 200 - "-" "Toplistbot"
217.229.91.70 - - [07/Oct/2022:04:15:08 +0200] "GET /robots.txt HTTP/1.1" 200 - "-" "Toplistbot"
217.229.91.70 - - [07/Oct/2022:04:15:08 +0200] "GET / HTTP/1.1" 200 13326 "-" "Toplistbot"
64.71.157.116 - - [07/Oct/2022:04:15:42 +0200] "GET /pmwiki.php/Site/AllRecentChanges?action=rss HTTP/1.1" 200 2546 "-" "Feedbin feed-id:590358 - 1 subscribers"
194.209.200.2 - - [07/Oct/2022:04:21:26 +0200] "GET /robots.txt HTTP/1.1" 200 - "-" "Mozilla/5.0 (compatible; TMMBot/0.2; +http://www.dslab.ch)/Nutch-1.15"
194.209.200.2 - - [07/Oct/2022:04:21:27 +0200] "GET /AmiKo/Linux HTTP/1.1" 200 9217 "-" "Mozilla/5.0 (compatible; TMMBot/0.2; +http://www.dslab.ch)/Nutch-1.15"
194.209.200.2 - - [07/Oct/2022:04:21:33 +0200] "GET /Miele/MieleLXIV HTTP/1.1" 200 15367 "-" "Mozilla/5.0 (compatible; TMMBot/0.2; +http://www.dslab.ch)/Nutch-1.15"
194.209.200.2 - - [07/Oct/2022:04:21:40 +0200] "GET /AmiKo/Windows HTTP/1.1" 200 10332 "-" "Mozilla/5.0 (compatible; TMMBot/0.2; +http://www.dslab.ch)/Nutch-1.15"
194.209.200.2 - - [07/Oct/2022:04:23:35 +0200] "GET /ODDB/IndividuelleMediliste HTTP/1.1" 200 9139 "-" "Mozilla/5.0 (compatible; TMMBot/0.2; +http://www.dslab.ch)/Nutch-1.15"
194.209.200.2 - - [07/Oct/2022:04:24:54 +0200] "GET /robots.txt HTTP/1.1" 200 - "-" "Mozilla/5.0 (compatible; TMMBot/0.2; +http://www.dslab.ch)/Nutch-1.15"
194.209.200.2 - - [07/Oct/2022:04:24:54 +0200] "GET /AmiKo/Linux HTTP/1.1" 200 9217 "-" "Mozilla/5.0 (compatible; TMMBot/0.2; +http://www.dslab.ch)/Nutch-1.15"
194.209.200.2 - - [07/Oct/2022:04:24:59 +0200] "GET /Miele/MieleLXIV HTTP/1.1" 200 15367 "-" "Mozilla/5.0 (compatible; TMMBot/0.2; +http://www.dslab.ch)/Nutch-1.15"
194.209.200.2 - - [07/Oct/2022:04:25:05 +0200] "GET /AmiKo/Windows HTTP/1.1" 200 10332 "-" "Mozilla/5.0 (compatible; TMMBot/0.2; +http://www.dslab.ch)/Nutch-1.15"
194.209.200.2 - - [07/Oct/2022:04:26:50 +0200] "GET /ODDB/IndividuelleMediliste HTTP/1.1" 200 9139 "-" "Mozilla/5.0 (compatible; TMMBot/0.2; +http://www.dslab.ch)/Nutch-1.15"
207.46.13.191 - - [07/Oct/2022:04:27:11 +0200] "GET /Main/SearchWiki?pagename=Main%2FSearchWiki&q= HTTP/1.1" 200 10182 "-" "Mozilla/5.0 (compatible; bingbot/2.0; +http://www.bing.com/bingbot.htm)"
194.209.200.2 - - [07/Oct/2022:04:27:18 +0200] "GET /Main/2017 HTTP/1.1" 200 15840 "-" "Mozilla/5.0 (compatible; TMMBot/0.2; +http://www.dslab.ch)/Nutch-1.15"
194.209.200.2 - - [07/Oct/2022:04:27:39 +0200] "GET /Main/2013 HTTP/1.1" 200 20487 "-" "Mozilla/5.0 (compatible; TMMBot/0.2; +http://www.dslab.ch)/Nutch-1.15"
194.209.200.2 - - [07/Oct/2022:04:28:24 +0200] "GET /AmiKo/OSX HTTP/1.1" 200 9772 "-" "Mozilla/5.0 (compatible; TMMBot/0.2; +http://www.dslab.ch)/Nutch-1.15"
194.209.200.2 - - [07/Oct/2022:04:28:58 +0200] "GET /robots.txt HTTP/1.1" 200 - "-" "Mozilla/5.0 (compatible; TMMBot/0.2; +http://www.dslab.ch)/Nutch-1.15"
194.209.200.2 - - [07/Oct/2022:04:29:36 +0200] "GET /Generikacc/App HTTP/1.1" 200 11862 "-" "Mozilla/5.0 (compatible; TMMBot/0.2; +http://www.dslab.ch)/Nutch-1.15"
194.209.200.2 - - [07/Oct/2022:04:30:18 +0200] "GET /Ywesee/OpenSource HTTP/1.1" 200 10790 "-" "Mozilla/5.0 (compatible; TMMBot/0.2; +http://www.dslab.ch)/Nutch-1.15"
194.209.200.2 - - [07/Oct/2022:04:30:58 +0200] "GET /Main/2007 HTTP/1.1" 200 50639 "-" "Mozilla/5.0 (compatible; TMMBot/0.2; +http://www.dslab.ch)/Nutch-1.15"
194.209.200.2 - - [07/Oct/2022:04:31:05 +0200] "GET /Software/BBMB HTTP/1.1" 200 9385 "-" "Mozilla/5.0 (compatible; TMMBot/0.2; +http://www.dslab.ch)/Nutch-1.15"
194.209.200.2 - - [07/Oct/2022:04:31:09 +0200] "GET /Main/2018 HTTP/1.1" 200 15425 "-" "Mozilla/5.0 (compatible; TMMBot/0.2; +http://www.dslab.ch)/Nutch-1.15"
54.159.140.100 - - [07/Oct/2022:04:31:20 +0200] "GET /Site/AllRecentChanges?action=rss HTTP/1.1" 200 2546 "https://www.google.com/" "Mozilla/5.0 (Windows NT 10.0; Win64; x64) AppleWebKit/537.36 (KHTML, like Gecko) Chrome/70.0.3538.102 Safari/537.36 Edge/18.18362"
207.244.239.41 - - [07/Oct/2022:04:33:49 +0200] "GET /wp-login.php HTTP/1.1" 404 271 "http://ywesee.ch/wp-login.php" "Mozilla/5.0 (Windows NT 10.0; Win64; x64; rv:96.0) Gecko/20100101 Firefox/96"
61.135.159.214 - - [07/Oct/2022:04:38:37 +0200] "GET / HTTP/1.1" 200 13326 "-" "Sogou web spider/4.0(+http://www.sogou.com/docs/help/webmasters.htm#07)"
193.247.208.98 - - [07/Oct/2022:04:39:27 +0200] "HEAD / HTTP/1.1" 200 - "https://www.hin.ch" "Mozilla/5.0 (Windows NT 10.0; Win64; x64) AppleWebKit/537.36 (KHTML, like Gecko) Chrome/70.0.3538.102 Safari/537.36"
195.191.219.131 - - [07/Oct/2022:04:39:44 +0200] "GET /robots.txt HTTP/1.1" 200 - "-" "Mozilla/5.0 (compatible; MJ12bot/v1.4.8; http://mj12bot.com/)"
195.191.219.131 - - [07/Oct/2022:04:39:47 +0200] "GET / HTTP/1.1" 200 13326 "-" "Mozilla/5.0 (compatible; MJ12bot/v1.4.8; http://mj12bot.com/)"
195.191.219.131 - - [07/Oct/2022:04:39:49 +0200] "GET /robots.txt HTTP/1.1" 200 - "-" "Mozilla/5.0 (compatible; MJ12bot/v1.4.8; http://mj12bot.com/)"
195.191.219.131 - - [07/Oct/2022:04:39:55 +0200] "GET / HTTP/1.1" 200 13326 "-" "Mozilla/5.0 (compatible; MJ12bot/v1.4.8; http://mj12bot.com/)"
8.29.198.26 - - [07/Oct/2022:04:40:42 +0200] "GET /pmwiki.php/Site/AllRecentChanges?action=rss HTTP/1.1" 200 2546 "-" "Feedly/1.0 (+http://www.feedly.com/fetcher.html; 5 subscribers; like FeedFetcher-Google)"
62.210.215.119 - - [07/Oct/2022:04:43:16 +0200] "GET /Site/AllRecentChanges?action=rss HTTP/1.1" 200 2546 "-" "Mozilla/5.0 (X11; Linux i686) AppleWebKit/537.36 (KHTML, like Gecko) Chrome/30.0.1599.66 Safari/537.36"
64.71.157.111 - - [07/Oct/2022:04:48:33 +0200] "GET /pmwiki.php/Site/AllRecentChanges?action=rss HTTP/1.1" 200 2546 "-" "Feedbin feed-id:590358 - 1 subscribers"
66.249.83.27 - - [07/Oct/2022:04:50:52 +0200] "HEAD /pmwiki.php/Site/AllRecentChanges?action=rss HTTP/1.1" 200 - "-" "FeedBurner/1.0 (http://www.FeedBurner.com)"
66.249.83.23 - - [07/Oct/2022:04:50:53 +0200] "GET /pmwiki.php/Site/AllRecentChanges?action=rss HTTP/1.1" 200 2546 "-" "FeedBurner/1.0 (http://www.FeedBurner.com)"
89.246.241.14 - - [07/Oct/2022:04:50:53 +0200] "GET /sitemap.xml HTTP/1.1" 404 270 "-" "Mozilla/5.0 (Windows NT 10.0; Win64; x64; rv:84.0) Gecko/20100101 Firefox/84.0"
89.246.241.14 - - [07/Oct/2022:04:51:02 +0200] "GET /sitemap.xml HTTP/1.1" 404 274 "-" "Mozilla/5.0 (Windows NT 10.0; Win64; x64; rv:84.0) Gecko/20100101 Firefox/84.0"
194.38.20.161 - - [07/Oct/2022:04:53:15 +0200] "GET /wp-content/themes/purevision/scripts/admin/uploadify/uploadify.css HTTP/1.1" 404 325 "-" "ALittle Client"
194.209.200.2 - - [07/Oct/2022:04:57:32 +0200] "GET /robots.txt HTTP/1.1" 200 - "-" "Mozilla/5.0 (compatible; TMMBot/0.2; +http://www.dslab.ch)/Nutch-1.15"
194.209.200.2 - - [07/Oct/2022:04:57:32 +0200] "GET /Miele/MieleLXIV HTTP/1.1" 200 15367 "-" "Mozilla/5.0 (compatible; TMMBot/0.2; +http://www.dslab.ch)/Nutch-1.15"
194.209.200.2 - - [07/Oct/2022:04:57:37 +0200] "GET /AmiKo/Windows HTTP/1.1" 200 10332 "-" "Mozilla/5.0 (compatible; TMMBot/0.2; +http://www.dslab.ch)/Nutch-1.15"
107.23.198.174 - - [07/Oct/2022:04:58:23 +0200] "GET /AmiKo/Index HTTP/1.1" 200 9511 "-" "Mozilla/5.0 (Windows NT 6.1; Win64; x64) AppleWebKit/537.36 (KHTML, like Gecko) Chrome/72.0.3626.109 Safari/537.36"
194.209.200.2 - - [07/Oct/2022:04:59:40 +0200] "GET /Main/2015 HTTP/1.1" 200 15908 "-" "Mozilla/5.0 (compatible; TMMBot/0.2; +http://www.dslab.ch)/Nutch-1.15"
194.209.200.2 - - [07/Oct/2022:04:59:47 +0200] "GET /Main/2013 HTTP/1.1" 200 20487 "-" "Mozilla/5.0 (compatible; TMMBot/0.2; +http://www.dslab.ch)/Nutch-1.15"
194.209.200.2 - - [07/Oct/2022:05:00:33 +0200] "GET /AmiKo/OSX HTTP/1.1" 200 9772 "-" "Mozilla/5.0 (compatible; TMMBot/0.2; +http://www.dslab.ch)/Nutch-1.15"
194.209.200.2 - - [07/Oct/2022:05:01:07 +0200] "GET /robots.txt HTTP/1.1" 200 - "-" "Mozilla/5.0 (compatible; TMMBot/0.2; +http://www.dslab.ch)/Nutch-1.15"
194.209.200.2 - - [07/Oct/2022:05:01:43 +0200] "GET /Generikacc/App HTTP/1.1" 200 11862 "-" "Mozilla/5.0 (compatible; TMMBot/0.2; +http://www.dslab.ch)/Nutch-1.15"
194.209.200.2 - - [07/Oct/2022:05:02:23 +0200] "GET /Ywesee/OpenSource HTTP/1.1" 200 10790 "-" "Mozilla/5.0 (compatible; TMMBot/0.2; +http://www.dslab.ch)/Nutch-1.15"
194.209.200.2 - - [07/Oct/2022:05:03:01 +0200] "GET /Main/2007 HTTP/1.1" 200 50639 "-" "Mozilla/5.0 (compatible; TMMBot/0.2; +http://www.dslab.ch)/Nutch-1.15"
194.209.200.2 - - [07/Oct/2022:05:03:08 +0200] "GET /Software/BBMB HTTP/1.1" 200 9385 "-" "Mozilla/5.0 (compatible; TMMBot/0.2; +http://www.dslab.ch)/Nutch-1.15"
194.209.200.2 - - [07/Oct/2022:05:03:12 +0200] "GET /Main/2018 HTTP/1.1" 200 15425 "-" "Mozilla/5.0 (compatible; TMMBot/0.2; +http://www.dslab.ch)/Nutch-1.15"
199.244.88.221 - - [07/Oct/2022:05:05:17 +0200] "GET / HTTP/1.1" 200 13326 "http://ywesee.ch" "Mozilla/5.0 (X11; Linux x86_64) AppleWebKit/537.36 (KHTML, like Gecko) Chrome/105.0.0.0 Safari/537.36"
194.209.200.2 - - [07/Oct/2022:05:09:12 +0200] "GET /robots.txt HTTP/1.1" 200 - "-" "Mozilla/5.0 (compatible; TMMBot/0.2; +http://www.dslab.ch)/Nutch-1.15"
194.209.200.2 - - [07/Oct/2022:05:09:12 +0200] "GET /Miele/MieleLXIV HTTP/1.1" 200 15367 "-" "Mozilla/5.0 (compatible; TMMBot/0.2; +http://www.dslab.ch)/Nutch-1.15"
66.249.66.223 - - [07/Oct/2022:05:09:13 +0200] "GET /ODDB/StammdatenCH HTTP/1.1" 200 9300 "-" "Mozilla/5.0 (Linux; Android 6.0.1; Nexus 5X Build/MMB29P) AppleWebKit/537.36 (KHTML, like Gecko) Chrome/105.0.5195.125 Mobile Safari/537.36 (compatible; Googlebot/2.1; +http://www.google.com/bot.html)"
66.249.66.223 - - [07/Oct/2022:05:09:15 +0200] "GET /Ywesee/Stanza HTTP/1.1" 200 8384 "-" "Mozilla/5.0 (Linux; Android 6.0.1; Nexus 5X Build/MMB29P) AppleWebKit/537.36 (KHTML, like Gecko) Chrome/105.0.5195.125 Mobile Safari/537.36 (compatible; Googlebot/2.1; +http://www.google.com/bot.html)"
194.209.200.2 - - [07/Oct/2022:05:09:17 +0200] "GET /AmiKo/Windows HTTP/1.1" 200 10332 "-" "Mozilla/5.0 (compatible; TMMBot/0.2; +http://www.dslab.ch)/Nutch-1.15"
194.209.200.2 - - [07/Oct/2022:05:11:23 +0200] "GET /Main/2015 HTTP/1.1" 200 15908 "-" "Mozilla/5.0 (compatible; TMMBot/0.2; +http://www.dslab.ch)/Nutch-1.15"
194.209.200.2 - - [07/Oct/2022:05:11:32 +0200] "GET /Main/2013 HTTP/1.1" 200 20487 "-" "Mozilla/5.0 (compatible; TMMBot/0.2; +http://www.dslab.ch)/Nutch-1.15"
35.174.10.211 - - [07/Oct/2022:05:11:33 +0200] "GET /Site/AllRecentChanges?action=rss HTTP/1.1" 200 2546 "https://www.google.com/" "Mozilla/5.0 (Windows NT 10.0; Win64; x64) AppleWebKit/537.36 (KHTML, like Gecko) Chrome/70.0.3538.102 Safari/537.36 Edge/18.18363"
157.55.39.200 - - [07/Oct/2022:05:12:00 +0200] "GET / HTTP/1.1" 200 13326 "-" "Mozilla/5.0 AppleWebKit/537.36 (KHTML, like Gecko; compatible; bingbot/2.0; +http://www.bing.com/bingbot.htm) Chrome/103.0.5060.134 Safari/537.36"
194.209.200.2 - - [07/Oct/2022:05:12:16 +0200] "GET /AmiKo/OSX HTTP/1.1" 200 9772 "-" "Mozilla/5.0 (compatible; TMMBot/0.2; +http://www.dslab.ch)/Nutch-1.15"
194.209.200.2 - - [07/Oct/2022:05:12:51 +0200] "GET /robots.txt HTTP/1.1" 200 - "-" "Mozilla/5.0 (compatible; TMMBot/0.2; +http://www.dslab.ch)/Nutch-1.15"
194.209.200.2 - - [07/Oct/2022:05:13:26 +0200] "GET /Generikacc/App HTTP/1.1" 200 11862 "-" "Mozilla/5.0 (compatible; TMMBot/0.2; +http://www.dslab.ch)/Nutch-1.15"
18.236.171.146 - - [07/Oct/2022:05:13:33 +0200] "GET /AmiKo/Index HTTP/1.1" 200 9511 "-" "Mozilla/5.0 (Windows NT 6.1; Win64; x64) AppleWebKit/537.36 (KHTML, like Gecko) Chrome/72.0.3626.109 Safari/537.36"
194.209.200.2 - - [07/Oct/2022:05:14:09 +0200] "GET /Ywesee/OpenSource HTTP/1.1" 200 10790 "-" "Mozilla/5.0 (compatible; TMMBot/0.2; +http://www.dslab.ch)/Nutch-1.15"
194.209.200.2 - - [07/Oct/2022:05:14:47 +0200] "GET /Main/2007 HTTP/1.1" 200 50639 "-" "Mozilla/5.0 (compatible; TMMBot/0.2; +http://www.dslab.ch)/Nutch-1.15"
194.209.200.2 - - [07/Oct/2022:05:14:53 +0200] "GET /Software/BBMB HTTP/1.1" 200 9385 "-" "Mozilla/5.0 (compatible; TMMBot/0.2; +http://www.dslab.ch)/Nutch-1.15"
194.209.200.2 - - [07/Oct/2022:05:14:57 +0200] "GET /Main/2018 HTTP/1.1" 200 15425 "-" "Mozilla/5.0 (compatible; TMMBot/0.2; +http://www.dslab.ch)/Nutch-1.15"
54.78.205.237 - - [07/Oct/2022:05:19:57 +0200] "GET / HTTP/1.1" 200 13326 "http://62.12.131.41" "Mozilla/5.0 (Macintosh; Intel Mac OS X 10.15; rv:81.0) Gecko/20100101 Firefox/81.0"
64.71.157.120 - - [07/Oct/2022:05:20:41 +0200] "GET /pmwiki.php/Site/AllRecentChanges?action=rss HTTP/1.1" 200 2546 "-" "Feedbin feed-id:590358 - 1 subscribers"
8.29.198.27 - - [07/Oct/2022:05:22:10 +0200] "GET /pmwiki.php/Site/AllRecentChanges?action=rss HTTP/1.1" 200 2546 "-" "Feedly/1.0 (+http://www.feedly.com/fetcher.html; 5 subscribers; like FeedFetcher-Google)"
34.222.7.97 - - [07/Oct/2022:05:24:20 +0200] "GET /AmiKo/Index HTTP/1.1" 200 9511 "-" "Mozilla/5.0 (Windows NT 6.1; Win64; x64) AppleWebKit/537.36 (KHTML, like Gecko) Chrome/72.0.3626.109 Safari/537.36"
5.165.55.124 - - [07/Oct/2022:05:24:45 +0200] "GET /apple-app-site-association HTTP/1.1" 404 289 "-" "Mozilla/5.0 (Windows NT 6.1; WOW64; rv:40.0) Gecko/20100101 Firefox/40.1"
5.165.55.124 - - [07/Oct/2022:05:24:45 +0200] "GET /apple-app-site-association HTTP/1.1" 404 289 "-" "Mozilla/5.0 (Windows NT 6.1; WOW64; rv:40.0) Gecko/20100101 Firefox/40.1"
5.165.55.124 - - [07/Oct/2022:05:24:47 +0200] "GET /apple-app-site-association HTTP/1.1" 404 285 "-" "Mozilla/5.0 (Windows NT 6.1; WOW64; rv:40.0) Gecko/20100101 Firefox/40.1"
5.165.55.124 - - [07/Oct/2022:05:24:49 +0200] "GET /.well-known/apple-app-site-association HTTP/1.1" 404 301 "-" "Mozilla/5.0 (Windows NT 6.1; WOW64; rv:40.0) Gecko/20100101 Firefox/40.1"
5.165.55.124 - - [07/Oct/2022:05:24:49 +0200] "GET /.well-known/apple-app-site-association HTTP/1.1" 404 301 "-" "Mozilla/5.0 (Windows NT 6.1; WOW64; rv:40.0) Gecko/20100101 Firefox/40.1"
5.165.55.124 - - [07/Oct/2022:05:24:51 +0200] "GET /.well-known/apple-app-site-association HTTP/1.1" 404 297 "-" "Mozilla/5.0 (Windows NT 6.1; WOW64; rv:40.0) Gecko/20100101 Firefox/40.1"
5.165.55.124 - - [07/Oct/2022:05:24:51 +0200] "GET /.well-known/apple-app-site-association HTTP/1.1" 404 297 "-" "Mozilla/5.0 (Windows NT 6.1; WOW64; rv:40.0) Gecko/20100101 Firefox/40.1"
35.92.141.182 - - [07/Oct/2022:05:30:36 +0200] "GET /AmiKo/Index HTTP/1.1" 200 9511 "-" "Mozilla/5.0 (Windows NT 6.1; Win64; x64) AppleWebKit/537.36 (KHTML, like Gecko) Chrome/72.0.3626.109 Safari/537.36"
118.184.177.78 - - [07/Oct/2022:05:32:35 +0200] "GET / HTTP/1.1" 200 13326 "-" "Sogou web spider/4.0(+http://www.sogou.com/docs/help/webmasters.htm#07)"
207.46.13.191 - - [07/Oct/2022:05:35:17 +0200] "GET /Main/SearchWiki?pagename=Main%2FSearchWiki&q=2023 HTTP/1.1" 200 10409 "-" "Mozilla/5.0 (compatible; bingbot/2.0; +http://www.bing.com/bingbot.htm)"
157.55.39.187 - - [07/Oct/2022:05:45:38 +0200] "GET /Main/SearchWiki?pagename=Main%2FSearchWiki&q=2022 HTTP/1.1" 200 10748 "-" "Mozilla/5.0 (compatible; bingbot/2.0; +http://www.bing.com/bingbot.htm)"
17.121.115.65 - - [07/Oct/2022:05:52:39 +0200] "GET /Software/SoftwareRaid HTTP/1.1" 200 12104 "-" "Mozilla/5.0 (Macintosh; Intel Mac OS X 10_15_5) AppleWebKit/605.1.15 (KHTML, like Gecko) Version/13.1.1 Safari/605.1.15 (Applebot/0.1; +http://www.apple.com/go/applebot)"
64.71.157.120 - - [07/Oct/2022:05:52:51 +0200] "GET /pmwiki.php/Site/AllRecentChanges?action=rss HTTP/1.1" 200 2546 "-" "Feedbin feed-id:590358 - 1 subscribers"
8.29.198.25 - - [07/Oct/2022:05:55:33 +0200] "GET /pmwiki.php/Site/AllRecentChanges?action=rss HTTP/1.1" 200 2546 "-" "Feedly/1.0 (+http://www.feedly.com/fetcher.html; 5 subscribers; like FeedFetcher-Google)"
40.77.167.105 - - [07/Oct/2022:05:57:48 +0200] "GET /robots.txt HTTP/1.1" 200 - "-" "Mozilla/5.0 (compatible; bingbot/2.0; +http://www.bing.com/bingbot.htm)"
85.208.98.18 - - [07/Oct/2022:06:00:53 +0200] "GET /robots.txt HTTP/1.1" 200 - "http://ywesee.com/robots.txt" "Mozilla/5.0 (compatible; SemrushBot; +http://www.semrush.com/bot.html)"
85.208.98.18 - - [07/Oct/2022:06:01:46 +0200] "GET /robots.txt HTTP/1.1" 200 - "http://ywesee.com/robots.txt" "Mozilla/5.0 (compatible; SemrushBot; +http://www.semrush.com/bot.html)"
66.249.83.23 - - [07/Oct/2022:06:01:52 +0200] "HEAD /pmwiki.php/Site/AllRecentChanges?action=rss HTTP/1.1" 200 - "-" "FeedBurner/1.0 (http://www.FeedBurner.com)"
66.249.83.23 - - [07/Oct/2022:06:01:53 +0200] "GET /pmwiki.php/Site/AllRecentChanges?action=rss HTTP/1.1" 200 2546 "-" "FeedBurner/1.0 (http://www.FeedBurner.com)"
51.222.253.4 - - [07/Oct/2022:06:02:34 +0200] "GET /robots.txt HTTP/1.1" 200 - "-" "Mozilla/5.0 (compatible; AhrefsBot/7.0; +http://ahrefs.com/robot/)"
207.46.13.197 - - [07/Oct/2022:06:02:52 +0200] "GET /uploads/Main/2005-9.txt HTTP/1.1" 200 99998 "-" "Mozilla/5.0 (compatible; bingbot/2.0; +http://www.bing.com/bingbot.htm)"
54.84.192.51 - - [07/Oct/2022:06:06:57 +0200] "GET /keybase.txt HTTP/1.1" 200 2659 "-" "keybase-proofs/2.3.24"
195.191.219.131 - - [07/Oct/2022:06:08:34 +0200] "GET /robots.txt HTTP/1.1" 200 - "-" "Mozilla/5.0 (compatible; MJ12bot/v1.4.8; http://mj12bot.com/)"
