89.246.241.14 - - [19/Nov/2022:06:33:18 +0100] "GET /uploads/Main/22_10_ARK_Intro_GER.pdf HTTP/1.1" 200 9603211 "-" "Mozilla/5.0 (Windows NT 10.0; Win64; x64; rv:84.0) Gecko/20100101 Firefox/84.0"
89.246.241.14 - - [19/Nov/2022:06:33:26 +0100] "GET /uploads/Main/B-2597_2017.pdf HTTP/1.1" 200 3342329 "-" "Mozilla/5.0 (Windows NT 10.0; Win64; x64; rv:84.0) Gecko/20100101 Firefox/84.0"
89.246.241.14 - - [19/Nov/2022:06:33:35 +0100] "GET /uploads/Main/B-2597_2017_fr.pdf HTTP/1.1" 200 1537286 "-" "Mozilla/5.0 (Windows NT 10.0; Win64; x64; rv:84.0) Gecko/20100101 Firefox/84.0"
54.36.148.27 - - [19/Nov/2022:06:34:16 +0100] "GET / HTTP/1.1" 200 13972 "-" "Mozilla/5.0 (compatible; AhrefsBot/7.0; +http://ahrefs.com/robot/)"
34.239.172.167 - - [19/Nov/2022:06:37:55 +0100] "GET /robots.txt HTTP/1.1" 200 - "-" "Mozilla/5.0 (compatible; DotBot/1.1; http://www.opensiteexplorer.org/dotbot, help@moz.com)"
34.239.172.167 - - [19/Nov/2022:06:37:56 +0100] "GET / HTTP/1.1" 200 13972 "-" "Mozilla/5.0 (compatible; DotBot/1.1; http://www.opensiteexplorer.org/dotbot, help@moz.com)"
34.239.172.167 - - [19/Nov/2022:06:37:57 +0100] "GET /Main/Home HTTP/1.1" 200 13972 "-" "Mozilla/5.0 (compatible; DotBot/1.1; http://www.opensiteexplorer.org/dotbot, help@moz.com)"
34.239.172.167 - - [19/Nov/2022:06:37:57 +0100] "GET /Site/AllRecentChanges?action=rss HTTP/1.1" 200 2548 "-" "Mozilla/5.0 (compatible; DotBot/1.1; http://www.opensiteexplorer.org/dotbot, help@moz.com)"
34.239.172.167 - - [19/Nov/2022:06:37:58 +0100] "GET /Ywesee/About HTTP/1.1" 200 9132 "-" "Mozilla/5.0 (compatible; DotBot/1.1; http://www.opensiteexplorer.org/dotbot, help@moz.com)"
34.239.172.167 - - [19/Nov/2022:06:37:58 +0100] "GET /Ywesee/Events HTTP/1.1" 200 8918 "-" "Mozilla/5.0 (compatible; DotBot/1.1; http://www.opensiteexplorer.org/dotbot, help@moz.com)"
34.239.172.167 - - [19/Nov/2022:06:37:59 +0100] "GET /Ywesee/OpenSource HTTP/1.1" 200 10790 "-" "Mozilla/5.0 (compatible; DotBot/1.1; http://www.opensiteexplorer.org/dotbot, help@moz.com)"
34.239.172.167 - - [19/Nov/2022:06:37:59 +0100] "GET /Ywesee/Team HTTP/1.1" 200 18245 "-" "Mozilla/5.0 (compatible; DotBot/1.1; http://www.opensiteexplorer.org/dotbot, help@moz.com)"
34.239.172.167 - - [19/Nov/2022:06:38:00 +0100] "GET /Ywesee/Kontakt HTTP/1.1" 200 8973 "-" "Mozilla/5.0 (compatible; DotBot/1.1; http://www.opensiteexplorer.org/dotbot, help@moz.com)"
34.239.172.167 - - [19/Nov/2022:06:38:00 +0100] "GET /Main/DocumedGalenicaVsYwesee HTTP/1.1" 200 35251 "-" "Mozilla/5.0 (compatible; DotBot/1.1; http://www.opensiteexplorer.org/dotbot, help@moz.com)"
8.29.198.26 - - [19/Nov/2022:06:38:47 +0100] "GET /pmwiki.php/Site/AllRecentChanges?action=rss HTTP/1.1" 200 2548 "-" "Feedly/1.0 (+http://www.feedly.com/fetcher.html; 5 subscribers; like FeedFetcher-Google)"
60.188.9.167 - - [19/Nov/2022:06:40:45 +0100] "GET /robots.txt HTTP/1.1" 200 - "-" "YisouSpider"
140.205.107.250 - - [19/Nov/2022:06:40:53 +0100] "GET /main/2014 HTTP/1.1" 404 268 "-" "Mozilla/5.0 (Windows NT 6.1; Win64; x64) AppleWebKit/537.36 (KHTML, like Gecko) Chrome/69.0.3497.81 YisouSpider/5.0 Safari/537.36"
102.129.145.76 - - [19/Nov/2022:06:47:57 +0100] "GET / HTTP/1.1" 200 13972 "-" "Mozilla/5.0 (Windows; U; Windows NT 6.1; en-US; rv:1.9.1.5) Gecko/20091102 Firefox/3.5.5 (.NET CLR 3.5.30729)"
64.71.157.108 - - [19/Nov/2022:06:53:28 +0100] "GET /pmwiki.php/Site/AllRecentChanges?action=rss HTTP/1.1" 200 2548 "-" "Feedbin feed-id:590358 - 1 subscribers"
194.209.200.2 - - [19/Nov/2022:06:55:01 +0100] "GET /robots.txt HTTP/1.1" 200 - "-" "Mozilla/5.0 (compatible; TMMBot/0.2; +http://www.dslab.ch)/Nutch-1.15"
194.209.200.2 - - [19/Nov/2022:06:55:01 +0100] "GET /ODDB/StammdatenCH HTTP/1.1" 200 9300 "-" "Mozilla/5.0 (compatible; TMMBot/0.2; +http://www.dslab.ch)/Nutch-1.15"
194.209.200.2 - - [19/Nov/2022:06:55:16 +0100] "GET /Main/2008 HTTP/1.1" 200 34740 "-" "Mozilla/5.0 (compatible; TMMBot/0.2; +http://www.dslab.ch)/Nutch-1.15"
194.209.200.2 - - [19/Nov/2022:06:55:24 +0100] "GET /Main/2006 HTTP/1.1" 200 39320 "-" "Mozilla/5.0 (compatible; TMMBot/0.2; +http://www.dslab.ch)/Nutch-1.15"
194.209.200.2 - - [19/Nov/2022:06:57:05 +0100] "GET /robots.txt HTTP/1.1" 200 - "-" "Mozilla/5.0 (compatible; TMMBot/0.2; +http://www.dslab.ch)/Nutch-1.15"
194.209.200.2 - - [19/Nov/2022:06:57:35 +0100] "GET /AmiKo/Web HTTP/1.1" 200 9588 "-" "Mozilla/5.0 (compatible; TMMBot/0.2; +http://www.dslab.ch)/Nutch-1.15"
194.209.200.2 - - [19/Nov/2022:06:58:20 +0100] "GET /Ywesee/OpenSource HTTP/1.1" 200 10790 "-" "Mozilla/5.0 (compatible; TMMBot/0.2; +http://www.dslab.ch)/Nutch-1.15"
194.209.200.2 - - [19/Nov/2022:06:58:50 +0100] "GET /Main/2009 HTTP/1.1" 200 21688 "-" "Mozilla/5.0 (compatible; TMMBot/0.2; +http://www.dslab.ch)/Nutch-1.15"
194.209.200.2 - - [19/Nov/2022:06:58:57 +0100] "GET /Main/2007 HTTP/1.1" 200 50639 "-" "Mozilla/5.0 (compatible; TMMBot/0.2; +http://www.dslab.ch)/Nutch-1.15"
194.209.200.2 - - [19/Nov/2022:06:59:52 +0100] "GET /Ywesee/About HTTP/1.1" 200 9132 "-" "Mozilla/5.0 (compatible; TMMBot/0.2; +http://www.dslab.ch)/Nutch-1.15"
85.208.98.18 - - [19/Nov/2022:07:04:21 +0100] "GET /robots.txt HTTP/1.1" 200 - "http://ywesee.com/robots.txt" "Mozilla/5.0 (compatible; SemrushBot; +http://www.semrush.com/bot.html)"
8.29.198.25 - - [19/Nov/2022:07:11:07 +0100] "GET /pmwiki.php/Site/AllRecentChanges?action=rss HTTP/1.1" 200 2548 "-" "Feedly/1.0 (+http://www.feedly.com/fetcher.html; 5 subscribers; like FeedFetcher-Google)"
92.62.150.119 - - [19/Nov/2022:07:14:53 +0100] "GET /.well-known/assetlinks.json HTTP/1.1" 404 286 "-" "Mozilla/5.0 (Windows NT 6.1; WOW64; rv:40.0) Gecko/20100101 Firefox/40.1"
85.54.122.7 - - [19/Nov/2022:07:17:23 +0100] "GET /backup_localhost.tar.gz HTTP/1.1" 404 282 "-" "Firefox"
89.246.241.14 - - [19/Nov/2022:07:21:49 +0100] "GET / HTTP/1.1" 200 13972 "-" "Mozilla/5.0 (Windows NT 10.0; Win64; x64; rv:84.0) Gecko/20100101 Firefox/84.0"
54.90.72.92 - - [19/Nov/2022:07:22:57 +0100] "GET / HTTP/1.1" 200 13972 "-" "Mozilla/5.0 (Windows NT 10.0; Win64; x64) AppleWebKit/537.36 (KHTML, like Gecko) Chrome/101.0.4951.64 Safari/537.36 Edg/101.0.1210.53"
66.249.69.155 - - [19/Nov/2022:07:23:40 +0100] "GET / HTTP/1.1" 200 13972 "-" "Mozilla/5.0 (Linux; Android 6.0.1; Nexus 5X Build/MMB29P) AppleWebKit/537.36 (KHTML, like Gecko) Chrome/107.0.5304.110 Mobile Safari/537.36 (compatible; Googlebot/2.1; +http://www.google.com/bot.html)"
87.250.224.106 - - [19/Nov/2022:07:27:14 +0100] "GET /robots.txt HTTP/1.1" 200 - "-" "Mozilla/5.0 (compatible; YandexBot/3.0; +http://yandex.com/bots)"
87.250.224.106 - - [19/Nov/2022:07:27:18 +0100] "GET /uploads/Main/Rethinking_Pharma_Supply_Chain_Processes_modum.io.pdf HTTP/1.1" 200 1271104 "-" "Mozilla/5.0 (compatible; YandexBot/3.0; +http://yandex.com/bots)"
194.209.200.2 - - [19/Nov/2022:07:27:47 +0100] "GET /robots.txt HTTP/1.1" 200 - "-" "Mozilla/5.0 (compatible; TMMBot/0.2; +http://www.dslab.ch)/Nutch-1.15"
194.209.200.2 - - [19/Nov/2022:07:27:47 +0100] "GET /Software/YDIM HTTP/1.1" 200 8834 "-" "Mozilla/5.0 (compatible; TMMBot/0.2; +http://www.dslab.ch)/Nutch-1.15"
64.71.157.110 - - [19/Nov/2022:07:29:32 +0100] "GET /pmwiki.php/Site/AllRecentChanges?action=rss HTTP/1.1" 200 2548 "-" "Feedbin feed-id:590358 - 1 subscribers"
194.209.200.2 - - [19/Nov/2022:07:29:33 +0100] "GET /ODDB/StammdatenCH HTTP/1.1" 200 9300 "-" "Mozilla/5.0 (compatible; TMMBot/0.2; +http://www.dslab.ch)/Nutch-1.15"
194.209.200.2 - - [19/Nov/2022:07:29:50 +0100] "GET /ODDB/IndividuelleMediliste HTTP/1.1" 200 9139 "-" "Mozilla/5.0 (compatible; TMMBot/0.2; +http://www.dslab.ch)/Nutch-1.15"
194.209.200.2 - - [19/Nov/2022:07:30:04 +0100] "GET /Main/2008 HTTP/1.1" 200 34740 "-" "Mozilla/5.0 (compatible; TMMBot/0.2; +http://www.dslab.ch)/Nutch-1.15"
194.209.200.2 - - [19/Nov/2022:07:30:14 +0100] "GET /Main/2006 HTTP/1.1" 200 39320 "-" "Mozilla/5.0 (compatible; TMMBot/0.2; +http://www.dslab.ch)/Nutch-1.15"
194.209.200.2 - - [19/Nov/2022:07:30:29 +0100] "GET /Main/2017 HTTP/1.1" 200 15840 "-" "Mozilla/5.0 (compatible; TMMBot/0.2; +http://www.dslab.ch)/Nutch-1.15"
198.235.24.158 - - [19/Nov/2022:07:32:40 +0100] "GET / HTTP/1.1" 200 13972 "http://62.12.131.41:80/" "Expanse, a Palo Alto Networks company, searches across the global IPv4 space multiple times per day to identify customers&#39; presences on the Internet. If you would like to be excluded from our scans, please send IP addresses/domains to: scaninfo@paloaltonetworks.com"
194.209.200.2 - - [19/Nov/2022:07:32:55 +0100] "GET /robots.txt HTTP/1.1" 200 - "-" "Mozilla/5.0 (compatible; TMMBot/0.2; +http://www.dslab.ch)/Nutch-1.15"
194.209.200.2 - - [19/Nov/2022:07:33:51 +0100] "GET /AmiKo/Web HTTP/1.1" 200 9588 "-" "Mozilla/5.0 (compatible; TMMBot/0.2; +http://www.dslab.ch)/Nutch-1.15"
194.209.200.2 - - [19/Nov/2022:07:35:15 +0100] "GET /Ywesee/OpenSource HTTP/1.1" 200 10790 "-" "Mozilla/5.0 (compatible; TMMBot/0.2; +http://www.dslab.ch)/Nutch-1.15"
85.208.98.18 - - [19/Nov/2022:07:35:25 +0100] "GET /robots.txt HTTP/1.1" 200 - "http://ywesee.com/robots.txt" "Mozilla/5.0 (compatible; SemrushBot; +http://www.semrush.com/bot.html)"
194.209.200.2 - - [19/Nov/2022:07:35:59 +0100] "GET /Main/2009 HTTP/1.1" 200 21688 "-" "Mozilla/5.0 (compatible; TMMBot/0.2; +http://www.dslab.ch)/Nutch-1.15"
194.209.200.2 - - [19/Nov/2022:07:37:37 +0100] "GET /Main/2021 HTTP/1.1" 200 16484 "-" "Mozilla/5.0 (compatible; TMMBot/0.2; +http://www.dslab.ch)/Nutch-1.15"
194.209.200.2 - - [19/Nov/2022:07:37:48 +0100] "GET /Ywesee/About HTTP/1.1" 200 9132 "-" "Mozilla/5.0 (compatible; TMMBot/0.2; +http://www.dslab.ch)/Nutch-1.15"
85.208.98.18 - - [19/Nov/2022:07:40:02 +0100] "GET /robots.txt HTTP/1.1" 200 - "http://ywesee.com/robots.txt" "Mozilla/5.0 (compatible; SemrushBot; +http://www.semrush.com/bot.html)"
85.208.98.18 - - [19/Nov/2022:07:47:34 +0100] "GET /robots.txt HTTP/1.1" 200 - "http://ywesee.com/robots.txt" "Mozilla/5.0 (compatible; SemrushBot; +http://www.semrush.com/bot.html)"
8.29.198.25 - - [19/Nov/2022:07:48:26 +0100] "GET /pmwiki.php/Site/AllRecentChanges?action=rss HTTP/1.1" 200 2548 "-" "Feedly/1.0 (+http://www.feedly.com/fetcher.html; 5 subscribers; like FeedFetcher-Google)"
205.210.31.135 - - [19/Nov/2022:07:56:32 +0100] "GET / HTTP/1.1" 200 13972 "http://62.12.131.41:80/" "Expanse, a Palo Alto Networks company, searches across the global IPv4 space multiple times per day to identify customers&#39; presences on the Internet. If you would like to be excluded from our scans, please send IP addresses/domains to: scaninfo@paloaltonetworks.com"
194.209.200.2 - - [19/Nov/2022:08:02:28 +0100] "GET /robots.txt HTTP/1.1" 200 - "-" "Mozilla/5.0 (compatible; TMMBot/0.2; +http://www.dslab.ch)/Nutch-1.15"
194.209.200.2 - - [19/Nov/2022:08:02:28 +0100] "GET /AmiKo/Linux HTTP/1.1" 200 9217 "-" "Mozilla/5.0 (compatible; TMMBot/0.2; +http://www.dslab.ch)/Nutch-1.15"
194.209.200.2 - - [19/Nov/2022:08:03:17 +0100] "GET /robots.txt HTTP/1.1" 200 - "-" "Mozilla/5.0 (compatible; TMMBot/0.2; +http://www.dslab.ch)/Nutch-1.15"
194.209.200.2 - - [19/Nov/2022:08:04:01 +0100] "GET /ODDB/StammdatenCH HTTP/1.1" 200 9300 "-" "Mozilla/5.0 (compatible; TMMBot/0.2; +http://www.dslab.ch)/Nutch-1.15"
194.209.200.2 - - [19/Nov/2022:08:04:09 +0100] "GET /ODDB/IndividuelleMediliste HTTP/1.1" 200 9139 "-" "Mozilla/5.0 (compatible; TMMBot/0.2; +http://www.dslab.ch)/Nutch-1.15"
194.209.200.2 - - [19/Nov/2022:08:04:16 +0100] "GET /Main/2008 HTTP/1.1" 200 34740 "-" "Mozilla/5.0 (compatible; TMMBot/0.2; +http://www.dslab.ch)/Nutch-1.15"
194.209.200.2 - - [19/Nov/2022:08:04:25 +0100] "GET /Main/2006 HTTP/1.1" 200 39320 "-" "Mozilla/5.0 (compatible; TMMBot/0.2; +http://www.dslab.ch)/Nutch-1.15"
64.71.157.126 - - [19/Nov/2022:08:04:34 +0100] "GET /pmwiki.php/Site/AllRecentChanges?action=rss HTTP/1.1" 200 2548 "-" "Feedbin feed-id:590358 - 1 subscribers"
194.209.200.2 - - [19/Nov/2022:08:04:36 +0100] "GET /Main/2017 HTTP/1.1" 200 15840 "-" "Mozilla/5.0 (compatible; TMMBot/0.2; +http://www.dslab.ch)/Nutch-1.15"
194.209.200.2 - - [19/Nov/2022:08:04:45 +0100] "GET /Main/2015 HTTP/1.1" 200 15908 "-" "Mozilla/5.0 (compatible; TMMBot/0.2; +http://www.dslab.ch)/Nutch-1.15"
194.209.200.2 - - [19/Nov/2022:08:05:38 +0100] "GET /AmiKo/OSX HTTP/1.1" 200 9772 "-" "Mozilla/5.0 (compatible; TMMBot/0.2; +http://www.dslab.ch)/Nutch-1.15"
194.209.200.2 - - [19/Nov/2022:08:06:12 +0100] "GET /robots.txt HTTP/1.1" 200 - "-" "Mozilla/5.0 (compatible; TMMBot/0.2; +http://www.dslab.ch)/Nutch-1.15"
194.209.200.2 - - [19/Nov/2022:08:06:42 +0100] "GET /AmiKo/Web HTTP/1.1" 200 9588 "-" "Mozilla/5.0 (compatible; TMMBot/0.2; +http://www.dslab.ch)/Nutch-1.15"
194.209.200.2 - - [19/Nov/2022:08:06:47 +0100] "GET /Generikacc/App HTTP/1.1" 200 11862 "-" "Mozilla/5.0 (compatible; TMMBot/0.2; +http://www.dslab.ch)/Nutch-1.15"
194.209.200.2 - - [19/Nov/2022:08:07:28 +0100] "GET /Ywesee/OpenSource HTTP/1.1" 200 10790 "-" "Mozilla/5.0 (compatible; TMMBot/0.2; +http://www.dslab.ch)/Nutch-1.15"
194.209.200.2 - - [19/Nov/2022:08:08:01 +0100] "GET /Main/2009 HTTP/1.1" 200 21688 "-" "Mozilla/5.0 (compatible; TMMBot/0.2; +http://www.dslab.ch)/Nutch-1.15"
194.209.200.2 - - [19/Nov/2022:08:08:10 +0100] "GET /Main/2007 HTTP/1.1" 200 50639 "-" "Mozilla/5.0 (compatible; TMMBot/0.2; +http://www.dslab.ch)/Nutch-1.15"
194.209.200.2 - - [19/Nov/2022:08:09:08 +0100] "GET /Ywesee/About HTTP/1.1" 200 9132 "-" "Mozilla/5.0 (compatible; TMMBot/0.2; +http://www.dslab.ch)/Nutch-1.15"
188.165.237.120 - - [19/Nov/2022:08:17:57 +0100] "GET /robots.txt HTTP/1.1" 200 - "-" "Mozilla/5.0 (compatible; MJ12bot/v1.4.8; http://mj12bot.com/)"
188.165.237.120 - - [19/Nov/2022:08:17:58 +0100] "GET /MEDIupdateXML/Aerzte HTTP/1.1" 200 8529 "-" "Mozilla/5.0 (compatible; MJ12bot/v1.4.8; http://mj12bot.com/)"
188.165.237.120 - - [19/Nov/2022:08:18:00 +0100] "GET /Main/MayoClinic HTTP/1.1" 200 8447 "-" "Mozilla/5.0 (compatible; MJ12bot/v1.4.8; http://mj12bot.com/)"
78.31.71.2 - - [19/Nov/2022:08:18:27 +0100] "GET / HTTP/1.1" 200 13972 "-" "Mozilla/5.0 (compatible; Googlebot/2.1 +http://www.googlebot.com/bot.html)"
8.29.198.25 - - [19/Nov/2022:08:19:10 +0100] "GET /pmwiki.php/Site/AllRecentChanges?action=rss HTTP/1.1" 200 2548 "-" "Feedly/1.0 (+http://www.feedly.com/fetcher.html; 5 subscribers; like FeedFetcher-Google)"
87.250.224.106 - - [19/Nov/2022:08:19:17 +0100] "GET /uploads/Main/578_Email_von_WEKO_9.2.2010.txt HTTP/1.1" 200 7190 "-" "Mozilla/5.0 (compatible; YandexBot/3.0; +http://yandex.com/bots)"
66.249.69.155 - - [19/Nov/2022:08:19:56 +0100] "GET /Main/SideBar HTTP/1.1" 200 10903 "-" "Mozilla/5.0 (Linux; Android 6.0.1; Nexus 5X Build/MMB29P) AppleWebKit/537.36 (KHTML, like Gecko) Chrome/107.0.5304.115 Mobile Safari/537.36 (compatible; Googlebot/2.1; +http://www.google.com/bot.html)"
44.192.29.189 - - [19/Nov/2022:08:27:34 +0100] "GET /wp-config.inc HTTP/1.1" 404 272 "-" "Mozilla/5.0 (Macintosh; Intel Mac OS X 10.15; rv:77.0) Gecko/20100101 Firefox/77.0"
44.192.29.189 - - [19/Nov/2022:08:27:35 +0100] "GET /wp-config.old HTTP/1.1" 404 272 "-" "Mozilla/5.0 (Macintosh; Intel Mac OS X 10.15; rv:77.0) Gecko/20100101 Firefox/77.0"
44.192.29.189 - - [19/Nov/2022:08:27:36 +0100] "GET /wp-config.php.bak HTTP/1.1" 404 276 "-" "Mozilla/5.0 (Macintosh; Intel Mac OS X 10.15; rv:77.0) Gecko/20100101 Firefox/77.0"
44.192.29.189 - - [19/Nov/2022:08:27:37 +0100] "GET /wp-config.php.dist HTTP/1.1" 404 277 "-" "Mozilla/5.0 (Macintosh; Intel Mac OS X 10.15; rv:77.0) Gecko/20100101 Firefox/77.0"
44.192.29.189 - - [19/Nov/2022:08:27:38 +0100] "GET /wp-config.php.inc HTTP/1.1" 404 276 "-" "Mozilla/5.0 (Macintosh; Intel Mac OS X 10.15; rv:77.0) Gecko/20100101 Firefox/77.0"
44.192.29.189 - - [19/Nov/2022:08:27:39 +0100] "GET /wp-config.php.old HTTP/1.1" 404 276 "-" "Mozilla/5.0 (Macintosh; Intel Mac OS X 10.15; rv:77.0) Gecko/20100101 Firefox/77.0"
44.192.29.189 - - [19/Nov/2022:08:27:40 +0100] "GET /wp-config.php~ HTTP/1.1" 404 273 "-" "Mozilla/5.0 (Macintosh; Intel Mac OS X 10.15; rv:77.0) Gecko/20100101 Firefox/77.0"
44.192.29.189 - - [19/Nov/2022:08:27:40 +0100] "GET /wp-config.php.txt HTTP/1.1" 404 276 "-" "Mozilla/5.0 (Macintosh; Intel Mac OS X 10.15; rv:77.0) Gecko/20100101 Firefox/77.0"
44.192.29.189 - - [19/Nov/2022:08:27:41 +0100] "GET /wp-config.txt HTTP/1.1" 404 272 "-" "Mozilla/5.0 (Macintosh; Intel Mac OS X 10.15; rv:77.0) Gecko/20100101 Firefox/77.0"
44.192.29.189 - - [19/Nov/2022:08:27:42 +0100] "GET /phpinfo.php HTTP/1.1" 404 270 "-" "Mozilla/5.0 (Macintosh; Intel Mac OS X 10.15; rv:77.0) Gecko/20100101 Firefox/77.0"
44.192.29.189 - - [19/Nov/2022:08:27:43 +0100] "GET /.env HTTP/1.1" 404 263 "-" "Mozilla/5.0 (Macintosh; Intel Mac OS X 10.15; rv:77.0) Gecko/20100101 Firefox/77.0"
44.192.29.189 - - [19/Nov/2022:08:27:44 +0100] "GET /php.php HTTP/1.1" 404 266 "-" "Mozilla/5.0 (Macintosh; Intel Mac OS X 10.15; rv:77.0) Gecko/20100101 Firefox/77.0"
44.192.29.189 - - [19/Nov/2022:08:27:45 +0100] "GET /info.php HTTP/1.1" 404 267 "-" "Mozilla/5.0 (Macintosh; Intel Mac OS X 10.15; rv:77.0) Gecko/20100101 Firefox/77.0"
44.192.29.189 - - [19/Nov/2022:08:27:45 +0100] "GET / HTTP/1.1" 200 13972 "-" "Mozilla/5.0 (Macintosh; Intel Mac OS X 10.15; rv:77.0) Gecko/20100101 Firefox/77.0"
44.192.29.189 - - [19/Nov/2022:08:27:46 +0100] "GET /sftp-config.json HTTP/1.1" 404 275 "-" "Mozilla/5.0 (Macintosh; Intel Mac OS X 10.15; rv:77.0) Gecko/20100101 Firefox/77.0"
44.192.29.189 - - [19/Nov/2022:08:27:47 +0100] "GET /.vscode/sftp.json HTTP/1.1" 404 276 "-" "Mozilla/5.0 (Macintosh; Intel Mac OS X 10.15; rv:77.0) Gecko/20100101 Firefox/77.0"
211.249.246.214 - - [19/Nov/2022:08:30:12 +0100] "GET /robots.txt HTTP/1.1" 200 - "-" "Mozilla/5.0 (compatible; Daum/4.1; +http://cs.daum.net/faq/15/4118.html?faqId=28966)"
211.249.246.214 - - [19/Nov/2022:08:30:13 +0100] "GET /Main/2009 HTTP/1.1" 200 21688 "-" "Mozilla/5.0 (compatible; Daum/4.1; +http://cs.daum.net/faq/15/4118.html?faqId=28966)"
211.249.246.214 - - [19/Nov/2022:08:30:50 +0100] "GET /robots.txt HTTP/1.1" 200 - "-" "Mozilla/5.0 (compatible; Daum/4.1; +http://cs.daum.net/faq/15/4118.html?faqId=28966)"
211.249.246.214 - - [19/Nov/2022:08:30:51 +0100] "GET /AmiKo/OSXRezeptfunktion?n=Main.SideBar?action=edit HTTP/1.1" 200 9336 "-" "Mozilla/5.0 (compatible; Daum/4.1; +http://cs.daum.net/faq/15/4118.html?faqId=28966)"
211.249.246.214 - - [19/Nov/2022:08:31:10 +0100] "GET /AmiKo/Cpp2sqlite?action=print HTTP/1.1" 200 3022 "-" "Mozilla/5.0 (compatible; Daum/4.1; +http://cs.daum.net/faq/15/4118.html?faqId=28966)"
211.249.246.214 - - [19/Nov/2022:08:31:35 +0100] "GET /Software/BBMB HTTP/1.1" 200 9385 "-" "Mozilla/5.0 (compatible; Daum/4.1; +http://cs.daum.net/faq/15/4118.html?faqId=28966)"
211.249.246.214 - - [19/Nov/2022:08:32:05 +0100] "GET /Main/2009 HTTP/1.1" 200 21688 "-" "Mozilla/5.0 (compatible; Daum/4.1; +http://cs.daum.net/faq/15/4118.html?faqId=28966)"
211.249.246.214 - - [19/Nov/2022:08:32:55 +0100] "GET /AmiKo/Cpp2sqlite?action=print HTTP/1.1" 200 3022 "-" "Mozilla/5.0 (compatible; Daum/4.1; +http://cs.daum.net/faq/15/4118.html?faqId=28966)"
87.250.224.106 - - [19/Nov/2022:08:36:48 +0100] "GET /Oddb/OpenSourceSoftwareUndDatenImSchweizerGesundheitswesen HTTP/1.1" 200 12414 "-" "Mozilla/5.0 (compatible; YandexBot/3.0; +http://yandex.com/bots)"
173.46.84.240 - - [19/Nov/2022:08:37:41 +0100] "GET / HTTP/1.1" 200 13972 "-" "Mozilla/5.0 (Windows NT 6.3; Win64; x64; rv:105.0) Gecko/20100101 Firefox/105.0"
20.25.4.185 - - [19/Nov/2022:08:37:52 +0100] "GET /e/data/js/ajax.js HTTP/1.1" 404 280 "-" "Mozilla/5.0 (Windows NT 10.0; WOW64; rv:48.0) Gecko/20100101 Firefox/48.0"
64.71.157.115 - - [19/Nov/2022:08:39:34 +0100] "GET /pmwiki.php/Site/AllRecentChanges?action=rss HTTP/1.1" 200 2548 "-" "Feedbin feed-id:590358 - 1 subscribers"
18.234.30.116 - - [19/Nov/2022:08:40:30 +0100] "GET /app-ads.txt HTTP/1.1" 404 274 "-" "Pixalate.com/1.0"
18.234.30.116 - - [19/Nov/2022:08:40:31 +0100] "GET /app-ads.txt HTTP/1.1" 404 270 "-" "Pixalate.com/1.0"
103.173.120.22 - - [19/Nov/2022:08:42:37 +0100] "GET /Miele/MieleLXIV HTTP/1.1" 200 15367 "-" "Mozilla/5.0 (Macintosh; Intel Mac OS X 10_15_7) AppleWebKit/537.36 (KHTML, like Gecko) Chrome/107.0.0.0 Safari/537.36"
103.173.120.22 - - [19/Nov/2022:08:42:38 +0100] "GET /pub/skins/ywesee/gila.css HTTP/1.1" 200 8276 "https://www.ywesee.com/Miele/MieleLXIV" "Mozilla/5.0 (Macintosh; Intel Mac OS X 10_15_7) AppleWebKit/537.36 (KHTML, like Gecko) Chrome/107.0.0.0 Safari/537.36"
103.173.120.22 - - [19/Nov/2022:08:42:38 +0100] "GET /favicon.ico HTTP/1.1" 200 1406 "https://www.ywesee.com/Miele/MieleLXIV" "Mozilla/5.0 (Macintosh; Intel Mac OS X 10_15_7) AppleWebKit/537.36 (KHTML, like Gecko) Chrome/107.0.0.0 Safari/537.36"
62.210.215.119 - - [19/Nov/2022:08:45:36 +0100] "GET /Site/AllRecentChanges?action=rss HTTP/1.1" 200 2548 "-" "Mozilla/5.0 (X11; Linux i686) AppleWebKit/537.36 (KHTML, like Gecko) Chrome/30.0.1599.66 Safari/537.36"
223.240.99.104 - - [19/Nov/2022:08:48:35 +0100] "GET / HTTP/1.1" 200 13972 "http://ywesee.org" "Mozilla/5.0 (iPhone; CPU iPhone OS 13_2_3 like Mac OS X) AppleWebKit/605.1.15 (KHTML, like Gecko) Version/13.0.3 Mobile/15E148 Safari/604.1"
194.209.200.2 - - [19/Nov/2022:08:49:00 +0100] "GET /robots.txt HTTP/1.1" 200 - "-" "Mozilla/5.0 (compatible; TMMBot/0.2; +http://www.dslab.ch)/Nutch-1.15"
194.209.200.2 - - [19/Nov/2022:08:49:00 +0100] "GET /ODDB/StammdatenCH HTTP/1.1" 200 9300 "-" "Mozilla/5.0 (compatible; TMMBot/0.2; +http://www.dslab.ch)/Nutch-1.15"
194.209.200.2 - - [19/Nov/2022:08:49:16 +0100] "GET /Main/2008 HTTP/1.1" 200 34740 "-" "Mozilla/5.0 (compatible; TMMBot/0.2; +http://www.dslab.ch)/Nutch-1.15"
194.209.200.2 - - [19/Nov/2022:08:49:24 +0100] "GET /Main/2006 HTTP/1.1" 200 39320 "-" "Mozilla/5.0 (compatible; TMMBot/0.2; +http://www.dslab.ch)/Nutch-1.15"
194.209.200.2 - - [19/Nov/2022:08:49:43 +0100] "GET /Main/2015 HTTP/1.1" 200 15908 "-" "Mozilla/5.0 (compatible; TMMBot/0.2; +http://www.dslab.ch)/Nutch-1.15"
8.29.198.26 - - [19/Nov/2022:08:49:51 +0100] "GET /pmwiki.php/Site/AllRecentChanges?action=rss HTTP/1.1" 200 2548 "-" "Feedly/1.0 (+http://www.feedly.com/fetcher.html; 5 subscribers; like FeedFetcher-Google)"
194.209.200.2 - - [19/Nov/2022:08:50:35 +0100] "GET /AmiKo/OSX HTTP/1.1" 200 9772 "-" "Mozilla/5.0 (compatible; TMMBot/0.2; +http://www.dslab.ch)/Nutch-1.15"
194.209.200.2 - - [19/Nov/2022:08:51:10 +0100] "GET /robots.txt HTTP/1.1" 200 - "-" "Mozilla/5.0 (compatible; TMMBot/0.2; +http://www.dslab.ch)/Nutch-1.15"
34.239.45.220 - - [19/Nov/2022:08:51:33 +0100] "GET /Site/AllRecentChanges?action=rss HTTP/1.1" 200 2548 "https://www.google.com/" "Mozilla/5.0 (Macintosh; Intel Mac OS X 10_15_3) AppleWebKit/537.36 (KHTML, like Gecko) Chrome/79.0.3945.130 Safari/537.36"
194.209.200.2 - - [19/Nov/2022:08:51:40 +0100] "GET /AmiKo/Web HTTP/1.1" 200 9588 "-" "Mozilla/5.0 (compatible; TMMBot/0.2; +http://www.dslab.ch)/Nutch-1.15"
194.209.200.2 - - [19/Nov/2022:08:51:45 +0100] "GET /Generikacc/App HTTP/1.1" 200 11862 "-" "Mozilla/5.0 (compatible; TMMBot/0.2; +http://www.dslab.ch)/Nutch-1.15"
194.209.200.2 - - [19/Nov/2022:08:52:25 +0100] "GET /Ywesee/OpenSource HTTP/1.1" 200 10790 "-" "Mozilla/5.0 (compatible; TMMBot/0.2; +http://www.dslab.ch)/Nutch-1.15"
194.209.200.2 - - [19/Nov/2022:08:52:56 +0100] "GET /Main/2009 HTTP/1.1" 200 21688 "-" "Mozilla/5.0 (compatible; TMMBot/0.2; +http://www.dslab.ch)/Nutch-1.15"
194.209.200.2 - - [19/Nov/2022:08:53:59 +0100] "GET /Ywesee/About HTTP/1.1" 200 9132 "-" "Mozilla/5.0 (compatible; TMMBot/0.2; +http://www.dslab.ch)/Nutch-1.15"
89.246.241.14 - - [19/Nov/2022:08:54:39 +0100] "GET /Ywesee/Team HTTP/1.1" 200 18245 "-" "Mozilla/5.0 (Windows NT 10.0; Win64; x64; rv:84.0) Gecko/20100101 Firefox/84.0"
66.249.69.155 - - [19/Nov/2022:09:00:25 +0100] "GET /uploads/Android/apydan.jpg HTTP/1.1" 304 - "-" "Googlebot-Image/1.0"
89.246.241.14 - - [19/Nov/2022:09:04:11 +0100] "GET /Main/Home?action=edit HTTP/1.1" 200 9272 "-" "Mozilla/5.0 (Windows NT 10.0; Win64; x64; rv:84.0) Gecko/20100101 Firefox/84.0"
89.246.241.14 - - [19/Nov/2022:09:04:17 +0100] "GET /ODDB/IntegrationLookAmpFeelGenerikasuche HTTP/1.1" 200 9097 "-" "Mozilla/5.0 (Windows NT 10.0; Win64; x64; rv:84.0) Gecko/20100101 Firefox/84.0"
89.246.241.14 - - [19/Nov/2022:09:13:15 +0100] "GET /Ywesee/OpenSource HTTP/1.1" 200 10790 "-" "Mozilla/5.0 (Windows NT 10.0; Win64; x64; rv:84.0) Gecko/20100101 Firefox/84.0"
66.249.69.176 - - [19/Nov/2022:09:13:20 +0100] "GET /robots.txt HTTP/1.1" 200 - "-" "Mozilla/5.0 (compatible; Googlebot/2.1; +http://www.google.com/bot.html)"
64.71.157.124 - - [19/Nov/2022:09:17:33 +0100] "GET /pmwiki.php/Site/AllRecentChanges?action=rss HTTP/1.1" 200 2548 "-" "Feedbin feed-id:590358 - 1 subscribers"
194.110.203.38 - - [19/Nov/2022:09:19:42 +0100] "GET /yweseedb.tar.gz HTTP/1.1" 404 274 "-" "Firefox"
89.246.241.14 - - [19/Nov/2022:09:26:55 +0100] "GET /Ywesee/Events HTTP/1.1" 200 8918 "-" "Mozilla/5.0 (Windows NT 10.0; Win64; x64; rv:84.0) Gecko/20100101 Firefox/84.0"
8.29.198.26 - - [19/Nov/2022:09:27:14 +0100] "GET /pmwiki.php/Site/AllRecentChanges?action=rss HTTP/1.1" 200 2548 "-" "Feedly/1.0 (+http://www.feedly.com/fetcher.html; 5 subscribers; like FeedFetcher-Google)"
18.219.248.79 - - [19/Nov/2022:09:27:35 +0100] "GET / HTTP/1.1" 200 13972 "-" "Mozilla/5.0 (Macintosh; Intel Mac OS X 10_15_7) AppleWebKit/537.36 (KHTML, like Gecko) Chrome/91.0.4472.114 Safari/537.36"
18.219.248.79 - - [19/Nov/2022:09:27:36 +0100] "GET / HTTP/1.1" 200 13972 "-" "Mozilla/5.0 (Macintosh; Intel Mac OS X 10_15_7) AppleWebKit/537.36 (KHTML, like Gecko) Chrome/91.0.4472.114 Safari/537.36"
18.219.248.79 - - [19/Nov/2022:09:27:36 +0100] "GET / HTTP/1.1" 200 13972 "-" "Mozilla/5.0 (Macintosh; Intel Mac OS X 10_15_7) AppleWebKit/537.36 (KHTML, like Gecko) Chrome/91.0.4472.114 Safari/537.36"
18.219.248.79 - - [19/Nov/2022:09:27:36 +0100] "GET / HTTP/1.1" 200 13972 "-" "Mozilla/5.0 (Macintosh; Intel Mac OS X 10_15_7) AppleWebKit/537.36 (KHTML, like Gecko) Chrome/91.0.4472.114 Safari/537.36"
18.219.248.79 - - [19/Nov/2022:09:27:36 +0100] "GET / HTTP/1.1" 200 13972 "-" "Mozilla/5.0 (Macintosh; Intel Mac OS X 10_15_7) AppleWebKit/537.36 (KHTML, like Gecko) Chrome/91.0.4472.114 Safari/537.36"
18.219.248.79 - - [19/Nov/2022:09:27:37 +0100] "GET /pub/skins/ywesee/gila.css HTTP/1.1" 200 8276 "-" "Mozilla/5.0 (Macintosh; Intel Mac OS X 10_15_7) AppleWebKit/537.36 (KHTML, like Gecko) Chrome/91.0.4472.114 Safari/537.36"
18.219.248.79 - - [19/Nov/2022:09:27:38 +0100] "GET /favicon.ico HTTP/1.1" 200 1406 "https://ywesee.com/" "Mozilla/5.0 (Macintosh; Intel Mac OS X 10_15_7) AppleWebKit/537.36 (KHTML, like Gecko) Chrome/91.0.4472.114 Safari/537.36"
18.219.248.79 - - [19/Nov/2022:09:27:39 +0100] "GET /robots.txt HTTP/1.1" 200 - "-" "python-requests/2.27.1"
18.219.248.79 - - [19/Nov/2022:09:27:39 +0100] "GET /Ywesee/Kontakt HTTP/1.1" 200 8973 "-" "Mozilla/5.0 (Macintosh; Intel Mac OS X 10_15_7) AppleWebKit/537.36 (KHTML, like Gecko) Chrome/91.0.4472.114 Safari/537.36"
18.219.248.79 - - [19/Nov/2022:09:27:39 +0100] "GET /pub/skins/ywesee/gila.css HTTP/1.1" 200 8276 "-" "Mozilla/5.0 (Macintosh; Intel Mac OS X 10_15_7) AppleWebKit/537.36 (KHTML, like Gecko) Chrome/91.0.4472.114 Safari/537.36"
18.219.248.79 - - [19/Nov/2022:09:27:41 +0100] "GET /Oddb2xml/Index HTTP/1.1" 200 8983 "-" "Mozilla/5.0 (Macintosh; Intel Mac OS X 10_15_7) AppleWebKit/537.36 (KHTML, like Gecko) Chrome/91.0.4472.114 Safari/537.36"
18.219.248.79 - - [19/Nov/2022:09:27:41 +0100] "GET /pub/skins/ywesee/gila.css HTTP/1.1" 200 8276 "-" "Mozilla/5.0 (Macintosh; Intel Mac OS X 10_15_7) AppleWebKit/537.36 (KHTML, like Gecko) Chrome/91.0.4472.114 Safari/537.36"
18.219.248.79 - - [19/Nov/2022:09:27:43 +0100] "GET /Ywesee/About HTTP/1.1" 200 9132 "-" "Mozilla/5.0 (Macintosh; Intel Mac OS X 10_15_7) AppleWebKit/537.36 (KHTML, like Gecko) Chrome/91.0.4472.114 Safari/537.36"
18.219.248.79 - - [19/Nov/2022:09:27:43 +0100] "GET /pub/skins/ywesee/gila.css HTTP/1.1" 200 8276 "-" "Mozilla/5.0 (Macintosh; Intel Mac OS X 10_15_7) AppleWebKit/537.36 (KHTML, like Gecko) Chrome/91.0.4472.114 Safari/537.36"
18.219.248.79 - - [19/Nov/2022:09:27:44 +0100] "GET /Main/Home HTTP/1.1" 200 13972 "-" "Mozilla/5.0 (Macintosh; Intel Mac OS X 10_15_7) AppleWebKit/537.36 (KHTML, like Gecko) Chrome/91.0.4472.114 Safari/537.36"
18.219.248.79 - - [19/Nov/2022:09:27:44 +0100] "GET /pub/skins/ywesee/gila.css HTTP/1.1" 200 8276 "-" "Mozilla/5.0 (Macintosh; Intel Mac OS X 10_15_7) AppleWebKit/537.36 (KHTML, like Gecko) Chrome/91.0.4472.114 Safari/537.36"
18.219.248.79 - - [19/Nov/2022:09:27:46 +0100] "GET /pub/skins/ywesee/gila.css HTTP/1.1" 200 8276 "-" "Mozilla/5.0 (Macintosh; Intel Mac OS X 10_15_7) AppleWebKit/537.36 (KHTML, like Gecko) Chrome/91.0.4472.114 Safari/537.36"
18.219.248.79 - - [19/Nov/2022:09:27:46 +0100] "GET /Main/Home?action=diff HTTP/1.1" 200 518521 "-" "Mozilla/5.0 (Macintosh; Intel Mac OS X 10_15_7) AppleWebKit/537.36 (KHTML, like Gecko) Chrome/91.0.4472.114 Safari/537.36"
18.219.248.79 - - [19/Nov/2022:09:27:49 +0100] "GET /Main/Home?action=edit HTTP/1.1" 200 9272 "-" "Mozilla/5.0 (Macintosh; Intel Mac OS X 10_15_7) AppleWebKit/537.36 (KHTML, like Gecko) Chrome/91.0.4472.114 Safari/537.36"
18.219.248.79 - - [19/Nov/2022:09:27:49 +0100] "GET /pub/speller/spellChecker.js HTTP/1.1" 200 13948 "https://www.ywesee.com/Main/Home?action=edit" "Mozilla/5.0 (Macintosh; Intel Mac OS X 10_15_7) AppleWebKit/537.36 (KHTML, like Gecko) Chrome/91.0.4472.114 Safari/537.36"
18.219.248.79 - - [19/Nov/2022:09:27:49 +0100] "GET /pub/skins/ywesee/gila.css HTTP/1.1" 200 8276 "-" "Mozilla/5.0 (Macintosh; Intel Mac OS X 10_15_7) AppleWebKit/537.36 (KHTML, like Gecko) Chrome/91.0.4472.114 Safari/537.36"
18.219.248.79 - - [19/Nov/2022:09:27:49 +0100] "GET /pub/guiedit/guiedit.js HTTP/1.1" 200 2679 "https://www.ywesee.com/Main/Home?action=edit" "Mozilla/5.0 (Macintosh; Intel Mac OS X 10_15_7) AppleWebKit/537.36 (KHTML, like Gecko) Chrome/91.0.4472.114 Safari/537.36"
18.219.248.79 - - [19/Nov/2022:09:27:50 +0100] "GET /Main/Home?action=print HTTP/1.1" 200 8783 "-" "Mozilla/5.0 (Macintosh; Intel Mac OS X 10_15_7) AppleWebKit/537.36 (KHTML, like Gecko) Chrome/91.0.4472.114 Safari/537.36"
18.219.248.79 - - [19/Nov/2022:09:27:50 +0100] "GET /pub/skins/print/print.css HTTP/1.1" 200 1598 "https://www.ywesee.com/Main/Home?action=print" "Mozilla/5.0 (Macintosh; Intel Mac OS X 10_15_7) AppleWebKit/537.36 (KHTML, like Gecko) Chrome/91.0.4472.114 Safari/537.36"
18.219.248.79 - - [19/Nov/2022:09:27:52 +0100] "GET /Main/Home?action=upload HTTP/1.1" 200 8738 "-" "Mozilla/5.0 (Macintosh; Intel Mac OS X 10_15_7) AppleWebKit/537.36 (KHTML, like Gecko) Chrome/91.0.4472.114 Safari/537.36"
18.219.248.79 - - [19/Nov/2022:09:27:52 +0100] "GET /pub/skins/ywesee/gila.css HTTP/1.1" 200 8276 "-" "Mozilla/5.0 (Macintosh; Intel Mac OS X 10_15_7) AppleWebKit/537.36 (KHTML, like Gecko) Chrome/91.0.4472.114 Safari/537.36"
18.219.248.79 - - [19/Nov/2022:09:27:53 +0100] "GET /Main/Home?n=Main.SideBar?action=edit HTTP/1.1" 200 9322 "-" "Mozilla/5.0 (Macintosh; Intel Mac OS X 10_15_7) AppleWebKit/537.36 (KHTML, like Gecko) Chrome/91.0.4472.114 Safari/537.36"
18.219.248.79 - - [19/Nov/2022:09:27:54 +0100] "GET /pub/speller/spellChecker.js HTTP/1.1" 200 13948 "https://www.ywesee.com/Main/Home?n=Main.SideBar?action=edit" "Mozilla/5.0 (Macintosh; Intel Mac OS X 10_15_7) AppleWebKit/537.36 (KHTML, like Gecko) Chrome/91.0.4472.114 Safari/537.36"
18.219.248.79 - - [19/Nov/2022:09:27:54 +0100] "GET /pub/skins/ywesee/gila.css HTTP/1.1" 200 8276 "-" "Mozilla/5.0 (Macintosh; Intel Mac OS X 10_15_7) AppleWebKit/537.36 (KHTML, like Gecko) Chrome/91.0.4472.114 Safari/537.36"
18.219.248.79 - - [19/Nov/2022:09:27:54 +0100] "GET /pub/guiedit/guiedit.js HTTP/1.1" 200 2679 "https://www.ywesee.com/Main/Home?n=Main.SideBar?action=edit" "Mozilla/5.0 (Macintosh; Intel Mac OS X 10_15_7) AppleWebKit/537.36 (KHTML, like Gecko) Chrome/91.0.4472.114 Safari/537.36"
66.249.69.155 - - [19/Nov/2022:09:29:06 +0100] "GET /amiko/privacy HTTP/1.1" 404 276 "-" "Mozilla/5.0 (compatible; Googlebot/2.1; +http://www.google.com/bot.html)"
194.209.200.2 - - [19/Nov/2022:09:31:50 +0100] "GET /robots.txt HTTP/1.1" 200 - "-" "Mozilla/5.0 (compatible; TMMBot/0.2; +http://www.dslab.ch)/Nutch-1.15"
194.209.200.2 - - [19/Nov/2022:09:31:50 +0100] "GET /ODDB/StammdatenCH HTTP/1.1" 200 9300 "-" "Mozilla/5.0 (compatible; TMMBot/0.2; +http://www.dslab.ch)/Nutch-1.15"
194.209.200.2 - - [19/Nov/2022:09:31:59 +0100] "GET /ODDB/IndividuelleMediliste HTTP/1.1" 200 9139 "-" "Mozilla/5.0 (compatible; TMMBot/0.2; +http://www.dslab.ch)/Nutch-1.15"
194.209.200.2 - - [19/Nov/2022:09:32:06 +0100] "GET /Main/2008 HTTP/1.1" 200 34740 "-" "Mozilla/5.0 (compatible; TMMBot/0.2; +http://www.dslab.ch)/Nutch-1.15"
194.209.200.2 - - [19/Nov/2022:09:32:15 +0100] "GET /Main/2006 HTTP/1.1" 200 39320 "-" "Mozilla/5.0 (compatible; TMMBot/0.2; +http://www.dslab.ch)/Nutch-1.15"
194.209.200.2 - - [19/Nov/2022:09:32:26 +0100] "GET /Main/2017 HTTP/1.1" 200 15840 "-" "Mozilla/5.0 (compatible; TMMBot/0.2; +http://www.dslab.ch)/Nutch-1.15"
194.209.200.2 - - [19/Nov/2022:09:32:35 +0100] "GET /Main/2015 HTTP/1.1" 200 15908 "-" "Mozilla/5.0 (compatible; TMMBot/0.2; +http://www.dslab.ch)/Nutch-1.15"
194.209.200.2 - - [19/Nov/2022:09:33:28 +0100] "GET /AmiKo/OSX HTTP/1.1" 200 9772 "-" "Mozilla/5.0 (compatible; TMMBot/0.2; +http://www.dslab.ch)/Nutch-1.15"
194.209.200.2 - - [19/Nov/2022:09:34:06 +0100] "GET /robots.txt HTTP/1.1" 200 - "-" "Mozilla/5.0 (compatible; TMMBot/0.2; +http://www.dslab.ch)/Nutch-1.15"
194.209.200.2 - - [19/Nov/2022:09:34:38 +0100] "GET /AmiKo/Web HTTP/1.1" 200 9588 "-" "Mozilla/5.0 (compatible; TMMBot/0.2; +http://www.dslab.ch)/Nutch-1.15"
194.209.200.2 - - [19/Nov/2022:09:34:44 +0100] "GET /Generikacc/App HTTP/1.1" 200 11862 "-" "Mozilla/5.0 (compatible; TMMBot/0.2; +http://www.dslab.ch)/Nutch-1.15"
194.209.200.2 - - [19/Nov/2022:09:35:27 +0100] "GET /Ywesee/OpenSource HTTP/1.1" 200 10790 "-" "Mozilla/5.0 (compatible; TMMBot/0.2; +http://www.dslab.ch)/Nutch-1.15"
194.209.200.2 - - [19/Nov/2022:09:35:59 +0100] "GET /Main/2009 HTTP/1.1" 200 21688 "-" "Mozilla/5.0 (compatible; TMMBot/0.2; +http://www.dslab.ch)/Nutch-1.15"
194.209.200.2 - - [19/Nov/2022:09:37:03 +0100] "GET /Ywesee/About HTTP/1.1" 200 9132 "-" "Mozilla/5.0 (compatible; TMMBot/0.2; +http://www.dslab.ch)/Nutch-1.15"
66.249.69.151 - - [19/Nov/2022:09:44:59 +0100] "GET / HTTP/1.1" 200 13972 "-" "Mozilla/5.0 (compatible; Googlebot/2.1; +http://www.google.com/bot.html)"
66.249.69.155 - - [19/Nov/2022:09:49:45 +0100] "GET /generikacc/privacy HTTP/1.1" 404 281 "-" "Mozilla/5.0 (compatible; Googlebot/2.1; +http://www.google.com/bot.html)"
66.249.69.153 - - [19/Nov/2022:09:51:57 +0100] "GET /InfoCodex/Vergleichsanalyse HTTP/1.1" 200 9981 "-" "Mozilla/5.0 (Linux; Android 6.0.1; Nexus 5X Build/MMB29P) AppleWebKit/537.36 (KHTML, like Gecko) Chrome/107.0.5304.115 Mobile Safari/537.36 (compatible; Googlebot/2.1; +http://www.google.com/bot.html)"
89.246.241.14 - - [19/Nov/2022:09:52:07 +0100] "GET /Software/Spreadsheet HTTP/1.1" 200 8839 "-" "Mozilla/5.0 (Windows NT 10.0; Win64; x64; rv:84.0) Gecko/20100101 Firefox/84.0"
89.246.241.14 - - [19/Nov/2022:09:52:27 +0100] "GET /Software/ODDB HTTP/1.1" 200 10298 "-" "Mozilla/5.0 (Windows NT 10.0; Win64; x64; rv:84.0) Gecko/20100101 Firefox/84.0"
64.71.157.124 - - [19/Nov/2022:09:55:38 +0100] "GET /pmwiki.php/Site/AllRecentChanges?action=rss HTTP/1.1" 200 2548 "-" "Feedbin feed-id:590358 - 1 subscribers"
89.246.241.14 - - [19/Nov/2022:09:57:37 +0100] "GET /ODDB/StammdatenCH HTTP/1.1" 200 9300 "-" "Mozilla/5.0 (Windows NT 10.0; Win64; x64; rv:84.0) Gecko/20100101 Firefox/84.0"
89.246.241.14 - - [19/Nov/2022:09:58:35 +0100] "GET /Main/SideBar?action=edit HTTP/1.1" 200 9310 "-" "Mozilla/5.0 (Windows NT 10.0; Win64; x64; rv:84.0) Gecko/20100101 Firefox/84.0"
203.123.98.4 - - [19/Nov/2022:10:00:40 +0100] "GET /.well-known/security.txt HTTP/1.1" 404 283 "-" "Go-http-client/1.1"
203.123.98.4 - - [19/Nov/2022:10:00:41 +0100] "GET /security.txt HTTP/1.1" 404 271 "-" "Go-http-client/1.1"
203.123.98.4 - - [19/Nov/2022:10:00:42 +0100] "GET /.well-known/security.txt HTTP/1.1" 404 283 "http://ywesee.com/.well-known/security.txt" "Go-http-client/1.1"
203.123.98.4 - - [19/Nov/2022:10:00:44 +0100] "GET /security.txt HTTP/1.1" 404 271 "http://ywesee.com/security.txt" "Go-http-client/1.1"
89.246.241.14 - - [19/Nov/2022:10:01:10 +0100] "GET /Software/YDIM HTTP/1.1" 200 8834 "-" "Mozilla/5.0 (Windows NT 10.0; Win64; x64; rv:84.0) Gecko/20100101 Firefox/84.0"
194.209.200.2 - - [19/Nov/2022:10:03:31 +0100] "GET /robots.txt HTTP/1.1" 200 - "-" "Mozilla/5.0 (compatible; TMMBot/0.2; +http://www.dslab.ch)/Nutch-1.15"
194.209.200.2 - - [19/Nov/2022:10:03:31 +0100] "GET /ODDB/StammdatenCH HTTP/1.1" 200 9300 "-" "Mozilla/5.0 (compatible; TMMBot/0.2; +http://www.dslab.ch)/Nutch-1.15"
194.209.200.2 - - [19/Nov/2022:10:03:39 +0100] "GET /ODDB/IndividuelleMediliste HTTP/1.1" 200 9139 "-" "Mozilla/5.0 (compatible; TMMBot/0.2; +http://www.dslab.ch)/Nutch-1.15"
27.115.124.6 - - [19/Nov/2022:10:03:46 +0100] "GET / HTTP/1.1" 200 13972 "http://baidu.com/" "Mozilla/5.0 (Linux; Android 8.0.0; MHA-AL00 Build/HUAWEIMHA-AL00; wv) AppleWebKit/537.36 (KHTML, like Gecko) Version/4.0 Chrome/68.0.3440.91 Mobile Safari/537.36 BingWeb/6.9.6"
194.209.200.2 - - [19/Nov/2022:10:03:46 +0100] "GET /Main/2008 HTTP/1.1" 200 34740 "-" "Mozilla/5.0 (compatible; TMMBot/0.2; +http://www.dslab.ch)/Nutch-1.15"
27.115.124.38 - - [19/Nov/2022:10:03:47 +0100] "GET /pub/skins/ywesee/gila.css HTTP/1.1" 200 8276 "https://ywesee.com/" "Mozilla/5.0 (Linux; Android 8.0.0; MHA-AL00 Build/HUAWEIMHA-AL00; wv) AppleWebKit/537.36 (KHTML, like Gecko) Version/4.0 Chrome/68.0.3440.91 Mobile Safari/537.36 BingWeb/6.9.6"
27.115.124.101 - - [19/Nov/2022:10:03:47 +0100] "GET /uploads/Main/yweseelogo.gif HTTP/1.1" 200 2982 "https://ywesee.com/" "Mozilla/5.0 (Linux; Android 8.0.0; MHA-AL00 Build/HUAWEIMHA-AL00; wv) AppleWebKit/537.36 (KHTML, like Gecko) Version/4.0 Chrome/68.0.3440.91 Mobile Safari/537.36 BingWeb/6.9.6"
27.115.124.101 - - [19/Nov/2022:10:03:49 +0100] "GET /AmiKo/Android HTTP/1.1" 200 10427 "https://ywesee.com/" "Mozilla/5.0 (Linux; Android 8.0.0; MHA-AL00 Build/HUAWEIMHA-AL00; wv) AppleWebKit/537.36 (KHTML, like Gecko) Version/4.0 Chrome/68.0.3440.91 Mobile Safari/537.36 BingWeb/6.9.6"
27.115.124.101 - - [19/Nov/2022:10:03:51 +0100] "GET /pub/skins/ywesee/gila.css HTTP/1.1" 200 8276 "https://www.ywesee.com/AmiKo/Android" "Mozilla/5.0 (Linux; Android 8.0.0; MHA-AL00 Build/HUAWEIMHA-AL00; wv) AppleWebKit/537.36 (KHTML, like Gecko) Version/4.0 Chrome/68.0.3440.91 Mobile Safari/537.36 BingWeb/6.9.6"
194.209.200.2 - - [19/Nov/2022:10:03:54 +0100] "GET /Main/2006 HTTP/1.1" 200 39320 "-" "Mozilla/5.0 (compatible; TMMBot/0.2; +http://www.dslab.ch)/Nutch-1.15"
194.209.200.2 - - [19/Nov/2022:10:04:05 +0100] "GET /Main/2017 HTTP/1.1" 200 15840 "-" "Mozilla/5.0 (compatible; TMMBot/0.2; +http://www.dslab.ch)/Nutch-1.15"
194.209.200.2 - - [19/Nov/2022:10:04:13 +0100] "GET /Main/2015 HTTP/1.1" 200 15908 "-" "Mozilla/5.0 (compatible; TMMBot/0.2; +http://www.dslab.ch)/Nutch-1.15"
89.246.241.14 - - [19/Nov/2022:10:04:41 +0100] "GET /AmiKo/Index HTTP/1.1" 200 9511 "-" "Mozilla/5.0 (Windows NT 10.0; Win64; x64; rv:84.0) Gecko/20100101 Firefox/84.0"
66.249.69.155 - - [19/Nov/2022:10:04:50 +0100] "GET /comed/privacy HTTP/1.1" 404 276 "-" "Mozilla/5.0 (compatible; Googlebot/2.1; +http://www.google.com/bot.html)"
194.209.200.2 - - [19/Nov/2022:10:05:04 +0100] "GET /AmiKo/OSX HTTP/1.1" 200 9772 "-" "Mozilla/5.0 (compatible; TMMBot/0.2; +http://www.dslab.ch)/Nutch-1.15"
194.209.200.2 - - [19/Nov/2022:10:05:40 +0100] "GET /robots.txt HTTP/1.1" 200 - "-" "Mozilla/5.0 (compatible; TMMBot/0.2; +http://www.dslab.ch)/Nutch-1.15"
194.209.200.2 - - [19/Nov/2022:10:06:10 +0100] "GET /AmiKo/Web HTTP/1.1" 200 9588 "-" "Mozilla/5.0 (compatible; TMMBot/0.2; +http://www.dslab.ch)/Nutch-1.15"
194.209.200.2 - - [19/Nov/2022:10:06:16 +0100] "GET /Generikacc/App HTTP/1.1" 200 11862 "-" "Mozilla/5.0 (compatible; TMMBot/0.2; +http://www.dslab.ch)/Nutch-1.15"
194.209.200.2 - - [19/Nov/2022:10:06:55 +0100] "GET /Ywesee/OpenSource HTTP/1.1" 200 10790 "-" "Mozilla/5.0 (compatible; TMMBot/0.2; +http://www.dslab.ch)/Nutch-1.15"
77.75.77.119 - - [19/Nov/2022:10:07:17 +0100] "GET /Ywesee/OpenStandards HTTP/1.1" 200 9892 "-" "Mozilla/5.0 (compatible; SeznamBot/4.0-RC1; +http://napoveda.seznam.cz/seznambot-intro/)"
194.209.200.2 - - [19/Nov/2022:10:07:26 +0100] "GET /Main/2009 HTTP/1.1" 200 21688 "-" "Mozilla/5.0 (compatible; TMMBot/0.2; +http://www.dslab.ch)/Nutch-1.15"
194.209.200.2 - - [19/Nov/2022:10:08:29 +0100] "GET /Ywesee/About HTTP/1.1" 200 9132 "-" "Mozilla/5.0 (compatible; TMMBot/0.2; +http://www.dslab.ch)/Nutch-1.15"
8.29.198.27 - - [19/Nov/2022:10:09:57 +0100] "GET /pmwiki.php/Site/AllRecentChanges?action=rss HTTP/1.1" 200 2548 "-" "Feedly/1.0 (+http://www.feedly.com/fetcher.html; 5 subscribers; like FeedFetcher-Google)"
89.246.241.14 - - [19/Nov/2022:10:12:17 +0100] "GET /Main/DocumedGalenicaVsYwesee HTTP/1.1" 200 35251 "-" "Mozilla/5.0 (Windows NT 10.0; Win64; x64; rv:84.0) Gecko/20100101 Firefox/84.0"
89.246.241.14 - - [19/Nov/2022:10:12:28 +0100] "GET /Main/DocumedGalenicaVsYwesee?action=edit HTTP/1.1" 200 9519 "-" "Mozilla/5.0 (Windows NT 10.0; Win64; x64; rv:84.0) Gecko/20100101 Firefox/84.0"
89.246.241.14 - - [19/Nov/2022:10:12:34 +0100] "GET /Main/DocumedGalenicaVsYwesee?n=Main.SideBar?action=edit HTTP/1.1" 200 9341 "-" "Mozilla/5.0 (Windows NT 10.0; Win64; x64; rv:84.0) Gecko/20100101 Firefox/84.0"
89.246.241.14 - - [19/Nov/2022:10:18:15 +0100] "GET /AmiKo/OSX HTTP/1.1" 200 9772 "-" "Mozilla/5.0 (Windows NT 10.0; Win64; x64; rv:84.0) Gecko/20100101 Firefox/84.0"
89.246.241.14 - - [19/Nov/2022:10:18:52 +0100] "GET /Generikacc/App HTTP/1.1" 200 11862 "-" "Mozilla/5.0 (Windows NT 10.0; Win64; x64; rv:84.0) Gecko/20100101 Firefox/84.0"
54.36.149.71 - - [19/Nov/2022:10:21:35 +0100] "GET /Main/WekoBlogAntragAufErweiterung HTTP/1.1" 200 15562 "-" "Mozilla/5.0 (compatible; AhrefsBot/7.0; +http://ahrefs.com/robot/)"
89.246.241.14 - - [19/Nov/2022:10:22:18 +0100] "GET /CoMed/ASPP HTTP/1.1" 200 13118 "-" "Mozilla/5.0 (Windows NT 10.0; Win64; x64; rv:84.0) Gecko/20100101 Firefox/84.0"
87.250.224.106 - - [19/Nov/2022:10:22:36 +0100] "GET /uploads/Main/AIPS_FI_PI_Probleme_25.1.2016.txt HTTP/1.1" 200 24362 "-" "Mozilla/5.0 (compatible; YandexBot/3.0; +http://yandex.com/bots)"
89.246.241.14 - - [19/Nov/2022:10:22:55 +0100] "GET /Software/BBMB HTTP/1.1" 200 9385 "-" "Mozilla/5.0 (Windows NT 10.0; Win64; x64; rv:84.0) Gecko/20100101 Firefox/84.0"
3.234.253.26 - - [19/Nov/2022:10:25:52 +0100] "GET /robots.txt HTTP/1.1" 200 - "-" "Mozilla/5.0 (compatible; DotBot/1.1; http://www.opensiteexplorer.org/dotbot, help@moz.com)"
194.110.203.45 - - [19/Nov/2022:10:28:02 +0100] "GET /ywesee_db.tar.gz HTTP/1.1" 404 275 "-" "Firefox"
64.71.157.123 - - [19/Nov/2022:10:32:35 +0100] "GET /pmwiki.php/Site/AllRecentChanges?action=rss HTTP/1.1" 200 2548 "-" "Feedbin feed-id:590358 - 1 subscribers"
89.246.241.14 - - [19/Nov/2022:10:43:05 +0100] "GET /uploads/Main/amiko_owner_report_fr.html HTTP/1.1" 200 6637 "-" "Mozilla/5.0 (Windows NT 10.0; Win64; x64; rv:84.0) Gecko/20100101 Firefox/84.0"
89.246.241.14 - - [19/Nov/2022:10:44:54 +0100] "GET /AmiKo/IOS HTTP/1.1" 200 11930 "-" "Mozilla/5.0 (Windows NT 10.0; Win64; x64; rv:84.0) Gecko/20100101 Firefox/84.0"
185.181.60.12 - - [19/Nov/2022:10:47:00 +0100] "GET / HTTP/1.1" 200 13972 "-" "Mozilla/5.0 (Windows NT 10.0; Win64; x64) AppleWebKit/537.36 (KHTML, like Gecko) Chrome/91.0.4472.114 Safari/537.36 Edg/91.0.864.54"
54.36.148.30 - - [19/Nov/2022:10:47:39 +0100] "GET /CoMed/Android HTTP/1.1" 200 9422 "-" "Mozilla/5.0 (compatible; AhrefsBot/7.0; +http://ahrefs.com/robot/)"
8.29.198.25 - - [19/Nov/2022:10:49:24 +0100] "GET /pmwiki.php/Site/AllRecentChanges?action=rss HTTP/1.1" 200 2548 "-" "Feedly/1.0 (+http://www.feedly.com/fetcher.html; 5 subscribers; like FeedFetcher-Google)"
194.209.200.2 - - [19/Nov/2022:10:53:27 +0100] "GET /robots.txt HTTP/1.1" 200 - "-" "Mozilla/5.0 (compatible; TMMBot/0.2; +http://www.dslab.ch)/Nutch-1.15"
194.209.200.2 - - [19/Nov/2022:10:53:27 +0100] "GET /Main/2008 HTTP/1.1" 200 34740 "-" "Mozilla/5.0 (compatible; TMMBot/0.2; +http://www.dslab.ch)/Nutch-1.15"
194.209.200.2 - - [19/Nov/2022:10:53:35 +0100] "GET /Main/2006 HTTP/1.1" 200 39320 "-" "Mozilla/5.0 (compatible; TMMBot/0.2; +http://www.dslab.ch)/Nutch-1.15"
194.209.200.2 - - [19/Nov/2022:10:53:55 +0100] "GET /Main/2015 HTTP/1.1" 200 15908 "-" "Mozilla/5.0 (compatible; TMMBot/0.2; +http://www.dslab.ch)/Nutch-1.15"
54.84.192.51 - - [19/Nov/2022:10:54:31 +0100] "GET /keybase.txt HTTP/1.1" 200 2659 "-" "keybase-proofs/2.3.24"
194.209.200.2 - - [19/Nov/2022:10:54:54 +0100] "GET /Main/DocumedGalenicaVsYwesee HTTP/1.1" 200 35251 "-" "Mozilla/5.0 (compatible; TMMBot/0.2; +http://www.dslab.ch)/Nutch-1.15"
194.209.200.2 - - [19/Nov/2022:10:55:25 +0100] "GET /robots.txt HTTP/1.1" 200 - "-" "Mozilla/5.0 (compatible; TMMBot/0.2; +http://www.dslab.ch)/Nutch-1.15"
194.209.200.2 - - [19/Nov/2022:10:55:56 +0100] "GET /AmiKo/Web HTTP/1.1" 200 9588 "-" "Mozilla/5.0 (compatible; TMMBot/0.2; +http://www.dslab.ch)/Nutch-1.15"
77.75.79.31 - - [19/Nov/2022:10:56:21 +0100] "GET /uploads/Ywesee/Infocodex.pdf HTTP/1.1" 304 - "-" "Mozilla/5.0 (compatible; SeznamBot/4.0-RC1; +http://napoveda.seznam.cz/seznambot-intro/)"
194.209.200.2 - - [19/Nov/2022:10:56:43 +0100] "GET /Ywesee/OpenSource HTTP/1.1" 200 10790 "-" "Mozilla/5.0 (compatible; TMMBot/0.2; +http://www.dslab.ch)/Nutch-1.15"
194.209.200.2 - - [19/Nov/2022:10:57:16 +0100] "GET /Main/2009 HTTP/1.1" 200 21688 "-" "Mozilla/5.0 (compatible; TMMBot/0.2; +http://www.dslab.ch)/Nutch-1.15"
66.249.69.151 - - [19/Nov/2022:10:57:18 +0100] "GET /Main/2007?action=print HTTP/1.1" 403 18 "-" "Mozilla/5.0 (Linux; Android 6.0.1; Nexus 5X Build/MMB29P) AppleWebKit/537.36 (KHTML, like Gecko) Chrome/107.0.5304.110 Mobile Safari/537.36 (compatible; Googlebot/2.1; +http://www.google.com/bot.html)"
194.209.200.2 - - [19/Nov/2022:10:58:22 +0100] "GET /Ywesee/About HTTP/1.1" 200 9132 "-" "Mozilla/5.0 (compatible; TMMBot/0.2; +http://www.dslab.ch)/Nutch-1.15"
89.246.241.14 - - [19/Nov/2022:11:03:33 +0100] "GET /Main/Home?n=Main.SideBar?action=edit HTTP/1.1" 200 9322 "-" "Mozilla/5.0 (Windows NT 10.0; Win64; x64; rv:84.0) Gecko/20100101 Firefox/84.0"
64.71.157.113 - - [19/Nov/2022:11:06:46 +0100] "GET /pmwiki.php/Site/AllRecentChanges?action=rss HTTP/1.1" 200 2548 "-" "Feedbin feed-id:590358 - 1 subscribers"
124.232.197.76 - - [19/Nov/2022:11:11:52 +0100] "GET / HTTP/1.1" 200 13972 "-" "Mozilla/5.0 (Windows NT 6.1; Win64; x64) AppleWebKit/537.36 (KHTML, like Gecko) Chrome/92.0.4515.131"
124.232.197.76 - - [19/Nov/2022:11:11:54 +0100] "GET /plus/img/toplogo.gif HTTP/1.1" 404 279 "-" "Mozilla/5.0 (Windows NT 6.1; Win64; x64) AppleWebKit/537.36 (KHTML, like Gecko) Chrome/92.0.4515.131"
124.232.197.76 - - [19/Nov/2022:11:11:54 +0100] "GET /Images/Editor/Editor.gif HTTP/1.1" 404 250 "-" "Mozilla/5.0 (Windows NT 6.1; Win64; x64) AppleWebKit/537.36 (KHTML, like Gecko) Chrome/92.0.4515.131"
124.232.197.76 - - [19/Nov/2022:11:11:55 +0100] "GET /js/comm.js HTTP/1.1" 404 269 "-" "Mozilla/5.0 (Windows NT 6.1; Win64; x64) AppleWebKit/537.36 (KHTML, like Gecko) Chrome/92.0.4515.131"
124.232.197.76 - - [19/Nov/2022:11:11:55 +0100] "GET /cms/manage/style/calendar.css HTTP/1.1" 404 288 "-" "Mozilla/5.0 (Windows NT 6.1; Win64; x64) AppleWebKit/537.36 (KHTML, like Gecko) Chrome/92.0.4515.131"
124.232.197.76 - - [19/Nov/2022:11:11:56 +0100] "GET /js/calendar/active-bg.gif HTTP/1.1" 404 284 "-" "Mozilla/5.0 (Windows NT 6.1; Win64; x64) AppleWebKit/537.36 (KHTML, like Gecko) Chrome/92.0.4515.131"
124.232.197.76 - - [19/Nov/2022:11:11:56 +0100] "GET /plugins/qqkf/qqkf2.js HTTP/1.1" 404 280 "-" "Mozilla/5.0 (Windows NT 6.1; Win64; x64) AppleWebKit/537.36 (KHTML, like Gecko) Chrome/92.0.4515.131"
124.232.197.76 - - [19/Nov/2022:11:11:57 +0100] "GET /Res/images/nopic.jpg HTTP/1.1" 404 250 "-" "Mozilla/5.0 (Windows NT 6.1; Win64; x64) AppleWebKit/537.36 (KHTML, like Gecko) Chrome/92.0.4515.131"
124.232.197.76 - - [19/Nov/2022:11:11:57 +0100] "GET /label/ajax/hit.aspx HTTP/1.1" 404 278 "-" "Mozilla/5.0 (Windows NT 6.1; Win64; x64) AppleWebKit/537.36 (KHTML, like Gecko) Chrome/92.0.4515.131"
124.232.197.76 - - [19/Nov/2022:11:11:58 +0100] "GET /public/static/common/images/ui_icon.jpg HTTP/1.1" 404 298 "-" "Mozilla/5.0 (Windows NT 6.1; Win64; x64) AppleWebKit/537.36 (KHTML, like Gecko) Chrome/92.0.4515.131"
124.232.197.76 - - [19/Nov/2022:11:11:58 +0100] "GET /public/static/common/images/bag-imgB.jpg HTTP/1.1" 404 299 "-" "Mozilla/5.0 (Windows NT 6.1; Win64; x64) AppleWebKit/537.36 (KHTML, like Gecko) Chrome/92.0.4515.131"
124.232.197.76 - - [19/Nov/2022:11:11:59 +0100] "GET /static/js/logging.js HTTP/1.1" 404 279 "-" "Mozilla/5.0 (Windows NT 6.1; Win64; x64) AppleWebKit/537.36 (KHTML, like Gecko) Chrome/92.0.4515.131"
124.232.197.76 - - [19/Nov/2022:11:12:00 +0100] "GET /css/tips.css HTTP/1.1" 404 271 "-" "Mozilla/5.0 (Windows NT 6.1; Win64; x64) AppleWebKit/537.36 (KHTML, like Gecko) Chrome/92.0.4515.131"
124.232.197.76 - - [19/Nov/2022:11:12:00 +0100] "GET /css/tips.css HTTP/1.1" 404 271 "-" "Mozilla/5.0 (Windows NT 6.1; Win64; x64) AppleWebKit/537.36 (KHTML, like Gecko) Chrome/92.0.4515.131"
124.232.197.76 - - [19/Nov/2022:11:12:01 +0100] "GET /js/slick/images/code.png HTTP/1.1" 404 283 "-" "Mozilla/5.0 (Windows NT 6.1; Win64; x64) AppleWebKit/537.36 (KHTML, like Gecko) Chrome/92.0.4515.131"
124.232.197.76 - - [19/Nov/2022:11:12:01 +0100] "GET /base/js/common.js HTTP/1.1" 404 276 "-" "Mozilla/5.0 (Windows NT 6.1; Win64; x64) AppleWebKit/537.36 (KHTML, like Gecko) Chrome/92.0.4515.131"
124.232.197.76 - - [19/Nov/2022:11:12:02 +0100] "GET /news/js/newsmember.js HTTP/1.1" 404 280 "-" "Mozilla/5.0 (Windows NT 6.1; Win64; x64) AppleWebKit/537.36 (KHTML, like Gecko) Chrome/92.0.4515.131"
