194.209.200.2 - - [28/Aug/2022:22:15:01 +0200] "GET /Miele/MieleLXIV HTTP/1.1" 200 15367 "-" "Mozilla/5.0 (compatible; TMMBot/0.2; +http://www.dslab.ch)/Nutch-1.15"
118.184.177.109 - - [28/Aug/2022:22:15:03 +0200] "GET / HTTP/1.1" 200 12498 "-" "Sogou web spider/4.0(+http://www.sogou.com/docs/help/webmasters.htm#07)"
194.209.200.2 - - [28/Aug/2022:22:15:25 +0200] "GET /Software/YDIM HTTP/1.1" 200 8834 "-" "Mozilla/5.0 (compatible; TMMBot/0.2; +http://www.dslab.ch)/Nutch-1.15"
54.84.192.51 - - [28/Aug/2022:22:15:26 +0200] "GET /keybase.txt HTTP/1.1" 200 2659 "-" "keybase-proofs/2.3.24"
194.209.200.2 - - [28/Aug/2022:22:16:41 +0200] "GET /ODDB/IndividuelleMediliste HTTP/1.1" 200 9139 "-" "Mozilla/5.0 (compatible; TMMBot/0.2; +http://www.dslab.ch)/Nutch-1.15"
194.209.200.2 - - [28/Aug/2022:22:16:48 +0200] "GET /Main/2008 HTTP/1.1" 200 34740 "-" "Mozilla/5.0 (compatible; TMMBot/0.2; +http://www.dslab.ch)/Nutch-1.15"
194.209.200.2 - - [28/Aug/2022:22:17:07 +0200] "GET /Main/2017 HTTP/1.1" 200 15840 "-" "Mozilla/5.0 (compatible; TMMBot/0.2; +http://www.dslab.ch)/Nutch-1.15"
194.209.200.2 - - [28/Aug/2022:22:17:15 +0200] "GET /Main/2015 HTTP/1.1" 200 15908 "-" "Mozilla/5.0 (compatible; TMMBot/0.2; +http://www.dslab.ch)/Nutch-1.15"
194.209.200.2 - - [28/Aug/2022:22:18:08 +0200] "GET /AmiKo/OSX HTTP/1.1" 200 9772 "-" "Mozilla/5.0 (compatible; TMMBot/0.2; +http://www.dslab.ch)/Nutch-1.15"
194.209.200.2 - - [28/Aug/2022:22:19:18 +0200] "GET /Generikacc/App HTTP/1.1" 200 11862 "-" "Mozilla/5.0 (compatible; TMMBot/0.2; +http://www.dslab.ch)/Nutch-1.15"
194.209.200.2 - - [28/Aug/2022:22:20:00 +0200] "GET /Ywesee/OpenSource HTTP/1.1" 200 10790 "-" "Mozilla/5.0 (compatible; TMMBot/0.2; +http://www.dslab.ch)/Nutch-1.15"
193.247.208.98 - - [28/Aug/2022:22:20:29 +0200] "HEAD / HTTP/1.1" 200 - "https://www.hin.ch" "Mozilla/5.0 (Windows NT 10.0; Win64; x64) AppleWebKit/537.36 (KHTML, like Gecko) Chrome/70.0.3538.102 Safari/537.36"
194.209.200.2 - - [28/Aug/2022:22:20:34 +0200] "GET /Main/2009 HTTP/1.1" 200 21688 "-" "Mozilla/5.0 (compatible; TMMBot/0.2; +http://www.dslab.ch)/Nutch-1.15"
194.209.200.2 - - [28/Aug/2022:22:20:59 +0200] "GET /Main/2016 HTTP/1.1" 200 13689 "-" "Mozilla/5.0 (compatible; TMMBot/0.2; +http://www.dslab.ch)/Nutch-1.15"
185.191.171.10 - - [28/Aug/2022:22:34:31 +0200] "GET /SpitalSchweiz/Index HTTP/1.1" 200 9094 "-" "Mozilla/5.0 (compatible; SemrushBot/7~bl; +http://www.semrush.com/bot.html)"
42.236.10.73 - - [28/Aug/2022:22:39:50 +0200] "GET / HTTP/1.1" 200 12498 "https://ywesee.com/" "Mozilla/5.0 (iPhone; CPU iPhone OS 11_0 like Mac OS X) AppleWebKit/604.1.34 (KHTML, like Gecko) Version/11.0 Mobile/15A5341f Safari/604.1;360Spider"
93.158.161.59 - - [28/Aug/2022:22:41:38 +0200] "GET / HTTP/1.1" 200 12498 "-" "Mozilla/5.0 (compatible; YandexBot/3.0; +http://yandex.com/bots)"
17.121.113.6 - - [28/Aug/2022:22:46:21 +0200] "GET /Main/2007?action=upload HTTP/1.1" 403 18 "-" "Mozilla/5.0 (Macintosh; Intel Mac OS X 10_15_5) AppleWebKit/605.1.15 (KHTML, like Gecko) Version/13.1.1 Safari/605.1.15 (Applebot/0.1; +http://www.apple.com/go/applebot)"
194.209.200.2 - - [28/Aug/2022:22:47:40 +0200] "GET /robots.txt HTTP/1.1" 200 - "-" "Mozilla/5.0 (compatible; TMMBot/0.2; +http://www.dslab.ch)/Nutch-1.15"
194.209.200.2 - - [28/Aug/2022:22:47:40 +0200] "GET /Oddb2xml/Index HTTP/1.1" 200 8983 "-" "Mozilla/5.0 (compatible; TMMBot/0.2; +http://www.dslab.ch)/Nutch-1.15"
194.209.200.2 - - [28/Aug/2022:22:48:03 +0200] "GET /Miele/MieleLXIV HTTP/1.1" 200 15367 "-" "Mozilla/5.0 (compatible; TMMBot/0.2; +http://www.dslab.ch)/Nutch-1.15"
194.209.200.2 - - [28/Aug/2022:22:48:27 +0200] "GET /Software/YDIM HTTP/1.1" 200 8834 "-" "Mozilla/5.0 (compatible; TMMBot/0.2; +http://www.dslab.ch)/Nutch-1.15"
66.249.79.121 - - [28/Aug/2022:22:49:10 +0200] "GET /InfoCodex/Vergleichsanalyse HTTP/1.1" 200 9981 "-" "Mozilla/5.0 (Linux; Android 6.0.1; Nexus 5X Build/MMB29P) AppleWebKit/537.36 (KHTML, like Gecko) Chrome/104.0.5112.79 Mobile Safari/537.36 (compatible; Googlebot/2.1; +http://www.google.com/bot.html)"
194.209.200.2 - - [28/Aug/2022:22:49:43 +0200] "GET /ODDB/IndividuelleMediliste HTTP/1.1" 200 9139 "-" "Mozilla/5.0 (compatible; TMMBot/0.2; +http://www.dslab.ch)/Nutch-1.15"
194.209.200.2 - - [28/Aug/2022:22:49:49 +0200] "GET /Main/2008 HTTP/1.1" 200 34740 "-" "Mozilla/5.0 (compatible; TMMBot/0.2; +http://www.dslab.ch)/Nutch-1.15"
194.209.200.2 - - [28/Aug/2022:22:50:10 +0200] "GET /Main/2017 HTTP/1.1" 200 15840 "-" "Mozilla/5.0 (compatible; TMMBot/0.2; +http://www.dslab.ch)/Nutch-1.15"
194.209.200.2 - - [28/Aug/2022:22:50:18 +0200] "GET /Main/2015 HTTP/1.1" 200 15908 "-" "Mozilla/5.0 (compatible; TMMBot/0.2; +http://www.dslab.ch)/Nutch-1.15"
194.209.200.2 - - [28/Aug/2022:22:51:11 +0200] "GET /AmiKo/OSX HTTP/1.1" 200 9772 "-" "Mozilla/5.0 (compatible; TMMBot/0.2; +http://www.dslab.ch)/Nutch-1.15"
194.209.200.2 - - [28/Aug/2022:22:52:23 +0200] "GET /Generikacc/App HTTP/1.1" 200 11862 "-" "Mozilla/5.0 (compatible; TMMBot/0.2; +http://www.dslab.ch)/Nutch-1.15"
194.209.200.2 - - [28/Aug/2022:22:53:05 +0200] "GET /Ywesee/OpenSource HTTP/1.1" 200 10790 "-" "Mozilla/5.0 (compatible; TMMBot/0.2; +http://www.dslab.ch)/Nutch-1.15"
194.209.200.2 - - [28/Aug/2022:22:53:37 +0200] "GET /Main/2009 HTTP/1.1" 200 21688 "-" "Mozilla/5.0 (compatible; TMMBot/0.2; +http://www.dslab.ch)/Nutch-1.15"
194.209.200.2 - - [28/Aug/2022:22:54:01 +0200] "GET /Main/2016 HTTP/1.1" 200 13689 "-" "Mozilla/5.0 (compatible; TMMBot/0.2; +http://www.dslab.ch)/Nutch-1.15"
66.249.79.119 - - [28/Aug/2022:23:11:40 +0200] "GET /AmiKo/Index HTTP/1.1" 200 9511 "-" "Mozilla/5.0 (Linux; Android 6.0.1; Nexus 5X Build/MMB29P) AppleWebKit/537.36 (KHTML, like Gecko) Chrome/104.0.5112.79 Mobile Safari/537.36 (compatible; Googlebot/2.1; +http://www.google.com/bot.html)"
68.126.192.247 - - [28/Aug/2022:23:11:47 +0200] "GET / HTTP/1.0" 200 12498 "-" "Mozilla/5.0 (Windows NT 6.3; Win64; x64) AppleWebKit/537.36 (KHTML, like Gecko) Chrome/102.0.0.0 Safari/537.36"
185.191.171.4 - - [28/Aug/2022:23:14:24 +0200] "GET /robots.txt HTTP/1.1" 200 - "-" "Mozilla/5.0 (compatible; SemrushBot/7~bl; +http://www.semrush.com/bot.html)"
185.191.171.34 - - [28/Aug/2022:23:14:25 +0200] "GET /Main/ForderungstabelleSpezialitaetenliste?action=edit HTTP/1.1" 403 18 "-" "Mozilla/5.0 (compatible; SemrushBot/7~bl; +http://www.semrush.com/bot.html)"
20.191.45.212 - - [28/Aug/2022:23:20:20 +0200] "GET / HTTP/1.1" 200 12498 "https://ywesee.com/" "Mozilla/5.0 (compatible; DuckDuckGo-Favicons-Bot/1.0; +http://duckduckgo.com)"
20.191.45.212 - - [28/Aug/2022:23:20:20 +0200] "GET /favicon.ico HTTP/1.1" 200 1406 "https://ywesee.com/favicon.ico" "Mozilla/5.0 (compatible; DuckDuckGo-Favicons-Bot/1.0; +http://duckduckgo.com)"
194.209.200.2 - - [28/Aug/2022:23:20:22 +0200] "GET /robots.txt HTTP/1.1" 200 - "-" "Mozilla/5.0 (compatible; TMMBot/0.2; +http://www.dslab.ch)/Nutch-1.15"
194.209.200.2 - - [28/Aug/2022:23:20:22 +0200] "GET /Oddb2xml/Index HTTP/1.1" 200 8983 "-" "Mozilla/5.0 (compatible; TMMBot/0.2; +http://www.dslab.ch)/Nutch-1.15"
194.209.200.2 - - [28/Aug/2022:23:20:49 +0200] "GET /Miele/MieleLXIV HTTP/1.1" 200 15367 "-" "Mozilla/5.0 (compatible; TMMBot/0.2; +http://www.dslab.ch)/Nutch-1.15"
194.209.200.2 - - [28/Aug/2022:23:21:16 +0200] "GET /Software/YDIM HTTP/1.1" 200 8834 "-" "Mozilla/5.0 (compatible; TMMBot/0.2; +http://www.dslab.ch)/Nutch-1.15"
194.209.200.2 - - [28/Aug/2022:23:22:39 +0200] "GET /ODDB/IndividuelleMediliste HTTP/1.1" 200 9139 "-" "Mozilla/5.0 (compatible; TMMBot/0.2; +http://www.dslab.ch)/Nutch-1.15"
194.209.200.2 - - [28/Aug/2022:23:22:45 +0200] "GET /Main/2008 HTTP/1.1" 200 34740 "-" "Mozilla/5.0 (compatible; TMMBot/0.2; +http://www.dslab.ch)/Nutch-1.15"
194.209.200.2 - - [28/Aug/2022:23:23:06 +0200] "GET /Main/2017 HTTP/1.1" 200 15840 "-" "Mozilla/5.0 (compatible; TMMBot/0.2; +http://www.dslab.ch)/Nutch-1.15"
194.209.200.2 - - [28/Aug/2022:23:23:14 +0200] "GET /Main/2015 HTTP/1.1" 200 15908 "-" "Mozilla/5.0 (compatible; TMMBot/0.2; +http://www.dslab.ch)/Nutch-1.15"
194.209.200.2 - - [28/Aug/2022:23:24:09 +0200] "GET /AmiKo/OSX HTTP/1.1" 200 9772 "-" "Mozilla/5.0 (compatible; TMMBot/0.2; +http://www.dslab.ch)/Nutch-1.15"
194.209.200.2 - - [28/Aug/2022:23:25:25 +0200] "GET /Generikacc/App HTTP/1.1" 200 11862 "-" "Mozilla/5.0 (compatible; TMMBot/0.2; +http://www.dslab.ch)/Nutch-1.15"
194.209.200.2 - - [28/Aug/2022:23:26:11 +0200] "GET /Ywesee/OpenSource HTTP/1.1" 200 10790 "-" "Mozilla/5.0 (compatible; TMMBot/0.2; +http://www.dslab.ch)/Nutch-1.15"
194.209.200.2 - - [28/Aug/2022:23:26:48 +0200] "GET /Main/2009 HTTP/1.1" 200 21688 "-" "Mozilla/5.0 (compatible; TMMBot/0.2; +http://www.dslab.ch)/Nutch-1.15"
194.209.200.2 - - [28/Aug/2022:23:27:14 +0200] "GET /Main/2016 HTTP/1.1" 200 13689 "-" "Mozilla/5.0 (compatible; TMMBot/0.2; +http://www.dslab.ch)/Nutch-1.15"
66.249.79.117 - - [28/Aug/2022:23:34:14 +0200] "GET /InfoCodex/Vergleichsanalyse?action=print HTTP/1.1" 403 18 "-" "Mozilla/5.0 (Linux; Android 6.0.1; Nexus 5X Build/MMB29P) AppleWebKit/537.36 (KHTML, like Gecko) Chrome/104.0.5112.79 Mobile Safari/537.36 (compatible; Googlebot/2.1; +http://www.google.com/bot.html)"
167.114.101.65 - - [28/Aug/2022:23:49:55 +0200] "GET /robots.txt HTTP/1.1" 200 - "-" "Mozilla/5.0 (compatible; MJ12bot/v1.4.8; http://mj12bot.com/)"
167.114.101.65 - - [28/Aug/2022:23:49:57 +0200] "GET /Hmg/67?action=edit HTTP/1.1" 403 18 "-" "Mozilla/5.0 (compatible; MJ12bot/v1.4.8; http://mj12bot.com/)"
167.114.101.65 - - [28/Aug/2022:23:50:00 +0200] "GET /Main/BagSlPreise?action=edit HTTP/1.1" 403 18 "-" "Mozilla/5.0 (compatible; MJ12bot/v1.4.8; http://mj12bot.com/)"
167.114.101.65 - - [28/Aug/2022:23:50:03 +0200] "GET /Main/Xls2odat?action=edit HTTP/1.1" 403 18 "-" "Mozilla/5.0 (compatible; MJ12bot/v1.4.8; http://mj12bot.com/)"
167.114.101.65 - - [28/Aug/2022:23:50:07 +0200] "GET /ODDB/FachinfoAlsEbook?action=edit HTTP/1.1" 403 18 "-" "Mozilla/5.0 (compatible; MJ12bot/v1.4.8; http://mj12bot.com/)"
185.191.171.4 - - [28/Aug/2022:23:53:45 +0200] "GET /Main/MayoClinic?action=edit HTTP/1.1" 403 18 "-" "Mozilla/5.0 (compatible; SemrushBot/7~bl; +http://www.semrush.com/bot.html)"
194.209.200.2 - - [28/Aug/2022:23:54:13 +0200] "GET /robots.txt HTTP/1.1" 200 - "-" "Mozilla/5.0 (compatible; TMMBot/0.2; +http://www.dslab.ch)/Nutch-1.15"
194.209.200.2 - - [28/Aug/2022:23:54:13 +0200] "GET /Oddb2xml/Index HTTP/1.1" 200 8983 "-" "Mozilla/5.0 (compatible; TMMBot/0.2; +http://www.dslab.ch)/Nutch-1.15"
194.209.200.2 - - [28/Aug/2022:23:54:35 +0200] "GET /Miele/MieleLXIV HTTP/1.1" 200 15367 "-" "Mozilla/5.0 (compatible; TMMBot/0.2; +http://www.dslab.ch)/Nutch-1.15"
194.209.200.2 - - [28/Aug/2022:23:54:57 +0200] "GET /Software/YDIM HTTP/1.1" 200 8834 "-" "Mozilla/5.0 (compatible; TMMBot/0.2; +http://www.dslab.ch)/Nutch-1.15"
194.209.200.2 - - [28/Aug/2022:23:56:19 +0200] "GET /ODDB/IndividuelleMediliste HTTP/1.1" 200 9139 "-" "Mozilla/5.0 (compatible; TMMBot/0.2; +http://www.dslab.ch)/Nutch-1.15"
194.209.200.2 - - [28/Aug/2022:23:56:26 +0200] "GET /Main/2008 HTTP/1.1" 200 34740 "-" "Mozilla/5.0 (compatible; TMMBot/0.2; +http://www.dslab.ch)/Nutch-1.15"
66.249.79.121 - - [28/Aug/2022:23:56:41 +0200] "GET /AmiKo/Cpp2sqlite HTTP/1.1" 200 8506 "-" "Mozilla/5.0 (Linux; Android 6.0.1; Nexus 5X Build/MMB29P) AppleWebKit/537.36 (KHTML, like Gecko) Chrome/104.0.5112.79 Mobile Safari/537.36 (compatible; Googlebot/2.1; +http://www.google.com/bot.html)"
194.209.200.2 - - [28/Aug/2022:23:56:44 +0200] "GET /Main/2017 HTTP/1.1" 200 15840 "-" "Mozilla/5.0 (compatible; TMMBot/0.2; +http://www.dslab.ch)/Nutch-1.15"
194.209.200.2 - - [28/Aug/2022:23:56:52 +0200] "GET /Main/2015 HTTP/1.1" 200 15908 "-" "Mozilla/5.0 (compatible; TMMBot/0.2; +http://www.dslab.ch)/Nutch-1.15"
194.209.200.2 - - [28/Aug/2022:23:57:44 +0200] "GET /AmiKo/OSX HTTP/1.1" 200 9772 "-" "Mozilla/5.0 (compatible; TMMBot/0.2; +http://www.dslab.ch)/Nutch-1.15"
185.191.171.42 - - [28/Aug/2022:23:57:59 +0200] "GET /PublicDomain/AIPS HTTP/1.1" 200 9777 "-" "Mozilla/5.0 (compatible; SemrushBot/7~bl; +http://www.semrush.com/bot.html)"
194.209.200.2 - - [28/Aug/2022:23:58:57 +0200] "GET /Generikacc/App HTTP/1.1" 200 11862 "-" "Mozilla/5.0 (compatible; TMMBot/0.2; +http://www.dslab.ch)/Nutch-1.15"
194.209.200.2 - - [28/Aug/2022:23:59:48 +0200] "GET /Ywesee/OpenSource HTTP/1.1" 200 10790 "-" "Mozilla/5.0 (compatible; TMMBot/0.2; +http://www.dslab.ch)/Nutch-1.15"
