34.138.228.195 - - [13/Sep/2022:08:17:40 +0200] "GET /app-ads.txt HTTP/1.1" 404 270 "-" "bidswitchbot/1.0"
34.138.228.195 - - [13/Sep/2022:08:17:55 +0200] "GET /robots.txt HTTP/1.1" 200 - "-" "bidswitchbot/1.0"
34.138.228.195 - - [13/Sep/2022:08:17:57 +0200] "GET /robots.txt HTTP/1.1" 200 - "-" "bidswitchbot/1.0"
34.138.228.195 - - [13/Sep/2022:08:17:58 +0200] "GET /app-ads.txt HTTP/1.1" 404 270 "-" "bidswitchbot/1.0"
34.138.228.195 - - [13/Sep/2022:08:18:18 +0200] "GET /robots.txt HTTP/1.1" 200 - "-" "bidswitchbot/1.0"
34.138.228.195 - - [13/Sep/2022:08:18:20 +0200] "GET /robots.txt HTTP/1.1" 200 - "-" "bidswitchbot/1.0"
34.138.228.195 - - [13/Sep/2022:08:18:23 +0200] "GET /app-ads.txt HTTP/1.1" 404 270 "-" "bidswitchbot/1.0"
34.138.228.195 - - [13/Sep/2022:08:18:25 +0200] "GET /robots.txt HTTP/1.1" 200 - "-" "bidswitchbot/1.0"
34.138.228.195 - - [13/Sep/2022:08:18:26 +0200] "GET /robots.txt HTTP/1.1" 200 - "-" "bidswitchbot/1.0"
34.138.228.195 - - [13/Sep/2022:08:18:27 +0200] "GET /app-ads.txt HTTP/1.1" 404 270 "-" "bidswitchbot/1.0"
180.149.60.4 - - [13/Sep/2022:08:22:29 +0200] "GET / HTTP/1.1" 200 12862 "-" "Mozilla/5.0 (Windows NT 10.0; Win64; x64) AppleWebKit/537.36 (KHTML, like Gecko) Chrome/104.0.0.0 Safari/537.36"
180.149.60.4 - - [13/Sep/2022:08:22:31 +0200] "GET /uploads/Main/yweseelogo.gif HTTP/1.1" 200 2982 "https://ywesee.com/" "Mozilla/5.0 (Windows NT 10.0; Win64; x64) AppleWebKit/537.36 (KHTML, like Gecko) Chrome/104.0.0.0 Safari/537.36"
180.149.60.4 - - [13/Sep/2022:08:22:31 +0200] "GET /pub/skins/ywesee/gila.css HTTP/1.1" 200 8276 "https://ywesee.com/" "Mozilla/5.0 (Windows NT 10.0; Win64; x64) AppleWebKit/537.36 (KHTML, like Gecko) Chrome/104.0.0.0 Safari/537.36"
157.55.39.192 - - [13/Sep/2022:08:26:51 +0200] "GET / HTTP/1.1" 200 12862 "-" "Mozilla/5.0 (compatible; bingbot/2.0; +http://www.bing.com/bingbot.htm)"
194.209.200.2 - - [13/Sep/2022:08:40:26 +0200] "GET /robots.txt HTTP/1.1" 200 - "-" "Mozilla/5.0 (compatible; TMMBot/0.2; +http://www.dslab.ch)/Nutch-1.15"
194.209.200.2 - - [13/Sep/2022:08:40:26 +0200] "GET /Oddb2xml/Index HTTP/1.1" 200 8983 "-" "Mozilla/5.0 (compatible; TMMBot/0.2; +http://www.dslab.ch)/Nutch-1.15"
194.209.200.2 - - [13/Sep/2022:08:40:45 +0200] "GET /AmiKo/Linux HTTP/1.1" 200 9217 "-" "Mozilla/5.0 (compatible; TMMBot/0.2; +http://www.dslab.ch)/Nutch-1.15"
194.209.200.2 - - [13/Sep/2022:08:43:16 +0200] "GET /Main/2015 HTTP/1.1" 200 15908 "-" "Mozilla/5.0 (compatible; TMMBot/0.2; +http://www.dslab.ch)/Nutch-1.15"
194.209.200.2 - - [13/Sep/2022:08:43:26 +0200] "GET /Main/2013 HTTP/1.1" 200 20487 "-" "Mozilla/5.0 (compatible; TMMBot/0.2; +http://www.dslab.ch)/Nutch-1.15"
194.209.200.2 - - [13/Sep/2022:08:44:51 +0200] "GET /robots.txt HTTP/1.1" 200 - "-" "Mozilla/5.0 (compatible; TMMBot/0.2; +http://www.dslab.ch)/Nutch-1.15"
194.209.200.2 - - [13/Sep/2022:08:46:18 +0200] "GET /Ywesee/OpenSource HTTP/1.1" 200 10790 "-" "Mozilla/5.0 (compatible; TMMBot/0.2; +http://www.dslab.ch)/Nutch-1.15"
194.209.200.2 - - [13/Sep/2022:08:47:11 +0200] "GET /Main/2005 HTTP/1.1" 200 63344 "-" "Mozilla/5.0 (compatible; TMMBot/0.2; +http://www.dslab.ch)/Nutch-1.15"
185.191.171.16 - - [13/Sep/2022:08:47:20 +0200] "GET /robots.txt HTTP/1.1" 200 - "-" "Mozilla/5.0 (compatible; SemrushBot/7~bl; +http://www.semrush.com/bot.html)"
185.191.171.15 - - [13/Sep/2022:08:47:21 +0200] "GET /Main/ComCo19122016?action=upload HTTP/1.1" 403 18 "-" "Mozilla/5.0 (compatible; SemrushBot/7~bl; +http://www.semrush.com/bot.html)"
194.209.200.2 - - [13/Sep/2022:08:47:21 +0200] "GET /Main/2016 HTTP/1.1" 200 13689 "-" "Mozilla/5.0 (compatible; TMMBot/0.2; +http://www.dslab.ch)/Nutch-1.15"
51.255.62.12 - - [13/Sep/2022:08:49:25 +0200] "GET / HTTP/1.1" 200 12862 "-" "Mozilla/5.0 (X11; Ubuntu; Linux x86_64; rv:58.0) Gecko/20100101 Firefox/58.0"
51.255.62.13 - - [13/Sep/2022:08:49:27 +0200] "GET / HTTP/1.1" 200 12862 "-" "Mozilla/5.0 (X11; Ubuntu; Linux x86_64; rv:58.0) Gecko/20100101 Firefox/58.0"
64.71.157.109 - - [13/Sep/2022:08:50:16 +0200] "GET /pmwiki.php/Site/AllRecentChanges?action=rss HTTP/1.1" 200 2546 "-" "Feedbin feed-id:590358 - 1 subscribers"
185.191.171.45 - - [13/Sep/2022:08:55:44 +0200] "GET /Miele/Index?action=diff HTTP/1.1" 403 18 "-" "Mozilla/5.0 (compatible; SemrushBot/7~bl; +http://www.semrush.com/bot.html)"
17.121.115.39 - - [13/Sep/2022:08:56:07 +0200] "GET /robots.txt HTTP/1.1" 200 - "-" "Mozilla/5.0 (Macintosh; Intel Mac OS X 10_15_5) AppleWebKit/605.1.15 (KHTML, like Gecko) Version/13.1.1 Safari/605.1.15 (Applebot/0.1; +http://www.apple.com/go/applebot)"
17.121.115.39 - - [13/Sep/2022:08:56:07 +0200] "GET /Eggze/SpreadIt HTTP/1.1" 200 12537 "-" "Mozilla/5.0 (Macintosh; Intel Mac OS X 10_15_5) AppleWebKit/605.1.15 (KHTML, like Gecko) Version/13.1.1 Safari/605.1.15 (Applebot/0.1; +http://www.apple.com/go/applebot)"
40.77.167.97 - - [13/Sep/2022:08:59:25 +0200] "GET /robots.txt HTTP/1.1" 200 - "-" "Mozilla/5.0 (compatible; bingbot/2.0; +http://www.bing.com/bingbot.htm)"
66.102.6.4 - - [13/Sep/2022:09:05:06 +0200] "HEAD /pmwiki.php/Site/AllRecentChanges?action=rss HTTP/1.1" 200 - "-" "FeedBurner/1.0 (http://www.FeedBurner.com)"
66.102.6.4 - - [13/Sep/2022:09:05:07 +0200] "GET /pmwiki.php/Site/AllRecentChanges?action=rss HTTP/1.1" 200 2546 "-" "FeedBurner/1.0 (http://www.FeedBurner.com)"
103.131.71.71 - - [13/Sep/2022:09:06:21 +0200] "GET /robots.txt HTTP/1.1" 200 - "-" "Mozilla/5.0 (compatible; coccocbot-web/1.0; +http://help.coccoc.com/searchengine)"
31.148.131.185 - - [13/Sep/2022:09:06:28 +0200] "GET /uploads/Main/Facharbeit_Raphael_Waltert.pdf HTTP/1.1" 200 1004701 "-" "Mozilla/5.0 (Windows NT 6.1; Win64; x64; rv:99.0) Gecko/20100101 Firefox/99.0"
114.119.144.163 - - [13/Sep/2022:09:15:52 +0200] "GET /robots.txt HTTP/1.1" 200 - "-" "Mozilla/5.0 (compatible;PetalBot;+https://webmaster.petalsearch.com/site/petalbot)"
194.209.200.2 - - [13/Sep/2022:09:16:04 +0200] "GET /robots.txt HTTP/1.1" 200 - "-" "Mozilla/5.0 (compatible; TMMBot/0.2; +http://www.dslab.ch)/Nutch-1.15"
194.209.200.2 - - [13/Sep/2022:09:16:04 +0200] "GET /Oddb2xml/Index HTTP/1.1" 200 8983 "-" "Mozilla/5.0 (compatible; TMMBot/0.2; +http://www.dslab.ch)/Nutch-1.15"
194.209.200.2 - - [13/Sep/2022:09:16:22 +0200] "GET /AmiKo/Linux HTTP/1.1" 200 9217 "-" "Mozilla/5.0 (compatible; TMMBot/0.2; +http://www.dslab.ch)/Nutch-1.15"
194.209.200.2 - - [13/Sep/2022:09:19:00 +0200] "GET /Main/2015 HTTP/1.1" 200 15908 "-" "Mozilla/5.0 (compatible; TMMBot/0.2; +http://www.dslab.ch)/Nutch-1.15"
194.209.200.2 - - [13/Sep/2022:09:19:08 +0200] "GET /Main/2013 HTTP/1.1" 200 20487 "-" "Mozilla/5.0 (compatible; TMMBot/0.2; +http://www.dslab.ch)/Nutch-1.15"
194.209.200.2 - - [13/Sep/2022:09:20:32 +0200] "GET /robots.txt HTTP/1.1" 200 - "-" "Mozilla/5.0 (compatible; TMMBot/0.2; +http://www.dslab.ch)/Nutch-1.15"
194.209.200.2 - - [13/Sep/2022:09:22:02 +0200] "GET /Ywesee/OpenSource HTTP/1.1" 200 10790 "-" "Mozilla/5.0 (compatible; TMMBot/0.2; +http://www.dslab.ch)/Nutch-1.15"
194.209.200.2 - - [13/Sep/2022:09:22:56 +0200] "GET /Main/2005 HTTP/1.1" 200 63344 "-" "Mozilla/5.0 (compatible; TMMBot/0.2; +http://www.dslab.ch)/Nutch-1.15"
194.209.200.2 - - [13/Sep/2022:09:23:07 +0200] "GET /Main/2016 HTTP/1.1" 200 13689 "-" "Mozilla/5.0 (compatible; TMMBot/0.2; +http://www.dslab.ch)/Nutch-1.15"
64.71.157.118 - - [13/Sep/2022:09:23:15 +0200] "GET /pmwiki.php/Site/AllRecentChanges?action=rss HTTP/1.1" 200 2546 "-" "Feedbin feed-id:590358 - 1 subscribers"
176.127.21.64 - - [13/Sep/2022:09:25:01 +0200] "GET /Ywesee/Team HTTP/1.1" 200 18245 "-" "Mozilla/5.0 (Macintosh; Intel Mac OS X 10_15_7) AppleWebKit/605.1.15 (KHTML, like Gecko)"
176.127.21.64 - - [13/Sep/2022:09:25:01 +0200] "GET /Ywesee/Team HTTP/1.1" 200 18245 "-" "Mozilla/5.0 (Macintosh; Intel Mac OS X 10_15_7) AppleWebKit/605.1.15 (KHTML, like Gecko)"
176.127.21.64 - - [13/Sep/2022:09:25:01 +0200] "GET /pub/skins/ywesee/gila.css HTTP/1.1" 200 8276 "https://www.ywesee.com/Ywesee/Team" "Mozilla/5.0 (Macintosh; Intel Mac OS X 10_15_7) AppleWebKit/605.1.15 (KHTML, like Gecko)"
176.127.21.64 - - [13/Sep/2022:09:25:02 +0200] "GET /Ywesee/null HTTP/1.1" 404 8367 "-" "Mozilla/5.0 (Macintosh; Intel Mac OS X 10_15_7) AppleWebKit/605.1.15 (KHTML, like Gecko)"
176.127.21.64 - - [13/Sep/2022:09:27:30 +0200] "GET /Ywesee/Team HTTP/1.1" 200 18245 "-" "Mozilla/5.0 (Macintosh; Intel Mac OS X 10_15_7) AppleWebKit/605.1.15 (KHTML, like Gecko)"
176.127.21.64 - - [13/Sep/2022:09:27:31 +0200] "GET /Ywesee/null HTTP/1.1" 404 8367 "-" "Mozilla/5.0 (Macintosh; Intel Mac OS X 10_15_7) AppleWebKit/605.1.15 (KHTML, like Gecko)"
157.55.39.192 - - [13/Sep/2022:09:30:37 +0200] "GET /uploads/Main/An_Kaempf_12.4.2005.txt HTTP/1.1" 200 1911 "-" "Mozilla/5.0 (compatible; bingbot/2.0; +http://www.bing.com/bingbot.htm)"
123.125.109.119 - - [13/Sep/2022:09:32:41 +0200] "GET / HTTP/1.1" 200 12862 "-" "Sogou web spider/4.0(+http://www.sogou.com/docs/help/webmasters.htm#07)"
66.249.76.241 - - [13/Sep/2022:09:34:40 +0200] "GET /robots.txt HTTP/1.1" 200 - "-" "Mozilla/5.0 (compatible; Googlebot/2.1; +http://www.google.com/bot.html)"
66.249.76.241 - - [13/Sep/2022:09:34:41 +0200] "GET /Swissmedic/AIPSXMLImport HTTP/1.1" 200 10819 "-" "Mozilla/5.0 (compatible; Googlebot/2.1; +http://www.google.com/bot.html)"
188.165.87.100 - - [13/Sep/2022:09:36:38 +0200] "GET / HTTP/1.1" 200 12862 "-" "Mozilla/5.0 (X11; Ubuntu; Linux x86_64; rv:58.0) Gecko/20100101 Firefox/58.0"
66.249.76.237 - - [13/Sep/2022:09:38:38 +0200] "GET /amiko/privacy HTTP/1.1" 404 272 "-" "Mozilla/5.0 (compatible; Googlebot/2.1; +http://www.google.com/bot.html)"
49.7.20.110 - - [13/Sep/2022:09:42:12 +0200] "GET / HTTP/1.1" 200 12862 "-" "Sogou web spider/4.0(+http://www.sogou.com/docs/help/webmasters.htm#07)"
20.38.39.58 - - [13/Sep/2022:09:52:38 +0200] "GET / HTTP/1.1" 200 12862 "http://ywesee.ch/" "Go-http-client/1.1"
20.38.39.58 - - [13/Sep/2022:09:52:38 +0200] "GET /wp-includes/css/buttons.css HTTP/1.1" 404 286 "http://ywesee.ch/wp-includes/css/buttons.css" "Go-http-client/1.1"
20.38.39.58 - - [13/Sep/2022:09:52:39 +0200] "GET /media/system/js/core.js HTTP/1.1" 404 282 "http://ywesee.ch/media/system/js/core.js" "Go-http-client/1.1"
41.42.102.83 - - [13/Sep/2022:09:54:16 +0200] "GET /pmwiki.php/Software/ODDB HTTP/1.1" 200 10298 "-" "Mozilla/5.0 (Windows NT 10.0; Win64; x64) AppleWebKit/537.36 (KHTML, like Gecko) Chrome/105.0.0.0 Safari/537.36"
54.36.148.247 - - [13/Sep/2022:09:56:23 +0200] "GET / HTTP/1.1" 200 12862 "-" "Mozilla/5.0 (compatible; AhrefsBot/7.0; +http://ahrefs.com/robot/)"
64.71.157.118 - - [13/Sep/2022:09:57:05 +0200] "GET /pmwiki.php/Site/AllRecentChanges?action=rss HTTP/1.1" 200 2546 "-" "Feedbin feed-id:590358 - 1 subscribers"
66.249.70.57 - - [13/Sep/2022:10:00:39 +0200] "GET /generikacc/privacy HTTP/1.1" 404 281 "-" "Mozilla/5.0 (compatible; Googlebot/2.1; +http://www.google.com/bot.html)"
194.209.200.2 - - [13/Sep/2022:10:00:42 +0200] "GET /robots.txt HTTP/1.1" 200 - "-" "Mozilla/5.0 (compatible; TMMBot/0.2; +http://www.dslab.ch)/Nutch-1.15"
194.209.200.2 - - [13/Sep/2022:10:00:42 +0200] "GET /Oddb2xml/Index HTTP/1.1" 200 8983 "-" "Mozilla/5.0 (compatible; TMMBot/0.2; +http://www.dslab.ch)/Nutch-1.15"
194.209.200.2 - - [13/Sep/2022:10:01:00 +0200] "GET /AmiKo/Linux HTTP/1.1" 200 9217 "-" "Mozilla/5.0 (compatible; TMMBot/0.2; +http://www.dslab.ch)/Nutch-1.15"
194.209.200.2 - - [13/Sep/2022:10:03:19 +0200] "GET /Main/2015 HTTP/1.1" 200 15908 "-" "Mozilla/5.0 (compatible; TMMBot/0.2; +http://www.dslab.ch)/Nutch-1.15"
194.209.200.2 - - [13/Sep/2022:10:03:27 +0200] "GET /Main/2013 HTTP/1.1" 200 20487 "-" "Mozilla/5.0 (compatible; TMMBot/0.2; +http://www.dslab.ch)/Nutch-1.15"
194.209.200.2 - - [13/Sep/2022:10:04:46 +0200] "GET /robots.txt HTTP/1.1" 200 - "-" "Mozilla/5.0 (compatible; TMMBot/0.2; +http://www.dslab.ch)/Nutch-1.15"
194.209.200.2 - - [13/Sep/2022:10:06:07 +0200] "GET /Ywesee/OpenSource HTTP/1.1" 200 10790 "-" "Mozilla/5.0 (compatible; TMMBot/0.2; +http://www.dslab.ch)/Nutch-1.15"
66.102.6.6 - - [13/Sep/2022:10:06:27 +0200] "HEAD /pmwiki.php/Site/AllRecentChanges?action=rss HTTP/1.1" 200 - "-" "FeedBurner/1.0 (http://www.FeedBurner.com)"
66.102.6.8 - - [13/Sep/2022:10:06:28 +0200] "GET /pmwiki.php/Site/AllRecentChanges?action=rss HTTP/1.1" 200 2546 "-" "FeedBurner/1.0 (http://www.FeedBurner.com)"
194.209.200.2 - - [13/Sep/2022:10:07:15 +0200] "GET /Main/2005 HTTP/1.1" 200 63344 "-" "Mozilla/5.0 (compatible; TMMBot/0.2; +http://www.dslab.ch)/Nutch-1.15"
194.209.200.2 - - [13/Sep/2022:10:07:25 +0200] "GET /Main/2016 HTTP/1.1" 200 13689 "-" "Mozilla/5.0 (compatible; TMMBot/0.2; +http://www.dslab.ch)/Nutch-1.15"
66.249.76.91 - - [13/Sep/2022:10:08:02 +0200] "GET / HTTP/1.1" 200 12862 "-" "Mozilla/5.0 (compatible; Googlebot/2.1; +http://www.google.com/bot.html)"
66.249.76.89 - - [13/Sep/2022:10:08:21 +0200] "GET /amiko/privacy HTTP/1.1" 404 276 "-" "Mozilla/5.0 (compatible; Googlebot/2.1; +http://www.google.com/bot.html)"
207.46.13.191 - - [13/Sep/2022:10:17:53 +0200] "GET /site/allrecentchanges?action=rss HTTP/1.1" 404 280 "-" "Mozilla/5.0 (compatible; bingbot/2.0; +http://www.bing.com/bingbot.htm)"
114.119.147.233 - - [13/Sep/2022:10:20:44 +0200] "GET /uploads/Ywesee/archimag-e.pdf HTTP/1.1" 200 374084 "https://www.ywesee.com/Main/2006" "Mozilla/5.0 (Linux; Android 7.0;) AppleWebKit/537.36 (KHTML, like Gecko) Mobile Safari/537.36 (compatible; PetalBot;+https://webmaster.petalsearch.com/site/petalbot)"
194.209.200.2 - - [13/Sep/2022:10:22:25 +0200] "GET /robots.txt HTTP/1.1" 200 - "-" "Mozilla/5.0 (compatible; TMMBot/0.2; +http://www.dslab.ch)/Nutch-1.15"
66.249.76.237 - - [13/Sep/2022:10:25:52 +0200] "GET /ads.txt HTTP/1.1" 404 266 "-" "Mozilla/5.0 (compatible; Googlebot/2.1; +http://www.google.com/bot.html)"
93.158.161.75 - - [13/Sep/2022:10:27:02 +0200] "GET /robots.txt HTTP/1.1" 200 - "-" "Mozilla/5.0 (compatible; YandexBot/3.0; +http://yandex.com/bots)"
93.158.161.59 - - [13/Sep/2022:10:27:06 +0200] "GET /uploads/Main/von_Swissmedic_Medizinprodukte_4.5.2009.pdf HTTP/1.1" 200 235278 "-" "Mozilla/5.0 (compatible; YandexBot/3.0; +http://yandex.com/bots)"
185.191.171.45 - - [13/Sep/2022:10:29:02 +0200] "GET /robots.txt HTTP/1.1" 200 - "-" "Mozilla/5.0 (compatible; SemrushBot/7~bl; +http://www.semrush.com/bot.html)"
185.191.171.35 - - [13/Sep/2022:10:29:03 +0200] "GET /Scan2Post/MacOS?n=Main.SideBar%3Faction%3Dedit HTTP/1.1" 302 157 "-" "Mozilla/5.0 (compatible; SemrushBot/7~bl; +http://www.semrush.com/bot.html)"
64.71.157.108 - - [13/Sep/2022:10:31:29 +0200] "GET /pmwiki.php/Site/AllRecentChanges?action=rss HTTP/1.1" 200 2546 "-" "Feedbin feed-id:590358 - 1 subscribers"
66.249.76.91 - - [13/Sep/2022:10:34:48 +0200] "GET /Software/ProPharmaXML?action=print HTTP/1.1" 403 18 "-" "Mozilla/5.0 (Linux; Android 6.0.1; Nexus 5X Build/MMB29P) AppleWebKit/537.36 (KHTML, like Gecko) Chrome/104.0.5112.101 Mobile Safari/537.36 (compatible; Googlebot/2.1; +http://www.google.com/bot.html)"
51.254.49.109 - - [13/Sep/2022:10:40:02 +0200] "GET / HTTP/1.1" 200 12862 "-" "Mozilla/5.0 (X11; Ubuntu; Linux x86_64; rv:58.0) Gecko/20100101 Firefox/58.0"
51.254.49.105 - - [13/Sep/2022:10:40:14 +0200] "GET / HTTP/1.1" 200 12862 "-" "Mozilla/5.0 (X11; Ubuntu; Linux x86_64; rv:58.0) Gecko/20100101 Firefox/58.0"
8.29.198.26 - - [13/Sep/2022:10:41:33 +0200] "GET /pmwiki.php/Site/AllRecentChanges?action=rss HTTP/1.1" 200 2546 "-" "Feedly/1.0 (+http://www.feedly.com/fetcher.html; 5 subscribers; like FeedFetcher-Google)"
77.75.79.31 - - [13/Sep/2022:10:43:06 +0200] "GET /robots.txt HTTP/1.1" 200 - "-" "Mozilla/5.0 (compatible; SeznamBot/4.0-RC1; +http://napoveda.seznam.cz/seznambot-intro/)"
77.75.79.31 - - [13/Sep/2022:10:43:06 +0200] "GET /favicon.ico HTTP/1.1" 200 1406 "-" "Mozilla/5.0 (compatible; SeznamBot/4.0-RC1; +http://napoveda.seznam.cz/seznambot-intro/)"
183.239.193.237 - - [13/Sep/2022:10:51:03 +0200] "GET / HTTP/1.1" 200 12862 "https://www.whole-search.com/cache/Google/ywesee.com?q=Google+global+ranking+site%3Awww.whole-search.com" "Mozilla/5.0 (X11; Linux x86_64) AppleWebKit/537.36 (KHTML, like Gecko) Chrome/34.0.1847.137 Safari/4E423F"
194.209.200.2 - - [13/Sep/2022:10:51:49 +0200] "GET /robots.txt HTTP/1.1" 200 - "-" "Mozilla/5.0 (compatible; TMMBot/0.2; +http://www.dslab.ch)/Nutch-1.15"
194.209.200.2 - - [13/Sep/2022:10:51:49 +0200] "GET /Oddb2xml/Index HTTP/1.1" 200 8983 "-" "Mozilla/5.0 (compatible; TMMBot/0.2; +http://www.dslab.ch)/Nutch-1.15"
194.209.200.2 - - [13/Sep/2022:10:52:08 +0200] "GET /AmiKo/Linux HTTP/1.1" 200 9217 "-" "Mozilla/5.0 (compatible; TMMBot/0.2; +http://www.dslab.ch)/Nutch-1.15"
34.98.143.154 - - [13/Sep/2022:10:52:13 +0200] "GET /AmiKo/Linux HTTP/1.1" 200 9217 "-" "Mozilla/5.0 (Macintosh; Intel Mac OS X 10_15_5) AppleWebKit/537.36 (KHTML, like Gecko) Chrome/83.0.4103.61 Safari/537.36 AppEngine-Google; (+http://code.google.com/appengine; appid: s~feedly-nikon3)"
34.98.143.152 - - [13/Sep/2022:10:52:13 +0200] "GET /Main/ComCo19122016 HTTP/1.1" 200 10547 "-" "Mozilla/5.0 (Macintosh; Intel Mac OS X 10_15_5) AppleWebKit/537.36 (KHTML, like Gecko) Chrome/83.0.4103.61 Safari/537.36 AppEngine-Google; (+http://code.google.com/appengine; appid: s~feedly-nikon3)"
34.98.143.150 - - [13/Sep/2022:10:52:13 +0200] "GET /PumpFoilingEvents/Indiana HTTP/1.1" 200 11151 "-" "Mozilla/5.0 (Macintosh; Intel Mac OS X 10_15_5) AppleWebKit/537.36 (KHTML, like Gecko) Chrome/83.0.4103.61 Safari/537.36 AppEngine-Google; (+http://code.google.com/appengine; appid: s~feedly-nikon3)"
34.98.143.152 - - [13/Sep/2022:10:52:13 +0200] "GET /Main/SideBar HTTP/1.1" 200 10903 "-" "Mozilla/5.0 (Macintosh; Intel Mac OS X 10_15_5) AppleWebKit/537.36 (KHTML, like Gecko) Chrome/83.0.4103.61 Safari/537.36 AppEngine-Google; (+http://code.google.com/appengine; appid: s~feedly-nikon3)"
34.98.143.150 - - [13/Sep/2022:10:52:13 +0200] "GET /Main/2021 HTTP/1.1" 200 16484 "-" "Mozilla/5.0 (Macintosh; Intel Mac OS X 10_15_5) AppleWebKit/537.36 (KHTML, like Gecko) Chrome/83.0.4103.61 Safari/537.36 AppEngine-Google; (+http://code.google.com/appengine; appid: s~feedly-nikon3)"
34.98.143.154 - - [13/Sep/2022:10:52:14 +0200] "GET /AmiKo/Index HTTP/1.1" 200 9511 "-" "Mozilla/5.0 (Macintosh; Intel Mac OS X 10_15_5) AppleWebKit/537.36 (KHTML, like Gecko) Chrome/83.0.4103.61 Safari/537.36 AppEngine-Google; (+http://code.google.com/appengine; appid: s~feedly-nikon3)"
34.98.143.152 - - [13/Sep/2022:10:52:14 +0200] "GET /AmiKo/OSX HTTP/1.1" 200 9772 "-" "Mozilla/5.0 (Macintosh; Intel Mac OS X 10_15_5) AppleWebKit/537.36 (KHTML, like Gecko) Chrome/83.0.4103.61 Safari/537.36 AppEngine-Google; (+http://code.google.com/appengine; appid: s~feedly-nikon3)"
34.98.143.152 - - [13/Sep/2022:10:52:14 +0200] "GET /Main/Index HTTP/1.1" 200 8387 "-" "Mozilla/5.0 (Macintosh; Intel Mac OS X 10_15_5) AppleWebKit/537.36 (KHTML, like Gecko) Chrome/83.0.4103.61 Safari/537.36 AppEngine-Google; (+http://code.google.com/appengine; appid: s~feedly-nikon3)"
34.98.143.152 - - [13/Sep/2022:10:52:14 +0200] "GET /Main/Home HTTP/1.1" 200 12862 "-" "Mozilla/5.0 (Macintosh; Intel Mac OS X 10_15_5) AppleWebKit/537.36 (KHTML, like Gecko) Chrome/83.0.4103.61 Safari/537.36 AppEngine-Google; (+http://code.google.com/appengine; appid: s~feedly-nikon3)"
212.51.146.241 - - [13/Sep/2022:10:52:18 +0200] "GET /AmiKo/OSX HTTP/1.1" 200 9772 "-" "Mozilla/5.0 (X11; Linux x86_64) AppleWebKit/537.36 (KHTML, like Gecko) Chrome/107.0.0.0 Safari/537.36 Edg/107.0.1375.0"
212.51.146.241 - - [13/Sep/2022:10:52:18 +0200] "GET /pub/skins/ywesee/gila.css HTTP/1.1" 200 8276 "https://www.ywesee.com/AmiKo/OSX" "Mozilla/5.0 (X11; Linux x86_64) AppleWebKit/537.36 (KHTML, like Gecko) Chrome/107.0.0.0 Safari/537.36 Edg/107.0.1375.0"
212.51.146.241 - - [13/Sep/2022:10:52:18 +0200] "GET /favicon.ico HTTP/1.1" 200 1406 "https://www.ywesee.com/AmiKo/OSX" "Mozilla/5.0 (X11; Linux x86_64) AppleWebKit/537.36 (KHTML, like Gecko) Chrome/107.0.0.0 Safari/537.36 Edg/107.0.1375.0"
194.209.200.2 - - [13/Sep/2022:10:54:27 +0200] "GET /Main/2015 HTTP/1.1" 200 15908 "-" "Mozilla/5.0 (compatible; TMMBot/0.2; +http://www.dslab.ch)/Nutch-1.15"
194.209.200.2 - - [13/Sep/2022:10:54:35 +0200] "GET /Main/2013 HTTP/1.1" 200 20487 "-" "Mozilla/5.0 (compatible; TMMBot/0.2; +http://www.dslab.ch)/Nutch-1.15"
194.209.200.2 - - [13/Sep/2022:10:55:57 +0200] "GET /robots.txt HTTP/1.1" 200 - "-" "Mozilla/5.0 (compatible; TMMBot/0.2; +http://www.dslab.ch)/Nutch-1.15"
194.209.200.2 - - [13/Sep/2022:10:57:18 +0200] "GET /Ywesee/OpenSource HTTP/1.1" 200 10790 "-" "Mozilla/5.0 (compatible; TMMBot/0.2; +http://www.dslab.ch)/Nutch-1.15"
207.46.13.191 - - [13/Sep/2022:10:57:37 +0200] "GET /Miele/MieleLXIV HTTP/1.1" 200 15367 "-" "Mozilla/5.0 (compatible; bingbot/2.0; +http://www.bing.com/bingbot.htm)"
157.55.39.181 - - [13/Sep/2022:10:57:41 +0200] "GET /Main/Parsen HTTP/1.1" 200 8581 "-" "Mozilla/5.0 (compatible; bingbot/2.0; +http://www.bing.com/bingbot.htm)"
194.209.200.2 - - [13/Sep/2022:10:58:04 +0200] "GET /Main/2005 HTTP/1.1" 200 63344 "-" "Mozilla/5.0 (compatible; TMMBot/0.2; +http://www.dslab.ch)/Nutch-1.15"
194.209.200.2 - - [13/Sep/2022:10:58:14 +0200] "GET /Main/2016 HTTP/1.1" 200 13689 "-" "Mozilla/5.0 (compatible; TMMBot/0.2; +http://www.dslab.ch)/Nutch-1.15"
194.209.200.2 - - [13/Sep/2022:10:58:43 +0200] "GET /Main/ComCo19122016 HTTP/1.1" 200 10547 "-" "Mozilla/5.0 (compatible; TMMBot/0.2; +http://www.dslab.ch)/Nutch-1.15"
40.77.167.97 - - [13/Sep/2022:11:01:25 +0200] "GET /robots.txt HTTP/1.1" 200 - "-" "Mozilla/5.0 (compatible; bingbot/2.0; +http://www.bing.com/bingbot.htm)"
64.71.157.123 - - [13/Sep/2022:11:06:10 +0200] "GET /pmwiki.php/Site/AllRecentChanges?action=rss HTTP/1.1" 200 2546 "-" "Feedbin feed-id:590358 - 1 subscribers"
66.102.6.8 - - [13/Sep/2022:11:07:49 +0200] "HEAD /pmwiki.php/Site/AllRecentChanges?action=rss HTTP/1.1" 200 - "-" "FeedBurner/1.0 (http://www.FeedBurner.com)"
66.102.6.8 - - [13/Sep/2022:11:07:50 +0200] "GET /pmwiki.php/Site/AllRecentChanges?action=rss HTTP/1.1" 200 2546 "-" "FeedBurner/1.0 (http://www.FeedBurner.com)"
114.119.148.138 - - [13/Sep/2022:11:13:13 +0200] "GET /uploads/Main/ywesee_GmbH_Bundesgerichtsurteil.pdf HTTP/1.1" 200 827555 "https://swissblawg.ch/2008/07/documed-ag-weko-untersuchung.html" "Mozilla/5.0 (Linux; Android 7.0;) AppleWebKit/537.36 (KHTML, like Gecko) Mobile Safari/537.36 (compatible; PetalBot;+https://webmaster.petalsearch.com/site/petalbot)"
212.192.246.33 - - [13/Sep/2022:11:17:19 +0200] "GET /about.php HTTP/1.1" 404 268 "-" "python-requests/2.27.1"
212.192.246.33 - - [13/Sep/2022:11:17:19 +0200] "GET /upload.php?mr=exe3 HTTP/1.1" 404 269 "-" "python-requests/2.27.1"
212.192.246.33 - - [13/Sep/2022:11:17:20 +0200] "GET /2index.php HTTP/1.1" 404 250 "-" "python-requests/2.27.1"
212.192.246.33 - - [13/Sep/2022:11:17:21 +0200] "GET /C.php HTTP/1.1" 404 8294 "-" "python-requests/2.27.1"
212.192.246.33 - - [13/Sep/2022:11:17:22 +0200] "GET /c.php HTTP/1.1" 404 264 "-" "python-requests/2.27.1"
212.192.246.33 - - [13/Sep/2022:11:17:22 +0200] "GET /01.php HTTP/1.1" 404 250 "-" "python-requests/2.27.1"
212.192.246.33 - - [13/Sep/2022:11:17:23 +0200] "GET /1.php HTTP/1.1" 404 250 "-" "python-requests/2.27.1"
212.192.246.33 - - [13/Sep/2022:11:17:23 +0200] "GET /02.php HTTP/1.1" 404 250 "-" "python-requests/2.27.1"
212.192.246.33 - - [13/Sep/2022:11:17:24 +0200] "GET /wp.php HTTP/1.1" 404 265 "-" "python-requests/2.27.1"
212.192.246.33 - - [13/Sep/2022:11:17:24 +0200] "GET /fw.php HTTP/1.1" 404 265 "-" "python-requests/2.27.1"
212.192.246.33 - - [13/Sep/2022:11:17:25 +0200] "GET /alfa.php HTTP/1.1" 404 267 "-" "python-requests/2.27.1"
212.192.246.33 - - [13/Sep/2022:11:17:26 +0200] "GET /mini.php HTTP/1.1" 404 267 "-" "python-requests/2.27.1"
212.192.246.33 - - [13/Sep/2022:11:17:27 +0200] "GET /x.php HTTP/1.1" 404 264 "-" "python-requests/2.27.1"
212.192.246.33 - - [13/Sep/2022:11:17:27 +0200] "GET /404.php HTTP/1.1" 404 250 "-" "python-requests/2.27.1"
212.192.246.33 - - [13/Sep/2022:11:17:28 +0200] "GET /403.php HTTP/1.1" 404 250 "-" "python-requests/2.27.1"
212.192.246.33 - - [13/Sep/2022:11:17:29 +0200] "GET /wso.php HTTP/1.1" 404 266 "-" "python-requests/2.27.1"
212.192.246.33 - - [13/Sep/2022:11:17:30 +0200] "GET /admin.php HTTP/1.1" 404 268 "-" "python-requests/2.27.1"
212.192.246.33 - - [13/Sep/2022:11:17:31 +0200] "GET /wp-22.php HTTP/1.1" 404 268 "-" "python-requests/2.27.1"
212.192.246.33 - - [13/Sep/2022:11:17:31 +0200] "GET /1index.php HTTP/1.1" 404 250 "-" "python-requests/2.27.1"
212.192.246.33 - - [13/Sep/2022:11:17:32 +0200] "GET /marijuana.php HTTP/1.1" 404 272 "-" "python-requests/2.27.1"
212.192.246.33 - - [13/Sep/2022:11:17:33 +0200] "GET /good.php HTTP/1.1" 404 267 "-" "python-requests/2.27.1"
212.192.246.33 - - [13/Sep/2022:11:17:33 +0200] "GET /up.php HTTP/1.1" 404 265 "-" "python-requests/2.27.1"
212.192.246.33 - - [13/Sep/2022:11:17:34 +0200] "GET /doc.php HTTP/1.1" 404 266 "-" "python-requests/2.27.1"
212.192.246.33 - - [13/Sep/2022:11:17:35 +0200] "GET /wp.php HTTP/1.1" 404 265 "-" "python-requests/2.27.1"
212.192.246.33 - - [13/Sep/2022:11:17:35 +0200] "GET /radio.php HTTP/1.1" 404 268 "-" "python-requests/2.27.1"
212.192.246.33 - - [13/Sep/2022:11:17:36 +0200] "GET /wp-includes/1index.php HTTP/1.1" 404 281 "-" "python-requests/2.27.1"
212.192.246.33 - - [13/Sep/2022:11:17:37 +0200] "GET /1index.php?pass=am*guAW8.ryDgz-TYF HTTP/1.1" 404 250 "-" "python-requests/2.27.1"
212.192.246.33 - - [13/Sep/2022:11:17:37 +0200] "GET /wp_wrong_datlib.php HTTP/1.1" 404 278 "-" "python-requests/2.27.1"
212.192.246.33 - - [13/Sep/2022:11:17:38 +0200] "GET /2index.php HTTP/1.1" 404 250 "-" "python-requests/2.27.1"
212.192.246.33 - - [13/Sep/2022:11:17:38 +0200] "GET /autoload_classmap.php HTTP/1.1" 404 280 "-" "python-requests/2.27.1"
212.192.246.33 - - [13/Sep/2022:11:17:38 +0200] "GET /wp.php HTTP/1.1" 404 265 "-" "python-requests/2.27.1"
212.192.246.33 - - [13/Sep/2022:11:17:39 +0200] "GET /wikindex.php HTTP/1.1" 404 271 "-" "python-requests/2.27.1"
212.192.246.33 - - [13/Sep/2022:11:17:40 +0200] "GET /Deadcode1975xxxxxxxxxxxxxxxxxxxxxxxxxxxx.php HTTP/1.1" 404 8762 "-" "python-requests/2.27.1"
212.192.246.33 - - [13/Sep/2022:11:17:41 +0200] "GET /wp-2019.php HTTP/1.1" 404 270 "-" "python-requests/2.27.1"
212.192.246.33 - - [13/Sep/2022:11:17:41 +0200] "GET /1h6j5.php HTTP/1.1" 404 250 "-" "python-requests/2.27.1"
212.192.246.33 - - [13/Sep/2022:11:17:42 +0200] "GET /wp-admin/setup-config.php HTTP/1.1" 404 284 "-" "python-requests/2.27.1"
212.192.246.33 - - [13/Sep/2022:11:17:43 +0200] "GET /wp-admin/xleet.php HTTP/1.1" 404 277 "-" "python-requests/2.27.1"
212.192.246.33 - - [13/Sep/2022:11:17:44 +0200] "GET /wp-content/fw.php HTTP/1.1" 404 276 "-" "python-requests/2.27.1"
212.192.246.33 - - [13/Sep/2022:11:17:44 +0200] "GET /wp-admin/fx.php HTTP/1.1" 404 274 "-" "python-requests/2.27.1"
212.192.246.33 - - [13/Sep/2022:11:17:45 +0200] "GET /4price.php HTTP/1.1" 404 250 "-" "python-requests/2.27.1"
212.192.246.33 - - [13/Sep/2022:11:17:45 +0200] "GET /wp-info.php HTTP/1.1" 404 270 "-" "python-requests/2.27.1"
212.192.246.33 - - [13/Sep/2022:11:17:46 +0200] "GET /utchiha.php HTTP/1.1" 404 270 "-" "python-requests/2.27.1"
212.192.246.33 - - [13/Sep/2022:11:17:46 +0200] "GET /wp-admin/priv8.php HTTP/1.1" 404 277 "-" "python-requests/2.27.1"
212.192.246.33 - - [13/Sep/2022:11:17:47 +0200] "GET /wp-admin/rss.php HTTP/1.1" 404 275 "-" "python-requests/2.27.1"
212.192.246.33 - - [13/Sep/2022:11:17:47 +0200] "GET /uploads/xleet.php HTTP/1.1" 404 276 "-" "python-requests/2.27.1"
212.192.246.33 - - [13/Sep/2022:11:17:48 +0200] "GET /ALFA_DATA/alfacgiapi HTTP/1.1" 404 8470 "-" "python-requests/2.27.1"
212.192.246.33 - - [13/Sep/2022:11:17:48 +0200] "GET /wp-admin/Fox-C HTTP/1.1" 404 273 "-" "python-requests/2.27.1"
212.192.246.33 - - [13/Sep/2022:11:17:48 +0200] "GET /wp-admin/Fox-C404 HTTP/1.1" 404 276 "-" "python-requests/2.27.1"
212.192.246.33 - - [13/Sep/2022:11:17:49 +0200] "GET /Fox-C40 HTTP/1.1" 404 8410 "-" "python-requests/2.27.1"
212.192.246.33 - - [13/Sep/2022:11:17:50 +0200] "GET /wp-admin/ALFA_DATA/alfacgiapi/ HTTP/1.1" 404 289 "-" "python-requests/2.27.1"
212.192.246.33 - - [13/Sep/2022:11:17:50 +0200] "GET /wp-admin/Panels.txt HTTP/1.1" 404 278 "-" "python-requests/2.27.1"
212.192.246.33 - - [13/Sep/2022:11:17:51 +0200] "GET /Panels.txt/ HTTP/1.1" 404 8354 "-" "python-requests/2.27.1"
136.243.228.182 - - [13/Sep/2022:11:25:17 +0200] "GET /OSX/CoMed HTTP/1.1" 200 8463 "-" "Mozilla/5.0 (compatible; DataForSeoBot/1.0; +https://dataforseo.com/dataforseo-bot)"
136.243.228.182 - - [13/Sep/2022:11:26:14 +0200] "GET /OSX/CoMed?action=diff HTTP/1.1" 403 18 "-" "Mozilla/5.0 (compatible; DataForSeoBot/1.0; +https://dataforseo.com/dataforseo-bot)"
136.243.228.182 - - [13/Sep/2022:11:26:18 +0200] "GET /OSX/CoMed?action=edit HTTP/1.1" 403 18 "-" "Mozilla/5.0 (compatible; DataForSeoBot/1.0; +https://dataforseo.com/dataforseo-bot)"
136.243.228.182 - - [13/Sep/2022:11:26:22 +0200] "GET /OSX/CoMed?action=print HTTP/1.1" 403 18 "-" "Mozilla/5.0 (compatible; DataForSeoBot/1.0; +https://dataforseo.com/dataforseo-bot)"
136.243.228.182 - - [13/Sep/2022:11:26:25 +0200] "GET /OSX/CoMed?action=upload HTTP/1.1" 403 18 "-" "Mozilla/5.0 (compatible; DataForSeoBot/1.0; +https://dataforseo.com/dataforseo-bot)"
136.243.228.182 - - [13/Sep/2022:11:26:27 +0200] "GET /OSX/CoMed?n=Main.SideBar?action=edit HTTP/1.1" 403 18 "-" "Mozilla/5.0 (compatible; DataForSeoBot/1.0; +https://dataforseo.com/dataforseo-bot)"
194.209.200.2 - - [13/Sep/2022:11:27:36 +0200] "GET /robots.txt HTTP/1.1" 200 - "-" "Mozilla/5.0 (compatible; TMMBot/0.2; +http://www.dslab.ch)/Nutch-1.15"
194.209.200.2 - - [13/Sep/2022:11:31:42 +0200] "GET /robots.txt HTTP/1.1" 200 - "-" "Mozilla/5.0 (compatible; TMMBot/0.2; +http://www.dslab.ch)/Nutch-1.15"
194.209.200.2 - - [13/Sep/2022:11:31:42 +0200] "GET /Oddb2xml/Index HTTP/1.1" 200 8983 "-" "Mozilla/5.0 (compatible; TMMBot/0.2; +http://www.dslab.ch)/Nutch-1.15"
194.209.200.2 - - [13/Sep/2022:11:32:12 +0200] "GET /AmiKo/Linux HTTP/1.1" 200 9217 "-" "Mozilla/5.0 (compatible; TMMBot/0.2; +http://www.dslab.ch)/Nutch-1.15"
66.249.76.89 - - [13/Sep/2022:11:34:57 +0200] "GET /robots.txt HTTP/1.1" 200 - "-" "Mozilla/5.0 (compatible; Googlebot/2.1; +http://www.google.com/bot.html)"
66.249.76.87 - - [13/Sep/2022:11:34:57 +0200] "GET /uploads/Main/InfoCodex_Master_26.3.2021.pdf HTTP/1.1" 304 - "-" "Mozilla/5.0 (Linux; Android 6.0.1; Nexus 5X Build/MMB29P) AppleWebKit/537.36 (KHTML, like Gecko) Chrome/104.0.5112.101 Mobile Safari/537.36 (compatible; Googlebot/2.1; +http://www.google.com/bot.html)"
194.209.200.2 - - [13/Sep/2022:11:36:02 +0200] "GET /Main/2015 HTTP/1.1" 200 15908 "-" "Mozilla/5.0 (compatible; TMMBot/0.2; +http://www.dslab.ch)/Nutch-1.15"
194.209.200.2 - - [13/Sep/2022:11:36:23 +0200] "GET /Main/2013 HTTP/1.1" 200 20487 "-" "Mozilla/5.0 (compatible; TMMBot/0.2; +http://www.dslab.ch)/Nutch-1.15"
93.158.161.59 - - [13/Sep/2022:11:36:34 +0200] "GET /uploads/Main/Unknown_Registrations_Packages.txt HTTP/1.1" 200 263929 "-" "Mozilla/5.0 (compatible; YandexBot/3.0; +http://yandex.com/bots)"
194.209.200.2 - - [13/Sep/2022:11:38:59 +0200] "GET /robots.txt HTTP/1.1" 200 - "-" "Mozilla/5.0 (compatible; TMMBot/0.2; +http://www.dslab.ch)/Nutch-1.15"
17.121.113.42 - - [13/Sep/2022:11:41:09 +0200] "GET /pmwiki.php/Software/ReplaceYourHDD HTTP/1.1" 200 9604 "-" "Mozilla/5.0 (Macintosh; Intel Mac OS X 10_15_5) AppleWebKit/605.1.15 (KHTML, like Gecko) Version/13.1.1 Safari/605.1.15 (Applebot/0.1; +http://www.apple.com/go/applebot)"
77.75.76.170 - - [13/Sep/2022:11:41:36 +0200] "GET /robots.txt HTTP/1.1" 200 - "-" "Mozilla/5.0 (compatible; SeznamBot/3.2; +http://napoveda.seznam.cz/en/seznambot-intro/)"
77.75.76.170 - - [13/Sep/2022:11:41:37 +0200] "GET /Main/Home HTTP/1.1" 200 12862 "-" "Mozilla/5.0 (compatible; SeznamBot/3.2; +http://napoveda.seznam.cz/en/seznambot-intro/)"
77.75.76.170 - - [13/Sep/2022:11:41:38 +0200] "GET /robots.txt HTTP/1.1" 200 - "-" "Mozilla/5.0 (compatible; SeznamBot/3.2; +http://napoveda.seznam.cz/en/seznambot-intro/)"
194.209.200.2 - - [13/Sep/2022:11:41:40 +0200] "GET /Ywesee/OpenSource HTTP/1.1" 200 10790 "-" "Mozilla/5.0 (compatible; TMMBot/0.2; +http://www.dslab.ch)/Nutch-1.15"
8.29.198.27 - - [13/Sep/2022:11:41:42 +0200] "GET /pmwiki.php/Site/AllRecentChanges?action=rss HTTP/1.1" 200 2546 "-" "Feedly/1.0 (+http://www.feedly.com/fetcher.html; 5 subscribers; like FeedFetcher-Google)"
64.71.157.117 - - [13/Sep/2022:11:42:43 +0200] "GET /pmwiki.php/Site/AllRecentChanges?action=rss HTTP/1.1" 200 2546 "-" "Feedbin feed-id:590358 - 1 subscribers"
194.209.200.2 - - [13/Sep/2022:11:42:58 +0200] "GET /Main/2005 HTTP/1.1" 200 63344 "-" "Mozilla/5.0 (compatible; TMMBot/0.2; +http://www.dslab.ch)/Nutch-1.15"
194.209.200.2 - - [13/Sep/2022:11:43:17 +0200] "GET /Main/2016 HTTP/1.1" 200 13689 "-" "Mozilla/5.0 (compatible; TMMBot/0.2; +http://www.dslab.ch)/Nutch-1.15"
17.121.112.167 - - [13/Sep/2022:11:45:59 +0200] "GET /CoMed/IOS HTTP/1.1" 200 9738 "-" "Mozilla/5.0 (Macintosh; Intel Mac OS X 10_15_5) AppleWebKit/605.1.15 (KHTML, like Gecko) Version/13.1.1 Safari/605.1.15 (Applebot/0.1; +http://www.apple.com/go/applebot)"
194.209.200.2 - - [13/Sep/2022:11:49:22 +0200] "GET /robots.txt HTTP/1.1" 200 - "-" "Mozilla/5.0 (compatible; TMMBot/0.2; +http://www.dslab.ch)/Nutch-1.15"
101.67.29.184 - - [13/Sep/2022:11:55:15 +0200] "GET /robots.txt HTTP/1.1" 200 - "-" "YisouSpider"
101.67.49.73 - - [13/Sep/2022:11:55:30 +0200] "GET / HTTP/1.1" 200 12862 "-" "Mozilla/5.0 (Linux; Android 5.0; SM-G900P Build/LRX21T) AppleWebKit/537.36 (KHTML, like Gecko) Chrome/88.0.4324.96 Mobile Safari/537.36"
39.173.105.182 - - [13/Sep/2022:11:55:33 +0200] "GET /pub/skins/ywesee/gila.css HTTP/1.1" 200 8276 "-" "Mozilla/5.0 (Linux; Android 5.0; SM-G900P Build/LRX21T) AppleWebKit/537.36 (KHTML, like Gecko) Chrome/88.0.4324.96 Mobile Safari/537.36"
185.191.171.37 - - [13/Sep/2022:11:59:00 +0200] "GET /robots.txt HTTP/1.1" 200 - "-" "Mozilla/5.0 (compatible; SemrushBot/7~bl; +http://www.semrush.com/bot.html)"
185.191.171.24 - - [13/Sep/2022:11:59:01 +0200] "GET /Aips2sqlite/Release?action=edit HTTP/1.1" 403 18 "-" "Mozilla/5.0 (compatible; SemrushBot/7~bl; +http://www.semrush.com/bot.html)"
185.191.171.3 - - [13/Sep/2022:12:02:30 +0200] "GET /Aips2sqlite/Release?action=upload HTTP/1.1" 403 18 "-" "Mozilla/5.0 (compatible; SemrushBot/7~bl; +http://www.semrush.com/bot.html)"
207.46.13.191 - - [13/Sep/2022:12:12:04 +0200] "GET /Main/MayoClinic HTTP/1.1" 200 8447 "-" "Mozilla/5.0 (compatible; bingbot/2.0; +http://www.bing.com/bingbot.htm)"
54.162.107.1 - - [13/Sep/2022:12:12:52 +0200] "GET /Site/AllRecentChanges?action=rss HTTP/1.1" 200 2546 "https://www.google.com/" "Mozilla/5.0 (Windows NT 10.0; Win64; x64; rv:74.0) Gecko/20100101 Firefox/74.0"
66.102.6.6 - - [13/Sep/2022:12:13:28 +0200] "HEAD /pmwiki.php/Site/AllRecentChanges?action=rss HTTP/1.1" 200 - "-" "FeedBurner/1.0 (http://www.FeedBurner.com)"
66.102.6.4 - - [13/Sep/2022:12:13:29 +0200] "GET /pmwiki.php/Site/AllRecentChanges?action=rss HTTP/1.1" 200 2546 "-" "FeedBurner/1.0 (http://www.FeedBurner.com)"
44.232.72.86 - - [13/Sep/2022:12:14:51 +0200] "GET / HTTP/1.1" 200 12862 "-" "python-requests/2.25.1"
194.209.200.2 - - [13/Sep/2022:12:15:31 +0200] "GET /robots.txt HTTP/1.1" 200 - "-" "Mozilla/5.0 (compatible; TMMBot/0.2; +http://www.dslab.ch)/Nutch-1.15"
194.209.200.2 - - [13/Sep/2022:12:15:31 +0200] "GET /Oddb2xml/Index HTTP/1.1" 200 8983 "-" "Mozilla/5.0 (compatible; TMMBot/0.2; +http://www.dslab.ch)/Nutch-1.15"
77.75.79.36 - - [13/Sep/2022:12:15:37 +0200] "GET /robots.txt HTTP/1.1" 200 - "-" "Mozilla/5.0 (compatible; SeznamBot/3.2; +http://napoveda.seznam.cz/en/seznambot-intro/)"
77.75.79.36 - - [13/Sep/2022:12:15:38 +0200] "GET /AmiKo/OSX HTTP/1.1" 200 9772 "-" "Mozilla/5.0 (compatible; SeznamBot/3.2; +http://napoveda.seznam.cz/en/seznambot-intro/)"
194.209.200.2 - - [13/Sep/2022:12:15:52 +0200] "GET /AmiKo/Linux HTTP/1.1" 200 9217 "-" "Mozilla/5.0 (compatible; TMMBot/0.2; +http://www.dslab.ch)/Nutch-1.15"
194.209.200.2 - - [13/Sep/2022:12:17:37 +0200] "GET /ODDB/StammdatenCH HTTP/1.1" 200 9300 "-" "Mozilla/5.0 (compatible; TMMBot/0.2; +http://www.dslab.ch)/Nutch-1.15"
194.209.200.2 - - [13/Sep/2022:12:18:23 +0200] "GET /Main/2015 HTTP/1.1" 200 15908 "-" "Mozilla/5.0 (compatible; TMMBot/0.2; +http://www.dslab.ch)/Nutch-1.15"
194.209.200.2 - - [13/Sep/2022:12:18:33 +0200] "GET /Main/2013 HTTP/1.1" 200 20487 "-" "Mozilla/5.0 (compatible; TMMBot/0.2; +http://www.dslab.ch)/Nutch-1.15"
64.71.157.111 - - [13/Sep/2022:12:18:39 +0200] "GET /pmwiki.php/Site/AllRecentChanges?action=rss HTTP/1.1" 200 2546 "-" "Feedbin feed-id:590358 - 1 subscribers"
194.209.200.2 - - [13/Sep/2022:12:20:02 +0200] "GET /robots.txt HTTP/1.1" 200 - "-" "Mozilla/5.0 (compatible; TMMBot/0.2; +http://www.dslab.ch)/Nutch-1.15"
8.29.198.27 - - [13/Sep/2022:12:20:55 +0200] "GET /pmwiki.php/Site/AllRecentChanges?action=rss HTTP/1.1" 200 2546 "-" "Feedly/1.0 (+http://www.feedly.com/fetcher.html; 5 subscribers; like FeedFetcher-Google)"
194.209.200.2 - - [13/Sep/2022:12:21:35 +0200] "GET /Ywesee/OpenSource HTTP/1.1" 200 10790 "-" "Mozilla/5.0 (compatible; TMMBot/0.2; +http://www.dslab.ch)/Nutch-1.15"
194.209.200.2 - - [13/Sep/2022:12:22:24 +0200] "GET /Main/2005 HTTP/1.1" 200 63344 "-" "Mozilla/5.0 (compatible; TMMBot/0.2; +http://www.dslab.ch)/Nutch-1.15"
194.209.200.2 - - [13/Sep/2022:12:22:34 +0200] "GET /Main/2016 HTTP/1.1" 200 13689 "-" "Mozilla/5.0 (compatible; TMMBot/0.2; +http://www.dslab.ch)/Nutch-1.15"
93.158.161.59 - - [13/Sep/2022:12:23:53 +0200] "GET /uploads/Main/AIPS_FI_PI_Probleme_25.1.2016.txt HTTP/1.1" 200 24362 "-" "Mozilla/5.0 (compatible; YandexBot/3.0; +http://yandex.com/bots)"
66.249.76.91 - - [13/Sep/2022:12:28:31 +0200] "GET /AmiKo/KrankenkassenKartenleser?action=print HTTP/1.1" 403 18 "-" "Mozilla/5.0 (Linux; Android 6.0.1; Nexus 5X Build/MMB29P) AppleWebKit/537.36 (KHTML, like Gecko) Chrome/104.0.5112.101 Mobile Safari/537.36 (compatible; Googlebot/2.1; +http://www.google.com/bot.html)"
54.234.46.130 - - [13/Sep/2022:12:36:19 +0200] "GET /app-ads.txt HTTP/1.1" 404 270 "-" "Pixalate.com/1.0"
54.234.46.130 - - [13/Sep/2022:12:36:19 +0200] "GET /app-ads.txt HTTP/1.1" 404 270 "-" "Pixalate.com/1.0"
54.234.46.130 - - [13/Sep/2022:12:36:20 +0200] "GET /app-ads.txt HTTP/1.1" 404 274 "-" "Pixalate.com/1.0"
54.234.46.130 - - [13/Sep/2022:12:36:21 +0200] "GET /app-ads.txt HTTP/1.1" 404 270 "-" "Pixalate.com/1.0"
84.55.212.50 - - [13/Sep/2022:12:42:56 +0200] "GET / HTTP/1.1" 200 12862 "-" "Mozilla/5.0 (X11; Linux x86_64; rv:104.0) Gecko/20100101 Firefox/104.0"
84.55.212.50 - - [13/Sep/2022:12:42:56 +0200] "GET /pub/skins/ywesee/gila.css HTTP/1.1" 200 8276 "https://ywesee.com/" "Mozilla/5.0 (X11; Linux x86_64; rv:104.0) Gecko/20100101 Firefox/104.0"
84.55.212.50 - - [13/Sep/2022:12:42:56 +0200] "GET /uploads/Main/yweseelogo.gif HTTP/1.1" 200 2982 "https://ywesee.com/" "Mozilla/5.0 (X11; Linux x86_64; rv:104.0) Gecko/20100101 Firefox/104.0"
84.55.212.50 - - [13/Sep/2022:12:42:56 +0200] "GET /favicon.ico HTTP/1.1" 200 1406 "https://ywesee.com/" "Mozilla/5.0 (X11; Linux x86_64; rv:104.0) Gecko/20100101 Firefox/104.0"
185.191.171.36 - - [13/Sep/2022:12:50:13 +0200] "GET /Scan2Post/MacOS?action=diff HTTP/1.1" 403 18 "-" "Mozilla/5.0 (compatible; SemrushBot/7~bl; +http://www.semrush.com/bot.html)"
194.209.200.2 - - [13/Sep/2022:12:50:23 +0200] "GET /robots.txt HTTP/1.1" 200 - "-" "Mozilla/5.0 (compatible; TMMBot/0.2; +http://www.dslab.ch)/Nutch-1.15"
194.209.200.2 - - [13/Sep/2022:12:50:23 +0200] "GET /Oddb2xml/Index HTTP/1.1" 200 8983 "-" "Mozilla/5.0 (compatible; TMMBot/0.2; +http://www.dslab.ch)/Nutch-1.15"
194.209.200.2 - - [13/Sep/2022:12:50:41 +0200] "GET /AmiKo/Linux HTTP/1.1" 200 9217 "-" "Mozilla/5.0 (compatible; TMMBot/0.2; +http://www.dslab.ch)/Nutch-1.15"
64.71.157.122 - - [13/Sep/2022:12:52:26 +0200] "GET /pmwiki.php/Site/AllRecentChanges?action=rss HTTP/1.1" 200 2546 "-" "Feedbin feed-id:590358 - 1 subscribers"
194.209.200.2 - - [13/Sep/2022:12:52:58 +0200] "GET /Main/2015 HTTP/1.1" 200 15908 "-" "Mozilla/5.0 (compatible; TMMBot/0.2; +http://www.dslab.ch)/Nutch-1.15"
194.209.200.2 - - [13/Sep/2022:12:53:06 +0200] "GET /Main/2013 HTTP/1.1" 200 20487 "-" "Mozilla/5.0 (compatible; TMMBot/0.2; +http://www.dslab.ch)/Nutch-1.15"
194.209.200.2 - - [13/Sep/2022:12:54:25 +0200] "GET /robots.txt HTTP/1.1" 200 - "-" "Mozilla/5.0 (compatible; TMMBot/0.2; +http://www.dslab.ch)/Nutch-1.15"
194.209.200.2 - - [13/Sep/2022:12:55:44 +0200] "GET /Ywesee/OpenSource HTTP/1.1" 200 10790 "-" "Mozilla/5.0 (compatible; TMMBot/0.2; +http://www.dslab.ch)/Nutch-1.15"
194.209.200.2 - - [13/Sep/2022:12:56:30 +0200] "GET /Main/2005 HTTP/1.1" 200 63344 "-" "Mozilla/5.0 (compatible; TMMBot/0.2; +http://www.dslab.ch)/Nutch-1.15"
194.209.200.2 - - [13/Sep/2022:12:56:40 +0200] "GET /Main/2016 HTTP/1.1" 200 13689 "-" "Mozilla/5.0 (compatible; TMMBot/0.2; +http://www.dslab.ch)/Nutch-1.15"
8.29.198.25 - - [13/Sep/2022:12:57:29 +0200] "GET /pmwiki.php/Site/AllRecentChanges?action=rss HTTP/1.1" 200 2546 "-" "Feedly/1.0 (+http://www.feedly.com/fetcher.html; 5 subscribers; like FeedFetcher-Google)"
54.84.192.51 - - [13/Sep/2022:12:57:32 +0200] "GET /keybase.txt HTTP/1.1" 200 2659 "-" "keybase-proofs/2.3.24"
62.210.215.119 - - [13/Sep/2022:13:01:38 +0200] "GET /Site/AllRecentChanges?action=rss HTTP/1.1" 200 2546 "-" "Mozilla/5.0 (X11; Linux i686) AppleWebKit/537.36 (KHTML, like Gecko) Chrome/30.0.1599.66 Safari/537.36"
157.55.39.192 - - [13/Sep/2022:13:09:08 +0200] "GET /uploads/Main/Beschwerdeantwort_ywesee_GmbH_14.1.2008.pdf HTTP/1.1" 200 349131 "-" "Mozilla/5.0 (compatible; bingbot/2.0; +http://www.bing.com/bingbot.htm)"
102.129.152.225 - - [13/Sep/2022:13:11:14 +0200] "GET / HTTP/1.1" 200 12862 "-" "Mozilla/5.0 (Windows; U; Windows NT 6.1; en-US; rv:1.9.1.5) Gecko/20091102 Firefox/3.5.5 (.NET CLR 3.5.30729)"
44.211.79.128 - - [13/Sep/2022:13:12:31 +0200] "GET /robots.txt HTTP/1.1" 200 - "-" "MauiBot (crawler.feedback+gamma@gmail.com)"
66.102.6.4 - - [13/Sep/2022:13:14:10 +0200] "HEAD /pmwiki.php/Site/AllRecentChanges?action=rss HTTP/1.1" 200 - "-" "FeedBurner/1.0 (http://www.FeedBurner.com)"
66.102.6.4 - - [13/Sep/2022:13:14:11 +0200] "GET /pmwiki.php/Site/AllRecentChanges?action=rss HTTP/1.1" 200 2546 "-" "FeedBurner/1.0 (http://www.FeedBurner.com)"
77.75.79.101 - - [13/Sep/2022:13:20:51 +0200] "GET /robots.txt HTTP/1.1" 200 - "-" "Mozilla/5.0 (compatible; SeznamBot/3.2; +http://napoveda.seznam.cz/en/seznambot-intro/)"
77.75.79.101 - - [13/Sep/2022:13:20:52 +0200] "GET /ODDB/StammdatenCH HTTP/1.1" 200 9300 "-" "Mozilla/5.0 (compatible; SeznamBot/3.2; +http://napoveda.seznam.cz/en/seznambot-intro/)"
66.249.76.87 - - [13/Sep/2022:13:22:05 +0200] "GET /Main/2014?action=diff HTTP/1.1" 403 18 "-" "Mozilla/5.0 (Linux; Android 6.0.1; Nexus 5X Build/MMB29P) AppleWebKit/537.36 (KHTML, like Gecko) Chrome/104.0.5112.101 Mobile Safari/537.36 (compatible; Googlebot/2.1; +http://www.google.com/bot.html)"
64.71.157.115 - - [13/Sep/2022:13:25:05 +0200] "GET /pmwiki.php/Site/AllRecentChanges?action=rss HTTP/1.1" 200 2546 "-" "Feedbin feed-id:590358 - 1 subscribers"
194.209.200.2 - - [13/Sep/2022:13:27:25 +0200] "GET /robots.txt HTTP/1.1" 200 - "-" "Mozilla/5.0 (compatible; TMMBot/0.2; +http://www.dslab.ch)/Nutch-1.15"
194.209.200.2 - - [13/Sep/2022:13:27:25 +0200] "GET /Oddb2xml/Index HTTP/1.1" 200 8983 "-" "Mozilla/5.0 (compatible; TMMBot/0.2; +http://www.dslab.ch)/Nutch-1.15"
194.209.200.2 - - [13/Sep/2022:13:27:43 +0200] "GET /AmiKo/Linux HTTP/1.1" 200 9217 "-" "Mozilla/5.0 (compatible; TMMBot/0.2; +http://www.dslab.ch)/Nutch-1.15"
194.209.200.2 - - [13/Sep/2022:13:29:18 +0200] "GET /ODDB/StammdatenCH HTTP/1.1" 200 9300 "-" "Mozilla/5.0 (compatible; TMMBot/0.2; +http://www.dslab.ch)/Nutch-1.15"
194.209.200.2 - - [13/Sep/2022:13:30:02 +0200] "GET /Main/2015 HTTP/1.1" 200 15908 "-" "Mozilla/5.0 (compatible; TMMBot/0.2; +http://www.dslab.ch)/Nutch-1.15"
81.17.57.144 - - [13/Sep/2022:13:30:08 +0200] "GET /robots.txt HTTP/1.0" 200 - "-" "Mozilla/5.0 (compatible; MJ12bot/v1.4.8; http://mj12bot.com/)"
194.209.200.2 - - [13/Sep/2022:13:30:11 +0200] "GET /Main/2013 HTTP/1.1" 200 20487 "-" "Mozilla/5.0 (compatible; TMMBot/0.2; +http://www.dslab.ch)/Nutch-1.15"
81.17.57.144 - - [13/Sep/2022:13:30:17 +0200] "GET / HTTP/1.0" 200 12862 "-" "Mozilla/5.0 (compatible; MJ12bot/v1.4.8; http://mj12bot.com/)"
194.209.200.2 - - [13/Sep/2022:13:31:33 +0200] "GET /robots.txt HTTP/1.1" 200 - "-" "Mozilla/5.0 (compatible; TMMBot/0.2; +http://www.dslab.ch)/Nutch-1.15"
194.209.200.2 - - [13/Sep/2022:13:32:55 +0200] "GET /Ywesee/OpenSource HTTP/1.1" 200 10790 "-" "Mozilla/5.0 (compatible; TMMBot/0.2; +http://www.dslab.ch)/Nutch-1.15"
194.209.200.2 - - [13/Sep/2022:13:33:39 +0200] "GET /Main/2005 HTTP/1.1" 200 63344 "-" "Mozilla/5.0 (compatible; TMMBot/0.2; +http://www.dslab.ch)/Nutch-1.15"
194.209.200.2 - - [13/Sep/2022:13:33:49 +0200] "GET /Main/2016 HTTP/1.1" 200 13689 "-" "Mozilla/5.0 (compatible; TMMBot/0.2; +http://www.dslab.ch)/Nutch-1.15"
61.135.159.214 - - [13/Sep/2022:13:41:14 +0200] "GET / HTTP/1.1" 200 12862 "-" "Sogou web spider/4.0(+http://www.sogou.com/docs/help/webmasters.htm#07)"
8.29.198.26 - - [13/Sep/2022:13:49:59 +0200] "GET /pmwiki.php/Site/AllRecentChanges?action=rss HTTP/1.1" 200 2546 "-" "Feedly/1.0 (+http://www.feedly.com/fetcher.html; 5 subscribers; like FeedFetcher-Google)"
118.184.177.80 - - [13/Sep/2022:13:56:15 +0200] "GET / HTTP/1.1" 200 12862 "-" "Sogou web spider/4.0(+http://www.sogou.com/docs/help/webmasters.htm#07)"
194.209.200.2 - - [13/Sep/2022:13:57:17 +0200] "GET /robots.txt HTTP/1.1" 200 - "-" "Mozilla/5.0 (compatible; TMMBot/0.2; +http://www.dslab.ch)/Nutch-1.15"
194.209.200.2 - - [13/Sep/2022:13:57:17 +0200] "GET /Oddb2xml/Index HTTP/1.1" 200 8983 "-" "Mozilla/5.0 (compatible; TMMBot/0.2; +http://www.dslab.ch)/Nutch-1.15"
194.209.200.2 - - [13/Sep/2022:13:57:35 +0200] "GET /AmiKo/Linux HTTP/1.1" 200 9217 "-" "Mozilla/5.0 (compatible; TMMBot/0.2; +http://www.dslab.ch)/Nutch-1.15"
64.71.157.124 - - [13/Sep/2022:13:58:19 +0200] "GET /pmwiki.php/Site/AllRecentChanges?action=rss HTTP/1.1" 200 2546 "-" "Feedbin feed-id:590358 - 1 subscribers"
194.209.200.2 - - [13/Sep/2022:13:59:09 +0200] "GET /ODDB/StammdatenCH HTTP/1.1" 200 9300 "-" "Mozilla/5.0 (compatible; TMMBot/0.2; +http://www.dslab.ch)/Nutch-1.15"
194.209.200.2 - - [13/Sep/2022:13:59:53 +0200] "GET /Main/2015 HTTP/1.1" 200 15908 "-" "Mozilla/5.0 (compatible; TMMBot/0.2; +http://www.dslab.ch)/Nutch-1.15"
194.209.200.2 - - [13/Sep/2022:14:00:02 +0200] "GET /Main/2013 HTTP/1.1" 200 20487 "-" "Mozilla/5.0 (compatible; TMMBot/0.2; +http://www.dslab.ch)/Nutch-1.15"
194.209.200.2 - - [13/Sep/2022:14:01:28 +0200] "GET /robots.txt HTTP/1.1" 200 - "-" "Mozilla/5.0 (compatible; TMMBot/0.2; +http://www.dslab.ch)/Nutch-1.15"
157.55.39.193 - - [13/Sep/2022:14:01:58 +0200] "GET /Miele/MieleLXIVScreenshots HTTP/1.1" 200 8964 "-" "Mozilla/5.0 (compatible; bingbot/2.0; +http://www.bing.com/bingbot.htm)"
194.209.200.2 - - [13/Sep/2022:14:02:48 +0200] "GET /Ywesee/OpenSource HTTP/1.1" 200 10790 "-" "Mozilla/5.0 (compatible; TMMBot/0.2; +http://www.dslab.ch)/Nutch-1.15"
194.209.200.2 - - [13/Sep/2022:14:03:35 +0200] "GET /Main/2005 HTTP/1.1" 200 63344 "-" "Mozilla/5.0 (compatible; TMMBot/0.2; +http://www.dslab.ch)/Nutch-1.15"
185.191.171.39 - - [13/Sep/2022:14:03:44 +0200] "GET /robots.txt HTTP/1.1" 200 - "-" "Mozilla/5.0 (compatible; SemrushBot/7~bl; +http://www.semrush.com/bot.html)"
194.209.200.2 - - [13/Sep/2022:14:03:46 +0200] "GET /Main/2016 HTTP/1.1" 200 13689 "-" "Mozilla/5.0 (compatible; TMMBot/0.2; +http://www.dslab.ch)/Nutch-1.15"
185.191.171.22 - - [13/Sep/2022:14:03:46 +0200] "GET /robots.txt HTTP/1.1" 200 - "-" "Mozilla/5.0 (compatible; SemrushBot/7~bl; +http://www.semrush.com/bot.html)"
185.191.171.9 - - [13/Sep/2022:14:03:47 +0200] "GET /OSX/CoMed HTTP/1.1" 200 8463 "-" "Mozilla/5.0 (compatible; SemrushBot/7~bl; +http://www.semrush.com/bot.html)"
77.75.77.36 - - [13/Sep/2022:14:14:14 +0200] "GET /robots.txt HTTP/1.1" 200 - "-" "Mozilla/5.0 (compatible; SeznamBot/3.2; +http://napoveda.seznam.cz/en/seznambot-intro/)"
77.75.77.36 - - [13/Sep/2022:14:14:15 +0200] "GET /Software/ODDB HTTP/1.1" 200 10298 "-" "Mozilla/5.0 (compatible; SeznamBot/3.2; +http://napoveda.seznam.cz/en/seznambot-intro/)"
185.191.171.45 - - [13/Sep/2022:14:15:38 +0200] "GET /ODDB/MD?n=Main.SideBar%3Faction%3Dedit HTTP/1.1" 302 157 "-" "Mozilla/5.0 (compatible; SemrushBot/7~bl; +http://www.semrush.com/bot.html)"
185.191.171.3 - - [13/Sep/2022:14:19:22 +0200] "GET /Main/ComCo19122016 HTTP/1.1" 200 10547 "-" "Mozilla/5.0 (compatible; SemrushBot/7~bl; +http://www.semrush.com/bot.html)"
77.75.73.26 - - [13/Sep/2022:14:28:16 +0200] "GET /robots.txt HTTP/1.1" 200 - "-" "Mozilla/5.0 (compatible; SeznamBot/4.0-RC1; +http://napoveda.seznam.cz/seznambot-intro/)"
194.209.200.2 - - [13/Sep/2022:14:30:26 +0200] "GET /robots.txt HTTP/1.1" 200 - "-" "Mozilla/5.0 (compatible; TMMBot/0.2; +http://www.dslab.ch)/Nutch-1.15"
194.209.200.2 - - [13/Sep/2022:14:30:26 +0200] "GET /Oddb2xml/Index HTTP/1.1" 200 8983 "-" "Mozilla/5.0 (compatible; TMMBot/0.2; +http://www.dslab.ch)/Nutch-1.15"
194.209.200.2 - - [13/Sep/2022:14:30:45 +0200] "GET /AmiKo/Linux HTTP/1.1" 200 9217 "-" "Mozilla/5.0 (compatible; TMMBot/0.2; +http://www.dslab.ch)/Nutch-1.15"
8.29.198.25 - - [13/Sep/2022:14:31:12 +0200] "GET /pmwiki.php/Site/AllRecentChanges?action=rss HTTP/1.1" 200 2546 "-" "Feedly/1.0 (+http://www.feedly.com/fetcher.html; 5 subscribers; like FeedFetcher-Google)"
64.71.157.107 - - [13/Sep/2022:14:31:21 +0200] "GET /pmwiki.php/Site/AllRecentChanges?action=rss HTTP/1.1" 200 2546 "-" "Feedbin feed-id:590358 - 1 subscribers"
194.209.200.2 - - [13/Sep/2022:14:32:23 +0200] "GET /ODDB/StammdatenCH HTTP/1.1" 200 9300 "-" "Mozilla/5.0 (compatible; TMMBot/0.2; +http://www.dslab.ch)/Nutch-1.15"
