78.129.165.8 - - [14/Jul/2022:20:38:45 +0200] "HEAD /AmiKo/Cpp2sqlite?action=print HTTP/1.1" 403 - "-" "Mozilla/5.0 (compatible; aiHitBot/2.9; +https://www.aihitdata.com/about)"
88.150.241.101 - - [14/Jul/2022:20:38:47 +0200] "GET /AmiKo/Flyer?action=print HTTP/1.1" 403 18 "-" "Mozilla/5.0 (compatible; aiHitBot/2.9; +https://www.aihitdata.com/about)"
89.246.241.14 - - [14/Jul/2022:20:38:58 +0200] "GET /Ywesee/Events HTTP/1.1" 200 8918 "-" "Mozilla/5.0 (Windows NT 10.0; Win64; x64; rv:84.0) Gecko/20100101 Firefox/84.0"
78.129.149.5 - - [14/Jul/2022:20:38:58 +0200] "HEAD /AmiKo/Flyer?action=print HTTP/1.1" 403 - "-" "Mozilla/5.0 (compatible; aiHitBot/2.9; +https://www.aihitdata.com/about)"
78.129.165.8 - - [14/Jul/2022:20:39:09 +0200] "HEAD /AmiKo/Flyer?action=print HTTP/1.1" 403 - "-" "Mozilla/5.0 (compatible; aiHitBot/2.9; +https://www.aihitdata.com/about)"
88.150.241.101 - - [14/Jul/2022:20:39:10 +0200] "GET /AmiKo/Index?action=print HTTP/1.1" 403 18 "-" "Mozilla/5.0 (compatible; aiHitBot/2.9; +https://www.aihitdata.com/about)"
34.77.118.193 - - [14/Jul/2022:20:39:17 +0200] "GET / HTTP/1.1" 200 12074 "-" "Mozilla/5.0 (Macintosh; Intel Mac OS X 10.11; rv:52.0) Gecko/20100101 Firefox/52.0"
34.77.118.193 - - [14/Jul/2022:20:39:20 +0200] "GET / HTTP/1.1" 200 12074 "-" "Mozilla/5.0 (Macintosh; Intel Mac OS X 10.11; rv:52.0) Gecko/20100101 Firefox/52.0"
34.77.118.193 - - [14/Jul/2022:20:39:20 +0200] "GET /Ywesee/About HTTP/1.1" 200 9132 "-" "Mozilla/5.0 (Macintosh; Intel Mac OS X 10.11; rv:52.0) Gecko/20100101 Firefox/52.0"
78.129.149.5 - - [14/Jul/2022:20:39:22 +0200] "HEAD /AmiKo/Index?action=print HTTP/1.1" 403 - "-" "Mozilla/5.0 (compatible; aiHitBot/2.9; +https://www.aihitdata.com/about)"
34.77.118.193 - - [14/Jul/2022:20:39:25 +0200] "GET /Ywesee/About?action=diff HTTP/1.1" 200 57018 "-" "Mozilla/5.0 (Macintosh; Intel Mac OS X 10.11; rv:52.0) Gecko/20100101 Firefox/52.0"
34.77.118.193 - - [14/Jul/2022:20:39:30 +0200] "GET /Ywesee/About?action=upload HTTP/1.1" 200 8775 "-" "Mozilla/5.0 (Macintosh; Intel Mac OS X 10.11; rv:52.0) Gecko/20100101 Firefox/52.0"
34.77.118.193 - - [14/Jul/2022:20:39:31 +0200] "GET /Ywesee/About?action=edit HTTP/1.1" 200 9309 "-" "Mozilla/5.0 (Macintosh; Intel Mac OS X 10.11; rv:52.0) Gecko/20100101 Firefox/52.0"
34.77.118.193 - - [14/Jul/2022:20:39:32 +0200] "GET /Ywesee/About?action=print HTTP/1.1" 200 3699 "-" "Mozilla/5.0 (Macintosh; Intel Mac OS X 10.11; rv:52.0) Gecko/20100101 Firefox/52.0"
78.129.165.8 - - [14/Jul/2022:20:39:33 +0200] "HEAD /AmiKo/Index?action=print HTTP/1.1" 403 - "-" "Mozilla/5.0 (compatible; aiHitBot/2.9; +https://www.aihitdata.com/about)"
88.150.241.101 - - [14/Jul/2022:20:39:34 +0200] "GET /AmiKo/Linux?action=print HTTP/1.1" 403 18 "-" "Mozilla/5.0 (compatible; aiHitBot/2.9; +https://www.aihitdata.com/about)"
34.77.118.193 - - [14/Jul/2022:20:39:35 +0200] "GET /Ywesee/About?n=Main.SideBar?action=edit HTTP/1.1" 200 9325 "-" "Mozilla/5.0 (Macintosh; Intel Mac OS X 10.11; rv:52.0) Gecko/20100101 Firefox/52.0"
34.77.118.193 - - [14/Jul/2022:20:39:35 +0200] "GET /Ywesee/About?action=diff&source=n&minor=y HTTP/1.1" 200 51242 "-" "Mozilla/5.0 (Macintosh; Intel Mac OS X 10.11; rv:52.0) Gecko/20100101 Firefox/52.0"
34.77.118.193 - - [14/Jul/2022:20:39:37 +0200] "GET /Ywesee/About?action=diff&source=y&minor=n HTTP/1.1" 200 57018 "-" "Mozilla/5.0 (Macintosh; Intel Mac OS X 10.11; rv:52.0) Gecko/20100101 Firefox/52.0"
34.77.118.193 - - [14/Jul/2022:20:39:41 +0200] "GET /Ywesee/About?action=edit&restore=diff:1245156615:1245156490:&preview=y HTTP/1.1" 200 9355 "-" "Mozilla/5.0 (Macintosh; Intel Mac OS X 10.11; rv:52.0) Gecko/20100101 Firefox/52.0"
34.77.118.193 - - [14/Jul/2022:20:39:41 +0200] "GET /Ywesee/About?action=edit&restore=diff:1245156490:1245156490:&preview=y HTTP/1.1" 200 9355 "-" "Mozilla/5.0 (Macintosh; Intel Mac OS X 10.11; rv:52.0) Gecko/20100101 Firefox/52.0"
34.77.118.193 - - [14/Jul/2022:20:39:42 +0200] "GET /Ywesee/About?action=edit&restore=diff:1245156622:1245156615:&preview=y HTTP/1.1" 200 9355 "-" "Mozilla/5.0 (Macintosh; Intel Mac OS X 10.11; rv:52.0) Gecko/20100101 Firefox/52.0"
78.129.149.5 - - [14/Jul/2022:20:39:45 +0200] "HEAD /AmiKo/Linux?action=print HTTP/1.1" 403 - "-" "Mozilla/5.0 (compatible; aiHitBot/2.9; +https://www.aihitdata.com/about)"
34.77.118.193 - - [14/Jul/2022:20:39:47 +0200] "GET /Ywesee/About?action=edit&restore=diff:1245156841:1245156622:&preview=y HTTP/1.1" 200 9355 "-" "Mozilla/5.0 (Macintosh; Intel Mac OS X 10.11; rv:52.0) Gecko/20100101 Firefox/52.0"
34.77.118.193 - - [14/Jul/2022:20:39:47 +0200] "GET /Ywesee/About?action=edit&restore=diff:1245156900:1245156841:&preview=y HTTP/1.1" 200 9355 "-" "Mozilla/5.0 (Macintosh; Intel Mac OS X 10.11; rv:52.0) Gecko/20100101 Firefox/52.0"
34.77.118.193 - - [14/Jul/2022:20:39:49 +0200] "GET /Ywesee/About?action=edit&restore=diff:1245156927:1245156900:&preview=y HTTP/1.1" 200 9355 "-" "Mozilla/5.0 (Macintosh; Intel Mac OS X 10.11; rv:52.0) Gecko/20100101 Firefox/52.0"
34.77.118.193 - - [14/Jul/2022:20:39:53 +0200] "GET /Ywesee/About?action=edit&restore=diff:1245156947:1245156927:&preview=y HTTP/1.1" 200 9355 "-" "Mozilla/5.0 (Macintosh; Intel Mac OS X 10.11; rv:52.0) Gecko/20100101 Firefox/52.0"
34.77.118.193 - - [14/Jul/2022:20:39:53 +0200] "GET /Ywesee/About?action=edit&restore=diff:1245156968:1245156947:&preview=y HTTP/1.1" 200 9355 "-" "Mozilla/5.0 (Macintosh; Intel Mac OS X 10.11; rv:52.0) Gecko/20100101 Firefox/52.0"
34.77.118.193 - - [14/Jul/2022:20:39:55 +0200] "GET /Ywesee/About?action=edit&restore=diff:1245156981:1245156968:&preview=y HTTP/1.1" 200 9355 "-" "Mozilla/5.0 (Macintosh; Intel Mac OS X 10.11; rv:52.0) Gecko/20100101 Firefox/52.0"
78.129.165.8 - - [14/Jul/2022:20:39:57 +0200] "HEAD /AmiKo/Linux?action=print HTTP/1.1" 403 - "-" "Mozilla/5.0 (compatible; aiHitBot/2.9; +https://www.aihitdata.com/about)"
34.77.118.193 - - [14/Jul/2022:20:39:58 +0200] "GET /Ywesee/About?action=edit&restore=diff:1245157076:1245157042:&preview=y HTTP/1.1" 200 9355 "-" "Mozilla/5.0 (Macintosh; Intel Mac OS X 10.11; rv:52.0) Gecko/20100101 Firefox/52.0"
34.77.118.193 - - [14/Jul/2022:20:39:58 +0200] "GET /Ywesee/About?action=edit&restore=diff:1245157042:1245156981:&preview=y HTTP/1.1" 200 9355 "-" "Mozilla/5.0 (Macintosh; Intel Mac OS X 10.11; rv:52.0) Gecko/20100101 Firefox/52.0"
88.150.241.101 - - [14/Jul/2022:20:39:58 +0200] "GET /CoMed/Android HTTP/1.1" 200 9422 "-" "Mozilla/5.0 (compatible; aiHitBot/2.9; +https://www.aihitdata.com/about)"
34.77.118.193 - - [14/Jul/2022:20:39:58 +0200] "GET /Ywesee/About?action=edit&restore=diff:1245219895:1245157076:&preview=y HTTP/1.1" 200 9355 "-" "Mozilla/5.0 (Macintosh; Intel Mac OS X 10.11; rv:52.0) Gecko/20100101 Firefox/52.0"
88.150.241.101 - - [14/Jul/2022:20:39:59 +0200] "GET /Main/DocumedGalenicaVsYwesee HTTP/1.1" 200 35251 "-" "Mozilla/5.0 (compatible; aiHitBot/2.9; +https://www.aihitdata.com/about)"
34.77.118.193 - - [14/Jul/2022:20:40:00 +0200] "GET /Ywesee/About?action=edit&restore=diff:1245219957:1245219895:&preview=y HTTP/1.1" 200 9355 "-" "Mozilla/5.0 (Macintosh; Intel Mac OS X 10.11; rv:52.0) Gecko/20100101 Firefox/52.0"
34.77.118.193 - - [14/Jul/2022:20:40:00 +0200] "GET /Ywesee/About?action=edit&restore=diff:1245220046:1245219957:&preview=y HTTP/1.1" 200 9355 "-" "Mozilla/5.0 (Macintosh; Intel Mac OS X 10.11; rv:52.0) Gecko/20100101 Firefox/52.0"
34.77.118.193 - - [14/Jul/2022:20:40:00 +0200] "GET /Ywesee/About?action=edit&restore=diff:1264602313:1245220046:&preview=y HTTP/1.1" 200 9355 "-" "Mozilla/5.0 (Macintosh; Intel Mac OS X 10.11; rv:52.0) Gecko/20100101 Firefox/52.0"
88.150.241.101 - - [14/Jul/2022:20:40:01 +0200] "GET /Main/Home HTTP/1.1" 200 12074 "-" "Mozilla/5.0 (compatible; aiHitBot/2.9; +https://www.aihitdata.com/about)"
88.150.241.101 - - [14/Jul/2022:20:40:02 +0200] "GET /Main/Home?action=edit HTTP/1.1" 403 18 "-" "Mozilla/5.0 (compatible; aiHitBot/2.9; +https://www.aihitdata.com/about)"
34.77.118.193 - - [14/Jul/2022:20:40:05 +0200] "GET /Ywesee/About?action=edit&restore=diff:1264602335:1264602313:&preview=y HTTP/1.1" 200 9355 "-" "Mozilla/5.0 (Macintosh; Intel Mac OS X 10.11; rv:52.0) Gecko/20100101 Firefox/52.0"
34.77.118.193 - - [14/Jul/2022:20:40:05 +0200] "GET /Ywesee/About?action=edit&restore=diff:1264602345:1264602335:&preview=y HTTP/1.1" 200 9355 "-" "Mozilla/5.0 (Macintosh; Intel Mac OS X 10.11; rv:52.0) Gecko/20100101 Firefox/52.0"
34.77.118.193 - - [14/Jul/2022:20:40:06 +0200] "GET /Ywesee/About?action=edit&restore=diff:1264602636:1264602345:&preview=y HTTP/1.1" 200 9355 "-" "Mozilla/5.0 (Macintosh; Intel Mac OS X 10.11; rv:52.0) Gecko/20100101 Firefox/52.0"
34.77.118.193 - - [14/Jul/2022:20:40:09 +0200] "GET /Ywesee/About?action=edit&restore=diff:1264602925:1264602636:&preview=y HTTP/1.1" 200 9355 "-" "Mozilla/5.0 (Macintosh; Intel Mac OS X 10.11; rv:52.0) Gecko/20100101 Firefox/52.0"
34.77.118.193 - - [14/Jul/2022:20:40:09 +0200] "GET /Ywesee/About?action=edit&restore=diff:1264603047:1264602925:&preview=y HTTP/1.1" 200 9355 "-" "Mozilla/5.0 (Macintosh; Intel Mac OS X 10.11; rv:52.0) Gecko/20100101 Firefox/52.0"
34.77.118.193 - - [14/Jul/2022:20:40:10 +0200] "GET /Ywesee/About?action=edit&restore=diff:1264603056:1264603047:&preview=y HTTP/1.1" 200 9355 "-" "Mozilla/5.0 (Macintosh; Intel Mac OS X 10.11; rv:52.0) Gecko/20100101 Firefox/52.0"
78.129.149.5 - - [14/Jul/2022:20:40:13 +0200] "HEAD /Main/Home?action=edit HTTP/1.1" 403 - "-" "Mozilla/5.0 (compatible; aiHitBot/2.9; +https://www.aihitdata.com/about)"
34.77.118.193 - - [14/Jul/2022:20:40:13 +0200] "GET /Ywesee/About?action=edit&restore=diff:1264603206:1264603056:&preview=y HTTP/1.1" 200 9355 "-" "Mozilla/5.0 (Macintosh; Intel Mac OS X 10.11; rv:52.0) Gecko/20100101 Firefox/52.0"
34.77.118.193 - - [14/Jul/2022:20:40:13 +0200] "GET /Ywesee/About?action=edit&restore=diff:1264603221:1264603206:&preview=y HTTP/1.1" 200 9355 "-" "Mozilla/5.0 (Macintosh; Intel Mac OS X 10.11; rv:52.0) Gecko/20100101 Firefox/52.0"
34.77.118.193 - - [14/Jul/2022:20:40:15 +0200] "GET /Ywesee/About?action=edit&restore=diff:1264603279:1264603221:&preview=y HTTP/1.1" 200 9355 "-" "Mozilla/5.0 (Macintosh; Intel Mac OS X 10.11; rv:52.0) Gecko/20100101 Firefox/52.0"
34.77.118.193 - - [14/Jul/2022:20:40:18 +0200] "GET /Ywesee/About?action=edit&restore=diff:1264603877:1264603279:&preview=y HTTP/1.1" 200 9355 "-" "Mozilla/5.0 (Macintosh; Intel Mac OS X 10.11; rv:52.0) Gecko/20100101 Firefox/52.0"
34.77.118.193 - - [14/Jul/2022:20:40:18 +0200] "GET /Ywesee/About?action=edit&restore=diff:1264604410:1264603877:&preview=y HTTP/1.1" 200 9355 "-" "Mozilla/5.0 (Macintosh; Intel Mac OS X 10.11; rv:52.0) Gecko/20100101 Firefox/52.0"
34.77.118.193 - - [14/Jul/2022:20:40:19 +0200] "GET /Ywesee/About?action=edit&restore=diff:1264604419:1264604410:&preview=y HTTP/1.1" 200 9355 "-" "Mozilla/5.0 (Macintosh; Intel Mac OS X 10.11; rv:52.0) Gecko/20100101 Firefox/52.0"
34.77.118.193 - - [14/Jul/2022:20:40:23 +0200] "GET /Ywesee/About?action=edit&restore=diff:1264758888:1264604419:&preview=y HTTP/1.1" 200 9355 "-" "Mozilla/5.0 (Macintosh; Intel Mac OS X 10.11; rv:52.0) Gecko/20100101 Firefox/52.0"
34.77.118.193 - - [14/Jul/2022:20:40:23 +0200] "GET /Ywesee/About?action=edit&restore=diff:1264759072:1264758888:&preview=y HTTP/1.1" 200 9355 "-" "Mozilla/5.0 (Macintosh; Intel Mac OS X 10.11; rv:52.0) Gecko/20100101 Firefox/52.0"
34.77.118.193 - - [14/Jul/2022:20:40:24 +0200] "GET /Ywesee/About?action=edit&restore=diff:1264759216:1264759072:&preview=y HTTP/1.1" 200 9355 "-" "Mozilla/5.0 (Macintosh; Intel Mac OS X 10.11; rv:52.0) Gecko/20100101 Firefox/52.0"
78.129.165.8 - - [14/Jul/2022:20:40:25 +0200] "HEAD /Main/Home?action=edit HTTP/1.1" 403 - "-" "Mozilla/5.0 (compatible; aiHitBot/2.9; +https://www.aihitdata.com/about)"
88.150.241.101 - - [14/Jul/2022:20:40:26 +0200] "GET /Main/Home?action=upload HTTP/1.1" 403 18 "-" "Mozilla/5.0 (compatible; aiHitBot/2.9; +https://www.aihitdata.com/about)"
34.77.118.193 - - [14/Jul/2022:20:40:31 +0200] "GET /Ywesee/About?action=edit&restore=diff:1264759486:1264759216:&preview=y HTTP/1.1" 200 9355 "-" "Mozilla/5.0 (Macintosh; Intel Mac OS X 10.11; rv:52.0) Gecko/20100101 Firefox/52.0"
34.77.118.193 - - [14/Jul/2022:20:40:31 +0200] "GET /Ywesee/About?action=edit&restore=diff:1264759735:1264759486:&preview=y HTTP/1.1" 200 9355 "-" "Mozilla/5.0 (Macintosh; Intel Mac OS X 10.11; rv:52.0) Gecko/20100101 Firefox/52.0"
34.77.118.193 - - [14/Jul/2022:20:40:31 +0200] "GET /Ywesee/About?action=edit&restore=diff:1264759749:1264759735:&preview=y HTTP/1.1" 200 9355 "-" "Mozilla/5.0 (Macintosh; Intel Mac OS X 10.11; rv:52.0) Gecko/20100101 Firefox/52.0"
78.129.149.5 - - [14/Jul/2022:20:40:37 +0200] "HEAD /Main/Home?action=upload HTTP/1.1" 403 - "-" "Mozilla/5.0 (compatible; aiHitBot/2.9; +https://www.aihitdata.com/about)"
34.77.118.193 - - [14/Jul/2022:20:40:41 +0200] "GET /Ywesee/About?action=edit&restore=diff:1264779139:1264759749:&preview=y HTTP/1.1" 200 9355 "-" "Mozilla/5.0 (Macintosh; Intel Mac OS X 10.11; rv:52.0) Gecko/20100101 Firefox/52.0"
34.77.118.193 - - [14/Jul/2022:20:40:41 +0200] "GET /Ywesee/About?action=edit&restore=diff:1264779474:1264779139:&preview=y HTTP/1.1" 200 9355 "-" "Mozilla/5.0 (Macintosh; Intel Mac OS X 10.11; rv:52.0) Gecko/20100101 Firefox/52.0"
34.77.118.193 - - [14/Jul/2022:20:40:42 +0200] "GET /Ywesee/About?action=edit&restore=diff:1264779511:1264779474:&preview=y HTTP/1.1" 200 9355 "-" "Mozilla/5.0 (Macintosh; Intel Mac OS X 10.11; rv:52.0) Gecko/20100101 Firefox/52.0"
34.77.118.193 - - [14/Jul/2022:20:40:45 +0200] "GET /Ywesee/About?action=edit&restore=diff:1264779657:1264779511:&preview=y HTTP/1.1" 200 9355 "-" "Mozilla/5.0 (Macintosh; Intel Mac OS X 10.11; rv:52.0) Gecko/20100101 Firefox/52.0"
34.77.118.193 - - [14/Jul/2022:20:40:45 +0200] "GET /Ywesee/About?action=edit&restore=diff:1394528659:1264779657:&preview=y HTTP/1.1" 200 9355 "-" "Mozilla/5.0 (Macintosh; Intel Mac OS X 10.11; rv:52.0) Gecko/20100101 Firefox/52.0"
34.77.118.193 - - [14/Jul/2022:20:40:47 +0200] "GET /Ywesee/About?action=edit&restore=diff:1412838519:1394528659:&preview=y HTTP/1.1" 200 9355 "-" "Mozilla/5.0 (Macintosh; Intel Mac OS X 10.11; rv:52.0) Gecko/20100101 Firefox/52.0"
78.129.165.8 - - [14/Jul/2022:20:40:48 +0200] "HEAD /Main/Home?action=upload HTTP/1.1" 403 - "-" "Mozilla/5.0 (compatible; aiHitBot/2.9; +https://www.aihitdata.com/about)"
34.77.118.193 - - [14/Jul/2022:20:40:49 +0200] "GET /Ywesee/About?action=edit&restore=diff:1412838548:1412838519:&preview=y HTTP/1.1" 200 9355 "-" "Mozilla/5.0 (Macintosh; Intel Mac OS X 10.11; rv:52.0) Gecko/20100101 Firefox/52.0"
34.77.118.193 - - [14/Jul/2022:20:40:49 +0200] "GET /Ywesee/About?action=edit&restore=diff:1486663980:1412838548:&preview=y HTTP/1.1" 200 9355 "-" "Mozilla/5.0 (Macintosh; Intel Mac OS X 10.11; rv:52.0) Gecko/20100101 Firefox/52.0"
88.150.241.101 - - [14/Jul/2022:20:40:50 +0200] "GET /Main/Home?n=Main.SideBar?action=edit HTTP/1.1" 403 18 "-" "Mozilla/5.0 (compatible; aiHitBot/2.9; +https://www.aihitdata.com/about)"
34.77.118.193 - - [14/Jul/2022:20:40:50 +0200] "GET /pub/speller/spellChecker.js HTTP/1.1" 304 - "-" "Mozilla/5.0 (Macintosh; Intel Mac OS X 10.11; rv:52.0) Gecko/20100101 Firefox/52.0"
34.77.118.193 - - [14/Jul/2022:20:40:51 +0200] "GET /AmiKo/Android HTTP/1.1" 200 10427 "-" "Mozilla/5.0 (Macintosh; Intel Mac OS X 10.11; rv:52.0) Gecko/20100101 Firefox/52.0"
34.77.118.193 - - [14/Jul/2022:20:40:51 +0200] "GET /AmiKo/IOS HTTP/1.1" 200 11930 "-" "Mozilla/5.0 (Macintosh; Intel Mac OS X 10.11; rv:52.0) Gecko/20100101 Firefox/52.0"
34.77.118.193 - - [14/Jul/2022:20:40:55 +0200] "GET /AmiKo/Web HTTP/1.1" 200 9588 "-" "Mozilla/5.0 (Macintosh; Intel Mac OS X 10.11; rv:52.0) Gecko/20100101 Firefox/52.0"
34.77.118.193 - - [14/Jul/2022:20:40:55 +0200] "GET /AmiKo/OSX HTTP/1.1" 200 9772 "-" "Mozilla/5.0 (Macintosh; Intel Mac OS X 10.11; rv:52.0) Gecko/20100101 Firefox/52.0"
34.77.118.193 - - [14/Jul/2022:20:40:56 +0200] "GET /AmiKo/Linux HTTP/1.1" 200 9217 "-" "Mozilla/5.0 (Macintosh; Intel Mac OS X 10.11; rv:52.0) Gecko/20100101 Firefox/52.0"
34.77.118.193 - - [14/Jul/2022:20:40:58 +0200] "GET /AmiKo/Windows HTTP/1.1" 200 10332 "-" "Mozilla/5.0 (Macintosh; Intel Mac OS X 10.11; rv:52.0) Gecko/20100101 Firefox/52.0"
34.77.118.193 - - [14/Jul/2022:20:40:58 +0200] "GET /Generikacc/App HTTP/1.1" 200 11862 "-" "Mozilla/5.0 (Macintosh; Intel Mac OS X 10.11; rv:52.0) Gecko/20100101 Firefox/52.0"
34.77.118.193 - - [14/Jul/2022:20:41:00 +0200] "GET /Main/2004 HTTP/1.1" 200 14080 "-" "Mozilla/5.0 (Macintosh; Intel Mac OS X 10.11; rv:52.0) Gecko/20100101 Firefox/52.0"
78.129.149.5 - - [14/Jul/2022:20:41:01 +0200] "HEAD /Main/Home?n=Main.SideBar?action=edit HTTP/1.1" 403 - "-" "Mozilla/5.0 (compatible; aiHitBot/2.9; +https://www.aihitdata.com/about)"
34.77.118.193 - - [14/Jul/2022:20:41:02 +0200] "GET /Main/2006 HTTP/1.1" 200 39320 "-" "Mozilla/5.0 (Macintosh; Intel Mac OS X 10.11; rv:52.0) Gecko/20100101 Firefox/52.0"
34.77.118.193 - - [14/Jul/2022:20:41:02 +0200] "GET /Main/2005 HTTP/1.1" 200 63344 "-" "Mozilla/5.0 (Macintosh; Intel Mac OS X 10.11; rv:52.0) Gecko/20100101 Firefox/52.0"
34.77.118.193 - - [14/Jul/2022:20:41:05 +0200] "GET /Main/2007 HTTP/1.1" 200 50639 "-" "Mozilla/5.0 (Macintosh; Intel Mac OS X 10.11; rv:52.0) Gecko/20100101 Firefox/52.0"
78.129.165.8 - - [14/Jul/2022:20:41:12 +0200] "HEAD /Main/Home?n=Main.SideBar?action=edit HTTP/1.1" 403 - "-" "Mozilla/5.0 (compatible; aiHitBot/2.9; +https://www.aihitdata.com/about)"
88.150.241.101 - - [14/Jul/2022:20:41:13 +0200] "GET /Main/SideBar?action=edit HTTP/1.1" 403 18 "-" "Mozilla/5.0 (compatible; aiHitBot/2.9; +https://www.aihitdata.com/about)"
34.77.118.193 - - [14/Jul/2022:20:41:14 +0200] "GET /Main/2008 HTTP/1.1" 200 34740 "-" "Mozilla/5.0 (Macintosh; Intel Mac OS X 10.11; rv:52.0) Gecko/20100101 Firefox/52.0"
34.77.118.193 - - [14/Jul/2022:20:41:18 +0200] "GET /Main/2009 HTTP/1.1" 200 21688 "-" "Mozilla/5.0 (Macintosh; Intel Mac OS X 10.11; rv:52.0) Gecko/20100101 Firefox/52.0"
34.77.118.193 - - [14/Jul/2022:20:41:21 +0200] "GET /Main/2010 HTTP/1.1" 200 27997 "-" "Mozilla/5.0 (Macintosh; Intel Mac OS X 10.11; rv:52.0) Gecko/20100101 Firefox/52.0"
34.77.118.193 - - [14/Jul/2022:20:41:24 +0200] "GET /Main/2011 HTTP/1.1" 200 21451 "-" "Mozilla/5.0 (Macintosh; Intel Mac OS X 10.11; rv:52.0) Gecko/20100101 Firefox/52.0"
78.129.149.5 - - [14/Jul/2022:20:41:25 +0200] "HEAD /Main/SideBar?action=edit HTTP/1.1" 403 - "-" "Mozilla/5.0 (compatible; aiHitBot/2.9; +https://www.aihitdata.com/about)"
34.77.118.193 - - [14/Jul/2022:20:41:26 +0200] "GET /Main/2013 HTTP/1.1" 200 20487 "-" "Mozilla/5.0 (Macintosh; Intel Mac OS X 10.11; rv:52.0) Gecko/20100101 Firefox/52.0"
34.77.118.193 - - [14/Jul/2022:20:41:29 +0200] "GET /Main/2014 HTTP/1.1" 200 19471 "-" "Mozilla/5.0 (Macintosh; Intel Mac OS X 10.11; rv:52.0) Gecko/20100101 Firefox/52.0"
34.77.118.193 - - [14/Jul/2022:20:41:29 +0200] "GET /Main/2012 HTTP/1.1" 200 31941 "-" "Mozilla/5.0 (Macintosh; Intel Mac OS X 10.11; rv:52.0) Gecko/20100101 Firefox/52.0"
34.77.118.193 - - [14/Jul/2022:20:41:30 +0200] "GET /Main/2015 HTTP/1.1" 200 15908 "-" "Mozilla/5.0 (Macintosh; Intel Mac OS X 10.11; rv:52.0) Gecko/20100101 Firefox/52.0"
34.77.118.193 - - [14/Jul/2022:20:41:33 +0200] "GET /Main/2016 HTTP/1.1" 200 13689 "-" "Mozilla/5.0 (Macintosh; Intel Mac OS X 10.11; rv:52.0) Gecko/20100101 Firefox/52.0"
34.77.118.193 - - [14/Jul/2022:20:41:33 +0200] "GET /Main/2017 HTTP/1.1" 200 15840 "-" "Mozilla/5.0 (Macintosh; Intel Mac OS X 10.11; rv:52.0) Gecko/20100101 Firefox/52.0"
78.129.165.8 - - [14/Jul/2022:20:41:36 +0200] "HEAD /Main/SideBar?action=edit HTTP/1.1" 403 - "-" "Mozilla/5.0 (compatible; aiHitBot/2.9; +https://www.aihitdata.com/about)"
88.150.241.101 - - [14/Jul/2022:20:41:37 +0200] "GET /ODDB/IndividuelleMediliste HTTP/1.1" 200 9139 "-" "Mozilla/5.0 (compatible; aiHitBot/2.9; +https://www.aihitdata.com/about)"
88.150.241.101 - - [14/Jul/2022:20:41:38 +0200] "GET /ODDB/IntegrationLookAmpFeelGenerikasuche HTTP/1.1" 200 9097 "-" "Mozilla/5.0 (compatible; aiHitBot/2.9; +https://www.aihitdata.com/about)"
34.77.118.193 - - [14/Jul/2022:20:41:39 +0200] "GET /Main/2018 HTTP/1.1" 200 15425 "-" "Mozilla/5.0 (Macintosh; Intel Mac OS X 10.11; rv:52.0) Gecko/20100101 Firefox/52.0"
88.150.241.101 - - [14/Jul/2022:20:41:40 +0200] "GET /ODDB/IntegrationLookAmpFeelGenerikasuche?action=edit HTTP/1.1" 403 18 "-" "Mozilla/5.0 (compatible; aiHitBot/2.9; +https://www.aihitdata.com/about)"
34.77.118.193 - - [14/Jul/2022:20:41:44 +0200] "GET /Main/2020 HTTP/1.1" 200 15398 "-" "Mozilla/5.0 (Macintosh; Intel Mac OS X 10.11; rv:52.0) Gecko/20100101 Firefox/52.0"
34.77.118.193 - - [14/Jul/2022:20:41:44 +0200] "GET /Main/2019 HTTP/1.1" 200 15246 "-" "Mozilla/5.0 (Macintosh; Intel Mac OS X 10.11; rv:52.0) Gecko/20100101 Firefox/52.0"
34.77.118.193 - - [14/Jul/2022:20:41:46 +0200] "GET /Main/2021 HTTP/1.1" 200 16484 "-" "Mozilla/5.0 (Macintosh; Intel Mac OS X 10.11; rv:52.0) Gecko/20100101 Firefox/52.0"
78.129.149.5 - - [14/Jul/2022:20:41:51 +0200] "HEAD /ODDB/IntegrationLookAmpFeelGenerikasuche?action=edit HTTP/1.1" 403 - "-" "Mozilla/5.0 (compatible; aiHitBot/2.9; +https://www.aihitdata.com/about)"
34.77.118.193 - - [14/Jul/2022:20:41:52 +0200] "GET /Main/Home HTTP/1.1" 200 12074 "-" "Mozilla/5.0 (Macintosh; Intel Mac OS X 10.11; rv:52.0) Gecko/20100101 Firefox/52.0"
34.77.118.193 - - [14/Jul/2022:20:41:52 +0200] "GET /Main/DocumedGalenicaVsYwesee HTTP/1.1" 200 35251 "-" "Mozilla/5.0 (Macintosh; Intel Mac OS X 10.11; rv:52.0) Gecko/20100101 Firefox/52.0"
34.77.118.193 - - [14/Jul/2022:20:41:56 +0200] "GET /Main/Home?action=diff HTTP/1.1" 200 562922 "-" "Mozilla/5.0 (Macintosh; Intel Mac OS X 10.11; rv:52.0) Gecko/20100101 Firefox/52.0"
34.77.118.193 - - [14/Jul/2022:20:41:59 +0200] "GET /Main/Home?action=edit HTTP/1.1" 200 9268 "-" "Mozilla/5.0 (Macintosh; Intel Mac OS X 10.11; rv:52.0) Gecko/20100101 Firefox/52.0"
78.129.165.8 - - [14/Jul/2022:20:42:03 +0200] "HEAD /ODDB/IntegrationLookAmpFeelGenerikasuche?action=edit HTTP/1.1" 403 - "-" "Mozilla/5.0 (compatible; aiHitBot/2.9; +https://www.aihitdata.com/about)"
88.150.241.101 - - [14/Jul/2022:20:42:04 +0200] "GET /ODDB/IntegrationLookAmpFeelGenerikasuche?action=upload HTTP/1.1" 403 18 "-" "Mozilla/5.0 (compatible; aiHitBot/2.9; +https://www.aihitdata.com/about)"
34.77.118.193 - - [14/Jul/2022:20:42:07 +0200] "GET /Main/Home?action=upload HTTP/1.1" 200 8734 "-" "Mozilla/5.0 (Macintosh; Intel Mac OS X 10.11; rv:52.0) Gecko/20100101 Firefox/52.0"
34.77.118.193 - - [14/Jul/2022:20:42:07 +0200] "GET /Main/Home?n=Main.SideBar?action=edit HTTP/1.1" 200 9322 "-" "Mozilla/5.0 (Macintosh; Intel Mac OS X 10.11; rv:52.0) Gecko/20100101 Firefox/52.0"
34.77.118.193 - - [14/Jul/2022:20:42:10 +0200] "GET /Main/Home?action=print HTTP/1.1" 200 6885 "-" "Mozilla/5.0 (Macintosh; Intel Mac OS X 10.11; rv:52.0) Gecko/20100101 Firefox/52.0"
34.77.118.193 - - [14/Jul/2022:20:42:13 +0200] "GET /ODDB/IndividuelleMediliste HTTP/1.1" 200 9139 "-" "Mozilla/5.0 (Macintosh; Intel Mac OS X 10.11; rv:52.0) Gecko/20100101 Firefox/52.0"
34.77.118.193 - - [14/Jul/2022:20:42:13 +0200] "GET /Main/SideBar?action=edit HTTP/1.1" 200 9310 "-" "Mozilla/5.0 (Macintosh; Intel Mac OS X 10.11; rv:52.0) Gecko/20100101 Firefox/52.0"
34.77.118.193 - - [14/Jul/2022:20:42:15 +0200] "GET /ODDB/IntegrationLookAmpFeelGenerikasuche HTTP/1.1" 200 9097 "-" "Mozilla/5.0 (Macintosh; Intel Mac OS X 10.11; rv:52.0) Gecko/20100101 Firefox/52.0"
78.129.149.5 - - [14/Jul/2022:20:42:15 +0200] "HEAD /ODDB/IntegrationLookAmpFeelGenerikasuche?action=upload HTTP/1.1" 403 - "-" "Mozilla/5.0 (compatible; aiHitBot/2.9; +https://www.aihitdata.com/about)"
34.77.118.193 - - [14/Jul/2022:20:42:20 +0200] "GET /ODDB/StammdatenCH HTTP/1.1" 200 9300 "-" "Mozilla/5.0 (Macintosh; Intel Mac OS X 10.11; rv:52.0) Gecko/20100101 Firefox/52.0"
34.77.118.193 - - [14/Jul/2022:20:42:20 +0200] "GET /Oddb2xml/Index HTTP/1.1" 200 8983 "-" "Mozilla/5.0 (Macintosh; Intel Mac OS X 10.11; rv:52.0) Gecko/20100101 Firefox/52.0"
34.77.118.193 - - [14/Jul/2022:20:42:21 +0200] "GET /Site/AllRecentChanges?action=rss HTTP/1.1" 200 2546 "-" "Mozilla/5.0 (Macintosh; Intel Mac OS X 10.11; rv:52.0) Gecko/20100101 Firefox/52.0"
34.77.118.193 - - [14/Jul/2022:20:42:23 +0200] "GET /Software/BBMB HTTP/1.1" 200 9385 "-" "Mozilla/5.0 (Macintosh; Intel Mac OS X 10.11; rv:52.0) Gecko/20100101 Firefox/52.0"
34.77.118.193 - - [14/Jul/2022:20:42:23 +0200] "GET /Software/ODDB HTTP/1.1" 200 10298 "-" "Mozilla/5.0 (Macintosh; Intel Mac OS X 10.11; rv:52.0) Gecko/20100101 Firefox/52.0"
34.77.118.193 - - [14/Jul/2022:20:42:26 +0200] "GET /Software/SoftwareRaid HTTP/1.1" 200 12104 "-" "Mozilla/5.0 (Macintosh; Intel Mac OS X 10.11; rv:52.0) Gecko/20100101 Firefox/52.0"
78.129.165.8 - - [14/Jul/2022:20:42:26 +0200] "HEAD /ODDB/IntegrationLookAmpFeelGenerikasuche?action=upload HTTP/1.1" 403 - "-" "Mozilla/5.0 (compatible; aiHitBot/2.9; +https://www.aihitdata.com/about)"
88.150.241.101 - - [14/Jul/2022:20:42:28 +0200] "GET /ODDB/IntegrationLookAmpFeelGenerikasuche?n=Main.SideBar?action=edit HTTP/1.1" 403 18 "-" "Mozilla/5.0 (compatible; aiHitBot/2.9; +https://www.aihitdata.com/about)"
34.77.118.193 - - [14/Jul/2022:20:42:29 +0200] "GET /Software/Spreadsheet HTTP/1.1" 200 8839 "-" "Mozilla/5.0 (Macintosh; Intel Mac OS X 10.11; rv:52.0) Gecko/20100101 Firefox/52.0"
34.77.118.193 - - [14/Jul/2022:20:42:29 +0200] "GET /Software/XMLConv HTTP/1.1" 200 8709 "-" "Mozilla/5.0 (Macintosh; Intel Mac OS X 10.11; rv:52.0) Gecko/20100101 Firefox/52.0"
34.77.118.193 - - [14/Jul/2022:20:42:33 +0200] "GET /Software/YDIM HTTP/1.1" 200 8834 "-" "Mozilla/5.0 (Macintosh; Intel Mac OS X 10.11; rv:52.0) Gecko/20100101 Firefox/52.0"
34.77.118.193 - - [14/Jul/2022:20:42:36 +0200] "GET /Ywesee/Events HTTP/1.1" 200 8918 "-" "Mozilla/5.0 (Macintosh; Intel Mac OS X 10.11; rv:52.0) Gecko/20100101 Firefox/52.0"
34.77.118.193 - - [14/Jul/2022:20:42:36 +0200] "GET /Ywesee/InfoCodex HTTP/1.1" 200 24435 "-" "Mozilla/5.0 (Macintosh; Intel Mac OS X 10.11; rv:52.0) Gecko/20100101 Firefox/52.0"
34.77.118.193 - - [14/Jul/2022:20:42:37 +0200] "GET /Ywesee/Kontakt HTTP/1.1" 200 8973 "-" "Mozilla/5.0 (Macintosh; Intel Mac OS X 10.11; rv:52.0) Gecko/20100101 Firefox/52.0"
78.129.149.5 - - [14/Jul/2022:20:42:39 +0200] "HEAD /ODDB/IntegrationLookAmpFeelGenerikasuche?n=Main.SideBar?action=edit HTTP/1.1" 403 - "-" "Mozilla/5.0 (compatible; aiHitBot/2.9; +https://www.aihitdata.com/about)"
34.77.118.193 - - [14/Jul/2022:20:42:42 +0200] "GET /Ywesee/OpenSource HTTP/1.1" 200 10790 "-" "Mozilla/5.0 (Macintosh; Intel Mac OS X 10.11; rv:52.0) Gecko/20100101 Firefox/52.0"
34.77.118.193 - - [14/Jul/2022:20:42:42 +0200] "GET /Ywesee/Team HTTP/1.1" 200 18245 "-" "Mozilla/5.0 (Macintosh; Intel Mac OS X 10.11; rv:52.0) Gecko/20100101 Firefox/52.0"
78.129.165.8 - - [14/Jul/2022:20:42:50 +0200] "HEAD /ODDB/IntegrationLookAmpFeelGenerikasuche?n=Main.SideBar?action=edit HTTP/1.1" 403 - "-" "Mozilla/5.0 (compatible; aiHitBot/2.9; +https://www.aihitdata.com/about)"
88.150.241.101 - - [14/Jul/2022:20:42:51 +0200] "GET /ODDB/StammdatenCH HTTP/1.1" 200 9300 "-" "Mozilla/5.0 (compatible; aiHitBot/2.9; +https://www.aihitdata.com/about)"
88.150.241.101 - - [14/Jul/2022:20:42:53 +0200] "GET /ODDB/StammdatenCH?action=edit HTTP/1.1" 403 18 "-" "Mozilla/5.0 (compatible; aiHitBot/2.9; +https://www.aihitdata.com/about)"
78.129.149.5 - - [14/Jul/2022:20:43:04 +0200] "HEAD /ODDB/StammdatenCH?action=edit HTTP/1.1" 403 - "-" "Mozilla/5.0 (compatible; aiHitBot/2.9; +https://www.aihitdata.com/about)"
78.129.165.8 - - [14/Jul/2022:20:43:15 +0200] "HEAD /ODDB/StammdatenCH?action=edit HTTP/1.1" 403 - "-" "Mozilla/5.0 (compatible; aiHitBot/2.9; +https://www.aihitdata.com/about)"
88.150.241.101 - - [14/Jul/2022:20:43:17 +0200] "GET /ODDB/StammdatenCH?action=upload HTTP/1.1" 403 18 "-" "Mozilla/5.0 (compatible; aiHitBot/2.9; +https://www.aihitdata.com/about)"
78.129.149.5 - - [14/Jul/2022:20:43:28 +0200] "HEAD /ODDB/StammdatenCH?action=upload HTTP/1.1" 403 - "-" "Mozilla/5.0 (compatible; aiHitBot/2.9; +https://www.aihitdata.com/about)"
78.129.165.8 - - [14/Jul/2022:20:43:39 +0200] "HEAD /ODDB/StammdatenCH?action=upload HTTP/1.1" 403 - "-" "Mozilla/5.0 (compatible; aiHitBot/2.9; +https://www.aihitdata.com/about)"
88.150.241.101 - - [14/Jul/2022:20:43:40 +0200] "GET /ODDB/StammdatenCH?n=Main.SideBar?action=edit HTTP/1.1" 403 18 "-" "Mozilla/5.0 (compatible; aiHitBot/2.9; +https://www.aihitdata.com/about)"
78.129.149.5 - - [14/Jul/2022:20:43:52 +0200] "HEAD /ODDB/StammdatenCH?n=Main.SideBar?action=edit HTTP/1.1" 403 - "-" "Mozilla/5.0 (compatible; aiHitBot/2.9; +https://www.aihitdata.com/about)"
78.129.165.8 - - [14/Jul/2022:20:44:03 +0200] "HEAD /ODDB/StammdatenCH?n=Main.SideBar?action=edit HTTP/1.1" 403 - "-" "Mozilla/5.0 (compatible; aiHitBot/2.9; +https://www.aihitdata.com/about)"
88.150.241.101 - - [14/Jul/2022:20:44:04 +0200] "GET /Oddb2xml/Index HTTP/1.1" 200 8983 "-" "Mozilla/5.0 (compatible; aiHitBot/2.9; +https://www.aihitdata.com/about)"
88.150.241.101 - - [14/Jul/2022:20:44:06 +0200] "GET /Oddb2xml/Bemerkungen HTTP/1.1" 200 10553 "-" "Mozilla/5.0 (compatible; aiHitBot/2.9; +https://www.aihitdata.com/about)"
88.150.241.101 - - [14/Jul/2022:20:44:07 +0200] "GET /Oddb2xml/DatenDownload HTTP/1.1" 200 8810 "-" "Mozilla/5.0 (compatible; aiHitBot/2.9; +https://www.aihitdata.com/about)"
88.150.241.101 - - [14/Jul/2022:20:44:08 +0200] "GET /Oddb2xml/DatenDownload?action=edit HTTP/1.1" 403 18 "-" "Mozilla/5.0 (compatible; aiHitBot/2.9; +https://www.aihitdata.com/about)"
78.129.149.5 - - [14/Jul/2022:20:44:19 +0200] "HEAD /Oddb2xml/DatenDownload?action=edit HTTP/1.1" 403 - "-" "Mozilla/5.0 (compatible; aiHitBot/2.9; +https://www.aihitdata.com/about)"
78.129.165.8 - - [14/Jul/2022:20:44:31 +0200] "HEAD /Oddb2xml/DatenDownload?action=edit HTTP/1.1" 403 - "-" "Mozilla/5.0 (compatible; aiHitBot/2.9; +https://www.aihitdata.com/about)"
88.150.241.101 - - [14/Jul/2022:20:44:32 +0200] "GET /Oddb2xml/DatenDownload?action=upload HTTP/1.1" 403 18 "-" "Mozilla/5.0 (compatible; aiHitBot/2.9; +https://www.aihitdata.com/about)"
78.129.149.5 - - [14/Jul/2022:20:44:43 +0200] "HEAD /Oddb2xml/DatenDownload?action=upload HTTP/1.1" 403 - "-" "Mozilla/5.0 (compatible; aiHitBot/2.9; +https://www.aihitdata.com/about)"
78.129.165.8 - - [14/Jul/2022:20:44:54 +0200] "HEAD /Oddb2xml/DatenDownload?action=upload HTTP/1.1" 403 - "-" "Mozilla/5.0 (compatible; aiHitBot/2.9; +https://www.aihitdata.com/about)"
88.150.241.101 - - [14/Jul/2022:20:44:56 +0200] "GET /Oddb2xml/DatenDownload?n=Main.SideBar?action=edit HTTP/1.1" 403 18 "-" "Mozilla/5.0 (compatible; aiHitBot/2.9; +https://www.aihitdata.com/about)"
78.129.149.5 - - [14/Jul/2022:20:45:07 +0200] "HEAD /Oddb2xml/DatenDownload?n=Main.SideBar?action=edit HTTP/1.1" 403 - "-" "Mozilla/5.0 (compatible; aiHitBot/2.9; +https://www.aihitdata.com/about)"
78.129.165.8 - - [14/Jul/2022:20:45:18 +0200] "HEAD /Oddb2xml/DatenDownload?n=Main.SideBar?action=edit HTTP/1.1" 403 - "-" "Mozilla/5.0 (compatible; aiHitBot/2.9; +https://www.aihitdata.com/about)"
88.150.241.101 - - [14/Jul/2022:20:45:19 +0200] "GET /Oddb2xml/Felder HTTP/1.1" 200 10305 "-" "Mozilla/5.0 (compatible; aiHitBot/2.9; +https://www.aihitdata.com/about)"
88.150.241.101 - - [14/Jul/2022:20:45:21 +0200] "GET /Oddb2xml/Index?action=edit HTTP/1.1" 403 18 "-" "Mozilla/5.0 (compatible; aiHitBot/2.9; +https://www.aihitdata.com/about)"
78.129.149.5 - - [14/Jul/2022:20:45:32 +0200] "HEAD /Oddb2xml/Index?action=edit HTTP/1.1" 403 - "-" "Mozilla/5.0 (compatible; aiHitBot/2.9; +https://www.aihitdata.com/about)"
78.129.165.8 - - [14/Jul/2022:20:45:43 +0200] "HEAD /Oddb2xml/Index?action=edit HTTP/1.1" 403 - "-" "Mozilla/5.0 (compatible; aiHitBot/2.9; +https://www.aihitdata.com/about)"
88.150.241.101 - - [14/Jul/2022:20:45:44 +0200] "GET /Oddb2xml/Index?action=upload HTTP/1.1" 403 18 "-" "Mozilla/5.0 (compatible; aiHitBot/2.9; +https://www.aihitdata.com/about)"
78.129.149.5 - - [14/Jul/2022:20:45:56 +0200] "HEAD /Oddb2xml/Index?action=upload HTTP/1.1" 403 - "-" "Mozilla/5.0 (compatible; aiHitBot/2.9; +https://www.aihitdata.com/about)"
78.129.165.8 - - [14/Jul/2022:20:46:07 +0200] "HEAD /Oddb2xml/Index?action=upload HTTP/1.1" 403 - "-" "Mozilla/5.0 (compatible; aiHitBot/2.9; +https://www.aihitdata.com/about)"
88.150.241.101 - - [14/Jul/2022:20:46:08 +0200] "GET /Oddb2xml/Index?n=Main.SideBar?action=edit HTTP/1.1" 403 18 "-" "Mozilla/5.0 (compatible; aiHitBot/2.9; +https://www.aihitdata.com/about)"
34.77.118.193 - - [14/Jul/2022:20:46:14 +0200] "GET /AIPS/Bestaetigung HTTP/1.1" 200 10620 "-" "Mozilla/5.0 (Macintosh; Intel Mac OS X 10.11; rv:52.0) Gecko/20100101 Firefox/52.0"
34.77.118.193 - - [14/Jul/2022:20:46:14 +0200] "GET /Aips2sqlite/Release HTTP/1.1" 200 9851 "-" "Mozilla/5.0 (Macintosh; Intel Mac OS X 10.11; rv:52.0) Gecko/20100101 Firefox/52.0"
34.77.118.193 - - [14/Jul/2022:20:46:14 +0200] "GET /AmiKo/Android?action=diff HTTP/1.1" 200 36111 "-" "Mozilla/5.0 (Macintosh; Intel Mac OS X 10.11; rv:52.0) Gecko/20100101 Firefox/52.0"
34.77.118.193 - - [14/Jul/2022:20:46:15 +0200] "GET /AmiKo/Android?action=print HTTP/1.1" 200 5009 "-" "Mozilla/5.0 (Macintosh; Intel Mac OS X 10.11; rv:52.0) Gecko/20100101 Firefox/52.0"
34.77.118.193 - - [14/Jul/2022:20:46:15 +0200] "GET /AmiKo/Android?action=edit HTTP/1.1" 200 9318 "-" "Mozilla/5.0 (Macintosh; Intel Mac OS X 10.11; rv:52.0) Gecko/20100101 Firefox/52.0"
34.77.118.193 - - [14/Jul/2022:20:46:15 +0200] "GET /AmiKo/Android?action=upload HTTP/1.1" 200 8784 "-" "Mozilla/5.0 (Macintosh; Intel Mac OS X 10.11; rv:52.0) Gecko/20100101 Firefox/52.0"
34.77.118.193 - - [14/Jul/2022:20:46:16 +0200] "GET /AmiKo/Barcodes HTTP/1.1" 200 8978 "-" "Mozilla/5.0 (Macintosh; Intel Mac OS X 10.11; rv:52.0) Gecko/20100101 Firefox/52.0"
34.77.118.193 - - [14/Jul/2022:20:46:16 +0200] "GET /AmiKo/Android?n=Main.SideBar?action=edit HTTP/1.1" 200 9326 "-" "Mozilla/5.0 (Macintosh; Intel Mac OS X 10.11; rv:52.0) Gecko/20100101 Firefox/52.0"
34.77.118.193 - - [14/Jul/2022:20:46:16 +0200] "GET /AmiKo/Ankuendigung HTTP/1.1" 200 10221 "-" "Mozilla/5.0 (Macintosh; Intel Mac OS X 10.11; rv:52.0) Gecko/20100101 Firefox/52.0"
78.129.149.5 - - [14/Jul/2022:20:46:20 +0200] "HEAD /Oddb2xml/Index?n=Main.SideBar?action=edit HTTP/1.1" 403 - "-" "Mozilla/5.0 (compatible; aiHitBot/2.9; +https://www.aihitdata.com/about)"
34.77.118.193 - - [14/Jul/2022:20:46:20 +0200] "GET /AmiKo/IOS?action=edit HTTP/1.1" 200 9272 "-" "Mozilla/5.0 (Macintosh; Intel Mac OS X 10.11; rv:52.0) Gecko/20100101 Firefox/52.0"
34.77.118.193 - - [14/Jul/2022:20:46:20 +0200] "GET /AmiKo/Cpp2sqlite HTTP/1.1" 200 8506 "-" "Mozilla/5.0 (Macintosh; Intel Mac OS X 10.11; rv:52.0) Gecko/20100101 Firefox/52.0"
34.77.118.193 - - [14/Jul/2022:20:46:20 +0200] "GET /AmiKo/IOS?action=diff HTTP/1.1" 200 27450 "-" "Mozilla/5.0 (Macintosh; Intel Mac OS X 10.11; rv:52.0) Gecko/20100101 Firefox/52.0"
34.77.118.193 - - [14/Jul/2022:20:46:24 +0200] "GET /AmiKo/IOS?action=print HTTP/1.1" 200 6535 "-" "Mozilla/5.0 (Macintosh; Intel Mac OS X 10.11; rv:52.0) Gecko/20100101 Firefox/52.0"
34.77.118.193 - - [14/Jul/2022:20:46:24 +0200] "GET /AmiKo/IOS?action=upload HTTP/1.1" 200 8738 "-" "Mozilla/5.0 (Macintosh; Intel Mac OS X 10.11; rv:52.0) Gecko/20100101 Firefox/52.0"
34.77.118.193 - - [14/Jul/2022:20:46:24 +0200] "GET /AmiKo/IOS?n=Main.SideBar?action=edit HTTP/1.1" 200 9322 "-" "Mozilla/5.0 (Macintosh; Intel Mac OS X 10.11; rv:52.0) Gecko/20100101 Firefox/52.0"
34.77.118.193 - - [14/Jul/2022:20:46:29 +0200] "GET /AmiKo/KrankenkassenKartenleser HTTP/1.1" 200 9504 "-" "Mozilla/5.0 (Macintosh; Intel Mac OS X 10.11; rv:52.0) Gecko/20100101 Firefox/52.0"
34.77.118.193 - - [14/Jul/2022:20:46:29 +0200] "GET /AmiKo/Index HTTP/1.1" 200 9511 "-" "Mozilla/5.0 (Macintosh; Intel Mac OS X 10.11; rv:52.0) Gecko/20100101 Firefox/52.0"
34.77.118.193 - - [14/Jul/2022:20:46:29 +0200] "GET /AmiKo/Linux?action=diff HTTP/1.1" 200 13715 "-" "Mozilla/5.0 (Macintosh; Intel Mac OS X 10.11; rv:52.0) Gecko/20100101 Firefox/52.0"
78.129.165.8 - - [14/Jul/2022:20:46:31 +0200] "HEAD /Oddb2xml/Index?n=Main.SideBar?action=edit HTTP/1.1" 403 - "-" "Mozilla/5.0 (compatible; aiHitBot/2.9; +https://www.aihitdata.com/about)"
88.150.241.101 - - [14/Jul/2022:20:46:32 +0200] "GET /Oddb2xml/Installation HTTP/1.1" 200 10391 "-" "Mozilla/5.0 (compatible; aiHitBot/2.9; +https://www.aihitdata.com/about)"
88.150.241.101 - - [14/Jul/2022:20:46:33 +0200] "GET /Oddb2xml/Oddb2xmlCalc HTTP/1.1" 200 10266 "-" "Mozilla/5.0 (compatible; aiHitBot/2.9; +https://www.aihitdata.com/about)"
88.150.241.101 - - [14/Jul/2022:20:46:35 +0200] "GET /Oddb2xml/Version HTTP/1.1" 200 9879 "-" "Mozilla/5.0 (compatible; aiHitBot/2.9; +https://www.aihitdata.com/about)"
88.150.241.101 - - [14/Jul/2022:20:46:36 +0200] "GET /Oddb2xml/Version?action=edit HTTP/1.1" 403 18 "-" "Mozilla/5.0 (compatible; aiHitBot/2.9; +https://www.aihitdata.com/about)"
34.77.118.193 - - [14/Jul/2022:20:46:40 +0200] "GET /AmiKo/Linux?action=edit HTTP/1.1" 200 9296 "-" "Mozilla/5.0 (Macintosh; Intel Mac OS X 10.11; rv:52.0) Gecko/20100101 Firefox/52.0"
34.77.118.193 - - [14/Jul/2022:20:46:40 +0200] "GET /AmiKo/Linux?action=print HTTP/1.1" 200 3817 "-" "Mozilla/5.0 (Macintosh; Intel Mac OS X 10.11; rv:52.0) Gecko/20100101 Firefox/52.0"
34.77.118.193 - - [14/Jul/2022:20:46:40 +0200] "GET /AmiKo/Linux?action=upload HTTP/1.1" 200 8762 "-" "Mozilla/5.0 (Macintosh; Intel Mac OS X 10.11; rv:52.0) Gecko/20100101 Firefox/52.0"
34.77.118.193 - - [14/Jul/2022:20:46:42 +0200] "GET /AmiKo/Linux?n=Main.SideBar?action=edit HTTP/1.1" 200 9324 "-" "Mozilla/5.0 (Macintosh; Intel Mac OS X 10.11; rv:52.0) Gecko/20100101 Firefox/52.0"
34.77.118.193 - - [14/Jul/2022:20:46:42 +0200] "GET /AmiKo/OSX?action=diff HTTP/1.1" 200 22166 "-" "Mozilla/5.0 (Macintosh; Intel Mac OS X 10.11; rv:52.0) Gecko/20100101 Firefox/52.0"
34.77.118.193 - - [14/Jul/2022:20:46:42 +0200] "GET /AmiKo/OSX?action=edit HTTP/1.1" 200 9270 "-" "Mozilla/5.0 (Macintosh; Intel Mac OS X 10.11; rv:52.0) Gecko/20100101 Firefox/52.0"
34.77.118.193 - - [14/Jul/2022:20:46:43 +0200] "GET /AmiKo/OSX?action=print HTTP/1.1" 200 4416 "-" "Mozilla/5.0 (Macintosh; Intel Mac OS X 10.11; rv:52.0) Gecko/20100101 Firefox/52.0"
34.77.118.193 - - [14/Jul/2022:20:46:43 +0200] "GET /AmiKo/OSX?action=upload HTTP/1.1" 200 8736 "-" "Mozilla/5.0 (Macintosh; Intel Mac OS X 10.11; rv:52.0) Gecko/20100101 Firefox/52.0"
34.77.118.193 - - [14/Jul/2022:20:46:43 +0200] "GET /AmiKo/OSX?n=Main.SideBar?action=edit HTTP/1.1" 200 9322 "-" "Mozilla/5.0 (Macintosh; Intel Mac OS X 10.11; rv:52.0) Gecko/20100101 Firefox/52.0"
34.77.118.193 - - [14/Jul/2022:20:46:45 +0200] "GET /AmiKo/OSXSatzexport HTTP/1.1" 200 9993 "-" "Mozilla/5.0 (Macintosh; Intel Mac OS X 10.11; rv:52.0) Gecko/20100101 Firefox/52.0"
34.77.118.193 - - [14/Jul/2022:20:46:45 +0200] "GET /AmiKo/SAPP HTTP/1.1" 200 12947 "-" "Mozilla/5.0 (Macintosh; Intel Mac OS X 10.11; rv:52.0) Gecko/20100101 Firefox/52.0"
34.77.118.193 - - [14/Jul/2022:20:46:45 +0200] "GET /AmiKo/OSXRezeptfunktion HTTP/1.1" 200 13751 "-" "Mozilla/5.0 (Macintosh; Intel Mac OS X 10.11; rv:52.0) Gecko/20100101 Firefox/52.0"
78.129.149.5 - - [14/Jul/2022:20:46:47 +0200] "HEAD /Oddb2xml/Version?action=edit HTTP/1.1" 403 - "-" "Mozilla/5.0 (compatible; aiHitBot/2.9; +https://www.aihitdata.com/about)"
34.77.118.193 - - [14/Jul/2022:20:46:52 +0200] "GET /AmiKo/Web?action=edit HTTP/1.1" 200 9268 "-" "Mozilla/5.0 (Macintosh; Intel Mac OS X 10.11; rv:52.0) Gecko/20100101 Firefox/52.0"
34.77.118.193 - - [14/Jul/2022:20:46:52 +0200] "GET /AmiKo/Web?action=diff HTTP/1.1" 200 16835 "-" "Mozilla/5.0 (Macintosh; Intel Mac OS X 10.11; rv:52.0) Gecko/20100101 Firefox/52.0"
34.77.118.193 - - [14/Jul/2022:20:46:52 +0200] "GET /AmiKo/Swisspeddose HTTP/1.1" 200 10537 "-" "Mozilla/5.0 (Macintosh; Intel Mac OS X 10.11; rv:52.0) Gecko/20100101 Firefox/52.0"
78.129.165.8 - - [14/Jul/2022:20:46:58 +0200] "HEAD /Oddb2xml/Version?action=edit HTTP/1.1" 403 - "-" "Mozilla/5.0 (compatible; aiHitBot/2.9; +https://www.aihitdata.com/about)"
34.77.118.193 - - [14/Jul/2022:20:46:58 +0200] "GET /AmiKo/Web?action=print HTTP/1.1" 200 4206 "-" "Mozilla/5.0 (Macintosh; Intel Mac OS X 10.11; rv:52.0) Gecko/20100101 Firefox/52.0"
34.77.118.193 - - [14/Jul/2022:20:46:58 +0200] "GET /AmiKo/Web?n=Main.SideBar?action=edit HTTP/1.1" 200 9322 "-" "Mozilla/5.0 (Macintosh; Intel Mac OS X 10.11; rv:52.0) Gecko/20100101 Firefox/52.0"
34.77.118.193 - - [14/Jul/2022:20:46:58 +0200] "GET /AmiKo/Web?action=upload HTTP/1.1" 200 8734 "-" "Mozilla/5.0 (Macintosh; Intel Mac OS X 10.11; rv:52.0) Gecko/20100101 Firefox/52.0"
88.150.241.101 - - [14/Jul/2022:20:47:00 +0200] "GET /Oddb2xml/Version?action=upload HTTP/1.1" 403 18 "-" "Mozilla/5.0 (compatible; aiHitBot/2.9; +https://www.aihitdata.com/about)"
34.77.118.193 - - [14/Jul/2022:20:47:06 +0200] "GET /AmiKo/Windows?action=print HTTP/1.1" 200 4927 "-" "Mozilla/5.0 (Macintosh; Intel Mac OS X 10.11; rv:52.0) Gecko/20100101 Firefox/52.0"
34.77.118.193 - - [14/Jul/2022:20:47:06 +0200] "GET /AmiKo/Windows?action=edit HTTP/1.1" 200 9319 "-" "Mozilla/5.0 (Macintosh; Intel Mac OS X 10.11; rv:52.0) Gecko/20100101 Firefox/52.0"
34.77.118.193 - - [14/Jul/2022:20:47:06 +0200] "GET /AmiKo/Windows?action=diff HTTP/1.1" 200 31730 "-" "Mozilla/5.0 (Macintosh; Intel Mac OS X 10.11; rv:52.0) Gecko/20100101 Firefox/52.0"
78.129.149.5 - - [14/Jul/2022:20:47:11 +0200] "HEAD /Oddb2xml/Version?action=upload HTTP/1.1" 403 - "-" "Mozilla/5.0 (compatible; aiHitBot/2.9; +https://www.aihitdata.com/about)"
34.77.118.193 - - [14/Jul/2022:20:47:16 +0200] "GET /AmiKo/Windows?action=upload HTTP/1.1" 200 8785 "-" "Mozilla/5.0 (Macintosh; Intel Mac OS X 10.11; rv:52.0) Gecko/20100101 Firefox/52.0"
34.77.118.193 - - [14/Jul/2022:20:47:16 +0200] "GET /AmiKo/Windows?n=Main.SideBar?action=edit HTTP/1.1" 200 9326 "-" "Mozilla/5.0 (Macintosh; Intel Mac OS X 10.11; rv:52.0) Gecko/20100101 Firefox/52.0"
34.77.118.193 - - [14/Jul/2022:20:47:16 +0200] "GET /Android/AmiKo HTTP/1.1" 200 9995 "-" "Mozilla/5.0 (Macintosh; Intel Mac OS X 10.11; rv:52.0) Gecko/20100101 Firefox/52.0"
34.77.118.193 - - [14/Jul/2022:20:47:18 +0200] "GET /Android/CoMed HTTP/1.1" 200 9395 "-" "Mozilla/5.0 (Macintosh; Intel Mac OS X 10.11; rv:52.0) Gecko/20100101 Firefox/52.0"
34.77.118.193 - - [14/Jul/2022:20:47:18 +0200] "GET /Ausschreibung/SAI HTTP/1.1" 200 10366 "-" "Mozilla/5.0 (Macintosh; Intel Mac OS X 10.11; rv:52.0) Gecko/20100101 Firefox/52.0"
34.77.118.193 - - [14/Jul/2022:20:47:18 +0200] "GET /Apotheke/POS HTTP/1.1" 200 11138 "-" "Mozilla/5.0 (Macintosh; Intel Mac OS X 10.11; rv:52.0) Gecko/20100101 Firefox/52.0"
34.77.118.193 - - [14/Jul/2022:20:47:22 +0200] "GET /CoMed/Android HTTP/1.1" 200 9422 "-" "Mozilla/5.0 (Macintosh; Intel Mac OS X 10.11; rv:52.0) Gecko/20100101 Firefox/52.0"
34.77.118.193 - - [14/Jul/2022:20:47:22 +0200] "GET /Bundesrat/Ebook HTTP/1.1" 200 10101 "-" "Mozilla/5.0 (Macintosh; Intel Mac OS X 10.11; rv:52.0) Gecko/20100101 Firefox/52.0"
34.77.118.193 - - [14/Jul/2022:20:47:22 +0200] "GET /CoMed/ASPP HTTP/1.1" 200 13118 "-" "Mozilla/5.0 (Macintosh; Intel Mac OS X 10.11; rv:52.0) Gecko/20100101 Firefox/52.0"
78.129.165.8 - - [14/Jul/2022:20:47:22 +0200] "HEAD /Oddb2xml/Version?action=upload HTTP/1.1" 403 - "-" "Mozilla/5.0 (compatible; aiHitBot/2.9; +https://www.aihitdata.com/about)"
34.77.118.193 - - [14/Jul/2022:20:47:23 +0200] "GET /Emediat/Swissindex HTTP/1.1" 200 8652 "-" "Mozilla/5.0 (Macintosh; Intel Mac OS X 10.11; rv:52.0) Gecko/20100101 Firefox/52.0"
34.77.118.193 - - [14/Jul/2022:20:47:23 +0200] "GET /Epha/Flow HTTP/1.1" 200 8668 "-" "Mozilla/5.0 (Macintosh; Intel Mac OS X 10.11; rv:52.0) Gecko/20100101 Firefox/52.0"
34.77.118.193 - - [14/Jul/2022:20:47:23 +0200] "GET /Eggze/SpreadIt HTTP/1.1" 200 12537 "-" "Mozilla/5.0 (Macintosh; Intel Mac OS X 10.11; rv:52.0) Gecko/20100101 Firefox/52.0"
34.77.118.193 - - [14/Jul/2022:20:47:24 +0200] "GET /Fachinfo/Berblick?action=edit HTTP/1.1" 200 9368 "-" "Mozilla/5.0 (Macintosh; Intel Mac OS X 10.11; rv:52.0) Gecko/20100101 Firefox/52.0"
34.77.118.193 - - [14/Jul/2022:20:47:24 +0200] "GET /Epha/PhilipHansten HTTP/1.1" 200 11440 "-" "Mozilla/5.0 (Macintosh; Intel Mac OS X 10.11; rv:52.0) Gecko/20100101 Firefox/52.0"
34.77.118.193 - - [14/Jul/2022:20:47:24 +0200] "GET /Generikacc/App?action=diff HTTP/1.1" 200 38936 "-" "Mozilla/5.0 (Macintosh; Intel Mac OS X 10.11; rv:52.0) Gecko/20100101 Firefox/52.0"
34.77.118.193 - - [14/Jul/2022:20:47:26 +0200] "GET /Generikacc/App?action=print HTTP/1.1" 200 6432 "-" "Mozilla/5.0 (Macintosh; Intel Mac OS X 10.11; rv:52.0) Gecko/20100101 Firefox/52.0"
34.77.118.193 - - [14/Jul/2022:20:47:26 +0200] "GET /Generikacc/App?action=upload HTTP/1.1" 200 8792 "-" "Mozilla/5.0 (Macintosh; Intel Mac OS X 10.11; rv:52.0) Gecko/20100101 Firefox/52.0"
34.77.118.193 - - [14/Jul/2022:20:47:26 +0200] "GET /Generikacc/App?action=edit HTTP/1.1" 200 9326 "-" "Mozilla/5.0 (Macintosh; Intel Mac OS X 10.11; rv:52.0) Gecko/20100101 Firefox/52.0"
34.77.118.193 - - [14/Jul/2022:20:47:29 +0200] "GET /Generikacc/App?n=Main.SideBar?action=edit HTTP/1.1" 200 9327 "-" "Mozilla/5.0 (Macintosh; Intel Mac OS X 10.11; rv:52.0) Gecko/20100101 Firefox/52.0"
34.77.118.193 - - [14/Jul/2022:20:47:29 +0200] "GET /Generikacc/News23012018 HTTP/1.1" 200 9618 "-" "Mozilla/5.0 (Macintosh; Intel Mac OS X 10.11; rv:52.0) Gecko/20100101 Firefox/52.0"
34.77.118.193 - - [14/Jul/2022:20:47:29 +0200] "GET /Hmg/67 HTTP/1.1" 200 12301 "-" "Mozilla/5.0 (Macintosh; Intel Mac OS X 10.11; rv:52.0) Gecko/20100101 Firefox/52.0"
34.77.118.193 - - [14/Jul/2022:20:47:32 +0200] "GET /InfoCodex/Abstracts HTTP/1.1" 200 10102 "-" "Mozilla/5.0 (Macintosh; Intel Mac OS X 10.11; rv:52.0) Gecko/20100101 Firefox/52.0"
34.77.118.193 - - [14/Jul/2022:20:47:32 +0200] "GET /HotelMarriott/27062013 HTTP/1.1" 200 12119 "-" "Mozilla/5.0 (Macintosh; Intel Mac OS X 10.11; rv:52.0) Gecko/20100101 Firefox/52.0"
34.77.118.193 - - [14/Jul/2022:20:47:32 +0200] "GET /InfoCodex/Vergleichsanalyse HTTP/1.1" 200 9981 "-" "Mozilla/5.0 (Macintosh; Intel Mac OS X 10.11; rv:52.0) Gecko/20100101 Firefox/52.0"
34.77.118.193 - - [14/Jul/2022:20:47:35 +0200] "GET /Main HTTP/1.1" 302 154 "-" "Mozilla/5.0 (Macintosh; Intel Mac OS X 10.11; rv:52.0) Gecko/20100101 Firefox/52.0"
34.77.118.193 - - [14/Jul/2022:20:47:35 +0200] "GET /MEDIupdateXML/Aerzte HTTP/1.1" 200 8529 "-" "Mozilla/5.0 (Macintosh; Intel Mac OS X 10.11; rv:52.0) Gecko/20100101 Firefox/52.0"
34.77.118.193 - - [14/Jul/2022:20:47:35 +0200] "GET /MEDIupdateXML/Softwarehaeuser HTTP/1.1" 200 8654 "-" "Mozilla/5.0 (Macintosh; Intel Mac OS X 10.11; rv:52.0) Gecko/20100101 Firefox/52.0"
34.77.118.193 - - [14/Jul/2022:20:47:39 +0200] "GET /Main/2004?action=edit HTTP/1.1" 200 9271 "-" "Mozilla/5.0 (Macintosh; Intel Mac OS X 10.11; rv:52.0) Gecko/20100101 Firefox/52.0"
34.77.118.193 - - [14/Jul/2022:20:47:39 +0200] "GET /Main/2004?action=diff HTTP/1.1" 200 16634 "-" "Mozilla/5.0 (Macintosh; Intel Mac OS X 10.11; rv:52.0) Gecko/20100101 Firefox/52.0"
34.77.118.193 - - [14/Jul/2022:20:47:39 +0200] "GET /Main/2004?action=print HTTP/1.1" 200 8709 "-" "Mozilla/5.0 (Macintosh; Intel Mac OS X 10.11; rv:52.0) Gecko/20100101 Firefox/52.0"
34.77.118.193 - - [14/Jul/2022:20:47:44 +0200] "GET /Main/2004?action=upload HTTP/1.1" 200 8737 "-" "Mozilla/5.0 (Macintosh; Intel Mac OS X 10.11; rv:52.0) Gecko/20100101 Firefox/52.0"
34.77.118.193 - - [14/Jul/2022:20:47:44 +0200] "GET /Main/2004?n=Main.SideBar?action=edit HTTP/1.1" 200 9322 "-" "Mozilla/5.0 (Macintosh; Intel Mac OS X 10.11; rv:52.0) Gecko/20100101 Firefox/52.0"
34.77.118.193 - - [14/Jul/2022:20:47:44 +0200] "GET /Main/2005?action=diff HTTP/1.1" 200 94077 "-" "Mozilla/5.0 (Macintosh; Intel Mac OS X 10.11; rv:52.0) Gecko/20100101 Firefox/52.0"
34.77.118.193 - - [14/Jul/2022:20:47:48 +0200] "GET /Main/2005?action=upload HTTP/1.1" 200 8737 "-" "Mozilla/5.0 (Macintosh; Intel Mac OS X 10.11; rv:52.0) Gecko/20100101 Firefox/52.0"
34.77.118.193 - - [14/Jul/2022:20:47:48 +0200] "GET /Main/2005?action=edit HTTP/1.1" 200 9271 "-" "Mozilla/5.0 (Macintosh; Intel Mac OS X 10.11; rv:52.0) Gecko/20100101 Firefox/52.0"
34.77.118.193 - - [14/Jul/2022:20:47:48 +0200] "GET /Main/2005?action=print HTTP/1.1" 200 58097 "-" "Mozilla/5.0 (Macintosh; Intel Mac OS X 10.11; rv:52.0) Gecko/20100101 Firefox/52.0"
34.77.118.193 - - [14/Jul/2022:20:47:58 +0200] "GET /Main/2005?n=Main.SideBar?action=edit HTTP/1.1" 200 9322 "-" "Mozilla/5.0 (Macintosh; Intel Mac OS X 10.11; rv:52.0) Gecko/20100101 Firefox/52.0"
34.77.118.193 - - [14/Jul/2022:20:47:58 +0200] "GET /Main/2006?action=diff HTTP/1.1" 200 41442 "-" "Mozilla/5.0 (Macintosh; Intel Mac OS X 10.11; rv:52.0) Gecko/20100101 Firefox/52.0"
34.77.118.193 - - [14/Jul/2022:20:47:58 +0200] "GET /Main/2006?action=edit HTTP/1.1" 200 9271 "-" "Mozilla/5.0 (Macintosh; Intel Mac OS X 10.11; rv:52.0) Gecko/20100101 Firefox/52.0"
34.77.118.193 - - [14/Jul/2022:20:48:07 +0200] "GET /Main/2006?action=upload HTTP/1.1" 200 8737 "-" "Mozilla/5.0 (Macintosh; Intel Mac OS X 10.11; rv:52.0) Gecko/20100101 Firefox/52.0"
34.77.118.193 - - [14/Jul/2022:20:48:07 +0200] "GET /Main/2006?n=Main.SideBar?action=edit HTTP/1.1" 200 9322 "-" "Mozilla/5.0 (Macintosh; Intel Mac OS X 10.11; rv:52.0) Gecko/20100101 Firefox/52.0"
34.77.118.193 - - [14/Jul/2022:20:48:07 +0200] "GET /Main/2006?action=print HTTP/1.1" 200 34248 "-" "Mozilla/5.0 (Macintosh; Intel Mac OS X 10.11; rv:52.0) Gecko/20100101 Firefox/52.0"
34.77.118.193 - - [14/Jul/2022:20:48:15 +0200] "GET /Main/2007?action=edit HTTP/1.1" 200 9271 "-" "Mozilla/5.0 (Macintosh; Intel Mac OS X 10.11; rv:52.0) Gecko/20100101 Firefox/52.0"
34.77.118.193 - - [14/Jul/2022:20:48:15 +0200] "GET /Main/2007?action=diff HTTP/1.1" 200 57691 "-" "Mozilla/5.0 (Macintosh; Intel Mac OS X 10.11; rv:52.0) Gecko/20100101 Firefox/52.0"
34.77.118.193 - - [14/Jul/2022:20:48:15 +0200] "GET /Main/2007?action=print HTTP/1.1" 200 45502 "-" "Mozilla/5.0 (Macintosh; Intel Mac OS X 10.11; rv:52.0) Gecko/20100101 Firefox/52.0"
