89.246.241.14 - - [15/Mar/2022:18:25:28 +0100] "GET /Main/2005?action=diff HTTP/1.1" 200 94077 "-" "Mozilla/5.0 (Windows NT 10.0; Win64; x64; rv:84.0) Gecko/20100101 Firefox/84.0"
192.99.18.108 - - [15/Mar/2022:18:29:31 +0100] "GET / HTTP/1.1" 200 11272 "https://www.google.com" "Mozilla/5.0 (iPhone; CPU iPhone OS 12_1 like Mac OS X) AppleWebKit/605.1.15 (KHTML, like Gecko) CriOS/77.0.3865.93 Mobile/15E148 Safari/605.1"
89.246.241.14 - - [15/Mar/2022:18:30:01 +0100] "GET /Main/2014?action=upload HTTP/1.1" 200 8737 "-" "Mozilla/5.0 (Windows NT 10.0; Win64; x64; rv:84.0) Gecko/20100101 Firefox/84.0"
89.246.241.14 - - [15/Mar/2022:18:33:55 +0100] "GET /ODDB/Flow HTTP/1.1" 200 8944 "-" "Mozilla/5.0 (Windows NT 10.0; Win64; x64; rv:84.0) Gecko/20100101 Firefox/84.0"
185.191.171.15 - - [15/Mar/2022:18:34:19 +0100] "GET /Main/MyMedi?n=Main.SideBar%3Faction%3Dedit HTTP/1.1" 302 157 "-" "Mozilla/5.0 (compatible; SemrushBot/7~bl; +http://www.semrush.com/bot.html)"
89.246.241.14 - - [15/Mar/2022:18:34:47 +0100] "GET /uploads/Main/fmh_stellungnahme_kompendiumsbuch_20.11.2007.pdf HTTP/1.1" 200 67339 "-" "Mozilla/5.0 (Windows NT 10.0; Win64; x64; rv:84.0) Gecko/20100101 Firefox/84.0"
185.191.171.34 - - [15/Mar/2022:18:39:12 +0100] "GET /SpitalSchweiz/Index?action=diff HTTP/1.1" 403 18 "-" "Mozilla/5.0 (compatible; SemrushBot/7~bl; +http://www.semrush.com/bot.html)"
188.34.157.146 - - [15/Mar/2022:18:40:06 +0100] "GET / HTTP/1.1" 200 11272 "-" "page-preview-tool Mozilla/5.0 (Windows NT 10.0; Win64; x64) AppleWebKit/537.36 (KHTML, like Gecko) Chrome/80.0.3987.132 Safari/537.36"
194.209.200.2 - - [15/Mar/2022:18:41:36 +0100] "GET /robots.txt HTTP/1.1" 200 - "-" "Mozilla/5.0 (compatible; TMMBot/0.2; +http://www.dslab.ch)/Nutch-1.15"
194.209.200.2 - - [15/Mar/2022:18:41:36 +0100] "GET /Ywesee/Team HTTP/1.1" 200 18245 "-" "Mozilla/5.0 (compatible; TMMBot/0.2; +http://www.dslab.ch)/Nutch-1.15"
79.205.44.137 - - [15/Mar/2022:18:41:42 +0100] "GET /Miele/MieleLXIV HTTP/1.1" 200 15367 "-" "Mozilla/5.0 (Macintosh; Intel Mac OS X 10_15_7) AppleWebKit/605.1.15 (KHTML, like Gecko) Version/15.4 Safari/605.1.15"
79.205.44.137 - - [15/Mar/2022:18:41:42 +0100] "GET /pub/skins/ywesee/gila.css HTTP/1.1" 200 8276 "https://www.ywesee.com/Miele/MieleLXIV" "Mozilla/5.0 (Macintosh; Intel Mac OS X 10_15_7) AppleWebKit/605.1.15 (KHTML, like Gecko) Version/15.4 Safari/605.1.15"
79.205.44.137 - - [15/Mar/2022:18:41:42 +0100] "GET /favicon.ico HTTP/1.1" 200 1406 "https://www.ywesee.com/Miele/MieleLXIV" "Mozilla/5.0 (Macintosh; Intel Mac OS X 10_15_7) AppleWebKit/605.1.15 (KHTML, like Gecko) Version/15.4 Safari/605.1.15"
66.249.66.217 - - [15/Mar/2022:18:42:26 +0100] "GET /Oddb2xml/Version?action=print HTTP/1.1" 403 18 "-" "Mozilla/5.0 (compatible; Googlebot/2.1; +http://www.google.com/bot.html)"
17.121.113.65 - - [15/Mar/2022:18:49:06 +0100] "GET /robots.txt HTTP/1.1" 200 - "-" "Mozilla/5.0 (Macintosh; Intel Mac OS X 10_15_5) AppleWebKit/605.1.15 (KHTML, like Gecko) Version/13.1.1 Safari/605.1.15 (Applebot/0.1; +http://www.apple.com/go/applebot)"
17.121.113.65 - - [15/Mar/2022:18:49:06 +0100] "GET /Main/DocumedGalenicaVsYwesee?action=edit HTTP/1.1" 403 18 "-" "Mozilla/5.0 (Macintosh; Intel Mac OS X 10_15_5) AppleWebKit/605.1.15 (KHTML, like Gecko) Version/13.1.1 Safari/605.1.15 (Applebot/0.1; +http://www.apple.com/go/applebot)"
185.191.171.37 - - [15/Mar/2022:18:52:29 +0100] "GET /robots.txt HTTP/1.1" 200 - "-" "Mozilla/5.0 (compatible; SemrushBot/7~bl; +http://www.semrush.com/bot.html)"
185.191.171.15 - - [15/Mar/2022:18:52:30 +0100] "GET /Ywesee/ElektronischesPatientendossierSchweiz HTTP/1.1" 200 11065 "-" "Mozilla/5.0 (compatible; SemrushBot/7~bl; +http://www.semrush.com/bot.html)"
89.246.241.14 - - [15/Mar/2022:18:52:41 +0100] "GET /Main/FAZ HTTP/1.1" 200 8325 "-" "Mozilla/5.0 (Windows NT 10.0; Win64; x64; rv:84.0) Gecko/20100101 Firefox/84.0"
89.246.241.14 - - [15/Mar/2022:18:59:12 +0100] "GET /MEDIupdateXML/Aerzte HTTP/1.1" 200 8529 "-" "Mozilla/5.0 (Windows NT 10.0; Win64; x64; rv:84.0) Gecko/20100101 Firefox/84.0"
207.46.13.97 - - [15/Mar/2022:19:00:16 +0100] "GET /uploads/Main/Keyaussagen_ywesee.txt HTTP/1.1" 200 1021 "-" "Mozilla/5.0 (compatible; bingbot/2.0; +http://www.bing.com/bingbot.htm)"
185.191.171.38 - - [15/Mar/2022:19:02:12 +0100] "GET /AmiKo/OSXRezeptfunktion?action=upload HTTP/1.1" 403 18 "-" "Mozilla/5.0 (compatible; SemrushBot/7~bl; +http://www.semrush.com/bot.html)"
89.246.241.14 - - [15/Mar/2022:19:02:57 +0100] "GET /Main/WekoBlog HTTP/1.1" 200 22209 "-" "Mozilla/5.0 (Windows NT 10.0; Win64; x64; rv:84.0) Gecko/20100101 Firefox/84.0"
89.246.241.14 - - [15/Mar/2022:19:07:32 +0100] "GET /Main/Saldo HTTP/1.1" 200 8416 "-" "Mozilla/5.0 (Windows NT 10.0; Win64; x64; rv:84.0) Gecko/20100101 Firefox/84.0"
185.191.171.25 - - [15/Mar/2022:19:09:07 +0100] "GET /MEDIupdateXML/Aerzte HTTP/1.1" 200 8529 "-" "Mozilla/5.0 (compatible; SemrushBot/7~bl; +http://www.semrush.com/bot.html)"
89.246.241.14 - - [15/Mar/2022:19:10:51 +0100] "GET /Epha/Flow HTTP/1.1" 200 8668 "-" "Mozilla/5.0 (Windows NT 10.0; Win64; x64; rv:84.0) Gecko/20100101 Firefox/84.0"
89.246.241.14 - - [15/Mar/2022:19:17:25 +0100] "GET /uploads/Main/IC-Enterprise.pdf HTTP/1.1" 200 868608 "-" "Mozilla/5.0 (Windows NT 10.0; Win64; x64; rv:84.0) Gecko/20100101 Firefox/84.0"
89.246.241.14 - - [15/Mar/2022:19:17:50 +0100] "GET /uploads/Main/Schreiben_Bfarm_20.3.2007.pdf HTTP/1.1" 200 607598 "-" "Mozilla/5.0 (Windows NT 10.0; Win64; x64; rv:84.0) Gecko/20100101 Firefox/84.0"
89.246.241.14 - - [15/Mar/2022:19:19:53 +0100] "GET /Main/2007?n=Main.SideBar?action=edit HTTP/1.1" 200 9322 "-" "Mozilla/5.0 (Windows NT 10.0; Win64; x64; rv:84.0) Gecko/20100101 Firefox/84.0"
89.246.241.14 - - [15/Mar/2022:19:23:09 +0100] "GET /Ywesee/KurzFachinfo HTTP/1.1" 200 8845 "-" "Mozilla/5.0 (Windows NT 10.0; Win64; x64; rv:84.0) Gecko/20100101 Firefox/84.0"
89.246.241.14 - - [15/Mar/2022:19:30:51 +0100] "GET /Main/2006?n=Main.SideBar?action=edit HTTP/1.1" 200 9322 "-" "Mozilla/5.0 (Windows NT 10.0; Win64; x64; rv:84.0) Gecko/20100101 Firefox/84.0"
89.246.241.14 - - [15/Mar/2022:19:36:29 +0100] "GET /uploads/Main/Saldo_12.9.2007.pdf HTTP/1.1" 200 6147 "-" "Mozilla/5.0 (Windows NT 10.0; Win64; x64; rv:84.0) Gecko/20100101 Firefox/84.0"
66.249.66.215 - - [15/Mar/2022:19:37:02 +0100] "GET /uploads/Main/Stellenbeschreibung_Ruby_ywesee_GmbH.pdf HTTP/1.1" 200 65223 "-" "Googlebot/2.1 (+http://www.google.com/bot.html)"
66.249.66.217 - - [15/Mar/2022:19:40:14 +0100] "GET /uploads/Main/Facharbeit_John_Lang.pdf HTTP/1.1" 200 710095 "-" "Googlebot/2.1 (+http://www.google.com/bot.html)"
89.246.241.14 - - [15/Mar/2022:19:41:41 +0100] "GET /Main/2005?n=Main.SideBar?action=edit HTTP/1.1" 200 9322 "-" "Mozilla/5.0 (Windows NT 10.0; Win64; x64; rv:84.0) Gecko/20100101 Firefox/84.0"
167.114.157.181 - - [15/Mar/2022:19:42:07 +0100] "GET /robots.txt HTTP/1.1" 200 - "-" "Mozilla/5.0 (compatible; MJ12bot/v1.4.8; http://mj12bot.com/)"
167.114.157.181 - - [15/Mar/2022:19:42:09 +0100] "GET /Main/2020?action=edit HTTP/1.1" 403 18 "-" "Mozilla/5.0 (compatible; MJ12bot/v1.4.8; http://mj12bot.com/)"
167.114.157.181 - - [15/Mar/2022:19:42:11 +0100] "GET /Main/2021?action=edit HTTP/1.1" 403 18 "-" "Mozilla/5.0 (compatible; MJ12bot/v1.4.8; http://mj12bot.com/)"
167.114.157.181 - - [15/Mar/2022:19:42:16 +0100] "GET /Main/AIPS-XML?action=edit HTTP/1.1" 403 18 "-" "Mozilla/5.0 (compatible; MJ12bot/v1.4.8; http://mj12bot.com/)"
167.114.157.181 - - [15/Mar/2022:19:42:18 +0100] "GET /Main/WekoBlog?action=edit HTTP/1.1" 403 18 "-" "Mozilla/5.0 (compatible; MJ12bot/v1.4.8; http://mj12bot.com/)"
167.114.157.181 - - [15/Mar/2022:19:43:05 +0100] "GET /ODDB/IndividuelleMediliste?action=edit HTTP/1.1" 403 18 "-" "Mozilla/5.0 (compatible; MJ12bot/v1.4.8; http://mj12bot.com/)"
167.114.157.181 - - [15/Mar/2022:19:43:13 +0100] "GET /ODDB/IntegrationLookAmpFeelGenerikasuche?action=edit HTTP/1.1" 403 18 "-" "Mozilla/5.0 (compatible; MJ12bot/v1.4.8; http://mj12bot.com/)"
167.114.157.181 - - [15/Mar/2022:19:43:32 +0100] "GET /ODDB/Interaktionen?action=edit HTTP/1.1" 403 18 "-" "Mozilla/5.0 (compatible; MJ12bot/v1.4.8; http://mj12bot.com/)"
167.114.157.181 - - [15/Mar/2022:19:43:36 +0100] "GET /ODDB/InteraktionenEphaHighDDI?action=edit HTTP/1.1" 403 18 "-" "Mozilla/5.0 (compatible; MJ12bot/v1.4.8; http://mj12bot.com/)"
89.246.241.14 - - [15/Mar/2022:19:44:17 +0100] "GET /Ywesee/ElektronischesPatientendossierSchweiz HTTP/1.1" 200 11065 "-" "Mozilla/5.0 (Windows NT 10.0; Win64; x64; rv:84.0) Gecko/20100101 Firefox/84.0"
167.114.157.181 - - [15/Mar/2022:19:44:23 +0100] "GET /ODDB/MD?action=edit HTTP/1.1" 403 18 "-" "Mozilla/5.0 (compatible; MJ12bot/v1.4.8; http://mj12bot.com/)"
167.114.157.181 - - [15/Mar/2022:19:44:41 +0100] "GET /ODDB/ODDBxml?action=edit HTTP/1.1" 403 18 "-" "Mozilla/5.0 (compatible; MJ12bot/v1.4.8; http://mj12bot.com/)"
167.114.157.181 - - [15/Mar/2022:19:44:46 +0100] "GET /ODDB/OddbDat?action=edit HTTP/1.1" 403 18 "-" "Mozilla/5.0 (compatible; MJ12bot/v1.4.8; http://mj12bot.com/)"
167.114.157.181 - - [15/Mar/2022:19:44:55 +0100] "GET /ODDB/StammdatenCH?action=edit HTTP/1.1" 403 18 "-" "Mozilla/5.0 (compatible; MJ12bot/v1.4.8; http://mj12bot.com/)"
167.114.157.181 - - [15/Mar/2022:19:45:47 +0100] "GET /OSX/CoMed?action=edit HTTP/1.1" 403 18 "-" "Mozilla/5.0 (compatible; MJ12bot/v1.4.8; http://mj12bot.com/)"
167.114.157.181 - - [15/Mar/2022:19:46:07 +0100] "GET /Oddb2xml/Index?action=edit HTTP/1.1" 403 18 "-" "Mozilla/5.0 (compatible; MJ12bot/v1.4.8; http://mj12bot.com/)"
185.191.171.1 - - [15/Mar/2022:19:46:17 +0100] "GET /Main/Legende HTTP/1.1" 200 9217 "-" "Mozilla/5.0 (compatible; SemrushBot/7~bl; +http://www.semrush.com/bot.html)"
66.249.66.217 - - [15/Mar/2022:19:50:48 +0100] "GET /uploads/Main/Von_Essex_29.3.2006.pdf HTTP/1.1" 200 168899 "-" "Googlebot/2.1 (+http://www.google.com/bot.html)"
89.246.241.14 - - [15/Mar/2022:19:54:34 +0100] "GET /Main/2007?action=print HTTP/1.1" 200 45502 "-" "Mozilla/5.0 (Windows NT 10.0; Win64; x64; rv:84.0) Gecko/20100101 Firefox/84.0"
185.191.171.24 - - [15/Mar/2022:19:55:23 +0100] "GET /robots.txt HTTP/1.1" 200 - "-" "Mozilla/5.0 (compatible; SemrushBot/7~bl; +http://www.semrush.com/bot.html)"
185.191.171.37 - - [15/Mar/2022:19:55:23 +0100] "GET /Ywesee/KurzFachinfo?n=Main.SideBar%3Faction%3Dedit HTTP/1.1" 302 157 "-" "Mozilla/5.0 (compatible; SemrushBot/7~bl; +http://www.semrush.com/bot.html)"
167.114.157.181 - - [15/Mar/2022:19:56:10 +0100] "GET /Software/BBMB?action=edit HTTP/1.1" 403 18 "-" "Mozilla/5.0 (compatible; MJ12bot/v1.4.8; http://mj12bot.com/)"
167.114.157.181 - - [15/Mar/2022:19:56:22 +0100] "GET /Software/Developers?action=edit HTTP/1.1" 403 18 "-" "Mozilla/5.0 (compatible; MJ12bot/v1.4.8; http://mj12bot.com/)"
66.249.66.215 - - [15/Mar/2022:19:56:27 +0100] "GET /ads.txt HTTP/1.1" 404 270 "-" "Mozilla/5.0 (compatible; Googlebot/2.1; +http://www.google.com/bot.html)"
167.114.157.181 - - [15/Mar/2022:19:56:43 +0100] "GET /Software/ODBA?action=edit HTTP/1.1" 403 18 "-" "Mozilla/5.0 (compatible; MJ12bot/v1.4.8; http://mj12bot.com/)"
167.114.157.181 - - [15/Mar/2022:19:56:47 +0100] "GET /Software/ODDB?action=edit HTTP/1.1" 403 18 "-" "Mozilla/5.0 (compatible; MJ12bot/v1.4.8; http://mj12bot.com/)"
167.114.157.181 - - [15/Mar/2022:19:57:10 +0100] "GET /Software/SoftwareRaid?action=edit HTTP/1.1" 403 18 "-" "Mozilla/5.0 (compatible; MJ12bot/v1.4.8; http://mj12bot.com/)"
167.114.157.181 - - [15/Mar/2022:19:57:17 +0100] "GET /Software/Spreadsheet?action=edit HTTP/1.1" 403 18 "-" "Mozilla/5.0 (compatible; MJ12bot/v1.4.8; http://mj12bot.com/)"
167.114.157.181 - - [15/Mar/2022:19:57:32 +0100] "GET /Software/XMLBAG?action=edit HTTP/1.1" 403 18 "-" "Mozilla/5.0 (compatible; MJ12bot/v1.4.8; http://mj12bot.com/)"
167.114.157.181 - - [15/Mar/2022:19:57:39 +0100] "GET /Software/XMLConv?action=edit HTTP/1.1" 403 18 "-" "Mozilla/5.0 (compatible; MJ12bot/v1.4.8; http://mj12bot.com/)"
167.114.157.181 - - [15/Mar/2022:19:57:46 +0100] "GET /Software/YDIM?action=edit HTTP/1.1" 403 18 "-" "Mozilla/5.0 (compatible; MJ12bot/v1.4.8; http://mj12bot.com/)"
167.114.157.181 - - [15/Mar/2022:19:57:53 +0100] "GET /Software/YDPM?action=edit HTTP/1.1" 403 18 "-" "Mozilla/5.0 (compatible; MJ12bot/v1.4.8; http://mj12bot.com/)"
167.114.157.181 - - [15/Mar/2022:19:58:05 +0100] "GET /SpitalSchweiz/AnzahlBettenstationaer2012?action=edit HTTP/1.1" 403 18 "-" "Mozilla/5.0 (compatible; MJ12bot/v1.4.8; http://mj12bot.com/)"
89.246.241.14 - - [15/Mar/2022:19:58:07 +0100] "GET /uploads/Main/an_jenny_17.10.2007.pdf HTTP/1.1" 200 154981 "-" "Mozilla/5.0 (Windows NT 10.0; Win64; x64; rv:84.0) Gecko/20100101 Firefox/84.0"
167.114.157.181 - - [15/Mar/2022:19:58:15 +0100] "GET /SpitalSchweiz/AnzahlOperationssaele2012?action=edit HTTP/1.1" 403 18 "-" "Mozilla/5.0 (compatible; MJ12bot/v1.4.8; http://mj12bot.com/)"
167.114.157.181 - - [15/Mar/2022:19:58:28 +0100] "GET /SpitalSchweiz/Index?action=edit HTTP/1.1" 403 18 "-" "Mozilla/5.0 (compatible; MJ12bot/v1.4.8; http://mj12bot.com/)"
167.114.157.181 - - [15/Mar/2022:19:58:55 +0100] "GET /Swissmedic/AIPS?action=edit HTTP/1.1" 403 18 "-" "Mozilla/5.0 (compatible; MJ12bot/v1.4.8; http://mj12bot.com/)"
167.114.157.181 - - [15/Mar/2022:19:58:58 +0100] "GET /Swissmedic/Packungen?action=edit HTTP/1.1" 403 18 "-" "Mozilla/5.0 (compatible; MJ12bot/v1.4.8; http://mj12bot.com/)"
167.114.157.181 - - [15/Mar/2022:19:59:10 +0100] "GET /Swissmedic/PraeparatelisteMitWS?action=edit HTTP/1.1" 403 18 "-" "Mozilla/5.0 (compatible; MJ12bot/v1.4.8; http://mj12bot.com/)"
89.246.241.14 - - [15/Mar/2022:19:59:16 +0100] "GET /Main/Elexis HTTP/1.1" 200 10922 "-" "Mozilla/5.0 (Windows NT 10.0; Win64; x64; rv:84.0) Gecko/20100101 Firefox/84.0"
167.114.157.181 - - [15/Mar/2022:19:59:19 +0100] "GET /Swissmedic/Vertriebsunterbruch?action=edit HTTP/1.1" 403 18 "-" "Mozilla/5.0 (compatible; MJ12bot/v1.4.8; http://mj12bot.com/)"
167.114.157.181 - - [15/Mar/2022:19:59:31 +0100] "GET /Wiget/PhMPrescriber?action=edit HTTP/1.1" 403 18 "-" "Mozilla/5.0 (compatible; MJ12bot/v1.4.8; http://mj12bot.com/)"
167.114.157.181 - - [15/Mar/2022:19:59:42 +0100] "GET /Ywesee/About?action=edit HTTP/1.1" 403 18 "-" "Mozilla/5.0 (compatible; MJ12bot/v1.4.8; http://mj12bot.com/)"
167.114.157.181 - - [15/Mar/2022:19:59:50 +0100] "GET /Ywesee/Bewerbung?action=edit HTTP/1.1" 403 18 "-" "Mozilla/5.0 (compatible; MJ12bot/v1.4.8; http://mj12bot.com/)"
167.114.157.181 - - [15/Mar/2022:20:00:20 +0100] "GET /Ywesee/Events?action=edit HTTP/1.1" 403 18 "-" "Mozilla/5.0 (compatible; MJ12bot/v1.4.8; http://mj12bot.com/)"
167.114.157.181 - - [15/Mar/2022:20:00:45 +0100] "GET /Ywesee/IGM11?action=edit HTTP/1.1" 403 18 "-" "Mozilla/5.0 (compatible; MJ12bot/v1.4.8; http://mj12bot.com/)"
167.114.157.181 - - [15/Mar/2022:20:00:56 +0100] "GET /Ywesee/InfoCodex?action=edit HTTP/1.1" 403 18 "-" "Mozilla/5.0 (compatible; MJ12bot/v1.4.8; http://mj12bot.com/)"
167.114.157.181 - - [15/Mar/2022:20:01:13 +0100] "GET /Ywesee/InfoCodexProcedure?action=edit HTTP/1.1" 403 18 "-" "Mozilla/5.0 (compatible; MJ12bot/v1.4.8; http://mj12bot.com/)"
167.114.157.181 - - [15/Mar/2022:20:01:19 +0100] "GET /Ywesee/InfoCodexProximity?action=edit HTTP/1.1" 403 18 "-" "Mozilla/5.0 (compatible; MJ12bot/v1.4.8; http://mj12bot.com/)"
167.114.157.181 - - [15/Mar/2022:20:01:33 +0100] "GET /Ywesee/InfoCodexVorgehen?action=edit HTTP/1.1" 403 18 "-" "Mozilla/5.0 (compatible; MJ12bot/v1.4.8; http://mj12bot.com/)"
167.114.157.181 - - [15/Mar/2022:20:01:53 +0100] "GET /Ywesee/KindleOniPhone?action=edit HTTP/1.1" 403 18 "-" "Mozilla/5.0 (compatible; MJ12bot/v1.4.8; http://mj12bot.com/)"
167.114.157.181 - - [15/Mar/2022:20:01:58 +0100] "GET /Ywesee/Kontakt?action=edit HTTP/1.1" 403 18 "-" "Mozilla/5.0 (compatible; MJ12bot/v1.4.8; http://mj12bot.com/)"
167.114.157.181 - - [15/Mar/2022:20:02:05 +0100] "GET /Ywesee/OpenSource?action=edit HTTP/1.1" 403 18 "-" "Mozilla/5.0 (compatible; MJ12bot/v1.4.8; http://mj12bot.com/)"
167.114.157.181 - - [15/Mar/2022:20:02:10 +0100] "GET /Ywesee/Software?action=edit HTTP/1.1" 403 18 "-" "Mozilla/5.0 (compatible; MJ12bot/v1.4.8; http://mj12bot.com/)"
167.114.157.181 - - [15/Mar/2022:20:02:20 +0100] "GET /Ywesee/SpezialisierteKrankenkasse?action=edit HTTP/1.1" 403 18 "-" "Mozilla/5.0 (compatible; MJ12bot/v1.4.8; http://mj12bot.com/)"
167.114.157.181 - - [15/Mar/2022:20:02:25 +0100] "GET /Ywesee/Stanza?action=edit HTTP/1.1" 403 18 "-" "Mozilla/5.0 (compatible; MJ12bot/v1.4.8; http://mj12bot.com/)"
167.114.157.181 - - [15/Mar/2022:20:02:33 +0100] "GET /Ywesee/Team?action=edit HTTP/1.1" 403 18 "-" "Mozilla/5.0 (compatible; MJ12bot/v1.4.8; http://mj12bot.com/)"
89.246.241.14 - - [15/Mar/2022:20:02:37 +0100] "GET /Ywesee/InfoCodexProximity HTTP/1.1" 200 9809 "-" "Mozilla/5.0 (Windows NT 10.0; Win64; x64; rv:84.0) Gecko/20100101 Firefox/84.0"
66.249.66.217 - - [15/Mar/2022:20:02:40 +0100] "GET /uploads/Main/Beschluss_Nationalrat_Art_67_HMG_7.5.2014.pdf HTTP/1.1" 200 2627597 "-" "Googlebot/2.1 (+http://www.google.com/bot.html)"
167.114.157.181 - - [15/Mar/2022:20:02:52 +0100] "GET /Ywesee/XMLFachinfoValidierung?action=edit HTTP/1.1" 403 18 "-" "Mozilla/5.0 (compatible; MJ12bot/v1.4.8; http://mj12bot.com/)"
167.114.157.181 - - [15/Mar/2022:20:02:57 +0100] "GET /Ywesee/YDPM?action=edit HTTP/1.1" 403 18 "-" "Mozilla/5.0 (compatible; MJ12bot/v1.4.8; http://mj12bot.com/)"
185.191.171.39 - - [15/Mar/2022:20:03:18 +0100] "GET /Main/MiGel HTTP/1.1" 200 16437 "-" "Mozilla/5.0 (compatible; SemrushBot/7~bl; +http://www.semrush.com/bot.html)"
89.246.241.14 - - [15/Mar/2022:20:04:21 +0100] "GET /Main/FMH HTTP/1.1" 200 8327 "-" "Mozilla/5.0 (Windows NT 10.0; Win64; x64; rv:84.0) Gecko/20100101 Firefox/84.0"
17.121.113.55 - - [15/Mar/2022:20:08:19 +0100] "GET /Ywesee/OpenSource HTTP/1.1" 200 10790 "-" "Mozilla/5.0 (Macintosh; Intel Mac OS X 10_15_5) AppleWebKit/605.1.15 (KHTML, like Gecko) Version/13.1.1 Safari/605.1.15 (Applebot/0.1; +http://www.apple.com/go/applebot)"
194.209.200.2 - - [15/Mar/2022:20:08:54 +0100] "GET /robots.txt HTTP/1.1" 200 - "-" "Mozilla/5.0 (compatible; TMMBot/0.2; +http://www.dslab.ch)/Nutch-1.15"
194.209.200.2 - - [15/Mar/2022:20:08:54 +0100] "GET /Main/2015 HTTP/1.1" 200 15908 "-" "Mozilla/5.0 (compatible; TMMBot/0.2; +http://www.dslab.ch)/Nutch-1.15"
66.249.66.215 - - [15/Mar/2022:20:09:08 +0100] "GET /uploads/Main/Stellungnahme_IGE_Arzneimittelkompendium.pdf HTTP/1.1" 200 291209 "-" "Googlebot/2.1 (+http://www.google.com/bot.html)"
77.88.39.80 - - [15/Mar/2022:20:09:51 +0100] "GET /uploads/AmiKo/Barcode.jpg HTTP/1.1" 200 166528 "-" "Mozilla/5.0 (compatible; YandexImageResizer/2.0; +http://yandex.com/bots)"
66.249.66.217 - - [15/Mar/2022:20:13:21 +0100] "GET /uploads/Main/BU_37_14.pdf HTTP/1.1" 200 532122 "-" "Googlebot/2.1 (+http://www.google.com/bot.html)"
66.249.66.215 - - [15/Mar/2022:20:15:18 +0100] "GET /uploads/Main/IC-Enterprise.pdf HTTP/1.1" 200 868608 "-" "Googlebot/2.1 (+http://www.google.com/bot.html)"
185.191.171.2 - - [15/Mar/2022:20:16:12 +0100] "GET /SpitalSchweiz/Index?n=Main.SideBar%3Faction%3Dedit HTTP/1.1" 302 157 "-" "Mozilla/5.0 (compatible; SemrushBot/7~bl; +http://www.semrush.com/bot.html)"
89.246.241.14 - - [15/Mar/2022:20:17:06 +0100] "GET /uploads/Main/Stellenbeschreibung_Ruby_ywesee_GmbH.pdf HTTP/1.1" 200 65223 "-" "Mozilla/5.0 (Windows NT 10.0; Win64; x64; rv:84.0) Gecko/20100101 Firefox/84.0"
185.191.171.36 - - [15/Mar/2022:20:17:24 +0100] "GET /Main/2017?action=edit HTTP/1.1" 403 18 "-" "Mozilla/5.0 (compatible; SemrushBot/7~bl; +http://www.semrush.com/bot.html)"
66.249.66.217 - - [15/Mar/2022:20:19:34 +0100] "GET /uploads/Main/Chaos_auf_dem_Medikamenten-Markt.pdf HTTP/1.1" 200 67922 "-" "Googlebot/2.1 (+http://www.google.com/bot.html)"
89.246.241.14 - - [15/Mar/2022:20:20:44 +0100] "GET /Main/2006?action=print HTTP/1.1" 200 34248 "-" "Mozilla/5.0 (Windows NT 10.0; Win64; x64; rv:84.0) Gecko/20100101 Firefox/84.0"
89.246.241.14 - - [15/Mar/2022:20:20:50 +0100] "GET /Main/2007?action=diff HTTP/1.1" 200 57691 "-" "Mozilla/5.0 (Windows NT 10.0; Win64; x64; rv:84.0) Gecko/20100101 Firefox/84.0"
66.249.66.198 - - [15/Mar/2022:20:21:06 +0100] "GET / HTTP/1.1" 200 11272 "-" "Mozilla/5.0 (compatible; Googlebot/2.1; +http://www.google.com/bot.html)"
89.246.241.14 - - [15/Mar/2022:20:22:50 +0100] "GET /Apotheke/POS HTTP/1.1" 200 11138 "-" "Mozilla/5.0 (Windows NT 10.0; Win64; x64; rv:84.0) Gecko/20100101 Firefox/84.0"
204.12.197.234 - - [15/Mar/2022:20:22:58 +0100] "GET /robots.txt HTTP/1.1" 200 - "-" "Mozilla/5.0 (compatible; MJ12bot/v1.4.8; http://mj12bot.com/)"
204.12.197.234 - - [15/Mar/2022:20:23:00 +0100] "GET /AIPS/Bestaetigung?action=edit HTTP/1.1" 403 18 "-" "Mozilla/5.0 (compatible; MJ12bot/v1.4.8; http://mj12bot.com/)"
204.12.197.234 - - [15/Mar/2022:20:23:11 +0100] "GET /Aips2sqlite/Index?action=edit HTTP/1.1" 403 18 "-" "Mozilla/5.0 (compatible; MJ12bot/v1.4.8; http://mj12bot.com/)"
204.12.197.234 - - [15/Mar/2022:20:23:14 +0100] "GET /Aips2sqlite/Release?action=edit HTTP/1.1" 403 18 "-" "Mozilla/5.0 (compatible; MJ12bot/v1.4.8; http://mj12bot.com/)"
204.12.197.234 - - [15/Mar/2022:20:23:16 +0100] "GET /AmiKo/Barcodes?action=edit HTTP/1.1" 403 18 "-" "Mozilla/5.0 (compatible; MJ12bot/v1.4.8; http://mj12bot.com/)"
204.12.197.234 - - [15/Mar/2022:20:23:18 +0100] "GET /AmiKo/Cpp2sqlite?action=edit HTTP/1.1" 403 18 "-" "Mozilla/5.0 (compatible; MJ12bot/v1.4.8; http://mj12bot.com/)"
66.249.66.217 - - [15/Mar/2022:20:23:24 +0100] "GET /uploads/Main/Bundesministerium_fuer_Gesundheit_16.2.2010.pdf HTTP/1.1" 200 378121 "-" "Googlebot/2.1 (+http://www.google.com/bot.html)"
204.12.197.234 - - [15/Mar/2022:20:23:25 +0100] "GET /AmiKo/Desktop?action=edit HTTP/1.1" 403 18 "-" "Mozilla/5.0 (compatible; MJ12bot/v1.4.8; http://mj12bot.com/)"
204.12.197.234 - - [15/Mar/2022:20:23:29 +0100] "GET /AmiKo/Flyer?action=edit HTTP/1.1" 403 18 "-" "Mozilla/5.0 (compatible; MJ12bot/v1.4.8; http://mj12bot.com/)"
204.12.197.234 - - [15/Mar/2022:20:23:33 +0100] "GET /AmiKo/OSXRezeptfunktion?action=edit HTTP/1.1" 403 18 "-" "Mozilla/5.0 (compatible; MJ12bot/v1.4.8; http://mj12bot.com/)"
204.12.197.234 - - [15/Mar/2022:20:23:36 +0100] "GET /AmiKo/OSXSatzexport?action=edit HTTP/1.1" 403 18 "-" "Mozilla/5.0 (compatible; MJ12bot/v1.4.8; http://mj12bot.com/)"
204.12.197.234 - - [15/Mar/2022:20:23:40 +0100] "GET /AmiKo/Privacy?action=edit HTTP/1.1" 403 18 "-" "Mozilla/5.0 (compatible; MJ12bot/v1.4.8; http://mj12bot.com/)"
204.12.197.234 - - [15/Mar/2022:20:23:47 +0100] "GET /Android/AmiKo?action=edit HTTP/1.1" 403 18 "-" "Mozilla/5.0 (compatible; MJ12bot/v1.4.8; http://mj12bot.com/)"
204.12.197.234 - - [15/Mar/2022:20:23:51 +0100] "GET /Android/CoMed?action=edit HTTP/1.1" 403 18 "-" "Mozilla/5.0 (compatible; MJ12bot/v1.4.8; http://mj12bot.com/)"
89.246.241.14 - - [15/Mar/2022:20:24:21 +0100] "GET /Main/2006?action=upload HTTP/1.1" 200 8737 "-" "Mozilla/5.0 (Windows NT 10.0; Win64; x64; rv:84.0) Gecko/20100101 Firefox/84.0"
89.246.241.14 - - [15/Mar/2022:20:24:56 +0100] "GET /uploads/Main/Deutsche_Pillen_sind_billiger.pdf HTTP/1.1" 200 144061 "-" "Mozilla/5.0 (Windows NT 10.0; Win64; x64; rv:84.0) Gecko/20100101 Firefox/84.0"
204.12.197.234 - - [15/Mar/2022:20:25:31 +0100] "GET /Hmg/67?action=edit HTTP/1.1" 403 18 "-" "Mozilla/5.0 (compatible; MJ12bot/v1.4.8; http://mj12bot.com/)"
204.12.197.234 - - [15/Mar/2022:20:25:39 +0100] "GET /HotelMarriott/27062013?action=edit HTTP/1.1" 403 18 "-" "Mozilla/5.0 (compatible; MJ12bot/v1.4.8; http://mj12bot.com/)"
204.12.197.234 - - [15/Mar/2022:20:25:47 +0100] "GET /MEDIupdateXML/Aerzte?action=edit HTTP/1.1" 403 18 "-" "Mozilla/5.0 (compatible; MJ12bot/v1.4.8; http://mj12bot.com/)"
204.12.197.234 - - [15/Mar/2022:20:25:51 +0100] "GET /Main/2005?action=edit HTTP/1.1" 403 18 "-" "Mozilla/5.0 (compatible; MJ12bot/v1.4.8; http://mj12bot.com/)"
204.12.197.234 - - [15/Mar/2022:20:25:52 +0100] "GET /Main/2007?action=edit HTTP/1.1" 403 18 "-" "Mozilla/5.0 (compatible; MJ12bot/v1.4.8; http://mj12bot.com/)"
204.12.197.234 - - [15/Mar/2022:20:25:54 +0100] "GET /Main/2018?action=edit HTTP/1.1" 403 18 "-" "Mozilla/5.0 (compatible; MJ12bot/v1.4.8; http://mj12bot.com/)"
204.12.197.234 - - [15/Mar/2022:20:25:55 +0100] "GET /Main/2019?action=edit HTTP/1.1" 403 18 "-" "Mozilla/5.0 (compatible; MJ12bot/v1.4.8; http://mj12bot.com/)"
204.12.197.234 - - [15/Mar/2022:20:25:57 +0100] "GET /Main/IPhone?action=edit HTTP/1.1" 403 18 "-" "Mozilla/5.0 (compatible; MJ12bot/v1.4.8; http://mj12bot.com/)"
204.12.197.234 - - [15/Mar/2022:20:25:59 +0100] "GET /Main/Index?action=edit HTTP/1.1" 403 18 "-" "Mozilla/5.0 (compatible; MJ12bot/v1.4.8; http://mj12bot.com/)"
204.12.197.234 - - [15/Mar/2022:20:26:06 +0100] "GET /Main/Kolumne?action=edit HTTP/1.1" 403 18 "-" "Mozilla/5.0 (compatible; MJ12bot/v1.4.8; http://mj12bot.com/)"
185.191.171.44 - - [15/Mar/2022:20:26:14 +0100] "GET /AmiKo/Cpp2sqlite?n=Main.SideBar%3Faction%3Dedit HTTP/1.1" 302 157 "-" "Mozilla/5.0 (compatible; SemrushBot/7~bl; +http://www.semrush.com/bot.html)"
204.12.197.234 - - [15/Mar/2022:20:26:14 +0100] "GET /Main/Linux?action=edit HTTP/1.1" 403 18 "-" "Mozilla/5.0 (compatible; MJ12bot/v1.4.8; http://mj12bot.com/)"
204.12.197.234 - - [15/Mar/2022:20:26:17 +0100] "GET /Main/MayoClinic?action=edit HTTP/1.1" 403 18 "-" "Mozilla/5.0 (compatible; MJ12bot/v1.4.8; http://mj12bot.com/)"
204.12.197.234 - - [15/Mar/2022:20:26:25 +0100] "GET /Main/MediStammdatenKostenSchweiz?action=edit HTTP/1.1" 403 18 "-" "Mozilla/5.0 (compatible; MJ12bot/v1.4.8; http://mj12bot.com/)"
204.12.197.234 - - [15/Mar/2022:20:26:31 +0100] "GET /Main/MiGel?action=edit HTTP/1.1" 403 18 "-" "Mozilla/5.0 (compatible; MJ12bot/v1.4.8; http://mj12bot.com/)"
204.12.197.234 - - [15/Mar/2022:20:26:34 +0100] "GET /Main/MyMedi?action=edit HTTP/1.1" 403 18 "-" "Mozilla/5.0 (compatible; MJ12bot/v1.4.8; http://mj12bot.com/)"
204.12.197.234 - - [15/Mar/2022:20:26:40 +0100] "GET /Main/NZZ?action=edit HTTP/1.1" 403 18 "-" "Mozilla/5.0 (compatible; MJ12bot/v1.4.8; http://mj12bot.com/)"
204.12.197.234 - - [15/Mar/2022:20:26:43 +0100] "GET /Main/OmixOcas?action=edit HTTP/1.1" 403 18 "-" "Mozilla/5.0 (compatible; MJ12bot/v1.4.8; http://mj12bot.com/)"
204.12.197.234 - - [15/Mar/2022:20:27:07 +0100] "GET /Main/Parsen?action=edit HTTP/1.1" 403 18 "-" "Mozilla/5.0 (compatible; MJ12bot/v1.4.8; http://mj12bot.com/)"
204.12.197.234 - - [15/Mar/2022:20:27:11 +0100] "GET /Main/PharmacodeVsEancode?action=edit HTTP/1.1" 403 18 "-" "Mozilla/5.0 (compatible; MJ12bot/v1.4.8; http://mj12bot.com/)"
204.12.197.234 - - [15/Mar/2022:20:27:14 +0100] "GET /Main/Phostal?action=edit HTTP/1.1" 403 18 "-" "Mozilla/5.0 (compatible; MJ12bot/v1.4.8; http://mj12bot.com/)"
204.12.197.234 - - [15/Mar/2022:20:27:24 +0100] "GET /Main/PublicDomainDataLife-Cycle?action=edit HTTP/1.1" 403 18 "-" "Mozilla/5.0 (compatible; MJ12bot/v1.4.8; http://mj12bot.com/)"
204.12.197.234 - - [15/Mar/2022:20:27:28 +0100] "GET /Main/Refdata?action=edit HTTP/1.1" 403 18 "-" "Mozilla/5.0 (compatible; MJ12bot/v1.4.8; http://mj12bot.com/)"
204.12.197.234 - - [15/Mar/2022:20:27:31 +0100] "GET /Main/ReplikSAEZ?action=edit HTTP/1.1" 403 18 "-" "Mozilla/5.0 (compatible; MJ12bot/v1.4.8; http://mj12bot.com/)"
204.12.197.234 - - [15/Mar/2022:20:27:37 +0100] "GET /Main/SL-Liste?action=edit HTTP/1.1" 403 18 "-" "Mozilla/5.0 (compatible; MJ12bot/v1.4.8; http://mj12bot.com/)"
204.12.197.234 - - [15/Mar/2022:20:27:41 +0100] "GET /Main/Saldo?action=edit HTTP/1.1" 403 18 "-" "Mozilla/5.0 (compatible; MJ12bot/v1.4.8; http://mj12bot.com/)"
204.12.197.234 - - [15/Mar/2022:20:27:47 +0100] "GET /Main/SideBar?action=edit HTTP/1.1" 403 18 "-" "Mozilla/5.0 (compatible; MJ12bot/v1.4.8; http://mj12bot.com/)"
204.12.197.234 - - [15/Mar/2022:20:27:50 +0100] "GET /Main/SocialMedia?action=edit HTTP/1.1" 403 18 "-" "Mozilla/5.0 (compatible; MJ12bot/v1.4.8; http://mj12bot.com/)"
66.249.66.217 - - [15/Mar/2022:20:28:54 +0100] "GET /uploads/Main/Einschreiben_Bfarm_15.1.2010.pdf HTTP/1.1" 200 421167 "-" "Googlebot/2.1 (+http://www.google.com/bot.html)"
204.12.197.234 - - [15/Mar/2022:20:29:00 +0100] "GET /Newsletter/10052017?action=edit HTTP/1.1" 403 18 "-" "Mozilla/5.0 (compatible; MJ12bot/v1.4.8; http://mj12bot.com/)"
66.249.66.217 - - [15/Mar/2022:20:29:05 +0100] "GET /uploads/Main/Praesentation_Swissmedic.pdf HTTP/1.1" 200 354113 "-" "Googlebot/2.1 (+http://www.google.com/bot.html)"
204.12.197.234 - - [15/Mar/2022:20:29:10 +0100] "GET /ODDB/BVGER?action=edit HTTP/1.1" 403 18 "-" "Mozilla/5.0 (compatible; MJ12bot/v1.4.8; http://mj12bot.com/)"
204.12.197.234 - - [15/Mar/2022:20:29:17 +0100] "GET /ODDB/Flow?action=edit HTTP/1.1" 403 18 "-" "Mozilla/5.0 (compatible; MJ12bot/v1.4.8; http://mj12bot.com/)"
204.12.197.234 - - [15/Mar/2022:20:29:27 +0100] "GET /ODDB/Index?action=edit HTTP/1.1" 403 18 "-" "Mozilla/5.0 (compatible; MJ12bot/v1.4.8; http://mj12bot.com/)"
204.12.197.234 - - [15/Mar/2022:20:29:30 +0100] "GET /ODDB/Pharmakokinetik?action=edit HTTP/1.1" 403 18 "-" "Mozilla/5.0 (compatible; MJ12bot/v1.4.8; http://mj12bot.com/)"
204.12.197.234 - - [15/Mar/2022:20:29:36 +0100] "GET /Oddb/OpenSourceSoftwareUndDatenImSchweizerGesundheitswesen?action=edit HTTP/1.1" 403 18 "-" "Mozilla/5.0 (compatible; MJ12bot/v1.4.8; http://mj12bot.com/)"
204.12.197.234 - - [15/Mar/2022:20:29:45 +0100] "GET /Oddb2xml/Bemerkungen?action=edit HTTP/1.1" 403 18 "-" "Mozilla/5.0 (compatible; MJ12bot/v1.4.8; http://mj12bot.com/)"
204.12.197.234 - - [15/Mar/2022:20:29:49 +0100] "GET /Oddb2xml/DatenDownload?action=edit HTTP/1.1" 403 18 "-" "Mozilla/5.0 (compatible; MJ12bot/v1.4.8; http://mj12bot.com/)"
89.246.241.14 - - [15/Mar/2022:20:29:51 +0100] "GET /Main/NZZ HTTP/1.1" 200 8325 "-" "Mozilla/5.0 (Windows NT 10.0; Win64; x64; rv:84.0) Gecko/20100101 Firefox/84.0"
204.12.197.234 - - [15/Mar/2022:20:29:52 +0100] "GET /Oddb2xml/Felder?action=edit HTTP/1.1" 403 18 "-" "Mozilla/5.0 (compatible; MJ12bot/v1.4.8; http://mj12bot.com/)"
204.12.197.234 - - [15/Mar/2022:20:29:56 +0100] "GET /Oddb2xml/Installation?action=edit HTTP/1.1" 403 18 "-" "Mozilla/5.0 (compatible; MJ12bot/v1.4.8; http://mj12bot.com/)"
204.12.197.234 - - [15/Mar/2022:20:30:02 +0100] "GET /Oddb2xml/Oddb2xmlCalc?action=edit HTTP/1.1" 403 18 "-" "Mozilla/5.0 (compatible; MJ12bot/v1.4.8; http://mj12bot.com/)"
204.12.197.234 - - [15/Mar/2022:20:30:05 +0100] "GET /Oddb2xml/Version?action=edit HTTP/1.1" 403 18 "-" "Mozilla/5.0 (compatible; MJ12bot/v1.4.8; http://mj12bot.com/)"
204.12.197.234 - - [15/Mar/2022:20:30:09 +0100] "GET /Oddb2xml/XSD?action=edit HTTP/1.1" 403 18 "-" "Mozilla/5.0 (compatible; MJ12bot/v1.4.8; http://mj12bot.com/)"
204.12.197.234 - - [15/Mar/2022:20:30:17 +0100] "GET /Pic2Shop/BarcodeScanner?action=edit HTTP/1.1" 403 18 "-" "Mozilla/5.0 (compatible; MJ12bot/v1.4.8; http://mj12bot.com/)"
89.246.241.14 - - [15/Mar/2022:20:31:34 +0100] "GET /Main/2005?action=print HTTP/1.1" 200 58097 "-" "Mozilla/5.0 (Windows NT 10.0; Win64; x64; rv:84.0) Gecko/20100101 Firefox/84.0"
89.246.241.14 - - [15/Mar/2022:20:31:56 +0100] "GET /Ywesee/IGM11 HTTP/1.1" 200 13051 "-" "Mozilla/5.0 (Windows NT 10.0; Win64; x64; rv:84.0) Gecko/20100101 Firefox/84.0"
89.246.241.14 - - [15/Mar/2022:20:32:19 +0100] "GET /uploads/Main/Seite_2.pdf HTTP/1.1" 200 1081044 "-" "Mozilla/5.0 (Windows NT 10.0; Win64; x64; rv:84.0) Gecko/20100101 Firefox/84.0"
66.249.66.219 - - [15/Mar/2022:20:32:44 +0100] "GET /uploads/Main/NON_SL_Preise_BVGER.pdf HTTP/1.1" 200 188805 "-" "Googlebot/2.1 (+http://www.google.com/bot.html)"
89.246.241.14 - - [15/Mar/2022:20:33:49 +0100] "GET /Main/2007?action=upload HTTP/1.1" 200 8737 "-" "Mozilla/5.0 (Windows NT 10.0; Win64; x64; rv:84.0) Gecko/20100101 Firefox/84.0"
204.12.197.234 - - [15/Mar/2022:20:42:28 +0100] "GET /PublicDomain/AIPS?action=edit HTTP/1.1" 403 18 "-" "Mozilla/5.0 (compatible; MJ12bot/v1.4.8; http://mj12bot.com/)"
204.12.197.234 - - [15/Mar/2022:20:43:12 +0100] "GET /PublicDomain/StammdatenFR?action=edit HTTP/1.1" 403 18 "-" "Mozilla/5.0 (compatible; MJ12bot/v1.4.8; http://mj12bot.com/)"
188.34.157.144 - - [15/Mar/2022:20:43:30 +0100] "GET / HTTP/1.1" 200 11272 "-" "page-preview-tool Mozilla/5.0 (Windows NT 10.0; Win64; x64) AppleWebKit/537.36 (KHTML, like Gecko) Chrome/80.0.3987.132 Safari/537.36"
204.12.197.234 - - [15/Mar/2022:20:44:07 +0100] "GET /Refdata/LoeschungFelder?action=edit HTTP/1.1" 403 18 "-" "Mozilla/5.0 (compatible; MJ12bot/v1.4.8; http://mj12bot.com/)"
204.12.197.234 - - [15/Mar/2022:20:44:53 +0100] "GET /Refdatabase/Index?action=edit HTTP/1.1" 403 18 "-" "Mozilla/5.0 (compatible; MJ12bot/v1.4.8; http://mj12bot.com/)"
204.12.197.234 - - [15/Mar/2022:20:45:02 +0100] "GET /Refdatabase/PharmacodeLoeschung?action=edit HTTP/1.1" 403 18 "-" "Mozilla/5.0 (compatible; MJ12bot/v1.4.8; http://mj12bot.com/)"
204.12.197.234 - - [15/Mar/2022:20:45:09 +0100] "GET /Scan2Post/MacOS?action=edit HTTP/1.1" 403 18 "-" "Mozilla/5.0 (compatible; MJ12bot/v1.4.8; http://mj12bot.com/)"
204.12.197.234 - - [15/Mar/2022:20:48:09 +0100] "GET /Site/FlashingBiosOfALinuxServer?action=edit HTTP/1.1" 403 18 "-" "Mozilla/5.0 (compatible; MJ12bot/v1.4.8; http://mj12bot.com/)"
204.12.197.234 - - [15/Mar/2022:20:52:38 +0100] "GET /Swissmedic/AIPSXMLImport?action=edit HTTP/1.1" 403 18 "-" "Mozilla/5.0 (compatible; MJ12bot/v1.4.8; http://mj12bot.com/)"
197.98.201.123 - - [15/Mar/2022:20:52:44 +0100] "GET /uploads/Arks/Arks_The_Game.pdf HTTP/1.1" 200 774337 "https://github.com/joe-the-ark/arks" "Mozilla/5.0 (Windows NT 10.0; Win64; x64) AppleWebKit/537.36 (KHTML, like Gecko) Chrome/99.0.4844.51 Safari/537.36"
197.98.201.123 - - [15/Mar/2022:20:52:47 +0100] "GET /favicon.ico HTTP/1.1" 200 1406 "https://www.ywesee.com/uploads/Arks/Arks_The_Game.pdf" "Mozilla/5.0 (Windows NT 10.0; Win64; x64) AppleWebKit/537.36 (KHTML, like Gecko) Chrome/99.0.4844.51 Safari/537.36"
204.12.197.234 - - [15/Mar/2022:20:53:24 +0100] "GET /Swissmedic/Aips2xml?action=edit HTTP/1.1" 403 18 "-" "Mozilla/5.0 (compatible; MJ12bot/v1.4.8; http://mj12bot.com/)"
204.12.197.234 - - [15/Mar/2022:20:53:27 +0100] "GET /Swissmedic/Dateninstitut?action=edit HTTP/1.1" 403 18 "-" "Mozilla/5.0 (compatible; MJ12bot/v1.4.8; http://mj12bot.com/)"
204.12.197.234 - - [15/Mar/2022:20:53:31 +0100] "GET /Swissmedic/Formatvorlagen?action=edit HTTP/1.1" 403 18 "-" "Mozilla/5.0 (compatible; MJ12bot/v1.4.8; http://mj12bot.com/)"
204.12.197.234 - - [15/Mar/2022:20:54:22 +0100] "GET /Ywesee/KurzFachinfo?action=edit HTTP/1.1" 403 18 "-" "Mozilla/5.0 (compatible; MJ12bot/v1.4.8; http://mj12bot.com/)"
204.12.197.234 - - [15/Mar/2022:20:54:26 +0100] "GET /Ywesee/ODBA?action=edit HTTP/1.1" 403 18 "-" "Mozilla/5.0 (compatible; MJ12bot/v1.4.8; http://mj12bot.com/)"
204.12.197.234 - - [15/Mar/2022:20:55:47 +0100] "GET /Ywesee/SBSM?action=edit HTTP/1.1" 403 18 "-" "Mozilla/5.0 (compatible; MJ12bot/v1.4.8; http://mj12bot.com/)"
157.55.39.52 - - [15/Mar/2022:21:09:10 +0100] "GET / HTTP/1.1" 200 11272 "-" "Mozilla/5.0 (compatible; bingbot/2.0; +http://www.bing.com/bingbot.htm)"
114.119.130.255 - - [15/Mar/2022:21:23:25 +0100] "GET /robots.txt HTTP/1.1" 200 - "-" "Mozilla/5.0 (compatible;PetalBot;+https://webmaster.petalsearch.com/site/petalbot)"
194.209.200.2 - - [15/Mar/2022:21:37:57 +0100] "GET /robots.txt HTTP/1.1" 200 - "-" "Mozilla/5.0 (compatible; TMMBot/0.2; +http://www.dslab.ch)/Nutch-1.15"
194.209.200.2 - - [15/Mar/2022:21:37:57 +0100] "GET /Main/2013 HTTP/1.1" 200 20487 "-" "Mozilla/5.0 (compatible; TMMBot/0.2; +http://www.dslab.ch)/Nutch-1.15"
185.191.171.45 - - [15/Mar/2022:21:38:19 +0100] "GET /robots.txt HTTP/1.1" 200 - "-" "Mozilla/5.0 (compatible; SemrushBot/7~bl; +http://www.semrush.com/bot.html)"
185.191.171.20 - - [15/Mar/2022:21:38:19 +0100] "GET /Main/MyMedi?action=print HTTP/1.1" 403 18 "-" "Mozilla/5.0 (compatible; SemrushBot/7~bl; +http://www.semrush.com/bot.html)"
157.55.39.52 - - [15/Mar/2022:21:40:44 +0100] "GET / HTTP/1.1" 200 11272 "-" "Mozilla/5.0 (compatible; bingbot/2.0; +http://www.bing.com/bingbot.htm)"
207.46.13.58 - - [15/Mar/2022:21:53:53 +0100] "GET /Main/Legende HTTP/1.1" 200 9217 "-" "Mozilla/5.0 (compatible; bingbot/2.0; +http://www.bing.com/bingbot.htm)"
5.188.62.21 - - [15/Mar/2022:21:55:58 +0100] "GET / HTTP/1.1" 200 11272 "-" "Mozilla/5.0 (Windows NT 6.0) AppleWebKit/537.36 (KHTML, like Gecko) Chrome/41.0.2228.0 Safari/537.36"
167.114.101.143 - - [15/Mar/2022:21:57:25 +0100] "GET /robots.txt HTTP/1.1" 200 - "-" "Mozilla/5.0 (compatible; MJ12bot/v1.4.8; http://mj12bot.com/)"
167.114.101.143 - - [15/Mar/2022:21:57:30 +0100] "GET /Main/BagSlPreise?action=edit HTTP/1.1" 403 18 "-" "Mozilla/5.0 (compatible; MJ12bot/v1.4.8; http://mj12bot.com/)"
167.114.101.143 - - [15/Mar/2022:21:58:18 +0100] "GET /Main/FAZ?action=edit HTTP/1.1" 403 18 "-" "Mozilla/5.0 (compatible; MJ12bot/v1.4.8; http://mj12bot.com/)"
167.114.101.143 - - [15/Mar/2022:21:58:49 +0100] "GET /Main/ForderungstabelleSpezialitaetenliste?action=edit HTTP/1.1" 403 18 "-" "Mozilla/5.0 (compatible; MJ12bot/v1.4.8; http://mj12bot.com/)"
167.114.101.143 - - [15/Mar/2022:21:59:55 +0100] "GET /Main/Gtin2atc?action=edit HTTP/1.1" 403 18 "-" "Mozilla/5.0 (compatible; MJ12bot/v1.4.8; http://mj12bot.com/)"
167.114.101.143 - - [15/Mar/2022:22:00:02 +0100] "GET /Main/Legende?action=edit HTTP/1.1" 403 18 "-" "Mozilla/5.0 (compatible; MJ12bot/v1.4.8; http://mj12bot.com/)"
167.114.101.143 - - [15/Mar/2022:22:00:23 +0100] "GET /Main/WekoBlogAntragAufErweiterung?action=edit HTTP/1.1" 403 18 "-" "Mozilla/5.0 (compatible; MJ12bot/v1.4.8; http://mj12bot.com/)"
167.114.101.143 - - [15/Mar/2022:22:00:47 +0100] "GET /Main/Xls2odat?action=edit HTTP/1.1" 403 18 "-" "Mozilla/5.0 (compatible; MJ12bot/v1.4.8; http://mj12bot.com/)"
167.114.101.143 - - [15/Mar/2022:22:01:11 +0100] "GET /Miele/History?action=edit HTTP/1.1" 403 18 "-" "Mozilla/5.0 (compatible; MJ12bot/v1.4.8; http://mj12bot.com/)"
167.114.101.143 - - [15/Mar/2022:22:01:20 +0100] "GET /Miele/Index?action=edit HTTP/1.1" 403 18 "-" "Mozilla/5.0 (compatible; MJ12bot/v1.4.8; http://mj12bot.com/)"
167.114.101.143 - - [15/Mar/2022:22:01:29 +0100] "GET /Miele/MieleLXIV?action=edit HTTP/1.1" 403 18 "-" "Mozilla/5.0 (compatible; MJ12bot/v1.4.8; http://mj12bot.com/)"
167.114.101.143 - - [15/Mar/2022:22:01:35 +0100] "GET /Miele/MieleLXIVScreenshots?action=edit HTTP/1.1" 403 18 "-" "Mozilla/5.0 (compatible; MJ12bot/v1.4.8; http://mj12bot.com/)"
167.114.101.143 - - [15/Mar/2022:22:01:42 +0100] "GET /ODDB/FachinfoAlsEbook?action=edit HTTP/1.1" 403 18 "-" "Mozilla/5.0 (compatible; MJ12bot/v1.4.8; http://mj12bot.com/)"
167.114.101.143 - - [15/Mar/2022:22:02:28 +0100] "GET /Software/ReplaceYourHDD?action=edit HTTP/1.1" 403 18 "-" "Mozilla/5.0 (compatible; MJ12bot/v1.4.8; http://mj12bot.com/)"
194.209.200.2 - - [15/Mar/2022:22:04:46 +0100] "GET /robots.txt HTTP/1.1" 200 - "-" "Mozilla/5.0 (compatible; TMMBot/0.2; +http://www.dslab.ch)/Nutch-1.15"
194.209.200.2 - - [15/Mar/2022:22:04:46 +0100] "GET /Generikacc/App HTTP/1.1" 200 11862 "-" "Mozilla/5.0 (compatible; TMMBot/0.2; +http://www.dslab.ch)/Nutch-1.15"
93.38.122.45 - - [15/Mar/2022:22:06:00 +0100] "GET /Miele/MieleLXIV HTTP/1.1" 200 15367 "https://medevel.com/miele-lxiv-dicom-macosx/" "Mozilla/5.0 (Macintosh; Intel Mac OS X 10_15_7) AppleWebKit/605.1.15 (KHTML, like Gecko) Version/15.3 Safari/605.1.15"
93.38.122.45 - - [15/Mar/2022:22:06:00 +0100] "GET /pub/skins/ywesee/gila.css HTTP/1.1" 200 8276 "https://www.ywesee.com/Miele/MieleLXIV" "Mozilla/5.0 (Macintosh; Intel Mac OS X 10_15_7) AppleWebKit/605.1.15 (KHTML, like Gecko) Version/15.3 Safari/605.1.15"
93.38.122.45 - - [15/Mar/2022:22:06:01 +0100] "GET /favicon.ico HTTP/1.1" 200 1406 "https://www.ywesee.com/Miele/MieleLXIV" "Mozilla/5.0 (Macintosh; Intel Mac OS X 10_15_7) AppleWebKit/605.1.15 (KHTML, like Gecko) Version/15.3 Safari/605.1.15"
89.246.241.14 - - [15/Mar/2022:22:07:36 +0100] "GET /MEDIupdateXML/Aerzte?action=print HTTP/1.1" 200 3025 "-" "Mozilla/5.0 (Windows NT 10.0; Win64; x64; rv:84.0) Gecko/20100101 Firefox/84.0"
212.115.42.244 - - [15/Mar/2022:22:07:59 +0100] "GET / HTTP/1.1" 200 11272 "-" "Mozilla/5.0 (Macintosh; Intel Mac OS X 10_11_5) AppleWebKit/537.36 (KHTML, like Gecko) Chrome/51.0.2704.84 Safari/537.36"
212.115.42.245 - - [15/Mar/2022:22:08:01 +0100] "GET /pub/skins/ywesee/gila.css HTTP/1.1" 200 8276 "https://ywesee.com/" "Mozilla/5.0 (Macintosh; Intel Mac OS X 10_11_5) AppleWebKit/537.36 (KHTML, like Gecko) Chrome/51.0.2704.84 Safari/537.36"
212.115.42.245 - - [15/Mar/2022:22:08:01 +0100] "GET /uploads/Main/yweseelogo.gif HTTP/1.1" 200 2982 "https://ywesee.com/" "Mozilla/5.0 (Macintosh; Intel Mac OS X 10_11_5) AppleWebKit/537.36 (KHTML, like Gecko) Chrome/51.0.2704.84 Safari/537.36"
207.46.13.114 - - [15/Mar/2022:22:20:39 +0100] "GET /ODDB/IntegrationLookAmpFeelGenerikasuche HTTP/1.1" 200 9097 "-" "Mozilla/5.0 (compatible; bingbot/2.0; +http://www.bing.com/bingbot.htm)"
85.208.98.18 - - [15/Mar/2022:22:20:46 +0100] "GET / HTTP/1.1" 200 11272 "-" "Mozilla/5.0 (compatible; SemrushBot; +http://www.semrush.com/bot.html)"
85.208.98.18 - - [15/Mar/2022:22:21:18 +0100] "HEAD /uploads/Main/B-2597_2017_fr.pdf HTTP/1.1" 200 - "-" "Mozilla/5.0 (compatible; SemrushBot; +http://www.semrush.com/bot.html)"
77.88.5.217 - - [15/Mar/2022:22:31:51 +0100] "GET /robots.txt HTTP/1.1" 200 - "-" "Mozilla/5.0 (compatible; YandexBot/3.0; +http://yandex.com/bots)"
77.88.5.217 - - [15/Mar/2022:22:31:55 +0100] "GET / HTTP/1.1" 200 11272 "-" "Mozilla/5.0 (compatible; YandexBot/3.0; +http://yandex.com/bots)"
194.209.200.2 - - [15/Mar/2022:22:42:57 +0100] "GET /robots.txt HTTP/1.1" 200 - "-" "Mozilla/5.0 (compatible; TMMBot/0.2; +http://www.dslab.ch)/Nutch-1.15"
194.209.200.2 - - [15/Mar/2022:22:42:57 +0100] "GET /Ausschreibung/SAI HTTP/1.1" 200 10366 "-" "Mozilla/5.0 (compatible; TMMBot/0.2; +http://www.dslab.ch)/Nutch-1.15"
95.223.74.68 - - [15/Mar/2022:22:49:53 +0100] "GET /Miele/MieleLXIV HTTP/1.1" 200 15367 "https://medevel.com/miele-lxiv-dicom-macosx/" "Mozilla/5.0 (Macintosh; Intel Mac OS X 10_15_7) AppleWebKit/537.36 (KHTML, like Gecko) Chrome/98.0.4758.102 Safari/537.36"
95.223.74.68 - - [15/Mar/2022:22:49:53 +0100] "GET /pub/skins/ywesee/gila.css HTTP/1.1" 200 8276 "https://www.ywesee.com/Miele/MieleLXIV" "Mozilla/5.0 (Macintosh; Intel Mac OS X 10_15_7) AppleWebKit/537.36 (KHTML, like Gecko) Chrome/98.0.4758.102 Safari/537.36"
95.223.74.68 - - [15/Mar/2022:22:49:54 +0100] "GET /favicon.ico HTTP/1.1" 200 1406 "https://www.ywesee.com/Miele/MieleLXIV" "Mozilla/5.0 (Macintosh; Intel Mac OS X 10_15_7) AppleWebKit/537.36 (KHTML, like Gecko) Chrome/98.0.4758.102 Safari/537.36"
95.223.74.68 - - [15/Mar/2022:22:50:31 +0100] "GET /Miele/MieleLXIV HTTP/1.1" 200 15367 "https://medevel.com/miele-lxiv-dicom-macosx/" "Mozilla/5.0 (Macintosh; Intel Mac OS X 10_15_7) AppleWebKit/537.36 (KHTML, like Gecko) Chrome/98.0.4758.102 Safari/537.36"
185.191.171.4 - - [15/Mar/2022:22:50:57 +0100] "GET /robots.txt HTTP/1.1" 200 - "-" "Mozilla/5.0 (compatible; SemrushBot/7~bl; +http://www.semrush.com/bot.html)"
185.191.171.6 - - [15/Mar/2022:22:50:58 +0100] "GET /Ywesee/Team?action=diff HTTP/1.1" 403 18 "-" "Mozilla/5.0 (compatible; SemrushBot/7~bl; +http://www.semrush.com/bot.html)"
185.191.171.2 - - [15/Mar/2022:23:09:28 +0100] "GET /SpitalSchweiz/AnzahlNeugeborene2012?n=Main.SideBar%3Faction%3Dedit HTTP/1.1" 302 157 "-" "Mozilla/5.0 (compatible; SemrushBot/7~bl; +http://www.semrush.com/bot.html)"
157.55.39.52 - - [15/Mar/2022:23:13:43 +0100] "GET / HTTP/1.1" 200 11272 "-" "Mozilla/5.0 (compatible; bingbot/2.0; +http://www.bing.com/bingbot.htm)"
34.212.83.225 - - [15/Mar/2022:23:15:41 +0100] "GET / HTTP/1.1" 200 11272 "-" "Mozilla/5.0 (X11; Linux x86_64) AppleWebKit/537.36 (KHTML, like Gecko) Chrome/83.0.4103.97 Safari/537.36"
185.191.171.38 - - [15/Mar/2022:23:19:06 +0100] "GET /HotelMarriott/27062013?action=edit HTTP/1.1" 403 18 "-" "Mozilla/5.0 (compatible; SemrushBot/7~bl; +http://www.semrush.com/bot.html)"
104.224.66.109 - - [15/Mar/2022:23:22:32 +0100] "GET / HTTP/1.1" 200 11272 "-" "Mozilla/5.0 (Windows NT 10.0; Win64; x64) AppleWebKit/537.36 (KHTML, like Gecko) Chrome/46.0.2486.0 Safari/537.36 Edge/13.10586"
107.172.123.63 - - [15/Mar/2022:23:22:32 +0100] "GET / HTTP/1.1" 200 11272 "-" "Mozilla/5.0 (X11; Ubuntu; Linux x86_64; rv:43.0) Gecko/20100101 Firefox/43.0"
172.121.208.24 - - [15/Mar/2022:23:22:35 +0100] "GET / HTTP/1.1" 200 11272 "-" "Mozilla/5.0 (X11; Ubuntu; Linux x86_64; rv:43.0) Gecko/20100101 Firefox/43.0"
104.222.162.173 - - [15/Mar/2022:23:22:36 +0100] "GET / HTTP/1.1" 200 11272 "-" "Mozilla/5.0 (Windows; U; Windows NT 5.0; en-US; rv:1.4b) Gecko/20030516 Mozilla Firebird/0.6"
172.121.208.24 - - [15/Mar/2022:23:22:46 +0100] "GET /robots.txt HTTP/1.1" 200 - "https://ywesee.com/" "Mozilla/5.0 (X11; Ubuntu; Linux x86_64; rv:43.0) Gecko/20100101 Firefox/43.0"
172.121.208.24 - - [15/Mar/2022:23:22:46 +0100] "GET / HTTP/1.1" 200 11272 "-" "Mozilla/5.0 (X11; Ubuntu; Linux x86_64; rv:43.0) Gecko/20100101 Firefox/43.0"
104.222.162.173 - - [15/Mar/2022:23:22:48 +0100] "GET /robots.txt HTTP/1.1" 200 - "https://www.ywesee.com/" "Mozilla/5.0 (Windows; U; Windows NT 5.0; en-US; rv:1.4b) Gecko/20030516 Mozilla Firebird/0.6"
104.222.162.173 - - [15/Mar/2022:23:22:49 +0100] "GET / HTTP/1.1" 200 11272 "-" "Mozilla/5.0 (Windows; U; Windows NT 5.0; en-US; rv:1.4b) Gecko/20030516 Mozilla Firebird/0.6"
104.222.162.173 - - [15/Mar/2022:23:23:08 +0100] "GET /AmiKo/Windows HTTP/1.1" 200 10332 "-" "Mozilla/5.0 (Windows; U; Windows NT 5.0; en-US; rv:1.4b) Gecko/20030516 Mozilla Firebird/0.6"
185.191.171.16 - - [15/Mar/2022:23:35:23 +0100] "GET /Swissmedic/Aips2xml?action=diff HTTP/1.1" 403 18 "-" "Mozilla/5.0 (compatible; SemrushBot/7~bl; +http://www.semrush.com/bot.html)"
85.208.98.16 - - [15/Mar/2022:23:35:56 +0100] "GET / HTTP/1.1" 200 11272 "-" "Mozilla/5.0 (compatible; SemrushBot-BA; +http://www.semrush.com/bot.html)"
77.88.5.217 - - [15/Mar/2022:23:44:19 +0100] "GET / HTTP/1.1" 200 11272 "-" "Mozilla/5.0 (compatible; YandexBot/3.0; +http://yandex.com/bots)"
51.222.253.19 - - [15/Mar/2022:23:48:59 +0100] "GET /robots.txt HTTP/1.1" 200 - "-" "Mozilla/5.0 (compatible; AhrefsBot/7.0; +http://ahrefs.com/robot/)"
54.36.148.51 - - [15/Mar/2022:23:49:00 +0100] "GET / HTTP/1.1" 200 11272 "-" "Mozilla/5.0 (compatible; AhrefsBot/7.0; +http://ahrefs.com/robot/)"
66.249.66.217 - - [15/Mar/2022:23:59:45 +0100] "GET /robots.txt HTTP/1.1" 200 - "-" "Mozilla/5.0 (compatible; Googlebot/2.1; +http://www.google.com/bot.html)"
66.249.66.215 - - [15/Mar/2022:23:59:45 +0100] "GET /Miele/MieleLXIV HTTP/1.1" 200 15367 "-" "Mozilla/5.0 (Linux; Android 6.0.1; Nexus 5X Build/MMB29P) AppleWebKit/537.36 (KHTML, like Gecko) Chrome/99.0.4844.51 Mobile Safari/537.36 (compatible; Googlebot/2.1; +http://www.google.com/bot.html)"
