65.108.64.210 - - [22/Dec/2022:15:06:30 +0100] "GET /PmWiki/InterMap?action=edit HTTP/1.1" 403 18 "-" "Mozilla/5.0 (compatible; MJ12bot/v1.4.8; http://mj12bot.com/)"
65.108.64.210 - - [22/Dec/2022:15:06:33 +0100] "GET /PmWiki/Internationalizations?action=edit HTTP/1.1" 403 18 "-" "Mozilla/5.0 (compatible; MJ12bot/v1.4.8; http://mj12bot.com/)"
65.108.64.210 - - [22/Dec/2022:15:06:36 +0100] "GET /PmWiki/Introduction?action=edit HTTP/1.1" 403 18 "-" "Mozilla/5.0 (compatible; MJ12bot/v1.4.8; http://mj12bot.com/)"
65.108.64.210 - - [22/Dec/2022:15:06:38 +0100] "GET /PmWiki/Introduction?action=edit HTTP/1.1" 403 18 "-" "Mozilla/5.0 (compatible; MJ12bot/v1.4.8; http://mj12bot.com/)"
65.108.64.210 - - [22/Dec/2022:15:06:41 +0100] "GET /PmWiki/LayoutVariables?action=edit HTTP/1.1" 403 18 "-" "Mozilla/5.0 (compatible; MJ12bot/v1.4.8; http://mj12bot.com/)"
65.108.64.210 - - [22/Dec/2022:15:06:44 +0100] "GET /PmWiki/LinkVariables?action=edit HTTP/1.1" 403 18 "-" "Mozilla/5.0 (compatible; MJ12bot/v1.4.8; http://mj12bot.com/)"
65.108.64.210 - - [22/Dec/2022:15:06:47 +0100] "GET /PmWiki/Links?action=edit HTTP/1.1" 403 18 "-" "Mozilla/5.0 (compatible; MJ12bot/v1.4.8; http://mj12bot.com/)"
65.108.64.210 - - [22/Dec/2022:15:06:49 +0100] "GET /PmWiki/Links?action=edit HTTP/1.1" 403 18 "-" "Mozilla/5.0 (compatible; MJ12bot/v1.4.8; http://mj12bot.com/)"
65.108.64.210 - - [22/Dec/2022:15:06:53 +0100] "GET /PmWiki/LocalCustomizations?action=edit HTTP/1.1" 403 18 "-" "Mozilla/5.0 (compatible; MJ12bot/v1.4.8; http://mj12bot.com/)"
65.108.64.210 - - [22/Dec/2022:15:06:54 +0100] "GET /PmWiki/LocalCustomizations?action=edit HTTP/1.1" 403 18 "-" "Mozilla/5.0 (compatible; MJ12bot/v1.4.8; http://mj12bot.com/)"
65.108.64.210 - - [22/Dec/2022:15:06:58 +0100] "GET /PmWiki/MailPosts?action=edit HTTP/1.1" 403 18 "-" "Mozilla/5.0 (compatible; MJ12bot/v1.4.8; http://mj12bot.com/)"
65.108.64.210 - - [22/Dec/2022:15:07:01 +0100] "GET /PmWiki/MailingLists?action=edit HTTP/1.1" 403 18 "-" "Mozilla/5.0 (compatible; MJ12bot/v1.4.8; http://mj12bot.com/)"
65.108.64.210 - - [22/Dec/2022:15:07:04 +0100] "GET /PmWiki/MarkupExpressions?action=edit HTTP/1.1" 403 18 "-" "Mozilla/5.0 (compatible; MJ12bot/v1.4.8; http://mj12bot.com/)"
65.108.64.210 - - [22/Dec/2022:15:07:07 +0100] "GET /PmWiki/MarkupMasterIndex?action=edit HTTP/1.1" 403 18 "-" "Mozilla/5.0 (compatible; MJ12bot/v1.4.8; http://mj12bot.com/)"
65.108.64.210 - - [22/Dec/2022:15:07:09 +0100] "GET /PmWiki/MarkupMasterIndex?action=edit HTTP/1.1" 403 18 "-" "Mozilla/5.0 (compatible; MJ12bot/v1.4.8; http://mj12bot.com/)"
65.108.64.210 - - [22/Dec/2022:15:07:12 +0100] "GET /PmWiki/MarkupVariables?action=edit HTTP/1.1" 403 18 "-" "Mozilla/5.0 (compatible; MJ12bot/v1.4.8; http://mj12bot.com/)"
65.108.64.210 - - [22/Dec/2022:15:07:15 +0100] "GET /PmWiki/Notify?action=edit HTTP/1.1" 403 18 "-" "Mozilla/5.0 (compatible; MJ12bot/v1.4.8; http://mj12bot.com/)"
65.108.64.210 - - [22/Dec/2022:15:07:18 +0100] "GET /PmWiki/OtherVariables?action=edit HTTP/1.1" 403 18 "-" "Mozilla/5.0 (compatible; MJ12bot/v1.4.8; http://mj12bot.com/)"
65.108.64.210 - - [22/Dec/2022:15:07:22 +0100] "GET /PmWiki/PageDirectives?action=edit HTTP/1.1" 403 18 "-" "Mozilla/5.0 (compatible; MJ12bot/v1.4.8; http://mj12bot.com/)"
65.108.64.210 - - [22/Dec/2022:15:07:25 +0100] "GET /PmWiki/PageFileFormat?action=edit HTTP/1.1" 403 18 "-" "Mozilla/5.0 (compatible; MJ12bot/v1.4.8; http://mj12bot.com/)"
65.108.64.210 - - [22/Dec/2022:15:07:28 +0100] "GET /PmWiki/PageHistory?action=edit HTTP/1.1" 403 18 "-" "Mozilla/5.0 (compatible; MJ12bot/v1.4.8; http://mj12bot.com/)"
65.108.64.210 - - [22/Dec/2022:15:07:31 +0100] "GET /PmWiki/PageListTemplates?action=edit HTTP/1.1" 403 18 "-" "Mozilla/5.0 (compatible; MJ12bot/v1.4.8; http://mj12bot.com/)"
65.108.64.210 - - [22/Dec/2022:15:07:35 +0100] "GET /PmWiki/PageLists?action=edit HTTP/1.1" 403 18 "-" "Mozilla/5.0 (compatible; MJ12bot/v1.4.8; http://mj12bot.com/)"
65.108.64.210 - - [22/Dec/2022:15:07:36 +0100] "GET /PmWiki/PageLists?action=edit HTTP/1.1" 403 18 "-" "Mozilla/5.0 (compatible; MJ12bot/v1.4.8; http://mj12bot.com/)"
65.108.64.210 - - [22/Dec/2022:15:07:39 +0100] "GET /PmWiki/PageTextVariables?action=edit HTTP/1.1" 403 18 "-" "Mozilla/5.0 (compatible; MJ12bot/v1.4.8; http://mj12bot.com/)"
65.108.64.210 - - [22/Dec/2022:15:07:41 +0100] "GET /PmWiki/PageTextVariables?action=edit HTTP/1.1" 403 18 "-" "Mozilla/5.0 (compatible; MJ12bot/v1.4.8; http://mj12bot.com/)"
65.108.64.210 - - [22/Dec/2022:15:07:44 +0100] "GET /PmWiki/PageVariables?action=edit HTTP/1.1" 403 18 "-" "Mozilla/5.0 (compatible; MJ12bot/v1.4.8; http://mj12bot.com/)"
65.108.64.210 - - [22/Dec/2022:15:07:47 +0100] "GET /PmWiki/PagelistVariables?action=edit HTTP/1.1" 403 18 "-" "Mozilla/5.0 (compatible; MJ12bot/v1.4.8; http://mj12bot.com/)"
65.108.64.210 - - [22/Dec/2022:15:07:51 +0100] "GET /PmWiki/Passwords?action=edit HTTP/1.1" 403 18 "-" "Mozilla/5.0 (compatible; MJ12bot/v1.4.8; http://mj12bot.com/)"
65.108.64.210 - - [22/Dec/2022:15:07:54 +0100] "GET /PmWiki/PasswordsAdmin?action=edit HTTP/1.1" 403 18 "-" "Mozilla/5.0 (compatible; MJ12bot/v1.4.8; http://mj12bot.com/)"
65.108.64.210 - - [22/Dec/2022:15:07:57 +0100] "GET /PmWiki/PathVariables?action=edit HTTP/1.1" 403 18 "-" "Mozilla/5.0 (compatible; MJ12bot/v1.4.8; http://mj12bot.com/)"
65.108.64.210 - - [22/Dec/2022:15:08:00 +0100] "GET /PmWiki/PatrickMichaud?action=edit HTTP/1.1" 403 18 "-" "Mozilla/5.0 (compatible; MJ12bot/v1.4.8; http://mj12bot.com/)"
65.108.64.210 - - [22/Dec/2022:15:08:04 +0100] "GET /PmWiki/PmWiki?action=edit HTTP/1.1" 403 18 "-" "Mozilla/5.0 (compatible; MJ12bot/v1.4.8; http://mj12bot.com/)"
65.108.64.210 - - [22/Dec/2022:15:08:07 +0100] "GET /PmWiki/PmWikiPhilosophy?action=edit HTTP/1.1" 403 18 "-" "Mozilla/5.0 (compatible; MJ12bot/v1.4.8; http://mj12bot.com/)"
65.108.64.210 - - [22/Dec/2022:15:08:11 +0100] "GET /PmWiki/RSS?action=edit HTTP/1.1" 403 18 "-" "Mozilla/5.0 (compatible; MJ12bot/v1.4.8; http://mj12bot.com/)"
65.108.64.210 - - [22/Dec/2022:15:08:14 +0100] "GET /PmWiki/RefCount?action=edit HTTP/1.1" 403 18 "-" "Mozilla/5.0 (compatible; MJ12bot/v1.4.8; http://mj12bot.com/)"
65.108.64.210 - - [22/Dec/2022:15:08:17 +0100] "GET /PmWiki/ReleaseNotes?action=edit HTTP/1.1" 403 18 "-" "Mozilla/5.0 (compatible; MJ12bot/v1.4.8; http://mj12bot.com/)"
65.108.64.210 - - [22/Dec/2022:15:08:20 +0100] "GET /PmWiki/Requirements?action=edit HTTP/1.1" 403 18 "-" "Mozilla/5.0 (compatible; MJ12bot/v1.4.8; http://mj12bot.com/)"
65.108.64.210 - - [22/Dec/2022:15:08:23 +0100] "GET /PmWiki/Search?action=edit HTTP/1.1" 403 18 "-" "Mozilla/5.0 (compatible; MJ12bot/v1.4.8; http://mj12bot.com/)"
65.108.64.210 - - [22/Dec/2022:15:08:26 +0100] "GET /PmWiki/Security?action=edit HTTP/1.1" 403 18 "-" "Mozilla/5.0 (compatible; MJ12bot/v1.4.8; http://mj12bot.com/)"
65.108.64.210 - - [22/Dec/2022:15:08:30 +0100] "GET /PmWiki/SecurityVariables?action=edit HTTP/1.1" 403 18 "-" "Mozilla/5.0 (compatible; MJ12bot/v1.4.8; http://mj12bot.com/)"
65.108.64.210 - - [22/Dec/2022:15:08:33 +0100] "GET /PmWiki/SimpleTables2?action=edit HTTP/1.1" 403 18 "-" "Mozilla/5.0 (compatible; MJ12bot/v1.4.8; http://mj12bot.com/)"
65.108.64.210 - - [22/Dec/2022:15:08:36 +0100] "GET /PmWiki/SimpleTables?action=edit HTTP/1.1" 403 18 "-" "Mozilla/5.0 (compatible; MJ12bot/v1.4.8; http://mj12bot.com/)"
65.108.64.210 - - [22/Dec/2022:15:08:39 +0100] "GET /PmWiki/SimultaneousEdits?action=edit HTTP/1.1" 403 18 "-" "Mozilla/5.0 (compatible; MJ12bot/v1.4.8; http://mj12bot.com/)"
65.108.64.210 - - [22/Dec/2022:15:08:42 +0100] "GET /PmWiki/SitePageActions?action=edit HTTP/1.1" 403 18 "-" "Mozilla/5.0 (compatible; MJ12bot/v1.4.8; http://mj12bot.com/)"
65.108.64.210 - - [22/Dec/2022:15:08:46 +0100] "GET /PmWiki/SitePreferences?action=edit HTTP/1.1" 403 18 "-" "Mozilla/5.0 (compatible; MJ12bot/v1.4.8; http://mj12bot.com/)"
65.108.64.210 - - [22/Dec/2022:15:08:49 +0100] "GET /PmWiki/SkinTemplates?action=edit HTTP/1.1" 403 18 "-" "Mozilla/5.0 (compatible; MJ12bot/v1.4.8; http://mj12bot.com/)"
65.108.64.210 - - [22/Dec/2022:15:08:52 +0100] "GET /PmWiki/Skins?action=edit HTTP/1.1" 403 18 "-" "Mozilla/5.0 (compatible; MJ12bot/v1.4.8; http://mj12bot.com/)"
65.108.64.210 - - [22/Dec/2022:15:08:55 +0100] "GET /PmWiki/SpecialCharacters?action=edit HTTP/1.1" 403 18 "-" "Mozilla/5.0 (compatible; MJ12bot/v1.4.8; http://mj12bot.com/)"
65.108.64.210 - - [22/Dec/2022:15:08:58 +0100] "GET /PmWiki/SpecialMarkups?action=edit HTTP/1.1" 403 18 "-" "Mozilla/5.0 (compatible; MJ12bot/v1.4.8; http://mj12bot.com/)"
65.108.64.210 - - [22/Dec/2022:15:09:02 +0100] "GET /PmWiki/TableDirectives?action=edit HTTP/1.1" 403 18 "-" "Mozilla/5.0 (compatible; MJ12bot/v1.4.8; http://mj12bot.com/)"
65.108.64.210 - - [22/Dec/2022:15:09:05 +0100] "GET /PmWiki/Tables?action=edit HTTP/1.1" 403 18 "-" "Mozilla/5.0 (compatible; MJ12bot/v1.4.8; http://mj12bot.com/)"
65.108.64.210 - - [22/Dec/2022:15:09:08 +0100] "GET /PmWiki/TextFormattingRules?action=edit HTTP/1.1" 403 18 "-" "Mozilla/5.0 (compatible; MJ12bot/v1.4.8; http://mj12bot.com/)"
65.108.64.210 - - [22/Dec/2022:15:09:11 +0100] "GET /PmWiki/TipsForEditing?action=edit HTTP/1.1" 403 18 "-" "Mozilla/5.0 (compatible; MJ12bot/v1.4.8; http://mj12bot.com/)"
65.108.64.210 - - [22/Dec/2022:15:09:15 +0100] "GET /PmWiki/Troubleshooting?action=edit HTTP/1.1" 403 18 "-" "Mozilla/5.0 (compatible; MJ12bot/v1.4.8; http://mj12bot.com/)"
65.108.64.210 - - [22/Dec/2022:15:09:18 +0100] "GET /PmWiki/UTF-8?action=edit HTTP/1.1" 403 18 "-" "Mozilla/5.0 (compatible; MJ12bot/v1.4.8; http://mj12bot.com/)"
65.108.64.210 - - [22/Dec/2022:15:09:21 +0100] "GET /PmWiki/Upgrades?action=edit HTTP/1.1" 403 18 "-" "Mozilla/5.0 (compatible; MJ12bot/v1.4.8; http://mj12bot.com/)"
65.108.64.210 - - [22/Dec/2022:15:09:24 +0100] "GET /PmWiki/UploadVariables?action=edit HTTP/1.1" 403 18 "-" "Mozilla/5.0 (compatible; MJ12bot/v1.4.8; http://mj12bot.com/)"
65.108.64.210 - - [22/Dec/2022:15:09:29 +0100] "GET /PmWiki/Uploads?action=edit HTTP/1.1" 403 18 "-" "Mozilla/5.0 (compatible; MJ12bot/v1.4.8; http://mj12bot.com/)"
65.108.64.210 - - [22/Dec/2022:15:09:32 +0100] "GET /PmWiki/UploadsAdmin?action=edit HTTP/1.1" 403 18 "-" "Mozilla/5.0 (compatible; MJ12bot/v1.4.8; http://mj12bot.com/)"
65.108.64.210 - - [22/Dec/2022:15:09:35 +0100] "GET /PmWiki/UrlApprovals?action=edit HTTP/1.1" 403 18 "-" "Mozilla/5.0 (compatible; MJ12bot/v1.4.8; http://mj12bot.com/)"
65.108.64.210 - - [22/Dec/2022:15:09:39 +0100] "GET /PmWiki/Variables?action=edit HTTP/1.1" 403 18 "-" "Mozilla/5.0 (compatible; MJ12bot/v1.4.8; http://mj12bot.com/)"
65.108.64.210 - - [22/Dec/2022:15:09:42 +0100] "GET /PmWiki/Version?action=edit HTTP/1.1" 403 18 "-" "Mozilla/5.0 (compatible; MJ12bot/v1.4.8; http://mj12bot.com/)"
65.108.64.210 - - [22/Dec/2022:15:09:45 +0100] "GET /PmWiki/WebFeeds?action=edit HTTP/1.1" 403 18 "-" "Mozilla/5.0 (compatible; MJ12bot/v1.4.8; http://mj12bot.com/)"
65.108.64.210 - - [22/Dec/2022:15:09:48 +0100] "GET /PmWiki/WikiAdministrator?action=edit HTTP/1.1" 403 18 "-" "Mozilla/5.0 (compatible; MJ12bot/v1.4.8; http://mj12bot.com/)"
65.108.64.210 - - [22/Dec/2022:15:09:52 +0100] "GET /PmWiki/WikiFarmTerminology?action=edit HTTP/1.1" 403 18 "-" "Mozilla/5.0 (compatible; MJ12bot/v1.4.8; http://mj12bot.com/)"
65.108.64.210 - - [22/Dec/2022:15:09:56 +0100] "GET /PmWiki/WikiFarms?action=edit HTTP/1.1" 403 18 "-" "Mozilla/5.0 (compatible; MJ12bot/v1.4.8; http://mj12bot.com/)"
65.108.64.210 - - [22/Dec/2022:15:09:59 +0100] "GET /PmWiki/WikiGroup?action=edit HTTP/1.1" 403 18 "-" "Mozilla/5.0 (compatible; MJ12bot/v1.4.8; http://mj12bot.com/)"
65.108.64.210 - - [22/Dec/2022:15:10:02 +0100] "GET /PmWiki/WikiNature?action=edit HTTP/1.1" 403 18 "-" "Mozilla/5.0 (compatible; MJ12bot/v1.4.8; http://mj12bot.com/)"
65.108.64.210 - - [22/Dec/2022:15:10:06 +0100] "GET /PmWiki/WikiPage?action=edit HTTP/1.1" 403 18 "-" "Mozilla/5.0 (compatible; MJ12bot/v1.4.8; http://mj12bot.com/)"
65.108.64.210 - - [22/Dec/2022:15:10:09 +0100] "GET /PmWiki/WikiStructure?action=edit HTTP/1.1" 403 18 "-" "Mozilla/5.0 (compatible; MJ12bot/v1.4.8; http://mj12bot.com/)"
65.108.64.210 - - [22/Dec/2022:15:10:12 +0100] "GET /PmWiki/WikiStyleExamples?action=edit HTTP/1.1" 403 18 "-" "Mozilla/5.0 (compatible; MJ12bot/v1.4.8; http://mj12bot.com/)"
65.108.64.210 - - [22/Dec/2022:15:10:16 +0100] "GET /PmWiki/WikiStyles?action=edit HTTP/1.1" 403 18 "-" "Mozilla/5.0 (compatible; MJ12bot/v1.4.8; http://mj12bot.com/)"
65.108.64.210 - - [22/Dec/2022:15:10:17 +0100] "GET /PmWiki/WikiStyles?action=edit HTTP/1.1" 403 18 "-" "Mozilla/5.0 (compatible; MJ12bot/v1.4.8; http://mj12bot.com/)"
65.108.64.210 - - [22/Dec/2022:15:10:20 +0100] "GET /PmWiki/WikiTrails?action=edit HTTP/1.1" 403 18 "-" "Mozilla/5.0 (compatible; MJ12bot/v1.4.8; http://mj12bot.com/)"
65.108.64.210 - - [22/Dec/2022:15:10:24 +0100] "GET /PmWiki/WikiWikiWeb?action=edit HTTP/1.1" 403 18 "-" "Mozilla/5.0 (compatible; MJ12bot/v1.4.8; http://mj12bot.com/)"
65.108.64.210 - - [22/Dec/2022:15:10:27 +0100] "GET /PmWiki/WikiWord?action=edit HTTP/1.1" 403 18 "-" "Mozilla/5.0 (compatible; MJ12bot/v1.4.8; http://mj12bot.com/)"
65.108.64.210 - - [22/Dec/2022:15:10:30 +0100] "GET /Profiles/Zeno?action=edit HTTP/1.1" 403 18 "-" "Mozilla/5.0 (compatible; MJ12bot/v1.4.8; http://mj12bot.com/)"
89.246.241.14 - - [22/Dec/2022:15:10:31 +0100] "GET /Main/Home?action=upload HTTP/1.1" 200 8738 "-" "Mozilla/5.0 (Windows NT 10.0; Win64; x64; rv:101.0) Gecko/20100101 Firefox/101.0"
65.108.64.210 - - [22/Dec/2022:15:10:33 +0100] "GET /RedLaser/BarcodeScanner?action=edit HTTP/1.1" 403 18 "-" "Mozilla/5.0 (compatible; MJ12bot/v1.4.8; http://mj12bot.com/)"
65.108.64.210 - - [22/Dec/2022:15:10:35 +0100] "GET /RedLaser/BarcodeScanner?action=edit HTTP/1.1" 403 18 "-" "Mozilla/5.0 (compatible; MJ12bot/v1.4.8; http://mj12bot.com/)"
65.108.64.210 - - [22/Dec/2022:15:10:39 +0100] "GET /RedLaser/RedLaser?action=edit HTTP/1.1" 403 18 "-" "Mozilla/5.0 (compatible; MJ12bot/v1.4.8; http://mj12bot.com/)"
65.108.64.210 - - [22/Dec/2022:15:10:42 +0100] "GET /Refdata/LoeschungFelder?action=edit HTTP/1.1" 403 18 "-" "Mozilla/5.0 (compatible; MJ12bot/v1.4.8; http://mj12bot.com/)"
65.108.64.210 - - [22/Dec/2022:15:10:45 +0100] "GET /Refdata/PreisMwst?action=edit HTTP/1.1" 403 18 "-" "Mozilla/5.0 (compatible; MJ12bot/v1.4.8; http://mj12bot.com/)"
65.108.64.210 - - [22/Dec/2022:15:10:48 +0100] "GET /Refdatabase/Index?action=edit HTTP/1.1" 403 18 "-" "Mozilla/5.0 (compatible; MJ12bot/v1.4.8; http://mj12bot.com/)"
65.108.64.210 - - [22/Dec/2022:15:10:50 +0100] "GET /Refdatabase/Index?action=edit HTTP/1.1" 403 18 "-" "Mozilla/5.0 (compatible; MJ12bot/v1.4.8; http://mj12bot.com/)"
65.108.64.210 - - [22/Dec/2022:15:10:53 +0100] "GET /Refdatabase/PharmacodeLoeschung?action=edit HTTP/1.1" 403 18 "-" "Mozilla/5.0 (compatible; MJ12bot/v1.4.8; http://mj12bot.com/)"
65.108.64.210 - - [22/Dec/2022:15:10:56 +0100] "GET /Software/BBMB?action=edit HTTP/1.1" 403 18 "-" "Mozilla/5.0 (compatible; MJ12bot/v1.4.8; http://mj12bot.com/)"
65.108.64.210 - - [22/Dec/2022:15:10:58 +0100] "GET /Software/BBMB?action=edit HTTP/1.1" 403 18 "-" "Mozilla/5.0 (compatible; MJ12bot/v1.4.8; http://mj12bot.com/)"
65.108.64.210 - - [22/Dec/2022:15:11:01 +0100] "GET /Software/BootableGentooUsbStickGrub?action=edit HTTP/1.1" 403 18 "-" "Mozilla/5.0 (compatible; MJ12bot/v1.4.8; http://mj12bot.com/)"
65.108.64.210 - - [22/Dec/2022:15:11:03 +0100] "GET /Software/BootableGentooUsbStickGrub?action=edit HTTP/1.1" 403 18 "-" "Mozilla/5.0 (compatible; MJ12bot/v1.4.8; http://mj12bot.com/)"
65.108.64.210 - - [22/Dec/2022:15:11:06 +0100] "GET /Software/ChODDB?action=edit HTTP/1.1" 403 18 "-" "Mozilla/5.0 (compatible; MJ12bot/v1.4.8; http://mj12bot.com/)"
65.108.64.210 - - [22/Dec/2022:15:11:08 +0100] "GET /Software/ChODDB?action=edit HTTP/1.1" 403 18 "-" "Mozilla/5.0 (compatible; MJ12bot/v1.4.8; http://mj12bot.com/)"
65.108.64.210 - - [22/Dec/2022:15:11:11 +0100] "GET /Software/ConsoleError?action=edit HTTP/1.1" 403 18 "-" "Mozilla/5.0 (compatible; MJ12bot/v1.4.8; http://mj12bot.com/)"
65.108.64.210 - - [22/Dec/2022:15:11:13 +0100] "GET /Software/ConsoleError?action=edit HTTP/1.1" 403 18 "-" "Mozilla/5.0 (compatible; MJ12bot/v1.4.8; http://mj12bot.com/)"
65.108.64.210 - - [22/Dec/2022:15:11:16 +0100] "GET /Software/Developers?action=edit HTTP/1.1" 403 18 "-" "Mozilla/5.0 (compatible; MJ12bot/v1.4.8; http://mj12bot.com/)"
65.108.64.210 - - [22/Dec/2022:15:11:18 +0100] "GET /Software/Developers?action=edit HTTP/1.1" 403 18 "-" "Mozilla/5.0 (compatible; MJ12bot/v1.4.8; http://mj12bot.com/)"
65.108.64.210 - - [22/Dec/2022:15:11:21 +0100] "GET /Software/DivisionDescription?action=edit HTTP/1.1" 403 18 "-" "Mozilla/5.0 (compatible; MJ12bot/v1.4.8; http://mj12bot.com/)"
65.108.64.210 - - [22/Dec/2022:15:11:23 +0100] "GET /Software/DivisionDescription?action=edit HTTP/1.1" 403 18 "-" "Mozilla/5.0 (compatible; MJ12bot/v1.4.8; http://mj12bot.com/)"
65.108.64.210 - - [22/Dec/2022:15:11:26 +0100] "GET /Software/DivisionPriceIncVat?action=edit HTTP/1.1" 403 18 "-" "Mozilla/5.0 (compatible; MJ12bot/v1.4.8; http://mj12bot.com/)"
65.108.64.210 - - [22/Dec/2022:15:11:28 +0100] "GET /Software/DivisionPriceIncVat?action=edit HTTP/1.1" 403 18 "-" "Mozilla/5.0 (compatible; MJ12bot/v1.4.8; http://mj12bot.com/)"
65.108.64.210 - - [22/Dec/2022:15:11:31 +0100] "GET /Software/DspamTmda?action=edit HTTP/1.1" 403 18 "-" "Mozilla/5.0 (compatible; MJ12bot/v1.4.8; http://mj12bot.com/)"
65.108.64.210 - - [22/Dec/2022:15:11:33 +0100] "GET /Software/DspamTmda?action=edit HTTP/1.1" 403 18 "-" "Mozilla/5.0 (compatible; MJ12bot/v1.4.8; http://mj12bot.com/)"
65.108.64.210 - - [22/Dec/2022:15:11:36 +0100] "GET /Software/FlagAPD?action=edit HTTP/1.1" 403 18 "-" "Mozilla/5.0 (compatible; MJ12bot/v1.4.8; http://mj12bot.com/)"
65.108.64.210 - - [22/Dec/2022:15:11:39 +0100] "GET /Software/FlagModal?action=edit HTTP/1.1" 403 18 "-" "Mozilla/5.0 (compatible; MJ12bot/v1.4.8; http://mj12bot.com/)"
65.108.64.210 - - [22/Dec/2022:15:11:42 +0100] "GET /Software/ODBA?action=edit HTTP/1.1" 403 18 "-" "Mozilla/5.0 (compatible; MJ12bot/v1.4.8; http://mj12bot.com/)"
65.108.64.210 - - [22/Dec/2022:15:11:44 +0100] "GET /Software/ODBA?action=edit HTTP/1.1" 403 18 "-" "Mozilla/5.0 (compatible; MJ12bot/v1.4.8; http://mj12bot.com/)"
65.108.64.210 - - [22/Dec/2022:15:11:47 +0100] "GET /Software/ODDB?action=edit HTTP/1.1" 403 18 "-" "Mozilla/5.0 (compatible; MJ12bot/v1.4.8; http://mj12bot.com/)"
65.108.64.210 - - [22/Dec/2022:15:11:49 +0100] "GET /Software/ODDB?action=edit HTTP/1.1" 403 18 "-" "Mozilla/5.0 (compatible; MJ12bot/v1.4.8; http://mj12bot.com/)"
65.108.64.210 - - [22/Dec/2022:15:11:53 +0100] "GET /Software/PayPal?action=edit HTTP/1.1" 403 18 "-" "Mozilla/5.0 (compatible; MJ12bot/v1.4.8; http://mj12bot.com/)"
65.108.64.210 - - [22/Dec/2022:15:11:56 +0100] "GET /Software/ProPharma?action=edit HTTP/1.1" 403 18 "-" "Mozilla/5.0 (compatible; MJ12bot/v1.4.8; http://mj12bot.com/)"
65.108.64.210 - - [22/Dec/2022:15:11:59 +0100] "GET /Software/ProPharmaXML?action=edit HTTP/1.1" 403 18 "-" "Mozilla/5.0 (compatible; MJ12bot/v1.4.8; http://mj12bot.com/)"
65.108.64.210 - - [22/Dec/2022:15:12:02 +0100] "GET /Software/ReplaceYourHDD?action=edit HTTP/1.1" 403 18 "-" "Mozilla/5.0 (compatible; MJ12bot/v1.4.8; http://mj12bot.com/)"
65.108.64.210 - - [22/Dec/2022:15:12:04 +0100] "GET /Software/ReplaceYourHDD?action=edit HTTP/1.1" 403 18 "-" "Mozilla/5.0 (compatible; MJ12bot/v1.4.8; http://mj12bot.com/)"
65.108.64.210 - - [22/Dec/2022:15:12:08 +0100] "GET /Software/Software?action=edit HTTP/1.1" 403 18 "-" "Mozilla/5.0 (compatible; MJ12bot/v1.4.8; http://mj12bot.com/)"
65.108.64.210 - - [22/Dec/2022:15:12:11 +0100] "GET /Software/SoftwareRaid?action=edit HTTP/1.1" 403 18 "-" "Mozilla/5.0 (compatible; MJ12bot/v1.4.8; http://mj12bot.com/)"
65.108.64.210 - - [22/Dec/2022:15:12:13 +0100] "GET /Software/SoftwareRaid?action=edit HTTP/1.1" 403 18 "-" "Mozilla/5.0 (compatible; MJ12bot/v1.4.8; http://mj12bot.com/)"
65.108.64.210 - - [22/Dec/2022:15:12:16 +0100] "GET /Software/Spreadsheet?action=edit HTTP/1.1" 403 18 "-" "Mozilla/5.0 (compatible; MJ12bot/v1.4.8; http://mj12bot.com/)"
65.108.64.210 - - [22/Dec/2022:15:12:18 +0100] "GET /Software/Spreadsheet?action=edit HTTP/1.1" 403 18 "-" "Mozilla/5.0 (compatible; MJ12bot/v1.4.8; http://mj12bot.com/)"
65.108.64.210 - - [22/Dec/2022:15:12:21 +0100] "GET /Software/StatusCodeTypeSL?action=edit HTTP/1.1" 403 18 "-" "Mozilla/5.0 (compatible; MJ12bot/v1.4.8; http://mj12bot.com/)"
65.108.64.210 - - [22/Dec/2022:15:12:24 +0100] "GET /Software/WikiS?action=edit HTTP/1.1" 403 18 "-" "Mozilla/5.0 (compatible; MJ12bot/v1.4.8; http://mj12bot.com/)"
65.108.64.210 - - [22/Dec/2022:15:12:28 +0100] "GET /Software/XMLBAG?action=edit HTTP/1.1" 403 18 "-" "Mozilla/5.0 (compatible; MJ12bot/v1.4.8; http://mj12bot.com/)"
65.108.64.210 - - [22/Dec/2022:15:12:29 +0100] "GET /Software/XMLConv?action=edit HTTP/1.1" 403 18 "-" "Mozilla/5.0 (compatible; MJ12bot/v1.4.8; http://mj12bot.com/)"
65.108.64.210 - - [22/Dec/2022:15:12:33 +0100] "GET /Software/XMLProPharma?action=edit HTTP/1.1" 403 18 "-" "Mozilla/5.0 (compatible; MJ12bot/v1.4.8; http://mj12bot.com/)"
65.108.64.210 - - [22/Dec/2022:15:12:36 +0100] "GET /Software/YDIM?action=edit HTTP/1.1" 403 18 "-" "Mozilla/5.0 (compatible; MJ12bot/v1.4.8; http://mj12bot.com/)"
65.108.64.210 - - [22/Dec/2022:15:12:38 +0100] "GET /Software/YDIM?action=edit HTTP/1.1" 403 18 "-" "Mozilla/5.0 (compatible; MJ12bot/v1.4.8; http://mj12bot.com/)"
65.108.64.210 - - [22/Dec/2022:15:12:41 +0100] "GET /Software/YDPM?action=edit HTTP/1.1" 403 18 "-" "Mozilla/5.0 (compatible; MJ12bot/v1.4.8; http://mj12bot.com/)"
88.135.37.49 - - [22/Dec/2022:15:12:41 +0100] "GET /wp-login.php HTTP/1.1" 404 271 "http://ywesee.com/wp-login.php" "Mozilla/5.0 (Windows NT 10.0; Win64; x64; rv:96.0) Gecko/20100101 Firefox/96"
65.108.64.210 - - [22/Dec/2022:15:12:43 +0100] "GET /Software/YDPM?action=edit HTTP/1.1" 403 18 "-" "Mozilla/5.0 (compatible; MJ12bot/v1.4.8; http://mj12bot.com/)"
65.108.64.210 - - [22/Dec/2022:15:12:46 +0100] "GET /SpitalSchweiz/AnzahlBettenstationaer2012?action=edit HTTP/1.1" 403 18 "-" "Mozilla/5.0 (compatible; MJ12bot/v1.4.8; http://mj12bot.com/)"
65.108.64.210 - - [22/Dec/2022:15:12:48 +0100] "GET /SpitalSchweiz/Subventionen2012?action=edit HTTP/1.1" 403 18 "-" "Mozilla/5.0 (compatible; MJ12bot/v1.4.8; http://mj12bot.com/)"
65.108.64.210 - - [22/Dec/2022:15:12:51 +0100] "GET /Stellungnahme/ProPharma?action=edit HTTP/1.1" 403 18 "-" "Mozilla/5.0 (compatible; MJ12bot/v1.4.8; http://mj12bot.com/)"
65.108.64.210 - - [22/Dec/2022:15:12:54 +0100] "GET /Swissmedic/Packungen?action=edit HTTP/1.1" 403 18 "-" "Mozilla/5.0 (compatible; MJ12bot/v1.4.8; http://mj12bot.com/)"
65.108.64.210 - - [22/Dec/2022:15:12:58 +0100] "GET /Swissmedic/PraeparatelisteMitWS?action=edit HTTP/1.1" 403 18 "-" "Mozilla/5.0 (compatible; MJ12bot/v1.4.8; http://mj12bot.com/)"
65.108.64.210 - - [22/Dec/2022:15:13:01 +0100] "GET /Swissmedic/PublicDomain?action=edit HTTP/1.1" 403 18 "-" "Mozilla/5.0 (compatible; MJ12bot/v1.4.8; http://mj12bot.com/)"
135.181.213.220 - - [22/Dec/2022:15:14:37 +0100] "GET /robots.txt HTTP/1.1" 200 - "-" "Mozilla/5.0 (compatible; MJ12bot/v1.4.8; http://mj12bot.com/)"
89.246.241.14 - - [22/Dec/2022:15:14:37 +0100] "GET /Ywesee/InfoCodex HTTP/1.1" 200 24435 "-" "Mozilla/5.0 (Windows NT 10.0; Win64; x64; rv:101.0) Gecko/20100101 Firefox/101.0"
135.181.213.220 - - [22/Dec/2022:15:14:40 +0100] "GET /Swissmedic/Vertriebsunterbruch?action=edit HTTP/1.1" 403 18 "-" "Mozilla/5.0 (compatible; MJ12bot/v1.4.8; http://mj12bot.com/)"
135.181.213.220 - - [22/Dec/2022:15:14:43 +0100] "GET /Wiget/PhMPrescriber?action=edit HTTP/1.1" 403 18 "-" "Mozilla/5.0 (compatible; MJ12bot/v1.4.8; http://mj12bot.com/)"
135.181.213.220 - - [22/Dec/2022:15:14:44 +0100] "GET /robots.txt HTTP/1.1" 200 - "-" "Mozilla/5.0 (compatible; MJ12bot/v1.4.8; http://mj12bot.com/)"
135.181.213.220 - - [22/Dec/2022:15:14:46 +0100] "GET /Wiget/PhMPrescriber?action=edit HTTP/1.1" 403 18 "-" "Mozilla/5.0 (compatible; MJ12bot/v1.4.8; http://mj12bot.com/)"
135.181.213.220 - - [22/Dec/2022:15:14:49 +0100] "GET /Ywesee/32bitVs64bit?action=edit HTTP/1.1" 403 18 "-" "Mozilla/5.0 (compatible; MJ12bot/v1.4.8; http://mj12bot.com/)"
135.181.213.220 - - [22/Dec/2022:15:14:53 +0100] "GET /Ywesee/About?action=edit HTTP/1.1" 403 18 "-" "Mozilla/5.0 (compatible; MJ12bot/v1.4.8; http://mj12bot.com/)"
135.181.213.220 - - [22/Dec/2022:15:14:54 +0100] "GET /Ywesee/About?action=edit HTTP/1.1" 403 18 "-" "Mozilla/5.0 (compatible; MJ12bot/v1.4.8; http://mj12bot.com/)"
135.181.213.220 - - [22/Dec/2022:15:14:58 +0100] "GET /Ywesee/Bewerbung?action=edit HTTP/1.1" 403 18 "-" "Mozilla/5.0 (compatible; MJ12bot/v1.4.8; http://mj12bot.com/)"
135.181.213.220 - - [22/Dec/2022:15:14:59 +0100] "GET /Ywesee/Bewerbung?action=edit HTTP/1.1" 403 18 "-" "Mozilla/5.0 (compatible; MJ12bot/v1.4.8; http://mj12bot.com/)"
135.181.213.220 - - [22/Dec/2022:15:15:03 +0100] "GET /Ywesee/BitcoinBlockchain?action=edit HTTP/1.1" 403 18 "-" "Mozilla/5.0 (compatible; MJ12bot/v1.4.8; http://mj12bot.com/)"
135.181.213.220 - - [22/Dec/2022:15:15:04 +0100] "GET /Ywesee/BitcoinBlockchain?action=edit HTTP/1.1" 403 18 "-" "Mozilla/5.0 (compatible; MJ12bot/v1.4.8; http://mj12bot.com/)"
135.181.213.220 - - [22/Dec/2022:15:15:08 +0100] "GET /Ywesee/CH870025125183002401Z?action=edit HTTP/1.1" 403 18 "-" "Mozilla/5.0 (compatible; MJ12bot/v1.4.8; http://mj12bot.com/)"
135.181.213.220 - - [22/Dec/2022:15:15:11 +0100] "GET /Ywesee/DHCPD?action=edit HTTP/1.1" 403 18 "-" "Mozilla/5.0 (compatible; MJ12bot/v1.4.8; http://mj12bot.com/)"
135.181.213.220 - - [22/Dec/2022:15:15:14 +0100] "GET /Ywesee/Earnings?action=edit HTTP/1.1" 403 18 "-" "Mozilla/5.0 (compatible; MJ12bot/v1.4.8; http://mj12bot.com/)"
135.181.213.220 - - [22/Dec/2022:15:15:17 +0100] "GET /Ywesee/Ebps?action=edit HTTP/1.1" 403 18 "-" "Mozilla/5.0 (compatible; MJ12bot/v1.4.8; http://mj12bot.com/)"
135.181.213.220 - - [22/Dec/2022:15:15:20 +0100] "GET /Ywesee/ElektronischesPatientendossierSchweiz?action=edit HTTP/1.1" 403 18 "-" "Mozilla/5.0 (compatible; MJ12bot/v1.4.8; http://mj12bot.com/)"
135.181.213.220 - - [22/Dec/2022:15:15:22 +0100] "GET /Ywesee/ElektronischesPatientendossierSchweiz?action=edit HTTP/1.1" 403 18 "-" "Mozilla/5.0 (compatible; MJ12bot/v1.4.8; http://mj12bot.com/)"
135.181.213.220 - - [22/Dec/2022:15:15:25 +0100] "GET /Ywesee/Events?action=edit HTTP/1.1" 403 18 "-" "Mozilla/5.0 (compatible; MJ12bot/v1.4.8; http://mj12bot.com/)"
135.181.213.220 - - [22/Dec/2022:15:15:27 +0100] "GET /Ywesee/Events?action=edit HTTP/1.1" 403 18 "-" "Mozilla/5.0 (compatible; MJ12bot/v1.4.8; http://mj12bot.com/)"
135.181.213.220 - - [22/Dec/2022:15:15:30 +0100] "GET /Ywesee/ExecutiveSummary?action=edit HTTP/1.1" 403 18 "-" "Mozilla/5.0 (compatible; MJ12bot/v1.4.8; http://mj12bot.com/)"
135.181.213.220 - - [22/Dec/2022:15:15:33 +0100] "GET /Ywesee/Ezmlm?action=edit HTTP/1.1" 403 18 "-" "Mozilla/5.0 (compatible; MJ12bot/v1.4.8; http://mj12bot.com/)"
135.181.213.220 - - [22/Dec/2022:15:15:36 +0100] "GET /Ywesee/HealthCare?action=edit HTTP/1.1" 403 18 "-" "Mozilla/5.0 (compatible; MJ12bot/v1.4.8; http://mj12bot.com/)"
135.181.213.220 - - [22/Dec/2022:15:15:40 +0100] "GET /Ywesee/HtmlGrid?action=edit HTTP/1.1" 403 18 "-" "Mozilla/5.0 (compatible; MJ12bot/v1.4.8; http://mj12bot.com/)"
135.181.213.220 - - [22/Dec/2022:15:15:41 +0100] "GET /Ywesee/HtmlGrid?action=edit HTTP/1.1" 403 18 "-" "Mozilla/5.0 (compatible; MJ12bot/v1.4.8; http://mj12bot.com/)"
135.181.213.220 - - [22/Dec/2022:15:15:45 +0100] "GET /Ywesee/IGM11?action=edit HTTP/1.1" 403 18 "-" "Mozilla/5.0 (compatible; MJ12bot/v1.4.8; http://mj12bot.com/)"
135.181.213.220 - - [22/Dec/2022:15:15:48 +0100] "GET /Ywesee/IPhone?action=edit HTTP/1.1" 403 18 "-" "Mozilla/5.0 (compatible; MJ12bot/v1.4.8; http://mj12bot.com/)"
135.181.213.220 - - [22/Dec/2022:15:15:51 +0100] "GET /Ywesee/InfoCodex?action=edit HTTP/1.1" 403 18 "-" "Mozilla/5.0 (compatible; MJ12bot/v1.4.8; http://mj12bot.com/)"
135.181.213.220 - - [22/Dec/2022:15:15:53 +0100] "GET /Ywesee/InfoCodex?action=edit HTTP/1.1" 403 18 "-" "Mozilla/5.0 (compatible; MJ12bot/v1.4.8; http://mj12bot.com/)"
135.181.213.220 - - [22/Dec/2022:15:15:56 +0100] "GET /Ywesee/InfoCodexNewUser?action=edit HTTP/1.1" 403 18 "-" "Mozilla/5.0 (compatible; MJ12bot/v1.4.8; http://mj12bot.com/)"
135.181.213.220 - - [22/Dec/2022:15:15:57 +0100] "GET /Ywesee/InfoCodexNewUser?action=edit HTTP/1.1" 403 18 "-" "Mozilla/5.0 (compatible; MJ12bot/v1.4.8; http://mj12bot.com/)"
135.181.213.220 - - [22/Dec/2022:15:16:01 +0100] "GET /Ywesee/InfoCodexVorgehen?action=edit HTTP/1.1" 403 18 "-" "Mozilla/5.0 (compatible; MJ12bot/v1.4.8; http://mj12bot.com/)"
135.181.213.220 - - [22/Dec/2022:15:16:04 +0100] "GET /Ywesee/InfoCodexWordBasis?action=edit HTTP/1.1" 403 18 "-" "Mozilla/5.0 (compatible; MJ12bot/v1.4.8; http://mj12bot.com/)"
135.181.213.220 - - [22/Dec/2022:15:16:06 +0100] "GET /Ywesee/InfoCodexWordBasis?action=edit HTTP/1.1" 403 18 "-" "Mozilla/5.0 (compatible; MJ12bot/v1.4.8; http://mj12bot.com/)"
135.181.213.220 - - [22/Dec/2022:15:16:09 +0100] "GET /Ywesee/KIndle?action=edit HTTP/1.1" 403 18 "-" "Mozilla/5.0 (compatible; MJ12bot/v1.4.8; http://mj12bot.com/)"
135.181.213.220 - - [22/Dec/2022:15:16:11 +0100] "GET /Ywesee/KIndle?action=edit HTTP/1.1" 403 18 "-" "Mozilla/5.0 (compatible; MJ12bot/v1.4.8; http://mj12bot.com/)"
135.181.213.220 - - [22/Dec/2022:15:16:14 +0100] "GET /Ywesee/Kernel?action=edit HTTP/1.1" 403 18 "-" "Mozilla/5.0 (compatible; MJ12bot/v1.4.8; http://mj12bot.com/)"
135.181.213.220 - - [22/Dec/2022:15:16:16 +0100] "GET /Ywesee/Kernel?action=edit HTTP/1.1" 403 18 "-" "Mozilla/5.0 (compatible; MJ12bot/v1.4.8; http://mj12bot.com/)"
135.181.213.220 - - [22/Dec/2022:15:16:19 +0100] "GET /Ywesee/Kindle?action=edit HTTP/1.1" 403 18 "-" "Mozilla/5.0 (compatible; MJ12bot/v1.4.8; http://mj12bot.com/)"
135.181.213.220 - - [22/Dec/2022:15:16:21 +0100] "GET /Ywesee/Kindle?action=edit HTTP/1.1" 403 18 "-" "Mozilla/5.0 (compatible; MJ12bot/v1.4.8; http://mj12bot.com/)"
135.181.213.220 - - [22/Dec/2022:15:16:24 +0100] "GET /Ywesee/KindleOniPhone?action=edit HTTP/1.1" 403 18 "-" "Mozilla/5.0 (compatible; MJ12bot/v1.4.8; http://mj12bot.com/)"
135.181.213.220 - - [22/Dec/2022:15:16:28 +0100] "GET /Ywesee/Kontakt?action=edit HTTP/1.1" 403 18 "-" "Mozilla/5.0 (compatible; MJ12bot/v1.4.8; http://mj12bot.com/)"
135.181.213.220 - - [22/Dec/2022:15:16:29 +0100] "GET /Ywesee/Kontakt?action=edit HTTP/1.1" 403 18 "-" "Mozilla/5.0 (compatible; MJ12bot/v1.4.8; http://mj12bot.com/)"
135.181.213.220 - - [22/Dec/2022:15:16:33 +0100] "GET /Ywesee/OpenSource?action=edit HTTP/1.1" 403 18 "-" "Mozilla/5.0 (compatible; MJ12bot/v1.4.8; http://mj12bot.com/)"
135.181.213.220 - - [22/Dec/2022:15:16:34 +0100] "GET /Ywesee/OpenSource?action=edit HTTP/1.1" 403 18 "-" "Mozilla/5.0 (compatible; MJ12bot/v1.4.8; http://mj12bot.com/)"
135.181.213.220 - - [22/Dec/2022:15:16:37 +0100] "GET /Ywesee/Team?action=edit HTTP/1.1" 403 18 "-" "Mozilla/5.0 (compatible; MJ12bot/v1.4.8; http://mj12bot.com/)"
135.181.213.220 - - [22/Dec/2022:15:16:39 +0100] "GET /Ywesee/Team?action=edit HTTP/1.1" 403 18 "-" "Mozilla/5.0 (compatible; MJ12bot/v1.4.8; http://mj12bot.com/)"
135.181.213.220 - - [22/Dec/2022:15:16:43 +0100] "GET /Ywesee/Test?action=edit HTTP/1.1" 403 18 "-" "Mozilla/5.0 (compatible; MJ12bot/v1.4.8; http://mj12bot.com/)"
135.181.213.220 - - [22/Dec/2022:15:16:46 +0100] "GET /Ywesee/USPs?action=edit HTTP/1.1" 403 18 "-" "Mozilla/5.0 (compatible; MJ12bot/v1.4.8; http://mj12bot.com/)"
135.181.213.220 - - [22/Dec/2022:15:16:49 +0100] "GET /Ywesee/WebParts?action=edit HTTP/1.1" 403 18 "-" "Mozilla/5.0 (compatible; MJ12bot/v1.4.8; http://mj12bot.com/)"
135.181.213.220 - - [22/Dec/2022:15:16:53 +0100] "GET /Ywesee/XMLCONV2?action=edit HTTP/1.1" 403 18 "-" "Mozilla/5.0 (compatible; MJ12bot/v1.4.8; http://mj12bot.com/)"
135.181.213.220 - - [22/Dec/2022:15:16:54 +0100] "GET /Ywesee/XMLCONV2?action=edit HTTP/1.1" 403 18 "-" "Mozilla/5.0 (compatible; MJ12bot/v1.4.8; http://mj12bot.com/)"
135.181.213.220 - - [22/Dec/2022:15:16:57 +0100] "GET /Ywesee/XMLFachinfoValidierung?action=edit HTTP/1.1" 403 18 "-" "Mozilla/5.0 (compatible; MJ12bot/v1.4.8; http://mj12bot.com/)"
135.181.213.220 - - [22/Dec/2022:15:17:01 +0100] "GET /Ywesee/YDPM?action=edit HTTP/1.1" 403 18 "-" "Mozilla/5.0 (compatible; MJ12bot/v1.4.8; http://mj12bot.com/)"
135.181.213.220 - - [22/Dec/2022:15:17:02 +0100] "GET /Ywesee/YDPM?action=edit HTTP/1.1" 403 18 "-" "Mozilla/5.0 (compatible; MJ12bot/v1.4.8; http://mj12bot.com/)"
135.181.213.220 - - [22/Dec/2022:15:17:05 +0100] "GET /Ywesee/Ywesee?action=edit HTTP/1.1" 403 18 "-" "Mozilla/5.0 (compatible; MJ12bot/v1.4.8; http://mj12bot.com/)"
135.181.213.220 - - [22/Dec/2022:15:17:07 +0100] "GET /Ywesee/Ywesee?action=edit HTTP/1.1" 403 18 "-" "Mozilla/5.0 (compatible; MJ12bot/v1.4.8; http://mj12bot.com/)"
64.71.157.125 - - [22/Dec/2022:15:18:59 +0100] "GET /pmwiki.php/Site/AllRecentChanges?action=rss HTTP/1.1" 200 2548 "-" "Feedbin feed-id:590358 - 1 subscribers"
157.55.39.197 - - [22/Dec/2022:15:26:26 +0100] "GET / HTTP/1.1" 200 14420 "-" "Mozilla/5.0 AppleWebKit/537.36 (KHTML, like Gecko; compatible; bingbot/2.0; +http://www.bing.com/bingbot.htm) Chrome/103.0.5060.134 Safari/537.36"
89.246.241.14 - - [22/Dec/2022:15:26:35 +0100] "GET /Ywesee/OpenStandards HTTP/1.1" 200 9892 "-" "Mozilla/5.0 (Windows NT 10.0; Win64; x64; rv:101.0) Gecko/20100101 Firefox/101.0"
17.241.219.181 - - [22/Dec/2022:15:27:07 +0100] "GET /Generikacc/App HTTP/1.1" 200 11862 "-" "Mozilla/5.0 (Macintosh; Intel Mac OS X 10_15_5) AppleWebKit/605.1.15 (KHTML, like Gecko) Version/13.1.1 Safari/605.1.15 (Applebot/0.1; +http://www.apple.com/go/applebot)"
54.84.192.51 - - [22/Dec/2022:15:27:13 +0100] "GET /keybase.txt HTTP/1.1" 200 2659 "-" "keybase-proofs/2.3.24"
89.246.241.14 - - [22/Dec/2022:15:28:43 +0100] "GET /Main/2006?action=edit HTTP/1.1" 200 9271 "-" "Mozilla/5.0 (Windows NT 10.0; Win64; x64; rv:101.0) Gecko/20100101 Firefox/101.0"
89.217.78.131 - - [22/Dec/2022:15:31:17 +0100] "GET / HTTP/1.1" 200 14420 "https://www.google.com/" "Mozilla/5.0 (Windows NT 10.0; Win64; x64; rv:108.0) Gecko/20100101 Firefox/108.0"
89.217.78.131 - - [22/Dec/2022:15:31:17 +0100] "GET /pub/skins/ywesee/gila.css HTTP/1.1" 200 8276 "https://www.ywesee.com/" "Mozilla/5.0 (Windows NT 10.0; Win64; x64; rv:108.0) Gecko/20100101 Firefox/108.0"
89.217.78.131 - - [22/Dec/2022:15:31:17 +0100] "GET /uploads/Main/yweseelogo.gif HTTP/1.1" 200 2982 "https://www.ywesee.com/" "Mozilla/5.0 (Windows NT 10.0; Win64; x64; rv:108.0) Gecko/20100101 Firefox/108.0"
89.217.78.131 - - [22/Dec/2022:15:31:17 +0100] "GET /favicon.ico HTTP/1.1" 200 1406 "https://www.ywesee.com/" "Mozilla/5.0 (Windows NT 10.0; Win64; x64; rv:108.0) Gecko/20100101 Firefox/108.0"
5.75.172.205 - - [22/Dec/2022:15:34:42 +0100] "GET / HTTP/1.1" 200 14420 "-" "Mozilla/5.0 (Macintosh; Intel Mac OS X 10_10_1) AppleWebKit/537.36 (KHTML, like Gecko) Chrome/39.0.2171.95 Safari/537.36"
89.246.241.14 - - [22/Dec/2022:15:36:43 +0100] "GET /Ywesee/InfoCodexProcedure HTTP/1.1" 200 12373 "-" "Mozilla/5.0 (Windows NT 10.0; Win64; x64; rv:101.0) Gecko/20100101 Firefox/101.0"
54.36.149.106 - - [22/Dec/2022:15:36:54 +0100] "GET /Main/2013 HTTP/1.1" 200 20487 "-" "Mozilla/5.0 (compatible; AhrefsBot/7.0; +http://ahrefs.com/robot/)"
89.246.241.14 - - [22/Dec/2022:15:37:39 +0100] "GET /Main/2014?action=print HTTP/1.1" 200 14490 "-" "Mozilla/5.0 (Windows NT 10.0; Win64; x64; rv:101.0) Gecko/20100101 Firefox/101.0"
89.246.241.14 - - [22/Dec/2022:15:38:07 +0100] "GET /Main/2007?action=edit HTTP/1.1" 200 9271 "-" "Mozilla/5.0 (Windows NT 10.0; Win64; x64; rv:101.0) Gecko/20100101 Firefox/101.0"
61.135.159.160 - - [22/Dec/2022:15:38:26 +0100] "GET / HTTP/1.1" 200 14420 "-" "Sogou web spider/4.0(+http://www.sogou.com/docs/help/webmasters.htm#07)"
89.246.241.14 - - [22/Dec/2022:15:43:29 +0100] "GET /uploads/Main/Chaos_auf_dem_Medikamenten-Markt.pdf HTTP/1.1" 200 67922 "-" "Mozilla/5.0 (Windows NT 10.0; Win64; x64; rv:101.0) Gecko/20100101 Firefox/101.0"
103.131.71.96 - - [22/Dec/2022:15:46:56 +0100] "GET /robots.txt HTTP/1.1" 200 - "-" "Mozilla/5.0 (compatible; coccocbot-web/1.0; +http://help.coccoc.com/searchengine)"
207.46.13.108 - - [22/Dec/2022:15:50:17 +0100] "GET /Swissmedic/AIPSXml HTTP/1.1" 200 8903 "-" "Mozilla/5.0 AppleWebKit/537.36 (KHTML, like Gecko; compatible; bingbot/2.0; +http://www.bing.com/bingbot.htm) Chrome/103.0.5060.134 Safari/537.36"
89.246.241.14 - - [22/Dec/2022:15:51:21 +0100] "GET /Main/HirslandenProfessional HTTP/1.1" 200 8885 "-" "Mozilla/5.0 (Windows NT 10.0; Win64; x64; rv:101.0) Gecko/20100101 Firefox/101.0"
17.241.227.189 - - [22/Dec/2022:15:51:25 +0100] "GET /AmiKo/Linux HTTP/1.1" 200 9217 "-" "Mozilla/5.0 (Macintosh; Intel Mac OS X 10_15_5) AppleWebKit/605.1.15 (KHTML, like Gecko) Version/13.1.1 Safari/605.1.15 (Applebot/0.1; +http://www.apple.com/go/applebot)"
89.246.241.14 - - [22/Dec/2022:15:52:16 +0100] "GET /Main/MyMedi HTTP/1.1" 200 9646 "-" "Mozilla/5.0 (Windows NT 10.0; Win64; x64; rv:101.0) Gecko/20100101 Firefox/101.0"
66.249.93.164 - - [22/Dec/2022:15:53:37 +0100] "HEAD /pmwiki.php/Site/AllRecentChanges?action=rss HTTP/1.1" 200 - "-" "FeedBurner/1.0 (http://www.FeedBurner.com)"
66.249.93.168 - - [22/Dec/2022:15:53:37 +0100] "GET /pmwiki.php/Site/AllRecentChanges?action=rss HTTP/1.1" 200 2548 "-" "FeedBurner/1.0 (http://www.FeedBurner.com)"
89.246.241.14 - - [22/Dec/2022:15:56:10 +0100] "GET /Main/2005?action=upload HTTP/1.1" 200 8737 "-" "Mozilla/5.0 (Windows NT 10.0; Win64; x64; rv:101.0) Gecko/20100101 Firefox/101.0"
64.71.157.111 - - [22/Dec/2022:15:58:07 +0100] "GET /pmwiki.php/Site/AllRecentChanges?action=rss HTTP/1.1" 200 2548 "-" "Feedbin feed-id:590358 - 1 subscribers"
89.246.241.14 - - [22/Dec/2022:16:00:03 +0100] "GET /Main/2014?action=edit HTTP/1.1" 200 9271 "-" "Mozilla/5.0 (Windows NT 10.0; Win64; x64; rv:101.0) Gecko/20100101 Firefox/101.0"
89.246.241.14 - - [22/Dec/2022:16:00:08 +0100] "GET /Main/2005?action=edit HTTP/1.1" 200 9271 "-" "Mozilla/5.0 (Windows NT 10.0; Win64; x64; rv:101.0) Gecko/20100101 Firefox/101.0"
89.246.241.14 - - [22/Dec/2022:16:01:39 +0100] "GET /Main/Legende HTTP/1.1" 200 9217 "-" "Mozilla/5.0 (Windows NT 10.0; Win64; x64; rv:101.0) Gecko/20100101 Firefox/101.0"
89.246.241.14 - - [22/Dec/2022:16:01:44 +0100] "GET /Main/EANCode HTTP/1.1" 200 9821 "-" "Mozilla/5.0 (Windows NT 10.0; Win64; x64; rv:101.0) Gecko/20100101 Firefox/101.0"
8.29.198.26 - - [22/Dec/2022:16:05:07 +0100] "GET /pmwiki.php/Site/AllRecentChanges?action=rss HTTP/1.1" 200 2548 "-" "Feedly/1.0 (+http://www.feedly.com/fetcher.html; 5 subscribers; like FeedFetcher-Google)"
89.246.241.14 - - [22/Dec/2022:16:07:32 +0100] "GET /Main/2006?action=diff HTTP/1.1" 200 41442 "-" "Mozilla/5.0 (Windows NT 10.0; Win64; x64; rv:101.0) Gecko/20100101 Firefox/101.0"
138.201.186.178 - - [22/Dec/2022:16:08:50 +0100] "GET / HTTP/1.1" 200 14420 "-" "page-preview-tool Mozilla/5.0 (Windows NT 10.0; Win64; x64) AppleWebKit/537.36 (KHTML, like Gecko) Chrome/80.0.3987.132 Safari/537.36"
138.201.186.178 - - [22/Dec/2022:16:08:51 +0100] "GET /pub/skins/ywesee/gila.css HTTP/1.1" 200 8276 "https://ywesee.com/" "page-preview-tool Mozilla/5.0 (Windows NT 10.0; Win64; x64) AppleWebKit/537.36 (KHTML, like Gecko) Chrome/80.0.3987.132 Safari/537.36"
109.234.162.39 - - [22/Dec/2022:16:10:03 +0100] "GET /wp-login.php HTTP/1.1" 404 271 "http://ywesee.net/wp-login.php" "Mozilla/5.0 (Windows NT 10.0; Win64; x64; rv:96.0) Gecko/20100101 Firefox/96"
17.241.219.104 - - [22/Dec/2022:16:11:53 +0100] "GET /Main/2019 HTTP/1.1" 200 15246 "-" "Mozilla/5.0 (Macintosh; Intel Mac OS X 10_15_5) AppleWebKit/605.1.15 (KHTML, like Gecko) Version/13.1.1 Safari/605.1.15 (Applebot/0.1; +http://www.apple.com/go/applebot)"
89.246.241.14 - - [22/Dec/2022:16:13:36 +0100] "GET /Main/MediStammdatenKostenSchweiz HTTP/1.1" 200 10264 "-" "Mozilla/5.0 (Windows NT 10.0; Win64; x64; rv:101.0) Gecko/20100101 Firefox/101.0"
89.246.241.14 - - [22/Dec/2022:16:21:51 +0100] "GET /uploads/Main/Seite_1.pdf HTTP/1.1" 200 1100985 "-" "Mozilla/5.0 (Windows NT 10.0; Win64; x64; rv:101.0) Gecko/20100101 Firefox/101.0"
17.241.75.163 - - [22/Dec/2022:16:24:10 +0100] "GET /Ywesee/Bewerbung HTTP/1.1" 200 8575 "-" "Mozilla/5.0 (Macintosh; Intel Mac OS X 10_15_5) AppleWebKit/605.1.15 (KHTML, like Gecko) Version/13.1.1 Safari/605.1.15 (Applebot/0.1; +http://www.apple.com/go/applebot)"
89.246.241.14 - - [22/Dec/2022:16:34:11 +0100] "GET /Ywesee/BitcoinBlockchain HTTP/1.1" 200 9811 "-" "Mozilla/5.0 (Windows NT 10.0; Win64; x64; rv:101.0) Gecko/20100101 Firefox/101.0"
40.117.93.64 - - [22/Dec/2022:16:35:34 +0100] "GET /uploads/AmiKo/Sortieren_nach_gespeicherten_Volltext_Suchen.png HTTP/1.1" 200 283842 "-" "Mozilla/5.0 (X11; Ubuntu; Linux x86_64; rv:72.0) Gecko/20100101 Firefox/72.0"
89.246.241.14 - - [22/Dec/2022:16:37:28 +0100] "GET /Main/2005?action=diff HTTP/1.1" 200 94077 "-" "Mozilla/5.0 (Windows NT 10.0; Win64; x64; rv:101.0) Gecko/20100101 Firefox/101.0"
89.246.241.14 - - [22/Dec/2022:16:37:34 +0100] "GET /Main/2014?action=diff HTTP/1.1" 200 19552 "-" "Mozilla/5.0 (Windows NT 10.0; Win64; x64; rv:101.0) Gecko/20100101 Firefox/101.0"
64.71.157.116 - - [22/Dec/2022:16:39:15 +0100] "GET /pmwiki.php/Site/AllRecentChanges?action=rss HTTP/1.1" 200 2548 "-" "Feedbin feed-id:590358 - 1 subscribers"
89.246.241.14 - - [22/Dec/2022:16:39:25 +0100] "GET /pmwiki.php/Ywesee/InfoCodexSharepointPortal HTTP/1.1" 200 10168 "-" "Mozilla/5.0 (Windows NT 10.0; Win64; x64; rv:101.0) Gecko/20100101 Firefox/101.0"
207.46.13.143 - - [22/Dec/2022:16:42:17 +0100] "GET /Miele/MieleLXIV?action=upload HTTP/1.1" 403 18 "-" "Mozilla/5.0 (compatible; bingbot/2.0; +http://www.bing.com/bingbot.htm)"
66.249.93.164 - - [22/Dec/2022:16:43:27 +0100] "HEAD /pmwiki.php/Site/AllRecentChanges?action=rss HTTP/1.1" 200 - "-" "FeedBurner/1.0 (http://www.FeedBurner.com)"
66.249.93.168 - - [22/Dec/2022:16:43:27 +0100] "GET /pmwiki.php/Site/AllRecentChanges?action=rss HTTP/1.1" 200 2548 "-" "FeedBurner/1.0 (http://www.FeedBurner.com)"
66.249.92.153 - - [22/Dec/2022:16:48:57 +0100] "GET /Generikacc/Privacy HTTP/1.1" 200 8615 "-" "PlayStore-Google"
17.241.227.12 - - [22/Dec/2022:16:55:21 +0100] "GET /Main/2004 HTTP/1.1" 200 14080 "-" "Mozilla/5.0 (Macintosh; Intel Mac OS X 10_15_5) AppleWebKit/605.1.15 (KHTML, like Gecko) Version/13.1.1 Safari/605.1.15 (Applebot/0.1; +http://www.apple.com/go/applebot)"
89.246.241.14 - - [22/Dec/2022:16:59:23 +0100] "GET /Main/2012?action=edit HTTP/1.1" 200 9271 "-" "Mozilla/5.0 (Windows NT 10.0; Win64; x64; rv:101.0) Gecko/20100101 Firefox/101.0"
207.46.13.143 - - [22/Dec/2022:16:59:48 +0100] "GET /AmiKo/Barcodes HTTP/1.1" 200 8978 "-" "Mozilla/5.0 AppleWebKit/537.36 (KHTML, like Gecko; compatible; bingbot/2.0; +http://www.bing.com/bingbot.htm) Chrome/103.0.5060.134 Safari/537.36"
35.141.164.161 - - [22/Dec/2022:17:01:57 +0100] "GET /favicon.ico HTTP/1.1" 200 1406 "https://myactivity.google.com/" "Mozilla/5.0 (Macintosh; Intel Mac OS X 10_15_7) AppleWebKit/537.36 (KHTML, like Gecko) Chrome/108.0.0.0 Safari/537.36"
89.246.241.14 - - [22/Dec/2022:17:04:40 +0100] "GET /Main/FAZ HTTP/1.1" 200 8325 "-" "Mozilla/5.0 (Windows NT 10.0; Win64; x64; rv:101.0) Gecko/20100101 Firefox/101.0"
185.246.172.206 - - [22/Dec/2022:17:08:23 +0100] "GET /app-ads.txt HTTP/1.1" 404 270 "-" "AdsTxtCrawler/1.0; +https://github.com/InteractiveAdvertisingBureau/adstxtcrawler"
40.77.167.60 - - [22/Dec/2022:17:10:35 +0100] "GET /Main/Kolumne HTTP/1.1" 200 9072 "-" "Mozilla/5.0 (compatible; bingbot/2.0; +http://www.bing.com/bingbot.htm)"
89.246.241.14 - - [22/Dec/2022:17:11:11 +0100] "GET /MEDIupdateXML/Aerzte HTTP/1.1" 200 8529 "-" "Mozilla/5.0 (Windows NT 10.0; Win64; x64; rv:101.0) Gecko/20100101 Firefox/101.0"
66.249.76.227 - - [22/Dec/2022:17:12:48 +0100] "GET /uploads/Ywesee/Andrew_O_Hagan_The_Satoshi_Affair_LRB_30_June_2016.pdf HTTP/1.1" 200 1863260 "-" "Googlebot/2.1 (+http://www.google.com/bot.html)"
89.246.241.14 - - [22/Dec/2022:17:14:57 +0100] "GET /Main/WekoBlog HTTP/1.1" 200 22209 "-" "Mozilla/5.0 (Windows NT 10.0; Win64; x64; rv:101.0) Gecko/20100101 Firefox/101.0"
89.246.241.14 - - [22/Dec/2022:17:17:26 +0100] "GET /uploads/Ywesee/Evaluationsentscheid-e.pdf HTTP/1.1" 200 169468 "-" "Mozilla/5.0 (Windows NT 10.0; Win64; x64; rv:101.0) Gecko/20100101 Firefox/101.0"
123.125.109.116 - - [22/Dec/2022:17:17:50 +0100] "GET / HTTP/1.1" 200 14420 "-" "Sogou web spider/4.0(+http://www.sogou.com/docs/help/webmasters.htm#07)"
89.246.241.14 - - [22/Dec/2022:17:19:31 +0100] "GET /Main/Saldo HTTP/1.1" 200 8416 "-" "Mozilla/5.0 (Windows NT 10.0; Win64; x64; rv:101.0) Gecko/20100101 Firefox/101.0"
64.71.157.112 - - [22/Dec/2022:17:20:57 +0100] "GET /pmwiki.php/Site/AllRecentChanges?action=rss HTTP/1.1" 200 2548 "-" "Feedbin feed-id:590358 - 1 subscribers"
34.227.161.250 - - [22/Dec/2022:17:20:59 +0100] "GET /Site/AllRecentChanges?action=rss HTTP/1.1" 200 2548 "https://www.google.com/" "Mozilla/5.0 (X11; Linux x86_64; rv:74.0) Gecko/20100101 Firefox/74.0"
89.246.241.14 - - [22/Dec/2022:17:24:16 +0100] "GET /uploads/Main/Stellungnahme_IGE_Arzneimittelkompendium.pdf HTTP/1.1" 200 291209 "-" "Mozilla/5.0 (Windows NT 10.0; Win64; x64; rv:101.0) Gecko/20100101 Firefox/101.0"
90.156.169.201 - - [22/Dec/2022:17:25:12 +0100] "GET /wp-commentin.php HTTP/1.1" 404 275 "-" "Mozilla/5.0 (Windows NT 10.0; Win64; x64) AppleWebKit/537.36 (KHTML, like Gecko) Chrome/88.0.4324.104 Safari/537.36"
66.249.93.166 - - [22/Dec/2022:17:25:46 +0100] "HEAD /pmwiki.php/Site/AllRecentChanges?action=rss HTTP/1.1" 200 - "-" "FeedBurner/1.0 (http://www.FeedBurner.com)"
66.249.93.166 - - [22/Dec/2022:17:25:46 +0100] "GET /pmwiki.php/Site/AllRecentChanges?action=rss HTTP/1.1" 200 2548 "-" "FeedBurner/1.0 (http://www.FeedBurner.com)"
89.246.241.14 - - [22/Dec/2022:17:29:25 +0100] "GET /uploads/Main/IC-Enterprise.pdf HTTP/1.1" 200 868608 "-" "Mozilla/5.0 (Windows NT 10.0; Win64; x64; rv:101.0) Gecko/20100101 Firefox/101.0"
157.55.39.197 - - [22/Dec/2022:17:31:19 +0100] "GET / HTTP/1.1" 200 14420 "-" "Mozilla/5.0 AppleWebKit/537.36 (KHTML, like Gecko; compatible; bingbot/2.0; +http://www.bing.com/bingbot.htm) Chrome/103.0.5060.134 Safari/537.36"
66.240.219.173 - - [22/Dec/2022:17:31:57 +0100] "GET / HTTP/1.1" 200 14420 "-" "Mozilla/5.0 (X11; Linux x86_64) AppleWebKit/537.36 (KHTML, like Gecko) Chrome/98.0.4758.102 Safari/537.36"
89.246.241.14 - - [22/Dec/2022:17:32:39 +0100] "GET /uploads/Main/Documed-Beschwerde-Bundesgericht-2007-10-17.pdf HTTP/1.1" 200 1575361 "-" "Mozilla/5.0 (Windows NT 10.0; Win64; x64; rv:101.0) Gecko/20100101 Firefox/101.0"
89.246.241.14 - - [22/Dec/2022:17:34:44 +0100] "GET /pmwiki.php/Main/FachinformationUmfrage HTTP/1.1" 200 9294 "-" "Mozilla/5.0 (Windows NT 10.0; Win64; x64; rv:101.0) Gecko/20100101 Firefox/101.0"
89.246.241.14 - - [22/Dec/2022:17:35:08 +0100] "GET /Ywesee/KurzFachinfo HTTP/1.1" 200 8845 "-" "Mozilla/5.0 (Windows NT 10.0; Win64; x64; rv:101.0) Gecko/20100101 Firefox/101.0"
89.246.241.14 - - [22/Dec/2022:17:37:10 +0100] "GET /pmwiki.php/Ywesee/Team HTTP/1.1" 200 18245 "-" "Mozilla/5.0 (Windows NT 10.0; Win64; x64; rv:101.0) Gecko/20100101 Firefox/101.0"
89.246.241.14 - - [22/Dec/2022:17:37:59 +0100] "GET /uploads/Main/von_Baehler.pdf HTTP/1.1" 200 191623 "-" "Mozilla/5.0 (Windows NT 10.0; Win64; x64; rv:101.0) Gecko/20100101 Firefox/101.0"
198.71.228.24 - - [22/Dec/2022:17:39:21 +0100] "GET / HTTP/1.1" 200 14420 "-" "-"
89.246.241.14 - - [22/Dec/2022:17:42:51 +0100] "GET /Main/2006?n=Main.SideBar?action=edit HTTP/1.1" 200 9322 "-" "Mozilla/5.0 (Windows NT 10.0; Win64; x64; rv:101.0) Gecko/20100101 Firefox/101.0"
66.249.66.90 - - [22/Dec/2022:17:47:27 +0100] "GET /Ywesee/Kontakt HTTP/1.1" 200 8973 "-" "Mozilla/5.0 (Linux; Android 6.0.1; Nexus 5X Build/MMB29P) AppleWebKit/537.36 (KHTML, like Gecko) Chrome/107.0.5304.115 Mobile Safari/537.36 (compatible; Googlebot/2.1; +http://www.google.com/bot.html)"
89.246.241.14 - - [22/Dec/2022:17:48:29 +0100] "GET /uploads/Main/Saldo_12.9.2007.pdf HTTP/1.1" 200 6147 "-" "Mozilla/5.0 (Windows NT 10.0; Win64; x64; rv:101.0) Gecko/20100101 Firefox/101.0"
89.246.241.14 - - [22/Dec/2022:17:53:41 +0100] "GET /Main/2005?n=Main.SideBar?action=edit HTTP/1.1" 200 9322 "-" "Mozilla/5.0 (Windows NT 10.0; Win64; x64; rv:101.0) Gecko/20100101 Firefox/101.0"
175.178.200.55 - - [22/Dec/2022:17:54:22 +0100] "GET / HTTP/1.1" 200 14420 "http://www.ywesee.com" "Mozilla/5.0 (Windows NT 6.3; WOW64) AppleWebKit/537.36 (KHTML, like Gecko) Chrome/50.0.2661.102 Safari/537.36"
112.13.112.149 - - [22/Dec/2022:17:55:02 +0100] "GET /main/2013 HTTP/1.1" 404 268 "-" "Mozilla/5.0 (Windows NT 6.1; Win64; x64) AppleWebKit/537.36 (KHTML, like Gecko) Chrome/69.0.3497.81 YisouSpider/5.0 Safari/537.36"
89.246.241.14 - - [22/Dec/2022:17:56:16 +0100] "GET /Ywesee/ElektronischesPatientendossierSchweiz HTTP/1.1" 200 11065 "-" "Mozilla/5.0 (Windows NT 10.0; Win64; x64; rv:101.0) Gecko/20100101 Firefox/101.0"
194.209.200.2 - - [22/Dec/2022:17:58:54 +0100] "GET /robots.txt HTTP/1.1" 200 - "-" "Mozilla/5.0 (compatible; TMMBot/0.2; +http://www.dslab.ch)/Nutch-1.15"
194.209.200.2 - - [22/Dec/2022:17:58:54 +0100] "GET /AmiKo/Linux HTTP/1.1" 200 9217 "-" "Mozilla/5.0 (compatible; TMMBot/0.2; +http://www.dslab.ch)/Nutch-1.15"
194.209.200.2 - - [22/Dec/2022:17:59:00 +0100] "GET /Miele/MieleLXIV HTTP/1.1" 200 15367 "-" "Mozilla/5.0 (compatible; TMMBot/0.2; +http://www.dslab.ch)/Nutch-1.15"
66.249.76.91 - - [22/Dec/2022:17:59:11 +0100] "GET /robots.txt HTTP/1.1" 200 - "-" "Mozilla/5.0 (compatible; Googlebot/2.1; +http://www.google.com/bot.html)"
66.249.66.222 - - [22/Dec/2022:17:59:12 +0100] "GET /AmiKo/OSX HTTP/1.1" 200 9772 "-" "Mozilla/5.0 (compatible; Googlebot/2.1; +http://www.google.com/bot.html)"
89.246.241.14 - - [22/Dec/2022:17:59:39 +0100] "GET /pmwiki.php HTTP/1.1" 200 14420 "-" "Mozilla/5.0 (Windows NT 10.0; Win64; x64; rv:101.0) Gecko/20100101 Firefox/101.0"
