77.88.5.209 - - [20/Aug/2022:15:18:58 +0200] "GET /Aips2sqlite/Index?action=edit HTTP/1.1" 403 18 "-" "Mozilla/5.0 (compatible; YandexBot/3.0; +http://yandex.com/bots)"
185.191.171.4 - - [20/Aug/2022:15:26:16 +0200] "GET /robots.txt HTTP/1.1" 200 - "-" "Mozilla/5.0 (compatible; SemrushBot/7~bl; +http://www.semrush.com/bot.html)"
185.191.171.23 - - [20/Aug/2022:15:26:19 +0200] "GET /Main/Diovan?action=diff HTTP/1.1" 403 18 "-" "Mozilla/5.0 (compatible; SemrushBot/7~bl; +http://www.semrush.com/bot.html)"
66.249.65.76 - - [20/Aug/2022:15:27:33 +0200] "GET /CoMed/Android?action=upload HTTP/1.1" 403 18 "-" "Mozilla/5.0 (Linux; Android 6.0.1; Nexus 5X Build/MMB29P) AppleWebKit/537.36 (KHTML, like Gecko) Chrome/104.0.5112.79 Mobile Safari/537.36 (compatible; Googlebot/2.1; +http://www.google.com/bot.html)"
192.99.35.94 - - [20/Aug/2022:15:35:30 +0200] "GET /robots.txt HTTP/1.1" 200 - "-" "Mozilla/5.0 (compatible; MJ12bot/v1.4.8; http://mj12bot.com/)"
192.99.35.94 - - [20/Aug/2022:15:35:33 +0200] "GET /Epha/PhilipHansten HTTP/1.1" 200 11440 "-" "Mozilla/5.0 (compatible; MJ12bot/v1.4.8; http://mj12bot.com/)"
192.99.35.94 - - [20/Aug/2022:15:35:36 +0200] "GET /Main/Diovan?action=edit HTTP/1.1" 403 18 "-" "Mozilla/5.0 (compatible; MJ12bot/v1.4.8; http://mj12bot.com/)"
192.99.35.94 - - [20/Aug/2022:15:35:38 +0200] "GET /Main/FAZ?action=edit HTTP/1.1" 403 18 "-" "Mozilla/5.0 (compatible; MJ12bot/v1.4.8; http://mj12bot.com/)"
192.99.35.94 - - [20/Aug/2022:15:35:41 +0200] "GET /Refdata/LoeschungFelder?action=edit HTTP/1.1" 403 18 "-" "Mozilla/5.0 (compatible; MJ12bot/v1.4.8; http://mj12bot.com/)"
192.99.35.94 - - [20/Aug/2022:15:35:44 +0200] "GET /Refdatabase/PharmacodeLoeschung?action=edit HTTP/1.1" 403 18 "-" "Mozilla/5.0 (compatible; MJ12bot/v1.4.8; http://mj12bot.com/)"
192.99.35.94 - - [20/Aug/2022:15:35:46 +0200] "GET /SpitalSchweiz/AnzahlNeugeborene2012 HTTP/1.1" 200 9388 "-" "Mozilla/5.0 (compatible; MJ12bot/v1.4.8; http://mj12bot.com/)"
192.99.35.94 - - [20/Aug/2022:15:35:49 +0200] "GET /SpitalSchweiz/FinanzErgebnis2012 HTTP/1.1" 200 9335 "-" "Mozilla/5.0 (compatible; MJ12bot/v1.4.8; http://mj12bot.com/)"
192.99.35.94 - - [20/Aug/2022:15:35:53 +0200] "GET /SpitalSchweiz/FinanzenImMinus2012 HTTP/1.1" 200 9243 "-" "Mozilla/5.0 (compatible; MJ12bot/v1.4.8; http://mj12bot.com/)"
192.99.35.94 - - [20/Aug/2022:15:35:57 +0200] "GET /Swissmedic/Aips2xml?action=edit HTTP/1.1" 403 18 "-" "Mozilla/5.0 (compatible; MJ12bot/v1.4.8; http://mj12bot.com/)"
192.99.35.94 - - [20/Aug/2022:15:35:59 +0200] "GET /Swissmedic/Formatvorlagen?action=edit HTTP/1.1" 403 18 "-" "Mozilla/5.0 (compatible; MJ12bot/v1.4.8; http://mj12bot.com/)"
192.99.35.94 - - [20/Aug/2022:15:36:01 +0200] "GET /Swissmedic/Vertriebsunterbruch?action=edit HTTP/1.1" 403 18 "-" "Mozilla/5.0 (compatible; MJ12bot/v1.4.8; http://mj12bot.com/)"
192.99.35.94 - - [20/Aug/2022:15:36:05 +0200] "GET /Ywesee/KindleOniPhone?action=edit HTTP/1.1" 403 18 "-" "Mozilla/5.0 (compatible; MJ12bot/v1.4.8; http://mj12bot.com/)"
192.99.35.94 - - [20/Aug/2022:15:36:07 +0200] "GET /Ywesee/KurzFachinfo?action=edit HTTP/1.1" 403 18 "-" "Mozilla/5.0 (compatible; MJ12bot/v1.4.8; http://mj12bot.com/)"
192.99.35.94 - - [20/Aug/2022:15:36:09 +0200] "GET /Ywesee/ODBA?action=edit HTTP/1.1" 403 18 "-" "Mozilla/5.0 (compatible; MJ12bot/v1.4.8; http://mj12bot.com/)"
192.99.35.94 - - [20/Aug/2022:15:36:13 +0200] "GET /Ywesee/XMLFachinfoValidierung?action=edit HTTP/1.1" 403 18 "-" "Mozilla/5.0 (compatible; MJ12bot/v1.4.8; http://mj12bot.com/)"
194.209.200.2 - - [20/Aug/2022:15:38:07 +0200] "GET /robots.txt HTTP/1.1" 200 - "-" "Mozilla/5.0 (compatible; TMMBot/0.2; +http://www.dslab.ch)/Nutch-1.15"
194.209.200.2 - - [20/Aug/2022:15:38:08 +0200] "GET /Ywesee/Kontakt HTTP/1.1" 200 8973 "-" "Mozilla/5.0 (compatible; TMMBot/0.2; +http://www.dslab.ch)/Nutch-1.15"
194.209.200.2 - - [20/Aug/2022:15:39:50 +0200] "GET /AmiKo/Web HTTP/1.1" 200 9588 "-" "Mozilla/5.0 (compatible; TMMBot/0.2; +http://www.dslab.ch)/Nutch-1.15"
194.209.200.2 - - [20/Aug/2022:15:40:40 +0200] "GET /Ywesee/OpenSource HTTP/1.1" 200 10790 "-" "Mozilla/5.0 (compatible; TMMBot/0.2; +http://www.dslab.ch)/Nutch-1.15"
194.209.200.2 - - [20/Aug/2022:15:41:20 +0200] "GET /Main/2007 HTTP/1.1" 200 50639 "-" "Mozilla/5.0 (compatible; TMMBot/0.2; +http://www.dslab.ch)/Nutch-1.15"
194.209.200.2 - - [20/Aug/2022:15:41:27 +0200] "GET /Main/2005 HTTP/1.1" 200 63344 "-" "Mozilla/5.0 (compatible; TMMBot/0.2; +http://www.dslab.ch)/Nutch-1.15"
194.209.200.2 - - [20/Aug/2022:15:42:03 +0200] "GET /ODDB/IntegrationLookAmpFeelGenerikasuche HTTP/1.1" 200 9097 "-" "Mozilla/5.0 (compatible; TMMBot/0.2; +http://www.dslab.ch)/Nutch-1.15"
194.209.200.2 - - [20/Aug/2022:15:42:05 +0200] "GET /Main/2010 HTTP/1.1" 200 27997 "-" "Mozilla/5.0 (compatible; TMMBot/0.2; +http://www.dslab.ch)/Nutch-1.15"
194.209.200.2 - - [20/Aug/2022:15:42:13 +0200] "GET /Eggze/SpreadIt HTTP/1.1" 200 12537 "-" "Mozilla/5.0 (compatible; TMMBot/0.2; +http://www.dslab.ch)/Nutch-1.15"
17.121.115.75 - - [20/Aug/2022:15:47:42 +0200] "GET /robots.txt HTTP/1.1" 200 - "-" "Mozilla/5.0 (Macintosh; Intel Mac OS X 10_15_5) AppleWebKit/605.1.15 (KHTML, like Gecko) Version/13.1.1 Safari/605.1.15 (Applebot/0.1; +http://www.apple.com/go/applebot)"
17.121.115.75 - - [20/Aug/2022:15:47:43 +0200] "GET /ODDB/IntegrationLookAmpFeelGenerikasuche HTTP/1.1" 200 9097 "-" "Mozilla/5.0 (Macintosh; Intel Mac OS X 10_15_5) AppleWebKit/605.1.15 (KHTML, like Gecko) Version/13.1.1 Safari/605.1.15 (Applebot/0.1; +http://www.apple.com/go/applebot)"
66.249.90.108 - - [20/Aug/2022:15:58:59 +0200] "GET /Generikacc/Privacy HTTP/1.1" 200 8615 "-" "PlayStore-Google"
17.121.115.18 - - [20/Aug/2022:16:00:22 +0200] "GET /AmiKo/IOS HTTP/1.1" 200 11930 "-" "Mozilla/5.0 (Macintosh; Intel Mac OS X 10_15_5) AppleWebKit/605.1.15 (KHTML, like Gecko) Version/13.1.1 Safari/605.1.15 (Applebot/0.1; +http://www.apple.com/go/applebot)"
62.210.215.119 - - [20/Aug/2022:16:02:18 +0200] "GET /Site/AllRecentChanges?action=rss HTTP/1.1" 200 2546 "-" "Mozilla/5.0 (X11; Linux i686) AppleWebKit/537.36 (KHTML, like Gecko) Chrome/30.0.1599.66 Safari/537.36"
114.119.147.42 - - [20/Aug/2022:16:03:48 +0200] "GET /ODDB/OddbDat HTTP/1.1" 200 8661 "https://www.ywesee.com/ODDB/Index" "Mozilla/5.0 (Linux; Android 7.0;) AppleWebKit/537.36 (KHTML, like Gecko) Mobile Safari/537.36 (compatible; PetalBot;+https://webmaster.petalsearch.com/site/petalbot)"
216.145.5.42 - - [20/Aug/2022:16:10:16 +0200] "GET / HTTP/1.1" 200 12074 "-" "Mozilla/5.0 (Macintosh; Intel Mac OS X 10.10; rv:59.0) Gecko/20100101 Firefox/59.0"
66.249.65.76 - - [20/Aug/2022:16:12:33 +0200] "GET /AmiKo/Index HTTP/1.1" 200 9511 "-" "Mozilla/5.0 (Linux; Android 6.0.1; Nexus 5X Build/MMB29P) AppleWebKit/537.36 (KHTML, like Gecko) Chrome/104.0.5112.79 Mobile Safari/537.36 (compatible; Googlebot/2.1; +http://www.google.com/bot.html)"
194.209.200.2 - - [20/Aug/2022:16:13:24 +0200] "GET /robots.txt HTTP/1.1" 200 - "-" "Mozilla/5.0 (compatible; TMMBot/0.2; +http://www.dslab.ch)/Nutch-1.15"
194.209.200.2 - - [20/Aug/2022:16:13:24 +0200] "GET /Main/2008 HTTP/1.1" 200 34740 "-" "Mozilla/5.0 (compatible; TMMBot/0.2; +http://www.dslab.ch)/Nutch-1.15"
194.209.200.2 - - [20/Aug/2022:16:14:37 +0200] "GET /Ywesee/Kontakt HTTP/1.1" 200 8973 "-" "Mozilla/5.0 (compatible; TMMBot/0.2; +http://www.dslab.ch)/Nutch-1.15"
194.209.200.2 - - [20/Aug/2022:16:16:55 +0200] "GET /AmiKo/Web HTTP/1.1" 200 9588 "-" "Mozilla/5.0 (compatible; TMMBot/0.2; +http://www.dslab.ch)/Nutch-1.15"
194.209.200.2 - - [20/Aug/2022:16:18:03 +0200] "GET /Ywesee/OpenSource HTTP/1.1" 200 10790 "-" "Mozilla/5.0 (compatible; TMMBot/0.2; +http://www.dslab.ch)/Nutch-1.15"
194.209.200.2 - - [20/Aug/2022:16:19:00 +0200] "GET /Main/2007 HTTP/1.1" 200 50639 "-" "Mozilla/5.0 (compatible; TMMBot/0.2; +http://www.dslab.ch)/Nutch-1.15"
194.209.200.2 - - [20/Aug/2022:16:19:57 +0200] "GET /ODDB/IntegrationLookAmpFeelGenerikasuche HTTP/1.1" 200 9097 "-" "Mozilla/5.0 (compatible; TMMBot/0.2; +http://www.dslab.ch)/Nutch-1.15"
194.209.200.2 - - [20/Aug/2022:16:19:59 +0200] "GET /Main/2010 HTTP/1.1" 200 27997 "-" "Mozilla/5.0 (compatible; TMMBot/0.2; +http://www.dslab.ch)/Nutch-1.15"
120.202.36.46 - - [20/Aug/2022:16:20:01 +0200] "GET / HTTP/1.1" 200 12074 "-" "Mozilla/5.0 (Windows NT 10.0; Win64; x64) AppleWebKit/537.36 (KHTML, like Gecko) Chrome/85.0.4183.121 Safari/537.36"
194.209.200.2 - - [20/Aug/2022:16:20:10 +0200] "GET /Eggze/SpreadIt HTTP/1.1" 200 12537 "-" "Mozilla/5.0 (compatible; TMMBot/0.2; +http://www.dslab.ch)/Nutch-1.15"
185.191.171.11 - - [20/Aug/2022:16:21:49 +0200] "GET /SpitalSchweiz/Subventionen2012?n=Main.SideBar%3Faction%3Dedit HTTP/1.1" 302 157 "-" "Mozilla/5.0 (compatible; SemrushBot/7~bl; +http://www.semrush.com/bot.html)"
128.14.209.154 - - [20/Aug/2022:16:31:15 +0200] "GET / HTTP/1.1" 200 12074 "http://www.ywesee.com/" "Mozilla/5.0 (Windows NT 10.0; WOW64) AppleWebKit/537.36 (KHTML, like Gecko) Chrome/66.0.3359.117 Safari/537.36"
66.249.65.76 - - [20/Aug/2022:16:33:43 +0200] "GET /Ywesee/About HTTP/1.1" 200 9132 "-" "Mozilla/5.0 (Linux; Android 6.0.1; Nexus 5X Build/MMB29P) AppleWebKit/537.36 (KHTML, like Gecko) Chrome/104.0.5112.101 Mobile Safari/537.36 (compatible; Googlebot/2.1; +http://www.google.com/bot.html)"
157.55.39.210 - - [20/Aug/2022:16:34:46 +0200] "GET /robots.txt HTTP/1.1" 200 - "-" "Mozilla/5.0 (compatible; bingbot/2.0; +http://www.bing.com/bingbot.htm)"
40.77.167.47 - - [20/Aug/2022:16:34:55 +0200] "GET /site/allrecentchanges?action=rss HTTP/1.1" 404 280 "-" "Mozilla/5.0 (compatible; bingbot/2.0; +http://www.bing.com/bingbot.htm)"
194.209.200.2 - - [20/Aug/2022:16:50:26 +0200] "GET /robots.txt HTTP/1.1" 200 - "-" "Mozilla/5.0 (compatible; TMMBot/0.2; +http://www.dslab.ch)/Nutch-1.15"
194.209.200.2 - - [20/Aug/2022:16:50:26 +0200] "GET /ODDB/IndividuelleMediliste HTTP/1.1" 200 9139 "-" "Mozilla/5.0 (compatible; TMMBot/0.2; +http://www.dslab.ch)/Nutch-1.15"
194.209.200.2 - - [20/Aug/2022:16:50:56 +0200] "GET /Main/2017 HTTP/1.1" 200 15840 "-" "Mozilla/5.0 (compatible; TMMBot/0.2; +http://www.dslab.ch)/Nutch-1.15"
194.209.200.2 - - [20/Aug/2022:16:51:30 +0200] "GET /Ywesee/Kontakt HTTP/1.1" 200 8973 "-" "Mozilla/5.0 (compatible; TMMBot/0.2; +http://www.dslab.ch)/Nutch-1.15"
194.209.200.2 - - [20/Aug/2022:16:53:15 +0200] "GET /AmiKo/Web HTTP/1.1" 200 9588 "-" "Mozilla/5.0 (compatible; TMMBot/0.2; +http://www.dslab.ch)/Nutch-1.15"
194.209.200.2 - - [20/Aug/2022:16:54:08 +0200] "GET /Ywesee/OpenSource HTTP/1.1" 200 10790 "-" "Mozilla/5.0 (compatible; TMMBot/0.2; +http://www.dslab.ch)/Nutch-1.15"
185.191.171.22 - - [20/Aug/2022:16:54:15 +0200] "GET /robots.txt HTTP/1.1" 200 - "-" "Mozilla/5.0 (compatible; SemrushBot/7~bl; +http://www.semrush.com/bot.html)"
185.191.171.42 - - [20/Aug/2022:16:54:16 +0200] "GET /Miele/Index?action=print HTTP/1.1" 403 18 "-" "Mozilla/5.0 (compatible; SemrushBot/7~bl; +http://www.semrush.com/bot.html)"
194.209.200.2 - - [20/Aug/2022:16:54:49 +0200] "GET /Main/2007 HTTP/1.1" 200 50639 "-" "Mozilla/5.0 (compatible; TMMBot/0.2; +http://www.dslab.ch)/Nutch-1.15"
194.209.200.2 - - [20/Aug/2022:16:55:31 +0200] "GET /ODDB/IntegrationLookAmpFeelGenerikasuche HTTP/1.1" 200 9097 "-" "Mozilla/5.0 (compatible; TMMBot/0.2; +http://www.dslab.ch)/Nutch-1.15"
194.209.200.2 - - [20/Aug/2022:16:55:32 +0200] "GET /Main/2010 HTTP/1.1" 200 27997 "-" "Mozilla/5.0 (compatible; TMMBot/0.2; +http://www.dslab.ch)/Nutch-1.15"
194.209.200.2 - - [20/Aug/2022:16:55:42 +0200] "GET /Eggze/SpreadIt HTTP/1.1" 200 12537 "-" "Mozilla/5.0 (compatible; TMMBot/0.2; +http://www.dslab.ch)/Nutch-1.15"
213.55.225.15 - - [20/Aug/2022:17:08:54 +0200] "GET / HTTP/1.1" 200 12074 "android-app://com.linkedin.android/" "Mozilla/5.0 (Linux; Android 12; Pixel 5) AppleWebKit/537.36 (KHTML, like Gecko) Chrome/104.0.0.0 Mobile Safari/537.36"
213.55.225.15 - - [20/Aug/2022:17:08:55 +0200] "GET /pub/skins/ywesee/gila.css HTTP/1.1" 200 8276 "https://ywesee.com/" "Mozilla/5.0 (Linux; Android 12; Pixel 5) AppleWebKit/537.36 (KHTML, like Gecko) Chrome/104.0.0.0 Mobile Safari/537.36"
213.55.225.15 - - [20/Aug/2022:17:08:55 +0200] "GET /uploads/Main/yweseelogo.gif HTTP/1.1" 200 2982 "https://ywesee.com/" "Mozilla/5.0 (Linux; Android 12; Pixel 5) AppleWebKit/537.36 (KHTML, like Gecko) Chrome/104.0.0.0 Mobile Safari/537.36"
213.55.225.15 - - [20/Aug/2022:17:08:55 +0200] "GET /favicon.ico HTTP/1.1" 200 1406 "https://ywesee.com/" "Mozilla/5.0 (Linux; Android 12; Pixel 5) AppleWebKit/537.36 (KHTML, like Gecko) Chrome/104.0.0.0 Mobile Safari/537.36"
213.55.225.15 - - [20/Aug/2022:17:09:02 +0200] "GET /Ywesee/OpenSource HTTP/1.1" 200 10790 "https://ywesee.com/" "Mozilla/5.0 (Linux; Android 12; Pixel 5) AppleWebKit/537.36 (KHTML, like Gecko) Chrome/104.0.0.0 Mobile Safari/537.36"
213.55.225.15 - - [20/Aug/2022:17:09:02 +0200] "GET /favicon.ico HTTP/1.1" 200 1406 "https://www.ywesee.com/Ywesee/OpenSource" "Mozilla/5.0 (Linux; Android 12; Pixel 5) AppleWebKit/537.36 (KHTML, like Gecko) Chrome/104.0.0.0 Mobile Safari/537.36"
213.55.225.15 - - [20/Aug/2022:17:09:18 +0200] "GET /ODDB/IntegrationLookAmpFeelGenerikasuche HTTP/1.1" 200 9097 "https://www.ywesee.com/Ywesee/OpenSource" "Mozilla/5.0 (Linux; Android 12; Pixel 5) AppleWebKit/537.36 (KHTML, like Gecko) Chrome/104.0.0.0 Mobile Safari/537.36"
213.55.225.15 - - [20/Aug/2022:17:09:27 +0200] "GET /Ywesee/OpenSource HTTP/1.1" 200 10790 "https://ywesee.com/" "Mozilla/5.0 (Linux; Android 12; Pixel 5) AppleWebKit/537.36 (KHTML, like Gecko) Chrome/104.0.0.0 Mobile Safari/537.36"
213.55.225.15 - - [20/Aug/2022:17:09:27 +0200] "GET / HTTP/1.1" 200 12074 "android-app://com.linkedin.android/" "Mozilla/5.0 (Linux; Android 12; Pixel 5) AppleWebKit/537.36 (KHTML, like Gecko) Chrome/104.0.0.0 Mobile Safari/537.36"
124.220.24.137 - - [20/Aug/2022:17:16:54 +0200] "GET / HTTP/1.1" 200 12074 "-" "Mozilla/5.0 (Linux; Android 6.0; Nexus 5 Build/MRA58N) AppleWebKit/537.36 (KHTML, like Gecko) Chrome/81.0.4044.138 Mobile Safari/537.36"
76.72.172.171 - - [20/Aug/2022:17:22:46 +0200] "GET / HTTP/1.1" 200 12074 "-" "Mozilla/5.0 (Windows NT 10.0; WOW64; rv:40.0) Gecko/20100101 Firefox/40.0"
77.88.5.46 - - [20/Aug/2022:17:22:51 +0200] "GET / HTTP/1.1" 200 12074 "-" "Mozilla/5.0 (compatible; YandexBot/3.0; +http://yandex.com/bots)"
194.209.200.2 - - [20/Aug/2022:17:31:30 +0200] "GET /robots.txt HTTP/1.1" 200 - "-" "Mozilla/5.0 (compatible; TMMBot/0.2; +http://www.dslab.ch)/Nutch-1.15"
194.209.200.2 - - [20/Aug/2022:17:31:30 +0200] "GET /AmiKo/Windows HTTP/1.1" 200 10332 "-" "Mozilla/5.0 (compatible; TMMBot/0.2; +http://www.dslab.ch)/Nutch-1.15"
194.209.200.2 - - [20/Aug/2022:17:34:15 +0200] "GET /Ywesee/Kontakt HTTP/1.1" 200 8973 "-" "Mozilla/5.0 (compatible; TMMBot/0.2; +http://www.dslab.ch)/Nutch-1.15"
54.84.192.51 - - [20/Aug/2022:17:35:42 +0200] "GET /keybase.txt HTTP/1.1" 200 2659 "-" "keybase-proofs/2.3.24"
194.209.200.2 - - [20/Aug/2022:17:35:54 +0200] "GET /AmiKo/Web HTTP/1.1" 200 9588 "-" "Mozilla/5.0 (compatible; TMMBot/0.2; +http://www.dslab.ch)/Nutch-1.15"
194.209.200.2 - - [20/Aug/2022:17:36:43 +0200] "GET /Ywesee/OpenSource HTTP/1.1" 200 10790 "-" "Mozilla/5.0 (compatible; TMMBot/0.2; +http://www.dslab.ch)/Nutch-1.15"
194.209.200.2 - - [20/Aug/2022:17:37:22 +0200] "GET /Main/2007 HTTP/1.1" 200 50639 "-" "Mozilla/5.0 (compatible; TMMBot/0.2; +http://www.dslab.ch)/Nutch-1.15"
194.209.200.2 - - [20/Aug/2022:17:37:29 +0200] "GET /Software/BBMB HTTP/1.1" 200 9385 "-" "Mozilla/5.0 (compatible; TMMBot/0.2; +http://www.dslab.ch)/Nutch-1.15"
194.209.200.2 - - [20/Aug/2022:17:38:02 +0200] "GET /ODDB/IntegrationLookAmpFeelGenerikasuche HTTP/1.1" 200 9097 "-" "Mozilla/5.0 (compatible; TMMBot/0.2; +http://www.dslab.ch)/Nutch-1.15"
194.209.200.2 - - [20/Aug/2022:17:38:04 +0200] "GET /Main/2010 HTTP/1.1" 200 27997 "-" "Mozilla/5.0 (compatible; TMMBot/0.2; +http://www.dslab.ch)/Nutch-1.15"
194.209.200.2 - - [20/Aug/2022:17:38:15 +0200] "GET /Eggze/SpreadIt HTTP/1.1" 200 12537 "-" "Mozilla/5.0 (compatible; TMMBot/0.2; +http://www.dslab.ch)/Nutch-1.15"
66.249.65.77 - - [20/Aug/2022:17:42:33 +0200] "GET /Main/2020 HTTP/1.1" 200 15398 "-" "Mozilla/5.0 (Linux; Android 6.0.1; Nexus 5X Build/MMB29P) AppleWebKit/537.36 (KHTML, like Gecko) Chrome/104.0.5112.79 Mobile Safari/537.36 (compatible; Googlebot/2.1; +http://www.google.com/bot.html)"
49.7.21.114 - - [20/Aug/2022:18:11:49 +0200] "GET / HTTP/1.1" 200 12074 "-" "Sogou web spider/4.0(+http://www.sogou.com/docs/help/webmasters.htm#07)"
194.209.200.2 - - [20/Aug/2022:18:16:29 +0200] "GET /robots.txt HTTP/1.1" 200 - "-" "Mozilla/5.0 (compatible; TMMBot/0.2; +http://www.dslab.ch)/Nutch-1.15"
194.209.200.2 - - [20/Aug/2022:18:16:29 +0200] "GET /Ywesee/Kontakt HTTP/1.1" 200 8973 "-" "Mozilla/5.0 (compatible; TMMBot/0.2; +http://www.dslab.ch)/Nutch-1.15"
194.209.200.2 - - [20/Aug/2022:18:18:28 +0200] "GET /AmiKo/Web HTTP/1.1" 200 9588 "-" "Mozilla/5.0 (compatible; TMMBot/0.2; +http://www.dslab.ch)/Nutch-1.15"
194.209.200.2 - - [20/Aug/2022:18:19:20 +0200] "GET /Ywesee/OpenSource HTTP/1.1" 200 10790 "-" "Mozilla/5.0 (compatible; TMMBot/0.2; +http://www.dslab.ch)/Nutch-1.15"
194.209.200.2 - - [20/Aug/2022:18:20:01 +0200] "GET /Main/2007 HTTP/1.1" 200 50639 "-" "Mozilla/5.0 (compatible; TMMBot/0.2; +http://www.dslab.ch)/Nutch-1.15"
194.209.200.2 - - [20/Aug/2022:18:20:43 +0200] "GET /ODDB/IntegrationLookAmpFeelGenerikasuche HTTP/1.1" 200 9097 "-" "Mozilla/5.0 (compatible; TMMBot/0.2; +http://www.dslab.ch)/Nutch-1.15"
194.209.200.2 - - [20/Aug/2022:18:20:45 +0200] "GET /Main/2010 HTTP/1.1" 200 27997 "-" "Mozilla/5.0 (compatible; TMMBot/0.2; +http://www.dslab.ch)/Nutch-1.15"
194.209.200.2 - - [20/Aug/2022:18:20:53 +0200] "GET /Eggze/SpreadIt HTTP/1.1" 200 12537 "-" "Mozilla/5.0 (compatible; TMMBot/0.2; +http://www.dslab.ch)/Nutch-1.15"
216.145.11.94 - - [20/Aug/2022:18:23:58 +0200] "GET / HTTP/1.1" 200 12074 "-" "Mozilla/5.0 (Macintosh; Intel Mac OS X 10.10; rv:59.0) Gecko/20100101 Firefox/59.0"
17.121.114.204 - - [20/Aug/2022:18:34:52 +0200] "GET /Main/2011 HTTP/1.1" 200 21451 "-" "Mozilla/5.0 (Macintosh; Intel Mac OS X 10_15_5) AppleWebKit/605.1.15 (KHTML, like Gecko) Version/13.1.1 Safari/605.1.15 (Applebot/0.1; +http://www.apple.com/go/applebot)"
62.210.215.119 - - [20/Aug/2022:18:39:19 +0200] "GET /Site/AllRecentChanges?action=rss HTTP/1.1" 200 2546 "-" "Mozilla/5.0 (X11; Linux i686) AppleWebKit/537.36 (KHTML, like Gecko) Chrome/30.0.1599.66 Safari/537.36"
17.121.114.48 - - [20/Aug/2022:18:46:48 +0200] "GET /Miele/MieleLXIV HTTP/1.1" 200 15367 "-" "Mozilla/5.0 (Macintosh; Intel Mac OS X 10_15_5) AppleWebKit/605.1.15 (KHTML, like Gecko) Version/13.1.1 Safari/605.1.15 (Applebot/0.1; +http://www.apple.com/go/applebot)"
185.191.171.10 - - [20/Aug/2022:18:49:51 +0200] "GET /robots.txt HTTP/1.1" 200 - "-" "Mozilla/5.0 (compatible; SemrushBot/7~bl; +http://www.semrush.com/bot.html)"
185.191.171.3 - - [20/Aug/2022:18:49:52 +0200] "GET /Ywesee/YDPM?action=print HTTP/1.1" 403 18 "-" "Mozilla/5.0 (compatible; SemrushBot/7~bl; +http://www.semrush.com/bot.html)"
194.209.200.2 - - [20/Aug/2022:18:56:08 +0200] "GET /robots.txt HTTP/1.1" 200 - "-" "Mozilla/5.0 (compatible; TMMBot/0.2; +http://www.dslab.ch)/Nutch-1.15"
194.209.200.2 - - [20/Aug/2022:18:56:08 +0200] "GET /Ywesee/Kontakt HTTP/1.1" 200 8973 "-" "Mozilla/5.0 (compatible; TMMBot/0.2; +http://www.dslab.ch)/Nutch-1.15"
194.209.200.2 - - [20/Aug/2022:18:57:51 +0200] "GET /AmiKo/Web HTTP/1.1" 200 9588 "-" "Mozilla/5.0 (compatible; TMMBot/0.2; +http://www.dslab.ch)/Nutch-1.15"
194.209.200.2 - - [20/Aug/2022:18:58:43 +0200] "GET /Ywesee/OpenSource HTTP/1.1" 200 10790 "-" "Mozilla/5.0 (compatible; TMMBot/0.2; +http://www.dslab.ch)/Nutch-1.15"
194.209.200.2 - - [20/Aug/2022:18:59:24 +0200] "GET /Main/2007 HTTP/1.1" 200 50639 "-" "Mozilla/5.0 (compatible; TMMBot/0.2; +http://www.dslab.ch)/Nutch-1.15"
194.209.200.2 - - [20/Aug/2022:19:00:07 +0200] "GET /ODDB/IntegrationLookAmpFeelGenerikasuche HTTP/1.1" 200 9097 "-" "Mozilla/5.0 (compatible; TMMBot/0.2; +http://www.dslab.ch)/Nutch-1.15"
194.209.200.2 - - [20/Aug/2022:19:00:10 +0200] "GET /Main/2010 HTTP/1.1" 200 27997 "-" "Mozilla/5.0 (compatible; TMMBot/0.2; +http://www.dslab.ch)/Nutch-1.15"
194.209.200.2 - - [20/Aug/2022:19:00:19 +0200] "GET /Eggze/SpreadIt HTTP/1.1" 200 12537 "-" "Mozilla/5.0 (compatible; TMMBot/0.2; +http://www.dslab.ch)/Nutch-1.15"
66.249.65.77 - - [20/Aug/2022:19:01:09 +0200] "GET /Ywesee/KurzFachinfo HTTP/1.1" 200 8845 "-" "Mozilla/5.0 (Linux; Android 6.0.1; Nexus 5X Build/MMB29P) AppleWebKit/537.36 (KHTML, like Gecko) Chrome/104.0.5112.79 Mobile Safari/537.36 (compatible; Googlebot/2.1; +http://www.google.com/bot.html)"
213.55.240.3 - - [20/Aug/2022:19:08:08 +0200] "GET / HTTP/1.1" 200 12074 "-" "Mozilla/5.0 (Linux; Android 12; SM-G988B) AppleWebKit/537.36 (KHTML, like Gecko) Chrome/104.0.0.0 Mobile Safari/537.36"
213.55.240.3 - - [20/Aug/2022:19:08:09 +0200] "GET /uploads/Main/yweseelogo.gif HTTP/1.1" 200 2982 "https://ywesee.com/" "Mozilla/5.0 (Linux; Android 12; SM-G988B) AppleWebKit/537.36 (KHTML, like Gecko) Chrome/104.0.0.0 Mobile Safari/537.36"
213.55.240.3 - - [20/Aug/2022:19:08:09 +0200] "GET /pub/skins/ywesee/gila.css HTTP/1.1" 200 8276 "https://ywesee.com/" "Mozilla/5.0 (Linux; Android 12; SM-G988B) AppleWebKit/537.36 (KHTML, like Gecko) Chrome/104.0.0.0 Mobile Safari/537.36"
213.55.240.3 - - [20/Aug/2022:19:08:09 +0200] "GET /favicon.ico HTTP/1.1" 200 1406 "https://ywesee.com/" "Mozilla/5.0 (Linux; Android 12; SM-G988B) AppleWebKit/537.36 (KHTML, like Gecko) Chrome/104.0.0.0 Mobile Safari/537.36"
213.55.240.3 - - [20/Aug/2022:19:08:40 +0200] "GET / HTTP/1.1" 200 12074 "-" "Mozilla/5.0 (Linux; Android 12; SM-G988B) AppleWebKit/537.36 (KHTML, like Gecko) Chrome/104.0.0.0 Mobile Safari/537.36"
213.55.240.3 - - [20/Aug/2022:19:08:42 +0200] "GET /Main/2004 HTTP/1.1" 200 14080 "https://ywesee.com/" "Mozilla/5.0 (Linux; Android 12; SM-G988B) AppleWebKit/537.36 (KHTML, like Gecko) Chrome/104.0.0.0 Mobile Safari/537.36"
213.55.240.3 - - [20/Aug/2022:19:08:43 +0200] "GET /favicon.ico HTTP/1.1" 200 1406 "https://www.ywesee.com/Main/2004" "Mozilla/5.0 (Linux; Android 12; SM-G988B) AppleWebKit/537.36 (KHTML, like Gecko) Chrome/104.0.0.0 Mobile Safari/537.36"
213.55.240.3 - - [20/Aug/2022:19:08:54 +0200] "GET /AmiKo/Android HTTP/1.1" 200 10427 "https://www.ywesee.com/Main/2004" "Mozilla/5.0 (Linux; Android 12; SM-G988B) AppleWebKit/537.36 (KHTML, like Gecko) Chrome/104.0.0.0 Mobile Safari/537.36"
213.55.240.3 - - [20/Aug/2022:19:09:26 +0200] "GET /Main/2004 HTTP/1.1" 200 14080 "https://ywesee.com/" "Mozilla/5.0 (Linux; Android 12; SM-G988B) AppleWebKit/537.36 (KHTML, like Gecko) Chrome/104.0.0.0 Mobile Safari/537.36"
213.55.240.3 - - [20/Aug/2022:19:09:27 +0200] "GET / HTTP/1.1" 200 12074 "-" "Mozilla/5.0 (Linux; Android 12; SM-G988B) AppleWebKit/537.36 (KHTML, like Gecko) Chrome/104.0.0.0 Mobile Safari/537.36"
205.185.121.69 - - [20/Aug/2022:19:14:02 +0200] "GET / HTTP/1.1" 200 12074 "-" "Mozilla/5.0 (Macintosh; Intel Mac OS X 10_15_7) AppleWebKit/537.36 (KHTML, like Gecko) Chrome/96.0.4664.110 Safari/537.36"
205.185.121.69 - - [20/Aug/2022:19:14:02 +0200] "GET /favicon.ico HTTP/1.1" 200 1406 "-" "Mozilla/5.0 (Macintosh; Intel Mac OS X 10_15_7) AppleWebKit/537.36 (KHTML, like Gecko) Chrome/96.0.4664.110 Safari/537.36"
205.185.116.89 - - [20/Aug/2022:19:14:18 +0200] "GET / HTTP/1.1" 200 12074 "-" "Mozilla/5.0 (Macintosh; Intel Mac OS X 10_15_7) AppleWebKit/537.36 (KHTML, like Gecko) Chrome/96.0.4664.110 Safari/537.36"
205.185.116.89 - - [20/Aug/2022:19:14:18 +0200] "GET /favicon.ico HTTP/1.1" 200 1406 "-" "Mozilla/5.0 (Macintosh; Intel Mac OS X 10_15_7) AppleWebKit/537.36 (KHTML, like Gecko) Chrome/96.0.4664.110 Safari/537.36"
185.191.171.25 - - [20/Aug/2022:19:31:24 +0200] "GET /SpitalSchweiz/Subventionen2012?action=print HTTP/1.1" 403 18 "-" "Mozilla/5.0 (compatible; SemrushBot/7~bl; +http://www.semrush.com/bot.html)"
66.249.65.76 - - [20/Aug/2022:19:34:44 +0200] "GET /Ywesee/Events HTTP/1.1" 200 8918 "-" "Mozilla/5.0 (Linux; Android 6.0.1; Nexus 5X Build/MMB29P) AppleWebKit/537.36 (KHTML, like Gecko) Chrome/104.0.5112.79 Mobile Safari/537.36 (compatible; Googlebot/2.1; +http://www.google.com/bot.html)"
66.249.65.66 - - [20/Aug/2022:19:35:03 +0200] "GET /ads.txt HTTP/1.1" 404 266 "-" "Mozilla/5.0 (compatible; Googlebot/2.1; +http://www.google.com/bot.html)"
66.249.65.69 - - [20/Aug/2022:19:35:04 +0200] "GET /app-ads.txt HTTP/1.1" 404 270 "-" "Google-adstxt"
165.140.84.100 - - [20/Aug/2022:19:35:29 +0200] "GET / HTTP/1.1" 200 12074 "-" "Mozilla/5.0 (Windows NT 10.0; Win64; x64) AppleWebKit/537.36 (KHTML, like Gecko) Chrome/103.0.5060.53 Safari/537.36 Edg/103.0.1264.37"
165.140.84.100 - - [20/Aug/2022:19:35:30 +0200] "GET /pub/skins/ywesee/gila.css HTTP/1.1" 200 8276 "https://ywesee.com/" "Mozilla/5.0 (Windows NT 10.0; Win64; x64) AppleWebKit/537.36 (KHTML, like Gecko) Chrome/103.0.5060.53 Safari/537.36 Edg/103.0.1264.37"
165.140.84.100 - - [20/Aug/2022:19:35:30 +0200] "GET /uploads/Main/yweseelogo.gif HTTP/1.1" 200 2982 "https://ywesee.com/" "Mozilla/5.0 (Windows NT 10.0; Win64; x64) AppleWebKit/537.36 (KHTML, like Gecko) Chrome/103.0.5060.53 Safari/537.36 Edg/103.0.1264.37"
165.140.84.100 - - [20/Aug/2022:19:35:43 +0200] "GET / HTTP/1.1" 200 12074 "https://geo-peek.com" "Mozilla/5.0 (Windows NT 10.0; Win64; x64) AppleWebKit/537.36 (KHTML, like Gecko) Chrome/103.0.5060.53 Safari/537.36 Edg/103.0.1264.37"
194.209.200.2 - - [20/Aug/2022:19:40:38 +0200] "GET /robots.txt HTTP/1.1" 200 - "-" "Mozilla/5.0 (compatible; TMMBot/0.2; +http://www.dslab.ch)/Nutch-1.15"
194.209.200.2 - - [20/Aug/2022:19:40:38 +0200] "GET /Ywesee/Kontakt HTTP/1.1" 200 8973 "-" "Mozilla/5.0 (compatible; TMMBot/0.2; +http://www.dslab.ch)/Nutch-1.15"
194.209.200.2 - - [20/Aug/2022:19:42:18 +0200] "GET /AmiKo/Web HTTP/1.1" 200 9588 "-" "Mozilla/5.0 (compatible; TMMBot/0.2; +http://www.dslab.ch)/Nutch-1.15"
94.74.127.96 - - [20/Aug/2022:19:42:33 +0200] "GET / HTTP/1.1" 200 12074 "-" "Mozilla/5.0 (Windows NT 10.0; WOW64) AppleWebKit/537.36 (KHTML, like Gecko) Chrome/63.0.3239.132 Safari/537.36"
194.209.200.2 - - [20/Aug/2022:19:43:08 +0200] "GET /Ywesee/OpenSource HTTP/1.1" 200 10790 "-" "Mozilla/5.0 (compatible; TMMBot/0.2; +http://www.dslab.ch)/Nutch-1.15"
194.209.200.2 - - [20/Aug/2022:19:43:48 +0200] "GET /Main/2007 HTTP/1.1" 200 50639 "-" "Mozilla/5.0 (compatible; TMMBot/0.2; +http://www.dslab.ch)/Nutch-1.15"
194.209.200.2 - - [20/Aug/2022:19:44:27 +0200] "GET /ODDB/IntegrationLookAmpFeelGenerikasuche HTTP/1.1" 200 9097 "-" "Mozilla/5.0 (compatible; TMMBot/0.2; +http://www.dslab.ch)/Nutch-1.15"
194.209.200.2 - - [20/Aug/2022:19:44:30 +0200] "GET /Main/2010 HTTP/1.1" 200 27997 "-" "Mozilla/5.0 (compatible; TMMBot/0.2; +http://www.dslab.ch)/Nutch-1.15"
194.209.200.2 - - [20/Aug/2022:19:44:37 +0200] "GET /Eggze/SpreadIt HTTP/1.1" 200 12537 "-" "Mozilla/5.0 (compatible; TMMBot/0.2; +http://www.dslab.ch)/Nutch-1.15"
66.249.65.76 - - [20/Aug/2022:19:59:38 +0200] "GET /uploads/Main/Dissertation_Hannes_F_Wyss.pdf HTTP/1.1" 200 3479848 "-" "Googlebot/2.1 (+http://www.google.com/bot.html)"
111.225.148.134 - - [20/Aug/2022:20:01:29 +0200] "GET /robots.txt HTTP/1.1" 200 - "-" "Mozilla/5.0 (Linux; Android 5.0) AppleWebKit/537.36 (KHTML, like Gecko) Mobile Safari/537.36 (compatible; Bytespider; https://zhanzhang.toutiao.com/)"
111.225.149.170 - - [20/Aug/2022:20:02:20 +0200] "GET / HTTP/1.1" 200 12074 "-" "Mozilla/5.0 (Linux; Android 5.0) AppleWebKit/537.36 (KHTML, like Gecko) Mobile Safari/537.36 (compatible; Bytespider; https://zhanzhang.toutiao.com/)"
111.225.149.172 - - [20/Aug/2022:20:02:21 +0200] "GET /pub/skins/ywesee/gila.css HTTP/1.1" 200 8276 "https://ywesee.com/" "Mozilla/5.0 (Linux; Android 5.0) AppleWebKit/537.36 (KHTML, like Gecko) Mobile Safari/537.36 (compatible; Bytespider; https://zhanzhang.toutiao.com/)"
110.249.202.85 - - [20/Aug/2022:20:02:42 +0200] "GET /robots.txt HTTP/1.1" 200 - "-" "Mozilla/5.0 (Linux; Android 5.0) AppleWebKit/537.36 (KHTML, like Gecko) Mobile Safari/537.36 (compatible; Bytespider; https://zhanzhang.toutiao.com/)"
157.55.39.219 - - [20/Aug/2022:20:05:01 +0200] "GET /oddb2xml/installation HTTP/1.1" 404 280 "-" "Mozilla/5.0 (compatible; bingbot/2.0; +http://www.bing.com/bingbot.htm)"
114.119.136.69 - - [20/Aug/2022:20:05:02 +0200] "GET /robots.txt HTTP/1.1" 200 - "-" "Mozilla/5.0 (compatible;PetalBot;+https://webmaster.petalsearch.com/site/petalbot)"
66.249.65.78 - - [20/Aug/2022:20:08:19 +0200] "GET /uploads/Main/InfoCodex_Master_26.3.2021.pdf HTTP/1.1" 304 - "-" "Mozilla/5.0 (Linux; Android 6.0.1; Nexus 5X Build/MMB29P) AppleWebKit/537.36 (KHTML, like Gecko) Chrome/104.0.5112.79 Mobile Safari/537.36 (compatible; Googlebot/2.1; +http://www.google.com/bot.html)"
40.77.167.43 - - [20/Aug/2022:20:13:15 +0200] "GET /Main/Parsen HTTP/1.1" 200 8581 "-" "Mozilla/5.0 (compatible; bingbot/2.0; +http://www.bing.com/bingbot.htm)"
194.209.200.2 - - [20/Aug/2022:20:21:08 +0200] "GET /robots.txt HTTP/1.1" 200 - "-" "Mozilla/5.0 (compatible; TMMBot/0.2; +http://www.dslab.ch)/Nutch-1.15"
194.209.200.2 - - [20/Aug/2022:20:21:09 +0200] "GET /Ywesee/Kontakt HTTP/1.1" 200 8973 "-" "Mozilla/5.0 (compatible; TMMBot/0.2; +http://www.dslab.ch)/Nutch-1.15"
194.209.200.2 - - [20/Aug/2022:20:23:33 +0200] "GET /AmiKo/Web HTTP/1.1" 200 9588 "-" "Mozilla/5.0 (compatible; TMMBot/0.2; +http://www.dslab.ch)/Nutch-1.15"
157.90.182.30 - - [20/Aug/2022:20:23:52 +0200] "GET /robots.txt HTTP/1.1" 200 - "-" "Mozilla/5.0 (compatible; BLEXBot/1.0; +http://webmeup-crawler.com/)"
157.90.182.30 - - [20/Aug/2022:20:23:53 +0200] "GET /sitemap HTTP/1.1" 404 266 "-" "Mozilla/5.0 (compatible; BLEXBot/1.0; +http://webmeup-crawler.com/)"
157.90.182.30 - - [20/Aug/2022:20:23:55 +0200] "GET /robots.txt HTTP/1.1" 200 - "-" "Mozilla/5.0 (compatible; BLEXBot/1.0; +http://webmeup-crawler.com/)"
157.90.182.30 - - [20/Aug/2022:20:23:56 +0200] "GET /sitemap HTTP/1.1" 404 270 "-" "Mozilla/5.0 (compatible; BLEXBot/1.0; +http://webmeup-crawler.com/)"
157.90.182.30 - - [20/Aug/2022:20:23:57 +0200] "GET /sitemap.txt HTTP/1.1" 404 270 "-" "Mozilla/5.0 (compatible; BLEXBot/1.0; +http://webmeup-crawler.com/)"
157.90.182.30 - - [20/Aug/2022:20:24:00 +0200] "GET /sitemap.txt HTTP/1.1" 404 274 "-" "Mozilla/5.0 (compatible; BLEXBot/1.0; +http://webmeup-crawler.com/)"
194.209.200.2 - - [20/Aug/2022:20:24:42 +0200] "GET /Ywesee/OpenSource HTTP/1.1" 200 10790 "-" "Mozilla/5.0 (compatible; TMMBot/0.2; +http://www.dslab.ch)/Nutch-1.15"
194.209.200.2 - - [20/Aug/2022:20:25:46 +0200] "GET /Main/2007 HTTP/1.1" 200 50639 "-" "Mozilla/5.0 (compatible; TMMBot/0.2; +http://www.dslab.ch)/Nutch-1.15"
185.191.171.1 - - [20/Aug/2022:20:26:23 +0200] "GET /robots.txt HTTP/1.1" 200 - "-" "Mozilla/5.0 (compatible; SemrushBot/7~bl; +http://www.semrush.com/bot.html)"
185.191.171.39 - - [20/Aug/2022:20:26:24 +0200] "GET /Oddb2xml/Felder HTTP/1.1" 200 10305 "-" "Mozilla/5.0 (compatible; SemrushBot/7~bl; +http://www.semrush.com/bot.html)"
194.209.200.2 - - [20/Aug/2022:20:26:50 +0200] "GET /ODDB/IntegrationLookAmpFeelGenerikasuche HTTP/1.1" 200 9097 "-" "Mozilla/5.0 (compatible; TMMBot/0.2; +http://www.dslab.ch)/Nutch-1.15"
194.209.200.2 - - [20/Aug/2022:20:26:53 +0200] "GET /Main/2010 HTTP/1.1" 200 27997 "-" "Mozilla/5.0 (compatible; TMMBot/0.2; +http://www.dslab.ch)/Nutch-1.15"
194.209.200.2 - - [20/Aug/2022:20:27:16 +0200] "GET /Eggze/SpreadIt HTTP/1.1" 200 12537 "-" "Mozilla/5.0 (compatible; TMMBot/0.2; +http://www.dslab.ch)/Nutch-1.15"
95.163.255.86 - - [20/Aug/2022:20:39:43 +0200] "GET /robots.txt HTTP/1.0" 200 - "-" "Mozilla/5.0 (compatible; Linux x86_64; Mail.RU_Bot/2.0; +https://help.mail.ru/webmaster/indexing/robots)"
95.163.255.85 - - [20/Aug/2022:20:39:44 +0200] "GET /Main/DocumedGalenicaVsYwesee HTTP/1.1" 200 35251 "-" "Mozilla/5.0 (compatible; Linux x86_64; Mail.RU_Bot/2.0; +https://help.mail.ru/webmaster/indexing/robots)"
193.247.208.98 - - [20/Aug/2022:20:40:41 +0200] "HEAD / HTTP/1.1" 200 - "https://www.hin.ch" "Mozilla/5.0 (Windows NT 10.0; Win64; x64) AppleWebKit/537.36 (KHTML, like Gecko) Chrome/70.0.3538.102 Safari/537.36"
85.208.98.18 - - [20/Aug/2022:20:42:51 +0200] "GET / HTTP/1.1" 200 12074 "-" "Mozilla/5.0 (compatible; SemrushBot; +http://www.semrush.com/bot.html)"
85.208.98.18 - - [20/Aug/2022:20:43:35 +0200] "HEAD /Main/Home?action=print HTTP/1.1" 403 - "-" "Mozilla/5.0 (compatible; SemrushBot; +http://www.semrush.com/bot.html)"
85.208.98.18 - - [20/Aug/2022:20:43:35 +0200] "HEAD /AmiKo/Web HTTP/1.1" 200 - "-" "Mozilla/5.0 (compatible; SemrushBot; +http://www.semrush.com/bot.html)"
85.208.98.18 - - [20/Aug/2022:20:43:35 +0200] "HEAD /AmiKo/IOS HTTP/1.1" 200 - "-" "Mozilla/5.0 (compatible; SemrushBot; +http://www.semrush.com/bot.html)"
85.208.98.18 - - [20/Aug/2022:20:43:35 +0200] "HEAD /Ywesee/InfoCodex HTTP/1.1" 200 - "-" "Mozilla/5.0 (compatible; SemrushBot; +http://www.semrush.com/bot.html)"
85.208.98.18 - - [20/Aug/2022:20:43:35 +0200] "HEAD /AmiKo/Windows HTTP/1.1" 200 - "-" "Mozilla/5.0 (compatible; SemrushBot; +http://www.semrush.com/bot.html)"
85.208.98.18 - - [20/Aug/2022:20:43:35 +0200] "HEAD /Main/Home?action=diff HTTP/1.1" 403 - "-" "Mozilla/5.0 (compatible; SemrushBot; +http://www.semrush.com/bot.html)"
85.208.98.18 - - [20/Aug/2022:20:43:35 +0200] "HEAD /Main/2011 HTTP/1.1" 200 - "-" "Mozilla/5.0 (compatible; SemrushBot; +http://www.semrush.com/bot.html)"
85.208.98.18 - - [20/Aug/2022:20:43:35 +0200] "HEAD /Main/2018 HTTP/1.1" 200 - "-" "Mozilla/5.0 (compatible; SemrushBot; +http://www.semrush.com/bot.html)"
85.208.98.18 - - [20/Aug/2022:20:43:35 +0200] "HEAD /Main/2012 HTTP/1.1" 200 - "-" "Mozilla/5.0 (compatible; SemrushBot; +http://www.semrush.com/bot.html)"
85.208.98.18 - - [20/Aug/2022:20:43:35 +0200] "HEAD /Main/2017 HTTP/1.1" 200 - "-" "Mozilla/5.0 (compatible; SemrushBot; +http://www.semrush.com/bot.html)"
85.208.98.18 - - [20/Aug/2022:20:43:36 +0200] "HEAD /Main/SideBar?action=edit HTTP/1.1" 403 - "-" "Mozilla/5.0 (compatible; SemrushBot; +http://www.semrush.com/bot.html)"
85.208.98.18 - - [20/Aug/2022:20:43:36 +0200] "HEAD /Main/Home?action=edit HTTP/1.1" 403 - "-" "Mozilla/5.0 (compatible; SemrushBot; +http://www.semrush.com/bot.html)"
85.208.98.18 - - [20/Aug/2022:20:43:35 +0200] "HEAD /Generikacc/App HTTP/1.1" 200 - "-" "Mozilla/5.0 (compatible; SemrushBot; +http://www.semrush.com/bot.html)"
85.208.98.18 - - [20/Aug/2022:20:43:36 +0200] "HEAD /Main/Home?action=edit HTTP/1.1" 403 - "-" "Mozilla/5.0 (compatible; SemrushBot; +http://www.semrush.com/bot.html)"
85.208.98.18 - - [20/Aug/2022:20:43:36 +0200] "HEAD /Main/SearchWiki HTTP/1.1" 200 - "-" "Mozilla/5.0 (compatible; SemrushBot; +http://www.semrush.com/bot.html)"
85.208.98.18 - - [20/Aug/2022:20:43:36 +0200] "HEAD /Main/2009 HTTP/1.1" 200 - "-" "Mozilla/5.0 (compatible; SemrushBot; +http://www.semrush.com/bot.html)"
85.208.98.18 - - [20/Aug/2022:20:43:36 +0200] "HEAD /Site/AllRecentChanges?action=rss HTTP/1.1" 200 - "-" "Mozilla/5.0 (compatible; SemrushBot; +http://www.semrush.com/bot.html)"
85.208.98.18 - - [20/Aug/2022:20:43:36 +0200] "HEAD /Main/2010 HTTP/1.1" 200 - "-" "Mozilla/5.0 (compatible; SemrushBot; +http://www.semrush.com/bot.html)"
85.208.98.18 - - [20/Aug/2022:20:43:36 +0200] "HEAD /Main/Home?action=upload HTTP/1.1" 403 - "-" "Mozilla/5.0 (compatible; SemrushBot; +http://www.semrush.com/bot.html)"
85.208.98.18 - - [20/Aug/2022:20:43:36 +0200] "HEAD /Main/Home?action=print HTTP/1.1" 403 - "-" "Mozilla/5.0 (compatible; SemrushBot; +http://www.semrush.com/bot.html)"
85.208.98.18 - - [20/Aug/2022:20:43:36 +0200] "HEAD /Ywesee/Events HTTP/1.1" 200 - "-" "Mozilla/5.0 (compatible; SemrushBot; +http://www.semrush.com/bot.html)"
85.208.98.18 - - [20/Aug/2022:20:43:36 +0200] "HEAD /Main/Home?n=Main.SideBar?action=edit HTTP/1.1" 403 - "-" "Mozilla/5.0 (compatible; SemrushBot; +http://www.semrush.com/bot.html)"
85.208.98.18 - - [20/Aug/2022:20:43:36 +0200] "HEAD /Main/2016 HTTP/1.1" 200 - "-" "Mozilla/5.0 (compatible; SemrushBot; +http://www.semrush.com/bot.html)"
85.208.98.18 - - [20/Aug/2022:20:43:36 +0200] "HEAD /uploads/Main/B-2597_2017.pdf HTTP/1.1" 200 - "-" "Mozilla/5.0 (compatible; SemrushBot; +http://www.semrush.com/bot.html)"
85.208.98.18 - - [20/Aug/2022:20:43:36 +0200] "HEAD /Software/SoftwareRaid HTTP/1.1" 200 - "-" "Mozilla/5.0 (compatible; SemrushBot; +http://www.semrush.com/bot.html)"
85.208.98.18 - - [20/Aug/2022:20:43:36 +0200] "HEAD /Ywesee/Kontakt HTTP/1.1" 200 - "-" "Mozilla/5.0 (compatible; SemrushBot; +http://www.semrush.com/bot.html)"
85.208.98.18 - - [20/Aug/2022:20:43:36 +0200] "HEAD /Main/Home?action=diff HTTP/1.1" 403 - "-" "Mozilla/5.0 (compatible; SemrushBot; +http://www.semrush.com/bot.html)"
85.208.98.18 - - [20/Aug/2022:20:43:36 +0200] "HEAD /Main/2004 HTTP/1.1" 200 - "-" "Mozilla/5.0 (compatible; SemrushBot; +http://www.semrush.com/bot.html)"
85.208.98.18 - - [20/Aug/2022:20:43:36 +0200] "HEAD / HTTP/1.1" 200 - "-" "Mozilla/5.0 (compatible; SemrushBot; +http://www.semrush.com/bot.html)"
85.208.98.18 - - [20/Aug/2022:20:43:36 +0200] "HEAD /AmiKo/OSX HTTP/1.1" 200 - "-" "Mozilla/5.0 (compatible; SemrushBot; +http://www.semrush.com/bot.html)"
85.208.98.18 - - [20/Aug/2022:20:43:36 +0200] "HEAD /Oddb2xml/Index HTTP/1.1" 200 - "-" "Mozilla/5.0 (compatible; SemrushBot; +http://www.semrush.com/bot.html)"
85.208.98.18 - - [20/Aug/2022:20:43:36 +0200] "HEAD /Main/2021 HTTP/1.1" 200 - "-" "Mozilla/5.0 (compatible; SemrushBot; +http://www.semrush.com/bot.html)"
85.208.98.18 - - [20/Aug/2022:20:43:36 +0200] "HEAD /Software/BBMB HTTP/1.1" 200 - "-" "Mozilla/5.0 (compatible; SemrushBot; +http://www.semrush.com/bot.html)"
85.208.98.18 - - [20/Aug/2022:20:43:36 +0200] "HEAD /AmiKo/Linux HTTP/1.1" 200 - "-" "Mozilla/5.0 (compatible; SemrushBot; +http://www.semrush.com/bot.html)"
85.208.98.18 - - [20/Aug/2022:20:43:36 +0200] "HEAD /AmiKo/Android HTTP/1.1" 200 - "-" "Mozilla/5.0 (compatible; SemrushBot; +http://www.semrush.com/bot.html)"
85.208.98.18 - - [20/Aug/2022:20:43:36 +0200] "HEAD /uploads/Main/B-2597_2017_fr.pdf HTTP/1.1" 200 - "-" "Mozilla/5.0 (compatible; SemrushBot; +http://www.semrush.com/bot.html)"
85.208.98.18 - - [20/Aug/2022:20:43:36 +0200] "HEAD /Main/2019 HTTP/1.1" 200 - "-" "Mozilla/5.0 (compatible; SemrushBot; +http://www.semrush.com/bot.html)"
85.208.98.18 - - [20/Aug/2022:20:43:36 +0200] "HEAD /Ywesee/About HTTP/1.1" 200 - "-" "Mozilla/5.0 (compatible; SemrushBot; +http://www.semrush.com/bot.html)"
85.208.98.18 - - [20/Aug/2022:20:43:37 +0200] "HEAD /Software/YDIM HTTP/1.1" 200 - "-" "Mozilla/5.0 (compatible; SemrushBot; +http://www.semrush.com/bot.html)"
85.208.98.18 - - [20/Aug/2022:20:43:37 +0200] "HEAD /Main/Home?action=upload HTTP/1.1" 403 - "-" "Mozilla/5.0 (compatible; SemrushBot; +http://www.semrush.com/bot.html)"
85.208.98.18 - - [20/Aug/2022:20:43:36 +0200] "HEAD /Main/2008 HTTP/1.1" 200 - "-" "Mozilla/5.0 (compatible; SemrushBot; +http://www.semrush.com/bot.html)"
85.208.98.18 - - [20/Aug/2022:20:43:37 +0200] "HEAD /Software/Spreadsheet HTTP/1.1" 200 - "-" "Mozilla/5.0 (compatible; SemrushBot; +http://www.semrush.com/bot.html)"
85.208.98.18 - - [20/Aug/2022:20:43:37 +0200] "HEAD /Software/XMLConv HTTP/1.1" 200 - "-" "Mozilla/5.0 (compatible; SemrushBot; +http://www.semrush.com/bot.html)"
85.208.98.18 - - [20/Aug/2022:20:43:37 +0200] "HEAD /Ywesee/OpenSource HTTP/1.1" 200 - "-" "Mozilla/5.0 (compatible; SemrushBot; +http://www.semrush.com/bot.html)"
85.208.98.18 - - [20/Aug/2022:20:43:37 +0200] "HEAD /Main/2015 HTTP/1.1" 200 - "-" "Mozilla/5.0 (compatible; SemrushBot; +http://www.semrush.com/bot.html)"
85.208.98.18 - - [20/Aug/2022:20:43:37 +0200] "HEAD /ODDB/IndividuelleMediliste HTTP/1.1" 200 - "-" "Mozilla/5.0 (compatible; SemrushBot; +http://www.semrush.com/bot.html)"
85.208.98.18 - - [20/Aug/2022:20:43:37 +0200] "HEAD /Main/2014 HTTP/1.1" 200 - "-" "Mozilla/5.0 (compatible; SemrushBot; +http://www.semrush.com/bot.html)"
85.208.98.18 - - [20/Aug/2022:20:43:37 +0200] "HEAD /Main/Home HTTP/1.1" 200 - "-" "Mozilla/5.0 (compatible; SemrushBot; +http://www.semrush.com/bot.html)"
85.208.98.18 - - [20/Aug/2022:20:43:37 +0200] "HEAD /Ywesee/Team HTTP/1.1" 200 - "-" "Mozilla/5.0 (compatible; SemrushBot; +http://www.semrush.com/bot.html)"
85.208.98.18 - - [20/Aug/2022:20:43:37 +0200] "HEAD /Main/2007 HTTP/1.1" 200 - "-" "Mozilla/5.0 (compatible; SemrushBot; +http://www.semrush.com/bot.html)"
85.208.98.18 - - [20/Aug/2022:20:43:37 +0200] "HEAD /Main/2020 HTTP/1.1" 200 - "-" "Mozilla/5.0 (compatible; SemrushBot; +http://www.semrush.com/bot.html)"
85.208.98.18 - - [20/Aug/2022:20:43:37 +0200] "HEAD /ODDB/StammdatenCH HTTP/1.1" 200 - "-" "Mozilla/5.0 (compatible; SemrushBot; +http://www.semrush.com/bot.html)"
85.208.98.18 - - [20/Aug/2022:20:43:37 +0200] "HEAD /Main/Home HTTP/1.1" 200 - "-" "Mozilla/5.0 (compatible; SemrushBot; +http://www.semrush.com/bot.html)"
85.208.98.18 - - [20/Aug/2022:20:43:37 +0200] "HEAD /ODDB/IntegrationLookAmpFeelGenerikasuche HTTP/1.1" 200 - "-" "Mozilla/5.0 (compatible; SemrushBot; +http://www.semrush.com/bot.html)"
85.208.98.18 - - [20/Aug/2022:20:43:37 +0200] "HEAD /Software/ODDB HTTP/1.1" 200 - "-" "Mozilla/5.0 (compatible; SemrushBot; +http://www.semrush.com/bot.html)"
85.208.98.18 - - [20/Aug/2022:20:43:37 +0200] "HEAD /Main/2013 HTTP/1.1" 200 - "-" "Mozilla/5.0 (compatible; SemrushBot; +http://www.semrush.com/bot.html)"
85.208.98.18 - - [20/Aug/2022:20:43:37 +0200] "HEAD /Main/Home HTTP/1.1" 200 - "-" "Mozilla/5.0 (compatible; SemrushBot; +http://www.semrush.com/bot.html)"
85.208.98.18 - - [20/Aug/2022:20:43:37 +0200] "HEAD /Main/2005 HTTP/1.1" 200 - "-" "Mozilla/5.0 (compatible; SemrushBot; +http://www.semrush.com/bot.html)"
85.208.98.18 - - [20/Aug/2022:20:43:37 +0200] "HEAD /Main/DocumedGalenicaVsYwesee HTTP/1.1" 200 - "-" "Mozilla/5.0 (compatible; SemrushBot; +http://www.semrush.com/bot.html)"
85.208.98.18 - - [20/Aug/2022:20:43:37 +0200] "HEAD /Main/2006 HTTP/1.1" 200 - "-" "Mozilla/5.0 (compatible; SemrushBot; +http://www.semrush.com/bot.html)"
66.249.65.78 - - [20/Aug/2022:20:46:51 +0200] "GET /uploads/Main/SAEZ_35_Jahre_Arzneimittel-Kompendium_et_quo_vadis.pdf HTTP/1.1" 200 60853 "-" "Googlebot/2.1 (+http://www.google.com/bot.html)"
194.209.200.2 - - [20/Aug/2022:20:54:50 +0200] "GET /robots.txt HTTP/1.1" 200 - "-" "Mozilla/5.0 (compatible; TMMBot/0.2; +http://www.dslab.ch)/Nutch-1.15"
194.209.200.2 - - [20/Aug/2022:20:54:50 +0200] "GET /AmiKo/Linux HTTP/1.1" 200 9217 "-" "Mozilla/5.0 (compatible; TMMBot/0.2; +http://www.dslab.ch)/Nutch-1.15"
54.90.204.205 - - [20/Aug/2022:20:58:39 +0200] "GET /robots.txt HTTP/1.1" 200 - "-" "Mozilla/5.0/Firefox/42.0 - nbertaupete95(at)gmail.com"
54.90.204.205 - - [20/Aug/2022:20:58:39 +0200] "GET /InfoCodex/Index?action=diff HTTP/1.1" 200 12107 "-" "Mozilla/5.0/Firefox/42.0 - nbertaupete95(at)gmail.com"
54.90.204.205 - - [20/Aug/2022:20:58:45 +0200] "GET /InfoCodex/Index?n=Main.SideBar?action=edit HTTP/1.1" 200 9328 "-" "Mozilla/5.0/Firefox/42.0 - nbertaupete95(at)gmail.com"
194.209.200.2 - - [20/Aug/2022:20:59:07 +0200] "GET /AmiKo/Web HTTP/1.1" 200 9588 "-" "Mozilla/5.0 (compatible; TMMBot/0.2; +http://www.dslab.ch)/Nutch-1.15"
194.209.200.2 - - [20/Aug/2022:20:59:53 +0200] "GET /Ywesee/OpenSource HTTP/1.1" 200 10790 "-" "Mozilla/5.0 (compatible; TMMBot/0.2; +http://www.dslab.ch)/Nutch-1.15"
194.209.200.2 - - [20/Aug/2022:21:01:12 +0200] "GET /ODDB/IntegrationLookAmpFeelGenerikasuche HTTP/1.1" 200 9097 "-" "Mozilla/5.0 (compatible; TMMBot/0.2; +http://www.dslab.ch)/Nutch-1.15"
66.249.65.78 - - [20/Aug/2022:21:01:53 +0200] "GET /Main/2007?action=upload HTTP/1.1" 403 18 "-" "Mozilla/5.0 (Linux; Android 6.0.1; Nexus 5X Build/MMB29P) AppleWebKit/537.36 (KHTML, like Gecko) Chrome/104.0.5112.79 Mobile Safari/537.36 (compatible; Googlebot/2.1; +http://www.google.com/bot.html)"
40.77.167.47 - - [20/Aug/2022:21:02:51 +0200] "GET /uploads/Main/131_Email_an_Andreas_Balsiger_13.6.2005.txt HTTP/1.1" 200 4424 "-" "Mozilla/5.0 (compatible; bingbot/2.0; +http://www.bing.com/bingbot.htm)"
185.191.171.39 - - [20/Aug/2022:21:12:58 +0200] "GET /MEDIupdateXML/Aerzte?action=diff HTTP/1.1" 403 18 "-" "Mozilla/5.0 (compatible; SemrushBot/7~bl; +http://www.semrush.com/bot.html)"
62.210.215.119 - - [20/Aug/2022:21:14:20 +0200] "GET /Site/AllRecentChanges?action=rss HTTP/1.1" 200 2546 "-" "Mozilla/5.0 (X11; Linux i686) AppleWebKit/537.36 (KHTML, like Gecko) Chrome/30.0.1599.66 Safari/537.36"
194.209.200.2 - - [20/Aug/2022:21:34:09 +0200] "GET /robots.txt HTTP/1.1" 200 - "-" "Mozilla/5.0 (compatible; TMMBot/0.2; +http://www.dslab.ch)/Nutch-1.15"
194.209.200.2 - - [20/Aug/2022:21:34:09 +0200] "GET /Ywesee/Kontakt HTTP/1.1" 200 8973 "-" "Mozilla/5.0 (compatible; TMMBot/0.2; +http://www.dslab.ch)/Nutch-1.15"
194.209.200.2 - - [20/Aug/2022:21:36:13 +0200] "GET /AmiKo/Web HTTP/1.1" 200 9588 "-" "Mozilla/5.0 (compatible; TMMBot/0.2; +http://www.dslab.ch)/Nutch-1.15"
194.209.200.2 - - [20/Aug/2022:21:37:14 +0200] "GET /Ywesee/OpenSource HTTP/1.1" 200 10790 "-" "Mozilla/5.0 (compatible; TMMBot/0.2; +http://www.dslab.ch)/Nutch-1.15"
194.209.200.2 - - [20/Aug/2022:21:38:00 +0200] "GET /Main/2007 HTTP/1.1" 200 50639 "-" "Mozilla/5.0 (compatible; TMMBot/0.2; +http://www.dslab.ch)/Nutch-1.15"
194.209.200.2 - - [20/Aug/2022:21:38:49 +0200] "GET /Main/2010 HTTP/1.1" 200 27997 "-" "Mozilla/5.0 (compatible; TMMBot/0.2; +http://www.dslab.ch)/Nutch-1.15"
194.209.200.2 - - [20/Aug/2022:21:39:03 +0200] "GET /Eggze/SpreadIt HTTP/1.1" 200 12537 "-" "Mozilla/5.0 (compatible; TMMBot/0.2; +http://www.dslab.ch)/Nutch-1.15"
5.161.143.66 - - [20/Aug/2022:21:51:36 +0200] "GET /Main/Refdata HTTP/1.1" 200 11486 "-" "Mozilla/5.0 (Windows NT 10.0; Win64; x64) AppleWebKit/537.36 (KHTML, like Gecko) Chrome/84.0.4147.105 Safari/537.36"
194.209.200.2 - - [20/Aug/2022:22:04:54 +0200] "GET /robots.txt HTTP/1.1" 200 - "-" "Mozilla/5.0 (compatible; TMMBot/0.2; +http://www.dslab.ch)/Nutch-1.15"
194.209.200.2 - - [20/Aug/2022:22:04:54 +0200] "GET /Oddb2xml/Index HTTP/1.1" 200 8983 "-" "Mozilla/5.0 (compatible; TMMBot/0.2; +http://www.dslab.ch)/Nutch-1.15"
86.104.76.49 - - [20/Aug/2022:22:05:48 +0200] "GET / HTTP/1.1" 200 12074 "-" "Mozilla/5.0 (Windows NT 10.0; Win64; x64) AppleWebKit/537.36 (KHTML, like Gecko) Chrome/79.0.3945.74 Safari/537.36 Edg/79.0.309.43"
51.38.162.5 - - [20/Aug/2022:22:05:48 +0200] "GET / HTTP/1.1" 200 12074 "-" "Mozilla/5.0 (Windows NT 10.0; Win64; x64) AppleWebKit/537.36 (KHTML, like Gecko) Chrome/79.0.3945.74 Safari/537.36 Edg/79.0.309.43"
194.209.200.2 - - [20/Aug/2022:22:07:57 +0200] "GET /Ywesee/Kontakt HTTP/1.1" 200 8973 "-" "Mozilla/5.0 (compatible; TMMBot/0.2; +http://www.dslab.ch)/Nutch-1.15"
194.209.200.2 - - [20/Aug/2022:22:09:34 +0200] "GET /AmiKo/Web HTTP/1.1" 200 9588 "-" "Mozilla/5.0 (compatible; TMMBot/0.2; +http://www.dslab.ch)/Nutch-1.15"
194.209.200.2 - - [20/Aug/2022:22:10:23 +0200] "GET /Ywesee/OpenSource HTTP/1.1" 200 10790 "-" "Mozilla/5.0 (compatible; TMMBot/0.2; +http://www.dslab.ch)/Nutch-1.15"
194.209.200.2 - - [20/Aug/2022:22:11:22 +0200] "GET /Main/2016 HTTP/1.1" 200 13689 "-" "Mozilla/5.0 (compatible; TMMBot/0.2; +http://www.dslab.ch)/Nutch-1.15"
17.121.112.60 - - [20/Aug/2022:22:11:34 +0200] "GET /Main/2015 HTTP/1.1" 200 15908 "-" "Mozilla/5.0 (Macintosh; Intel Mac OS X 10_15_5) AppleWebKit/605.1.15 (KHTML, like Gecko) Version/13.1.1 Safari/605.1.15 (Applebot/0.1; +http://www.apple.com/go/applebot)"
194.209.200.2 - - [20/Aug/2022:22:11:43 +0200] "GET /Main/2010 HTTP/1.1" 200 27997 "-" "Mozilla/5.0 (compatible; TMMBot/0.2; +http://www.dslab.ch)/Nutch-1.15"
194.209.200.2 - - [20/Aug/2022:22:11:52 +0200] "GET /Eggze/SpreadIt HTTP/1.1" 200 12537 "-" "Mozilla/5.0 (compatible; TMMBot/0.2; +http://www.dslab.ch)/Nutch-1.15"
123.125.109.133 - - [20/Aug/2022:22:15:04 +0200] "GET / HTTP/1.1" 200 12074 "-" "Sogou web spider/4.0(+http://www.sogou.com/docs/help/webmasters.htm#07)"
116.179.32.166 - - [20/Aug/2022:22:16:27 +0200] "GET / HTTP/1.1" 200 12074 "-" "Mozilla/5.0 (compatible; Baiduspider/2.0; +http://www.baidu.com/search/spider.html)"
116.179.37.227 - - [20/Aug/2022:22:16:28 +0200] "GET /pub/skins/ywesee/gila.css HTTP/1.1" 200 8276 "https://ywesee.com/" "Mozilla/5.0 (compatible; Baiduspider-render/2.0; +http://www.baidu.com/search/spider.html)"
116.179.37.169 - - [20/Aug/2022:22:16:28 +0200] "GET /uploads/Main/yweseelogo.gif HTTP/1.1" 200 2982 "https://ywesee.com/" "Mozilla/5.0 (compatible; Baiduspider-render/2.0; +http://www.baidu.com/search/spider.html)"
95.215.38.191 - - [20/Aug/2022:22:21:36 +0200] "GET / HTTP/1.1" 200 12074 "-" "Mozilla/5.0 (Windows NT 10.0; Win64; x64) AppleWebKit/537.36 (KHTML, like Gecko) Chrome/79.0.3945.74 Safari/537.36 Edg/79.0.309.43"
152.39.227.153 - - [20/Aug/2022:22:21:38 +0200] "GET /pub/skins/ywesee/gila.css HTTP/1.1" 200 8276 "https://ywesee.com/" "Mozilla/5.0 (Windows NT 10.0; Win64; x64) AppleWebKit/537.36 (KHTML, like Gecko) Chrome/79.0.3945.74 Safari/537.36 Edg/79.0.309.43"
51.81.71.235 - - [20/Aug/2022:22:21:40 +0200] "GET / HTTP/1.1" 200 12074 "-" "Mozilla/5.0 (Windows NT 10.0; Win64; x64) AppleWebKit/537.36 (KHTML, like Gecko) Chrome/79.0.3945.74 Safari/537.36 Edg/79.0.309.43"
162.142.125.9 - - [20/Aug/2022:22:22:31 +0200] "GET / HTTP/1.1" 200 12074 "-" "Mozilla/5.0 (compatible; CensysInspect/1.1; +https://about.censys.io/)"
162.142.125.9 - - [20/Aug/2022:22:22:31 +0200] "GET / HTTP/1.1" 200 12074 "-" "Mozilla/5.0 (compatible; CensysInspect/1.1; +https://about.censys.io/)"
66.249.65.77 - - [20/Aug/2022:22:35:42 +0200] "GET / HTTP/1.1" 200 12074 "-" "Mozilla/5.0 (Linux; Android 6.0.1; Nexus 5X Build/MMB29P) AppleWebKit/537.36 (KHTML, like Gecko) Chrome/104.0.5112.79 Mobile Safari/537.36 (compatible; Googlebot/2.1; +http://www.google.com/bot.html)"
66.249.65.76 - - [20/Aug/2022:22:40:42 +0200] "GET /favicon.ico HTTP/1.1" 200 1406 "-" "Googlebot-Image/1.0"
194.209.200.2 - - [20/Aug/2022:22:48:54 +0200] "GET /robots.txt HTTP/1.1" 200 - "-" "Mozilla/5.0 (compatible; TMMBot/0.2; +http://www.dslab.ch)/Nutch-1.15"
