85.208.98.18 - - [23/Feb/2022:05:42:55 +0100] "HEAD /Main/Home?action=diff HTTP/1.1" 403 - "-" "Mozilla/5.0 (compatible; SemrushBot; +http://www.semrush.com/bot.html)"
85.208.98.18 - - [23/Feb/2022:05:42:55 +0100] "HEAD /Main/Home?n=Main.SideBar?action=edit HTTP/1.1" 403 - "-" "Mozilla/5.0 (compatible; SemrushBot; +http://www.semrush.com/bot.html)"
85.208.98.18 - - [23/Feb/2022:05:42:55 +0100] "HEAD /Generikacc/App HTTP/1.1" 200 - "-" "Mozilla/5.0 (compatible; SemrushBot; +http://www.semrush.com/bot.html)"
85.208.98.18 - - [23/Feb/2022:05:42:55 +0100] "HEAD /Main/SearchWiki HTTP/1.1" 200 - "-" "Mozilla/5.0 (compatible; SemrushBot; +http://www.semrush.com/bot.html)"
85.208.98.18 - - [23/Feb/2022:05:42:55 +0100] "HEAD / HTTP/1.1" 200 - "-" "Mozilla/5.0 (compatible; SemrushBot; +http://www.semrush.com/bot.html)"
85.208.98.18 - - [23/Feb/2022:05:42:55 +0100] "HEAD /Main/Home?action=diff HTTP/1.1" 403 - "-" "Mozilla/5.0 (compatible; SemrushBot; +http://www.semrush.com/bot.html)"
85.208.98.18 - - [23/Feb/2022:05:42:55 +0100] "HEAD /Site/AllRecentChanges?action=rss HTTP/1.1" 200 - "-" "Mozilla/5.0 (compatible; SemrushBot; +http://www.semrush.com/bot.html)"
85.208.98.18 - - [23/Feb/2022:05:42:55 +0100] "HEAD /Main/Home?action=upload HTTP/1.1" 403 - "-" "Mozilla/5.0 (compatible; SemrushBot; +http://www.semrush.com/bot.html)"
85.208.98.18 - - [23/Feb/2022:05:42:55 +0100] "HEAD /Main/Home?action=print HTTP/1.1" 403 - "-" "Mozilla/5.0 (compatible; SemrushBot; +http://www.semrush.com/bot.html)"
85.208.98.18 - - [23/Feb/2022:05:42:55 +0100] "HEAD /Software/XMLConv HTTP/1.1" 200 - "-" "Mozilla/5.0 (compatible; SemrushBot; +http://www.semrush.com/bot.html)"
85.208.98.18 - - [23/Feb/2022:05:42:55 +0100] "HEAD /Main/2015 HTTP/1.1" 200 - "-" "Mozilla/5.0 (compatible; SemrushBot; +http://www.semrush.com/bot.html)"
85.208.98.18 - - [23/Feb/2022:05:42:55 +0100] "HEAD /Main/2010 HTTP/1.1" 200 - "-" "Mozilla/5.0 (compatible; SemrushBot; +http://www.semrush.com/bot.html)"
85.208.98.18 - - [23/Feb/2022:05:42:55 +0100] "HEAD /Ywesee/InfoCodex HTTP/1.1" 200 - "-" "Mozilla/5.0 (compatible; SemrushBot; +http://www.semrush.com/bot.html)"
85.208.98.18 - - [23/Feb/2022:05:42:55 +0100] "HEAD /Main/Home HTTP/1.1" 200 - "-" "Mozilla/5.0 (compatible; SemrushBot; +http://www.semrush.com/bot.html)"
85.208.98.18 - - [23/Feb/2022:05:42:55 +0100] "HEAD /AmiKo/Web HTTP/1.1" 200 - "-" "Mozilla/5.0 (compatible; SemrushBot; +http://www.semrush.com/bot.html)"
85.208.98.18 - - [23/Feb/2022:05:42:56 +0100] "HEAD /Oddb2xml/Index HTTP/1.1" 200 - "-" "Mozilla/5.0 (compatible; SemrushBot; +http://www.semrush.com/bot.html)"
85.208.98.18 - - [23/Feb/2022:05:42:56 +0100] "HEAD /Main/2009 HTTP/1.1" 200 - "-" "Mozilla/5.0 (compatible; SemrushBot; +http://www.semrush.com/bot.html)"
85.208.98.18 - - [23/Feb/2022:05:42:56 +0100] "HEAD /ODDB/IndividuelleMediliste HTTP/1.1" 200 - "-" "Mozilla/5.0 (compatible; SemrushBot; +http://www.semrush.com/bot.html)"
85.208.98.18 - - [23/Feb/2022:05:42:56 +0100] "HEAD /Main/2016 HTTP/1.1" 200 - "-" "Mozilla/5.0 (compatible; SemrushBot; +http://www.semrush.com/bot.html)"
85.208.98.18 - - [23/Feb/2022:05:42:56 +0100] "HEAD /Main/2012 HTTP/1.1" 200 - "-" "Mozilla/5.0 (compatible; SemrushBot; +http://www.semrush.com/bot.html)"
85.208.98.18 - - [23/Feb/2022:05:42:56 +0100] "HEAD /Software/YDIM HTTP/1.1" 200 - "-" "Mozilla/5.0 (compatible; SemrushBot; +http://www.semrush.com/bot.html)"
85.208.98.18 - - [23/Feb/2022:05:42:56 +0100] "HEAD /Main/Home?action=edit HTTP/1.1" 403 - "-" "Mozilla/5.0 (compatible; SemrushBot; +http://www.semrush.com/bot.html)"
85.208.98.18 - - [23/Feb/2022:05:42:56 +0100] "HEAD /Ywesee/About HTTP/1.1" 200 - "-" "Mozilla/5.0 (compatible; SemrushBot; +http://www.semrush.com/bot.html)"
85.208.98.18 - - [23/Feb/2022:05:42:56 +0100] "HEAD /Main/2011 HTTP/1.1" 200 - "-" "Mozilla/5.0 (compatible; SemrushBot; +http://www.semrush.com/bot.html)"
85.208.98.18 - - [23/Feb/2022:05:42:56 +0100] "HEAD /Main/Home HTTP/1.1" 200 - "-" "Mozilla/5.0 (compatible; SemrushBot; +http://www.semrush.com/bot.html)"
85.208.98.18 - - [23/Feb/2022:05:42:56 +0100] "HEAD /Main/Home?action=edit HTTP/1.1" 403 - "-" "Mozilla/5.0 (compatible; SemrushBot; +http://www.semrush.com/bot.html)"
85.208.98.18 - - [23/Feb/2022:05:42:56 +0100] "HEAD /Main/2021 HTTP/1.1" 200 - "-" "Mozilla/5.0 (compatible; SemrushBot; +http://www.semrush.com/bot.html)"
85.208.98.18 - - [23/Feb/2022:05:42:56 +0100] "HEAD /Main/2020 HTTP/1.1" 200 - "-" "Mozilla/5.0 (compatible; SemrushBot; +http://www.semrush.com/bot.html)"
85.208.98.18 - - [23/Feb/2022:05:42:56 +0100] "HEAD /AmiKo/IOS HTTP/1.1" 200 - "-" "Mozilla/5.0 (compatible; SemrushBot; +http://www.semrush.com/bot.html)"
85.208.98.18 - - [23/Feb/2022:05:42:56 +0100] "HEAD /ODDB/StammdatenCH HTTP/1.1" 200 - "-" "Mozilla/5.0 (compatible; SemrushBot; +http://www.semrush.com/bot.html)"
85.208.98.18 - - [23/Feb/2022:05:42:56 +0100] "HEAD /Main/2005 HTTP/1.1" 200 - "-" "Mozilla/5.0 (compatible; SemrushBot; +http://www.semrush.com/bot.html)"
85.208.98.18 - - [23/Feb/2022:05:42:56 +0100] "HEAD /Main/SideBar?action=edit HTTP/1.1" 403 - "-" "Mozilla/5.0 (compatible; SemrushBot; +http://www.semrush.com/bot.html)"
85.208.98.18 - - [23/Feb/2022:05:42:56 +0100] "HEAD /Ywesee/OpenSource HTTP/1.1" 200 - "-" "Mozilla/5.0 (compatible; SemrushBot; +http://www.semrush.com/bot.html)"
85.208.98.18 - - [23/Feb/2022:05:42:56 +0100] "HEAD /AmiKo/Linux HTTP/1.1" 200 - "-" "Mozilla/5.0 (compatible; SemrushBot; +http://www.semrush.com/bot.html)"
85.208.98.18 - - [23/Feb/2022:05:42:56 +0100] "HEAD /Main/DocumedGalenicaVsYwesee HTTP/1.1" 200 - "-" "Mozilla/5.0 (compatible; SemrushBot; +http://www.semrush.com/bot.html)"
85.208.98.18 - - [23/Feb/2022:05:42:56 +0100] "HEAD /Software/BBMB HTTP/1.1" 200 - "-" "Mozilla/5.0 (compatible; SemrushBot; +http://www.semrush.com/bot.html)"
85.208.98.18 - - [23/Feb/2022:05:42:56 +0100] "HEAD /Main/2019 HTTP/1.1" 200 - "-" "Mozilla/5.0 (compatible; SemrushBot; +http://www.semrush.com/bot.html)"
85.208.98.18 - - [23/Feb/2022:05:42:56 +0100] "HEAD /Main/2017 HTTP/1.1" 200 - "-" "Mozilla/5.0 (compatible; SemrushBot; +http://www.semrush.com/bot.html)"
85.208.98.18 - - [23/Feb/2022:05:42:56 +0100] "HEAD /Ywesee/Team HTTP/1.1" 200 - "-" "Mozilla/5.0 (compatible; SemrushBot; +http://www.semrush.com/bot.html)"
85.208.98.18 - - [23/Feb/2022:05:42:56 +0100] "HEAD /Main/2006 HTTP/1.1" 200 - "-" "Mozilla/5.0 (compatible; SemrushBot; +http://www.semrush.com/bot.html)"
85.208.98.18 - - [23/Feb/2022:05:42:56 +0100] "HEAD /Main/2018 HTTP/1.1" 200 - "-" "Mozilla/5.0 (compatible; SemrushBot; +http://www.semrush.com/bot.html)"
85.208.98.18 - - [23/Feb/2022:05:42:57 +0100] "HEAD /Main/Home?action=print HTTP/1.1" 403 - "-" "Mozilla/5.0 (compatible; SemrushBot; +http://www.semrush.com/bot.html)"
85.208.98.18 - - [23/Feb/2022:05:42:57 +0100] "HEAD /Ywesee/Kontakt HTTP/1.1" 200 - "-" "Mozilla/5.0 (compatible; SemrushBot; +http://www.semrush.com/bot.html)"
85.208.98.18 - - [23/Feb/2022:05:42:57 +0100] "HEAD /Software/Spreadsheet HTTP/1.1" 200 - "-" "Mozilla/5.0 (compatible; SemrushBot; +http://www.semrush.com/bot.html)"
85.208.98.18 - - [23/Feb/2022:05:42:57 +0100] "HEAD /AmiKo/OSX HTTP/1.1" 200 - "-" "Mozilla/5.0 (compatible; SemrushBot; +http://www.semrush.com/bot.html)"
85.208.98.18 - - [23/Feb/2022:05:42:57 +0100] "HEAD /Main/2014 HTTP/1.1" 200 - "-" "Mozilla/5.0 (compatible; SemrushBot; +http://www.semrush.com/bot.html)"
85.208.98.18 - - [23/Feb/2022:05:42:57 +0100] "HEAD /AmiKo/Android HTTP/1.1" 200 - "-" "Mozilla/5.0 (compatible; SemrushBot; +http://www.semrush.com/bot.html)"
85.208.98.18 - - [23/Feb/2022:05:42:57 +0100] "HEAD /Main/2008 HTTP/1.1" 200 - "-" "Mozilla/5.0 (compatible; SemrushBot; +http://www.semrush.com/bot.html)"
85.208.98.18 - - [23/Feb/2022:05:42:57 +0100] "HEAD /Main/Home?action=upload HTTP/1.1" 403 - "-" "Mozilla/5.0 (compatible; SemrushBot; +http://www.semrush.com/bot.html)"
85.208.98.18 - - [23/Feb/2022:05:42:57 +0100] "HEAD /Ywesee/Events HTTP/1.1" 200 - "-" "Mozilla/5.0 (compatible; SemrushBot; +http://www.semrush.com/bot.html)"
85.208.98.18 - - [23/Feb/2022:05:42:57 +0100] "HEAD /Main/2004 HTTP/1.1" 200 - "-" "Mozilla/5.0 (compatible; SemrushBot; +http://www.semrush.com/bot.html)"
85.208.98.18 - - [23/Feb/2022:05:42:57 +0100] "HEAD /Software/ODDB HTTP/1.1" 200 - "-" "Mozilla/5.0 (compatible; SemrushBot; +http://www.semrush.com/bot.html)"
85.208.98.18 - - [23/Feb/2022:05:42:57 +0100] "HEAD /AmiKo/Windows HTTP/1.1" 200 - "-" "Mozilla/5.0 (compatible; SemrushBot; +http://www.semrush.com/bot.html)"
85.208.98.18 - - [23/Feb/2022:05:42:57 +0100] "HEAD /Main/2013 HTTP/1.1" 200 - "-" "Mozilla/5.0 (compatible; SemrushBot; +http://www.semrush.com/bot.html)"
85.208.98.18 - - [23/Feb/2022:05:42:57 +0100] "HEAD /Main/Home HTTP/1.1" 200 - "-" "Mozilla/5.0 (compatible; SemrushBot; +http://www.semrush.com/bot.html)"
85.208.98.18 - - [23/Feb/2022:05:42:57 +0100] "HEAD /ODDB/IntegrationLookAmpFeelGenerikasuche HTTP/1.1" 200 - "-" "Mozilla/5.0 (compatible; SemrushBot; +http://www.semrush.com/bot.html)"
85.208.98.18 - - [23/Feb/2022:05:42:57 +0100] "HEAD /Software/SoftwareRaid HTTP/1.1" 200 - "-" "Mozilla/5.0 (compatible; SemrushBot; +http://www.semrush.com/bot.html)"
85.208.98.18 - - [23/Feb/2022:05:42:57 +0100] "HEAD /Main/2007 HTTP/1.1" 200 - "-" "Mozilla/5.0 (compatible; SemrushBot; +http://www.semrush.com/bot.html)"
89.246.241.14 - - [23/Feb/2022:05:46:33 +0100] "GET /uploads/Main/Excel_100_vergleichbare_Medikamente_Schweiz_Deutschland.xls HTTP/1.1" 200 137216 "-" "Mozilla/5.0 (Windows NT 10.0; Win64; x64; rv:84.0) Gecko/20100101 Firefox/84.0"
89.246.241.14 - - [23/Feb/2022:05:47:39 +0100] "GET /uploads/Main/Multizentrische_Beobachtungsstudie_zur_Bestimmung_der_Verbreitung_des_Coronavirus_und_Entwicklung_der_Immunitt_in_der_Schweiz.pdf HTTP/1.1" 200 515176 "-" "Mozilla/5.0 (Windows NT 10.0; Win64; x64; rv:84.0) Gecko/20100101 Firefox/84.0"
89.246.241.14 - - [23/Feb/2022:05:47:46 +0100] "GET /uploads/Main/Medikamentenpreise_und_Medikamentenmarkt_in_der_Schweiz.pdf HTTP/1.1" 200 1455000 "-" "Mozilla/5.0 (Windows NT 10.0; Win64; x64; rv:84.0) Gecko/20100101 Firefox/84.0"
89.246.241.14 - - [23/Feb/2022:05:52:48 +0100] "GET /Main/2006?action=edit HTTP/1.1" 200 9271 "-" "Mozilla/5.0 (Windows NT 10.0; Win64; x64; rv:84.0) Gecko/20100101 Firefox/84.0"
89.246.241.14 - - [23/Feb/2022:05:53:46 +0100] "GET /Oddb2xml/XSD HTTP/1.1" 200 8519 "-" "Mozilla/5.0 (Windows NT 10.0; Win64; x64; rv:84.0) Gecko/20100101 Firefox/84.0"
89.246.241.14 - - [23/Feb/2022:06:00:48 +0100] "GET /Ywesee/InfoCodexProcedure HTTP/1.1" 200 12373 "-" "Mozilla/5.0 (Windows NT 10.0; Win64; x64; rv:84.0) Gecko/20100101 Firefox/84.0"
89.246.241.14 - - [23/Feb/2022:06:01:40 +0100] "GET /Main/2014?action=print HTTP/1.1" 200 14490 "-" "Mozilla/5.0 (Windows NT 10.0; Win64; x64; rv:84.0) Gecko/20100101 Firefox/84.0"
89.246.241.14 - - [23/Feb/2022:06:02:07 +0100] "GET /Main/2007?action=edit HTTP/1.1" 200 9271 "-" "Mozilla/5.0 (Windows NT 10.0; Win64; x64; rv:84.0) Gecko/20100101 Firefox/84.0"
66.249.64.143 - - [23/Feb/2022:06:05:25 +0100] "GET /ODDB/FachinfoAlsEbook?action=diff HTTP/1.1" 403 18 "-" "Mozilla/5.0 (compatible; Googlebot/2.1; +http://www.google.com/bot.html)"
89.246.241.14 - - [23/Feb/2022:06:07:31 +0100] "GET /uploads/Main/Chaos_auf_dem_Medikamenten-Markt.pdf HTTP/1.1" 200 67922 "-" "Mozilla/5.0 (Windows NT 10.0; Win64; x64; rv:84.0) Gecko/20100101 Firefox/84.0"
89.246.241.14 - - [23/Feb/2022:06:07:58 +0100] "GET /uploads/Main/Distributed_Import_Option_in_InfoCodex.pdf HTTP/1.1" 200 223378 "-" "Mozilla/5.0 (Windows NT 10.0; Win64; x64; rv:84.0) Gecko/20100101 Firefox/84.0"
87.250.224.114 - - [23/Feb/2022:06:08:06 +0100] "GET /Ywesee/XMLFachinfoValidierung HTTP/1.1" 200 10956 "-" "Mozilla/5.0 (compatible; YandexBot/3.0; +http://yandex.com/bots)"
77.75.79.109 - - [23/Feb/2022:06:08:31 +0100] "GET /robots.txt HTTP/1.1" 200 - "-" "Mozilla/5.0 (compatible; SeznamBot/3.2; +http://napoveda.seznam.cz/en/seznambot-intro/)"
77.75.79.109 - - [23/Feb/2022:06:08:32 +0100] "GET /AmiKo/Flyer HTTP/1.1" 200 8708 "-" "Mozilla/5.0 (compatible; SeznamBot/3.2; +http://napoveda.seznam.cz/en/seznambot-intro/)"
89.246.241.14 - - [23/Feb/2022:06:09:03 +0100] "GET /Main/2014?action=diff HTTP/1.1" 200 19552 "-" "Mozilla/5.0 (Windows NT 10.0; Win64; x64; rv:84.0) Gecko/20100101 Firefox/84.0"
54.36.148.193 - - [23/Feb/2022:06:14:59 +0100] "GET /robots.txt HTTP/1.1" 200 - "-" "Mozilla/5.0 (compatible; AhrefsBot/7.0; +http://ahrefs.com/robot/)"
103.146.175.81 - - [23/Feb/2022:06:15:07 +0100] "GET / HTTP/1.1" 200 10756 "-" "Mozilla/5.0 (X11; Linux x86_64) AppleWebKit/537.36 (KHTML, like Gecko) Chrome/92.0.4515.107 Safari/537.36"
89.246.241.14 - - [23/Feb/2022:06:15:09 +0100] "GET /Bundesrat/Ebook HTTP/1.1" 200 10101 "-" "Mozilla/5.0 (Windows NT 10.0; Win64; x64; rv:84.0) Gecko/20100101 Firefox/84.0"
103.146.175.81 - - [23/Feb/2022:06:15:11 +0100] "GET /pub/skins/ywesee/gila.css HTTP/1.1" 200 8276 "-" "Mozilla/5.0 (X11; Linux x86_64) AppleWebKit/537.36 (KHTML, like Gecko) Chrome/92.0.4515.107 Safari/537.36"
103.146.175.81 - - [23/Feb/2022:06:15:11 +0100] "GET /uploads/Main/yweseelogo.gif HTTP/1.1" 200 2982 "https://ywesee.com/" "Mozilla/5.0 (X11; Linux x86_64) AppleWebKit/537.36 (KHTML, like Gecko) Chrome/92.0.4515.107 Safari/537.36"
103.146.175.81 - - [23/Feb/2022:06:15:14 +0100] "GET /favicon.ico HTTP/1.1" 200 1406 "https://ywesee.com/" "Mozilla/5.0 (X11; Linux x86_64) AppleWebKit/537.36 (KHTML, like Gecko) Chrome/92.0.4515.107 Safari/537.36"
89.246.241.14 - - [23/Feb/2022:06:15:24 +0100] "GET /Main/HirslandenProfessional HTTP/1.1" 200 8885 "-" "Mozilla/5.0 (Windows NT 10.0; Win64; x64; rv:84.0) Gecko/20100101 Firefox/84.0"
89.246.241.14 - - [23/Feb/2022:06:16:15 +0100] "GET /Main/MyMedi HTTP/1.1" 200 9646 "-" "Mozilla/5.0 (Windows NT 10.0; Win64; x64; rv:84.0) Gecko/20100101 Firefox/84.0"
89.246.241.14 - - [23/Feb/2022:06:17:40 +0100] "GET /Main/Refdata HTTP/1.1" 200 11486 "-" "Mozilla/5.0 (Windows NT 10.0; Win64; x64; rv:84.0) Gecko/20100101 Firefox/84.0"
103.146.175.81 - - [23/Feb/2022:06:17:52 +0100] "GET /Ywesee/About HTTP/1.1" 200 9132 "https://ywesee.com/" "Mozilla/5.0 (X11; Linux x86_64) AppleWebKit/537.36 (KHTML, like Gecko) Chrome/92.0.4515.107 Safari/537.36"
103.146.175.81 - - [23/Feb/2022:06:17:52 +0100] "GET /favicon.ico HTTP/1.1" 200 1406 "https://www.ywesee.com/Ywesee/About" "Mozilla/5.0 (X11; Linux x86_64) AppleWebKit/537.36 (KHTML, like Gecko) Chrome/92.0.4515.107 Safari/537.36"
185.191.171.41 - - [23/Feb/2022:06:18:36 +0100] "GET /robots.txt HTTP/1.1" 200 - "-" "Mozilla/5.0 (compatible; SemrushBot/7~bl; +http://www.semrush.com/bot.html)"
185.191.171.19 - - [23/Feb/2022:06:18:37 +0100] "GET /Ywesee/OpenSource?action=upload HTTP/1.1" 403 18 "-" "Mozilla/5.0 (compatible; SemrushBot/7~bl; +http://www.semrush.com/bot.html)"
89.246.241.14 - - [23/Feb/2022:06:20:22 +0100] "GET /Main/2005?action=upload HTTP/1.1" 200 8737 "-" "Mozilla/5.0 (Windows NT 10.0; Win64; x64; rv:84.0) Gecko/20100101 Firefox/84.0"
185.191.171.4 - - [23/Feb/2022:06:21:57 +0100] "GET /Ywesee/Kontakt?action=diff HTTP/1.1" 403 18 "-" "Mozilla/5.0 (compatible; SemrushBot/7~bl; +http://www.semrush.com/bot.html)"
185.191.171.40 - - [23/Feb/2022:06:23:26 +0100] "GET /MEDIupdateXML/Softwarehaeuser?action=upload HTTP/1.1" 403 18 "-" "Mozilla/5.0 (compatible; SemrushBot/7~bl; +http://www.semrush.com/bot.html)"
89.246.241.14 - - [23/Feb/2022:06:25:37 +0100] "GET /Main/Legende HTTP/1.1" 200 9217 "-" "Mozilla/5.0 (Windows NT 10.0; Win64; x64; rv:84.0) Gecko/20100101 Firefox/84.0"
89.246.241.14 - - [23/Feb/2022:06:25:42 +0100] "GET /Main/EANCode HTTP/1.1" 200 9821 "-" "Mozilla/5.0 (Windows NT 10.0; Win64; x64; rv:84.0) Gecko/20100101 Firefox/84.0"
89.246.241.14 - - [23/Feb/2022:06:31:30 +0100] "GET /Main/2006?action=diff HTTP/1.1" 200 41442 "-" "Mozilla/5.0 (Windows NT 10.0; Win64; x64; rv:84.0) Gecko/20100101 Firefox/84.0"
89.246.241.14 - - [23/Feb/2022:06:37:40 +0100] "GET /Main/MediStammdatenKostenSchweiz HTTP/1.1" 200 10264 "-" "Mozilla/5.0 (Windows NT 10.0; Win64; x64; rv:84.0) Gecko/20100101 Firefox/84.0"
89.246.241.14 - - [23/Feb/2022:06:45:49 +0100] "GET /uploads/Main/Seite_1.pdf HTTP/1.1" 200 1100985 "-" "Mozilla/5.0 (Windows NT 10.0; Win64; x64; rv:84.0) Gecko/20100101 Firefox/84.0"
123.125.109.37 - - [23/Feb/2022:06:49:48 +0100] "GET / HTTP/1.1" 200 10756 "-" "Sogou web spider/4.0(+http://www.sogou.com/docs/help/webmasters.htm#07)"
85.208.98.16 - - [23/Feb/2022:06:57:57 +0100] "GET /Main/2007 HTTP/1.1" 200 50639 "-" "Mozilla/5.0 (compatible; SemrushBot-BA; +http://www.semrush.com/bot.html)"
89.246.241.14 - - [23/Feb/2022:06:58:09 +0100] "GET /Ywesee/BitcoinBlockchain HTTP/1.1" 200 9811 "-" "Mozilla/5.0 (Windows NT 10.0; Win64; x64; rv:84.0) Gecko/20100101 Firefox/84.0"
89.246.241.14 - - [23/Feb/2022:07:01:25 +0100] "GET /Main/2005?action=diff HTTP/1.1" 200 94077 "-" "Mozilla/5.0 (Windows NT 10.0; Win64; x64; rv:84.0) Gecko/20100101 Firefox/84.0"
185.191.171.13 - - [23/Feb/2022:07:02:00 +0100] "GET /Main/Saldo HTTP/1.1" 200 8416 "-" "Mozilla/5.0 (compatible; SemrushBot/7~bl; +http://www.semrush.com/bot.html)"
89.246.241.14 - - [23/Feb/2022:07:09:53 +0100] "GET /ODDB/Flow HTTP/1.1" 200 8944 "-" "Mozilla/5.0 (Windows NT 10.0; Win64; x64; rv:84.0) Gecko/20100101 Firefox/84.0"
46.114.0.235 - - [23/Feb/2022:07:09:58 +0100] "GET / HTTP/1.1" 200 10756 "-" "Mozilla/5.0 (Linux; Android 11; Nokia 3.4) AppleWebKit/537.36 (KHTML, like Gecko) Chrome/98.0.4758.101 Mobile Safari/537.36"
46.114.0.235 - - [23/Feb/2022:07:09:58 +0100] "GET /pub/skins/ywesee/gila.css HTTP/1.1" 200 8276 "https://ywesee.com/" "Mozilla/5.0 (Linux; Android 11; Nokia 3.4) AppleWebKit/537.36 (KHTML, like Gecko) Chrome/98.0.4758.101 Mobile Safari/537.36"
46.114.0.235 - - [23/Feb/2022:07:09:58 +0100] "GET /uploads/Main/yweseelogo.gif HTTP/1.1" 200 2982 "https://ywesee.com/" "Mozilla/5.0 (Linux; Android 11; Nokia 3.4) AppleWebKit/537.36 (KHTML, like Gecko) Chrome/98.0.4758.101 Mobile Safari/537.36"
46.114.0.235 - - [23/Feb/2022:07:09:59 +0100] "GET /favicon.ico HTTP/1.1" 200 1406 "https://ywesee.com/" "Mozilla/5.0 (Linux; Android 11; Nokia 3.4) AppleWebKit/537.36 (KHTML, like Gecko) Chrome/98.0.4758.101 Mobile Safari/537.36"
89.246.241.14 - - [23/Feb/2022:07:10:45 +0100] "GET /uploads/Main/fmh_stellungnahme_kompendiumsbuch_20.11.2007.pdf HTTP/1.1" 200 67339 "-" "Mozilla/5.0 (Windows NT 10.0; Win64; x64; rv:84.0) Gecko/20100101 Firefox/84.0"
87.250.224.114 - - [23/Feb/2022:07:11:25 +0100] "GET /uploads/Main/Deutsche_Pillen_sind_billiger.pdf HTTP/1.1" 200 144061 "-" "Mozilla/5.0 (compatible; YandexBot/3.0; +http://yandex.com/bots)"
77.75.77.11 - - [23/Feb/2022:07:13:11 +0100] "GET /robots.txt HTTP/1.1" 200 - "-" "Mozilla/5.0 (compatible; SeznamBot/3.2; +http://napoveda.seznam.cz/en/seznambot-intro/)"
77.75.77.11 - - [23/Feb/2022:07:13:12 +0100] "GET /Main/EPUB HTTP/1.1" 200 8338 "-" "Mozilla/5.0 (compatible; SeznamBot/3.2; +http://napoveda.seznam.cz/en/seznambot-intro/)"
185.191.171.15 - - [23/Feb/2022:07:17:58 +0100] "GET /Main/OmixOcas?action=diff HTTP/1.1" 403 18 "-" "Mozilla/5.0 (compatible; SemrushBot/7~bl; +http://www.semrush.com/bot.html)"
89.246.241.14 - - [23/Feb/2022:07:28:38 +0100] "GET /Main/FAZ HTTP/1.1" 200 8325 "-" "Mozilla/5.0 (Windows NT 10.0; Win64; x64; rv:84.0) Gecko/20100101 Firefox/84.0"
89.246.241.14 - - [23/Feb/2022:07:30:19 +0100] "GET /Oddb2xml/Version HTTP/1.1" 200 9879 "-" "Mozilla/5.0 (Windows NT 10.0; Win64; x64; rv:84.0) Gecko/20100101 Firefox/84.0"
89.246.241.14 - - [23/Feb/2022:07:35:09 +0100] "GET /MEDIupdateXML/Aerzte HTTP/1.1" 200 8529 "-" "Mozilla/5.0 (Windows NT 10.0; Win64; x64; rv:84.0) Gecko/20100101 Firefox/84.0"
157.55.39.133 - - [23/Feb/2022:07:37:07 +0100] "GET /Software/ODBA HTTP/1.1" 200 12503 "-" "Mozilla/5.0 (compatible; bingbot/2.0; +http://www.bing.com/bingbot.htm)"
89.246.241.14 - - [23/Feb/2022:07:38:54 +0100] "GET /Main/WekoBlog HTTP/1.1" 200 22209 "-" "Mozilla/5.0 (Windows NT 10.0; Win64; x64; rv:84.0) Gecko/20100101 Firefox/84.0"
89.246.241.14 - - [23/Feb/2022:07:43:30 +0100] "GET /Main/Saldo HTTP/1.1" 200 8416 "-" "Mozilla/5.0 (Windows NT 10.0; Win64; x64; rv:84.0) Gecko/20100101 Firefox/84.0"
89.246.241.14 - - [23/Feb/2022:07:46:48 +0100] "GET /Epha/Flow HTTP/1.1" 200 8668 "-" "Mozilla/5.0 (Windows NT 10.0; Win64; x64; rv:84.0) Gecko/20100101 Firefox/84.0"
192.99.39.172 - - [23/Feb/2022:07:49:45 +0100] "GET / HTTP/1.1" 200 10756 "-" "Mozilla/5.0 (Windows NT 6.3; WOW64) AppleWebKit/537.36 (KHTML, like Gecko) Chrome/40.0.2214.115 Safari/537.36"
89.246.241.14 - - [23/Feb/2022:07:53:23 +0100] "GET /uploads/Main/IC-Enterprise.pdf HTTP/1.1" 200 868608 "-" "Mozilla/5.0 (Windows NT 10.0; Win64; x64; rv:84.0) Gecko/20100101 Firefox/84.0"
89.246.241.14 - - [23/Feb/2022:07:53:47 +0100] "GET /uploads/Main/Schreiben_Bfarm_20.3.2007.pdf HTTP/1.1" 200 607598 "-" "Mozilla/5.0 (Windows NT 10.0; Win64; x64; rv:84.0) Gecko/20100101 Firefox/84.0"
35.88.223.30 - - [23/Feb/2022:07:54:50 +0100] "GET / HTTP/1.1" 200 10756 "-" "Mozilla/5.0 (X11; Linux x86_64) AppleWebKit/537.36 (KHTML, like Gecko) Chrome/83.0.4103.97 Safari/537.36"
89.246.241.14 - - [23/Feb/2022:07:55:50 +0100] "GET /Main/2007?n=Main.SideBar?action=edit HTTP/1.1" 200 9322 "-" "Mozilla/5.0 (Windows NT 10.0; Win64; x64; rv:84.0) Gecko/20100101 Firefox/84.0"
87.250.224.114 - - [23/Feb/2022:07:56:50 +0100] "GET /uploads/Arks/Arks_The_Game.pdf HTTP/1.1" 200 774337 "-" "Mozilla/5.0 (compatible; YandexBot/3.0; +http://yandex.com/bots)"
89.246.241.14 - - [23/Feb/2022:07:59:06 +0100] "GET /Ywesee/KurzFachinfo HTTP/1.1" 200 8845 "-" "Mozilla/5.0 (Windows NT 10.0; Win64; x64; rv:84.0) Gecko/20100101 Firefox/84.0"
89.246.241.14 - - [23/Feb/2022:08:06:48 +0100] "GET /Main/2006?n=Main.SideBar?action=edit HTTP/1.1" 200 9322 "-" "Mozilla/5.0 (Windows NT 10.0; Win64; x64; rv:84.0) Gecko/20100101 Firefox/84.0"
54.158.195.49 - - [23/Feb/2022:08:11:27 +0100] "GET /Site/AllRecentChanges?action=rss HTTP/1.1" 200 2546 "https://www.google.com/" "Mozilla/5.0 (Macintosh; Intel Mac OS X 10_15_2) AppleWebKit/537.36 (KHTML, like Gecko) Chrome/80.0.3987.122 Safari/537.36"
89.246.241.14 - - [23/Feb/2022:08:12:27 +0100] "GET /uploads/Main/Saldo_12.9.2007.pdf HTTP/1.1" 200 6147 "-" "Mozilla/5.0 (Windows NT 10.0; Win64; x64; rv:84.0) Gecko/20100101 Firefox/84.0"
77.75.77.72 - - [23/Feb/2022:08:13:16 +0100] "GET /robots.txt HTTP/1.1" 200 - "-" "Mozilla/5.0 (compatible; SeznamBot/3.2; +http://napoveda.seznam.cz/en/seznambot-intro/)"
77.75.77.72 - - [23/Feb/2022:08:13:16 +0100] "GET /Profiles/Zrr HTTP/1.1" 200 8438 "-" "Mozilla/5.0 (compatible; SeznamBot/3.2; +http://napoveda.seznam.cz/en/seznambot-intro/)"
40.77.167.63 - - [23/Feb/2022:08:17:07 +0100] "GET /Ywesee/InfoCodexVorgehen HTTP/1.1" 200 12716 "-" "Mozilla/5.0 (compatible; bingbot/2.0; +http://www.bing.com/bingbot.htm)"
89.246.241.14 - - [23/Feb/2022:08:17:39 +0100] "GET /Main/2005?n=Main.SideBar?action=edit HTTP/1.1" 200 9322 "-" "Mozilla/5.0 (Windows NT 10.0; Win64; x64; rv:84.0) Gecko/20100101 Firefox/84.0"
89.246.241.14 - - [23/Feb/2022:08:20:14 +0100] "GET /Ywesee/ElektronischesPatientendossierSchweiz HTTP/1.1" 200 11065 "-" "Mozilla/5.0 (Windows NT 10.0; Win64; x64; rv:84.0) Gecko/20100101 Firefox/84.0"
145.232.230.253 - - [23/Feb/2022:08:25:00 +0100] "GET /Miele/MieleLXIV HTTP/1.1" 200 15367 "https://www.postdicom.com/" "Mozilla/5.0 (Windows NT 10.0; Win64; x64) AppleWebKit/537.36 (KHTML, like Gecko) Chrome/94.0.4606.71 Safari/537.36"
145.232.230.253 - - [23/Feb/2022:08:25:00 +0100] "GET /pub/skins/ywesee/gila.css HTTP/1.1" 200 8276 "-" "Mozilla/5.0 (Windows NT 10.0; Win64; x64) AppleWebKit/537.36 (KHTML, like Gecko) Chrome/94.0.4606.71 Safari/537.36"
145.232.230.253 - - [23/Feb/2022:08:25:00 +0100] "GET /favicon.ico HTTP/1.1" 200 1406 "https://www.ywesee.com/Miele/MieleLXIV" "Mozilla/5.0 (Windows NT 10.0; Win64; x64) AppleWebKit/537.36 (KHTML, like Gecko) Chrome/94.0.4606.71 Safari/537.36"
145.232.230.253 - - [23/Feb/2022:08:25:38 +0100] "GET /AmiKo/Windows HTTP/1.1" 200 10332 "https://www.ywesee.com/Miele/MieleLXIV" "Mozilla/5.0 (Windows NT 10.0; Win64; x64) AppleWebKit/537.36 (KHTML, like Gecko) Chrome/94.0.4606.71 Safari/537.36"
145.232.230.253 - - [23/Feb/2022:08:25:48 +0100] "GET /Miele/MieleLXIV HTTP/1.1" 200 15367 "https://www.postdicom.com/" "Mozilla/5.0 (Windows NT 10.0; Win64; x64) AppleWebKit/537.36 (KHTML, like Gecko) Chrome/94.0.4606.71 Safari/537.36"
89.246.241.14 - - [23/Feb/2022:08:30:31 +0100] "GET /Main/2007?action=print HTTP/1.1" 200 45502 "-" "Mozilla/5.0 (Windows NT 10.0; Win64; x64; rv:84.0) Gecko/20100101 Firefox/84.0"
3.18.61.139 - - [23/Feb/2022:08:31:24 +0100] "GET / HTTP/1.1" 200 10756 "-" "Mozilla/5.0 (Windows NT 10.0; Win64; x64) AppleWebKit/537.36 (KHTML, like Gecko) Chrome/81.0.4044.122 Safari/537.36"
185.191.171.44 - - [23/Feb/2022:08:31:35 +0100] "GET /robots.txt HTTP/1.1" 200 - "-" "Mozilla/5.0 (compatible; SemrushBot/7~bl; +http://www.semrush.com/bot.html)"
185.191.171.44 - - [23/Feb/2022:08:31:35 +0100] "GET /Oddb/OpenSourceSoftwareUndDatenImSchweizerGesundheitswesen HTTP/1.1" 200 12414 "-" "Mozilla/5.0 (compatible; SemrushBot/7~bl; +http://www.semrush.com/bot.html)"
89.246.241.14 - - [23/Feb/2022:08:34:03 +0100] "GET /uploads/Main/an_jenny_17.10.2007.pdf HTTP/1.1" 200 154981 "-" "Mozilla/5.0 (Windows NT 10.0; Win64; x64; rv:84.0) Gecko/20100101 Firefox/84.0"
89.246.241.14 - - [23/Feb/2022:08:35:14 +0100] "GET /Main/Elexis HTTP/1.1" 200 10922 "-" "Mozilla/5.0 (Windows NT 10.0; Win64; x64; rv:84.0) Gecko/20100101 Firefox/84.0"
89.246.241.14 - - [23/Feb/2022:08:38:33 +0100] "GET /Ywesee/InfoCodexProximity HTTP/1.1" 200 9809 "-" "Mozilla/5.0 (Windows NT 10.0; Win64; x64; rv:84.0) Gecko/20100101 Firefox/84.0"
89.246.241.14 - - [23/Feb/2022:08:40:18 +0100] "GET /Main/FMH HTTP/1.1" 200 8327 "-" "Mozilla/5.0 (Windows NT 10.0; Win64; x64; rv:84.0) Gecko/20100101 Firefox/84.0"
87.250.224.114 - - [23/Feb/2022:08:43:26 +0100] "GET /robots.txt HTTP/1.1" 200 - "-" "Mozilla/5.0 (compatible; YandexBot/3.0; +http://yandex.com/bots)"
87.250.224.114 - - [23/Feb/2022:08:43:29 +0100] "GET /uploads/Main/Verfgung_WEKO_vom_19._Dezember_2016.pdf HTTP/1.1" 200 6827164 "-" "Mozilla/5.0 (compatible; YandexBot/3.0; +http://yandex.com/bots)"
89.246.241.14 - - [23/Feb/2022:08:53:03 +0100] "GET /uploads/Main/Stellenbeschreibung_Ruby_ywesee_GmbH.pdf HTTP/1.1" 200 65223 "-" "Mozilla/5.0 (Windows NT 10.0; Win64; x64; rv:84.0) Gecko/20100101 Firefox/84.0"
89.246.241.14 - - [23/Feb/2022:08:56:41 +0100] "GET /Main/2006?action=print HTTP/1.1" 200 34248 "-" "Mozilla/5.0 (Windows NT 10.0; Win64; x64; rv:84.0) Gecko/20100101 Firefox/84.0"
89.246.241.14 - - [23/Feb/2022:08:56:47 +0100] "GET /Main/2007?action=diff HTTP/1.1" 200 57691 "-" "Mozilla/5.0 (Windows NT 10.0; Win64; x64; rv:84.0) Gecko/20100101 Firefox/84.0"
89.246.241.14 - - [23/Feb/2022:08:58:47 +0100] "GET /Apotheke/POS HTTP/1.1" 200 11138 "-" "Mozilla/5.0 (Windows NT 10.0; Win64; x64; rv:84.0) Gecko/20100101 Firefox/84.0"
89.246.241.14 - - [23/Feb/2022:09:00:19 +0100] "GET /Main/2006?action=upload HTTP/1.1" 200 8737 "-" "Mozilla/5.0 (Windows NT 10.0; Win64; x64; rv:84.0) Gecko/20100101 Firefox/84.0"
89.246.241.14 - - [23/Feb/2022:09:00:53 +0100] "GET /uploads/Main/Deutsche_Pillen_sind_billiger.pdf HTTP/1.1" 200 144061 "-" "Mozilla/5.0 (Windows NT 10.0; Win64; x64; rv:84.0) Gecko/20100101 Firefox/84.0"
89.246.241.14 - - [23/Feb/2022:09:05:49 +0100] "GET /Main/NZZ HTTP/1.1" 200 8325 "-" "Mozilla/5.0 (Windows NT 10.0; Win64; x64; rv:84.0) Gecko/20100101 Firefox/84.0"
89.246.241.14 - - [23/Feb/2022:09:07:31 +0100] "GET /Main/2005?action=print HTTP/1.1" 200 58097 "-" "Mozilla/5.0 (Windows NT 10.0; Win64; x64; rv:84.0) Gecko/20100101 Firefox/84.0"
89.246.241.14 - - [23/Feb/2022:09:07:54 +0100] "GET /Ywesee/IGM11 HTTP/1.1" 200 13051 "-" "Mozilla/5.0 (Windows NT 10.0; Win64; x64; rv:84.0) Gecko/20100101 Firefox/84.0"
89.246.241.14 - - [23/Feb/2022:09:08:16 +0100] "GET /uploads/Main/Seite_2.pdf HTTP/1.1" 200 1081044 "-" "Mozilla/5.0 (Windows NT 10.0; Win64; x64; rv:84.0) Gecko/20100101 Firefox/84.0"
89.246.241.14 - - [23/Feb/2022:09:09:47 +0100] "GET /Main/2007?action=upload HTTP/1.1" 200 8737 "-" "Mozilla/5.0 (Windows NT 10.0; Win64; x64; rv:84.0) Gecko/20100101 Firefox/84.0"
77.75.79.62 - - [23/Feb/2022:09:16:01 +0100] "GET /robots.txt HTTP/1.1" 200 - "-" "Mozilla/5.0 (compatible; SeznamBot/3.2; +http://napoveda.seznam.cz/en/seznambot-intro/)"
77.75.79.62 - - [23/Feb/2022:09:16:01 +0100] "GET /Ywesee/OpenSource HTTP/1.1" 200 10790 "-" "Mozilla/5.0 (compatible; SeznamBot/3.2; +http://napoveda.seznam.cz/en/seznambot-intro/)"
185.191.171.9 - - [23/Feb/2022:09:26:03 +0100] "GET /Main/ReplikSAEZ HTTP/1.1" 200 14800 "-" "Mozilla/5.0 (compatible; SemrushBot/7~bl; +http://www.semrush.com/bot.html)"
185.191.171.44 - - [23/Feb/2022:09:26:28 +0100] "GET /Ywesee/OpenSource?action=edit HTTP/1.1" 403 18 "-" "Mozilla/5.0 (compatible; SemrushBot/7~bl; +http://www.semrush.com/bot.html)"
185.191.171.16 - - [23/Feb/2022:09:34:15 +0100] "GET /robots.txt HTTP/1.1" 200 - "-" "Mozilla/5.0 (compatible; SemrushBot/7~bl; +http://www.semrush.com/bot.html)"
185.191.171.8 - - [23/Feb/2022:09:34:16 +0100] "GET /Main/2021 HTTP/1.1" 200 16484 "-" "Mozilla/5.0 (compatible; SemrushBot/7~bl; +http://www.semrush.com/bot.html)"
34.78.37.145 - - [23/Feb/2022:09:42:42 +0100] "GET / HTTP/1.1" 200 10756 "-" "python-requests/2.26.0"
185.191.171.14 - - [23/Feb/2022:09:50:03 +0100] "GET /Main/Linux?action=edit HTTP/1.1" 403 18 "-" "Mozilla/5.0 (compatible; SemrushBot/7~bl; +http://www.semrush.com/bot.html)"
46.140.56.134 - - [23/Feb/2022:09:52:58 +0100] "GET /AmiKo/Index HTTP/1.1" 200 9511 "https://www.google.com/" "Mozilla/5.0 (Windows NT 10.0; Win64; x64) AppleWebKit/537.36 (KHTML, like Gecko) Chrome/98.0.4758.102 Safari/537.36"
46.140.56.134 - - [23/Feb/2022:09:52:58 +0100] "GET /pub/skins/ywesee/gila.css HTTP/1.1" 200 8276 "https://www.ywesee.com/AmiKo/Index" "Mozilla/5.0 (Windows NT 10.0; Win64; x64) AppleWebKit/537.36 (KHTML, like Gecko) Chrome/98.0.4758.102 Safari/537.36"
46.140.56.134 - - [23/Feb/2022:09:52:58 +0100] "GET /favicon.ico HTTP/1.1" 200 1406 "https://www.ywesee.com/AmiKo/Index" "Mozilla/5.0 (Windows NT 10.0; Win64; x64) AppleWebKit/537.36 (KHTML, like Gecko) Chrome/98.0.4758.102 Safari/537.36"
46.140.56.134 - - [23/Feb/2022:09:53:20 +0100] "GET /Ywesee/Team HTTP/1.1" 200 18245 "https://www.google.com/" "Mozilla/5.0 (Windows NT 10.0; Win64; x64) AppleWebKit/537.36 (KHTML, like Gecko) Chrome/98.0.4758.102 Safari/537.36"
46.140.56.134 - - [23/Feb/2022:09:53:27 +0100] "GET /Ywesee/About HTTP/1.1" 200 9132 "https://www.ywesee.com/Ywesee/Team" "Mozilla/5.0 (Windows NT 10.0; Win64; x64) AppleWebKit/537.36 (KHTML, like Gecko) Chrome/98.0.4758.102 Safari/537.36"
46.140.56.134 - - [23/Feb/2022:09:53:29 +0100] "GET /Main/DocumedGalenicaVsYwesee HTTP/1.1" 200 34932 "https://www.ywesee.com/Ywesee/About" "Mozilla/5.0 (Windows NT 10.0; Win64; x64) AppleWebKit/537.36 (KHTML, like Gecko) Chrome/98.0.4758.102 Safari/537.36"
46.140.56.134 - - [23/Feb/2022:09:54:11 +0100] "GET /Ywesee/About HTTP/1.1" 200 9132 "https://www.ywesee.com/Main/DocumedGalenicaVsYwesee" "Mozilla/5.0 (Windows NT 10.0; Win64; x64) AppleWebKit/537.36 (KHTML, like Gecko) Chrome/98.0.4758.102 Safari/537.36"
46.140.56.134 - - [23/Feb/2022:09:54:25 +0100] "GET /Ywesee/About HTTP/1.1" 200 9132 "https://www.ywesee.com/Main/DocumedGalenicaVsYwesee" "Mozilla/5.0 (Windows NT 10.0; Win64; x64) AppleWebKit/537.36 (KHTML, like Gecko) Chrome/98.0.4758.102 Safari/537.36"
46.140.56.134 - - [23/Feb/2022:09:54:35 +0100] "GET /Main/DocumedGalenicaVsYwesee HTTP/1.1" 200 34932 "https://www.ywesee.com/Ywesee/About" "Mozilla/5.0 (Windows NT 10.0; Win64; x64) AppleWebKit/537.36 (KHTML, like Gecko) Chrome/98.0.4758.102 Safari/537.36"
46.140.56.134 - - [23/Feb/2022:09:54:37 +0100] "GET /Ywesee/About HTTP/1.1" 200 9132 "https://www.ywesee.com/Ywesee/Team" "Mozilla/5.0 (Windows NT 10.0; Win64; x64) AppleWebKit/537.36 (KHTML, like Gecko) Chrome/98.0.4758.102 Safari/537.36"
46.140.56.134 - - [23/Feb/2022:09:54:38 +0100] "GET /Ywesee/Team HTTP/1.1" 200 18245 "https://www.google.com/" "Mozilla/5.0 (Windows NT 10.0; Win64; x64) AppleWebKit/537.36 (KHTML, like Gecko) Chrome/98.0.4758.102 Safari/537.36"
46.140.56.134 - - [23/Feb/2022:09:54:41 +0100] "GET /Profiles/Zrr HTTP/1.1" 200 8438 "https://www.ywesee.com/Ywesee/Team" "Mozilla/5.0 (Windows NT 10.0; Win64; x64) AppleWebKit/537.36 (KHTML, like Gecko) Chrome/98.0.4758.102 Safari/537.36"
46.140.56.134 - - [23/Feb/2022:09:54:59 +0100] "GET /Profiles/Zrr HTTP/1.1" 200 8438 "https://www.ywesee.com/Ywesee/Team" "Mozilla/5.0 (Windows NT 10.0; Win64; x64) AppleWebKit/537.36 (KHTML, like Gecko) Chrome/98.0.4758.102 Safari/537.36"
46.140.56.134 - - [23/Feb/2022:09:55:02 +0100] "GET /Ywesee/Team HTTP/1.1" 200 18245 "https://www.google.com/" "Mozilla/5.0 (Windows NT 10.0; Win64; x64) AppleWebKit/537.36 (KHTML, like Gecko) Chrome/98.0.4758.102 Safari/537.36"
46.140.56.134 - - [23/Feb/2022:09:55:18 +0100] "GET / HTTP/1.1" 200 10756 "https://www.google.com/" "Mozilla/5.0 (Windows NT 10.0; Win64; x64) AppleWebKit/537.36 (KHTML, like Gecko) Chrome/98.0.4758.102 Safari/537.36"
46.140.56.134 - - [23/Feb/2022:09:55:18 +0100] "GET /uploads/Main/yweseelogo.gif HTTP/1.1" 200 2982 "https://ywesee.com/" "Mozilla/5.0 (Windows NT 10.0; Win64; x64) AppleWebKit/537.36 (KHTML, like Gecko) Chrome/98.0.4758.102 Safari/537.36"
46.140.56.134 - - [23/Feb/2022:09:55:18 +0100] "GET /favicon.ico HTTP/1.1" 200 1406 "https://ywesee.com/" "Mozilla/5.0 (Windows NT 10.0; Win64; x64) AppleWebKit/537.36 (KHTML, like Gecko) Chrome/98.0.4758.102 Safari/537.36"
46.140.56.134 - - [23/Feb/2022:09:55:31 +0100] "GET /AmiKo/OSX HTTP/1.1" 200 9772 "https://www.google.com/" "Mozilla/5.0 (Windows NT 10.0; Win64; x64) AppleWebKit/537.36 (KHTML, like Gecko) Chrome/98.0.4758.102 Safari/537.36"
46.140.56.134 - - [23/Feb/2022:10:03:36 +0100] "GET / HTTP/1.1" 200 10756 "-" "Mozilla/5.0 (Windows NT 10.0; Win64; x64) AppleWebKit/537.36 (KHTML, like Gecko) Chrome/98.0.4758.102 Safari/537.36"
46.140.56.134 - - [23/Feb/2022:10:04:02 +0100] "GET /Main/DocumedGalenicaVsYwesee HTTP/1.1" 200 34932 "https://ywesee.com/" "Mozilla/5.0 (Windows NT 10.0; Win64; x64) AppleWebKit/537.36 (KHTML, like Gecko) Chrome/98.0.4758.102 Safari/537.36"
46.140.56.134 - - [23/Feb/2022:10:04:07 +0100] "GET / HTTP/1.1" 200 10756 "-" "Mozilla/5.0 (Windows NT 10.0; Win64; x64) AppleWebKit/537.36 (KHTML, like Gecko) Chrome/98.0.4758.102 Safari/537.36"
46.140.56.134 - - [23/Feb/2022:10:04:09 +0100] "GET /Ywesee/Kontakt HTTP/1.1" 200 8973 "https://ywesee.com/" "Mozilla/5.0 (Windows NT 10.0; Win64; x64) AppleWebKit/537.36 (KHTML, like Gecko) Chrome/98.0.4758.102 Safari/537.36"
42.83.147.34 - - [23/Feb/2022:10:09:29 +0100] "GET / HTTP/1.1" 200 10756 "-" "Mozilla/5.0 (Windows NT 6.1; Win64; x64) AppleWebKit/537.36 (KHTML, like Gecko)Chrome/74.0.3729.169 Safari/537.36"
46.140.56.134 - - [23/Feb/2022:10:11:49 +0100] "GET /Ywesee/About HTTP/1.1" 200 9132 "https://www.ywesee.com/Ywesee/Kontakt" "Mozilla/5.0 (Windows NT 10.0; Win64; x64) AppleWebKit/537.36 (KHTML, like Gecko) Chrome/98.0.4758.102 Safari/537.36"
87.250.224.114 - - [23/Feb/2022:10:11:51 +0100] "GET /uploads/Main/Slides_APV_Interlaken_28.4.2018.pdf HTTP/1.1" 200 5072779 "-" "Mozilla/5.0 (compatible; YandexBot/3.0; +http://yandex.com/bots)"
46.140.56.134 - - [23/Feb/2022:10:12:04 +0100] "GET /Ywesee/About HTTP/1.1" 200 9132 "https://www.ywesee.com/Ywesee/Kontakt" "Mozilla/5.0 (Windows NT 10.0; Win64; x64) AppleWebKit/537.36 (KHTML, like Gecko) Chrome/98.0.4758.102 Safari/537.36"
46.140.56.134 - - [23/Feb/2022:10:12:23 +0100] "GET /Ywesee/Team HTTP/1.1" 200 18245 "https://www.ywesee.com/Ywesee/About" "Mozilla/5.0 (Windows NT 10.0; Win64; x64) AppleWebKit/537.36 (KHTML, like Gecko) Chrome/98.0.4758.102 Safari/537.36"
46.140.56.134 - - [23/Feb/2022:10:12:33 +0100] "GET /Profiles/Zrr HTTP/1.1" 200 8438 "https://www.ywesee.com/Ywesee/Team" "Mozilla/5.0 (Windows NT 10.0; Win64; x64) AppleWebKit/537.36 (KHTML, like Gecko) Chrome/98.0.4758.102 Safari/537.36"
46.140.56.134 - - [23/Feb/2022:10:12:46 +0100] "GET /Profiles/Zrr HTTP/1.1" 200 8438 "https://www.ywesee.com/Ywesee/Team" "Mozilla/5.0 (Windows NT 10.0; Win64; x64) AppleWebKit/537.36 (KHTML, like Gecko) Chrome/98.0.4758.102 Safari/537.36"
46.140.56.134 - - [23/Feb/2022:10:12:57 +0100] "GET /Ywesee/Team HTTP/1.1" 200 18245 "https://www.ywesee.com/Ywesee/About" "Mozilla/5.0 (Windows NT 10.0; Win64; x64) AppleWebKit/537.36 (KHTML, like Gecko) Chrome/98.0.4758.102 Safari/537.36"
46.140.56.134 - - [23/Feb/2022:10:13:02 +0100] "GET /Ywesee/Kontakt HTTP/1.1" 200 8973 "https://www.ywesee.com/Ywesee/Team" "Mozilla/5.0 (Windows NT 10.0; Win64; x64) AppleWebKit/537.36 (KHTML, like Gecko) Chrome/98.0.4758.102 Safari/537.36"
185.191.171.25 - - [23/Feb/2022:10:17:27 +0100] "GET /Oddb2xml/DatenDownload?action=diff HTTP/1.1" 403 18 "-" "Mozilla/5.0 (compatible; SemrushBot/7~bl; +http://www.semrush.com/bot.html)"
185.191.171.41 - - [23/Feb/2022:10:33:38 +0100] "GET /Oddb2xml/DatenDownload?action=edit HTTP/1.1" 403 18 "-" "Mozilla/5.0 (compatible; SemrushBot/7~bl; +http://www.semrush.com/bot.html)"
66.249.64.134 - - [23/Feb/2022:10:34:32 +0100] "GET /Ywesee/OpenSource HTTP/1.1" 200 10790 "-" "Mozilla/5.0 (compatible; Googlebot/2.1; +http://www.google.com/bot.html)"
114.119.146.37 - - [23/Feb/2022:10:42:28 +0100] "GET /robots.txt HTTP/1.1" 200 - "-" "Mozilla/5.0 (compatible;PetalBot;+https://webmaster.petalsearch.com/site/petalbot)"
89.246.241.14 - - [23/Feb/2022:10:43:33 +0100] "GET /MEDIupdateXML/Aerzte?action=print HTTP/1.1" 200 3025 "-" "Mozilla/5.0 (Windows NT 10.0; Win64; x64; rv:84.0) Gecko/20100101 Firefox/84.0"
35.231.5.118 - - [23/Feb/2022:10:49:56 +0100] "GET /robots.txt HTTP/1.1" 200 - "-" "bidswitchbot/1.0"
35.231.5.118 - - [23/Feb/2022:10:49:57 +0100] "GET /robots.txt HTTP/1.1" 200 - "-" "bidswitchbot/1.0"
35.231.5.118 - - [23/Feb/2022:10:49:58 +0100] "GET /app-ads.txt HTTP/1.1" 404 270 "-" "bidswitchbot/1.0"
35.231.5.118 - - [23/Feb/2022:10:50:13 +0100] "GET /robots.txt HTTP/1.1" 200 - "-" "bidswitchbot/1.0"
35.231.5.118 - - [23/Feb/2022:10:50:15 +0100] "GET /robots.txt HTTP/1.1" 200 - "-" "bidswitchbot/1.0"
35.231.5.118 - - [23/Feb/2022:10:50:16 +0100] "GET /app-ads.txt HTTP/1.1" 404 274 "-" "bidswitchbot/1.0"
35.231.5.118 - - [23/Feb/2022:10:50:19 +0100] "GET /robots.txt HTTP/1.1" 200 - "-" "bidswitchbot/1.0"
35.231.5.118 - - [23/Feb/2022:10:50:20 +0100] "GET /robots.txt HTTP/1.1" 200 - "-" "bidswitchbot/1.0"
35.231.5.118 - - [23/Feb/2022:10:50:21 +0100] "GET /app-ads.txt HTTP/1.1" 404 270 "-" "bidswitchbot/1.0"
87.250.224.114 - - [23/Feb/2022:10:52:16 +0100] "GET /uploads/Main/Von_Essex_29.3.2006.pdf HTTP/1.1" 200 168899 "-" "Mozilla/5.0 (compatible; YandexBot/3.0; +http://yandex.com/bots)"
141.7.43.56 - - [23/Feb/2022:10:53:00 +0100] "GET /robots.txt HTTP/1.1" 200 - "-" "crawler4j (https://github.com/rzo1/crawler4j/)"
31.10.147.44 - - [23/Feb/2022:10:55:04 +0100] "GET /uploads/Arks/Arks_The_Game.pdf HTTP/1.1" 200 774337 "https://www.google.com/" "Mozilla/5.0 (Windows NT 10.0; Win64; x64) AppleWebKit/537.36 (KHTML, like Gecko) Chrome/98.0.4758.102 Safari/537.36"
31.10.147.44 - - [23/Feb/2022:10:55:04 +0100] "GET /favicon.ico HTTP/1.1" 200 1406 "https://www.ywesee.com/uploads/Arks/Arks_The_Game.pdf" "Mozilla/5.0 (Windows NT 10.0; Win64; x64) AppleWebKit/537.36 (KHTML, like Gecko) Chrome/98.0.4758.102 Safari/537.36"
54.84.192.51 - - [23/Feb/2022:11:08:49 +0100] "GET /keybase.txt HTTP/1.1" 200 2659 "-" "keybase-proofs/2.3.24"
109.239.58.107 - - [23/Feb/2022:11:25:50 +0100] "GET / HTTP/1.1" 200 10756 "-" "Mozilla/5.0 (Windows NT 10.0; Win64; x64) AppleWebKit/537.36 (KHTML, like Gecko) Chrome/91.0.4472.114 Safari/537.36 Edg/91.0.864.54"
54.36.148.178 - - [23/Feb/2022:11:28:05 +0100] "GET / HTTP/1.1" 200 10756 "-" "Mozilla/5.0 (compatible; AhrefsBot/7.0; +http://ahrefs.com/robot/)"
87.250.224.114 - - [23/Feb/2022:11:28:26 +0100] "GET /Refdatabase/PharmacodeLoeschung HTTP/1.1" 200 10134 "-" "Mozilla/5.0 (compatible; YandexBot/3.0; +http://yandex.com/bots)"
207.46.13.46 - - [23/Feb/2022:11:29:50 +0100] "GET /Miele/MieleLXIV HTTP/1.1" 200 15367 "-" "Mozilla/5.0 (compatible; bingbot/2.0; +http://www.bing.com/bingbot.htm)"
87.250.224.114 - - [23/Feb/2022:11:32:55 +0100] "GET /Main/NZZ HTTP/1.1" 200 8325 "-" "Mozilla/5.0 (compatible; YandexBot/3.0; +http://yandex.com/bots)"
162.210.196.129 - - [23/Feb/2022:11:40:33 +0100] "GET /robots.txt HTTP/1.1" 200 - "-" "Mozilla/5.0 (compatible; MJ12bot/v1.4.8; http://mj12bot.com/)"
162.210.196.129 - - [23/Feb/2022:11:40:36 +0100] "GET / HTTP/1.1" 200 10756 "-" "Mozilla/5.0 (compatible; MJ12bot/v1.4.8; http://mj12bot.com/)"
116.206.229.134 - - [23/Feb/2022:11:40:50 +0100] "GET / HTTP/1.1" 200 10756 "-" "Mozilla/5.0 (Windows NT 10.0; Win64; x64) AppleWebKit/537.36 (KHTML, like Gecko) Chrome/88.0.4240.193 Safari/537.36"
116.206.229.134 - - [23/Feb/2022:11:40:50 +0100] "GET /wp-includes/wlwmanifest.xml HTTP/1.1" 404 286 "-" "Mozilla/5.0 (Windows NT 10.0; Win64; x64) AppleWebKit/537.36 (KHTML, like Gecko) Chrome/88.0.4240.193 Safari/537.36"
116.206.229.134 - - [23/Feb/2022:11:40:50 +0100] "GET /xmlrpc.php?rsd HTTP/1.1" 404 269 "-" "Mozilla/5.0 (Windows NT 10.0; Win64; x64) AppleWebKit/537.36 (KHTML, like Gecko) Chrome/88.0.4240.193 Safari/537.36"
116.206.229.134 - - [23/Feb/2022:11:40:51 +0100] "GET / HTTP/1.1" 200 10756 "-" "Mozilla/5.0 (Windows NT 10.0; Win64; x64) AppleWebKit/537.36 (KHTML, like Gecko) Chrome/88.0.4240.193 Safari/537.36"
116.206.229.134 - - [23/Feb/2022:11:40:51 +0100] "GET /blog/wp-includes/wlwmanifest.xml HTTP/1.1" 404 291 "-" "Mozilla/5.0 (Windows NT 10.0; Win64; x64) AppleWebKit/537.36 (KHTML, like Gecko) Chrome/88.0.4240.193 Safari/537.36"
116.206.229.134 - - [23/Feb/2022:11:40:52 +0100] "GET /web/wp-includes/wlwmanifest.xml HTTP/1.1" 404 290 "-" "Mozilla/5.0 (Windows NT 10.0; Win64; x64) AppleWebKit/537.36 (KHTML, like Gecko) Chrome/88.0.4240.193 Safari/537.36"
116.206.229.134 - - [23/Feb/2022:11:40:52 +0100] "GET /wordpress/wp-includes/wlwmanifest.xml HTTP/1.1" 404 296 "-" "Mozilla/5.0 (Windows NT 10.0; Win64; x64) AppleWebKit/537.36 (KHTML, like Gecko) Chrome/88.0.4240.193 Safari/537.36"
116.206.229.134 - - [23/Feb/2022:11:40:52 +0100] "GET /website/wp-includes/wlwmanifest.xml HTTP/1.1" 404 294 "-" "Mozilla/5.0 (Windows NT 10.0; Win64; x64) AppleWebKit/537.36 (KHTML, like Gecko) Chrome/88.0.4240.193 Safari/537.36"
116.206.229.134 - - [23/Feb/2022:11:40:53 +0100] "GET /wp/wp-includes/wlwmanifest.xml HTTP/1.1" 404 289 "-" "Mozilla/5.0 (Windows NT 10.0; Win64; x64) AppleWebKit/537.36 (KHTML, like Gecko) Chrome/88.0.4240.193 Safari/537.36"
116.206.229.134 - - [23/Feb/2022:11:40:53 +0100] "GET /news/wp-includes/wlwmanifest.xml HTTP/1.1" 404 291 "-" "Mozilla/5.0 (Windows NT 10.0; Win64; x64) AppleWebKit/537.36 (KHTML, like Gecko) Chrome/88.0.4240.193 Safari/537.36"
116.206.229.134 - - [23/Feb/2022:11:40:53 +0100] "GET /2020/wp-includes/wlwmanifest.xml HTTP/1.1" 404 250 "-" "Mozilla/5.0 (Windows NT 10.0; Win64; x64) AppleWebKit/537.36 (KHTML, like Gecko) Chrome/88.0.4240.193 Safari/537.36"
116.206.229.134 - - [23/Feb/2022:11:40:54 +0100] "GET /2019/wp-includes/wlwmanifest.xml HTTP/1.1" 404 250 "-" "Mozilla/5.0 (Windows NT 10.0; Win64; x64) AppleWebKit/537.36 (KHTML, like Gecko) Chrome/88.0.4240.193 Safari/537.36"
116.206.229.134 - - [23/Feb/2022:11:40:54 +0100] "GET /shop/wp-includes/wlwmanifest.xml HTTP/1.1" 404 291 "-" "Mozilla/5.0 (Windows NT 10.0; Win64; x64) AppleWebKit/537.36 (KHTML, like Gecko) Chrome/88.0.4240.193 Safari/537.36"
116.206.229.134 - - [23/Feb/2022:11:40:55 +0100] "GET /wp1/wp-includes/wlwmanifest.xml HTTP/1.1" 404 290 "-" "Mozilla/5.0 (Windows NT 10.0; Win64; x64) AppleWebKit/537.36 (KHTML, like Gecko) Chrome/88.0.4240.193 Safari/537.36"
116.206.229.134 - - [23/Feb/2022:11:40:55 +0100] "GET /test/wp-includes/wlwmanifest.xml HTTP/1.1" 404 291 "-" "Mozilla/5.0 (Windows NT 10.0; Win64; x64) AppleWebKit/537.36 (KHTML, like Gecko) Chrome/88.0.4240.193 Safari/537.36"
116.206.229.134 - - [23/Feb/2022:11:40:55 +0100] "GET /wp2/wp-includes/wlwmanifest.xml HTTP/1.1" 404 290 "-" "Mozilla/5.0 (Windows NT 10.0; Win64; x64) AppleWebKit/537.36 (KHTML, like Gecko) Chrome/88.0.4240.193 Safari/537.36"
116.206.229.134 - - [23/Feb/2022:11:40:56 +0100] "GET /site/wp-includes/wlwmanifest.xml HTTP/1.1" 404 291 "-" "Mozilla/5.0 (Windows NT 10.0; Win64; x64) AppleWebKit/537.36 (KHTML, like Gecko) Chrome/88.0.4240.193 Safari/537.36"
116.206.229.134 - - [23/Feb/2022:11:40:56 +0100] "GET /cms/wp-includes/wlwmanifest.xml HTTP/1.1" 404 290 "-" "Mozilla/5.0 (Windows NT 10.0; Win64; x64) AppleWebKit/537.36 (KHTML, like Gecko) Chrome/88.0.4240.193 Safari/537.36"
116.206.229.134 - - [23/Feb/2022:11:40:56 +0100] "GET /sito/wp-includes/wlwmanifest.xml HTTP/1.1" 404 291 "-" "Mozilla/5.0 (Windows NT 10.0; Win64; x64) AppleWebKit/537.36 (KHTML, like Gecko) Chrome/88.0.4240.193 Safari/537.36"
77.88.48.217 - - [23/Feb/2022:11:44:26 +0100] "GET /uploads/AmiKo/Barcode.jpg HTTP/1.1" 200 166528 "-" "Mozilla/5.0 (compatible; YandexImageResizer/2.0; +http://yandex.com/bots)"
195.254.246.182 - - [23/Feb/2022:11:57:05 +0100] "GET / HTTP/1.1" 200 10756 "-" "Mozilla/5.0 (iPhone; CPU iPhone OS 15_3_1 like Mac OS X) AppleWebKit/605.1.15 (KHTML, like Gecko) Version/15.3 Mobile/15E148 Safari/604.1"
195.254.246.182 - - [23/Feb/2022:11:57:05 +0100] "GET /pub/skins/ywesee/gila.css HTTP/1.1" 200 8276 "https://ywesee.com/" "Mozilla/5.0 (iPhone; CPU iPhone OS 15_3_1 like Mac OS X) AppleWebKit/605.1.15 (KHTML, like Gecko) Version/15.3 Mobile/15E148 Safari/604.1"
195.254.246.182 - - [23/Feb/2022:11:57:05 +0100] "GET /uploads/Main/yweseelogo.gif HTTP/1.1" 200 2982 "https://ywesee.com/" "Mozilla/5.0 (iPhone; CPU iPhone OS 15_3_1 like Mac OS X) AppleWebKit/605.1.15 (KHTML, like Gecko) Version/15.3 Mobile/15E148 Safari/604.1"
195.254.246.182 - - [23/Feb/2022:11:57:06 +0100] "GET /favicon.ico HTTP/1.1" 200 1406 "https://ywesee.com/" "Mozilla/5.0 (iPhone; CPU iPhone OS 15_3_1 like Mac OS X) AppleWebKit/605.1.15 (KHTML, like Gecko) Version/15.3 Mobile/15E148 Safari/604.1"
195.254.246.182 - - [23/Feb/2022:11:57:06 +0100] "GET / HTTP/1.1" 200 10756 "-" "Mozilla/5.0 (iPhone; CPU iPhone OS 15_3_1 like Mac OS X) AppleWebKit/605.1.15 (KHTML, like Gecko) Version/15.3 Mobile/15E148 Safari/604.1"
195.254.246.182 - - [23/Feb/2022:11:57:11 +0100] "GET /Main/Home?action=edit HTTP/1.1" 200 9272 "https://ywesee.com/" "Mozilla/5.0 (iPhone; CPU iPhone OS 15_3_1 like Mac OS X) AppleWebKit/605.1.15 (KHTML, like Gecko) Version/15.3 Mobile/15E148 Safari/604.1"
195.254.246.182 - - [23/Feb/2022:11:57:11 +0100] "GET /pub/guiedit/guiedit.js HTTP/1.1" 200 2679 "https://www.ywesee.com/Main/Home?action=edit" "Mozilla/5.0 (iPhone; CPU iPhone OS 15_3_1 like Mac OS X) AppleWebKit/605.1.15 (KHTML, like Gecko) Version/15.3 Mobile/15E148 Safari/604.1"
195.254.246.182 - - [23/Feb/2022:11:57:11 +0100] "GET /pub/speller/spellChecker.js HTTP/1.1" 200 13948 "https://www.ywesee.com/Main/Home?action=edit" "Mozilla/5.0 (iPhone; CPU iPhone OS 15_3_1 like Mac OS X) AppleWebKit/605.1.15 (KHTML, like Gecko) Version/15.3 Mobile/15E148 Safari/604.1"
195.254.246.182 - - [23/Feb/2022:11:57:11 +0100] "GET /favicon.ico HTTP/1.1" 200 1406 "https://www.ywesee.com/Main/Home?action=edit" "Mozilla/5.0 (iPhone; CPU iPhone OS 15_3_1 like Mac OS X) AppleWebKit/605.1.15 (KHTML, like Gecko) Version/15.3 Mobile/15E148 Safari/604.1"
195.254.246.182 - - [23/Feb/2022:11:57:14 +0100] "POST /Main/Home?action=edit HTTP/1.1" 200 18500 "https://www.ywesee.com/Main/Home?action=edit" "Mozilla/5.0 (iPhone; CPU iPhone OS 15_3_1 like Mac OS X) AppleWebKit/605.1.15 (KHTML, like Gecko) Version/15.3 Mobile/15E148 Safari/604.1"
195.254.246.182 - - [23/Feb/2022:11:57:14 +0100] "GET /pub/guiedit/em.gif HTTP/1.1" 200 710 "https://www.ywesee.com/Main/Home?action=edit" "Mozilla/5.0 (iPhone; CPU iPhone OS 15_3_1 like Mac OS X) AppleWebKit/605.1.15 (KHTML, like Gecko) Version/15.3 Mobile/15E148 Safari/604.1"
195.254.246.182 - - [23/Feb/2022:11:57:14 +0100] "GET /pub/guiedit/sub.gif HTTP/1.1" 200 716 "https://www.ywesee.com/Main/Home?action=edit" "Mozilla/5.0 (iPhone; CPU iPhone OS 15_3_1 like Mac OS X) AppleWebKit/605.1.15 (KHTML, like Gecko) Version/15.3 Mobile/15E148 Safari/604.1"
195.254.246.182 - - [23/Feb/2022:11:57:14 +0100] "GET /pub/guiedit/center.gif HTTP/1.1" 200 651 "https://www.ywesee.com/Main/Home?action=edit" "Mozilla/5.0 (iPhone; CPU iPhone OS 15_3_1 like Mac OS X) AppleWebKit/605.1.15 (KHTML, like Gecko) Version/15.3 Mobile/15E148 Safari/604.1"
195.254.246.182 - - [23/Feb/2022:11:57:14 +0100] "GET /pub/guiedit/attach.gif HTTP/1.1" 200 772 "https://www.ywesee.com/Main/Home?action=edit" "Mozilla/5.0 (iPhone; CPU iPhone OS 15_3_1 like Mac OS X) AppleWebKit/605.1.15 (KHTML, like Gecko) Version/15.3 Mobile/15E148 Safari/604.1"
195.254.246.182 - - [23/Feb/2022:11:57:14 +0100] "GET /pub/guiedit/small.gif HTTP/1.1" 200 703 "https://www.ywesee.com/Main/Home?action=edit" "Mozilla/5.0 (iPhone; CPU iPhone OS 15_3_1 like Mac OS X) AppleWebKit/605.1.15 (KHTML, like Gecko) Version/15.3 Mobile/15E148 Safari/604.1"
195.254.246.182 - - [23/Feb/2022:11:57:14 +0100] "GET /pub/guiedit/pagelink.gif HTTP/1.1" 200 707 "https://www.ywesee.com/Main/Home?action=edit" "Mozilla/5.0 (iPhone; CPU iPhone OS 15_3_1 like Mac OS X) AppleWebKit/605.1.15 (KHTML, like Gecko) Version/15.3 Mobile/15E148 Safari/604.1"
195.254.246.182 - - [23/Feb/2022:11:57:14 +0100] "GET /pub/guiedit/extlink.gif HTTP/1.1" 200 716 "https://www.ywesee.com/Main/Home?action=edit" "Mozilla/5.0 (iPhone; CPU iPhone OS 15_3_1 like Mac OS X) AppleWebKit/605.1.15 (KHTML, like Gecko) Version/15.3 Mobile/15E148 Safari/604.1"
