173.231.60.196 - - [26/Apr/2022:17:03:24 +0200] "GET /Software/XMLConv HTTP/1.1" 200 8709 "https://www.ywesee.com/" "Mozilla/5.0 (compatible; Adsbot/3.1; +https://seostar.co/robot/)"
173.231.60.196 - - [26/Apr/2022:17:03:33 +0200] "GET /Ywesee/InfoCodex HTTP/1.1" 200 24435 "https://www.ywesee.com/" "Mozilla/5.0 (compatible; Adsbot/3.1; +https://seostar.co/robot/)"
173.231.60.196 - - [26/Apr/2022:17:03:44 +0200] "GET /ODDB/StammdatenCH HTTP/1.1" 200 9300 "https://www.ywesee.com/" "Mozilla/5.0 (compatible; Adsbot/3.1; +https://seostar.co/robot/)"
173.231.60.196 - - [26/Apr/2022:17:03:52 +0200] "GET /Ywesee/OpenSource HTTP/1.1" 200 10790 "https://www.ywesee.com/" "Mozilla/5.0 (compatible; Adsbot/3.1; +https://seostar.co/robot/)"
173.231.60.196 - - [26/Apr/2022:17:04:15 +0200] "GET /Software/Spreadsheet HTTP/1.1" 200 8839 "https://www.ywesee.com/" "Mozilla/5.0 (compatible; Adsbot/3.1; +https://seostar.co/robot/)"
173.231.60.196 - - [26/Apr/2022:17:04:28 +0200] "GET /Software/SoftwareRaid HTTP/1.1" 200 12104 "https://www.ywesee.com/" "Mozilla/5.0 (compatible; Adsbot/3.1; +https://seostar.co/robot/)"
173.231.60.196 - - [26/Apr/2022:17:04:44 +0200] "GET /Miele/MieleLXIVScreenshots HTTP/1.1" 200 8964 "https://www.ywesee.com/" "Mozilla/5.0 (compatible; Adsbot/3.1; +https://seostar.co/robot/)"
173.231.60.196 - - [26/Apr/2022:17:04:54 +0200] "GET /ODDB/IndividuelleMediliste HTTP/1.1" 200 9139 "https://www.ywesee.com/" "Mozilla/5.0 (compatible; Adsbot/3.1; +https://seostar.co/robot/)"
173.231.60.196 - - [26/Apr/2022:17:05:04 +0200] "GET /Main/DocumedGalenicaVsYwesee HTTP/1.1" 200 35251 "https://www.ywesee.com/" "Mozilla/5.0 (compatible; Adsbot/3.1; +https://seostar.co/robot/)"
173.231.60.196 - - [26/Apr/2022:17:05:34 +0200] "GET /ODDB/IntegrationLookAmpFeelGenerikasuche HTTP/1.1" 200 9097 "https://www.ywesee.com/" "Mozilla/5.0 (compatible; Adsbot/3.1; +https://seostar.co/robot/)"
173.231.60.196 - - [26/Apr/2022:17:06:06 +0200] "GET /Hmg/67 HTTP/1.1" 200 12301 "https://www.ywesee.com/" "Mozilla/5.0 (compatible; Adsbot/3.1; +https://seostar.co/robot/)"
173.231.60.196 - - [26/Apr/2022:17:06:12 +0200] "GET /Ywesee/ HTTP/1.1" 302 158 "https://www.ywesee.com/" "Mozilla/5.0 (compatible; Adsbot/3.1; +https://seostar.co/robot/)"
173.231.60.196 - - [26/Apr/2022:17:06:18 +0200] "GET /Main/FAZ HTTP/1.1" 200 8325 "https://www.ywesee.com/" "Mozilla/5.0 (compatible; Adsbot/3.1; +https://seostar.co/robot/)"
173.231.60.196 - - [26/Apr/2022:17:06:25 +0200] "GET /Main/FMH HTTP/1.1" 200 8327 "https://www.ywesee.com/" "Mozilla/5.0 (compatible; Adsbot/3.1; +https://seostar.co/robot/)"
51.222.253.20 - - [26/Apr/2022:17:06:32 +0200] "GET /robots.txt HTTP/1.1" 200 - "-" "Mozilla/5.0 (compatible; AhrefsBot/7.0; +http://ahrefs.com/robot/)"
173.231.60.196 - - [26/Apr/2022:17:06:32 +0200] "GET /Main/NZZ HTTP/1.1" 200 8325 "https://www.ywesee.com/" "Mozilla/5.0 (compatible; Adsbot/3.1; +https://seostar.co/robot/)"
54.36.149.34 - - [26/Apr/2022:17:06:32 +0200] "GET / HTTP/1.1" 200 11443 "-" "Mozilla/5.0 (compatible; AhrefsBot/7.0; +http://ahrefs.com/robot/)"
173.231.60.196 - - [26/Apr/2022:17:06:44 +0200] "GET /AmiKo/IOS?action=diff HTTP/1.1" 403 18 "https://www.ywesee.com/" "Mozilla/5.0 (compatible; Adsbot/3.1; +https://seostar.co/robot/)"
173.231.60.196 - - [26/Apr/2022:17:06:51 +0200] "GET /AmiKo/IOS?action=edit HTTP/1.1" 403 18 "https://www.ywesee.com/" "Mozilla/5.0 (compatible; Adsbot/3.1; +https://seostar.co/robot/)"
173.231.60.196 - - [26/Apr/2022:17:06:57 +0200] "GET /AmiKo/IOS?action=print HTTP/1.1" 403 18 "https://www.ywesee.com/" "Mozilla/5.0 (compatible; Adsbot/3.1; +https://seostar.co/robot/)"
173.231.60.196 - - [26/Apr/2022:17:07:04 +0200] "GET /AmiKo/IOS?action=upload HTTP/1.1" 403 18 "https://www.ywesee.com/" "Mozilla/5.0 (compatible; Adsbot/3.1; +https://seostar.co/robot/)"
173.231.60.196 - - [26/Apr/2022:17:07:11 +0200] "GET /AmiKo/IOS?n=Main.SideBar?action=edit HTTP/1.1" 403 18 "https://www.ywesee.com/" "Mozilla/5.0 (compatible; Adsbot/3.1; +https://seostar.co/robot/)"
194.209.200.2 - - [26/Apr/2022:17:07:14 +0200] "GET /robots.txt HTTP/1.1" 200 - "-" "Mozilla/5.0 (compatible; TMMBot/0.2; +http://www.dslab.ch)/Nutch-1.15"
194.209.200.2 - - [26/Apr/2022:17:07:15 +0200] "GET /AmiKo/Linux HTTP/1.1" 200 9217 "-" "Mozilla/5.0 (compatible; TMMBot/0.2; +http://www.dslab.ch)/Nutch-1.15"
173.231.60.196 - - [26/Apr/2022:17:07:18 +0200] "GET /AmiKo/OSX?action=diff HTTP/1.1" 403 18 "https://www.ywesee.com/" "Mozilla/5.0 (compatible; Adsbot/3.1; +https://seostar.co/robot/)"
194.209.200.2 - - [26/Apr/2022:17:07:19 +0200] "GET /Miele/MieleLXIV HTTP/1.1" 200 15367 "-" "Mozilla/5.0 (compatible; TMMBot/0.2; +http://www.dslab.ch)/Nutch-1.15"
173.231.60.196 - - [26/Apr/2022:17:07:25 +0200] "GET /AmiKo/OSX?action=edit HTTP/1.1" 403 18 "https://www.ywesee.com/" "Mozilla/5.0 (compatible; Adsbot/3.1; +https://seostar.co/robot/)"
173.231.60.196 - - [26/Apr/2022:17:07:32 +0200] "GET /AmiKo/OSX?action=print HTTP/1.1" 403 18 "https://www.ywesee.com/" "Mozilla/5.0 (compatible; Adsbot/3.1; +https://seostar.co/robot/)"
173.231.60.196 - - [26/Apr/2022:17:07:39 +0200] "GET /AmiKo/OSX?action=upload HTTP/1.1" 403 18 "https://www.ywesee.com/" "Mozilla/5.0 (compatible; Adsbot/3.1; +https://seostar.co/robot/)"
194.209.200.2 - - [26/Apr/2022:17:07:42 +0200] "GET /Software/YDIM HTTP/1.1" 200 8834 "-" "Mozilla/5.0 (compatible; TMMBot/0.2; +http://www.dslab.ch)/Nutch-1.15"
173.231.60.196 - - [26/Apr/2022:17:07:49 +0200] "GET /AmiKo/OSX?n=Main.SideBar?action=edit HTTP/1.1" 403 18 "https://www.ywesee.com/" "Mozilla/5.0 (compatible; Adsbot/3.1; +https://seostar.co/robot/)"
173.231.60.196 - - [26/Apr/2022:17:07:58 +0200] "GET /AmiKo/Web?action=diff HTTP/1.1" 403 18 "https://www.ywesee.com/" "Mozilla/5.0 (compatible; Adsbot/3.1; +https://seostar.co/robot/)"
173.231.60.196 - - [26/Apr/2022:17:08:11 +0200] "GET /AmiKo/Web?action=edit HTTP/1.1" 403 18 "https://www.ywesee.com/" "Mozilla/5.0 (compatible; Adsbot/3.1; +https://seostar.co/robot/)"
173.231.60.196 - - [26/Apr/2022:17:08:17 +0200] "GET /AmiKo/Web?action=print HTTP/1.1" 403 18 "https://www.ywesee.com/" "Mozilla/5.0 (compatible; Adsbot/3.1; +https://seostar.co/robot/)"
173.231.60.196 - - [26/Apr/2022:17:08:23 +0200] "GET /AmiKo/Web?action=upload HTTP/1.1" 403 18 "https://www.ywesee.com/" "Mozilla/5.0 (compatible; Adsbot/3.1; +https://seostar.co/robot/)"
173.231.60.196 - - [26/Apr/2022:17:08:30 +0200] "GET /AmiKo/Web?n=Main.SideBar?action=edit HTTP/1.1" 403 18 "https://www.ywesee.com/" "Mozilla/5.0 (compatible; Adsbot/3.1; +https://seostar.co/robot/)"
173.231.60.196 - - [26/Apr/2022:17:08:37 +0200] "GET /Epha/Flow HTTP/1.1" 200 8668 "https://www.ywesee.com/" "Mozilla/5.0 (compatible; Adsbot/3.1; +https://seostar.co/robot/)"
173.231.60.196 - - [26/Apr/2022:17:08:43 +0200] "GET /Main/2004?action=diff HTTP/1.1" 403 18 "https://www.ywesee.com/" "Mozilla/5.0 (compatible; Adsbot/3.1; +https://seostar.co/robot/)"
173.231.60.196 - - [26/Apr/2022:17:08:50 +0200] "GET /Main/2004?action=edit HTTP/1.1" 403 18 "https://www.ywesee.com/" "Mozilla/5.0 (compatible; Adsbot/3.1; +https://seostar.co/robot/)"
173.231.60.196 - - [26/Apr/2022:17:08:57 +0200] "GET /Main/2004?action=print HTTP/1.1" 403 18 "https://www.ywesee.com/" "Mozilla/5.0 (compatible; Adsbot/3.1; +https://seostar.co/robot/)"
173.231.60.196 - - [26/Apr/2022:17:09:05 +0200] "GET /Main/2004?action=upload HTTP/1.1" 403 18 "https://www.ywesee.com/" "Mozilla/5.0 (compatible; Adsbot/3.1; +https://seostar.co/robot/)"
173.231.60.196 - - [26/Apr/2022:17:09:12 +0200] "GET /Main/2004?n=Main.SideBar?action=edit HTTP/1.1" 403 18 "https://www.ywesee.com/" "Mozilla/5.0 (compatible; Adsbot/3.1; +https://seostar.co/robot/)"
173.231.60.196 - - [26/Apr/2022:17:09:21 +0200] "GET /Main/2005?action=diff HTTP/1.1" 403 18 "https://www.ywesee.com/" "Mozilla/5.0 (compatible; Adsbot/3.1; +https://seostar.co/robot/)"
173.231.60.196 - - [26/Apr/2022:17:09:27 +0200] "GET /Main/2005?action=edit HTTP/1.1" 403 18 "https://www.ywesee.com/" "Mozilla/5.0 (compatible; Adsbot/3.1; +https://seostar.co/robot/)"
194.209.200.2 - - [26/Apr/2022:17:09:30 +0200] "GET /Main/2015 HTTP/1.1" 200 15908 "-" "Mozilla/5.0 (compatible; TMMBot/0.2; +http://www.dslab.ch)/Nutch-1.15"
173.231.60.196 - - [26/Apr/2022:17:09:36 +0200] "GET /Main/2005?action=print HTTP/1.1" 403 18 "https://www.ywesee.com/" "Mozilla/5.0 (compatible; Adsbot/3.1; +https://seostar.co/robot/)"
194.209.200.2 - - [26/Apr/2022:17:09:38 +0200] "GET /Main/2013 HTTP/1.1" 200 20487 "-" "Mozilla/5.0 (compatible; TMMBot/0.2; +http://www.dslab.ch)/Nutch-1.15"
173.231.60.196 - - [26/Apr/2022:17:09:45 +0200] "GET /Main/2005?action=upload HTTP/1.1" 403 18 "https://www.ywesee.com/" "Mozilla/5.0 (compatible; Adsbot/3.1; +https://seostar.co/robot/)"
194.209.200.2 - - [26/Apr/2022:17:09:46 +0200] "GET /AmiKo/IOS HTTP/1.1" 200 11930 "-" "Mozilla/5.0 (compatible; TMMBot/0.2; +http://www.dslab.ch)/Nutch-1.15"
173.231.60.196 - - [26/Apr/2022:17:09:52 +0200] "GET /Main/2005?n=Main.SideBar?action=edit HTTP/1.1" 403 18 "https://www.ywesee.com/" "Mozilla/5.0 (compatible; Adsbot/3.1; +https://seostar.co/robot/)"
194.209.200.2 - - [26/Apr/2022:17:09:52 +0200] "GET /Ywesee/Kontakt HTTP/1.1" 200 8973 "-" "Mozilla/5.0 (compatible; TMMBot/0.2; +http://www.dslab.ch)/Nutch-1.15"
173.231.60.196 - - [26/Apr/2022:17:09:58 +0200] "GET /Main/2006?action=diff HTTP/1.1" 403 18 "https://www.ywesee.com/" "Mozilla/5.0 (compatible; Adsbot/3.1; +https://seostar.co/robot/)"
173.231.60.196 - - [26/Apr/2022:17:10:05 +0200] "GET /Main/2006?action=edit HTTP/1.1" 403 18 "https://www.ywesee.com/" "Mozilla/5.0 (compatible; Adsbot/3.1; +https://seostar.co/robot/)"
185.191.171.25 - - [26/Apr/2022:17:10:08 +0200] "GET /ODDB/ODDBxml?action=diff HTTP/1.1" 403 18 "-" "Mozilla/5.0 (compatible; SemrushBot/7~bl; +http://www.semrush.com/bot.html)"
173.231.60.196 - - [26/Apr/2022:17:10:12 +0200] "GET /Main/2006?action=print HTTP/1.1" 403 18 "https://www.ywesee.com/" "Mozilla/5.0 (compatible; Adsbot/3.1; +https://seostar.co/robot/)"
173.231.60.196 - - [26/Apr/2022:17:10:23 +0200] "GET /Main/2006?action=upload HTTP/1.1" 403 18 "https://www.ywesee.com/" "Mozilla/5.0 (compatible; Adsbot/3.1; +https://seostar.co/robot/)"
173.231.60.196 - - [26/Apr/2022:17:10:29 +0200] "GET /Main/2006?n=Main.SideBar?action=edit HTTP/1.1" 403 18 "https://www.ywesee.com/" "Mozilla/5.0 (compatible; Adsbot/3.1; +https://seostar.co/robot/)"
173.231.60.196 - - [26/Apr/2022:17:10:35 +0200] "GET /Main/2007?action=diff HTTP/1.1" 403 18 "https://www.ywesee.com/" "Mozilla/5.0 (compatible; Adsbot/3.1; +https://seostar.co/robot/)"
173.231.60.196 - - [26/Apr/2022:17:10:43 +0200] "GET /Main/2007?action=edit HTTP/1.1" 403 18 "https://www.ywesee.com/" "Mozilla/5.0 (compatible; Adsbot/3.1; +https://seostar.co/robot/)"
194.209.200.2 - - [26/Apr/2022:17:11:45 +0200] "GET /Software/ODDB HTTP/1.1" 200 10298 "-" "Mozilla/5.0 (compatible; TMMBot/0.2; +http://www.dslab.ch)/Nutch-1.15"
194.209.200.2 - - [26/Apr/2022:17:12:12 +0200] "GET /Ausschreibung/SAI HTTP/1.1" 200 10366 "-" "Mozilla/5.0 (compatible; TMMBot/0.2; +http://www.dslab.ch)/Nutch-1.15"
194.209.200.2 - - [26/Apr/2022:17:13:21 +0200] "GET /Main/2014 HTTP/1.1" 200 19471 "-" "Mozilla/5.0 (compatible; TMMBot/0.2; +http://www.dslab.ch)/Nutch-1.15"
194.209.200.2 - - [26/Apr/2022:17:13:36 +0200] "GET /Main/2010 HTTP/1.1" 200 27997 "-" "Mozilla/5.0 (compatible; TMMBot/0.2; +http://www.dslab.ch)/Nutch-1.15"
194.209.200.2 - - [26/Apr/2022:17:13:45 +0200] "GET /Eggze/SpreadIt HTTP/1.1" 200 12537 "-" "Mozilla/5.0 (compatible; TMMBot/0.2; +http://www.dslab.ch)/Nutch-1.15"
34.139.51.200 - - [26/Apr/2022:17:18:46 +0200] "GET /robots.txt HTTP/1.1" 200 - "-" "bidswitchbot/1.0"
34.139.51.200 - - [26/Apr/2022:17:18:47 +0200] "GET /robots.txt HTTP/1.1" 200 - "-" "bidswitchbot/1.0"
34.139.51.200 - - [26/Apr/2022:17:18:48 +0200] "GET /app-ads.txt HTTP/1.1" 404 270 "-" "bidswitchbot/1.0"
34.139.51.200 - - [26/Apr/2022:17:19:05 +0200] "GET /robots.txt HTTP/1.1" 200 - "-" "bidswitchbot/1.0"
34.139.51.200 - - [26/Apr/2022:17:19:06 +0200] "GET /robots.txt HTTP/1.1" 200 - "-" "bidswitchbot/1.0"
34.139.51.200 - - [26/Apr/2022:17:19:08 +0200] "GET /app-ads.txt HTTP/1.1" 404 274 "-" "bidswitchbot/1.0"
34.139.51.200 - - [26/Apr/2022:17:19:09 +0200] "GET /robots.txt HTTP/1.1" 200 - "-" "bidswitchbot/1.0"
34.139.51.200 - - [26/Apr/2022:17:19:10 +0200] "GET /robots.txt HTTP/1.1" 200 - "-" "bidswitchbot/1.0"
34.139.51.200 - - [26/Apr/2022:17:19:12 +0200] "GET /app-ads.txt HTTP/1.1" 404 270 "-" "bidswitchbot/1.0"
45.129.18.81 - - [26/Apr/2022:17:19:46 +0200] "HEAD / HTTP/1.1" 200 - "http://ywesee.com" "Mozilla/5.0 (Macintosh; Intel Mac OS X 10_9_3) AppleWebKit/537.36 (KHTML, like Gecko) Chrome/35.0.1916.47 Safari/537.36"
185.191.171.3 - - [26/Apr/2022:17:20:27 +0200] "GET /robots.txt HTTP/1.1" 200 - "-" "Mozilla/5.0 (compatible; SemrushBot/7~bl; +http://www.semrush.com/bot.html)"
185.191.171.35 - - [26/Apr/2022:17:20:27 +0200] "GET /PublicDomain/AIPS?action=edit HTTP/1.1" 403 18 "-" "Mozilla/5.0 (compatible; SemrushBot/7~bl; +http://www.semrush.com/bot.html)"
110.42.227.221 - - [26/Apr/2022:17:26:59 +0200] "GET / HTTP/1.1" 200 11443 "-" "Mozilla/5.0 (Windows NT 10.0; WOW64) AppleWebKit/537.36 (KHTML, like Gecko) Chrome/63.0.3239.132 Safari/537.36"
51.15.90.233 - - [26/Apr/2022:17:28:46 +0200] "GET / HTTP/1.1" 200 11443 "-" "Mozilla/5.0 (Windows NT 10.0; Win64; x64) AppleWebKit/537.36 (KHTML, like Gecko) Chrome/67.0.3396.87 Safari/537.36"
51.158.79.39 - - [26/Apr/2022:17:28:49 +0200] "GET / HTTP/1.1" 200 11443 "-" "Mozilla/5.0 (Windows NT 10.0; Win64; x64) AppleWebKit/537.36 (KHTML, like Gecko) Chrome/67.0.3396.87 Safari/537.36"
51.158.108.77 - - [26/Apr/2022:17:39:41 +0200] "GET / HTTP/1.1" 200 11443 "-" "-"
194.209.200.2 - - [26/Apr/2022:17:40:47 +0200] "GET /robots.txt HTTP/1.1" 200 - "-" "Mozilla/5.0 (compatible; TMMBot/0.2; +http://www.dslab.ch)/Nutch-1.15"
194.209.200.2 - - [26/Apr/2022:17:40:47 +0200] "GET /AmiKo/Linux HTTP/1.1" 200 9217 "-" "Mozilla/5.0 (compatible; TMMBot/0.2; +http://www.dslab.ch)/Nutch-1.15"
194.209.200.2 - - [26/Apr/2022:17:40:51 +0200] "GET /Miele/MieleLXIV HTTP/1.1" 200 15367 "-" "Mozilla/5.0 (compatible; TMMBot/0.2; +http://www.dslab.ch)/Nutch-1.15"
194.209.200.2 - - [26/Apr/2022:17:41:14 +0200] "GET /Software/YDIM HTTP/1.1" 200 8834 "-" "Mozilla/5.0 (compatible; TMMBot/0.2; +http://www.dslab.ch)/Nutch-1.15"
194.209.200.2 - - [26/Apr/2022:17:43:07 +0200] "GET /Main/2013 HTTP/1.1" 200 20487 "-" "Mozilla/5.0 (compatible; TMMBot/0.2; +http://www.dslab.ch)/Nutch-1.15"
194.209.200.2 - - [26/Apr/2022:17:43:15 +0200] "GET /Main/2011 HTTP/1.1" 200 21451 "-" "Mozilla/5.0 (compatible; TMMBot/0.2; +http://www.dslab.ch)/Nutch-1.15"
194.209.200.2 - - [26/Apr/2022:17:43:17 +0200] "GET /AmiKo/IOS HTTP/1.1" 200 11930 "-" "Mozilla/5.0 (compatible; TMMBot/0.2; +http://www.dslab.ch)/Nutch-1.15"
194.209.200.2 - - [26/Apr/2022:17:43:21 +0200] "GET /Ywesee/Kontakt HTTP/1.1" 200 8973 "-" "Mozilla/5.0 (compatible; TMMBot/0.2; +http://www.dslab.ch)/Nutch-1.15"
194.209.200.2 - - [26/Apr/2022:17:45:01 +0200] "GET /Generikacc/App HTTP/1.1" 200 11862 "-" "Mozilla/5.0 (compatible; TMMBot/0.2; +http://www.dslab.ch)/Nutch-1.15"
194.209.200.2 - - [26/Apr/2022:17:45:10 +0200] "GET /Software/ODDB HTTP/1.1" 200 10298 "-" "Mozilla/5.0 (compatible; TMMBot/0.2; +http://www.dslab.ch)/Nutch-1.15"
194.209.200.2 - - [26/Apr/2022:17:45:38 +0200] "GET /Ausschreibung/SAI HTTP/1.1" 200 10366 "-" "Mozilla/5.0 (compatible; TMMBot/0.2; +http://www.dslab.ch)/Nutch-1.15"
194.209.200.2 - - [26/Apr/2022:17:46:32 +0200] "GET /Main/2018 HTTP/1.1" 200 15425 "-" "Mozilla/5.0 (compatible; TMMBot/0.2; +http://www.dslab.ch)/Nutch-1.15"
194.209.200.2 - - [26/Apr/2022:17:46:46 +0200] "GET /Main/2014 HTTP/1.1" 200 19471 "-" "Mozilla/5.0 (compatible; TMMBot/0.2; +http://www.dslab.ch)/Nutch-1.15"
194.209.200.2 - - [26/Apr/2022:17:46:54 +0200] "GET /Main/2012 HTTP/1.1" 200 31941 "-" "Mozilla/5.0 (compatible; TMMBot/0.2; +http://www.dslab.ch)/Nutch-1.15"
194.209.200.2 - - [26/Apr/2022:17:47:01 +0200] "GET /Main/2010 HTTP/1.1" 200 27997 "-" "Mozilla/5.0 (compatible; TMMBot/0.2; +http://www.dslab.ch)/Nutch-1.15"
194.209.200.2 - - [26/Apr/2022:17:47:09 +0200] "GET /Main/ComCo19122016 HTTP/1.1" 200 10547 "-" "Mozilla/5.0 (compatible; TMMBot/0.2; +http://www.dslab.ch)/Nutch-1.15"
194.209.200.2 - - [26/Apr/2022:17:47:10 +0200] "GET /Eggze/SpreadIt HTTP/1.1" 200 12537 "-" "Mozilla/5.0 (compatible; TMMBot/0.2; +http://www.dslab.ch)/Nutch-1.15"
66.249.66.214 - - [26/Apr/2022:17:57:34 +0200] "GET /de/gcc/fachinfo/reg/59245/chapter/preclinic HTTP/1.1" 404 302 "-" "Mozilla/5.0 (Linux; Android 6.0.1; Nexus 5X Build/MMB29P) AppleWebKit/537.36 (KHTML, like Gecko) Chrome/100.0.4896.127 Mobile Safari/537.36 (compatible; Googlebot/2.1; +http://www.google.com/bot.html)"
35.237.195.244 - - [26/Apr/2022:18:08:30 +0200] "GET /robots.txt HTTP/1.1" 200 - "-" "bidswitchbot/1.0"
35.237.195.244 - - [26/Apr/2022:18:08:32 +0200] "GET /robots.txt HTTP/1.1" 200 - "-" "bidswitchbot/1.0"
35.237.195.244 - - [26/Apr/2022:18:08:33 +0200] "GET /app-ads.txt HTTP/1.1" 404 270 "-" "bidswitchbot/1.0"
35.237.195.244 - - [26/Apr/2022:18:08:47 +0200] "GET /robots.txt HTTP/1.1" 200 - "-" "bidswitchbot/1.0"
35.237.195.244 - - [26/Apr/2022:18:08:48 +0200] "GET /robots.txt HTTP/1.1" 200 - "-" "bidswitchbot/1.0"
35.237.195.244 - - [26/Apr/2022:18:08:49 +0200] "GET /app-ads.txt HTTP/1.1" 404 274 "-" "bidswitchbot/1.0"
35.237.195.244 - - [26/Apr/2022:18:08:50 +0200] "GET /robots.txt HTTP/1.1" 200 - "-" "bidswitchbot/1.0"
35.237.195.244 - - [26/Apr/2022:18:08:51 +0200] "GET /robots.txt HTTP/1.1" 200 - "-" "bidswitchbot/1.0"
35.237.195.244 - - [26/Apr/2022:18:08:52 +0200] "GET /app-ads.txt HTTP/1.1" 404 270 "-" "bidswitchbot/1.0"
185.191.171.24 - - [26/Apr/2022:18:10:33 +0200] "GET /Main/MayoClinic?action=edit HTTP/1.1" 403 18 "-" "Mozilla/5.0 (compatible; SemrushBot/7~bl; +http://www.semrush.com/bot.html)"
194.209.200.2 - - [26/Apr/2022:18:11:51 +0200] "GET /robots.txt HTTP/1.1" 200 - "-" "Mozilla/5.0 (compatible; TMMBot/0.2; +http://www.dslab.ch)/Nutch-1.15"
194.209.200.2 - - [26/Apr/2022:18:11:51 +0200] "GET /Oddb2xml/Index HTTP/1.1" 200 8983 "-" "Mozilla/5.0 (compatible; TMMBot/0.2; +http://www.dslab.ch)/Nutch-1.15"
194.209.200.2 - - [26/Apr/2022:18:12:08 +0200] "GET /AmiKo/Linux HTTP/1.1" 200 9217 "-" "Mozilla/5.0 (compatible; TMMBot/0.2; +http://www.dslab.ch)/Nutch-1.15"
194.209.200.2 - - [26/Apr/2022:18:12:12 +0200] "GET /Miele/MieleLXIV HTTP/1.1" 200 15367 "-" "Mozilla/5.0 (compatible; TMMBot/0.2; +http://www.dslab.ch)/Nutch-1.15"
194.209.200.2 - - [26/Apr/2022:18:12:36 +0200] "GET /Software/YDIM HTTP/1.1" 200 8834 "-" "Mozilla/5.0 (compatible; TMMBot/0.2; +http://www.dslab.ch)/Nutch-1.15"
194.209.200.2 - - [26/Apr/2022:18:13:56 +0200] "GET /Main/2008 HTTP/1.1" 200 34740 "-" "Mozilla/5.0 (compatible; TMMBot/0.2; +http://www.dslab.ch)/Nutch-1.15"
194.209.200.2 - - [26/Apr/2022:18:14:30 +0200] "GET /Main/2013 HTTP/1.1" 200 20487 "-" "Mozilla/5.0 (compatible; TMMBot/0.2; +http://www.dslab.ch)/Nutch-1.15"
194.209.200.2 - - [26/Apr/2022:18:14:38 +0200] "GET /Main/2011 HTTP/1.1" 200 21451 "-" "Mozilla/5.0 (compatible; TMMBot/0.2; +http://www.dslab.ch)/Nutch-1.15"
194.209.200.2 - - [26/Apr/2022:18:14:39 +0200] "GET /AmiKo/IOS HTTP/1.1" 200 11930 "-" "Mozilla/5.0 (compatible; TMMBot/0.2; +http://www.dslab.ch)/Nutch-1.15"
194.209.200.2 - - [26/Apr/2022:18:14:44 +0200] "GET /Ywesee/Kontakt HTTP/1.1" 200 8973 "-" "Mozilla/5.0 (compatible; TMMBot/0.2; +http://www.dslab.ch)/Nutch-1.15"
194.209.200.2 - - [26/Apr/2022:18:14:54 +0200] "GET /Software/Spreadsheet HTTP/1.1" 200 8839 "-" "Mozilla/5.0 (compatible; TMMBot/0.2; +http://www.dslab.ch)/Nutch-1.15"
194.209.200.2 - - [26/Apr/2022:18:16:34 +0200] "GET /Software/ODDB HTTP/1.1" 200 10298 "-" "Mozilla/5.0 (compatible; TMMBot/0.2; +http://www.dslab.ch)/Nutch-1.15"
194.209.200.2 - - [26/Apr/2022:18:17:02 +0200] "GET /Ausschreibung/SAI HTTP/1.1" 200 10366 "-" "Mozilla/5.0 (compatible; TMMBot/0.2; +http://www.dslab.ch)/Nutch-1.15"
185.191.171.7 - - [26/Apr/2022:18:17:26 +0200] "GET /Main/MediStammdatenKostenSchweiz?action=upload HTTP/1.1" 403 18 "-" "Mozilla/5.0 (compatible; SemrushBot/7~bl; +http://www.semrush.com/bot.html)"
173.255.251.21 - - [26/Apr/2022:18:17:34 +0200] "GET / HTTP/1.1" 200 11443 "-" "python-requests/2.26.0"
173.255.251.21 - - [26/Apr/2022:18:17:35 +0200] "GET / HTTP/1.1" 200 11443 "-" "Mozilla/5.0 (X11; Linux x86_64) AppleWebKit/537.36 (KHTML, like Gecko) HeadlessChrome/96.0.4664.45 Safari/537.36"
173.255.251.21 - - [26/Apr/2022:18:17:36 +0200] "GET /uploads/Main/yweseelogo.gif HTTP/1.1" 200 2982 "https://ywesee.com/" "Mozilla/5.0 (X11; Linux x86_64) AppleWebKit/537.36 (KHTML, like Gecko) HeadlessChrome/96.0.4664.45 Safari/537.36"
173.255.251.21 - - [26/Apr/2022:18:17:36 +0200] "GET /pub/skins/ywesee/gila.css HTTP/1.1" 200 8276 "https://ywesee.com/" "Mozilla/5.0 (X11; Linux x86_64) AppleWebKit/537.36 (KHTML, like Gecko) HeadlessChrome/96.0.4664.45 Safari/537.36"
194.209.200.2 - - [26/Apr/2022:18:17:39 +0200] "GET /Main/2009 HTTP/1.1" 200 21688 "-" "Mozilla/5.0 (compatible; TMMBot/0.2; +http://www.dslab.ch)/Nutch-1.15"
194.209.200.2 - - [26/Apr/2022:18:18:04 +0200] "GET /Main/2016 HTTP/1.1" 200 13689 "-" "Mozilla/5.0 (compatible; TMMBot/0.2; +http://www.dslab.ch)/Nutch-1.15"
194.209.200.2 - - [26/Apr/2022:18:18:11 +0200] "GET /Main/2014 HTTP/1.1" 200 19471 "-" "Mozilla/5.0 (compatible; TMMBot/0.2; +http://www.dslab.ch)/Nutch-1.15"
194.209.200.2 - - [26/Apr/2022:18:18:25 +0200] "GET /Main/2010 HTTP/1.1" 200 27997 "-" "Mozilla/5.0 (compatible; TMMBot/0.2; +http://www.dslab.ch)/Nutch-1.15"
194.209.200.2 - - [26/Apr/2022:18:18:33 +0200] "GET /Main/ComCo19122016 HTTP/1.1" 200 10547 "-" "Mozilla/5.0 (compatible; TMMBot/0.2; +http://www.dslab.ch)/Nutch-1.15"
194.209.200.2 - - [26/Apr/2022:18:18:34 +0200] "GET /Eggze/SpreadIt HTTP/1.1" 200 12537 "-" "Mozilla/5.0 (compatible; TMMBot/0.2; +http://www.dslab.ch)/Nutch-1.15"
157.55.39.55 - - [26/Apr/2022:18:21:01 +0200] "GET /Main/2018?action=edit HTTP/1.1" 403 18 "-" "Mozilla/5.0 (compatible; bingbot/2.0; +http://www.bing.com/bingbot.htm)"
185.191.171.16 - - [26/Apr/2022:18:28:58 +0200] "GET /robots.txt HTTP/1.1" 200 - "-" "Mozilla/5.0 (compatible; SemrushBot/7~bl; +http://www.semrush.com/bot.html)"
185.191.171.9 - - [26/Apr/2022:18:29:00 +0200] "GET /Oddb2xml/Index?action=print HTTP/1.1" 403 18 "-" "Mozilla/5.0 (compatible; SemrushBot/7~bl; +http://www.semrush.com/bot.html)"
54.187.97.10 - - [26/Apr/2022:18:41:27 +0200] "GET / HTTP/1.1" 200 11443 "-" "-"
61.135.159.202 - - [26/Apr/2022:18:44:08 +0200] "GET / HTTP/1.1" 200 11443 "-" "Sogou web spider/4.0(+http://www.sogou.com/docs/help/webmasters.htm#07)"
194.209.200.2 - - [26/Apr/2022:18:47:01 +0200] "GET /robots.txt HTTP/1.1" 200 - "-" "Mozilla/5.0 (compatible; TMMBot/0.2; +http://www.dslab.ch)/Nutch-1.15"
194.209.200.2 - - [26/Apr/2022:18:47:01 +0200] "GET /Oddb2xml/Index HTTP/1.1" 200 8983 "-" "Mozilla/5.0 (compatible; TMMBot/0.2; +http://www.dslab.ch)/Nutch-1.15"
194.209.200.2 - - [26/Apr/2022:18:47:21 +0200] "GET /AmiKo/Linux HTTP/1.1" 200 9217 "-" "Mozilla/5.0 (compatible; TMMBot/0.2; +http://www.dslab.ch)/Nutch-1.15"
194.209.200.2 - - [26/Apr/2022:18:47:26 +0200] "GET /Miele/MieleLXIV HTTP/1.1" 200 15367 "-" "Mozilla/5.0 (compatible; TMMBot/0.2; +http://www.dslab.ch)/Nutch-1.15"
194.209.200.2 - - [26/Apr/2022:18:47:49 +0200] "GET /Software/YDIM HTTP/1.1" 200 8834 "-" "Mozilla/5.0 (compatible; TMMBot/0.2; +http://www.dslab.ch)/Nutch-1.15"
194.209.200.2 - - [26/Apr/2022:18:49:48 +0200] "GET /Main/2013 HTTP/1.1" 200 20487 "-" "Mozilla/5.0 (compatible; TMMBot/0.2; +http://www.dslab.ch)/Nutch-1.15"
194.209.200.2 - - [26/Apr/2022:18:49:56 +0200] "GET /AmiKo/IOS HTTP/1.1" 200 11930 "-" "Mozilla/5.0 (compatible; TMMBot/0.2; +http://www.dslab.ch)/Nutch-1.15"
194.209.200.2 - - [26/Apr/2022:18:50:03 +0200] "GET /Ywesee/Kontakt HTTP/1.1" 200 8973 "-" "Mozilla/5.0 (compatible; TMMBot/0.2; +http://www.dslab.ch)/Nutch-1.15"
194.209.200.2 - - [26/Apr/2022:18:50:12 +0200] "GET /Software/Spreadsheet HTTP/1.1" 200 8839 "-" "Mozilla/5.0 (compatible; TMMBot/0.2; +http://www.dslab.ch)/Nutch-1.15"
194.209.200.2 - - [26/Apr/2022:18:51:52 +0200] "GET /Software/ODDB HTTP/1.1" 200 10298 "-" "Mozilla/5.0 (compatible; TMMBot/0.2; +http://www.dslab.ch)/Nutch-1.15"
194.209.200.2 - - [26/Apr/2022:18:52:19 +0200] "GET /Ausschreibung/SAI HTTP/1.1" 200 10366 "-" "Mozilla/5.0 (compatible; TMMBot/0.2; +http://www.dslab.ch)/Nutch-1.15"
17.121.113.146 - - [26/Apr/2022:18:52:56 +0200] "GET /Main/2012 HTTP/1.1" 200 31941 "-" "Mozilla/5.0 (Macintosh; Intel Mac OS X 10_15_5) AppleWebKit/605.1.15 (KHTML, like Gecko) Version/13.1.1 Safari/605.1.15 (Applebot/0.1; +http://www.apple.com/go/applebot)"
194.209.200.2 - - [26/Apr/2022:18:53:21 +0200] "GET /Main/2016 HTTP/1.1" 200 13689 "-" "Mozilla/5.0 (compatible; TMMBot/0.2; +http://www.dslab.ch)/Nutch-1.15"
194.209.200.2 - - [26/Apr/2022:18:53:28 +0200] "GET /Main/2014 HTTP/1.1" 200 19471 "-" "Mozilla/5.0 (compatible; TMMBot/0.2; +http://www.dslab.ch)/Nutch-1.15"
185.191.171.13 - - [26/Apr/2022:18:53:40 +0200] "GET /Main/2005 HTTP/1.1" 200 63344 "-" "Mozilla/5.0 (compatible; SemrushBot/7~bl; +http://www.semrush.com/bot.html)"
194.209.200.2 - - [26/Apr/2022:18:53:41 +0200] "GET /Main/2010 HTTP/1.1" 200 27997 "-" "Mozilla/5.0 (compatible; TMMBot/0.2; +http://www.dslab.ch)/Nutch-1.15"
194.209.200.2 - - [26/Apr/2022:18:53:50 +0200] "GET /Main/ComCo19122016 HTTP/1.1" 200 10547 "-" "Mozilla/5.0 (compatible; TMMBot/0.2; +http://www.dslab.ch)/Nutch-1.15"
194.209.200.2 - - [26/Apr/2022:18:53:51 +0200] "GET /Eggze/SpreadIt HTTP/1.1" 200 12537 "-" "Mozilla/5.0 (compatible; TMMBot/0.2; +http://www.dslab.ch)/Nutch-1.15"
185.191.171.38 - - [26/Apr/2022:19:09:22 +0200] "GET /Ywesee/InfoCodexProximity?action=upload HTTP/1.1" 403 18 "-" "Mozilla/5.0 (compatible; SemrushBot/7~bl; +http://www.semrush.com/bot.html)"
185.191.171.15 - - [26/Apr/2022:19:16:01 +0200] "GET /Main/MayoClinic?n=Main.SideBar%3Faction%3Dedit HTTP/1.1" 302 157 "-" "Mozilla/5.0 (compatible; SemrushBot/7~bl; +http://www.semrush.com/bot.html)"
66.249.66.216 - - [26/Apr/2022:19:16:48 +0200] "GET /app-ads.txt HTTP/1.1" 404 270 "-" "Google-adstxt"
194.209.200.2 - - [26/Apr/2022:19:20:59 +0200] "GET /robots.txt HTTP/1.1" 200 - "-" "Mozilla/5.0 (compatible; TMMBot/0.2; +http://www.dslab.ch)/Nutch-1.15"
194.209.200.2 - - [26/Apr/2022:19:21:00 +0200] "GET /Oddb2xml/Index HTTP/1.1" 200 8983 "-" "Mozilla/5.0 (compatible; TMMBot/0.2; +http://www.dslab.ch)/Nutch-1.15"
194.209.200.2 - - [26/Apr/2022:19:21:17 +0200] "GET /AmiKo/Linux HTTP/1.1" 200 9217 "-" "Mozilla/5.0 (compatible; TMMBot/0.2; +http://www.dslab.ch)/Nutch-1.15"
194.209.200.2 - - [26/Apr/2022:19:21:23 +0200] "GET /Miele/MieleLXIV HTTP/1.1" 200 15367 "-" "Mozilla/5.0 (compatible; TMMBot/0.2; +http://www.dslab.ch)/Nutch-1.15"
194.209.200.2 - - [26/Apr/2022:19:21:29 +0200] "GET /AmiKo/Windows HTTP/1.1" 200 10332 "-" "Mozilla/5.0 (compatible; TMMBot/0.2; +http://www.dslab.ch)/Nutch-1.15"
194.209.200.2 - - [26/Apr/2022:19:21:47 +0200] "GET /Software/YDIM HTTP/1.1" 200 8834 "-" "Mozilla/5.0 (compatible; TMMBot/0.2; +http://www.dslab.ch)/Nutch-1.15"
194.209.200.2 - - [26/Apr/2022:19:23:24 +0200] "GET /Main/2006 HTTP/1.1" 200 39320 "-" "Mozilla/5.0 (compatible; TMMBot/0.2; +http://www.dslab.ch)/Nutch-1.15"
194.209.200.2 - - [26/Apr/2022:19:23:54 +0200] "GET /Main/2013 HTTP/1.1" 200 20487 "-" "Mozilla/5.0 (compatible; TMMBot/0.2; +http://www.dslab.ch)/Nutch-1.15"
194.209.200.2 - - [26/Apr/2022:19:24:04 +0200] "GET /AmiKo/IOS HTTP/1.1" 200 11930 "-" "Mozilla/5.0 (compatible; TMMBot/0.2; +http://www.dslab.ch)/Nutch-1.15"
194.209.200.2 - - [26/Apr/2022:19:24:11 +0200] "GET /Ywesee/Kontakt HTTP/1.1" 200 8973 "-" "Mozilla/5.0 (compatible; TMMBot/0.2; +http://www.dslab.ch)/Nutch-1.15"
194.209.200.2 - - [26/Apr/2022:19:24:20 +0200] "GET /Software/Spreadsheet HTTP/1.1" 200 8839 "-" "Mozilla/5.0 (compatible; TMMBot/0.2; +http://www.dslab.ch)/Nutch-1.15"
194.209.200.2 - - [26/Apr/2022:19:26:09 +0200] "GET /Software/ODDB HTTP/1.1" 200 10298 "-" "Mozilla/5.0 (compatible; TMMBot/0.2; +http://www.dslab.ch)/Nutch-1.15"
194.209.200.2 - - [26/Apr/2022:19:26:38 +0200] "GET /Ausschreibung/SAI HTTP/1.1" 200 10366 "-" "Mozilla/5.0 (compatible; TMMBot/0.2; +http://www.dslab.ch)/Nutch-1.15"
194.209.200.2 - - [26/Apr/2022:19:27:31 +0200] "GET /Software/BBMB HTTP/1.1" 200 9385 "-" "Mozilla/5.0 (compatible; TMMBot/0.2; +http://www.dslab.ch)/Nutch-1.15"
194.209.200.2 - - [26/Apr/2022:19:27:43 +0200] "GET /Main/2016 HTTP/1.1" 200 13689 "-" "Mozilla/5.0 (compatible; TMMBot/0.2; +http://www.dslab.ch)/Nutch-1.15"
194.209.200.2 - - [26/Apr/2022:19:27:50 +0200] "GET /Main/2014 HTTP/1.1" 200 19471 "-" "Mozilla/5.0 (compatible; TMMBot/0.2; +http://www.dslab.ch)/Nutch-1.15"
194.209.200.2 - - [26/Apr/2022:19:28:05 +0200] "GET /ODDB/IntegrationLookAmpFeelGenerikasuche HTTP/1.1" 200 9097 "-" "Mozilla/5.0 (compatible; TMMBot/0.2; +http://www.dslab.ch)/Nutch-1.15"
194.209.200.2 - - [26/Apr/2022:19:28:07 +0200] "GET /Main/2010 HTTP/1.1" 200 27997 "-" "Mozilla/5.0 (compatible; TMMBot/0.2; +http://www.dslab.ch)/Nutch-1.15"
194.209.200.2 - - [26/Apr/2022:19:28:13 +0200] "GET /Main/ComCo19122016 HTTP/1.1" 200 10547 "-" "Mozilla/5.0 (compatible; TMMBot/0.2; +http://www.dslab.ch)/Nutch-1.15"
194.209.200.2 - - [26/Apr/2022:19:28:15 +0200] "GET /Eggze/SpreadIt HTTP/1.1" 200 12537 "-" "Mozilla/5.0 (compatible; TMMBot/0.2; +http://www.dslab.ch)/Nutch-1.15"
185.191.171.37 - - [26/Apr/2022:19:31:25 +0200] "GET /robots.txt HTTP/1.1" 200 - "-" "Mozilla/5.0 (compatible; SemrushBot/7~bl; +http://www.semrush.com/bot.html)"
185.191.171.5 - - [26/Apr/2022:19:31:27 +0200] "GET /AmiKo/Desktop?action=diff HTTP/1.1" 403 18 "-" "Mozilla/5.0 (compatible; SemrushBot/7~bl; +http://www.semrush.com/bot.html)"
54.36.148.89 - - [26/Apr/2022:19:33:59 +0200] "GET /Main/PublicDomainDataLife-Cycle HTTP/1.1" 200 8634 "-" "Mozilla/5.0 (compatible; AhrefsBot/7.0; +http://ahrefs.com/robot/)"
65.108.110.26 - - [26/Apr/2022:19:44:10 +0200] "GET /robots.txt HTTP/1.1" 200 - "-" "Mozilla/5.0 (compatible; MJ12bot/v1.4.8; http://mj12bot.com/)"
65.108.110.26 - - [26/Apr/2022:19:44:14 +0200] "GET /AmiKo/Web?action=edit HTTP/1.1" 403 18 "-" "Mozilla/5.0 (compatible; MJ12bot/v1.4.8; http://mj12bot.com/)"
65.108.110.26 - - [26/Apr/2022:19:44:20 +0200] "GET /AmiKo/Windows?action=edit HTTP/1.1" 403 18 "-" "Mozilla/5.0 (compatible; MJ12bot/v1.4.8; http://mj12bot.com/)"
194.209.200.2 - - [26/Apr/2022:19:52:31 +0200] "GET /robots.txt HTTP/1.1" 200 - "-" "Mozilla/5.0 (compatible; TMMBot/0.2; +http://www.dslab.ch)/Nutch-1.15"
194.209.200.2 - - [26/Apr/2022:19:52:31 +0200] "GET /Oddb2xml/Index HTTP/1.1" 200 8983 "-" "Mozilla/5.0 (compatible; TMMBot/0.2; +http://www.dslab.ch)/Nutch-1.15"
194.209.200.2 - - [26/Apr/2022:19:52:47 +0200] "GET /AmiKo/Linux HTTP/1.1" 200 9217 "-" "Mozilla/5.0 (compatible; TMMBot/0.2; +http://www.dslab.ch)/Nutch-1.15"
194.209.200.2 - - [26/Apr/2022:19:52:52 +0200] "GET /Miele/MieleLXIV HTTP/1.1" 200 15367 "-" "Mozilla/5.0 (compatible; TMMBot/0.2; +http://www.dslab.ch)/Nutch-1.15"
194.209.200.2 - - [26/Apr/2022:19:52:57 +0200] "GET /AmiKo/Windows HTTP/1.1" 200 10332 "-" "Mozilla/5.0 (compatible; TMMBot/0.2; +http://www.dslab.ch)/Nutch-1.15"
194.209.200.2 - - [26/Apr/2022:19:53:16 +0200] "GET /Software/YDIM HTTP/1.1" 200 8834 "-" "Mozilla/5.0 (compatible; TMMBot/0.2; +http://www.dslab.ch)/Nutch-1.15"
194.209.200.2 - - [26/Apr/2022:19:55:13 +0200] "GET /Main/2013 HTTP/1.1" 200 20487 "-" "Mozilla/5.0 (compatible; TMMBot/0.2; +http://www.dslab.ch)/Nutch-1.15"
194.209.200.2 - - [26/Apr/2022:19:55:21 +0200] "GET /AmiKo/IOS HTTP/1.1" 200 11930 "-" "Mozilla/5.0 (compatible; TMMBot/0.2; +http://www.dslab.ch)/Nutch-1.15"
194.209.200.2 - - [26/Apr/2022:19:55:27 +0200] "GET /Ywesee/Kontakt HTTP/1.1" 200 8973 "-" "Mozilla/5.0 (compatible; TMMBot/0.2; +http://www.dslab.ch)/Nutch-1.15"
194.209.200.2 - - [26/Apr/2022:19:55:35 +0200] "GET /Software/Spreadsheet HTTP/1.1" 200 8839 "-" "Mozilla/5.0 (compatible; TMMBot/0.2; +http://www.dslab.ch)/Nutch-1.15"
142.4.219.64 - - [26/Apr/2022:19:56:52 +0200] "GET /robots.txt HTTP/1.1" 200 - "-" "Mozilla/5.0 (compatible; MJ12bot/v1.4.8; http://mj12bot.com/)"
142.4.219.64 - - [26/Apr/2022:19:56:59 +0200] "GET /AmiKo/Android?action=edit HTTP/1.1" 403 18 "-" "Mozilla/5.0 (compatible; MJ12bot/v1.4.8; http://mj12bot.com/)"
194.209.200.2 - - [26/Apr/2022:19:57:15 +0200] "GET /Software/ODDB HTTP/1.1" 200 10298 "-" "Mozilla/5.0 (compatible; TMMBot/0.2; +http://www.dslab.ch)/Nutch-1.15"
142.4.219.64 - - [26/Apr/2022:19:57:17 +0200] "GET /AmiKo/Ankuendigung?action=edit HTTP/1.1" 403 18 "-" "Mozilla/5.0 (compatible; MJ12bot/v1.4.8; http://mj12bot.com/)"
194.209.200.2 - - [26/Apr/2022:19:57:42 +0200] "GET /Ausschreibung/SAI HTTP/1.1" 200 10366 "-" "Mozilla/5.0 (compatible; TMMBot/0.2; +http://www.dslab.ch)/Nutch-1.15"
142.4.219.64 - - [26/Apr/2022:19:57:58 +0200] "GET /AmiKo/IOS?action=edit HTTP/1.1" 403 18 "-" "Mozilla/5.0 (compatible; MJ12bot/v1.4.8; http://mj12bot.com/)"
142.4.219.64 - - [26/Apr/2022:19:58:18 +0200] "GET /AmiKo/Index?action=edit HTTP/1.1" 403 18 "-" "Mozilla/5.0 (compatible; MJ12bot/v1.4.8; http://mj12bot.com/)"
194.209.200.2 - - [26/Apr/2022:19:58:32 +0200] "GET /Software/BBMB HTTP/1.1" 200 9385 "-" "Mozilla/5.0 (compatible; TMMBot/0.2; +http://www.dslab.ch)/Nutch-1.15"
194.209.200.2 - - [26/Apr/2022:19:58:36 +0200] "GET /Main/2018 HTTP/1.1" 200 15425 "-" "Mozilla/5.0 (compatible; TMMBot/0.2; +http://www.dslab.ch)/Nutch-1.15"
142.4.219.64 - - [26/Apr/2022:19:58:40 +0200] "GET /AmiKo/KrankenkassenKartenleser?action=edit HTTP/1.1" 403 18 "-" "Mozilla/5.0 (compatible; MJ12bot/v1.4.8; http://mj12bot.com/)"
194.209.200.2 - - [26/Apr/2022:19:58:43 +0200] "GET /Main/2016 HTTP/1.1" 200 13689 "-" "Mozilla/5.0 (compatible; TMMBot/0.2; +http://www.dslab.ch)/Nutch-1.15"
142.4.219.64 - - [26/Apr/2022:19:58:44 +0200] "GET /AmiKo/Linux?action=edit HTTP/1.1" 403 18 "-" "Mozilla/5.0 (compatible; MJ12bot/v1.4.8; http://mj12bot.com/)"
194.209.200.2 - - [26/Apr/2022:19:58:49 +0200] "GET /Main/2014 HTTP/1.1" 200 19471 "-" "Mozilla/5.0 (compatible; TMMBot/0.2; +http://www.dslab.ch)/Nutch-1.15"
194.209.200.2 - - [26/Apr/2022:19:59:02 +0200] "GET /ODDB/IntegrationLookAmpFeelGenerikasuche HTTP/1.1" 200 9097 "-" "Mozilla/5.0 (compatible; TMMBot/0.2; +http://www.dslab.ch)/Nutch-1.15"
194.209.200.2 - - [26/Apr/2022:19:59:03 +0200] "GET /Main/2010 HTTP/1.1" 200 27997 "-" "Mozilla/5.0 (compatible; TMMBot/0.2; +http://www.dslab.ch)/Nutch-1.15"
194.209.200.2 - - [26/Apr/2022:19:59:11 +0200] "GET /Main/ComCo19122016 HTTP/1.1" 200 10547 "-" "Mozilla/5.0 (compatible; TMMBot/0.2; +http://www.dslab.ch)/Nutch-1.15"
194.209.200.2 - - [26/Apr/2022:19:59:12 +0200] "GET /Eggze/SpreadIt HTTP/1.1" 200 12537 "-" "Mozilla/5.0 (compatible; TMMBot/0.2; +http://www.dslab.ch)/Nutch-1.15"
157.55.39.209 - - [26/Apr/2022:19:59:50 +0200] "GET /Main/Parsen HTTP/1.1" 200 8581 "-" "Mozilla/5.0 (compatible; bingbot/2.0; +http://www.bing.com/bingbot.htm)"
142.4.219.64 - - [26/Apr/2022:20:00:21 +0200] "GET /AmiKo/OSX?action=edit HTTP/1.1" 403 18 "-" "Mozilla/5.0 (compatible; MJ12bot/v1.4.8; http://mj12bot.com/)"
142.4.219.64 - - [26/Apr/2022:20:00:28 +0200] "GET /AmiKo/SAPP?action=edit HTTP/1.1" 403 18 "-" "Mozilla/5.0 (compatible; MJ12bot/v1.4.8; http://mj12bot.com/)"
142.4.219.64 - - [26/Apr/2022:20:00:36 +0200] "GET /AmiKo/Swisspeddose?action=edit HTTP/1.1" 403 18 "-" "Mozilla/5.0 (compatible; MJ12bot/v1.4.8; http://mj12bot.com/)"
207.46.13.113 - - [26/Apr/2022:20:03:56 +0200] "GET /Scan2Post/MacOS HTTP/1.1" 200 9023 "-" "Mozilla/5.0 (compatible; bingbot/2.0; +http://www.bing.com/bingbot.htm)"
66.249.66.223 - - [26/Apr/2022:20:03:58 +0200] "GET /uploads/Ywesee/Andrew_O_Hagan_The_Satoshi_Affair_LRB_30_June_2016.pdf HTTP/1.1" 200 1863260 "-" "Googlebot/2.1 (+http://www.google.com/bot.html)"
142.4.219.64 - - [26/Apr/2022:20:05:54 +0200] "GET /CoMed/ASPP?action=edit HTTP/1.1" 403 18 "-" "Mozilla/5.0 (compatible; MJ12bot/v1.4.8; http://mj12bot.com/)"
142.4.219.64 - - [26/Apr/2022:20:06:00 +0200] "GET /CoMed/Android?action=edit HTTP/1.1" 403 18 "-" "Mozilla/5.0 (compatible; MJ12bot/v1.4.8; http://mj12bot.com/)"
142.4.219.64 - - [26/Apr/2022:20:06:49 +0200] "GET /CoMed/IOS?action=edit HTTP/1.1" 403 18 "-" "Mozilla/5.0 (compatible; MJ12bot/v1.4.8; http://mj12bot.com/)"
142.4.219.64 - - [26/Apr/2022:20:07:38 +0200] "GET /CoronaVirus/Links?action=edit HTTP/1.1" 403 18 "-" "Mozilla/5.0 (compatible; MJ12bot/v1.4.8; http://mj12bot.com/)"
142.4.219.64 - - [26/Apr/2022:20:07:43 +0200] "GET /Covid19/Covid19?action=edit HTTP/1.1" 403 18 "-" "Mozilla/5.0 (compatible; MJ12bot/v1.4.8; http://mj12bot.com/)"
66.249.92.223 - - [26/Apr/2022:20:09:01 +0200] "GET /Generikacc/Privacy HTTP/1.1" 200 8615 "-" "PlayStore-Google"
142.4.219.64 - - [26/Apr/2022:20:11:28 +0200] "GET /Eggze/SpreadIt?action=edit HTTP/1.1" 403 18 "-" "Mozilla/5.0 (compatible; MJ12bot/v1.4.8; http://mj12bot.com/)"
142.4.219.64 - - [26/Apr/2022:20:13:44 +0200] "GET /Epha/Flow?action=edit HTTP/1.1" 403 18 "-" "Mozilla/5.0 (compatible; MJ12bot/v1.4.8; http://mj12bot.com/)"
142.4.219.64 - - [26/Apr/2022:20:16:00 +0200] "GET /Generikacc/App?action=edit HTTP/1.1" 403 18 "-" "Mozilla/5.0 (compatible; MJ12bot/v1.4.8; http://mj12bot.com/)"
142.4.219.64 - - [26/Apr/2022:20:17:31 +0200] "GET /Generikacc/News23012018?action=edit HTTP/1.1" 403 18 "-" "Mozilla/5.0 (compatible; MJ12bot/v1.4.8; http://mj12bot.com/)"
142.4.219.64 - - [26/Apr/2022:20:21:12 +0200] "GET /Main/2004?action=edit HTTP/1.1" 403 18 "-" "Mozilla/5.0 (compatible; MJ12bot/v1.4.8; http://mj12bot.com/)"
142.4.219.64 - - [26/Apr/2022:20:22:40 +0200] "GET /Main/2006?action=edit HTTP/1.1" 403 18 "-" "Mozilla/5.0 (compatible; MJ12bot/v1.4.8; http://mj12bot.com/)"
142.4.219.64 - - [26/Apr/2022:20:24:11 +0200] "GET /Main/2008?action=edit HTTP/1.1" 403 18 "-" "Mozilla/5.0 (compatible; MJ12bot/v1.4.8; http://mj12bot.com/)"
142.4.219.64 - - [26/Apr/2022:20:24:56 +0200] "GET /Main/2009?action=edit HTTP/1.1" 403 18 "-" "Mozilla/5.0 (compatible; MJ12bot/v1.4.8; http://mj12bot.com/)"
142.4.219.64 - - [26/Apr/2022:20:25:41 +0200] "GET /Main/2010?action=edit HTTP/1.1" 403 18 "-" "Mozilla/5.0 (compatible; MJ12bot/v1.4.8; http://mj12bot.com/)"
142.4.219.64 - - [26/Apr/2022:20:27:11 +0200] "GET /Main/2012?action=edit HTTP/1.1" 403 18 "-" "Mozilla/5.0 (compatible; MJ12bot/v1.4.8; http://mj12bot.com/)"
194.209.200.2 - - [26/Apr/2022:20:27:41 +0200] "GET /robots.txt HTTP/1.1" 200 - "-" "Mozilla/5.0 (compatible; TMMBot/0.2; +http://www.dslab.ch)/Nutch-1.15"
194.209.200.2 - - [26/Apr/2022:20:27:41 +0200] "GET /Oddb2xml/Index HTTP/1.1" 200 8983 "-" "Mozilla/5.0 (compatible; TMMBot/0.2; +http://www.dslab.ch)/Nutch-1.15"
194.209.200.2 - - [26/Apr/2022:20:27:58 +0200] "GET /AmiKo/Linux HTTP/1.1" 200 9217 "-" "Mozilla/5.0 (compatible; TMMBot/0.2; +http://www.dslab.ch)/Nutch-1.15"
142.4.219.64 - - [26/Apr/2022:20:28:00 +0200] "GET /Main/2013?action=edit HTTP/1.1" 403 18 "-" "Mozilla/5.0 (compatible; MJ12bot/v1.4.8; http://mj12bot.com/)"
194.209.200.2 - - [26/Apr/2022:20:28:02 +0200] "GET /Miele/MieleLXIV HTTP/1.1" 200 15367 "-" "Mozilla/5.0 (compatible; TMMBot/0.2; +http://www.dslab.ch)/Nutch-1.15"
194.209.200.2 - - [26/Apr/2022:20:28:25 +0200] "GET /Software/YDIM HTTP/1.1" 200 8834 "-" "Mozilla/5.0 (compatible; TMMBot/0.2; +http://www.dslab.ch)/Nutch-1.15"
142.4.219.64 - - [26/Apr/2022:20:28:46 +0200] "GET /Main/2014?action=edit HTTP/1.1" 403 18 "-" "Mozilla/5.0 (compatible; MJ12bot/v1.4.8; http://mj12bot.com/)"
142.4.219.64 - - [26/Apr/2022:20:29:33 +0200] "GET /Main/2015?action=edit HTTP/1.1" 403 18 "-" "Mozilla/5.0 (compatible; MJ12bot/v1.4.8; http://mj12bot.com/)"
142.4.219.64 - - [26/Apr/2022:20:30:19 +0200] "GET /Main/2016?action=edit HTTP/1.1" 403 18 "-" "Mozilla/5.0 (compatible; MJ12bot/v1.4.8; http://mj12bot.com/)"
194.209.200.2 - - [26/Apr/2022:20:30:19 +0200] "GET /Main/2013 HTTP/1.1" 200 20487 "-" "Mozilla/5.0 (compatible; TMMBot/0.2; +http://www.dslab.ch)/Nutch-1.15"
194.209.200.2 - - [26/Apr/2022:20:30:27 +0200] "GET /AmiKo/IOS HTTP/1.1" 200 11930 "-" "Mozilla/5.0 (compatible; TMMBot/0.2; +http://www.dslab.ch)/Nutch-1.15"
194.209.200.2 - - [26/Apr/2022:20:30:33 +0200] "GET /Ywesee/Kontakt HTTP/1.1" 200 8973 "-" "Mozilla/5.0 (compatible; TMMBot/0.2; +http://www.dslab.ch)/Nutch-1.15"
194.209.200.2 - - [26/Apr/2022:20:30:43 +0200] "GET /Software/Spreadsheet HTTP/1.1" 200 8839 "-" "Mozilla/5.0 (compatible; TMMBot/0.2; +http://www.dslab.ch)/Nutch-1.15"
194.209.200.2 - - [26/Apr/2022:20:32:19 +0200] "GET /Software/ODDB HTTP/1.1" 200 10298 "-" "Mozilla/5.0 (compatible; TMMBot/0.2; +http://www.dslab.ch)/Nutch-1.15"
194.209.200.2 - - [26/Apr/2022:20:32:45 +0200] "GET /Ausschreibung/SAI HTTP/1.1" 200 10366 "-" "Mozilla/5.0 (compatible; TMMBot/0.2; +http://www.dslab.ch)/Nutch-1.15"
194.209.200.2 - - [26/Apr/2022:20:33:45 +0200] "GET /Main/2016 HTTP/1.1" 200 13689 "-" "Mozilla/5.0 (compatible; TMMBot/0.2; +http://www.dslab.ch)/Nutch-1.15"
194.209.200.2 - - [26/Apr/2022:20:33:51 +0200] "GET /Main/2014 HTTP/1.1" 200 19471 "-" "Mozilla/5.0 (compatible; TMMBot/0.2; +http://www.dslab.ch)/Nutch-1.15"
194.209.200.2 - - [26/Apr/2022:20:34:04 +0200] "GET /ODDB/IntegrationLookAmpFeelGenerikasuche HTTP/1.1" 200 9097 "-" "Mozilla/5.0 (compatible; TMMBot/0.2; +http://www.dslab.ch)/Nutch-1.15"
194.209.200.2 - - [26/Apr/2022:20:34:06 +0200] "GET /Main/2010 HTTP/1.1" 200 27997 "-" "Mozilla/5.0 (compatible; TMMBot/0.2; +http://www.dslab.ch)/Nutch-1.15"
194.209.200.2 - - [26/Apr/2022:20:34:11 +0200] "GET /Main/ComCo19122016 HTTP/1.1" 200 10547 "-" "Mozilla/5.0 (compatible; TMMBot/0.2; +http://www.dslab.ch)/Nutch-1.15"
194.209.200.2 - - [26/Apr/2022:20:34:14 +0200] "GET /Eggze/SpreadIt HTTP/1.1" 200 12537 "-" "Mozilla/5.0 (compatible; TMMBot/0.2; +http://www.dslab.ch)/Nutch-1.15"
52.91.164.111 - - [26/Apr/2022:20:40:37 +0200] "GET /Site/AllRecentChanges?action=rss HTTP/1.1" 200 2546 "https://www.google.com/" "Mozilla/5.0 (Macintosh; Intel Mac OS X 10_15_2) AppleWebKit/537.36 (KHTML, like Gecko) Chrome/80.0.3987.132 Safari/537.36"
194.209.200.2 - - [26/Apr/2022:20:58:24 +0200] "GET /robots.txt HTTP/1.1" 200 - "-" "Mozilla/5.0 (compatible; TMMBot/0.2; +http://www.dslab.ch)/Nutch-1.15"
194.209.200.2 - - [26/Apr/2022:20:58:24 +0200] "GET /Oddb2xml/Index HTTP/1.1" 200 8983 "-" "Mozilla/5.0 (compatible; TMMBot/0.2; +http://www.dslab.ch)/Nutch-1.15"
194.209.200.2 - - [26/Apr/2022:20:58:40 +0200] "GET /AmiKo/Linux HTTP/1.1" 200 9217 "-" "Mozilla/5.0 (compatible; TMMBot/0.2; +http://www.dslab.ch)/Nutch-1.15"
194.209.200.2 - - [26/Apr/2022:20:58:45 +0200] "GET /Miele/MieleLXIV HTTP/1.1" 200 15367 "-" "Mozilla/5.0 (compatible; TMMBot/0.2; +http://www.dslab.ch)/Nutch-1.15"
194.209.200.2 - - [26/Apr/2022:20:59:06 +0200] "GET /Software/YDIM HTTP/1.1" 200 8834 "-" "Mozilla/5.0 (compatible; TMMBot/0.2; +http://www.dslab.ch)/Nutch-1.15"
194.209.200.2 - - [26/Apr/2022:21:00:43 +0200] "GET /Main/2004 HTTP/1.1" 200 14080 "-" "Mozilla/5.0 (compatible; TMMBot/0.2; +http://www.dslab.ch)/Nutch-1.15"
194.209.200.2 - - [26/Apr/2022:21:01:01 +0200] "GET /Main/2013 HTTP/1.1" 200 20487 "-" "Mozilla/5.0 (compatible; TMMBot/0.2; +http://www.dslab.ch)/Nutch-1.15"
194.209.200.2 - - [26/Apr/2022:21:01:10 +0200] "GET /AmiKo/IOS HTTP/1.1" 200 11930 "-" "Mozilla/5.0 (compatible; TMMBot/0.2; +http://www.dslab.ch)/Nutch-1.15"
194.209.200.2 - - [26/Apr/2022:21:01:17 +0200] "GET /Ywesee/Kontakt HTTP/1.1" 200 8973 "-" "Mozilla/5.0 (compatible; TMMBot/0.2; +http://www.dslab.ch)/Nutch-1.15"
194.209.200.2 - - [26/Apr/2022:21:01:25 +0200] "GET /Software/Spreadsheet HTTP/1.1" 200 8839 "-" "Mozilla/5.0 (compatible; TMMBot/0.2; +http://www.dslab.ch)/Nutch-1.15"
194.209.200.2 - - [26/Apr/2022:21:03:05 +0200] "GET /Software/ODDB HTTP/1.1" 200 10298 "-" "Mozilla/5.0 (compatible; TMMBot/0.2; +http://www.dslab.ch)/Nutch-1.15"
194.209.200.2 - - [26/Apr/2022:21:03:33 +0200] "GET /Ausschreibung/SAI HTTP/1.1" 200 10366 "-" "Mozilla/5.0 (compatible; TMMBot/0.2; +http://www.dslab.ch)/Nutch-1.15"
194.209.200.2 - - [26/Apr/2022:21:04:09 +0200] "GET /Main/2009 HTTP/1.1" 200 21688 "-" "Mozilla/5.0 (compatible; TMMBot/0.2; +http://www.dslab.ch)/Nutch-1.15"
194.209.200.2 - - [26/Apr/2022:21:04:34 +0200] "GET /Main/2016 HTTP/1.1" 200 13689 "-" "Mozilla/5.0 (compatible; TMMBot/0.2; +http://www.dslab.ch)/Nutch-1.15"
194.209.200.2 - - [26/Apr/2022:21:04:41 +0200] "GET /Main/2014 HTTP/1.1" 200 19471 "-" "Mozilla/5.0 (compatible; TMMBot/0.2; +http://www.dslab.ch)/Nutch-1.15"
194.209.200.2 - - [26/Apr/2022:21:04:54 +0200] "GET /ODDB/IntegrationLookAmpFeelGenerikasuche HTTP/1.1" 200 9097 "-" "Mozilla/5.0 (compatible; TMMBot/0.2; +http://www.dslab.ch)/Nutch-1.15"
194.209.200.2 - - [26/Apr/2022:21:04:56 +0200] "GET /Main/2010 HTTP/1.1" 200 27997 "-" "Mozilla/5.0 (compatible; TMMBot/0.2; +http://www.dslab.ch)/Nutch-1.15"
194.209.200.2 - - [26/Apr/2022:21:05:02 +0200] "GET /Main/ComCo19122016 HTTP/1.1" 200 10547 "-" "Mozilla/5.0 (compatible; TMMBot/0.2; +http://www.dslab.ch)/Nutch-1.15"
194.209.200.2 - - [26/Apr/2022:21:05:03 +0200] "GET /Eggze/SpreadIt HTTP/1.1" 200 12537 "-" "Mozilla/5.0 (compatible; TMMBot/0.2; +http://www.dslab.ch)/Nutch-1.15"
185.191.171.41 - - [26/Apr/2022:21:13:30 +0200] "GET /robots.txt HTTP/1.1" 200 - "-" "Mozilla/5.0 (compatible; SemrushBot/7~bl; +http://www.semrush.com/bot.html)"
185.191.171.33 - - [26/Apr/2022:21:13:31 +0200] "GET /Oddb2xml/Index?n=Main.SideBar%3Faction%3Dedit HTTP/1.1" 302 157 "-" "Mozilla/5.0 (compatible; SemrushBot/7~bl; +http://www.semrush.com/bot.html)"
157.55.39.209 - - [26/Apr/2022:21:23:00 +0200] "GET /Main/SearchWiki?pagename=Main%2FSearchWiki&q=2023 HTTP/1.1" 200 10409 "-" "Mozilla/5.0 (compatible; bingbot/2.0; +http://www.bing.com/bingbot.htm)"
94.130.237.165 - - [26/Apr/2022:21:23:54 +0200] "GET / HTTP/1.1" 200 11443 "-" "Mozilla/5.0 (compatible; BLEXBot/1.0; +http://webmeup-crawler.com/)"
94.130.237.165 - - [26/Apr/2022:21:23:57 +0200] "GET / HTTP/1.1" 200 11443 "-" "Mozilla/5.0 (compatible; BLEXBot/1.0; +http://webmeup-crawler.com/)"
94.130.237.165 - - [26/Apr/2022:21:23:59 +0200] "GET /AmiKo/Android HTTP/1.1" 200 10427 "-" "Mozilla/5.0 (compatible; BLEXBot/1.0; +http://webmeup-crawler.com/)"
94.130.237.165 - - [26/Apr/2022:21:24:02 +0200] "GET /AmiKo/IOS HTTP/1.1" 200 11930 "-" "Mozilla/5.0 (compatible; BLEXBot/1.0; +http://webmeup-crawler.com/)"
94.130.237.165 - - [26/Apr/2022:21:24:04 +0200] "GET /AmiKo/Linux HTTP/1.1" 200 9217 "-" "Mozilla/5.0 (compatible; BLEXBot/1.0; +http://webmeup-crawler.com/)"
94.130.237.165 - - [26/Apr/2022:21:24:34 +0200] "GET /AmiKo/OSX HTTP/1.1" 200 9772 "-" "Mozilla/5.0 (compatible; BLEXBot/1.0; +http://webmeup-crawler.com/)"
94.130.237.165 - - [26/Apr/2022:21:24:49 +0200] "GET /AmiKo/Web HTTP/1.1" 200 9588 "-" "Mozilla/5.0 (compatible; BLEXBot/1.0; +http://webmeup-crawler.com/)"
94.130.237.165 - - [26/Apr/2022:21:24:51 +0200] "GET /AmiKo/Windows HTTP/1.1" 200 10332 "-" "Mozilla/5.0 (compatible; BLEXBot/1.0; +http://webmeup-crawler.com/)"
94.130.237.165 - - [26/Apr/2022:21:24:53 +0200] "GET /Generikacc/App HTTP/1.1" 200 11862 "-" "Mozilla/5.0 (compatible; BLEXBot/1.0; +http://webmeup-crawler.com/)"
94.130.237.165 - - [26/Apr/2022:21:24:56 +0200] "GET /Main/2004 HTTP/1.1" 200 14080 "-" "Mozilla/5.0 (compatible; BLEXBot/1.0; +http://webmeup-crawler.com/)"
94.130.237.165 - - [26/Apr/2022:21:25:06 +0200] "GET /Main/2005 HTTP/1.1" 200 63344 "-" "Mozilla/5.0 (compatible; BLEXBot/1.0; +http://webmeup-crawler.com/)"
94.130.237.165 - - [26/Apr/2022:21:25:07 +0200] "GET /Main/2006 HTTP/1.1" 200 39320 "-" "Mozilla/5.0 (compatible; BLEXBot/1.0; +http://webmeup-crawler.com/)"
94.130.237.165 - - [26/Apr/2022:21:25:10 +0200] "GET /Main/2007 HTTP/1.1" 200 50639 "-" "Mozilla/5.0 (compatible; BLEXBot/1.0; +http://webmeup-crawler.com/)"
94.130.237.165 - - [26/Apr/2022:21:25:13 +0200] "GET /Main/2008 HTTP/1.1" 200 34740 "-" "Mozilla/5.0 (compatible; BLEXBot/1.0; +http://webmeup-crawler.com/)"
94.130.237.165 - - [26/Apr/2022:21:25:15 +0200] "GET /Main/2009 HTTP/1.1" 200 21688 "-" "Mozilla/5.0 (compatible; BLEXBot/1.0; +http://webmeup-crawler.com/)"
94.130.237.165 - - [26/Apr/2022:21:25:27 +0200] "GET /Main/2010 HTTP/1.1" 200 27997 "-" "Mozilla/5.0 (compatible; BLEXBot/1.0; +http://webmeup-crawler.com/)"
94.130.237.165 - - [26/Apr/2022:21:25:29 +0200] "GET /Main/2011 HTTP/1.1" 200 21451 "-" "Mozilla/5.0 (compatible; BLEXBot/1.0; +http://webmeup-crawler.com/)"
94.130.237.165 - - [26/Apr/2022:21:25:34 +0200] "GET /Main/2012 HTTP/1.1" 200 31941 "-" "Mozilla/5.0 (compatible; BLEXBot/1.0; +http://webmeup-crawler.com/)"
94.130.237.165 - - [26/Apr/2022:21:25:43 +0200] "GET /Main/2013 HTTP/1.1" 200 20487 "-" "Mozilla/5.0 (compatible; BLEXBot/1.0; +http://webmeup-crawler.com/)"
94.130.237.165 - - [26/Apr/2022:21:25:46 +0200] "GET /Main/2014 HTTP/1.1" 200 19471 "-" "Mozilla/5.0 (compatible; BLEXBot/1.0; +http://webmeup-crawler.com/)"
94.130.237.165 - - [26/Apr/2022:21:25:49 +0200] "GET /Main/2015 HTTP/1.1" 200 15908 "-" "Mozilla/5.0 (compatible; BLEXBot/1.0; +http://webmeup-crawler.com/)"
94.130.237.165 - - [26/Apr/2022:21:25:52 +0200] "GET /Main/2016 HTTP/1.1" 200 13689 "-" "Mozilla/5.0 (compatible; BLEXBot/1.0; +http://webmeup-crawler.com/)"
94.130.237.165 - - [26/Apr/2022:21:25:55 +0200] "GET /Main/2017 HTTP/1.1" 200 15840 "-" "Mozilla/5.0 (compatible; BLEXBot/1.0; +http://webmeup-crawler.com/)"
94.130.237.165 - - [26/Apr/2022:21:25:58 +0200] "GET /Main/2018 HTTP/1.1" 200 15425 "-" "Mozilla/5.0 (compatible; BLEXBot/1.0; +http://webmeup-crawler.com/)"
94.130.237.165 - - [26/Apr/2022:21:26:01 +0200] "GET /Main/2019 HTTP/1.1" 200 15246 "-" "Mozilla/5.0 (compatible; BLEXBot/1.0; +http://webmeup-crawler.com/)"
94.130.237.165 - - [26/Apr/2022:21:26:03 +0200] "GET /Main/2020 HTTP/1.1" 200 15398 "-" "Mozilla/5.0 (compatible; BLEXBot/1.0; +http://webmeup-crawler.com/)"
