34.244.72.216 - - [25/Feb/2022:10:24:19 +0100] "GET /uploads/Main/B-2597_2017.pdf HTTP/1.1" 200 3342329 "-" "lua-resty-http/0.10 (Lua) ngx_lua/10019"
54.171.240.65 - - [25/Feb/2022:10:24:19 +0100] "GET /uploads/Main/B-2597_2017.pdf HTTP/1.1" 200 3342329 "-" "lua-resty-http/0.07 (Lua) ngx_lua/10012"
31.10.143.211 - - [25/Feb/2022:10:24:20 +0100] "GET /uploads/Main/B-2597_2017.pdf HTTP/1.1" 200 3342329 "-" "Mozilla/5.0 (iPhone; CPU iPhone OS 15_3_1 like Mac OS X) AppleWebKit/605.1.15 (KHTML, like Gecko) Version/15.3 Mobile/15E148 Safari/604.1"
65.154.226.170 - - [25/Feb/2022:10:24:22 +0100] "HEAD /uploads/Main/B-2597_2017.pdf HTTP/1.1" 200 - "-" "win10chrome76"
31.10.143.211 - - [25/Feb/2022:10:24:22 +0100] "GET /favicon.ico HTTP/1.1" 200 1406 "https://www.ywesee.com/uploads/Main/B-2597_2017.pdf" "Mozilla/5.0 (iPhone; CPU iPhone OS 15_3_1 like Mac OS X) AppleWebKit/605.1.15 (KHTML, like Gecko) Version/15.3 Mobile/15E148 Safari/604.1"
145.250.209.1 - - [25/Feb/2022:10:24:22 +0100] "GET /uploads/Main/B-2597_2017.pdf HTTP/1.1" 200 3342329 "-" "Mozilla/5.0 (Windows NT 10.0; Win64; x64) AppleWebKit/537.36 (KHTML, like Gecko) Chrome/96.0.4664.93 Safari/537.36"
145.250.209.1 - - [25/Feb/2022:10:24:23 +0100] "GET /favicon.ico HTTP/1.1" 200 1406 "https://www.ywesee.com/uploads/Main/B-2597_2017.pdf" "Mozilla/5.0 (Windows NT 10.0; Win64; x64) AppleWebKit/537.36 (KHTML, like Gecko) Chrome/96.0.4664.93 Safari/537.36"
65.154.226.168 - - [25/Feb/2022:10:24:23 +0100] "HEAD /uploads/Main/B-2597_2017.pdf HTTP/1.1" 200 - "-" "win10chrome76"
65.154.226.166 - - [25/Feb/2022:10:24:24 +0100] "HEAD /uploads/Main/B-2597_2017.pdf HTTP/1.1" 200 - "-" "win10chrome76"
65.154.226.170 - - [25/Feb/2022:10:24:23 +0100] "GET /uploads/Main/B-2597_2017.pdf HTTP/1.1" 200 3342329 "-" "win10chrome76"
52.51.11.198 - - [25/Feb/2022:10:24:25 +0100] "GET /uploads/Main/B-2597_2017.pdf HTTP/1.1" 200 3342329 "-" "lua-resty-http/0.10 (Lua) ngx_lua/10019"
176.34.158.45 - - [25/Feb/2022:10:24:25 +0100] "GET /uploads/Main/B-2597_2017.pdf HTTP/1.1" 200 3342329 "-" "lua-resty-http/0.07 (Lua) ngx_lua/10012"
65.154.226.166 - - [25/Feb/2022:10:24:25 +0100] "GET /uploads/Main/B-2597_2017.pdf HTTP/1.1" 200 3342329 "-" "win10chrome76"
34.244.72.216 - - [25/Feb/2022:10:24:27 +0100] "GET /uploads/Main/B-2597_2017.pdf HTTP/1.1" 200 3342329 "-" "lua-resty-http/0.10 (Lua) ngx_lua/10019"
176.34.158.45 - - [25/Feb/2022:10:24:27 +0100] "GET /uploads/Main/B-2597_2017.pdf HTTP/1.1" 200 3342329 "-" "lua-resty-http/0.07 (Lua) ngx_lua/10012"
65.154.226.168 - - [25/Feb/2022:10:24:24 +0100] "GET /uploads/Main/B-2597_2017.pdf HTTP/1.1" 200 3342329 "-" "win10chrome76"
65.154.226.168 - - [25/Feb/2022:10:24:28 +0100] "GET /uploads/Main/B-2597_2017.pdf HTTP/1.1" 200 3342329 "-" "Mozilla/5.0 (Windows NT 10.0; Win64; x64) AppleWebKit/537.36 (KHTML, like Gecko) Chrome/76.0.3809.71 Safari/537.36"
65.154.226.168 - - [25/Feb/2022:10:24:37 +0100] "HEAD /uploads/Main/B-2597_2017.pdf HTTP/1.1" 200 - "-" "win10chrome76"
34.244.72.216 - - [25/Feb/2022:10:24:39 +0100] "GET /uploads/Main/B-2597_2017.pdf HTTP/1.1" 200 3342329 "-" "lua-resty-http/0.10 (Lua) ngx_lua/10019"
176.34.158.45 - - [25/Feb/2022:10:24:40 +0100] "GET /uploads/Main/B-2597_2017.pdf HTTP/1.1" 200 3342329 "-" "lua-resty-http/0.07 (Lua) ngx_lua/10012"
34.250.196.158 - - [25/Feb/2022:10:24:40 +0100] "GET /uploads/Main/B-2597_2017.pdf HTTP/1.1" 200 3342329 "-" "lua-resty-http/0.10 (Lua) ngx_lua/10019"
3.249.221.244 - - [25/Feb/2022:10:24:40 +0100] "GET /uploads/Main/B-2597_2017.pdf HTTP/1.1" 200 3342329 "-" "lua-resty-http/0.10 (Lua) ngx_lua/10019"
54.171.240.65 - - [25/Feb/2022:10:24:40 +0100] "GET /uploads/Main/B-2597_2017.pdf HTTP/1.1" 200 3342329 "-" "lua-resty-http/0.07 (Lua) ngx_lua/10012"
65.154.226.168 - - [25/Feb/2022:10:24:38 +0100] "GET /uploads/Main/B-2597_2017.pdf HTTP/1.1" 200 3342329 "-" "win10chrome76"
54.171.126.199 - - [25/Feb/2022:10:24:40 +0100] "GET /uploads/Main/B-2597_2017.pdf HTTP/1.1" 200 3342329 "-" "lua-resty-http/0.07 (Lua) ngx_lua/10012"
34.245.146.114 - - [25/Feb/2022:10:24:43 +0100] "GET /uploads/Main/B-2597_2017.pdf HTTP/1.1" 200 3342329 "-" "lua-resty-http/0.10 (Lua) ngx_lua/10019"
176.34.158.45 - - [25/Feb/2022:10:24:43 +0100] "GET /uploads/Main/B-2597_2017.pdf HTTP/1.1" 200 3342329 "-" "lua-resty-http/0.07 (Lua) ngx_lua/10012"
34.246.178.113 - - [25/Feb/2022:10:24:44 +0100] "GET /uploads/Main/B-2597_2017.pdf HTTP/1.1" 200 3342329 "-" "lua-resty-http/0.10 (Lua) ngx_lua/10019"
54.171.240.65 - - [25/Feb/2022:10:24:44 +0100] "GET /uploads/Main/B-2597_2017.pdf HTTP/1.1" 200 3342329 "-" "lua-resty-http/0.07 (Lua) ngx_lua/10012"
83.150.2.39 - - [25/Feb/2022:10:24:44 +0100] "GET /favicon.ico HTTP/1.1" 200 1406 "https://www.ywesee.com/uploads/Main/B-2597_2017.pdf" "Mozilla/5.0 (Windows NT 10.0; Win64; x64) AppleWebKit/537.36 (KHTML, like Gecko) Chrome/97.0.4692.99 Safari/537.36"
83.150.2.39 - - [25/Feb/2022:10:24:44 +0100] "GET /uploads/Main/B-2597_2017.pdf HTTP/1.1" 200 3342329 "-" "Mozilla/5.0 (Windows NT 10.0; Win64; x64) AppleWebKit/537.36 (KHTML, like Gecko) Chrome/97.0.4692.99 Safari/537.36"
65.154.226.171 - - [25/Feb/2022:10:24:41 +0100] "GET /uploads/Main/B-2597_2017.pdf HTTP/1.1" 200 3342329 "-" "Mozilla/5.0 (Windows NT 10.0; Win64; x64) AppleWebKit/537.36 (KHTML, like Gecko) Chrome/76.0.3809.71 Safari/537.36"
52.51.11.198 - - [25/Feb/2022:10:24:45 +0100] "GET /uploads/Main/B-2597_2017.pdf HTTP/1.1" 200 3342329 "-" "lua-resty-http/0.10 (Lua) ngx_lua/10019"
54.171.126.199 - - [25/Feb/2022:10:24:45 +0100] "GET /uploads/Main/B-2597_2017.pdf HTTP/1.1" 200 3342329 "-" "lua-resty-http/0.07 (Lua) ngx_lua/10012"
66.249.66.198 - - [25/Feb/2022:10:24:46 +0100] "GET /de/gcc/show/reg/65656/seq/01/pack/005 HTTP/1.1" 404 296 "-" "Mozilla/5.0 (compatible; Googlebot/2.1; +http://www.google.com/bot.html)"
3.249.221.244 - - [25/Feb/2022:10:24:47 +0100] "GET /uploads/Main/B-2597_2017.pdf HTTP/1.1" 200 3342329 "-" "lua-resty-http/0.10 (Lua) ngx_lua/10019"
34.246.178.113 - - [25/Feb/2022:10:24:47 +0100] "GET /uploads/Main/B-2597_2017.pdf HTTP/1.1" 200 3342329 "-" "lua-resty-http/0.10 (Lua) ngx_lua/10019"
176.34.158.45 - - [25/Feb/2022:10:24:47 +0100] "GET /uploads/Main/B-2597_2017.pdf HTTP/1.1" 200 3342329 "-" "lua-resty-http/0.07 (Lua) ngx_lua/10012"
65.154.226.171 - - [25/Feb/2022:10:24:42 +0100] "GET /uploads/Main/B-2597_2017.pdf HTTP/1.1" 200 3342329 "-" "Mozilla/5.0 (Windows NT 10.0; Win64; x64) AppleWebKit/537.36 (KHTML, like Gecko) Chrome/76.0.3809.71 Safari/537.36"
139.178.60.83 - - [25/Feb/2022:10:24:48 +0100] "GET /favicon.ico HTTP/1.1" 200 1406 "-" "Mozilla/5.0 (iPhone; CPU iPhone OS 15_0 like Mac OS X) AppleWebKit/605.1.15 (KHTML, like Gecko) Version/15.0 Mobile/15E148 Safari/604.1"
139.178.60.83 - - [25/Feb/2022:10:24:48 +0100] "GET /favicon.ico HTTP/1.1" 200 1406 "-" "Mozilla/5.0 (iPhone; CPU iPhone OS 15_0 like Mac OS X) AppleWebKit/605.1.15 (KHTML, like Gecko) Version/15.0 Mobile/15E148 Safari/604.1"
222.154.106.115 - - [25/Feb/2022:10:24:48 +0100] "GET /favicon.ico HTTP/1.1" 200 1406 "https://www.ywesee.com/uploads/Main/B-2597_2017.pdf" "Mozilla/5.0 (Windows NT 10.0; Win64; x64) AppleWebKit/537.36 (KHTML, like Gecko) Chrome/98.0.4758.102 Safari/537.36"
205.169.39.13 - - [25/Feb/2022:10:24:47 +0100] "GET /uploads/Main/B-2597_2017.pdf HTTP/1.1" 200 3342329 "-" "Mozilla/5.0 (Windows NT 10.0; Win64; x64) AppleWebKit/537.36 (KHTML, like Gecko) Chrome/76.0.3809.71 Safari/537.36"
54.154.185.3 - - [25/Feb/2022:10:24:47 +0100] "GET /uploads/Main/B-2597_2017.pdf HTTP/1.1" 200 3342329 "-" "lua-resty-http/0.07 (Lua) ngx_lua/10012"
65.154.226.171 - - [25/Feb/2022:10:24:50 +0100] "HEAD /uploads/Main/B-2597_2017.pdf HTTP/1.1" 200 - "-" "win10chrome76"
222.154.106.115 - - [25/Feb/2022:10:24:48 +0100] "GET /uploads/Main/B-2597_2017.pdf HTTP/1.1" 200 3342329 "-" "Mozilla/5.0 (Windows NT 10.0; Win64; x64) AppleWebKit/537.36 (KHTML, like Gecko) Chrome/98.0.4758.102 Safari/537.36"
65.154.226.170 - - [25/Feb/2022:10:24:48 +0100] "GET /uploads/Main/B-2597_2017.pdf HTTP/1.1" 200 3342329 "-" "Mozilla/5.0 (Windows NT 10.0; Win64; x64) AppleWebKit/537.36 (KHTML, like Gecko) Chrome/76.0.3809.71 Safari/537.36"
65.154.226.171 - - [25/Feb/2022:10:24:50 +0100] "GET /uploads/Main/B-2597_2017.pdf HTTP/1.1" 200 3342329 "-" "win10chrome76"
34.250.196.158 - - [25/Feb/2022:10:24:58 +0100] "GET /uploads/Main/B-2597_2017.pdf HTTP/1.1" 200 3342329 "-" "lua-resty-http/0.10 (Lua) ngx_lua/10019"
54.171.240.65 - - [25/Feb/2022:10:24:59 +0100] "GET /uploads/Main/B-2597_2017.pdf HTTP/1.1" 200 3342329 "-" "lua-resty-http/0.07 (Lua) ngx_lua/10012"
65.154.226.171 - - [25/Feb/2022:10:24:59 +0100] "HEAD /uploads/Main/B-2597_2017.pdf HTTP/1.1" 200 - "-" "win10chrome76"
52.51.11.198 - - [25/Feb/2022:10:24:59 +0100] "GET /uploads/Main/B-2597_2017.pdf HTTP/1.1" 200 3342329 "-" "lua-resty-http/0.10 (Lua) ngx_lua/10019"
34.245.146.114 - - [25/Feb/2022:10:24:59 +0100] "GET /uploads/Main/B-2597_2017.pdf HTTP/1.1" 200 3342329 "-" "lua-resty-http/0.10 (Lua) ngx_lua/10019"
172.225.26.20 - - [25/Feb/2022:10:24:59 +0100] "GET /uploads/Main/B-2597_2017.pdf HTTP/1.1" 200 3342329 "-" "Mozilla/5.0 (Macintosh; Intel Mac OS X 10_15_7) AppleWebKit/605.1.15 (KHTML, like Gecko) Version/15.3 Safari/605.1.15"
54.171.240.65 - - [25/Feb/2022:10:24:59 +0100] "GET /uploads/Main/B-2597_2017.pdf HTTP/1.1" 200 3342329 "-" "lua-resty-http/0.07 (Lua) ngx_lua/10012"
172.225.26.20 - - [25/Feb/2022:10:25:00 +0100] "GET /favicon.ico HTTP/1.1" 200 1406 "https://www.ywesee.com/uploads/Main/B-2597_2017.pdf" "Mozilla/5.0 (Macintosh; Intel Mac OS X 10_15_7) AppleWebKit/605.1.15 (KHTML, like Gecko) Version/15.3 Safari/605.1.15"
54.154.185.3 - - [25/Feb/2022:10:25:00 +0100] "GET /uploads/Main/B-2597_2017.pdf HTTP/1.1" 200 3342329 "-" "lua-resty-http/0.07 (Lua) ngx_lua/10012"
65.154.226.171 - - [25/Feb/2022:10:25:00 +0100] "GET /uploads/Main/B-2597_2017.pdf HTTP/1.1" 200 3342329 "-" "win10chrome76"
205.169.39.13 - - [25/Feb/2022:10:25:04 +0100] "HEAD /uploads/Main/B-2597_2017.pdf HTTP/1.1" 200 - "-" "win10chrome76"
65.154.226.170 - - [25/Feb/2022:10:25:05 +0100] "HEAD /uploads/Main/B-2597_2017.pdf HTTP/1.1" 200 - "-" "win10chrome76"
205.169.39.13 - - [25/Feb/2022:10:25:04 +0100] "GET /uploads/Main/B-2597_2017.pdf HTTP/1.1" 200 3342329 "-" "win10chrome76"
65.154.226.170 - - [25/Feb/2022:10:25:06 +0100] "GET /uploads/Main/B-2597_2017.pdf HTTP/1.1" 200 3342329 "-" "win10chrome76"
52.51.11.198 - - [25/Feb/2022:10:25:13 +0100] "GET /uploads/Main/B-2597_2017.pdf HTTP/1.1" 200 3342329 "-" "lua-resty-http/0.10 (Lua) ngx_lua/10019"
54.171.126.199 - - [25/Feb/2022:10:25:13 +0100] "GET /uploads/Main/B-2597_2017.pdf HTTP/1.1" 200 3342329 "-" "lua-resty-http/0.07 (Lua) ngx_lua/10012"
65.154.226.170 - - [25/Feb/2022:10:25:14 +0100] "GET /uploads/Main/B-2597_2017.pdf HTTP/1.1" 200 3342329 "-" "Mozilla/5.0 (Windows NT 10.0; Win64; x64) AppleWebKit/537.36 (KHTML, like Gecko) Chrome/76.0.3809.71 Safari/537.36"
84.226.127.103 - - [25/Feb/2022:10:25:20 +0100] "GET /favicon.ico HTTP/1.1" 200 1406 "https://www.ywesee.com/uploads/Main/B-2597_2017.pdf" "Mozilla/5.0 (Windows NT 6.3; Win64; x64) AppleWebKit/537.36 (KHTML, like Gecko) Chrome/98.0.4758.102 Safari/537.36"
84.226.127.103 - - [25/Feb/2022:10:25:20 +0100] "GET /uploads/Main/B-2597_2017.pdf HTTP/1.1" 200 3342329 "-" "Mozilla/5.0 (Windows NT 6.3; Win64; x64) AppleWebKit/537.36 (KHTML, like Gecko) Chrome/98.0.4758.102 Safari/537.36"
34.244.72.216 - - [25/Feb/2022:10:25:21 +0100] "GET /uploads/Main/B-2597_2017.pdf HTTP/1.1" 200 3342329 "-" "lua-resty-http/0.10 (Lua) ngx_lua/10019"
54.171.126.199 - - [25/Feb/2022:10:25:21 +0100] "GET /uploads/Main/B-2597_2017.pdf HTTP/1.1" 200 3342329 "-" "lua-resty-http/0.07 (Lua) ngx_lua/10012"
34.250.196.158 - - [25/Feb/2022:10:25:22 +0100] "GET /uploads/Main/B-2597_2017.pdf HTTP/1.1" 200 3342329 "-" "lua-resty-http/0.10 (Lua) ngx_lua/10019"
54.154.185.3 - - [25/Feb/2022:10:25:22 +0100] "GET /uploads/Main/B-2597_2017.pdf HTTP/1.1" 200 3342329 "-" "lua-resty-http/0.07 (Lua) ngx_lua/10012"
65.154.226.170 - - [25/Feb/2022:10:25:23 +0100] "HEAD /uploads/Main/B-2597_2017.pdf HTTP/1.1" 200 - "-" "win10chrome76"
34.246.178.113 - - [25/Feb/2022:10:25:26 +0100] "GET /uploads/Main/B-2597_2017.pdf HTTP/1.1" 200 3342329 "-" "lua-resty-http/0.10 (Lua) ngx_lua/10019"
176.34.158.45 - - [25/Feb/2022:10:25:26 +0100] "GET /uploads/Main/B-2597_2017.pdf HTTP/1.1" 200 3342329 "-" "lua-resty-http/0.07 (Lua) ngx_lua/10012"
34.246.178.113 - - [25/Feb/2022:10:25:27 +0100] "GET /uploads/Main/B-2597_2017.pdf HTTP/1.1" 200 3342329 "-" "lua-resty-http/0.10 (Lua) ngx_lua/10019"
54.171.240.65 - - [25/Feb/2022:10:25:27 +0100] "GET /uploads/Main/B-2597_2017.pdf HTTP/1.1" 200 3342329 "-" "lua-resty-http/0.07 (Lua) ngx_lua/10012"
65.154.226.170 - - [25/Feb/2022:10:25:23 +0100] "GET /uploads/Main/B-2597_2017.pdf HTTP/1.1" 200 3342329 "-" "win10chrome76"
34.244.72.216 - - [25/Feb/2022:10:25:29 +0100] "GET /uploads/Main/B-2597_2017.pdf HTTP/1.1" 200 3342329 "-" "lua-resty-http/0.10 (Lua) ngx_lua/10019"
54.171.126.199 - - [25/Feb/2022:10:25:29 +0100] "GET /uploads/Main/B-2597_2017.pdf HTTP/1.1" 200 3342329 "-" "lua-resty-http/0.07 (Lua) ngx_lua/10012"
52.51.11.198 - - [25/Feb/2022:10:25:31 +0100] "GET /uploads/Main/B-2597_2017.pdf HTTP/1.1" 200 3342329 "-" "lua-resty-http/0.10 (Lua) ngx_lua/10019"
176.34.158.45 - - [25/Feb/2022:10:25:31 +0100] "GET /uploads/Main/B-2597_2017.pdf HTTP/1.1" 200 3342329 "-" "lua-resty-http/0.07 (Lua) ngx_lua/10012"
34.246.178.113 - - [25/Feb/2022:10:25:35 +0100] "GET /uploads/Main/B-2597_2017.pdf HTTP/1.1" 200 3342329 "-" "lua-resty-http/0.10 (Lua) ngx_lua/10019"
54.171.126.199 - - [25/Feb/2022:10:25:35 +0100] "GET /uploads/Main/B-2597_2017.pdf HTTP/1.1" 200 3342329 "-" "lua-resty-http/0.07 (Lua) ngx_lua/10012"
185.210.66.138 - - [25/Feb/2022:10:25:36 +0100] "GET /Ywesee/Kontakt HTTP/1.1" 200 8973 "https://www.google.com/" "Mozilla/5.0 (Windows NT 10.0; Win64; x64; rv:97.0) Gecko/20100101 Firefox/97.0"
185.210.66.138 - - [25/Feb/2022:10:25:36 +0100] "GET /pub/skins/ywesee/gila.css HTTP/1.1" 200 8276 "https://www.ywesee.com/Ywesee/Kontakt" "Mozilla/5.0 (Windows NT 10.0; Win64; x64; rv:97.0) Gecko/20100101 Firefox/97.0"
185.210.66.138 - - [25/Feb/2022:10:25:36 +0100] "GET /favicon.ico HTTP/1.1" 200 1406 "https://www.ywesee.com/Ywesee/Kontakt" "Mozilla/5.0 (Windows NT 10.0; Win64; x64; rv:97.0) Gecko/20100101 Firefox/97.0"
65.154.226.171 - - [25/Feb/2022:10:25:32 +0100] "GET /uploads/Main/B-2597_2017.pdf HTTP/1.1" 200 3342329 "-" "Mozilla/5.0 (Windows NT 10.0; Win64; x64) AppleWebKit/537.36 (KHTML, like Gecko) Chrome/76.0.3809.71 Safari/537.36"
34.245.146.114 - - [25/Feb/2022:10:25:47 +0100] "GET /uploads/Main/B-2597_2017.pdf HTTP/1.1" 200 3342329 "-" "lua-resty-http/0.10 (Lua) ngx_lua/10019"
54.171.126.199 - - [25/Feb/2022:10:25:47 +0100] "GET /uploads/Main/B-2597_2017.pdf HTTP/1.1" 200 3342329 "-" "lua-resty-http/0.07 (Lua) ngx_lua/10012"
81.62.237.163 - - [25/Feb/2022:10:25:50 +0100] "GET /uploads/Main/B-2597_2017.pdf HTTP/1.1" 200 3342329 "-" "Mozilla/5.0 (Macintosh; Intel Mac OS X 10_15_7) AppleWebKit/605.1.15 (KHTML, like Gecko) Version/14.0.3 Safari/605.1.15"
81.62.237.163 - - [25/Feb/2022:10:25:51 +0100] "GET /favicon.ico HTTP/1.1" 200 1406 "https://www.ywesee.com/uploads/Main/B-2597_2017.pdf" "Mozilla/5.0 (Macintosh; Intel Mac OS X 10_15_7) AppleWebKit/605.1.15 (KHTML, like Gecko) Version/14.0.3 Safari/605.1.15"
81.63.172.162 - - [25/Feb/2022:10:25:58 +0100] "GET /favicon.ico HTTP/1.1" 200 1406 "https://www.ywesee.com/uploads/Main/B-2597_2017.pdf" "Mozilla/5.0 (Windows NT 10.0; Win64; x64) AppleWebKit/537.36 (KHTML, like Gecko) Chrome/98.0.4758.102 Safari/537.36"
81.63.172.162 - - [25/Feb/2022:10:25:57 +0100] "GET /uploads/Main/B-2597_2017.pdf HTTP/1.1" 200 3342329 "-" "Mozilla/5.0 (Windows NT 10.0; Win64; x64) AppleWebKit/537.36 (KHTML, like Gecko) Chrome/98.0.4758.102 Safari/537.36"
34.245.146.114 - - [25/Feb/2022:10:26:03 +0100] "GET /uploads/Main/B-2597_2017.pdf HTTP/1.1" 200 3342329 "-" "lua-resty-http/0.10 (Lua) ngx_lua/10019"
54.171.126.199 - - [25/Feb/2022:10:26:03 +0100] "GET /uploads/Main/B-2597_2017.pdf HTTP/1.1" 200 3342329 "-" "lua-resty-http/0.07 (Lua) ngx_lua/10012"
34.250.196.158 - - [25/Feb/2022:10:26:11 +0100] "GET /uploads/Main/B-2597_2017.pdf HTTP/1.1" 200 3342329 "-" "lua-resty-http/0.10 (Lua) ngx_lua/10019"
176.34.158.45 - - [25/Feb/2022:10:26:11 +0100] "GET /uploads/Main/B-2597_2017.pdf HTTP/1.1" 200 3342329 "-" "lua-resty-http/0.07 (Lua) ngx_lua/10012"
144.200.0.158 - - [25/Feb/2022:10:26:23 +0100] "GET /uploads/Main/B-2597_2017.pdf HTTP/1.1" 200 3342329 "-" "Mozilla/5.0 (iPhone; CPU iPhone OS 15_3_1 like Mac OS X) AppleWebKit/605.1.15 (KHTML, like Gecko) Version/15.3 Mobile/15E148 Safari/604.1"
144.200.0.158 - - [25/Feb/2022:10:26:24 +0100] "GET /favicon.ico HTTP/1.1" 200 1406 "https://www.ywesee.com/uploads/Main/B-2597_2017.pdf" "Mozilla/5.0 (iPhone; CPU iPhone OS 15_3_1 like Mac OS X) AppleWebKit/605.1.15 (KHTML, like Gecko) Version/15.3 Mobile/15E148 Safari/604.1"
34.246.178.113 - - [25/Feb/2022:10:26:26 +0100] "GET /uploads/Main/B-2597_2017.pdf HTTP/1.1" 200 3342329 "-" "lua-resty-http/0.10 (Lua) ngx_lua/10019"
54.171.240.65 - - [25/Feb/2022:10:26:26 +0100] "GET /uploads/Main/B-2597_2017.pdf HTTP/1.1" 200 3342329 "-" "lua-resty-http/0.07 (Lua) ngx_lua/10012"
24.225.8.13 - - [25/Feb/2022:10:26:26 +0100] "GET /uploads/Main/B-2597_2017.pdf HTTP/1.1" 200 3342329 "-" "Mozilla/5.0 (Windows NT 5.1; rv:23.0) Gecko/20100101 Firefox/23.0"
24.225.8.13 - - [25/Feb/2022:10:26:28 +0100] "GET / HTTP/1.1" 200 11272 "ywesee.com" "Mozilla/5.0 (Windows NT 6.1; WOW64) AppleWebKit/537.36 (KHTML, like Gecko) Chrome/29.0.1547.66 Safari/537.36"
34.250.196.158 - - [25/Feb/2022:10:26:28 +0100] "GET /uploads/Main/B-2597_2017.pdf HTTP/1.1" 200 3342329 "-" "lua-resty-http/0.10 (Lua) ngx_lua/10019"
176.34.158.45 - - [25/Feb/2022:10:26:28 +0100] "GET /uploads/Main/B-2597_2017.pdf HTTP/1.1" 200 3342329 "-" "lua-resty-http/0.07 (Lua) ngx_lua/10012"
34.244.72.216 - - [25/Feb/2022:10:26:30 +0100] "GET /uploads/Main/B-2597_2017.pdf HTTP/1.1" 200 3342329 "-" "lua-resty-http/0.10 (Lua) ngx_lua/10019"
54.171.126.199 - - [25/Feb/2022:10:26:30 +0100] "GET /uploads/Main/B-2597_2017.pdf HTTP/1.1" 200 3342329 "-" "lua-resty-http/0.07 (Lua) ngx_lua/10012"
34.244.72.216 - - [25/Feb/2022:10:26:59 +0100] "GET /uploads/Main/B-2597_2017.pdf HTTP/1.1" 200 3342329 "-" "lua-resty-http/0.10 (Lua) ngx_lua/10019"
176.34.158.45 - - [25/Feb/2022:10:27:00 +0100] "GET /uploads/Main/B-2597_2017.pdf HTTP/1.1" 200 3342329 "-" "lua-resty-http/0.07 (Lua) ngx_lua/10012"
3.13.138.198 - - [25/Feb/2022:10:22:08 +0100] "GET /uploads/Main/B-2597_2017.pdf HTTP/1.1" 200 3342329 "-" "Java/1.7.0_76"
34.245.146.114 - - [25/Feb/2022:10:27:15 +0100] "GET /uploads/Main/B-2597_2017.pdf HTTP/1.1" 200 3342329 "-" "lua-resty-http/0.10 (Lua) ngx_lua/10019"
54.171.126.199 - - [25/Feb/2022:10:27:15 +0100] "GET /uploads/Main/B-2597_2017.pdf HTTP/1.1" 200 3342329 "-" "lua-resty-http/0.07 (Lua) ngx_lua/10012"
194.209.36.235 - - [25/Feb/2022:10:27:15 +0100] "GET /uploads/Main/B-2597_2017.pdf HTTP/1.1" 200 3342329 "-" "Mozilla/5.0 (iPhone; CPU iPhone OS 15_3_1 like Mac OS X) AppleWebKit/605.1.15 (KHTML, like Gecko) Mobile/15E148"
81.221.26.127 - - [25/Feb/2022:10:27:32 +0100] "GET /uploads/Main/B-2597_2017.pdf HTTP/1.1" 200 3342329 "-" "Mozilla/5.0 (Windows NT 10.0; Win64; x64; rv:97.0) Gecko/20100101 Firefox/97.0"
81.221.26.127 - - [25/Feb/2022:10:27:32 +0100] "GET /favicon.ico HTTP/1.1" 200 1406 "https://www.ywesee.com/" "Mozilla/5.0 (Windows NT 10.0; Win64; x64; rv:97.0) Gecko/20100101 Firefox/97.0"
81.221.26.127 - - [25/Feb/2022:10:27:33 +0100] "GET /uploads/Main/B-2597_2017.pdf HTTP/1.1" 206 65529 "-" "Mozilla/5.0 (Windows NT 10.0; Win64; x64; rv:97.0) Gecko/20100101 Firefox/97.0"
146.70.99.46 - - [25/Feb/2022:10:27:44 +0100] "GET /Main/DocumedGalenicaVsYwesee HTTP/1.1" 200 35251 "https://www.google.ch/" "Mozilla/5.0 (iPhone; CPU iPhone OS 15_3_1 like Mac OS X) AppleWebKit/605.1.15 (KHTML, like Gecko) Version/15.3 Mobile/15E148 Safari/604.1"
146.70.99.46 - - [25/Feb/2022:10:27:45 +0100] "GET /pub/skins/ywesee/gila.css HTTP/1.1" 200 8276 "https://www.ywesee.com/Main/DocumedGalenicaVsYwesee" "Mozilla/5.0 (iPhone; CPU iPhone OS 15_3_1 like Mac OS X) AppleWebKit/605.1.15 (KHTML, like Gecko) Version/15.3 Mobile/15E148 Safari/604.1"
146.70.99.46 - - [25/Feb/2022:10:27:45 +0100] "GET /favicon.ico HTTP/1.1" 200 1406 "https://www.ywesee.com/Main/DocumedGalenicaVsYwesee" "Mozilla/5.0 (iPhone; CPU iPhone OS 15_3_1 like Mac OS X) AppleWebKit/605.1.15 (KHTML, like Gecko) Version/15.3 Mobile/15E148 Safari/604.1"
52.51.11.198 - - [25/Feb/2022:10:28:03 +0100] "GET /uploads/Main/B-2597_2017.pdf HTTP/1.1" 200 3342329 "-" "lua-resty-http/0.10 (Lua) ngx_lua/10019"
54.171.240.65 - - [25/Feb/2022:10:28:03 +0100] "GET /uploads/Main/B-2597_2017.pdf HTTP/1.1" 200 3342329 "-" "lua-resty-http/0.07 (Lua) ngx_lua/10012"
178.192.251.75 - - [25/Feb/2022:10:28:20 +0100] "GET /favicon.ico HTTP/1.1" 200 1406 "https://www.ywesee.com/uploads/Main/B-2597_2017.pdf" "Mozilla/5.0 (Windows NT 10.0; Win64; x64) AppleWebKit/537.36 (KHTML, like Gecko) Chrome/98.0.4758.102 Safari/537.36"
212.41.200.94 - - [25/Feb/2022:10:28:20 +0100] "GET /favicon.ico HTTP/1.1" 200 1406 "https://www.ywesee.com/uploads/Main/B-2597_2017.pdf" "Mozilla/5.0 (Windows NT 10.0; Win64; x64) AppleWebKit/537.36 (KHTML, like Gecko) Chrome/98.0.4758.102 Safari/537.36 Edg/98.0.1108.56"
178.192.251.75 - - [25/Feb/2022:10:28:20 +0100] "GET /uploads/Main/B-2597_2017.pdf HTTP/1.1" 200 3342329 "-" "Mozilla/5.0 (Windows NT 10.0; Win64; x64) AppleWebKit/537.36 (KHTML, like Gecko) Chrome/98.0.4758.102 Safari/537.36"
212.41.200.94 - - [25/Feb/2022:10:28:20 +0100] "GET /uploads/Main/B-2597_2017.pdf HTTP/1.1" 200 3342329 "-" "Mozilla/5.0 (Windows NT 10.0; Win64; x64) AppleWebKit/537.36 (KHTML, like Gecko) Chrome/98.0.4758.102 Safari/537.36 Edg/98.0.1108.56"
34.244.72.216 - - [25/Feb/2022:10:29:00 +0100] "GET /uploads/Main/B-2597_2017.pdf HTTP/1.1" 200 3342329 "-" "lua-resty-http/0.10 (Lua) ngx_lua/10019"
176.34.158.45 - - [25/Feb/2022:10:29:00 +0100] "GET /uploads/Main/B-2597_2017.pdf HTTP/1.1" 200 3342329 "-" "lua-resty-http/0.07 (Lua) ngx_lua/10012"
62.202.189.207 - - [25/Feb/2022:10:29:22 +0100] "GET /uploads/Main/B-2597_2017_fr.pdf HTTP/1.1" 206 1023 "-" "Mozilla/5.0 (Macintosh; Intel Mac OS X 10_15_7) AppleWebKit/605.1.15 (KHTML, like Gecko) Version/15.3 Safari/605.1.15"
62.202.189.207 - - [25/Feb/2022:10:29:22 +0100] "GET /uploads/Main/B-2597_2017_fr.pdf HTTP/1.1" 416 379 "-" "Mozilla/5.0 (Macintosh; Intel Mac OS X 10_15_7) AppleWebKit/605.1.15 (KHTML, like Gecko) Version/15.3 Safari/605.1.15"
54.159.181.3 - - [25/Feb/2022:10:29:21 +0100] "GET /uploads/Main/B-2597_2017.pdf HTTP/1.1" 200 3342329 "-" "Mozilla/5.0 (Windows NT 6.1; Win64; x64) AppleWebKit/537.36 (KHTML, like Gecko) Chrome/72.0.3626.109 Safari/537.36"
62.202.189.207 - - [25/Feb/2022:10:29:22 +0100] "GET /uploads/Main/B-2597_2017_fr.pdf HTTP/1.1" 206 2237 "-" "Mozilla/5.0 (Macintosh; Intel Mac OS X 10_15_7) AppleWebKit/605.1.15 (KHTML, like Gecko) Version/15.3 Safari/605.1.15"
62.202.189.207 - - [25/Feb/2022:10:29:22 +0100] "GET /uploads/Main/B-2597_2017_fr.pdf HTTP/1.1" 206 4278 "-" "Mozilla/5.0 (Macintosh; Intel Mac OS X 10_15_7) AppleWebKit/605.1.15 (KHTML, like Gecko) Version/15.3 Safari/605.1.15"
62.202.189.207 - - [25/Feb/2022:10:29:22 +0100] "GET /uploads/Main/B-2597_2017_fr.pdf HTTP/1.1" 200 1537286 "-" "Mozilla/5.0 (Macintosh; Intel Mac OS X 10_15_7) AppleWebKit/605.1.15 (KHTML, like Gecko) Version/15.3 Safari/605.1.15"
62.202.189.207 - - [25/Feb/2022:10:29:22 +0100] "GET /uploads/Main/B-2597_2017_fr.pdf HTTP/1.1" 206 16384 "-" "Mozilla/5.0 (Macintosh; Intel Mac OS X 10_15_7) AppleWebKit/605.1.15 (KHTML, like Gecko) Version/15.3 Safari/605.1.15"
62.202.189.207 - - [25/Feb/2022:10:29:22 +0100] "GET /uploads/Main/B-2597_2017_fr.pdf HTTP/1.1" 206 16384 "-" "Mozilla/5.0 (Macintosh; Intel Mac OS X 10_15_7) AppleWebKit/605.1.15 (KHTML, like Gecko) Version/15.3 Safari/605.1.15"
62.202.189.207 - - [25/Feb/2022:10:29:22 +0100] "GET /uploads/Main/B-2597_2017_fr.pdf HTTP/1.1" 206 9147 "-" "Mozilla/5.0 (Macintosh; Intel Mac OS X 10_15_7) AppleWebKit/605.1.15 (KHTML, like Gecko) Version/15.3 Safari/605.1.15"
62.202.189.207 - - [25/Feb/2022:10:29:22 +0100] "GET /favicon.ico HTTP/1.1" 200 1406 "https://www.ywesee.com/uploads/Main/B-2597_2017_fr.pdf" "Mozilla/5.0 (Macintosh; Intel Mac OS X 10_15_7) AppleWebKit/605.1.15 (KHTML, like Gecko) Version/15.3 Safari/605.1.15"
82.220.88.135 - - [25/Feb/2022:10:29:26 +0100] "GET /favicon.ico HTTP/1.1" 200 1406 "https://www.ywesee.com/uploads/Main/B-2597_2017.pdf" "Mozilla/5.0 (Windows NT 10.0; Win64; x64) AppleWebKit/537.36 (KHTML, like Gecko) Chrome/98.0.4758.102 Safari/537.36 Edg/98.0.1108.56"
82.220.88.135 - - [25/Feb/2022:10:29:25 +0100] "GET /uploads/Main/B-2597_2017.pdf HTTP/1.1" 200 3342329 "-" "Mozilla/5.0 (Windows NT 10.0; Win64; x64) AppleWebKit/537.36 (KHTML, like Gecko) Chrome/98.0.4758.102 Safari/537.36 Edg/98.0.1108.56"
87.245.103.15 - - [25/Feb/2022:10:30:28 +0100] "GET /uploads/Main/B-2597_2017.pdf HTTP/1.1" 200 3342329 "-" "Mozilla/5.0 (Windows NT 10.0; Win64; x64) AppleWebKit/537.36 (KHTML, like Gecko) Chrome/98.0.4758.102 Safari/537.36"
62.202.188.31 - - [25/Feb/2022:10:30:34 +0100] "GET /uploads/Main/B-2597_2017_fr.pdf HTTP/1.1" 200 1537286 "-" "Mozilla/5.0 (Macintosh; Intel Mac OS X 10_15_7) AppleWebKit/605.1.15 (KHTML, like Gecko) Version/15.3 Safari/605.1.15"
62.202.188.31 - - [25/Feb/2022:10:30:34 +0100] "GET /uploads/Main/B-2597_2017_fr.pdf HTTP/1.1" 206 1023 "-" "Mozilla/5.0 (Macintosh; Intel Mac OS X 10_15_7) AppleWebKit/605.1.15 (KHTML, like Gecko) Version/15.3 Safari/605.1.15"
62.202.188.31 - - [25/Feb/2022:10:30:34 +0100] "GET /uploads/Main/B-2597_2017_fr.pdf HTTP/1.1" 416 379 "-" "Mozilla/5.0 (Macintosh; Intel Mac OS X 10_15_7) AppleWebKit/605.1.15 (KHTML, like Gecko) Version/15.3 Safari/605.1.15"
62.202.188.31 - - [25/Feb/2022:10:30:34 +0100] "GET /favicon.ico HTTP/1.1" 200 1406 "https://www.ywesee.com/uploads/Main/B-2597_2017_fr.pdf" "Mozilla/5.0 (Macintosh; Intel Mac OS X 10_15_7) AppleWebKit/605.1.15 (KHTML, like Gecko) Version/15.3 Safari/605.1.15"
151.248.133.155 - - [25/Feb/2022:10:31:01 +0100] "GET /uploads/Main/B-2597_2017.pdf HTTP/1.1" 200 3342329 "-" "Mozilla/5.0 (Windows NT 10.0; Win64; x64; rv:97.0) Gecko/20100101 Firefox/97.0"
172.225.26.18 - - [25/Feb/2022:10:31:03 +0100] "GET /uploads/Main/B-2597_2017.pdf HTTP/1.1" 200 3342329 "-" "Mozilla/5.0 (Macintosh; Intel Mac OS X 10_15_7) AppleWebKit/605.1.15 (KHTML, like Gecko) Version/15.3 Safari/605.1.15"
188.155.233.49 - - [25/Feb/2022:10:31:09 +0100] "GET /uploads/Main/B-2597_2017_fr.pdf HTTP/1.1" 200 1537286 "-" "Mozilla/5.0 (Macintosh; Intel Mac OS X 10_15_6) AppleWebKit/605.1.15 (KHTML, like Gecko) Version/15.3 Safari/605.1.15"
188.155.233.49 - - [25/Feb/2022:10:31:10 +0100] "GET /favicon.ico HTTP/1.1" 200 1406 "https://www.ywesee.com/uploads/Main/B-2597_2017_fr.pdf" "Mozilla/5.0 (Macintosh; Intel Mac OS X 10_15_6) AppleWebKit/605.1.15 (KHTML, like Gecko) Version/15.3 Safari/605.1.15"
185.230.20.3 - - [25/Feb/2022:10:31:36 +0100] "GET /favicon.ico HTTP/1.1" 200 1406 "https://www.ywesee.com/uploads/Main/B-2597_2017.pdf" "Mozilla/5.0 (Windows NT 6.3; Win64; x64) AppleWebKit/537.36 (KHTML, like Gecko) Chrome/98.0.4758.102 Safari/537.36"
185.230.20.3 - - [25/Feb/2022:10:31:36 +0100] "GET /uploads/Main/B-2597_2017.pdf HTTP/1.1" 200 3342329 "-" "Mozilla/5.0 (Windows NT 6.3; Win64; x64) AppleWebKit/537.36 (KHTML, like Gecko) Chrome/98.0.4758.102 Safari/537.36"
153.109.119.198 - - [25/Feb/2022:10:32:05 +0100] "GET /uploads/Main/B-2597_2017.pdf HTTP/1.1" 200 3342329 "-" "Mozilla/5.0 (Windows NT 10.0; Win64; x64) AppleWebKit/537.36 (KHTML, like Gecko) Chrome/97.0.4692.71 Safari/537.36 Edg/97.0.1072.55"
153.109.119.198 - - [25/Feb/2022:10:32:06 +0100] "GET /favicon.ico HTTP/1.1" 200 1406 "https://www.ywesee.com/uploads/Main/B-2597_2017.pdf" "Mozilla/5.0 (Windows NT 10.0; Win64; x64) AppleWebKit/537.36 (KHTML, like Gecko) Chrome/97.0.4692.71 Safari/537.36 Edg/97.0.1072.55"
3.249.221.244 - - [25/Feb/2022:10:32:41 +0100] "GET /uploads/Main/B-2597_2017.pdf HTTP/1.1" 200 3342329 "-" "lua-resty-http/0.10 (Lua) ngx_lua/10019"
54.171.240.65 - - [25/Feb/2022:10:32:41 +0100] "GET /uploads/Main/B-2597_2017.pdf HTTP/1.1" 200 3342329 "-" "lua-resty-http/0.07 (Lua) ngx_lua/10012"
178.193.223.17 - - [25/Feb/2022:10:32:47 +0100] "GET /favicon.ico HTTP/1.1" 200 1406 "https://www.ywesee.com/uploads/Main/B-2597_2017.pdf" "Mozilla/5.0 (Windows NT 6.1) AppleWebKit/537.36 (KHTML, like Gecko) Chrome/98.0.4758.102 Safari/537.36 Edg/98.0.1108.56"
52.51.11.198 - - [25/Feb/2022:10:32:47 +0100] "GET /uploads/Main/B-2597_2017.pdf HTTP/1.1" 200 3342329 "-" "lua-resty-http/0.10 (Lua) ngx_lua/10019"
54.171.240.65 - - [25/Feb/2022:10:32:47 +0100] "GET /uploads/Main/B-2597_2017.pdf HTTP/1.1" 200 3342329 "-" "lua-resty-http/0.07 (Lua) ngx_lua/10012"
178.193.223.17 - - [25/Feb/2022:10:32:47 +0100] "GET /uploads/Main/B-2597_2017.pdf HTTP/1.1" 200 3342329 "-" "Mozilla/5.0 (Windows NT 6.1) AppleWebKit/537.36 (KHTML, like Gecko) Chrome/98.0.4758.102 Safari/537.36 Edg/98.0.1108.56"
34.246.178.113 - - [25/Feb/2022:10:32:57 +0100] "GET /uploads/Main/B-2597_2017.pdf HTTP/1.1" 200 3342329 "-" "lua-resty-http/0.10 (Lua) ngx_lua/10019"
34.250.196.158 - - [25/Feb/2022:10:32:58 +0100] "GET /uploads/Main/B-2597_2017.pdf HTTP/1.1" 200 3342329 "-" "lua-resty-http/0.10 (Lua) ngx_lua/10019"
54.171.126.199 - - [25/Feb/2022:10:32:58 +0100] "GET /uploads/Main/B-2597_2017.pdf HTTP/1.1" 200 3342329 "-" "lua-resty-http/0.07 (Lua) ngx_lua/10012"
54.154.185.3 - - [25/Feb/2022:10:32:58 +0100] "GET /uploads/Main/B-2597_2017.pdf HTTP/1.1" 200 3342329 "-" "lua-resty-http/0.07 (Lua) ngx_lua/10012"
94.126.251.215 - - [25/Feb/2022:10:33:27 +0100] "GET /uploads/Main/B-2597_2017.pdf HTTP/1.1" 200 3342329 "-" "Mozilla/5.0 (iPhone; CPU iPhone OS 15_3_1 like Mac OS X) AppleWebKit/605.1.15 (KHTML, like Gecko) Version/15.3 Mobile/15E148 Safari/604.1"
94.126.251.215 - - [25/Feb/2022:10:33:29 +0100] "GET /favicon.ico HTTP/1.1" 200 1406 "https://www.ywesee.com/uploads/Main/B-2597_2017.pdf" "Mozilla/5.0 (iPhone; CPU iPhone OS 15_3_1 like Mac OS X) AppleWebKit/605.1.15 (KHTML, like Gecko) Version/15.3 Mobile/15E148 Safari/604.1"
54.208.58.0 - - [25/Feb/2022:10:33:32 +0100] "GET /favicon.ico HTTP/1.1" 200 1406 "-" "Mozilla/5.0 (Windows NT 6.1; Win64; x64) AppleWebKit/537.36 (KHTML, like Gecko) Chrome/72.0.3626.109 Safari/537.36"
212.243.144.200 - - [25/Feb/2022:10:33:34 +0100] "GET / HTTP/1.1" 200 11272 "https://www.bing.com/" "Mozilla/5.0 (Windows NT 10.0; Win64; x64) AppleWebKit/537.36 (KHTML, like Gecko) Chrome/98.0.4758.102 Safari/537.36 Edg/98.0.1108.56"
212.243.144.200 - - [25/Feb/2022:10:33:34 +0100] "GET /pub/skins/ywesee/gila.css HTTP/1.1" 200 8276 "https://ywesee.com/" "Mozilla/5.0 (Windows NT 10.0; Win64; x64) AppleWebKit/537.36 (KHTML, like Gecko) Chrome/98.0.4758.102 Safari/537.36 Edg/98.0.1108.56"
212.243.144.200 - - [25/Feb/2022:10:33:34 +0100] "GET /uploads/Main/yweseelogo.gif HTTP/1.1" 200 2982 "https://ywesee.com/" "Mozilla/5.0 (Windows NT 10.0; Win64; x64) AppleWebKit/537.36 (KHTML, like Gecko) Chrome/98.0.4758.102 Safari/537.36 Edg/98.0.1108.56"
212.243.144.200 - - [25/Feb/2022:10:33:34 +0100] "GET /favicon.ico HTTP/1.1" 200 1406 "https://ywesee.com/" "Mozilla/5.0 (Windows NT 10.0; Win64; x64) AppleWebKit/537.36 (KHTML, like Gecko) Chrome/98.0.4758.102 Safari/537.36 Edg/98.0.1108.56"
87.182.79.129 - - [25/Feb/2022:10:33:54 +0100] "GET /uploads/Main/B-2597_2017.pdf HTTP/1.1" 200 3342329 "-" "Mozilla/5.0 (Windows NT 10.0; Win64; x64) AppleWebKit/537.36 (KHTML, like Gecko) Chrome/98.0.4758.102 Safari/537.36"
87.182.79.129 - - [25/Feb/2022:10:33:54 +0100] "GET /uploads/Main/B-2597_2017.pdf HTTP/1.1" 206 1025 "-" "Mozilla/5.0 (Windows NT 10.0; Win64; x64) AppleWebKit/537.36 (KHTML, like Gecko) Chrome/98.0.4758.102 Safari/537.36"
87.182.79.129 - - [25/Feb/2022:10:33:54 +0100] "GET /uploads/Main/B-2597_2017.pdf HTTP/1.1" 200 3342329 "-" "Mozilla/5.0 (Windows NT 10.0; Win64; x64) AppleWebKit/537.36 (KHTML, like Gecko) Chrome/98.0.4758.102 Safari/537.36"
212.243.144.200 - - [25/Feb/2022:10:34:11 +0100] "GET /favicon.ico HTTP/1.1" 200 1406 "https://www.ywesee.com/uploads/Main/B-2597_2017.pdf" "Mozilla/5.0 (Windows NT 10.0; Win64; x64) AppleWebKit/537.36 (KHTML, like Gecko) Chrome/98.0.4758.102 Safari/537.36 Edg/98.0.1108.56"
212.243.144.200 - - [25/Feb/2022:10:34:11 +0100] "GET /uploads/Main/B-2597_2017.pdf HTTP/1.1" 200 3342329 "https://ywesee.com/" "Mozilla/5.0 (Windows NT 10.0; Win64; x64) AppleWebKit/537.36 (KHTML, like Gecko) Chrome/98.0.4758.102 Safari/537.36 Edg/98.0.1108.56"
145.250.209.1 - - [25/Feb/2022:10:34:15 +0100] "GET /uploads/Main/B-2597_2017.pdf HTTP/1.1" 200 3342329 "-" "Mozilla/5.0 (Windows NT 10.0; Win64; x64) AppleWebKit/537.36 (KHTML, like Gecko) Chrome/96.0.4664.93 Safari/537.36"
145.250.209.1 - - [25/Feb/2022:10:34:16 +0100] "GET /favicon.ico HTTP/1.1" 200 1406 "https://www.ywesee.com/uploads/Main/B-2597_2017.pdf" "Mozilla/5.0 (Windows NT 10.0; Win64; x64) AppleWebKit/537.36 (KHTML, like Gecko) Chrome/96.0.4664.93 Safari/537.36"
84.73.240.207 - - [25/Feb/2022:10:34:40 +0100] "GET /uploads/Main/B-2597_2017.pdf HTTP/1.1" 200 3342329 "-" "Mozilla/5.0 (Windows NT 10.0; Win64; x64; rv:97.0) Gecko/20100101 Firefox/97.0"
84.73.240.207 - - [25/Feb/2022:10:34:40 +0100] "GET /favicon.ico HTTP/1.1" 200 1406 "https://www.ywesee.com/" "Mozilla/5.0 (Windows NT 10.0; Win64; x64; rv:97.0) Gecko/20100101 Firefox/97.0"
84.73.240.207 - - [25/Feb/2022:10:34:40 +0100] "GET /uploads/Main/B-2597_2017.pdf HTTP/1.1" 206 65529 "-" "Mozilla/5.0 (Windows NT 10.0; Win64; x64; rv:97.0) Gecko/20100101 Firefox/97.0"
54.36.149.104 - - [25/Feb/2022:10:34:43 +0100] "GET /robots.txt HTTP/1.1" 200 - "-" "Mozilla/5.0 (compatible; AhrefsBot/7.0; +http://ahrefs.com/robot/)"
54.36.149.5 - - [25/Feb/2022:10:34:44 +0100] "GET /AmiKo/Windows HTTP/1.1" 200 10332 "-" "Mozilla/5.0 (compatible; AhrefsBot/7.0; +http://ahrefs.com/robot/)"
154.54.249.194 - - [25/Feb/2022:10:35:16 +0100] "GET /robots.txt HTTP/1.1" 200 - "-" "Mozilla/5.0 (compatible; Barkrowler/0.9; +https://babbar.tech/crawler)"
91.114.154.28 - - [25/Feb/2022:10:35:47 +0100] "GET /uploads/Main/B-2597_2017.pdf HTTP/1.1" 200 3342329 "-" "Mozilla/5.0 (iPhone; CPU iPhone OS 15_3_1 like Mac OS X) AppleWebKit/605.1.15 (KHTML, like Gecko) Version/15.3 Mobile/15E148 Safari/604.1"
91.114.154.28 - - [25/Feb/2022:10:35:48 +0100] "GET /favicon.ico HTTP/1.1" 200 1406 "https://www.ywesee.com/uploads/Main/B-2597_2017.pdf" "Mozilla/5.0 (iPhone; CPU iPhone OS 15_3_1 like Mac OS X) AppleWebKit/605.1.15 (KHTML, like Gecko) Version/15.3 Mobile/15E148 Safari/604.1"
154.54.249.194 - - [25/Feb/2022:10:36:04 +0100] "GET / HTTP/1.1" 200 11272 "-" "Mozilla/5.0 (compatible; Barkrowler/0.9; +https://babbar.tech/crawler)"
144.76.137.254 - - [25/Feb/2022:10:36:15 +0100] "GET /robots.txt HTTP/1.1" 200 - "-" "Mozilla/5.0 (compatible; MJ12bot/v1.4.8; http://mj12bot.com/)"
144.76.137.254 - - [25/Feb/2022:10:36:18 +0100] "GET /AIPS/Bestaetigung?action=edit HTTP/1.1" 403 18 "-" "Mozilla/5.0 (compatible; MJ12bot/v1.4.8; http://mj12bot.com/)"
212.243.58.126 - - [25/Feb/2022:10:36:28 +0100] "GET /uploads/Main/B-2597_2017.pdf HTTP/1.1" 200 3342329 "-" "Mozilla/5.0 (Windows NT 10.0; Win64; x64; rv:91.0) Gecko/20100101 Firefox/91.0"
212.243.58.126 - - [25/Feb/2022:10:36:29 +0100] "GET /favicon.ico HTTP/1.1" 200 1406 "https://www.ywesee.com/" "Mozilla/5.0 (Windows NT 10.0; Win64; x64; rv:91.0) Gecko/20100101 Firefox/91.0"
154.54.249.194 - - [25/Feb/2022:10:36:41 +0100] "GET /Site HTTP/1.1" 302 154 "-" "Mozilla/5.0 (compatible; Barkrowler/0.9; +https://babbar.tech/crawler)"
144.76.137.254 - - [25/Feb/2022:10:36:43 +0100] "GET /Aips2sqlite/Index?action=edit HTTP/1.1" 403 18 "-" "Mozilla/5.0 (compatible; MJ12bot/v1.4.8; http://mj12bot.com/)"
144.76.137.254 - - [25/Feb/2022:10:36:53 +0100] "GET /Aips2sqlite/Release?action=edit HTTP/1.1" 403 18 "-" "Mozilla/5.0 (compatible; MJ12bot/v1.4.8; http://mj12bot.com/)"
144.76.137.254 - - [25/Feb/2022:10:36:55 +0100] "GET /AmiKo/Barcodes?action=edit HTTP/1.1" 403 18 "-" "Mozilla/5.0 (compatible; MJ12bot/v1.4.8; http://mj12bot.com/)"
144.76.137.254 - - [25/Feb/2022:10:36:58 +0100] "GET /AmiKo/Cpp2sqlite?action=edit HTTP/1.1" 403 18 "-" "Mozilla/5.0 (compatible; MJ12bot/v1.4.8; http://mj12bot.com/)"
144.76.137.254 - - [25/Feb/2022:10:37:15 +0100] "GET /AmiKo/Desktop?action=edit HTTP/1.1" 403 18 "-" "Mozilla/5.0 (compatible; MJ12bot/v1.4.8; http://mj12bot.com/)"
154.54.249.194 - - [25/Feb/2022:10:37:17 +0100] "GET /Android HTTP/1.1" 404 8409 "-" "Mozilla/5.0 (compatible; Barkrowler/0.9; +https://babbar.tech/crawler)"
84.226.197.202 - - [25/Feb/2022:10:37:20 +0100] "GET /favicon.ico HTTP/1.1" 200 1406 "https://www.ywesee.com/uploads/Main/B-2597_2017_fr.pdf" "Mozilla/5.0 (Windows NT 10.0; Win64; x64) AppleWebKit/537.36 (KHTML, like Gecko) Chrome/98.0.4758.102 Safari/537.36 Edg/98.0.1108.56"
84.226.197.202 - - [25/Feb/2022:10:37:19 +0100] "GET /uploads/Main/B-2597_2017_fr.pdf HTTP/1.1" 200 1537286 "-" "Mozilla/5.0 (Windows NT 10.0; Win64; x64) AppleWebKit/537.36 (KHTML, like Gecko) Chrome/98.0.4758.102 Safari/537.36 Edg/98.0.1108.56"
144.76.137.254 - - [25/Feb/2022:10:37:22 +0100] "GET /AmiKo/Flyer?action=edit HTTP/1.1" 403 18 "-" "Mozilla/5.0 (compatible; MJ12bot/v1.4.8; http://mj12bot.com/)"
178.83.1.236 - - [25/Feb/2022:10:37:28 +0100] "GET /uploads/Main/B-2597_2017.pdf HTTP/1.1" 200 3342329 "-" "Mozilla/5.0 (Windows NT 10.0; Win64; x64; rv:91.0) Gecko/20100101 Firefox/91.0"
178.83.1.236 - - [25/Feb/2022:10:37:30 +0100] "GET /favicon.ico HTTP/1.1" 200 1406 "https://www.ywesee.com/" "Mozilla/5.0 (Windows NT 10.0; Win64; x64; rv:91.0) Gecko/20100101 Firefox/91.0"
144.76.137.254 - - [25/Feb/2022:10:37:31 +0100] "GET /AmiKo/OSXRezeptfunktion?action=edit HTTP/1.1" 403 18 "-" "Mozilla/5.0 (compatible; MJ12bot/v1.4.8; http://mj12bot.com/)"
34.195.160.82 - - [25/Feb/2022:10:37:37 +0100] "GET /uploads/Main/B-2597_2017.pdf HTTP/1.1" 200 3342329 "-" "Mozilla/5.0 (Windows NT 10.0; Win64; x64; rv:91.0) Gecko/20100101 Firefox/91.0"
34.195.160.82 - - [25/Feb/2022:10:37:38 +0100] "GET /uploads/Main/B-2597_2017.pdf HTTP/1.1" 200 3342329 "-" "Mozilla/5.0 (Windows NT 10.0; Win64; x64) AppleWebKit/537.36 (KHTML, like Gecko) Chrome/92.0.4515.159 Safari/537.36"
81.62.191.190 - - [25/Feb/2022:10:37:39 +0100] "GET /favicon.ico HTTP/1.1" 200 1406 "https://www.ywesee.com/uploads/Main/B-2597_2017.pdf" "Mozilla/5.0 (Windows NT 10.0; Win64; x64) AppleWebKit/537.36 (KHTML, like Gecko) Chrome/98.0.4758.102 Safari/537.36"
81.62.191.190 - - [25/Feb/2022:10:37:39 +0100] "GET /uploads/Main/B-2597_2017.pdf HTTP/1.1" 200 3342329 "-" "Mozilla/5.0 (Windows NT 10.0; Win64; x64) AppleWebKit/537.36 (KHTML, like Gecko) Chrome/98.0.4758.102 Safari/537.36"
144.76.137.254 - - [25/Feb/2022:10:37:40 +0100] "GET /AmiKo/OSXSatzexport?action=edit HTTP/1.1" 403 18 "-" "Mozilla/5.0 (compatible; MJ12bot/v1.4.8; http://mj12bot.com/)"
144.76.137.254 - - [25/Feb/2022:10:37:48 +0100] "GET /AmiKo/Privacy?action=edit HTTP/1.1" 403 18 "-" "Mozilla/5.0 (compatible; MJ12bot/v1.4.8; http://mj12bot.com/)"
34.222.251.186 - - [25/Feb/2022:10:37:48 +0100] "GET /uploads/Main/B-2597_2017.pdf HTTP/1.1" 200 3342329 "-" "Mozilla/5.0 (Windows NT 6.1; Win64; x64) AppleWebKit/537.36 (KHTML, like Gecko) Chrome/72.0.3626.109 Safari/537.36"
154.54.249.194 - - [25/Feb/2022:10:37:53 +0100] "GET /Main HTTP/1.1" 302 154 "-" "Mozilla/5.0 (compatible; Barkrowler/0.9; +https://babbar.tech/crawler)"
144.76.137.254 - - [25/Feb/2022:10:38:00 +0100] "GET /Android/AmiKo?action=edit HTTP/1.1" 403 18 "-" "Mozilla/5.0 (compatible; MJ12bot/v1.4.8; http://mj12bot.com/)"
144.76.137.254 - - [25/Feb/2022:10:38:09 +0100] "GET /Android/CoMed?action=edit HTTP/1.1" 403 18 "-" "Mozilla/5.0 (compatible; MJ12bot/v1.4.8; http://mj12bot.com/)"
178.197.209.197 - - [25/Feb/2022:10:38:26 +0100] "GET /uploads/Main/B-2597_2017.pdf HTTP/1.1" 200 3342329 "-" "Mozilla/5.0 (iPhone; CPU iPhone OS 15_3_1 like Mac OS X) AppleWebKit/605.1.15 (KHTML, like Gecko) Version/15.3 Mobile/15E148 Safari/604.1"
178.197.209.197 - - [25/Feb/2022:10:38:27 +0100] "GET /favicon.ico HTTP/1.1" 200 1406 "https://www.ywesee.com/uploads/Main/B-2597_2017.pdf" "Mozilla/5.0 (iPhone; CPU iPhone OS 15_3_1 like Mac OS X) AppleWebKit/605.1.15 (KHTML, like Gecko) Version/15.3 Mobile/15E148 Safari/604.1"
38.200.4.169 - - [25/Feb/2022:10:38:18 +0100] "GET /uploads/Main/B-2597_2017.pdf HTTP/1.1" 200 3342329 "-" "Mozilla/5.0 (Windows NT 10.0; Win64; x64; rv:78.0) Gecko/20100101 Firefox/78.0"
154.54.249.194 - - [25/Feb/2022:10:38:30 +0100] "GET /Profiles HTTP/1.1" 404 8433 "-" "Mozilla/5.0 (compatible; Barkrowler/0.9; +https://babbar.tech/crawler)"
5.145.23.177 - - [25/Feb/2022:10:38:46 +0100] "GET /uploads/Main/B-2597_2017.pdf HTTP/1.1" 200 3342329 "-" "Mozilla/5.0 (Windows NT 10.0; Win64; x64; rv:97.0) Gecko/20100101 Firefox/97.0"
5.145.23.177 - - [25/Feb/2022:10:38:47 +0100] "GET /favicon.ico HTTP/1.1" 200 1406 "https://www.ywesee.com/" "Mozilla/5.0 (Windows NT 10.0; Win64; x64; rv:97.0) Gecko/20100101 Firefox/97.0"
92.105.237.205 - - [25/Feb/2022:10:38:50 +0100] "GET /favicon.ico HTTP/1.1" 200 1406 "https://www.ywesee.com/uploads/Main/B-2597_2017.pdf" "Mozilla/5.0 (Windows NT 10.0; Win64; x64) AppleWebKit/537.36 (KHTML, like Gecko) Chrome/98.0.4758.102 Safari/537.36 Edg/98.0.1108.56"
92.105.237.205 - - [25/Feb/2022:10:38:50 +0100] "GET /uploads/Main/B-2597_2017.pdf HTTP/1.1" 200 3342329 "-" "Mozilla/5.0 (Windows NT 10.0; Win64; x64) AppleWebKit/537.36 (KHTML, like Gecko) Chrome/98.0.4758.102 Safari/537.36 Edg/98.0.1108.56"
144.76.137.254 - - [25/Feb/2022:10:38:52 +0100] "GET /Apotheke/POS?action=edit HTTP/1.1" 403 18 "-" "Mozilla/5.0 (compatible; MJ12bot/v1.4.8; http://mj12bot.com/)"
144.76.137.254 - - [25/Feb/2022:10:38:55 +0100] "GET /Arks/TheGame?action=edit HTTP/1.1" 403 18 "-" "Mozilla/5.0 (compatible; MJ12bot/v1.4.8; http://mj12bot.com/)"
144.76.137.254 - - [25/Feb/2022:10:39:03 +0100] "GET /Ausschreibung/SAI?action=edit HTTP/1.1" 403 18 "-" "Mozilla/5.0 (compatible; MJ12bot/v1.4.8; http://mj12bot.com/)"
154.54.249.194 - - [25/Feb/2022:10:39:06 +0100] "GET /Software HTTP/1.1" 302 162 "-" "Mozilla/5.0 (compatible; Barkrowler/0.9; +https://babbar.tech/crawler)"
144.76.137.254 - - [25/Feb/2022:10:39:19 +0100] "GET /Bundesrat/Ebook?action=edit HTTP/1.1" 403 18 "-" "Mozilla/5.0 (compatible; MJ12bot/v1.4.8; http://mj12bot.com/)"
178.174.66.46 - - [25/Feb/2022:10:39:31 +0100] "GET /favicon.ico HTTP/1.1" 200 1406 "https://www.ywesee.com/uploads/Main/B-2597_2017.pdf" "Mozilla/5.0 (Windows NT 6.3; Win64; x64) AppleWebKit/537.36 (KHTML, like Gecko) Chrome/98.0.4758.102 Safari/537.36"
178.174.66.46 - - [25/Feb/2022:10:39:30 +0100] "GET /uploads/Main/B-2597_2017.pdf HTTP/1.1" 200 3342329 "https://webmail.exigo.ch/" "Mozilla/5.0 (Windows NT 6.3; Win64; x64) AppleWebKit/537.36 (KHTML, like Gecko) Chrome/98.0.4758.102 Safari/537.36"
178.196.129.29 - - [25/Feb/2022:10:39:32 +0100] "GET /uploads/Main/B-2597_2017.pdf HTTP/1.1" 200 3342329 "-" "Mozilla/5.0 (Windows NT 10.0; Win64; x64) AppleWebKit/537.36 (KHTML, like Gecko) Chrome/98.0.4758.102 Safari/537.36"
178.196.129.29 - - [25/Feb/2022:10:39:32 +0100] "GET /favicon.ico HTTP/1.1" 200 1406 "https://www.ywesee.com/uploads/Main/B-2597_2017.pdf" "Mozilla/5.0 (Windows NT 10.0; Win64; x64) AppleWebKit/537.36 (KHTML, like Gecko) Chrome/98.0.4758.102 Safari/537.36"
154.54.249.194 - - [25/Feb/2022:10:39:43 +0100] "GET /Category HTTP/1.1" 200 8790 "-" "Mozilla/5.0 (compatible; Barkrowler/0.9; +https://babbar.tech/crawler)"
155.105.4.138 - - [25/Feb/2022:10:39:55 +0100] "GET /uploads/Main/B-2597_2017.pdf HTTP/1.1" 200 3342329 "-" "Mozilla/5.0 (iPhone; CPU iPhone OS 15_3_1 like Mac OS X) AppleWebKit/605.1.15 (KHTML, like Gecko) Version/15.3 Mobile/15E148 Safari/604.1"
155.105.4.138 - - [25/Feb/2022:10:39:56 +0100] "GET /favicon.ico HTTP/1.1" 200 1406 "https://www.ywesee.com/uploads/Main/B-2597_2017.pdf" "Mozilla/5.0 (iPhone; CPU iPhone OS 15_3_1 like Mac OS X) AppleWebKit/605.1.15 (KHTML, like Gecko) Version/15.3 Mobile/15E148 Safari/604.1"
107.178.194.19 - - [25/Feb/2022:10:39:57 +0100] "HEAD /uploads/Main/B-2597_2017.pdf HTTP/1.1" 206 - "-" "AppEngine-Google; (+http://code.google.com/appengine; appid: s~virustotalcloud)"
107.178.194.20 - - [25/Feb/2022:10:40:04 +0100] "GET /uploads/Main/B-2597_2017.pdf HTTP/1.1" 200 3342329 "http://www.ywesee.com" "Mozilla/5.0 (Windows NT 10.0; Win64; x64) AppleWebKit/537.36 (KHTML, like Gecko) Chrome/91.0.4472.114 Safari/537.36 AppEngine-Google; (+http://code.google.com/appengine; appid: s~virustotalcloud)"
144.76.137.254 - - [25/Feb/2022:10:40:06 +0100] "GET /Emediat/Swissindex?action=edit HTTP/1.1" 403 18 "-" "Mozilla/5.0 (compatible; MJ12bot/v1.4.8; http://mj12bot.com/)"
93.229.25.81 - - [25/Feb/2022:10:40:08 +0100] "GET /favicon.ico HTTP/1.1" 200 1406 "https://www.ywesee.com/" "Mozilla/5.0 (Macintosh; Intel Mac OS X 10.15; rv:97.0) Gecko/20100101 Firefox/97.0"
93.229.25.81 - - [25/Feb/2022:10:40:08 +0100] "GET /uploads/Main/B-2597_2017.pdf HTTP/1.1" 206 65529 "-" "Mozilla/5.0 (Macintosh; Intel Mac OS X 10.15; rv:97.0) Gecko/20100101 Firefox/97.0"
93.229.25.81 - - [25/Feb/2022:10:40:09 +0100] "GET /uploads/Main/B-2597_2017.pdf HTTP/1.1" 206 65536 "-" "Mozilla/5.0 (Macintosh; Intel Mac OS X 10.15; rv:97.0) Gecko/20100101 Firefox/97.0"
93.229.25.81 - - [25/Feb/2022:10:40:08 +0100] "GET /uploads/Main/B-2597_2017.pdf HTTP/1.1" 200 3342329 "-" "Mozilla/5.0 (Macintosh; Intel Mac OS X 10.15; rv:97.0) Gecko/20100101 Firefox/97.0"
93.229.25.81 - - [25/Feb/2022:10:40:09 +0100] "GET /uploads/Main/B-2597_2017.pdf HTTP/1.1" 206 65536 "-" "Mozilla/5.0 (Macintosh; Intel Mac OS X 10.15; rv:97.0) Gecko/20100101 Firefox/97.0"
154.54.249.194 - - [25/Feb/2022:10:40:19 +0100] "GET /Iphone HTTP/1.1" 404 8385 "-" "Mozilla/5.0 (compatible; Barkrowler/0.9; +https://babbar.tech/crawler)"
144.76.137.254 - - [25/Feb/2022:10:40:21 +0100] "GET /Epha/PhilipHansten?action=edit HTTP/1.1" 403 18 "-" "Mozilla/5.0 (compatible; MJ12bot/v1.4.8; http://mj12bot.com/)"
107.178.194.19 - - [25/Feb/2022:10:40:48 +0100] "HEAD /uploads/Main/B-2597_2017.pdf HTTP/1.1" 206 - "-" "AppEngine-Google; (+http://code.google.com/appengine; appid: s~virustotalcloud)"
107.178.194.19 - - [25/Feb/2022:10:40:48 +0100] "GET /uploads/Main/B-2597_2017.pdf HTTP/1.1" 200 3342329 "http://www.ywesee.com" "Mozilla/5.0 (Windows NT 10.0; Win64; x64) AppleWebKit/537.36 (KHTML, like Gecko) Chrome/91.0.4472.114 Safari/537.36 AppEngine-Google; (+http://code.google.com/appengine; appid: s~virustotalcloud)"
154.54.249.194 - - [25/Feb/2022:10:40:56 +0100] "GET /PublicDomain HTTP/1.1" 404 8529 "-" "Mozilla/5.0 (compatible; Barkrowler/0.9; +https://babbar.tech/crawler)"
185.110.88.252 - - [25/Feb/2022:10:41:06 +0100] "GET /favicon.ico HTTP/1.1" 200 1406 "https://www.ywesee.com/uploads/Main/B-2597_2017.pdf" "Mozilla/5.0 (Macintosh; Intel Mac OS X 10_15_7) AppleWebKit/537.36 (KHTML, like Gecko) Chrome/98.0.4758.109 Safari/537.36"
185.110.88.252 - - [25/Feb/2022:10:41:06 +0100] "GET /uploads/Main/B-2597_2017.pdf HTTP/1.1" 200 3342329 "-" "Mozilla/5.0 (Macintosh; Intel Mac OS X 10_15_7) AppleWebKit/537.36 (KHTML, like Gecko) Chrome/98.0.4758.109 Safari/537.36"
154.54.249.194 - - [25/Feb/2022:10:41:33 +0100] "GET /Main/2004 HTTP/1.1" 200 14080 "-" "Mozilla/5.0 (compatible; Barkrowler/0.9; +https://babbar.tech/crawler)"
188.62.9.185 - - [25/Feb/2022:10:41:47 +0100] "GET /favicon.ico HTTP/1.1" 200 1406 "https://www.ywesee.com/uploads/Main/B-2597_2017.pdf" "Mozilla/5.0 (Windows NT 10.0; Win64; x64) AppleWebKit/537.36 (KHTML, like Gecko) Chrome/91.0.4472.124 Safari/537.36"
188.62.9.185 - - [25/Feb/2022:10:41:47 +0100] "GET /uploads/Main/B-2597_2017.pdf HTTP/1.1" 200 3342329 "-" "Mozilla/5.0 (Windows NT 10.0; Win64; x64) AppleWebKit/537.36 (KHTML, like Gecko) Chrome/91.0.4472.124 Safari/537.36"
81.201.206.243 - - [25/Feb/2022:10:42:05 +0100] "GET /uploads/Main/B-2597_2017.pdf HTTP/1.1" 200 3342329 "-" "Mozilla/5.0 (Windows NT 10.0; Win64; x64; rv:97.0) Gecko/20100101 Firefox/97.0"
81.201.206.243 - - [25/Feb/2022:10:42:05 +0100] "GET /favicon.ico HTTP/1.1" 200 1406 "https://www.ywesee.com/" "Mozilla/5.0 (Windows NT 10.0; Win64; x64; rv:97.0) Gecko/20100101 Firefox/97.0"
81.201.206.243 - - [25/Feb/2022:10:42:05 +0100] "GET /uploads/Main/B-2597_2017.pdf HTTP/1.1" 206 65529 "-" "Mozilla/5.0 (Windows NT 10.0; Win64; x64; rv:97.0) Gecko/20100101 Firefox/97.0"
154.54.249.194 - - [25/Feb/2022:10:42:10 +0100] "GET /Main/2005 HTTP/1.1" 200 63344 "-" "Mozilla/5.0 (compatible; Barkrowler/0.9; +https://babbar.tech/crawler)"
204.101.161.22 - - [25/Feb/2022:10:42:12 +0100] "GET /uploads/Main/B-2597_2017.pdf HTTP/1.1" 200 3342329 "-" "Mozilla/5.0 (X11; Ubuntu; Linux x86_64; rv:69.0) Gecko/20100101 Firefox/69.0"
204.101.161.22 - - [25/Feb/2022:10:42:15 +0100] "GET /uploads/Main/B-2597_2017_fr.pdf HTTP/1.1" 200 1537286 "-" "Mozilla/5.0 (X11; Ubuntu; Linux x86_64; rv:69.0) Gecko/20100101 Firefox/69.0"
195.65.154.50 - - [25/Feb/2022:10:42:19 +0100] "GET /Ywesee/Kontakt HTTP/1.1" 200 8973 "https://www.google.com/" "Mozilla/5.0 (Macintosh; Intel Mac OS X 10_15_7) AppleWebKit/537.36 (KHTML, like Gecko) Chrome/98.0.4758.109 Safari/537.36"
195.65.154.50 - - [25/Feb/2022:10:42:20 +0100] "GET /pub/skins/ywesee/gila.css HTTP/1.1" 200 8276 "https://www.ywesee.com/Ywesee/Kontakt" "Mozilla/5.0 (Macintosh; Intel Mac OS X 10_15_7) AppleWebKit/537.36 (KHTML, like Gecko) Chrome/98.0.4758.109 Safari/537.36"
195.65.154.50 - - [25/Feb/2022:10:42:20 +0100] "GET /favicon.ico HTTP/1.1" 200 1406 "https://www.ywesee.com/Ywesee/Kontakt" "Mozilla/5.0 (Macintosh; Intel Mac OS X 10_15_7) AppleWebKit/537.36 (KHTML, like Gecko) Chrome/98.0.4758.109 Safari/537.36"
