194.209.200.2 - - [13/Apr/2022:00:00:35 +0200] "GET /robots.txt HTTP/1.1" 200 - "-" "Mozilla/5.0 (compatible; TMMBot/0.2; +http://www.dslab.ch)/Nutch-1.15"
194.209.200.2 - - [13/Apr/2022:00:00:36 +0200] "GET /Main/ComCo19122016 HTTP/1.1" 200 10547 "-" "Mozilla/5.0 (compatible; TMMBot/0.2; +http://www.dslab.ch)/Nutch-1.15"
89.246.241.14 - - [13/Apr/2022:00:03:36 +0200] "GET /Main/Home?n=Main.SideBar?action=edit HTTP/1.1" 200 9322 "-" "Mozilla/5.0 (Windows NT 10.0; Win64; x64; rv:84.0) Gecko/20100101 Firefox/84.0"
66.249.79.117 - - [13/Apr/2022:00:05:33 +0200] "GET /Main/MyMedi HTTP/1.1" 200 9646 "-" "Mozilla/5.0 (Linux; Android 6.0.1; Nexus 5X Build/MMB29P) AppleWebKit/537.36 (KHTML, like Gecko) Chrome/99.0.4844.84 Mobile Safari/537.36 (compatible; Googlebot/2.1; +http://www.google.com/bot.html)"
89.246.241.14 - - [13/Apr/2022:00:16:21 +0200] "GET /Main/Home?action=print HTTP/1.1" 200 6254 "-" "Mozilla/5.0 (Windows NT 10.0; Win64; x64; rv:84.0) Gecko/20100101 Firefox/84.0"
51.222.253.19 - - [13/Apr/2022:00:20:10 +0200] "GET /robots.txt HTTP/1.1" 200 - "-" "Mozilla/5.0 (compatible; AhrefsBot/7.0; +http://ahrefs.com/robot/)"
185.191.171.1 - - [13/Apr/2022:00:22:19 +0200] "GET /SpitalSchweiz/AnzahlOperationssaele2012?action=edit HTTP/1.1" 403 18 "-" "Mozilla/5.0 (compatible; SemrushBot/7~bl; +http://www.semrush.com/bot.html)"
185.191.171.10 - - [13/Apr/2022:00:25:29 +0200] "GET /robots.txt HTTP/1.1" 200 - "-" "Mozilla/5.0 (compatible; SemrushBot/7~bl; +http://www.semrush.com/bot.html)"
185.191.171.26 - - [13/Apr/2022:00:25:30 +0200] "GET /OSX/CoMed?action=edit HTTP/1.1" 403 18 "-" "Mozilla/5.0 (compatible; SemrushBot/7~bl; +http://www.semrush.com/bot.html)"
5.188.210.93 - - [13/Apr/2022:00:27:36 +0200] "GET / HTTP/1.0" 200 11443 "https://ywesee.com/" "Mozilla/5.0 (Windows NT 6.3; Win64; x64) AppleWebKit/537.36 (KHTML, like Gecko) Chrome/90.0.4430.85 Safari/537.36 Edg/90.0.818.49"
5.188.210.93 - - [13/Apr/2022:00:27:38 +0200] "GET /Ywesee/Kontakt HTTP/1.0" 200 8973 "https://www.ywesee.com/Ywesee/Kontakt" "Mozilla/5.0 (Windows NT 6.3; Win64; x64) AppleWebKit/537.36 (KHTML, like Gecko) Chrome/90.0.4430.85 Safari/537.36 Edg/90.0.818.49"
114.119.133.253 - - [13/Apr/2022:00:37:17 +0200] "GET /robots.txt HTTP/1.1" 200 - "-" "Mozilla/5.0 (compatible;PetalBot;+https://webmaster.petalsearch.com/site/petalbot)"
194.209.200.2 - - [13/Apr/2022:00:37:22 +0200] "GET /robots.txt HTTP/1.1" 200 - "-" "Mozilla/5.0 (compatible; TMMBot/0.2; +http://www.dslab.ch)/Nutch-1.15"
194.209.200.2 - - [13/Apr/2022:00:37:23 +0200] "GET /Software/ODDB HTTP/1.1" 200 10298 "-" "Mozilla/5.0 (compatible; TMMBot/0.2; +http://www.dslab.ch)/Nutch-1.15"
194.209.200.2 - - [13/Apr/2022:00:38:02 +0200] "GET /Ausschreibung/SAI HTTP/1.1" 200 10366 "-" "Mozilla/5.0 (compatible; TMMBot/0.2; +http://www.dslab.ch)/Nutch-1.15"
54.218.183.5 - - [13/Apr/2022:00:39:03 +0200] "GET / HTTP/1.1" 200 11443 "-" "Mozilla/5.0 (X11; Linux x86_64) AppleWebKit/537.36 (KHTML, like Gecko) Chrome/83.0.4103.97 Safari/537.36"
54.189.10.83 - - [13/Apr/2022:00:39:35 +0200] "GET / HTTP/1.1" 200 11443 "http://ywesee.net" "Mozilla/5.0 (X11; Linux x86_64) AppleWebKit/537.36 (KHTML, like Gecko) Chrome/83.0.4103.97 Safari/537.36"
89.246.241.14 - - [13/Apr/2022:00:39:47 +0200] "GET /Miele/MieleLXIV HTTP/1.1" 200 15367 "-" "Mozilla/5.0 (Windows NT 10.0; Win64; x64; rv:84.0) Gecko/20100101 Firefox/84.0"
89.246.241.14 - - [13/Apr/2022:00:40:37 +0200] "GET /AmiKo/Web HTTP/1.1" 200 9588 "-" "Mozilla/5.0 (Windows NT 10.0; Win64; x64; rv:84.0) Gecko/20100101 Firefox/84.0"
89.246.241.14 - - [13/Apr/2022:00:43:56 +0200] "GET /uploads/Main/Google_BERT_InfoCodex.pdf HTTP/1.1" 200 40002 "-" "Mozilla/5.0 (Windows NT 10.0; Win64; x64; rv:84.0) Gecko/20100101 Firefox/84.0"
34.221.81.156 - - [13/Apr/2022:00:44:31 +0200] "GET / HTTP/1.1" 200 11443 "-" "Mozilla/5.0 (X11; Linux x86_64) AppleWebKit/537.36 (KHTML, like Gecko) Chrome/83.0.4103.97 Safari/537.36"
34.208.158.165 - - [13/Apr/2022:00:46:24 +0200] "GET / HTTP/1.1" 200 11443 "-" "Mozilla/5.0 (X11; Linux x86_64) AppleWebKit/537.36 (KHTML, like Gecko) Chrome/83.0.4103.97 Safari/537.36"
79.143.186.154 - - [13/Apr/2022:00:47:16 +0200] "GET / HTTP/1.1" 200 11443 "-" "Mozilla/5.0 (X11; Linux x86_64) AppleWebKit/537.36 (KHTML, like Gecko) Chrome/93.0.4577.63 Safari/537.36"
66.249.79.196 - - [13/Apr/2022:00:50:34 +0200] "GET / HTTP/1.1" 200 11443 "-" "Mozilla/5.0 (compatible; Googlebot/2.1; +http://www.google.com/bot.html)"
89.246.241.14 - - [13/Apr/2022:00:51:04 +0200] "GET /Oddb2xml/Index HTTP/1.1" 200 8983 "-" "Mozilla/5.0 (Windows NT 10.0; Win64; x64; rv:84.0) Gecko/20100101 Firefox/84.0"
89.246.241.14 - - [13/Apr/2022:00:52:26 +0200] "GET /AmiKo/Linux HTTP/1.1" 200 9217 "-" "Mozilla/5.0 (Windows NT 10.0; Win64; x64; rv:84.0) Gecko/20100101 Firefox/84.0"
192.3.215.245 - - [13/Apr/2022:00:53:57 +0200] "GET / HTTP/1.1" 200 11443 "http://ywesee.ch" "Mozilla/5.0 (X11; Linux x86_64) AppleWebKit/537.36 (KHTML, like Gecko) Chrome/67.0.3396.87 Safari/537.36"
40.88.21.235 - - [13/Apr/2022:00:56:19 +0200] "GET / HTTP/1.1" 200 11443 "https://ywesee.com/" "Mozilla/5.0 (compatible; DuckDuckGo-Favicons-Bot/1.0; +http://duckduckgo.com)"
40.88.21.235 - - [13/Apr/2022:00:56:19 +0200] "GET /favicon.ico HTTP/1.1" 200 1406 "https://ywesee.com/favicon.ico" "Mozilla/5.0 (compatible; DuckDuckGo-Favicons-Bot/1.0; +http://duckduckgo.com)"
40.88.21.235 - - [13/Apr/2022:00:56:41 +0200] "GET / HTTP/1.1" 200 11443 "https://ywesee.com/" "Mozilla/5.0 (compatible; DuckDuckGo-Favicons-Bot/1.0; +http://duckduckgo.com)"
40.88.21.235 - - [13/Apr/2022:00:56:41 +0200] "GET /favicon.ico HTTP/1.1" 200 1406 "https://ywesee.com/favicon.ico" "Mozilla/5.0 (compatible; DuckDuckGo-Favicons-Bot/1.0; +http://duckduckgo.com)"
89.246.241.14 - - [13/Apr/2022:00:59:47 +0200] "GET /Ywesee/About HTTP/1.1" 200 9132 "-" "Mozilla/5.0 (Windows NT 10.0; Win64; x64; rv:84.0) Gecko/20100101 Firefox/84.0"
89.246.241.14 - - [13/Apr/2022:01:01:08 +0200] "GET /Main/ComCo19122016 HTTP/1.1" 200 10547 "-" "Mozilla/5.0 (Windows NT 10.0; Win64; x64; rv:84.0) Gecko/20100101 Firefox/84.0"
89.246.241.14 - - [13/Apr/2022:01:02:12 +0200] "GET /Software/XMLConv HTTP/1.1" 200 8709 "-" "Mozilla/5.0 (Windows NT 10.0; Win64; x64; rv:84.0) Gecko/20100101 Firefox/84.0"
89.246.241.14 - - [13/Apr/2022:01:04:37 +0200] "GET /ODDB/IndividuelleMediliste HTTP/1.1" 200 9139 "-" "Mozilla/5.0 (Windows NT 10.0; Win64; x64; rv:84.0) Gecko/20100101 Firefox/84.0"
35.237.195.244 - - [13/Apr/2022:01:05:16 +0200] "GET /robots.txt HTTP/1.1" 200 - "-" "bidswitchbot/1.0"
35.237.195.244 - - [13/Apr/2022:01:05:17 +0200] "GET /robots.txt HTTP/1.1" 200 - "-" "bidswitchbot/1.0"
35.237.195.244 - - [13/Apr/2022:01:05:18 +0200] "GET /app-ads.txt HTTP/1.1" 404 270 "-" "bidswitchbot/1.0"
35.237.195.244 - - [13/Apr/2022:01:05:32 +0200] "GET /robots.txt HTTP/1.1" 200 - "-" "bidswitchbot/1.0"
35.237.195.244 - - [13/Apr/2022:01:05:33 +0200] "GET /robots.txt HTTP/1.1" 200 - "-" "bidswitchbot/1.0"
66.249.79.121 - - [13/Apr/2022:01:05:33 +0200] "GET /AmiKo/Flyer HTTP/1.1" 200 8708 "-" "Mozilla/5.0 (Linux; Android 6.0.1; Nexus 5X Build/MMB29P) AppleWebKit/537.36 (KHTML, like Gecko) Chrome/99.0.4844.84 Mobile Safari/537.36 (compatible; Googlebot/2.1; +http://www.google.com/bot.html)"
35.237.195.244 - - [13/Apr/2022:01:05:35 +0200] "GET /app-ads.txt HTTP/1.1" 404 274 "-" "bidswitchbot/1.0"
35.237.195.244 - - [13/Apr/2022:01:05:36 +0200] "GET /robots.txt HTTP/1.1" 200 - "-" "bidswitchbot/1.0"
35.237.195.244 - - [13/Apr/2022:01:05:37 +0200] "GET /robots.txt HTTP/1.1" 200 - "-" "bidswitchbot/1.0"
35.237.195.244 - - [13/Apr/2022:01:05:38 +0200] "GET /app-ads.txt HTTP/1.1" 404 270 "-" "bidswitchbot/1.0"
194.209.200.2 - - [13/Apr/2022:01:06:59 +0200] "GET /robots.txt HTTP/1.1" 200 - "-" "Mozilla/5.0 (compatible; TMMBot/0.2; +http://www.dslab.ch)/Nutch-1.15"
194.209.200.2 - - [13/Apr/2022:01:06:59 +0200] "GET /Software/YDIM HTTP/1.1" 200 8834 "-" "Mozilla/5.0 (compatible; TMMBot/0.2; +http://www.dslab.ch)/Nutch-1.15"
185.191.171.18 - - [13/Apr/2022:01:08:19 +0200] "GET /Main/SideBar?n=Main.SideBar%3Faction%3Dedit HTTP/1.1" 302 157 "-" "Mozilla/5.0 (compatible; SemrushBot/7~bl; +http://www.semrush.com/bot.html)"
42.83.147.34 - - [13/Apr/2022:01:13:18 +0200] "GET / HTTP/1.1" 200 11443 "-" "Mozilla/5.0 (Windows NT 6.1; Win64; x64) AppleWebKit/537.36 (KHTML, like Gecko)Chrome/74.0.3729.169 Safari/537.36"
194.209.200.2 - - [13/Apr/2022:01:14:55 +0200] "GET /Main/2009 HTTP/1.1" 200 21688 "-" "Mozilla/5.0 (compatible; TMMBot/0.2; +http://www.dslab.ch)/Nutch-1.15"
17.121.115.116 - - [13/Apr/2022:01:20:34 +0200] "GET /robots.txt HTTP/1.1" 200 - "-" "Mozilla/5.0 (Macintosh; Intel Mac OS X 10_15_5) AppleWebKit/605.1.15 (KHTML, like Gecko) Version/13.1.1 Safari/605.1.15 (Applebot/0.1; +http://www.apple.com/go/applebot)"
66.249.79.121 - - [13/Apr/2022:01:20:34 +0200] "GET /Main/2015 HTTP/1.1" 200 15908 "-" "Mozilla/5.0 (Linux; Android 6.0.1; Nexus 5X Build/MMB29P) AppleWebKit/537.36 (KHTML, like Gecko) Chrome/99.0.4844.84 Mobile Safari/537.36 (compatible; Googlebot/2.1; +http://www.google.com/bot.html)"
17.121.115.116 - - [13/Apr/2022:01:20:34 +0200] "GET /Main/WekoBlog HTTP/1.1" 200 22209 "-" "Mozilla/5.0 (Macintosh; Intel Mac OS X 10_15_5) AppleWebKit/605.1.15 (KHTML, like Gecko) Version/13.1.1 Safari/605.1.15 (Applebot/0.1; +http://www.apple.com/go/applebot)"
54.210.94.25 - - [13/Apr/2022:01:22:37 +0200] "GET /robots.txt HTTP/1.1" 200 - "-" "Mozilla/5.0/Firefox/42.0 - nbertaupete95(at)gmail.com"
54.210.94.25 - - [13/Apr/2022:01:22:37 +0200] "GET /Ywesee/InfoCodexVorgehen HTTP/1.1" 200 12716 "-" "Mozilla/5.0/Firefox/42.0 - nbertaupete95(at)gmail.com"
89.246.241.14 - - [13/Apr/2022:01:24:28 +0200] "GET /Ausschreibung/SAI HTTP/1.1" 200 10366 "-" "Mozilla/5.0 (Windows NT 10.0; Win64; x64; rv:84.0) Gecko/20100101 Firefox/84.0"
89.246.241.14 - - [13/Apr/2022:01:25:00 +0200] "GET /Software/SoftwareRaid HTTP/1.1" 200 12104 "-" "Mozilla/5.0 (Windows NT 10.0; Win64; x64; rv:84.0) Gecko/20100101 Firefox/84.0"
66.249.79.119 - - [13/Apr/2022:01:35:33 +0200] "GET /Main/2004 HTTP/1.1" 200 14080 "-" "Mozilla/5.0 (Linux; Android 6.0.1; Nexus 5X Build/MMB29P) AppleWebKit/537.36 (KHTML, like Gecko) Chrome/99.0.4844.84 Mobile Safari/537.36 (compatible; Googlebot/2.1; +http://www.google.com/bot.html)"
61.135.159.171 - - [13/Apr/2022:01:41:54 +0200] "GET / HTTP/1.1" 200 11443 "-" "Sogou web spider/4.0(+http://www.sogou.com/docs/help/webmasters.htm#07)"
89.246.241.14 - - [13/Apr/2022:01:43:19 +0200] "GET /Main/2021 HTTP/1.1" 200 16484 "-" "Mozilla/5.0 (Windows NT 10.0; Win64; x64; rv:84.0) Gecko/20100101 Firefox/84.0"
89.246.241.14 - - [13/Apr/2022:01:43:34 +0200] "GET /Main/2020 HTTP/1.1" 200 15398 "-" "Mozilla/5.0 (Windows NT 10.0; Win64; x64; rv:84.0) Gecko/20100101 Firefox/84.0"
89.246.241.14 - - [13/Apr/2022:01:43:46 +0200] "GET /uploads/Main/Multizentrische_Beobachtungsstudie_zur_Bestimmung_der_Verbreitung_des_Coronavirus_und_Entwicklung_der_Immunitt_in_der_Schweiz.pdf HTTP/1.1" 200 515176 "-" "Mozilla/5.0 (Windows NT 10.0; Win64; x64; rv:84.0) Gecko/20100101 Firefox/84.0"
89.246.241.14 - - [13/Apr/2022:01:46:52 +0200] "GET /Main/Home HTTP/1.1" 200 11443 "-" "Mozilla/5.0 (Windows NT 10.0; Win64; x64; rv:84.0) Gecko/20100101 Firefox/84.0"
89.246.241.14 - - [13/Apr/2022:01:49:09 +0200] "GET /Main/2019 HTTP/1.1" 200 15246 "-" "Mozilla/5.0 (Windows NT 10.0; Win64; x64; rv:84.0) Gecko/20100101 Firefox/84.0"
89.246.241.14 - - [13/Apr/2022:01:49:24 +0200] "GET /Main/2018 HTTP/1.1" 200 15425 "-" "Mozilla/5.0 (Windows NT 10.0; Win64; x64; rv:84.0) Gecko/20100101 Firefox/84.0"
89.246.241.14 - - [13/Apr/2022:01:49:36 +0200] "GET /uploads/Main/Career_amp_Networking_Days_2018.pdf HTTP/1.1" 200 5346417 "-" "Mozilla/5.0 (Windows NT 10.0; Win64; x64; rv:84.0) Gecko/20100101 Firefox/84.0"
89.246.241.14 - - [13/Apr/2022:01:49:42 +0200] "GET /Main/2017 HTTP/1.1" 200 15840 "-" "Mozilla/5.0 (Windows NT 10.0; Win64; x64; rv:84.0) Gecko/20100101 Firefox/84.0"
89.246.241.14 - - [13/Apr/2022:01:49:54 +0200] "GET /Main/2016 HTTP/1.1" 200 13689 "-" "Mozilla/5.0 (Windows NT 10.0; Win64; x64; rv:84.0) Gecko/20100101 Firefox/84.0"
89.246.241.14 - - [13/Apr/2022:01:50:10 +0200] "GET /Main/2015 HTTP/1.1" 200 15908 "-" "Mozilla/5.0 (Windows NT 10.0; Win64; x64; rv:84.0) Gecko/20100101 Firefox/84.0"
89.246.241.14 - - [13/Apr/2022:01:50:25 +0200] "GET /Main/2014 HTTP/1.1" 200 19471 "-" "Mozilla/5.0 (Windows NT 10.0; Win64; x64; rv:84.0) Gecko/20100101 Firefox/84.0"
89.246.241.14 - - [13/Apr/2022:01:50:37 +0200] "GET /Main/2014?action=edit HTTP/1.1" 200 9271 "-" "Mozilla/5.0 (Windows NT 10.0; Win64; x64; rv:84.0) Gecko/20100101 Firefox/84.0"
89.246.241.14 - - [13/Apr/2022:01:50:42 +0200] "GET /Main/2013 HTTP/1.1" 200 20487 "-" "Mozilla/5.0 (Windows NT 10.0; Win64; x64; rv:84.0) Gecko/20100101 Firefox/84.0"
89.246.241.14 - - [13/Apr/2022:01:50:55 +0200] "GET /Main/2012 HTTP/1.1" 200 31941 "-" "Mozilla/5.0 (Windows NT 10.0; Win64; x64; rv:84.0) Gecko/20100101 Firefox/84.0"
89.246.241.14 - - [13/Apr/2022:01:51:10 +0200] "GET /Main/2011 HTTP/1.1" 200 21451 "-" "Mozilla/5.0 (Windows NT 10.0; Win64; x64; rv:84.0) Gecko/20100101 Firefox/84.0"
89.246.241.14 - - [13/Apr/2022:01:51:25 +0200] "GET /Main/2010 HTTP/1.1" 200 27997 "-" "Mozilla/5.0 (Windows NT 10.0; Win64; x64; rv:84.0) Gecko/20100101 Firefox/84.0"
89.246.241.14 - - [13/Apr/2022:01:53:26 +0200] "GET /Eggze/SpreadIt HTTP/1.1" 200 12537 "-" "Mozilla/5.0 (Windows NT 10.0; Win64; x64; rv:84.0) Gecko/20100101 Firefox/84.0"
89.246.241.14 - - [13/Apr/2022:01:55:11 +0200] "GET /AmiKo/Android HTTP/1.1" 200 10427 "-" "Mozilla/5.0 (Windows NT 10.0; Win64; x64; rv:84.0) Gecko/20100101 Firefox/84.0"
89.246.241.14 - - [13/Apr/2022:01:56:57 +0200] "GET /Main/2009 HTTP/1.1" 200 21688 "-" "Mozilla/5.0 (Windows NT 10.0; Win64; x64; rv:84.0) Gecko/20100101 Firefox/84.0"
89.246.241.14 - - [13/Apr/2022:01:57:12 +0200] "GET /Main/2008 HTTP/1.1" 200 34740 "-" "Mozilla/5.0 (Windows NT 10.0; Win64; x64; rv:84.0) Gecko/20100101 Firefox/84.0"
89.246.241.14 - - [13/Apr/2022:01:57:24 +0200] "GET /uploads/Main/Medikamentenpreise_und_Medikamentenmarkt_in_der_Schweiz.pdf HTTP/1.1" 200 1455000 "-" "Mozilla/5.0 (Windows NT 10.0; Win64; x64; rv:84.0) Gecko/20100101 Firefox/84.0"
89.246.241.14 - - [13/Apr/2022:01:57:30 +0200] "GET /Main/2007 HTTP/1.1" 200 50639 "-" "Mozilla/5.0 (Windows NT 10.0; Win64; x64; rv:84.0) Gecko/20100101 Firefox/84.0"
89.246.241.14 - - [13/Apr/2022:01:57:42 +0200] "GET /uploads/Main/Excel_100_vergleichbare_Medikamente_Schweiz_Deutschland.xls HTTP/1.1" 200 137216 "-" "Mozilla/5.0 (Windows NT 10.0; Win64; x64; rv:84.0) Gecko/20100101 Firefox/84.0"
89.246.241.14 - - [13/Apr/2022:01:57:47 +0200] "GET /Main/2006 HTTP/1.1" 200 39320 "-" "Mozilla/5.0 (Windows NT 10.0; Win64; x64; rv:84.0) Gecko/20100101 Firefox/84.0"
89.246.241.14 - - [13/Apr/2022:01:57:57 +0200] "GET /Main/2005 HTTP/1.1" 200 63344 "-" "Mozilla/5.0 (Windows NT 10.0; Win64; x64; rv:84.0) Gecko/20100101 Firefox/84.0"
89.246.241.14 - - [13/Apr/2022:01:58:03 +0200] "GET /uploads/Main/338_Email_an_hans-beat.jenny_9.10.2006.txt HTTP/1.1" 200 2596 "-" "Mozilla/5.0 (Windows NT 10.0; Win64; x64; rv:84.0) Gecko/20100101 Firefox/84.0"
89.246.241.14 - - [13/Apr/2022:01:58:09 +0200] "GET /uploads/Main/Facharbeit_Raphael_Waltert.pdf HTTP/1.1" 200 1004701 "-" "Mozilla/5.0 (Windows NT 10.0; Win64; x64; rv:84.0) Gecko/20100101 Firefox/84.0"
89.246.241.14 - - [13/Apr/2022:01:58:15 +0200] "GET /Main/2004 HTTP/1.1" 200 14080 "-" "Mozilla/5.0 (Windows NT 10.0; Win64; x64; rv:84.0) Gecko/20100101 Firefox/84.0"
89.246.241.14 - - [13/Apr/2022:01:58:20 +0200] "GET /uploads/Main/Facharbeit_Mike_Walder.pdf HTTP/1.1" 200 989761 "-" "Mozilla/5.0 (Windows NT 10.0; Win64; x64; rv:84.0) Gecko/20100101 Firefox/84.0"
170.83.179.111 - - [13/Apr/2022:01:58:26 +0200] "GET / HTTP/1.1" 200 11443 "-" "Mozilla/5.0 (Macintosh; Intel Mac OS X 10_12_3) AppleWebKit/537.36 (KHTML, like Gecko) Chrome/68.0.3432.3 Safari/537.36"
192.3.182.28 - - [13/Apr/2022:01:58:27 +0200] "GET /Ywesee/Kontakt HTTP/1.1" 200 8973 "https://ywesee.com" "Mozilla/5.0 (Macintosh; Intel Mac OS X 10_12_3) AppleWebKit/537.36 (KHTML, like Gecko) Chrome/68.0.3432.3 Safari/537.36"
89.246.241.14 - - [13/Apr/2022:02:00:27 +0200] "GET /AmiKo/SAPP HTTP/1.1" 200 12947 "-" "Mozilla/5.0 (Windows NT 10.0; Win64; x64; rv:84.0) Gecko/20100101 Firefox/84.0"
188.34.157.144 - - [13/Apr/2022:02:04:02 +0200] "GET / HTTP/1.1" 200 11443 "-" "page-preview-tool Mozilla/5.0 (Windows NT 10.0; Win64; x64) AppleWebKit/537.36 (KHTML, like Gecko) Chrome/80.0.3987.132 Safari/537.36"
89.246.241.14 - - [13/Apr/2022:02:05:10 +0200] "GET /AmiKo/Windows HTTP/1.1" 200 10332 "-" "Mozilla/5.0 (Windows NT 10.0; Win64; x64; rv:84.0) Gecko/20100101 Firefox/84.0"
95.163.255.83 - - [13/Apr/2022:02:10:58 +0200] "GET /robots.txt HTTP/1.0" 200 - "-" "Mozilla/5.0 (compatible; Linux x86_64; Mail.RU_Bot/2.0; +http://go.mail.ru/help/robots)"
95.163.255.87 - - [13/Apr/2022:02:11:01 +0200] "GET /Oddb2xml/Installation HTTP/1.1" 200 10391 "-" "Mozilla/5.0 (compatible; Linux x86_64; Mail.RU_Bot/2.0; +http://go.mail.ru/help/robots)"
95.163.255.83 - - [13/Apr/2022:02:11:02 +0200] "GET /Oddb2xml/Oddb2xmlCalc HTTP/1.1" 200 10266 "-" "Mozilla/5.0 (compatible; Linux x86_64; Mail.RU_Bot/2.0; +http://go.mail.ru/help/robots)"
89.246.241.14 - - [13/Apr/2022:02:13:18 +0200] "GET /Ywesee/Kontakt HTTP/1.1" 200 8973 "-" "Mozilla/5.0 (Windows NT 10.0; Win64; x64; rv:84.0) Gecko/20100101 Firefox/84.0"
54.84.192.51 - - [13/Apr/2022:02:13:19 +0200] "GET /keybase.txt HTTP/1.1" 200 2659 "-" "keybase-proofs/2.3.24"
89.246.241.14 - - [13/Apr/2022:02:15:00 +0200] "GET /Main/MiGel HTTP/1.1" 200 16437 "-" "Mozilla/5.0 (Windows NT 10.0; Win64; x64; rv:84.0) Gecko/20100101 Firefox/84.0"
89.246.241.14 - - [13/Apr/2022:02:22:33 +0200] "GET /Main/Home?action=upload HTTP/1.1" 200 8735 "-" "Mozilla/5.0 (Windows NT 10.0; Win64; x64; rv:84.0) Gecko/20100101 Firefox/84.0"
34.200.225.224 - - [13/Apr/2022:02:24:34 +0200] "GET /robots.txt HTTP/1.1" 200 - "-" "MauiBot (crawler.feedback+gamma@gmail.com)"
185.191.171.18 - - [13/Apr/2022:02:25:16 +0200] "GET /robots.txt HTTP/1.1" 200 - "-" "Mozilla/5.0 (compatible; SemrushBot/7~bl; +http://www.semrush.com/bot.html)"
185.191.171.39 - - [13/Apr/2022:02:25:17 +0200] "GET /AmiKo/KrankenkassenKartenleser?action=edit HTTP/1.1" 403 18 "-" "Mozilla/5.0 (compatible; SemrushBot/7~bl; +http://www.semrush.com/bot.html)"
173.249.63.71 - - [13/Apr/2022:02:26:23 +0200] "GET /robots.txt HTTP/1.1" 200 - "-" "Mozilla/5.0 (compatible; MJ12bot/v1.4.8; http://mj12bot.com/)"
173.249.63.71 - - [13/Apr/2022:02:26:32 +0200] "GET /Main/FAZ HTTP/1.1" 200 8325 "-" "Mozilla/5.0 (compatible; MJ12bot/v1.4.8; http://mj12bot.com/)"
89.246.241.14 - - [13/Apr/2022:02:26:40 +0200] "GET /Ywesee/InfoCodex HTTP/1.1" 200 24435 "-" "Mozilla/5.0 (Windows NT 10.0; Win64; x64; rv:84.0) Gecko/20100101 Firefox/84.0"
194.209.200.2 - - [13/Apr/2022:02:26:59 +0200] "GET /robots.txt HTTP/1.1" 200 - "-" "Mozilla/5.0 (compatible; TMMBot/0.2; +http://www.dslab.ch)/Nutch-1.15"
194.209.200.2 - - [13/Apr/2022:02:26:59 +0200] "GET /Main/2008 HTTP/1.1" 200 34740 "-" "Mozilla/5.0 (compatible; TMMBot/0.2; +http://www.dslab.ch)/Nutch-1.15"
173.212.220.70 - - [13/Apr/2022:02:27:01 +0200] "GET /robots.txt HTTP/1.1" 200 - "-" "Mozilla/5.0 (compatible; MJ12bot/v1.4.8; http://mj12bot.com/)"
173.212.220.70 - - [13/Apr/2022:02:27:12 +0200] "GET / HTTP/1.1" 200 11443 "-" "Mozilla/5.0 (compatible; MJ12bot/v1.4.8; http://mj12bot.com/)"
194.209.200.2 - - [13/Apr/2022:02:27:47 +0200] "GET /Main/2011 HTTP/1.1" 200 21451 "-" "Mozilla/5.0 (compatible; TMMBot/0.2; +http://www.dslab.ch)/Nutch-1.15"
77.75.79.95 - - [13/Apr/2022:02:28:52 +0200] "GET /robots.txt HTTP/1.1" 200 - "-" "Mozilla/5.0 (compatible; SeznamBot/3.2; +http://napoveda.seznam.cz/en/seznambot-intro/)"
77.75.79.95 - - [13/Apr/2022:02:28:52 +0200] "GET /uploads/Ywesee/SharePoint-Integration.pdf HTTP/1.1" 304 - "-" "Mozilla/5.0 (compatible; SeznamBot/3.2; +http://napoveda.seznam.cz/en/seznambot-intro/)"
185.191.171.38 - - [13/Apr/2022:02:30:27 +0200] "GET /Main/EANCode?n=Main.SideBar%3Faction%3Dedit HTTP/1.1" 302 157 "-" "Mozilla/5.0 (compatible; SemrushBot/7~bl; +http://www.semrush.com/bot.html)"
194.209.200.2 - - [13/Apr/2022:02:31:33 +0200] "GET /Main/2014 HTTP/1.1" 200 19471 "-" "Mozilla/5.0 (compatible; TMMBot/0.2; +http://www.dslab.ch)/Nutch-1.15"
44.203.20.67 - - [13/Apr/2022:02:38:49 +0200] "GET /robots.txt HTTP/1.1" 200 - "-" "Mozilla/5.0 (Macintosh; Intel Mac OS X 10_10_1) AppleWebKit/600.2.5 (KHTML\\, like Gecko) Version/8.0.2 Safari/600.2.5 (Amazonbot/0.1; +https://developer.amazon.com/support/amazonbot)"
89.246.241.14 - - [13/Apr/2022:02:40:45 +0200] "GET /Main/2006?action=edit HTTP/1.1" 200 9271 "-" "Mozilla/5.0 (Windows NT 10.0; Win64; x64; rv:84.0) Gecko/20100101 Firefox/84.0"
89.246.241.14 - - [13/Apr/2022:02:41:42 +0200] "GET /Oddb2xml/XSD HTTP/1.1" 200 8519 "-" "Mozilla/5.0 (Windows NT 10.0; Win64; x64; rv:84.0) Gecko/20100101 Firefox/84.0"
89.246.241.14 - - [13/Apr/2022:02:48:46 +0200] "GET /Ywesee/InfoCodexProcedure HTTP/1.1" 200 12373 "-" "Mozilla/5.0 (Windows NT 10.0; Win64; x64; rv:84.0) Gecko/20100101 Firefox/84.0"
89.246.241.14 - - [13/Apr/2022:02:49:42 +0200] "GET /Main/2014?action=print HTTP/1.1" 200 14490 "-" "Mozilla/5.0 (Windows NT 10.0; Win64; x64; rv:84.0) Gecko/20100101 Firefox/84.0"
89.246.241.14 - - [13/Apr/2022:02:50:10 +0200] "GET /Main/2007?action=edit HTTP/1.1" 200 9271 "-" "Mozilla/5.0 (Windows NT 10.0; Win64; x64; rv:84.0) Gecko/20100101 Firefox/84.0"
89.246.241.14 - - [13/Apr/2022:02:55:32 +0200] "GET /uploads/Main/Chaos_auf_dem_Medikamenten-Markt.pdf HTTP/1.1" 200 67922 "-" "Mozilla/5.0 (Windows NT 10.0; Win64; x64; rv:84.0) Gecko/20100101 Firefox/84.0"
89.246.241.14 - - [13/Apr/2022:02:56:00 +0200] "GET /uploads/Main/Distributed_Import_Option_in_InfoCodex.pdf HTTP/1.1" 200 223378 "-" "Mozilla/5.0 (Windows NT 10.0; Win64; x64; rv:84.0) Gecko/20100101 Firefox/84.0"
194.209.200.2 - - [13/Apr/2022:03:01:29 +0200] "GET /robots.txt HTTP/1.1" 200 - "-" "Mozilla/5.0 (compatible; TMMBot/0.2; +http://www.dslab.ch)/Nutch-1.15"
194.209.200.2 - - [13/Apr/2022:03:01:29 +0200] "GET /Main/2007 HTTP/1.1" 200 50639 "-" "Mozilla/5.0 (compatible; TMMBot/0.2; +http://www.dslab.ch)/Nutch-1.15"
89.246.241.14 - - [13/Apr/2022:03:03:10 +0200] "GET /Bundesrat/Ebook HTTP/1.1" 200 10101 "-" "Mozilla/5.0 (Windows NT 10.0; Win64; x64; rv:84.0) Gecko/20100101 Firefox/84.0"
89.246.241.14 - - [13/Apr/2022:03:03:24 +0200] "GET /Main/HirslandenProfessional HTTP/1.1" 200 8885 "-" "Mozilla/5.0 (Windows NT 10.0; Win64; x64; rv:84.0) Gecko/20100101 Firefox/84.0"
89.246.241.14 - - [13/Apr/2022:03:04:19 +0200] "GET /Main/MyMedi HTTP/1.1" 200 9646 "-" "Mozilla/5.0 (Windows NT 10.0; Win64; x64; rv:84.0) Gecko/20100101 Firefox/84.0"
89.246.241.14 - - [13/Apr/2022:03:05:42 +0200] "GET /Main/Refdata HTTP/1.1" 200 11486 "-" "Mozilla/5.0 (Windows NT 10.0; Win64; x64; rv:84.0) Gecko/20100101 Firefox/84.0"
89.246.241.14 - - [13/Apr/2022:03:08:13 +0200] "GET /Main/2005?action=upload HTTP/1.1" 200 8737 "-" "Mozilla/5.0 (Windows NT 10.0; Win64; x64; rv:84.0) Gecko/20100101 Firefox/84.0"
89.246.241.14 - - [13/Apr/2022:03:13:41 +0200] "GET /Main/Legende HTTP/1.1" 200 9217 "-" "Mozilla/5.0 (Windows NT 10.0; Win64; x64; rv:84.0) Gecko/20100101 Firefox/84.0"
89.246.241.14 - - [13/Apr/2022:03:13:47 +0200] "GET /Main/EANCode HTTP/1.1" 200 9821 "-" "Mozilla/5.0 (Windows NT 10.0; Win64; x64; rv:84.0) Gecko/20100101 Firefox/84.0"
205.210.31.20 - - [13/Apr/2022:03:18:06 +0200] "GET / HTTP/1.1" 200 11443 "-" "Expanse, a Palo Alto Networks company, searches across the global IPv4 space multiple times per day to identify customers&#39; presences on the Internet. If you would like to be excluded from our scans, please send IP addresses/domains to: scaninfo@paloaltonetworks.com"
89.246.241.14 - - [13/Apr/2022:03:19:35 +0200] "GET /Main/2006?action=diff HTTP/1.1" 200 41442 "-" "Mozilla/5.0 (Windows NT 10.0; Win64; x64; rv:84.0) Gecko/20100101 Firefox/84.0"
77.75.76.170 - - [13/Apr/2022:03:24:58 +0200] "GET /robots.txt HTTP/1.1" 200 - "-" "Mozilla/5.0 (compatible; SeznamBot/3.2; +http://napoveda.seznam.cz/en/seznambot-intro/)"
77.75.76.170 - - [13/Apr/2022:03:24:58 +0200] "GET /OSX/CoMed HTTP/1.1" 200 8463 "-" "Mozilla/5.0 (compatible; SeznamBot/3.2; +http://napoveda.seznam.cz/en/seznambot-intro/)"
77.75.76.170 - - [13/Apr/2022:03:24:59 +0200] "GET /Main/NZZ HTTP/1.1" 200 8325 "-" "Mozilla/5.0 (compatible; SeznamBot/3.2; +http://napoveda.seznam.cz/en/seznambot-intro/)"
89.246.241.14 - - [13/Apr/2022:03:25:44 +0200] "GET /Main/MediStammdatenKostenSchweiz HTTP/1.1" 200 10264 "-" "Mozilla/5.0 (Windows NT 10.0; Win64; x64; rv:84.0) Gecko/20100101 Firefox/84.0"
194.209.200.2 - - [13/Apr/2022:03:32:46 +0200] "GET /robots.txt HTTP/1.1" 200 - "-" "Mozilla/5.0 (compatible; TMMBot/0.2; +http://www.dslab.ch)/Nutch-1.15"
194.209.200.2 - - [13/Apr/2022:03:32:47 +0200] "GET /AmiKo/Windows HTTP/1.1" 200 10332 "-" "Mozilla/5.0 (compatible; TMMBot/0.2; +http://www.dslab.ch)/Nutch-1.15"
89.246.241.14 - - [13/Apr/2022:03:33:54 +0200] "GET /uploads/Main/Seite_1.pdf HTTP/1.1" 200 1100985 "-" "Mozilla/5.0 (Windows NT 10.0; Win64; x64; rv:84.0) Gecko/20100101 Firefox/84.0"
89.246.241.14 - - [13/Apr/2022:03:34:07 +0200] "GET /AmiKo/Barcodes HTTP/1.1" 200 8978 "-" "Mozilla/5.0 (Windows NT 10.0; Win64; x64; rv:84.0) Gecko/20100101 Firefox/84.0"
194.209.200.2 - - [13/Apr/2022:03:34:41 +0200] "GET /Main/2006 HTTP/1.1" 200 39320 "-" "Mozilla/5.0 (compatible; TMMBot/0.2; +http://www.dslab.ch)/Nutch-1.15"
194.209.200.2 - - [13/Apr/2022:03:35:02 +0200] "GET /Main/2015 HTTP/1.1" 200 15908 "-" "Mozilla/5.0 (compatible; TMMBot/0.2; +http://www.dslab.ch)/Nutch-1.15"
194.209.200.2 - - [13/Apr/2022:03:38:51 +0200] "GET /Software/BBMB HTTP/1.1" 200 9385 "-" "Mozilla/5.0 (compatible; TMMBot/0.2; +http://www.dslab.ch)/Nutch-1.15"
180.163.220.99 - - [13/Apr/2022:03:40:26 +0200] "GET / HTTP/1.1" 200 11443 "https://ywesee.com" "Mozilla/5.0 (Windows NT 6.1; WOW64) AppleWebKit/537.36 (KHTML, like Gecko) Chrome/50.0.2661.102 Safari/537.36; 360Spider"
42.236.10.90 - - [13/Apr/2022:03:42:20 +0200] "GET / HTTP/1.1" 200 11443 "https://ywesee.com/" "Mozilla/5.0 (Windows NT 6.1; WOW64) AppleWebKit/537.36 (KHTML, like Gecko) Chrome/50.0.2661.102 Safari/537.36; 360Spider"
89.246.241.14 - - [13/Apr/2022:03:46:14 +0200] "GET /Ywesee/BitcoinBlockchain HTTP/1.1" 200 9811 "-" "Mozilla/5.0 (Windows NT 10.0; Win64; x64; rv:84.0) Gecko/20100101 Firefox/84.0"
89.246.241.14 - - [13/Apr/2022:03:49:30 +0200] "GET /Main/2005?action=diff HTTP/1.1" 200 94077 "-" "Mozilla/5.0 (Windows NT 10.0; Win64; x64; rv:84.0) Gecko/20100101 Firefox/84.0"
198.235.24.141 - - [13/Apr/2022:03:54:33 +0200] "GET / HTTP/1.1" 200 11443 "-" "Expanse, a Palo Alto Networks company, searches across the global IPv4 space multiple times per day to identify customers&#39; presences on the Internet. If you would like to be excluded from our scans, please send IP addresses/domains to: scaninfo@paloaltonetworks.com"
89.246.241.14 - - [13/Apr/2022:03:57:57 +0200] "GET /ODDB/Flow HTTP/1.1" 200 8944 "-" "Mozilla/5.0 (Windows NT 10.0; Win64; x64; rv:84.0) Gecko/20100101 Firefox/84.0"
89.246.241.14 - - [13/Apr/2022:03:58:49 +0200] "GET /uploads/Main/fmh_stellungnahme_kompendiumsbuch_20.11.2007.pdf HTTP/1.1" 200 67339 "-" "Mozilla/5.0 (Windows NT 10.0; Win64; x64; rv:84.0) Gecko/20100101 Firefox/84.0"
194.209.200.2 - - [13/Apr/2022:04:07:18 +0200] "GET /robots.txt HTTP/1.1" 200 - "-" "Mozilla/5.0 (compatible; TMMBot/0.2; +http://www.dslab.ch)/Nutch-1.15"
194.209.200.2 - - [13/Apr/2022:04:07:18 +0200] "GET /AmiKo/IOS HTTP/1.1" 200 11930 "-" "Mozilla/5.0 (compatible; TMMBot/0.2; +http://www.dslab.ch)/Nutch-1.15"
72.14.199.26 - - [13/Apr/2022:04:21:42 +0200] "GET /AmiKo/Privacy HTTP/1.1" 200 8621 "-" "PlayStore-Google"
72.14.199.22 - - [13/Apr/2022:04:21:44 +0200] "GET /Generikacc/Privacy HTTP/1.1" 200 8615 "-" "PlayStore-Google"
66.249.79.119 - - [13/Apr/2022:04:23:36 +0200] "GET /Main/2011 HTTP/1.1" 200 21451 "-" "Mozilla/5.0 (Linux; Android 6.0.1; Nexus 5X Build/MMB29P) AppleWebKit/537.36 (KHTML, like Gecko) Chrome/99.0.4844.84 Mobile Safari/537.36 (compatible; Googlebot/2.1; +http://www.google.com/bot.html)"
17.121.115.223 - - [13/Apr/2022:04:23:38 +0200] "GET /AmiKo/IOS HTTP/1.1" 200 11930 "-" "Mozilla/5.0 (Macintosh; Intel Mac OS X 10_15_5) AppleWebKit/605.1.15 (KHTML, like Gecko) Version/13.1.1 Safari/605.1.15 (Applebot/0.1; +http://www.apple.com/go/applebot)"
187.85.17.33 - - [13/Apr/2022:04:25:56 +0200] "GET / HTTP/1.1" 200 11443 "-" "Mozilla/5.0 (compatible; Googlebot/2.1; +http://www.google.com/bot.html)"
89.246.241.14 - - [13/Apr/2022:04:27:30 +0200] "GET /Main/FAZ HTTP/1.1" 200 8325 "-" "Mozilla/5.0 (Windows NT 10.0; Win64; x64; rv:84.0) Gecko/20100101 Firefox/84.0"
72.14.199.26 - - [13/Apr/2022:04:28:03 +0200] "GET /AmiKo/Privacy HTTP/1.1" 200 8621 "-" "Mozilla/5.0 (X11; Linux x86_64) AppleWebKit/537.36 (KHTML, like Gecko) Chrome/94.0.4606.81 Safari/537.36"
72.14.199.22 - - [13/Apr/2022:04:28:04 +0200] "GET /Generikacc/Privacy HTTP/1.1" 200 8615 "-" "Mozilla/5.0 (X11; Linux x86_64) AppleWebKit/537.36 (KHTML, like Gecko) Chrome/94.0.4606.81 Safari/537.36"
89.246.241.14 - - [13/Apr/2022:04:28:30 +0200] "GET /Oddb2xml/Version HTTP/1.1" 200 9879 "-" "Mozilla/5.0 (Windows NT 10.0; Win64; x64; rv:84.0) Gecko/20100101 Firefox/84.0"
72.14.199.24 - - [13/Apr/2022:04:29:05 +0200] "GET /AmiKo/Privacy HTTP/1.1" 200 8621 "-" "Mozilla/5.0 (X11; Linux i686; rv:93.0) Gecko/20100101 Firefox/93.0"
72.14.199.26 - - [13/Apr/2022:04:29:07 +0200] "GET /Generikacc/Privacy HTTP/1.1" 200 8615 "-" "Mozilla/5.0 (X11; Linux i686; rv:93.0) Gecko/20100101 Firefox/93.0"
77.75.76.169 - - [13/Apr/2022:04:29:53 +0200] "GET /robots.txt HTTP/1.1" 200 - "-" "Mozilla/5.0 (compatible; SeznamBot/3.2; +http://napoveda.seznam.cz/en/seznambot-intro/)"
77.75.76.169 - - [13/Apr/2022:04:29:53 +0200] "GET /Ywesee/OpenSource HTTP/1.1" 200 10790 "-" "Mozilla/5.0 (compatible; SeznamBot/3.2; +http://napoveda.seznam.cz/en/seznambot-intro/)"
89.246.241.14 - - [13/Apr/2022:04:31:21 +0200] "GET /MEDIupdateXML/Aerzte HTTP/1.1" 200 8529 "-" "Mozilla/5.0 (Windows NT 10.0; Win64; x64; rv:84.0) Gecko/20100101 Firefox/84.0"
40.77.167.98 - - [13/Apr/2022:04:31:56 +0200] "GET /robots.txt HTTP/1.1" 200 - "-" "Mozilla/5.0 (compatible; bingbot/2.0; +http://www.bing.com/bingbot.htm)"
72.14.199.26 - - [13/Apr/2022:04:32:02 +0200] "GET /AmiKo/Privacy HTTP/1.1" 200 8621 "-" "Mozilla/5.0 (Macintosh; Intel Mac OS X 11_6) AppleWebKit/605.1.15 (KHTML, like Gecko) Version/15.0 Safari/605.1.15"
72.14.199.22 - - [13/Apr/2022:04:32:04 +0200] "GET /Generikacc/Privacy HTTP/1.1" 200 8615 "-" "Mozilla/5.0 (Macintosh; Intel Mac OS X 11_6) AppleWebKit/605.1.15 (KHTML, like Gecko) Version/15.0 Safari/605.1.15"
207.46.13.53 - - [13/Apr/2022:04:32:07 +0200] "GET /Main/2019?action=print HTTP/1.1" 403 18 "-" "Mozilla/5.0 (compatible; bingbot/2.0; +http://www.bing.com/bingbot.htm)"
89.246.241.14 - - [13/Apr/2022:04:33:33 +0200] "GET /Main/WekoBlog HTTP/1.1" 200 22209 "-" "Mozilla/5.0 (Windows NT 10.0; Win64; x64; rv:84.0) Gecko/20100101 Firefox/84.0"
194.209.200.2 - - [13/Apr/2022:04:33:37 +0200] "GET /robots.txt HTTP/1.1" 200 - "-" "Mozilla/5.0 (compatible; TMMBot/0.2; +http://www.dslab.ch)/Nutch-1.15"
194.209.200.2 - - [13/Apr/2022:04:33:37 +0200] "GET /Oddb2xml/Index HTTP/1.1" 200 8983 "-" "Mozilla/5.0 (compatible; TMMBot/0.2; +http://www.dslab.ch)/Nutch-1.15"
194.209.200.2 - - [13/Apr/2022:04:34:04 +0200] "GET /AmiKo/Linux HTTP/1.1" 200 9217 "-" "Mozilla/5.0 (compatible; TMMBot/0.2; +http://www.dslab.ch)/Nutch-1.15"
194.209.200.2 - - [13/Apr/2022:04:34:11 +0200] "GET /Miele/MieleLXIV HTTP/1.1" 200 15367 "-" "Mozilla/5.0 (compatible; TMMBot/0.2; +http://www.dslab.ch)/Nutch-1.15"
54.36.149.85 - - [13/Apr/2022:04:35:29 +0200] "GET / HTTP/1.1" 200 11443 "-" "Mozilla/5.0 (compatible; AhrefsBot/7.0; +http://ahrefs.com/robot/)"
89.246.241.14 - - [13/Apr/2022:04:36:14 +0200] "GET /Main/Saldo HTTP/1.1" 200 8416 "-" "Mozilla/5.0 (Windows NT 10.0; Win64; x64; rv:84.0) Gecko/20100101 Firefox/84.0"
89.246.241.14 - - [13/Apr/2022:04:38:10 +0200] "GET /Epha/Flow HTTP/1.1" 200 8668 "-" "Mozilla/5.0 (Windows NT 10.0; Win64; x64; rv:84.0) Gecko/20100101 Firefox/84.0"
89.246.241.14 - - [13/Apr/2022:04:41:49 +0200] "GET /uploads/Main/IC-Enterprise.pdf HTTP/1.1" 200 868608 "-" "Mozilla/5.0 (Windows NT 10.0; Win64; x64; rv:84.0) Gecko/20100101 Firefox/84.0"
89.246.241.14 - - [13/Apr/2022:04:42:04 +0200] "GET /uploads/Main/Schreiben_Bfarm_20.3.2007.pdf HTTP/1.1" 200 607598 "-" "Mozilla/5.0 (Windows NT 10.0; Win64; x64; rv:84.0) Gecko/20100101 Firefox/84.0"
194.209.200.2 - - [13/Apr/2022:04:43:12 +0200] "GET /Generikacc/App HTTP/1.1" 200 11862 "-" "Mozilla/5.0 (compatible; TMMBot/0.2; +http://www.dslab.ch)/Nutch-1.15"
89.246.241.14 - - [13/Apr/2022:04:44:00 +0200] "GET /Main/2007?n=Main.SideBar?action=edit HTTP/1.1" 200 9322 "-" "Mozilla/5.0 (Windows NT 10.0; Win64; x64; rv:84.0) Gecko/20100101 Firefox/84.0"
194.209.200.2 - - [13/Apr/2022:04:46:05 +0200] "GET /Main/2018 HTTP/1.1" 200 15425 "-" "Mozilla/5.0 (compatible; TMMBot/0.2; +http://www.dslab.ch)/Nutch-1.15"
110.93.154.209 - - [13/Apr/2022:04:46:08 +0200] "GET /Miele/MieleLXIV HTTP/1.1" 200 15367 "-" "Mozilla/5.0 (Linux; Android 4.4.4; ko-kr; SAMSUNG SM-A700L Build/KTU84P) AppleWebKit/537.36 (KHTML like Gecko) Version/2.0 Chrome/34.0.1847.76 Mobile Safari/537.36"
110.93.154.210 - - [13/Apr/2022:04:46:12 +0200] "GET /Miele/MieleLXIV HTTP/1.1" 200 15367 "-" "Mozilla/4.0 (compatible; MSIE 7.0; Windows NT 6.1; Trident/6.0; SLCC2; .NET CLR 2.0.50727; .NET CLR 3.5.30729; .NET CLR 3.0.30729; Media Center PC 6.0; .NET4.0C; .NET4.0E; InfoPath.3; Tablet PC 2.0; moasigns=1.0.43; moasigns=1.0.43)"
89.246.241.14 - - [13/Apr/2022:04:47:13 +0200] "GET /Ywesee/KurzFachinfo HTTP/1.1" 200 8845 "-" "Mozilla/5.0 (Windows NT 10.0; Win64; x64; rv:84.0) Gecko/20100101 Firefox/84.0"
185.191.171.40 - - [13/Apr/2022:04:47:36 +0200] "GET /robots.txt HTTP/1.1" 200 - "-" "Mozilla/5.0 (compatible; SemrushBot/7~bl; +http://www.semrush.com/bot.html)"
185.191.171.45 - - [13/Apr/2022:04:47:37 +0200] "GET /Main/ExtremeProgramming?n=Main.SideBar%3Faction%3Dedit HTTP/1.1" 302 157 "-" "Mozilla/5.0 (compatible; SemrushBot/7~bl; +http://www.semrush.com/bot.html)"
123.125.109.136 - - [13/Apr/2022:04:48:14 +0200] "GET / HTTP/1.1" 200 11443 "-" "Sogou web spider/4.0(+http://www.sogou.com/docs/help/webmasters.htm#07)"
61.135.159.160 - - [13/Apr/2022:04:48:56 +0200] "GET / HTTP/1.1" 200 11443 "-" "Sogou web spider/4.0(+http://www.sogou.com/docs/help/webmasters.htm#07)"
61.135.159.200 - - [13/Apr/2022:04:48:58 +0200] "GET / HTTP/1.1" 200 11443 "-" "Sogou web spider/4.0(+http://www.sogou.com/docs/help/webmasters.htm#07)"
89.246.241.14 - - [13/Apr/2022:04:54:56 +0200] "GET /Main/2006?n=Main.SideBar?action=edit HTTP/1.1" 200 9322 "-" "Mozilla/5.0 (Windows NT 10.0; Win64; x64; rv:84.0) Gecko/20100101 Firefox/84.0"
131.220.6.152 - - [13/Apr/2022:04:56:00 +0200] "GET / HTTP/1.1" 200 11443 "-" "Mozilla/5.0 (X11; Linux x86_64) AppleWebKit/537.36 (KHTML, like Gecko) Chrome/79.0.3945.79 Safari/537.36"
95.163.255.82 - - [13/Apr/2022:04:56:03 +0200] "GET /robots.txt HTTP/1.0" 200 - "-" "Mozilla/5.0 (compatible; Linux x86_64; Mail.RU_Bot/2.0; +http://go.mail.ru/help/robots)"
95.163.255.84 - - [13/Apr/2022:04:56:05 +0200] "GET / HTTP/1.1" 200 11443 "-" "Mozilla/5.0 (compatible; Linux x86_64; Mail.RU_Bot/2.0; +http://go.mail.ru/help/robots)"
193.142.58.22 - - [13/Apr/2022:04:58:28 +0200] "GET / HTTP/1.1" 200 11443 "-" "Mozilla/5.0 (Windows NT 10.0; Win64; x64) AppleWebKit/537.36 (KHTML, like Gecko) Chrome/78.0.3904.108 Safari/537.36"
193.142.58.22 - - [13/Apr/2022:04:58:28 +0200] "GET /wp-includes/wlwmanifest.xml HTTP/1.1" 404 286 "-" "Mozilla/5.0 (Windows NT 10.0; Win64; x64) AppleWebKit/537.36 (KHTML, like Gecko) Chrome/78.0.3904.108 Safari/537.36"
193.142.58.22 - - [13/Apr/2022:04:58:28 +0200] "GET /xmlrpc.php?rsd HTTP/1.1" 404 269 "-" "Mozilla/5.0 (Windows NT 10.0; Win64; x64) AppleWebKit/537.36 (KHTML, like Gecko) Chrome/78.0.3904.108 Safari/537.36"
193.142.58.22 - - [13/Apr/2022:04:58:28 +0200] "GET / HTTP/1.1" 200 11443 "-" "Mozilla/5.0 (Windows NT 10.0; Win64; x64) AppleWebKit/537.36 (KHTML, like Gecko) Chrome/78.0.3904.108 Safari/537.36"
193.142.58.22 - - [13/Apr/2022:04:58:28 +0200] "GET /blog/wp-includes/wlwmanifest.xml HTTP/1.1" 404 291 "-" "Mozilla/5.0 (Windows NT 10.0; Win64; x64) AppleWebKit/537.36 (KHTML, like Gecko) Chrome/78.0.3904.108 Safari/537.36"
193.142.58.22 - - [13/Apr/2022:04:58:29 +0200] "GET /web/wp-includes/wlwmanifest.xml HTTP/1.1" 404 290 "-" "Mozilla/5.0 (Windows NT 10.0; Win64; x64) AppleWebKit/537.36 (KHTML, like Gecko) Chrome/78.0.3904.108 Safari/537.36"
193.142.58.22 - - [13/Apr/2022:04:58:29 +0200] "GET /wordpress/wp-includes/wlwmanifest.xml HTTP/1.1" 404 296 "-" "Mozilla/5.0 (Windows NT 10.0; Win64; x64) AppleWebKit/537.36 (KHTML, like Gecko) Chrome/78.0.3904.108 Safari/537.36"
193.142.58.22 - - [13/Apr/2022:04:58:29 +0200] "GET /website/wp-includes/wlwmanifest.xml HTTP/1.1" 404 294 "-" "Mozilla/5.0 (Windows NT 10.0; Win64; x64) AppleWebKit/537.36 (KHTML, like Gecko) Chrome/78.0.3904.108 Safari/537.36"
193.142.58.22 - - [13/Apr/2022:04:58:29 +0200] "GET /wp/wp-includes/wlwmanifest.xml HTTP/1.1" 404 289 "-" "Mozilla/5.0 (Windows NT 10.0; Win64; x64) AppleWebKit/537.36 (KHTML, like Gecko) Chrome/78.0.3904.108 Safari/537.36"
193.142.58.22 - - [13/Apr/2022:04:58:29 +0200] "GET /news/wp-includes/wlwmanifest.xml HTTP/1.1" 404 291 "-" "Mozilla/5.0 (Windows NT 10.0; Win64; x64) AppleWebKit/537.36 (KHTML, like Gecko) Chrome/78.0.3904.108 Safari/537.36"
193.142.58.22 - - [13/Apr/2022:04:58:29 +0200] "GET /2018/wp-includes/wlwmanifest.xml HTTP/1.1" 404 250 "-" "Mozilla/5.0 (Windows NT 10.0; Win64; x64) AppleWebKit/537.36 (KHTML, like Gecko) Chrome/78.0.3904.108 Safari/537.36"
193.142.58.22 - - [13/Apr/2022:04:58:29 +0200] "GET /2019/wp-includes/wlwmanifest.xml HTTP/1.1" 404 250 "-" "Mozilla/5.0 (Windows NT 10.0; Win64; x64) AppleWebKit/537.36 (KHTML, like Gecko) Chrome/78.0.3904.108 Safari/537.36"
193.142.58.22 - - [13/Apr/2022:04:58:29 +0200] "GET /shop/wp-includes/wlwmanifest.xml HTTP/1.1" 404 291 "-" "Mozilla/5.0 (Windows NT 10.0; Win64; x64) AppleWebKit/537.36 (KHTML, like Gecko) Chrome/78.0.3904.108 Safari/537.36"
193.142.58.22 - - [13/Apr/2022:04:58:29 +0200] "GET /wp1/wp-includes/wlwmanifest.xml HTTP/1.1" 404 290 "-" "Mozilla/5.0 (Windows NT 10.0; Win64; x64) AppleWebKit/537.36 (KHTML, like Gecko) Chrome/78.0.3904.108 Safari/537.36"
193.142.58.22 - - [13/Apr/2022:04:58:29 +0200] "GET /test/wp-includes/wlwmanifest.xml HTTP/1.1" 404 291 "-" "Mozilla/5.0 (Windows NT 10.0; Win64; x64) AppleWebKit/537.36 (KHTML, like Gecko) Chrome/78.0.3904.108 Safari/537.36"
193.142.58.22 - - [13/Apr/2022:04:58:29 +0200] "GET /media/wp-includes/wlwmanifest.xml HTTP/1.1" 404 292 "-" "Mozilla/5.0 (Windows NT 10.0; Win64; x64) AppleWebKit/537.36 (KHTML, like Gecko) Chrome/78.0.3904.108 Safari/537.36"
193.142.58.22 - - [13/Apr/2022:04:58:29 +0200] "GET /wp2/wp-includes/wlwmanifest.xml HTTP/1.1" 404 290 "-" "Mozilla/5.0 (Windows NT 10.0; Win64; x64) AppleWebKit/537.36 (KHTML, like Gecko) Chrome/78.0.3904.108 Safari/537.36"
193.142.58.22 - - [13/Apr/2022:04:58:29 +0200] "GET /site/wp-includes/wlwmanifest.xml HTTP/1.1" 404 291 "-" "Mozilla/5.0 (Windows NT 10.0; Win64; x64) AppleWebKit/537.36 (KHTML, like Gecko) Chrome/78.0.3904.108 Safari/537.36"
193.142.58.22 - - [13/Apr/2022:04:58:29 +0200] "GET /cms/wp-includes/wlwmanifest.xml HTTP/1.1" 404 290 "-" "Mozilla/5.0 (Windows NT 10.0; Win64; x64) AppleWebKit/537.36 (KHTML, like Gecko) Chrome/78.0.3904.108 Safari/537.36"
193.142.58.22 - - [13/Apr/2022:04:58:29 +0200] "GET /sito/wp-includes/wlwmanifest.xml HTTP/1.1" 404 291 "-" "Mozilla/5.0 (Windows NT 10.0; Win64; x64) AppleWebKit/537.36 (KHTML, like Gecko) Chrome/78.0.3904.108 Safari/537.36"
91.143.88.40 - - [13/Apr/2022:05:00:21 +0200] "GET /Ywesee/InfoCodexVorgehen HTTP/1.1" 200 12716 "-" "Mozilla/5.0 (compatible; InfoTigerBot/1.9; +https://infotiger.com/bot)"
89.246.241.14 - - [13/Apr/2022:05:00:34 +0200] "GET /uploads/Main/Saldo_12.9.2007.pdf HTTP/1.1" 200 6147 "-" "Mozilla/5.0 (Windows NT 10.0; Win64; x64; rv:84.0) Gecko/20100101 Firefox/84.0"
89.246.241.14 - - [13/Apr/2022:05:05:49 +0200] "GET /Main/2005?n=Main.SideBar?action=edit HTTP/1.1" 200 9322 "-" "Mozilla/5.0 (Windows NT 10.0; Win64; x64; rv:84.0) Gecko/20100101 Firefox/84.0"
89.246.241.14 - - [13/Apr/2022:05:08:22 +0200] "GET /Ywesee/ElektronischesPatientendossierSchweiz HTTP/1.1" 200 11065 "-" "Mozilla/5.0 (Windows NT 10.0; Win64; x64; rv:84.0) Gecko/20100101 Firefox/84.0"
91.143.88.40 - - [13/Apr/2022:05:11:01 +0200] "GET /Main/PharmacodeVsEancode HTTP/1.1" 200 13361 "-" "Mozilla/5.0 (compatible; InfoTigerBot/1.9; +https://infotiger.com/bot)"
194.209.200.2 - - [13/Apr/2022:05:12:07 +0200] "GET /robots.txt HTTP/1.1" 200 - "-" "Mozilla/5.0 (compatible; TMMBot/0.2; +http://www.dslab.ch)/Nutch-1.15"
194.209.200.2 - - [13/Apr/2022:05:12:07 +0200] "GET /Main/2016 HTTP/1.1" 200 13689 "-" "Mozilla/5.0 (compatible; TMMBot/0.2; +http://www.dslab.ch)/Nutch-1.15"
89.246.241.14 - - [13/Apr/2022:05:18:38 +0200] "GET /Main/2007?action=print HTTP/1.1" 200 45502 "-" "Mozilla/5.0 (Windows NT 10.0; Win64; x64; rv:84.0) Gecko/20100101 Firefox/84.0"
89.246.241.14 - - [13/Apr/2022:05:22:16 +0200] "GET /uploads/Main/an_jenny_17.10.2007.pdf HTTP/1.1" 200 154981 "-" "Mozilla/5.0 (Windows NT 10.0; Win64; x64; rv:84.0) Gecko/20100101 Firefox/84.0"
89.246.241.14 - - [13/Apr/2022:05:23:23 +0200] "GET /Main/Elexis HTTP/1.1" 200 10922 "-" "Mozilla/5.0 (Windows NT 10.0; Win64; x64; rv:84.0) Gecko/20100101 Firefox/84.0"
91.143.88.40 - - [13/Apr/2022:05:23:44 +0200] "GET /Ywesee/InfoCodex HTTP/1.1" 200 24435 "-" "Mozilla/5.0 (compatible; InfoTigerBot/1.9; +https://infotiger.com/bot)"
89.246.241.14 - - [13/Apr/2022:05:26:41 +0200] "GET /Ywesee/InfoCodexProximity HTTP/1.1" 200 9809 "-" "Mozilla/5.0 (Windows NT 10.0; Win64; x64; rv:84.0) Gecko/20100101 Firefox/84.0"
89.246.241.14 - - [13/Apr/2022:05:28:26 +0200] "GET /Main/FMH HTTP/1.1" 200 8327 "-" "Mozilla/5.0 (Windows NT 10.0; Win64; x64; rv:84.0) Gecko/20100101 Firefox/84.0"
89.246.241.14 - - [13/Apr/2022:05:30:31 +0200] "GET /uploads/Main/Excel_100_vergleichbare_Medikamente_Schweiz_Deutschland.xls HTTP/1.1" 200 137216 "-" "Mozilla/5.0 (Windows NT 10.0; Win64; x64; rv:84.0) Gecko/20100101 Firefox/84.0"
182.86.69.112 - - [13/Apr/2022:05:32:08 +0200] "GET / HTTP/1.1" 200 11443 "http://www.ywesee.com" "Mozilla/4.0 (compatible; MSIE 7.0; Windows NT 6.1; WOW64; Trident/7.0; SLCC2; .NET CLR 2.0.50727; .NET CLR 3.5.30729; .NET CLR 3.0.30729; Media Center PC 6.0; .NET4.0C; .NET4.0E)"
182.86.69.112 - - [13/Apr/2022:05:32:09 +0200] "GET /Ywesee/About HTTP/1.1" 200 9132 "http://www.ywesee.com" "Mozilla/4.0 (compatible; MSIE 7.0; Windows NT 6.1; WOW64; Trident/7.0; SLCC2; .NET CLR 2.0.50727; .NET CLR 3.5.30729; .NET CLR 3.0.30729; Media Center PC 6.0; .NET4.0C; .NET4.0E)"
182.86.69.112 - - [13/Apr/2022:05:32:09 +0200] "GET /Ywesee/Events HTTP/1.1" 200 8918 "http://www.ywesee.com" "Mozilla/4.0 (compatible; MSIE 7.0; Windows NT 6.1; WOW64; Trident/7.0; SLCC2; .NET CLR 2.0.50727; .NET CLR 3.5.30729; .NET CLR 3.0.30729; Media Center PC 6.0; .NET4.0C; .NET4.0E)"
182.86.69.112 - - [13/Apr/2022:05:32:09 +0200] "GET /Ywesee/Team HTTP/1.1" 200 18245 "http://www.ywesee.com" "Mozilla/4.0 (compatible; MSIE 7.0; Windows NT 6.1; WOW64; Trident/7.0; SLCC2; .NET CLR 2.0.50727; .NET CLR 3.5.30729; .NET CLR 3.0.30729; Media Center PC 6.0; .NET4.0C; .NET4.0E)"
182.86.69.112 - - [13/Apr/2022:05:32:09 +0200] "GET /Ywesee/Kontakt HTTP/1.1" 200 8973 "http://www.ywesee.com" "Mozilla/4.0 (compatible; MSIE 7.0; Windows NT 6.1; WOW64; Trident/7.0; SLCC2; .NET CLR 2.0.50727; .NET CLR 3.5.30729; .NET CLR 3.0.30729; Media Center PC 6.0; .NET4.0C; .NET4.0E)"
89.246.241.14 - - [13/Apr/2022:05:35:32 +0200] "GET /MEDIupdateXML/Aerzte?action=edit HTTP/1.1" 200 9406 "-" "Mozilla/5.0 (Windows NT 10.0; Win64; x64; rv:84.0) Gecko/20100101 Firefox/84.0"
89.246.241.14 - - [13/Apr/2022:05:35:39 +0200] "GET /MEDIupdateXML/Aerzte?action=diff HTTP/1.1" 200 10024 "-" "Mozilla/5.0 (Windows NT 10.0; Win64; x64; rv:84.0) Gecko/20100101 Firefox/84.0"
77.75.78.172 - - [13/Apr/2022:05:35:47 +0200] "GET /robots.txt HTTP/1.1" 200 - "-" "Mozilla/5.0 (compatible; SeznamBot/3.2; +http://napoveda.seznam.cz/en/seznambot-intro/)"
77.75.78.172 - - [13/Apr/2022:05:35:48 +0200] "GET /Scan2Post/MacOS HTTP/1.1" 200 9023 "-" "Mozilla/5.0 (compatible; SeznamBot/3.2; +http://napoveda.seznam.cz/en/seznambot-intro/)"
185.191.171.15 - - [13/Apr/2022:05:37:35 +0200] "GET /SpitalSchweiz/FinanzenImMinus2012 HTTP/1.1" 200 9243 "-" "Mozilla/5.0 (compatible; SemrushBot/7~bl; +http://www.semrush.com/bot.html)"
89.246.241.14 - - [13/Apr/2022:05:41:10 +0200] "GET /uploads/Main/Stellenbeschreibung_Ruby_ywesee_GmbH.pdf HTTP/1.1" 200 65223 "-" "Mozilla/5.0 (Windows NT 10.0; Win64; x64; rv:84.0) Gecko/20100101 Firefox/84.0"
89.246.241.14 - - [13/Apr/2022:05:44:48 +0200] "GET /Main/2006?action=print HTTP/1.1" 200 34248 "-" "Mozilla/5.0 (Windows NT 10.0; Win64; x64; rv:84.0) Gecko/20100101 Firefox/84.0"
89.246.241.14 - - [13/Apr/2022:05:44:56 +0200] "GET /Main/2007?action=diff HTTP/1.1" 200 57691 "-" "Mozilla/5.0 (Windows NT 10.0; Win64; x64; rv:84.0) Gecko/20100101 Firefox/84.0"
118.184.177.79 - - [13/Apr/2022:05:45:42 +0200] "GET / HTTP/1.1" 200 11443 "-" "Sogou web spider/4.0(+http://www.sogou.com/docs/help/webmasters.htm#07)"
89.246.241.14 - - [13/Apr/2022:05:46:57 +0200] "GET /Apotheke/POS HTTP/1.1" 200 11138 "-" "Mozilla/5.0 (Windows NT 10.0; Win64; x64; rv:84.0) Gecko/20100101 Firefox/84.0"
89.246.241.14 - - [13/Apr/2022:05:48:25 +0200] "GET /Main/2006?action=upload HTTP/1.1" 200 8737 "-" "Mozilla/5.0 (Windows NT 10.0; Win64; x64; rv:84.0) Gecko/20100101 Firefox/84.0"
194.93.0.40 - - [13/Apr/2022:05:48:30 +0200] "GET /robots.txt HTTP/1.0" 200 - "-" "Mozilla/4.0 (compatible; fluid/0.0; +http://www.leak.info/bot.html)"
89.246.241.14 - - [13/Apr/2022:05:48:33 +0200] "GET /Main HTTP/1.1" 302 154 "-" "Mozilla/5.0 (Windows NT 10.0; Win64; x64; rv:84.0) Gecko/20100101 Firefox/84.0"
89.246.241.14 - - [13/Apr/2022:05:49:00 +0200] "GET /uploads/Main/Deutsche_Pillen_sind_billiger.pdf HTTP/1.1" 200 144061 "-" "Mozilla/5.0 (Windows NT 10.0; Win64; x64; rv:84.0) Gecko/20100101 Firefox/84.0"
89.246.241.14 - - [13/Apr/2022:05:53:57 +0200] "GET /Main/NZZ HTTP/1.1" 200 8325 "-" "Mozilla/5.0 (Windows NT 10.0; Win64; x64; rv:84.0) Gecko/20100101 Firefox/84.0"
89.246.241.14 - - [13/Apr/2022:05:55:38 +0200] "GET /Main/2005?action=print HTTP/1.1" 200 58097 "-" "Mozilla/5.0 (Windows NT 10.0; Win64; x64; rv:84.0) Gecko/20100101 Firefox/84.0"
89.246.241.14 - - [13/Apr/2022:05:55:55 +0200] "GET /uploads/Main/Facharbeit_Raphael_Waltert.pdf HTTP/1.1" 200 1004701 "-" "Mozilla/5.0 (Windows NT 10.0; Win64; x64; rv:84.0) Gecko/20100101 Firefox/84.0"
89.246.241.14 - - [13/Apr/2022:05:56:11 +0200] "GET /Ywesee/IGM11 HTTP/1.1" 200 13051 "-" "Mozilla/5.0 (Windows NT 10.0; Win64; x64; rv:84.0) Gecko/20100101 Firefox/84.0"
89.246.241.14 - - [13/Apr/2022:05:56:19 +0200] "GET /uploads/Main/Facharbeit_Mike_Walder.pdf HTTP/1.1" 200 989761 "-" "Mozilla/5.0 (Windows NT 10.0; Win64; x64; rv:84.0) Gecko/20100101 Firefox/84.0"
89.246.241.14 - - [13/Apr/2022:05:56:31 +0200] "GET /uploads/Main/Seite_2.pdf HTTP/1.1" 200 1081044 "-" "Mozilla/5.0 (Windows NT 10.0; Win64; x64; rv:84.0) Gecko/20100101 Firefox/84.0"
171.34.176.213 - - [13/Apr/2022:05:57:07 +0200] "GET / HTTP/1.1" 200 11443 "-" "Mozilla/5.0 (X11; Linux x86_64) AppleWebKit/537.36 (KHTML, like Gecko) HeadlessChrome/85.0.4183.121 Safari/537.36"
171.34.178.115 - - [13/Apr/2022:05:57:08 +0200] "GET /pub/skins/ywesee/gila.css HTTP/1.1" 200 8276 "-" "Mozilla/5.0 (X11; Linux x86_64) AppleWebKit/537.36 (KHTML, like Gecko) HeadlessChrome/85.0.4183.121 Safari/537.36"
171.34.177.94 - - [13/Apr/2022:05:57:08 +0200] "GET /uploads/Main/yweseelogo.gif HTTP/1.1" 200 2982 "https://ywesee.com/" "Mozilla/5.0 (X11; Linux x86_64) AppleWebKit/537.36 (KHTML, like Gecko) HeadlessChrome/85.0.4183.121 Safari/537.36"
89.246.241.14 - - [13/Apr/2022:05:57:54 +0200] "GET /Main/2007?action=upload HTTP/1.1" 200 8737 "-" "Mozilla/5.0 (Windows NT 10.0; Win64; x64; rv:84.0) Gecko/20100101 Firefox/84.0"
194.209.200.2 - - [13/Apr/2022:06:06:03 +0200] "GET /robots.txt HTTP/1.1" 200 - "-" "Mozilla/5.0 (compatible; TMMBot/0.2; +http://www.dslab.ch)/Nutch-1.15"
194.209.200.2 - - [13/Apr/2022:06:06:03 +0200] "GET /Software/YDIM HTTP/1.1" 200 8834 "-" "Mozilla/5.0 (compatible; TMMBot/0.2; +http://www.dslab.ch)/Nutch-1.15"
77.75.77.11 - - [13/Apr/2022:06:07:19 +0200] "GET /robots.txt HTTP/1.1" 200 - "-" "Mozilla/5.0 (compatible; SeznamBot/3.2; +http://napoveda.seznam.cz/en/seznambot-intro/)"
77.75.77.11 - - [13/Apr/2022:06:07:19 +0200] "GET /Ywesee/BitcoinBlockchain HTTP/1.1" 200 9811 "-" "Mozilla/5.0 (compatible; SeznamBot/3.2; +http://napoveda.seznam.cz/en/seznambot-intro/)"
194.209.200.2 - - [13/Apr/2022:06:11:46 +0200] "GET /Main/2012 HTTP/1.1" 200 31941 "-" "Mozilla/5.0 (compatible; TMMBot/0.2; +http://www.dslab.ch)/Nutch-1.15"
194.209.200.2 - - [13/Apr/2022:06:11:54 +0200] "GET /ODDB/IntegrationLookAmpFeelGenerikasuche HTTP/1.1" 200 9097 "-" "Mozilla/5.0 (compatible; TMMBot/0.2; +http://www.dslab.ch)/Nutch-1.15"
5.188.210.93 - - [13/Apr/2022:06:14:44 +0200] "GET / HTTP/1.0" 200 11443 "https://ywesee.com/" "Mozilla/5.0 (Windows NT 6.1; WOW64) AppleWebKit/537.36 (KHTML, like Gecko) Chrome/90.0.4430.72 Safari/537.36"
5.188.210.93 - - [13/Apr/2022:06:14:44 +0200] "GET /Ywesee/Kontakt HTTP/1.0" 200 8973 "https://www.ywesee.com/Ywesee/Kontakt" "Mozilla/5.0 (Windows NT 6.1; WOW64) AppleWebKit/537.36 (KHTML, like Gecko) Chrome/90.0.4430.72 Safari/537.36"
