194.209.200.2 - - [13/Apr/2022:10:33:37 +0200] "GET /Software/ODDB HTTP/1.1" 200 10298 "-" "Mozilla/5.0 (compatible; TMMBot/0.2; +http://www.dslab.ch)/Nutch-1.15"
17.121.113.90 - - [13/Apr/2022:10:33:52 +0200] "GET /Generikacc/App HTTP/1.1" 200 11862 "-" "Mozilla/5.0 (Macintosh; Intel Mac OS X 10_15_5) AppleWebKit/605.1.15 (KHTML, like Gecko) Version/13.1.1 Safari/605.1.15 (Applebot/0.1; +http://www.apple.com/go/applebot)"
194.209.200.2 - - [13/Apr/2022:10:35:22 +0200] "GET /Main/2014 HTTP/1.1" 200 19471 "-" "Mozilla/5.0 (compatible; TMMBot/0.2; +http://www.dslab.ch)/Nutch-1.15"
91.143.88.40 - - [13/Apr/2022:10:37:57 +0200] "GET /Ywesee/Team HTTP/1.1" 200 18245 "-" "Mozilla/5.0 (compatible; InfoTigerBot/1.9; +https://infotiger.com/bot)"
66.249.79.121 - - [13/Apr/2022:10:38:12 +0200] "GET /AmiKo/Flyer HTTP/1.1" 200 8708 "-" "Mozilla/5.0 (Linux; Android 6.0.1; Nexus 5X Build/MMB29P) AppleWebKit/537.36 (KHTML, like Gecko) Chrome/99.0.4844.84 Mobile Safari/537.36 (compatible; Googlebot/2.1; +http://www.google.com/bot.html)"
101.43.118.245 - - [13/Apr/2022:10:42:15 +0200] "GET / HTTP/1.1" 200 11443 "-" "Mozilla/5.0 (Windows NT 10.0; WOW64) AppleWebKit/537.36 (KHTML, like Gecko) Chrome/63.0.3239.132 Safari/537.36"
191.96.150.226 - - [13/Apr/2022:10:46:39 +0200] "GET / HTTP/1.1" 200 11443 "-" "Mozilla/5.0 (Windows; U; Windows NT 6.1; en-US; rv:1.9.1.5) Gecko/20091102 Firefox/3.5.5 (.NET CLR 3.5.30729)"
185.191.171.38 - - [13/Apr/2022:10:58:30 +0200] "GET /AmiKo/Barcodes?n=Main.SideBar%3Faction%3Dedit HTTP/1.1" 302 157 "-" "Mozilla/5.0 (compatible; SemrushBot/7~bl; +http://www.semrush.com/bot.html)"
207.46.13.58 - - [13/Apr/2022:11:05:17 +0200] "GET /Main/2014?action=diff HTTP/1.1" 403 18 "-" "Mozilla/5.0 (compatible; bingbot/2.0; +http://www.bing.com/bingbot.htm)"
77.75.76.162 - - [13/Apr/2022:11:11:55 +0200] "GET /robots.txt HTTP/1.1" 200 - "-" "Mozilla/5.0 (compatible; SeznamBot/3.2; +http://napoveda.seznam.cz/en/seznambot-intro/)"
77.75.76.162 - - [13/Apr/2022:11:11:56 +0200] "GET /Main/Xls2odat HTTP/1.1" 200 8413 "-" "Mozilla/5.0 (compatible; SeznamBot/3.2; +http://napoveda.seznam.cz/en/seznambot-intro/)"
129.211.167.200 - - [13/Apr/2022:11:19:01 +0200] "GET / HTTP/1.1" 200 11443 "-" "python-requests/2.26.0"
66.249.79.117 - - [13/Apr/2022:11:21:49 +0200] "GET /Swissmedic/AIPSXMLImport HTTP/1.1" 200 10819 "-" "Mozilla/5.0 (Linux; Android 6.0.1; Nexus 5X Build/MMB29P) AppleWebKit/537.36 (KHTML, like Gecko) Chrome/99.0.4844.84 Mobile Safari/537.36 (compatible; Googlebot/2.1; +http://www.google.com/bot.html)"
185.191.171.38 - - [13/Apr/2022:11:21:57 +0200] "GET /Main/EANCode?action=edit HTTP/1.1" 403 18 "-" "Mozilla/5.0 (compatible; SemrushBot/7~bl; +http://www.semrush.com/bot.html)"
17.121.114.63 - - [13/Apr/2022:11:23:17 +0200] "GET /ODDB/IndividuelleMediliste HTTP/1.1" 200 9139 "-" "Mozilla/5.0 (Macintosh; Intel Mac OS X 10_15_5) AppleWebKit/605.1.15 (KHTML, like Gecko) Version/13.1.1 Safari/605.1.15 (Applebot/0.1; +http://www.apple.com/go/applebot)"
194.209.200.2 - - [13/Apr/2022:11:28:07 +0200] "GET /robots.txt HTTP/1.1" 200 - "-" "Mozilla/5.0 (compatible; TMMBot/0.2; +http://www.dslab.ch)/Nutch-1.15"
194.209.200.2 - - [13/Apr/2022:11:28:08 +0200] "GET /Oddb2xml/Index HTTP/1.1" 200 8983 "-" "Mozilla/5.0 (compatible; TMMBot/0.2; +http://www.dslab.ch)/Nutch-1.15"
194.209.200.2 - - [13/Apr/2022:11:28:37 +0200] "GET /AmiKo/Windows HTTP/1.1" 200 10332 "-" "Mozilla/5.0 (compatible; TMMBot/0.2; +http://www.dslab.ch)/Nutch-1.15"
72.14.199.26 - - [13/Apr/2022:11:32:46 +0200] "GET /AmiKo/Privacy HTTP/1.1" 200 8621 "-" "PlayStore-Google"
194.209.200.2 - - [13/Apr/2022:11:34:26 +0200] "GET /Main/2009 HTTP/1.1" 200 21688 "-" "Mozilla/5.0 (compatible; TMMBot/0.2; +http://www.dslab.ch)/Nutch-1.15"
194.209.200.2 - - [13/Apr/2022:11:34:39 +0200] "GET /Software/BBMB HTTP/1.1" 200 9385 "-" "Mozilla/5.0 (compatible; TMMBot/0.2; +http://www.dslab.ch)/Nutch-1.15"
66.249.79.119 - - [13/Apr/2022:11:34:54 +0200] "GET /ads.txt HTTP/1.1" 404 270 "-" "Mozilla/5.0 (compatible; Googlebot/2.1; +http://www.google.com/bot.html)"
194.209.200.2 - - [13/Apr/2022:11:35:05 +0200] "GET /Main/2012 HTTP/1.1" 200 31941 "-" "Mozilla/5.0 (compatible; TMMBot/0.2; +http://www.dslab.ch)/Nutch-1.15"
194.209.200.2 - - [13/Apr/2022:11:35:13 +0200] "GET /ODDB/IntegrationLookAmpFeelGenerikasuche HTTP/1.1" 200 9097 "-" "Mozilla/5.0 (compatible; TMMBot/0.2; +http://www.dslab.ch)/Nutch-1.15"
185.191.171.18 - - [13/Apr/2022:11:40:08 +0200] "GET /robots.txt HTTP/1.1" 200 - "-" "Mozilla/5.0 (compatible; SemrushBot/7~bl; +http://www.semrush.com/bot.html)"
185.191.171.39 - - [13/Apr/2022:11:40:09 +0200] "GET /Main/Kolumne?action=edit HTTP/1.1" 403 18 "-" "Mozilla/5.0 (compatible; SemrushBot/7~bl; +http://www.semrush.com/bot.html)"
66.249.79.121 - - [13/Apr/2022:11:43:37 +0200] "GET /Ywesee/About HTTP/1.1" 200 9132 "-" "Mozilla/5.0 (Linux; Android 6.0.1; Nexus 5X Build/MMB29P) AppleWebKit/537.36 (KHTML, like Gecko) Chrome/99.0.4844.84 Mobile Safari/537.36 (compatible; Googlebot/2.1; +http://www.google.com/bot.html)"
123.183.224.101 - - [13/Apr/2022:11:44:15 +0200] "GET / HTTP/1.1" 200 11443 "-" "Sogou web spider/4.0(+http://www.sogou.com/docs/help/webmasters.htm#07)"
91.143.88.40 - - [13/Apr/2022:11:45:43 +0200] "GET /Main/ExtremeProgramming HTTP/1.1" 200 8767 "-" "Mozilla/5.0 (compatible; InfoTigerBot/1.9; +https://infotiger.com/bot)"
194.209.200.2 - - [13/Apr/2022:12:04:49 +0200] "GET /robots.txt HTTP/1.1" 200 - "-" "Mozilla/5.0 (compatible; TMMBot/0.2; +http://www.dslab.ch)/Nutch-1.15"
194.209.200.2 - - [13/Apr/2022:12:04:49 +0200] "GET /AmiKo/Linux HTTP/1.1" 200 9217 "-" "Mozilla/5.0 (compatible; TMMBot/0.2; +http://www.dslab.ch)/Nutch-1.15"
66.249.79.119 - - [13/Apr/2022:12:05:25 +0200] "GET /Ausschreibung/SAI HTTP/1.1" 200 10366 "-" "Mozilla/5.0 (Linux; Android 6.0.1; Nexus 5X Build/MMB29P) AppleWebKit/537.36 (KHTML, like Gecko) Chrome/99.0.4844.84 Mobile Safari/537.36 (compatible; Googlebot/2.1; +http://www.google.com/bot.html)"
194.209.200.2 - - [13/Apr/2022:12:07:19 +0200] "GET /Main/2011 HTTP/1.1" 200 21451 "-" "Mozilla/5.0 (compatible; TMMBot/0.2; +http://www.dslab.ch)/Nutch-1.15"
34.220.178.135 - - [13/Apr/2022:12:18:49 +0200] "GET / HTTP/1.1" 200 11443 "-" "-"
74.125.218.121 - - [13/Apr/2022:12:21:47 +0200] "GET /Generikacc/Privacy HTTP/1.1" 200 8615 "-" "PlayStore-Google"
66.249.77.121 - - [13/Apr/2022:12:27:14 +0200] "GET /Software/Developers HTTP/1.1" 200 8897 "-" "Mozilla/5.0 (Linux; Android 6.0.1; Nexus 5X Build/MMB29P) AppleWebKit/537.36 (KHTML, like Gecko) Chrome/99.0.4844.84 Mobile Safari/537.36 (compatible; Googlebot/2.1; +http://www.google.com/bot.html)"
194.209.200.2 - - [13/Apr/2022:12:31:28 +0200] "GET /robots.txt HTTP/1.1" 200 - "-" "Mozilla/5.0 (compatible; TMMBot/0.2; +http://www.dslab.ch)/Nutch-1.15"
194.209.200.2 - - [13/Apr/2022:12:31:28 +0200] "GET /AmiKo/Windows HTTP/1.1" 200 10332 "-" "Mozilla/5.0 (compatible; TMMBot/0.2; +http://www.dslab.ch)/Nutch-1.15"
194.209.200.2 - - [13/Apr/2022:12:31:44 +0200] "GET /Software/YDIM HTTP/1.1" 200 8834 "-" "Mozilla/5.0 (compatible; TMMBot/0.2; +http://www.dslab.ch)/Nutch-1.15"
194.209.200.2 - - [13/Apr/2022:12:33:01 +0200] "GET /Main/2008 HTTP/1.1" 200 34740 "-" "Mozilla/5.0 (compatible; TMMBot/0.2; +http://www.dslab.ch)/Nutch-1.15"
194.209.200.2 - - [13/Apr/2022:12:33:36 +0200] "GET /Main/2013 HTTP/1.1" 200 20487 "-" "Mozilla/5.0 (compatible; TMMBot/0.2; +http://www.dslab.ch)/Nutch-1.15"
194.209.200.2 - - [13/Apr/2022:12:33:44 +0200] "GET /AmiKo/IOS HTTP/1.1" 200 11930 "-" "Mozilla/5.0 (compatible; TMMBot/0.2; +http://www.dslab.ch)/Nutch-1.15"
194.209.200.2 - - [13/Apr/2022:12:35:35 +0200] "GET /Software/ODDB HTTP/1.1" 200 10298 "-" "Mozilla/5.0 (compatible; TMMBot/0.2; +http://www.dslab.ch)/Nutch-1.15"
194.209.200.2 - - [13/Apr/2022:12:37:00 +0200] "GET /Main/2016 HTTP/1.1" 200 13689 "-" "Mozilla/5.0 (compatible; TMMBot/0.2; +http://www.dslab.ch)/Nutch-1.15"
84.244.19.15 - - [13/Apr/2022:12:40:26 +0200] "GET /Ywesee/Earnings?action=print HTTP/1.0" 200 4157 "https://ywesee.com/Ywesee/Earnings?action=print" "Mozilla/5.0 (Windows NT 10.0; Win64; x64) AppleWebKit/537.36 (KHTML, like Gecko) Chrome/90.0.4430.72 Safari/537.36 Edg/90.0.818.39"
112.85.88.35 - - [13/Apr/2022:12:41:15 +0200] "GET / HTTP/1.1" 200 11443 "-" "Mozilla/5.0 (iPhone; CPU iPhone OS 11_0 like Mac OS X) AppleWebKit/604.1.38 (KHTML, like Gecko) Version/11.0 Mobile/15A372 Safari/604.1"
106.11.153.79 - - [13/Apr/2022:12:41:16 +0200] "GET /pub/skins/ywesee/gila.css HTTP/1.1" 200 8276 "-" "Mozilla/5.0 (iPhone; CPU iPhone OS 11_0 like Mac OS X) AppleWebKit/604.1.38 (KHTML, like Gecko) Version/11.0 Mobile/15A372 Safari/604.1"
91.143.88.40 - - [13/Apr/2022:12:43:55 +0200] "GET /uploads/Main/comco_32-0249_16.12.2016_deepl_FR_22.1.2021.txt HTTP/1.1" 200 392756 "-" "Mozilla/5.0 (compatible; InfoTigerBot/1.9; +https://infotiger.com/bot)"
91.143.88.40 - - [13/Apr/2022:12:56:28 +0200] "GET /Main/ComCo19122016 HTTP/1.1" 200 10547 "-" "Mozilla/5.0 (compatible; InfoTigerBot/1.9; +https://infotiger.com/bot)"
185.191.171.1 - - [13/Apr/2022:12:58:28 +0200] "GET /robots.txt HTTP/1.1" 200 - "-" "Mozilla/5.0 (compatible; SemrushBot/7~bl; +http://www.semrush.com/bot.html)"
185.191.171.42 - - [13/Apr/2022:12:58:28 +0200] "GET /AmiKo/IOS HTTP/1.1" 200 11930 "-" "Mozilla/5.0 (compatible; SemrushBot/7~bl; +http://www.semrush.com/bot.html)"
194.209.200.2 - - [13/Apr/2022:13:03:55 +0200] "GET /robots.txt HTTP/1.1" 200 - "-" "Mozilla/5.0 (compatible; TMMBot/0.2; +http://www.dslab.ch)/Nutch-1.15"
194.209.200.2 - - [13/Apr/2022:13:03:55 +0200] "GET /Main/2006 HTTP/1.1" 200 39320 "-" "Mozilla/5.0 (compatible; TMMBot/0.2; +http://www.dslab.ch)/Nutch-1.15"
194.209.200.2 - - [13/Apr/2022:13:07:48 +0200] "GET /Main/2018 HTTP/1.1" 200 15425 "-" "Mozilla/5.0 (compatible; TMMBot/0.2; +http://www.dslab.ch)/Nutch-1.15"
18.212.190.238 - - [13/Apr/2022:13:12:56 +0200] "GET /robots.txt HTTP/1.1" 200 - "-" "MauiBot (crawler.feedback+gamma@gmail.com)"
91.143.88.40 - - [13/Apr/2022:13:21:25 +0200] "GET /Main/WekoBlogAntragAufErweiterung HTTP/1.1" 200 15562 "-" "Mozilla/5.0 (compatible; InfoTigerBot/1.9; +https://infotiger.com/bot)"
123.125.109.136 - - [13/Apr/2022:13:34:47 +0200] "GET / HTTP/1.1" 200 11443 "-" "Sogou web spider/4.0(+http://www.sogou.com/docs/help/webmasters.htm#07)"
194.209.200.2 - - [13/Apr/2022:13:34:57 +0200] "GET /robots.txt HTTP/1.1" 200 - "-" "Mozilla/5.0 (compatible; TMMBot/0.2; +http://www.dslab.ch)/Nutch-1.15"
194.209.200.2 - - [13/Apr/2022:13:34:57 +0200] "GET /AmiKo/Windows HTTP/1.1" 200 10332 "-" "Mozilla/5.0 (compatible; TMMBot/0.2; +http://www.dslab.ch)/Nutch-1.15"
49.7.20.107 - - [13/Apr/2022:13:39:00 +0200] "GET / HTTP/1.1" 200 11443 "-" "Sogou web spider/4.0(+http://www.sogou.com/docs/help/webmasters.htm#07)"
194.209.200.2 - - [13/Apr/2022:13:40:48 +0200] "GET /Software/BBMB HTTP/1.1" 200 9385 "-" "Mozilla/5.0 (compatible; TMMBot/0.2; +http://www.dslab.ch)/Nutch-1.15"
123.125.109.136 - - [13/Apr/2022:13:41:27 +0200] "GET / HTTP/1.1" 200 11443 "-" "Sogou web spider/4.0(+http://www.sogou.com/docs/help/webmasters.htm#07)"
192.99.4.168 - - [13/Apr/2022:13:43:57 +0200] "GET /robots.txt HTTP/1.1" 200 - "-" "Mozilla/5.0 (compatible; MJ12bot/v1.4.8; http://mj12bot.com/)"
192.99.4.168 - - [13/Apr/2022:13:43:59 +0200] "GET /AmiKo/Android?action=edit HTTP/1.1" 403 18 "-" "Mozilla/5.0 (compatible; MJ12bot/v1.4.8; http://mj12bot.com/)"
192.99.4.168 - - [13/Apr/2022:13:44:02 +0200] "GET /AmiKo/Ankuendigung?action=edit HTTP/1.1" 403 18 "-" "Mozilla/5.0 (compatible; MJ12bot/v1.4.8; http://mj12bot.com/)"
192.99.4.168 - - [13/Apr/2022:13:44:12 +0200] "GET /AmiKo/Index?action=edit HTTP/1.1" 403 18 "-" "Mozilla/5.0 (compatible; MJ12bot/v1.4.8; http://mj12bot.com/)"
192.99.4.168 - - [13/Apr/2022:13:44:15 +0200] "GET /AmiKo/KrankenkassenKartenleser?action=edit HTTP/1.1" 403 18 "-" "Mozilla/5.0 (compatible; MJ12bot/v1.4.8; http://mj12bot.com/)"
192.99.4.168 - - [13/Apr/2022:13:44:16 +0200] "GET /AmiKo/Linux?action=edit HTTP/1.1" 403 18 "-" "Mozilla/5.0 (compatible; MJ12bot/v1.4.8; http://mj12bot.com/)"
192.99.4.168 - - [13/Apr/2022:13:44:22 +0200] "GET /AmiKo/OSX?action=edit HTTP/1.1" 403 18 "-" "Mozilla/5.0 (compatible; MJ12bot/v1.4.8; http://mj12bot.com/)"
192.99.4.168 - - [13/Apr/2022:13:44:23 +0200] "GET /AmiKo/SAPP?action=edit HTTP/1.1" 403 18 "-" "Mozilla/5.0 (compatible; MJ12bot/v1.4.8; http://mj12bot.com/)"
192.99.4.168 - - [13/Apr/2022:13:44:24 +0200] "GET /AmiKo/Swisspeddose?action=edit HTTP/1.1" 403 18 "-" "Mozilla/5.0 (compatible; MJ12bot/v1.4.8; http://mj12bot.com/)"
192.99.4.168 - - [13/Apr/2022:13:44:28 +0200] "GET /AmiKo/Web?action=edit HTTP/1.1" 403 18 "-" "Mozilla/5.0 (compatible; MJ12bot/v1.4.8; http://mj12bot.com/)"
192.99.4.168 - - [13/Apr/2022:13:44:32 +0200] "GET /AmiKo/Windows?action=edit HTTP/1.1" 403 18 "-" "Mozilla/5.0 (compatible; MJ12bot/v1.4.8; http://mj12bot.com/)"
192.99.4.168 - - [13/Apr/2022:13:44:47 +0200] "GET /CoMed/ASPP?action=edit HTTP/1.1" 403 18 "-" "Mozilla/5.0 (compatible; MJ12bot/v1.4.8; http://mj12bot.com/)"
192.99.4.168 - - [13/Apr/2022:13:44:48 +0200] "GET /CoMed/Android?action=edit HTTP/1.1" 403 18 "-" "Mozilla/5.0 (compatible; MJ12bot/v1.4.8; http://mj12bot.com/)"
192.99.4.168 - - [13/Apr/2022:13:44:56 +0200] "GET /CoMed/IOS?action=edit HTTP/1.1" 403 18 "-" "Mozilla/5.0 (compatible; MJ12bot/v1.4.8; http://mj12bot.com/)"
192.99.4.168 - - [13/Apr/2022:13:44:59 +0200] "GET /CoronaVirus/Links?action=edit HTTP/1.1" 403 18 "-" "Mozilla/5.0 (compatible; MJ12bot/v1.4.8; http://mj12bot.com/)"
192.99.4.168 - - [13/Apr/2022:13:45:01 +0200] "GET /Covid19/Covid19?action=edit HTTP/1.1" 403 18 "-" "Mozilla/5.0 (compatible; MJ12bot/v1.4.8; http://mj12bot.com/)"
192.99.4.168 - - [13/Apr/2022:13:45:35 +0200] "GET /Eggze/SpreadIt?action=diff HTTP/1.1" 403 18 "-" "Mozilla/5.0 (compatible; MJ12bot/v1.4.8; http://mj12bot.com/)"
192.99.4.168 - - [13/Apr/2022:13:45:37 +0200] "GET /Eggze/SpreadIt?action=print HTTP/1.1" 403 18 "-" "Mozilla/5.0 (compatible; MJ12bot/v1.4.8; http://mj12bot.com/)"
192.99.4.168 - - [13/Apr/2022:13:45:38 +0200] "GET /Eggze/SpreadIt?action=upload HTTP/1.1" 403 18 "-" "Mozilla/5.0 (compatible; MJ12bot/v1.4.8; http://mj12bot.com/)"
192.99.4.168 - - [13/Apr/2022:13:45:40 +0200] "GET /Eggze/SpreadIt?action=edit HTTP/1.1" 403 18 "-" "Mozilla/5.0 (compatible; MJ12bot/v1.4.8; http://mj12bot.com/)"
192.99.4.168 - - [13/Apr/2022:13:45:55 +0200] "GET /Epha/Flow?action=edit HTTP/1.1" 403 18 "-" "Mozilla/5.0 (compatible; MJ12bot/v1.4.8; http://mj12bot.com/)"
192.99.4.168 - - [13/Apr/2022:13:46:06 +0200] "GET /Generikacc/App?action=edit HTTP/1.1" 403 18 "-" "Mozilla/5.0 (compatible; MJ12bot/v1.4.8; http://mj12bot.com/)"
192.99.4.168 - - [13/Apr/2022:13:46:12 +0200] "GET /Generikacc/News23012018?action=edit HTTP/1.1" 403 18 "-" "Mozilla/5.0 (compatible; MJ12bot/v1.4.8; http://mj12bot.com/)"
17.121.113.97 - - [13/Apr/2022:13:46:25 +0200] "GET /robots.txt HTTP/1.1" 200 - "-" "Mozilla/5.0 (Macintosh; Intel Mac OS X 10_15_5) AppleWebKit/605.1.15 (KHTML, like Gecko) Version/13.1.1 Safari/605.1.15 (Applebot/0.1; +http://www.apple.com/go/applebot)"
17.121.113.97 - - [13/Apr/2022:13:46:26 +0200] "GET /keybase.txt HTTP/1.1" 200 2659 "-" "Mozilla/5.0 (Macintosh; Intel Mac OS X 10_15_5) AppleWebKit/605.1.15 (KHTML, like Gecko) Version/13.1.1 Safari/605.1.15 (Applebot/0.1; +http://www.apple.com/go/applebot)"
192.99.4.168 - - [13/Apr/2022:13:46:35 +0200] "GET /Main/2004?action=edit HTTP/1.1" 403 18 "-" "Mozilla/5.0 (compatible; MJ12bot/v1.4.8; http://mj12bot.com/)"
192.99.4.168 - - [13/Apr/2022:13:46:40 +0200] "GET /Main/2006?action=edit HTTP/1.1" 403 18 "-" "Mozilla/5.0 (compatible; MJ12bot/v1.4.8; http://mj12bot.com/)"
192.99.4.168 - - [13/Apr/2022:13:46:45 +0200] "GET /Main/2008?action=edit HTTP/1.1" 403 18 "-" "Mozilla/5.0 (compatible; MJ12bot/v1.4.8; http://mj12bot.com/)"
192.99.4.168 - - [13/Apr/2022:13:46:49 +0200] "GET /Main/2009?action=edit HTTP/1.1" 403 18 "-" "Mozilla/5.0 (compatible; MJ12bot/v1.4.8; http://mj12bot.com/)"
192.99.4.168 - - [13/Apr/2022:13:46:52 +0200] "GET /Main/2010?action=edit HTTP/1.1" 403 18 "-" "Mozilla/5.0 (compatible; MJ12bot/v1.4.8; http://mj12bot.com/)"
192.99.4.168 - - [13/Apr/2022:13:46:58 +0200] "GET /Main/2012?action=edit HTTP/1.1" 403 18 "-" "Mozilla/5.0 (compatible; MJ12bot/v1.4.8; http://mj12bot.com/)"
192.99.4.168 - - [13/Apr/2022:13:47:03 +0200] "GET /Main/2014?action=edit HTTP/1.1" 403 18 "-" "Mozilla/5.0 (compatible; MJ12bot/v1.4.8; http://mj12bot.com/)"
192.99.4.168 - - [13/Apr/2022:13:47:08 +0200] "GET /Main/2016?action=edit HTTP/1.1" 403 18 "-" "Mozilla/5.0 (compatible; MJ12bot/v1.4.8; http://mj12bot.com/)"
54.241.140.162 - - [13/Apr/2022:13:59:42 +0200] "GET / HTTP/1.1" 200 11443 "-" "Mozilla/5.0 (compatible; Orbbot/1.1;)"
54.241.140.162 - - [13/Apr/2022:13:59:43 +0200] "GET / HTTP/1.1" 200 11443 "-" "Mozilla/5.0 (compatible; Orbbot/1.1;)"
13.57.218.24 - - [13/Apr/2022:13:59:44 +0200] "GET /robots.txt HTTP/1.1" 200 - "-" "Mozilla/5.0 (compatible; Orbbot/1.1;)"
54.67.125.148 - - [13/Apr/2022:13:59:44 +0200] "GET /robots.txt HTTP/1.1" 200 - "-" "Mozilla/5.0 (compatible; Orbbot/1.1;)"
54.151.60.157 - - [13/Apr/2022:13:59:44 +0200] "GET /robots.txt HTTP/1.1" 200 - "-" "Mozilla/5.0 (compatible; Orbbot/1.1;)"
52.53.152.210 - - [13/Apr/2022:13:59:44 +0200] "GET /robots.txt HTTP/1.1" 200 - "-" "Mozilla/5.0 (compatible; Orbbot/1.1;)"
54.176.173.38 - - [13/Apr/2022:13:59:44 +0200] "GET /robots.txt HTTP/1.1" 200 - "-" "Mozilla/5.0 (compatible; Orbbot/1.1;)"
54.215.174.213 - - [13/Apr/2022:13:59:44 +0200] "GET /robots.txt HTTP/1.1" 200 - "-" "Mozilla/5.0 (compatible; Orbbot/1.1;)"
54.176.235.124 - - [13/Apr/2022:13:59:44 +0200] "GET /robots.txt HTTP/1.1" 200 - "-" "Mozilla/5.0 (compatible; Orbbot/1.1;)"
54.177.147.16 - - [13/Apr/2022:13:59:44 +0200] "GET /robots.txt HTTP/1.1" 200 - "-" "Mozilla/5.0 (compatible; Orbbot/1.1;)"
18.144.43.160 - - [13/Apr/2022:13:59:44 +0200] "GET /robots.txt HTTP/1.1" 200 - "-" "Mozilla/5.0 (compatible; Orbbot/1.1;)"
54.193.3.91 - - [13/Apr/2022:13:59:44 +0200] "GET /robots.txt HTTP/1.1" 200 - "-" "Mozilla/5.0 (compatible; Orbbot/1.1;)"
54.153.26.139 - - [13/Apr/2022:13:59:44 +0200] "GET /robots.txt HTTP/1.1" 200 - "-" "Mozilla/5.0 (compatible; Orbbot/1.1;)"
54.219.223.87 - - [13/Apr/2022:13:59:44 +0200] "GET /robots.txt HTTP/1.1" 200 - "-" "Mozilla/5.0 (compatible; Orbbot/1.1;)"
13.56.210.178 - - [13/Apr/2022:13:59:44 +0200] "GET /robots.txt HTTP/1.1" 200 - "-" "Mozilla/5.0 (compatible; Orbbot/1.1;)"
18.144.22.57 - - [13/Apr/2022:13:59:44 +0200] "GET /robots.txt HTTP/1.1" 200 - "-" "Mozilla/5.0 (compatible; Orbbot/1.1;)"
54.183.151.50 - - [13/Apr/2022:13:59:44 +0200] "GET /robots.txt HTTP/1.1" 200 - "-" "Mozilla/5.0 (compatible; Orbbot/1.1;)"
18.144.89.103 - - [13/Apr/2022:13:59:44 +0200] "GET /robots.txt HTTP/1.1" 200 - "-" "Mozilla/5.0 (compatible; Orbbot/1.1;)"
54.67.125.148 - - [13/Apr/2022:13:59:44 +0200] "GET /Main/Home HTTP/1.1" 200 11443 "-" "Mozilla/5.0 (compatible; Orbbot/1.1;)"
52.53.152.210 - - [13/Apr/2022:13:59:44 +0200] "GET /ODDB/StammdatenCH HTTP/1.1" 200 9300 "-" "Mozilla/5.0 (compatible; Orbbot/1.1;)"
54.193.3.91 - - [13/Apr/2022:13:59:44 +0200] "GET / HTTP/1.1" 200 11443 "-" "Mozilla/5.0 (compatible; Orbbot/1.1;)"
18.144.43.160 - - [13/Apr/2022:13:59:44 +0200] "GET /AmiKo/OSX HTTP/1.1" 200 9772 "-" "Mozilla/5.0 (compatible; Orbbot/1.1;)"
54.215.246.127 - - [13/Apr/2022:13:59:45 +0200] "GET /robots.txt HTTP/1.1" 200 - "-" "Mozilla/5.0 (compatible; Orbbot/1.1;)"
54.151.60.157 - - [13/Apr/2022:13:59:44 +0200] "GET /Main/DocumedGalenicaVsYwesee HTTP/1.1" 200 35251 "-" "Mozilla/5.0 (compatible; Orbbot/1.1;)"
54.176.235.124 - - [13/Apr/2022:13:59:44 +0200] "GET /AmiKo/Web HTTP/1.1" 200 9588 "-" "Mozilla/5.0 (compatible; Orbbot/1.1;)"
54.176.173.38 - - [13/Apr/2022:13:59:45 +0200] "GET /AmiKo/Android HTTP/1.1" 200 10427 "-" "Mozilla/5.0 (compatible; Orbbot/1.1;)"
54.177.147.16 - - [13/Apr/2022:13:59:45 +0200] "GET /Ywesee/OpenSource HTTP/1.1" 200 10790 "-" "Mozilla/5.0 (compatible; Orbbot/1.1;)"
54.219.223.87 - - [13/Apr/2022:13:59:45 +0200] "GET /Ywesee/InfoCodex HTTP/1.1" 200 24435 "-" "Mozilla/5.0 (compatible; Orbbot/1.1;)"
54.215.174.213 - - [13/Apr/2022:13:59:45 +0200] "GET /AmiKo/IOS HTTP/1.1" 200 11930 "-" "Mozilla/5.0 (compatible; Orbbot/1.1;)"
54.183.224.194 - - [13/Apr/2022:13:59:45 +0200] "GET /robots.txt HTTP/1.1" 200 - "-" "Mozilla/5.0 (compatible; Orbbot/1.1;)"
13.56.210.178 - - [13/Apr/2022:13:59:45 +0200] "GET /AmiKo/Linux HTTP/1.1" 200 9217 "-" "Mozilla/5.0 (compatible; Orbbot/1.1;)"
54.183.151.50 - - [13/Apr/2022:13:59:45 +0200] "GET /ODDB/IntegrationLookAmpFeelGenerikasuche HTTP/1.1" 200 9097 "-" "Mozilla/5.0 (compatible; Orbbot/1.1;)"
18.144.22.57 - - [13/Apr/2022:13:59:45 +0200] "GET /Ywesee/Kontakt HTTP/1.1" 200 8973 "-" "Mozilla/5.0 (compatible; Orbbot/1.1;)"
13.57.218.24 - - [13/Apr/2022:13:59:45 +0200] "GET /Ywesee/About HTTP/1.1" 200 9132 "-" "Mozilla/5.0 (compatible; Orbbot/1.1;)"
54.215.246.127 - - [13/Apr/2022:13:59:45 +0200] "GET /ODDB/IndividuelleMediliste HTTP/1.1" 200 9139 "-" "Mozilla/5.0 (compatible; Orbbot/1.1;)"
18.144.89.103 - - [13/Apr/2022:13:59:45 +0200] "GET /Generikacc/App HTTP/1.1" 200 11862 "-" "Mozilla/5.0 (compatible; Orbbot/1.1;)"
54.183.224.194 - - [13/Apr/2022:13:59:45 +0200] "GET /AmiKo/Windows HTTP/1.1" 200 10332 "-" "Mozilla/5.0 (compatible; Orbbot/1.1;)"
13.52.77.142 - - [13/Apr/2022:13:59:45 +0200] "GET /robots.txt HTTP/1.1" 200 - "-" "Mozilla/5.0 (compatible; Orbbot/1.1;)"
54.153.26.139 - - [13/Apr/2022:13:59:45 +0200] "GET /Oddb2xml/Index HTTP/1.1" 200 8983 "-" "Mozilla/5.0 (compatible; Orbbot/1.1;)"
184.169.223.93 - - [13/Apr/2022:13:59:45 +0200] "GET /robots.txt HTTP/1.1" 200 - "-" "Mozilla/5.0 (compatible; Orbbot/1.1;)"
184.169.223.93 - - [13/Apr/2022:13:59:46 +0200] "GET /Ywesee/Events HTTP/1.1" 200 8918 "-" "Mozilla/5.0 (compatible; Orbbot/1.1;)"
13.52.77.142 - - [13/Apr/2022:13:59:46 +0200] "GET /Ywesee/Team HTTP/1.1" 200 18245 "-" "Mozilla/5.0 (compatible; Orbbot/1.1;)"
194.209.200.2 - - [13/Apr/2022:14:05:09 +0200] "GET /robots.txt HTTP/1.1" 200 - "-" "Mozilla/5.0 (compatible; TMMBot/0.2; +http://www.dslab.ch)/Nutch-1.15"
194.209.200.2 - - [13/Apr/2022:14:05:09 +0200] "GET /AmiKo/Linux HTTP/1.1" 200 9217 "-" "Mozilla/5.0 (compatible; TMMBot/0.2; +http://www.dslab.ch)/Nutch-1.15"
194.209.200.2 - - [13/Apr/2022:14:05:20 +0200] "GET /AmiKo/Windows HTTP/1.1" 200 10332 "-" "Mozilla/5.0 (compatible; TMMBot/0.2; +http://www.dslab.ch)/Nutch-1.15"
194.209.200.2 - - [13/Apr/2022:14:05:38 +0200] "GET /Software/YDIM HTTP/1.1" 200 8834 "-" "Mozilla/5.0 (compatible; TMMBot/0.2; +http://www.dslab.ch)/Nutch-1.15"
194.209.200.2 - - [13/Apr/2022:14:10:52 +0200] "GET /Main/2009 HTTP/1.1" 200 21688 "-" "Mozilla/5.0 (compatible; TMMBot/0.2; +http://www.dslab.ch)/Nutch-1.15"
194.209.200.2 - - [13/Apr/2022:14:11:08 +0200] "GET /Software/BBMB HTTP/1.1" 200 9385 "-" "Mozilla/5.0 (compatible; TMMBot/0.2; +http://www.dslab.ch)/Nutch-1.15"
66.249.77.100 - - [13/Apr/2022:14:14:07 +0200] "GET /fr/gcc/vcard/hospital/7601002116817 HTTP/1.1" 404 294 "-" "Mozilla/5.0 (Linux; Android 6.0.1; Nexus 5X Build/MMB29P) AppleWebKit/537.36 (KHTML, like Gecko) Chrome/99.0.4844.84 Mobile Safari/537.36 (compatible; Googlebot/2.1; +http://www.google.com/bot.html)"
35.89.83.249 - - [13/Apr/2022:14:21:24 +0200] "GET / HTTP/1.1" 200 11443 "-" "Mozilla/5.0 (X11; Linux x86_64) AppleWebKit/537.36 (KHTML, like Gecko) Chrome/83.0.4103.97 Safari/537.36"
118.184.177.80 - - [13/Apr/2022:14:30:32 +0200] "GET / HTTP/1.1" 200 11443 "-" "Sogou web spider/4.0(+http://www.sogou.com/docs/help/webmasters.htm#07)"
131.152.34.82 - - [13/Apr/2022:14:31:23 +0200] "GET / HTTP/1.1" 200 11443 "https://www.google.com/" "Mozilla/5.0 (Windows NT 10.0; Win64; x64; rv:91.0) Gecko/20100101 Firefox/91.0"
131.152.34.82 - - [13/Apr/2022:14:31:23 +0200] "GET /pub/skins/ywesee/gila.css HTTP/1.1" 200 8276 "https://www.ywesee.com/" "Mozilla/5.0 (Windows NT 10.0; Win64; x64; rv:91.0) Gecko/20100101 Firefox/91.0"
131.152.34.82 - - [13/Apr/2022:14:31:23 +0200] "GET /uploads/Main/yweseelogo.gif HTTP/1.1" 200 2982 "https://www.ywesee.com/" "Mozilla/5.0 (Windows NT 10.0; Win64; x64; rv:91.0) Gecko/20100101 Firefox/91.0"
131.152.34.82 - - [13/Apr/2022:14:31:23 +0200] "GET /favicon.ico HTTP/1.1" 200 1406 "https://www.ywesee.com/" "Mozilla/5.0 (Windows NT 10.0; Win64; x64; rv:91.0) Gecko/20100101 Firefox/91.0"
131.152.34.82 - - [13/Apr/2022:14:31:39 +0200] "GET /Software/ODDB HTTP/1.1" 200 10298 "https://www.ywesee.com/" "Mozilla/5.0 (Windows NT 10.0; Win64; x64; rv:91.0) Gecko/20100101 Firefox/91.0"
131.152.34.82 - - [13/Apr/2022:14:31:54 +0200] "GET /Main/SearchWiki?pagename=Main%2FSearchWiki&q=ppi HTTP/1.1" 200 13128 "https://www.ywesee.com/Software/ODDB" "Mozilla/5.0 (Windows NT 10.0; Win64; x64; rv:91.0) Gecko/20100101 Firefox/91.0"
131.152.34.82 - - [13/Apr/2022:14:32:11 +0200] "GET /Ywesee/OpenSource HTTP/1.1" 200 10790 "https://www.ywesee.com/Main/SearchWiki?pagename=Main%2FSearchWiki&q=ppi" "Mozilla/5.0 (Windows NT 10.0; Win64; x64; rv:91.0) Gecko/20100101 Firefox/91.0"
194.209.200.2 - - [13/Apr/2022:14:33:45 +0200] "GET /robots.txt HTTP/1.1" 200 - "-" "Mozilla/5.0 (compatible; TMMBot/0.2; +http://www.dslab.ch)/Nutch-1.15"
194.209.200.2 - - [13/Apr/2022:14:33:45 +0200] "GET /Oddb2xml/Index HTTP/1.1" 200 8983 "-" "Mozilla/5.0 (compatible; TMMBot/0.2; +http://www.dslab.ch)/Nutch-1.15"
194.209.200.2 - - [13/Apr/2022:14:34:10 +0200] "GET /AmiKo/Windows HTTP/1.1" 200 10332 "-" "Mozilla/5.0 (compatible; TMMBot/0.2; +http://www.dslab.ch)/Nutch-1.15"
194.209.200.2 - - [13/Apr/2022:14:36:25 +0200] "GET /AmiKo/IOS HTTP/1.1" 200 11930 "-" "Mozilla/5.0 (compatible; TMMBot/0.2; +http://www.dslab.ch)/Nutch-1.15"
185.191.171.7 - - [13/Apr/2022:14:38:01 +0200] "GET /robots.txt HTTP/1.1" 200 - "-" "Mozilla/5.0 (compatible; SemrushBot/7~bl; +http://www.semrush.com/bot.html)"
185.191.171.6 - - [13/Apr/2022:14:38:03 +0200] "GET /AmiKo/Web?action=upload HTTP/1.1" 403 18 "-" "Mozilla/5.0 (compatible; SemrushBot/7~bl; +http://www.semrush.com/bot.html)"
194.209.200.2 - - [13/Apr/2022:14:38:15 +0200] "GET /Software/ODDB HTTP/1.1" 200 10298 "-" "Mozilla/5.0 (compatible; TMMBot/0.2; +http://www.dslab.ch)/Nutch-1.15"
185.191.171.8 - - [13/Apr/2022:14:38:37 +0200] "GET /Ywesee/KurzFachinfo HTTP/1.1" 200 8845 "-" "Mozilla/5.0 (compatible; SemrushBot/7~bl; +http://www.semrush.com/bot.html)"
194.209.200.2 - - [13/Apr/2022:14:39:21 +0200] "GET /Main/2007 HTTP/1.1" 200 50639 "-" "Mozilla/5.0 (compatible; TMMBot/0.2; +http://www.dslab.ch)/Nutch-1.15"
194.209.200.2 - - [13/Apr/2022:14:39:27 +0200] "GET /Software/BBMB HTTP/1.1" 200 9385 "-" "Mozilla/5.0 (compatible; TMMBot/0.2; +http://www.dslab.ch)/Nutch-1.15"
194.209.200.2 - - [13/Apr/2022:14:39:37 +0200] "GET /Main/2016 HTTP/1.1" 200 13689 "-" "Mozilla/5.0 (compatible; TMMBot/0.2; +http://www.dslab.ch)/Nutch-1.15"
194.209.200.2 - - [13/Apr/2022:14:39:58 +0200] "GET /ODDB/IntegrationLookAmpFeelGenerikasuche HTTP/1.1" 200 9097 "-" "Mozilla/5.0 (compatible; TMMBot/0.2; +http://www.dslab.ch)/Nutch-1.15"
192.185.4.157 - - [13/Apr/2022:14:49:11 +0200] "GET / HTTP/1.1" 200 11443 "-" "-"
54.84.192.51 - - [13/Apr/2022:14:55:01 +0200] "GET /keybase.txt HTTP/1.1" 200 2659 "-" "keybase-proofs/2.3.24"
194.209.200.2 - - [13/Apr/2022:15:04:52 +0200] "GET /robots.txt HTTP/1.1" 200 - "-" "Mozilla/5.0 (compatible; TMMBot/0.2; +http://www.dslab.ch)/Nutch-1.15"
194.209.200.2 - - [13/Apr/2022:15:04:52 +0200] "GET /Ausschreibung/SAI HTTP/1.1" 200 10366 "-" "Mozilla/5.0 (compatible; TMMBot/0.2; +http://www.dslab.ch)/Nutch-1.15"
194.209.200.2 - - [13/Apr/2022:15:05:16 +0200] "GET /Software/SoftwareRaid HTTP/1.1" 200 12104 "-" "Mozilla/5.0 (compatible; TMMBot/0.2; +http://www.dslab.ch)/Nutch-1.15"
185.191.171.11 - - [13/Apr/2022:15:14:13 +0200] "GET /Oddb2xml/Bemerkungen HTTP/1.1" 200 10553 "-" "Mozilla/5.0 (compatible; SemrushBot/7~bl; +http://www.semrush.com/bot.html)"
185.191.171.36 - - [13/Apr/2022:15:23:39 +0200] "GET /AmiKo/Web?action=print HTTP/1.1" 403 18 "-" "Mozilla/5.0 (compatible; SemrushBot/7~bl; +http://www.semrush.com/bot.html)"
194.209.200.2 - - [13/Apr/2022:15:33:06 +0200] "GET /robots.txt HTTP/1.1" 200 - "-" "Mozilla/5.0 (compatible; TMMBot/0.2; +http://www.dslab.ch)/Nutch-1.15"
194.209.200.2 - - [13/Apr/2022:15:33:07 +0200] "GET /Oddb2xml/Index HTTP/1.1" 200 8983 "-" "Mozilla/5.0 (compatible; TMMBot/0.2; +http://www.dslab.ch)/Nutch-1.15"
194.209.200.2 - - [13/Apr/2022:15:33:25 +0200] "GET /AmiKo/Linux HTTP/1.1" 200 9217 "-" "Mozilla/5.0 (compatible; TMMBot/0.2; +http://www.dslab.ch)/Nutch-1.15"
194.209.200.2 - - [13/Apr/2022:15:33:57 +0200] "GET /Software/YDIM HTTP/1.1" 200 8834 "-" "Mozilla/5.0 (compatible; TMMBot/0.2; +http://www.dslab.ch)/Nutch-1.15"
157.90.181.221 - - [13/Apr/2022:15:35:20 +0200] "GET /robots.txt HTTP/1.1" 200 - "-" "Mozilla/5.0 (compatible; BLEXBot/1.0; +http://webmeup-crawler.com/)"
157.90.181.221 - - [13/Apr/2022:15:35:20 +0200] "GET / HTTP/1.1" 200 11443 "-" "Mozilla/5.0 (compatible; BLEXBot/1.0; +http://webmeup-crawler.com/)"
194.209.200.2 - - [13/Apr/2022:15:35:28 +0200] "GET /Main/2008 HTTP/1.1" 200 34740 "-" "Mozilla/5.0 (compatible; TMMBot/0.2; +http://www.dslab.ch)/Nutch-1.15"
194.209.200.2 - - [13/Apr/2022:15:36:15 +0200] "GET /Main/2011 HTTP/1.1" 200 21451 "-" "Mozilla/5.0 (compatible; TMMBot/0.2; +http://www.dslab.ch)/Nutch-1.15"
194.209.200.2 - - [13/Apr/2022:15:36:17 +0200] "GET /AmiKo/IOS HTTP/1.1" 200 11930 "-" "Mozilla/5.0 (compatible; TMMBot/0.2; +http://www.dslab.ch)/Nutch-1.15"
194.209.200.2 - - [13/Apr/2022:15:38:14 +0200] "GET /Software/ODDB HTTP/1.1" 200 10298 "-" "Mozilla/5.0 (compatible; TMMBot/0.2; +http://www.dslab.ch)/Nutch-1.15"
185.191.171.21 - - [13/Apr/2022:15:52:32 +0200] "GET /robots.txt HTTP/1.1" 200 - "-" "Mozilla/5.0 (compatible; SemrushBot/7~bl; +http://www.semrush.com/bot.html)"
185.191.171.7 - - [13/Apr/2022:15:52:33 +0200] "GET /Swissmedic/Formatvorlagen?action=edit HTTP/1.1" 403 18 "-" "Mozilla/5.0 (compatible; SemrushBot/7~bl; +http://www.semrush.com/bot.html)"
54.81.94.120 - - [13/Apr/2022:15:54:40 +0200] "GET /Site/AllRecentChanges?action=rss HTTP/1.1" 200 2546 "https://www.google.com/" "Mozilla/5.0 (Macintosh; Intel Mac OS X 10_14_6) AppleWebKit/537.36 (KHTML, like Gecko) Chrome/80.0.3987.122 Safari/537.36"
194.209.200.2 - - [13/Apr/2022:16:00:12 +0200] "GET /robots.txt HTTP/1.1" 200 - "-" "Mozilla/5.0 (compatible; TMMBot/0.2; +http://www.dslab.ch)/Nutch-1.15"
194.209.200.2 - - [13/Apr/2022:16:00:12 +0200] "GET /Miele/MieleLXIV HTTP/1.1" 200 15367 "-" "Mozilla/5.0 (compatible; TMMBot/0.2; +http://www.dslab.ch)/Nutch-1.15"
194.209.200.2 - - [13/Apr/2022:16:02:02 +0200] "GET /Main/2006 HTTP/1.1" 200 39320 "-" "Mozilla/5.0 (compatible; TMMBot/0.2; +http://www.dslab.ch)/Nutch-1.15"
194.209.200.2 - - [13/Apr/2022:16:05:36 +0200] "GET /Main/2009 HTTP/1.1" 200 21688 "-" "Mozilla/5.0 (compatible; TMMBot/0.2; +http://www.dslab.ch)/Nutch-1.15"
194.209.200.2 - - [13/Apr/2022:16:06:00 +0200] "GET /Main/2016 HTTP/1.1" 200 13689 "-" "Mozilla/5.0 (compatible; TMMBot/0.2; +http://www.dslab.ch)/Nutch-1.15"
194.209.200.2 - - [13/Apr/2022:16:06:08 +0200] "GET /Main/2014 HTTP/1.1" 200 19471 "-" "Mozilla/5.0 (compatible; TMMBot/0.2; +http://www.dslab.ch)/Nutch-1.15"
95.91.75.62 - - [13/Apr/2022:16:11:04 +0200] "GET /robots.txt HTTP/1.1" 200 - "-" "Mozilla/5.0 (compatible; MJ12bot/v1.4.8; http://mj12bot.com/)"
95.91.75.62 - - [13/Apr/2022:16:11:06 +0200] "GET /Epha/PhilipHansten?action=edit HTTP/1.1" 403 18 "-" "Mozilla/5.0 (compatible; MJ12bot/v1.4.8; http://mj12bot.com/)"
95.91.75.62 - - [13/Apr/2022:16:11:07 +0200] "GET /MEDIupdateXML/Softwarehaeuser?action=edit HTTP/1.1" 403 18 "-" "Mozilla/5.0 (compatible; MJ12bot/v1.4.8; http://mj12bot.com/)"
95.91.75.62 - - [13/Apr/2022:16:11:09 +0200] "GET /Profiles/Zrr?action=edit HTTP/1.1" 403 18 "-" "Mozilla/5.0 (compatible; MJ12bot/v1.4.8; http://mj12bot.com/)"
95.91.75.62 - - [13/Apr/2022:16:11:10 +0200] "GET /PublicDomain/Stammdaten?action=edit HTTP/1.1" 403 18 "-" "Mozilla/5.0 (compatible; MJ12bot/v1.4.8; http://mj12bot.com/)"
95.91.75.62 - - [13/Apr/2022:16:11:12 +0200] "GET /RedLaser/BarcodeScanner?action=edit HTTP/1.1" 403 18 "-" "Mozilla/5.0 (compatible; MJ12bot/v1.4.8; http://mj12bot.com/)"
95.91.75.62 - - [13/Apr/2022:16:11:13 +0200] "GET /SpitalSchweiz/AnzahlNeugeborene2012?action=edit HTTP/1.1" 403 18 "-" "Mozilla/5.0 (compatible; MJ12bot/v1.4.8; http://mj12bot.com/)"
95.91.75.62 - - [13/Apr/2022:16:11:15 +0200] "GET /SpitalSchweiz/FinanzErgebnis2012?action=edit HTTP/1.1" 403 18 "-" "Mozilla/5.0 (compatible; MJ12bot/v1.4.8; http://mj12bot.com/)"
95.91.75.62 - - [13/Apr/2022:16:11:16 +0200] "GET /SpitalSchweiz/FinanzenImMinus2012?action=edit HTTP/1.1" 403 18 "-" "Mozilla/5.0 (compatible; MJ12bot/v1.4.8; http://mj12bot.com/)"
95.91.75.62 - - [13/Apr/2022:16:11:18 +0200] "GET /SpitalSchweiz/Subventionen2012?action=edit HTTP/1.1" 403 18 "-" "Mozilla/5.0 (compatible; MJ12bot/v1.4.8; http://mj12bot.com/)"
95.91.75.62 - - [13/Apr/2022:16:11:19 +0200] "GET /Stellungnahme/ProPharma?action=edit HTTP/1.1" 403 18 "-" "Mozilla/5.0 (compatible; MJ12bot/v1.4.8; http://mj12bot.com/)"
95.91.75.62 - - [13/Apr/2022:16:11:20 +0200] "GET /Swissmedic/AIPSXml?action=edit HTTP/1.1" 403 18 "-" "Mozilla/5.0 (compatible; MJ12bot/v1.4.8; http://mj12bot.com/)"
95.91.75.62 - - [13/Apr/2022:16:11:22 +0200] "GET /Ywesee/BitcoinBlockchain?action=edit HTTP/1.1" 403 18 "-" "Mozilla/5.0 (compatible; MJ12bot/v1.4.8; http://mj12bot.com/)"
95.91.75.62 - - [13/Apr/2022:16:11:24 +0200] "GET /Ywesee/ElektronischesPatientendossierSchweiz?action=edit HTTP/1.1" 403 18 "-" "Mozilla/5.0 (compatible; MJ12bot/v1.4.8; http://mj12bot.com/)"
95.91.75.62 - - [13/Apr/2022:16:11:26 +0200] "GET /Ywesee/Kindle?action=edit HTTP/1.1" 403 18 "-" "Mozilla/5.0 (compatible; MJ12bot/v1.4.8; http://mj12bot.com/)"
95.91.75.62 - - [13/Apr/2022:16:11:27 +0200] "GET /Ywesee/OpenStandards?action=edit HTTP/1.1" 403 18 "-" "Mozilla/5.0 (compatible; MJ12bot/v1.4.8; http://mj12bot.com/)"
95.91.75.62 - - [13/Apr/2022:16:11:29 +0200] "GET /Ywesee/XMLCONV2?action=edit HTTP/1.1" 403 18 "-" "Mozilla/5.0 (compatible; MJ12bot/v1.4.8; http://mj12bot.com/)"
66.249.77.121 - - [13/Apr/2022:16:22:48 +0200] "GET /robots.txt HTTP/1.1" 200 - "-" "Mozilla/5.0 (compatible; Googlebot/2.1; +http://www.google.com/bot.html)"
66.249.77.119 - - [13/Apr/2022:16:22:48 +0200] "GET /Emediat/Swissindex?n=Main.SideBar?action=edit HTTP/1.1" 403 18 "-" "Mozilla/5.0 (Linux; Android 6.0.1; Nexus 5X Build/MMB29P) AppleWebKit/537.36 (KHTML, like Gecko) Chrome/99.0.4844.84 Mobile Safari/537.36 (compatible; Googlebot/2.1; +http://www.google.com/bot.html)"
157.90.182.30 - - [13/Apr/2022:16:28:24 +0200] "GET /robots.txt HTTP/1.1" 200 - "-" "Mozilla/5.0 (compatible; BLEXBot/1.0; +http://webmeup-crawler.com/)"
157.90.182.30 - - [13/Apr/2022:16:28:24 +0200] "GET / HTTP/1.1" 200 11443 "-" "Mozilla/5.0 (compatible; BLEXBot/1.0; +http://webmeup-crawler.com/)"
194.209.200.2 - - [13/Apr/2022:16:32:34 +0200] "GET /robots.txt HTTP/1.1" 200 - "-" "Mozilla/5.0 (compatible; TMMBot/0.2; +http://www.dslab.ch)/Nutch-1.15"
194.209.200.2 - - [13/Apr/2022:16:32:34 +0200] "GET /Oddb2xml/Index HTTP/1.1" 200 8983 "-" "Mozilla/5.0 (compatible; TMMBot/0.2; +http://www.dslab.ch)/Nutch-1.15"
194.209.200.2 - - [13/Apr/2022:16:33:05 +0200] "GET /AmiKo/Linux HTTP/1.1" 200 9217 "-" "Mozilla/5.0 (compatible; TMMBot/0.2; +http://www.dslab.ch)/Nutch-1.15"
194.209.200.2 - - [13/Apr/2022:16:33:55 +0200] "GET /Software/YDIM HTTP/1.1" 200 8834 "-" "Mozilla/5.0 (compatible; TMMBot/0.2; +http://www.dslab.ch)/Nutch-1.15"
157.90.181.222 - - [13/Apr/2022:16:36:41 +0200] "GET /robots.txt HTTP/1.1" 200 - "-" "Mozilla/5.0 (compatible; BLEXBot/1.0; +http://webmeup-crawler.com/)"
157.90.181.222 - - [13/Apr/2022:16:36:41 +0200] "GET / HTTP/1.1" 200 11443 "-" "Mozilla/5.0 (compatible; BLEXBot/1.0; +http://webmeup-crawler.com/)"
194.209.200.2 - - [13/Apr/2022:16:37:29 +0200] "GET /AmiKo/IOS HTTP/1.1" 200 11930 "-" "Mozilla/5.0 (compatible; TMMBot/0.2; +http://www.dslab.ch)/Nutch-1.15"
194.209.200.2 - - [13/Apr/2022:16:39:51 +0200] "GET /Software/ODDB HTTP/1.1" 200 10298 "-" "Mozilla/5.0 (compatible; TMMBot/0.2; +http://www.dslab.ch)/Nutch-1.15"
162.55.86.61 - - [13/Apr/2022:16:41:12 +0200] "GET /robots.txt HTTP/1.1" 200 - "-" "Mozilla/5.0 (compatible; BLEXBot/1.0; +http://webmeup-crawler.com/)"
162.55.86.61 - - [13/Apr/2022:16:41:12 +0200] "GET / HTTP/1.1" 200 11443 "-" "Mozilla/5.0 (compatible; BLEXBot/1.0; +http://webmeup-crawler.com/)"
84.244.19.15 - - [13/Apr/2022:16:41:19 +0200] "GET /Ywesee/Earnings?action=print HTTP/1.0" 200 4157 "https://ywesee.com/Ywesee/Earnings?action=print" "Mozilla/5.0 (Windows NT 6.1; Win64; x64) AppleWebKit/537.36 (KHTML, like Gecko) Chrome/90.0.4430.85 Safari/537.36 Edg/90.0.818.49"
194.209.200.2 - - [13/Apr/2022:16:41:39 +0200] "GET /Main/2018 HTTP/1.1" 200 15425 "-" "Mozilla/5.0 (compatible; TMMBot/0.2; +http://www.dslab.ch)/Nutch-1.15"
194.209.200.2 - - [13/Apr/2022:16:41:51 +0200] "GET /Main/2016 HTTP/1.1" 200 13689 "-" "Mozilla/5.0 (compatible; TMMBot/0.2; +http://www.dslab.ch)/Nutch-1.15"
17.121.112.82 - - [13/Apr/2022:16:41:53 +0200] "GET /Miele/MieleLXIV HTTP/1.1" 200 15367 "-" "Mozilla/5.0 (Macintosh; Intel Mac OS X 10_15_5) AppleWebKit/605.1.15 (KHTML, like Gecko) Version/13.1.1 Safari/605.1.15 (Applebot/0.1; +http://www.apple.com/go/applebot)"
185.220.101.12 - - [13/Apr/2022:16:44:36 +0200] "GET / HTTP/1.1" 200 11443 "ywesee.com" "Mozilla/5.0 (X11; Linux x86_64; rv:43.0) Gecko/20100101 Firefox/43.0"
185.220.101.12 - - [13/Apr/2022:16:44:37 +0200] "GET /AmiKo/Windows HTTP/1.1" 200 10332 "https://www.ywesee.com/AmiKo/Windows" "Mozilla/5.0 (X11; Linux x86_64; rv:43.0) Gecko/20100101 Firefox/43.0"
89.58.42.239 - - [13/Apr/2022:16:44:44 +0200] "GET /Main/2005 HTTP/1.1" 200 63344 "https://www.ywesee.com/Main/2005" "Mozilla/5.0 (Windows NT 6.1; WOW64; rv:17.0) Gecko/20100101 Firefox/17.0"
89.58.42.239 - - [13/Apr/2022:16:44:45 +0200] "GET / HTTP/1.1" 200 11443 "https://www.ywesee.com" "Mozilla/5.0 (Windows NT 6.1; WOW64; rv:17.0) Gecko/20100101 Firefox/17.0"
89.58.42.239 - - [13/Apr/2022:16:44:45 +0200] "GET /AmiKo/OSX HTTP/1.1" 200 9772 "https://www.ywesee.com/AmiKo/OSX" "Mozilla/5.0 (Windows NT 6.1; WOW64; rv:17.0) Gecko/20100101 Firefox/17.0"
89.58.42.239 - - [13/Apr/2022:16:44:46 +0200] "GET /AmiKo/Android HTTP/1.1" 200 10427 "https://www.ywesee.com/AmiKo/Android" "Mozilla/5.0 (Windows NT 6.1; WOW64; rv:17.0) Gecko/20100101 Firefox/17.0"
89.58.42.239 - - [13/Apr/2022:16:44:46 +0200] "GET /Main/2008 HTTP/1.1" 200 34740 "https://www.ywesee.com/Main/2008" "Mozilla/5.0 (Windows NT 6.1; WOW64; rv:17.0) Gecko/20100101 Firefox/17.0"
89.58.42.239 - - [13/Apr/2022:16:44:47 +0200] "GET /AmiKo/Web HTTP/1.1" 200 9588 "https://www.ywesee.com/AmiKo/Web" "Mozilla/5.0 (Windows NT 6.1; WOW64; rv:17.0) Gecko/20100101 Firefox/17.0"
89.58.42.239 - - [13/Apr/2022:16:44:48 +0200] "GET /Main/2007 HTTP/1.1" 200 50639 "https://www.ywesee.com/Main/2007" "Mozilla/5.0 (Windows NT 6.1; WOW64; rv:17.0) Gecko/20100101 Firefox/17.0"
89.58.42.239 - - [13/Apr/2022:16:44:48 +0200] "GET /Main/2009 HTTP/1.1" 200 21688 "https://www.ywesee.com/Main/2009" "Mozilla/5.0 (Windows NT 6.1; WOW64; rv:17.0) Gecko/20100101 Firefox/17.0"
89.58.42.239 - - [13/Apr/2022:16:44:49 +0200] "GET /Main/2004 HTTP/1.1" 200 14080 "https://www.ywesee.com/Main/2004" "Mozilla/5.0 (Windows NT 6.1; WOW64; rv:17.0) Gecko/20100101 Firefox/17.0"
89.58.42.239 - - [13/Apr/2022:16:44:50 +0200] "GET /AmiKo/IOS HTTP/1.1" 200 11930 "https://www.ywesee.com/AmiKo/IOS" "Mozilla/5.0 (Windows NT 6.1; WOW64; rv:17.0) Gecko/20100101 Firefox/17.0"
89.58.42.239 - - [13/Apr/2022:16:44:51 +0200] "GET /Generikacc/App HTTP/1.1" 200 11862 "https://www.ywesee.com/Generikacc/App" "Mozilla/5.0 (Windows NT 6.1; WOW64; rv:17.0) Gecko/20100101 Firefox/17.0"
89.58.42.239 - - [13/Apr/2022:16:44:53 +0200] "GET /AmiKo/Linux HTTP/1.1" 200 9217 "https://www.ywesee.com/AmiKo/Linux" "Mozilla/5.0 (Windows NT 6.1; WOW64; rv:17.0) Gecko/20100101 Firefox/17.0"
199.58.86.206 - - [13/Apr/2022:16:59:27 +0200] "GET /robots.txt HTTP/1.1" 200 - "-" "Mozilla/5.0 (compatible; MJ12bot/v1.4.8; http://mj12bot.com/)"
199.58.86.206 - - [13/Apr/2022:16:59:41 +0200] "GET / HTTP/1.1" 200 11443 "-" "Mozilla/5.0 (compatible; MJ12bot/v1.4.8; http://mj12bot.com/)"
199.58.86.206 - - [13/Apr/2022:17:00:36 +0200] "GET / HTTP/1.1" 200 11443 "-" "Mozilla/5.0 (compatible; MJ12bot/v1.4.8; http://mj12bot.com/)"
74.125.218.119 - - [13/Apr/2022:17:05:54 +0200] "GET /AmiKo/Privacy HTTP/1.1" 200 8621 "-" "Mozilla/5.0 (X11; Linux i686; rv:93.0) Gecko/20100101 Firefox/93.0"
74.125.218.121 - - [13/Apr/2022:17:05:56 +0200] "GET /Generikacc/Privacy HTTP/1.1" 200 8615 "-" "Mozilla/5.0 (X11; Linux i686; rv:93.0) Gecko/20100101 Firefox/93.0"
194.209.200.2 - - [13/Apr/2022:17:06:12 +0200] "GET /robots.txt HTTP/1.1" 200 - "-" "Mozilla/5.0 (compatible; TMMBot/0.2; +http://www.dslab.ch)/Nutch-1.15"
194.209.200.2 - - [13/Apr/2022:17:06:13 +0200] "GET /AmiKo/Linux HTTP/1.1" 200 9217 "-" "Mozilla/5.0 (compatible; TMMBot/0.2; +http://www.dslab.ch)/Nutch-1.15"
194.209.200.2 - - [13/Apr/2022:17:06:25 +0200] "GET /AmiKo/Windows HTTP/1.1" 200 10332 "-" "Mozilla/5.0 (compatible; TMMBot/0.2; +http://www.dslab.ch)/Nutch-1.15"
194.209.200.2 - - [13/Apr/2022:17:06:46 +0200] "GET /Software/YDIM HTTP/1.1" 200 8834 "-" "Mozilla/5.0 (compatible; TMMBot/0.2; +http://www.dslab.ch)/Nutch-1.15"
74.125.218.121 - - [13/Apr/2022:17:07:54 +0200] "GET /AmiKo/Privacy HTTP/1.1" 200 8621 "-" "Mozilla/5.0 (Macintosh; Intel Mac OS X 11_6) AppleWebKit/605.1.15 (KHTML, like Gecko) Version/15.0 Safari/605.1.15"
74.125.218.121 - - [13/Apr/2022:17:07:57 +0200] "GET /Generikacc/Privacy HTTP/1.1" 200 8615 "-" "Mozilla/5.0 (Macintosh; Intel Mac OS X 11_6) AppleWebKit/605.1.15 (KHTML, like Gecko) Version/15.0 Safari/605.1.15"
194.209.200.2 - - [13/Apr/2022:17:14:30 +0200] "GET /Main/2009 HTTP/1.1" 200 21688 "-" "Mozilla/5.0 (compatible; TMMBot/0.2; +http://www.dslab.ch)/Nutch-1.15"
74.125.218.119 - - [13/Apr/2022:17:14:42 +0200] "GET /AmiKo/Privacy HTTP/1.1" 200 8621 "-" "Mozilla/5.0 (X11; Linux x86_64) AppleWebKit/537.36 (KHTML, like Gecko) Chrome/94.0.4606.81 Safari/537.36"
74.125.218.123 - - [13/Apr/2022:17:14:45 +0200] "GET /Generikacc/Privacy HTTP/1.1" 200 8615 "-" "Mozilla/5.0 (X11; Linux x86_64) AppleWebKit/537.36 (KHTML, like Gecko) Chrome/94.0.4606.81 Safari/537.36"
194.209.200.2 - - [13/Apr/2022:17:14:58 +0200] "GET /Software/BBMB HTTP/1.1" 200 9385 "-" "Mozilla/5.0 (compatible; TMMBot/0.2; +http://www.dslab.ch)/Nutch-1.15"
194.209.200.2 - - [13/Apr/2022:17:15:45 +0200] "GET /Main/2012 HTTP/1.1" 200 31941 "-" "Mozilla/5.0 (compatible; TMMBot/0.2; +http://www.dslab.ch)/Nutch-1.15"
207.46.13.58 - - [13/Apr/2022:17:17:25 +0200] "GET /Main/2020 HTTP/1.1" 200 15398 "-" "Mozilla/5.0 (compatible; bingbot/2.0; +http://www.bing.com/bingbot.htm)"
35.241.201.105 - - [13/Apr/2022:17:22:47 +0200] "GET / HTTP/1.1" 200 11443 "-" "DnBCrawler-Analytics"
35.241.201.105 - - [13/Apr/2022:17:22:47 +0200] "GET /robots.txt HTTP/1.1" 200 - "-" "DnBCrawler-Analytics"
35.241.201.105 - - [13/Apr/2022:17:22:47 +0200] "GET /Main/Home HTTP/1.1" 200 11443 "-" "DnBCrawler-Analytics"
35.241.201.105 - - [13/Apr/2022:17:22:47 +0200] "GET /Ywesee/About HTTP/1.1" 200 9132 "-" "DnBCrawler-Analytics"
35.241.201.105 - - [13/Apr/2022:17:22:47 +0200] "GET /Ywesee/Team HTTP/1.1" 200 18245 "-" "DnBCrawler-Analytics"
35.241.201.105 - - [13/Apr/2022:17:22:47 +0200] "GET /Ywesee/Kontakt HTTP/1.1" 200 8973 "-" "DnBCrawler-Analytics"
35.241.201.105 - - [13/Apr/2022:17:22:47 +0200] "GET /Ywesee/InfoCodex HTTP/1.1" 200 24435 "-" "DnBCrawler-Analytics"
35.241.201.105 - - [13/Apr/2022:17:22:47 +0200] "GET / HTTP/1.1" 200 11443 "-" "DnBCrawler-Analytics"
35.241.201.105 - - [13/Apr/2022:17:22:47 +0200] "GET /Site/AllRecentChanges?action=rss HTTP/1.1" 200 2546 "-" "DnBCrawler-Analytics"
35.241.201.105 - - [13/Apr/2022:17:22:48 +0200] "GET /Ywesee/Events HTTP/1.1" 200 8918 "-" "DnBCrawler-Analytics"
35.241.201.105 - - [13/Apr/2022:17:22:48 +0200] "GET /Ywesee/OpenSource HTTP/1.1" 200 10790 "-" "DnBCrawler-Analytics"
35.241.201.105 - - [13/Apr/2022:17:22:48 +0200] "GET /Main/DocumedGalenicaVsYwesee HTTP/1.1" 200 35251 "-" "DnBCrawler-Analytics"
20.191.45.212 - - [13/Apr/2022:17:31:00 +0200] "GET / HTTP/1.1" 200 11443 "https://ywesee.com/" "Mozilla/5.0 (compatible; DuckDuckGo-Favicons-Bot/1.0; +http://duckduckgo.com)"
20.191.45.212 - - [13/Apr/2022:17:31:00 +0200] "GET /favicon.ico HTTP/1.1" 200 1406 "https://ywesee.com/favicon.ico" "Mozilla/5.0 (compatible; DuckDuckGo-Favicons-Bot/1.0; +http://duckduckgo.com)"
194.209.200.2 - - [13/Apr/2022:17:41:17 +0200] "GET /robots.txt HTTP/1.1" 200 - "-" "Mozilla/5.0 (compatible; TMMBot/0.2; +http://www.dslab.ch)/Nutch-1.15"
194.209.200.2 - - [13/Apr/2022:17:41:17 +0200] "GET /AmiKo/Linux HTTP/1.1" 200 9217 "-" "Mozilla/5.0 (compatible; TMMBot/0.2; +http://www.dslab.ch)/Nutch-1.15"
194.209.200.2 - - [13/Apr/2022:17:41:21 +0200] "GET /Miele/MieleLXIV HTTP/1.1" 200 15367 "-" "Mozilla/5.0 (compatible; TMMBot/0.2; +http://www.dslab.ch)/Nutch-1.15"
194.209.200.2 - - [13/Apr/2022:17:41:42 +0200] "GET /Software/YDIM HTTP/1.1" 200 8834 "-" "Mozilla/5.0 (compatible; TMMBot/0.2; +http://www.dslab.ch)/Nutch-1.15"
194.209.200.2 - - [13/Apr/2022:17:42:58 +0200] "GET /Main/2008 HTTP/1.1" 200 34740 "-" "Mozilla/5.0 (compatible; TMMBot/0.2; +http://www.dslab.ch)/Nutch-1.15"
194.209.200.2 - - [13/Apr/2022:17:43:33 +0200] "GET /Main/2013 HTTP/1.1" 200 20487 "-" "Mozilla/5.0 (compatible; TMMBot/0.2; +http://www.dslab.ch)/Nutch-1.15"
74.125.218.123 - - [13/Apr/2022:17:49:25 +0200] "GET /AmiKo/Privacy HTTP/1.1" 200 8621 "-" "PlayStore-Google"
74.125.218.119 - - [13/Apr/2022:17:49:26 +0200] "GET /Generikacc/Privacy HTTP/1.1" 200 8615 "-" "PlayStore-Google"
109.205.182.80 - - [13/Apr/2022:18:03:12 +0200] "GET / HTTP/1.1" 200 11443 "-" "Mozilla/5.0 (X11; Linux x86_64) AppleWebKit/537.36 (KHTML, like Gecko) Chrome/93.0.4577.63 Safari/537.36"
91.143.88.40 - - [13/Apr/2022:18:07:51 +0200] "GET /ODDB/IndividuelleMediliste HTTP/1.1" 200 9139 "-" "Mozilla/5.0 (compatible; InfoTigerBot/1.9; +https://infotiger.com/bot)"
185.191.171.34 - - [13/Apr/2022:18:16:07 +0200] "GET /robots.txt HTTP/1.1" 200 - "-" "Mozilla/5.0 (compatible; SemrushBot/7~bl; +http://www.semrush.com/bot.html)"
185.191.171.17 - - [13/Apr/2022:18:16:07 +0200] "GET /Swissmedic/Formatvorlagen?action=print HTTP/1.1" 403 18 "-" "Mozilla/5.0 (compatible; SemrushBot/7~bl; +http://www.semrush.com/bot.html)"
157.90.182.30 - - [13/Apr/2022:18:17:59 +0200] "GET /robots.txt HTTP/1.1" 200 - "-" "Mozilla/5.0 (compatible; BLEXBot/1.0; +http://webmeup-crawler.com/)"
157.90.182.30 - - [13/Apr/2022:18:17:59 +0200] "GET / HTTP/1.1" 200 11443 "-" "Mozilla/5.0 (compatible; BLEXBot/1.0; +http://webmeup-crawler.com/)"
157.90.182.30 - - [13/Apr/2022:18:18:01 +0200] "GET /robots.txt HTTP/1.1" 200 - "-" "Mozilla/5.0 (compatible; BLEXBot/1.0; +http://webmeup-crawler.com/)"
157.90.182.30 - - [13/Apr/2022:18:18:01 +0200] "GET / HTTP/1.1" 200 11443 "-" "Mozilla/5.0 (compatible; BLEXBot/1.0; +http://webmeup-crawler.com/)"
157.90.182.30 - - [13/Apr/2022:18:18:02 +0200] "GET /AmiKo/Android HTTP/1.1" 200 10427 "-" "Mozilla/5.0 (compatible; BLEXBot/1.0; +http://webmeup-crawler.com/)"
157.90.182.30 - - [13/Apr/2022:18:18:05 +0200] "GET /AmiKo/IOS HTTP/1.1" 200 11930 "-" "Mozilla/5.0 (compatible; BLEXBot/1.0; +http://webmeup-crawler.com/)"
157.90.182.30 - - [13/Apr/2022:18:18:07 +0200] "GET /AmiKo/Linux HTTP/1.1" 200 9217 "-" "Mozilla/5.0 (compatible; BLEXBot/1.0; +http://webmeup-crawler.com/)"
157.90.182.30 - - [13/Apr/2022:18:18:09 +0200] "GET /AmiKo/OSX HTTP/1.1" 200 9772 "-" "Mozilla/5.0 (compatible; BLEXBot/1.0; +http://webmeup-crawler.com/)"
157.90.182.30 - - [13/Apr/2022:18:18:11 +0200] "GET /AmiKo/Web HTTP/1.1" 200 9588 "-" "Mozilla/5.0 (compatible; BLEXBot/1.0; +http://webmeup-crawler.com/)"
157.90.182.30 - - [13/Apr/2022:18:18:13 +0200] "GET /AmiKo/Windows HTTP/1.1" 200 10332 "-" "Mozilla/5.0 (compatible; BLEXBot/1.0; +http://webmeup-crawler.com/)"
157.90.182.30 - - [13/Apr/2022:18:18:15 +0200] "GET /Generikacc/App HTTP/1.1" 200 11862 "-" "Mozilla/5.0 (compatible; BLEXBot/1.0; +http://webmeup-crawler.com/)"
157.90.182.30 - - [13/Apr/2022:18:18:16 +0200] "GET /Main/2004 HTTP/1.1" 200 14080 "-" "Mozilla/5.0 (compatible; BLEXBot/1.0; +http://webmeup-crawler.com/)"
157.90.182.30 - - [13/Apr/2022:18:18:18 +0200] "GET /Main/2005 HTTP/1.1" 200 63344 "-" "Mozilla/5.0 (compatible; BLEXBot/1.0; +http://webmeup-crawler.com/)"
157.90.182.30 - - [13/Apr/2022:18:18:23 +0200] "GET /Main/2006 HTTP/1.1" 200 39320 "-" "Mozilla/5.0 (compatible; BLEXBot/1.0; +http://webmeup-crawler.com/)"
157.90.182.30 - - [13/Apr/2022:18:18:28 +0200] "GET /Main/2007 HTTP/1.1" 200 50639 "-" "Mozilla/5.0 (compatible; BLEXBot/1.0; +http://webmeup-crawler.com/)"
157.90.182.30 - - [13/Apr/2022:18:18:30 +0200] "GET /Main/2008 HTTP/1.1" 200 34740 "-" "Mozilla/5.0 (compatible; BLEXBot/1.0; +http://webmeup-crawler.com/)"
194.209.200.2 - - [13/Apr/2022:18:18:48 +0200] "GET /robots.txt HTTP/1.1" 200 - "-" "Mozilla/5.0 (compatible; TMMBot/0.2; +http://www.dslab.ch)/Nutch-1.15"
194.209.200.2 - - [13/Apr/2022:18:18:48 +0200] "GET /Oddb2xml/Index HTTP/1.1" 200 8983 "-" "Mozilla/5.0 (compatible; TMMBot/0.2; +http://www.dslab.ch)/Nutch-1.15"
157.90.182.30 - - [13/Apr/2022:18:19:01 +0200] "GET /Main/2009 HTTP/1.1" 200 21688 "-" "Mozilla/5.0 (compatible; BLEXBot/1.0; +http://webmeup-crawler.com/)"
157.90.182.30 - - [13/Apr/2022:18:19:04 +0200] "GET /Main/2010 HTTP/1.1" 200 27997 "-" "Mozilla/5.0 (compatible; BLEXBot/1.0; +http://webmeup-crawler.com/)"
194.209.200.2 - - [13/Apr/2022:18:19:05 +0200] "GET /AmiKo/Linux HTTP/1.1" 200 9217 "-" "Mozilla/5.0 (compatible; TMMBot/0.2; +http://www.dslab.ch)/Nutch-1.15"
