89.246.241.14 - - [12/Mar/2022:12:57:21 +0100] "GET /uploads/Main/Medikamentenpreise_und_Medikamentenmarkt_in_der_Schweiz.pdf HTTP/1.1" 200 1455000 "-" "Mozilla/5.0 (Windows NT 10.0; Win64; x64; rv:84.0) Gecko/20100101 Firefox/84.0"
89.246.241.14 - - [12/Mar/2022:12:57:26 +0100] "GET /Main/2007 HTTP/1.1" 200 50639 "-" "Mozilla/5.0 (Windows NT 10.0; Win64; x64; rv:84.0) Gecko/20100101 Firefox/84.0"
89.246.241.14 - - [12/Mar/2022:12:57:37 +0100] "GET /uploads/Main/Excel_100_vergleichbare_Medikamente_Schweiz_Deutschland.xls HTTP/1.1" 200 137216 "-" "Mozilla/5.0 (Windows NT 10.0; Win64; x64; rv:84.0) Gecko/20100101 Firefox/84.0"
89.246.241.14 - - [12/Mar/2022:12:57:43 +0100] "GET /Main/2006 HTTP/1.1" 200 39320 "-" "Mozilla/5.0 (Windows NT 10.0; Win64; x64; rv:84.0) Gecko/20100101 Firefox/84.0"
89.246.241.14 - - [12/Mar/2022:12:57:54 +0100] "GET /Main/2005 HTTP/1.1" 200 63344 "-" "Mozilla/5.0 (Windows NT 10.0; Win64; x64; rv:84.0) Gecko/20100101 Firefox/84.0"
89.246.241.14 - - [12/Mar/2022:12:58:00 +0100] "GET /uploads/Main/338_Email_an_hans-beat.jenny_9.10.2006.txt HTTP/1.1" 200 2596 "-" "Mozilla/5.0 (Windows NT 10.0; Win64; x64; rv:84.0) Gecko/20100101 Firefox/84.0"
89.246.241.14 - - [12/Mar/2022:12:58:06 +0100] "GET /uploads/Main/Facharbeit_Raphael_Waltert.pdf HTTP/1.1" 200 1004701 "-" "Mozilla/5.0 (Windows NT 10.0; Win64; x64; rv:84.0) Gecko/20100101 Firefox/84.0"
89.246.241.14 - - [12/Mar/2022:12:58:12 +0100] "GET /Main/2004 HTTP/1.1" 200 14080 "-" "Mozilla/5.0 (Windows NT 10.0; Win64; x64; rv:84.0) Gecko/20100101 Firefox/84.0"
89.246.241.14 - - [12/Mar/2022:12:58:17 +0100] "GET /uploads/Main/Facharbeit_Mike_Walder.pdf HTTP/1.1" 200 989761 "-" "Mozilla/5.0 (Windows NT 10.0; Win64; x64; rv:84.0) Gecko/20100101 Firefox/84.0"
89.246.241.14 - - [12/Mar/2022:13:00:25 +0100] "GET /AmiKo/SAPP HTTP/1.1" 200 12947 "-" "Mozilla/5.0 (Windows NT 10.0; Win64; x64; rv:84.0) Gecko/20100101 Firefox/84.0"
54.84.192.51 - - [12/Mar/2022:13:04:26 +0100] "GET /keybase.txt HTTP/1.1" 200 2659 "-" "keybase-proofs/2.3.24"
89.246.241.14 - - [12/Mar/2022:13:05:07 +0100] "GET /AmiKo/Windows HTTP/1.1" 200 10332 "-" "Mozilla/5.0 (Windows NT 10.0; Win64; x64; rv:84.0) Gecko/20100101 Firefox/84.0"
192.99.4.163 - - [12/Mar/2022:13:05:09 +0100] "GET /robots.txt HTTP/1.1" 200 - "-" "Mozilla/5.0 (compatible; MJ12bot/v1.4.8; http://mj12bot.com/)"
192.99.4.163 - - [12/Mar/2022:13:05:12 +0100] "GET /Apotheke/POS?action=edit HTTP/1.1" 403 18 "-" "Mozilla/5.0 (compatible; MJ12bot/v1.4.8; http://mj12bot.com/)"
192.99.4.163 - - [12/Mar/2022:13:05:14 +0100] "GET /Arks/TheGame?action=edit HTTP/1.1" 403 18 "-" "Mozilla/5.0 (compatible; MJ12bot/v1.4.8; http://mj12bot.com/)"
192.99.4.163 - - [12/Mar/2022:13:05:16 +0100] "GET /Ausschreibung/SAI?action=edit HTTP/1.1" 403 18 "-" "Mozilla/5.0 (compatible; MJ12bot/v1.4.8; http://mj12bot.com/)"
192.99.4.163 - - [12/Mar/2022:13:05:24 +0100] "GET /Bundesrat/Ebook?action=edit HTTP/1.1" 403 18 "-" "Mozilla/5.0 (compatible; MJ12bot/v1.4.8; http://mj12bot.com/)"
192.99.4.163 - - [12/Mar/2022:13:05:50 +0100] "GET /Emediat/Swissindex?action=edit HTTP/1.1" 403 18 "-" "Mozilla/5.0 (compatible; MJ12bot/v1.4.8; http://mj12bot.com/)"
192.99.4.163 - - [12/Mar/2022:13:06:26 +0100] "GET /Main/Buchpublikationspflicht?action=edit HTTP/1.1" 403 18 "-" "Mozilla/5.0 (compatible; MJ12bot/v1.4.8; http://mj12bot.com/)"
192.99.4.163 - - [12/Mar/2022:13:06:37 +0100] "GET /Main/ComCo19122016?action=edit HTTP/1.1" 403 18 "-" "Mozilla/5.0 (compatible; MJ12bot/v1.4.8; http://mj12bot.com/)"
192.99.4.163 - - [12/Mar/2022:13:06:44 +0100] "GET /Main/Diovan?action=edit HTTP/1.1" 403 18 "-" "Mozilla/5.0 (compatible; MJ12bot/v1.4.8; http://mj12bot.com/)"
192.99.4.163 - - [12/Mar/2022:13:06:51 +0100] "GET /Main/DocumedGalenicaVsYwesee?action=edit HTTP/1.1" 403 18 "-" "Mozilla/5.0 (compatible; MJ12bot/v1.4.8; http://mj12bot.com/)"
192.99.4.163 - - [12/Mar/2022:13:06:55 +0100] "GET /Main/EANCode?action=edit HTTP/1.1" 403 18 "-" "Mozilla/5.0 (compatible; MJ12bot/v1.4.8; http://mj12bot.com/)"
192.99.4.163 - - [12/Mar/2022:13:07:00 +0100] "GET /Main/EPUB?action=edit HTTP/1.1" 403 18 "-" "Mozilla/5.0 (compatible; MJ12bot/v1.4.8; http://mj12bot.com/)"
192.99.4.163 - - [12/Mar/2022:13:07:17 +0100] "GET /Main/Elexis?action=edit HTTP/1.1" 403 18 "-" "Mozilla/5.0 (compatible; MJ12bot/v1.4.8; http://mj12bot.com/)"
192.99.4.163 - - [12/Mar/2022:13:07:21 +0100] "GET /Main/ExtremeProgramming?action=edit HTTP/1.1" 403 18 "-" "Mozilla/5.0 (compatible; MJ12bot/v1.4.8; http://mj12bot.com/)"
192.99.4.163 - - [12/Mar/2022:13:07:25 +0100] "GET /Main/FAZ?action=edit HTTP/1.1" 403 18 "-" "Mozilla/5.0 (compatible; MJ12bot/v1.4.8; http://mj12bot.com/)"
192.99.4.163 - - [12/Mar/2022:13:07:30 +0100] "GET /Main/FMH?action=edit HTTP/1.1" 403 18 "-" "Mozilla/5.0 (compatible; MJ12bot/v1.4.8; http://mj12bot.com/)"
192.99.4.163 - - [12/Mar/2022:13:07:44 +0100] "GET /Main/HirslandenProfessional?action=edit HTTP/1.1" 403 18 "-" "Mozilla/5.0 (compatible; MJ12bot/v1.4.8; http://mj12bot.com/)"
89.246.241.14 - - [12/Mar/2022:13:13:15 +0100] "GET /Ywesee/Kontakt HTTP/1.1" 200 8973 "-" "Mozilla/5.0 (Windows NT 10.0; Win64; x64; rv:84.0) Gecko/20100101 Firefox/84.0"
89.246.241.14 - - [12/Mar/2022:13:14:58 +0100] "GET /Main/MiGel HTTP/1.1" 200 16437 "-" "Mozilla/5.0 (Windows NT 10.0; Win64; x64; rv:84.0) Gecko/20100101 Firefox/84.0"
66.249.64.196 - - [12/Mar/2022:13:17:03 +0100] "GET / HTTP/1.1" 200 11272 "-" "Mozilla/5.0 (Linux; Android 6.0.1; Nexus 5X Build/MMB29P) AppleWebKit/537.36 (KHTML, like Gecko) Chrome/98.0.4758.102 Mobile Safari/537.36 (compatible; Googlebot/2.1; +http://www.google.com/bot.html)"
142.44.245.88 - - [12/Mar/2022:13:18:40 +0100] "GET / HTTP/1.1" 200 11272 "-" "Mozilla/5.0 (compatible; YaK/1.0; http://linkfluence.com/; bot@linkfluence.com)"
142.44.245.88 - - [12/Mar/2022:13:18:59 +0100] "GET /Site/AllRecentChanges?action=rss HTTP/1.1" 200 2546 "-" "Mozilla/5.0 (compatible; YaK/1.0; http://linkfluence.com/; bot@linkfluence.com)"
40.77.167.73 - - [12/Mar/2022:13:19:22 +0100] "GET /Main/MyMedi HTTP/1.1" 200 9646 "-" "Mozilla/5.0 (compatible; bingbot/2.0; +http://www.bing.com/bingbot.htm)"
89.246.241.14 - - [12/Mar/2022:13:22:30 +0100] "GET /Main/Home?action=upload HTTP/1.1" 200 8738 "-" "Mozilla/5.0 (Windows NT 10.0; Win64; x64; rv:84.0) Gecko/20100101 Firefox/84.0"
65.154.226.169 - - [12/Mar/2022:13:23:30 +0100] "GET /uploads/Main/Product_Registration_EMEA_FDA_Swissmedic.pdf HTTP/1.1" 200 513930 "-" "Mozilla/5.0 (Windows NT 10.0; Win64; x64) AppleWebKit/537.36 (KHTML, like Gecko) Chrome/76.0.3809.71 Safari/537.36"
205.169.39.69 - - [12/Mar/2022:13:23:38 +0100] "GET /uploads/Main/Product_Registration_EMEA_FDA_Swissmedic.pdf HTTP/1.1" 200 513930 "-" "Mozilla/5.0 (Windows NT 6.1; Win64; x64) AppleWebKit/537.36 (KHTML, like Gecko) Chrome/83.0.4103.61 Safari/537.36"
65.154.226.169 - - [12/Mar/2022:13:23:47 +0100] "HEAD /uploads/Main/Product_Registration_EMEA_FDA_Swissmedic.pdf HTTP/1.1" 200 - "-" "win10chrome76"
65.154.226.169 - - [12/Mar/2022:13:23:48 +0100] "GET /uploads/Main/Product_Registration_EMEA_FDA_Swissmedic.pdf HTTP/1.1" 200 513930 "-" "win10chrome76"
118.184.177.78 - - [12/Mar/2022:13:24:00 +0100] "GET / HTTP/1.1" 200 11272 "-" "Sogou web spider/4.0(+http://www.sogou.com/docs/help/webmasters.htm#07)"
65.154.226.166 - - [12/Mar/2022:13:24:04 +0100] "GET /uploads/Main/Product_Registration_EMEA_FDA_Swissmedic.pdf HTTP/1.1" 200 513930 "-" "Mozilla/5.0 (Windows NT 10.0; Win64; x64) AppleWebKit/537.36 (KHTML, like Gecko) Chrome/76.0.3809.71 Safari/537.36"
65.154.226.166 - - [12/Mar/2022:13:24:22 +0100] "HEAD /uploads/Main/Product_Registration_EMEA_FDA_Swissmedic.pdf HTTP/1.1" 200 - "-" "win10chrome76"
65.154.226.166 - - [12/Mar/2022:13:24:22 +0100] "GET /uploads/Main/Product_Registration_EMEA_FDA_Swissmedic.pdf HTTP/1.1" 200 513930 "-" "win10chrome76"
89.246.241.14 - - [12/Mar/2022:13:26:37 +0100] "GET /Ywesee/InfoCodex HTTP/1.1" 200 24435 "-" "Mozilla/5.0 (Windows NT 10.0; Win64; x64; rv:84.0) Gecko/20100101 Firefox/84.0"
52.13.15.74 - - [12/Mar/2022:13:28:32 +0100] "GET / HTTP/1.1" 200 11272 "-" "Mozilla/5.0 (X11; Linux x86_64) AppleWebKit/537.36 (KHTML, like Gecko) Chrome/83.0.4103.97 Safari/537.36"
91.205.187.186 - - [12/Mar/2022:13:28:42 +0100] "GET /uploads/Main/Product_Registration_EMEA_FDA_Swissmedic.pdf HTTP/1.1" 200 513930 "-" "Mozilla/5.0 (Windows NT 10.0; Win64; x64) AppleWebKit/537.36 (KHTML, like Gecko) Chrome/84.0.4147.89 Safari/537.36"
54.187.236.91 - - [12/Mar/2022:13:28:46 +0100] "GET / HTTP/1.1" 200 11272 "http://ywesee.ch" "Mozilla/5.0 (X11; Linux x86_64) AppleWebKit/537.36 (KHTML, like Gecko) Chrome/83.0.4103.97 Safari/537.36"
185.191.171.3 - - [12/Mar/2022:13:35:01 +0100] "GET /robots.txt HTTP/1.1" 200 - "-" "Mozilla/5.0 (compatible; SemrushBot/7~bl; +http://www.semrush.com/bot.html)"
185.191.171.36 - - [12/Mar/2022:13:35:02 +0100] "GET /Main/FAZ?action=edit HTTP/1.1" 403 18 "-" "Mozilla/5.0 (compatible; SemrushBot/7~bl; +http://www.semrush.com/bot.html)"
89.246.241.14 - - [12/Mar/2022:13:36:54 +0100] "GET /Main/2014?n=Main.SideBar?action=edit HTTP/1.1" 200 9322 "-" "Mozilla/5.0 (Windows NT 10.0; Win64; x64; rv:84.0) Gecko/20100101 Firefox/84.0"
89.246.241.14 - - [12/Mar/2022:13:40:42 +0100] "GET /Main/2006?action=edit HTTP/1.1" 200 9271 "-" "Mozilla/5.0 (Windows NT 10.0; Win64; x64; rv:84.0) Gecko/20100101 Firefox/84.0"
89.246.241.14 - - [12/Mar/2022:13:41:39 +0100] "GET /Oddb2xml/XSD HTTP/1.1" 200 8519 "-" "Mozilla/5.0 (Windows NT 10.0; Win64; x64; rv:84.0) Gecko/20100101 Firefox/84.0"
74.125.151.55 - - [12/Mar/2022:13:46:14 +0100] "GET /Generikacc/Privacy HTTP/1.1" 200 8615 "-" "PlayStore-Google"
95.163.255.83 - - [12/Mar/2022:13:48:30 +0100] "GET /robots.txt HTTP/1.0" 200 - "-" "Mozilla/5.0 (compatible; Linux x86_64; Mail.RU_Bot/2.0; +http://go.mail.ru/help/robots)"
95.163.255.85 - - [12/Mar/2022:13:48:31 +0100] "GET /Miele/History HTTP/1.1" 200 9032 "-" "Mozilla/5.0 (compatible; Linux x86_64; Mail.RU_Bot/2.0; +http://go.mail.ru/help/robots)"
89.246.241.14 - - [12/Mar/2022:13:48:43 +0100] "GET /Ywesee/InfoCodexProcedure HTTP/1.1" 200 12373 "-" "Mozilla/5.0 (Windows NT 10.0; Win64; x64; rv:84.0) Gecko/20100101 Firefox/84.0"
89.246.241.14 - - [12/Mar/2022:13:49:39 +0100] "GET /Main/2014?action=print HTTP/1.1" 200 14490 "-" "Mozilla/5.0 (Windows NT 10.0; Win64; x64; rv:84.0) Gecko/20100101 Firefox/84.0"
89.246.241.14 - - [12/Mar/2022:13:50:08 +0100] "GET /Main/2007?action=edit HTTP/1.1" 200 9271 "-" "Mozilla/5.0 (Windows NT 10.0; Win64; x64; rv:84.0) Gecko/20100101 Firefox/84.0"
66.249.64.196 - - [12/Mar/2022:13:54:32 +0100] "GET /de/gcc/fachinfo/reg/63123/chapter/preclinic/currency/EUR HTTP/1.1" 404 315 "-" "Mozilla/5.0 (compatible; Googlebot/2.1; +http://www.google.com/bot.html)"
193.38.54.139 - - [12/Mar/2022:13:55:24 +0100] "GET /Miele/MieleLXIV HTTP/1.1" 200 15367 "https://medevel.com/" "Mozilla/5.0 (iPhone; CPU iPhone OS 15_0_2 like Mac OS X) AppleWebKit/605.1.15 (KHTML, like Gecko) Version/15.0 Mobile/15E148 Safari/604.1"
193.38.54.139 - - [12/Mar/2022:13:55:25 +0100] "GET /pub/skins/ywesee/gila.css HTTP/1.1" 200 8276 "https://www.ywesee.com/Miele/MieleLXIV" "Mozilla/5.0 (iPhone; CPU iPhone OS 15_0_2 like Mac OS X) AppleWebKit/605.1.15 (KHTML, like Gecko) Version/15.0 Mobile/15E148 Safari/604.1"
193.38.54.139 - - [12/Mar/2022:13:55:26 +0100] "GET /favicon.ico HTTP/1.1" 200 1406 "https://www.ywesee.com/Miele/MieleLXIV" "Mozilla/5.0 (iPhone; CPU iPhone OS 15_0_2 like Mac OS X) AppleWebKit/605.1.15 (KHTML, like Gecko) Version/15.0 Mobile/15E148 Safari/604.1"
89.246.241.14 - - [12/Mar/2022:13:55:29 +0100] "GET /uploads/Main/Chaos_auf_dem_Medikamenten-Markt.pdf HTTP/1.1" 200 67922 "-" "Mozilla/5.0 (Windows NT 10.0; Win64; x64; rv:84.0) Gecko/20100101 Firefox/84.0"
89.246.241.14 - - [12/Mar/2022:13:55:57 +0100] "GET /uploads/Main/Distributed_Import_Option_in_InfoCodex.pdf HTTP/1.1" 200 223378 "-" "Mozilla/5.0 (Windows NT 10.0; Win64; x64; rv:84.0) Gecko/20100101 Firefox/84.0"
54.36.149.42 - - [12/Mar/2022:14:00:36 +0100] "GET /Main/Phostal HTTP/1.1" 200 8927 "-" "Mozilla/5.0 (compatible; AhrefsBot/7.0; +http://ahrefs.com/robot/)"
89.246.241.14 - - [12/Mar/2022:14:03:07 +0100] "GET /Bundesrat/Ebook HTTP/1.1" 200 10101 "-" "Mozilla/5.0 (Windows NT 10.0; Win64; x64; rv:84.0) Gecko/20100101 Firefox/84.0"
89.246.241.14 - - [12/Mar/2022:14:03:21 +0100] "GET /Main/HirslandenProfessional HTTP/1.1" 200 8885 "-" "Mozilla/5.0 (Windows NT 10.0; Win64; x64; rv:84.0) Gecko/20100101 Firefox/84.0"
89.246.241.14 - - [12/Mar/2022:14:04:16 +0100] "GET /Main/MyMedi HTTP/1.1" 200 9646 "-" "Mozilla/5.0 (Windows NT 10.0; Win64; x64; rv:84.0) Gecko/20100101 Firefox/84.0"
130.255.166.51 - - [12/Mar/2022:14:04:33 +0100] "GET / HTTP/1.1" 200 11272 "http://ywesee.net/" "Mozilla/5.0 (Macintosh; Intel Mac OS X 10_13_6) AppleWebKit/537.36 (KHTML, like Gecko) Chrome/91.0.4472.114 Safari/537.36"
89.246.241.14 - - [12/Mar/2022:14:05:39 +0100] "GET /Main/Refdata HTTP/1.1" 200 11486 "-" "Mozilla/5.0 (Windows NT 10.0; Win64; x64; rv:84.0) Gecko/20100101 Firefox/84.0"
77.88.5.217 - - [12/Mar/2022:14:07:23 +0100] "GET /robots.txt HTTP/1.1" 200 - "-" "Mozilla/5.0 (compatible; YandexBot/3.0; +http://yandex.com/bots)"
77.88.5.217 - - [12/Mar/2022:14:07:26 +0100] "GET / HTTP/1.1" 200 11272 "-" "Mozilla/5.0 (compatible; YandexBot/3.0; +http://yandex.com/bots)"
89.246.241.14 - - [12/Mar/2022:14:08:10 +0100] "GET /Main/2005?action=upload HTTP/1.1" 200 8737 "-" "Mozilla/5.0 (Windows NT 10.0; Win64; x64; rv:84.0) Gecko/20100101 Firefox/84.0"
74.125.151.59 - - [12/Mar/2022:14:10:34 +0100] "GET /AmiKo/Privacy HTTP/1.1" 200 8621 "-" "PlayStore-Google"
66.249.89.195 - - [12/Mar/2022:14:11:06 +0100] "GET /AmiKo/Privacy HTTP/1.1" 200 8621 "-" "PlayStore-Google"
89.246.241.14 - - [12/Mar/2022:14:12:03 +0100] "GET /Main/2014?action=edit HTTP/1.1" 200 9271 "-" "Mozilla/5.0 (Windows NT 10.0; Win64; x64; rv:84.0) Gecko/20100101 Firefox/84.0"
182.161.37.42 - - [12/Mar/2022:14:12:28 +0100] "GET / HTTP/1.1" 200 11272 "-" "Mozilla/5.0 (Windows NT 10.0; WOW64) AppleWebKit/537.36 (KHTML, like Gecko) Chrome/63.0.3239.132 Safari/537.36"
89.246.241.14 - - [12/Mar/2022:14:13:39 +0100] "GET /Main/Legende HTTP/1.1" 200 9217 "-" "Mozilla/5.0 (Windows NT 10.0; Win64; x64; rv:84.0) Gecko/20100101 Firefox/84.0"
89.246.241.14 - - [12/Mar/2022:14:13:44 +0100] "GET /Main/EANCode HTTP/1.1" 200 9821 "-" "Mozilla/5.0 (Windows NT 10.0; Win64; x64; rv:84.0) Gecko/20100101 Firefox/84.0"
185.191.171.25 - - [12/Mar/2022:14:15:50 +0100] "GET /Refdata/LoeschungFelder HTTP/1.1" 200 9814 "-" "Mozilla/5.0 (compatible; SemrushBot/7~bl; +http://www.semrush.com/bot.html)"
40.77.167.73 - - [12/Mar/2022:14:17:37 +0100] "GET /Main/HirslandenProfessional HTTP/1.1" 200 8885 "-" "Mozilla/5.0 (compatible; bingbot/2.0; +http://www.bing.com/bingbot.htm)"
89.246.241.14 - - [12/Mar/2022:14:19:32 +0100] "GET /Main/2006?action=diff HTTP/1.1" 200 41442 "-" "Mozilla/5.0 (Windows NT 10.0; Win64; x64; rv:84.0) Gecko/20100101 Firefox/84.0"
34.90.42.6 - - [12/Mar/2022:14:25:07 +0100] "GET /ads.txt HTTP/1.1" 404 266 "-" "Mozilla/5.0 (Windows NT 10.0; Win64; x64) AppleWebKit/537.36 (KHTML, like Gecko) Chrome/86.0.4240.198 Safari/537.36 [ip:151.46.219.161]"
89.246.241.14 - - [12/Mar/2022:14:25:41 +0100] "GET /Main/MediStammdatenKostenSchweiz HTTP/1.1" 200 10264 "-" "Mozilla/5.0 (Windows NT 10.0; Win64; x64; rv:84.0) Gecko/20100101 Firefox/84.0"
89.246.241.14 - - [12/Mar/2022:14:33:51 +0100] "GET /uploads/Main/Seite_1.pdf HTTP/1.1" 200 1100985 "-" "Mozilla/5.0 (Windows NT 10.0; Win64; x64; rv:84.0) Gecko/20100101 Firefox/84.0"
185.191.171.14 - - [12/Mar/2022:14:35:02 +0100] "GET /robots.txt HTTP/1.1" 200 - "-" "Mozilla/5.0 (compatible; SemrushBot/7~bl; +http://www.semrush.com/bot.html)"
185.191.171.10 - - [12/Mar/2022:14:35:04 +0100] "GET /Emediat/Swissindex?n=Main.SideBar%3Faction%3Dedit HTTP/1.1" 302 157 "-" "Mozilla/5.0 (compatible; SemrushBot/7~bl; +http://www.semrush.com/bot.html)"
204.85.191.7 - - [12/Mar/2022:14:36:58 +0100] "GET /uploads/Main/Product_Registration_EMEA_FDA_Swissmedic.pdf HTTP/1.1" 200 513930 "https://www.ywesee.com/uploads/Main/Product_Registration_EMEA_FDA_Swissmedic.pdf" "Mozilla/5.0 (compatible; MSIE 10.0; Windows NT 6.1; Trident/6.0)"
212.102.57.81 - - [12/Mar/2022:14:38:00 +0100] "GET /uploads/Main/Product_Registration_EMEA_FDA_Swissmedic.pdf HTTP/1.1" 200 513930 "https://www.ywesee.com/uploads/Main/Product_Registration_EMEA_FDA_Swissmedic.pdf" "Mozilla/5.0 (iPhone; CPU iPhone OS 15_2_1 like Mac OS X) AppleWebKit/605.1.15 (KHTML, like Gecko) Version/15.2 Mobile/15E148 Safari/604.1"
84.17.52.161 - - [12/Mar/2022:14:38:00 +0100] "GET /uploads/Main/Product_Registration_EMEA_FDA_Swissmedic.pdf HTTP/1.1" 200 513930 "https://www.ywesee.com/uploads/Main/Product_Registration_EMEA_FDA_Swissmedic.pdf" "Mozilla/5.0 (Windows NT 10.0; Win64; x64) AppleWebKit/537.36 (KHTML, like Gecko) Chrome/98.0.4758.82 Safari/537.36"
80.44.18.101 - - [12/Mar/2022:14:38:02 +0100] "GET /uploads/Main/Product_Registration_EMEA_FDA_Swissmedic.pdf HTTP/1.1" 200 513930 "https://www.ywesee.com/uploads/Main/Product_Registration_EMEA_FDA_Swissmedic.pdf" "Mozilla/5.0 (iPhone; CPU iPhone OS 15_1 like Mac OS X) AppleWebKit/605.1.15 (KHTML, like Gecko) Version/15.1 Mobile/15E148 Safari/604.1"
213.107.66.126 - - [12/Mar/2022:14:38:04 +0100] "GET /uploads/Main/Product_Registration_EMEA_FDA_Swissmedic.pdf HTTP/1.1" 200 513930 "https://www.ywesee.com/uploads/Main/Product_Registration_EMEA_FDA_Swissmedic.pdf" "Mozilla/5.0 (iPhone; CPU iPhone OS 14_7_1 like Mac OS X) AppleWebKit/605.1.15 (KHTML, like Gecko) Version/14.1.2 Mobile/15E148 Safari/604.1"
38.101.74.84 - - [12/Mar/2022:14:38:16 +0100] "GET /uploads/Main/Product_Registration_EMEA_FDA_Swissmedic.pdf HTTP/1.1" 200 513930 "https://www.ywesee.com/uploads/Main/Product_Registration_EMEA_FDA_Swissmedic.pdf" "Mozilla/5.0 (Windows NT 10.0; Win64; x64; rv:97.0) Gecko/20100101 Firefox/97.0"
64.124.51.154 - - [12/Mar/2022:14:39:01 +0100] "GET /uploads/Main/Product_Registration_EMEA_FDA_Swissmedic.pdf HTTP/1.1" 200 513930 "-" "Mozilla/5.0 (Windows NT 10.0; Win64; x64) AppleWebKit/537.36 (KHTML, like Gecko) Chrome/60.0.3112.113 Safari/537.36"
40.77.167.73 - - [12/Mar/2022:14:46:10 +0100] "GET / HTTP/1.1" 200 11272 "-" "Mozilla/5.0 (compatible; bingbot/2.0; +http://www.bing.com/bingbot.htm)"
89.246.241.14 - - [12/Mar/2022:14:46:11 +0100] "GET /Ywesee/BitcoinBlockchain HTTP/1.1" 200 9811 "-" "Mozilla/5.0 (Windows NT 10.0; Win64; x64; rv:84.0) Gecko/20100101 Firefox/84.0"
185.191.171.16 - - [12/Mar/2022:14:49:45 +0100] "GET /Main/Buchpublikationspflicht?action=diff HTTP/1.1" 403 18 "-" "Mozilla/5.0 (compatible; SemrushBot/7~bl; +http://www.semrush.com/bot.html)"
65.21.206.45 - - [12/Mar/2022:14:52:33 +0100] "GET / HTTP/1.1" 200 11272 "-" "Mozilla/5.0 (Windows NT 10.0; Win64; x64) AppleWebKit/537.36 (KHTML, like Gecko) Chrome/91.0.4472.114 Safari/537.36 Edg/91.0.864.54"
3.94.146.85 - - [12/Mar/2022:14:54:07 +0100] "GET /robots.txt HTTP/1.1" 200 - "-" "Mozilla/5.0/Firefox/42.0 - nbertaupete95(at)gmail.com"
3.94.146.85 - - [12/Mar/2022:14:54:07 +0100] "GET / HTTP/1.1" 200 11272 "-" "Mozilla/5.0/Firefox/42.0 - nbertaupete95(at)gmail.com"
89.246.241.14 - - [12/Mar/2022:14:57:54 +0100] "GET /ODDB/Flow HTTP/1.1" 200 8944 "-" "Mozilla/5.0 (Windows NT 10.0; Win64; x64; rv:84.0) Gecko/20100101 Firefox/84.0"
89.246.241.14 - - [12/Mar/2022:14:58:46 +0100] "GET /uploads/Main/fmh_stellungnahme_kompendiumsbuch_20.11.2007.pdf HTTP/1.1" 200 67339 "-" "Mozilla/5.0 (Windows NT 10.0; Win64; x64; rv:84.0) Gecko/20100101 Firefox/84.0"
173.212.247.190 - - [12/Mar/2022:14:59:51 +0100] "GET /robots.txt HTTP/1.1" 200 - "-" "Mozilla/5.0 (compatible; MJ12bot/v1.4.8; http://mj12bot.com/)"
173.212.247.190 - - [12/Mar/2022:14:59:55 +0100] "GET /Main/2020?action=edit HTTP/1.1" 403 18 "-" "Mozilla/5.0 (compatible; MJ12bot/v1.4.8; http://mj12bot.com/)"
173.212.247.190 - - [12/Mar/2022:15:00:06 +0100] "GET /Main/2021?action=edit HTTP/1.1" 403 18 "-" "Mozilla/5.0 (compatible; MJ12bot/v1.4.8; http://mj12bot.com/)"
173.212.247.190 - - [12/Mar/2022:15:00:21 +0100] "GET /Main/AIPS-XML?action=edit HTTP/1.1" 403 18 "-" "Mozilla/5.0 (compatible; MJ12bot/v1.4.8; http://mj12bot.com/)"
173.212.247.190 - - [12/Mar/2022:15:00:23 +0100] "GET /Main/WekoBlog?action=edit HTTP/1.1" 403 18 "-" "Mozilla/5.0 (compatible; MJ12bot/v1.4.8; http://mj12bot.com/)"
173.212.247.190 - - [12/Mar/2022:15:01:00 +0100] "GET /ODDB/IndividuelleMediliste?action=edit HTTP/1.1" 403 18 "-" "Mozilla/5.0 (compatible; MJ12bot/v1.4.8; http://mj12bot.com/)"
173.212.247.190 - - [12/Mar/2022:15:01:11 +0100] "GET /ODDB/IntegrationLookAmpFeelGenerikasuche?action=edit HTTP/1.1" 403 18 "-" "Mozilla/5.0 (compatible; MJ12bot/v1.4.8; http://mj12bot.com/)"
173.212.247.190 - - [12/Mar/2022:15:01:28 +0100] "GET /ODDB/Interaktionen?action=edit HTTP/1.1" 403 18 "-" "Mozilla/5.0 (compatible; MJ12bot/v1.4.8; http://mj12bot.com/)"
173.212.247.190 - - [12/Mar/2022:15:01:39 +0100] "GET /ODDB/InteraktionenEphaHighDDI?action=edit HTTP/1.1" 403 18 "-" "Mozilla/5.0 (compatible; MJ12bot/v1.4.8; http://mj12bot.com/)"
173.212.247.190 - - [12/Mar/2022:15:02:02 +0100] "GET /ODDB/MD?action=edit HTTP/1.1" 403 18 "-" "Mozilla/5.0 (compatible; MJ12bot/v1.4.8; http://mj12bot.com/)"
173.212.247.190 - - [12/Mar/2022:15:02:41 +0100] "GET /ODDB/ODDBxml?action=edit HTTP/1.1" 403 18 "-" "Mozilla/5.0 (compatible; MJ12bot/v1.4.8; http://mj12bot.com/)"
173.212.247.190 - - [12/Mar/2022:15:03:02 +0100] "GET /ODDB/OddbDat?action=edit HTTP/1.1" 403 18 "-" "Mozilla/5.0 (compatible; MJ12bot/v1.4.8; http://mj12bot.com/)"
173.212.247.190 - - [12/Mar/2022:15:03:38 +0100] "GET /ODDB/StammdatenCH?action=edit HTTP/1.1" 403 18 "-" "Mozilla/5.0 (compatible; MJ12bot/v1.4.8; http://mj12bot.com/)"
173.212.247.190 - - [12/Mar/2022:15:04:53 +0100] "GET /OSX/CoMed?action=edit HTTP/1.1" 403 18 "-" "Mozilla/5.0 (compatible; MJ12bot/v1.4.8; http://mj12bot.com/)"
173.212.247.190 - - [12/Mar/2022:15:05:51 +0100] "GET /Oddb2xml/Index?action=edit HTTP/1.1" 403 18 "-" "Mozilla/5.0 (compatible; MJ12bot/v1.4.8; http://mj12bot.com/)"
99.145.191.118 - - [12/Mar/2022:15:08:12 +0100] "GET /Miele/MieleLXIV HTTP/1.1" 200 15367 "https://medevel.com/miele-lxiv-dicom-macosx/" "Mozilla/5.0 (iPhone; CPU iPhone OS 15_3_1 like Mac OS X) AppleWebKit/605.1.15 (KHTML, like Gecko) Version/15.3 Mobile/15E148 Safari/604.1"
99.145.191.118 - - [12/Mar/2022:15:08:12 +0100] "GET /pub/skins/ywesee/gila.css HTTP/1.1" 200 8276 "https://www.ywesee.com/Miele/MieleLXIV" "Mozilla/5.0 (iPhone; CPU iPhone OS 15_3_1 like Mac OS X) AppleWebKit/605.1.15 (KHTML, like Gecko) Version/15.3 Mobile/15E148 Safari/604.1"
99.145.191.118 - - [12/Mar/2022:15:08:13 +0100] "GET /favicon.ico HTTP/1.1" 200 1406 "https://www.ywesee.com/Miele/MieleLXIV" "Mozilla/5.0 (iPhone; CPU iPhone OS 15_3_1 like Mac OS X) AppleWebKit/605.1.15 (KHTML, like Gecko) Version/15.3 Mobile/15E148 Safari/604.1"
173.212.247.190 - - [12/Mar/2022:15:15:23 +0100] "GET /Software/BBMB?action=edit HTTP/1.1" 403 18 "-" "Mozilla/5.0 (compatible; MJ12bot/v1.4.8; http://mj12bot.com/)"
185.191.171.34 - - [12/Mar/2022:15:15:50 +0100] "GET /Oddb2xml/Version?action=print HTTP/1.1" 403 18 "-" "Mozilla/5.0 (compatible; SemrushBot/7~bl; +http://www.semrush.com/bot.html)"
173.212.247.190 - - [12/Mar/2022:15:15:54 +0100] "GET /Software/Developers?action=edit HTTP/1.1" 403 18 "-" "Mozilla/5.0 (compatible; MJ12bot/v1.4.8; http://mj12bot.com/)"
89.246.241.14 - - [12/Mar/2022:15:16:40 +0100] "GET /Main/FAZ HTTP/1.1" 200 8325 "-" "Mozilla/5.0 (Windows NT 10.0; Win64; x64; rv:84.0) Gecko/20100101 Firefox/84.0"
173.212.247.190 - - [12/Mar/2022:15:16:50 +0100] "GET /Software/ODBA?action=edit HTTP/1.1" 403 18 "-" "Mozilla/5.0 (compatible; MJ12bot/v1.4.8; http://mj12bot.com/)"
173.212.247.190 - - [12/Mar/2022:15:17:02 +0100] "GET /Software/ODDB?action=edit HTTP/1.1" 403 18 "-" "Mozilla/5.0 (compatible; MJ12bot/v1.4.8; http://mj12bot.com/)"
173.212.247.190 - - [12/Mar/2022:15:17:52 +0100] "GET /Software/SoftwareRaid?action=edit HTTP/1.1" 403 18 "-" "Mozilla/5.0 (compatible; MJ12bot/v1.4.8; http://mj12bot.com/)"
173.212.247.190 - - [12/Mar/2022:15:18:05 +0100] "GET /Software/Spreadsheet?action=edit HTTP/1.1" 403 18 "-" "Mozilla/5.0 (compatible; MJ12bot/v1.4.8; http://mj12bot.com/)"
173.212.247.190 - - [12/Mar/2022:15:18:33 +0100] "GET /Software/XMLBAG?action=edit HTTP/1.1" 403 18 "-" "Mozilla/5.0 (compatible; MJ12bot/v1.4.8; http://mj12bot.com/)"
173.212.247.190 - - [12/Mar/2022:15:18:46 +0100] "GET /Software/XMLConv?action=edit HTTP/1.1" 403 18 "-" "Mozilla/5.0 (compatible; MJ12bot/v1.4.8; http://mj12bot.com/)"
173.212.247.190 - - [12/Mar/2022:15:19:25 +0100] "GET /Software/YDIM?action=edit HTTP/1.1" 403 18 "-" "Mozilla/5.0 (compatible; MJ12bot/v1.4.8; http://mj12bot.com/)"
173.212.247.190 - - [12/Mar/2022:15:19:53 +0100] "GET /Software/YDPM?action=edit HTTP/1.1" 403 18 "-" "Mozilla/5.0 (compatible; MJ12bot/v1.4.8; http://mj12bot.com/)"
173.212.247.190 - - [12/Mar/2022:15:20:33 +0100] "GET /SpitalSchweiz/AnzahlBettenstationaer2012?action=edit HTTP/1.1" 403 18 "-" "Mozilla/5.0 (compatible; MJ12bot/v1.4.8; http://mj12bot.com/)"
173.212.247.190 - - [12/Mar/2022:15:21:09 +0100] "GET /SpitalSchweiz/AnzahlOperationssaele2012?action=edit HTTP/1.1" 403 18 "-" "Mozilla/5.0 (compatible; MJ12bot/v1.4.8; http://mj12bot.com/)"
173.212.247.190 - - [12/Mar/2022:15:21:37 +0100] "GET /SpitalSchweiz/Index?action=edit HTTP/1.1" 403 18 "-" "Mozilla/5.0 (compatible; MJ12bot/v1.4.8; http://mj12bot.com/)"
173.212.247.190 - - [12/Mar/2022:15:22:14 +0100] "GET /Swissmedic/AIPS?action=edit HTTP/1.1" 403 18 "-" "Mozilla/5.0 (compatible; MJ12bot/v1.4.8; http://mj12bot.com/)"
173.212.247.190 - - [12/Mar/2022:15:22:18 +0100] "GET /Swissmedic/Packungen?action=edit HTTP/1.1" 403 18 "-" "Mozilla/5.0 (compatible; MJ12bot/v1.4.8; http://mj12bot.com/)"
173.212.247.190 - - [12/Mar/2022:15:22:37 +0100] "GET /Swissmedic/PraeparatelisteMitWS?action=edit HTTP/1.1" 403 18 "-" "Mozilla/5.0 (compatible; MJ12bot/v1.4.8; http://mj12bot.com/)"
173.212.247.190 - - [12/Mar/2022:15:22:55 +0100] "GET /Swissmedic/Vertriebsunterbruch?action=edit HTTP/1.1" 403 18 "-" "Mozilla/5.0 (compatible; MJ12bot/v1.4.8; http://mj12bot.com/)"
89.246.241.14 - - [12/Mar/2022:15:23:11 +0100] "GET /MEDIupdateXML/Aerzte HTTP/1.1" 200 8529 "-" "Mozilla/5.0 (Windows NT 10.0; Win64; x64; rv:84.0) Gecko/20100101 Firefox/84.0"
173.212.247.190 - - [12/Mar/2022:15:23:16 +0100] "GET /Wiget/PhMPrescriber?action=edit HTTP/1.1" 403 18 "-" "Mozilla/5.0 (compatible; MJ12bot/v1.4.8; http://mj12bot.com/)"
173.212.247.190 - - [12/Mar/2022:15:23:37 +0100] "GET /Ywesee/About?action=edit HTTP/1.1" 403 18 "-" "Mozilla/5.0 (compatible; MJ12bot/v1.4.8; http://mj12bot.com/)"
173.212.247.190 - - [12/Mar/2022:15:23:45 +0100] "GET /Ywesee/Bewerbung?action=edit HTTP/1.1" 403 18 "-" "Mozilla/5.0 (compatible; MJ12bot/v1.4.8; http://mj12bot.com/)"
173.212.247.190 - - [12/Mar/2022:15:24:28 +0100] "GET /Ywesee/Events?action=edit HTTP/1.1" 403 18 "-" "Mozilla/5.0 (compatible; MJ12bot/v1.4.8; http://mj12bot.com/)"
89.246.241.14 - - [12/Mar/2022:15:26:56 +0100] "GET /Main/WekoBlog HTTP/1.1" 200 22209 "-" "Mozilla/5.0 (Windows NT 10.0; Win64; x64; rv:84.0) Gecko/20100101 Firefox/84.0"
207.180.218.247 - - [12/Mar/2022:15:27:17 +0100] "GET /robots.txt HTTP/1.1" 200 - "-" "Mozilla/5.0 (compatible; MJ12bot/v1.4.8; http://mj12bot.com/)"
207.180.218.247 - - [12/Mar/2022:15:27:19 +0100] "GET /Ywesee/IGM11?action=edit HTTP/1.1" 403 18 "-" "Mozilla/5.0 (compatible; MJ12bot/v1.4.8; http://mj12bot.com/)"
207.180.218.247 - - [12/Mar/2022:15:27:31 +0100] "GET /Ywesee/InfoCodex?action=edit HTTP/1.1" 403 18 "-" "Mozilla/5.0 (compatible; MJ12bot/v1.4.8; http://mj12bot.com/)"
207.180.218.247 - - [12/Mar/2022:15:27:43 +0100] "GET /Ywesee/InfoCodexProcedure?action=edit HTTP/1.1" 403 18 "-" "Mozilla/5.0 (compatible; MJ12bot/v1.4.8; http://mj12bot.com/)"
207.180.218.247 - - [12/Mar/2022:15:27:50 +0100] "GET /Ywesee/InfoCodexProximity?action=edit HTTP/1.1" 403 18 "-" "Mozilla/5.0 (compatible; MJ12bot/v1.4.8; http://mj12bot.com/)"
207.180.218.247 - - [12/Mar/2022:15:28:10 +0100] "GET /Ywesee/InfoCodexVorgehen?action=edit HTTP/1.1" 403 18 "-" "Mozilla/5.0 (compatible; MJ12bot/v1.4.8; http://mj12bot.com/)"
207.180.218.247 - - [12/Mar/2022:15:28:33 +0100] "GET /Ywesee/KindleOniPhone?action=edit HTTP/1.1" 403 18 "-" "Mozilla/5.0 (compatible; MJ12bot/v1.4.8; http://mj12bot.com/)"
207.180.218.247 - - [12/Mar/2022:15:28:38 +0100] "GET /Ywesee/Kontakt?action=edit HTTP/1.1" 403 18 "-" "Mozilla/5.0 (compatible; MJ12bot/v1.4.8; http://mj12bot.com/)"
207.180.218.247 - - [12/Mar/2022:15:28:44 +0100] "GET /Ywesee/OpenSource?action=edit HTTP/1.1" 403 18 "-" "Mozilla/5.0 (compatible; MJ12bot/v1.4.8; http://mj12bot.com/)"
207.180.218.247 - - [12/Mar/2022:15:28:52 +0100] "GET /Ywesee/Software?action=edit HTTP/1.1" 403 18 "-" "Mozilla/5.0 (compatible; MJ12bot/v1.4.8; http://mj12bot.com/)"
207.180.218.247 - - [12/Mar/2022:15:29:03 +0100] "GET /Ywesee/SpezialisierteKrankenkasse?action=edit HTTP/1.1" 403 18 "-" "Mozilla/5.0 (compatible; MJ12bot/v1.4.8; http://mj12bot.com/)"
207.180.218.247 - - [12/Mar/2022:15:29:10 +0100] "GET /Ywesee/Stanza?action=edit HTTP/1.1" 403 18 "-" "Mozilla/5.0 (compatible; MJ12bot/v1.4.8; http://mj12bot.com/)"
95.163.255.88 - - [12/Mar/2022:15:29:17 +0100] "GET /robots.txt HTTP/1.0" 200 - "-" "Mozilla/5.0 (compatible; Linux x86_64; Mail.RU_Bot/2.0; +http://go.mail.ru/help/robots)"
95.163.255.88 - - [12/Mar/2022:15:29:19 +0100] "GET /Ywesee/Events HTTP/1.1" 200 8918 "-" "Mozilla/5.0 (compatible; Linux x86_64; Mail.RU_Bot/2.0; +http://go.mail.ru/help/robots)"
207.180.218.247 - - [12/Mar/2022:15:29:20 +0100] "GET /Ywesee/Team?action=edit HTTP/1.1" 403 18 "-" "Mozilla/5.0 (compatible; MJ12bot/v1.4.8; http://mj12bot.com/)"
207.180.218.247 - - [12/Mar/2022:15:29:41 +0100] "GET /Ywesee/XMLFachinfoValidierung?action=edit HTTP/1.1" 403 18 "-" "Mozilla/5.0 (compatible; MJ12bot/v1.4.8; http://mj12bot.com/)"
207.180.218.247 - - [12/Mar/2022:15:29:48 +0100] "GET /Ywesee/YDPM?action=edit HTTP/1.1" 403 18 "-" "Mozilla/5.0 (compatible; MJ12bot/v1.4.8; http://mj12bot.com/)"
89.246.241.14 - - [12/Mar/2022:15:31:31 +0100] "GET /Main/Saldo HTTP/1.1" 200 8416 "-" "Mozilla/5.0 (Windows NT 10.0; Win64; x64; rv:84.0) Gecko/20100101 Firefox/84.0"
89.246.241.14 - - [12/Mar/2022:15:34:49 +0100] "GET /Epha/Flow HTTP/1.1" 200 8668 "-" "Mozilla/5.0 (Windows NT 10.0; Win64; x64; rv:84.0) Gecko/20100101 Firefox/84.0"
89.246.241.14 - - [12/Mar/2022:15:41:24 +0100] "GET /uploads/Main/IC-Enterprise.pdf HTTP/1.1" 200 868608 "-" "Mozilla/5.0 (Windows NT 10.0; Win64; x64; rv:84.0) Gecko/20100101 Firefox/84.0"
89.246.241.14 - - [12/Mar/2022:15:41:49 +0100] "GET /uploads/Main/Schreiben_Bfarm_20.3.2007.pdf HTTP/1.1" 200 607598 "-" "Mozilla/5.0 (Windows NT 10.0; Win64; x64; rv:84.0) Gecko/20100101 Firefox/84.0"
114.119.135.65 - - [12/Mar/2022:15:43:48 +0100] "GET /robots.txt HTTP/1.1" 200 - "-" "Mozilla/5.0 (compatible;PetalBot;+https://webmaster.petalsearch.com/site/petalbot)"
89.246.241.14 - - [12/Mar/2022:15:43:52 +0100] "GET /Main/2007?n=Main.SideBar?action=edit HTTP/1.1" 200 9322 "-" "Mozilla/5.0 (Windows NT 10.0; Win64; x64; rv:84.0) Gecko/20100101 Firefox/84.0"
89.246.241.14 - - [12/Mar/2022:15:47:08 +0100] "GET /Ywesee/KurzFachinfo HTTP/1.1" 200 8845 "-" "Mozilla/5.0 (Windows NT 10.0; Win64; x64; rv:84.0) Gecko/20100101 Firefox/84.0"
193.247.208.98 - - [12/Mar/2022:15:48:19 +0100] "HEAD / HTTP/1.1" 200 - "https://www.hin.ch" "Mozilla/5.0 (Windows NT 10.0; Win64; x64) AppleWebKit/537.36 (KHTML, like Gecko) Chrome/70.0.3538.102 Safari/537.36"
89.246.241.14 - - [12/Mar/2022:15:54:50 +0100] "GET /Main/2006?n=Main.SideBar?action=edit HTTP/1.1" 200 9322 "-" "Mozilla/5.0 (Windows NT 10.0; Win64; x64; rv:84.0) Gecko/20100101 Firefox/84.0"
89.246.241.14 - - [12/Mar/2022:16:00:28 +0100] "GET /uploads/Main/Saldo_12.9.2007.pdf HTTP/1.1" 200 6147 "-" "Mozilla/5.0 (Windows NT 10.0; Win64; x64; rv:84.0) Gecko/20100101 Firefox/84.0"
89.246.241.14 - - [12/Mar/2022:16:05:41 +0100] "GET /Main/2005?n=Main.SideBar?action=edit HTTP/1.1" 200 9322 "-" "Mozilla/5.0 (Windows NT 10.0; Win64; x64; rv:84.0) Gecko/20100101 Firefox/84.0"
89.246.241.14 - - [12/Mar/2022:16:08:16 +0100] "GET /Ywesee/ElektronischesPatientendossierSchweiz HTTP/1.1" 200 11065 "-" "Mozilla/5.0 (Windows NT 10.0; Win64; x64; rv:84.0) Gecko/20100101 Firefox/84.0"
34.132.2.84 - - [12/Mar/2022:16:11:12 +0100] "GET /uploads/PumpFoilingEvents/silvaplana_zeno_goofy_4.6.2021.jpg HTTP/1.1" 200 624473 "-" "Mozilla/5.0 (X11; Ubuntu; Linux x86_64; rv:72.0) Gecko/20100101 Firefox/72.0"
89.246.241.14 - - [12/Mar/2022:16:18:33 +0100] "GET /Main/2007?action=print HTTP/1.1" 200 45502 "-" "Mozilla/5.0 (Windows NT 10.0; Win64; x64; rv:84.0) Gecko/20100101 Firefox/84.0"
185.191.171.41 - - [12/Mar/2022:16:19:01 +0100] "GET /robots.txt HTTP/1.1" 200 - "-" "Mozilla/5.0 (compatible; SemrushBot/7~bl; +http://www.semrush.com/bot.html)"
185.191.171.24 - - [12/Mar/2022:16:19:02 +0100] "GET /InfoCodex/Vergleichsanalyse HTTP/1.1" 200 9981 "-" "Mozilla/5.0 (compatible; SemrushBot/7~bl; +http://www.semrush.com/bot.html)"
89.246.241.14 - - [12/Mar/2022:16:22:05 +0100] "GET /uploads/Main/an_jenny_17.10.2007.pdf HTTP/1.1" 200 154981 "-" "Mozilla/5.0 (Windows NT 10.0; Win64; x64; rv:84.0) Gecko/20100101 Firefox/84.0"
89.246.241.14 - - [12/Mar/2022:16:23:15 +0100] "GET /Main/Elexis HTTP/1.1" 200 10922 "-" "Mozilla/5.0 (Windows NT 10.0; Win64; x64; rv:84.0) Gecko/20100101 Firefox/84.0"
74.125.151.57 - - [12/Mar/2022:16:23:54 +0100] "GET /AmiKo/Privacy HTTP/1.1" 200 8621 "-" "Mozilla/5.0 (X11; Linux i686; rv:93.0) Gecko/20100101 Firefox/93.0"
74.125.151.59 - - [12/Mar/2022:16:23:56 +0100] "GET /Generikacc/Privacy HTTP/1.1" 200 8615 "-" "Mozilla/5.0 (X11; Linux i686; rv:93.0) Gecko/20100101 Firefox/93.0"
89.246.241.14 - - [12/Mar/2022:16:26:35 +0100] "GET /Ywesee/InfoCodexProximity HTTP/1.1" 200 9809 "-" "Mozilla/5.0 (Windows NT 10.0; Win64; x64; rv:84.0) Gecko/20100101 Firefox/84.0"
74.125.151.55 - - [12/Mar/2022:16:26:55 +0100] "GET /AmiKo/Privacy HTTP/1.1" 200 8621 "-" "Mozilla/5.0 (X11; Linux x86_64) AppleWebKit/537.36 (KHTML, like Gecko) Chrome/94.0.4606.81 Safari/537.36"
74.125.151.55 - - [12/Mar/2022:16:26:56 +0100] "GET /Generikacc/Privacy HTTP/1.1" 200 8615 "-" "Mozilla/5.0 (X11; Linux x86_64) AppleWebKit/537.36 (KHTML, like Gecko) Chrome/94.0.4606.81 Safari/537.36"
89.246.241.14 - - [12/Mar/2022:16:28:20 +0100] "GET /Main/FMH HTTP/1.1" 200 8327 "-" "Mozilla/5.0 (Windows NT 10.0; Win64; x64; rv:84.0) Gecko/20100101 Firefox/84.0"
207.46.13.177 - - [12/Mar/2022:16:31:50 +0100] "GET /Stellungnahme/ProPharma HTTP/1.1" 200 13347 "-" "Mozilla/5.0 (compatible; bingbot/2.0; +http://www.bing.com/bingbot.htm)"
101.43.118.245 - - [12/Mar/2022:16:33:18 +0100] "GET / HTTP/1.1" 200 11272 "-" "Mozilla/5.0 (Windows NT 10.0; WOW64) AppleWebKit/537.36 (KHTML, like Gecko) Chrome/63.0.3239.132 Safari/537.36"
89.246.241.14 - - [12/Mar/2022:16:41:05 +0100] "GET /uploads/Main/Stellenbeschreibung_Ruby_ywesee_GmbH.pdf HTTP/1.1" 200 65223 "-" "Mozilla/5.0 (Windows NT 10.0; Win64; x64; rv:84.0) Gecko/20100101 Firefox/84.0"
27.3.128.55 - - [12/Mar/2022:16:43:01 +0100] "GET /Miele/MieleLXIV HTTP/1.1" 200 15367 "https://www.postdicom.com/" "Mozilla/5.0 (Windows NT 10.0; Win64; x64) AppleWebKit/537.36 (KHTML, like Gecko) Chrome/99.0.4844.51 Safari/537.36"
27.3.128.55 - - [12/Mar/2022:16:43:01 +0100] "GET /pub/skins/ywesee/gila.css HTTP/1.1" 200 8276 "https://www.ywesee.com/Miele/MieleLXIV" "Mozilla/5.0 (Windows NT 10.0; Win64; x64) AppleWebKit/537.36 (KHTML, like Gecko) Chrome/99.0.4844.51 Safari/537.36"
27.3.128.55 - - [12/Mar/2022:16:43:01 +0100] "GET /favicon.ico HTTP/1.1" 200 1406 "https://www.ywesee.com/Miele/MieleLXIV" "Mozilla/5.0 (Windows NT 10.0; Win64; x64) AppleWebKit/537.36 (KHTML, like Gecko) Chrome/99.0.4844.51 Safari/537.36"
185.191.171.6 - - [12/Mar/2022:16:43:55 +0100] "GET /Ywesee/InfoCodex?n=Main.SideBar%3Faction%3Dedit HTTP/1.1" 302 157 "-" "Mozilla/5.0 (compatible; SemrushBot/7~bl; +http://www.semrush.com/bot.html)"
89.246.241.14 - - [12/Mar/2022:16:44:44 +0100] "GET /Main/2006?action=print HTTP/1.1" 200 34248 "-" "Mozilla/5.0 (Windows NT 10.0; Win64; x64; rv:84.0) Gecko/20100101 Firefox/84.0"
89.246.241.14 - - [12/Mar/2022:16:44:50 +0100] "GET /Main/2007?action=diff HTTP/1.1" 200 57691 "-" "Mozilla/5.0 (Windows NT 10.0; Win64; x64; rv:84.0) Gecko/20100101 Firefox/84.0"
89.246.241.14 - - [12/Mar/2022:16:46:49 +0100] "GET /Apotheke/POS HTTP/1.1" 200 11138 "-" "Mozilla/5.0 (Windows NT 10.0; Win64; x64; rv:84.0) Gecko/20100101 Firefox/84.0"
89.246.241.14 - - [12/Mar/2022:16:48:20 +0100] "GET /Main/2006?action=upload HTTP/1.1" 200 8737 "-" "Mozilla/5.0 (Windows NT 10.0; Win64; x64; rv:84.0) Gecko/20100101 Firefox/84.0"
89.246.241.14 - - [12/Mar/2022:16:48:55 +0100] "GET /uploads/Main/Deutsche_Pillen_sind_billiger.pdf HTTP/1.1" 200 144061 "-" "Mozilla/5.0 (Windows NT 10.0; Win64; x64; rv:84.0) Gecko/20100101 Firefox/84.0"
74.125.151.59 - - [12/Mar/2022:16:49:51 +0100] "GET /Generikacc/Privacy HTTP/1.1" 200 8615 "-" "PlayStore-Google"
40.77.167.73 - - [12/Mar/2022:16:50:42 +0100] "GET / HTTP/1.1" 200 11272 "-" "Mozilla/5.0 (compatible; bingbot/2.0; +http://www.bing.com/bingbot.htm)"
89.246.241.14 - - [12/Mar/2022:16:53:51 +0100] "GET /Main/NZZ HTTP/1.1" 200 8325 "-" "Mozilla/5.0 (Windows NT 10.0; Win64; x64; rv:84.0) Gecko/20100101 Firefox/84.0"
89.246.241.14 - - [12/Mar/2022:16:55:33 +0100] "GET /Main/2005?action=print HTTP/1.1" 200 58097 "-" "Mozilla/5.0 (Windows NT 10.0; Win64; x64; rv:84.0) Gecko/20100101 Firefox/84.0"
89.246.241.14 - - [12/Mar/2022:16:55:55 +0100] "GET /Ywesee/IGM11 HTTP/1.1" 200 13051 "-" "Mozilla/5.0 (Windows NT 10.0; Win64; x64; rv:84.0) Gecko/20100101 Firefox/84.0"
89.246.241.14 - - [12/Mar/2022:16:56:18 +0100] "GET /uploads/Main/Seite_2.pdf HTTP/1.1" 200 1081044 "-" "Mozilla/5.0 (Windows NT 10.0; Win64; x64; rv:84.0) Gecko/20100101 Firefox/84.0"
89.246.241.14 - - [12/Mar/2022:16:57:26 +0100] "GET /Main/DocumedGalenicaVsYwesee?action=diff HTTP/1.1" 200 116300 "-" "Mozilla/5.0 (Windows NT 10.0; Win64; x64; rv:84.0) Gecko/20100101 Firefox/84.0"
34.250.91.65 - - [12/Mar/2022:16:57:47 +0100] "GET / HTTP/1.1" 200 11272 "-" "Mozilla/5.0 (Windows NT 10.0; Win64; x64; rv:92.0) Gecko/20100101 Firefox/92.0"
34.250.91.65 - - [12/Mar/2022:16:57:47 +0100] "GET /Main/Home HTTP/1.1" 200 11272 "-" "Mozilla/5.0 (Windows NT 10.0; Win64; x64; rv:92.0) Gecko/20100101 Firefox/92.0"
34.250.91.65 - - [12/Mar/2022:16:57:47 +0100] "GET /Site/AllRecentChanges?action=rss HTTP/1.1" 200 2546 "-" "Mozilla/5.0 (Windows NT 10.0; Win64; x64; rv:92.0) Gecko/20100101 Firefox/92.0"
34.250.91.65 - - [12/Mar/2022:16:57:48 +0100] "GET /Ywesee/About HTTP/1.1" 200 9132 "-" "Mozilla/5.0 (Windows NT 10.0; Win64; x64; rv:92.0) Gecko/20100101 Firefox/92.0"
34.250.91.65 - - [12/Mar/2022:16:57:48 +0100] "GET /Ywesee/Events HTTP/1.1" 200 8918 "-" "Mozilla/5.0 (Windows NT 10.0; Win64; x64; rv:92.0) Gecko/20100101 Firefox/92.0"
34.250.91.65 - - [12/Mar/2022:16:57:48 +0100] "GET /Ywesee/OpenSource HTTP/1.1" 200 10790 "-" "Mozilla/5.0 (Windows NT 10.0; Win64; x64; rv:92.0) Gecko/20100101 Firefox/92.0"
34.250.91.65 - - [12/Mar/2022:16:57:48 +0100] "GET /Ywesee/Team HTTP/1.1" 200 18245 "-" "Mozilla/5.0 (Windows NT 10.0; Win64; x64; rv:92.0) Gecko/20100101 Firefox/92.0"
89.246.241.14 - - [12/Mar/2022:16:57:49 +0100] "GET /Main/2007?action=upload HTTP/1.1" 200 8737 "-" "Mozilla/5.0 (Windows NT 10.0; Win64; x64; rv:84.0) Gecko/20100101 Firefox/84.0"
34.250.91.65 - - [12/Mar/2022:16:57:49 +0100] "GET /Ywesee/Kontakt HTTP/1.1" 200 8973 "-" "Mozilla/5.0 (Windows NT 10.0; Win64; x64; rv:92.0) Gecko/20100101 Firefox/92.0"
34.250.91.65 - - [12/Mar/2022:16:57:49 +0100] "GET /Main/DocumedGalenicaVsYwesee HTTP/1.1" 200 35251 "-" "Mozilla/5.0 (Windows NT 10.0; Win64; x64; rv:92.0) Gecko/20100101 Firefox/92.0"
34.250.91.65 - - [12/Mar/2022:16:57:49 +0100] "GET /AmiKo/Web HTTP/1.1" 200 9588 "-" "Mozilla/5.0 (Windows NT 10.0; Win64; x64; rv:92.0) Gecko/20100101 Firefox/92.0"
34.250.91.65 - - [12/Mar/2022:16:57:50 +0100] "GET /AmiKo/Android HTTP/1.1" 200 10427 "-" "Mozilla/5.0 (Windows NT 10.0; Win64; x64; rv:92.0) Gecko/20100101 Firefox/92.0"
34.250.91.65 - - [12/Mar/2022:16:57:50 +0100] "GET /AmiKo/Windows HTTP/1.1" 200 10332 "-" "Mozilla/5.0 (Windows NT 10.0; Win64; x64; rv:92.0) Gecko/20100101 Firefox/92.0"
34.250.91.65 - - [12/Mar/2022:16:57:50 +0100] "GET /AmiKo/IOS HTTP/1.1" 200 11930 "-" "Mozilla/5.0 (Windows NT 10.0; Win64; x64; rv:92.0) Gecko/20100101 Firefox/92.0"
34.250.91.65 - - [12/Mar/2022:16:57:51 +0100] "GET /AmiKo/OSX HTTP/1.1" 200 9772 "-" "Mozilla/5.0 (Windows NT 10.0; Win64; x64; rv:92.0) Gecko/20100101 Firefox/92.0"
34.250.91.65 - - [12/Mar/2022:16:57:51 +0100] "GET /AmiKo/Linux HTTP/1.1" 200 9217 "-" "Mozilla/5.0 (Windows NT 10.0; Win64; x64; rv:92.0) Gecko/20100101 Firefox/92.0"
34.250.91.65 - - [12/Mar/2022:16:57:51 +0100] "GET /Generikacc/App HTTP/1.1" 200 11862 "-" "Mozilla/5.0 (Windows NT 10.0; Win64; x64; rv:92.0) Gecko/20100101 Firefox/92.0"
34.250.91.65 - - [12/Mar/2022:16:57:51 +0100] "GET /Oddb2xml/Index HTTP/1.1" 200 8983 "-" "Mozilla/5.0 (Windows NT 10.0; Win64; x64; rv:92.0) Gecko/20100101 Firefox/92.0"
34.250.91.65 - - [12/Mar/2022:16:57:52 +0100] "GET /ODDB/IntegrationLookAmpFeelGenerikasuche HTTP/1.1" 200 9097 "-" "Mozilla/5.0 (Windows NT 10.0; Win64; x64; rv:92.0) Gecko/20100101 Firefox/92.0"
34.250.91.65 - - [12/Mar/2022:16:57:52 +0100] "GET /ODDB/IndividuelleMediliste HTTP/1.1" 200 9139 "-" "Mozilla/5.0 (Windows NT 10.0; Win64; x64; rv:92.0) Gecko/20100101 Firefox/92.0"
34.250.91.65 - - [12/Mar/2022:16:57:52 +0100] "GET /ODDB/StammdatenCH HTTP/1.1" 200 9300 "-" "Mozilla/5.0 (Windows NT 10.0; Win64; x64; rv:92.0) Gecko/20100101 Firefox/92.0"
34.250.91.65 - - [12/Mar/2022:16:57:52 +0100] "GET /Software/ODDB HTTP/1.1" 200 10298 "-" "Mozilla/5.0 (Windows NT 10.0; Win64; x64; rv:92.0) Gecko/20100101 Firefox/92.0"
34.250.91.65 - - [12/Mar/2022:16:57:53 +0100] "GET /Software/BBMB HTTP/1.1" 200 9385 "-" "Mozilla/5.0 (Windows NT 10.0; Win64; x64; rv:92.0) Gecko/20100101 Firefox/92.0"
34.250.91.65 - - [12/Mar/2022:16:57:53 +0100] "GET /Software/Spreadsheet HTTP/1.1" 200 8839 "-" "Mozilla/5.0 (Windows NT 10.0; Win64; x64; rv:92.0) Gecko/20100101 Firefox/92.0"
34.250.91.65 - - [12/Mar/2022:16:57:53 +0100] "GET /Software/YDIM HTTP/1.1" 200 8834 "-" "Mozilla/5.0 (Windows NT 10.0; Win64; x64; rv:92.0) Gecko/20100101 Firefox/92.0"
34.250.91.65 - - [12/Mar/2022:16:57:54 +0100] "GET /Software/XMLConv HTTP/1.1" 200 8709 "-" "Mozilla/5.0 (Windows NT 10.0; Win64; x64; rv:92.0) Gecko/20100101 Firefox/92.0"
34.250.91.65 - - [12/Mar/2022:16:57:54 +0100] "GET /Software/SoftwareRaid HTTP/1.1" 200 12104 "-" "Mozilla/5.0 (Windows NT 10.0; Win64; x64; rv:92.0) Gecko/20100101 Firefox/92.0"
207.46.13.228 - - [12/Mar/2022:16:57:59 +0100] "GET /robots.txt HTTP/1.1" 200 - "-" "Mozilla/5.0 (compatible; bingbot/2.0; +http://www.bing.com/bingbot.htm)"
66.249.70.57 - - [12/Mar/2022:17:01:26 +0100] "GET /Ywesee/Kontakt?action=print HTTP/1.1" 403 18 "-" "Mozilla/5.0 (compatible; Googlebot/2.1; +http://www.google.com/bot.html)"
49.7.21.181 - - [12/Mar/2022:17:03:32 +0100] "GET / HTTP/1.1" 200 11272 "http://www.sogou.com/web?query=site%3Aywesee.com" "Mozilla/5.0 (Linux; Android 4.0; GT-I9300 Build/IMM76D) AppleWebKit/534.30 (KHTML, like Gecko) Chrome/59.0.3071.92"
123.125.186.77 - - [12/Mar/2022:17:03:42 +0100] "GET /uploads/Main/yweseelogo.gif HTTP/1.1" 200 2982 "https://ywesee.com/" "Mozilla/5.0 (Linux; Android 4.0; GT-I9300 Build/IMM76D) AppleWebKit/534.30 (KHTML, like Gecko) Chrome/59.0.3071.92"
183.36.114.166 - - [12/Mar/2022:17:03:45 +0100] "GET /uploads/Main/yweseelogo.gif HTTP/1.1" 200 2982 "https://ywesee.com/" "Mozilla/5.0 (Linux; Android 4.0; GT-I9300 Build/IMM76D) AppleWebKit/534.30 (KHTML, like Gecko) Chrome/59.0.3071.92"
173.249.24.3 - - [12/Mar/2022:17:14:51 +0100] "GET /robots.txt HTTP/1.1" 200 - "-" "Mozilla/5.0 (compatible; MJ12bot/v1.4.8; http://mj12bot.com/)"
173.249.24.3 - - [12/Mar/2022:17:14:58 +0100] "GET /AIPS/Bestaetigung?action=edit HTTP/1.1" 403 18 "-" "Mozilla/5.0 (compatible; MJ12bot/v1.4.8; http://mj12bot.com/)"
54.36.148.151 - - [12/Mar/2022:17:15:03 +0100] "GET /Main/Linux HTTP/1.1" 200 9133 "-" "Mozilla/5.0 (compatible; AhrefsBot/7.0; +http://ahrefs.com/robot/)"
173.249.24.3 - - [12/Mar/2022:17:16:31 +0100] "GET /Aips2sqlite/Index?action=edit HTTP/1.1" 403 18 "-" "Mozilla/5.0 (compatible; MJ12bot/v1.4.8; http://mj12bot.com/)"
173.249.24.3 - - [12/Mar/2022:17:16:45 +0100] "GET /Aips2sqlite/Release?action=edit HTTP/1.1" 403 18 "-" "Mozilla/5.0 (compatible; MJ12bot/v1.4.8; http://mj12bot.com/)"
173.249.24.3 - - [12/Mar/2022:17:16:49 +0100] "GET /AmiKo/Barcodes?action=edit HTTP/1.1" 403 18 "-" "Mozilla/5.0 (compatible; MJ12bot/v1.4.8; http://mj12bot.com/)"
173.249.24.3 - - [12/Mar/2022:17:16:56 +0100] "GET /AmiKo/Cpp2sqlite?action=edit HTTP/1.1" 403 18 "-" "Mozilla/5.0 (compatible; MJ12bot/v1.4.8; http://mj12bot.com/)"
173.249.24.3 - - [12/Mar/2022:17:17:29 +0100] "GET /AmiKo/Desktop?action=edit HTTP/1.1" 403 18 "-" "Mozilla/5.0 (compatible; MJ12bot/v1.4.8; http://mj12bot.com/)"
173.249.24.3 - - [12/Mar/2022:17:17:40 +0100] "GET /AmiKo/Flyer?action=edit HTTP/1.1" 403 18 "-" "Mozilla/5.0 (compatible; MJ12bot/v1.4.8; http://mj12bot.com/)"
173.249.24.3 - - [12/Mar/2022:17:18:02 +0100] "GET /AmiKo/OSXRezeptfunktion?action=edit HTTP/1.1" 403 18 "-" "Mozilla/5.0 (compatible; MJ12bot/v1.4.8; http://mj12bot.com/)"
173.249.24.3 - - [12/Mar/2022:17:18:26 +0100] "GET /AmiKo/OSXSatzexport?action=edit HTTP/1.1" 403 18 "-" "Mozilla/5.0 (compatible; MJ12bot/v1.4.8; http://mj12bot.com/)"
173.249.24.3 - - [12/Mar/2022:17:18:47 +0100] "GET /AmiKo/Privacy?action=edit HTTP/1.1" 403 18 "-" "Mozilla/5.0 (compatible; MJ12bot/v1.4.8; http://mj12bot.com/)"
173.249.24.3 - - [12/Mar/2022:17:19:09 +0100] "GET /Android/AmiKo?action=edit HTTP/1.1" 403 18 "-" "Mozilla/5.0 (compatible; MJ12bot/v1.4.8; http://mj12bot.com/)"
173.249.24.3 - - [12/Mar/2022:17:19:20 +0100] "GET /Android/CoMed?action=edit HTTP/1.1" 403 18 "-" "Mozilla/5.0 (compatible; MJ12bot/v1.4.8; http://mj12bot.com/)"
20.114.151.59 - - [12/Mar/2022:17:19:55 +0100] "GET / HTTP/1.1" 200 11272 "http://ywesee.net" "Mozilla/5.0 (X11; Linux i686 on x86_64) AppleWebKit/537.36 (KHTML, like Gecko) Chrome/51.0.2712.8 Safari/537.36"
173.249.24.3 - - [12/Mar/2022:17:22:56 +0100] "GET /Hmg/67?action=edit HTTP/1.1" 403 18 "-" "Mozilla/5.0 (compatible; MJ12bot/v1.4.8; http://mj12bot.com/)"
173.249.24.3 - - [12/Mar/2022:17:23:23 +0100] "GET /HotelMarriott/27062013?action=edit HTTP/1.1" 403 18 "-" "Mozilla/5.0 (compatible; MJ12bot/v1.4.8; http://mj12bot.com/)"
173.249.24.3 - - [12/Mar/2022:17:23:50 +0100] "GET /MEDIupdateXML/Aerzte?action=edit HTTP/1.1" 403 18 "-" "Mozilla/5.0 (compatible; MJ12bot/v1.4.8; http://mj12bot.com/)"
173.249.24.3 - - [12/Mar/2022:17:23:59 +0100] "GET /Main/2005?action=edit HTTP/1.1" 403 18 "-" "Mozilla/5.0 (compatible; MJ12bot/v1.4.8; http://mj12bot.com/)"
173.249.24.3 - - [12/Mar/2022:17:24:02 +0100] "GET /Main/2007?action=edit HTTP/1.1" 403 18 "-" "Mozilla/5.0 (compatible; MJ12bot/v1.4.8; http://mj12bot.com/)"
173.249.24.3 - - [12/Mar/2022:17:24:06 +0100] "GET /Main/2018?action=edit HTTP/1.1" 403 18 "-" "Mozilla/5.0 (compatible; MJ12bot/v1.4.8; http://mj12bot.com/)"
173.249.24.3 - - [12/Mar/2022:17:24:14 +0100] "GET /Main/2019?action=edit HTTP/1.1" 403 18 "-" "Mozilla/5.0 (compatible; MJ12bot/v1.4.8; http://mj12bot.com/)"
173.249.24.3 - - [12/Mar/2022:17:24:22 +0100] "GET /Main/IPhone?action=edit HTTP/1.1" 403 18 "-" "Mozilla/5.0 (compatible; MJ12bot/v1.4.8; http://mj12bot.com/)"
173.249.24.3 - - [12/Mar/2022:17:24:30 +0100] "GET /Main/Index?action=edit HTTP/1.1" 403 18 "-" "Mozilla/5.0 (compatible; MJ12bot/v1.4.8; http://mj12bot.com/)"
173.249.24.3 - - [12/Mar/2022:17:24:52 +0100] "GET /Main/Kolumne?action=edit HTTP/1.1" 403 18 "-" "Mozilla/5.0 (compatible; MJ12bot/v1.4.8; http://mj12bot.com/)"
173.249.24.3 - - [12/Mar/2022:17:26:05 +0100] "GET /Main/Linux?action=edit HTTP/1.1" 403 18 "-" "Mozilla/5.0 (compatible; MJ12bot/v1.4.8; http://mj12bot.com/)"
173.249.24.3 - - [12/Mar/2022:17:26:17 +0100] "GET /Main/MayoClinic?action=edit HTTP/1.1" 403 18 "-" "Mozilla/5.0 (compatible; MJ12bot/v1.4.8; http://mj12bot.com/)"
173.249.24.3 - - [12/Mar/2022:17:27:19 +0100] "GET /Main/MediStammdatenKostenSchweiz?action=edit HTTP/1.1" 403 18 "-" "Mozilla/5.0 (compatible; MJ12bot/v1.4.8; http://mj12bot.com/)"
173.249.24.3 - - [12/Mar/2022:17:27:46 +0100] "GET /Main/MiGel?action=edit HTTP/1.1" 403 18 "-" "Mozilla/5.0 (compatible; MJ12bot/v1.4.8; http://mj12bot.com/)"
173.249.24.3 - - [12/Mar/2022:17:28:09 +0100] "GET /Main/MyMedi?action=edit HTTP/1.1" 403 18 "-" "Mozilla/5.0 (compatible; MJ12bot/v1.4.8; http://mj12bot.com/)"
173.249.24.3 - - [12/Mar/2022:17:29:06 +0100] "GET /Main/NZZ?action=edit HTTP/1.1" 403 18 "-" "Mozilla/5.0 (compatible; MJ12bot/v1.4.8; http://mj12bot.com/)"
173.249.24.3 - - [12/Mar/2022:17:29:26 +0100] "GET /Main/OmixOcas?action=edit HTTP/1.1" 403 18 "-" "Mozilla/5.0 (compatible; MJ12bot/v1.4.8; http://mj12bot.com/)"
173.249.24.3 - - [12/Mar/2022:17:30:16 +0100] "GET /Main/Parsen?action=edit HTTP/1.1" 403 18 "-" "Mozilla/5.0 (compatible; MJ12bot/v1.4.8; http://mj12bot.com/)"
173.249.24.3 - - [12/Mar/2022:17:30:38 +0100] "GET /Main/PharmacodeVsEancode?action=edit HTTP/1.1" 403 18 "-" "Mozilla/5.0 (compatible; MJ12bot/v1.4.8; http://mj12bot.com/)"
173.249.24.3 - - [12/Mar/2022:17:31:03 +0100] "GET /Main/Phostal?action=edit HTTP/1.1" 403 18 "-" "Mozilla/5.0 (compatible; MJ12bot/v1.4.8; http://mj12bot.com/)"
173.249.24.3 - - [12/Mar/2022:17:32:04 +0100] "GET /Main/PublicDomainDataLife-Cycle?action=edit HTTP/1.1" 403 18 "-" "Mozilla/5.0 (compatible; MJ12bot/v1.4.8; http://mj12bot.com/)"
