195.201.194.151 - - [17/Jul/2022:23:31:44 +0200] "GET /AmiKo/KrankenkassenKartenleser?action=diff HTTP/1.1" 403 18 "-" "serpstatbot/2.1 (advanced backlink tracking bot; https://serpstatbot.com/; abuse@serpstatbot.com)"
185.191.171.18 - - [17/Jul/2022:23:32:35 +0200] "GET /Ywesee/Team?action=edit HTTP/1.1" 403 18 "-" "Mozilla/5.0 (compatible; SemrushBot/7~bl; +http://www.semrush.com/bot.html)"
35.163.142.160 - - [17/Jul/2022:23:32:39 +0200] "GET / HTTP/1.1" 200 12074 "-" "Mozilla/5.0 (X11; Ubuntu; Linux x86_64; rv:95.0) Gecko/20100101 Firefox/95.0"
103.218.241.69 - - [17/Jul/2022:23:32:54 +0200] "GET / HTTP/1.1" 200 12074 "-" "Mozilla/5.0 (Macintosh; Intel Mac OS X 10_15_4) AppleWebKit/537.36 (KHTML, like Gecko) Chrome/89.0.4389.90 Safari/537.36"
195.201.194.151 - - [17/Jul/2022:23:33:54 +0200] "GET /AIPS/Bestaetigung HTTP/1.1" 200 10620 "-" "serpstatbot/2.1 (advanced backlink tracking bot; https://serpstatbot.com/; abuse@serpstatbot.com)"
195.201.194.151 - - [17/Jul/2022:23:34:11 +0200] "GET /Aips2sqlite/Index HTTP/1.1" 200 8461 "-" "serpstatbot/2.1 (advanced backlink tracking bot; https://serpstatbot.com/; abuse@serpstatbot.com)"
195.201.194.151 - - [17/Jul/2022:23:34:27 +0200] "GET /Aips2sqlite/Release?action=diff HTTP/1.1" 403 18 "-" "serpstatbot/2.1 (advanced backlink tracking bot; https://serpstatbot.com/; abuse@serpstatbot.com)"
66.249.79.121 - - [17/Jul/2022:23:34:31 +0200] "GET /robots.txt HTTP/1.1" 200 - "-" "Mozilla/5.0 (compatible; Googlebot/2.1; +http://www.google.com/bot.html)"
66.249.79.117 - - [17/Jul/2022:23:34:32 +0200] "GET /Ywesee/Software HTTP/1.1" 200 9246 "-" "Mozilla/5.0 (Linux; Android 6.0.1; Nexus 5X Build/MMB29P) AppleWebKit/537.36 (KHTML, like Gecko) Chrome/103.0.5060.114 Mobile Safari/537.36 (compatible; Googlebot/2.1; +http://www.google.com/bot.html)"
195.201.194.151 - - [17/Jul/2022:23:34:45 +0200] "GET /Aips2sqlite/Release?action=edit HTTP/1.1" 403 18 "-" "serpstatbot/2.1 (advanced backlink tracking bot; https://serpstatbot.com/; abuse@serpstatbot.com)"
195.201.194.151 - - [17/Jul/2022:23:35:02 +0200] "GET /Aips2sqlite/Release?action=print HTTP/1.1" 403 18 "-" "serpstatbot/2.1 (advanced backlink tracking bot; https://serpstatbot.com/; abuse@serpstatbot.com)"
195.201.194.151 - - [17/Jul/2022:23:35:19 +0200] "GET /Aips2sqlite/Release?action=upload HTTP/1.1" 403 18 "-" "serpstatbot/2.1 (advanced backlink tracking bot; https://serpstatbot.com/; abuse@serpstatbot.com)"
195.201.194.151 - - [17/Jul/2022:23:35:37 +0200] "GET /Aips2sqlite/Release?n=Main.SideBar?action=edit HTTP/1.1" 403 18 "-" "serpstatbot/2.1 (advanced backlink tracking bot; https://serpstatbot.com/; abuse@serpstatbot.com)"
195.201.194.151 - - [17/Jul/2022:23:35:54 +0200] "GET /AmiKo/Android?action=diff HTTP/1.1" 403 18 "-" "serpstatbot/2.1 (advanced backlink tracking bot; https://serpstatbot.com/; abuse@serpstatbot.com)"
195.201.194.151 - - [17/Jul/2022:23:36:14 +0200] "GET /AmiKo/Android?action=edit HTTP/1.1" 403 18 "-" "serpstatbot/2.1 (advanced backlink tracking bot; https://serpstatbot.com/; abuse@serpstatbot.com)"
195.201.194.151 - - [17/Jul/2022:23:36:33 +0200] "GET /AmiKo/Android?action=print HTTP/1.1" 403 18 "-" "serpstatbot/2.1 (advanced backlink tracking bot; https://serpstatbot.com/; abuse@serpstatbot.com)"
195.201.194.151 - - [17/Jul/2022:23:36:39 +0200] "GET /AmiKo/Android?action=upload HTTP/1.1" 403 18 "-" "serpstatbot/2.1 (advanced backlink tracking bot; https://serpstatbot.com/; abuse@serpstatbot.com)"
195.201.194.151 - - [17/Jul/2022:23:36:46 +0200] "GET /AmiKo/Android?n=Main.SideBar?action=edit HTTP/1.1" 403 18 "-" "serpstatbot/2.1 (advanced backlink tracking bot; https://serpstatbot.com/; abuse@serpstatbot.com)"
195.201.194.151 - - [17/Jul/2022:23:36:53 +0200] "GET /AmiKo/Ankuendigung HTTP/1.1" 200 10221 "-" "serpstatbot/2.1 (advanced backlink tracking bot; https://serpstatbot.com/; abuse@serpstatbot.com)"
195.201.194.151 - - [17/Jul/2022:23:37:00 +0200] "GET /AmiKo/Barcodes HTTP/1.1" 200 8978 "-" "serpstatbot/2.1 (advanced backlink tracking bot; https://serpstatbot.com/; abuse@serpstatbot.com)"
195.201.194.151 - - [17/Jul/2022:23:37:08 +0200] "GET /AmiKo/Cpp2sqlite?action=diff HTTP/1.1" 403 18 "-" "serpstatbot/2.1 (advanced backlink tracking bot; https://serpstatbot.com/; abuse@serpstatbot.com)"
195.201.194.151 - - [17/Jul/2022:23:37:15 +0200] "GET /AmiKo/Cpp2sqlite?action=edit HTTP/1.1" 403 18 "-" "serpstatbot/2.1 (advanced backlink tracking bot; https://serpstatbot.com/; abuse@serpstatbot.com)"
195.201.194.151 - - [17/Jul/2022:23:37:24 +0200] "GET /AmiKo/Cpp2sqlite?action=print HTTP/1.1" 403 18 "-" "serpstatbot/2.1 (advanced backlink tracking bot; https://serpstatbot.com/; abuse@serpstatbot.com)"
195.201.194.151 - - [17/Jul/2022:23:37:33 +0200] "GET /AmiKo/Desktop HTTP/1.1" 200 8397 "-" "serpstatbot/2.1 (advanced backlink tracking bot; https://serpstatbot.com/; abuse@serpstatbot.com)"
195.201.194.151 - - [17/Jul/2022:23:37:42 +0200] "GET /AmiKo/IOS?action=diff HTTP/1.1" 403 18 "-" "serpstatbot/2.1 (advanced backlink tracking bot; https://serpstatbot.com/; abuse@serpstatbot.com)"
195.201.194.151 - - [17/Jul/2022:23:37:53 +0200] "GET /AmiKo/IOS?action=edit HTTP/1.1" 403 18 "-" "serpstatbot/2.1 (advanced backlink tracking bot; https://serpstatbot.com/; abuse@serpstatbot.com)"
195.201.194.151 - - [17/Jul/2022:23:38:06 +0200] "GET /AmiKo/IOS?action=print HTTP/1.1" 403 18 "-" "serpstatbot/2.1 (advanced backlink tracking bot; https://serpstatbot.com/; abuse@serpstatbot.com)"
195.201.194.151 - - [17/Jul/2022:23:38:20 +0200] "GET /AmiKo/IOS?action=upload HTTP/1.1" 403 18 "-" "serpstatbot/2.1 (advanced backlink tracking bot; https://serpstatbot.com/; abuse@serpstatbot.com)"
195.201.194.151 - - [17/Jul/2022:23:38:36 +0200] "GET /AmiKo/Windows?action=edit HTTP/1.1" 403 18 "-" "serpstatbot/2.1 (advanced backlink tracking bot; https://serpstatbot.com/; abuse@serpstatbot.com)"
195.201.194.151 - - [17/Jul/2022:23:38:52 +0200] "GET /AmiKo/Windows?action=upload HTTP/1.1" 403 18 "-" "serpstatbot/2.1 (advanced backlink tracking bot; https://serpstatbot.com/; abuse@serpstatbot.com)"
195.201.194.151 - - [17/Jul/2022:23:39:15 +0200] "GET /AmiKo/KrankenkassenKartenleser?action=edit HTTP/1.1" 403 18 "-" "serpstatbot/2.1 (advanced backlink tracking bot; https://serpstatbot.com/; abuse@serpstatbot.com)"
195.201.194.151 - - [17/Jul/2022:23:39:43 +0200] "GET /AmiKo/KrankenkassenKartenleser?action=print HTTP/1.1" 403 18 "-" "serpstatbot/2.1 (advanced backlink tracking bot; https://serpstatbot.com/; abuse@serpstatbot.com)"
3.18.67.70 - - [17/Jul/2022:23:39:55 +0200] "GET / HTTP/1.1" 200 12074 "-" "Mozilla/5.0 (Windows NT 10.0; Win64; x64) AppleWebKit/537.36 (KHTML, like Gecko) Chrome/81.0.4044.122 Safari/537.36"
195.201.194.151 - - [17/Jul/2022:23:40:01 +0200] "GET /AmiKo/KrankenkassenKartenleser?action=upload HTTP/1.1" 403 18 "-" "serpstatbot/2.1 (advanced backlink tracking bot; https://serpstatbot.com/; abuse@serpstatbot.com)"
195.201.194.151 - - [17/Jul/2022:23:40:19 +0200] "GET /AmiKo/KrankenkassenKartenleser?n=Main.SideBar?action=edit HTTP/1.1" 403 18 "-" "serpstatbot/2.1 (advanced backlink tracking bot; https://serpstatbot.com/; abuse@serpstatbot.com)"
195.201.194.151 - - [17/Jul/2022:23:40:36 +0200] "GET /AmiKo/Linux HTTP/1.1" 200 9217 "-" "serpstatbot/2.1 (advanced backlink tracking bot; https://serpstatbot.com/; abuse@serpstatbot.com)"
195.201.194.151 - - [17/Jul/2022:23:40:56 +0200] "GET /AmiKo/OSX?action=diff HTTP/1.1" 403 18 "-" "serpstatbot/2.1 (advanced backlink tracking bot; https://serpstatbot.com/; abuse@serpstatbot.com)"
195.201.194.151 - - [17/Jul/2022:23:41:18 +0200] "GET /AmiKo/OSX?action=edit HTTP/1.1" 403 18 "-" "serpstatbot/2.1 (advanced backlink tracking bot; https://serpstatbot.com/; abuse@serpstatbot.com)"
195.201.194.151 - - [17/Jul/2022:23:41:34 +0200] "GET /AmiKo/OSX?action=print HTTP/1.1" 403 18 "-" "serpstatbot/2.1 (advanced backlink tracking bot; https://serpstatbot.com/; abuse@serpstatbot.com)"
195.201.194.151 - - [17/Jul/2022:23:41:41 +0200] "GET /AmiKo/OSX?action=upload HTTP/1.1" 403 18 "-" "serpstatbot/2.1 (advanced backlink tracking bot; https://serpstatbot.com/; abuse@serpstatbot.com)"
195.201.194.151 - - [17/Jul/2022:23:41:47 +0200] "GET /AmiKo/OSX?n=Main.SideBar?action=edit HTTP/1.1" 403 18 "-" "serpstatbot/2.1 (advanced backlink tracking bot; https://serpstatbot.com/; abuse@serpstatbot.com)"
195.201.194.151 - - [17/Jul/2022:23:41:54 +0200] "GET /AmiKo/OSXRezeptfunktion?action=diff HTTP/1.1" 403 18 "-" "serpstatbot/2.1 (advanced backlink tracking bot; https://serpstatbot.com/; abuse@serpstatbot.com)"
195.201.194.151 - - [17/Jul/2022:23:42:02 +0200] "GET /AmiKo/OSXRezeptfunktion?action=edit HTTP/1.1" 403 18 "-" "serpstatbot/2.1 (advanced backlink tracking bot; https://serpstatbot.com/; abuse@serpstatbot.com)"
195.201.194.151 - - [17/Jul/2022:23:42:09 +0200] "GET /AmiKo/OSXRezeptfunktion?action=print HTTP/1.1" 403 18 "-" "serpstatbot/2.1 (advanced backlink tracking bot; https://serpstatbot.com/; abuse@serpstatbot.com)"
195.201.194.151 - - [17/Jul/2022:23:42:16 +0200] "GET /AmiKo/OSXRezeptfunktion?action=upload HTTP/1.1" 403 18 "-" "serpstatbot/2.1 (advanced backlink tracking bot; https://serpstatbot.com/; abuse@serpstatbot.com)"
195.201.194.151 - - [17/Jul/2022:23:42:25 +0200] "GET /AmiKo/OSXRezeptfunktion?n=Main.SideBar?action=edit HTTP/1.1" 403 18 "-" "serpstatbot/2.1 (advanced backlink tracking bot; https://serpstatbot.com/; abuse@serpstatbot.com)"
195.201.194.151 - - [17/Jul/2022:23:42:36 +0200] "GET /AmiKo/OSXSatzexport?action=diff HTTP/1.1" 403 18 "-" "serpstatbot/2.1 (advanced backlink tracking bot; https://serpstatbot.com/; abuse@serpstatbot.com)"
89.246.241.14 - - [17/Jul/2022:23:42:42 +0200] "GET /Ywesee/Team HTTP/1.1" 200 18245 "-" "Mozilla/5.0 (Windows NT 10.0; Win64; x64; rv:84.0) Gecko/20100101 Firefox/84.0"
195.201.194.151 - - [17/Jul/2022:23:42:47 +0200] "GET /AmiKo/OSXSatzexport?action=edit HTTP/1.1" 403 18 "-" "serpstatbot/2.1 (advanced backlink tracking bot; https://serpstatbot.com/; abuse@serpstatbot.com)"
195.201.194.151 - - [17/Jul/2022:23:43:00 +0200] "GET /AmiKo/OSXSatzexport?action=print HTTP/1.1" 403 18 "-" "serpstatbot/2.1 (advanced backlink tracking bot; https://serpstatbot.com/; abuse@serpstatbot.com)"
195.201.194.151 - - [17/Jul/2022:23:43:15 +0200] "GET /AmiKo/OSXSatzexport?action=upload HTTP/1.1" 403 18 "-" "serpstatbot/2.1 (advanced backlink tracking bot; https://serpstatbot.com/; abuse@serpstatbot.com)"
195.201.194.151 - - [17/Jul/2022:23:43:31 +0200] "GET /AmiKo/OSXSatzexport?n=Main.SideBar?action=edit HTTP/1.1" 403 18 "-" "serpstatbot/2.1 (advanced backlink tracking bot; https://serpstatbot.com/; abuse@serpstatbot.com)"
195.201.194.151 - - [17/Jul/2022:23:43:47 +0200] "GET /AmiKo/SAPP?action=diff HTTP/1.1" 403 18 "-" "serpstatbot/2.1 (advanced backlink tracking bot; https://serpstatbot.com/; abuse@serpstatbot.com)"
195.201.194.151 - - [17/Jul/2022:23:44:04 +0200] "GET /AmiKo/SAPP?action=edit HTTP/1.1" 403 18 "-" "serpstatbot/2.1 (advanced backlink tracking bot; https://serpstatbot.com/; abuse@serpstatbot.com)"
195.201.194.151 - - [17/Jul/2022:23:44:21 +0200] "GET /AmiKo/SAPP?action=print HTTP/1.1" 403 18 "-" "serpstatbot/2.1 (advanced backlink tracking bot; https://serpstatbot.com/; abuse@serpstatbot.com)"
195.201.194.151 - - [17/Jul/2022:23:44:43 +0200] "GET /AmiKo/SAPP?action=upload HTTP/1.1" 403 18 "-" "serpstatbot/2.1 (advanced backlink tracking bot; https://serpstatbot.com/; abuse@serpstatbot.com)"
195.201.194.151 - - [17/Jul/2022:23:45:00 +0200] "GET /AmiKo/SAPP?n=Main.SideBar?action=edit HTTP/1.1" 403 18 "-" "serpstatbot/2.1 (advanced backlink tracking bot; https://serpstatbot.com/; abuse@serpstatbot.com)"
195.201.194.151 - - [17/Jul/2022:23:45:18 +0200] "GET /AmiKo/Swisspeddose HTTP/1.1" 200 10537 "-" "serpstatbot/2.1 (advanced backlink tracking bot; https://serpstatbot.com/; abuse@serpstatbot.com)"
195.201.194.151 - - [17/Jul/2022:23:45:40 +0200] "GET /AmiKo/Web?action=diff HTTP/1.1" 403 18 "-" "serpstatbot/2.1 (advanced backlink tracking bot; https://serpstatbot.com/; abuse@serpstatbot.com)"
195.201.194.151 - - [17/Jul/2022:23:46:03 +0200] "GET /AmiKo/Web?action=edit HTTP/1.1" 403 18 "-" "serpstatbot/2.1 (advanced backlink tracking bot; https://serpstatbot.com/; abuse@serpstatbot.com)"
195.201.194.151 - - [17/Jul/2022:23:46:31 +0200] "GET /AmiKo/Web?action=print HTTP/1.1" 403 18 "-" "serpstatbot/2.1 (advanced backlink tracking bot; https://serpstatbot.com/; abuse@serpstatbot.com)"
195.201.194.151 - - [17/Jul/2022:23:46:37 +0200] "GET /AmiKo/Web?action=upload HTTP/1.1" 403 18 "-" "serpstatbot/2.1 (advanced backlink tracking bot; https://serpstatbot.com/; abuse@serpstatbot.com)"
195.201.194.151 - - [17/Jul/2022:23:46:44 +0200] "GET /AmiKo/Web?n=Main.SideBar?action=edit HTTP/1.1" 403 18 "-" "serpstatbot/2.1 (advanced backlink tracking bot; https://serpstatbot.com/; abuse@serpstatbot.com)"
185.191.171.21 - - [17/Jul/2022:23:46:45 +0200] "GET /SpitalSchweiz/FinanzErgebnis2012?action=print HTTP/1.1" 403 18 "-" "Mozilla/5.0 (compatible; SemrushBot/7~bl; +http://www.semrush.com/bot.html)"
195.201.194.151 - - [17/Jul/2022:23:46:51 +0200] "GET /AmiKo/Windows?action=diff HTTP/1.1" 403 18 "-" "serpstatbot/2.1 (advanced backlink tracking bot; https://serpstatbot.com/; abuse@serpstatbot.com)"
195.201.194.151 - - [17/Jul/2022:23:46:58 +0200] "GET /Main/SideBar HTTP/1.1" 200 10903 "-" "serpstatbot/2.1 (advanced backlink tracking bot; https://serpstatbot.com/; abuse@serpstatbot.com)"
195.201.194.151 - - [17/Jul/2022:23:47:03 +0200] "GET /AmiKo/IOS?n=Main.SideBar?action=edit HTTP/1.1" 403 18 "-" "serpstatbot/2.1 (advanced backlink tracking bot; https://serpstatbot.com/; abuse@serpstatbot.com)"
195.201.194.151 - - [17/Jul/2022:23:47:11 +0200] "GET /Main/PublicDomainDataLife-Cycle HTTP/1.1" 200 8634 "-" "serpstatbot/2.1 (advanced backlink tracking bot; https://serpstatbot.com/; abuse@serpstatbot.com)"
195.201.194.151 - - [17/Jul/2022:23:47:18 +0200] "GET /AmiKo/Windows?n=Main.SideBar?action=edit HTTP/1.1" 403 18 "-" "serpstatbot/2.1 (advanced backlink tracking bot; https://serpstatbot.com/; abuse@serpstatbot.com)"
195.201.194.151 - - [17/Jul/2022:23:47:28 +0200] "GET /Android/AmiKo?action=diff HTTP/1.1" 403 18 "-" "serpstatbot/2.1 (advanced backlink tracking bot; https://serpstatbot.com/; abuse@serpstatbot.com)"
195.201.194.151 - - [17/Jul/2022:23:47:37 +0200] "GET /Android/AmiKo?action=edit HTTP/1.1" 403 18 "-" "serpstatbot/2.1 (advanced backlink tracking bot; https://serpstatbot.com/; abuse@serpstatbot.com)"
195.201.194.151 - - [17/Jul/2022:23:47:48 +0200] "GET /Android/AmiKo?action=print HTTP/1.1" 403 18 "-" "serpstatbot/2.1 (advanced backlink tracking bot; https://serpstatbot.com/; abuse@serpstatbot.com)"
195.201.194.151 - - [17/Jul/2022:23:48:02 +0200] "GET /Android/AmiKo?action=upload HTTP/1.1" 403 18 "-" "serpstatbot/2.1 (advanced backlink tracking bot; https://serpstatbot.com/; abuse@serpstatbot.com)"
195.201.194.151 - - [17/Jul/2022:23:48:16 +0200] "GET /Android/AmiKo?n=Main.SideBar?action=edit HTTP/1.1" 403 18 "-" "serpstatbot/2.1 (advanced backlink tracking bot; https://serpstatbot.com/; abuse@serpstatbot.com)"
195.201.194.151 - - [17/Jul/2022:23:48:36 +0200] "GET /Android/CoMed?action=diff HTTP/1.1" 403 18 "-" "serpstatbot/2.1 (advanced backlink tracking bot; https://serpstatbot.com/; abuse@serpstatbot.com)"
195.201.194.151 - - [17/Jul/2022:23:48:51 +0200] "GET /Android/CoMed?action=edit HTTP/1.1" 403 18 "-" "serpstatbot/2.1 (advanced backlink tracking bot; https://serpstatbot.com/; abuse@serpstatbot.com)"
195.201.194.151 - - [17/Jul/2022:23:49:11 +0200] "GET /Android/CoMed?action=print HTTP/1.1" 403 18 "-" "serpstatbot/2.1 (advanced backlink tracking bot; https://serpstatbot.com/; abuse@serpstatbot.com)"
195.201.194.151 - - [17/Jul/2022:23:49:27 +0200] "GET /Oddb/OpenSourceSoftwareUndDatenImSchweizerGesundheitswesen?action=upload HTTP/1.1" 403 18 "-" "serpstatbot/2.1 (advanced backlink tracking bot; https://serpstatbot.com/; abuse@serpstatbot.com)"
195.201.194.151 - - [17/Jul/2022:23:50:15 +0200] "GET /Main/2013?action=upload HTTP/1.1" 403 18 "-" "serpstatbot/2.1 (advanced backlink tracking bot; https://serpstatbot.com/; abuse@serpstatbot.com)"
195.201.194.151 - - [17/Jul/2022:23:50:33 +0200] "GET /Main/2008?action=upload HTTP/1.1" 403 18 "-" "serpstatbot/2.1 (advanced backlink tracking bot; https://serpstatbot.com/; abuse@serpstatbot.com)"
194.209.200.2 - - [17/Jul/2022:23:50:50 +0200] "GET /robots.txt HTTP/1.1" 200 - "-" "Mozilla/5.0 (compatible; TMMBot/0.2; +http://www.dslab.ch)/Nutch-1.15"
194.209.200.2 - - [17/Jul/2022:23:50:50 +0200] "GET /AmiKo/Linux HTTP/1.1" 200 9217 "-" "Mozilla/5.0 (compatible; TMMBot/0.2; +http://www.dslab.ch)/Nutch-1.15"
195.201.194.151 - - [17/Jul/2022:23:50:51 +0200] "GET /Main/2009?action=diff HTTP/1.1" 403 18 "-" "serpstatbot/2.1 (advanced backlink tracking bot; https://serpstatbot.com/; abuse@serpstatbot.com)"
194.209.200.2 - - [17/Jul/2022:23:50:54 +0200] "GET /Miele/MieleLXIV HTTP/1.1" 200 15367 "-" "Mozilla/5.0 (compatible; TMMBot/0.2; +http://www.dslab.ch)/Nutch-1.15"
195.201.194.151 - - [17/Jul/2022:23:51:12 +0200] "GET /Oddb/OpenSourceSoftwareUndDatenImSchweizerGesundheitswesen?action=print HTTP/1.1" 403 18 "-" "serpstatbot/2.1 (advanced backlink tracking bot; https://serpstatbot.com/; abuse@serpstatbot.com)"
195.201.194.151 - - [17/Jul/2022:23:51:34 +0200] "GET /Oddb/OpenSourceSoftwareUndDatenImSchweizerGesundheitswesen?action=edit HTTP/1.1" 403 18 "-" "serpstatbot/2.1 (advanced backlink tracking bot; https://serpstatbot.com/; abuse@serpstatbot.com)"
195.201.194.151 - - [17/Jul/2022:23:51:42 +0200] "GET /Oddb/OpenSourceSoftwareUndDatenImSchweizerGesundheitswesen?action=diff HTTP/1.1" 403 18 "-" "serpstatbot/2.1 (advanced backlink tracking bot; https://serpstatbot.com/; abuse@serpstatbot.com)"
195.201.194.151 - - [17/Jul/2022:23:51:49 +0200] "GET /ODDB/StammdatenCH?n=Main.SideBar?action=edit HTTP/1.1" 403 18 "-" "serpstatbot/2.1 (advanced backlink tracking bot; https://serpstatbot.com/; abuse@serpstatbot.com)"
195.201.194.151 - - [17/Jul/2022:23:51:56 +0200] "GET /ODDB/StammdatenCH?action=upload HTTP/1.1" 403 18 "-" "serpstatbot/2.1 (advanced backlink tracking bot; https://serpstatbot.com/; abuse@serpstatbot.com)"
195.201.194.151 - - [17/Jul/2022:23:52:04 +0200] "GET /ODDB/StammdatenCH?action=print HTTP/1.1" 403 18 "-" "serpstatbot/2.1 (advanced backlink tracking bot; https://serpstatbot.com/; abuse@serpstatbot.com)"
195.201.194.151 - - [17/Jul/2022:23:52:11 +0200] "GET /ODDB/StammdatenCH?action=edit HTTP/1.1" 403 18 "-" "serpstatbot/2.1 (advanced backlink tracking bot; https://serpstatbot.com/; abuse@serpstatbot.com)"
89.246.241.14 - - [17/Jul/2022:23:52:15 +0200] "GET /Main/Home?action=edit HTTP/1.1" 200 9268 "-" "Mozilla/5.0 (Windows NT 10.0; Win64; x64; rv:84.0) Gecko/20100101 Firefox/84.0"
195.201.194.151 - - [17/Jul/2022:23:52:18 +0200] "GET /ODDB/StammdatenCH?action=diff HTTP/1.1" 403 18 "-" "serpstatbot/2.1 (advanced backlink tracking bot; https://serpstatbot.com/; abuse@serpstatbot.com)"
89.246.241.14 - - [17/Jul/2022:23:52:20 +0200] "GET /ODDB/IntegrationLookAmpFeelGenerikasuche HTTP/1.1" 200 9097 "-" "Mozilla/5.0 (Windows NT 10.0; Win64; x64; rv:84.0) Gecko/20100101 Firefox/84.0"
195.201.194.151 - - [17/Jul/2022:23:52:25 +0200] "GET /ODDB/Pharmakokinetik?n=Main.SideBar?action=edit HTTP/1.1" 403 18 "-" "serpstatbot/2.1 (advanced backlink tracking bot; https://serpstatbot.com/; abuse@serpstatbot.com)"
195.201.194.151 - - [17/Jul/2022:23:52:32 +0200] "GET /ODDB/Pharmakokinetik?action=upload HTTP/1.1" 403 18 "-" "serpstatbot/2.1 (advanced backlink tracking bot; https://serpstatbot.com/; abuse@serpstatbot.com)"
195.201.194.151 - - [17/Jul/2022:23:52:40 +0200] "GET /Bundesrat/Ebook?action=upload HTTP/1.1" 403 18 "-" "serpstatbot/2.1 (advanced backlink tracking bot; https://serpstatbot.com/; abuse@serpstatbot.com)"
195.201.194.151 - - [17/Jul/2022:23:52:49 +0200] "GET /Bundesrat/Ebook?n=Main.SideBar?action=edit HTTP/1.1" 403 18 "-" "serpstatbot/2.1 (advanced backlink tracking bot; https://serpstatbot.com/; abuse@serpstatbot.com)"
194.209.200.2 - - [17/Jul/2022:23:52:52 +0200] "GET /Main/2006 HTTP/1.1" 200 39320 "-" "Mozilla/5.0 (compatible; TMMBot/0.2; +http://www.dslab.ch)/Nutch-1.15"
195.201.194.151 - - [17/Jul/2022:23:53:00 +0200] "GET /Oddb2xml/Version?n=Main.SideBar?action=edit HTTP/1.1" 403 18 "-" "serpstatbot/2.1 (advanced backlink tracking bot; https://serpstatbot.com/; abuse@serpstatbot.com)"
194.209.200.2 - - [17/Jul/2022:23:53:12 +0200] "GET /Main/2015 HTTP/1.1" 200 15908 "-" "Mozilla/5.0 (compatible; TMMBot/0.2; +http://www.dslab.ch)/Nutch-1.15"
195.201.194.151 - - [17/Jul/2022:23:53:13 +0200] "GET /CoMed/ASPP?action=diff HTTP/1.1" 403 18 "-" "serpstatbot/2.1 (advanced backlink tracking bot; https://serpstatbot.com/; abuse@serpstatbot.com)"
194.209.200.2 - - [17/Jul/2022:23:53:19 +0200] "GET /Main/2013 HTTP/1.1" 200 20487 "-" "Mozilla/5.0 (compatible; TMMBot/0.2; +http://www.dslab.ch)/Nutch-1.15"
195.201.194.151 - - [17/Jul/2022:23:53:28 +0200] "GET /Oddb2xml/Oddb2xmlCalc?action=edit HTTP/1.1" 403 18 "-" "serpstatbot/2.1 (advanced backlink tracking bot; https://serpstatbot.com/; abuse@serpstatbot.com)"
194.209.200.2 - - [17/Jul/2022:23:53:29 +0200] "GET /AmiKo/IOS HTTP/1.1" 200 11930 "-" "Mozilla/5.0 (compatible; TMMBot/0.2; +http://www.dslab.ch)/Nutch-1.15"
194.209.200.2 - - [17/Jul/2022:23:53:35 +0200] "GET /Ywesee/Kontakt HTTP/1.1" 200 8973 "-" "Mozilla/5.0 (compatible; TMMBot/0.2; +http://www.dslab.ch)/Nutch-1.15"
195.201.194.151 - - [17/Jul/2022:23:53:44 +0200] "GET /CoMed/ASPP?action=edit HTTP/1.1" 403 18 "-" "serpstatbot/2.1 (advanced backlink tracking bot; https://serpstatbot.com/; abuse@serpstatbot.com)"
195.201.194.151 - - [17/Jul/2022:23:54:00 +0200] "GET /PublicDomain/AIPS?action=edit HTTP/1.1" 403 18 "-" "serpstatbot/2.1 (advanced backlink tracking bot; https://serpstatbot.com/; abuse@serpstatbot.com)"
195.201.194.151 - - [17/Jul/2022:23:54:15 +0200] "GET /CoMed/ASPP?action=print HTTP/1.1" 403 18 "-" "serpstatbot/2.1 (advanced backlink tracking bot; https://serpstatbot.com/; abuse@serpstatbot.com)"
195.201.194.151 - - [17/Jul/2022:23:54:32 +0200] "GET /Profiles/Zrr?action=diff HTTP/1.1" 403 18 "-" "serpstatbot/2.1 (advanced backlink tracking bot; https://serpstatbot.com/; abuse@serpstatbot.com)"
195.201.194.151 - - [17/Jul/2022:23:54:47 +0200] "GET /CoMed/ASPP?action=upload HTTP/1.1" 403 18 "-" "serpstatbot/2.1 (advanced backlink tracking bot; https://serpstatbot.com/; abuse@serpstatbot.com)"
195.201.194.151 - - [17/Jul/2022:23:55:04 +0200] "GET /Oddb2xml/DatenDownload?action=diff HTTP/1.1" 403 18 "-" "serpstatbot/2.1 (advanced backlink tracking bot; https://serpstatbot.com/; abuse@serpstatbot.com)"
195.201.194.151 - - [17/Jul/2022:23:55:21 +0200] "GET /CoMed/ASPP?n=Main.SideBar?action=edit HTTP/1.1" 403 18 "-" "serpstatbot/2.1 (advanced backlink tracking bot; https://serpstatbot.com/; abuse@serpstatbot.com)"
194.209.200.2 - - [17/Jul/2022:23:55:25 +0200] "GET /Software/ODDB HTTP/1.1" 200 10298 "-" "Mozilla/5.0 (compatible; TMMBot/0.2; +http://www.dslab.ch)/Nutch-1.15"
195.201.194.151 - - [17/Jul/2022:23:55:39 +0200] "GET /Oddb2xml/DatenDownload?action=edit HTTP/1.1" 403 18 "-" "serpstatbot/2.1 (advanced backlink tracking bot; https://serpstatbot.com/; abuse@serpstatbot.com)"
195.201.194.151 - - [17/Jul/2022:23:55:56 +0200] "GET /CoMed/Android?action=diff HTTP/1.1" 403 18 "-" "serpstatbot/2.1 (advanced backlink tracking bot; https://serpstatbot.com/; abuse@serpstatbot.com)"
195.201.194.151 - - [17/Jul/2022:23:56:12 +0200] "GET /Oddb2xml/DatenDownload?action=print HTTP/1.1" 403 18 "-" "serpstatbot/2.1 (advanced backlink tracking bot; https://serpstatbot.com/; abuse@serpstatbot.com)"
194.209.200.2 - - [17/Jul/2022:23:56:28 +0200] "GET /Main/2009 HTTP/1.1" 200 21688 "-" "Mozilla/5.0 (compatible; TMMBot/0.2; +http://www.dslab.ch)/Nutch-1.15"
195.201.194.151 - - [17/Jul/2022:23:56:29 +0200] "GET /CoMed/Android?action=edit HTTP/1.1" 403 18 "-" "serpstatbot/2.1 (advanced backlink tracking bot; https://serpstatbot.com/; abuse@serpstatbot.com)"
195.201.194.151 - - [17/Jul/2022:23:56:39 +0200] "GET /Oddb2xml/DatenDownload?action=upload HTTP/1.1" 403 18 "-" "serpstatbot/2.1 (advanced backlink tracking bot; https://serpstatbot.com/; abuse@serpstatbot.com)"
195.201.194.151 - - [17/Jul/2022:23:56:46 +0200] "GET /CoMed/Android?action=print HTTP/1.1" 403 18 "-" "serpstatbot/2.1 (advanced backlink tracking bot; https://serpstatbot.com/; abuse@serpstatbot.com)"
195.201.194.151 - - [17/Jul/2022:23:56:53 +0200] "GET /Oddb2xml/DatenDownload?n=Main.SideBar?action=edit HTTP/1.1" 403 18 "-" "serpstatbot/2.1 (advanced backlink tracking bot; https://serpstatbot.com/; abuse@serpstatbot.com)"
195.201.194.151 - - [17/Jul/2022:23:56:58 +0200] "GET /CoMed/Android?action=upload HTTP/1.1" 403 18 "-" "serpstatbot/2.1 (advanced backlink tracking bot; https://serpstatbot.com/; abuse@serpstatbot.com)"
194.209.200.2 - - [17/Jul/2022:23:57:01 +0200] "GET /Main/2014 HTTP/1.1" 200 19471 "-" "Mozilla/5.0 (compatible; TMMBot/0.2; +http://www.dslab.ch)/Nutch-1.15"
195.201.194.151 - - [17/Jul/2022:23:57:06 +0200] "GET /PublicDomain/AIPS?action=print HTTP/1.1" 403 18 "-" "serpstatbot/2.1 (advanced backlink tracking bot; https://serpstatbot.com/; abuse@serpstatbot.com)"
195.201.194.151 - - [17/Jul/2022:23:57:13 +0200] "GET /CoMed/Android?n=Main.SideBar?action=edit HTTP/1.1" 403 18 "-" "serpstatbot/2.1 (advanced backlink tracking bot; https://serpstatbot.com/; abuse@serpstatbot.com)"
194.209.200.2 - - [17/Jul/2022:23:57:14 +0200] "GET /Main/2010 HTTP/1.1" 200 27997 "-" "Mozilla/5.0 (compatible; TMMBot/0.2; +http://www.dslab.ch)/Nutch-1.15"
195.201.194.151 - - [17/Jul/2022:23:57:20 +0200] "GET /Pic2Shop/BarcodeScanner?action=upload HTTP/1.1" 403 18 "-" "serpstatbot/2.1 (advanced backlink tracking bot; https://serpstatbot.com/; abuse@serpstatbot.com)"
194.209.200.2 - - [17/Jul/2022:23:57:23 +0200] "GET /Eggze/SpreadIt HTTP/1.1" 200 12537 "-" "Mozilla/5.0 (compatible; TMMBot/0.2; +http://www.dslab.ch)/Nutch-1.15"
195.201.194.151 - - [17/Jul/2022:23:57:27 +0200] "GET /ODDB/Pharmakokinetik?action=print HTTP/1.1" 403 18 "-" "serpstatbot/2.1 (advanced backlink tracking bot; https://serpstatbot.com/; abuse@serpstatbot.com)"
195.201.194.151 - - [17/Jul/2022:23:57:35 +0200] "GET /Pic2Shop/BarcodeScanner?action=print HTTP/1.1" 403 18 "-" "serpstatbot/2.1 (advanced backlink tracking bot; https://serpstatbot.com/; abuse@serpstatbot.com)"
195.201.194.151 - - [17/Jul/2022:23:57:45 +0200] "GET /ODDB/Pharmakokinetik?action=edit HTTP/1.1" 403 18 "-" "serpstatbot/2.1 (advanced backlink tracking bot; https://serpstatbot.com/; abuse@serpstatbot.com)"
195.201.194.151 - - [17/Jul/2022:23:57:58 +0200] "GET /Pic2Shop/BarcodeScanner?action=edit HTTP/1.1" 403 18 "-" "serpstatbot/2.1 (advanced backlink tracking bot; https://serpstatbot.com/; abuse@serpstatbot.com)"
195.201.194.151 - - [17/Jul/2022:23:58:12 +0200] "GET /ODDB/Pharmakokinetik?action=diff HTTP/1.1" 403 18 "-" "serpstatbot/2.1 (advanced backlink tracking bot; https://serpstatbot.com/; abuse@serpstatbot.com)"
195.201.194.151 - - [17/Jul/2022:23:58:27 +0200] "GET /Pic2Shop/BarcodeScanner?action=diff HTTP/1.1" 403 18 "-" "serpstatbot/2.1 (advanced backlink tracking bot; https://serpstatbot.com/; abuse@serpstatbot.com)"
195.201.194.151 - - [17/Jul/2022:23:58:41 +0200] "GET /ODDB/OddbDat?n=Main.SideBar?action=edit HTTP/1.1" 403 18 "-" "serpstatbot/2.1 (advanced backlink tracking bot; https://serpstatbot.com/; abuse@serpstatbot.com)"
195.201.194.151 - - [17/Jul/2022:23:58:54 +0200] "GET /Oddb2xml/XSD?n=Main.SideBar?action=edit HTTP/1.1" 403 18 "-" "serpstatbot/2.1 (advanced backlink tracking bot; https://serpstatbot.com/; abuse@serpstatbot.com)"
195.201.194.151 - - [17/Jul/2022:23:59:10 +0200] "GET /ODDB/OddbDat?action=upload HTTP/1.1" 403 18 "-" "serpstatbot/2.1 (advanced backlink tracking bot; https://serpstatbot.com/; abuse@serpstatbot.com)"
195.201.194.151 - - [17/Jul/2022:23:59:26 +0200] "GET /Oddb2xml/XSD?action=upload HTTP/1.1" 403 18 "-" "serpstatbot/2.1 (advanced backlink tracking bot; https://serpstatbot.com/; abuse@serpstatbot.com)"
195.201.194.151 - - [17/Jul/2022:23:59:45 +0200] "GET /ODDB/OddbDat?action=print HTTP/1.1" 403 18 "-" "serpstatbot/2.1 (advanced backlink tracking bot; https://serpstatbot.com/; abuse@serpstatbot.com)"
