195.201.194.151 - - [17/Jul/2022:22:01:53 +0200] "GET /MEDIupdateXML/Softwarehaeuser?action=edit HTTP/1.1" 403 18 "-" "serpstatbot/2.1 (advanced backlink tracking bot; https://serpstatbot.com/; abuse@serpstatbot.com)"
195.201.194.151 - - [17/Jul/2022:22:01:59 +0200] "GET /MEDIupdateXML/Softwarehaeuser?action=diff HTTP/1.1" 403 18 "-" "serpstatbot/2.1 (advanced backlink tracking bot; https://serpstatbot.com/; abuse@serpstatbot.com)"
195.201.194.151 - - [17/Jul/2022:22:02:06 +0200] "GET /MEDIupdateXML/Aerzte?n=Main.SideBar?action=edit HTTP/1.1" 403 18 "-" "serpstatbot/2.1 (advanced backlink tracking bot; https://serpstatbot.com/; abuse@serpstatbot.com)"
194.209.200.2 - - [17/Jul/2022:22:02:07 +0200] "GET /Main/2007 HTTP/1.1" 200 50639 "-" "Mozilla/5.0 (compatible; TMMBot/0.2; +http://www.dslab.ch)/Nutch-1.15"
195.201.194.151 - - [17/Jul/2022:22:02:13 +0200] "GET /MEDIupdateXML/Aerzte?action=upload HTTP/1.1" 403 18 "-" "serpstatbot/2.1 (advanced backlink tracking bot; https://serpstatbot.com/; abuse@serpstatbot.com)"
195.201.194.151 - - [17/Jul/2022:22:02:22 +0200] "GET /MEDIupdateXML/Aerzte?action=print HTTP/1.1" 403 18 "-" "serpstatbot/2.1 (advanced backlink tracking bot; https://serpstatbot.com/; abuse@serpstatbot.com)"
195.201.194.151 - - [17/Jul/2022:22:02:32 +0200] "GET /MEDIupdateXML/Aerzte?action=edit HTTP/1.1" 403 18 "-" "serpstatbot/2.1 (advanced backlink tracking bot; https://serpstatbot.com/; abuse@serpstatbot.com)"
194.209.200.2 - - [17/Jul/2022:22:02:32 +0200] "GET /Main/2014 HTTP/1.1" 200 19471 "-" "Mozilla/5.0 (compatible; TMMBot/0.2; +http://www.dslab.ch)/Nutch-1.15"
194.209.200.2 - - [17/Jul/2022:22:02:38 +0200] "GET /Main/2012 HTTP/1.1" 200 31941 "-" "Mozilla/5.0 (compatible; TMMBot/0.2; +http://www.dslab.ch)/Nutch-1.15"
195.201.194.151 - - [17/Jul/2022:22:02:41 +0200] "GET /MEDIupdateXML/Aerzte?action=diff HTTP/1.1" 403 18 "-" "serpstatbot/2.1 (advanced backlink tracking bot; https://serpstatbot.com/; abuse@serpstatbot.com)"
194.209.200.2 - - [17/Jul/2022:22:02:45 +0200] "GET /Main/2010 HTTP/1.1" 200 27997 "-" "Mozilla/5.0 (compatible; TMMBot/0.2; +http://www.dslab.ch)/Nutch-1.15"
195.201.194.151 - - [17/Jul/2022:22:02:52 +0200] "GET /InfoCodex/Vergleichsanalyse HTTP/1.1" 200 9981 "-" "serpstatbot/2.1 (advanced backlink tracking bot; https://serpstatbot.com/; abuse@serpstatbot.com)"
194.209.200.2 - - [17/Jul/2022:22:02:58 +0200] "GET /Eggze/SpreadIt HTTP/1.1" 200 12537 "-" "Mozilla/5.0 (compatible; TMMBot/0.2; +http://www.dslab.ch)/Nutch-1.15"
195.201.194.151 - - [17/Jul/2022:22:03:06 +0200] "GET /InfoCodex/Abstracts HTTP/1.1" 200 10102 "-" "serpstatbot/2.1 (advanced backlink tracking bot; https://serpstatbot.com/; abuse@serpstatbot.com)"
195.201.194.151 - - [17/Jul/2022:22:03:18 +0200] "GET /HotelMarriott/27062013?n=Main.SideBar?action=edit HTTP/1.1" 403 18 "-" "serpstatbot/2.1 (advanced backlink tracking bot; https://serpstatbot.com/; abuse@serpstatbot.com)"
195.201.194.151 - - [17/Jul/2022:22:03:32 +0200] "GET /HotelMarriott/27062013?action=upload HTTP/1.1" 403 18 "-" "serpstatbot/2.1 (advanced backlink tracking bot; https://serpstatbot.com/; abuse@serpstatbot.com)"
195.201.194.151 - - [17/Jul/2022:22:03:46 +0200] "GET /HotelMarriott/27062013?action=print HTTP/1.1" 403 18 "-" "serpstatbot/2.1 (advanced backlink tracking bot; https://serpstatbot.com/; abuse@serpstatbot.com)"
195.201.194.151 - - [17/Jul/2022:22:04:01 +0200] "GET /HotelMarriott/27062013?action=edit HTTP/1.1" 403 18 "-" "serpstatbot/2.1 (advanced backlink tracking bot; https://serpstatbot.com/; abuse@serpstatbot.com)"
195.201.194.151 - - [17/Jul/2022:22:04:19 +0200] "GET /HotelMarriott/27062013?action=diff HTTP/1.1" 403 18 "-" "serpstatbot/2.1 (advanced backlink tracking bot; https://serpstatbot.com/; abuse@serpstatbot.com)"
195.201.194.151 - - [17/Jul/2022:22:04:35 +0200] "GET /Hmg/67 HTTP/1.1" 200 12301 "-" "serpstatbot/2.1 (advanced backlink tracking bot; https://serpstatbot.com/; abuse@serpstatbot.com)"
195.201.194.151 - - [17/Jul/2022:22:04:52 +0200] "GET /Generikacc/News23012018 HTTP/1.1" 200 9618 "-" "serpstatbot/2.1 (advanced backlink tracking bot; https://serpstatbot.com/; abuse@serpstatbot.com)"
195.201.194.151 - - [17/Jul/2022:22:05:08 +0200] "GET /Generikacc/App?n=Main.SideBar?action=edit HTTP/1.1" 403 18 "-" "serpstatbot/2.1 (advanced backlink tracking bot; https://serpstatbot.com/; abuse@serpstatbot.com)"
195.201.194.151 - - [17/Jul/2022:22:05:22 +0200] "GET /Generikacc/App?action=upload HTTP/1.1" 403 18 "-" "serpstatbot/2.1 (advanced backlink tracking bot; https://serpstatbot.com/; abuse@serpstatbot.com)"
195.201.194.151 - - [17/Jul/2022:22:05:39 +0200] "GET /Generikacc/App?action=print HTTP/1.1" 403 18 "-" "serpstatbot/2.1 (advanced backlink tracking bot; https://serpstatbot.com/; abuse@serpstatbot.com)"
195.201.194.151 - - [17/Jul/2022:22:05:54 +0200] "GET /Generikacc/App?action=edit HTTP/1.1" 403 18 "-" "serpstatbot/2.1 (advanced backlink tracking bot; https://serpstatbot.com/; abuse@serpstatbot.com)"
195.201.194.151 - - [17/Jul/2022:22:06:11 +0200] "GET /Generikacc/App?action=diff HTTP/1.1" 403 18 "-" "serpstatbot/2.1 (advanced backlink tracking bot; https://serpstatbot.com/; abuse@serpstatbot.com)"
195.201.194.151 - - [17/Jul/2022:22:06:26 +0200] "GET /Fachinfo/Berblick?action=edit HTTP/1.1" 404 18 "-" "serpstatbot/2.1 (advanced backlink tracking bot; https://serpstatbot.com/; abuse@serpstatbot.com)"
195.201.194.151 - - [17/Jul/2022:22:06:36 +0200] "GET /Epha/PhilipHansten?n=Main.SideBar?action=edit HTTP/1.1" 403 18 "-" "serpstatbot/2.1 (advanced backlink tracking bot; https://serpstatbot.com/; abuse@serpstatbot.com)"
195.201.194.151 - - [17/Jul/2022:22:06:42 +0200] "GET /Epha/PhilipHansten?action=upload HTTP/1.1" 403 18 "-" "serpstatbot/2.1 (advanced backlink tracking bot; https://serpstatbot.com/; abuse@serpstatbot.com)"
195.201.194.151 - - [17/Jul/2022:22:06:48 +0200] "GET /Epha/PhilipHansten?action=print HTTP/1.1" 403 18 "-" "serpstatbot/2.1 (advanced backlink tracking bot; https://serpstatbot.com/; abuse@serpstatbot.com)"
195.201.194.151 - - [17/Jul/2022:22:06:55 +0200] "GET /Epha/PhilipHansten?action=edit HTTP/1.1" 403 18 "-" "serpstatbot/2.1 (advanced backlink tracking bot; https://serpstatbot.com/; abuse@serpstatbot.com)"
195.201.194.151 - - [17/Jul/2022:22:07:02 +0200] "GET /Epha/PhilipHansten?action=diff HTTP/1.1" 403 18 "-" "serpstatbot/2.1 (advanced backlink tracking bot; https://serpstatbot.com/; abuse@serpstatbot.com)"
195.201.194.151 - - [17/Jul/2022:22:07:09 +0200] "GET /Epha/Flow HTTP/1.1" 200 8668 "-" "serpstatbot/2.1 (advanced backlink tracking bot; https://serpstatbot.com/; abuse@serpstatbot.com)"
195.201.194.151 - - [17/Jul/2022:22:07:18 +0200] "GET /Emediat/Swissindex HTTP/1.1" 200 8652 "-" "serpstatbot/2.1 (advanced backlink tracking bot; https://serpstatbot.com/; abuse@serpstatbot.com)"
195.201.194.151 - - [17/Jul/2022:22:07:27 +0200] "GET /CoMed/Android?n=Main.SideBar?action=edit HTTP/1.1" 403 18 "-" "serpstatbot/2.1 (advanced backlink tracking bot; https://serpstatbot.com/; abuse@serpstatbot.com)"
195.201.194.151 - - [17/Jul/2022:22:07:37 +0200] "GET /CoMed/Android?action=upload HTTP/1.1" 403 18 "-" "serpstatbot/2.1 (advanced backlink tracking bot; https://serpstatbot.com/; abuse@serpstatbot.com)"
195.201.194.151 - - [17/Jul/2022:22:07:50 +0200] "GET /CoMed/Android?action=print HTTP/1.1" 403 18 "-" "serpstatbot/2.1 (advanced backlink tracking bot; https://serpstatbot.com/; abuse@serpstatbot.com)"
37.120.218.110 - - [17/Jul/2022:22:08:03 +0200] "GET / HTTP/1.1" 200 12074 "-" "Mozilla/5.0 (X11; Linux x86_64) AppleWebKit/537.36 (KHTML, like Gecko) Chrome/93.0.4577.82 Safari/537.36"
195.201.194.151 - - [17/Jul/2022:22:08:07 +0200] "GET /CoMed/Android?action=edit HTTP/1.1" 403 18 "-" "serpstatbot/2.1 (advanced backlink tracking bot; https://serpstatbot.com/; abuse@serpstatbot.com)"
195.201.194.151 - - [17/Jul/2022:22:08:21 +0200] "GET /CoMed/Android?action=diff HTTP/1.1" 403 18 "-" "serpstatbot/2.1 (advanced backlink tracking bot; https://serpstatbot.com/; abuse@serpstatbot.com)"
195.201.194.151 - - [17/Jul/2022:22:08:37 +0200] "GET /CoMed/ASPP?n=Main.SideBar?action=edit HTTP/1.1" 403 18 "-" "serpstatbot/2.1 (advanced backlink tracking bot; https://serpstatbot.com/; abuse@serpstatbot.com)"
195.201.194.151 - - [17/Jul/2022:22:08:54 +0200] "GET /CoMed/ASPP?action=upload HTTP/1.1" 403 18 "-" "serpstatbot/2.1 (advanced backlink tracking bot; https://serpstatbot.com/; abuse@serpstatbot.com)"
195.201.194.151 - - [17/Jul/2022:22:09:12 +0200] "GET /CoMed/ASPP?action=print HTTP/1.1" 403 18 "-" "serpstatbot/2.1 (advanced backlink tracking bot; https://serpstatbot.com/; abuse@serpstatbot.com)"
195.201.194.151 - - [17/Jul/2022:22:09:30 +0200] "GET /CoMed/ASPP?action=edit HTTP/1.1" 403 18 "-" "serpstatbot/2.1 (advanced backlink tracking bot; https://serpstatbot.com/; abuse@serpstatbot.com)"
195.201.194.151 - - [17/Jul/2022:22:09:47 +0200] "GET /CoMed/ASPP?action=diff HTTP/1.1" 403 18 "-" "serpstatbot/2.1 (advanced backlink tracking bot; https://serpstatbot.com/; abuse@serpstatbot.com)"
89.246.241.14 - - [17/Jul/2022:22:09:53 +0200] "GET / HTTP/1.1" 200 12074 "-" "Mozilla/5.0 (Windows NT 10.0; Win64; x64; rv:84.0) Gecko/20100101 Firefox/84.0"
195.201.194.151 - - [17/Jul/2022:22:10:06 +0200] "GET /Bundesrat/Ebook?n=Main.SideBar?action=edit HTTP/1.1" 403 18 "-" "serpstatbot/2.1 (advanced backlink tracking bot; https://serpstatbot.com/; abuse@serpstatbot.com)"
195.201.194.151 - - [17/Jul/2022:22:10:25 +0200] "GET /Bundesrat/Ebook?action=upload HTTP/1.1" 403 18 "-" "serpstatbot/2.1 (advanced backlink tracking bot; https://serpstatbot.com/; abuse@serpstatbot.com)"
195.201.194.151 - - [17/Jul/2022:22:10:38 +0200] "GET /Newsletter/10052017?action=print HTTP/1.1" 403 18 "-" "serpstatbot/2.1 (advanced backlink tracking bot; https://serpstatbot.com/; abuse@serpstatbot.com)"
195.201.194.151 - - [17/Jul/2022:22:11:00 +0200] "GET /Miele/MieleLXIV?action=upload HTTP/1.1" 403 18 "-" "serpstatbot/2.1 (advanced backlink tracking bot; https://serpstatbot.com/; abuse@serpstatbot.com)"
195.201.194.151 - - [17/Jul/2022:22:11:21 +0200] "GET /Miele/MieleLXIV?action=print HTTP/1.1" 403 18 "-" "serpstatbot/2.1 (advanced backlink tracking bot; https://serpstatbot.com/; abuse@serpstatbot.com)"
195.201.194.151 - - [17/Jul/2022:22:11:36 +0200] "GET /Miele/MieleLXIV?action=edit HTTP/1.1" 403 18 "-" "serpstatbot/2.1 (advanced backlink tracking bot; https://serpstatbot.com/; abuse@serpstatbot.com)"
195.201.194.151 - - [17/Jul/2022:22:11:43 +0200] "GET /Miele/MieleLXIV?action=diff HTTP/1.1" 403 18 "-" "serpstatbot/2.1 (advanced backlink tracking bot; https://serpstatbot.com/; abuse@serpstatbot.com)"
195.201.194.151 - - [17/Jul/2022:22:11:48 +0200] "GET /Miele/History?n=Main.SideBar?action=edit HTTP/1.1" 403 18 "-" "serpstatbot/2.1 (advanced backlink tracking bot; https://serpstatbot.com/; abuse@serpstatbot.com)"
195.201.194.151 - - [17/Jul/2022:22:11:56 +0200] "GET /Miele/History?action=upload HTTP/1.1" 403 18 "-" "serpstatbot/2.1 (advanced backlink tracking bot; https://serpstatbot.com/; abuse@serpstatbot.com)"
195.201.194.151 - - [17/Jul/2022:22:12:03 +0200] "GET /Miele/History?action=print HTTP/1.1" 403 18 "-" "serpstatbot/2.1 (advanced backlink tracking bot; https://serpstatbot.com/; abuse@serpstatbot.com)"
195.201.194.151 - - [17/Jul/2022:22:12:09 +0200] "GET /Miele/History?action=edit HTTP/1.1" 403 18 "-" "serpstatbot/2.1 (advanced backlink tracking bot; https://serpstatbot.com/; abuse@serpstatbot.com)"
195.201.194.151 - - [17/Jul/2022:22:12:16 +0200] "GET /Miele/History?action=diff HTTP/1.1" 403 18 "-" "serpstatbot/2.1 (advanced backlink tracking bot; https://serpstatbot.com/; abuse@serpstatbot.com)"
195.201.194.151 - - [17/Jul/2022:22:12:23 +0200] "GET /Main/Xls2odat?n=Main.SideBar?action=edit HTTP/1.1" 403 18 "-" "serpstatbot/2.1 (advanced backlink tracking bot; https://serpstatbot.com/; abuse@serpstatbot.com)"
195.201.194.151 - - [17/Jul/2022:22:12:32 +0200] "GET /Main/Xls2odat?action=upload HTTP/1.1" 403 18 "-" "serpstatbot/2.1 (advanced backlink tracking bot; https://serpstatbot.com/; abuse@serpstatbot.com)"
195.201.194.151 - - [17/Jul/2022:22:12:40 +0200] "GET /Main/Xls2odat?action=print HTTP/1.1" 403 18 "-" "serpstatbot/2.1 (advanced backlink tracking bot; https://serpstatbot.com/; abuse@serpstatbot.com)"
195.201.194.151 - - [17/Jul/2022:22:12:51 +0200] "GET /Main/Xls2odat?action=edit HTTP/1.1" 403 18 "-" "serpstatbot/2.1 (advanced backlink tracking bot; https://serpstatbot.com/; abuse@serpstatbot.com)"
195.201.194.151 - - [17/Jul/2022:22:13:03 +0200] "GET /Main/Xls2odat?action=diff HTTP/1.1" 403 18 "-" "serpstatbot/2.1 (advanced backlink tracking bot; https://serpstatbot.com/; abuse@serpstatbot.com)"
195.201.194.151 - - [17/Jul/2022:22:13:13 +0200] "GET /Main/WekoBlogAntragAufErweiterung?n=Main.SideBar?action=edit HTTP/1.1" 403 18 "-" "serpstatbot/2.1 (advanced backlink tracking bot; https://serpstatbot.com/; abuse@serpstatbot.com)"
195.201.194.151 - - [17/Jul/2022:22:13:24 +0200] "GET /Main/WekoBlogAntragAufErweiterung?action=upload HTTP/1.1" 403 18 "-" "serpstatbot/2.1 (advanced backlink tracking bot; https://serpstatbot.com/; abuse@serpstatbot.com)"
195.201.194.151 - - [17/Jul/2022:22:13:38 +0200] "GET /Main/WekoBlogAntragAufErweiterung?action=print HTTP/1.1" 403 18 "-" "serpstatbot/2.1 (advanced backlink tracking bot; https://serpstatbot.com/; abuse@serpstatbot.com)"
195.201.194.151 - - [17/Jul/2022:22:13:51 +0200] "GET /Main/WekoBlogAntragAufErweiterung?action=edit HTTP/1.1" 403 18 "-" "serpstatbot/2.1 (advanced backlink tracking bot; https://serpstatbot.com/; abuse@serpstatbot.com)"
195.201.194.151 - - [17/Jul/2022:22:14:06 +0200] "GET /Main/WekoBlogAntragAufErweiterung?action=diff HTTP/1.1" 403 18 "-" "serpstatbot/2.1 (advanced backlink tracking bot; https://serpstatbot.com/; abuse@serpstatbot.com)"
54.36.149.4 - - [17/Jul/2022:22:14:08 +0200] "GET /Refdatabase/PharmacodeLoeschung HTTP/1.1" 200 10134 "-" "Mozilla/5.0 (compatible; AhrefsBot/7.0; +http://ahrefs.com/robot/)"
195.201.194.151 - - [17/Jul/2022:22:14:19 +0200] "GET /Main/WekoBlog?n=Main.SideBar?action=edit HTTP/1.1" 403 18 "-" "serpstatbot/2.1 (advanced backlink tracking bot; https://serpstatbot.com/; abuse@serpstatbot.com)"
195.201.194.151 - - [17/Jul/2022:22:14:34 +0200] "GET /Main/WekoBlog?action=upload HTTP/1.1" 403 18 "-" "serpstatbot/2.1 (advanced backlink tracking bot; https://serpstatbot.com/; abuse@serpstatbot.com)"
195.201.194.151 - - [17/Jul/2022:22:14:49 +0200] "GET /Main/WekoBlog?action=print HTTP/1.1" 403 18 "-" "serpstatbot/2.1 (advanced backlink tracking bot; https://serpstatbot.com/; abuse@serpstatbot.com)"
195.201.194.151 - - [17/Jul/2022:22:15:03 +0200] "GET /Main/WekoBlog?action=edit HTTP/1.1" 403 18 "-" "serpstatbot/2.1 (advanced backlink tracking bot; https://serpstatbot.com/; abuse@serpstatbot.com)"
195.201.194.151 - - [17/Jul/2022:22:15:20 +0200] "GET /Main/WekoBlog?action=diff HTTP/1.1" 403 18 "-" "serpstatbot/2.1 (advanced backlink tracking bot; https://serpstatbot.com/; abuse@serpstatbot.com)"
195.201.194.151 - - [17/Jul/2022:22:15:34 +0200] "GET /Main/SocialMedia?n=Main.SideBar?action=edit HTTP/1.1" 403 18 "-" "serpstatbot/2.1 (advanced backlink tracking bot; https://serpstatbot.com/; abuse@serpstatbot.com)"
195.201.194.151 - - [17/Jul/2022:22:15:48 +0200] "GET /Main/SocialMedia?action=upload HTTP/1.1" 403 18 "-" "serpstatbot/2.1 (advanced backlink tracking bot; https://serpstatbot.com/; abuse@serpstatbot.com)"
195.201.194.151 - - [17/Jul/2022:22:16:03 +0200] "GET /Main/SocialMedia?action=print HTTP/1.1" 403 18 "-" "serpstatbot/2.1 (advanced backlink tracking bot; https://serpstatbot.com/; abuse@serpstatbot.com)"
195.201.194.151 - - [17/Jul/2022:22:16:16 +0200] "GET /Main/SocialMedia?action=edit HTTP/1.1" 403 18 "-" "serpstatbot/2.1 (advanced backlink tracking bot; https://serpstatbot.com/; abuse@serpstatbot.com)"
195.201.194.151 - - [17/Jul/2022:22:16:32 +0200] "GET /Main/SocialMedia?action=diff HTTP/1.1" 403 18 "-" "serpstatbot/2.1 (advanced backlink tracking bot; https://serpstatbot.com/; abuse@serpstatbot.com)"
195.201.194.151 - - [17/Jul/2022:22:16:37 +0200] "GET /Main/Saldo?n=Main.SideBar?action=edit HTTP/1.1" 403 18 "-" "serpstatbot/2.1 (advanced backlink tracking bot; https://serpstatbot.com/; abuse@serpstatbot.com)"
195.201.194.151 - - [17/Jul/2022:22:16:43 +0200] "GET /Main/Saldo?action=upload HTTP/1.1" 403 18 "-" "serpstatbot/2.1 (advanced backlink tracking bot; https://serpstatbot.com/; abuse@serpstatbot.com)"
195.201.194.151 - - [17/Jul/2022:22:16:49 +0200] "GET /Main/Saldo?action=print HTTP/1.1" 403 18 "-" "serpstatbot/2.1 (advanced backlink tracking bot; https://serpstatbot.com/; abuse@serpstatbot.com)"
195.201.194.151 - - [17/Jul/2022:22:16:56 +0200] "GET /Main/Saldo?action=edit HTTP/1.1" 403 18 "-" "serpstatbot/2.1 (advanced backlink tracking bot; https://serpstatbot.com/; abuse@serpstatbot.com)"
195.201.194.151 - - [17/Jul/2022:22:17:02 +0200] "GET /Main/Saldo?action=diff HTTP/1.1" 403 18 "-" "serpstatbot/2.1 (advanced backlink tracking bot; https://serpstatbot.com/; abuse@serpstatbot.com)"
195.201.194.151 - - [17/Jul/2022:22:17:10 +0200] "GET /Main/SL-Liste?n=Main.SideBar?action=edit HTTP/1.1" 403 18 "-" "serpstatbot/2.1 (advanced backlink tracking bot; https://serpstatbot.com/; abuse@serpstatbot.com)"
195.201.194.151 - - [17/Jul/2022:22:17:16 +0200] "GET /Main/SL-Liste?action=upload HTTP/1.1" 403 18 "-" "serpstatbot/2.1 (advanced backlink tracking bot; https://serpstatbot.com/; abuse@serpstatbot.com)"
195.201.194.151 - - [17/Jul/2022:22:17:23 +0200] "GET /Main/SL-Liste?action=print HTTP/1.1" 403 18 "-" "serpstatbot/2.1 (advanced backlink tracking bot; https://serpstatbot.com/; abuse@serpstatbot.com)"
195.201.194.151 - - [17/Jul/2022:22:17:33 +0200] "GET /Main/SL-Liste?action=edit HTTP/1.1" 403 18 "-" "serpstatbot/2.1 (advanced backlink tracking bot; https://serpstatbot.com/; abuse@serpstatbot.com)"
195.201.194.151 - - [17/Jul/2022:22:17:42 +0200] "GET /Main/SL-Liste?action=diff HTTP/1.1" 403 18 "-" "serpstatbot/2.1 (advanced backlink tracking bot; https://serpstatbot.com/; abuse@serpstatbot.com)"
195.201.194.151 - - [17/Jul/2022:22:17:54 +0200] "GET /Main/ReplikSAEZ?n=Main.SideBar?action=edit HTTP/1.1" 403 18 "-" "serpstatbot/2.1 (advanced backlink tracking bot; https://serpstatbot.com/; abuse@serpstatbot.com)"
195.201.194.151 - - [17/Jul/2022:22:18:07 +0200] "GET /Main/ReplikSAEZ?action=upload HTTP/1.1" 403 18 "-" "serpstatbot/2.1 (advanced backlink tracking bot; https://serpstatbot.com/; abuse@serpstatbot.com)"
195.201.194.151 - - [17/Jul/2022:22:18:19 +0200] "GET /Main/ReplikSAEZ?action=print HTTP/1.1" 403 18 "-" "serpstatbot/2.1 (advanced backlink tracking bot; https://serpstatbot.com/; abuse@serpstatbot.com)"
195.201.194.151 - - [17/Jul/2022:22:18:35 +0200] "GET /Main/ReplikSAEZ?action=edit HTTP/1.1" 403 18 "-" "serpstatbot/2.1 (advanced backlink tracking bot; https://serpstatbot.com/; abuse@serpstatbot.com)"
195.201.194.151 - - [17/Jul/2022:22:18:49 +0200] "GET /Main/ReplikSAEZ?action=diff HTTP/1.1" 403 18 "-" "serpstatbot/2.1 (advanced backlink tracking bot; https://serpstatbot.com/; abuse@serpstatbot.com)"
195.201.194.151 - - [17/Jul/2022:22:19:05 +0200] "GET /Main/Refdata?n=Main.SideBar?action=edit HTTP/1.1" 403 18 "-" "serpstatbot/2.1 (advanced backlink tracking bot; https://serpstatbot.com/; abuse@serpstatbot.com)"
195.201.194.151 - - [17/Jul/2022:22:19:22 +0200] "GET /Main/Refdata?action=upload HTTP/1.1" 403 18 "-" "serpstatbot/2.1 (advanced backlink tracking bot; https://serpstatbot.com/; abuse@serpstatbot.com)"
95.163.255.85 - - [17/Jul/2022:22:19:33 +0200] "GET /robots.txt HTTP/1.0" 200 - "-" "Mozilla/5.0 (compatible; Linux x86_64; Mail.RU_Bot/2.0; +https://help.mail.ru/webmaster/indexing/robots)"
95.163.255.84 - - [17/Jul/2022:22:19:38 +0200] "GET /Oddb2xml/Bemerkungen HTTP/1.1" 200 10553 "-" "Mozilla/5.0 (compatible; Linux x86_64; Mail.RU_Bot/2.0; +https://help.mail.ru/webmaster/indexing/robots)"
195.201.194.151 - - [17/Jul/2022:22:19:38 +0200] "GET /Main/Refdata?action=print HTTP/1.1" 403 18 "-" "serpstatbot/2.1 (advanced backlink tracking bot; https://serpstatbot.com/; abuse@serpstatbot.com)"
195.201.194.151 - - [17/Jul/2022:22:19:54 +0200] "GET /Main/Refdata?action=edit HTTP/1.1" 403 18 "-" "serpstatbot/2.1 (advanced backlink tracking bot; https://serpstatbot.com/; abuse@serpstatbot.com)"
195.201.194.151 - - [17/Jul/2022:22:20:10 +0200] "GET /Main/Refdata?action=diff HTTP/1.1" 403 18 "-" "serpstatbot/2.1 (advanced backlink tracking bot; https://serpstatbot.com/; abuse@serpstatbot.com)"
195.201.194.151 - - [17/Jul/2022:22:20:26 +0200] "GET /Main/PharmacodeVsEancode?n=Main.SideBar?action=edit HTTP/1.1" 403 18 "-" "serpstatbot/2.1 (advanced backlink tracking bot; https://serpstatbot.com/; abuse@serpstatbot.com)"
195.201.194.151 - - [17/Jul/2022:22:20:44 +0200] "GET /Main/PharmacodeVsEancode?action=upload HTTP/1.1" 403 18 "-" "serpstatbot/2.1 (advanced backlink tracking bot; https://serpstatbot.com/; abuse@serpstatbot.com)"
61.135.159.189 - - [17/Jul/2022:22:20:45 +0200] "GET / HTTP/1.1" 200 12074 "-" "Sogou web spider/4.0(+http://www.sogou.com/docs/help/webmasters.htm#07)"
195.201.194.151 - - [17/Jul/2022:22:21:00 +0200] "GET /Main/PharmacodeVsEancode?action=print HTTP/1.1" 403 18 "-" "serpstatbot/2.1 (advanced backlink tracking bot; https://serpstatbot.com/; abuse@serpstatbot.com)"
195.201.194.151 - - [17/Jul/2022:22:21:16 +0200] "GET /Main/PharmacodeVsEancode?action=edit HTTP/1.1" 403 18 "-" "serpstatbot/2.1 (advanced backlink tracking bot; https://serpstatbot.com/; abuse@serpstatbot.com)"
195.201.194.151 - - [17/Jul/2022:22:21:31 +0200] "GET /Main/PharmacodeVsEancode?action=diff HTTP/1.1" 403 18 "-" "serpstatbot/2.1 (advanced backlink tracking bot; https://serpstatbot.com/; abuse@serpstatbot.com)"
195.201.194.151 - - [17/Jul/2022:22:21:38 +0200] "GET /Main/Parsen?n=Main.SideBar?action=edit HTTP/1.1" 403 18 "-" "serpstatbot/2.1 (advanced backlink tracking bot; https://serpstatbot.com/; abuse@serpstatbot.com)"
195.201.194.151 - - [17/Jul/2022:22:21:45 +0200] "GET /Main/Parsen?action=upload HTTP/1.1" 403 18 "-" "serpstatbot/2.1 (advanced backlink tracking bot; https://serpstatbot.com/; abuse@serpstatbot.com)"
195.201.194.151 - - [17/Jul/2022:22:21:51 +0200] "GET /Main/Parsen?action=print HTTP/1.1" 403 18 "-" "serpstatbot/2.1 (advanced backlink tracking bot; https://serpstatbot.com/; abuse@serpstatbot.com)"
195.201.194.151 - - [17/Jul/2022:22:21:58 +0200] "GET /Main/Parsen?action=edit HTTP/1.1" 403 18 "-" "serpstatbot/2.1 (advanced backlink tracking bot; https://serpstatbot.com/; abuse@serpstatbot.com)"
195.201.194.151 - - [17/Jul/2022:22:22:03 +0200] "GET /Main/Parsen?action=diff HTTP/1.1" 403 18 "-" "serpstatbot/2.1 (advanced backlink tracking bot; https://serpstatbot.com/; abuse@serpstatbot.com)"
195.201.194.151 - - [17/Jul/2022:22:22:10 +0200] "GET /Main/NZZ?n=Main.SideBar?action=edit HTTP/1.1" 403 18 "-" "serpstatbot/2.1 (advanced backlink tracking bot; https://serpstatbot.com/; abuse@serpstatbot.com)"
195.201.194.151 - - [17/Jul/2022:22:22:17 +0200] "GET /Main/NZZ?action=upload HTTP/1.1" 403 18 "-" "serpstatbot/2.1 (advanced backlink tracking bot; https://serpstatbot.com/; abuse@serpstatbot.com)"
195.201.194.151 - - [17/Jul/2022:22:22:26 +0200] "GET /Main/NZZ?action=print HTTP/1.1" 403 18 "-" "serpstatbot/2.1 (advanced backlink tracking bot; https://serpstatbot.com/; abuse@serpstatbot.com)"
195.201.194.151 - - [17/Jul/2022:22:22:34 +0200] "GET /Main/NZZ?action=edit HTTP/1.1" 403 18 "-" "serpstatbot/2.1 (advanced backlink tracking bot; https://serpstatbot.com/; abuse@serpstatbot.com)"
195.201.194.151 - - [17/Jul/2022:22:22:45 +0200] "GET /Main/NZZ?action=diff HTTP/1.1" 403 18 "-" "serpstatbot/2.1 (advanced backlink tracking bot; https://serpstatbot.com/; abuse@serpstatbot.com)"
195.201.194.151 - - [17/Jul/2022:22:22:57 +0200] "GET /Main/MyMedi?n=Main.SideBar?action=edit HTTP/1.1" 403 18 "-" "serpstatbot/2.1 (advanced backlink tracking bot; https://serpstatbot.com/; abuse@serpstatbot.com)"
195.201.194.151 - - [17/Jul/2022:22:23:09 +0200] "GET /Main/MyMedi?action=upload HTTP/1.1" 403 18 "-" "serpstatbot/2.1 (advanced backlink tracking bot; https://serpstatbot.com/; abuse@serpstatbot.com)"
195.201.194.151 - - [17/Jul/2022:22:23:26 +0200] "GET /Main/MyMedi?action=print HTTP/1.1" 403 18 "-" "serpstatbot/2.1 (advanced backlink tracking bot; https://serpstatbot.com/; abuse@serpstatbot.com)"
195.201.194.151 - - [17/Jul/2022:22:23:38 +0200] "GET /Main/MyMedi?action=edit HTTP/1.1" 403 18 "-" "serpstatbot/2.1 (advanced backlink tracking bot; https://serpstatbot.com/; abuse@serpstatbot.com)"
195.201.194.151 - - [17/Jul/2022:22:23:54 +0200] "GET /Main/MyMedi?action=diff HTTP/1.1" 403 18 "-" "serpstatbot/2.1 (advanced backlink tracking bot; https://serpstatbot.com/; abuse@serpstatbot.com)"
195.201.194.151 - - [17/Jul/2022:22:24:08 +0200] "GET /Main/MiGel?n=Main.SideBar?action=edit HTTP/1.1" 403 18 "-" "serpstatbot/2.1 (advanced backlink tracking bot; https://serpstatbot.com/; abuse@serpstatbot.com)"
195.201.194.151 - - [17/Jul/2022:22:24:24 +0200] "GET /Main/MiGel?action=upload HTTP/1.1" 403 18 "-" "serpstatbot/2.1 (advanced backlink tracking bot; https://serpstatbot.com/; abuse@serpstatbot.com)"
195.201.194.151 - - [17/Jul/2022:22:24:42 +0200] "GET /Main/MiGel?action=print HTTP/1.1" 403 18 "-" "serpstatbot/2.1 (advanced backlink tracking bot; https://serpstatbot.com/; abuse@serpstatbot.com)"
195.201.194.151 - - [17/Jul/2022:22:24:59 +0200] "GET /Main/MiGel?action=edit HTTP/1.1" 403 18 "-" "serpstatbot/2.1 (advanced backlink tracking bot; https://serpstatbot.com/; abuse@serpstatbot.com)"
195.201.194.151 - - [17/Jul/2022:22:25:16 +0200] "GET /Main/MiGel?action=diff HTTP/1.1" 403 18 "-" "serpstatbot/2.1 (advanced backlink tracking bot; https://serpstatbot.com/; abuse@serpstatbot.com)"
195.201.194.151 - - [17/Jul/2022:22:25:34 +0200] "GET /Main/MayoClinic?n=Main.SideBar?action=edit HTTP/1.1" 403 18 "-" "serpstatbot/2.1 (advanced backlink tracking bot; https://serpstatbot.com/; abuse@serpstatbot.com)"
195.201.194.151 - - [17/Jul/2022:22:25:50 +0200] "GET /Main/MayoClinic?action=upload HTTP/1.1" 403 18 "-" "serpstatbot/2.1 (advanced backlink tracking bot; https://serpstatbot.com/; abuse@serpstatbot.com)"
195.201.194.151 - - [17/Jul/2022:22:26:06 +0200] "GET /Main/MayoClinic?action=print HTTP/1.1" 403 18 "-" "serpstatbot/2.1 (advanced backlink tracking bot; https://serpstatbot.com/; abuse@serpstatbot.com)"
195.201.194.151 - - [17/Jul/2022:22:26:21 +0200] "GET /Main/MayoClinic?action=edit HTTP/1.1" 403 18 "-" "serpstatbot/2.1 (advanced backlink tracking bot; https://serpstatbot.com/; abuse@serpstatbot.com)"
195.201.194.151 - - [17/Jul/2022:22:26:35 +0200] "GET /Main/MayoClinic?action=diff HTTP/1.1" 403 18 "-" "serpstatbot/2.1 (advanced backlink tracking bot; https://serpstatbot.com/; abuse@serpstatbot.com)"
195.201.194.151 - - [17/Jul/2022:22:26:40 +0200] "GET /Main/Kolumne?n=Main.SideBar?action=edit HTTP/1.1" 403 18 "-" "serpstatbot/2.1 (advanced backlink tracking bot; https://serpstatbot.com/; abuse@serpstatbot.com)"
195.201.194.151 - - [17/Jul/2022:22:26:45 +0200] "GET /Main/Kolumne?action=upload HTTP/1.1" 403 18 "-" "serpstatbot/2.1 (advanced backlink tracking bot; https://serpstatbot.com/; abuse@serpstatbot.com)"
195.201.194.151 - - [17/Jul/2022:22:26:52 +0200] "GET /Main/Kolumne?action=print HTTP/1.1" 403 18 "-" "serpstatbot/2.1 (advanced backlink tracking bot; https://serpstatbot.com/; abuse@serpstatbot.com)"
195.201.194.151 - - [17/Jul/2022:22:26:59 +0200] "GET /Main/Kolumne?action=edit HTTP/1.1" 403 18 "-" "serpstatbot/2.1 (advanced backlink tracking bot; https://serpstatbot.com/; abuse@serpstatbot.com)"
195.201.194.151 - - [17/Jul/2022:22:27:04 +0200] "GET /Main/Kolumne?action=diff HTTP/1.1" 403 18 "-" "serpstatbot/2.1 (advanced backlink tracking bot; https://serpstatbot.com/; abuse@serpstatbot.com)"
195.201.194.151 - - [17/Jul/2022:22:27:14 +0200] "GET /Main/IPhone?n=Main.SideBar?action=edit HTTP/1.1" 403 18 "-" "serpstatbot/2.1 (advanced backlink tracking bot; https://serpstatbot.com/; abuse@serpstatbot.com)"
195.201.194.151 - - [17/Jul/2022:22:27:20 +0200] "GET /Main/IPhone?action=upload HTTP/1.1" 403 18 "-" "serpstatbot/2.1 (advanced backlink tracking bot; https://serpstatbot.com/; abuse@serpstatbot.com)"
195.201.194.151 - - [17/Jul/2022:22:27:31 +0200] "GET /Main/IPhone?action=print HTTP/1.1" 403 18 "-" "serpstatbot/2.1 (advanced backlink tracking bot; https://serpstatbot.com/; abuse@serpstatbot.com)"
195.201.194.151 - - [17/Jul/2022:22:27:41 +0200] "GET /Main/IPhone?action=edit HTTP/1.1" 403 18 "-" "serpstatbot/2.1 (advanced backlink tracking bot; https://serpstatbot.com/; abuse@serpstatbot.com)"
195.201.194.151 - - [17/Jul/2022:22:27:53 +0200] "GET /Main/IPhone?action=diff HTTP/1.1" 403 18 "-" "serpstatbot/2.1 (advanced backlink tracking bot; https://serpstatbot.com/; abuse@serpstatbot.com)"
195.201.194.151 - - [17/Jul/2022:22:28:06 +0200] "GET /Main/HirslandenProfessional?n=Main.SideBar?action=edit HTTP/1.1" 403 18 "-" "serpstatbot/2.1 (advanced backlink tracking bot; https://serpstatbot.com/; abuse@serpstatbot.com)"
195.201.194.151 - - [17/Jul/2022:22:28:20 +0200] "GET /Main/HirslandenProfessional?action=upload HTTP/1.1" 403 18 "-" "serpstatbot/2.1 (advanced backlink tracking bot; https://serpstatbot.com/; abuse@serpstatbot.com)"
195.201.194.151 - - [17/Jul/2022:22:28:37 +0200] "GET /Main/HirslandenProfessional?action=print HTTP/1.1" 403 18 "-" "serpstatbot/2.1 (advanced backlink tracking bot; https://serpstatbot.com/; abuse@serpstatbot.com)"
195.201.194.151 - - [17/Jul/2022:22:28:54 +0200] "GET /Main/HirslandenProfessional?action=edit HTTP/1.1" 403 18 "-" "serpstatbot/2.1 (advanced backlink tracking bot; https://serpstatbot.com/; abuse@serpstatbot.com)"
195.201.194.151 - - [17/Jul/2022:22:29:11 +0200] "GET /Main/HirslandenProfessional?action=diff HTTP/1.1" 403 18 "-" "serpstatbot/2.1 (advanced backlink tracking bot; https://serpstatbot.com/; abuse@serpstatbot.com)"
195.201.194.151 - - [17/Jul/2022:22:29:28 +0200] "GET /Main/ForderungstabelleSpezialitaetenliste?n=Main.SideBar?action=edit HTTP/1.1" 403 18 "-" "serpstatbot/2.1 (advanced backlink tracking bot; https://serpstatbot.com/; abuse@serpstatbot.com)"
195.201.194.151 - - [17/Jul/2022:22:29:45 +0200] "GET /Main/ForderungstabelleSpezialitaetenliste?action=upload HTTP/1.1" 403 18 "-" "serpstatbot/2.1 (advanced backlink tracking bot; https://serpstatbot.com/; abuse@serpstatbot.com)"
195.201.194.151 - - [17/Jul/2022:22:30:03 +0200] "GET /Main/ForderungstabelleSpezialitaetenliste?action=print HTTP/1.1" 403 18 "-" "serpstatbot/2.1 (advanced backlink tracking bot; https://serpstatbot.com/; abuse@serpstatbot.com)"
195.201.194.151 - - [17/Jul/2022:22:30:21 +0200] "GET /Main/ForderungstabelleSpezialitaetenliste?action=edit HTTP/1.1" 403 18 "-" "serpstatbot/2.1 (advanced backlink tracking bot; https://serpstatbot.com/; abuse@serpstatbot.com)"
195.201.194.151 - - [17/Jul/2022:22:30:39 +0200] "GET /Main/ForderungstabelleSpezialitaetenliste?action=diff HTTP/1.1" 403 18 "-" "serpstatbot/2.1 (advanced backlink tracking bot; https://serpstatbot.com/; abuse@serpstatbot.com)"
195.201.194.151 - - [17/Jul/2022:22:30:56 +0200] "GET /Main/FMH?n=Main.SideBar?action=edit HTTP/1.1" 403 18 "-" "serpstatbot/2.1 (advanced backlink tracking bot; https://serpstatbot.com/; abuse@serpstatbot.com)"
195.201.194.151 - - [17/Jul/2022:22:31:13 +0200] "GET /Main/FMH?action=upload HTTP/1.1" 403 18 "-" "serpstatbot/2.1 (advanced backlink tracking bot; https://serpstatbot.com/; abuse@serpstatbot.com)"
195.201.194.151 - - [17/Jul/2022:22:31:33 +0200] "GET /Main/FMH?action=print HTTP/1.1" 403 18 "-" "serpstatbot/2.1 (advanced backlink tracking bot; https://serpstatbot.com/; abuse@serpstatbot.com)"
195.201.194.151 - - [17/Jul/2022:22:31:38 +0200] "GET /uploads/Main/von_Balsiger_22.2.2005.txt HTTP/1.1" 200 1631 "-" "serpstatbot/2.1 (advanced backlink tracking bot; https://serpstatbot.com/; abuse@serpstatbot.com)"
195.201.194.151 - - [17/Jul/2022:22:31:47 +0200] "GET /uploads/Main/An_Bhler_9.9.2005.txt HTTP/1.1" 200 4987 "-" "serpstatbot/2.1 (advanced backlink tracking bot; https://serpstatbot.com/; abuse@serpstatbot.com)"
195.201.194.151 - - [17/Jul/2022:22:31:53 +0200] "GET /PublicDomain/AIPS?action=edit HTTP/1.1" 403 18 "-" "serpstatbot/2.1 (advanced backlink tracking bot; https://serpstatbot.com/; abuse@serpstatbot.com)"
195.201.194.151 - - [17/Jul/2022:22:31:59 +0200] "GET /PublicDomain/AIPS?action=print HTTP/1.1" 403 18 "-" "serpstatbot/2.1 (advanced backlink tracking bot; https://serpstatbot.com/; abuse@serpstatbot.com)"
34.221.252.182 - - [17/Jul/2022:22:32:03 +0200] "GET /AmiKo/Linux HTTP/1.1" 200 9217 "-" "Mozilla/5.0 (X11; Ubuntu; Linux x86_64; rv:95.0) Gecko/20100101 Firefox/95.0"
195.201.194.151 - - [17/Jul/2022:22:32:06 +0200] "GET /ODDB/OddbDat?action=print HTTP/1.1" 403 18 "-" "serpstatbot/2.1 (advanced backlink tracking bot; https://serpstatbot.com/; abuse@serpstatbot.com)"
195.201.194.151 - - [17/Jul/2022:22:32:15 +0200] "GET /ODDB/OddbDat?action=upload HTTP/1.1" 403 18 "-" "serpstatbot/2.1 (advanced backlink tracking bot; https://serpstatbot.com/; abuse@serpstatbot.com)"
195.201.194.151 - - [17/Jul/2022:22:32:24 +0200] "GET /ODDB/OddbDat?n=Main.SideBar?action=edit HTTP/1.1" 403 18 "-" "serpstatbot/2.1 (advanced backlink tracking bot; https://serpstatbot.com/; abuse@serpstatbot.com)"
195.201.194.151 - - [17/Jul/2022:22:32:35 +0200] "GET /ODDB/Pharmakokinetik?action=diff HTTP/1.1" 403 18 "-" "serpstatbot/2.1 (advanced backlink tracking bot; https://serpstatbot.com/; abuse@serpstatbot.com)"
195.201.194.151 - - [17/Jul/2022:22:32:48 +0200] "GET /ODDB/Pharmakokinetik?action=edit HTTP/1.1" 403 18 "-" "serpstatbot/2.1 (advanced backlink tracking bot; https://serpstatbot.com/; abuse@serpstatbot.com)"
195.201.194.151 - - [17/Jul/2022:22:33:01 +0200] "GET /ODDB/Pharmakokinetik?action=print HTTP/1.1" 403 18 "-" "serpstatbot/2.1 (advanced backlink tracking bot; https://serpstatbot.com/; abuse@serpstatbot.com)"
195.201.194.151 - - [17/Jul/2022:22:33:15 +0200] "GET /ODDB/Pharmakokinetik?action=upload HTTP/1.1" 403 18 "-" "serpstatbot/2.1 (advanced backlink tracking bot; https://serpstatbot.com/; abuse@serpstatbot.com)"
195.201.194.151 - - [17/Jul/2022:22:33:31 +0200] "GET /ODDB/Pharmakokinetik?n=Main.SideBar?action=edit HTTP/1.1" 403 18 "-" "serpstatbot/2.1 (advanced backlink tracking bot; https://serpstatbot.com/; abuse@serpstatbot.com)"
195.201.194.151 - - [17/Jul/2022:22:33:48 +0200] "GET /ODDB/StammdatenCH?action=diff HTTP/1.1" 403 18 "-" "serpstatbot/2.1 (advanced backlink tracking bot; https://serpstatbot.com/; abuse@serpstatbot.com)"
195.201.194.151 - - [17/Jul/2022:22:34:05 +0200] "GET /ODDB/StammdatenCH?action=edit HTTP/1.1" 403 18 "-" "serpstatbot/2.1 (advanced backlink tracking bot; https://serpstatbot.com/; abuse@serpstatbot.com)"
195.201.194.151 - - [17/Jul/2022:22:34:23 +0200] "GET /ODDB/StammdatenCH?action=print HTTP/1.1" 403 18 "-" "serpstatbot/2.1 (advanced backlink tracking bot; https://serpstatbot.com/; abuse@serpstatbot.com)"
195.201.194.151 - - [17/Jul/2022:22:34:40 +0200] "GET /ODDB/StammdatenCH?action=upload HTTP/1.1" 403 18 "-" "serpstatbot/2.1 (advanced backlink tracking bot; https://serpstatbot.com/; abuse@serpstatbot.com)"
195.201.194.151 - - [17/Jul/2022:22:34:58 +0200] "GET /ODDB/StammdatenCH?n=Main.SideBar?action=edit HTTP/1.1" 403 18 "-" "serpstatbot/2.1 (advanced backlink tracking bot; https://serpstatbot.com/; abuse@serpstatbot.com)"
195.201.194.151 - - [17/Jul/2022:22:35:16 +0200] "GET /Oddb/OpenSourceSoftwareUndDatenImSchweizerGesundheitswesen?action=diff HTTP/1.1" 403 18 "-" "serpstatbot/2.1 (advanced backlink tracking bot; https://serpstatbot.com/; abuse@serpstatbot.com)"
195.201.194.151 - - [17/Jul/2022:22:35:33 +0200] "GET /Oddb/OpenSourceSoftwareUndDatenImSchweizerGesundheitswesen?action=edit HTTP/1.1" 403 18 "-" "serpstatbot/2.1 (advanced backlink tracking bot; https://serpstatbot.com/; abuse@serpstatbot.com)"
195.201.194.151 - - [17/Jul/2022:22:35:51 +0200] "GET /Oddb/OpenSourceSoftwareUndDatenImSchweizerGesundheitswesen?action=print HTTP/1.1" 403 18 "-" "serpstatbot/2.1 (advanced backlink tracking bot; https://serpstatbot.com/; abuse@serpstatbot.com)"
195.201.194.151 - - [17/Jul/2022:22:36:10 +0200] "GET /Oddb/OpenSourceSoftwareUndDatenImSchweizerGesundheitswesen?action=upload HTTP/1.1" 403 18 "-" "serpstatbot/2.1 (advanced backlink tracking bot; https://serpstatbot.com/; abuse@serpstatbot.com)"
195.201.194.151 - - [17/Jul/2022:22:36:33 +0200] "GET /Oddb/OpenSourceSoftwareUndDatenImSchweizerGesundheitswesen?n=Main.SideBar?action=edit HTTP/1.1" 403 18 "-" "serpstatbot/2.1 (advanced backlink tracking bot; https://serpstatbot.com/; abuse@serpstatbot.com)"
195.201.194.151 - - [17/Jul/2022:22:36:36 +0200] "GET /Oddb2xml/Bemerkungen HTTP/1.1" 200 10553 "-" "serpstatbot/2.1 (advanced backlink tracking bot; https://serpstatbot.com/; abuse@serpstatbot.com)"
195.201.194.151 - - [17/Jul/2022:22:36:42 +0200] "GET /Oddb2xml/DatenDownload?action=diff HTTP/1.1" 403 18 "-" "serpstatbot/2.1 (advanced backlink tracking bot; https://serpstatbot.com/; abuse@serpstatbot.com)"
195.201.194.151 - - [17/Jul/2022:22:36:48 +0200] "GET /Oddb2xml/DatenDownload?action=edit HTTP/1.1" 403 18 "-" "serpstatbot/2.1 (advanced backlink tracking bot; https://serpstatbot.com/; abuse@serpstatbot.com)"
195.201.194.151 - - [17/Jul/2022:22:36:53 +0200] "GET /Oddb2xml/DatenDownload?action=print HTTP/1.1" 403 18 "-" "serpstatbot/2.1 (advanced backlink tracking bot; https://serpstatbot.com/; abuse@serpstatbot.com)"
195.201.194.151 - - [17/Jul/2022:22:36:59 +0200] "GET /Oddb2xml/DatenDownload?action=upload HTTP/1.1" 403 18 "-" "serpstatbot/2.1 (advanced backlink tracking bot; https://serpstatbot.com/; abuse@serpstatbot.com)"
195.201.194.151 - - [17/Jul/2022:22:37:04 +0200] "GET /Oddb2xml/DatenDownload?n=Main.SideBar?action=edit HTTP/1.1" 403 18 "-" "serpstatbot/2.1 (advanced backlink tracking bot; https://serpstatbot.com/; abuse@serpstatbot.com)"
195.201.194.151 - - [17/Jul/2022:22:37:12 +0200] "GET /Oddb2xml/Felder HTTP/1.1" 200 10305 "-" "serpstatbot/2.1 (advanced backlink tracking bot; https://serpstatbot.com/; abuse@serpstatbot.com)"
195.201.194.151 - - [17/Jul/2022:22:37:21 +0200] "GET /Oddb2xml/Index HTTP/1.1" 200 8983 "-" "serpstatbot/2.1 (advanced backlink tracking bot; https://serpstatbot.com/; abuse@serpstatbot.com)"
195.201.194.151 - - [17/Jul/2022:22:37:34 +0200] "GET /Oddb2xml/Installation?action=diff HTTP/1.1" 403 18 "-" "serpstatbot/2.1 (advanced backlink tracking bot; https://serpstatbot.com/; abuse@serpstatbot.com)"
195.201.194.151 - - [17/Jul/2022:22:37:46 +0200] "GET /Oddb2xml/Installation?action=edit HTTP/1.1" 403 18 "-" "serpstatbot/2.1 (advanced backlink tracking bot; https://serpstatbot.com/; abuse@serpstatbot.com)"
195.201.194.151 - - [17/Jul/2022:22:38:00 +0200] "GET /Oddb2xml/Installation?action=print HTTP/1.1" 403 18 "-" "serpstatbot/2.1 (advanced backlink tracking bot; https://serpstatbot.com/; abuse@serpstatbot.com)"
195.201.194.151 - - [17/Jul/2022:22:38:16 +0200] "GET /Oddb2xml/Installation?action=upload HTTP/1.1" 403 18 "-" "serpstatbot/2.1 (advanced backlink tracking bot; https://serpstatbot.com/; abuse@serpstatbot.com)"
195.201.194.151 - - [17/Jul/2022:22:38:32 +0200] "GET /Oddb2xml/Installation?n=Main.SideBar?action=edit HTTP/1.1" 403 18 "-" "serpstatbot/2.1 (advanced backlink tracking bot; https://serpstatbot.com/; abuse@serpstatbot.com)"
195.201.194.151 - - [17/Jul/2022:22:38:49 +0200] "GET /Oddb2xml/Oddb2xmlCalc?action=diff HTTP/1.1" 403 18 "-" "serpstatbot/2.1 (advanced backlink tracking bot; https://serpstatbot.com/; abuse@serpstatbot.com)"
195.201.194.151 - - [17/Jul/2022:22:39:05 +0200] "GET /Oddb2xml/Oddb2xmlCalc?action=edit HTTP/1.1" 403 18 "-" "serpstatbot/2.1 (advanced backlink tracking bot; https://serpstatbot.com/; abuse@serpstatbot.com)"
195.201.194.151 - - [17/Jul/2022:22:39:22 +0200] "GET /Oddb2xml/Oddb2xmlCalc?action=print HTTP/1.1" 403 18 "-" "serpstatbot/2.1 (advanced backlink tracking bot; https://serpstatbot.com/; abuse@serpstatbot.com)"
195.201.194.151 - - [17/Jul/2022:22:39:40 +0200] "GET /Oddb2xml/Oddb2xmlCalc?action=upload HTTP/1.1" 403 18 "-" "serpstatbot/2.1 (advanced backlink tracking bot; https://serpstatbot.com/; abuse@serpstatbot.com)"
194.209.200.2 - - [17/Jul/2022:22:39:41 +0200] "GET /robots.txt HTTP/1.1" 200 - "-" "Mozilla/5.0 (compatible; TMMBot/0.2; +http://www.dslab.ch)/Nutch-1.15"
194.209.200.2 - - [17/Jul/2022:22:39:41 +0200] "GET /AmiKo/Linux HTTP/1.1" 200 9217 "-" "Mozilla/5.0 (compatible; TMMBot/0.2; +http://www.dslab.ch)/Nutch-1.15"
194.209.200.2 - - [17/Jul/2022:22:39:45 +0200] "GET /Miele/MieleLXIV HTTP/1.1" 200 15367 "-" "Mozilla/5.0 (compatible; TMMBot/0.2; +http://www.dslab.ch)/Nutch-1.15"
195.201.194.151 - - [17/Jul/2022:22:39:58 +0200] "GET /Oddb2xml/Oddb2xmlCalc?n=Main.SideBar?action=edit HTTP/1.1" 403 18 "-" "serpstatbot/2.1 (advanced backlink tracking bot; https://serpstatbot.com/; abuse@serpstatbot.com)"
195.201.194.151 - - [17/Jul/2022:22:40:15 +0200] "GET /Oddb2xml/Version?action=diff HTTP/1.1" 403 18 "-" "serpstatbot/2.1 (advanced backlink tracking bot; https://serpstatbot.com/; abuse@serpstatbot.com)"
54.202.71.231 - - [17/Jul/2022:22:40:29 +0200] "GET /Software/XMLConv/n=Main.SideBar?action=edit HTTP/1.1" 404 250 "-" "Mozilla/5.0 (X11; Ubuntu; Linux x86_64; rv:95.0) Gecko/20100101 Firefox/95.0"
195.201.194.151 - - [17/Jul/2022:22:40:34 +0200] "GET /Oddb2xml/Version?action=edit HTTP/1.1" 403 18 "-" "serpstatbot/2.1 (advanced backlink tracking bot; https://serpstatbot.com/; abuse@serpstatbot.com)"
195.201.194.151 - - [17/Jul/2022:22:40:52 +0200] "GET /Oddb2xml/Version?action=print HTTP/1.1" 403 18 "-" "serpstatbot/2.1 (advanced backlink tracking bot; https://serpstatbot.com/; abuse@serpstatbot.com)"
195.201.194.151 - - [17/Jul/2022:22:41:17 +0200] "GET /Oddb2xml/Version?action=upload HTTP/1.1" 403 18 "-" "serpstatbot/2.1 (advanced backlink tracking bot; https://serpstatbot.com/; abuse@serpstatbot.com)"
195.201.194.151 - - [17/Jul/2022:22:41:34 +0200] "GET /Oddb2xml/Version?n=Main.SideBar?action=edit HTTP/1.1" 403 18 "-" "serpstatbot/2.1 (advanced backlink tracking bot; https://serpstatbot.com/; abuse@serpstatbot.com)"
195.201.194.151 - - [17/Jul/2022:22:41:40 +0200] "GET /Oddb2xml/XSD?action=diff HTTP/1.1" 403 18 "-" "serpstatbot/2.1 (advanced backlink tracking bot; https://serpstatbot.com/; abuse@serpstatbot.com)"
194.209.200.2 - - [17/Jul/2022:22:41:45 +0200] "GET /Main/2006 HTTP/1.1" 200 39320 "-" "Mozilla/5.0 (compatible; TMMBot/0.2; +http://www.dslab.ch)/Nutch-1.15"
195.201.194.151 - - [17/Jul/2022:22:41:47 +0200] "GET /Oddb2xml/XSD?action=edit HTTP/1.1" 403 18 "-" "serpstatbot/2.1 (advanced backlink tracking bot; https://serpstatbot.com/; abuse@serpstatbot.com)"
195.201.194.151 - - [17/Jul/2022:22:41:53 +0200] "GET /Oddb2xml/XSD?action=print HTTP/1.1" 403 18 "-" "serpstatbot/2.1 (advanced backlink tracking bot; https://serpstatbot.com/; abuse@serpstatbot.com)"
195.201.194.151 - - [17/Jul/2022:22:42:00 +0200] "GET /Oddb2xml/XSD?action=upload HTTP/1.1" 403 18 "-" "serpstatbot/2.1 (advanced backlink tracking bot; https://serpstatbot.com/; abuse@serpstatbot.com)"
194.209.200.2 - - [17/Jul/2022:22:42:06 +0200] "GET /Main/2015 HTTP/1.1" 200 15908 "-" "Mozilla/5.0 (compatible; TMMBot/0.2; +http://www.dslab.ch)/Nutch-1.15"
195.201.194.151 - - [17/Jul/2022:22:42:07 +0200] "GET /Oddb2xml/XSD?n=Main.SideBar?action=edit HTTP/1.1" 403 18 "-" "serpstatbot/2.1 (advanced backlink tracking bot; https://serpstatbot.com/; abuse@serpstatbot.com)"
195.201.194.151 - - [17/Jul/2022:22:42:13 +0200] "GET /Pic2Shop/BarcodeScanner?action=diff HTTP/1.1" 403 18 "-" "serpstatbot/2.1 (advanced backlink tracking bot; https://serpstatbot.com/; abuse@serpstatbot.com)"
194.209.200.2 - - [17/Jul/2022:22:42:15 +0200] "GET /Main/2013 HTTP/1.1" 200 20487 "-" "Mozilla/5.0 (compatible; TMMBot/0.2; +http://www.dslab.ch)/Nutch-1.15"
195.201.194.151 - - [17/Jul/2022:22:42:21 +0200] "GET /Pic2Shop/BarcodeScanner?action=edit HTTP/1.1" 403 18 "-" "serpstatbot/2.1 (advanced backlink tracking bot; https://serpstatbot.com/; abuse@serpstatbot.com)"
194.209.200.2 - - [17/Jul/2022:22:42:31 +0200] "GET /Ywesee/Kontakt HTTP/1.1" 200 8973 "-" "Mozilla/5.0 (compatible; TMMBot/0.2; +http://www.dslab.ch)/Nutch-1.15"
195.201.194.151 - - [17/Jul/2022:22:42:33 +0200] "GET /Pic2Shop/BarcodeScanner?action=print HTTP/1.1" 403 18 "-" "serpstatbot/2.1 (advanced backlink tracking bot; https://serpstatbot.com/; abuse@serpstatbot.com)"
195.201.194.151 - - [17/Jul/2022:22:42:46 +0200] "GET /Pic2Shop/BarcodeScanner?action=upload HTTP/1.1" 403 18 "-" "serpstatbot/2.1 (advanced backlink tracking bot; https://serpstatbot.com/; abuse@serpstatbot.com)"
195.201.194.151 - - [17/Jul/2022:22:43:02 +0200] "GET /Pic2Shop/BarcodeScanner?n=Main.SideBar?action=edit HTTP/1.1" 403 18 "-" "serpstatbot/2.1 (advanced backlink tracking bot; https://serpstatbot.com/; abuse@serpstatbot.com)"
195.201.194.151 - - [17/Jul/2022:22:43:19 +0200] "GET /Profiles/Zrr?action=diff HTTP/1.1" 403 18 "-" "serpstatbot/2.1 (advanced backlink tracking bot; https://serpstatbot.com/; abuse@serpstatbot.com)"
195.201.194.151 - - [17/Jul/2022:22:43:31 +0200] "GET /Ywesee/YDPM?n=Main.SideBar?action=edit HTTP/1.1" 403 18 "-" "serpstatbot/2.1 (advanced backlink tracking bot; https://serpstatbot.com/; abuse@serpstatbot.com)"
195.201.194.151 - - [17/Jul/2022:22:43:51 +0200] "GET /Ywesee/YDPM?action=upload HTTP/1.1" 403 18 "-" "serpstatbot/2.1 (advanced backlink tracking bot; https://serpstatbot.com/; abuse@serpstatbot.com)"
195.201.194.151 - - [17/Jul/2022:22:44:05 +0200] "GET /Ywesee/YDPM?action=print HTTP/1.1" 403 18 "-" "serpstatbot/2.1 (advanced backlink tracking bot; https://serpstatbot.com/; abuse@serpstatbot.com)"
195.201.194.151 - - [17/Jul/2022:22:44:19 +0200] "GET /Ywesee/YDPM?action=edit HTTP/1.1" 403 18 "-" "serpstatbot/2.1 (advanced backlink tracking bot; https://serpstatbot.com/; abuse@serpstatbot.com)"
195.201.194.151 - - [17/Jul/2022:22:44:35 +0200] "GET /Ywesee/YDPM?action=diff HTTP/1.1" 403 18 "-" "serpstatbot/2.1 (advanced backlink tracking bot; https://serpstatbot.com/; abuse@serpstatbot.com)"
195.201.194.151 - - [17/Jul/2022:22:44:49 +0200] "GET /Ywesee/XMLCONV2?n=Main.SideBar?action=edit HTTP/1.1" 403 18 "-" "serpstatbot/2.1 (advanced backlink tracking bot; https://serpstatbot.com/; abuse@serpstatbot.com)"
195.201.194.151 - - [17/Jul/2022:22:45:07 +0200] "GET /Ywesee/XMLCONV2?action=upload HTTP/1.1" 403 18 "-" "serpstatbot/2.1 (advanced backlink tracking bot; https://serpstatbot.com/; abuse@serpstatbot.com)"
195.201.194.151 - - [17/Jul/2022:22:45:23 +0200] "GET /Ywesee/XMLCONV2?action=print HTTP/1.1" 403 18 "-" "serpstatbot/2.1 (advanced backlink tracking bot; https://serpstatbot.com/; abuse@serpstatbot.com)"
194.209.200.2 - - [17/Jul/2022:22:45:38 +0200] "GET /Main/2007 HTTP/1.1" 200 50639 "-" "Mozilla/5.0 (compatible; TMMBot/0.2; +http://www.dslab.ch)/Nutch-1.15"
195.201.194.151 - - [17/Jul/2022:22:45:40 +0200] "GET /Ywesee/XMLCONV2?action=edit HTTP/1.1" 403 18 "-" "serpstatbot/2.1 (advanced backlink tracking bot; https://serpstatbot.com/; abuse@serpstatbot.com)"
195.201.194.151 - - [17/Jul/2022:22:46:01 +0200] "GET /Ywesee/XMLCONV2?action=diff HTTP/1.1" 403 18 "-" "serpstatbot/2.1 (advanced backlink tracking bot; https://serpstatbot.com/; abuse@serpstatbot.com)"
194.209.200.2 - - [17/Jul/2022:22:46:03 +0200] "GET /Main/2014 HTTP/1.1" 200 19471 "-" "Mozilla/5.0 (compatible; TMMBot/0.2; +http://www.dslab.ch)/Nutch-1.15"
194.209.200.2 - - [17/Jul/2022:22:46:20 +0200] "GET /Main/2010 HTTP/1.1" 200 27997 "-" "Mozilla/5.0 (compatible; TMMBot/0.2; +http://www.dslab.ch)/Nutch-1.15"
195.201.194.151 - - [17/Jul/2022:22:46:23 +0200] "GET /Ywesee/Team?n=Main.SideBar?action=edit HTTP/1.1" 403 18 "-" "serpstatbot/2.1 (advanced backlink tracking bot; https://serpstatbot.com/; abuse@serpstatbot.com)"
194.209.200.2 - - [17/Jul/2022:22:46:29 +0200] "GET /Eggze/SpreadIt HTTP/1.1" 200 12537 "-" "Mozilla/5.0 (compatible; TMMBot/0.2; +http://www.dslab.ch)/Nutch-1.15"
195.201.194.151 - - [17/Jul/2022:22:46:36 +0200] "GET /Ywesee/Team?action=upload HTTP/1.1" 403 18 "-" "serpstatbot/2.1 (advanced backlink tracking bot; https://serpstatbot.com/; abuse@serpstatbot.com)"
195.201.194.151 - - [17/Jul/2022:22:46:41 +0200] "GET /Ywesee/Team?action=print HTTP/1.1" 403 18 "-" "serpstatbot/2.1 (advanced backlink tracking bot; https://serpstatbot.com/; abuse@serpstatbot.com)"
195.201.194.151 - - [17/Jul/2022:22:46:46 +0200] "GET /Ywesee/Team?action=edit HTTP/1.1" 403 18 "-" "serpstatbot/2.1 (advanced backlink tracking bot; https://serpstatbot.com/; abuse@serpstatbot.com)"
195.201.194.151 - - [17/Jul/2022:22:46:51 +0200] "GET /Ywesee/Team?action=diff HTTP/1.1" 403 18 "-" "serpstatbot/2.1 (advanced backlink tracking bot; https://serpstatbot.com/; abuse@serpstatbot.com)"
195.201.194.151 - - [17/Jul/2022:22:46:57 +0200] "GET /Ywesee/SBSM?n=Main.SideBar?action=edit HTTP/1.1" 403 18 "-" "serpstatbot/2.1 (advanced backlink tracking bot; https://serpstatbot.com/; abuse@serpstatbot.com)"
195.201.194.151 - - [17/Jul/2022:22:47:03 +0200] "GET /Ywesee/SBSM?action=upload HTTP/1.1" 403 18 "-" "serpstatbot/2.1 (advanced backlink tracking bot; https://serpstatbot.com/; abuse@serpstatbot.com)"
54.36.148.198 - - [17/Jul/2022:22:47:09 +0200] "GET /robots.txt HTTP/1.1" 200 - "-" "Mozilla/5.0 (compatible; AhrefsBot/7.0; +http://ahrefs.com/robot/)"
195.201.194.151 - - [17/Jul/2022:22:47:11 +0200] "GET /Ywesee/SBSM?action=print HTTP/1.1" 403 18 "-" "serpstatbot/2.1 (advanced backlink tracking bot; https://serpstatbot.com/; abuse@serpstatbot.com)"
195.201.194.151 - - [17/Jul/2022:22:47:17 +0200] "GET /Ywesee/SBSM?action=edit HTTP/1.1" 403 18 "-" "serpstatbot/2.1 (advanced backlink tracking bot; https://serpstatbot.com/; abuse@serpstatbot.com)"
