195.201.194.151 - - [17/Jul/2022:21:15:57 +0200] "GET /Ywesee/OpenSource?action=diff HTTP/1.1" 403 18 "-" "serpstatbot/2.1 (advanced backlink tracking bot; https://serpstatbot.com/; abuse@serpstatbot.com)"
195.201.194.151 - - [17/Jul/2022:21:16:12 +0200] "GET /Ywesee/ODBA?n=Main.SideBar?action=edit HTTP/1.1" 403 18 "-" "serpstatbot/2.1 (advanced backlink tracking bot; https://serpstatbot.com/; abuse@serpstatbot.com)"
195.201.194.151 - - [17/Jul/2022:21:16:28 +0200] "GET /Ywesee/ODBA?action=upload HTTP/1.1" 403 18 "-" "serpstatbot/2.1 (advanced backlink tracking bot; https://serpstatbot.com/; abuse@serpstatbot.com)"
195.201.194.151 - - [17/Jul/2022:21:16:37 +0200] "GET /Ywesee/ODBA?action=print HTTP/1.1" 403 18 "-" "serpstatbot/2.1 (advanced backlink tracking bot; https://serpstatbot.com/; abuse@serpstatbot.com)"
195.201.194.151 - - [17/Jul/2022:21:16:46 +0200] "GET /Ywesee/ODBA?action=edit HTTP/1.1" 403 18 "-" "serpstatbot/2.1 (advanced backlink tracking bot; https://serpstatbot.com/; abuse@serpstatbot.com)"
195.201.194.151 - - [17/Jul/2022:21:16:56 +0200] "GET /Ywesee/ODBA?action=diff HTTP/1.1" 403 18 "-" "serpstatbot/2.1 (advanced backlink tracking bot; https://serpstatbot.com/; abuse@serpstatbot.com)"
195.201.194.151 - - [17/Jul/2022:21:17:06 +0200] "GET /Ywesee/KurzFachinfo?n=Main.SideBar?action=edit HTTP/1.1" 403 18 "-" "serpstatbot/2.1 (advanced backlink tracking bot; https://serpstatbot.com/; abuse@serpstatbot.com)"
195.201.194.151 - - [17/Jul/2022:21:17:15 +0200] "GET /Ywesee/KurzFachinfo?action=upload HTTP/1.1" 403 18 "-" "serpstatbot/2.1 (advanced backlink tracking bot; https://serpstatbot.com/; abuse@serpstatbot.com)"
195.201.194.151 - - [17/Jul/2022:21:17:24 +0200] "GET /Ywesee/KurzFachinfo?action=print HTTP/1.1" 403 18 "-" "serpstatbot/2.1 (advanced backlink tracking bot; https://serpstatbot.com/; abuse@serpstatbot.com)"
195.201.194.151 - - [17/Jul/2022:21:17:36 +0200] "GET /Ywesee/KurzFachinfo?action=edit HTTP/1.1" 403 18 "-" "serpstatbot/2.1 (advanced backlink tracking bot; https://serpstatbot.com/; abuse@serpstatbot.com)"
195.201.194.151 - - [17/Jul/2022:21:17:47 +0200] "GET /Ywesee/KurzFachinfo?action=diff HTTP/1.1" 403 18 "-" "serpstatbot/2.1 (advanced backlink tracking bot; https://serpstatbot.com/; abuse@serpstatbot.com)"
195.201.194.151 - - [17/Jul/2022:21:17:57 +0200] "GET /Ywesee/Kontakt?n=Main.SideBar?action=edit HTTP/1.1" 403 18 "-" "serpstatbot/2.1 (advanced backlink tracking bot; https://serpstatbot.com/; abuse@serpstatbot.com)"
195.201.194.151 - - [17/Jul/2022:21:18:10 +0200] "GET /Ywesee/Kontakt?action=upload HTTP/1.1" 403 18 "-" "serpstatbot/2.1 (advanced backlink tracking bot; https://serpstatbot.com/; abuse@serpstatbot.com)"
195.201.194.151 - - [17/Jul/2022:21:18:24 +0200] "GET /Ywesee/Kontakt?action=print HTTP/1.1" 403 18 "-" "serpstatbot/2.1 (advanced backlink tracking bot; https://serpstatbot.com/; abuse@serpstatbot.com)"
195.201.194.151 - - [17/Jul/2022:21:18:37 +0200] "GET /Ywesee/Kontakt?action=edit HTTP/1.1" 403 18 "-" "serpstatbot/2.1 (advanced backlink tracking bot; https://serpstatbot.com/; abuse@serpstatbot.com)"
195.201.194.151 - - [17/Jul/2022:21:18:53 +0200] "GET /Ywesee/Kontakt?action=diff HTTP/1.1" 403 18 "-" "serpstatbot/2.1 (advanced backlink tracking bot; https://serpstatbot.com/; abuse@serpstatbot.com)"
195.201.194.151 - - [17/Jul/2022:21:19:09 +0200] "GET /Ywesee/KindleOniPhone?n=Main.SideBar?action=edit HTTP/1.1" 403 18 "-" "serpstatbot/2.1 (advanced backlink tracking bot; https://serpstatbot.com/; abuse@serpstatbot.com)"
195.201.194.151 - - [17/Jul/2022:21:19:26 +0200] "GET /Ywesee/KindleOniPhone?action=upload HTTP/1.1" 403 18 "-" "serpstatbot/2.1 (advanced backlink tracking bot; https://serpstatbot.com/; abuse@serpstatbot.com)"
195.201.194.151 - - [17/Jul/2022:21:19:42 +0200] "GET /Ywesee/KindleOniPhone?action=print HTTP/1.1" 403 18 "-" "serpstatbot/2.1 (advanced backlink tracking bot; https://serpstatbot.com/; abuse@serpstatbot.com)"
195.201.194.151 - - [17/Jul/2022:21:19:59 +0200] "GET /Ywesee/KindleOniPhone?action=edit HTTP/1.1" 403 18 "-" "serpstatbot/2.1 (advanced backlink tracking bot; https://serpstatbot.com/; abuse@serpstatbot.com)"
195.201.194.151 - - [17/Jul/2022:21:20:15 +0200] "GET /Ywesee/KindleOniPhone?action=diff HTTP/1.1" 403 18 "-" "serpstatbot/2.1 (advanced backlink tracking bot; https://serpstatbot.com/; abuse@serpstatbot.com)"
195.201.194.151 - - [17/Jul/2022:21:20:32 +0200] "GET /Ywesee/Kindle HTTP/1.1" 200 8384 "-" "serpstatbot/2.1 (advanced backlink tracking bot; https://serpstatbot.com/; abuse@serpstatbot.com)"
195.201.194.151 - - [17/Jul/2022:21:20:47 +0200] "GET /Ywesee/InfoCodexVorgehen?n=Main.SideBar?action=edit HTTP/1.1" 403 18 "-" "serpstatbot/2.1 (advanced backlink tracking bot; https://serpstatbot.com/; abuse@serpstatbot.com)"
195.201.194.151 - - [17/Jul/2022:21:21:04 +0200] "GET /Ywesee/InfoCodexVorgehen?action=upload HTTP/1.1" 403 18 "-" "serpstatbot/2.1 (advanced backlink tracking bot; https://serpstatbot.com/; abuse@serpstatbot.com)"
195.201.194.151 - - [17/Jul/2022:21:21:19 +0200] "GET /Ywesee/InfoCodexVorgehen?action=print HTTP/1.1" 403 18 "-" "serpstatbot/2.1 (advanced backlink tracking bot; https://serpstatbot.com/; abuse@serpstatbot.com)"
185.191.171.39 - - [17/Jul/2022:21:21:24 +0200] "GET /robots.txt HTTP/1.1" 200 - "-" "Mozilla/5.0 (compatible; SemrushBot/7~bl; +http://www.semrush.com/bot.html)"
185.191.171.1 - - [17/Jul/2022:21:21:26 +0200] "GET /Main/Home HTTP/1.1" 200 12074 "-" "Mozilla/5.0 (compatible; SemrushBot/7~bl; +http://www.semrush.com/bot.html)"
195.201.194.151 - - [17/Jul/2022:21:21:33 +0200] "GET /Ywesee/InfoCodexVorgehen?action=edit HTTP/1.1" 403 18 "-" "serpstatbot/2.1 (advanced backlink tracking bot; https://serpstatbot.com/; abuse@serpstatbot.com)"
195.201.194.151 - - [17/Jul/2022:21:21:40 +0200] "GET /Ywesee/InfoCodexVorgehen?action=diff HTTP/1.1" 403 18 "-" "serpstatbot/2.1 (advanced backlink tracking bot; https://serpstatbot.com/; abuse@serpstatbot.com)"
195.201.194.151 - - [17/Jul/2022:21:21:49 +0200] "GET /Ywesee/InfoCodexProcedure?n=Main.SideBar?action=edit HTTP/1.1" 403 18 "-" "serpstatbot/2.1 (advanced backlink tracking bot; https://serpstatbot.com/; abuse@serpstatbot.com)"
195.201.194.151 - - [17/Jul/2022:21:21:56 +0200] "GET /Ywesee/InfoCodexProcedure?action=upload HTTP/1.1" 403 18 "-" "serpstatbot/2.1 (advanced backlink tracking bot; https://serpstatbot.com/; abuse@serpstatbot.com)"
195.201.194.151 - - [17/Jul/2022:21:22:03 +0200] "GET /Ywesee/InfoCodexProcedure?action=print HTTP/1.1" 403 18 "-" "serpstatbot/2.1 (advanced backlink tracking bot; https://serpstatbot.com/; abuse@serpstatbot.com)"
195.201.194.151 - - [17/Jul/2022:21:22:11 +0200] "GET /Ywesee/InfoCodexProcedure?action=edit HTTP/1.1" 403 18 "-" "serpstatbot/2.1 (advanced backlink tracking bot; https://serpstatbot.com/; abuse@serpstatbot.com)"
195.201.194.151 - - [17/Jul/2022:21:22:20 +0200] "GET /Ywesee/InfoCodexProcedure?action=diff HTTP/1.1" 403 18 "-" "serpstatbot/2.1 (advanced backlink tracking bot; https://serpstatbot.com/; abuse@serpstatbot.com)"
195.201.194.151 - - [17/Jul/2022:21:22:29 +0200] "GET /Ywesee/InfoCodex?n=Main.SideBar?action=edit HTTP/1.1" 403 18 "-" "serpstatbot/2.1 (advanced backlink tracking bot; https://serpstatbot.com/; abuse@serpstatbot.com)"
195.201.194.151 - - [17/Jul/2022:21:22:39 +0200] "GET /Ywesee/InfoCodex?action=upload HTTP/1.1" 403 18 "-" "serpstatbot/2.1 (advanced backlink tracking bot; https://serpstatbot.com/; abuse@serpstatbot.com)"
195.201.194.151 - - [17/Jul/2022:21:22:50 +0200] "GET /Ywesee/InfoCodex?action=print HTTP/1.1" 403 18 "-" "serpstatbot/2.1 (advanced backlink tracking bot; https://serpstatbot.com/; abuse@serpstatbot.com)"
195.201.194.151 - - [17/Jul/2022:21:23:01 +0200] "GET /Ywesee/InfoCodex?action=edit HTTP/1.1" 403 18 "-" "serpstatbot/2.1 (advanced backlink tracking bot; https://serpstatbot.com/; abuse@serpstatbot.com)"
195.201.194.151 - - [17/Jul/2022:21:23:15 +0200] "GET /Ywesee/InfoCodex?action=diff HTTP/1.1" 403 18 "-" "serpstatbot/2.1 (advanced backlink tracking bot; https://serpstatbot.com/; abuse@serpstatbot.com)"
91.143.88.40 - - [17/Jul/2022:21:23:25 +0200] "GET /ODDB/StammdatenCH HTTP/1.1" 200 9300 "-" "Mozilla/5.0 (compatible; InfoTigerBot/1.9; +https://infotiger.com/bot)"
195.201.194.151 - - [17/Jul/2022:21:23:27 +0200] "GET /Ywesee/IGM11?n=Main.SideBar?action=edit HTTP/1.1" 403 18 "-" "serpstatbot/2.1 (advanced backlink tracking bot; https://serpstatbot.com/; abuse@serpstatbot.com)"
195.201.194.151 - - [17/Jul/2022:21:23:40 +0200] "GET /Ywesee/IGM11?action=upload HTTP/1.1" 403 18 "-" "serpstatbot/2.1 (advanced backlink tracking bot; https://serpstatbot.com/; abuse@serpstatbot.com)"
195.201.194.151 - - [17/Jul/2022:21:23:58 +0200] "GET /Ywesee/IGM11?action=print HTTP/1.1" 403 18 "-" "serpstatbot/2.1 (advanced backlink tracking bot; https://serpstatbot.com/; abuse@serpstatbot.com)"
195.201.194.151 - - [17/Jul/2022:21:24:14 +0200] "GET /Ywesee/IGM11?action=edit HTTP/1.1" 403 18 "-" "serpstatbot/2.1 (advanced backlink tracking bot; https://serpstatbot.com/; abuse@serpstatbot.com)"
195.201.194.151 - - [17/Jul/2022:21:24:32 +0200] "GET /Ywesee/IGM11?action=diff HTTP/1.1" 403 18 "-" "serpstatbot/2.1 (advanced backlink tracking bot; https://serpstatbot.com/; abuse@serpstatbot.com)"
195.201.194.151 - - [17/Jul/2022:21:24:46 +0200] "GET /Ywesee/Events?n=Main.SideBar?action=edit HTTP/1.1" 403 18 "-" "serpstatbot/2.1 (advanced backlink tracking bot; https://serpstatbot.com/; abuse@serpstatbot.com)"
195.201.194.151 - - [17/Jul/2022:21:25:04 +0200] "GET /Ywesee/Events?action=upload HTTP/1.1" 403 18 "-" "serpstatbot/2.1 (advanced backlink tracking bot; https://serpstatbot.com/; abuse@serpstatbot.com)"
195.201.194.151 - - [17/Jul/2022:21:25:20 +0200] "GET /Ywesee/Events?action=print HTTP/1.1" 403 18 "-" "serpstatbot/2.1 (advanced backlink tracking bot; https://serpstatbot.com/; abuse@serpstatbot.com)"
195.201.194.151 - - [17/Jul/2022:21:25:37 +0200] "GET /Ywesee/Events?action=edit HTTP/1.1" 403 18 "-" "serpstatbot/2.1 (advanced backlink tracking bot; https://serpstatbot.com/; abuse@serpstatbot.com)"
195.201.194.151 - - [17/Jul/2022:21:25:58 +0200] "GET /Ywesee/Events?action=diff HTTP/1.1" 403 18 "-" "serpstatbot/2.1 (advanced backlink tracking bot; https://serpstatbot.com/; abuse@serpstatbot.com)"
195.201.194.151 - - [17/Jul/2022:21:26:15 +0200] "GET /Ywesee/ElektronischesPatientendossierSchweiz?n=Main.SideBar?action=edit HTTP/1.1" 403 18 "-" "serpstatbot/2.1 (advanced backlink tracking bot; https://serpstatbot.com/; abuse@serpstatbot.com)"
195.201.194.151 - - [17/Jul/2022:21:26:30 +0200] "GET /Ywesee/ElektronischesPatientendossierSchweiz?action=upload HTTP/1.1" 403 18 "-" "serpstatbot/2.1 (advanced backlink tracking bot; https://serpstatbot.com/; abuse@serpstatbot.com)"
195.201.194.151 - - [17/Jul/2022:21:26:37 +0200] "GET /Ywesee/ElektronischesPatientendossierSchweiz?action=print HTTP/1.1" 403 18 "-" "serpstatbot/2.1 (advanced backlink tracking bot; https://serpstatbot.com/; abuse@serpstatbot.com)"
195.201.194.151 - - [17/Jul/2022:21:26:42 +0200] "GET /Ywesee/ElektronischesPatientendossierSchweiz?action=edit HTTP/1.1" 403 18 "-" "serpstatbot/2.1 (advanced backlink tracking bot; https://serpstatbot.com/; abuse@serpstatbot.com)"
195.201.194.151 - - [17/Jul/2022:21:26:49 +0200] "GET /Ywesee/ElektronischesPatientendossierSchweiz?action=diff HTTP/1.1" 403 18 "-" "serpstatbot/2.1 (advanced backlink tracking bot; https://serpstatbot.com/; abuse@serpstatbot.com)"
195.201.194.151 - - [17/Jul/2022:21:26:55 +0200] "GET /Ywesee/BitcoinBlockchain?n=Main.SideBar?action=edit HTTP/1.1" 403 18 "-" "serpstatbot/2.1 (advanced backlink tracking bot; https://serpstatbot.com/; abuse@serpstatbot.com)"
195.201.194.151 - - [17/Jul/2022:21:27:02 +0200] "GET /Ywesee/BitcoinBlockchain?action=upload HTTP/1.1" 403 18 "-" "serpstatbot/2.1 (advanced backlink tracking bot; https://serpstatbot.com/; abuse@serpstatbot.com)"
195.201.194.151 - - [17/Jul/2022:21:27:11 +0200] "GET /Ywesee/BitcoinBlockchain?action=print HTTP/1.1" 403 18 "-" "serpstatbot/2.1 (advanced backlink tracking bot; https://serpstatbot.com/; abuse@serpstatbot.com)"
195.201.194.151 - - [17/Jul/2022:21:27:20 +0200] "GET /Ywesee/BitcoinBlockchain?action=edit HTTP/1.1" 403 18 "-" "serpstatbot/2.1 (advanced backlink tracking bot; https://serpstatbot.com/; abuse@serpstatbot.com)"
195.201.194.151 - - [17/Jul/2022:21:27:28 +0200] "GET /Ywesee/BitcoinBlockchain?action=diff HTTP/1.1" 403 18 "-" "serpstatbot/2.1 (advanced backlink tracking bot; https://serpstatbot.com/; abuse@serpstatbot.com)"
195.201.194.151 - - [17/Jul/2022:21:27:38 +0200] "GET /Ywesee/About HTTP/1.1" 200 9132 "-" "serpstatbot/2.1 (advanced backlink tracking bot; https://serpstatbot.com/; abuse@serpstatbot.com)"
91.143.88.40 - - [17/Jul/2022:21:27:44 +0200] "GET /AmiKo/Web HTTP/1.1" 200 9588 "-" "Mozilla/5.0 (compatible; InfoTigerBot/1.9; +https://infotiger.com/bot)"
195.201.194.151 - - [17/Jul/2022:21:27:48 +0200] "GET /Wiget/PhMPrescriber HTTP/1.1" 200 9312 "-" "serpstatbot/2.1 (advanced backlink tracking bot; https://serpstatbot.com/; abuse@serpstatbot.com)"
195.201.194.151 - - [17/Jul/2022:21:28:00 +0200] "GET /Swissmedic/Vertriebsunterbruch?n=Main.SideBar?action=edit HTTP/1.1" 403 18 "-" "serpstatbot/2.1 (advanced backlink tracking bot; https://serpstatbot.com/; abuse@serpstatbot.com)"
195.201.194.151 - - [17/Jul/2022:21:28:17 +0200] "GET /Swissmedic/Vertriebsunterbruch?action=upload HTTP/1.1" 403 18 "-" "serpstatbot/2.1 (advanced backlink tracking bot; https://serpstatbot.com/; abuse@serpstatbot.com)"
195.201.194.151 - - [17/Jul/2022:21:28:34 +0200] "GET /Swissmedic/Vertriebsunterbruch?action=print HTTP/1.1" 403 18 "-" "serpstatbot/2.1 (advanced backlink tracking bot; https://serpstatbot.com/; abuse@serpstatbot.com)"
195.201.194.151 - - [17/Jul/2022:21:28:51 +0200] "GET /Swissmedic/Vertriebsunterbruch?action=edit HTTP/1.1" 403 18 "-" "serpstatbot/2.1 (advanced backlink tracking bot; https://serpstatbot.com/; abuse@serpstatbot.com)"
195.201.194.151 - - [17/Jul/2022:21:29:08 +0200] "GET /Swissmedic/Vertriebsunterbruch?action=diff HTTP/1.1" 403 18 "-" "serpstatbot/2.1 (advanced backlink tracking bot; https://serpstatbot.com/; abuse@serpstatbot.com)"
195.201.194.151 - - [17/Jul/2022:21:29:24 +0200] "GET /Swissmedic/PraeparatelisteMitWS HTTP/1.1" 200 9205 "-" "serpstatbot/2.1 (advanced backlink tracking bot; https://serpstatbot.com/; abuse@serpstatbot.com)"
195.201.194.151 - - [17/Jul/2022:21:29:41 +0200] "GET /Swissmedic/Packungen HTTP/1.1" 200 9799 "-" "serpstatbot/2.1 (advanced backlink tracking bot; https://serpstatbot.com/; abuse@serpstatbot.com)"
195.201.194.151 - - [17/Jul/2022:21:29:58 +0200] "GET /Swissmedic/Formatvorlagen?n=Main.SideBar?action=edit HTTP/1.1" 403 18 "-" "serpstatbot/2.1 (advanced backlink tracking bot; https://serpstatbot.com/; abuse@serpstatbot.com)"
195.201.194.151 - - [17/Jul/2022:21:30:18 +0200] "GET /Swissmedic/Formatvorlagen?action=upload HTTP/1.1" 403 18 "-" "serpstatbot/2.1 (advanced backlink tracking bot; https://serpstatbot.com/; abuse@serpstatbot.com)"
195.201.194.151 - - [17/Jul/2022:21:30:35 +0200] "GET /Swissmedic/Formatvorlagen?action=print HTTP/1.1" 403 18 "-" "serpstatbot/2.1 (advanced backlink tracking bot; https://serpstatbot.com/; abuse@serpstatbot.com)"
195.201.194.151 - - [17/Jul/2022:21:30:54 +0200] "GET /Swissmedic/Formatvorlagen?action=edit HTTP/1.1" 403 18 "-" "serpstatbot/2.1 (advanced backlink tracking bot; https://serpstatbot.com/; abuse@serpstatbot.com)"
195.201.194.151 - - [17/Jul/2022:21:31:18 +0200] "GET /Swissmedic/Formatvorlagen?action=diff HTTP/1.1" 403 18 "-" "serpstatbot/2.1 (advanced backlink tracking bot; https://serpstatbot.com/; abuse@serpstatbot.com)"
195.201.194.151 - - [17/Jul/2022:21:31:33 +0200] "GET /Swissmedic/Dateninstitut?n=Main.SideBar?action=edit HTTP/1.1" 403 18 "-" "serpstatbot/2.1 (advanced backlink tracking bot; https://serpstatbot.com/; abuse@serpstatbot.com)"
195.201.194.151 - - [17/Jul/2022:21:31:40 +0200] "GET /Swissmedic/Dateninstitut?action=upload HTTP/1.1" 403 18 "-" "serpstatbot/2.1 (advanced backlink tracking bot; https://serpstatbot.com/; abuse@serpstatbot.com)"
195.201.194.151 - - [17/Jul/2022:21:31:47 +0200] "GET /Swissmedic/Dateninstitut?action=print HTTP/1.1" 403 18 "-" "serpstatbot/2.1 (advanced backlink tracking bot; https://serpstatbot.com/; abuse@serpstatbot.com)"
195.201.194.151 - - [17/Jul/2022:21:31:54 +0200] "GET /Swissmedic/Dateninstitut?action=edit HTTP/1.1" 403 18 "-" "serpstatbot/2.1 (advanced backlink tracking bot; https://serpstatbot.com/; abuse@serpstatbot.com)"
40.77.167.79 - - [17/Jul/2022:21:31:57 +0200] "GET /uploads/Main/Fragen_Weko_Swisscom_Directories.txt HTTP/1.1" 304 - "-" "Mozilla/5.0 (compatible; bingbot/2.0; +http://www.bing.com/bingbot.htm)"
195.201.194.151 - - [17/Jul/2022:21:32:01 +0200] "GET /Swissmedic/Dateninstitut?action=diff HTTP/1.1" 403 18 "-" "serpstatbot/2.1 (advanced backlink tracking bot; https://serpstatbot.com/; abuse@serpstatbot.com)"
195.201.194.151 - - [17/Jul/2022:21:32:08 +0200] "GET /Swissmedic/Aips2xml?n=Main.SideBar?action=edit HTTP/1.1" 403 18 "-" "serpstatbot/2.1 (advanced backlink tracking bot; https://serpstatbot.com/; abuse@serpstatbot.com)"
195.201.194.151 - - [17/Jul/2022:21:32:16 +0200] "GET /Swissmedic/Aips2xml?action=upload HTTP/1.1" 403 18 "-" "serpstatbot/2.1 (advanced backlink tracking bot; https://serpstatbot.com/; abuse@serpstatbot.com)"
195.201.194.151 - - [17/Jul/2022:21:32:25 +0200] "GET /Swissmedic/Aips2xml?action=print HTTP/1.1" 403 18 "-" "serpstatbot/2.1 (advanced backlink tracking bot; https://serpstatbot.com/; abuse@serpstatbot.com)"
195.201.194.151 - - [17/Jul/2022:21:32:35 +0200] "GET /Swissmedic/Aips2xml?action=edit HTTP/1.1" 403 18 "-" "serpstatbot/2.1 (advanced backlink tracking bot; https://serpstatbot.com/; abuse@serpstatbot.com)"
185.191.171.11 - - [17/Jul/2022:21:32:39 +0200] "GET /Scan2Post/MacOS?n=Main.SideBar%3Faction%3Dedit HTTP/1.1" 302 157 "-" "Mozilla/5.0 (compatible; SemrushBot/7~bl; +http://www.semrush.com/bot.html)"
195.201.194.151 - - [17/Jul/2022:21:32:47 +0200] "GET /Swissmedic/Aips2xml?action=diff HTTP/1.1" 403 18 "-" "serpstatbot/2.1 (advanced backlink tracking bot; https://serpstatbot.com/; abuse@serpstatbot.com)"
195.201.194.151 - - [17/Jul/2022:21:32:59 +0200] "GET /Swissmedic/AIPSXml HTTP/1.1" 200 8903 "-" "serpstatbot/2.1 (advanced backlink tracking bot; https://serpstatbot.com/; abuse@serpstatbot.com)"
195.201.194.151 - - [17/Jul/2022:21:33:12 +0200] "GET /Swissmedic/AIPSXMLImport?n=Main.SideBar?action=edit HTTP/1.1" 403 18 "-" "serpstatbot/2.1 (advanced backlink tracking bot; https://serpstatbot.com/; abuse@serpstatbot.com)"
195.201.194.151 - - [17/Jul/2022:21:33:28 +0200] "GET /Swissmedic/AIPSXMLImport?action=upload HTTP/1.1" 403 18 "-" "serpstatbot/2.1 (advanced backlink tracking bot; https://serpstatbot.com/; abuse@serpstatbot.com)"
195.201.194.151 - - [17/Jul/2022:21:33:45 +0200] "GET /Swissmedic/AIPSXMLImport?action=print HTTP/1.1" 403 18 "-" "serpstatbot/2.1 (advanced backlink tracking bot; https://serpstatbot.com/; abuse@serpstatbot.com)"
195.201.194.151 - - [17/Jul/2022:21:34:02 +0200] "GET /Swissmedic/AIPSXMLImport?action=edit HTTP/1.1" 403 18 "-" "serpstatbot/2.1 (advanced backlink tracking bot; https://serpstatbot.com/; abuse@serpstatbot.com)"
195.201.194.151 - - [17/Jul/2022:21:34:16 +0200] "GET /Swissmedic/AIPSXMLImport?action=diff HTTP/1.1" 403 18 "-" "serpstatbot/2.1 (advanced backlink tracking bot; https://serpstatbot.com/; abuse@serpstatbot.com)"
195.201.194.151 - - [17/Jul/2022:21:34:33 +0200] "GET /Swissmedic/AIPS?n=Main.SideBar?action=edit HTTP/1.1" 403 18 "-" "serpstatbot/2.1 (advanced backlink tracking bot; https://serpstatbot.com/; abuse@serpstatbot.com)"
195.201.194.151 - - [17/Jul/2022:21:34:50 +0200] "GET /Swissmedic/AIPS?action=upload HTTP/1.1" 403 18 "-" "serpstatbot/2.1 (advanced backlink tracking bot; https://serpstatbot.com/; abuse@serpstatbot.com)"
195.201.194.151 - - [17/Jul/2022:21:35:07 +0200] "GET /Swissmedic/AIPS?action=print HTTP/1.1" 403 18 "-" "serpstatbot/2.1 (advanced backlink tracking bot; https://serpstatbot.com/; abuse@serpstatbot.com)"
195.201.194.151 - - [17/Jul/2022:21:35:26 +0200] "GET /Swissmedic/AIPS?action=edit HTTP/1.1" 403 18 "-" "serpstatbot/2.1 (advanced backlink tracking bot; https://serpstatbot.com/; abuse@serpstatbot.com)"
91.143.88.40 - - [17/Jul/2022:21:35:33 +0200] "GET /Ywesee/Team HTTP/1.1" 200 18245 "-" "Mozilla/5.0 (compatible; InfoTigerBot/1.9; +https://infotiger.com/bot)"
195.201.194.151 - - [17/Jul/2022:21:35:46 +0200] "GET /Swissmedic/AIPS?action=diff HTTP/1.1" 403 18 "-" "serpstatbot/2.1 (advanced backlink tracking bot; https://serpstatbot.com/; abuse@serpstatbot.com)"
195.201.194.151 - - [17/Jul/2022:21:36:15 +0200] "GET /Stellungnahme/ProPharma?n=Main.SideBar?action=edit HTTP/1.1" 403 18 "-" "serpstatbot/2.1 (advanced backlink tracking bot; https://serpstatbot.com/; abuse@serpstatbot.com)"
195.201.194.151 - - [17/Jul/2022:21:36:35 +0200] "GET /Stellungnahme/ProPharma?action=upload HTTP/1.1" 403 18 "-" "serpstatbot/2.1 (advanced backlink tracking bot; https://serpstatbot.com/; abuse@serpstatbot.com)"
195.201.194.151 - - [17/Jul/2022:21:36:42 +0200] "GET /Stellungnahme/ProPharma?action=print HTTP/1.1" 403 18 "-" "serpstatbot/2.1 (advanced backlink tracking bot; https://serpstatbot.com/; abuse@serpstatbot.com)"
195.201.194.151 - - [17/Jul/2022:21:36:49 +0200] "GET /Stellungnahme/ProPharma?action=edit HTTP/1.1" 403 18 "-" "serpstatbot/2.1 (advanced backlink tracking bot; https://serpstatbot.com/; abuse@serpstatbot.com)"
195.201.194.151 - - [17/Jul/2022:21:36:56 +0200] "GET /Stellungnahme/ProPharma?action=diff HTTP/1.1" 403 18 "-" "serpstatbot/2.1 (advanced backlink tracking bot; https://serpstatbot.com/; abuse@serpstatbot.com)"
195.201.194.151 - - [17/Jul/2022:21:37:03 +0200] "GET /SpitalSchweiz/Subventionen2012?n=Main.SideBar?action=edit HTTP/1.1" 403 18 "-" "serpstatbot/2.1 (advanced backlink tracking bot; https://serpstatbot.com/; abuse@serpstatbot.com)"
195.201.194.151 - - [17/Jul/2022:21:37:11 +0200] "GET /SpitalSchweiz/Subventionen2012?action=upload HTTP/1.1" 403 18 "-" "serpstatbot/2.1 (advanced backlink tracking bot; https://serpstatbot.com/; abuse@serpstatbot.com)"
195.201.194.151 - - [17/Jul/2022:21:37:18 +0200] "GET /SpitalSchweiz/Subventionen2012?action=print HTTP/1.1" 403 18 "-" "serpstatbot/2.1 (advanced backlink tracking bot; https://serpstatbot.com/; abuse@serpstatbot.com)"
195.201.194.151 - - [17/Jul/2022:21:37:28 +0200] "GET /SpitalSchweiz/Subventionen2012?action=edit HTTP/1.1" 403 18 "-" "serpstatbot/2.1 (advanced backlink tracking bot; https://serpstatbot.com/; abuse@serpstatbot.com)"
195.201.194.151 - - [17/Jul/2022:21:37:40 +0200] "GET /SpitalSchweiz/Subventionen2012?action=diff HTTP/1.1" 403 18 "-" "serpstatbot/2.1 (advanced backlink tracking bot; https://serpstatbot.com/; abuse@serpstatbot.com)"
195.201.194.151 - - [17/Jul/2022:21:37:53 +0200] "GET /SpitalSchweiz/Index HTTP/1.1" 200 9094 "-" "serpstatbot/2.1 (advanced backlink tracking bot; https://serpstatbot.com/; abuse@serpstatbot.com)"
195.201.194.151 - - [17/Jul/2022:21:38:20 +0200] "GET /Main/FAZ?n=Main.SideBar?action=edit HTTP/1.1" 403 18 "-" "serpstatbot/2.1 (advanced backlink tracking bot; https://serpstatbot.com/; abuse@serpstatbot.com)"
195.201.194.151 - - [17/Jul/2022:21:38:37 +0200] "GET /Main/FAZ?action=upload HTTP/1.1" 403 18 "-" "serpstatbot/2.1 (advanced backlink tracking bot; https://serpstatbot.com/; abuse@serpstatbot.com)"
195.201.194.151 - - [17/Jul/2022:21:38:51 +0200] "GET /Main/FAZ?action=print HTTP/1.1" 403 18 "-" "serpstatbot/2.1 (advanced backlink tracking bot; https://serpstatbot.com/; abuse@serpstatbot.com)"
195.201.194.151 - - [17/Jul/2022:21:39:03 +0200] "GET /Main/FAZ?action=edit HTTP/1.1" 403 18 "-" "serpstatbot/2.1 (advanced backlink tracking bot; https://serpstatbot.com/; abuse@serpstatbot.com)"
54.36.148.198 - - [17/Jul/2022:21:39:05 +0200] "GET /Bundesrat/Ebook HTTP/1.1" 200 10101 "-" "Mozilla/5.0 (compatible; AhrefsBot/7.0; +http://ahrefs.com/robot/)"
195.201.194.151 - - [17/Jul/2022:21:39:19 +0200] "GET /Main/FAZ?action=diff HTTP/1.1" 403 18 "-" "serpstatbot/2.1 (advanced backlink tracking bot; https://serpstatbot.com/; abuse@serpstatbot.com)"
195.201.194.151 - - [17/Jul/2022:21:39:32 +0200] "GET /Main/ExtremeProgramming?n=Main.SideBar?action=edit HTTP/1.1" 403 18 "-" "serpstatbot/2.1 (advanced backlink tracking bot; https://serpstatbot.com/; abuse@serpstatbot.com)"
195.201.194.151 - - [17/Jul/2022:21:39:48 +0200] "GET /Main/ExtremeProgramming?action=upload HTTP/1.1" 403 18 "-" "serpstatbot/2.1 (advanced backlink tracking bot; https://serpstatbot.com/; abuse@serpstatbot.com)"
195.201.194.151 - - [17/Jul/2022:21:40:02 +0200] "GET /Main/ExtremeProgramming?action=print HTTP/1.1" 403 18 "-" "serpstatbot/2.1 (advanced backlink tracking bot; https://serpstatbot.com/; abuse@serpstatbot.com)"
195.201.194.151 - - [17/Jul/2022:21:40:18 +0200] "GET /Main/ExtremeProgramming?action=edit HTTP/1.1" 403 18 "-" "serpstatbot/2.1 (advanced backlink tracking bot; https://serpstatbot.com/; abuse@serpstatbot.com)"
195.201.194.151 - - [17/Jul/2022:21:40:33 +0200] "GET /Main/ExtremeProgramming?action=diff HTTP/1.1" 403 18 "-" "serpstatbot/2.1 (advanced backlink tracking bot; https://serpstatbot.com/; abuse@serpstatbot.com)"
195.201.194.151 - - [17/Jul/2022:21:40:49 +0200] "GET /Main/Elexis?n=Main.SideBar?action=edit HTTP/1.1" 403 18 "-" "serpstatbot/2.1 (advanced backlink tracking bot; https://serpstatbot.com/; abuse@serpstatbot.com)"
195.201.194.151 - - [17/Jul/2022:21:41:07 +0200] "GET /Main/Elexis?action=upload HTTP/1.1" 403 18 "-" "serpstatbot/2.1 (advanced backlink tracking bot; https://serpstatbot.com/; abuse@serpstatbot.com)"
195.201.194.151 - - [17/Jul/2022:21:41:28 +0200] "GET /Main/Elexis?action=print HTTP/1.1" 403 18 "-" "serpstatbot/2.1 (advanced backlink tracking bot; https://serpstatbot.com/; abuse@serpstatbot.com)"
195.201.194.151 - - [17/Jul/2022:21:41:35 +0200] "GET /Main/Elexis?action=edit HTTP/1.1" 403 18 "-" "serpstatbot/2.1 (advanced backlink tracking bot; https://serpstatbot.com/; abuse@serpstatbot.com)"
195.201.194.151 - - [17/Jul/2022:21:41:42 +0200] "GET /Main/Elexis?action=diff HTTP/1.1" 403 18 "-" "serpstatbot/2.1 (advanced backlink tracking bot; https://serpstatbot.com/; abuse@serpstatbot.com)"
195.201.194.151 - - [17/Jul/2022:21:41:48 +0200] "GET /Main/EPUB HTTP/1.1" 200 8338 "-" "serpstatbot/2.1 (advanced backlink tracking bot; https://serpstatbot.com/; abuse@serpstatbot.com)"
195.201.194.151 - - [17/Jul/2022:21:41:54 +0200] "GET /Main/DocumedGalenicaVsYwesee?n=Main.SideBar?action=edit HTTP/1.1" 403 18 "-" "serpstatbot/2.1 (advanced backlink tracking bot; https://serpstatbot.com/; abuse@serpstatbot.com)"
195.201.194.151 - - [17/Jul/2022:21:42:02 +0200] "GET /Main/DocumedGalenicaVsYwesee?action=upload HTTP/1.1" 403 18 "-" "serpstatbot/2.1 (advanced backlink tracking bot; https://serpstatbot.com/; abuse@serpstatbot.com)"
195.201.194.151 - - [17/Jul/2022:21:42:08 +0200] "GET /Main/DocumedGalenicaVsYwesee?action=print HTTP/1.1" 403 18 "-" "serpstatbot/2.1 (advanced backlink tracking bot; https://serpstatbot.com/; abuse@serpstatbot.com)"
195.201.194.151 - - [17/Jul/2022:21:42:15 +0200] "GET /Main/DocumedGalenicaVsYwesee?action=edit HTTP/1.1" 403 18 "-" "serpstatbot/2.1 (advanced backlink tracking bot; https://serpstatbot.com/; abuse@serpstatbot.com)"
195.201.194.151 - - [17/Jul/2022:21:42:23 +0200] "GET /Main/DocumedGalenicaVsYwesee?action=diff HTTP/1.1" 403 18 "-" "serpstatbot/2.1 (advanced backlink tracking bot; https://serpstatbot.com/; abuse@serpstatbot.com)"
195.201.194.151 - - [17/Jul/2022:21:42:32 +0200] "GET /Main/Diovan HTTP/1.1" 200 9177 "-" "serpstatbot/2.1 (advanced backlink tracking bot; https://serpstatbot.com/; abuse@serpstatbot.com)"
195.201.194.151 - - [17/Jul/2022:21:42:41 +0200] "GET /Main/ComCo19122016 HTTP/1.1" 200 10547 "-" "serpstatbot/2.1 (advanced backlink tracking bot; https://serpstatbot.com/; abuse@serpstatbot.com)"
195.201.194.151 - - [17/Jul/2022:21:42:52 +0200] "GET /Main/Buchpublikationspflicht?n=Main.SideBar?action=edit HTTP/1.1" 403 18 "-" "serpstatbot/2.1 (advanced backlink tracking bot; https://serpstatbot.com/; abuse@serpstatbot.com)"
195.201.194.151 - - [17/Jul/2022:21:43:05 +0200] "GET /Main/Buchpublikationspflicht?action=upload HTTP/1.1" 403 18 "-" "serpstatbot/2.1 (advanced backlink tracking bot; https://serpstatbot.com/; abuse@serpstatbot.com)"
195.201.194.151 - - [17/Jul/2022:21:43:19 +0200] "GET /Main/Buchpublikationspflicht?action=print HTTP/1.1" 403 18 "-" "serpstatbot/2.1 (advanced backlink tracking bot; https://serpstatbot.com/; abuse@serpstatbot.com)"
195.201.194.151 - - [17/Jul/2022:21:43:33 +0200] "GET /Main/Buchpublikationspflicht?action=edit HTTP/1.1" 403 18 "-" "serpstatbot/2.1 (advanced backlink tracking bot; https://serpstatbot.com/; abuse@serpstatbot.com)"
195.201.194.151 - - [17/Jul/2022:21:43:50 +0200] "GET /Main/Buchpublikationspflicht?action=diff HTTP/1.1" 403 18 "-" "serpstatbot/2.1 (advanced backlink tracking bot; https://serpstatbot.com/; abuse@serpstatbot.com)"
195.201.194.151 - - [17/Jul/2022:21:44:04 +0200] "GET /Main/BagSlPreise HTTP/1.1" 200 9704 "-" "serpstatbot/2.1 (advanced backlink tracking bot; https://serpstatbot.com/; abuse@serpstatbot.com)"
195.201.194.151 - - [17/Jul/2022:21:44:20 +0200] "GET /Main/AIPS-XML HTTP/1.1" 200 10985 "-" "serpstatbot/2.1 (advanced backlink tracking bot; https://serpstatbot.com/; abuse@serpstatbot.com)"
195.201.194.151 - - [17/Jul/2022:21:44:38 +0200] "GET /Main/2021 HTTP/1.1" 200 16484 "-" "serpstatbot/2.1 (advanced backlink tracking bot; https://serpstatbot.com/; abuse@serpstatbot.com)"
195.201.194.151 - - [17/Jul/2022:21:44:55 +0200] "GET /Main/2020 HTTP/1.1" 200 15398 "-" "serpstatbot/2.1 (advanced backlink tracking bot; https://serpstatbot.com/; abuse@serpstatbot.com)"
195.201.194.151 - - [17/Jul/2022:21:45:08 +0200] "GET /Main/2019?n=Main.SideBar?action=edit HTTP/1.1" 403 18 "-" "serpstatbot/2.1 (advanced backlink tracking bot; https://serpstatbot.com/; abuse@serpstatbot.com)"
195.201.194.151 - - [17/Jul/2022:21:45:29 +0200] "GET /Main/2019?action=upload HTTP/1.1" 403 18 "-" "serpstatbot/2.1 (advanced backlink tracking bot; https://serpstatbot.com/; abuse@serpstatbot.com)"
195.201.194.151 - - [17/Jul/2022:21:45:41 +0200] "GET /Main/2019?action=print HTTP/1.1" 403 18 "-" "serpstatbot/2.1 (advanced backlink tracking bot; https://serpstatbot.com/; abuse@serpstatbot.com)"
91.143.88.40 - - [17/Jul/2022:21:45:55 +0200] "GET /Main/DocumedGalenicaVsYwesee HTTP/1.1" 200 35251 "-" "Mozilla/5.0 (compatible; InfoTigerBot/1.9; +https://infotiger.com/bot)"
195.201.194.151 - - [17/Jul/2022:21:45:56 +0200] "GET /Main/2019?action=edit HTTP/1.1" 403 18 "-" "serpstatbot/2.1 (advanced backlink tracking bot; https://serpstatbot.com/; abuse@serpstatbot.com)"
195.201.194.151 - - [17/Jul/2022:21:46:10 +0200] "GET /Main/2019?action=diff HTTP/1.1" 403 18 "-" "serpstatbot/2.1 (advanced backlink tracking bot; https://serpstatbot.com/; abuse@serpstatbot.com)"
195.201.194.151 - - [17/Jul/2022:21:46:22 +0200] "GET /Main/2018?n=Main.SideBar?action=edit HTTP/1.1" 403 18 "-" "serpstatbot/2.1 (advanced backlink tracking bot; https://serpstatbot.com/; abuse@serpstatbot.com)"
195.201.194.151 - - [17/Jul/2022:21:46:34 +0200] "GET /Main/2018?action=upload HTTP/1.1" 403 18 "-" "serpstatbot/2.1 (advanced backlink tracking bot; https://serpstatbot.com/; abuse@serpstatbot.com)"
195.201.194.151 - - [17/Jul/2022:21:46:40 +0200] "GET /Main/2018?action=print HTTP/1.1" 403 18 "-" "serpstatbot/2.1 (advanced backlink tracking bot; https://serpstatbot.com/; abuse@serpstatbot.com)"
195.201.194.151 - - [17/Jul/2022:21:46:46 +0200] "GET /Main/2018?action=edit HTTP/1.1" 403 18 "-" "serpstatbot/2.1 (advanced backlink tracking bot; https://serpstatbot.com/; abuse@serpstatbot.com)"
195.201.194.151 - - [17/Jul/2022:21:46:51 +0200] "GET /Main/2018?action=diff HTTP/1.1" 403 18 "-" "serpstatbot/2.1 (advanced backlink tracking bot; https://serpstatbot.com/; abuse@serpstatbot.com)"
195.201.194.151 - - [17/Jul/2022:21:46:58 +0200] "GET /Main/2017?n=Main.SideBar?action=edit HTTP/1.1" 403 18 "-" "serpstatbot/2.1 (advanced backlink tracking bot; https://serpstatbot.com/; abuse@serpstatbot.com)"
195.201.194.151 - - [17/Jul/2022:21:47:05 +0200] "GET /Main/2017?action=upload HTTP/1.1" 403 18 "-" "serpstatbot/2.1 (advanced backlink tracking bot; https://serpstatbot.com/; abuse@serpstatbot.com)"
195.201.194.151 - - [17/Jul/2022:21:47:16 +0200] "GET /Main/2017?action=print HTTP/1.1" 403 18 "-" "serpstatbot/2.1 (advanced backlink tracking bot; https://serpstatbot.com/; abuse@serpstatbot.com)"
195.201.194.151 - - [17/Jul/2022:21:47:22 +0200] "GET /Main/2017?action=edit HTTP/1.1" 403 18 "-" "serpstatbot/2.1 (advanced backlink tracking bot; https://serpstatbot.com/; abuse@serpstatbot.com)"
195.201.194.151 - - [17/Jul/2022:21:47:30 +0200] "GET /Main/2017?action=diff HTTP/1.1" 403 18 "-" "serpstatbot/2.1 (advanced backlink tracking bot; https://serpstatbot.com/; abuse@serpstatbot.com)"
195.201.194.151 - - [17/Jul/2022:21:47:38 +0200] "GET /Main/2016?n=Main.SideBar?action=edit HTTP/1.1" 403 18 "-" "serpstatbot/2.1 (advanced backlink tracking bot; https://serpstatbot.com/; abuse@serpstatbot.com)"
195.201.194.151 - - [17/Jul/2022:21:47:48 +0200] "GET /Main/2016?action=upload HTTP/1.1" 403 18 "-" "serpstatbot/2.1 (advanced backlink tracking bot; https://serpstatbot.com/; abuse@serpstatbot.com)"
195.201.194.151 - - [17/Jul/2022:21:47:58 +0200] "GET /Main/2016?action=print HTTP/1.1" 403 18 "-" "serpstatbot/2.1 (advanced backlink tracking bot; https://serpstatbot.com/; abuse@serpstatbot.com)"
95.79.135.99 - - [17/Jul/2022:21:47:59 +0200] "GET / HTTP/1.0" 200 12074 "https://ywesee.com/" "Mozilla/5.0 (Windows NT 10.0; WOW64) AppleWebKit/537.36 (KHTML, like Gecko) Chrome/90.0.4400.8 Safari/537.36"
95.79.135.99 - - [17/Jul/2022:21:48:00 +0200] "GET /Ywesee/Kontakt HTTP/1.0" 200 8973 "https://www.ywesee.com/Ywesee/Kontakt" "Mozilla/5.0 (Windows NT 10.0; WOW64) AppleWebKit/537.36 (KHTML, like Gecko) Chrome/90.0.4400.8 Safari/537.36"
195.201.194.151 - - [17/Jul/2022:21:48:21 +0200] "GET /Main/2016?action=edit HTTP/1.1" 403 18 "-" "serpstatbot/2.1 (advanced backlink tracking bot; https://serpstatbot.com/; abuse@serpstatbot.com)"
195.201.194.151 - - [17/Jul/2022:21:48:42 +0200] "GET /Main/2016?action=diff HTTP/1.1" 403 18 "-" "serpstatbot/2.1 (advanced backlink tracking bot; https://serpstatbot.com/; abuse@serpstatbot.com)"
195.201.194.151 - - [17/Jul/2022:21:48:50 +0200] "GET /Main/2015?n=Main.SideBar?action=edit HTTP/1.1" 403 18 "-" "serpstatbot/2.1 (advanced backlink tracking bot; https://serpstatbot.com/; abuse@serpstatbot.com)"
195.201.194.151 - - [17/Jul/2022:21:49:01 +0200] "GET /Main/2015?action=upload HTTP/1.1" 403 18 "-" "serpstatbot/2.1 (advanced backlink tracking bot; https://serpstatbot.com/; abuse@serpstatbot.com)"
195.201.194.151 - - [17/Jul/2022:21:49:19 +0200] "GET /Main/2015?action=print HTTP/1.1" 403 18 "-" "serpstatbot/2.1 (advanced backlink tracking bot; https://serpstatbot.com/; abuse@serpstatbot.com)"
195.201.194.151 - - [17/Jul/2022:21:49:32 +0200] "GET /Main/2015?action=edit HTTP/1.1" 403 18 "-" "serpstatbot/2.1 (advanced backlink tracking bot; https://serpstatbot.com/; abuse@serpstatbot.com)"
195.201.194.151 - - [17/Jul/2022:21:49:44 +0200] "GET /Main/2015?action=diff HTTP/1.1" 403 18 "-" "serpstatbot/2.1 (advanced backlink tracking bot; https://serpstatbot.com/; abuse@serpstatbot.com)"
195.201.194.151 - - [17/Jul/2022:21:49:58 +0200] "GET /Main/2014?n=Main.SideBar?action=edit HTTP/1.1" 403 18 "-" "serpstatbot/2.1 (advanced backlink tracking bot; https://serpstatbot.com/; abuse@serpstatbot.com)"
195.201.194.151 - - [17/Jul/2022:21:50:11 +0200] "GET /Main/2014?action=upload HTTP/1.1" 403 18 "-" "serpstatbot/2.1 (advanced backlink tracking bot; https://serpstatbot.com/; abuse@serpstatbot.com)"
195.201.194.151 - - [17/Jul/2022:21:50:25 +0200] "GET /Main/2014?action=print HTTP/1.1" 403 18 "-" "serpstatbot/2.1 (advanced backlink tracking bot; https://serpstatbot.com/; abuse@serpstatbot.com)"
195.201.194.151 - - [17/Jul/2022:21:50:39 +0200] "GET /Main/2014?action=edit HTTP/1.1" 403 18 "-" "serpstatbot/2.1 (advanced backlink tracking bot; https://serpstatbot.com/; abuse@serpstatbot.com)"
195.201.194.151 - - [17/Jul/2022:21:50:54 +0200] "GET /Main/2014?action=diff HTTP/1.1" 403 18 "-" "serpstatbot/2.1 (advanced backlink tracking bot; https://serpstatbot.com/; abuse@serpstatbot.com)"
195.201.194.151 - - [17/Jul/2022:21:51:09 +0200] "GET /Main/2013?n=Main.SideBar?action=edit HTTP/1.1" 403 18 "-" "serpstatbot/2.1 (advanced backlink tracking bot; https://serpstatbot.com/; abuse@serpstatbot.com)"
195.201.194.151 - - [17/Jul/2022:21:51:25 +0200] "GET /Main/2013?action=upload HTTP/1.1" 403 18 "-" "serpstatbot/2.1 (advanced backlink tracking bot; https://serpstatbot.com/; abuse@serpstatbot.com)"
195.201.194.151 - - [17/Jul/2022:21:51:37 +0200] "GET /Main/2013?action=print HTTP/1.1" 403 18 "-" "serpstatbot/2.1 (advanced backlink tracking bot; https://serpstatbot.com/; abuse@serpstatbot.com)"
195.201.194.151 - - [17/Jul/2022:21:51:43 +0200] "GET /Main/2013?action=edit HTTP/1.1" 403 18 "-" "serpstatbot/2.1 (advanced backlink tracking bot; https://serpstatbot.com/; abuse@serpstatbot.com)"
185.191.171.39 - - [17/Jul/2022:21:51:48 +0200] "GET /Main/DocumedGalenicaVsYwesee?action=edit HTTP/1.1" 403 18 "-" "Mozilla/5.0 (compatible; SemrushBot/7~bl; +http://www.semrush.com/bot.html)"
195.201.194.151 - - [17/Jul/2022:21:51:49 +0200] "GET /Main/2013?action=diff HTTP/1.1" 403 18 "-" "serpstatbot/2.1 (advanced backlink tracking bot; https://serpstatbot.com/; abuse@serpstatbot.com)"
195.201.194.151 - - [17/Jul/2022:21:51:57 +0200] "GET /Main/2012?n=Main.SideBar?action=edit HTTP/1.1" 403 18 "-" "serpstatbot/2.1 (advanced backlink tracking bot; https://serpstatbot.com/; abuse@serpstatbot.com)"
195.201.194.151 - - [17/Jul/2022:21:52:06 +0200] "GET /Main/2012?action=upload HTTP/1.1" 403 18 "-" "serpstatbot/2.1 (advanced backlink tracking bot; https://serpstatbot.com/; abuse@serpstatbot.com)"
195.201.194.151 - - [17/Jul/2022:21:52:12 +0200] "GET /Main/2012?action=print HTTP/1.1" 403 18 "-" "serpstatbot/2.1 (advanced backlink tracking bot; https://serpstatbot.com/; abuse@serpstatbot.com)"
195.201.194.151 - - [17/Jul/2022:21:52:18 +0200] "GET /Main/2012?action=edit HTTP/1.1" 403 18 "-" "serpstatbot/2.1 (advanced backlink tracking bot; https://serpstatbot.com/; abuse@serpstatbot.com)"
195.201.194.151 - - [17/Jul/2022:21:52:27 +0200] "GET /Main/2012?action=diff HTTP/1.1" 403 18 "-" "serpstatbot/2.1 (advanced backlink tracking bot; https://serpstatbot.com/; abuse@serpstatbot.com)"
195.201.194.151 - - [17/Jul/2022:21:52:37 +0200] "GET /Main/2011?n=Main.SideBar?action=edit HTTP/1.1" 403 18 "-" "serpstatbot/2.1 (advanced backlink tracking bot; https://serpstatbot.com/; abuse@serpstatbot.com)"
195.201.194.151 - - [17/Jul/2022:21:52:47 +0200] "GET /Main/2011?action=upload HTTP/1.1" 403 18 "-" "serpstatbot/2.1 (advanced backlink tracking bot; https://serpstatbot.com/; abuse@serpstatbot.com)"
195.201.194.151 - - [17/Jul/2022:21:52:59 +0200] "GET /Main/2011?action=print HTTP/1.1" 403 18 "-" "serpstatbot/2.1 (advanced backlink tracking bot; https://serpstatbot.com/; abuse@serpstatbot.com)"
195.201.194.151 - - [17/Jul/2022:21:53:11 +0200] "GET /Main/2011?action=edit HTTP/1.1" 403 18 "-" "serpstatbot/2.1 (advanced backlink tracking bot; https://serpstatbot.com/; abuse@serpstatbot.com)"
195.201.194.151 - - [17/Jul/2022:21:53:25 +0200] "GET /Main/2011?action=diff HTTP/1.1" 403 18 "-" "serpstatbot/2.1 (advanced backlink tracking bot; https://serpstatbot.com/; abuse@serpstatbot.com)"
195.201.194.151 - - [17/Jul/2022:21:53:38 +0200] "GET /Main/2010?n=Main.SideBar?action=edit HTTP/1.1" 403 18 "-" "serpstatbot/2.1 (advanced backlink tracking bot; https://serpstatbot.com/; abuse@serpstatbot.com)"
195.201.194.151 - - [17/Jul/2022:21:53:52 +0200] "GET /Main/2010?action=upload HTTP/1.1" 403 18 "-" "serpstatbot/2.1 (advanced backlink tracking bot; https://serpstatbot.com/; abuse@serpstatbot.com)"
195.201.194.151 - - [17/Jul/2022:21:54:08 +0200] "GET /Main/2010?action=print HTTP/1.1" 403 18 "-" "serpstatbot/2.1 (advanced backlink tracking bot; https://serpstatbot.com/; abuse@serpstatbot.com)"
195.201.194.151 - - [17/Jul/2022:21:54:21 +0200] "GET /Main/2010?action=edit HTTP/1.1" 403 18 "-" "serpstatbot/2.1 (advanced backlink tracking bot; https://serpstatbot.com/; abuse@serpstatbot.com)"
195.201.194.151 - - [17/Jul/2022:21:54:38 +0200] "GET /Main/2010?action=diff HTTP/1.1" 403 18 "-" "serpstatbot/2.1 (advanced backlink tracking bot; https://serpstatbot.com/; abuse@serpstatbot.com)"
195.201.194.151 - - [17/Jul/2022:21:54:52 +0200] "GET /Main/2009?n=Main.SideBar?action=edit HTTP/1.1" 403 18 "-" "serpstatbot/2.1 (advanced backlink tracking bot; https://serpstatbot.com/; abuse@serpstatbot.com)"
195.201.194.151 - - [17/Jul/2022:21:55:09 +0200] "GET /Main/2009?action=upload HTTP/1.1" 403 18 "-" "serpstatbot/2.1 (advanced backlink tracking bot; https://serpstatbot.com/; abuse@serpstatbot.com)"
195.201.194.151 - - [17/Jul/2022:21:55:26 +0200] "GET /Main/2009?action=print HTTP/1.1" 403 18 "-" "serpstatbot/2.1 (advanced backlink tracking bot; https://serpstatbot.com/; abuse@serpstatbot.com)"
195.201.194.151 - - [17/Jul/2022:21:55:43 +0200] "GET /Main/2009?action=edit HTTP/1.1" 403 18 "-" "serpstatbot/2.1 (advanced backlink tracking bot; https://serpstatbot.com/; abuse@serpstatbot.com)"
195.201.194.151 - - [17/Jul/2022:21:56:02 +0200] "GET /Main/2009?action=diff HTTP/1.1" 403 18 "-" "serpstatbot/2.1 (advanced backlink tracking bot; https://serpstatbot.com/; abuse@serpstatbot.com)"
194.209.200.2 - - [17/Jul/2022:21:56:15 +0200] "GET /robots.txt HTTP/1.1" 200 - "-" "Mozilla/5.0 (compatible; TMMBot/0.2; +http://www.dslab.ch)/Nutch-1.15"
194.209.200.2 - - [17/Jul/2022:21:56:15 +0200] "GET /AmiKo/Linux HTTP/1.1" 200 9217 "-" "Mozilla/5.0 (compatible; TMMBot/0.2; +http://www.dslab.ch)/Nutch-1.15"
195.201.194.151 - - [17/Jul/2022:21:56:18 +0200] "GET /Main/2008?n=Main.SideBar?action=edit HTTP/1.1" 403 18 "-" "serpstatbot/2.1 (advanced backlink tracking bot; https://serpstatbot.com/; abuse@serpstatbot.com)"
195.201.194.151 - - [17/Jul/2022:21:56:33 +0200] "GET /Main/2008?action=upload HTTP/1.1" 403 18 "-" "serpstatbot/2.1 (advanced backlink tracking bot; https://serpstatbot.com/; abuse@serpstatbot.com)"
195.201.194.151 - - [17/Jul/2022:21:56:40 +0200] "GET /Main/2008?action=print HTTP/1.1" 403 18 "-" "serpstatbot/2.1 (advanced backlink tracking bot; https://serpstatbot.com/; abuse@serpstatbot.com)"
195.201.194.151 - - [17/Jul/2022:21:56:47 +0200] "GET /Main/2008?action=edit HTTP/1.1" 403 18 "-" "serpstatbot/2.1 (advanced backlink tracking bot; https://serpstatbot.com/; abuse@serpstatbot.com)"
195.201.194.151 - - [17/Jul/2022:21:56:54 +0200] "GET /Main/2008?action=diff HTTP/1.1" 403 18 "-" "serpstatbot/2.1 (advanced backlink tracking bot; https://serpstatbot.com/; abuse@serpstatbot.com)"
195.201.194.151 - - [17/Jul/2022:21:57:02 +0200] "GET /Main/2007?n=Main.SideBar?action=edit HTTP/1.1" 403 18 "-" "serpstatbot/2.1 (advanced backlink tracking bot; https://serpstatbot.com/; abuse@serpstatbot.com)"
195.201.194.151 - - [17/Jul/2022:21:57:10 +0200] "GET /Main/2007?action=upload HTTP/1.1" 403 18 "-" "serpstatbot/2.1 (advanced backlink tracking bot; https://serpstatbot.com/; abuse@serpstatbot.com)"
195.201.194.151 - - [17/Jul/2022:21:57:18 +0200] "GET /Main/2007?action=print HTTP/1.1" 403 18 "-" "serpstatbot/2.1 (advanced backlink tracking bot; https://serpstatbot.com/; abuse@serpstatbot.com)"
195.201.194.151 - - [17/Jul/2022:21:57:28 +0200] "GET /Main/2007?action=edit HTTP/1.1" 403 18 "-" "serpstatbot/2.1 (advanced backlink tracking bot; https://serpstatbot.com/; abuse@serpstatbot.com)"
195.201.194.151 - - [17/Jul/2022:21:57:37 +0200] "GET /Main/2007?action=diff HTTP/1.1" 403 18 "-" "serpstatbot/2.1 (advanced backlink tracking bot; https://serpstatbot.com/; abuse@serpstatbot.com)"
195.201.194.151 - - [17/Jul/2022:21:57:49 +0200] "GET /Main/2006?n=Main.SideBar?action=edit HTTP/1.1" 403 18 "-" "serpstatbot/2.1 (advanced backlink tracking bot; https://serpstatbot.com/; abuse@serpstatbot.com)"
185.191.171.22 - - [17/Jul/2022:21:57:51 +0200] "GET /Oddb2xml/Bemerkungen?action=upload HTTP/1.1" 403 18 "-" "Mozilla/5.0 (compatible; SemrushBot/7~bl; +http://www.semrush.com/bot.html)"
195.201.194.151 - - [17/Jul/2022:21:58:02 +0200] "GET /Main/2006?action=upload HTTP/1.1" 403 18 "-" "serpstatbot/2.1 (advanced backlink tracking bot; https://serpstatbot.com/; abuse@serpstatbot.com)"
194.209.200.2 - - [17/Jul/2022:21:58:12 +0200] "GET /Main/2006 HTTP/1.1" 200 39320 "-" "Mozilla/5.0 (compatible; TMMBot/0.2; +http://www.dslab.ch)/Nutch-1.15"
195.201.194.151 - - [17/Jul/2022:21:58:16 +0200] "GET /Main/2006?action=print HTTP/1.1" 403 18 "-" "serpstatbot/2.1 (advanced backlink tracking bot; https://serpstatbot.com/; abuse@serpstatbot.com)"
195.201.194.151 - - [17/Jul/2022:21:58:31 +0200] "GET /Main/2006?action=edit HTTP/1.1" 403 18 "-" "serpstatbot/2.1 (advanced backlink tracking bot; https://serpstatbot.com/; abuse@serpstatbot.com)"
194.209.200.2 - - [17/Jul/2022:21:58:39 +0200] "GET /Main/2013 HTTP/1.1" 200 20487 "-" "Mozilla/5.0 (compatible; TMMBot/0.2; +http://www.dslab.ch)/Nutch-1.15"
195.201.194.151 - - [17/Jul/2022:21:58:46 +0200] "GET /Main/2006?action=diff HTTP/1.1" 403 18 "-" "serpstatbot/2.1 (advanced backlink tracking bot; https://serpstatbot.com/; abuse@serpstatbot.com)"
91.143.88.40 - - [17/Jul/2022:21:58:47 +0200] "GET /Main/WekoBlog HTTP/1.1" 200 22209 "-" "Mozilla/5.0 (compatible; InfoTigerBot/1.9; +https://infotiger.com/bot)"
194.209.200.2 - - [17/Jul/2022:21:58:48 +0200] "GET /AmiKo/IOS HTTP/1.1" 200 11930 "-" "Mozilla/5.0 (compatible; TMMBot/0.2; +http://www.dslab.ch)/Nutch-1.15"
194.209.200.2 - - [17/Jul/2022:21:58:54 +0200] "GET /Ywesee/Kontakt HTTP/1.1" 200 8973 "-" "Mozilla/5.0 (compatible; TMMBot/0.2; +http://www.dslab.ch)/Nutch-1.15"
195.201.194.151 - - [17/Jul/2022:21:59:02 +0200] "GET /Main/2005?n=Main.SideBar?action=edit HTTP/1.1" 403 18 "-" "serpstatbot/2.1 (advanced backlink tracking bot; https://serpstatbot.com/; abuse@serpstatbot.com)"
195.201.194.151 - - [17/Jul/2022:21:59:17 +0200] "GET /Main/2005?action=upload HTTP/1.1" 403 18 "-" "serpstatbot/2.1 (advanced backlink tracking bot; https://serpstatbot.com/; abuse@serpstatbot.com)"
195.201.194.151 - - [17/Jul/2022:21:59:33 +0200] "GET /Main/2005?action=print HTTP/1.1" 403 18 "-" "serpstatbot/2.1 (advanced backlink tracking bot; https://serpstatbot.com/; abuse@serpstatbot.com)"
195.201.194.151 - - [17/Jul/2022:21:59:48 +0200] "GET /Main/2005?action=edit HTTP/1.1" 403 18 "-" "serpstatbot/2.1 (advanced backlink tracking bot; https://serpstatbot.com/; abuse@serpstatbot.com)"
157.90.182.30 - - [17/Jul/2022:21:59:54 +0200] "GET /robots.txt HTTP/1.1" 200 - "-" "Mozilla/5.0 (compatible; BLEXBot/1.0; +http://webmeup-crawler.com/)"
157.90.182.30 - - [17/Jul/2022:21:59:54 +0200] "GET /sitemap HTTP/1.1" 404 266 "-" "Mozilla/5.0 (compatible; BLEXBot/1.0; +http://webmeup-crawler.com/)"
195.201.194.151 - - [17/Jul/2022:22:00:03 +0200] "GET /Main/2005?action=diff HTTP/1.1" 403 18 "-" "serpstatbot/2.1 (advanced backlink tracking bot; https://serpstatbot.com/; abuse@serpstatbot.com)"
157.90.182.30 - - [17/Jul/2022:22:00:11 +0200] "GET /robots.txt HTTP/1.1" 200 - "-" "Mozilla/5.0 (compatible; BLEXBot/1.0; +http://webmeup-crawler.com/)"
157.90.182.30 - - [17/Jul/2022:22:00:12 +0200] "GET /sitemap HTTP/1.1" 404 270 "-" "Mozilla/5.0 (compatible; BLEXBot/1.0; +http://webmeup-crawler.com/)"
157.90.182.30 - - [17/Jul/2022:22:00:20 +0200] "GET /sitemap.txt HTTP/1.1" 404 270 "-" "Mozilla/5.0 (compatible; BLEXBot/1.0; +http://webmeup-crawler.com/)"
195.201.194.151 - - [17/Jul/2022:22:00:21 +0200] "GET /Main/2004?n=Main.SideBar?action=edit HTTP/1.1" 403 18 "-" "serpstatbot/2.1 (advanced backlink tracking bot; https://serpstatbot.com/; abuse@serpstatbot.com)"
157.90.182.30 - - [17/Jul/2022:22:00:23 +0200] "GET /sitemap.txt HTTP/1.1" 404 274 "-" "Mozilla/5.0 (compatible; BLEXBot/1.0; +http://webmeup-crawler.com/)"
195.201.194.151 - - [17/Jul/2022:22:00:37 +0200] "GET /Main/2004?action=upload HTTP/1.1" 403 18 "-" "serpstatbot/2.1 (advanced backlink tracking bot; https://serpstatbot.com/; abuse@serpstatbot.com)"
195.201.194.151 - - [17/Jul/2022:22:00:53 +0200] "GET /Main/2004?action=print HTTP/1.1" 403 18 "-" "serpstatbot/2.1 (advanced backlink tracking bot; https://serpstatbot.com/; abuse@serpstatbot.com)"
194.209.200.2 - - [17/Jul/2022:22:00:54 +0200] "GET /Software/ODDB HTTP/1.1" 200 10298 "-" "Mozilla/5.0 (compatible; TMMBot/0.2; +http://www.dslab.ch)/Nutch-1.15"
195.201.194.151 - - [17/Jul/2022:22:01:08 +0200] "GET /Main/2004?action=edit HTTP/1.1" 403 18 "-" "serpstatbot/2.1 (advanced backlink tracking bot; https://serpstatbot.com/; abuse@serpstatbot.com)"
195.201.194.151 - - [17/Jul/2022:22:01:25 +0200] "GET /Main/2004?action=diff HTTP/1.1" 403 18 "-" "serpstatbot/2.1 (advanced backlink tracking bot; https://serpstatbot.com/; abuse@serpstatbot.com)"
195.201.194.151 - - [17/Jul/2022:22:01:35 +0200] "GET /MEDIupdateXML/Softwarehaeuser?n=Main.SideBar?action=edit HTTP/1.1" 403 18 "-" "serpstatbot/2.1 (advanced backlink tracking bot; https://serpstatbot.com/; abuse@serpstatbot.com)"
195.201.194.151 - - [17/Jul/2022:22:01:40 +0200] "GET /MEDIupdateXML/Softwarehaeuser?action=upload HTTP/1.1" 403 18 "-" "serpstatbot/2.1 (advanced backlink tracking bot; https://serpstatbot.com/; abuse@serpstatbot.com)"
195.201.194.151 - - [17/Jul/2022:22:01:46 +0200] "GET /MEDIupdateXML/Softwarehaeuser?action=print HTTP/1.1" 403 18 "-" "serpstatbot/2.1 (advanced backlink tracking bot; https://serpstatbot.com/; abuse@serpstatbot.com)"
