64.124.8.39 - - [08/Dec/2022:14:38:22 +0100] "GET /uploads/Main/Schreiben_an_Zulassungsinhaber_28.6.2005.txt HTTP/1.1" 304 - "-" "Mozilla/5.0 (X11; Linux x86_64) AppleWebKit/537.36 (KHTML, like Gecko) Chrome/61.0.3163.79 Safari/537.36"
194.209.200.2 - - [08/Dec/2022:14:38:38 +0100] "GET /robots.txt HTTP/1.1" 200 - "-" "Mozilla/5.0 (compatible; TMMBot/0.2; +http://www.dslab.ch)/Nutch-1.15"
194.209.200.2 - - [08/Dec/2022:14:38:39 +0100] "GET /Oddb2xml/Index HTTP/1.1" 200 8983 "-" "Mozilla/5.0 (compatible; TMMBot/0.2; +http://www.dslab.ch)/Nutch-1.15"
194.209.200.2 - - [08/Dec/2022:14:39:02 +0100] "GET /Miele/MieleLXIV HTTP/1.1" 200 15367 "-" "Mozilla/5.0 (compatible; TMMBot/0.2; +http://www.dslab.ch)/Nutch-1.15"
8.29.198.25 - - [08/Dec/2022:14:40:01 +0100] "GET /pmwiki.php/Site/AllRecentChanges?action=rss HTTP/1.1" 200 2548 "-" "Feedly/1.0 (+http://www.feedly.com/fetcher.html; 5 subscribers; like FeedFetcher-Google)"
194.209.200.2 - - [08/Dec/2022:14:40:40 +0100] "GET /ODDB/StammdatenCH HTTP/1.1" 200 9300 "-" "Mozilla/5.0 (compatible; TMMBot/0.2; +http://www.dslab.ch)/Nutch-1.15"
194.209.200.2 - - [08/Dec/2022:14:41:04 +0100] "GET /Main/2006 HTTP/1.1" 200 39320 "-" "Mozilla/5.0 (compatible; TMMBot/0.2; +http://www.dslab.ch)/Nutch-1.15"
194.209.200.2 - - [08/Dec/2022:14:41:57 +0100] "GET /Software/Spreadsheet HTTP/1.1" 200 8839 "-" "Mozilla/5.0 (compatible; TMMBot/0.2; +http://www.dslab.ch)/Nutch-1.15"
194.209.200.2 - - [08/Dec/2022:14:42:00 +0100] "GET /Main/2020 HTTP/1.1" 200 15398 "-" "Mozilla/5.0 (compatible; TMMBot/0.2; +http://www.dslab.ch)/Nutch-1.15"
194.209.200.2 - - [08/Dec/2022:14:42:56 +0100] "GET /robots.txt HTTP/1.1" 200 - "-" "Mozilla/5.0 (compatible; TMMBot/0.2; +http://www.dslab.ch)/Nutch-1.15"
64.124.8.39 - - [08/Dec/2022:14:43:47 +0100] "GET /Oddb2xml/XSD HTTP/1.1" 200 8519 "-" "Mozilla/5.0 (X11; Linux x86_64) AppleWebKit/537.36 (KHTML, like Gecko) Chrome/61.0.3163.79 Safari/537.36"
194.209.200.2 - - [08/Dec/2022:14:45:22 +0100] "GET /Main/2016 HTTP/1.1" 200 13689 "-" "Mozilla/5.0 (compatible; TMMBot/0.2; +http://www.dslab.ch)/Nutch-1.15"
194.209.200.2 - - [08/Dec/2022:14:46:03 +0100] "GET /Ywesee/About HTTP/1.1" 200 9132 "-" "Mozilla/5.0 (compatible; TMMBot/0.2; +http://www.dslab.ch)/Nutch-1.15"
64.124.8.39 - - [08/Dec/2022:14:48:36 +0100] "GET /uploads/Main/127_Email_an_Simonetta.Sommaruga_13.6.2005.txt HTTP/1.1" 304 - "-" "Mozilla/5.0 (X11; Linux x86_64) AppleWebKit/537.36 (KHTML, like Gecko) Chrome/61.0.3163.79 Safari/537.36"
64.124.8.57 - - [08/Dec/2022:15:01:27 +0100] "GET /robots.txt HTTP/1.1" 200 - "-" "Mozilla/5.0 (X11; Linux x86_64) AppleWebKit/537.36 (KHTML, like Gecko) Chrome/61.0.3163.79 Safari/537.36"
64.124.8.57 - - [08/Dec/2022:15:01:27 +0100] "GET /Main/Home HTTP/1.1" 200 14168 "-" "Mozilla/5.0 (X11; Linux x86_64) AppleWebKit/537.36 (KHTML, like Gecko) Chrome/61.0.3163.79 Safari/537.36"
194.110.203.39 - - [08/Dec/2022:15:03:26 +0100] "GET /db/db.php.bck HTTP/1.1" 404 272 "-" "Firefox"
194.38.20.161 - - [08/Dec/2022:15:13:00 +0100] "GET /elfinder/elfinder.html HTTP/1.1" 404 281 "-" "ALittle Client"
66.249.73.43 - - [08/Dec/2022:15:15:41 +0100] "GET /Ywesee/About HTTP/1.1" 200 9132 "-" "Mozilla/5.0 (Linux; Android 6.0.1; Nexus 5X Build/MMB29P) AppleWebKit/537.36 (KHTML, like Gecko) Chrome/107.0.5304.110 Mobile Safari/537.36 (compatible; Googlebot/2.1; +http://www.google.com/bot.html)"
8.29.198.27 - - [08/Dec/2022:15:18:51 +0100] "GET /pmwiki.php/Site/AllRecentChanges?action=rss HTTP/1.1" 200 2548 "-" "Feedly/1.0 (+http://www.feedly.com/fetcher.html; 5 subscribers; like FeedFetcher-Google)"
64.71.157.107 - - [08/Dec/2022:15:20:00 +0100] "GET /pmwiki.php/Site/AllRecentChanges?action=rss HTTP/1.1" 200 2548 "-" "Feedbin feed-id:590358 - 1 subscribers"
64.124.8.57 - - [08/Dec/2022:15:23:31 +0100] "GET /Epha/PhilipHansten HTTP/1.1" 200 11440 "-" "Mozilla/5.0 (X11; Linux x86_64) AppleWebKit/537.36 (KHTML, like Gecko) Chrome/61.0.3163.79 Safari/537.36"
66.249.83.25 - - [08/Dec/2022:15:25:26 +0100] "HEAD /pmwiki.php/Site/AllRecentChanges?action=rss HTTP/1.1" 200 - "-" "FeedBurner/1.0 (http://www.FeedBurner.com)"
66.249.83.27 - - [08/Dec/2022:15:25:27 +0100] "GET /pmwiki.php/Site/AllRecentChanges?action=rss HTTP/1.1" 200 2548 "-" "FeedBurner/1.0 (http://www.FeedBurner.com)"
64.124.8.55 - - [08/Dec/2022:15:30:37 +0100] "GET /robots.txt HTTP/1.1" 200 - "-" "Mozilla/5.0 (X11; Linux x86_64) AppleWebKit/537.36 (KHTML, like Gecko) Chrome/61.0.3163.79 Safari/537.36"
64.124.8.55 - - [08/Dec/2022:15:30:37 +0100] "GET /ODDB/ODDBxml HTTP/1.1" 200 8728 "-" "Mozilla/5.0 (X11; Linux x86_64) AppleWebKit/537.36 (KHTML, like Gecko) Chrome/61.0.3163.79 Safari/537.36"
194.209.200.2 - - [08/Dec/2022:15:38:11 +0100] "GET /robots.txt HTTP/1.1" 200 - "-" "Mozilla/5.0 (compatible; TMMBot/0.2; +http://www.dslab.ch)/Nutch-1.15"
194.209.200.2 - - [08/Dec/2022:15:38:11 +0100] "GET /Oddb2xml/Index HTTP/1.1" 200 8983 "-" "Mozilla/5.0 (compatible; TMMBot/0.2; +http://www.dslab.ch)/Nutch-1.15"
194.209.200.2 - - [08/Dec/2022:15:38:37 +0100] "GET /Miele/MieleLXIV HTTP/1.1" 200 15367 "-" "Mozilla/5.0 (compatible; TMMBot/0.2; +http://www.dslab.ch)/Nutch-1.15"
194.209.200.2 - - [08/Dec/2022:15:40:21 +0100] "GET /ODDB/StammdatenCH HTTP/1.1" 200 9300 "-" "Mozilla/5.0 (compatible; TMMBot/0.2; +http://www.dslab.ch)/Nutch-1.15"
194.209.200.2 - - [08/Dec/2022:15:40:46 +0100] "GET /Main/2006 HTTP/1.1" 200 39320 "-" "Mozilla/5.0 (compatible; TMMBot/0.2; +http://www.dslab.ch)/Nutch-1.15"
194.209.200.2 - - [08/Dec/2022:15:41:08 +0100] "GET /Main/2015 HTTP/1.1" 200 15908 "-" "Mozilla/5.0 (compatible; TMMBot/0.2; +http://www.dslab.ch)/Nutch-1.15"
194.209.200.2 - - [08/Dec/2022:15:41:43 +0100] "GET /Software/Spreadsheet HTTP/1.1" 200 8839 "-" "Mozilla/5.0 (compatible; TMMBot/0.2; +http://www.dslab.ch)/Nutch-1.15"
194.209.200.2 - - [08/Dec/2022:15:41:47 +0100] "GET /Main/2020 HTTP/1.1" 200 15398 "-" "Mozilla/5.0 (compatible; TMMBot/0.2; +http://www.dslab.ch)/Nutch-1.15"
194.209.200.2 - - [08/Dec/2022:15:42:45 +0100] "GET /robots.txt HTTP/1.1" 200 - "-" "Mozilla/5.0 (compatible; TMMBot/0.2; +http://www.dslab.ch)/Nutch-1.15"
194.209.200.2 - - [08/Dec/2022:15:45:15 +0100] "GET /Main/2016 HTTP/1.1" 200 13689 "-" "Mozilla/5.0 (compatible; TMMBot/0.2; +http://www.dslab.ch)/Nutch-1.15"
194.209.200.2 - - [08/Dec/2022:15:45:59 +0100] "GET /Ywesee/About HTTP/1.1" 200 9132 "-" "Mozilla/5.0 (compatible; TMMBot/0.2; +http://www.dslab.ch)/Nutch-1.15"
64.124.8.55 - - [08/Dec/2022:15:51:23 +0100] "GET /robots.txt HTTP/1.1" 200 - "-" "Mozilla/5.0 (X11; Linux x86_64) AppleWebKit/537.36 (KHTML, like Gecko) Chrome/61.0.3163.79 Safari/537.36"
64.124.8.55 - - [08/Dec/2022:15:51:24 +0100] "GET /AmiKo/ArztunterschriftDigital HTTP/1.1" 200 11445 "-" "Mozilla/5.0 (X11; Linux x86_64) AppleWebKit/537.36 (KHTML, like Gecko) Chrome/61.0.3163.79 Safari/537.36"
154.16.49.45 - - [08/Dec/2022:15:56:51 +0100] "GET / HTTP/1.1" 200 14168 "-" "Mozilla/5.0 (Windows; U; Windows NT 6.1; en-US; rv:1.9.1.5) Gecko/20091102 Firefox/3.5.5 (.NET CLR 3.5.30729)"
66.249.73.28 - - [08/Dec/2022:15:59:00 +0100] "GET /uploads/Main/Praesentation_Dr_med_Marco_Egbring_30.4.2015.pdf HTTP/1.1" 200 2157420 "-" "Mozilla/5.0 (Windows NT 10.0; Win64; x64)AppleWebKit/537.36 (KHTML, like Gecko) Chrome/91.0.4472.101 Safari/537.36 (compatible; GoogleOther)"
8.29.198.25 - - [08/Dec/2022:15:59:09 +0100] "GET /pmwiki.php/Site/AllRecentChanges?action=rss HTTP/1.1" 200 2548 "-" "Feedly/1.0 (+http://www.feedly.com/fetcher.html; 5 subscribers; like FeedFetcher-Google)"
64.71.157.107 - - [08/Dec/2022:16:07:29 +0100] "GET /pmwiki.php/Site/AllRecentChanges?action=rss HTTP/1.1" 200 2548 "-" "Feedbin feed-id:590358 - 1 subscribers"
89.246.241.14 - - [08/Dec/2022:16:07:34 +0100] "GET /MEDIupdateXML/Aerzte?action=print HTTP/1.1" 200 3025 "-" "Mozilla/5.0 (Windows NT 10.0; Win64; x64; rv:101.0) Gecko/20100101 Firefox/101.0"
66.102.6.6 - - [08/Dec/2022:16:13:05 +0100] "HEAD /pmwiki.php/Site/AllRecentChanges?action=rss HTTP/1.1" 200 - "-" "FeedBurner/1.0 (http://www.FeedBurner.com)"
66.102.6.4 - - [08/Dec/2022:16:13:06 +0100] "GET /pmwiki.php/Site/AllRecentChanges?action=rss HTTP/1.1" 200 2548 "-" "FeedBurner/1.0 (http://www.FeedBurner.com)"
194.209.200.2 - - [08/Dec/2022:16:16:32 +0100] "GET /robots.txt HTTP/1.1" 200 - "-" "Mozilla/5.0 (compatible; TMMBot/0.2; +http://www.dslab.ch)/Nutch-1.15"
194.209.200.2 - - [08/Dec/2022:16:16:32 +0100] "GET /Oddb2xml/Index HTTP/1.1" 200 8983 "-" "Mozilla/5.0 (compatible; TMMBot/0.2; +http://www.dslab.ch)/Nutch-1.15"
194.209.200.2 - - [08/Dec/2022:16:16:53 +0100] "GET /Miele/MieleLXIV HTTP/1.1" 200 15367 "-" "Mozilla/5.0 (compatible; TMMBot/0.2; +http://www.dslab.ch)/Nutch-1.15"
194.209.200.2 - - [08/Dec/2022:16:18:32 +0100] "GET /ODDB/StammdatenCH HTTP/1.1" 200 9300 "-" "Mozilla/5.0 (compatible; TMMBot/0.2; +http://www.dslab.ch)/Nutch-1.15"
194.209.200.2 - - [08/Dec/2022:16:18:57 +0100] "GET /Main/2006 HTTP/1.1" 200 39320 "-" "Mozilla/5.0 (compatible; TMMBot/0.2; +http://www.dslab.ch)/Nutch-1.15"
194.209.200.2 - - [08/Dec/2022:16:19:48 +0100] "GET /Software/Spreadsheet HTTP/1.1" 200 8839 "-" "Mozilla/5.0 (compatible; TMMBot/0.2; +http://www.dslab.ch)/Nutch-1.15"
194.209.200.2 - - [08/Dec/2022:16:19:53 +0100] "GET /Main/2020 HTTP/1.1" 200 15398 "-" "Mozilla/5.0 (compatible; TMMBot/0.2; +http://www.dslab.ch)/Nutch-1.15"
64.124.8.48 - - [08/Dec/2022:16:20:18 +0100] "GET /robots.txt HTTP/1.1" 200 - "-" "Mozilla/5.0 (X11; Linux x86_64) AppleWebKit/537.36 (KHTML, like Gecko) Chrome/61.0.3163.79 Safari/537.36"
64.124.8.48 - - [08/Dec/2022:16:20:18 +0100] "GET /uploads/Main/Registration.txt HTTP/1.1" 304 - "-" "Mozilla/5.0 (X11; Linux x86_64) AppleWebKit/537.36 (KHTML, like Gecko) Chrome/61.0.3163.79 Safari/537.36"
194.209.200.2 - - [08/Dec/2022:16:20:48 +0100] "GET /robots.txt HTTP/1.1" 200 - "-" "Mozilla/5.0 (compatible; TMMBot/0.2; +http://www.dslab.ch)/Nutch-1.15"
194.209.200.2 - - [08/Dec/2022:16:21:21 +0100] "GET /AmiKo/Web HTTP/1.1" 200 9588 "-" "Mozilla/5.0 (compatible; TMMBot/0.2; +http://www.dslab.ch)/Nutch-1.15"
194.209.200.2 - - [08/Dec/2022:16:23:11 +0100] "GET /Main/2016 HTTP/1.1" 200 13689 "-" "Mozilla/5.0 (compatible; TMMBot/0.2; +http://www.dslab.ch)/Nutch-1.15"
114.119.133.237 - - [08/Dec/2022:16:23:16 +0100] "GET /robots.txt HTTP/1.1" 200 - "-" "Mozilla/5.0 (compatible;PetalBot;+https://webmaster.petalsearch.com/site/petalbot)"
194.209.200.2 - - [08/Dec/2022:16:23:51 +0100] "GET /Ywesee/About HTTP/1.1" 200 9132 "-" "Mozilla/5.0 (compatible; TMMBot/0.2; +http://www.dslab.ch)/Nutch-1.15"
66.249.73.28 - - [08/Dec/2022:16:28:58 +0100] "GET /ads.txt HTTP/1.1" 404 266 "-" "Mozilla/5.0 (compatible; Googlebot/2.1; +http://www.google.com/bot.html)"
62.210.215.119 - - [08/Dec/2022:16:35:20 +0100] "GET /Site/AllRecentChanges?action=rss HTTP/1.1" 200 2548 "-" "Mozilla/5.0 (X11; Linux i686) AppleWebKit/537.36 (KHTML, like Gecko) Chrome/30.0.1599.66 Safari/537.36"
208.100.26.233 - - [08/Dec/2022:16:37:54 +0100] "GET / HTTP/1.1" 200 14168 "http://www.ywesee.com/" "Mozilla/5.0 (iPhone; CPU iPhone OS 10_3_1 like Mac OS X) AppleWebKit/603.1.30 (KHTML, like Gecko) Mobile/14E304 Safari/602.1"
208.100.26.235 - - [08/Dec/2022:16:37:55 +0100] "GET / HTTP/1.1" 200 14168 "-" "Mozilla/5.0 (Macintosh; Intel Mac OS X 10_12_3) AppleWebKit/537.36 (KHTML, like Gecko) Chrome/64.0.3282.167 Safari/537.36"
8.29.198.27 - - [08/Dec/2022:16:41:34 +0100] "GET /pmwiki.php/Site/AllRecentChanges?action=rss HTTP/1.1" 200 2548 "-" "Feedly/1.0 (+http://www.feedly.com/fetcher.html; 5 subscribers; like FeedFetcher-Google)"
15.235.114.125 - - [08/Dec/2022:16:44:26 +0100] "GET / HTTP/1.1" 200 14168 "-" "Ruby"
64.124.8.23 - - [08/Dec/2022:16:51:06 +0100] "GET /robots.txt HTTP/1.1" 200 - "-" "Mozilla/5.0 (X11; Linux x86_64) AppleWebKit/537.36 (KHTML, like Gecko) Chrome/61.0.3163.79 Safari/537.36"
64.124.8.23 - - [08/Dec/2022:16:51:06 +0100] "GET /Wiget/PhMPrescriber HTTP/1.1" 200 9312 "-" "Mozilla/5.0 (X11; Linux x86_64) AppleWebKit/537.36 (KHTML, like Gecko) Chrome/61.0.3163.79 Safari/537.36"
194.209.200.2 - - [08/Dec/2022:16:53:15 +0100] "GET /robots.txt HTTP/1.1" 200 - "-" "Mozilla/5.0 (compatible; TMMBot/0.2; +http://www.dslab.ch)/Nutch-1.15"
194.209.200.2 - - [08/Dec/2022:16:53:15 +0100] "GET /Oddb2xml/Index HTTP/1.1" 200 8983 "-" "Mozilla/5.0 (compatible; TMMBot/0.2; +http://www.dslab.ch)/Nutch-1.15"
194.209.200.2 - - [08/Dec/2022:16:53:38 +0100] "GET /Miele/MieleLXIV HTTP/1.1" 200 15367 "-" "Mozilla/5.0 (compatible; TMMBot/0.2; +http://www.dslab.ch)/Nutch-1.15"
194.209.200.2 - - [08/Dec/2022:16:55:15 +0100] "GET /ODDB/StammdatenCH HTTP/1.1" 200 9300 "-" "Mozilla/5.0 (compatible; TMMBot/0.2; +http://www.dslab.ch)/Nutch-1.15"
194.209.200.2 - - [08/Dec/2022:16:55:39 +0100] "GET /Main/2006 HTTP/1.1" 200 39320 "-" "Mozilla/5.0 (compatible; TMMBot/0.2; +http://www.dslab.ch)/Nutch-1.15"
194.209.200.2 - - [08/Dec/2022:16:56:33 +0100] "GET /Software/Spreadsheet HTTP/1.1" 200 8839 "-" "Mozilla/5.0 (compatible; TMMBot/0.2; +http://www.dslab.ch)/Nutch-1.15"
194.209.200.2 - - [08/Dec/2022:16:56:37 +0100] "GET /Main/2020 HTTP/1.1" 200 15398 "-" "Mozilla/5.0 (compatible; TMMBot/0.2; +http://www.dslab.ch)/Nutch-1.15"
54.36.149.90 - - [08/Dec/2022:16:56:37 +0100] "GET /AmiKo/Privacy HTTP/1.1" 200 8621 "-" "Mozilla/5.0 (compatible; AhrefsBot/7.0; +http://ahrefs.com/robot/)"
194.209.200.2 - - [08/Dec/2022:16:57:33 +0100] "GET /robots.txt HTTP/1.1" 200 - "-" "Mozilla/5.0 (compatible; TMMBot/0.2; +http://www.dslab.ch)/Nutch-1.15"
194.209.200.2 - - [08/Dec/2022:16:58:05 +0100] "GET /AmiKo/Web HTTP/1.1" 200 9588 "-" "Mozilla/5.0 (compatible; TMMBot/0.2; +http://www.dslab.ch)/Nutch-1.15"
194.209.200.2 - - [08/Dec/2022:16:59:56 +0100] "GET /Main/2016 HTTP/1.1" 200 13689 "-" "Mozilla/5.0 (compatible; TMMBot/0.2; +http://www.dslab.ch)/Nutch-1.15"
64.71.157.111 - - [08/Dec/2022:17:00:12 +0100] "GET /pmwiki.php/Site/AllRecentChanges?action=rss HTTP/1.1" 200 2548 "-" "Feedbin feed-id:590358 - 1 subscribers"
120.76.135.15 - - [08/Dec/2022:17:00:25 +0100] "GET /wp-login.php HTTP/1.1" 404 271 "http://ywesee.com/wp-login.php" "Mozilla/5.0 (Windows NT 10.0; Win64; x64; rv:96.0) Gecko/20100101 Firefox/96"
194.209.200.2 - - [08/Dec/2022:17:00:42 +0100] "GET /Ywesee/About HTTP/1.1" 200 9132 "-" "Mozilla/5.0 (compatible; TMMBot/0.2; +http://www.dslab.ch)/Nutch-1.15"
64.124.8.45 - - [08/Dec/2022:17:06:28 +0100] "GET /robots.txt HTTP/1.1" 200 - "-" "Mozilla/5.0 (X11; Linux x86_64) AppleWebKit/537.36 (KHTML, like Gecko) Chrome/61.0.3163.79 Safari/537.36"
64.124.8.45 - - [08/Dec/2022:17:06:28 +0100] "GET /Miele/MieleLXIV HTTP/1.1" 200 15367 "-" "Mozilla/5.0 (X11; Linux x86_64) AppleWebKit/537.36 (KHTML, like Gecko) Chrome/61.0.3163.79 Safari/537.36"
157.55.39.197 - - [08/Dec/2022:17:09:11 +0100] "GET / HTTP/1.1" 200 14168 "-" "Mozilla/5.0 (compatible; bingbot/2.0; +http://www.bing.com/bingbot.htm)"
54.241.123.162 - - [08/Dec/2022:17:09:52 +0100] "GET / HTTP/1.1" 200 14168 "-" "Mozilla/5.0 (Linux; Android 9; CLT-L29 Build/HUAWEICLT-L29) AppleWebKit/537.36 (KHTML, like Gecko) Chrome/69.0.3497.100 Mobile Safari/537.36 OPR/48.1.2331.132804"
64.124.8.45 - - [08/Dec/2022:17:10:46 +0100] "GET /uploads/Main/Fragen_Weko_Swisscom_Directories.txt HTTP/1.1" 304 - "-" "Mozilla/5.0 (X11; Linux x86_64) AppleWebKit/537.36 (KHTML, like Gecko) Chrome/61.0.3163.79 Safari/537.36"
64.124.8.45 - - [08/Dec/2022:17:11:12 +0100] "GET /robots.txt HTTP/1.1" 200 - "-" "Mozilla/5.0 (X11; Linux x86_64) AppleWebKit/537.36 (KHTML, like Gecko) Chrome/61.0.3163.79 Safari/537.36"
64.124.8.45 - - [08/Dec/2022:17:11:13 +0100] "GET /pmwiki.php/Ywesee/OpenSource HTTP/1.1" 200 10790 "-" "Mozilla/5.0 (X11; Linux x86_64) AppleWebKit/537.36 (KHTML, like Gecko) Chrome/61.0.3163.79 Safari/537.36"
8.29.198.25 - - [08/Dec/2022:17:16:57 +0100] "GET /pmwiki.php/Site/AllRecentChanges?action=rss HTTP/1.1" 200 2548 "-" "Feedly/1.0 (+http://www.feedly.com/fetcher.html; 5 subscribers; like FeedFetcher-Google)"
17.121.115.214 - - [08/Dec/2022:17:19:59 +0100] "GET /Miele/MieleLXIV HTTP/1.1" 200 15367 "-" "Mozilla/5.0 (Macintosh; Intel Mac OS X 10_15_5) AppleWebKit/605.1.15 (KHTML, like Gecko) Version/13.1.1 Safari/605.1.15 (Applebot/0.1; +http://www.apple.com/go/applebot)"
74.125.215.150 - - [08/Dec/2022:17:21:21 +0100] "HEAD /pmwiki.php/Site/AllRecentChanges?action=rss HTTP/1.1" 200 - "-" "FeedBurner/1.0 (http://www.FeedBurner.com)"
74.125.215.146 - - [08/Dec/2022:17:21:22 +0100] "GET /pmwiki.php/Site/AllRecentChanges?action=rss HTTP/1.1" 200 2548 "-" "FeedBurner/1.0 (http://www.FeedBurner.com)"
157.55.39.54 - - [08/Dec/2022:17:21:46 +0100] "GET /robots.txt HTTP/1.1" 200 - "-" "Mozilla/5.0 AppleWebKit/537.36 (KHTML, like Gecko; compatible; bingbot/2.0; +http://www.bing.com/bingbot.htm) Chrome/103.0.5060.134 Safari/537.36"
17.121.115.114 - - [08/Dec/2022:17:22:42 +0100] "GET /uploads/Main/ywesee_GmbH_Bundesgerichtsurteil.pdf HTTP/1.1" 200 827555 "-" "Mozilla/5.0 (Macintosh; Intel Mac OS X 10_15_5) AppleWebKit/605.1.15 (KHTML, like Gecko) Version/13.1.1 Safari/605.1.15 (Applebot/0.1; +http://www.apple.com/go/applebot)"
167.114.101.80 - - [08/Dec/2022:17:26:59 +0100] "GET /robots.txt HTTP/1.1" 200 - "-" "Mozilla/5.0 (compatible; MJ12bot/v1.4.8; http://mj12bot.com/)"
167.114.101.80 - - [08/Dec/2022:17:27:02 +0100] "GET /Main/ExtremeProgramming?action=edit HTTP/1.1" 403 18 "-" "Mozilla/5.0 (compatible; MJ12bot/v1.4.8; http://mj12bot.com/)"
167.114.101.80 - - [08/Dec/2022:17:27:08 +0100] "GET /robots.txt HTTP/1.1" 200 - "-" "Mozilla/5.0 (compatible; MJ12bot/v1.4.8; http://mj12bot.com/)"
167.114.101.80 - - [08/Dec/2022:17:27:11 +0100] "GET /Main/ExtremeProgramming?action=edit HTTP/1.1" 403 18 "-" "Mozilla/5.0 (compatible; MJ12bot/v1.4.8; http://mj12bot.com/)"
167.114.101.80 - - [08/Dec/2022:17:27:14 +0100] "GET /ODDB/Pharmakokinetik?action=edit HTTP/1.1" 403 18 "-" "Mozilla/5.0 (compatible; MJ12bot/v1.4.8; http://mj12bot.com/)"
167.114.101.80 - - [08/Dec/2022:17:27:16 +0100] "GET /ODDB/Pharmakokinetik?action=edit HTTP/1.1" 403 18 "-" "Mozilla/5.0 (compatible; MJ12bot/v1.4.8; http://mj12bot.com/)"
167.114.101.80 - - [08/Dec/2022:17:27:20 +0100] "GET /ODDB/Services?action=edit HTTP/1.1" 403 18 "-" "Mozilla/5.0 (compatible; MJ12bot/v1.4.8; http://mj12bot.com/)"
167.114.101.80 - - [08/Dec/2022:17:27:24 +0100] "GET /Oddb/OpenSourceSoftwareUndDatenImSchweizerGesundheitswesen?action=edit HTTP/1.1" 403 18 "-" "Mozilla/5.0 (compatible; MJ12bot/v1.4.8; http://mj12bot.com/)"
64.124.8.48 - - [08/Dec/2022:17:27:24 +0100] "GET /robots.txt HTTP/1.1" 200 - "-" "Mozilla/5.0 (X11; Linux x86_64) AppleWebKit/537.36 (KHTML, like Gecko) Chrome/61.0.3163.79 Safari/537.36"
64.124.8.48 - - [08/Dec/2022:17:27:25 +0100] "GET /Main/Linux HTTP/1.1" 200 9133 "-" "Mozilla/5.0 (X11; Linux x86_64) AppleWebKit/537.36 (KHTML, like Gecko) Chrome/61.0.3163.79 Safari/537.36"
167.114.101.80 - - [08/Dec/2022:17:27:27 +0100] "GET /PmWiki/AuthorTracking?action=edit HTTP/1.1" 403 18 "-" "Mozilla/5.0 (compatible; MJ12bot/v1.4.8; http://mj12bot.com/)"
167.114.101.80 - - [08/Dec/2022:17:27:32 +0100] "GET /PmWiki/ChangesFromPmWiki1?action=edit HTTP/1.1" 403 18 "-" "Mozilla/5.0 (compatible; MJ12bot/v1.4.8; http://mj12bot.com/)"
167.114.101.80 - - [08/Dec/2022:17:27:35 +0100] "GET /PmWiki/ConditionalMarkup?action=edit HTTP/1.1" 403 18 "-" "Mozilla/5.0 (compatible; MJ12bot/v1.4.8; http://mj12bot.com/)"
167.114.101.80 - - [08/Dec/2022:17:27:39 +0100] "GET /PmWiki/CustomMarkup?action=edit HTTP/1.1" 403 18 "-" "Mozilla/5.0 (compatible; MJ12bot/v1.4.8; http://mj12bot.com/)"
167.114.101.80 - - [08/Dec/2022:17:27:43 +0100] "GET /PmWiki/CustomWikiStyles?action=edit HTTP/1.1" 403 18 "-" "Mozilla/5.0 (compatible; MJ12bot/v1.4.8; http://mj12bot.com/)"
167.114.101.80 - - [08/Dec/2022:17:27:47 +0100] "GET /PmWiki/DebugVariables?action=edit HTTP/1.1" 403 18 "-" "Mozilla/5.0 (compatible; MJ12bot/v1.4.8; http://mj12bot.com/)"
167.114.101.80 - - [08/Dec/2022:17:27:51 +0100] "GET /PmWiki/DeletingPages?action=edit HTTP/1.1" 403 18 "-" "Mozilla/5.0 (compatible; MJ12bot/v1.4.8; http://mj12bot.com/)"
167.114.101.80 - - [08/Dec/2022:17:27:55 +0100] "GET /PmWiki/DesignNotes?action=edit HTTP/1.1" 403 18 "-" "Mozilla/5.0 (compatible; MJ12bot/v1.4.8; http://mj12bot.com/)"
167.114.101.80 - - [08/Dec/2022:17:27:58 +0100] "GET /PmWiki/Directives?action=edit HTTP/1.1" 403 18 "-" "Mozilla/5.0 (compatible; MJ12bot/v1.4.8; http://mj12bot.com/)"
167.114.101.80 - - [08/Dec/2022:17:28:01 +0100] "GET /PmWiki/Drafts?action=edit HTTP/1.1" 403 18 "-" "Mozilla/5.0 (compatible; MJ12bot/v1.4.8; http://mj12bot.com/)"
167.114.101.80 - - [08/Dec/2022:17:28:05 +0100] "GET /PmWiki/EditQuickReference?action=edit HTTP/1.1" 403 18 "-" "Mozilla/5.0 (compatible; MJ12bot/v1.4.8; http://mj12bot.com/)"
167.114.101.80 - - [08/Dec/2022:17:28:08 +0100] "GET /PmWiki/EditVariables?action=edit HTTP/1.1" 403 18 "-" "Mozilla/5.0 (compatible; MJ12bot/v1.4.8; http://mj12bot.com/)"
167.114.101.80 - - [08/Dec/2022:17:28:12 +0100] "GET /PmWiki/ErrorMessages?action=edit HTTP/1.1" 403 18 "-" "Mozilla/5.0 (compatible; MJ12bot/v1.4.8; http://mj12bot.com/)"
167.114.101.80 - - [08/Dec/2022:17:28:15 +0100] "GET /PmWiki/FAQ?action=edit HTTP/1.1" 403 18 "-" "Mozilla/5.0 (compatible; MJ12bot/v1.4.8; http://mj12bot.com/)"
167.114.101.80 - - [08/Dec/2022:17:28:18 +0100] "GET /PmWiki/FilePermissions?action=edit HTTP/1.1" 403 18 "-" "Mozilla/5.0 (compatible; MJ12bot/v1.4.8; http://mj12bot.com/)"
167.114.101.80 - - [08/Dec/2022:17:28:23 +0100] "GET /PmWiki/Forms?action=edit HTTP/1.1" 403 18 "-" "Mozilla/5.0 (compatible; MJ12bot/v1.4.8; http://mj12bot.com/)"
167.114.101.80 - - [08/Dec/2022:17:28:26 +0100] "GET /PmWiki/Functions?action=edit HTTP/1.1" 403 18 "-" "Mozilla/5.0 (compatible; MJ12bot/v1.4.8; http://mj12bot.com/)"
167.114.101.80 - - [08/Dec/2022:17:28:30 +0100] "GET /PmWiki/Glossary?action=edit HTTP/1.1" 403 18 "-" "Mozilla/5.0 (compatible; MJ12bot/v1.4.8; http://mj12bot.com/)"
167.114.101.80 - - [08/Dec/2022:17:28:34 +0100] "GET /PmWiki/GoodStyle?action=edit HTTP/1.1" 403 18 "-" "Mozilla/5.0 (compatible; MJ12bot/v1.4.8; http://mj12bot.com/)"
167.114.101.80 - - [08/Dec/2022:17:28:37 +0100] "GET /PmWiki/GroupAttributes?action=edit HTTP/1.1" 403 18 "-" "Mozilla/5.0 (compatible; MJ12bot/v1.4.8; http://mj12bot.com/)"
167.114.101.80 - - [08/Dec/2022:17:28:40 +0100] "GET /PmWiki/GroupCustomizations?action=edit HTTP/1.1" 403 18 "-" "Mozilla/5.0 (compatible; MJ12bot/v1.4.8; http://mj12bot.com/)"
167.114.101.80 - - [08/Dec/2022:17:28:44 +0100] "GET /PmWiki/GroupHeader?action=edit HTTP/1.1" 403 18 "-" "Mozilla/5.0 (compatible; MJ12bot/v1.4.8; http://mj12bot.com/)"
167.114.101.80 - - [08/Dec/2022:17:28:47 +0100] "GET /PmWiki/GroupHeaders?action=edit HTTP/1.1" 403 18 "-" "Mozilla/5.0 (compatible; MJ12bot/v1.4.8; http://mj12bot.com/)"
167.114.101.80 - - [08/Dec/2022:17:28:51 +0100] "GET /PmWiki/I18nVariables?action=edit HTTP/1.1" 403 18 "-" "Mozilla/5.0 (compatible; MJ12bot/v1.4.8; http://mj12bot.com/)"
167.114.101.80 - - [08/Dec/2022:17:28:54 +0100] "GET /PmWiki/Images?action=edit HTTP/1.1" 403 18 "-" "Mozilla/5.0 (compatible; MJ12bot/v1.4.8; http://mj12bot.com/)"
167.114.101.80 - - [08/Dec/2022:17:28:57 +0100] "GET /PmWiki/IncludeOtherPages?action=edit HTTP/1.1" 403 18 "-" "Mozilla/5.0 (compatible; MJ12bot/v1.4.8; http://mj12bot.com/)"
167.114.101.80 - - [08/Dec/2022:17:29:00 +0100] "GET /PmWiki/InitialSetupTasks?action=edit HTTP/1.1" 403 18 "-" "Mozilla/5.0 (compatible; MJ12bot/v1.4.8; http://mj12bot.com/)"
167.114.101.80 - - [08/Dec/2022:17:29:03 +0100] "GET /PmWiki/InterMap?action=edit HTTP/1.1" 403 18 "-" "Mozilla/5.0 (compatible; MJ12bot/v1.4.8; http://mj12bot.com/)"
167.114.101.80 - - [08/Dec/2022:17:29:06 +0100] "GET /PmWiki/PageDirectives?action=edit HTTP/1.1" 403 18 "-" "Mozilla/5.0 (compatible; MJ12bot/v1.4.8; http://mj12bot.com/)"
167.114.101.80 - - [08/Dec/2022:17:29:10 +0100] "GET /PmWiki/PageHistory?action=edit HTTP/1.1" 403 18 "-" "Mozilla/5.0 (compatible; MJ12bot/v1.4.8; http://mj12bot.com/)"
167.114.101.80 - - [08/Dec/2022:17:29:13 +0100] "GET /PmWiki/PatrickMichaud?action=edit HTTP/1.1" 403 18 "-" "Mozilla/5.0 (compatible; MJ12bot/v1.4.8; http://mj12bot.com/)"
194.110.203.41 - - [08/Dec/2022:17:31:45 +0100] "GET /db/db.php.bak HTTP/1.1" 404 272 "-" "Firefox"
185.15.56.1 - - [08/Dec/2022:17:37:59 +0100] "GET / HTTP/1.1" 200 14168 "-" "BorkedBot[Wikidata]"
185.191.171.34 - - [08/Dec/2022:17:44:28 +0100] "GET /robots.txt HTTP/1.1" 200 - "-" "Mozilla/5.0 (compatible; SemrushBot/7~bl; +http://www.semrush.com/bot.html)"
185.191.171.4 - - [08/Dec/2022:17:44:29 +0100] "GET /robots.txt HTTP/1.1" 200 - "-" "Mozilla/5.0 (compatible; SemrushBot/7~bl; +http://www.semrush.com/bot.html)"
185.191.171.41 - - [08/Dec/2022:17:44:31 +0100] "GET /pmwiki.php?n=Main.DocumedGalenicaVsYwesee HTTP/1.1" 200 35251 "-" "Mozilla/5.0 (compatible; SemrushBot/7~bl; +http://www.semrush.com/bot.html)"
8.29.198.27 - - [08/Dec/2022:17:48:23 +0100] "GET /pmwiki.php/Site/AllRecentChanges?action=rss HTTP/1.1" 200 2548 "-" "Feedly/1.0 (+http://www.feedly.com/fetcher.html; 5 subscribers; like FeedFetcher-Google)"
85.208.98.18 - - [08/Dec/2022:17:49:23 +0100] "GET / HTTP/1.1" 200 14168 "-" "Mozilla/5.0 (compatible; SemrushBot; +http://www.semrush.com/bot.html)"
194.209.200.2 - - [08/Dec/2022:17:50:58 +0100] "GET /robots.txt HTTP/1.1" 200 - "-" "Mozilla/5.0 (compatible; TMMBot/0.2; +http://www.dslab.ch)/Nutch-1.15"
194.209.200.2 - - [08/Dec/2022:17:50:58 +0100] "GET /Miele/MieleLXIV HTTP/1.1" 200 15367 "-" "Mozilla/5.0 (compatible; TMMBot/0.2; +http://www.dslab.ch)/Nutch-1.15"
117.50.109.119 - - [08/Dec/2022:17:51:52 +0100] "GET / HTTP/1.1" 200 14168 "-" "Mozilla/5.0 (Windows NT 6.1; Win64; x64) AppleWebKit/537.36 (KHTML, like Gecko) Chrome/89.0.4389.114 Safari/537.36"
194.209.200.2 - - [08/Dec/2022:17:52:43 +0100] "GET /ODDB/StammdatenCH HTTP/1.1" 200 9300 "-" "Mozilla/5.0 (compatible; TMMBot/0.2; +http://www.dslab.ch)/Nutch-1.15"
194.209.200.2 - - [08/Dec/2022:17:53:11 +0100] "GET /Main/2006 HTTP/1.1" 200 39320 "-" "Mozilla/5.0 (compatible; TMMBot/0.2; +http://www.dslab.ch)/Nutch-1.15"
64.71.157.124 - - [08/Dec/2022:17:54:13 +0100] "GET /pmwiki.php/Site/AllRecentChanges?action=rss HTTP/1.1" 200 2548 "-" "Feedbin feed-id:590358 - 1 subscribers"
194.209.200.2 - - [08/Dec/2022:17:54:14 +0100] "GET /Software/Spreadsheet HTTP/1.1" 200 8839 "-" "Mozilla/5.0 (compatible; TMMBot/0.2; +http://www.dslab.ch)/Nutch-1.15"
194.209.200.2 - - [08/Dec/2022:17:54:19 +0100] "GET /Main/2020 HTTP/1.1" 200 15398 "-" "Mozilla/5.0 (compatible; TMMBot/0.2; +http://www.dslab.ch)/Nutch-1.15"
194.209.200.2 - - [08/Dec/2022:17:55:27 +0100] "GET /robots.txt HTTP/1.1" 200 - "-" "Mozilla/5.0 (compatible; TMMBot/0.2; +http://www.dslab.ch)/Nutch-1.15"
194.209.200.2 - - [08/Dec/2022:17:56:01 +0100] "GET /AmiKo/Web HTTP/1.1" 200 9588 "-" "Mozilla/5.0 (compatible; TMMBot/0.2; +http://www.dslab.ch)/Nutch-1.15"
194.209.200.2 - - [08/Dec/2022:17:58:40 +0100] "GET /Ywesee/About HTTP/1.1" 200 9132 "-" "Mozilla/5.0 (compatible; TMMBot/0.2; +http://www.dslab.ch)/Nutch-1.15"
46.35.252.130 - - [08/Dec/2022:18:07:20 +0100] "GET / HTTP/1.1" 200 14168 "-" "Mozilla/5.0 (Windows NT 10.0; WOW64) AppleWebKit/537.36 (KHTML, like Gecko) Chrome/103.0.0.0 Safari/537.36"
46.35.252.130 - - [08/Dec/2022:18:07:23 +0100] "GET /Ywesee/Kontakt HTTP/1.1" 200 8973 "https://ywesee.com/" "Mozilla/5.0 (Windows NT 10.0; WOW64) AppleWebKit/537.36 (KHTML, like Gecko) Chrome/103.0.0.0 Safari/537.36"
64.124.8.23 - - [08/Dec/2022:18:16:04 +0100] "GET /robots.txt HTTP/1.1" 200 - "-" "Mozilla/5.0 (X11; Linux x86_64) AppleWebKit/537.36 (KHTML, like Gecko) Chrome/61.0.3163.79 Safari/537.36"
64.124.8.23 - - [08/Dec/2022:18:16:04 +0100] "GET /uploads/Main/162_Rundschreiben_30.6.2005.txt HTTP/1.1" 304 - "-" "Mozilla/5.0 (X11; Linux x86_64) AppleWebKit/537.36 (KHTML, like Gecko) Chrome/61.0.3163.79 Safari/537.36"
66.102.6.8 - - [08/Dec/2022:18:20:31 +0100] "HEAD /pmwiki.php/Site/AllRecentChanges?action=rss HTTP/1.1" 200 - "-" "FeedBurner/1.0 (http://www.FeedBurner.com)"
66.102.6.4 - - [08/Dec/2022:18:20:32 +0100] "GET /pmwiki.php/Site/AllRecentChanges?action=rss HTTP/1.1" 200 2548 "-" "FeedBurner/1.0 (http://www.FeedBurner.com)"
8.29.198.25 - - [08/Dec/2022:18:22:17 +0100] "GET /pmwiki.php/Site/AllRecentChanges?action=rss HTTP/1.1" 200 2548 "-" "Feedly/1.0 (+http://www.feedly.com/fetcher.html; 5 subscribers; like FeedFetcher-Google)"
194.209.200.2 - - [08/Dec/2022:18:37:10 +0100] "GET /robots.txt HTTP/1.1" 200 - "-" "Mozilla/5.0 (compatible; TMMBot/0.2; +http://www.dslab.ch)/Nutch-1.15"
194.209.200.2 - - [08/Dec/2022:18:37:11 +0100] "GET /Oddb2xml/Index HTTP/1.1" 200 8983 "-" "Mozilla/5.0 (compatible; TMMBot/0.2; +http://www.dslab.ch)/Nutch-1.15"
194.209.200.2 - - [08/Dec/2022:18:37:33 +0100] "GET /Miele/MieleLXIV HTTP/1.1" 200 15367 "-" "Mozilla/5.0 (compatible; TMMBot/0.2; +http://www.dslab.ch)/Nutch-1.15"
194.209.200.2 - - [08/Dec/2022:18:39:07 +0100] "GET /ODDB/StammdatenCH HTTP/1.1" 200 9300 "-" "Mozilla/5.0 (compatible; TMMBot/0.2; +http://www.dslab.ch)/Nutch-1.15"
194.209.200.2 - - [08/Dec/2022:18:39:31 +0100] "GET /Main/2006 HTTP/1.1" 200 39320 "-" "Mozilla/5.0 (compatible; TMMBot/0.2; +http://www.dslab.ch)/Nutch-1.15"
194.209.200.2 - - [08/Dec/2022:18:40:28 +0100] "GET /Main/2020 HTTP/1.1" 200 15398 "-" "Mozilla/5.0 (compatible; TMMBot/0.2; +http://www.dslab.ch)/Nutch-1.15"
194.209.200.2 - - [08/Dec/2022:18:41:24 +0100] "GET /robots.txt HTTP/1.1" 200 - "-" "Mozilla/5.0 (compatible; TMMBot/0.2; +http://www.dslab.ch)/Nutch-1.15"
194.209.200.2 - - [08/Dec/2022:18:41:56 +0100] "GET /AmiKo/Web HTTP/1.1" 200 9588 "-" "Mozilla/5.0 (compatible; TMMBot/0.2; +http://www.dslab.ch)/Nutch-1.15"
114.119.157.112 - - [08/Dec/2022:18:42:39 +0100] "GET /robots.txt HTTP/1.1" 200 - "-" "Mozilla/5.0 (compatible;PetalBot;+https://webmaster.petalsearch.com/site/petalbot)"
64.124.8.25 - - [08/Dec/2022:18:43:03 +0100] "GET /robots.txt HTTP/1.1" 200 - "-" "Mozilla/5.0 (X11; Linux x86_64) AppleWebKit/537.36 (KHTML, like Gecko) Chrome/61.0.3163.79 Safari/537.36"
64.124.8.25 - - [08/Dec/2022:18:43:03 +0100] "GET /pmwiki.php/Software/ChODDB HTTP/1.1" 200 8467 "-" "Mozilla/5.0 (X11; Linux x86_64) AppleWebKit/537.36 (KHTML, like Gecko) Chrome/61.0.3163.79 Safari/537.36"
194.209.200.2 - - [08/Dec/2022:18:43:43 +0100] "GET /Main/2016 HTTP/1.1" 200 13689 "-" "Mozilla/5.0 (compatible; TMMBot/0.2; +http://www.dslab.ch)/Nutch-1.15"
194.209.200.2 - - [08/Dec/2022:18:44:23 +0100] "GET /Ywesee/About HTTP/1.1" 200 9132 "-" "Mozilla/5.0 (compatible; TMMBot/0.2; +http://www.dslab.ch)/Nutch-1.15"
64.124.8.25 - - [08/Dec/2022:18:44:56 +0100] "GET /pmwiki.php/Main/DocumedGalenicaVsYwesee HTTP/1.1" 200 35251 "-" "Mozilla/5.0 (X11; Linux x86_64) AppleWebKit/537.36 (KHTML, like Gecko) Chrome/61.0.3163.79 Safari/537.36"
64.71.157.120 - - [08/Dec/2022:18:47:11 +0100] "GET /pmwiki.php/Site/AllRecentChanges?action=rss HTTP/1.1" 200 2548 "-" "Feedbin feed-id:590358 - 1 subscribers"
54.36.148.206 - - [08/Dec/2022:18:47:50 +0100] "GET / HTTP/1.1" 200 14168 "-" "Mozilla/5.0 (compatible; AhrefsBot/7.0; +http://ahrefs.com/robot/)"
8.29.198.26 - - [08/Dec/2022:18:52:53 +0100] "GET /pmwiki.php/Site/AllRecentChanges?action=rss HTTP/1.1" 200 2548 "-" "Feedly/1.0 (+http://www.feedly.com/fetcher.html; 5 subscribers; like FeedFetcher-Google)"
66.102.6.8 - - [08/Dec/2022:19:09:08 +0100] "HEAD /pmwiki.php/Site/AllRecentChanges?action=rss HTTP/1.1" 200 - "-" "FeedBurner/1.0 (http://www.FeedBurner.com)"
66.102.6.8 - - [08/Dec/2022:19:09:09 +0100] "GET /pmwiki.php/Site/AllRecentChanges?action=rss HTTP/1.1" 200 2548 "-" "FeedBurner/1.0 (http://www.FeedBurner.com)"
62.210.215.119 - - [08/Dec/2022:19:11:24 +0100] "GET /Site/AllRecentChanges?action=rss HTTP/1.1" 200 2548 "-" "Mozilla/5.0 (X11; Linux i686) AppleWebKit/537.36 (KHTML, like Gecko) Chrome/30.0.1599.66 Safari/537.36"
54.36.148.36 - - [08/Dec/2022:19:15:39 +0100] "GET /AmiKo/OSX HTTP/1.1" 200 9772 "-" "Mozilla/5.0 (compatible; AhrefsBot/7.0; +http://ahrefs.com/robot/)"
40.77.167.49 - - [08/Dec/2022:19:19:54 +0100] "GET /Main/Index HTTP/1.1" 200 8387 "-" "Mozilla/5.0 AppleWebKit/537.36 (KHTML, like Gecko; compatible; bingbot/2.0; +http://www.bing.com/bingbot.htm) Chrome/103.0.5060.134 Safari/537.36"
54.36.148.15 - - [08/Dec/2022:19:21:41 +0100] "GET /Main/MiGel HTTP/1.1" 200 16437 "-" "Mozilla/5.0 (compatible; AhrefsBot/7.0; +http://ahrefs.com/robot/)"
125.87.84.173 - - [08/Dec/2022:19:21:42 +0100] "GET / HTTP/1.1" 200 14168 "-" "Mozilla/5.0 (iPhone; CPU iPhone OS 11_0 like Mac OS X) AppleWebKit/604.1.38 (KHTML, like Gecko) Version/11.0 Mobile/15A372 Safari/604.1"
39.173.107.98 - - [08/Dec/2022:19:21:43 +0100] "GET /pub/skins/ywesee/gila.css HTTP/1.1" 200 8276 "-" "Mozilla/5.0 (iPhone; CPU iPhone OS 11_0 like Mac OS X) AppleWebKit/604.1.38 (KHTML, like Gecko) Version/11.0 Mobile/15A372 Safari/604.1"
165.227.93.224 - - [08/Dec/2022:19:21:56 +0100] "GET /wp-login.php HTTP/1.1" 404 271 "http://ywesee.net/wp-login.php" "Mozilla/5.0 (Windows NT 10.0; Win64; x64; rv:96.0) Gecko/20100101 Firefox/96"
64.124.8.44 - - [08/Dec/2022:19:22:26 +0100] "GET /robots.txt HTTP/1.1" 200 - "-" "Mozilla/5.0 (X11; Linux x86_64) AppleWebKit/537.36 (KHTML, like Gecko) Chrome/61.0.3163.79 Safari/537.36"
64.124.8.44 - - [08/Dec/2022:19:22:27 +0100] "GET /Main/2008 HTTP/1.1" 200 34740 "-" "Mozilla/5.0 (X11; Linux x86_64) AppleWebKit/537.36 (KHTML, like Gecko) Chrome/61.0.3163.79 Safari/537.36"
64.124.8.37 - - [08/Dec/2022:19:23:04 +0100] "GET /robots.txt HTTP/1.1" 200 - "-" "Mozilla/5.0 (X11; Linux x86_64) AppleWebKit/537.36 (KHTML, like Gecko) Chrome/61.0.3163.79 Safari/537.36"
64.124.8.37 - - [08/Dec/2022:19:23:05 +0100] "GET /robots.txt HTTP/1.1" 200 - "-" "Mozilla/5.0 (X11; Linux x86_64) AppleWebKit/537.36 (KHTML, like Gecko) Chrome/61.0.3163.79 Safari/537.36"
64.124.8.37 - - [08/Dec/2022:19:23:05 +0100] "GET / HTTP/1.1" 200 14168 "-" "Mozilla/5.0 (X11; Linux x86_64) AppleWebKit/537.36 (KHTML, like Gecko) Chrome/61.0.3163.79 Safari/537.36"
152.160.235.235 - - [08/Dec/2022:19:25:11 +0100] "GET /wp-login.php HTTP/1.1" 404 271 "http://ywesee.ch/wp-login.php" "Mozilla/5.0 (Windows NT 10.0; Win64; x64; rv:96.0) Gecko/20100101 Firefox/96"
37.139.53.10 - - [08/Dec/2022:19:33:33 +0100] "GET /Software/Spreadsheet HTTP/1.0" 200 8839 "https://www.ywesee.com/Software/Spreadsheet" "Mozilla/5.0 (Windows NT 6.2; Win64; x64) AppleWebKit/537.36 (KHTML, like Gecko) Chrome/90.0.4430.72 Safari/537.36"
85.208.98.18 - - [08/Dec/2022:19:36:29 +0100] "GET /PmWiki/Links HTTP/1.1" 200 37854 "-" "Mozilla/5.0 (compatible; SemrushBot; +http://www.semrush.com/bot.html)"
194.209.200.2 - - [08/Dec/2022:19:39:48 +0100] "GET /robots.txt HTTP/1.1" 200 - "-" "Mozilla/5.0 (compatible; TMMBot/0.2; +http://www.dslab.ch)/Nutch-1.15"
194.209.200.2 - - [08/Dec/2022:19:39:48 +0100] "GET /Oddb2xml/Index HTTP/1.1" 200 8983 "-" "Mozilla/5.0 (compatible; TMMBot/0.2; +http://www.dslab.ch)/Nutch-1.15"
194.209.200.2 - - [08/Dec/2022:19:40:11 +0100] "GET /Miele/MieleLXIV HTTP/1.1" 200 15367 "-" "Mozilla/5.0 (compatible; TMMBot/0.2; +http://www.dslab.ch)/Nutch-1.15"
64.71.157.121 - - [08/Dec/2022:19:40:52 +0100] "GET /pmwiki.php/Site/AllRecentChanges?action=rss HTTP/1.1" 200 2548 "-" "Feedbin feed-id:590358 - 1 subscribers"
194.209.200.2 - - [08/Dec/2022:19:41:46 +0100] "GET /ODDB/StammdatenCH HTTP/1.1" 200 9300 "-" "Mozilla/5.0 (compatible; TMMBot/0.2; +http://www.dslab.ch)/Nutch-1.15"
194.209.200.2 - - [08/Dec/2022:19:42:09 +0100] "GET /Main/2006 HTTP/1.1" 200 39320 "-" "Mozilla/5.0 (compatible; TMMBot/0.2; +http://www.dslab.ch)/Nutch-1.15"
194.209.200.2 - - [08/Dec/2022:19:43:02 +0100] "GET /Software/Spreadsheet HTTP/1.1" 200 8839 "-" "Mozilla/5.0 (compatible; TMMBot/0.2; +http://www.dslab.ch)/Nutch-1.15"
194.209.200.2 - - [08/Dec/2022:19:43:05 +0100] "GET /Main/2020 HTTP/1.1" 200 15398 "-" "Mozilla/5.0 (compatible; TMMBot/0.2; +http://www.dslab.ch)/Nutch-1.15"
194.209.200.2 - - [08/Dec/2022:19:43:59 +0100] "GET /robots.txt HTTP/1.1" 200 - "-" "Mozilla/5.0 (compatible; TMMBot/0.2; +http://www.dslab.ch)/Nutch-1.15"
194.209.200.2 - - [08/Dec/2022:19:44:30 +0100] "GET /AmiKo/Web HTTP/1.1" 200 9588 "-" "Mozilla/5.0 (compatible; TMMBot/0.2; +http://www.dslab.ch)/Nutch-1.15"
194.209.200.2 - - [08/Dec/2022:19:45:26 +0100] "GET /Ywesee/OpenSource HTTP/1.1" 200 10790 "-" "Mozilla/5.0 (compatible; TMMBot/0.2; +http://www.dslab.ch)/Nutch-1.15"
66.249.73.43 - - [08/Dec/2022:19:45:42 +0100] "GET /robots.txt HTTP/1.1" 200 - "-" "Mozilla/5.0 (compatible; Googlebot/2.1; +http://www.google.com/bot.html)"
66.249.73.43 - - [08/Dec/2022:19:45:42 +0100] "GET /Main/MiGel HTTP/1.1" 200 16437 "-" "Mozilla/5.0 (Linux; Android 6.0.1; Nexus 5X Build/MMB29P) AppleWebKit/537.36 (KHTML, like Gecko) Chrome/107.0.5304.110 Mobile Safari/537.36 (compatible; Googlebot/2.1; +http://www.google.com/bot.html)"
194.209.200.2 - - [08/Dec/2022:19:46:21 +0100] "GET /Main/2016 HTTP/1.1" 200 13689 "-" "Mozilla/5.0 (compatible; TMMBot/0.2; +http://www.dslab.ch)/Nutch-1.15"
194.209.200.2 - - [08/Dec/2022:19:47:01 +0100] "GET /Ywesee/About HTTP/1.1" 200 9132 "-" "Mozilla/5.0 (compatible; TMMBot/0.2; +http://www.dslab.ch)/Nutch-1.15"
162.215.10.229 - - [08/Dec/2022:19:47:01 +0100] "GET /wp-login.php HTTP/1.1" 404 271 "http://ywesee.org/wp-login.php" "Mozilla/5.0 (Windows NT 10.0; Win64; x64; rv:96.0) Gecko/20100101 Firefox/96"
40.77.167.49 - - [08/Dec/2022:19:49:27 +0100] "GET /Main/Index HTTP/1.1" 200 8387 "-" "Mozilla/5.0 (compatible; bingbot/2.0; +http://www.bing.com/bingbot.htm)"
64.124.8.59 - - [08/Dec/2022:19:52:23 +0100] "GET /robots.txt HTTP/1.1" 200 - "-" "Mozilla/5.0 (X11; Linux x86_64) AppleWebKit/537.36 (KHTML, like Gecko) Chrome/61.0.3163.79 Safari/537.36"
64.124.8.59 - - [08/Dec/2022:19:52:24 +0100] "GET /Main/2014 HTTP/1.1" 200 19471 "-" "Mozilla/5.0 (X11; Linux x86_64) AppleWebKit/537.36 (KHTML, like Gecko) Chrome/61.0.3163.79 Safari/537.36"
185.191.171.20 - - [08/Dec/2022:19:58:00 +0100] "GET /robots.txt HTTP/1.1" 200 - "-" "Mozilla/5.0 (compatible; SemrushBot/7~bl; +http://www.semrush.com/bot.html)"
185.191.171.8 - - [08/Dec/2022:19:58:01 +0100] "GET /Main/2015 HTTP/1.1" 200 15908 "-" "Mozilla/5.0 (compatible; SemrushBot/7~bl; +http://www.semrush.com/bot.html)"
69.160.160.59 - - [08/Dec/2022:19:59:08 +0100] "GET / HTTP/1.1" 200 14168 "-" "Mozilla/5.0 (X11; Linux x86_64) AppleWebKit/537.36 (KHTML, like Gecko) HeadlessChrome/92.0.4515.107 Safari/537.36"
69.160.160.59 - - [08/Dec/2022:19:59:10 +0100] "GET /pub/skins/ywesee/gila.css HTTP/1.1" 200 8276 "-" "Mozilla/5.0 (X11; Linux x86_64) AppleWebKit/537.36 (KHTML, like Gecko) HeadlessChrome/92.0.4515.107 Safari/537.36"
69.160.160.59 - - [08/Dec/2022:19:59:10 +0100] "GET /uploads/Main/yweseelogo.gif HTTP/1.1" 200 2982 "https://ywesee.com/" "Mozilla/5.0 (X11; Linux x86_64) AppleWebKit/537.36 (KHTML, like Gecko) HeadlessChrome/92.0.4515.107 Safari/537.36"
66.102.6.6 - - [08/Dec/2022:20:06:27 +0100] "HEAD /pmwiki.php/Site/AllRecentChanges?action=rss HTTP/1.1" 200 - "-" "FeedBurner/1.0 (http://www.FeedBurner.com)"
66.102.6.8 - - [08/Dec/2022:20:06:28 +0100] "GET /pmwiki.php/Site/AllRecentChanges?action=rss HTTP/1.1" 200 2548 "-" "FeedBurner/1.0 (http://www.FeedBurner.com)"
8.29.198.27 - - [08/Dec/2022:20:11:11 +0100] "GET /pmwiki.php/Site/AllRecentChanges?action=rss HTTP/1.1" 200 2548 "-" "Feedly/1.0 (+http://www.feedly.com/fetcher.html; 5 subscribers; like FeedFetcher-Google)"
194.209.200.2 - - [08/Dec/2022:20:17:40 +0100] "GET /robots.txt HTTP/1.1" 200 - "-" "Mozilla/5.0 (compatible; TMMBot/0.2; +http://www.dslab.ch)/Nutch-1.15"
194.209.200.2 - - [08/Dec/2022:20:17:40 +0100] "GET /Oddb2xml/Index HTTP/1.1" 200 8983 "-" "Mozilla/5.0 (compatible; TMMBot/0.2; +http://www.dslab.ch)/Nutch-1.15"
194.209.200.2 - - [08/Dec/2022:20:18:02 +0100] "GET /Miele/MieleLXIV HTTP/1.1" 200 15367 "-" "Mozilla/5.0 (compatible; TMMBot/0.2; +http://www.dslab.ch)/Nutch-1.15"
194.209.200.2 - - [08/Dec/2022:20:19:34 +0100] "GET /ODDB/StammdatenCH HTTP/1.1" 200 9300 "-" "Mozilla/5.0 (compatible; TMMBot/0.2; +http://www.dslab.ch)/Nutch-1.15"
194.209.200.2 - - [08/Dec/2022:20:19:58 +0100] "GET /Main/2006 HTTP/1.1" 200 39320 "-" "Mozilla/5.0 (compatible; TMMBot/0.2; +http://www.dslab.ch)/Nutch-1.15"
34.217.0.87 - - [08/Dec/2022:20:20:44 +0100] "GET / HTTP/1.1" 200 14168 "-" "Mozilla/5.0 (X11; Linux x86_64) AppleWebKit/537.36 (KHTML, like Gecko) Chrome/83.0.4103.97 Safari/537.36"
35.91.81.12 - - [08/Dec/2022:20:20:44 +0100] "GET / HTTP/1.1" 200 14168 "-" "Mozilla/5.0 (X11; Linux x86_64) AppleWebKit/537.36 (KHTML, like Gecko) Chrome/83.0.4103.97 Safari/537.36"
194.209.200.2 - - [08/Dec/2022:20:20:53 +0100] "GET /Software/Spreadsheet HTTP/1.1" 200 8839 "-" "Mozilla/5.0 (compatible; TMMBot/0.2; +http://www.dslab.ch)/Nutch-1.15"
194.209.200.2 - - [08/Dec/2022:20:20:57 +0100] "GET /Main/2020 HTTP/1.1" 200 15398 "-" "Mozilla/5.0 (compatible; TMMBot/0.2; +http://www.dslab.ch)/Nutch-1.15"
194.209.200.2 - - [08/Dec/2022:20:21:52 +0100] "GET /robots.txt HTTP/1.1" 200 - "-" "Mozilla/5.0 (compatible; TMMBot/0.2; +http://www.dslab.ch)/Nutch-1.15"
52.38.95.33 - - [08/Dec/2022:20:22:22 +0100] "GET / HTTP/1.1" 200 14168 "-" "Mozilla/5.0 (X11; Linux x86_64) AppleWebKit/537.36 (KHTML, like Gecko) Chrome/83.0.4103.97 Safari/537.36"
194.209.200.2 - - [08/Dec/2022:20:22:25 +0100] "GET /AmiKo/Web HTTP/1.1" 200 9588 "-" "Mozilla/5.0 (compatible; TMMBot/0.2; +http://www.dslab.ch)/Nutch-1.15"
212.51.146.241 - - [08/Dec/2022:20:23:37 +0100] "GET / HTTP/1.1" 200 14168 "-" "Mozilla/5.0 (X11; Linux x86_64) AppleWebKit/537.36 (KHTML, like Gecko) Chrome/109.0.0.0 Safari/537.36 Edg/109.0.0.0"
212.51.146.241 - - [08/Dec/2022:20:23:37 +0100] "GET /pub/skins/ywesee/gila.css HTTP/1.1" 200 8276 "https://ywesee.com/" "Mozilla/5.0 (X11; Linux x86_64) AppleWebKit/537.36 (KHTML, like Gecko) Chrome/109.0.0.0 Safari/537.36 Edg/109.0.0.0"
212.51.146.241 - - [08/Dec/2022:20:23:37 +0100] "GET /uploads/Main/yweseelogo.gif HTTP/1.1" 200 2982 "https://ywesee.com/" "Mozilla/5.0 (X11; Linux x86_64) AppleWebKit/537.36 (KHTML, like Gecko) Chrome/109.0.0.0 Safari/537.36 Edg/109.0.0.0"
212.51.146.241 - - [08/Dec/2022:20:23:40 +0100] "GET / HTTP/1.1" 200 14168 "-" "Mozilla/5.0 (X11; Linux x86_64) AppleWebKit/537.36 (KHTML, like Gecko) Chrome/109.0.0.0 Safari/537.36 Edg/109.0.0.0"
212.51.146.241 - - [08/Dec/2022:20:23:40 +0100] "GET /favicon.ico HTTP/1.1" 200 1406 "https://ywesee.com/" "Mozilla/5.0 (X11; Linux x86_64) AppleWebKit/537.36 (KHTML, like Gecko) Chrome/109.0.0.0 Safari/537.36 Edg/109.0.0.0"
212.51.146.241 - - [08/Dec/2022:20:23:43 +0100] "GET /Main/Home?action=edit HTTP/1.1" 200 9272 "https://ywesee.com/" "Mozilla/5.0 (X11; Linux x86_64) AppleWebKit/537.36 (KHTML, like Gecko) Chrome/109.0.0.0 Safari/537.36 Edg/109.0.0.0"
212.51.146.241 - - [08/Dec/2022:20:23:43 +0100] "GET /pub/speller/spellChecker.js HTTP/1.1" 200 13948 "https://www.ywesee.com/Main/Home?action=edit" "Mozilla/5.0 (X11; Linux x86_64) AppleWebKit/537.36 (KHTML, like Gecko) Chrome/109.0.0.0 Safari/537.36 Edg/109.0.0.0"
212.51.146.241 - - [08/Dec/2022:20:23:43 +0100] "GET /pub/guiedit/guiedit.js HTTP/1.1" 200 2679 "https://www.ywesee.com/Main/Home?action=edit" "Mozilla/5.0 (X11; Linux x86_64) AppleWebKit/537.36 (KHTML, like Gecko) Chrome/109.0.0.0 Safari/537.36 Edg/109.0.0.0"
212.51.146.241 - - [08/Dec/2022:20:23:43 +0100] "GET /favicon.ico HTTP/1.1" 200 1406 "https://www.ywesee.com/Main/Home?action=edit" "Mozilla/5.0 (X11; Linux x86_64) AppleWebKit/537.36 (KHTML, like Gecko) Chrome/109.0.0.0 Safari/537.36 Edg/109.0.0.0"
212.51.146.241 - - [08/Dec/2022:20:23:44 +0100] "POST /Main/Home?action=edit HTTP/1.1" 200 20573 "https://www.ywesee.com/Main/Home?action=edit" "Mozilla/5.0 (X11; Linux x86_64) AppleWebKit/537.36 (KHTML, like Gecko) Chrome/109.0.0.0 Safari/537.36 Edg/109.0.0.0"
212.51.146.241 - - [08/Dec/2022:20:23:45 +0100] "GET /pub/guiedit/em.gif HTTP/1.1" 200 710 "https://www.ywesee.com/Main/Home?action=edit" "Mozilla/5.0 (X11; Linux x86_64) AppleWebKit/537.36 (KHTML, like Gecko) Chrome/109.0.0.0 Safari/537.36 Edg/109.0.0.0"
212.51.146.241 - - [08/Dec/2022:20:23:45 +0100] "GET /pub/guiedit/strong.gif HTTP/1.1" 200 712 "https://www.ywesee.com/Main/Home?action=edit" "Mozilla/5.0 (X11; Linux x86_64) AppleWebKit/537.36 (KHTML, like Gecko) Chrome/109.0.0.0 Safari/537.36 Edg/109.0.0.0"
212.51.146.241 - - [08/Dec/2022:20:23:45 +0100] "GET /pub/guiedit/pagelink.gif HTTP/1.1" 200 707 "https://www.ywesee.com/Main/Home?action=edit" "Mozilla/5.0 (X11; Linux x86_64) AppleWebKit/537.36 (KHTML, like Gecko) Chrome/109.0.0.0 Safari/537.36 Edg/109.0.0.0"
212.51.146.241 - - [08/Dec/2022:20:23:45 +0100] "GET /pub/guiedit/extlink.gif HTTP/1.1" 200 716 "https://www.ywesee.com/Main/Home?action=edit" "Mozilla/5.0 (X11; Linux x86_64) AppleWebKit/537.36 (KHTML, like Gecko) Chrome/109.0.0.0 Safari/537.36 Edg/109.0.0.0"
212.51.146.241 - - [08/Dec/2022:20:23:45 +0100] "GET /pub/guiedit/attach.gif HTTP/1.1" 200 772 "https://www.ywesee.com/Main/Home?action=edit" "Mozilla/5.0 (X11; Linux x86_64) AppleWebKit/537.36 (KHTML, like Gecko) Chrome/109.0.0.0 Safari/537.36 Edg/109.0.0.0"
212.51.146.241 - - [08/Dec/2022:20:23:45 +0100] "GET /pub/guiedit/big.gif HTTP/1.1" 200 724 "https://www.ywesee.com/Main/Home?action=edit" "Mozilla/5.0 (X11; Linux x86_64) AppleWebKit/537.36 (KHTML, like Gecko) Chrome/109.0.0.0 Safari/537.36 Edg/109.0.0.0"
212.51.146.241 - - [08/Dec/2022:20:23:45 +0100] "GET /pub/guiedit/small.gif HTTP/1.1" 200 703 "https://www.ywesee.com/Main/Home?action=edit" "Mozilla/5.0 (X11; Linux x86_64) AppleWebKit/537.36 (KHTML, like Gecko) Chrome/109.0.0.0 Safari/537.36 Edg/109.0.0.0"
212.51.146.241 - - [08/Dec/2022:20:23:45 +0100] "GET /pub/guiedit/sup.gif HTTP/1.1" 200 719 "https://www.ywesee.com/Main/Home?action=edit" "Mozilla/5.0 (X11; Linux x86_64) AppleWebKit/537.36 (KHTML, like Gecko) Chrome/109.0.0.0 Safari/537.36 Edg/109.0.0.0"
212.51.146.241 - - [08/Dec/2022:20:23:45 +0100] "GET /pub/guiedit/sub.gif HTTP/1.1" 200 716 "https://www.ywesee.com/Main/Home?action=edit" "Mozilla/5.0 (X11; Linux x86_64) AppleWebKit/537.36 (KHTML, like Gecko) Chrome/109.0.0.0 Safari/537.36 Edg/109.0.0.0"
212.51.146.241 - - [08/Dec/2022:20:23:45 +0100] "GET /pub/guiedit/h.gif HTTP/1.1" 200 691 "https://www.ywesee.com/Main/Home?action=edit" "Mozilla/5.0 (X11; Linux x86_64) AppleWebKit/537.36 (KHTML, like Gecko) Chrome/109.0.0.0 Safari/537.36 Edg/109.0.0.0"
212.51.146.241 - - [08/Dec/2022:20:23:45 +0100] "GET /pub/guiedit/center.gif HTTP/1.1" 200 651 "https://www.ywesee.com/Main/Home?action=edit" "Mozilla/5.0 (X11; Linux x86_64) AppleWebKit/537.36 (KHTML, like Gecko) Chrome/109.0.0.0 Safari/537.36 Edg/109.0.0.0"
212.51.146.241 - - [08/Dec/2022:20:23:45 +0100] "GET /pub/guiedit/spellcheck.gif HTTP/1.1" 200 752 "https://www.ywesee.com/Main/Home?action=edit" "Mozilla/5.0 (X11; Linux x86_64) AppleWebKit/537.36 (KHTML, like Gecko) Chrome/109.0.0.0 Safari/537.36 Edg/109.0.0.0"
194.209.200.2 - - [08/Dec/2022:20:24:19 +0100] "GET /Main/2016 HTTP/1.1" 200 13689 "-" "Mozilla/5.0 (compatible; TMMBot/0.2; +http://www.dslab.ch)/Nutch-1.15"
212.51.146.241 - - [08/Dec/2022:20:24:32 +0100] "POST /Main/Home?action=edit HTTP/1.1" 302 154 "https://www.ywesee.com/Main/Home?action=edit" "Mozilla/5.0 (X11; Linux x86_64) AppleWebKit/537.36 (KHTML, like Gecko) Chrome/109.0.0.0 Safari/537.36 Edg/109.0.0.0"
212.51.146.241 - - [08/Dec/2022:20:24:32 +0100] "GET /Main/Home HTTP/1.1" 200 14558 "https://www.ywesee.com/Main/Home?action=edit" "Mozilla/5.0 (X11; Linux x86_64) AppleWebKit/537.36 (KHTML, like Gecko) Chrome/109.0.0.0 Safari/537.36 Edg/109.0.0.0"
212.51.146.241 - - [08/Dec/2022:20:24:34 +0100] "GET /Main/Home?action=upload&upname=Konsum.ch_November_2022.pdf HTTP/1.1" 200 122917 "https://www.ywesee.com/Main/Home" "Mozilla/5.0 (X11; Linux x86_64) AppleWebKit/537.36 (KHTML, like Gecko) Chrome/109.0.0.0 Safari/537.36 Edg/109.0.0.0"
212.51.146.241 - - [08/Dec/2022:20:24:39 +0100] "POST /Main/Home HTTP/1.1" 302 221 "https://www.ywesee.com/Main/Home?action=upload&upname=Konsum.ch_November_2022.pdf" "Mozilla/5.0 (X11; Linux x86_64) AppleWebKit/537.36 (KHTML, like Gecko) Chrome/109.0.0.0 Safari/537.36 Edg/109.0.0.0"
212.51.146.241 - - [08/Dec/2022:20:24:39 +0100] "GET /Main/Home?action=upload&uprname=Konsum.ch_November_2022.pdf&upresult=success HTTP/1.1" 200 123311 "https://www.ywesee.com/Main/Home?action=upload&upname=Konsum.ch_November_2022.pdf" "Mozilla/5.0 (X11; Linux x86_64) AppleWebKit/537.36 (KHTML, like Gecko) Chrome/109.0.0.0 Safari/537.36 Edg/109.0.0.0"
212.51.146.241 - - [08/Dec/2022:20:24:42 +0100] "GET /Main/Home?action=browse HTTP/1.1" 200 14382 "https://www.ywesee.com/Main/Home?action=upload&uprname=Konsum.ch_November_2022.pdf&upresult=success" "Mozilla/5.0 (X11; Linux x86_64) AppleWebKit/537.36 (KHTML, like Gecko) Chrome/109.0.0.0 Safari/537.36 Edg/109.0.0.0"
212.51.146.241 - - [08/Dec/2022:20:24:44 +0100] "GET /uploads/Main/Konsum.ch_November_2022.pdf HTTP/1.1" 200 813535 "https://www.ywesee.com/Main/Home?action=browse" "Mozilla/5.0 (X11; Linux x86_64) AppleWebKit/537.36 (KHTML, like Gecko) Chrome/109.0.0.0 Safari/537.36 Edg/109.0.0.0"
212.51.146.241 - - [08/Dec/2022:20:24:48 +0100] "GET /uploads/Main/Konsum.ch_November_2022.pdf HTTP/1.1" 304 - "https://www.ywesee.com/Main/Home?action=browse" "Mozilla/5.0 (X11; Linux x86_64) AppleWebKit/537.36 (KHTML, like Gecko) Chrome/109.0.0.0 Safari/537.36 Edg/109.0.0.0"
212.51.146.241 - - [08/Dec/2022:20:24:50 +0100] "GET /uploads/Main/Konsum.ch_November_2022.pdf HTTP/1.1" 304 - "https://www.ywesee.com/Main/Home?action=browse" "Mozilla/5.0 (X11; Linux x86_64) AppleWebKit/537.36 (KHTML, like Gecko) Chrome/109.0.0.0 Safari/537.36 Edg/109.0.0.0"
212.51.146.241 - - [08/Dec/2022:20:24:53 +0100] "GET /uploads/Main/Konsum.ch_November_2022.pdf HTTP/1.1" 304 - "https://www.ywesee.com/Main/Home?action=browse" "Mozilla/5.0 (X11; Linux x86_64) AppleWebKit/537.36 (KHTML, like Gecko) Chrome/109.0.0.0 Safari/537.36 Edg/109.0.0.0"
