81.209.177.145 - - [10/Jul/2022:07:25:53 +0200] "GET /AmiKo/OSXRezeptfunktion HTTP/1.1" 200 13751 "-" "netEstate NE Crawler (+http://www.website-datenbank.de/)"
81.209.177.145 - - [10/Jul/2022:07:26:01 +0200] "GET /uploads/Main/433_Email_an_samuel.aeschbacher_19.1.2009.txt HTTP/1.1" 200 5382 "-" "netEstate NE Crawler (+http://www.website-datenbank.de/)"
81.209.177.145 - - [10/Jul/2022:07:26:09 +0200] "GET /uploads/Main/von_SDA_19.2.2008.txt HTTP/1.1" 200 2038 "-" "netEstate NE Crawler (+http://www.website-datenbank.de/)"
81.209.177.145 - - [10/Jul/2022:07:26:17 +0200] "GET /Main/Elexis?action=diff HTTP/1.1" 403 18 "-" "netEstate NE Crawler (+http://www.website-datenbank.de/)"
81.209.177.145 - - [10/Jul/2022:07:26:25 +0200] "GET /Main/2017?action=diff HTTP/1.1" 403 18 "-" "netEstate NE Crawler (+http://www.website-datenbank.de/)"
81.209.177.145 - - [10/Jul/2022:07:26:35 +0200] "GET /Software/Spreadsheet?action=upload HTTP/1.1" 403 18 "-" "netEstate NE Crawler (+http://www.website-datenbank.de/)"
81.209.177.145 - - [10/Jul/2022:07:26:43 +0200] "GET /Swissmedic/PraeparatelisteMitWS?action=edit HTTP/1.1" 403 18 "-" "netEstate NE Crawler (+http://www.website-datenbank.de/)"
81.209.177.145 - - [10/Jul/2022:07:26:51 +0200] "GET /Main/Phostal?action=print HTTP/1.1" 403 18 "-" "netEstate NE Crawler (+http://www.website-datenbank.de/)"
81.209.177.145 - - [10/Jul/2022:07:27:00 +0200] "GET /Main/2016?n=Main.SideBar?action=edit HTTP/1.1" 403 18 "-" "netEstate NE Crawler (+http://www.website-datenbank.de/)"
81.209.177.145 - - [10/Jul/2022:07:27:16 +0200] "GET /AmiKo/Swisspeddose HTTP/1.1" 200 10537 "-" "netEstate NE Crawler (+http://www.website-datenbank.de/)"
81.209.177.145 - - [10/Jul/2022:07:27:25 +0200] "GET /AmiKo/SAPP HTTP/1.1" 200 12947 "-" "netEstate NE Crawler (+http://www.website-datenbank.de/)"
81.209.177.145 - - [10/Jul/2022:07:27:34 +0200] "GET /Software/YDIM?action=print HTTP/1.1" 403 18 "-" "netEstate NE Crawler (+http://www.website-datenbank.de/)"
81.209.177.145 - - [10/Jul/2022:07:27:42 +0200] "GET /InfoCodex/Index?action=diff HTTP/1.1" 403 18 "-" "netEstate NE Crawler (+http://www.website-datenbank.de/)"
81.209.177.145 - - [10/Jul/2022:07:27:50 +0200] "GET /uploads/Main/An_Michael_Horn_Bfarm_15.05.2008.txt HTTP/1.1" 200 3163 "-" "netEstate NE Crawler (+http://www.website-datenbank.de/)"
81.209.177.145 - - [10/Jul/2022:07:27:58 +0200] "GET /Eggze/SpreadIt HTTP/1.1" 200 12537 "-" "netEstate NE Crawler (+http://www.website-datenbank.de/)"
81.209.177.145 - - [10/Jul/2022:07:28:07 +0200] "GET /Main/2011?action=diff HTTP/1.1" 403 18 "-" "netEstate NE Crawler (+http://www.website-datenbank.de/)"
81.209.177.145 - - [10/Jul/2022:07:28:16 +0200] "GET /InfoCodex/Index?action=edit HTTP/1.1" 403 18 "-" "netEstate NE Crawler (+http://www.website-datenbank.de/)"
81.209.177.145 - - [10/Jul/2022:07:28:24 +0200] "GET /Main/Saldo HTTP/1.1" 200 8416 "-" "netEstate NE Crawler (+http://www.website-datenbank.de/)"
81.209.177.145 - - [10/Jul/2022:07:28:32 +0200] "GET /Profiles/Zrr?action=upload HTTP/1.1" 403 18 "-" "netEstate NE Crawler (+http://www.website-datenbank.de/)"
89.246.241.14 - - [10/Jul/2022:07:28:41 +0200] "GET /Main/2006?action=edit HTTP/1.1" 200 9271 "-" "Mozilla/5.0 (Windows NT 10.0; Win64; x64; rv:84.0) Gecko/20100101 Firefox/84.0"
81.209.177.145 - - [10/Jul/2022:07:28:42 +0200] "GET /AmiKo/Swisspeddose?action=diff HTTP/1.1" 403 18 "-" "netEstate NE Crawler (+http://www.website-datenbank.de/)"
194.209.200.2 - - [10/Jul/2022:07:28:48 +0200] "GET /robots.txt HTTP/1.1" 200 - "-" "Mozilla/5.0 (compatible; TMMBot/0.2; +http://www.dslab.ch)/Nutch-1.15"
194.209.200.2 - - [10/Jul/2022:07:28:48 +0200] "GET /Oddb2xml/Index HTTP/1.1" 200 8983 "-" "Mozilla/5.0 (compatible; TMMBot/0.2; +http://www.dslab.ch)/Nutch-1.15"
81.209.177.145 - - [10/Jul/2022:07:28:51 +0200] "GET /Newsletter/10052017?n=Main.SideBar?action=edit HTTP/1.1" 403 18 "-" "netEstate NE Crawler (+http://www.website-datenbank.de/)"
81.209.177.145 - - [10/Jul/2022:07:28:59 +0200] "GET /SpitalSchweiz/Subventionen2012?action=edit HTTP/1.1" 403 18 "-" "netEstate NE Crawler (+http://www.website-datenbank.de/)"
194.209.200.2 - - [10/Jul/2022:07:29:06 +0200] "GET /AmiKo/Linux HTTP/1.1" 200 9217 "-" "Mozilla/5.0 (compatible; TMMBot/0.2; +http://www.dslab.ch)/Nutch-1.15"
81.209.177.145 - - [10/Jul/2022:07:29:08 +0200] "GET /Software/Spreadsheet?n=Main.SideBar?action=edit HTTP/1.1" 403 18 "-" "netEstate NE Crawler (+http://www.website-datenbank.de/)"
81.209.177.145 - - [10/Jul/2022:07:29:16 +0200] "GET /Main/IPhone HTTP/1.1" 200 8439 "-" "netEstate NE Crawler (+http://www.website-datenbank.de/)"
81.209.177.145 - - [10/Jul/2022:07:29:24 +0200] "GET /SpitalSchweiz/FinanzErgebnis2012?n=Main.SideBar?action=edit HTTP/1.1" 403 18 "-" "netEstate NE Crawler (+http://www.website-datenbank.de/)"
81.209.177.145 - - [10/Jul/2022:07:29:33 +0200] "GET /Main/MiGel HTTP/1.1" 200 16437 "-" "netEstate NE Crawler (+http://www.website-datenbank.de/)"
89.246.241.14 - - [10/Jul/2022:07:29:38 +0200] "GET /Oddb2xml/XSD HTTP/1.1" 200 8519 "-" "Mozilla/5.0 (Windows NT 10.0; Win64; x64; rv:84.0) Gecko/20100101 Firefox/84.0"
81.209.177.145 - - [10/Jul/2022:07:29:43 +0200] "GET /Main/Saldo?action=diff HTTP/1.1" 403 18 "-" "netEstate NE Crawler (+http://www.website-datenbank.de/)"
81.209.177.145 - - [10/Jul/2022:07:29:51 +0200] "GET /Software/SoftwareRaid?action=edit HTTP/1.1" 403 18 "-" "netEstate NE Crawler (+http://www.website-datenbank.de/)"
81.209.177.145 - - [10/Jul/2022:07:30:08 +0200] "GET /AmiKo/Swisspeddose?action=edit HTTP/1.1" 403 18 "-" "netEstate NE Crawler (+http://www.website-datenbank.de/)"
81.209.177.145 - - [10/Jul/2022:07:30:17 +0200] "GET /uploads/Main/529_Email_an_Stockmeyer_14.7.2009.txt HTTP/1.1" 200 1858 "-" "netEstate NE Crawler (+http://www.website-datenbank.de/)"
81.209.177.145 - - [10/Jul/2022:07:30:24 +0200] "GET /robots.txt HTTP/1.1" 200 - "-" "netEstate NE Crawler (+http://www.website-datenbank.de/)"
81.209.177.145 - - [10/Jul/2022:07:30:27 +0200] "GET /Ywesee/XMLCONV2?n=Main.SideBar?action=edit HTTP/1.1" 403 18 "-" "netEstate NE Crawler (+http://www.website-datenbank.de/)"
81.209.177.145 - - [10/Jul/2022:07:30:35 +0200] "GET /AmiKo/SAPP?action=print HTTP/1.1" 403 18 "-" "netEstate NE Crawler (+http://www.website-datenbank.de/)"
81.209.177.145 - - [10/Jul/2022:07:30:44 +0200] "GET /Main/MiGel?action=upload HTTP/1.1" 403 18 "-" "netEstate NE Crawler (+http://www.website-datenbank.de/)"
81.209.177.145 - - [10/Jul/2022:07:30:53 +0200] "GET /MEDIupdateXML/Aerzte?action=diff HTTP/1.1" 403 18 "-" "netEstate NE Crawler (+http://www.website-datenbank.de/)"
81.209.177.145 - - [10/Jul/2022:07:31:02 +0200] "GET /SpitalSchweiz/FinanzErgebnis2012?action=diff HTTP/1.1" 403 18 "-" "netEstate NE Crawler (+http://www.website-datenbank.de/)"
81.209.177.145 - - [10/Jul/2022:07:31:10 +0200] "GET /Wiget/PhMPrescriber?action=edit HTTP/1.1" 403 18 "-" "netEstate NE Crawler (+http://www.website-datenbank.de/)"
81.209.177.145 - - [10/Jul/2022:07:31:18 +0200] "GET /ODDB/BVGER HTTP/1.1" 200 9371 "-" "netEstate NE Crawler (+http://www.website-datenbank.de/)"
81.209.177.145 - - [10/Jul/2022:07:31:27 +0200] "GET /Apotheke/POS?n=Main.SideBar?action=edit HTTP/1.1" 403 18 "-" "netEstate NE Crawler (+http://www.website-datenbank.de/)"
81.209.177.145 - - [10/Jul/2022:07:31:35 +0200] "GET /Ywesee/InfoCodexVorgehen?action=upload HTTP/1.1" 403 18 "-" "netEstate NE Crawler (+http://www.website-datenbank.de/)"
81.209.177.145 - - [10/Jul/2022:07:31:43 +0200] "GET /PublicDomain/StammdatenFR?action=diff HTTP/1.1" 403 18 "-" "netEstate NE Crawler (+http://www.website-datenbank.de/)"
81.209.177.145 - - [10/Jul/2022:07:31:51 +0200] "GET /Main/2021?action=edit HTTP/1.1" 403 18 "-" "netEstate NE Crawler (+http://www.website-datenbank.de/)"
81.209.177.145 - - [10/Jul/2022:07:31:59 +0200] "GET /Swissmedic/Vertriebsunterbruch?action=print HTTP/1.1" 403 18 "-" "netEstate NE Crawler (+http://www.website-datenbank.de/)"
81.209.177.145 - - [10/Jul/2022:07:32:07 +0200] "GET /Ywesee/SBSM?action=upload HTTP/1.1" 403 18 "-" "netEstate NE Crawler (+http://www.website-datenbank.de/)"
81.209.177.145 - - [10/Jul/2022:07:32:15 +0200] "GET /Main/IPhone?action=print HTTP/1.1" 403 18 "-" "netEstate NE Crawler (+http://www.website-datenbank.de/)"
81.209.177.145 - - [10/Jul/2022:07:32:24 +0200] "GET /Swissmedic/Packungen?action=upload HTTP/1.1" 403 18 "-" "netEstate NE Crawler (+http://www.website-datenbank.de/)"
81.209.177.145 - - [10/Jul/2022:07:32:33 +0200] "GET /Main/2013 HTTP/1.1" 200 20487 "-" "netEstate NE Crawler (+http://www.website-datenbank.de/)"
81.209.177.145 - - [10/Jul/2022:07:32:42 +0200] "GET /MEDIupdateXML/Softwarehaeuser?action=edit HTTP/1.1" 403 18 "-" "netEstate NE Crawler (+http://www.website-datenbank.de/)"
81.209.177.145 - - [10/Jul/2022:07:32:50 +0200] "GET /uploads/Main/Indications_ch.oddb.org.txt HTTP/1.1" 200 142944 "-" "netEstate NE Crawler (+http://www.website-datenbank.de/)"
81.209.177.145 - - [10/Jul/2022:07:32:58 +0200] "GET /InfoCodex/Dokumentenfamilien HTTP/1.1" 200 10326 "-" "netEstate NE Crawler (+http://www.website-datenbank.de/)"
81.209.177.145 - - [10/Jul/2022:07:33:06 +0200] "GET /Profiles/Zrr?n=Main.SideBar?action=edit HTTP/1.1" 403 18 "-" "netEstate NE Crawler (+http://www.website-datenbank.de/)"
81.209.177.145 - - [10/Jul/2022:07:33:14 +0200] "GET /Main/2007?action=upload&upname=27.12.2006_Verfgung_ZG_Basel-Stadt.pdf HTTP/1.1" 403 18 "-" "netEstate NE Crawler (+http://www.website-datenbank.de/)"
81.209.177.145 - - [10/Jul/2022:07:33:22 +0200] "GET /Main/NZZ?action=diff HTTP/1.1" 403 18 "-" "netEstate NE Crawler (+http://www.website-datenbank.de/)"
81.209.177.145 - - [10/Jul/2022:07:33:30 +0200] "GET /Software/ODDB?n=Main.SideBar?action=edit HTTP/1.1" 403 18 "-" "netEstate NE Crawler (+http://www.website-datenbank.de/)"
81.209.177.145 - - [10/Jul/2022:07:33:38 +0200] "GET /Newsletter/10052017?action=edit HTTP/1.1" 403 18 "-" "netEstate NE Crawler (+http://www.website-datenbank.de/)"
81.209.177.145 - - [10/Jul/2022:07:33:47 +0200] "GET /Oddb2xml/Installation HTTP/1.1" 200 10391 "-" "netEstate NE Crawler (+http://www.website-datenbank.de/)"
81.209.177.145 - - [10/Jul/2022:07:33:56 +0200] "GET /Apotheke/POS?action=edit HTTP/1.1" 403 18 "-" "netEstate NE Crawler (+http://www.website-datenbank.de/)"
81.209.177.145 - - [10/Jul/2022:07:34:05 +0200] "GET /AmiKo/Ankuendigung HTTP/1.1" 200 10221 "-" "netEstate NE Crawler (+http://www.website-datenbank.de/)"
81.209.177.145 - - [10/Jul/2022:07:34:13 +0200] "GET /Main/ForderungstabelleSpezialitaetenliste?action=edit HTTP/1.1" 403 18 "-" "netEstate NE Crawler (+http://www.website-datenbank.de/)"
81.209.177.145 - - [10/Jul/2022:07:34:21 +0200] "GET /SpitalSchweiz/Subventionen2012?n=Main.SideBar?action=edit HTTP/1.1" 403 18 "-" "netEstate NE Crawler (+http://www.website-datenbank.de/)"
81.209.177.145 - - [10/Jul/2022:07:34:29 +0200] "GET /Main/ComCo19122016 HTTP/1.1" 200 10547 "-" "netEstate NE Crawler (+http://www.website-datenbank.de/)"
81.209.177.145 - - [10/Jul/2022:07:34:38 +0200] "GET /AIPS/Bestaetigung HTTP/1.1" 200 10620 "-" "netEstate NE Crawler (+http://www.website-datenbank.de/)"
81.209.177.145 - - [10/Jul/2022:07:34:46 +0200] "GET /Ywesee/InfoCodex?action=edit HTTP/1.1" 403 18 "-" "netEstate NE Crawler (+http://www.website-datenbank.de/)"
81.209.177.145 - - [10/Jul/2022:07:34:54 +0200] "GET /Ywesee/XMLCONV2?action=edit HTTP/1.1" 403 18 "-" "netEstate NE Crawler (+http://www.website-datenbank.de/)"
81.209.177.145 - - [10/Jul/2022:07:35:04 +0200] "GET /PublicDomain/StammdatenFR?n=Main.SideBar?action=edit HTTP/1.1" 403 18 "-" "netEstate NE Crawler (+http://www.website-datenbank.de/)"
194.209.200.2 - - [10/Jul/2022:07:35:12 +0200] "GET /Main/2016 HTTP/1.1" 200 13689 "-" "Mozilla/5.0 (compatible; TMMBot/0.2; +http://www.dslab.ch)/Nutch-1.15"
81.209.177.145 - - [10/Jul/2022:07:35:13 +0200] "GET /AmiKo/Swisspeddose?action=upload HTTP/1.1" 403 18 "-" "netEstate NE Crawler (+http://www.website-datenbank.de/)"
194.209.200.2 - - [10/Jul/2022:07:35:19 +0200] "GET /Main/2014 HTTP/1.1" 200 19471 "-" "Mozilla/5.0 (compatible; TMMBot/0.2; +http://www.dslab.ch)/Nutch-1.15"
81.209.177.145 - - [10/Jul/2022:07:35:22 +0200] "GET /AmiKo/Ankuendigung?action=edit HTTP/1.1" 403 18 "-" "netEstate NE Crawler (+http://www.website-datenbank.de/)"
162.210.196.100 - - [10/Jul/2022:07:35:24 +0200] "GET /robots.txt HTTP/1.1" 200 - "-" "Mozilla/5.0 (compatible; MJ12bot/v1.4.8; http://mj12bot.com/)"
194.209.200.2 - - [10/Jul/2022:07:35:27 +0200] "GET /Main/2012 HTTP/1.1" 200 31941 "-" "Mozilla/5.0 (compatible; TMMBot/0.2; +http://www.dslab.ch)/Nutch-1.15"
81.209.177.145 - - [10/Jul/2022:07:35:30 +0200] "GET /AmiKo/KrankenkassenKartenleser?n=Main.SideBar?action=edit HTTP/1.1" 403 18 "-" "netEstate NE Crawler (+http://www.website-datenbank.de/)"
81.209.177.145 - - [10/Jul/2022:07:35:38 +0200] "GET /uploads/Main/swissmedic_AIPS_XML_Errors_18.4.2013.txt HTTP/1.1" 200 13212 "-" "netEstate NE Crawler (+http://www.website-datenbank.de/)"
194.209.200.2 - - [10/Jul/2022:07:35:41 +0200] "GET /Main/ComCo19122016 HTTP/1.1" 200 10547 "-" "Mozilla/5.0 (compatible; TMMBot/0.2; +http://www.dslab.ch)/Nutch-1.15"
81.209.177.145 - - [10/Jul/2022:07:35:46 +0200] "GET /Main/Legende?action=print HTTP/1.1" 403 18 "-" "netEstate NE Crawler (+http://www.website-datenbank.de/)"
81.209.177.145 - - [10/Jul/2022:07:35:54 +0200] "GET /Oddb2xml/XSD HTTP/1.1" 200 8519 "-" "netEstate NE Crawler (+http://www.website-datenbank.de/)"
162.210.196.100 - - [10/Jul/2022:07:35:55 +0200] "GET / HTTP/1.1" 200 12074 "-" "Mozilla/5.0 (compatible; MJ12bot/v1.4.8; http://mj12bot.com/)"
162.210.196.100 - - [10/Jul/2022:07:36:02 +0200] "GET / HTTP/1.1" 200 12074 "-" "Mozilla/5.0 (compatible; MJ12bot/v1.4.8; http://mj12bot.com/)"
81.209.177.145 - - [10/Jul/2022:07:36:03 +0200] "GET /Main/2021?n=Main.SideBar?action=edit HTTP/1.1" 403 18 "-" "netEstate NE Crawler (+http://www.website-datenbank.de/)"
81.209.177.145 - - [10/Jul/2022:07:36:11 +0200] "GET /Main/ForderungstabelleSpezialitaetenliste?action=upload HTTP/1.1" 403 18 "-" "netEstate NE Crawler (+http://www.website-datenbank.de/)"
81.209.177.145 - - [10/Jul/2022:07:36:20 +0200] "GET /Main/Parsen?action=diff HTTP/1.1" 403 18 "-" "netEstate NE Crawler (+http://www.website-datenbank.de/)"
81.209.177.145 - - [10/Jul/2022:07:36:37 +0200] "GET /Newsletter/10052017?action=upload HTTP/1.1" 403 18 "-" "netEstate NE Crawler (+http://www.website-datenbank.de/)"
89.246.241.14 - - [10/Jul/2022:07:36:41 +0200] "GET /Ywesee/InfoCodexProcedure HTTP/1.1" 200 12373 "-" "Mozilla/5.0 (Windows NT 10.0; Win64; x64; rv:84.0) Gecko/20100101 Firefox/84.0"
81.209.177.145 - - [10/Jul/2022:07:36:45 +0200] "GET /AmiKo/IOS?action=diff HTTP/1.1" 403 18 "-" "netEstate NE Crawler (+http://www.website-datenbank.de/)"
81.209.177.145 - - [10/Jul/2022:07:36:53 +0200] "GET /Ausschreibung/SAI HTTP/1.1" 200 10366 "-" "netEstate NE Crawler (+http://www.website-datenbank.de/)"
81.209.177.145 - - [10/Jul/2022:07:37:02 +0200] "GET /Main/MiGel?action=diff HTTP/1.1" 403 18 "-" "netEstate NE Crawler (+http://www.website-datenbank.de/)"
81.209.177.145 - - [10/Jul/2022:07:37:10 +0200] "GET /AmiKo/Android?action=upload HTTP/1.1" 403 18 "-" "netEstate NE Crawler (+http://www.website-datenbank.de/)"
81.209.177.145 - - [10/Jul/2022:07:37:18 +0200] "GET /AmiKo/Android?action=edit HTTP/1.1" 403 18 "-" "netEstate NE Crawler (+http://www.website-datenbank.de/)"
81.209.177.145 - - [10/Jul/2022:07:37:27 +0200] "GET /uploads/Main/AIPS_ATC-Codes_SwissmedicNo5_Errors.txt HTTP/1.1" 200 11777 "-" "netEstate NE Crawler (+http://www.website-datenbank.de/)"
81.209.177.145 - - [10/Jul/2022:07:37:35 +0200] "GET /AmiKo/Windows HTTP/1.1" 200 10332 "-" "netEstate NE Crawler (+http://www.website-datenbank.de/)"
89.246.241.14 - - [10/Jul/2022:07:37:37 +0200] "GET /Main/2014?action=print HTTP/1.1" 200 14490 "-" "Mozilla/5.0 (Windows NT 10.0; Win64; x64; rv:84.0) Gecko/20100101 Firefox/84.0"
81.209.177.145 - - [10/Jul/2022:07:37:44 +0200] "GET /InfoCodex/Dokumentenfamilien?action=upload HTTP/1.1" 403 18 "-" "netEstate NE Crawler (+http://www.website-datenbank.de/)"
81.209.177.145 - - [10/Jul/2022:07:37:53 +0200] "GET /Main/FMH HTTP/1.1" 200 8327 "-" "netEstate NE Crawler (+http://www.website-datenbank.de/)"
81.209.177.145 - - [10/Jul/2022:07:38:02 +0200] "GET /Main/ComCo19122016?action=edit HTTP/1.1" 403 18 "-" "netEstate NE Crawler (+http://www.website-datenbank.de/)"
89.246.241.14 - - [10/Jul/2022:07:38:06 +0200] "GET /Main/2007?action=edit HTTP/1.1" 200 9271 "-" "Mozilla/5.0 (Windows NT 10.0; Win64; x64; rv:84.0) Gecko/20100101 Firefox/84.0"
81.209.177.145 - - [10/Jul/2022:07:38:18 +0200] "GET /SpitalSchweiz/Index?action=print HTTP/1.1" 403 18 "-" "netEstate NE Crawler (+http://www.website-datenbank.de/)"
81.209.177.145 - - [10/Jul/2022:07:38:26 +0200] "GET /Ausschreibung/SAI?action=diff HTTP/1.1" 403 18 "-" "netEstate NE Crawler (+http://www.website-datenbank.de/)"
81.209.177.145 - - [10/Jul/2022:07:38:34 +0200] "GET /Ywesee/KurzFachinfo?action=print HTTP/1.1" 403 18 "-" "netEstate NE Crawler (+http://www.website-datenbank.de/)"
81.209.177.145 - - [10/Jul/2022:07:38:42 +0200] "GET /Software/SoftwareRaid?action=diff HTTP/1.1" 403 18 "-" "netEstate NE Crawler (+http://www.website-datenbank.de/)"
81.209.177.145 - - [10/Jul/2022:07:38:50 +0200] "GET /Main/ReplikSAEZ HTTP/1.1" 200 14800 "-" "netEstate NE Crawler (+http://www.website-datenbank.de/)"
81.209.177.145 - - [10/Jul/2022:07:38:59 +0200] "GET /AmiKo/OSXRezeptfunktion?n=Main.SideBar?action=edit HTTP/1.1" 403 18 "-" "netEstate NE Crawler (+http://www.website-datenbank.de/)"
81.209.177.145 - - [10/Jul/2022:07:39:07 +0200] "GET /SpitalSchweiz/FinanzErgebnis2012?action=edit HTTP/1.1" 403 18 "-" "netEstate NE Crawler (+http://www.website-datenbank.de/)"
81.209.177.145 - - [10/Jul/2022:07:39:16 +0200] "GET /Oddb2xml/Installation?action=print HTTP/1.1" 403 18 "-" "netEstate NE Crawler (+http://www.website-datenbank.de/)"
81.209.177.145 - - [10/Jul/2022:07:39:25 +0200] "GET /Epha/PhilipHansten HTTP/1.1" 200 11440 "-" "netEstate NE Crawler (+http://www.website-datenbank.de/)"
81.209.177.145 - - [10/Jul/2022:07:39:34 +0200] "GET /Oddb2xml/XSD?action=diff HTTP/1.1" 403 18 "-" "netEstate NE Crawler (+http://www.website-datenbank.de/)"
81.209.177.145 - - [10/Jul/2022:07:39:42 +0200] "GET /Main/SL-Liste?n=Main.SideBar?action=edit HTTP/1.1" 403 18 "-" "netEstate NE Crawler (+http://www.website-datenbank.de/)"
81.209.177.145 - - [10/Jul/2022:07:39:50 +0200] "GET /Generikacc/App HTTP/1.1" 200 11862 "-" "netEstate NE Crawler (+http://www.website-datenbank.de/)"
81.209.177.145 - - [10/Jul/2022:07:39:59 +0200] "GET /Epha/PhilipHansten?action=print HTTP/1.1" 403 18 "-" "netEstate NE Crawler (+http://www.website-datenbank.de/)"
81.209.177.145 - - [10/Jul/2022:07:40:17 +0200] "GET /Main/IPhone?action=upload HTTP/1.1" 403 18 "-" "netEstate NE Crawler (+http://www.website-datenbank.de/)"
81.209.177.145 - - [10/Jul/2022:07:40:25 +0200] "GET /robots.txt HTTP/1.1" 200 - "-" "netEstate NE Crawler (+http://www.website-datenbank.de/)"
81.209.177.145 - - [10/Jul/2022:07:40:27 +0200] "GET /Main/ReplikSAEZ?action=diff HTTP/1.1" 403 18 "-" "netEstate NE Crawler (+http://www.website-datenbank.de/)"
81.209.177.145 - - [10/Jul/2022:07:40:36 +0200] "GET /Android/AmiKo HTTP/1.1" 200 9995 "-" "netEstate NE Crawler (+http://www.website-datenbank.de/)"
81.209.177.145 - - [10/Jul/2022:07:40:44 +0200] "GET /PublicDomain/AIPS HTTP/1.1" 200 9777 "-" "netEstate NE Crawler (+http://www.website-datenbank.de/)"
81.209.177.145 - - [10/Jul/2022:07:40:53 +0200] "GET /Main/ReplikSAEZ?action=print HTTP/1.1" 403 18 "-" "netEstate NE Crawler (+http://www.website-datenbank.de/)"
81.209.177.145 - - [10/Jul/2022:07:41:01 +0200] "GET /Profiles/Zrr?action=edit HTTP/1.1" 403 18 "-" "netEstate NE Crawler (+http://www.website-datenbank.de/)"
81.209.177.145 - - [10/Jul/2022:07:41:09 +0200] "GET /Main/ComCo19122016?action=print HTTP/1.1" 403 18 "-" "netEstate NE Crawler (+http://www.website-datenbank.de/)"
81.209.177.145 - - [10/Jul/2022:07:41:17 +0200] "GET /Main/ForderungstabelleSpezialitaetenliste?action=diff HTTP/1.1" 403 18 "-" "netEstate NE Crawler (+http://www.website-datenbank.de/)"
81.209.177.145 - - [10/Jul/2022:07:41:26 +0200] "GET /Stellungnahme/ProPharma HTTP/1.1" 200 13347 "-" "netEstate NE Crawler (+http://www.website-datenbank.de/)"
81.209.177.145 - - [10/Jul/2022:07:41:35 +0200] "GET /AmiKo/Swisspeddose?n=Main.SideBar?action=edit HTTP/1.1" 403 18 "-" "netEstate NE Crawler (+http://www.website-datenbank.de/)"
81.209.177.145 - - [10/Jul/2022:07:41:43 +0200] "GET /Main/MiGel?n=Main.SideBar?action=edit HTTP/1.1" 403 18 "-" "netEstate NE Crawler (+http://www.website-datenbank.de/)"
81.209.177.145 - - [10/Jul/2022:07:41:52 +0200] "GET /SpitalSchweiz/AnzahlBettenstationaer2012?action=upload HTTP/1.1" 403 18 "-" "netEstate NE Crawler (+http://www.website-datenbank.de/)"
81.209.177.145 - - [10/Jul/2022:07:42:00 +0200] "GET /SpitalSchweiz/Index?action=edit HTTP/1.1" 403 18 "-" "netEstate NE Crawler (+http://www.website-datenbank.de/)"
81.209.177.145 - - [10/Jul/2022:07:42:08 +0200] "GET /Hmg/67?action=diff HTTP/1.1" 403 18 "-" "netEstate NE Crawler (+http://www.website-datenbank.de/)"
81.209.177.145 - - [10/Jul/2022:07:42:16 +0200] "GET /AmiKo/SAPP?action=upload HTTP/1.1" 403 18 "-" "netEstate NE Crawler (+http://www.website-datenbank.de/)"
81.209.177.145 - - [10/Jul/2022:07:42:24 +0200] "GET /AmiKo/OSXRezeptfunktion?action=print HTTP/1.1" 403 18 "-" "netEstate NE Crawler (+http://www.website-datenbank.de/)"
81.209.177.145 - - [10/Jul/2022:07:42:32 +0200] "GET /Main/ComCo19122016?action=diff HTTP/1.1" 403 18 "-" "netEstate NE Crawler (+http://www.website-datenbank.de/)"
81.209.177.145 - - [10/Jul/2022:07:42:40 +0200] "GET /AmiKo/Linux?n=Main.SideBar?action=edit HTTP/1.1" 403 18 "-" "netEstate NE Crawler (+http://www.website-datenbank.de/)"
81.209.177.145 - - [10/Jul/2022:07:42:49 +0200] "GET /Profiles/Zrr?action=diff HTTP/1.1" 403 18 "-" "netEstate NE Crawler (+http://www.website-datenbank.de/)"
81.209.177.145 - - [10/Jul/2022:07:42:58 +0200] "GET /Ywesee/XMLCONV2?action=diff HTTP/1.1" 403 18 "-" "netEstate NE Crawler (+http://www.website-datenbank.de/)"
81.209.177.145 - - [10/Jul/2022:07:43:07 +0200] "GET /Main/2011?action=print HTTP/1.1" 403 18 "-" "netEstate NE Crawler (+http://www.website-datenbank.de/)"
81.209.177.145 - - [10/Jul/2022:07:43:15 +0200] "GET /Oddb2xml/DatenDownload HTTP/1.1" 200 8810 "-" "netEstate NE Crawler (+http://www.website-datenbank.de/)"
81.209.177.145 - - [10/Jul/2022:07:43:23 +0200] "GET /Android/AmiKo?action=upload HTTP/1.1" 403 18 "-" "netEstate NE Crawler (+http://www.website-datenbank.de/)"
89.246.241.14 - - [10/Jul/2022:07:43:27 +0200] "GET /uploads/Main/Chaos_auf_dem_Medikamenten-Markt.pdf HTTP/1.1" 200 67922 "-" "Mozilla/5.0 (Windows NT 10.0; Win64; x64; rv:84.0) Gecko/20100101 Firefox/84.0"
81.209.177.145 - - [10/Jul/2022:07:43:31 +0200] "GET /Pic2Shop/BarcodeScanner?action=upload HTTP/1.1" 403 18 "-" "netEstate NE Crawler (+http://www.website-datenbank.de/)"
81.209.177.145 - - [10/Jul/2022:07:43:40 +0200] "GET /uploads/Main/An_Balsiger_4.2.2008.txt HTTP/1.1" 200 1550 "-" "netEstate NE Crawler (+http://www.website-datenbank.de/)"
81.209.177.145 - - [10/Jul/2022:07:43:47 +0200] "GET /Ywesee/ElektronischesPatientendossierSchweiz HTTP/1.1" 200 11065 "-" "netEstate NE Crawler (+http://www.website-datenbank.de/)"
89.246.241.14 - - [10/Jul/2022:07:43:55 +0200] "GET /uploads/Main/Distributed_Import_Option_in_InfoCodex.pdf HTTP/1.1" 200 223378 "-" "Mozilla/5.0 (Windows NT 10.0; Win64; x64; rv:84.0) Gecko/20100101 Firefox/84.0"
81.209.177.145 - - [10/Jul/2022:07:43:56 +0200] "GET /Oddb2xml/XSD?n=Main.SideBar?action=edit HTTP/1.1" 403 18 "-" "netEstate NE Crawler (+http://www.website-datenbank.de/)"
81.209.177.145 - - [10/Jul/2022:07:44:04 +0200] "GET /InfoCodex/Abstracts?action=upload HTTP/1.1" 403 18 "-" "netEstate NE Crawler (+http://www.website-datenbank.de/)"
81.209.177.145 - - [10/Jul/2022:07:44:12 +0200] "GET /PublicDomain/Stammdaten?n=Main.SideBar?action=edit HTTP/1.1" 403 18 "-" "netEstate NE Crawler (+http://www.website-datenbank.de/)"
81.209.177.145 - - [10/Jul/2022:07:44:20 +0200] "GET /MEDIupdateXML/Softwarehaeuser?action=diff HTTP/1.1" 403 18 "-" "netEstate NE Crawler (+http://www.website-datenbank.de/)"
81.209.177.145 - - [10/Jul/2022:07:44:28 +0200] "GET /Main/SideBar?n=Main.SideBar?action=edit HTTP/1.1" 403 18 "-" "netEstate NE Crawler (+http://www.website-datenbank.de/)"
81.209.177.145 - - [10/Jul/2022:07:44:38 +0200] "GET /Ywesee/YDPM HTTP/1.1" 200 8463 "-" "netEstate NE Crawler (+http://www.website-datenbank.de/)"
81.209.177.145 - - [10/Jul/2022:07:44:46 +0200] "GET /Wiget/PhMPrescriber?n=Main.SideBar?action=edit HTTP/1.1" 403 18 "-" "netEstate NE Crawler (+http://www.website-datenbank.de/)"
81.209.177.145 - - [10/Jul/2022:07:44:55 +0200] "GET /Epha/PhilipHansten?action=edit HTTP/1.1" 403 18 "-" "netEstate NE Crawler (+http://www.website-datenbank.de/)"
207.46.13.120 - - [10/Jul/2022:07:45:00 +0200] "GET /oddb2xml/installation HTTP/1.1" 404 280 "-" "Mozilla/5.0 (compatible; bingbot/2.0; +http://www.bing.com/bingbot.htm)"
81.209.177.145 - - [10/Jul/2022:07:45:03 +0200] "GET /Ywesee/InfoCodexVorgehen?action=diff HTTP/1.1" 403 18 "-" "netEstate NE Crawler (+http://www.website-datenbank.de/)"
81.209.177.145 - - [10/Jul/2022:07:45:12 +0200] "GET /AmiKo/Barcodes?action=diff HTTP/1.1" 403 18 "-" "netEstate NE Crawler (+http://www.website-datenbank.de/)"
81.209.177.145 - - [10/Jul/2022:07:45:21 +0200] "GET /AmiKo/Cpp2sqlite HTTP/1.1" 200 8506 "-" "netEstate NE Crawler (+http://www.website-datenbank.de/)"
81.209.177.145 - - [10/Jul/2022:07:45:29 +0200] "GET /Hmg/67?n=Main.SideBar?action=edit HTTP/1.1" 403 18 "-" "netEstate NE Crawler (+http://www.website-datenbank.de/)"
81.209.177.145 - - [10/Jul/2022:07:45:38 +0200] "GET /Main/Phostal?n=Main.SideBar?action=edit HTTP/1.1" 403 18 "-" "netEstate NE Crawler (+http://www.website-datenbank.de/)"
81.209.177.145 - - [10/Jul/2022:07:45:46 +0200] "GET /Swissmedic/AIPSXMLImport HTTP/1.1" 200 10819 "-" "netEstate NE Crawler (+http://www.website-datenbank.de/)"
81.209.177.145 - - [10/Jul/2022:07:45:54 +0200] "GET /ODDB/BVGER?action=diff HTTP/1.1" 403 18 "-" "netEstate NE Crawler (+http://www.website-datenbank.de/)"
81.209.177.145 - - [10/Jul/2022:07:46:02 +0200] "GET /Main/2013?action=upload HTTP/1.1" 403 18 "-" "netEstate NE Crawler (+http://www.website-datenbank.de/)"
81.209.177.145 - - [10/Jul/2022:07:46:11 +0200] "GET /Main/2011?action=upload HTTP/1.1" 403 18 "-" "netEstate NE Crawler (+http://www.website-datenbank.de/)"
81.209.177.145 - - [10/Jul/2022:07:46:19 +0200] "GET /Pic2Shop/BarcodeScanner?n=Main.SideBar?action=edit HTTP/1.1" 403 18 "-" "netEstate NE Crawler (+http://www.website-datenbank.de/)"
81.209.177.145 - - [10/Jul/2022:07:46:27 +0200] "GET /ODDB/BVGER?action=upload HTTP/1.1" 403 18 "-" "netEstate NE Crawler (+http://www.website-datenbank.de/)"
81.209.177.145 - - [10/Jul/2022:07:46:34 +0200] "GET /AIPS/Bestaetigung?action=diff HTTP/1.1" 403 18 "-" "netEstate NE Crawler (+http://www.website-datenbank.de/)"
81.209.177.145 - - [10/Jul/2022:07:46:43 +0200] "GET /Main/Phostal?action=upload HTTP/1.1" 403 18 "-" "netEstate NE Crawler (+http://www.website-datenbank.de/)"
81.209.177.145 - - [10/Jul/2022:07:46:52 +0200] "GET /Oddb2xml/XSD?action=print HTTP/1.1" 403 18 "-" "netEstate NE Crawler (+http://www.website-datenbank.de/)"
81.209.177.145 - - [10/Jul/2022:07:47:00 +0200] "GET /Main/AIPS-XML HTTP/1.1" 200 10985 "-" "netEstate NE Crawler (+http://www.website-datenbank.de/)"
81.209.177.145 - - [10/Jul/2022:07:47:09 +0200] "GET /Ywesee/ElektronischesPatientendossierSchweiz?action=print HTTP/1.1" 403 18 "-" "netEstate NE Crawler (+http://www.website-datenbank.de/)"
81.209.177.145 - - [10/Jul/2022:07:47:17 +0200] "GET /Main/ComCo19122016?n=Main.SideBar?action=edit HTTP/1.1" 403 18 "-" "netEstate NE Crawler (+http://www.website-datenbank.de/)"
81.209.177.145 - - [10/Jul/2022:07:47:25 +0200] "GET /AmiKo/Windows?action=edit HTTP/1.1" 403 18 "-" "netEstate NE Crawler (+http://www.website-datenbank.de/)"
81.209.177.145 - - [10/Jul/2022:07:47:33 +0200] "GET /Main/2013?n=Main.SideBar?action=edit HTTP/1.1" 403 18 "-" "netEstate NE Crawler (+http://www.website-datenbank.de/)"
81.209.177.145 - - [10/Jul/2022:07:47:41 +0200] "GET /Main/FMH?action=print HTTP/1.1" 403 18 "-" "netEstate NE Crawler (+http://www.website-datenbank.de/)"
81.209.177.145 - - [10/Jul/2022:07:47:50 +0200] "GET /AmiKo/Ankuendigung?n=Main.SideBar?action=edit HTTP/1.1" 403 18 "-" "netEstate NE Crawler (+http://www.website-datenbank.de/)"
81.209.177.145 - - [10/Jul/2022:07:47:59 +0200] "GET /AmiKo/KrankenkassenKartenleser?action=print HTTP/1.1" 403 18 "-" "netEstate NE Crawler (+http://www.website-datenbank.de/)"
81.209.177.145 - - [10/Jul/2022:07:48:08 +0200] "GET /Main/2007?action=print HTTP/1.1" 403 18 "-" "netEstate NE Crawler (+http://www.website-datenbank.de/)"
81.209.177.145 - - [10/Jul/2022:07:48:16 +0200] "GET /Main/Saldo?action=print HTTP/1.1" 403 18 "-" "netEstate NE Crawler (+http://www.website-datenbank.de/)"
81.209.177.145 - - [10/Jul/2022:07:48:31 +0200] "GET /Main/2020?action=upload HTTP/1.1" 403 18 "-" "netEstate NE Crawler (+http://www.website-datenbank.de/)"
81.209.177.145 - - [10/Jul/2022:07:48:39 +0200] "GET /PublicDomain/AIPS?action=print HTTP/1.1" 403 18 "-" "netEstate NE Crawler (+http://www.website-datenbank.de/)"
81.209.177.145 - - [10/Jul/2022:07:48:48 +0200] "GET /Android/AmiKo?action=diff HTTP/1.1" 403 18 "-" "netEstate NE Crawler (+http://www.website-datenbank.de/)"
81.209.177.145 - - [10/Jul/2022:07:48:57 +0200] "GET /Main/OmixOcas HTTP/1.1" 200 8792 "-" "netEstate NE Crawler (+http://www.website-datenbank.de/)"
81.209.177.145 - - [10/Jul/2022:07:49:14 +0200] "GET /AmiKo/OSX?action=diff HTTP/1.1" 403 18 "-" "netEstate NE Crawler (+http://www.website-datenbank.de/)"
81.209.177.145 - - [10/Jul/2022:07:49:22 +0200] "GET /Main/2008?action=print HTTP/1.1" 403 18 "-" "netEstate NE Crawler (+http://www.website-datenbank.de/)"
81.209.177.145 - - [10/Jul/2022:07:49:30 +0200] "GET /Main/DocumedGalenicaVsYwesee?action=edit HTTP/1.1" 403 18 "-" "netEstate NE Crawler (+http://www.website-datenbank.de/)"
81.209.177.145 - - [10/Jul/2022:07:49:38 +0200] "GET /Oddb2xml/XSD?action=upload HTTP/1.1" 403 18 "-" "netEstate NE Crawler (+http://www.website-datenbank.de/)"
81.209.177.145 - - [10/Jul/2022:07:49:46 +0200] "GET /Ywesee/ElektronischesPatientendossierSchweiz?action=edit HTTP/1.1" 403 18 "-" "netEstate NE Crawler (+http://www.website-datenbank.de/)"
81.209.177.145 - - [10/Jul/2022:07:49:54 +0200] "GET /AmiKo/OSX?action=edit HTTP/1.1" 403 18 "-" "netEstate NE Crawler (+http://www.website-datenbank.de/)"
81.209.177.145 - - [10/Jul/2022:07:50:02 +0200] "GET /Wiget/PhMPrescriber?action=upload HTTP/1.1" 403 18 "-" "netEstate NE Crawler (+http://www.website-datenbank.de/)"
81.209.177.145 - - [10/Jul/2022:07:50:12 +0200] "GET /PublicDomain/AIPS?action=edit HTTP/1.1" 403 18 "-" "netEstate NE Crawler (+http://www.website-datenbank.de/)"
81.209.177.145 - - [10/Jul/2022:07:50:20 +0200] "GET /Main/ReplikSAEZ?action=edit HTTP/1.1" 403 18 "-" "netEstate NE Crawler (+http://www.website-datenbank.de/)"
81.209.177.145 - - [10/Jul/2022:07:50:28 +0200] "GET /robots.txt HTTP/1.1" 200 - "-" "netEstate NE Crawler (+http://www.website-datenbank.de/)"
81.209.177.145 - - [10/Jul/2022:07:50:31 +0200] "GET /Main/2004?action=edit HTTP/1.1" 403 18 "-" "netEstate NE Crawler (+http://www.website-datenbank.de/)"
81.209.177.145 - - [10/Jul/2022:07:50:39 +0200] "GET /Main/2014?action=print HTTP/1.1" 403 18 "-" "netEstate NE Crawler (+http://www.website-datenbank.de/)"
77.88.9.3 - - [10/Jul/2022:07:50:41 +0200] "GET /robots.txt HTTP/1.1" 200 - "-" "Mozilla/5.0 (compatible; YandexBot/3.0; +http://yandex.com/bots)"
77.88.9.3 - - [10/Jul/2022:07:50:45 +0200] "GET /Software/Developers HTTP/1.1" 200 8897 "-" "Mozilla/5.0 (compatible; YandexBot/3.0; +http://yandex.com/bots)"
81.209.177.145 - - [10/Jul/2022:07:50:47 +0200] "GET /uploads/Main/392_Email_an_Samuel_Aeschbacher_27.3.2008.txt HTTP/1.1" 200 3104 "-" "netEstate NE Crawler (+http://www.website-datenbank.de/)"
81.209.177.145 - - [10/Jul/2022:07:50:55 +0200] "GET /Main/SL-Liste?action=print HTTP/1.1" 403 18 "-" "netEstate NE Crawler (+http://www.website-datenbank.de/)"
81.209.177.145 - - [10/Jul/2022:07:51:03 +0200] "GET /AmiKo/OSXRezeptfunktion?action=edit HTTP/1.1" 403 18 "-" "netEstate NE Crawler (+http://www.website-datenbank.de/)"
81.209.177.145 - - [10/Jul/2022:07:51:11 +0200] "GET /Wiget/PhMPrescriber?action=print HTTP/1.1" 403 18 "-" "netEstate NE Crawler (+http://www.website-datenbank.de/)"
89.246.241.14 - - [10/Jul/2022:07:51:19 +0200] "GET /Main/HirslandenProfessional HTTP/1.1" 200 8885 "-" "Mozilla/5.0 (Windows NT 10.0; Win64; x64; rv:84.0) Gecko/20100101 Firefox/84.0"
81.209.177.145 - - [10/Jul/2022:07:51:20 +0200] "GET /Main/IPhone?n=Main.SideBar?action=edit HTTP/1.1" 403 18 "-" "netEstate NE Crawler (+http://www.website-datenbank.de/)"
81.209.177.145 - - [10/Jul/2022:07:51:29 +0200] "GET /Main/OmixOcas?action=print HTTP/1.1" 403 18 "-" "netEstate NE Crawler (+http://www.website-datenbank.de/)"
81.209.177.145 - - [10/Jul/2022:07:51:37 +0200] "GET /AmiKo/Barcodes?action=edit HTTP/1.1" 403 18 "-" "netEstate NE Crawler (+http://www.website-datenbank.de/)"
81.209.177.145 - - [10/Jul/2022:07:51:46 +0200] "GET /Main/2011?action=edit HTTP/1.1" 403 18 "-" "netEstate NE Crawler (+http://www.website-datenbank.de/)"
81.209.177.145 - - [10/Jul/2022:07:51:54 +0200] "GET /AmiKo/Cpp2sqlite?n=Main.SideBar?action=edit HTTP/1.1" 403 18 "-" "netEstate NE Crawler (+http://www.website-datenbank.de/)"
81.209.177.145 - - [10/Jul/2022:07:52:02 +0200] "GET /Main/WekoBlogAntragAufErweiterung?n=Main.SideBar?action=edit HTTP/1.1" 403 18 "-" "netEstate NE Crawler (+http://www.website-datenbank.de/)"
81.209.177.145 - - [10/Jul/2022:07:52:10 +0200] "GET /Android/AmiKo?n=Main.SideBar?action=edit HTTP/1.1" 403 18 "-" "netEstate NE Crawler (+http://www.website-datenbank.de/)"
89.246.241.14 - - [10/Jul/2022:07:52:14 +0200] "GET /Main/MyMedi HTTP/1.1" 200 9646 "-" "Mozilla/5.0 (Windows NT 10.0; Win64; x64; rv:84.0) Gecko/20100101 Firefox/84.0"
81.209.177.145 - - [10/Jul/2022:07:52:18 +0200] "GET /Swissmedic/AIPSXMLImport?action=diff HTTP/1.1" 403 18 "-" "netEstate NE Crawler (+http://www.website-datenbank.de/)"
81.209.177.145 - - [10/Jul/2022:07:52:26 +0200] "GET /ODDB/IntegrationLookAmpFeelGenerikasuche HTTP/1.1" 200 9097 "-" "netEstate NE Crawler (+http://www.website-datenbank.de/)"
81.209.177.145 - - [10/Jul/2022:07:52:34 +0200] "GET /uploads/Main/SwissmedicinfoXML-Report.txt HTTP/1.1" 200 8725 "-" "netEstate NE Crawler (+http://www.website-datenbank.de/)"
81.209.177.145 - - [10/Jul/2022:07:52:44 +0200] "GET /Main/MiGel?action=print HTTP/1.1" 403 18 "-" "netEstate NE Crawler (+http://www.website-datenbank.de/)"
81.209.177.145 - - [10/Jul/2022:07:52:52 +0200] "GET /AmiKo/Flyer HTTP/1.1" 200 8708 "-" "netEstate NE Crawler (+http://www.website-datenbank.de/)"
81.209.177.145 - - [10/Jul/2022:07:53:00 +0200] "GET /Software/BBMB?action=print HTTP/1.1" 403 18 "-" "netEstate NE Crawler (+http://www.website-datenbank.de/)"
81.209.177.145 - - [10/Jul/2022:07:53:08 +0200] "GET /Main/2018 HTTP/1.1" 200 15425 "-" "netEstate NE Crawler (+http://www.website-datenbank.de/)"
81.209.177.145 - - [10/Jul/2022:07:53:17 +0200] "GET /Eggze/SpreadIt?action=edit HTTP/1.1" 403 18 "-" "netEstate NE Crawler (+http://www.website-datenbank.de/)"
81.209.177.145 - - [10/Jul/2022:07:53:25 +0200] "GET /Main/2005 HTTP/1.1" 200 63344 "-" "netEstate NE Crawler (+http://www.website-datenbank.de/)"
81.209.177.145 - - [10/Jul/2022:07:53:36 +0200] "GET /Ywesee/KurzFachinfo?action=diff HTTP/1.1" 403 18 "-" "netEstate NE Crawler (+http://www.website-datenbank.de/)"
81.209.177.145 - - [10/Jul/2022:07:53:45 +0200] "GET /Ywesee/BitcoinBlockchain HTTP/1.1" 200 9811 "-" "netEstate NE Crawler (+http://www.website-datenbank.de/)"
81.209.177.145 - - [10/Jul/2022:07:53:53 +0200] "GET /AmiKo/Index HTTP/1.1" 200 9511 "-" "netEstate NE Crawler (+http://www.website-datenbank.de/)"
81.209.177.145 - - [10/Jul/2022:07:54:02 +0200] "GET /Main/IPhone?action=diff HTTP/1.1" 403 18 "-" "netEstate NE Crawler (+http://www.website-datenbank.de/)"
81.209.177.145 - - [10/Jul/2022:07:54:10 +0200] "GET /Main/Elexis?action=print HTTP/1.1" 403 18 "-" "netEstate NE Crawler (+http://www.website-datenbank.de/)"
81.209.177.145 - - [10/Jul/2022:07:54:18 +0200] "GET /Newsletter/10052017?action=diff HTTP/1.1" 403 18 "-" "netEstate NE Crawler (+http://www.website-datenbank.de/)"
81.209.177.145 - - [10/Jul/2022:07:54:27 +0200] "GET /SpitalSchweiz/Index?action=diff HTTP/1.1" 403 18 "-" "netEstate NE Crawler (+http://www.website-datenbank.de/)"
77.88.9.3 - - [10/Jul/2022:07:54:34 +0200] "GET /pmwiki.php/ODDB/MD HTTP/1.1" 200 12184 "-" "Mozilla/5.0 (compatible; YandexBot/3.0; +http://yandex.com/bots)"
81.209.177.145 - - [10/Jul/2022:07:54:35 +0200] "GET /Swissmedic/AIPSXMLImport?action=upload HTTP/1.1" 403 18 "-" "netEstate NE Crawler (+http://www.website-datenbank.de/)"
81.209.177.145 - - [10/Jul/2022:07:54:44 +0200] "GET /AmiKo/OSX?action=print HTTP/1.1" 403 18 "-" "netEstate NE Crawler (+http://www.website-datenbank.de/)"
81.209.177.145 - - [10/Jul/2022:07:54:52 +0200] "GET /Android/AmiKo?action=print HTTP/1.1" 403 18 "-" "netEstate NE Crawler (+http://www.website-datenbank.de/)"
81.209.177.145 - - [10/Jul/2022:07:55:01 +0200] "GET /Main/ReplikSAEZ?action=upload HTTP/1.1" 403 18 "-" "netEstate NE Crawler (+http://www.website-datenbank.de/)"
81.209.177.145 - - [10/Jul/2022:07:55:09 +0200] "GET /AmiKo/OSXRezeptfunktion?action=diff HTTP/1.1" 403 18 "-" "netEstate NE Crawler (+http://www.website-datenbank.de/)"
81.209.177.145 - - [10/Jul/2022:07:55:18 +0200] "GET /Main/Parsen?action=print HTTP/1.1" 403 18 "-" "netEstate NE Crawler (+http://www.website-datenbank.de/)"
81.209.177.145 - - [10/Jul/2022:07:55:27 +0200] "GET /MEDIupdateXML/Aerzte?action=edit HTTP/1.1" 403 18 "-" "netEstate NE Crawler (+http://www.website-datenbank.de/)"
81.209.177.145 - - [10/Jul/2022:07:55:35 +0200] "GET /InfoCodex/Index?action=upload HTTP/1.1" 403 18 "-" "netEstate NE Crawler (+http://www.website-datenbank.de/)"
81.209.177.145 - - [10/Jul/2022:07:55:44 +0200] "GET /Main/MiGel?action=edit HTTP/1.1" 403 18 "-" "netEstate NE Crawler (+http://www.website-datenbank.de/)"
81.209.177.145 - - [10/Jul/2022:07:55:52 +0200] "GET /AmiKo/Index?n=Main.SideBar?action=edit HTTP/1.1" 403 18 "-" "netEstate NE Crawler (+http://www.website-datenbank.de/)"
81.209.177.145 - - [10/Jul/2022:07:56:00 +0200] "GET /uploads/Main/132_Email_an_Andreas_Balsiger_13.6.2005.txt HTTP/1.1" 200 3642 "-" "netEstate NE Crawler (+http://www.website-datenbank.de/)"
89.246.241.14 - - [10/Jul/2022:07:56:08 +0200] "GET /Main/2005?action=upload HTTP/1.1" 200 8737 "-" "Mozilla/5.0 (Windows NT 10.0; Win64; x64; rv:84.0) Gecko/20100101 Firefox/84.0"
81.209.177.145 - - [10/Jul/2022:07:56:09 +0200] "GET /Main/SideBar?action=diff HTTP/1.1" 403 18 "-" "netEstate NE Crawler (+http://www.website-datenbank.de/)"
81.209.177.145 - - [10/Jul/2022:07:56:17 +0200] "GET /Main/2020?action=diff HTTP/1.1" 403 18 "-" "netEstate NE Crawler (+http://www.website-datenbank.de/)"
81.209.177.145 - - [10/Jul/2022:07:56:26 +0200] "GET /uploads/Main/An_Hans_Heinrich_Brunner_25.10.2005.txt HTTP/1.1" 200 2712 "-" "netEstate NE Crawler (+http://www.website-datenbank.de/)"
81.209.177.145 - - [10/Jul/2022:07:56:34 +0200] "GET /Swissmedic/PraeparatelisteMitWS?action=diff HTTP/1.1" 403 18 "-" "netEstate NE Crawler (+http://www.website-datenbank.de/)"
81.209.177.145 - - [10/Jul/2022:07:56:51 +0200] "GET /uploads/Main/hartmann.xls HTTP/1.1" 200 226816 "-" "netEstate NE Crawler (+http://www.website-datenbank.de/)"
81.209.177.145 - - [10/Jul/2022:07:56:59 +0200] "GET /Oddb2xml/Felder?action=print HTTP/1.1" 403 18 "-" "netEstate NE Crawler (+http://www.website-datenbank.de/)"
81.209.177.145 - - [10/Jul/2022:07:57:07 +0200] "GET /ODDB/IntegrationLookAmpFeelGenerikasuche?n=Main.SideBar?action=edit HTTP/1.1" 403 18 "-" "netEstate NE Crawler (+http://www.website-datenbank.de/)"
81.209.177.145 - - [10/Jul/2022:07:57:15 +0200] "GET /Main/OmixOcas?action=upload HTTP/1.1" 403 18 "-" "netEstate NE Crawler (+http://www.website-datenbank.de/)"
81.209.177.145 - - [10/Jul/2022:07:57:23 +0200] "GET /HotelMarriott/27062013 HTTP/1.1" 200 12119 "-" "netEstate NE Crawler (+http://www.website-datenbank.de/)"
81.209.177.145 - - [10/Jul/2022:07:57:33 +0200] "GET /InfoCodex/Dokumentenfamilien?action=diff HTTP/1.1" 403 18 "-" "netEstate NE Crawler (+http://www.website-datenbank.de/)"
81.209.177.145 - - [10/Jul/2022:07:57:42 +0200] "GET /Ywesee/YDPM?action=upload HTTP/1.1" 403 18 "-" "netEstate NE Crawler (+http://www.website-datenbank.de/)"
81.209.177.145 - - [10/Jul/2022:07:57:50 +0200] "GET /Main/Phostal?action=diff HTTP/1.1" 403 18 "-" "netEstate NE Crawler (+http://www.website-datenbank.de/)"
81.209.177.145 - - [10/Jul/2022:07:57:58 +0200] "GET /MEDIupdateXML/Softwarehaeuser?action=print HTTP/1.1" 403 18 "-" "netEstate NE Crawler (+http://www.website-datenbank.de/)"
81.209.177.145 - - [10/Jul/2022:07:58:07 +0200] "GET /Main/DocumedGalenicaVsYwesee?action=diff HTTP/1.1" 403 18 "-" "netEstate NE Crawler (+http://www.website-datenbank.de/)"
81.209.177.145 - - [10/Jul/2022:07:58:15 +0200] "GET /uploads/Main/117_Email_an_Franz.Schneller_13.6.2005.txt HTTP/1.1" 200 2784 "-" "netEstate NE Crawler (+http://www.website-datenbank.de/)"
81.209.177.145 - - [10/Jul/2022:07:58:22 +0200] "GET /Software/YDIM?action=edit HTTP/1.1" 403 18 "-" "netEstate NE Crawler (+http://www.website-datenbank.de/)"
81.209.177.145 - - [10/Jul/2022:07:58:30 +0200] "GET /Main/2004?action=diff HTTP/1.1" 403 18 "-" "netEstate NE Crawler (+http://www.website-datenbank.de/)"
81.209.177.145 - - [10/Jul/2022:07:58:38 +0200] "GET /Main/2005?n=Main.SideBar?action=edit HTTP/1.1" 403 18 "-" "netEstate NE Crawler (+http://www.website-datenbank.de/)"
81.209.177.145 - - [10/Jul/2022:07:58:46 +0200] "GET /Ausschreibung/SAI?action=upload HTTP/1.1" 403 18 "-" "netEstate NE Crawler (+http://www.website-datenbank.de/)"
81.209.177.145 - - [10/Jul/2022:07:58:55 +0200] "GET /Software/XMLConv?action=print HTTP/1.1" 403 18 "-" "netEstate NE Crawler (+http://www.website-datenbank.de/)"
194.209.200.2 - - [10/Jul/2022:07:59:03 +0200] "GET /robots.txt HTTP/1.1" 200 - "-" "Mozilla/5.0 (compatible; TMMBot/0.2; +http://www.dslab.ch)/Nutch-1.15"
194.209.200.2 - - [10/Jul/2022:07:59:03 +0200] "GET /Oddb2xml/Index HTTP/1.1" 200 8983 "-" "Mozilla/5.0 (compatible; TMMBot/0.2; +http://www.dslab.ch)/Nutch-1.15"
81.209.177.145 - - [10/Jul/2022:07:59:04 +0200] "GET /Oddb2xml/DatenDownload?action=upload HTTP/1.1" 403 18 "-" "netEstate NE Crawler (+http://www.website-datenbank.de/)"
81.209.177.145 - - [10/Jul/2022:07:59:13 +0200] "GET /Ywesee/BitcoinBlockchain?n=Main.SideBar?action=edit HTTP/1.1" 403 18 "-" "netEstate NE Crawler (+http://www.website-datenbank.de/)"
81.209.177.145 - - [10/Jul/2022:07:59:21 +0200] "GET /Main/2018?n=Main.SideBar?action=edit HTTP/1.1" 403 18 "-" "netEstate NE Crawler (+http://www.website-datenbank.de/)"
81.209.177.145 - - [10/Jul/2022:07:59:29 +0200] "GET /Main/Kolumne HTTP/1.1" 200 9072 "-" "netEstate NE Crawler (+http://www.website-datenbank.de/)"
194.209.200.2 - - [10/Jul/2022:07:59:36 +0200] "GET /AmiKo/Windows HTTP/1.1" 200 10332 "-" "Mozilla/5.0 (compatible; TMMBot/0.2; +http://www.dslab.ch)/Nutch-1.15"
81.209.177.145 - - [10/Jul/2022:07:59:37 +0200] "GET /Main/2013?action=print HTTP/1.1" 403 18 "-" "netEstate NE Crawler (+http://www.website-datenbank.de/)"
81.209.177.145 - - [10/Jul/2022:07:59:45 +0200] "GET /Swissmedic/AIPSXMLImport?action=edit HTTP/1.1" 403 18 "-" "netEstate NE Crawler (+http://www.website-datenbank.de/)"
81.209.177.145 - - [10/Jul/2022:07:59:53 +0200] "GET /AmiKo/Index?action=upload HTTP/1.1" 403 18 "-" "netEstate NE Crawler (+http://www.website-datenbank.de/)"
81.209.177.145 - - [10/Jul/2022:08:00:01 +0200] "GET /ODDB/IndividuelleMediliste?action=print HTTP/1.1" 403 18 "-" "netEstate NE Crawler (+http://www.website-datenbank.de/)"
81.209.177.145 - - [10/Jul/2022:08:00:11 +0200] "GET /InfoCodex/Abstracts?action=print HTTP/1.1" 403 18 "-" "netEstate NE Crawler (+http://www.website-datenbank.de/)"
81.209.177.145 - - [10/Jul/2022:08:00:20 +0200] "GET /HotelMarriott/27062013?action=diff HTTP/1.1" 403 18 "-" "netEstate NE Crawler (+http://www.website-datenbank.de/)"
81.209.177.145 - - [10/Jul/2022:08:00:28 +0200] "GET /Ywesee/BitcoinBlockchain?action=upload HTTP/1.1" 403 18 "-" "netEstate NE Crawler (+http://www.website-datenbank.de/)"
81.209.177.145 - - [10/Jul/2022:08:00:36 +0200] "GET /robots.txt HTTP/1.1" 200 - "-" "netEstate NE Crawler (+http://www.website-datenbank.de/)"
81.209.177.145 - - [10/Jul/2022:08:00:38 +0200] "GET /Android/CoMed HTTP/1.1" 200 9395 "-" "netEstate NE Crawler (+http://www.website-datenbank.de/)"
81.209.177.145 - - [10/Jul/2022:08:00:47 +0200] "GET /Ywesee/KurzFachinfo?n=Main.SideBar?action=edit HTTP/1.1" 403 18 "-" "netEstate NE Crawler (+http://www.website-datenbank.de/)"
81.209.177.145 - - [10/Jul/2022:08:00:55 +0200] "GET /Ywesee/BitcoinBlockchain?action=edit HTTP/1.1" 403 18 "-" "netEstate NE Crawler (+http://www.website-datenbank.de/)"
81.209.177.145 - - [10/Jul/2022:08:01:03 +0200] "GET /Main/2005?action=print HTTP/1.1" 403 18 "-" "netEstate NE Crawler (+http://www.website-datenbank.de/)"
81.209.177.145 - - [10/Jul/2022:08:01:13 +0200] "GET /Main/2019?action=edit HTTP/1.1" 403 18 "-" "netEstate NE Crawler (+http://www.website-datenbank.de/)"
81.209.177.145 - - [10/Jul/2022:08:01:22 +0200] "GET /Main/2019?action=upload HTTP/1.1" 403 18 "-" "netEstate NE Crawler (+http://www.website-datenbank.de/)"
81.209.177.145 - - [10/Jul/2022:08:01:30 +0200] "GET /Oddb2xml/Installation?action=edit HTTP/1.1" 403 18 "-" "netEstate NE Crawler (+http://www.website-datenbank.de/)"
89.246.241.14 - - [10/Jul/2022:08:01:37 +0200] "GET /Main/Legende HTTP/1.1" 200 9217 "-" "Mozilla/5.0 (Windows NT 10.0; Win64; x64; rv:84.0) Gecko/20100101 Firefox/84.0"
81.209.177.145 - - [10/Jul/2022:08:01:38 +0200] "GET /Oddb2xml/DatenDownload?n=Main.SideBar?action=edit HTTP/1.1" 403 18 "-" "netEstate NE Crawler (+http://www.website-datenbank.de/)"
89.246.241.14 - - [10/Jul/2022:08:01:42 +0200] "GET /Main/EANCode HTTP/1.1" 200 9821 "-" "Mozilla/5.0 (Windows NT 10.0; Win64; x64; rv:84.0) Gecko/20100101 Firefox/84.0"
81.209.177.145 - - [10/Jul/2022:08:01:46 +0200] "GET /uploads/Main/von_Balsiger_22.2.2005.txt HTTP/1.1" 200 1631 "-" "netEstate NE Crawler (+http://www.website-datenbank.de/)"
81.209.177.145 - - [10/Jul/2022:08:01:54 +0200] "GET /Software/XMLBAG?action=edit HTTP/1.1" 403 18 "-" "netEstate NE Crawler (+http://www.website-datenbank.de/)"
81.209.177.145 - - [10/Jul/2022:08:02:02 +0200] "GET /Main/OmixOcas?n=Main.SideBar?action=edit HTTP/1.1" 403 18 "-" "netEstate NE Crawler (+http://www.website-datenbank.de/)"
81.209.177.145 - - [10/Jul/2022:08:02:10 +0200] "GET /Ywesee/YDPM?action=diff HTTP/1.1" 403 18 "-" "netEstate NE Crawler (+http://www.website-datenbank.de/)"
194.209.200.2 - - [10/Jul/2022:08:02:14 +0200] "GET /AmiKo/IOS HTTP/1.1" 200 11930 "-" "Mozilla/5.0 (compatible; TMMBot/0.2; +http://www.dslab.ch)/Nutch-1.15"
81.209.177.145 - - [10/Jul/2022:08:02:18 +0200] "GET /Main/2014?action=diff HTTP/1.1" 403 18 "-" "netEstate NE Crawler (+http://www.website-datenbank.de/)"
81.209.177.145 - - [10/Jul/2022:08:02:26 +0200] "GET /Main/2010 HTTP/1.1" 200 27997 "-" "netEstate NE Crawler (+http://www.website-datenbank.de/)"
81.209.177.145 - - [10/Jul/2022:08:02:35 +0200] "GET /HotelMarriott/27062013?action=edit HTTP/1.1" 403 18 "-" "netEstate NE Crawler (+http://www.website-datenbank.de/)"
81.209.177.145 - - [10/Jul/2022:08:02:51 +0200] "GET /uploads/Main/202_an_jelena.majstorovic_19.7.2005.txt HTTP/1.1" 200 5984 "-" "netEstate NE Crawler (+http://www.website-datenbank.de/)"
81.209.177.145 - - [10/Jul/2022:08:03:00 +0200] "GET /SpitalSchweiz/AnzahlOperationssaele2012 HTTP/1.1" 200 9415 "-" "netEstate NE Crawler (+http://www.website-datenbank.de/)"
81.209.177.145 - - [10/Jul/2022:08:03:10 +0200] "GET /Software/XMLBAG?action=print HTTP/1.1" 403 18 "-" "netEstate NE Crawler (+http://www.website-datenbank.de/)"
81.209.177.145 - - [10/Jul/2022:08:03:18 +0200] "GET /Main/Diovan?n=Main.SideBar?action=edit HTTP/1.1" 403 18 "-" "netEstate NE Crawler (+http://www.website-datenbank.de/)"
81.209.177.145 - - [10/Jul/2022:08:03:26 +0200] "GET /Main/SL-Liste?action=edit HTTP/1.1" 403 18 "-" "netEstate NE Crawler (+http://www.website-datenbank.de/)"
81.209.177.145 - - [10/Jul/2022:08:03:34 +0200] "GET /uploads/Main/an_Medioni_10.3.2005.txt HTTP/1.1" 200 1617 "-" "netEstate NE Crawler (+http://www.website-datenbank.de/)"
81.209.177.145 - - [10/Jul/2022:08:03:44 +0200] "GET /uploads/Main/An_Kaempf_12.4.2005.txt HTTP/1.1" 200 1911 "-" "netEstate NE Crawler (+http://www.website-datenbank.de/)"
81.209.177.145 - - [10/Jul/2022:08:03:52 +0200] "GET /Stellungnahme/ProPharma?action=edit HTTP/1.1" 403 18 "-" "netEstate NE Crawler (+http://www.website-datenbank.de/)"
81.209.177.145 - - [10/Jul/2022:08:04:00 +0200] "GET /PublicDomain/AIPS?action=upload HTTP/1.1" 403 18 "-" "netEstate NE Crawler (+http://www.website-datenbank.de/)"
81.209.177.145 - - [10/Jul/2022:08:04:09 +0200] "GET /Main/2013?action=edit HTTP/1.1" 403 18 "-" "netEstate NE Crawler (+http://www.website-datenbank.de/)"
81.209.177.145 - - [10/Jul/2022:08:04:17 +0200] "GET /SpitalSchweiz/AnzahlOperationssaele2012?action=print HTTP/1.1" 403 18 "-" "netEstate NE Crawler (+http://www.website-datenbank.de/)"
194.209.200.2 - - [10/Jul/2022:08:04:19 +0200] "GET /Software/ODDB HTTP/1.1" 200 10298 "-" "Mozilla/5.0 (compatible; TMMBot/0.2; +http://www.dslab.ch)/Nutch-1.15"
