89.246.241.14 - - [10/Jul/2022:06:45:37 +0200] "GET /Main/2006 HTTP/1.1" 200 39320 "-" "Mozilla/5.0 (Windows NT 10.0; Win64; x64; rv:84.0) Gecko/20100101 Firefox/84.0"
89.246.241.14 - - [10/Jul/2022:06:45:43 +0200] "GET /uploads/Main/Excel_100_vergleichbare_Medikamente_Schweiz_Deutschland.xls HTTP/1.1" 200 137216 "-" "Mozilla/5.0 (Windows NT 10.0; Win64; x64; rv:84.0) Gecko/20100101 Firefox/84.0"
89.246.241.14 - - [10/Jul/2022:06:45:52 +0200] "GET /Main/2005 HTTP/1.1" 200 63344 "-" "Mozilla/5.0 (Windows NT 10.0; Win64; x64; rv:84.0) Gecko/20100101 Firefox/84.0"
89.246.241.14 - - [10/Jul/2022:06:46:05 +0200] "GET /uploads/Main/Facharbeit_Raphael_Waltert.pdf HTTP/1.1" 200 1004701 "-" "Mozilla/5.0 (Windows NT 10.0; Win64; x64; rv:84.0) Gecko/20100101 Firefox/84.0"
89.246.241.14 - - [10/Jul/2022:06:46:11 +0200] "GET /Main/2004 HTTP/1.1" 200 14080 "-" "Mozilla/5.0 (Windows NT 10.0; Win64; x64; rv:84.0) Gecko/20100101 Firefox/84.0"
89.246.241.14 - - [10/Jul/2022:06:46:16 +0200] "GET /uploads/Main/Facharbeit_Mike_Walder.pdf HTTP/1.1" 200 989761 "-" "Mozilla/5.0 (Windows NT 10.0; Win64; x64; rv:84.0) Gecko/20100101 Firefox/84.0"
89.246.241.14 - - [10/Jul/2022:06:48:22 +0200] "GET /AmiKo/SAPP HTTP/1.1" 200 12947 "-" "Mozilla/5.0 (Windows NT 10.0; Win64; x64; rv:84.0) Gecko/20100101 Firefox/84.0"
54.36.149.91 - - [10/Jul/2022:06:49:46 +0200] "GET /robots.txt HTTP/1.1" 200 - "-" "Mozilla/5.0 (compatible; AhrefsBot/7.0; +http://ahrefs.com/robot/)"
81.209.177.145 - - [10/Jul/2022:06:50:06 +0200] "GET /robots.txt HTTP/1.1" 200 - "-" "netEstate NE Crawler (+http://www.website-datenbank.de/)"
81.209.177.145 - - [10/Jul/2022:06:50:06 +0200] "GET / HTTP/1.1" 200 12074 "-" "netEstate NE Crawler (+http://www.website-datenbank.de/)"
81.209.177.145 - - [10/Jul/2022:06:50:16 +0200] "GET /Ywesee/Team HTTP/1.1" 200 18245 "-" "netEstate NE Crawler (+http://www.website-datenbank.de/)"
81.209.177.145 - - [10/Jul/2022:06:50:26 +0200] "GET /Main/2004 HTTP/1.1" 200 14080 "-" "netEstate NE Crawler (+http://www.website-datenbank.de/)"
81.209.177.145 - - [10/Jul/2022:06:50:35 +0200] "GET /Main/2017 HTTP/1.1" 200 15840 "-" "netEstate NE Crawler (+http://www.website-datenbank.de/)"
81.209.177.145 - - [10/Jul/2022:06:50:44 +0200] "GET /AmiKo/Linux HTTP/1.1" 200 9217 "-" "netEstate NE Crawler (+http://www.website-datenbank.de/)"
81.209.177.145 - - [10/Jul/2022:06:50:52 +0200] "GET /Main/2004?action=upload HTTP/1.1" 403 18 "-" "netEstate NE Crawler (+http://www.website-datenbank.de/)"
81.209.177.145 - - [10/Jul/2022:06:51:00 +0200] "GET /Ywesee/InfoCodex HTTP/1.1" 200 24435 "-" "netEstate NE Crawler (+http://www.website-datenbank.de/)"
81.209.177.145 - - [10/Jul/2022:06:51:09 +0200] "GET /Main/SideBar?action=edit HTTP/1.1" 403 18 "-" "netEstate NE Crawler (+http://www.website-datenbank.de/)"
81.209.177.145 - - [10/Jul/2022:06:51:18 +0200] "GET /Ywesee/Team?action=diff HTTP/1.1" 403 18 "-" "netEstate NE Crawler (+http://www.website-datenbank.de/)"
81.209.177.145 - - [10/Jul/2022:06:51:27 +0200] "GET /Main/2017?action=edit HTTP/1.1" 403 18 "-" "netEstate NE Crawler (+http://www.website-datenbank.de/)"
81.209.177.145 - - [10/Jul/2022:06:51:43 +0200] "GET /AmiKo/Linux?action=print HTTP/1.1" 403 18 "-" "netEstate NE Crawler (+http://www.website-datenbank.de/)"
81.209.177.145 - - [10/Jul/2022:06:51:52 +0200] "GET /Ywesee/InfoCodex?action=print HTTP/1.1" 403 18 "-" "netEstate NE Crawler (+http://www.website-datenbank.de/)"
81.209.177.145 - - [10/Jul/2022:06:52:00 +0200] "GET /uploads/Main/Fragen_Weko_Swisscom_Directories.txt HTTP/1.1" 200 4791 "-" "netEstate NE Crawler (+http://www.website-datenbank.de/)"
81.209.177.145 - - [10/Jul/2022:06:52:08 +0200] "GET /Main/2014 HTTP/1.1" 200 19471 "-" "netEstate NE Crawler (+http://www.website-datenbank.de/)"
81.209.177.145 - - [10/Jul/2022:06:52:17 +0200] "GET /Ywesee/ODBA HTTP/1.1" 200 8453 "-" "netEstate NE Crawler (+http://www.website-datenbank.de/)"
81.209.177.145 - - [10/Jul/2022:06:52:25 +0200] "GET /AmiKo/Barcodes HTTP/1.1" 200 8978 "-" "netEstate NE Crawler (+http://www.website-datenbank.de/)"
81.209.177.145 - - [10/Jul/2022:06:52:35 +0200] "GET /Site/AllRecentChanges?action=rss HTTP/1.1" 200 2546 "-" "netEstate NE Crawler (+http://www.website-datenbank.de/)"
81.209.177.145 - - [10/Jul/2022:06:52:44 +0200] "GET /Software/SoftwareRaid HTTP/1.1" 200 12104 "-" "netEstate NE Crawler (+http://www.website-datenbank.de/)"
81.209.177.145 - - [10/Jul/2022:06:52:53 +0200] "GET /Main/Home?action=edit HTTP/1.1" 403 18 "-" "netEstate NE Crawler (+http://www.website-datenbank.de/)"
81.209.177.145 - - [10/Jul/2022:06:53:01 +0200] "GET /MEDIupdateXML/Aerzte HTTP/1.1" 200 8529 "-" "netEstate NE Crawler (+http://www.website-datenbank.de/)"
89.246.241.14 - - [10/Jul/2022:06:53:05 +0200] "GET /AmiKo/Windows HTTP/1.1" 200 10332 "-" "Mozilla/5.0 (Windows NT 10.0; Win64; x64; rv:84.0) Gecko/20100101 Firefox/84.0"
81.209.177.145 - - [10/Jul/2022:06:53:09 +0200] "GET /Main/DocumedGalenicaVsYwesee HTTP/1.1" 200 35251 "-" "netEstate NE Crawler (+http://www.website-datenbank.de/)"
81.209.177.145 - - [10/Jul/2022:06:53:19 +0200] "GET /Ywesee/ODBA?action=print HTTP/1.1" 403 18 "-" "netEstate NE Crawler (+http://www.website-datenbank.de/)"
81.209.177.145 - - [10/Jul/2022:06:53:27 +0200] "GET /PublicDomain/Stammdaten HTTP/1.1" 200 11234 "-" "netEstate NE Crawler (+http://www.website-datenbank.de/)"
81.209.177.145 - - [10/Jul/2022:06:53:36 +0200] "GET /Main/Home HTTP/1.1" 200 12074 "-" "netEstate NE Crawler (+http://www.website-datenbank.de/)"
81.209.177.145 - - [10/Jul/2022:06:53:53 +0200] "GET /AmiKo/Barcodes?action=upload HTTP/1.1" 403 18 "-" "netEstate NE Crawler (+http://www.website-datenbank.de/)"
81.209.177.145 - - [10/Jul/2022:06:54:02 +0200] "GET /Swissmedic/Vertriebsunterbruch HTTP/1.1" 200 10279 "-" "netEstate NE Crawler (+http://www.website-datenbank.de/)"
81.209.177.145 - - [10/Jul/2022:06:54:11 +0200] "GET /SpitalSchweiz/FinanzErgebnis2012 HTTP/1.1" 200 9335 "-" "netEstate NE Crawler (+http://www.website-datenbank.de/)"
81.209.177.145 - - [10/Jul/2022:06:54:19 +0200] "GET /Main/WekoBlog HTTP/1.1" 200 22209 "-" "netEstate NE Crawler (+http://www.website-datenbank.de/)"
81.209.177.145 - - [10/Jul/2022:06:54:36 +0200] "GET /Ywesee/About HTTP/1.1" 200 9132 "-" "netEstate NE Crawler (+http://www.website-datenbank.de/)"
81.209.177.145 - - [10/Jul/2022:06:54:44 +0200] "GET /Main/Home?n=Main.SideBar?action=edit HTTP/1.1" 403 18 "-" "netEstate NE Crawler (+http://www.website-datenbank.de/)"
81.209.177.145 - - [10/Jul/2022:06:54:52 +0200] "GET /Main/WekoBlog?action=edit HTTP/1.1" 403 18 "-" "netEstate NE Crawler (+http://www.website-datenbank.de/)"
81.209.177.145 - - [10/Jul/2022:06:55:01 +0200] "GET /Main/2015 HTTP/1.1" 200 15908 "-" "netEstate NE Crawler (+http://www.website-datenbank.de/)"
81.209.177.145 - - [10/Jul/2022:06:55:11 +0200] "GET /Main/2007 HTTP/1.1" 200 50639 "-" "netEstate NE Crawler (+http://www.website-datenbank.de/)"
81.209.177.145 - - [10/Jul/2022:06:55:22 +0200] "GET /InfoCodex/Abstracts HTTP/1.1" 200 10102 "-" "netEstate NE Crawler (+http://www.website-datenbank.de/)"
81.209.177.145 - - [10/Jul/2022:06:55:30 +0200] "GET /uploads/Main/Bewilligung_fr_Medikamenteneinfuhr.txt HTTP/1.1" 200 2605 "-" "netEstate NE Crawler (+http://www.website-datenbank.de/)"
81.209.177.145 - - [10/Jul/2022:06:55:38 +0200] "GET /Main/Elexis HTTP/1.1" 200 10922 "-" "netEstate NE Crawler (+http://www.website-datenbank.de/)"
81.209.177.145 - - [10/Jul/2022:06:55:47 +0200] "GET /Swissmedic/Vertriebsunterbruch?action=upload HTTP/1.1" 403 18 "-" "netEstate NE Crawler (+http://www.website-datenbank.de/)"
81.209.177.145 - - [10/Jul/2022:06:55:55 +0200] "GET /Main/FAZ HTTP/1.1" 200 8325 "-" "netEstate NE Crawler (+http://www.website-datenbank.de/)"
81.209.177.145 - - [10/Jul/2022:06:56:04 +0200] "GET /AmiKo/IOS HTTP/1.1" 200 11930 "-" "netEstate NE Crawler (+http://www.website-datenbank.de/)"
81.209.177.145 - - [10/Jul/2022:06:56:12 +0200] "GET /Main/2007?action=upload&upname=Zivilgericht_Basel_Verfgung_14.3.2007.pdf HTTP/1.1" 403 18 "-" "netEstate NE Crawler (+http://www.website-datenbank.de/)"
81.209.177.145 - - [10/Jul/2022:06:56:20 +0200] "GET /Main/2014?action=edit HTTP/1.1" 403 18 "-" "netEstate NE Crawler (+http://www.website-datenbank.de/)"
81.209.177.145 - - [10/Jul/2022:06:56:28 +0200] "GET /uploads/Main/An_Dexel_20.03.2007.txt HTTP/1.1" 200 2759 "-" "netEstate NE Crawler (+http://www.website-datenbank.de/)"
81.209.177.145 - - [10/Jul/2022:06:56:36 +0200] "GET /Ywesee/XMLCONV2 HTTP/1.1" 200 8483 "-" "netEstate NE Crawler (+http://www.website-datenbank.de/)"
194.209.200.2 - - [10/Jul/2022:06:56:37 +0200] "GET /robots.txt HTTP/1.1" 200 - "-" "Mozilla/5.0 (compatible; TMMBot/0.2; +http://www.dslab.ch)/Nutch-1.15"
194.209.200.2 - - [10/Jul/2022:06:56:37 +0200] "GET /Oddb2xml/Index HTTP/1.1" 200 8983 "-" "Mozilla/5.0 (compatible; TMMBot/0.2; +http://www.dslab.ch)/Nutch-1.15"
81.209.177.145 - - [10/Jul/2022:06:56:45 +0200] "GET /ODDB/IndividuelleMediliste HTTP/1.1" 200 9139 "-" "netEstate NE Crawler (+http://www.website-datenbank.de/)"
81.209.177.145 - - [10/Jul/2022:06:57:02 +0200] "GET /Main/WekoBlog?action=upload HTTP/1.1" 403 18 "-" "netEstate NE Crawler (+http://www.website-datenbank.de/)"
81.209.177.145 - - [10/Jul/2022:06:57:11 +0200] "GET /Ywesee/OpenSource HTTP/1.1" 200 10790 "-" "netEstate NE Crawler (+http://www.website-datenbank.de/)"
81.209.177.145 - - [10/Jul/2022:06:57:19 +0200] "GET /Main/2004?action=print HTTP/1.1" 403 18 "-" "netEstate NE Crawler (+http://www.website-datenbank.de/)"
81.209.177.145 - - [10/Jul/2022:06:57:27 +0200] "GET /Oddb2xml/Index HTTP/1.1" 200 8983 "-" "netEstate NE Crawler (+http://www.website-datenbank.de/)"
81.209.177.145 - - [10/Jul/2022:06:57:36 +0200] "GET /Main/2014?action=upload HTTP/1.1" 403 18 "-" "netEstate NE Crawler (+http://www.website-datenbank.de/)"
81.209.177.145 - - [10/Jul/2022:06:57:44 +0200] "GET /Ywesee/InfoCodex?action=upload HTTP/1.1" 403 18 "-" "netEstate NE Crawler (+http://www.website-datenbank.de/)"
81.209.177.145 - - [10/Jul/2022:06:57:52 +0200] "GET /MEDIupdateXML/Softwarehaeuser HTTP/1.1" 200 8654 "-" "netEstate NE Crawler (+http://www.website-datenbank.de/)"
81.209.177.145 - - [10/Jul/2022:06:58:01 +0200] "GET /Refdatabase/PharmacodeLoeschung HTTP/1.1" 200 10134 "-" "netEstate NE Crawler (+http://www.website-datenbank.de/)"
81.209.177.145 - - [10/Jul/2022:06:58:10 +0200] "GET /Ywesee/OpenSource?action=edit HTTP/1.1" 403 18 "-" "netEstate NE Crawler (+http://www.website-datenbank.de/)"
81.209.177.145 - - [10/Jul/2022:06:58:18 +0200] "GET /Oddb2xml/Index?action=upload HTTP/1.1" 403 18 "-" "netEstate NE Crawler (+http://www.website-datenbank.de/)"
81.209.177.145 - - [10/Jul/2022:06:58:27 +0200] "GET /Main/WekoBlog?action=print HTTP/1.1" 403 18 "-" "netEstate NE Crawler (+http://www.website-datenbank.de/)"
81.209.177.145 - - [10/Jul/2022:06:58:35 +0200] "GET /Main/Parsen HTTP/1.1" 200 8581 "-" "netEstate NE Crawler (+http://www.website-datenbank.de/)"
81.209.177.145 - - [10/Jul/2022:06:58:43 +0200] "GET /Main/2014?n=Main.SideBar?action=edit HTTP/1.1" 403 18 "-" "netEstate NE Crawler (+http://www.website-datenbank.de/)"
81.209.177.145 - - [10/Jul/2022:06:58:51 +0200] "GET /Software/SoftwareRaid?n=Main.SideBar?action=edit HTTP/1.1" 403 18 "-" "netEstate NE Crawler (+http://www.website-datenbank.de/)"
81.209.177.145 - - [10/Jul/2022:06:59:00 +0200] "GET /Main/WekoBlogAntragAufErweiterung HTTP/1.1" 200 15562 "-" "netEstate NE Crawler (+http://www.website-datenbank.de/)"
81.209.177.145 - - [10/Jul/2022:06:59:09 +0200] "GET /SpitalSchweiz/FinanzErgebnis2012?action=print HTTP/1.1" 403 18 "-" "netEstate NE Crawler (+http://www.website-datenbank.de/)"
81.209.177.145 - - [10/Jul/2022:06:59:17 +0200] "GET /Main/FAZ?action=upload HTTP/1.1" 403 18 "-" "netEstate NE Crawler (+http://www.website-datenbank.de/)"
81.209.177.145 - - [10/Jul/2022:06:59:26 +0200] "GET /Main/NZZ HTTP/1.1" 200 8325 "-" "netEstate NE Crawler (+http://www.website-datenbank.de/)"
194.209.200.2 - - [10/Jul/2022:06:59:27 +0200] "GET /Main/2011 HTTP/1.1" 200 21451 "-" "Mozilla/5.0 (compatible; TMMBot/0.2; +http://www.dslab.ch)/Nutch-1.15"
81.209.177.145 - - [10/Jul/2022:06:59:34 +0200] "GET /Swissmedic/Vertriebsunterbruch?n=Main.SideBar?action=edit HTTP/1.1" 403 18 "-" "netEstate NE Crawler (+http://www.website-datenbank.de/)"
194.209.200.2 - - [10/Jul/2022:06:59:42 +0200] "GET /Software/Spreadsheet HTTP/1.1" 200 8839 "-" "Mozilla/5.0 (compatible; TMMBot/0.2; +http://www.dslab.ch)/Nutch-1.15"
81.209.177.145 - - [10/Jul/2022:06:59:42 +0200] "GET /Main/SideBar HTTP/1.1" 200 10903 "-" "netEstate NE Crawler (+http://www.website-datenbank.de/)"
81.209.177.145 - - [10/Jul/2022:06:59:51 +0200] "GET /SpitalSchweiz/AnzahlBettenstationaer2012 HTTP/1.1" 200 9424 "-" "netEstate NE Crawler (+http://www.website-datenbank.de/)"
81.209.177.145 - - [10/Jul/2022:06:59:59 +0200] "GET /Ywesee/Team?n=Main.SideBar?action=edit HTTP/1.1" 403 18 "-" "netEstate NE Crawler (+http://www.website-datenbank.de/)"
81.209.177.145 - - [10/Jul/2022:07:00:08 +0200] "GET /robots.txt HTTP/1.1" 200 - "-" "netEstate NE Crawler (+http://www.website-datenbank.de/)"
81.209.177.145 - - [10/Jul/2022:07:00:11 +0200] "GET /uploads/Main/345_Email_an_peter.indra_13.2.2007.txt HTTP/1.1" 200 55157 "-" "netEstate NE Crawler (+http://www.website-datenbank.de/)"
81.209.177.145 - - [10/Jul/2022:07:00:19 +0200] "GET /Ywesee/About?action=print HTTP/1.1" 403 18 "-" "netEstate NE Crawler (+http://www.website-datenbank.de/)"
81.209.177.145 - - [10/Jul/2022:07:00:28 +0200] "GET /Software/ODDB HTTP/1.1" 200 10298 "-" "netEstate NE Crawler (+http://www.website-datenbank.de/)"
81.209.177.145 - - [10/Jul/2022:07:00:36 +0200] "GET /Software/ODDB?action=print HTTP/1.1" 403 18 "-" "netEstate NE Crawler (+http://www.website-datenbank.de/)"
81.209.177.145 - - [10/Jul/2022:07:00:44 +0200] "GET /ODDB/IndividuelleMediliste?action=edit HTTP/1.1" 403 18 "-" "netEstate NE Crawler (+http://www.website-datenbank.de/)"
81.209.177.145 - - [10/Jul/2022:07:00:52 +0200] "GET /Main/2007?action=upload&upname=Urteilsbegrndung_Zivilgericht_Basel_Stadt_5.9.2007.pdf HTTP/1.1" 403 18 "-" "netEstate NE Crawler (+http://www.website-datenbank.de/)"
81.209.177.145 - - [10/Jul/2022:07:01:09 +0200] "GET /Main/NZZ?action=print HTTP/1.1" 403 18 "-" "netEstate NE Crawler (+http://www.website-datenbank.de/)"
89.246.241.14 - - [10/Jul/2022:07:01:13 +0200] "GET /Ywesee/Kontakt HTTP/1.1" 200 8973 "-" "Mozilla/5.0 (Windows NT 10.0; Win64; x64; rv:84.0) Gecko/20100101 Firefox/84.0"
54.84.192.51 - - [10/Jul/2022:07:01:14 +0200] "GET /keybase.txt HTTP/1.1" 200 2659 "-" "keybase-proofs/2.3.24"
81.209.177.145 - - [10/Jul/2022:07:01:17 +0200] "GET /AmiKo/Linux?action=edit HTTP/1.1" 403 18 "-" "netEstate NE Crawler (+http://www.website-datenbank.de/)"
81.209.177.145 - - [10/Jul/2022:07:01:26 +0200] "GET /Software/SoftwareRaid?action=upload HTTP/1.1" 403 18 "-" "netEstate NE Crawler (+http://www.website-datenbank.de/)"
81.209.177.145 - - [10/Jul/2022:07:01:35 +0200] "GET /AmiKo/IOS?action=print HTTP/1.1" 403 18 "-" "netEstate NE Crawler (+http://www.website-datenbank.de/)"
81.209.177.145 - - [10/Jul/2022:07:01:43 +0200] "GET /Ywesee/ODBA?action=upload HTTP/1.1" 403 18 "-" "netEstate NE Crawler (+http://www.website-datenbank.de/)"
81.209.177.145 - - [10/Jul/2022:07:01:51 +0200] "GET /Oddb2xml/Index?action=diff HTTP/1.1" 403 18 "-" "netEstate NE Crawler (+http://www.website-datenbank.de/)"
81.209.177.145 - - [10/Jul/2022:07:01:59 +0200] "GET /Wiget/PhMPrescriber HTTP/1.1" 200 9312 "-" "netEstate NE Crawler (+http://www.website-datenbank.de/)"
81.209.177.145 - - [10/Jul/2022:07:02:07 +0200] "GET /Main/Elexis?action=upload HTTP/1.1" 403 18 "-" "netEstate NE Crawler (+http://www.website-datenbank.de/)"
81.209.177.145 - - [10/Jul/2022:07:02:16 +0200] "GET /Main/Parsen?action=upload HTTP/1.1" 403 18 "-" "netEstate NE Crawler (+http://www.website-datenbank.de/)"
81.209.177.145 - - [10/Jul/2022:07:02:23 +0200] "GET /Main/2021 HTTP/1.1" 200 16484 "-" "netEstate NE Crawler (+http://www.website-datenbank.de/)"
81.209.177.145 - - [10/Jul/2022:07:02:33 +0200] "GET /Ywesee/SBSM HTTP/1.1" 200 8449 "-" "netEstate NE Crawler (+http://www.website-datenbank.de/)"
81.209.177.145 - - [10/Jul/2022:07:02:42 +0200] "GET /AmiKo/IOS?action=upload HTTP/1.1" 403 18 "-" "netEstate NE Crawler (+http://www.website-datenbank.de/)"
81.209.177.145 - - [10/Jul/2022:07:02:50 +0200] "GET /Software/XMLConv HTTP/1.1" 200 8709 "-" "netEstate NE Crawler (+http://www.website-datenbank.de/)"
194.209.200.2 - - [10/Jul/2022:07:02:51 +0200] "GET /Main/2016 HTTP/1.1" 200 13689 "-" "Mozilla/5.0 (compatible; TMMBot/0.2; +http://www.dslab.ch)/Nutch-1.15"
89.246.241.14 - - [10/Jul/2022:07:02:56 +0200] "GET /Main/MiGel HTTP/1.1" 200 16437 "-" "Mozilla/5.0 (Windows NT 10.0; Win64; x64; rv:84.0) Gecko/20100101 Firefox/84.0"
194.209.200.2 - - [10/Jul/2022:07:02:58 +0200] "GET /Main/2014 HTTP/1.1" 200 19471 "-" "Mozilla/5.0 (compatible; TMMBot/0.2; +http://www.dslab.ch)/Nutch-1.15"
81.209.177.145 - - [10/Jul/2022:07:02:59 +0200] "GET /PublicDomain/Stammdaten?action=diff HTTP/1.1" 403 18 "-" "netEstate NE Crawler (+http://www.website-datenbank.de/)"
185.191.171.6 - - [10/Jul/2022:07:03:03 +0200] "GET /robots.txt HTTP/1.1" 200 - "-" "Mozilla/5.0 (compatible; SemrushBot/7~bl; +http://www.semrush.com/bot.html)"
185.191.171.17 - - [10/Jul/2022:07:03:04 +0200] "GET /Main/OmixOcas?action=edit HTTP/1.1" 403 18 "-" "Mozilla/5.0 (compatible; SemrushBot/7~bl; +http://www.semrush.com/bot.html)"
194.209.200.2 - - [10/Jul/2022:07:03:05 +0200] "GET /Main/2012 HTTP/1.1" 200 31941 "-" "Mozilla/5.0 (compatible; TMMBot/0.2; +http://www.dslab.ch)/Nutch-1.15"
81.209.177.145 - - [10/Jul/2022:07:03:06 +0200] "GET /Oddb2xml/Index?action=edit HTTP/1.1" 403 18 "-" "netEstate NE Crawler (+http://www.website-datenbank.de/)"
81.209.177.145 - - [10/Jul/2022:07:03:14 +0200] "GET /Main/2019 HTTP/1.1" 200 15246 "-" "netEstate NE Crawler (+http://www.website-datenbank.de/)"
194.209.200.2 - - [10/Jul/2022:07:03:20 +0200] "GET /Main/ComCo19122016 HTTP/1.1" 200 10547 "-" "Mozilla/5.0 (compatible; TMMBot/0.2; +http://www.dslab.ch)/Nutch-1.15"
81.209.177.145 - - [10/Jul/2022:07:03:23 +0200] "GET /Main/2019?action=print HTTP/1.1" 403 18 "-" "netEstate NE Crawler (+http://www.website-datenbank.de/)"
81.209.177.145 - - [10/Jul/2022:07:03:32 +0200] "GET /Software/XMLConv?action=upload HTTP/1.1" 403 18 "-" "netEstate NE Crawler (+http://www.website-datenbank.de/)"
81.209.177.145 - - [10/Jul/2022:07:03:41 +0200] "GET /uploads/Main/amiko_owner_report_fr.html HTTP/1.1" 200 6637 "-" "netEstate NE Crawler (+http://www.website-datenbank.de/)"
81.209.177.145 - - [10/Jul/2022:07:03:50 +0200] "GET /Apotheke/POS HTTP/1.1" 200 11138 "-" "netEstate NE Crawler (+http://www.website-datenbank.de/)"
81.209.177.145 - - [10/Jul/2022:07:03:59 +0200] "GET /Apotheke/POS?action=print HTTP/1.1" 403 18 "-" "netEstate NE Crawler (+http://www.website-datenbank.de/)"
81.209.177.145 - - [10/Jul/2022:07:04:07 +0200] "GET /Main/Home?action=upload HTTP/1.1" 403 18 "-" "netEstate NE Crawler (+http://www.website-datenbank.de/)"
81.209.177.145 - - [10/Jul/2022:07:04:15 +0200] "GET /AmiKo/Android HTTP/1.1" 200 10427 "-" "netEstate NE Crawler (+http://www.website-datenbank.de/)"
81.209.177.145 - - [10/Jul/2022:07:04:39 +0200] "GET /Main/Parsen?action=edit HTTP/1.1" 403 18 "-" "netEstate NE Crawler (+http://www.website-datenbank.de/)"
81.209.177.145 - - [10/Jul/2022:07:04:48 +0200] "GET /Main/2015?action=diff HTTP/1.1" 403 18 "-" "netEstate NE Crawler (+http://www.website-datenbank.de/)"
81.209.177.145 - - [10/Jul/2022:07:04:57 +0200] "GET /Wiget/PhMPrescriber?action=diff HTTP/1.1" 403 18 "-" "netEstate NE Crawler (+http://www.website-datenbank.de/)"
81.209.177.145 - - [10/Jul/2022:07:05:06 +0200] "GET / HTTP/1.1" 200 12074 "-" "netEstate NE Crawler (+http://www.website-datenbank.de/)"
81.209.177.145 - - [10/Jul/2022:07:05:15 +0200] "GET /Main/Legende HTTP/1.1" 200 9217 "-" "netEstate NE Crawler (+http://www.website-datenbank.de/)"
81.209.177.145 - - [10/Jul/2022:07:05:24 +0200] "GET /Software/SoftwareRaid?action=print HTTP/1.1" 403 18 "-" "netEstate NE Crawler (+http://www.website-datenbank.de/)"
81.209.177.145 - - [10/Jul/2022:07:05:32 +0200] "GET /PublicDomain/StammdatenFR HTTP/1.1" 200 10865 "-" "netEstate NE Crawler (+http://www.website-datenbank.de/)"
81.209.177.145 - - [10/Jul/2022:07:05:41 +0200] "GET /Main/2019?action=diff HTTP/1.1" 403 18 "-" "netEstate NE Crawler (+http://www.website-datenbank.de/)"
81.209.177.145 - - [10/Jul/2022:07:05:49 +0200] "GET /Main/2007?n=Main.SideBar?action=edit HTTP/1.1" 403 18 "-" "netEstate NE Crawler (+http://www.website-datenbank.de/)"
81.209.177.145 - - [10/Jul/2022:07:06:05 +0200] "GET /Main/2008 HTTP/1.1" 200 34740 "-" "netEstate NE Crawler (+http://www.website-datenbank.de/)"
81.209.177.145 - - [10/Jul/2022:07:06:15 +0200] "GET /InfoCodex/Abstracts?action=edit HTTP/1.1" 403 18 "-" "netEstate NE Crawler (+http://www.website-datenbank.de/)"
81.209.177.145 - - [10/Jul/2022:07:06:24 +0200] "GET /Main/Legende?action=edit HTTP/1.1" 403 18 "-" "netEstate NE Crawler (+http://www.website-datenbank.de/)"
81.209.177.145 - - [10/Jul/2022:07:06:33 +0200] "GET /Main/2011 HTTP/1.1" 200 21451 "-" "netEstate NE Crawler (+http://www.website-datenbank.de/)"
81.209.177.145 - - [10/Jul/2022:07:06:58 +0200] "GET /Ywesee/Team?action=edit HTTP/1.1" 403 18 "-" "netEstate NE Crawler (+http://www.website-datenbank.de/)"
81.209.177.145 - - [10/Jul/2022:07:07:06 +0200] "GET /AmiKo/IOS?n=Main.SideBar?action=edit HTTP/1.1" 403 18 "-" "netEstate NE Crawler (+http://www.website-datenbank.de/)"
81.209.177.145 - - [10/Jul/2022:07:07:14 +0200] "GET /Refdatabase/PharmacodeLoeschung?action=diff HTTP/1.1" 403 18 "-" "netEstate NE Crawler (+http://www.website-datenbank.de/)"
81.209.177.145 - - [10/Jul/2022:07:07:22 +0200] "GET /Ywesee/Team?action=print HTTP/1.1" 403 18 "-" "netEstate NE Crawler (+http://www.website-datenbank.de/)"
81.209.177.145 - - [10/Jul/2022:07:07:32 +0200] "GET /Ywesee/About?action=diff HTTP/1.1" 403 18 "-" "netEstate NE Crawler (+http://www.website-datenbank.de/)"
81.209.177.145 - - [10/Jul/2022:07:07:40 +0200] "GET /Main/FAZ?action=edit HTTP/1.1" 403 18 "-" "netEstate NE Crawler (+http://www.website-datenbank.de/)"
81.209.177.145 - - [10/Jul/2022:07:07:48 +0200] "GET /MEDIupdateXML/Softwarehaeuser?action=upload HTTP/1.1" 403 18 "-" "netEstate NE Crawler (+http://www.website-datenbank.de/)"
81.209.177.145 - - [10/Jul/2022:07:07:56 +0200] "GET /AmiKo/Android?action=print HTTP/1.1" 403 18 "-" "netEstate NE Crawler (+http://www.website-datenbank.de/)"
81.209.177.145 - - [10/Jul/2022:07:08:05 +0200] "GET /Software/XMLConv?action=diff HTTP/1.1" 403 18 "-" "netEstate NE Crawler (+http://www.website-datenbank.de/)"
162.210.196.100 - - [10/Jul/2022:07:08:06 +0200] "GET /robots.txt HTTP/1.1" 200 - "-" "Mozilla/5.0 (compatible; MJ12bot/v1.4.8; http://mj12bot.com/)"
162.210.196.100 - - [10/Jul/2022:07:08:07 +0200] "GET / HTTP/1.1" 200 12074 "-" "Mozilla/5.0 (compatible; MJ12bot/v1.4.8; http://mj12bot.com/)"
81.209.177.145 - - [10/Jul/2022:07:08:13 +0200] "GET /Newsletter/10052017 HTTP/1.1" 200 11460 "-" "netEstate NE Crawler (+http://www.website-datenbank.de/)"
81.209.177.145 - - [10/Jul/2022:07:08:22 +0200] "GET /Main/WekoBlogAntragAufErweiterung?action=upload HTTP/1.1" 403 18 "-" "netEstate NE Crawler (+http://www.website-datenbank.de/)"
81.209.177.145 - - [10/Jul/2022:07:08:30 +0200] "GET /uploads/Main/comco_32-0249_16.12.2016_deepl_FR_22.1.2021.txt HTTP/1.1" 200 392756 "-" "netEstate NE Crawler (+http://www.website-datenbank.de/)"
81.209.177.145 - - [10/Jul/2022:07:08:46 +0200] "GET /MEDIupdateXML/Aerzte?action=print HTTP/1.1" 403 18 "-" "netEstate NE Crawler (+http://www.website-datenbank.de/)"
81.209.177.145 - - [10/Jul/2022:07:08:54 +0200] "GET /Main/Parsen?n=Main.SideBar?action=edit HTTP/1.1" 403 18 "-" "netEstate NE Crawler (+http://www.website-datenbank.de/)"
81.209.177.145 - - [10/Jul/2022:07:09:02 +0200] "GET /AmiKo/IOS?action=edit HTTP/1.1" 403 18 "-" "netEstate NE Crawler (+http://www.website-datenbank.de/)"
81.209.177.145 - - [10/Jul/2022:07:09:11 +0200] "GET /uploads/Main/compare_swissmedic_to_swisssindex_1294_atc_are_longer_in_swissindex.txt HTTP/1.1" 200 77121 "-" "netEstate NE Crawler (+http://www.website-datenbank.de/)"
81.209.177.145 - - [10/Jul/2022:07:09:20 +0200] "GET /Main/2020 HTTP/1.1" 200 15398 "-" "netEstate NE Crawler (+http://www.website-datenbank.de/)"
81.209.177.145 - - [10/Jul/2022:07:09:29 +0200] "GET /Software/ODDB?action=diff HTTP/1.1" 403 18 "-" "netEstate NE Crawler (+http://www.website-datenbank.de/)"
81.209.177.145 - - [10/Jul/2022:07:09:37 +0200] "GET /Software/BBMB HTTP/1.1" 200 9385 "-" "netEstate NE Crawler (+http://www.website-datenbank.de/)"
81.209.177.145 - - [10/Jul/2022:07:09:46 +0200] "GET /Main/NZZ?action=upload HTTP/1.1" 403 18 "-" "netEstate NE Crawler (+http://www.website-datenbank.de/)"
81.209.177.145 - - [10/Jul/2022:07:09:54 +0200] "GET /Main/2021?action=diff HTTP/1.1" 403 18 "-" "netEstate NE Crawler (+http://www.website-datenbank.de/)"
81.209.177.145 - - [10/Jul/2022:07:10:03 +0200] "GET /Main/2015?action=edit HTTP/1.1" 403 18 "-" "netEstate NE Crawler (+http://www.website-datenbank.de/)"
81.209.177.145 - - [10/Jul/2022:07:10:12 +0200] "GET /robots.txt HTTP/1.1" 200 - "-" "netEstate NE Crawler (+http://www.website-datenbank.de/)"
81.209.177.145 - - [10/Jul/2022:07:10:14 +0200] "GET /Ywesee/InfoCodexVorgehen HTTP/1.1" 200 12716 "-" "netEstate NE Crawler (+http://www.website-datenbank.de/)"
81.209.177.145 - - [10/Jul/2022:07:10:23 +0200] "GET /Main/2011?n=Main.SideBar?action=edit HTTP/1.1" 403 18 "-" "netEstate NE Crawler (+http://www.website-datenbank.de/)"
89.246.241.14 - - [10/Jul/2022:07:10:29 +0200] "GET /Main/Home?action=upload HTTP/1.1" 200 8734 "-" "Mozilla/5.0 (Windows NT 10.0; Win64; x64; rv:84.0) Gecko/20100101 Firefox/84.0"
81.209.177.145 - - [10/Jul/2022:07:10:32 +0200] "GET /MEDIupdateXML/Softwarehaeuser?n=Main.SideBar?action=edit HTTP/1.1" 403 18 "-" "netEstate NE Crawler (+http://www.website-datenbank.de/)"
81.209.177.145 - - [10/Jul/2022:07:10:40 +0200] "GET /Main/WekoBlogAntragAufErweiterung?action=diff HTTP/1.1" 403 18 "-" "netEstate NE Crawler (+http://www.website-datenbank.de/)"
81.209.177.145 - - [10/Jul/2022:07:10:48 +0200] "GET /Main/WekoBlog?n=Main.SideBar?action=edit HTTP/1.1" 403 18 "-" "netEstate NE Crawler (+http://www.website-datenbank.de/)"
81.209.177.145 - - [10/Jul/2022:07:10:56 +0200] "GET /InfoCodex/Vergleichsanalyse HTTP/1.1" 200 9981 "-" "netEstate NE Crawler (+http://www.website-datenbank.de/)"
81.209.177.145 - - [10/Jul/2022:07:11:04 +0200] "GET /Main/Elexis?action=edit HTTP/1.1" 403 18 "-" "netEstate NE Crawler (+http://www.website-datenbank.de/)"
81.209.177.145 - - [10/Jul/2022:07:11:13 +0200] "GET /Ywesee/InfoCodexVorgehen?action=print HTTP/1.1" 403 18 "-" "netEstate NE Crawler (+http://www.website-datenbank.de/)"
81.209.177.145 - - [10/Jul/2022:07:11:20 +0200] "GET /Ywesee/Team?action=upload HTTP/1.1" 403 18 "-" "netEstate NE Crawler (+http://www.website-datenbank.de/)"
81.209.177.145 - - [10/Jul/2022:07:11:29 +0200] "GET /Main/SideBar?action=upload HTTP/1.1" 403 18 "-" "netEstate NE Crawler (+http://www.website-datenbank.de/)"
81.209.177.145 - - [10/Jul/2022:07:11:38 +0200] "GET /uploads/Main/von_Balsiger_11.1.2008.txt HTTP/1.1" 200 1604 "-" "netEstate NE Crawler (+http://www.website-datenbank.de/)"
81.209.177.145 - - [10/Jul/2022:07:11:46 +0200] "GET /AmiKo/Barcodes?action=print HTTP/1.1" 403 18 "-" "netEstate NE Crawler (+http://www.website-datenbank.de/)"
81.209.177.145 - - [10/Jul/2022:07:11:54 +0200] "GET /Main/Diovan HTTP/1.1" 200 9177 "-" "netEstate NE Crawler (+http://www.website-datenbank.de/)"
81.209.177.145 - - [10/Jul/2022:07:12:03 +0200] "GET /Profiles/Zrr HTTP/1.1" 200 8438 "-" "netEstate NE Crawler (+http://www.website-datenbank.de/)"
81.209.177.145 - - [10/Jul/2022:07:12:21 +0200] "GET /Main/WekoBlog?action=diff HTTP/1.1" 403 18 "-" "netEstate NE Crawler (+http://www.website-datenbank.de/)"
81.209.177.145 - - [10/Jul/2022:07:12:29 +0200] "GET /Ywesee/ODBA?n=Main.SideBar?action=edit HTTP/1.1" 403 18 "-" "netEstate NE Crawler (+http://www.website-datenbank.de/)"
81.209.177.145 - - [10/Jul/2022:07:12:37 +0200] "GET /uploads/Main/von_Aeschbacher_9.1.2008.txt HTTP/1.1" 200 6210 "-" "netEstate NE Crawler (+http://www.website-datenbank.de/)"
81.209.177.145 - - [10/Jul/2022:07:12:45 +0200] "GET /Ywesee/XMLCONV2?action=upload HTTP/1.1" 403 18 "-" "netEstate NE Crawler (+http://www.website-datenbank.de/)"
81.209.177.145 - - [10/Jul/2022:07:13:01 +0200] "GET /Main/SideBar?action=print HTTP/1.1" 403 18 "-" "netEstate NE Crawler (+http://www.website-datenbank.de/)"
81.209.177.145 - - [10/Jul/2022:07:13:09 +0200] "GET /Main/2021?action=upload HTTP/1.1" 403 18 "-" "netEstate NE Crawler (+http://www.website-datenbank.de/)"
81.209.177.145 - - [10/Jul/2022:07:13:17 +0200] "GET /Main/2015?action=print HTTP/1.1" 403 18 "-" "netEstate NE Crawler (+http://www.website-datenbank.de/)"
81.209.177.145 - - [10/Jul/2022:07:13:26 +0200] "GET /Ywesee/SBSM?action=print HTTP/1.1" 403 18 "-" "netEstate NE Crawler (+http://www.website-datenbank.de/)"
81.209.177.145 - - [10/Jul/2022:07:13:34 +0200] "GET /Main/2016 HTTP/1.1" 200 13689 "-" "netEstate NE Crawler (+http://www.website-datenbank.de/)"
81.209.177.145 - - [10/Jul/2022:07:13:43 +0200] "GET /uploads/Main/Excel_100_vergleichbare_Medikamente_Schweiz_Deutschland.xls HTTP/1.1" 200 137216 "-" "netEstate NE Crawler (+http://www.website-datenbank.de/)"
81.209.177.145 - - [10/Jul/2022:07:13:52 +0200] "GET /Main/SL-Liste HTTP/1.1" 200 9252 "-" "netEstate NE Crawler (+http://www.website-datenbank.de/)"
81.209.177.145 - - [10/Jul/2022:07:14:01 +0200] "GET /Software/ODDB?action=upload HTTP/1.1" 403 18 "-" "netEstate NE Crawler (+http://www.website-datenbank.de/)"
81.209.177.145 - - [10/Jul/2022:07:14:09 +0200] "GET /Software/BBMB?n=Main.SideBar?action=edit HTTP/1.1" 403 18 "-" "netEstate NE Crawler (+http://www.website-datenbank.de/)"
81.209.177.145 - - [10/Jul/2022:07:14:17 +0200] "GET /Swissmedic/Dateninstitut HTTP/1.1" 200 9807 "-" "netEstate NE Crawler (+http://www.website-datenbank.de/)"
81.209.177.145 - - [10/Jul/2022:07:14:25 +0200] "GET /Software/XMLConv?n=Main.SideBar?action=edit HTTP/1.1" 403 18 "-" "netEstate NE Crawler (+http://www.website-datenbank.de/)"
81.209.177.145 - - [10/Jul/2022:07:14:33 +0200] "GET /Main/DocumedGalenicaVsYwesee?action=upload HTTP/1.1" 403 18 "-" "netEstate NE Crawler (+http://www.website-datenbank.de/)"
89.246.241.14 - - [10/Jul/2022:07:14:35 +0200] "GET /Ywesee/InfoCodex HTTP/1.1" 200 24435 "-" "Mozilla/5.0 (Windows NT 10.0; Win64; x64; rv:84.0) Gecko/20100101 Firefox/84.0"
81.209.177.145 - - [10/Jul/2022:07:14:43 +0200] "GET /InfoCodex/Index HTTP/1.1" 200 8894 "-" "netEstate NE Crawler (+http://www.website-datenbank.de/)"
81.209.177.145 - - [10/Jul/2022:07:14:52 +0200] "GET /Swissmedic/Packungen HTTP/1.1" 200 9799 "-" "netEstate NE Crawler (+http://www.website-datenbank.de/)"
81.209.177.145 - - [10/Jul/2022:07:15:00 +0200] "GET /InfoCodex/Abstracts?action=diff HTTP/1.1" 403 18 "-" "netEstate NE Crawler (+http://www.website-datenbank.de/)"
81.209.177.145 - - [10/Jul/2022:07:15:09 +0200] "GET /Swissmedic/Dateninstitut?action=print HTTP/1.1" 403 18 "-" "netEstate NE Crawler (+http://www.website-datenbank.de/)"
81.209.177.145 - - [10/Jul/2022:07:15:18 +0200] "GET /Main/2008?action=edit HTTP/1.1" 403 18 "-" "netEstate NE Crawler (+http://www.website-datenbank.de/)"
81.209.177.145 - - [10/Jul/2022:07:15:27 +0200] "GET /Ywesee/OpenSource?n=Main.SideBar?action=edit HTTP/1.1" 403 18 "-" "netEstate NE Crawler (+http://www.website-datenbank.de/)"
81.209.177.145 - - [10/Jul/2022:07:15:35 +0200] "GET /SpitalSchweiz/AnzahlBettenstationaer2012?action=diff HTTP/1.1" 403 18 "-" "netEstate NE Crawler (+http://www.website-datenbank.de/)"
81.209.177.145 - - [10/Jul/2022:07:15:43 +0200] "GET /uploads/Main/344_Email_an_Andreas_Balsiger_12.2.2007.txt HTTP/1.1" 200 3584 "-" "netEstate NE Crawler (+http://www.website-datenbank.de/)"
81.209.177.145 - - [10/Jul/2022:07:15:51 +0200] "GET /Main/2009 HTTP/1.1" 200 21688 "-" "netEstate NE Crawler (+http://www.website-datenbank.de/)"
81.209.177.145 - - [10/Jul/2022:07:16:08 +0200] "GET /Software/BBMB?action=edit HTTP/1.1" 403 18 "-" "netEstate NE Crawler (+http://www.website-datenbank.de/)"
81.209.177.145 - - [10/Jul/2022:07:16:24 +0200] "GET /Main/DocumedGalenicaVsYwesee?action=print HTTP/1.1" 403 18 "-" "netEstate NE Crawler (+http://www.website-datenbank.de/)"
81.209.177.145 - - [10/Jul/2022:07:16:32 +0200] "GET /Main/Diovan?action=diff HTTP/1.1" 403 18 "-" "netEstate NE Crawler (+http://www.website-datenbank.de/)"
81.209.177.145 - - [10/Jul/2022:07:16:40 +0200] "GET /Pic2Shop/BarcodeScanner HTTP/1.1" 200 8908 "-" "netEstate NE Crawler (+http://www.website-datenbank.de/)"
81.209.177.145 - - [10/Jul/2022:07:16:49 +0200] "GET /Ywesee/InfoCodexVorgehen?n=Main.SideBar?action=edit HTTP/1.1" 403 18 "-" "netEstate NE Crawler (+http://www.website-datenbank.de/)"
81.209.177.145 - - [10/Jul/2022:07:16:57 +0200] "GET /uploads/Main/An_Reinhard_Kurth_19.03.2007.txt HTTP/1.1" 200 2166 "-" "netEstate NE Crawler (+http://www.website-datenbank.de/)"
81.209.177.145 - - [10/Jul/2022:07:17:04 +0200] "GET /Main/FAZ?n=Main.SideBar?action=edit HTTP/1.1" 403 18 "-" "netEstate NE Crawler (+http://www.website-datenbank.de/)"
61.135.159.198 - - [10/Jul/2022:07:17:08 +0200] "GET / HTTP/1.1" 200 12074 "-" "Sogou web spider/4.0(+http://www.sogou.com/docs/help/webmasters.htm#07)"
81.209.177.145 - - [10/Jul/2022:07:17:14 +0200] "GET /Main/Legende?action=upload HTTP/1.1" 403 18 "-" "netEstate NE Crawler (+http://www.website-datenbank.de/)"
81.209.177.145 - - [10/Jul/2022:07:17:23 +0200] "GET /Swissmedic/Packungen?action=edit HTTP/1.1" 403 18 "-" "netEstate NE Crawler (+http://www.website-datenbank.de/)"
81.209.177.145 - - [10/Jul/2022:07:17:31 +0200] "GET /Main/2016?action=diff HTTP/1.1" 403 18 "-" "netEstate NE Crawler (+http://www.website-datenbank.de/)"
81.209.177.145 - - [10/Jul/2022:07:17:39 +0200] "GET /PublicDomain/Stammdaten?action=upload HTTP/1.1" 403 18 "-" "netEstate NE Crawler (+http://www.website-datenbank.de/)"
81.209.177.145 - - [10/Jul/2022:07:17:47 +0200] "GET /Main/2004?n=Main.SideBar?action=edit HTTP/1.1" 403 18 "-" "netEstate NE Crawler (+http://www.website-datenbank.de/)"
81.209.177.145 - - [10/Jul/2022:07:17:55 +0200] "GET /Ywesee/InfoCodexVorgehen?action=edit HTTP/1.1" 403 18 "-" "netEstate NE Crawler (+http://www.website-datenbank.de/)"
81.209.177.145 - - [10/Jul/2022:07:18:03 +0200] "GET /Oddb2xml/Index?n=Main.SideBar?action=edit HTTP/1.1" 403 18 "-" "netEstate NE Crawler (+http://www.website-datenbank.de/)"
81.209.177.145 - - [10/Jul/2022:07:18:11 +0200] "GET /Main/2015?action=upload HTTP/1.1" 403 18 "-" "netEstate NE Crawler (+http://www.website-datenbank.de/)"
81.209.177.145 - - [10/Jul/2022:07:18:21 +0200] "GET /InfoCodex/Vergleichsanalyse?action=diff HTTP/1.1" 403 18 "-" "netEstate NE Crawler (+http://www.website-datenbank.de/)"
81.209.177.145 - - [10/Jul/2022:07:18:29 +0200] "GET /Swissmedic/Vertriebsunterbruch?action=edit HTTP/1.1" 403 18 "-" "netEstate NE Crawler (+http://www.website-datenbank.de/)"
81.209.177.145 - - [10/Jul/2022:07:18:38 +0200] "GET /Main/ForderungstabelleSpezialitaetenliste HTTP/1.1" 200 11019 "-" "netEstate NE Crawler (+http://www.website-datenbank.de/)"
81.209.177.145 - - [10/Jul/2022:07:18:46 +0200] "GET /Main/Phostal HTTP/1.1" 200 8927 "-" "netEstate NE Crawler (+http://www.website-datenbank.de/)"
81.209.177.145 - - [10/Jul/2022:07:18:55 +0200] "GET /AmiKo/Linux?action=upload HTTP/1.1" 403 18 "-" "netEstate NE Crawler (+http://www.website-datenbank.de/)"
81.209.177.145 - - [10/Jul/2022:07:19:04 +0200] "GET /Ywesee/OpenSource?action=upload HTTP/1.1" 403 18 "-" "netEstate NE Crawler (+http://www.website-datenbank.de/)"
81.209.177.145 - - [10/Jul/2022:07:19:13 +0200] "GET /Main/2016?action=upload HTTP/1.1" 403 18 "-" "netEstate NE Crawler (+http://www.website-datenbank.de/)"
81.209.177.145 - - [10/Jul/2022:07:19:21 +0200] "GET /MEDIupdateXML/Aerzte?n=Main.SideBar?action=edit HTTP/1.1" 403 18 "-" "netEstate NE Crawler (+http://www.website-datenbank.de/)"
81.209.177.145 - - [10/Jul/2022:07:19:29 +0200] "GET /Newsletter/10052017?action=print HTTP/1.1" 403 18 "-" "netEstate NE Crawler (+http://www.website-datenbank.de/)"
81.209.177.145 - - [10/Jul/2022:07:19:37 +0200] "GET /Ywesee/ODBA?action=diff HTTP/1.1" 403 18 "-" "netEstate NE Crawler (+http://www.website-datenbank.de/)"
81.209.177.145 - - [10/Jul/2022:07:19:46 +0200] "GET /AmiKo/OSX HTTP/1.1" 200 9772 "-" "netEstate NE Crawler (+http://www.website-datenbank.de/)"
81.209.177.145 - - [10/Jul/2022:07:19:54 +0200] "GET /Pic2Shop/BarcodeScanner?action=print HTTP/1.1" 403 18 "-" "netEstate NE Crawler (+http://www.website-datenbank.de/)"
81.209.177.145 - - [10/Jul/2022:07:20:02 +0200] "GET /AmiKo/Barcodes?n=Main.SideBar?action=edit HTTP/1.1" 403 18 "-" "netEstate NE Crawler (+http://www.website-datenbank.de/)"
81.209.177.145 - - [10/Jul/2022:07:20:11 +0200] "GET /Main/Elexis?n=Main.SideBar?action=edit HTTP/1.1" 403 18 "-" "netEstate NE Crawler (+http://www.website-datenbank.de/)"
81.209.177.145 - - [10/Jul/2022:07:20:20 +0200] "GET /robots.txt HTTP/1.1" 200 - "-" "netEstate NE Crawler (+http://www.website-datenbank.de/)"
81.209.177.145 - - [10/Jul/2022:07:20:22 +0200] "GET /Software/XMLBAG HTTP/1.1" 200 10258 "-" "netEstate NE Crawler (+http://www.website-datenbank.de/)"
81.209.177.145 - - [10/Jul/2022:07:20:31 +0200] "GET /Main/ForderungstabelleSpezialitaetenliste?action=print HTTP/1.1" 403 18 "-" "netEstate NE Crawler (+http://www.website-datenbank.de/)"
81.209.177.145 - - [10/Jul/2022:07:20:40 +0200] "GET /Software/Spreadsheet HTTP/1.1" 200 8839 "-" "netEstate NE Crawler (+http://www.website-datenbank.de/)"
81.209.177.145 - - [10/Jul/2022:07:20:49 +0200] "GET /InfoCodex/Abstracts?n=Main.SideBar?action=edit HTTP/1.1" 403 18 "-" "netEstate NE Crawler (+http://www.website-datenbank.de/)"
81.209.177.145 - - [10/Jul/2022:07:20:57 +0200] "GET /Ywesee/SBSM?n=Main.SideBar?action=edit HTTP/1.1" 403 18 "-" "netEstate NE Crawler (+http://www.website-datenbank.de/)"
81.209.177.145 - - [10/Jul/2022:07:21:05 +0200] "GET /uploads/Main/416_Rundmail_WEKO_1.2_23.5.2008.txt HTTP/1.1" 200 11450 "-" "netEstate NE Crawler (+http://www.website-datenbank.de/)"
81.209.177.145 - - [10/Jul/2022:07:21:13 +0200] "GET /Software/Spreadsheet?action=edit HTTP/1.1" 403 18 "-" "netEstate NE Crawler (+http://www.website-datenbank.de/)"
81.209.177.145 - - [10/Jul/2022:07:21:22 +0200] "GET /AmiKo/OSX?action=upload HTTP/1.1" 403 18 "-" "netEstate NE Crawler (+http://www.website-datenbank.de/)"
114.119.147.246 - - [10/Jul/2022:07:21:26 +0200] "GET /uploads/Swissmedic/Informationsaustausch_Swissmedic.jpg HTTP/1.1" 200 155098 "https://www.ywesee.com/Swissmedic/AIPS" "Mozilla/5.0 (Linux; Android 7.0;) AppleWebKit/537.36 (KHTML, like Gecko) Mobile Safari/537.36 (compatible; PetalBot;+https://webmaster.petalsearch.com/site/petalbot)"
81.209.177.145 - - [10/Jul/2022:07:21:30 +0200] "GET /Apotheke/POS?action=upload HTTP/1.1" 403 18 "-" "netEstate NE Crawler (+http://www.website-datenbank.de/)"
81.209.177.145 - - [10/Jul/2022:07:21:39 +0200] "GET /Ywesee/KurzFachinfo HTTP/1.1" 200 8845 "-" "netEstate NE Crawler (+http://www.website-datenbank.de/)"
157.55.39.26 - - [10/Jul/2022:07:21:44 +0200] "GET /Main/SearchWiki?pagename=Main%2FSearchWiki&q= HTTP/1.1" 200 10182 "-" "Mozilla/5.0 (compatible; bingbot/2.0; +http://www.bing.com/bingbot.htm)"
81.209.177.145 - - [10/Jul/2022:07:21:47 +0200] "GET /Swissmedic/PraeparatelisteMitWS HTTP/1.1" 200 9205 "-" "netEstate NE Crawler (+http://www.website-datenbank.de/)"
81.209.177.145 - - [10/Jul/2022:07:21:56 +0200] "GET /Swissmedic/Packungen?action=print HTTP/1.1" 403 18 "-" "netEstate NE Crawler (+http://www.website-datenbank.de/)"
142.132.248.189 - - [10/Jul/2022:07:22:03 +0200] "GET /AmiKo/OSX HTTP/1.1" 200 9772 "-" "Mozilla/5.0 (compatible; DataForSeoBot/1.0; +https://dataforseo.com/dataforseo-bot)"
81.209.177.145 - - [10/Jul/2022:07:22:04 +0200] "GET /uploads/Main/Protokoll_Sitzung_24.4.2007_BAG.txt HTTP/1.1" 200 1204 "-" "netEstate NE Crawler (+http://www.website-datenbank.de/)"
81.209.177.145 - - [10/Jul/2022:07:22:12 +0200] "GET /Main/Legende?n=Main.SideBar?action=edit HTTP/1.1" 403 18 "-" "netEstate NE Crawler (+http://www.website-datenbank.de/)"
81.209.177.145 - - [10/Jul/2022:07:22:20 +0200] "GET /SpitalSchweiz/Subventionen2012 HTTP/1.1" 200 9182 "-" "netEstate NE Crawler (+http://www.website-datenbank.de/)"
81.209.177.145 - - [10/Jul/2022:07:22:28 +0200] "GET /Oddb2xml/Felder HTTP/1.1" 200 10305 "-" "netEstate NE Crawler (+http://www.website-datenbank.de/)"
81.209.177.145 - - [10/Jul/2022:07:22:36 +0200] "GET /AmiKo/KrankenkassenKartenleser HTTP/1.1" 200 9504 "-" "netEstate NE Crawler (+http://www.website-datenbank.de/)"
81.209.177.145 - - [10/Jul/2022:07:22:45 +0200] "GET /Main/2016?action=edit HTTP/1.1" 403 18 "-" "netEstate NE Crawler (+http://www.website-datenbank.de/)"
81.209.177.145 - - [10/Jul/2022:07:22:55 +0200] "GET /Ywesee/InfoCodex?n=Main.SideBar?action=edit HTTP/1.1" 403 18 "-" "netEstate NE Crawler (+http://www.website-datenbank.de/)"
81.209.177.145 - - [10/Jul/2022:07:23:03 +0200] "GET /PublicDomain/StammdatenFR?action=upload HTTP/1.1" 403 18 "-" "netEstate NE Crawler (+http://www.website-datenbank.de/)"
81.209.177.145 - - [10/Jul/2022:07:23:11 +0200] "GET /SpitalSchweiz/Index HTTP/1.1" 200 9094 "-" "netEstate NE Crawler (+http://www.website-datenbank.de/)"
81.209.177.145 - - [10/Jul/2022:07:23:19 +0200] "GET /Main/2009?n=Main.SideBar?action=edit HTTP/1.1" 403 18 "-" "netEstate NE Crawler (+http://www.website-datenbank.de/)"
142.132.248.189 - - [10/Jul/2022:07:23:26 +0200] "GET /AmiKo/Index HTTP/1.1" 200 9511 "-" "Mozilla/5.0 (compatible; DataForSeoBot/1.0; +https://dataforseo.com/dataforseo-bot)"
81.209.177.145 - - [10/Jul/2022:07:23:27 +0200] "GET /Software/ODDB?action=edit HTTP/1.1" 403 18 "-" "netEstate NE Crawler (+http://www.website-datenbank.de/)"
142.132.248.189 - - [10/Jul/2022:07:23:30 +0200] "GET /AmiKo/OSX?action=print HTTP/1.1" 403 18 "-" "Mozilla/5.0 (compatible; DataForSeoBot/1.0; +https://dataforseo.com/dataforseo-bot)"
142.132.248.189 - - [10/Jul/2022:07:23:31 +0200] "GET /AmiKo/OSX?action=upload HTTP/1.1" 403 18 "-" "Mozilla/5.0 (compatible; DataForSeoBot/1.0; +https://dataforseo.com/dataforseo-bot)"
142.132.248.189 - - [10/Jul/2022:07:23:34 +0200] "GET /AmiKo/OSX?action=edit HTTP/1.1" 403 18 "-" "Mozilla/5.0 (compatible; DataForSeoBot/1.0; +https://dataforseo.com/dataforseo-bot)"
142.132.248.189 - - [10/Jul/2022:07:23:36 +0200] "GET /AmiKo/OSX?n=Main.SideBar?action=edit HTTP/1.1" 403 18 "-" "Mozilla/5.0 (compatible; DataForSeoBot/1.0; +https://dataforseo.com/dataforseo-bot)"
81.209.177.145 - - [10/Jul/2022:07:23:37 +0200] "GET /Software/YDIM HTTP/1.1" 200 8834 "-" "netEstate NE Crawler (+http://www.website-datenbank.de/)"
142.132.248.189 - - [10/Jul/2022:07:23:38 +0200] "GET /AmiKo/OSX?action=diff HTTP/1.1" 403 18 "-" "Mozilla/5.0 (compatible; DataForSeoBot/1.0; +https://dataforseo.com/dataforseo-bot)"
142.132.248.189 - - [10/Jul/2022:07:23:40 +0200] "GET /AmiKo/OSXRezeptfunktion HTTP/1.1" 200 13751 "-" "Mozilla/5.0 (compatible; DataForSeoBot/1.0; +https://dataforseo.com/dataforseo-bot)"
142.132.248.189 - - [10/Jul/2022:07:23:43 +0200] "GET /AmiKo/KrankenkassenKartenleser HTTP/1.1" 200 9504 "-" "Mozilla/5.0 (compatible; DataForSeoBot/1.0; +https://dataforseo.com/dataforseo-bot)"
81.209.177.145 - - [10/Jul/2022:07:23:45 +0200] "GET /Hmg/67 HTTP/1.1" 200 12301 "-" "netEstate NE Crawler (+http://www.website-datenbank.de/)"
81.209.177.145 - - [10/Jul/2022:07:23:54 +0200] "GET /Main/SL-Liste?action=diff HTTP/1.1" 403 18 "-" "netEstate NE Crawler (+http://www.website-datenbank.de/)"
81.209.177.145 - - [10/Jul/2022:07:24:03 +0200] "GET /InfoCodex/Vergleichsanalyse?action=upload HTTP/1.1" 403 18 "-" "netEstate NE Crawler (+http://www.website-datenbank.de/)"
81.209.177.145 - - [10/Jul/2022:07:24:11 +0200] "GET /Main/2019?n=Main.SideBar?action=edit HTTP/1.1" 403 18 "-" "netEstate NE Crawler (+http://www.website-datenbank.de/)"
81.209.177.145 - - [10/Jul/2022:07:24:19 +0200] "GET /Hmg/67?action=edit HTTP/1.1" 403 18 "-" "netEstate NE Crawler (+http://www.website-datenbank.de/)"
81.209.177.145 - - [10/Jul/2022:07:24:27 +0200] "GET /Main/2015?n=Main.SideBar?action=edit HTTP/1.1" 403 18 "-" "netEstate NE Crawler (+http://www.website-datenbank.de/)"
77.88.9.3 - - [10/Jul/2022:07:24:28 +0200] "GET /Main/OmixOcas HTTP/1.1" 200 8792 "-" "Mozilla/5.0 (compatible; YandexBot/3.0; +http://yandex.com/bots)"
142.132.248.189 - - [10/Jul/2022:07:24:29 +0200] "GET /AmiKo/OSXRezeptfunktion?action=diff HTTP/1.1" 403 18 "-" "Mozilla/5.0 (compatible; DataForSeoBot/1.0; +https://dataforseo.com/dataforseo-bot)"
142.132.248.189 - - [10/Jul/2022:07:24:32 +0200] "GET /AmiKo/OSXRezeptfunktion?action=upload HTTP/1.1" 403 18 "-" "Mozilla/5.0 (compatible; DataForSeoBot/1.0; +https://dataforseo.com/dataforseo-bot)"
142.132.248.189 - - [10/Jul/2022:07:24:34 +0200] "GET /AmiKo/OSXSatzexport HTTP/1.1" 200 9993 "-" "Mozilla/5.0 (compatible; DataForSeoBot/1.0; +https://dataforseo.com/dataforseo-bot)"
81.209.177.145 - - [10/Jul/2022:07:24:36 +0200] "GET /uploads/Main/465_Email_an_gertrud.fonatsch_9.3.2009.txt HTTP/1.1" 200 2888 "-" "netEstate NE Crawler (+http://www.website-datenbank.de/)"
142.132.248.189 - - [10/Jul/2022:07:24:36 +0200] "GET /AmiKo/Index?n=Main.SideBar?action=edit HTTP/1.1" 403 18 "-" "Mozilla/5.0 (compatible; DataForSeoBot/1.0; +https://dataforseo.com/dataforseo-bot)"
142.132.248.189 - - [10/Jul/2022:07:24:39 +0200] "GET /AmiKo/KrankenkassenKartenleser?action=upload HTTP/1.1" 403 18 "-" "Mozilla/5.0 (compatible; DataForSeoBot/1.0; +https://dataforseo.com/dataforseo-bot)"
142.132.248.189 - - [10/Jul/2022:07:24:42 +0200] "GET /AmiKo/Flyer HTTP/1.1" 200 8708 "-" "Mozilla/5.0 (compatible; DataForSeoBot/1.0; +https://dataforseo.com/dataforseo-bot)"
81.209.177.145 - - [10/Jul/2022:07:24:45 +0200] "GET /Software/YDIM?n=Main.SideBar?action=edit HTTP/1.1" 403 18 "-" "netEstate NE Crawler (+http://www.website-datenbank.de/)"
142.132.248.189 - - [10/Jul/2022:07:24:45 +0200] "GET /AmiKo/OSXRezeptfunktion?n=Main.SideBar?action=edit HTTP/1.1" 403 18 "-" "Mozilla/5.0 (compatible; DataForSeoBot/1.0; +https://dataforseo.com/dataforseo-bot)"
142.132.248.189 - - [10/Jul/2022:07:24:47 +0200] "GET /AmiKo/KrankenkassenKartenleser?action=edit HTTP/1.1" 403 18 "-" "Mozilla/5.0 (compatible; DataForSeoBot/1.0; +https://dataforseo.com/dataforseo-bot)"
142.132.248.189 - - [10/Jul/2022:07:24:49 +0200] "GET /AmiKo/KrankenkassenKartenleser?action=print HTTP/1.1" 403 18 "-" "Mozilla/5.0 (compatible; DataForSeoBot/1.0; +https://dataforseo.com/dataforseo-bot)"
142.132.248.189 - - [10/Jul/2022:07:24:51 +0200] "GET /AmiKo/Barcodes HTTP/1.1" 200 8978 "-" "Mozilla/5.0 (compatible; DataForSeoBot/1.0; +https://dataforseo.com/dataforseo-bot)"
81.209.177.145 - - [10/Jul/2022:07:24:53 +0200] "GET /Software/XMLConv?action=edit HTTP/1.1" 403 18 "-" "netEstate NE Crawler (+http://www.website-datenbank.de/)"
142.132.248.189 - - [10/Jul/2022:07:24:53 +0200] "GET /CoMed/Android HTTP/1.1" 200 9422 "-" "Mozilla/5.0 (compatible; DataForSeoBot/1.0; +https://dataforseo.com/dataforseo-bot)"
142.132.248.189 - - [10/Jul/2022:07:24:56 +0200] "GET /AmiKo/OSXRezeptfunktion?action=edit HTTP/1.1" 403 18 "-" "Mozilla/5.0 (compatible; DataForSeoBot/1.0; +https://dataforseo.com/dataforseo-bot)"
142.132.248.189 - - [10/Jul/2022:07:24:58 +0200] "GET /AmiKo/OSXRezeptfunktion?action=print HTTP/1.1" 403 18 "-" "Mozilla/5.0 (compatible; DataForSeoBot/1.0; +https://dataforseo.com/dataforseo-bot)"
142.132.248.189 - - [10/Jul/2022:07:25:00 +0200] "GET /AmiKo/Index?action=upload HTTP/1.1" 403 18 "-" "Mozilla/5.0 (compatible; DataForSeoBot/1.0; +https://dataforseo.com/dataforseo-bot)"
142.132.248.189 - - [10/Jul/2022:07:25:04 +0200] "GET /AmiKo/KrankenkassenKartenleser?action=diff HTTP/1.1" 403 18 "-" "Mozilla/5.0 (compatible; DataForSeoBot/1.0; +https://dataforseo.com/dataforseo-bot)"
142.132.248.189 - - [10/Jul/2022:07:25:06 +0200] "GET /AmiKo/Index?action=diff HTTP/1.1" 403 18 "-" "Mozilla/5.0 (compatible; DataForSeoBot/1.0; +https://dataforseo.com/dataforseo-bot)"
142.132.248.189 - - [10/Jul/2022:07:25:09 +0200] "GET /AmiKo/KrankenkassenKartenleser?n=Main.SideBar?action=edit HTTP/1.1" 403 18 "-" "Mozilla/5.0 (compatible; DataForSeoBot/1.0; +https://dataforseo.com/dataforseo-bot)"
81.209.177.145 - - [10/Jul/2022:07:25:11 +0200] "GET /Main/2017?n=Main.SideBar?action=edit HTTP/1.1" 403 18 "-" "netEstate NE Crawler (+http://www.website-datenbank.de/)"
142.132.248.189 - - [10/Jul/2022:07:25:11 +0200] "GET /AmiKo/Cpp2sqlite HTTP/1.1" 200 8506 "-" "Mozilla/5.0 (compatible; DataForSeoBot/1.0; +https://dataforseo.com/dataforseo-bot)"
142.132.248.189 - - [10/Jul/2022:07:25:15 +0200] "GET /AmiKo/Index?action=print HTTP/1.1" 403 18 "-" "Mozilla/5.0 (compatible; DataForSeoBot/1.0; +https://dataforseo.com/dataforseo-bot)"
142.132.248.189 - - [10/Jul/2022:07:25:18 +0200] "GET /AmiKo/Index?action=edit HTTP/1.1" 403 18 "-" "Mozilla/5.0 (compatible; DataForSeoBot/1.0; +https://dataforseo.com/dataforseo-bot)"
81.209.177.145 - - [10/Jul/2022:07:25:19 +0200] "GET /Main/2009?action=edit HTTP/1.1" 403 18 "-" "netEstate NE Crawler (+http://www.website-datenbank.de/)"
81.209.177.145 - - [10/Jul/2022:07:25:28 +0200] "GET /Main/Home?action=diff HTTP/1.1" 403 18 "-" "netEstate NE Crawler (+http://www.website-datenbank.de/)"
81.209.177.145 - - [10/Jul/2022:07:25:36 +0200] "GET /InfoCodex/Index?action=print HTTP/1.1" 403 18 "-" "netEstate NE Crawler (+http://www.website-datenbank.de/)"
