194.209.200.2 - - [16/Oct/2022:06:37:00 +0200] "GET /Software/YDIM HTTP/1.1" 200 8834 "-" "Mozilla/5.0 (compatible; TMMBot/0.2; +http://www.dslab.ch)/Nutch-1.15"
194.209.200.2 - - [16/Oct/2022:06:38:20 +0200] "GET /ODDB/IndividuelleMediliste HTTP/1.1" 200 9139 "-" "Mozilla/5.0 (compatible; TMMBot/0.2; +http://www.dslab.ch)/Nutch-1.15"
66.249.79.119 - - [16/Oct/2022:06:38:39 +0200] "GET /Main/2008 HTTP/1.1" 200 34740 "-" "Mozilla/5.0 (Linux; Android 6.0.1; Nexus 5X Build/MMB29P) AppleWebKit/537.36 (KHTML, like Gecko) Chrome/106.0.5249.103 Mobile Safari/537.36 (compatible; Googlebot/2.1; +http://www.google.com/bot.html)"
194.209.200.2 - - [16/Oct/2022:06:38:49 +0200] "GET /Main/2017 HTTP/1.1" 200 15840 "-" "Mozilla/5.0 (compatible; TMMBot/0.2; +http://www.dslab.ch)/Nutch-1.15"
194.209.200.2 - - [16/Oct/2022:06:39:33 +0200] "GET /Software/Spreadsheet HTTP/1.1" 200 8839 "-" "Mozilla/5.0 (compatible; TMMBot/0.2; +http://www.dslab.ch)/Nutch-1.15"
194.209.200.2 - - [16/Oct/2022:06:40:37 +0200] "GET /robots.txt HTTP/1.1" 200 - "-" "Mozilla/5.0 (compatible; TMMBot/0.2; +http://www.dslab.ch)/Nutch-1.15"
194.209.200.2 - - [16/Oct/2022:06:42:39 +0200] "GET /Main/2009 HTTP/1.1" 200 21688 "-" "Mozilla/5.0 (compatible; TMMBot/0.2; +http://www.dslab.ch)/Nutch-1.15"
194.209.200.2 - - [16/Oct/2022:06:43:31 +0200] "GET /ODDB/IntegrationLookAmpFeelGenerikasuche HTTP/1.1" 200 9097 "-" "Mozilla/5.0 (compatible; TMMBot/0.2; +http://www.dslab.ch)/Nutch-1.15"
5.157.5.102 - - [16/Oct/2022:06:51:39 +0200] "GET / HTTP/1.1" 200 13326 "http://ywesee.net" "Mozilla/5.0 (X11; Ubuntu; Linux i686; rv:102.0) Gecko/20100101 Firefox/102.0"
216.244.66.238 - - [16/Oct/2022:06:58:56 +0200] "GET /robots.txt HTTP/1.1" 200 - "-" "Mozilla/5.0 (compatible; DotBot/1.2; +https://opensiteexplorer.org/dotbot; help@moz.com)"
114.119.147.113 - - [16/Oct/2022:07:02:50 +0200] "GET /robots.txt HTTP/1.1" 200 - "-" "Mozilla/5.0 (compatible;PetalBot;+https://webmaster.petalsearch.com/site/petalbot)"
216.244.66.238 - - [16/Oct/2022:07:05:29 +0200] "GET /Main/2019 HTTP/1.1" 200 15246 "-" "Mozilla/5.0 (compatible; DotBot/1.2; +https://opensiteexplorer.org/dotbot; help@moz.com)"
64.71.157.117 - - [16/Oct/2022:07:10:50 +0200] "GET /pmwiki.php/Site/AllRecentChanges?action=rss HTTP/1.1" 200 2546 "-" "Feedbin feed-id:590358 - 1 subscribers"
194.93.0.40 - - [16/Oct/2022:07:11:00 +0200] "GET /robots.txt HTTP/1.0" 200 - "-" "Mozilla/4.0 (compatible; fluid/0.0; +http://www.leak.info/bot.html)"
194.209.200.2 - - [16/Oct/2022:07:11:42 +0200] "GET /robots.txt HTTP/1.1" 200 - "-" "Mozilla/5.0 (compatible; TMMBot/0.2; +http://www.dslab.ch)/Nutch-1.15"
194.209.200.2 - - [16/Oct/2022:07:11:42 +0200] "GET /Software/YDIM HTTP/1.1" 200 8834 "-" "Mozilla/5.0 (compatible; TMMBot/0.2; +http://www.dslab.ch)/Nutch-1.15"
194.209.200.2 - - [16/Oct/2022:07:12:58 +0200] "GET /ODDB/IndividuelleMediliste HTTP/1.1" 200 9139 "-" "Mozilla/5.0 (compatible; TMMBot/0.2; +http://www.dslab.ch)/Nutch-1.15"
194.209.200.2 - - [16/Oct/2022:07:13:24 +0200] "GET /Main/2017 HTTP/1.1" 200 15840 "-" "Mozilla/5.0 (compatible; TMMBot/0.2; +http://www.dslab.ch)/Nutch-1.15"
194.209.200.2 - - [16/Oct/2022:07:14:05 +0200] "GET /Software/Spreadsheet HTTP/1.1" 200 8839 "-" "Mozilla/5.0 (compatible; TMMBot/0.2; +http://www.dslab.ch)/Nutch-1.15"
194.209.200.2 - - [16/Oct/2022:07:15:02 +0200] "GET /robots.txt HTTP/1.1" 200 - "-" "Mozilla/5.0 (compatible; TMMBot/0.2; +http://www.dslab.ch)/Nutch-1.15"
194.209.200.2 - - [16/Oct/2022:07:15:33 +0200] "GET /AmiKo/Web HTTP/1.1" 200 9588 "-" "Mozilla/5.0 (compatible; TMMBot/0.2; +http://www.dslab.ch)/Nutch-1.15"
194.209.200.2 - - [16/Oct/2022:07:16:53 +0200] "GET /Main/2009 HTTP/1.1" 200 21688 "-" "Mozilla/5.0 (compatible; TMMBot/0.2; +http://www.dslab.ch)/Nutch-1.15"
194.209.200.2 - - [16/Oct/2022:07:17:40 +0200] "GET /ODDB/IntegrationLookAmpFeelGenerikasuche HTTP/1.1" 200 9097 "-" "Mozilla/5.0 (compatible; TMMBot/0.2; +http://www.dslab.ch)/Nutch-1.15"
194.110.203.46 - - [16/Oct/2022:07:22:03 +0200] "GET /www.ywesee.sql.gz HTTP/1.1" 404 276 "-" "Firefox"
66.249.93.176 - - [16/Oct/2022:07:29:07 +0200] "HEAD /pmwiki.php/Site/AllRecentChanges?action=rss HTTP/1.1" 200 - "-" "FeedBurner/1.0 (http://www.FeedBurner.com)"
66.249.93.174 - - [16/Oct/2022:07:29:07 +0200] "GET /pmwiki.php/Site/AllRecentChanges?action=rss HTTP/1.1" 200 2546 "-" "FeedBurner/1.0 (http://www.FeedBurner.com)"
88.150.241.101 - - [16/Oct/2022:07:39:01 +0200] "GET /robots.txt HTTP/1.1" 200 - "-" "Mozilla/5.0 (compatible; aiHitBot/2.9; +https://www.aihitdata.com/about)"
88.150.241.101 - - [16/Oct/2022:07:39:03 +0200] "GET / HTTP/1.1" 200 13326 "-" "Mozilla/5.0 (compatible; aiHitBot/2.9; +https://www.aihitdata.com/about)"
88.150.241.101 - - [16/Oct/2022:07:39:05 +0200] "GET /pub/skins/ywesee/gila.css HTTP/1.1" 200 8276 "-" "Mozilla/5.0 (compatible; aiHitBot/2.9; +https://www.aihitdata.com/about)"
88.150.241.101 - - [16/Oct/2022:07:39:08 +0200] "GET /Ywesee/Team HTTP/1.1" 200 18245 "-" "Mozilla/5.0 (compatible; aiHitBot/2.9; +https://www.aihitdata.com/about)"
88.150.241.101 - - [16/Oct/2022:07:39:10 +0200] "GET /Ywesee/Kontakt HTTP/1.1" 200 8973 "-" "Mozilla/5.0 (compatible; aiHitBot/2.9; +https://www.aihitdata.com/about)"
88.150.241.101 - - [16/Oct/2022:07:39:11 +0200] "GET /Ywesee/About HTTP/1.1" 200 9132 "-" "Mozilla/5.0 (compatible; aiHitBot/2.9; +https://www.aihitdata.com/about)"
88.150.241.101 - - [16/Oct/2022:07:39:12 +0200] "GET /Software/BBMB HTTP/1.1" 200 9385 "-" "Mozilla/5.0 (compatible; aiHitBot/2.9; +https://www.aihitdata.com/about)"
88.150.241.101 - - [16/Oct/2022:07:39:14 +0200] "GET /AmiKo/Android HTTP/1.1" 200 10427 "-" "Mozilla/5.0 (compatible; aiHitBot/2.9; +https://www.aihitdata.com/about)"
88.150.241.101 - - [16/Oct/2022:07:39:15 +0200] "GET /Ywesee/Kontakt?action=edit HTTP/1.1" 403 18 "-" "Mozilla/5.0 (compatible; aiHitBot/2.9; +https://www.aihitdata.com/about)"
78.129.149.5 - - [16/Oct/2022:07:39:26 +0200] "HEAD /Ywesee/Kontakt?action=edit HTTP/1.1" 403 - "-" "Mozilla/5.0 (compatible; aiHitBot/2.9; +https://www.aihitdata.com/about)"
78.129.165.8 - - [16/Oct/2022:07:39:38 +0200] "HEAD /Ywesee/Kontakt?action=edit HTTP/1.1" 403 - "-" "Mozilla/5.0 (compatible; aiHitBot/2.9; +https://www.aihitdata.com/about)"
88.150.241.101 - - [16/Oct/2022:07:39:39 +0200] "GET /Ywesee/About?action=edit HTTP/1.1" 403 18 "-" "Mozilla/5.0 (compatible; aiHitBot/2.9; +https://www.aihitdata.com/about)"
78.129.149.5 - - [16/Oct/2022:07:39:50 +0200] "HEAD /Ywesee/About?action=edit HTTP/1.1" 403 - "-" "Mozilla/5.0 (compatible; aiHitBot/2.9; +https://www.aihitdata.com/about)"
78.129.165.8 - - [16/Oct/2022:07:40:02 +0200] "HEAD /Ywesee/About?action=edit HTTP/1.1" 403 - "-" "Mozilla/5.0 (compatible; aiHitBot/2.9; +https://www.aihitdata.com/about)"
88.150.241.101 - - [16/Oct/2022:07:40:03 +0200] "GET /Software/ODDB HTTP/1.1" 200 10298 "-" "Mozilla/5.0 (compatible; aiHitBot/2.9; +https://www.aihitdata.com/about)"
88.150.241.101 - - [16/Oct/2022:07:40:04 +0200] "GET /AmiKo/Linux HTTP/1.1" 200 9217 "-" "Mozilla/5.0 (compatible; aiHitBot/2.9; +https://www.aihitdata.com/about)"
88.150.241.101 - - [16/Oct/2022:07:40:05 +0200] "GET /Ywesee/Kontakt?action=upload HTTP/1.1" 403 18 "-" "Mozilla/5.0 (compatible; aiHitBot/2.9; +https://www.aihitdata.com/about)"
78.129.149.5 - - [16/Oct/2022:07:40:17 +0200] "HEAD /Ywesee/Kontakt?action=upload HTTP/1.1" 403 - "-" "Mozilla/5.0 (compatible; aiHitBot/2.9; +https://www.aihitdata.com/about)"
78.129.165.8 - - [16/Oct/2022:07:40:28 +0200] "HEAD /Ywesee/Kontakt?action=upload HTTP/1.1" 403 - "-" "Mozilla/5.0 (compatible; aiHitBot/2.9; +https://www.aihitdata.com/about)"
88.150.241.101 - - [16/Oct/2022:07:40:29 +0200] "GET /Ywesee/About?action=upload HTTP/1.1" 403 18 "-" "Mozilla/5.0 (compatible; aiHitBot/2.9; +https://www.aihitdata.com/about)"
78.129.149.5 - - [16/Oct/2022:07:40:40 +0200] "HEAD /Ywesee/About?action=upload HTTP/1.1" 403 - "-" "Mozilla/5.0 (compatible; aiHitBot/2.9; +https://www.aihitdata.com/about)"
78.129.165.8 - - [16/Oct/2022:07:40:52 +0200] "HEAD /Ywesee/About?action=upload HTTP/1.1" 403 - "-" "Mozilla/5.0 (compatible; aiHitBot/2.9; +https://www.aihitdata.com/about)"
88.150.241.101 - - [16/Oct/2022:07:40:53 +0200] "GET /Software/SoftwareRaid HTTP/1.1" 200 12104 "-" "Mozilla/5.0 (compatible; aiHitBot/2.9; +https://www.aihitdata.com/about)"
88.150.241.101 - - [16/Oct/2022:07:40:54 +0200] "GET /AmiKo/Cpp2sqlite HTTP/1.1" 200 8506 "-" "Mozilla/5.0 (compatible; aiHitBot/2.9; +https://www.aihitdata.com/about)"
88.150.241.101 - - [16/Oct/2022:07:40:56 +0200] "GET /Ywesee/Kontakt?n=Main.SideBar?action=edit HTTP/1.1" 403 18 "-" "Mozilla/5.0 (compatible; aiHitBot/2.9; +https://www.aihitdata.com/about)"
78.129.149.5 - - [16/Oct/2022:07:41:07 +0200] "HEAD /Ywesee/Kontakt?n=Main.SideBar?action=edit HTTP/1.1" 403 - "-" "Mozilla/5.0 (compatible; aiHitBot/2.9; +https://www.aihitdata.com/about)"
78.129.165.8 - - [16/Oct/2022:07:41:19 +0200] "HEAD /Ywesee/Kontakt?n=Main.SideBar?action=edit HTTP/1.1" 403 - "-" "Mozilla/5.0 (compatible; aiHitBot/2.9; +https://www.aihitdata.com/about)"
88.150.241.101 - - [16/Oct/2022:07:41:20 +0200] "GET /Ywesee/About?n=Main.SideBar?action=edit HTTP/1.1" 403 18 "-" "Mozilla/5.0 (compatible; aiHitBot/2.9; +https://www.aihitdata.com/about)"
78.129.149.5 - - [16/Oct/2022:07:41:31 +0200] "HEAD /Ywesee/About?n=Main.SideBar?action=edit HTTP/1.1" 403 - "-" "Mozilla/5.0 (compatible; aiHitBot/2.9; +https://www.aihitdata.com/about)"
78.129.165.8 - - [16/Oct/2022:07:41:42 +0200] "HEAD /Ywesee/About?n=Main.SideBar?action=edit HTTP/1.1" 403 - "-" "Mozilla/5.0 (compatible; aiHitBot/2.9; +https://www.aihitdata.com/about)"
88.150.241.101 - - [16/Oct/2022:07:41:44 +0200] "GET /Software/SoftwareRaid?action=edit HTTP/1.1" 403 18 "-" "Mozilla/5.0 (compatible; aiHitBot/2.9; +https://www.aihitdata.com/about)"
78.129.149.5 - - [16/Oct/2022:07:41:55 +0200] "HEAD /Software/SoftwareRaid?action=edit HTTP/1.1" 403 - "-" "Mozilla/5.0 (compatible; aiHitBot/2.9; +https://www.aihitdata.com/about)"
78.129.165.8 - - [16/Oct/2022:07:42:06 +0200] "HEAD /Software/SoftwareRaid?action=edit HTTP/1.1" 403 - "-" "Mozilla/5.0 (compatible; aiHitBot/2.9; +https://www.aihitdata.com/about)"
88.150.241.101 - - [16/Oct/2022:07:42:07 +0200] "GET /AmiKo/Cpp2sqlite?action=edit HTTP/1.1" 403 18 "-" "Mozilla/5.0 (compatible; aiHitBot/2.9; +https://www.aihitdata.com/about)"
78.129.149.5 - - [16/Oct/2022:07:42:19 +0200] "HEAD /AmiKo/Cpp2sqlite?action=edit HTTP/1.1" 403 - "-" "Mozilla/5.0 (compatible; aiHitBot/2.9; +https://www.aihitdata.com/about)"
78.129.165.8 - - [16/Oct/2022:07:42:30 +0200] "HEAD /AmiKo/Cpp2sqlite?action=edit HTTP/1.1" 403 - "-" "Mozilla/5.0 (compatible; aiHitBot/2.9; +https://www.aihitdata.com/about)"
88.150.241.101 - - [16/Oct/2022:07:42:32 +0200] "GET /Ywesee/About?action=print HTTP/1.1" 403 18 "-" "Mozilla/5.0 (compatible; aiHitBot/2.9; +https://www.aihitdata.com/about)"
78.129.149.5 - - [16/Oct/2022:07:42:44 +0200] "HEAD /Ywesee/About?action=print HTTP/1.1" 403 - "-" "Mozilla/5.0 (compatible; aiHitBot/2.9; +https://www.aihitdata.com/about)"
78.129.165.8 - - [16/Oct/2022:07:42:55 +0200] "HEAD /Ywesee/About?action=print HTTP/1.1" 403 - "-" "Mozilla/5.0 (compatible; aiHitBot/2.9; +https://www.aihitdata.com/about)"
88.150.241.101 - - [16/Oct/2022:07:42:56 +0200] "GET /AmiKo/Cpp2sqlite?action=upload HTTP/1.1" 403 18 "-" "Mozilla/5.0 (compatible; aiHitBot/2.9; +https://www.aihitdata.com/about)"
78.129.149.5 - - [16/Oct/2022:07:43:07 +0200] "HEAD /AmiKo/Cpp2sqlite?action=upload HTTP/1.1" 403 - "-" "Mozilla/5.0 (compatible; aiHitBot/2.9; +https://www.aihitdata.com/about)"
78.129.165.8 - - [16/Oct/2022:07:43:19 +0200] "HEAD /AmiKo/Cpp2sqlite?action=upload HTTP/1.1" 403 - "-" "Mozilla/5.0 (compatible; aiHitBot/2.9; +https://www.aihitdata.com/about)"
88.150.241.101 - - [16/Oct/2022:07:43:20 +0200] "GET /Ywesee/Kontakt?action=print HTTP/1.1" 403 18 "-" "Mozilla/5.0 (compatible; aiHitBot/2.9; +https://www.aihitdata.com/about)"
78.129.149.5 - - [16/Oct/2022:07:43:31 +0200] "HEAD /Ywesee/Kontakt?action=print HTTP/1.1" 403 - "-" "Mozilla/5.0 (compatible; aiHitBot/2.9; +https://www.aihitdata.com/about)"
78.129.165.8 - - [16/Oct/2022:07:43:42 +0200] "HEAD /Ywesee/Kontakt?action=print HTTP/1.1" 403 - "-" "Mozilla/5.0 (compatible; aiHitBot/2.9; +https://www.aihitdata.com/about)"
88.150.241.101 - - [16/Oct/2022:07:43:44 +0200] "GET /pmwiki.php/Ywesee/Kontakt HTTP/1.1" 200 8973 "-" "Mozilla/5.0 (compatible; aiHitBot/2.9; +https://www.aihitdata.com/about)"
88.150.241.101 - - [16/Oct/2022:07:43:45 +0200] "GET /AmiKo/Cpp2sqlite?n=Main.SideBar?action=edit HTTP/1.1" 403 18 "-" "Mozilla/5.0 (compatible; aiHitBot/2.9; +https://www.aihitdata.com/about)"
78.129.149.5 - - [16/Oct/2022:07:43:56 +0200] "HEAD /AmiKo/Cpp2sqlite?n=Main.SideBar?action=edit HTTP/1.1" 403 - "-" "Mozilla/5.0 (compatible; aiHitBot/2.9; +https://www.aihitdata.com/about)"
78.129.165.8 - - [16/Oct/2022:07:44:08 +0200] "HEAD /AmiKo/Cpp2sqlite?n=Main.SideBar?action=edit HTTP/1.1" 403 - "-" "Mozilla/5.0 (compatible; aiHitBot/2.9; +https://www.aihitdata.com/about)"
88.150.241.101 - - [16/Oct/2022:07:44:09 +0200] "GET /AmiKo/IOS HTTP/1.1" 200 11930 "-" "Mozilla/5.0 (compatible; aiHitBot/2.9; +https://www.aihitdata.com/about)"
88.150.241.101 - - [16/Oct/2022:07:44:10 +0200] "GET /AmiKo/Index HTTP/1.1" 200 9511 "-" "Mozilla/5.0 (compatible; aiHitBot/2.9; +https://www.aihitdata.com/about)"
88.150.241.101 - - [16/Oct/2022:07:44:12 +0200] "GET /AmiKo/Barcodes HTTP/1.1" 200 8978 "-" "Mozilla/5.0 (compatible; aiHitBot/2.9; +https://www.aihitdata.com/about)"
88.150.241.101 - - [16/Oct/2022:07:44:13 +0200] "GET /AmiKo/Barcodes?action=edit HTTP/1.1" 403 18 "-" "Mozilla/5.0 (compatible; aiHitBot/2.9; +https://www.aihitdata.com/about)"
78.129.149.5 - - [16/Oct/2022:07:44:24 +0200] "HEAD /AmiKo/Barcodes?action=edit HTTP/1.1" 403 - "-" "Mozilla/5.0 (compatible; aiHitBot/2.9; +https://www.aihitdata.com/about)"
78.129.165.8 - - [16/Oct/2022:07:44:36 +0200] "HEAD /AmiKo/Barcodes?action=edit HTTP/1.1" 403 - "-" "Mozilla/5.0 (compatible; aiHitBot/2.9; +https://www.aihitdata.com/about)"
88.150.241.101 - - [16/Oct/2022:07:44:37 +0200] "GET /AmiKo/Barcodes?action=upload HTTP/1.1" 403 18 "-" "Mozilla/5.0 (compatible; aiHitBot/2.9; +https://www.aihitdata.com/about)"
78.129.149.5 - - [16/Oct/2022:07:44:48 +0200] "HEAD /AmiKo/Barcodes?action=upload HTTP/1.1" 403 - "-" "Mozilla/5.0 (compatible; aiHitBot/2.9; +https://www.aihitdata.com/about)"
78.129.165.8 - - [16/Oct/2022:07:44:59 +0200] "HEAD /AmiKo/Barcodes?action=upload HTTP/1.1" 403 - "-" "Mozilla/5.0 (compatible; aiHitBot/2.9; +https://www.aihitdata.com/about)"
88.150.241.101 - - [16/Oct/2022:07:45:01 +0200] "GET /AmiKo/Barcodes?n=Main.SideBar?action=edit HTTP/1.1" 403 18 "-" "Mozilla/5.0 (compatible; aiHitBot/2.9; +https://www.aihitdata.com/about)"
78.129.149.5 - - [16/Oct/2022:07:45:12 +0200] "HEAD /AmiKo/Barcodes?n=Main.SideBar?action=edit HTTP/1.1" 403 - "-" "Mozilla/5.0 (compatible; aiHitBot/2.9; +https://www.aihitdata.com/about)"
78.129.165.8 - - [16/Oct/2022:07:45:23 +0200] "HEAD /AmiKo/Barcodes?n=Main.SideBar?action=edit HTTP/1.1" 403 - "-" "Mozilla/5.0 (compatible; aiHitBot/2.9; +https://www.aihitdata.com/about)"
88.150.241.101 - - [16/Oct/2022:07:45:24 +0200] "GET /AmiKo/Flyer HTTP/1.1" 200 8708 "-" "Mozilla/5.0 (compatible; aiHitBot/2.9; +https://www.aihitdata.com/about)"
88.150.241.101 - - [16/Oct/2022:07:45:26 +0200] "GET /AmiKo/Flyer?action=edit HTTP/1.1" 403 18 "-" "Mozilla/5.0 (compatible; aiHitBot/2.9; +https://www.aihitdata.com/about)"
78.129.149.5 - - [16/Oct/2022:07:45:37 +0200] "HEAD /AmiKo/Flyer?action=edit HTTP/1.1" 403 - "-" "Mozilla/5.0 (compatible; aiHitBot/2.9; +https://www.aihitdata.com/about)"
194.209.200.2 - - [16/Oct/2022:07:45:44 +0200] "GET /robots.txt HTTP/1.1" 200 - "-" "Mozilla/5.0 (compatible; TMMBot/0.2; +http://www.dslab.ch)/Nutch-1.15"
194.209.200.2 - - [16/Oct/2022:07:45:44 +0200] "GET /Software/YDIM HTTP/1.1" 200 8834 "-" "Mozilla/5.0 (compatible; TMMBot/0.2; +http://www.dslab.ch)/Nutch-1.15"
78.129.165.8 - - [16/Oct/2022:07:45:48 +0200] "HEAD /AmiKo/Flyer?action=edit HTTP/1.1" 403 - "-" "Mozilla/5.0 (compatible; aiHitBot/2.9; +https://www.aihitdata.com/about)"
88.150.241.101 - - [16/Oct/2022:07:45:49 +0200] "GET /AmiKo/Flyer?action=upload HTTP/1.1" 403 18 "-" "Mozilla/5.0 (compatible; aiHitBot/2.9; +https://www.aihitdata.com/about)"
78.129.149.5 - - [16/Oct/2022:07:46:01 +0200] "HEAD /AmiKo/Flyer?action=upload HTTP/1.1" 403 - "-" "Mozilla/5.0 (compatible; aiHitBot/2.9; +https://www.aihitdata.com/about)"
78.129.165.8 - - [16/Oct/2022:07:46:12 +0200] "HEAD /AmiKo/Flyer?action=upload HTTP/1.1" 403 - "-" "Mozilla/5.0 (compatible; aiHitBot/2.9; +https://www.aihitdata.com/about)"
88.150.241.101 - - [16/Oct/2022:07:46:13 +0200] "GET /AmiKo/Flyer?n=Main.SideBar?action=edit HTTP/1.1" 403 18 "-" "Mozilla/5.0 (compatible; aiHitBot/2.9; +https://www.aihitdata.com/about)"
78.129.149.5 - - [16/Oct/2022:07:46:24 +0200] "HEAD /AmiKo/Flyer?n=Main.SideBar?action=edit HTTP/1.1" 403 - "-" "Mozilla/5.0 (compatible; aiHitBot/2.9; +https://www.aihitdata.com/about)"
78.129.165.8 - - [16/Oct/2022:07:46:36 +0200] "HEAD /AmiKo/Flyer?n=Main.SideBar?action=edit HTTP/1.1" 403 - "-" "Mozilla/5.0 (compatible; aiHitBot/2.9; +https://www.aihitdata.com/about)"
88.150.241.101 - - [16/Oct/2022:07:46:37 +0200] "GET /AmiKo/Index?action=edit HTTP/1.1" 403 18 "-" "Mozilla/5.0 (compatible; aiHitBot/2.9; +https://www.aihitdata.com/about)"
78.129.149.5 - - [16/Oct/2022:07:46:48 +0200] "HEAD /AmiKo/Index?action=edit HTTP/1.1" 403 - "-" "Mozilla/5.0 (compatible; aiHitBot/2.9; +https://www.aihitdata.com/about)"
194.209.200.2 - - [16/Oct/2022:07:46:56 +0200] "GET /ODDB/IndividuelleMediliste HTTP/1.1" 200 9139 "-" "Mozilla/5.0 (compatible; TMMBot/0.2; +http://www.dslab.ch)/Nutch-1.15"
78.129.165.8 - - [16/Oct/2022:07:46:59 +0200] "HEAD /AmiKo/Index?action=edit HTTP/1.1" 403 - "-" "Mozilla/5.0 (compatible; aiHitBot/2.9; +https://www.aihitdata.com/about)"
88.150.241.101 - - [16/Oct/2022:07:47:01 +0200] "GET /AmiKo/Index?action=upload HTTP/1.1" 403 18 "-" "Mozilla/5.0 (compatible; aiHitBot/2.9; +https://www.aihitdata.com/about)"
78.129.149.5 - - [16/Oct/2022:07:47:12 +0200] "HEAD /AmiKo/Index?action=upload HTTP/1.1" 403 - "-" "Mozilla/5.0 (compatible; aiHitBot/2.9; +https://www.aihitdata.com/about)"
194.209.200.2 - - [16/Oct/2022:07:47:22 +0200] "GET /Main/2017 HTTP/1.1" 200 15840 "-" "Mozilla/5.0 (compatible; TMMBot/0.2; +http://www.dslab.ch)/Nutch-1.15"
78.129.165.8 - - [16/Oct/2022:07:47:23 +0200] "HEAD /AmiKo/Index?action=upload HTTP/1.1" 403 - "-" "Mozilla/5.0 (compatible; aiHitBot/2.9; +https://www.aihitdata.com/about)"
88.150.241.101 - - [16/Oct/2022:07:47:24 +0200] "GET /AmiKo/Index?n=Main.SideBar?action=edit HTTP/1.1" 403 18 "-" "Mozilla/5.0 (compatible; aiHitBot/2.9; +https://www.aihitdata.com/about)"
64.71.157.110 - - [16/Oct/2022:07:47:31 +0200] "GET /pmwiki.php/Site/AllRecentChanges?action=rss HTTP/1.1" 200 2546 "-" "Feedbin feed-id:590358 - 1 subscribers"
78.129.149.5 - - [16/Oct/2022:07:47:36 +0200] "HEAD /AmiKo/Index?n=Main.SideBar?action=edit HTTP/1.1" 403 - "-" "Mozilla/5.0 (compatible; aiHitBot/2.9; +https://www.aihitdata.com/about)"
78.129.165.8 - - [16/Oct/2022:07:47:47 +0200] "HEAD /AmiKo/Index?n=Main.SideBar?action=edit HTTP/1.1" 403 - "-" "Mozilla/5.0 (compatible; aiHitBot/2.9; +https://www.aihitdata.com/about)"
88.150.241.101 - - [16/Oct/2022:07:47:48 +0200] "GET /AmiKo/Linux?action=edit HTTP/1.1" 403 18 "-" "Mozilla/5.0 (compatible; aiHitBot/2.9; +https://www.aihitdata.com/about)"
78.129.149.5 - - [16/Oct/2022:07:47:59 +0200] "HEAD /AmiKo/Linux?action=edit HTTP/1.1" 403 - "-" "Mozilla/5.0 (compatible; aiHitBot/2.9; +https://www.aihitdata.com/about)"
78.129.165.8 - - [16/Oct/2022:07:48:11 +0200] "HEAD /AmiKo/Linux?action=edit HTTP/1.1" 403 - "-" "Mozilla/5.0 (compatible; aiHitBot/2.9; +https://www.aihitdata.com/about)"
88.150.241.101 - - [16/Oct/2022:07:48:12 +0200] "GET /AmiKo/Linux?action=upload HTTP/1.1" 403 18 "-" "Mozilla/5.0 (compatible; aiHitBot/2.9; +https://www.aihitdata.com/about)"
78.129.149.5 - - [16/Oct/2022:07:48:23 +0200] "HEAD /AmiKo/Linux?action=upload HTTP/1.1" 403 - "-" "Mozilla/5.0 (compatible; aiHitBot/2.9; +https://www.aihitdata.com/about)"
78.129.165.8 - - [16/Oct/2022:07:48:34 +0200] "HEAD /AmiKo/Linux?action=upload HTTP/1.1" 403 - "-" "Mozilla/5.0 (compatible; aiHitBot/2.9; +https://www.aihitdata.com/about)"
88.150.241.101 - - [16/Oct/2022:07:48:35 +0200] "GET /AmiKo/Linux?n=Main.SideBar?action=edit HTTP/1.1" 403 18 "-" "Mozilla/5.0 (compatible; aiHitBot/2.9; +https://www.aihitdata.com/about)"
78.129.149.5 - - [16/Oct/2022:07:48:47 +0200] "HEAD /AmiKo/Linux?n=Main.SideBar?action=edit HTTP/1.1" 403 - "-" "Mozilla/5.0 (compatible; aiHitBot/2.9; +https://www.aihitdata.com/about)"
194.209.200.2 - - [16/Oct/2022:07:48:54 +0200] "GET /robots.txt HTTP/1.1" 200 - "-" "Mozilla/5.0 (compatible; TMMBot/0.2; +http://www.dslab.ch)/Nutch-1.15"
78.129.165.8 - - [16/Oct/2022:07:48:58 +0200] "HEAD /AmiKo/Linux?n=Main.SideBar?action=edit HTTP/1.1" 403 - "-" "Mozilla/5.0 (compatible; aiHitBot/2.9; +https://www.aihitdata.com/about)"
88.150.241.101 - - [16/Oct/2022:07:48:59 +0200] "GET /AmiKo/OSX HTTP/1.1" 200 9772 "-" "Mozilla/5.0 (compatible; aiHitBot/2.9; +https://www.aihitdata.com/about)"
88.150.241.101 - - [16/Oct/2022:07:49:01 +0200] "GET /AmiKo/OSXRezeptfunktion HTTP/1.1" 200 13751 "-" "Mozilla/5.0 (compatible; aiHitBot/2.9; +https://www.aihitdata.com/about)"
88.150.241.101 - - [16/Oct/2022:07:49:02 +0200] "GET /AmiKo/OSXSatzexport HTTP/1.1" 200 9993 "-" "Mozilla/5.0 (compatible; aiHitBot/2.9; +https://www.aihitdata.com/about)"
88.150.241.101 - - [16/Oct/2022:07:49:03 +0200] "GET /AmiKo/Web HTTP/1.1" 200 9588 "-" "Mozilla/5.0 (compatible; aiHitBot/2.9; +https://www.aihitdata.com/about)"
88.150.241.101 - - [16/Oct/2022:07:49:04 +0200] "GET /AmiKo/Windows HTTP/1.1" 200 10332 "-" "Mozilla/5.0 (compatible; aiHitBot/2.9; +https://www.aihitdata.com/about)"
88.150.241.101 - - [16/Oct/2022:07:49:06 +0200] "GET /Generikacc/App HTTP/1.1" 200 11862 "-" "Mozilla/5.0 (compatible; aiHitBot/2.9; +https://www.aihitdata.com/about)"
88.150.241.101 - - [16/Oct/2022:07:49:07 +0200] "GET /AmiKo/Barcodes?action=print HTTP/1.1" 403 18 "-" "Mozilla/5.0 (compatible; aiHitBot/2.9; +https://www.aihitdata.com/about)"
78.129.149.5 - - [16/Oct/2022:07:49:18 +0200] "HEAD /AmiKo/Barcodes?action=print HTTP/1.1" 403 - "-" "Mozilla/5.0 (compatible; aiHitBot/2.9; +https://www.aihitdata.com/about)"
194.209.200.2 - - [16/Oct/2022:07:49:24 +0200] "GET /AmiKo/Web HTTP/1.1" 200 9588 "-" "Mozilla/5.0 (compatible; TMMBot/0.2; +http://www.dslab.ch)/Nutch-1.15"
78.129.165.8 - - [16/Oct/2022:07:49:30 +0200] "HEAD /AmiKo/Barcodes?action=print HTTP/1.1" 403 - "-" "Mozilla/5.0 (compatible; aiHitBot/2.9; +https://www.aihitdata.com/about)"
88.150.241.101 - - [16/Oct/2022:07:49:31 +0200] "GET /AmiKo/Cpp2sqlite?action=print HTTP/1.1" 403 18 "-" "Mozilla/5.0 (compatible; aiHitBot/2.9; +https://www.aihitdata.com/about)"
78.129.149.5 - - [16/Oct/2022:07:49:42 +0200] "HEAD /AmiKo/Cpp2sqlite?action=print HTTP/1.1" 403 - "-" "Mozilla/5.0 (compatible; aiHitBot/2.9; +https://www.aihitdata.com/about)"
78.129.165.8 - - [16/Oct/2022:07:49:53 +0200] "HEAD /AmiKo/Cpp2sqlite?action=print HTTP/1.1" 403 - "-" "Mozilla/5.0 (compatible; aiHitBot/2.9; +https://www.aihitdata.com/about)"
88.150.241.101 - - [16/Oct/2022:07:49:55 +0200] "GET /AmiKo/Flyer?action=print HTTP/1.1" 403 18 "-" "Mozilla/5.0 (compatible; aiHitBot/2.9; +https://www.aihitdata.com/about)"
78.129.149.5 - - [16/Oct/2022:07:50:06 +0200] "HEAD /AmiKo/Flyer?action=print HTTP/1.1" 403 - "-" "Mozilla/5.0 (compatible; aiHitBot/2.9; +https://www.aihitdata.com/about)"
78.129.165.8 - - [16/Oct/2022:07:50:17 +0200] "HEAD /AmiKo/Flyer?action=print HTTP/1.1" 403 - "-" "Mozilla/5.0 (compatible; aiHitBot/2.9; +https://www.aihitdata.com/about)"
88.150.241.101 - - [16/Oct/2022:07:50:18 +0200] "GET /AmiKo/Index?action=print HTTP/1.1" 403 18 "-" "Mozilla/5.0 (compatible; aiHitBot/2.9; +https://www.aihitdata.com/about)"
78.129.149.5 - - [16/Oct/2022:07:50:30 +0200] "HEAD /AmiKo/Index?action=print HTTP/1.1" 403 - "-" "Mozilla/5.0 (compatible; aiHitBot/2.9; +https://www.aihitdata.com/about)"
194.209.200.2 - - [16/Oct/2022:07:50:40 +0200] "GET /Main/2009 HTTP/1.1" 200 21688 "-" "Mozilla/5.0 (compatible; TMMBot/0.2; +http://www.dslab.ch)/Nutch-1.15"
78.129.165.8 - - [16/Oct/2022:07:50:41 +0200] "HEAD /AmiKo/Index?action=print HTTP/1.1" 403 - "-" "Mozilla/5.0 (compatible; aiHitBot/2.9; +https://www.aihitdata.com/about)"
88.150.241.101 - - [16/Oct/2022:07:50:42 +0200] "GET /AmiKo/Linux?action=print HTTP/1.1" 403 18 "-" "Mozilla/5.0 (compatible; aiHitBot/2.9; +https://www.aihitdata.com/about)"
78.129.149.5 - - [16/Oct/2022:07:50:53 +0200] "HEAD /AmiKo/Linux?action=print HTTP/1.1" 403 - "-" "Mozilla/5.0 (compatible; aiHitBot/2.9; +https://www.aihitdata.com/about)"
54.166.206.158 - - [16/Oct/2022:07:51:01 +0200] "GET /Site/AllRecentChanges?action=rss HTTP/1.1" 200 2546 "https://www.google.com/" "Mozilla/5.0 (Macintosh; Intel Mac OS X 10_15_1) AppleWebKit/537.36 (KHTML, like Gecko) Chrome/80.0.3987.132 Safari/537.36"
78.129.165.8 - - [16/Oct/2022:07:51:05 +0200] "HEAD /AmiKo/Linux?action=print HTTP/1.1" 403 - "-" "Mozilla/5.0 (compatible; aiHitBot/2.9; +https://www.aihitdata.com/about)"
88.150.241.101 - - [16/Oct/2022:07:51:06 +0200] "GET /CoMed/Android HTTP/1.1" 200 9422 "-" "Mozilla/5.0 (compatible; aiHitBot/2.9; +https://www.aihitdata.com/about)"
88.150.241.101 - - [16/Oct/2022:07:51:07 +0200] "GET /Main/DocumedGalenicaVsYwesee HTTP/1.1" 200 35251 "-" "Mozilla/5.0 (compatible; aiHitBot/2.9; +https://www.aihitdata.com/about)"
88.150.241.101 - - [16/Oct/2022:07:51:08 +0200] "GET /Main/Home HTTP/1.1" 200 13326 "-" "Mozilla/5.0 (compatible; aiHitBot/2.9; +https://www.aihitdata.com/about)"
88.150.241.101 - - [16/Oct/2022:07:51:10 +0200] "GET /Main/Home?action=edit HTTP/1.1" 403 18 "-" "Mozilla/5.0 (compatible; aiHitBot/2.9; +https://www.aihitdata.com/about)"
78.129.149.5 - - [16/Oct/2022:07:51:21 +0200] "HEAD /Main/Home?action=edit HTTP/1.1" 403 - "-" "Mozilla/5.0 (compatible; aiHitBot/2.9; +https://www.aihitdata.com/about)"
194.209.200.2 - - [16/Oct/2022:07:51:24 +0200] "GET /ODDB/IntegrationLookAmpFeelGenerikasuche HTTP/1.1" 200 9097 "-" "Mozilla/5.0 (compatible; TMMBot/0.2; +http://www.dslab.ch)/Nutch-1.15"
78.129.165.8 - - [16/Oct/2022:07:51:32 +0200] "HEAD /Main/Home?action=edit HTTP/1.1" 403 - "-" "Mozilla/5.0 (compatible; aiHitBot/2.9; +https://www.aihitdata.com/about)"
88.150.241.101 - - [16/Oct/2022:07:51:34 +0200] "GET /Main/Home?action=upload HTTP/1.1" 403 18 "-" "Mozilla/5.0 (compatible; aiHitBot/2.9; +https://www.aihitdata.com/about)"
78.129.149.5 - - [16/Oct/2022:07:51:45 +0200] "HEAD /Main/Home?action=upload HTTP/1.1" 403 - "-" "Mozilla/5.0 (compatible; aiHitBot/2.9; +https://www.aihitdata.com/about)"
78.129.165.8 - - [16/Oct/2022:07:51:56 +0200] "HEAD /Main/Home?action=upload HTTP/1.1" 403 - "-" "Mozilla/5.0 (compatible; aiHitBot/2.9; +https://www.aihitdata.com/about)"
88.150.241.101 - - [16/Oct/2022:07:51:57 +0200] "GET /Main/Home?n=Main.SideBar?action=edit HTTP/1.1" 403 18 "-" "Mozilla/5.0 (compatible; aiHitBot/2.9; +https://www.aihitdata.com/about)"
78.129.149.5 - - [16/Oct/2022:07:52:09 +0200] "HEAD /Main/Home?n=Main.SideBar?action=edit HTTP/1.1" 403 - "-" "Mozilla/5.0 (compatible; aiHitBot/2.9; +https://www.aihitdata.com/about)"
78.129.165.8 - - [16/Oct/2022:07:52:20 +0200] "HEAD /Main/Home?n=Main.SideBar?action=edit HTTP/1.1" 403 - "-" "Mozilla/5.0 (compatible; aiHitBot/2.9; +https://www.aihitdata.com/about)"
88.150.241.101 - - [16/Oct/2022:07:52:21 +0200] "GET /Main/SideBar?action=edit HTTP/1.1" 403 18 "-" "Mozilla/5.0 (compatible; aiHitBot/2.9; +https://www.aihitdata.com/about)"
78.129.149.5 - - [16/Oct/2022:07:52:32 +0200] "HEAD /Main/SideBar?action=edit HTTP/1.1" 403 - "-" "Mozilla/5.0 (compatible; aiHitBot/2.9; +https://www.aihitdata.com/about)"
78.129.165.8 - - [16/Oct/2022:07:52:44 +0200] "HEAD /Main/SideBar?action=edit HTTP/1.1" 403 - "-" "Mozilla/5.0 (compatible; aiHitBot/2.9; +https://www.aihitdata.com/about)"
88.150.241.101 - - [16/Oct/2022:07:52:45 +0200] "GET /ODDB/IndividuelleMediliste HTTP/1.1" 200 9139 "-" "Mozilla/5.0 (compatible; aiHitBot/2.9; +https://www.aihitdata.com/about)"
88.150.241.101 - - [16/Oct/2022:07:52:46 +0200] "GET /ODDB/IntegrationLookAmpFeelGenerikasuche HTTP/1.1" 200 9097 "-" "Mozilla/5.0 (compatible; aiHitBot/2.9; +https://www.aihitdata.com/about)"
88.150.241.101 - - [16/Oct/2022:07:52:47 +0200] "GET /ODDB/IntegrationLookAmpFeelGenerikasuche?action=edit HTTP/1.1" 403 18 "-" "Mozilla/5.0 (compatible; aiHitBot/2.9; +https://www.aihitdata.com/about)"
78.129.149.5 - - [16/Oct/2022:07:52:59 +0200] "HEAD /ODDB/IntegrationLookAmpFeelGenerikasuche?action=edit HTTP/1.1" 403 - "-" "Mozilla/5.0 (compatible; aiHitBot/2.9; +https://www.aihitdata.com/about)"
78.129.165.8 - - [16/Oct/2022:07:53:10 +0200] "HEAD /ODDB/IntegrationLookAmpFeelGenerikasuche?action=edit HTTP/1.1" 403 - "-" "Mozilla/5.0 (compatible; aiHitBot/2.9; +https://www.aihitdata.com/about)"
88.150.241.101 - - [16/Oct/2022:07:53:11 +0200] "GET /ODDB/IntegrationLookAmpFeelGenerikasuche?action=upload HTTP/1.1" 403 18 "-" "Mozilla/5.0 (compatible; aiHitBot/2.9; +https://www.aihitdata.com/about)"
78.129.149.5 - - [16/Oct/2022:07:53:22 +0200] "HEAD /ODDB/IntegrationLookAmpFeelGenerikasuche?action=upload HTTP/1.1" 403 - "-" "Mozilla/5.0 (compatible; aiHitBot/2.9; +https://www.aihitdata.com/about)"
78.129.165.8 - - [16/Oct/2022:07:53:34 +0200] "HEAD /ODDB/IntegrationLookAmpFeelGenerikasuche?action=upload HTTP/1.1" 403 - "-" "Mozilla/5.0 (compatible; aiHitBot/2.9; +https://www.aihitdata.com/about)"
88.150.241.101 - - [16/Oct/2022:07:53:35 +0200] "GET /ODDB/IntegrationLookAmpFeelGenerikasuche?n=Main.SideBar?action=edit HTTP/1.1" 403 18 "-" "Mozilla/5.0 (compatible; aiHitBot/2.9; +https://www.aihitdata.com/about)"
78.129.149.5 - - [16/Oct/2022:07:53:46 +0200] "HEAD /ODDB/IntegrationLookAmpFeelGenerikasuche?n=Main.SideBar?action=edit HTTP/1.1" 403 - "-" "Mozilla/5.0 (compatible; aiHitBot/2.9; +https://www.aihitdata.com/about)"
78.129.165.8 - - [16/Oct/2022:07:53:57 +0200] "HEAD /ODDB/IntegrationLookAmpFeelGenerikasuche?n=Main.SideBar?action=edit HTTP/1.1" 403 - "-" "Mozilla/5.0 (compatible; aiHitBot/2.9; +https://www.aihitdata.com/about)"
88.150.241.101 - - [16/Oct/2022:07:53:59 +0200] "GET /ODDB/StammdatenCH HTTP/1.1" 200 9300 "-" "Mozilla/5.0 (compatible; aiHitBot/2.9; +https://www.aihitdata.com/about)"
88.150.241.101 - - [16/Oct/2022:07:54:00 +0200] "GET /ODDB/StammdatenCH?action=edit HTTP/1.1" 403 18 "-" "Mozilla/5.0 (compatible; aiHitBot/2.9; +https://www.aihitdata.com/about)"
78.129.149.5 - - [16/Oct/2022:07:54:11 +0200] "HEAD /ODDB/StammdatenCH?action=edit HTTP/1.1" 403 - "-" "Mozilla/5.0 (compatible; aiHitBot/2.9; +https://www.aihitdata.com/about)"
42.236.10.105 - - [16/Oct/2022:07:54:16 +0200] "GET / HTTP/1.1" 200 13326 "https://www.ywesee.com/" "Mozilla/5.0 (Windows NT 6.1; WOW64) AppleWebKit/537.36 (KHTML, like Gecko) Chrome/50.0.2661.102 Safari/537.36; 360Spider"
78.129.165.8 - - [16/Oct/2022:07:54:22 +0200] "HEAD /ODDB/StammdatenCH?action=edit HTTP/1.1" 403 - "-" "Mozilla/5.0 (compatible; aiHitBot/2.9; +https://www.aihitdata.com/about)"
88.150.241.101 - - [16/Oct/2022:07:54:24 +0200] "GET /ODDB/StammdatenCH?action=upload HTTP/1.1" 403 18 "-" "Mozilla/5.0 (compatible; aiHitBot/2.9; +https://www.aihitdata.com/about)"
78.129.149.5 - - [16/Oct/2022:07:54:35 +0200] "HEAD /ODDB/StammdatenCH?action=upload HTTP/1.1" 403 - "-" "Mozilla/5.0 (compatible; aiHitBot/2.9; +https://www.aihitdata.com/about)"
78.129.165.8 - - [16/Oct/2022:07:54:46 +0200] "HEAD /ODDB/StammdatenCH?action=upload HTTP/1.1" 403 - "-" "Mozilla/5.0 (compatible; aiHitBot/2.9; +https://www.aihitdata.com/about)"
88.150.241.101 - - [16/Oct/2022:07:54:47 +0200] "GET /ODDB/StammdatenCH?n=Main.SideBar?action=edit HTTP/1.1" 403 18 "-" "Mozilla/5.0 (compatible; aiHitBot/2.9; +https://www.aihitdata.com/about)"
42.236.10.116 - - [16/Oct/2022:07:54:49 +0200] "GET / HTTP/1.1" 200 13326 "https://ywesee.com/" "Mozilla/5.0 (Windows NT 6.1; WOW64) AppleWebKit/537.36 (KHTML, like Gecko) Chrome/50.0.2661.102 Safari/537.36; 360Spider"
78.129.149.5 - - [16/Oct/2022:07:54:59 +0200] "HEAD /ODDB/StammdatenCH?n=Main.SideBar?action=edit HTTP/1.1" 403 - "-" "Mozilla/5.0 (compatible; aiHitBot/2.9; +https://www.aihitdata.com/about)"
78.129.165.8 - - [16/Oct/2022:07:55:10 +0200] "HEAD /ODDB/StammdatenCH?n=Main.SideBar?action=edit HTTP/1.1" 403 - "-" "Mozilla/5.0 (compatible; aiHitBot/2.9; +https://www.aihitdata.com/about)"
88.150.241.101 - - [16/Oct/2022:07:55:11 +0200] "GET /Oddb2xml/Index HTTP/1.1" 200 8983 "-" "Mozilla/5.0 (compatible; aiHitBot/2.9; +https://www.aihitdata.com/about)"
88.150.241.101 - - [16/Oct/2022:07:55:12 +0200] "GET /Oddb2xml/Bemerkungen HTTP/1.1" 200 10553 "-" "Mozilla/5.0 (compatible; aiHitBot/2.9; +https://www.aihitdata.com/about)"
88.150.241.101 - - [16/Oct/2022:07:55:14 +0200] "GET /Oddb2xml/DatenDownload HTTP/1.1" 200 8810 "-" "Mozilla/5.0 (compatible; aiHitBot/2.9; +https://www.aihitdata.com/about)"
88.150.241.101 - - [16/Oct/2022:07:55:15 +0200] "GET /Oddb2xml/DatenDownload?action=edit HTTP/1.1" 403 18 "-" "Mozilla/5.0 (compatible; aiHitBot/2.9; +https://www.aihitdata.com/about)"
78.129.149.5 - - [16/Oct/2022:07:55:26 +0200] "HEAD /Oddb2xml/DatenDownload?action=edit HTTP/1.1" 403 - "-" "Mozilla/5.0 (compatible; aiHitBot/2.9; +https://www.aihitdata.com/about)"
78.129.165.8 - - [16/Oct/2022:07:55:37 +0200] "HEAD /Oddb2xml/DatenDownload?action=edit HTTP/1.1" 403 - "-" "Mozilla/5.0 (compatible; aiHitBot/2.9; +https://www.aihitdata.com/about)"
88.150.241.101 - - [16/Oct/2022:07:55:39 +0200] "GET /Oddb2xml/DatenDownload?action=upload HTTP/1.1" 403 18 "-" "Mozilla/5.0 (compatible; aiHitBot/2.9; +https://www.aihitdata.com/about)"
78.129.149.5 - - [16/Oct/2022:07:55:50 +0200] "HEAD /Oddb2xml/DatenDownload?action=upload HTTP/1.1" 403 - "-" "Mozilla/5.0 (compatible; aiHitBot/2.9; +https://www.aihitdata.com/about)"
78.129.165.8 - - [16/Oct/2022:07:56:01 +0200] "HEAD /Oddb2xml/DatenDownload?action=upload HTTP/1.1" 403 - "-" "Mozilla/5.0 (compatible; aiHitBot/2.9; +https://www.aihitdata.com/about)"
88.150.241.101 - - [16/Oct/2022:07:56:02 +0200] "GET /Oddb2xml/DatenDownload?n=Main.SideBar?action=edit HTTP/1.1" 403 18 "-" "Mozilla/5.0 (compatible; aiHitBot/2.9; +https://www.aihitdata.com/about)"
78.129.149.5 - - [16/Oct/2022:07:56:14 +0200] "HEAD /Oddb2xml/DatenDownload?n=Main.SideBar?action=edit HTTP/1.1" 403 - "-" "Mozilla/5.0 (compatible; aiHitBot/2.9; +https://www.aihitdata.com/about)"
78.129.165.8 - - [16/Oct/2022:07:56:25 +0200] "HEAD /Oddb2xml/DatenDownload?n=Main.SideBar?action=edit HTTP/1.1" 403 - "-" "Mozilla/5.0 (compatible; aiHitBot/2.9; +https://www.aihitdata.com/about)"
88.150.241.101 - - [16/Oct/2022:07:56:26 +0200] "GET /Oddb2xml/Felder HTTP/1.1" 200 10305 "-" "Mozilla/5.0 (compatible; aiHitBot/2.9; +https://www.aihitdata.com/about)"
88.150.241.101 - - [16/Oct/2022:07:56:27 +0200] "GET /Oddb2xml/Index?action=edit HTTP/1.1" 403 18 "-" "Mozilla/5.0 (compatible; aiHitBot/2.9; +https://www.aihitdata.com/about)"
42.236.10.91 - - [16/Oct/2022:07:56:36 +0200] "GET / HTTP/1.1" 200 13326 "https://ywesee.com/" "Mozilla/5.0 (Windows NT 6.1; WOW64) AppleWebKit/537.36 (KHTML, like Gecko) Chrome/50.0.2661.102 Safari/537.36; 360Spider"
78.129.149.5 - - [16/Oct/2022:07:56:39 +0200] "HEAD /Oddb2xml/Index?action=edit HTTP/1.1" 403 - "-" "Mozilla/5.0 (compatible; aiHitBot/2.9; +https://www.aihitdata.com/about)"
78.129.165.8 - - [16/Oct/2022:07:56:50 +0200] "HEAD /Oddb2xml/Index?action=edit HTTP/1.1" 403 - "-" "Mozilla/5.0 (compatible; aiHitBot/2.9; +https://www.aihitdata.com/about)"
88.150.241.101 - - [16/Oct/2022:07:56:51 +0200] "GET /Oddb2xml/Index?action=upload HTTP/1.1" 403 18 "-" "Mozilla/5.0 (compatible; aiHitBot/2.9; +https://www.aihitdata.com/about)"
78.129.149.5 - - [16/Oct/2022:07:57:02 +0200] "HEAD /Oddb2xml/Index?action=upload HTTP/1.1" 403 - "-" "Mozilla/5.0 (compatible; aiHitBot/2.9; +https://www.aihitdata.com/about)"
78.129.165.8 - - [16/Oct/2022:07:57:14 +0200] "HEAD /Oddb2xml/Index?action=upload HTTP/1.1" 403 - "-" "Mozilla/5.0 (compatible; aiHitBot/2.9; +https://www.aihitdata.com/about)"
88.150.241.101 - - [16/Oct/2022:07:57:15 +0200] "GET /Oddb2xml/Index?n=Main.SideBar?action=edit HTTP/1.1" 403 18 "-" "Mozilla/5.0 (compatible; aiHitBot/2.9; +https://www.aihitdata.com/about)"
216.244.66.238 - - [16/Oct/2022:07:57:15 +0200] "GET /robots.txt HTTP/1.1" 200 - "-" "Mozilla/5.0 (compatible; DotBot/1.2; +https://opensiteexplorer.org/dotbot; help@moz.com)"
78.129.149.5 - - [16/Oct/2022:07:57:26 +0200] "HEAD /Oddb2xml/Index?n=Main.SideBar?action=edit HTTP/1.1" 403 - "-" "Mozilla/5.0 (compatible; aiHitBot/2.9; +https://www.aihitdata.com/about)"
78.129.165.8 - - [16/Oct/2022:07:57:37 +0200] "HEAD /Oddb2xml/Index?n=Main.SideBar?action=edit HTTP/1.1" 403 - "-" "Mozilla/5.0 (compatible; aiHitBot/2.9; +https://www.aihitdata.com/about)"
88.150.241.101 - - [16/Oct/2022:07:57:39 +0200] "GET /Oddb2xml/Installation HTTP/1.1" 200 10391 "-" "Mozilla/5.0 (compatible; aiHitBot/2.9; +https://www.aihitdata.com/about)"
88.150.241.101 - - [16/Oct/2022:07:57:40 +0200] "GET /Oddb2xml/Oddb2xmlCalc HTTP/1.1" 200 10266 "-" "Mozilla/5.0 (compatible; aiHitBot/2.9; +https://www.aihitdata.com/about)"
88.150.241.101 - - [16/Oct/2022:07:57:41 +0200] "GET /Oddb2xml/Version HTTP/1.1" 200 9879 "-" "Mozilla/5.0 (compatible; aiHitBot/2.9; +https://www.aihitdata.com/about)"
88.150.241.101 - - [16/Oct/2022:07:57:43 +0200] "GET /Oddb2xml/Version?action=edit HTTP/1.1" 403 18 "-" "Mozilla/5.0 (compatible; aiHitBot/2.9; +https://www.aihitdata.com/about)"
78.129.149.5 - - [16/Oct/2022:07:57:54 +0200] "HEAD /Oddb2xml/Version?action=edit HTTP/1.1" 403 - "-" "Mozilla/5.0 (compatible; aiHitBot/2.9; +https://www.aihitdata.com/about)"
78.129.165.8 - - [16/Oct/2022:07:58:05 +0200] "HEAD /Oddb2xml/Version?action=edit HTTP/1.1" 403 - "-" "Mozilla/5.0 (compatible; aiHitBot/2.9; +https://www.aihitdata.com/about)"
88.150.241.101 - - [16/Oct/2022:07:58:06 +0200] "GET /Oddb2xml/Version?action=upload HTTP/1.1" 403 18 "-" "Mozilla/5.0 (compatible; aiHitBot/2.9; +https://www.aihitdata.com/about)"
78.129.149.5 - - [16/Oct/2022:07:58:18 +0200] "HEAD /Oddb2xml/Version?action=upload HTTP/1.1" 403 - "-" "Mozilla/5.0 (compatible; aiHitBot/2.9; +https://www.aihitdata.com/about)"
78.129.165.8 - - [16/Oct/2022:07:58:29 +0200] "HEAD /Oddb2xml/Version?action=upload HTTP/1.1" 403 - "-" "Mozilla/5.0 (compatible; aiHitBot/2.9; +https://www.aihitdata.com/about)"
216.244.66.238 - - [16/Oct/2022:08:01:54 +0200] "GET /pmwiki.php?n=Main.ForderungstabelleSpezialitaetenliste HTTP/1.1" 200 11019 "-" "Mozilla/5.0 (compatible; DotBot/1.2; +https://opensiteexplorer.org/dotbot; help@moz.com)"
66.249.79.117 - - [16/Oct/2022:08:09:10 +0200] "GET /Main/WekoBlog?n=Main.SideBar?action=edit HTTP/1.1" 403 18 "-" "Mozilla/5.0 (Linux; Android 6.0.1; Nexus 5X Build/MMB29P) AppleWebKit/537.36 (KHTML, like Gecko) Chrome/106.0.5249.103 Mobile Safari/537.36 (compatible; Googlebot/2.1; +http://www.google.com/bot.html)"
77.75.79.31 - - [16/Oct/2022:08:18:45 +0200] "GET /robots.txt HTTP/1.1" 200 - "-" "Mozilla/5.0 (compatible; SeznamBot/4.0-RC1; +http://napoveda.seznam.cz/seznambot-intro/)"
77.75.72.26 - - [16/Oct/2022:08:18:46 +0200] "GET /Ywesee/SBSM HTTP/1.1" 200 8449 "-" "Mozilla/5.0 (compatible; SeznamBot/4.0-RC1; +http://napoveda.seznam.cz/seznambot-intro/)"
194.209.200.2 - - [16/Oct/2022:08:19:16 +0200] "GET /robots.txt HTTP/1.1" 200 - "-" "Mozilla/5.0 (compatible; TMMBot/0.2; +http://www.dslab.ch)/Nutch-1.15"
194.209.200.2 - - [16/Oct/2022:08:19:16 +0200] "GET /AmiKo/Linux HTTP/1.1" 200 9217 "-" "Mozilla/5.0 (compatible; TMMBot/0.2; +http://www.dslab.ch)/Nutch-1.15"
194.209.200.2 - - [16/Oct/2022:08:19:43 +0200] "GET /Software/YDIM HTTP/1.1" 200 8834 "-" "Mozilla/5.0 (compatible; TMMBot/0.2; +http://www.dslab.ch)/Nutch-1.15"
194.209.200.2 - - [16/Oct/2022:08:20:56 +0200] "GET /ODDB/IndividuelleMediliste HTTP/1.1" 200 9139 "-" "Mozilla/5.0 (compatible; TMMBot/0.2; +http://www.dslab.ch)/Nutch-1.15"
194.209.200.2 - - [16/Oct/2022:08:21:21 +0200] "GET /Main/2017 HTTP/1.1" 200 15840 "-" "Mozilla/5.0 (compatible; TMMBot/0.2; +http://www.dslab.ch)/Nutch-1.15"
194.209.200.2 - - [16/Oct/2022:08:22:52 +0200] "GET /robots.txt HTTP/1.1" 200 - "-" "Mozilla/5.0 (compatible; TMMBot/0.2; +http://www.dslab.ch)/Nutch-1.15"
66.249.93.176 - - [16/Oct/2022:08:23:22 +0200] "HEAD /pmwiki.php/Site/AllRecentChanges?action=rss HTTP/1.1" 200 - "-" "FeedBurner/1.0 (http://www.FeedBurner.com)"
194.209.200.2 - - [16/Oct/2022:08:23:22 +0200] "GET /AmiKo/Web HTTP/1.1" 200 9588 "-" "Mozilla/5.0 (compatible; TMMBot/0.2; +http://www.dslab.ch)/Nutch-1.15"
66.249.93.174 - - [16/Oct/2022:08:23:22 +0200] "GET /pmwiki.php/Site/AllRecentChanges?action=rss HTTP/1.1" 200 2546 "-" "FeedBurner/1.0 (http://www.FeedBurner.com)"
64.71.157.113 - - [16/Oct/2022:08:23:45 +0200] "GET /pmwiki.php/Site/AllRecentChanges?action=rss HTTP/1.1" 200 2546 "-" "Feedbin feed-id:590358 - 1 subscribers"
194.209.200.2 - - [16/Oct/2022:08:24:36 +0200] "GET /Main/2009 HTTP/1.1" 200 21688 "-" "Mozilla/5.0 (compatible; TMMBot/0.2; +http://www.dslab.ch)/Nutch-1.15"
3.144.102.144 - - [16/Oct/2022:08:25:13 +0200] "GET /app-ads.txt HTTP/1.1" 404 270 "-" "Mozilla"
3.144.102.144 - - [16/Oct/2022:08:25:19 +0200] "GET /app-ads.txt HTTP/1.1" 404 270 "-" "Mozilla/5.0 (Macintosh; Intel Mac OS X 10_15_7) AppleWebKit/537.36 (KHTML, like Gecko) Chrome/95.0.4638.54 Safari/537.36"
194.209.200.2 - - [16/Oct/2022:08:25:21 +0200] "GET /ODDB/IntegrationLookAmpFeelGenerikasuche HTTP/1.1" 200 9097 "-" "Mozilla/5.0 (compatible; TMMBot/0.2; +http://www.dslab.ch)/Nutch-1.15"
3.144.102.144 - - [16/Oct/2022:08:25:25 +0200] "GET /app-ads.txt HTTP/1.1" 404 270 "-" "Mozilla/5.0 (Macintosh; Intel Mac OS X 10_15_7) AppleWebKit/537.36 (KHTML, like Gecko) Chrome/95.0.4638.54 Safari/537.36"
5.157.27.249 - - [16/Oct/2022:08:31:20 +0200] "GET / HTTP/1.1" 200 13326 "-" "Mozilla/5.0 (Windows NT 10.0; WOW64) AppleWebKit/537.36 (KHTML, like Gecko) Chrome/103.0.0.0 YaBrowser/22.7.0 Yowser/2.5 Safari/537.36"
144.168.166.204 - - [16/Oct/2022:08:31:22 +0200] "GET /Ywesee/Kontakt HTTP/1.1" 200 8973 "https://ywesee.com/" "Mozilla/5.0 (Windows NT 10.0; WOW64) AppleWebKit/537.36 (KHTML, like Gecko) Chrome/103.0.0.0 YaBrowser/22.7.0 Yowser/2.5 Safari/537.36"
35.85.33.134 - - [16/Oct/2022:08:35:19 +0200] "GET / HTTP/1.1" 200 13326 "-" "Mozilla/5.0 (X11; Linux x86_64) AppleWebKit/537.36 (KHTML, like Gecko) Chrome/83.0.4103.97 Safari/537.36"
54.213.255.6 - - [16/Oct/2022:08:35:47 +0200] "GET /favicon.ico HTTP/1.1" 200 1406 "http://ywesee.org/favicon.ico" "Mozilla/5.0 (X11; Linux x86_64) AppleWebKit/537.36 (KHTML, like Gecko) Chrome/83.0.4103.97 Safari/537.36"
54.218.139.157 - - [16/Oct/2022:08:37:18 +0200] "GET / HTTP/1.1" 200 13326 "-" "Mozilla/5.0 (X11; Linux x86_64) AppleWebKit/537.36 (KHTML, like Gecko) Chrome/83.0.4103.97 Safari/537.36"
194.209.200.2 - - [16/Oct/2022:08:45:55 +0200] "GET /robots.txt HTTP/1.1" 200 - "-" "Mozilla/5.0 (compatible; TMMBot/0.2; +http://www.dslab.ch)/Nutch-1.15"
194.209.200.2 - - [16/Oct/2022:08:56:10 +0200] "GET /robots.txt HTTP/1.1" 200 - "-" "Mozilla/5.0 (compatible; TMMBot/0.2; +http://www.dslab.ch)/Nutch-1.15"
194.209.200.2 - - [16/Oct/2022:08:56:10 +0200] "GET /Software/YDIM HTTP/1.1" 200 8834 "-" "Mozilla/5.0 (compatible; TMMBot/0.2; +http://www.dslab.ch)/Nutch-1.15"
194.209.200.2 - - [16/Oct/2022:08:57:36 +0200] "GET /ODDB/IndividuelleMediliste HTTP/1.1" 200 9139 "-" "Mozilla/5.0 (compatible; TMMBot/0.2; +http://www.dslab.ch)/Nutch-1.15"
216.244.66.238 - - [16/Oct/2022:08:57:46 +0200] "GET /robots.txt HTTP/1.1" 200 - "-" "Mozilla/5.0 (compatible; DotBot/1.2; +https://opensiteexplorer.org/dotbot; help@moz.com)"
194.209.200.2 - - [16/Oct/2022:08:58:08 +0200] "GET /Main/2017 HTTP/1.1" 200 15840 "-" "Mozilla/5.0 (compatible; TMMBot/0.2; +http://www.dslab.ch)/Nutch-1.15"
194.209.200.2 - - [16/Oct/2022:08:58:55 +0200] "GET /Software/Spreadsheet HTTP/1.1" 200 8839 "-" "Mozilla/5.0 (compatible; TMMBot/0.2; +http://www.dslab.ch)/Nutch-1.15"
194.209.200.2 - - [16/Oct/2022:09:00:01 +0200] "GET /robots.txt HTTP/1.1" 200 - "-" "Mozilla/5.0 (compatible; TMMBot/0.2; +http://www.dslab.ch)/Nutch-1.15"
194.209.200.2 - - [16/Oct/2022:09:00:37 +0200] "GET /AmiKo/Web HTTP/1.1" 200 9588 "-" "Mozilla/5.0 (compatible; TMMBot/0.2; +http://www.dslab.ch)/Nutch-1.15"
194.209.200.2 - - [16/Oct/2022:09:02:12 +0200] "GET /Main/2009 HTTP/1.1" 200 21688 "-" "Mozilla/5.0 (compatible; TMMBot/0.2; +http://www.dslab.ch)/Nutch-1.15"
64.71.157.117 - - [16/Oct/2022:09:02:12 +0200] "GET /pmwiki.php/Site/AllRecentChanges?action=rss HTTP/1.1" 200 2546 "-" "Feedbin feed-id:590358 - 1 subscribers"
194.209.200.2 - - [16/Oct/2022:09:03:02 +0200] "GET /ODDB/IntegrationLookAmpFeelGenerikasuche HTTP/1.1" 200 9097 "-" "Mozilla/5.0 (compatible; TMMBot/0.2; +http://www.dslab.ch)/Nutch-1.15"
216.244.66.238 - - [16/Oct/2022:09:08:04 +0200] "GET /Main/Bundesgerichtsurteil HTTP/1.1" 200 9052 "-" "Mozilla/5.0 (compatible; DotBot/1.2; +https://opensiteexplorer.org/dotbot; help@moz.com)"
77.75.79.31 - - [16/Oct/2022:09:10:55 +0200] "GET /Main/EPUB HTTP/1.1" 200 8338 "-" "Mozilla/5.0 (compatible; SeznamBot/4.0-RC1; +http://napoveda.seznam.cz/seznambot-intro/)"
194.209.200.2 - - [16/Oct/2022:09:25:15 +0200] "GET /robots.txt HTTP/1.1" 200 - "-" "Mozilla/5.0 (compatible; TMMBot/0.2; +http://www.dslab.ch)/Nutch-1.15"
66.249.79.117 - - [16/Oct/2022:09:29:56 +0200] "GET /generikacc/privacy HTTP/1.1" 404 281 "-" "Mozilla/5.0 (compatible; Googlebot/2.1; +http://www.google.com/bot.html)"
194.209.200.2 - - [16/Oct/2022:09:34:30 +0200] "GET /robots.txt HTTP/1.1" 200 - "-" "Mozilla/5.0 (compatible; TMMBot/0.2; +http://www.dslab.ch)/Nutch-1.15"
194.209.200.2 - - [16/Oct/2022:09:34:30 +0200] "GET /Software/YDIM HTTP/1.1" 200 8834 "-" "Mozilla/5.0 (compatible; TMMBot/0.2; +http://www.dslab.ch)/Nutch-1.15"
194.209.200.2 - - [16/Oct/2022:09:35:50 +0200] "GET /ODDB/IndividuelleMediliste HTTP/1.1" 200 9139 "-" "Mozilla/5.0 (compatible; TMMBot/0.2; +http://www.dslab.ch)/Nutch-1.15"
194.209.200.2 - - [16/Oct/2022:09:36:19 +0200] "GET /Main/2017 HTTP/1.1" 200 15840 "-" "Mozilla/5.0 (compatible; TMMBot/0.2; +http://www.dslab.ch)/Nutch-1.15"
194.209.200.2 - - [16/Oct/2022:09:36:28 +0200] "GET /Main/2015 HTTP/1.1" 200 15908 "-" "Mozilla/5.0 (compatible; TMMBot/0.2; +http://www.dslab.ch)/Nutch-1.15"
185.81.158.132 - - [16/Oct/2022:09:36:45 +0200] "GET /.git/config HTTP/1.1" 404 270 "-" "Mozilla/5.0 (X11; Linux x86_64) AppleWebKit/537.36 (KHTML, like Gecko) Chrome/81.0.4044.129 Safari/537.36"
66.249.93.176 - - [16/Oct/2022:09:37:59 +0200] "HEAD /pmwiki.php/Site/AllRecentChanges?action=rss HTTP/1.1" 200 - "-" "FeedBurner/1.0 (http://www.FeedBurner.com)"
66.249.93.176 - - [16/Oct/2022:09:37:59 +0200] "GET /pmwiki.php/Site/AllRecentChanges?action=rss HTTP/1.1" 200 2546 "-" "FeedBurner/1.0 (http://www.FeedBurner.com)"
194.209.200.2 - - [16/Oct/2022:09:38:01 +0200] "GET /robots.txt HTTP/1.1" 200 - "-" "Mozilla/5.0 (compatible; TMMBot/0.2; +http://www.dslab.ch)/Nutch-1.15"
194.209.200.2 - - [16/Oct/2022:09:38:34 +0200] "GET /AmiKo/Web HTTP/1.1" 200 9588 "-" "Mozilla/5.0 (compatible; TMMBot/0.2; +http://www.dslab.ch)/Nutch-1.15"
64.71.157.117 - - [16/Oct/2022:09:39:50 +0200] "GET /pmwiki.php/Site/AllRecentChanges?action=rss HTTP/1.1" 200 2546 "-" "Feedbin feed-id:590358 - 1 subscribers"
194.209.200.2 - - [16/Oct/2022:09:39:53 +0200] "GET /Main/2009 HTTP/1.1" 200 21688 "-" "Mozilla/5.0 (compatible; TMMBot/0.2; +http://www.dslab.ch)/Nutch-1.15"
194.209.200.2 - - [16/Oct/2022:09:40:43 +0200] "GET /ODDB/IntegrationLookAmpFeelGenerikasuche HTTP/1.1" 200 9097 "-" "Mozilla/5.0 (compatible; TMMBot/0.2; +http://www.dslab.ch)/Nutch-1.15"
61.135.159.214 - - [16/Oct/2022:09:40:46 +0200] "GET / HTTP/1.1" 200 13326 "-" "Sogou web spider/4.0(+http://www.sogou.com/docs/help/webmasters.htm#07)"
144.168.225.71 - - [16/Oct/2022:09:43:31 +0200] "GET / HTTP/1.1" 200 13326 "-" "Mozilla/5.0 (Windows NT 10.0; WOW64; x64) AppleWebKit/537.36 (KHTML, like Gecko) Chrome/103.0.0.0 Safari/537.36 OPR/89.0.4447.51"
165.231.133.157 - - [16/Oct/2022:09:43:33 +0200] "GET /Ywesee/Kontakt HTTP/1.1" 200 8973 "https://ywesee.com/" "Mozilla/5.0 (Windows NT 10.0; WOW64; x64) AppleWebKit/537.36 (KHTML, like Gecko) Chrome/103.0.0.0 Safari/537.36 OPR/89.0.4447.51"
66.249.79.200 - - [16/Oct/2022:09:48:08 +0200] "GET /amiko/privacy HTTP/1.1" 404 272 "-" "Mozilla/5.0 (compatible; Googlebot/2.1; +http://www.google.com/bot.html)"
194.209.200.2 - - [16/Oct/2022:09:49:30 +0200] "GET /robots.txt HTTP/1.1" 200 - "-" "Mozilla/5.0 (compatible; TMMBot/0.2; +http://www.dslab.ch)/Nutch-1.15"
66.249.79.119 - - [16/Oct/2022:09:51:44 +0200] "GET /Ywesee/Kontakt?action=diff HTTP/1.1" 403 18 "-" "Mozilla/5.0 (Linux; Android 6.0.1; Nexus 5X Build/MMB29P) AppleWebKit/537.36 (KHTML, like Gecko) Chrome/106.0.5249.103 Mobile Safari/537.36 (compatible; Googlebot/2.1; +http://www.google.com/bot.html)"
66.249.79.117 - - [16/Oct/2022:09:57:22 +0200] "GET / HTTP/1.1" 200 13326 "-" "Mozilla/5.0 (compatible; Googlebot/2.1; +http://www.google.com/bot.html)"
66.249.79.119 - - [16/Oct/2022:09:59:55 +0200] "GET /amiko/privacy HTTP/1.1" 404 276 "-" "Mozilla/5.0 (compatible; Googlebot/2.1; +http://www.google.com/bot.html)"
157.55.39.187 - - [16/Oct/2022:10:01:54 +0200] "GET /Main/SearchWiki?pagename=Main%2FSearchWiki&q=2022 HTTP/1.1" 200 10748 "-" "Mozilla/5.0 AppleWebKit/537.36 (KHTML, like Gecko; compatible; bingbot/2.0; +http://www.bing.com/bingbot.htm) Chrome/103.0.5060.134 Safari/537.36"
66.249.93.176 - - [16/Oct/2022:10:06:38 +0200] "HEAD /pmwiki.php/Site/AllRecentChanges?action=rss HTTP/1.1" 200 - "-" "FeedBurner/1.0 (http://www.FeedBurner.com)"
