65.21.233.213 - - [13/Nov/2022:00:00:02 +0100] "GET /Main/FachinformationUmfrage?action=edit HTTP/1.1" 403 18 "-" "Mozilla/5.0 (compatible; MJ12bot/v1.4.8; http://mj12bot.com/)"
65.21.233.213 - - [13/Nov/2022:00:00:14 +0100] "GET /Main/NYTimes?action=edit HTTP/1.1" 403 18 "-" "Mozilla/5.0 (compatible; MJ12bot/v1.4.8; http://mj12bot.com/)"
65.21.233.213 - - [13/Nov/2022:00:00:25 +0100] "GET /Main/OpenOffice?action=edit HTTP/1.1" 403 18 "-" "Mozilla/5.0 (compatible; MJ12bot/v1.4.8; http://mj12bot.com/)"
65.21.233.213 - - [13/Nov/2022:00:00:35 +0100] "GET /Main/ParseExcel?action=edit HTTP/1.1" 403 18 "-" "Mozilla/5.0 (compatible; MJ12bot/v1.4.8; http://mj12bot.com/)"
64.71.157.115 - - [13/Nov/2022:00:00:42 +0100] "GET /pmwiki.php/Site/AllRecentChanges?action=rss HTTP/1.1" 200 2546 "-" "Feedbin feed-id:590358 - 1 subscribers"
65.21.233.213 - - [13/Nov/2022:00:00:44 +0100] "GET /Software/FlagAPD?action=edit HTTP/1.1" 403 18 "-" "Mozilla/5.0 (compatible; MJ12bot/v1.4.8; http://mj12bot.com/)"
65.21.233.213 - - [13/Nov/2022:00:00:55 +0100] "GET /Software/FlagModal?action=edit HTTP/1.1" 403 18 "-" "Mozilla/5.0 (compatible; MJ12bot/v1.4.8; http://mj12bot.com/)"
65.21.233.213 - - [13/Nov/2022:00:01:05 +0100] "GET /Software/PayPal?action=edit HTTP/1.1" 403 18 "-" "Mozilla/5.0 (compatible; MJ12bot/v1.4.8; http://mj12bot.com/)"
65.21.233.213 - - [13/Nov/2022:00:01:14 +0100] "GET /Software/ProPharma?action=edit HTTP/1.1" 403 18 "-" "Mozilla/5.0 (compatible; MJ12bot/v1.4.8; http://mj12bot.com/)"
65.21.233.213 - - [13/Nov/2022:00:01:23 +0100] "GET /Software/ProPharmaXML?action=edit HTTP/1.1" 403 18 "-" "Mozilla/5.0 (compatible; MJ12bot/v1.4.8; http://mj12bot.com/)"
65.21.233.213 - - [13/Nov/2022:00:01:34 +0100] "GET /Software/Software?action=edit HTTP/1.1" 403 18 "-" "Mozilla/5.0 (compatible; MJ12bot/v1.4.8; http://mj12bot.com/)"
65.21.233.213 - - [13/Nov/2022:00:01:44 +0100] "GET /Software/StatusCodeTypeSL?action=edit HTTP/1.1" 403 18 "-" "Mozilla/5.0 (compatible; MJ12bot/v1.4.8; http://mj12bot.com/)"
65.21.233.213 - - [13/Nov/2022:00:01:54 +0100] "GET /Software/WikiS?action=edit HTTP/1.1" 403 18 "-" "Mozilla/5.0 (compatible; MJ12bot/v1.4.8; http://mj12bot.com/)"
65.21.233.213 - - [13/Nov/2022:00:02:14 +0100] "GET /Software/XMLProPharma?action=edit HTTP/1.1" 403 18 "-" "Mozilla/5.0 (compatible; MJ12bot/v1.4.8; http://mj12bot.com/)"
65.21.233.213 - - [13/Nov/2022:00:02:24 +0100] "GET /SwissHospitalAdvisoryBoard/Mitglieder?action=edit HTTP/1.1" 403 18 "-" "Mozilla/5.0 (compatible; MJ12bot/v1.4.8; http://mj12bot.com/)"
65.21.233.213 - - [13/Nov/2022:00:02:31 +0100] "GET /Swissmedic/Index?action=edit HTTP/1.1" 403 18 "-" "Mozilla/5.0 (compatible; MJ12bot/v1.4.8; http://mj12bot.com/)"
65.21.233.213 - - [13/Nov/2022:00:02:54 +0100] "GET /Ywesee/32bitVs64bit?action=edit HTTP/1.1" 403 18 "-" "Mozilla/5.0 (compatible; MJ12bot/v1.4.8; http://mj12bot.com/)"
65.21.233.213 - - [13/Nov/2022:00:03:00 +0100] "GET /Ywesee/CH870025125183002401Z?action=edit HTTP/1.1" 403 18 "-" "Mozilla/5.0 (compatible; MJ12bot/v1.4.8; http://mj12bot.com/)"
65.21.233.213 - - [13/Nov/2022:00:03:08 +0100] "GET /Ywesee/DHCPD?action=edit HTTP/1.1" 403 18 "-" "Mozilla/5.0 (compatible; MJ12bot/v1.4.8; http://mj12bot.com/)"
65.21.233.213 - - [13/Nov/2022:00:03:16 +0100] "GET /Ywesee/Earnings?action=edit HTTP/1.1" 403 18 "-" "Mozilla/5.0 (compatible; MJ12bot/v1.4.8; http://mj12bot.com/)"
65.21.233.213 - - [13/Nov/2022:00:03:21 +0100] "GET /Ywesee/Ebps?action=edit HTTP/1.1" 403 18 "-" "Mozilla/5.0 (compatible; MJ12bot/v1.4.8; http://mj12bot.com/)"
65.21.233.213 - - [13/Nov/2022:00:03:28 +0100] "GET /Ywesee/ExecutiveSummary?action=edit HTTP/1.1" 403 18 "-" "Mozilla/5.0 (compatible; MJ12bot/v1.4.8; http://mj12bot.com/)"
65.21.233.213 - - [13/Nov/2022:00:03:37 +0100] "GET /Ywesee/Ezmlm?action=edit HTTP/1.1" 403 18 "-" "Mozilla/5.0 (compatible; MJ12bot/v1.4.8; http://mj12bot.com/)"
65.21.233.213 - - [13/Nov/2022:00:03:44 +0100] "GET /Ywesee/HealthCare?action=edit HTTP/1.1" 403 18 "-" "Mozilla/5.0 (compatible; MJ12bot/v1.4.8; http://mj12bot.com/)"
65.21.233.213 - - [13/Nov/2022:00:03:48 +0100] "GET /Ywesee/IPhone?action=edit HTTP/1.1" 403 18 "-" "Mozilla/5.0 (compatible; MJ12bot/v1.4.8; http://mj12bot.com/)"
65.21.233.213 - - [13/Nov/2022:00:03:59 +0100] "GET /Ywesee/Spam?action=edit HTTP/1.1" 403 18 "-" "Mozilla/5.0 (compatible; MJ12bot/v1.4.8; http://mj12bot.com/)"
194.209.200.2 - - [13/Nov/2022:00:04:02 +0100] "GET /robots.txt HTTP/1.1" 200 - "-" "Mozilla/5.0 (compatible; TMMBot/0.2; +http://www.dslab.ch)/Nutch-1.15"
194.209.200.2 - - [13/Nov/2022:00:04:02 +0100] "GET /Miele/MieleLXIV HTTP/1.1" 200 15367 "-" "Mozilla/5.0 (compatible; TMMBot/0.2; +http://www.dslab.ch)/Nutch-1.15"
65.21.233.213 - - [13/Nov/2022:00:04:09 +0100] "GET /Ywesee/Starred?action=edit HTTP/1.1" 403 18 "-" "Mozilla/5.0 (compatible; MJ12bot/v1.4.8; http://mj12bot.com/)"
185.191.171.44 - - [13/Nov/2022:00:04:13 +0100] "GET /Main/ForderungstabelleSpezialitaetenliste HTTP/1.1" 200 11019 "-" "Mozilla/5.0 (compatible; SemrushBot/7~bl; +http://www.semrush.com/bot.html)"
65.21.233.213 - - [13/Nov/2022:00:04:21 +0100] "GET /Ywesee/Test?action=edit HTTP/1.1" 403 18 "-" "Mozilla/5.0 (compatible; MJ12bot/v1.4.8; http://mj12bot.com/)"
65.21.233.213 - - [13/Nov/2022:00:04:30 +0100] "GET /Ywesee/USPs?action=edit HTTP/1.1" 403 18 "-" "Mozilla/5.0 (compatible; MJ12bot/v1.4.8; http://mj12bot.com/)"
65.21.233.213 - - [13/Nov/2022:00:04:39 +0100] "GET /Ywesee/WebParts?action=edit HTTP/1.1" 403 18 "-" "Mozilla/5.0 (compatible; MJ12bot/v1.4.8; http://mj12bot.com/)"
194.209.200.2 - - [13/Nov/2022:00:05:42 +0100] "GET /ODDB/IndividuelleMediliste HTTP/1.1" 200 9139 "-" "Mozilla/5.0 (compatible; TMMBot/0.2; +http://www.dslab.ch)/Nutch-1.15"
194.209.200.2 - - [13/Nov/2022:00:05:48 +0100] "GET /Main/2008 HTTP/1.1" 200 34740 "-" "Mozilla/5.0 (compatible; TMMBot/0.2; +http://www.dslab.ch)/Nutch-1.15"
194.209.200.2 - - [13/Nov/2022:00:05:57 +0100] "GET /Main/2006 HTTP/1.1" 200 39320 "-" "Mozilla/5.0 (compatible; TMMBot/0.2; +http://www.dslab.ch)/Nutch-1.15"
194.209.200.2 - - [13/Nov/2022:00:06:05 +0100] "GET /Main/2004 HTTP/1.1" 200 14080 "-" "Mozilla/5.0 (compatible; TMMBot/0.2; +http://www.dslab.ch)/Nutch-1.15"
194.209.200.2 - - [13/Nov/2022:00:06:08 +0100] "GET /Main/2017 HTTP/1.1" 200 15840 "-" "Mozilla/5.0 (compatible; TMMBot/0.2; +http://www.dslab.ch)/Nutch-1.15"
194.209.200.2 - - [13/Nov/2022:00:06:39 +0100] "GET /Ywesee/Kontakt HTTP/1.1" 200 8973 "-" "Mozilla/5.0 (compatible; TMMBot/0.2; +http://www.dslab.ch)/Nutch-1.15"
89.246.241.14 - - [13/Nov/2022:00:09:53 +0100] "GET / HTTP/1.1" 200 13748 "-" "Mozilla/5.0 (Windows NT 10.0; Win64; x64; rv:84.0) Gecko/20100101 Firefox/84.0"
194.209.200.2 - - [13/Nov/2022:00:10:20 +0100] "GET /Main/2010 HTTP/1.1" 200 27997 "-" "Mozilla/5.0 (compatible; TMMBot/0.2; +http://www.dslab.ch)/Nutch-1.15"
194.209.200.2 - - [13/Nov/2022:00:10:29 +0100] "GET /Eggze/SpreadIt HTTP/1.1" 200 12537 "-" "Mozilla/5.0 (compatible; TMMBot/0.2; +http://www.dslab.ch)/Nutch-1.15"
123.125.109.99 - - [13/Nov/2022:00:10:48 +0100] "GET / HTTP/1.1" 200 13748 "-" "Sogou web spider/4.0(+http://www.sogou.com/docs/help/webmasters.htm#07)"
185.191.171.25 - - [13/Nov/2022:00:34:52 +0100] "GET /robots.txt HTTP/1.1" 200 - "-" "Mozilla/5.0 (compatible; SemrushBot/7~bl; +http://www.semrush.com/bot.html)"
185.191.171.7 - - [13/Nov/2022:00:34:54 +0100] "GET /?sIoi4LD6w HTTP/1.1" 200 13748 "-" "Mozilla/5.0 (compatible; SemrushBot/7~bl; +http://www.semrush.com/bot.html)"
64.71.157.124 - - [13/Nov/2022:00:38:38 +0100] "GET /pmwiki.php/Site/AllRecentChanges?action=rss HTTP/1.1" 200 2546 "-" "Feedbin feed-id:590358 - 1 subscribers"
44.228.64.221 - - [13/Nov/2022:00:40:14 +0100] "GET /ODDB/InteraktionenEphaHighDDI HTTP/1.1" 200 10001 "-" "Python/3.8 aiohttp/3.8.3"
194.209.200.2 - - [13/Nov/2022:00:40:28 +0100] "GET /robots.txt HTTP/1.1" 200 - "-" "Mozilla/5.0 (compatible; TMMBot/0.2; +http://www.dslab.ch)/Nutch-1.15"
194.209.200.2 - - [13/Nov/2022:00:40:28 +0100] "GET /Miele/MieleLXIV HTTP/1.1" 200 15367 "-" "Mozilla/5.0 (compatible; TMMBot/0.2; +http://www.dslab.ch)/Nutch-1.15"
194.209.200.2 - - [13/Nov/2022:00:42:03 +0100] "GET /ODDB/IndividuelleMediliste HTTP/1.1" 200 9139 "-" "Mozilla/5.0 (compatible; TMMBot/0.2; +http://www.dslab.ch)/Nutch-1.15"
194.209.200.2 - - [13/Nov/2022:00:42:09 +0100] "GET /Main/2008 HTTP/1.1" 200 34740 "-" "Mozilla/5.0 (compatible; TMMBot/0.2; +http://www.dslab.ch)/Nutch-1.15"
194.209.200.2 - - [13/Nov/2022:00:42:18 +0100] "GET /Main/2006 HTTP/1.1" 200 39320 "-" "Mozilla/5.0 (compatible; TMMBot/0.2; +http://www.dslab.ch)/Nutch-1.15"
194.209.200.2 - - [13/Nov/2022:00:42:26 +0100] "GET /Main/2004 HTTP/1.1" 200 14080 "-" "Mozilla/5.0 (compatible; TMMBot/0.2; +http://www.dslab.ch)/Nutch-1.15"
194.209.200.2 - - [13/Nov/2022:00:42:29 +0100] "GET /Main/2017 HTTP/1.1" 200 15840 "-" "Mozilla/5.0 (compatible; TMMBot/0.2; +http://www.dslab.ch)/Nutch-1.15"
194.209.200.2 - - [13/Nov/2022:00:42:59 +0100] "GET /Ywesee/Kontakt HTTP/1.1" 200 8973 "-" "Mozilla/5.0 (compatible; TMMBot/0.2; +http://www.dslab.ch)/Nutch-1.15"
185.191.171.44 - - [13/Nov/2022:00:46:08 +0100] "GET /robots.txt HTTP/1.1" 200 - "-" "Mozilla/5.0 (compatible; SemrushBot/7~bl; +http://www.semrush.com/bot.html)"
185.191.171.44 - - [13/Nov/2022:00:46:09 +0100] "GET /CoronaVirus/Links HTTP/1.1" 200 9065 "-" "Mozilla/5.0 (compatible; SemrushBot/7~bl; +http://www.semrush.com/bot.html)"
194.209.200.2 - - [13/Nov/2022:00:46:34 +0100] "GET /Main/2010 HTTP/1.1" 200 27997 "-" "Mozilla/5.0 (compatible; TMMBot/0.2; +http://www.dslab.ch)/Nutch-1.15"
194.209.200.2 - - [13/Nov/2022:00:46:44 +0100] "GET /Eggze/SpreadIt HTTP/1.1" 200 12537 "-" "Mozilla/5.0 (compatible; TMMBot/0.2; +http://www.dslab.ch)/Nutch-1.15"
114.119.128.57 - - [13/Nov/2022:00:49:43 +0100] "GET /robots.txt HTTP/1.1" 200 - "-" "Mozilla/5.0 (compatible;PetalBot;+https://webmaster.petalsearch.com/site/petalbot)"
185.191.171.3 - - [13/Nov/2022:00:57:36 +0100] "GET /Main/MyMedi HTTP/1.1" 200 9646 "-" "Mozilla/5.0 (compatible; SemrushBot/7~bl; +http://www.semrush.com/bot.html)"
50.62.182.182 - - [13/Nov/2022:01:04:14 +0100] "GET /ywesee_database.sql.tar HTTP/1.1" 404 282 "-" "Firefox"
194.209.200.2 - - [13/Nov/2022:01:14:33 +0100] "GET /robots.txt HTTP/1.1" 200 - "-" "Mozilla/5.0 (compatible; TMMBot/0.2; +http://www.dslab.ch)/Nutch-1.15"
194.209.200.2 - - [13/Nov/2022:01:14:33 +0100] "GET /Miele/MieleLXIV HTTP/1.1" 200 15367 "-" "Mozilla/5.0 (compatible; TMMBot/0.2; +http://www.dslab.ch)/Nutch-1.15"
64.71.157.107 - - [13/Nov/2022:01:14:56 +0100] "GET /pmwiki.php/Site/AllRecentChanges?action=rss HTTP/1.1" 200 2546 "-" "Feedbin feed-id:590358 - 1 subscribers"
194.209.200.2 - - [13/Nov/2022:01:16:16 +0100] "GET /ODDB/IndividuelleMediliste HTTP/1.1" 200 9139 "-" "Mozilla/5.0 (compatible; TMMBot/0.2; +http://www.dslab.ch)/Nutch-1.15"
194.209.200.2 - - [13/Nov/2022:01:16:23 +0100] "GET /Main/2008 HTTP/1.1" 200 34740 "-" "Mozilla/5.0 (compatible; TMMBot/0.2; +http://www.dslab.ch)/Nutch-1.15"
194.209.200.2 - - [13/Nov/2022:01:16:32 +0100] "GET /Main/2006 HTTP/1.1" 200 39320 "-" "Mozilla/5.0 (compatible; TMMBot/0.2; +http://www.dslab.ch)/Nutch-1.15"
194.209.200.2 - - [13/Nov/2022:01:16:40 +0100] "GET /Main/2004 HTTP/1.1" 200 14080 "-" "Mozilla/5.0 (compatible; TMMBot/0.2; +http://www.dslab.ch)/Nutch-1.15"
194.209.200.2 - - [13/Nov/2022:01:16:43 +0100] "GET /Main/2017 HTTP/1.1" 200 15840 "-" "Mozilla/5.0 (compatible; TMMBot/0.2; +http://www.dslab.ch)/Nutch-1.15"
66.249.76.89 - - [13/Nov/2022:01:17:13 +0100] "GET /ads.txt HTTP/1.1" 404 270 "-" "Mozilla/5.0 (compatible; Googlebot/2.1; +http://www.google.com/bot.html)"
194.209.200.2 - - [13/Nov/2022:01:18:22 +0100] "GET /robots.txt HTTP/1.1" 200 - "-" "Mozilla/5.0 (compatible; TMMBot/0.2; +http://www.dslab.ch)/Nutch-1.15"
194.209.200.2 - - [13/Nov/2022:01:19:42 +0100] "GET /Ywesee/OpenSource HTTP/1.1" 200 10790 "-" "Mozilla/5.0 (compatible; TMMBot/0.2; +http://www.dslab.ch)/Nutch-1.15"
194.209.200.2 - - [13/Nov/2022:01:20:15 +0100] "GET /Main/2009 HTTP/1.1" 200 21688 "-" "Mozilla/5.0 (compatible; TMMBot/0.2; +http://www.dslab.ch)/Nutch-1.15"
194.209.200.2 - - [13/Nov/2022:01:20:31 +0100] "GET /Main/2005 HTTP/1.1" 200 63344 "-" "Mozilla/5.0 (compatible; TMMBot/0.2; +http://www.dslab.ch)/Nutch-1.15"
194.209.200.2 - - [13/Nov/2022:01:21:22 +0100] "GET /Ywesee/About HTTP/1.1" 200 9132 "-" "Mozilla/5.0 (compatible; TMMBot/0.2; +http://www.dslab.ch)/Nutch-1.15"
157.55.39.88 - - [13/Nov/2022:01:24:33 +0100] "GET / HTTP/1.1" 200 13748 "-" "Mozilla/5.0 AppleWebKit/537.36 (KHTML, like Gecko; compatible; bingbot/2.0; +http://www.bing.com/bingbot.htm) Chrome/103.0.5060.134 Safari/537.36"
119.29.2.94 - - [13/Nov/2022:01:24:50 +0100] "GET / HTTP/1.1" 200 13748 "http://www.ywesee.com" "Mozilla/5.0 (Windows NT 10.0; Win64; x64) AppleWebKit/537.36 (KHTML, like Gecko) Chrome/87.0.4280.67 Safari/537.36 Edg/87.0.664.52"
3.81.108.68 - - [13/Nov/2022:01:25:05 +0100] "GET /robots.txt HTTP/1.1" 200 - "-" "MauiBot (crawler.feedback+gamma@gmail.com)"
85.208.98.51 - - [13/Nov/2022:01:25:21 +0100] "GET /robots.txt HTTP/1.1" 200 - "-" "Mozilla/5.0 (compatible; SemrushBot-BM/1.0; +http://www.semrush.com/bot.html)"
176.61.143.76 - - [13/Nov/2022:01:26:25 +0100] "GET /pmwiki.php/Main/2005 HTTP/1.1" 200 63344 "http://www.ywesee.com" "Mozilla/5.0 (Windows NT 10.0; Win64; x64) AppleWebKit/537.36 (KHTML, like Gecko) Chrome/62.0.3202.94 Safari/537.36"
3.94.195.50 - - [13/Nov/2022:01:39:02 +0100] "GET /robots.txt HTTP/1.1" 200 - "-" "Mozilla/5.0 (Macintosh; Intel Mac OS X 10_10_1) AppleWebKit/600.2.5 (KHTML\\, like Gecko) Version/8.0.2 Safari/600.2.5 (Amazonbot/0.1; +https://developer.amazon.com/support/amazonbot)"
199.244.88.223 - - [13/Nov/2022:01:40:57 +0100] "GET / HTTP/1.1" 200 13748 "http://ywesee.org" "Mozilla/5.0 (X11; Linux x86_64) AppleWebKit/537.36 (KHTML, like Gecko) Chrome/105.0.0.0 Safari/537.36"
54.211.252.97 - - [13/Nov/2022:01:41:08 +0100] "GET /app-ads.txt HTTP/1.1" 404 274 "-" "Pixalate.com/1.0"
54.211.252.97 - - [13/Nov/2022:01:41:09 +0100] "GET /app-ads.txt HTTP/1.1" 404 270 "-" "Pixalate.com/1.0"
89.246.241.14 - - [13/Nov/2022:01:42:43 +0100] "GET /Ywesee/Team HTTP/1.1" 200 18245 "-" "Mozilla/5.0 (Windows NT 10.0; Win64; x64; rv:84.0) Gecko/20100101 Firefox/84.0"
89.117.250.55 - - [13/Nov/2022:01:48:26 +0100] "GET / HTTP/1.1" 200 13748 "-" "Mozilla/5.0 (Windows NT 6.1; Win64; x64) AppleWebKit/537.36 (KHTML, like Gecko) Chrome/103.0.0.0 Safari/537.36"
89.117.250.55 - - [13/Nov/2022:01:48:26 +0100] "GET /Ywesee/Kontakt HTTP/1.1" 200 8973 "-" "Mozilla/5.0 (Windows NT 6.1; Win64; x64) AppleWebKit/537.36 (KHTML, like Gecko) Chrome/103.0.0.0 Safari/537.36"
89.117.250.55 - - [13/Nov/2022:01:48:26 +0100] "GET /Ywesee/Kontakt?action=edit HTTP/1.1" 200 9332 "-" "Mozilla/5.0 (Windows NT 6.1; Win64; x64) AppleWebKit/537.36 (KHTML, like Gecko) Chrome/103.0.0.0 Safari/537.36"
89.117.250.55 - - [13/Nov/2022:01:48:26 +0100] "GET /Ywesee/Kontakt?action=diff HTTP/1.1" 200 36125 "-" "Mozilla/5.0 (Windows NT 6.1; Win64; x64) AppleWebKit/537.36 (KHTML, like Gecko) Chrome/103.0.0.0 Safari/537.36"
89.117.250.55 - - [13/Nov/2022:01:48:26 +0100] "GET /Ywesee/Kontakt?action=print HTTP/1.1" 200 3509 "-" "Mozilla/5.0 (Windows NT 6.1; Win64; x64) AppleWebKit/537.36 (KHTML, like Gecko) Chrome/103.0.0.0 Safari/537.36"
89.117.250.55 - - [13/Nov/2022:01:48:27 +0100] "GET /Ywesee/Kontakt?action=upload HTTP/1.1" 200 8798 "-" "Mozilla/5.0 (Windows NT 6.1; Win64; x64) AppleWebKit/537.36 (KHTML, like Gecko) Chrome/103.0.0.0 Safari/537.36"
89.117.250.55 - - [13/Nov/2022:01:48:27 +0100] "GET /Ywesee/Kontakt?n=Main.SideBar%3Faction%3Dedit HTTP/1.1" 302 157 "-" "Mozilla/5.0 (Windows NT 6.1; Win64; x64) AppleWebKit/537.36 (KHTML, like Gecko) Chrome/103.0.0.0 Safari/537.36"
89.117.250.55 - - [13/Nov/2022:01:48:27 +0100] "GET /Main/SideBar HTTP/1.1" 200 10903 "-" "Mozilla/5.0 (Windows NT 6.1; Win64; x64) AppleWebKit/537.36 (KHTML, like Gecko) Chrome/103.0.0.0 Safari/537.36"
89.117.250.55 - - [13/Nov/2022:01:48:27 +0100] "GET /Ywesee/Kontakt?action=diff&source=y&minor=n HTTP/1.1" 200 36125 "-" "Mozilla/5.0 (Windows NT 6.1; Win64; x64) AppleWebKit/537.36 (KHTML, like Gecko) Chrome/103.0.0.0 Safari/537.36"
89.117.250.55 - - [13/Nov/2022:01:48:27 +0100] "GET /Ywesee/Kontakt?action=diff&source=n&minor=y HTTP/1.1" 200 34977 "-" "Mozilla/5.0 (Windows NT 6.1; Win64; x64) AppleWebKit/537.36 (KHTML, like Gecko) Chrome/103.0.0.0 Safari/537.36"
89.117.250.55 - - [13/Nov/2022:01:48:27 +0100] "GET /Ywesee/Kontakt?action=diff&source=y&minor=y HTTP/1.1" 200 36125 "-" "Mozilla/5.0 (Windows NT 6.1; Win64; x64) AppleWebKit/537.36 (KHTML, like Gecko) Chrome/103.0.0.0 Safari/537.36"
89.117.250.55 - - [13/Nov/2022:01:48:28 +0100] "GET /Ywesee/Kontakt?action=diff&source=n&minor=n HTTP/1.1" 200 34977 "-" "Mozilla/5.0 (Windows NT 6.1; Win64; x64) AppleWebKit/537.36 (KHTML, like Gecko) Chrome/103.0.0.0 Safari/537.36"
89.117.250.55 - - [13/Nov/2022:01:48:29 +0100] "GET /Ywesee/Kontakt?action=edit&restore=diff%3A1331307727%3A1169049346%3A&preview=y HTTP/1.1" 200 9384 "-" "Mozilla/5.0 (Windows NT 6.1; Win64; x64) AppleWebKit/537.36 (KHTML, like Gecko) Chrome/103.0.0.0 Safari/537.36"
89.117.250.55 - - [13/Nov/2022:01:48:29 +0100] "GET /Ywesee/Kontakt?action=edit&restore=diff%3A1169049346%3A1169049334%3A&preview=y HTTP/1.1" 200 9384 "-" "Mozilla/5.0 (Windows NT 6.1; Win64; x64) AppleWebKit/537.36 (KHTML, like Gecko) Chrome/103.0.0.0 Safari/537.36"
89.117.250.55 - - [13/Nov/2022:01:48:29 +0100] "GET /Ywesee/Kontakt?action=edit&restore=diff%3A1169049334%3A1164151690%3A&preview=y HTTP/1.1" 200 9384 "-" "Mozilla/5.0 (Windows NT 6.1; Win64; x64) AppleWebKit/537.36 (KHTML, like Gecko) Chrome/103.0.0.0 Safari/537.36"
89.117.250.55 - - [13/Nov/2022:01:48:30 +0100] "GET /Ywesee/Kontakt?action=edit&restore=diff%3A1164151690%3A1164151619%3A&preview=y HTTP/1.1" 200 9384 "-" "Mozilla/5.0 (Windows NT 6.1; Win64; x64) AppleWebKit/537.36 (KHTML, like Gecko) Chrome/103.0.0.0 Safari/537.36"
89.117.250.55 - - [13/Nov/2022:01:48:30 +0100] "GET /Ywesee/Kontakt?action=edit&restore=diff%3A1164151619%3A1159253362%3A&preview=y HTTP/1.1" 200 9384 "-" "Mozilla/5.0 (Windows NT 6.1; Win64; x64) AppleWebKit/537.36 (KHTML, like Gecko) Chrome/103.0.0.0 Safari/537.36"
89.117.250.55 - - [13/Nov/2022:01:48:30 +0100] "GET /Ywesee/Kontakt?action=edit&restore=diff%3A1159253362%3A1159253349%3A&preview=y HTTP/1.1" 200 9384 "-" "Mozilla/5.0 (Windows NT 6.1; Win64; x64) AppleWebKit/537.36 (KHTML, like Gecko) Chrome/103.0.0.0 Safari/537.36"
89.117.250.55 - - [13/Nov/2022:01:48:30 +0100] "GET /Ywesee/Kontakt?action=edit&restore=diff%3A1159253349%3A1159253323%3A&preview=y HTTP/1.1" 200 9384 "-" "Mozilla/5.0 (Windows NT 6.1; Win64; x64) AppleWebKit/537.36 (KHTML, like Gecko) Chrome/103.0.0.0 Safari/537.36"
89.117.250.55 - - [13/Nov/2022:01:48:30 +0100] "GET /Ywesee/Kontakt?action=edit&restore=diff%3A1159253323%3A1159253293%3A&preview=y HTTP/1.1" 200 9384 "-" "Mozilla/5.0 (Windows NT 6.1; Win64; x64) AppleWebKit/537.36 (KHTML, like Gecko) Chrome/103.0.0.0 Safari/537.36"
89.117.250.55 - - [13/Nov/2022:01:48:31 +0100] "GET /Ywesee/Kontakt?action=edit&restore=diff%3A1159253293%3A1138807079%3A&preview=y HTTP/1.1" 200 9384 "-" "Mozilla/5.0 (Windows NT 6.1; Win64; x64) AppleWebKit/537.36 (KHTML, like Gecko) Chrome/103.0.0.0 Safari/537.36"
89.117.250.55 - - [13/Nov/2022:01:48:31 +0100] "GET /Ywesee/Kontakt?action=edit&restore=diff%3A1138807079%3A1138806853%3A&preview=y HTTP/1.1" 200 9384 "-" "Mozilla/5.0 (Windows NT 6.1; Win64; x64) AppleWebKit/537.36 (KHTML, like Gecko) Chrome/103.0.0.0 Safari/537.36"
89.117.250.55 - - [13/Nov/2022:01:48:31 +0100] "GET /Ywesee/Kontakt?action=edit&restore=diff%3A1138806853%3A1110192970%3A&preview=y HTTP/1.1" 200 9384 "-" "Mozilla/5.0 (Windows NT 6.1; Win64; x64) AppleWebKit/537.36 (KHTML, like Gecko) Chrome/103.0.0.0 Safari/537.36"
89.117.250.55 - - [13/Nov/2022:01:48:31 +0100] "GET /Ywesee/Kontakt?action=edit&restore=diff%3A1110192970%3A1106904335%3A&preview=y HTTP/1.1" 200 9384 "-" "Mozilla/5.0 (Windows NT 6.1; Win64; x64) AppleWebKit/537.36 (KHTML, like Gecko) Chrome/103.0.0.0 Safari/537.36"
89.117.250.55 - - [13/Nov/2022:01:48:31 +0100] "GET /Ywesee/Kontakt?action=edit&restore=diff%3A1106904335%3A1106904317%3A&preview=y HTTP/1.1" 200 9384 "-" "Mozilla/5.0 (Windows NT 6.1; Win64; x64) AppleWebKit/537.36 (KHTML, like Gecko) Chrome/103.0.0.0 Safari/537.36"
89.117.250.55 - - [13/Nov/2022:01:48:32 +0100] "GET /Ywesee/Kontakt?action=edit&restore=diff%3A1106904317%3A1106844791%3A&preview=y HTTP/1.1" 200 9384 "-" "Mozilla/5.0 (Windows NT 6.1; Win64; x64) AppleWebKit/537.36 (KHTML, like Gecko) Chrome/103.0.0.0 Safari/537.36"
89.117.250.55 - - [13/Nov/2022:01:48:32 +0100] "GET /Ywesee/Kontakt?action=edit&restore=diff%3A1106844791%3A1106844681%3A&preview=y HTTP/1.1" 200 9384 "-" "Mozilla/5.0 (Windows NT 6.1; Win64; x64) AppleWebKit/537.36 (KHTML, like Gecko) Chrome/103.0.0.0 Safari/537.36"
89.117.250.55 - - [13/Nov/2022:01:48:32 +0100] "GET /Ywesee/Kontakt?action=edit&restore=diff%3A1106844681%3A1106053454%3A&preview=y HTTP/1.1" 200 9384 "-" "Mozilla/5.0 (Windows NT 6.1; Win64; x64) AppleWebKit/537.36 (KHTML, like Gecko) Chrome/103.0.0.0 Safari/537.36"
89.117.250.55 - - [13/Nov/2022:01:48:32 +0100] "GET /Ywesee/Kontakt?action=edit&restore=diff%3A1106053454%3A1106053430%3A&preview=y HTTP/1.1" 200 9384 "-" "Mozilla/5.0 (Windows NT 6.1; Win64; x64) AppleWebKit/537.36 (KHTML, like Gecko) Chrome/103.0.0.0 Safari/537.36"
89.117.250.55 - - [13/Nov/2022:01:48:33 +0100] "GET /Ywesee/Kontakt?action=edit&restore=diff%3A1106053430%3A1106053387%3A&preview=y HTTP/1.1" 200 9384 "-" "Mozilla/5.0 (Windows NT 6.1; Win64; x64) AppleWebKit/537.36 (KHTML, like Gecko) Chrome/103.0.0.0 Safari/537.36"
89.117.250.55 - - [13/Nov/2022:01:48:34 +0100] "GET /Ywesee/Kontakt?action=edit&restore=diff%3A1106053387%3A1106053374%3A&preview=y HTTP/1.1" 200 9384 "-" "Mozilla/5.0 (Windows NT 6.1; Win64; x64) AppleWebKit/537.36 (KHTML, like Gecko) Chrome/103.0.0.0 Safari/537.36"
89.117.250.55 - - [13/Nov/2022:01:48:34 +0100] "GET /Ywesee/Kontakt?action=edit&restore=diff%3A1106053374%3A1106053361%3A&preview=y HTTP/1.1" 200 9384 "-" "Mozilla/5.0 (Windows NT 6.1; Win64; x64) AppleWebKit/537.36 (KHTML, like Gecko) Chrome/103.0.0.0 Safari/537.36"
89.117.250.55 - - [13/Nov/2022:01:48:34 +0100] "GET /Ywesee/Kontakt?action=edit&restore=diff%3A1106053361%3A1101314724%3A&preview=y HTTP/1.1" 200 9384 "-" "Mozilla/5.0 (Windows NT 6.1; Win64; x64) AppleWebKit/537.36 (KHTML, like Gecko) Chrome/103.0.0.0 Safari/537.36"
89.117.250.55 - - [13/Nov/2022:01:48:34 +0100] "GET /Ywesee/Kontakt?action=edit&restore=diff%3A1101314724%3A1098366769%3A&preview=y HTTP/1.1" 200 9384 "-" "Mozilla/5.0 (Windows NT 6.1; Win64; x64) AppleWebKit/537.36 (KHTML, like Gecko) Chrome/103.0.0.0 Safari/537.36"
89.117.250.55 - - [13/Nov/2022:01:48:34 +0100] "GET /Ywesee/Kontakt?action=edit&restore=diff%3A1098366769%3A1098366687%3A&preview=y HTTP/1.1" 200 9384 "-" "Mozilla/5.0 (Windows NT 6.1; Win64; x64) AppleWebKit/537.36 (KHTML, like Gecko) Chrome/103.0.0.0 Safari/537.36"
89.117.250.55 - - [13/Nov/2022:01:48:35 +0100] "GET /Ywesee/Kontakt?action=edit&restore=diff%3A1098366687%3A1098366654%3A&preview=y HTTP/1.1" 200 9384 "-" "Mozilla/5.0 (Windows NT 6.1; Win64; x64) AppleWebKit/537.36 (KHTML, like Gecko) Chrome/103.0.0.0 Safari/537.36"
89.117.250.55 - - [13/Nov/2022:01:48:35 +0100] "GET /Ywesee/Kontakt?action=edit&restore=diff%3A1098366654%3A1098366628%3A&preview=y HTTP/1.1" 200 9384 "-" "Mozilla/5.0 (Windows NT 6.1; Win64; x64) AppleWebKit/537.36 (KHTML, like Gecko) Chrome/103.0.0.0 Safari/537.36"
89.117.250.55 - - [13/Nov/2022:01:48:35 +0100] "GET /Ywesee/Kontakt?action=edit&restore=diff%3A1098366628%3A1098366210%3A&preview=y HTTP/1.1" 200 9384 "-" "Mozilla/5.0 (Windows NT 6.1; Win64; x64) AppleWebKit/537.36 (KHTML, like Gecko) Chrome/103.0.0.0 Safari/537.36"
89.117.250.55 - - [13/Nov/2022:01:48:35 +0100] "GET /Ywesee/Kontakt?action=edit&restore=diff%3A1098366210%3A1098366198%3A&preview=y HTTP/1.1" 200 9384 "-" "Mozilla/5.0 (Windows NT 6.1; Win64; x64) AppleWebKit/537.36 (KHTML, like Gecko) Chrome/103.0.0.0 Safari/537.36"
89.117.250.55 - - [13/Nov/2022:01:48:35 +0100] "GET /Ywesee/Kontakt?action=edit&restore=diff%3A1098366198%3A1098366159%3A&preview=y HTTP/1.1" 200 9384 "-" "Mozilla/5.0 (Windows NT 6.1; Win64; x64) AppleWebKit/537.36 (KHTML, like Gecko) Chrome/103.0.0.0 Safari/537.36"
89.117.250.55 - - [13/Nov/2022:01:48:35 +0100] "GET /Ywesee/Kontakt?action=edit&restore=diff%3A1098366159%3A1097760118%3A&preview=y HTTP/1.1" 200 9384 "-" "Mozilla/5.0 (Windows NT 6.1; Win64; x64) AppleWebKit/537.36 (KHTML, like Gecko) Chrome/103.0.0.0 Safari/537.36"
89.117.250.55 - - [13/Nov/2022:01:48:36 +0100] "GET /Ywesee/Kontakt?action=edit&restore=diff%3A1097760118%3A1097760062%3A&preview=y HTTP/1.1" 200 9384 "-" "Mozilla/5.0 (Windows NT 6.1; Win64; x64) AppleWebKit/537.36 (KHTML, like Gecko) Chrome/103.0.0.0 Safari/537.36"
89.117.250.55 - - [13/Nov/2022:01:48:36 +0100] "GET /Ywesee/Kontakt?action=edit&restore=diff%3A1097760062%3A1097760051%3A&preview=y HTTP/1.1" 200 9384 "-" "Mozilla/5.0 (Windows NT 6.1; Win64; x64) AppleWebKit/537.36 (KHTML, like Gecko) Chrome/103.0.0.0 Safari/537.36"
89.117.250.55 - - [13/Nov/2022:01:48:36 +0100] "GET /Ywesee/Kontakt?action=edit&restore=diff%3A1097760051%3A1097759997%3A&preview=y HTTP/1.1" 200 9384 "-" "Mozilla/5.0 (Windows NT 6.1; Win64; x64) AppleWebKit/537.36 (KHTML, like Gecko) Chrome/103.0.0.0 Safari/537.36"
89.117.250.55 - - [13/Nov/2022:01:48:36 +0100] "GET /Ywesee/Kontakt?action=edit&restore=diff%3A1097759997%3A1097759983%3A&preview=y HTTP/1.1" 200 9384 "-" "Mozilla/5.0 (Windows NT 6.1; Win64; x64) AppleWebKit/537.36 (KHTML, like Gecko) Chrome/103.0.0.0 Safari/537.36"
89.117.250.55 - - [13/Nov/2022:01:48:37 +0100] "GET /Ywesee/Kontakt?action=edit&restore=diff%3A1097759983%3A1097759951%3A&preview=y HTTP/1.1" 200 9384 "-" "Mozilla/5.0 (Windows NT 6.1; Win64; x64) AppleWebKit/537.36 (KHTML, like Gecko) Chrome/103.0.0.0 Safari/537.36"
89.117.250.55 - - [13/Nov/2022:01:48:37 +0100] "GET /Ywesee/Kontakt?action=edit&restore=diff%3A1097759951%3A1097759561%3A&preview=y HTTP/1.1" 200 9384 "-" "Mozilla/5.0 (Windows NT 6.1; Win64; x64) AppleWebKit/537.36 (KHTML, like Gecko) Chrome/103.0.0.0 Safari/537.36"
89.117.250.55 - - [13/Nov/2022:01:48:37 +0100] "GET /Ywesee/Kontakt?action=edit&restore=diff%3A1097759561%3A1097759561%3A&preview=y HTTP/1.1" 200 9384 "-" "Mozilla/5.0 (Windows NT 6.1; Win64; x64) AppleWebKit/537.36 (KHTML, like Gecko) Chrome/103.0.0.0 Safari/537.36"
89.117.250.55 - - [13/Nov/2022:01:48:37 +0100] "GET /Ywesee HTTP/1.1" 302 158 "-" "Mozilla/5.0 (Windows NT 6.1; Win64; x64) AppleWebKit/537.36 (KHTML, like Gecko) Chrome/103.0.0.0 Safari/537.36"
89.117.250.55 - - [13/Nov/2022:01:48:37 +0100] "GET /Ywesee/Ywesee HTTP/1.1" 200 8441 "-" "Mozilla/5.0 (Windows NT 6.1; Win64; x64) AppleWebKit/537.36 (KHTML, like Gecko) Chrome/103.0.0.0 Safari/537.36"
89.117.250.55 - - [13/Nov/2022:01:48:37 +0100] "GET /pmwiki.php?n=Software.WikiS HTTP/1.1" 200 10036 "-" "Mozilla/5.0 (Windows NT 6.1; Win64; x64) AppleWebKit/537.36 (KHTML, like Gecko) Chrome/103.0.0.0 Safari/537.36"
89.117.250.55 - - [13/Nov/2022:01:48:38 +0100] "GET /Main/Home HTTP/1.1" 200 13748 "-" "Mozilla/5.0 (Windows NT 6.1; Win64; x64) AppleWebKit/537.36 (KHTML, like Gecko) Chrome/103.0.0.0 Safari/537.36"
89.117.250.55 - - [13/Nov/2022:01:48:39 +0100] "GET /AmiKo/Web HTTP/1.1" 200 9588 "-" "Mozilla/5.0 (Windows NT 6.1; Win64; x64) AppleWebKit/537.36 (KHTML, like Gecko) Chrome/103.0.0.0 Safari/537.36"
89.117.250.55 - - [13/Nov/2022:01:48:39 +0100] "GET /AmiKo/IOS HTTP/1.1" 200 11930 "-" "Mozilla/5.0 (Windows NT 6.1; Win64; x64) AppleWebKit/537.36 (KHTML, like Gecko) Chrome/103.0.0.0 Safari/537.36"
89.117.250.55 - - [13/Nov/2022:01:48:39 +0100] "GET /AmiKo/OSX HTTP/1.1" 200 9772 "-" "Mozilla/5.0 (Windows NT 6.1; Win64; x64) AppleWebKit/537.36 (KHTML, like Gecko) Chrome/103.0.0.0 Safari/537.36"
89.117.250.55 - - [13/Nov/2022:01:48:39 +0100] "GET /Main/2021 HTTP/1.1" 200 16484 "-" "Mozilla/5.0 (Windows NT 6.1; Win64; x64) AppleWebKit/537.36 (KHTML, like Gecko) Chrome/103.0.0.0 Safari/537.36"
89.117.250.55 - - [13/Nov/2022:01:48:40 +0100] "GET /Main/2020 HTTP/1.1" 200 15398 "-" "Mozilla/5.0 (Windows NT 6.1; Win64; x64) AppleWebKit/537.36 (KHTML, like Gecko) Chrome/103.0.0.0 Safari/537.36"
89.117.250.55 - - [13/Nov/2022:01:48:40 +0100] "GET /Main/2019 HTTP/1.1" 200 15246 "-" "Mozilla/5.0 (Windows NT 6.1; Win64; x64) AppleWebKit/537.36 (KHTML, like Gecko) Chrome/103.0.0.0 Safari/537.36"
89.117.250.55 - - [13/Nov/2022:01:48:40 +0100] "GET /Main/2018 HTTP/1.1" 200 15425 "-" "Mozilla/5.0 (Windows NT 6.1; Win64; x64) AppleWebKit/537.36 (KHTML, like Gecko) Chrome/103.0.0.0 Safari/537.36"
89.117.250.55 - - [13/Nov/2022:01:48:40 +0100] "GET /Main/2017 HTTP/1.1" 200 15840 "-" "Mozilla/5.0 (Windows NT 6.1; Win64; x64) AppleWebKit/537.36 (KHTML, like Gecko) Chrome/103.0.0.0 Safari/537.36"
89.117.250.55 - - [13/Nov/2022:01:48:40 +0100] "GET /Main/2016 HTTP/1.1" 200 13689 "-" "Mozilla/5.0 (Windows NT 6.1; Win64; x64) AppleWebKit/537.36 (KHTML, like Gecko) Chrome/103.0.0.0 Safari/537.36"
89.117.250.55 - - [13/Nov/2022:01:48:41 +0100] "GET /Main/2015 HTTP/1.1" 200 15908 "-" "Mozilla/5.0 (Windows NT 6.1; Win64; x64) AppleWebKit/537.36 (KHTML, like Gecko) Chrome/103.0.0.0 Safari/537.36"
89.117.250.55 - - [13/Nov/2022:01:48:42 +0100] "GET /Main/2014 HTTP/1.1" 200 19471 "-" "Mozilla/5.0 (Windows NT 6.1; Win64; x64) AppleWebKit/537.36 (KHTML, like Gecko) Chrome/103.0.0.0 Safari/537.36"
89.117.250.55 - - [13/Nov/2022:01:48:42 +0100] "GET /Main/2013 HTTP/1.1" 200 20487 "-" "Mozilla/5.0 (Windows NT 6.1; Win64; x64) AppleWebKit/537.36 (KHTML, like Gecko) Chrome/103.0.0.0 Safari/537.36"
89.117.250.55 - - [13/Nov/2022:01:48:42 +0100] "GET /Main/2012 HTTP/1.1" 200 31941 "-" "Mozilla/5.0 (Windows NT 6.1; Win64; x64) AppleWebKit/537.36 (KHTML, like Gecko) Chrome/103.0.0.0 Safari/537.36"
89.117.250.55 - - [13/Nov/2022:01:48:43 +0100] "GET /Main/2011 HTTP/1.1" 200 21451 "-" "Mozilla/5.0 (Windows NT 6.1; Win64; x64) AppleWebKit/537.36 (KHTML, like Gecko) Chrome/103.0.0.0 Safari/537.36"
89.117.250.55 - - [13/Nov/2022:01:48:43 +0100] "GET /Main/2010 HTTP/1.1" 200 27997 "-" "Mozilla/5.0 (Windows NT 6.1; Win64; x64) AppleWebKit/537.36 (KHTML, like Gecko) Chrome/103.0.0.0 Safari/537.36"
89.117.250.55 - - [13/Nov/2022:01:48:43 +0100] "GET /Main/2009 HTTP/1.1" 200 21688 "-" "Mozilla/5.0 (Windows NT 6.1; Win64; x64) AppleWebKit/537.36 (KHTML, like Gecko) Chrome/103.0.0.0 Safari/537.36"
89.117.250.55 - - [13/Nov/2022:01:48:43 +0100] "GET /Main/2008 HTTP/1.1" 200 34740 "-" "Mozilla/5.0 (Windows NT 6.1; Win64; x64) AppleWebKit/537.36 (KHTML, like Gecko) Chrome/103.0.0.0 Safari/537.36"
89.117.250.55 - - [13/Nov/2022:01:48:44 +0100] "GET /Main/2007 HTTP/1.1" 200 50639 "-" "Mozilla/5.0 (Windows NT 6.1; Win64; x64) AppleWebKit/537.36 (KHTML, like Gecko) Chrome/103.0.0.0 Safari/537.36"
89.117.250.55 - - [13/Nov/2022:01:48:44 +0100] "GET /Main/2006 HTTP/1.1" 200 39320 "-" "Mozilla/5.0 (Windows NT 6.1; Win64; x64) AppleWebKit/537.36 (KHTML, like Gecko) Chrome/103.0.0.0 Safari/537.36"
89.117.250.55 - - [13/Nov/2022:01:48:44 +0100] "GET /Main/2005 HTTP/1.1" 200 63344 "-" "Mozilla/5.0 (Windows NT 6.1; Win64; x64) AppleWebKit/537.36 (KHTML, like Gecko) Chrome/103.0.0.0 Safari/537.36"
89.117.250.55 - - [13/Nov/2022:01:48:45 +0100] "GET /Main/2004 HTTP/1.1" 200 14080 "-" "Mozilla/5.0 (Windows NT 6.1; Win64; x64) AppleWebKit/537.36 (KHTML, like Gecko) Chrome/103.0.0.0 Safari/537.36"
89.117.250.55 - - [13/Nov/2022:01:48:45 +0100] "GET /Ywesee/Team HTTP/1.1" 200 18245 "-" "Mozilla/5.0 (Windows NT 6.1; Win64; x64) AppleWebKit/537.36 (KHTML, like Gecko) Chrome/103.0.0.0 Safari/537.36"
89.117.250.55 - - [13/Nov/2022:01:48:45 +0100] "GET /AmiKo/Linux HTTP/1.1" 200 9217 "-" "Mozilla/5.0 (Windows NT 6.1; Win64; x64) AppleWebKit/537.36 (KHTML, like Gecko) Chrome/103.0.0.0 Safari/537.36"
89.117.250.55 - - [13/Nov/2022:01:48:45 +0100] "GET /Ywesee/About HTTP/1.1" 200 9132 "-" "Mozilla/5.0 (Windows NT 6.1; Win64; x64) AppleWebKit/537.36 (KHTML, like Gecko) Chrome/103.0.0.0 Safari/537.36"
89.117.250.55 - - [13/Nov/2022:01:48:46 +0100] "GET /pmwiki.php/Ywesee/Kontakt HTTP/1.1" 200 8973 "-" "Mozilla/5.0 (Windows NT 6.1; Win64; x64) AppleWebKit/537.36 (KHTML, like Gecko) Chrome/103.0.0.0 Safari/537.36"
89.117.250.55 - - [13/Nov/2022:01:48:46 +0100] "GET /Ywesee/Events HTTP/1.1" 200 8918 "-" "Mozilla/5.0 (Windows NT 6.1; Win64; x64) AppleWebKit/537.36 (KHTML, like Gecko) Chrome/103.0.0.0 Safari/537.36"
89.117.250.55 - - [13/Nov/2022:01:48:46 +0100] "GET /AmiKo/Android HTTP/1.1" 200 10427 "-" "Mozilla/5.0 (Windows NT 6.1; Win64; x64) AppleWebKit/537.36 (KHTML, like Gecko) Chrome/103.0.0.0 Safari/537.36"
89.117.250.55 - - [13/Nov/2022:01:48:46 +0100] "GET /AmiKo/Windows HTTP/1.1" 200 10332 "-" "Mozilla/5.0 (Windows NT 6.1; Win64; x64) AppleWebKit/537.36 (KHTML, like Gecko) Chrome/103.0.0.0 Safari/537.36"
89.117.250.55 - - [13/Nov/2022:01:48:47 +0100] "GET /Software/ODDB HTTP/1.1" 200 10298 "-" "Mozilla/5.0 (Windows NT 6.1; Win64; x64) AppleWebKit/537.36 (KHTML, like Gecko) Chrome/103.0.0.0 Safari/537.36"
89.117.250.55 - - [13/Nov/2022:01:48:47 +0100] "GET /Software/BBMB HTTP/1.1" 200 9385 "-" "Mozilla/5.0 (Windows NT 6.1; Win64; x64) AppleWebKit/537.36 (KHTML, like Gecko) Chrome/103.0.0.0 Safari/537.36"
89.117.250.55 - - [13/Nov/2022:01:48:47 +0100] "GET /Software/YDIM HTTP/1.1" 200 8834 "-" "Mozilla/5.0 (Windows NT 6.1; Win64; x64) AppleWebKit/537.36 (KHTML, like Gecko) Chrome/103.0.0.0 Safari/537.36"
89.117.250.55 - - [13/Nov/2022:01:48:47 +0100] "GET /Generikacc/App HTTP/1.1" 200 11862 "-" "Mozilla/5.0 (Windows NT 6.1; Win64; x64) AppleWebKit/537.36 (KHTML, like Gecko) Chrome/103.0.0.0 Safari/537.36"
89.117.250.55 - - [13/Nov/2022:01:48:48 +0100] "GET /Oddb2xml/Index HTTP/1.1" 200 8983 "-" "Mozilla/5.0 (Windows NT 6.1; Win64; x64) AppleWebKit/537.36 (KHTML, like Gecko) Chrome/103.0.0.0 Safari/537.36"
89.117.250.55 - - [13/Nov/2022:01:48:49 +0100] "GET /Software/XMLConv HTTP/1.1" 200 8709 "-" "Mozilla/5.0 (Windows NT 6.1; Win64; x64) AppleWebKit/537.36 (KHTML, like Gecko) Chrome/103.0.0.0 Safari/537.36"
89.117.250.55 - - [13/Nov/2022:01:48:49 +0100] "GET /Ywesee/InfoCodex HTTP/1.1" 200 24435 "-" "Mozilla/5.0 (Windows NT 6.1; Win64; x64) AppleWebKit/537.36 (KHTML, like Gecko) Chrome/103.0.0.0 Safari/537.36"
89.117.250.55 - - [13/Nov/2022:01:48:49 +0100] "GET /Ywesee/OpenSource HTTP/1.1" 200 10790 "-" "Mozilla/5.0 (Windows NT 6.1; Win64; x64) AppleWebKit/537.36 (KHTML, like Gecko) Chrome/103.0.0.0 Safari/537.36"
89.117.250.55 - - [13/Nov/2022:01:48:49 +0100] "GET /ODDB/StammdatenCH HTTP/1.1" 200 9300 "-" "Mozilla/5.0 (Windows NT 6.1; Win64; x64) AppleWebKit/537.36 (KHTML, like Gecko) Chrome/103.0.0.0 Safari/537.36"
89.117.250.55 - - [13/Nov/2022:01:48:49 +0100] "GET /Main/SideBar HTTP/1.1" 200 10903 "-" "Mozilla/5.0 (Windows NT 6.1; Win64; x64) AppleWebKit/537.36 (KHTML, like Gecko) Chrome/103.0.0.0 Safari/537.36"
89.117.250.55 - - [13/Nov/2022:01:48:50 +0100] "GET /Software/Spreadsheet HTTP/1.1" 200 8839 "-" "Mozilla/5.0 (Windows NT 6.1; Win64; x64) AppleWebKit/537.36 (KHTML, like Gecko) Chrome/103.0.0.0 Safari/537.36"
89.117.250.55 - - [13/Nov/2022:01:48:50 +0100] "GET /Software/SoftwareRaid HTTP/1.1" 200 12104 "-" "Mozilla/5.0 (Windows NT 6.1; Win64; x64) AppleWebKit/537.36 (KHTML, like Gecko) Chrome/103.0.0.0 Safari/537.36"
89.117.250.55 - - [13/Nov/2022:01:48:50 +0100] "GET /Main/Home?action=edit HTTP/1.1" 200 9272 "-" "Mozilla/5.0 (Windows NT 6.1; Win64; x64) AppleWebKit/537.36 (KHTML, like Gecko) Chrome/103.0.0.0 Safari/537.36"
89.117.250.55 - - [13/Nov/2022:01:48:50 +0100] "GET /Main/Home?action=diff HTTP/1.1" 200 520605 "-" "Mozilla/5.0 (Windows NT 6.1; Win64; x64) AppleWebKit/537.36 (KHTML, like Gecko) Chrome/103.0.0.0 Safari/537.36"
89.117.250.55 - - [13/Nov/2022:01:48:51 +0100] "GET /Main/Home?action=print HTTP/1.1" 200 8559 "-" "Mozilla/5.0 (Windows NT 6.1; Win64; x64) AppleWebKit/537.36 (KHTML, like Gecko) Chrome/103.0.0.0 Safari/537.36"
89.117.250.55 - - [13/Nov/2022:01:48:51 +0100] "GET /Main/Home?action=upload HTTP/1.1" 200 8738 "-" "Mozilla/5.0 (Windows NT 6.1; Win64; x64) AppleWebKit/537.36 (KHTML, like Gecko) Chrome/103.0.0.0 Safari/537.36"
89.117.250.55 - - [13/Nov/2022:01:48:52 +0100] "GET /Main/SideBar?action=edit HTTP/1.1" 200 9310 "-" "Mozilla/5.0 (Windows NT 6.1; Win64; x64) AppleWebKit/537.36 (KHTML, like Gecko) Chrome/103.0.0.0 Safari/537.36"
89.117.250.55 - - [13/Nov/2022:01:48:52 +0100] "GET /ODDB/IndividuelleMediliste HTTP/1.1" 200 9139 "-" "Mozilla/5.0 (Windows NT 6.1; Win64; x64) AppleWebKit/537.36 (KHTML, like Gecko) Chrome/103.0.0.0 Safari/537.36"
89.117.250.55 - - [13/Nov/2022:01:48:52 +0100] "GET /Main/DocumedGalenicaVsYwesee HTTP/1.1" 200 35251 "-" "Mozilla/5.0 (Windows NT 6.1; Win64; x64) AppleWebKit/537.36 (KHTML, like Gecko) Chrome/103.0.0.0 Safari/537.36"
89.117.250.55 - - [13/Nov/2022:01:48:52 +0100] "GET /Site/AllRecentChanges?action=rss HTTP/1.1" 200 2546 "-" "Mozilla/5.0 (Windows NT 6.1; Win64; x64) AppleWebKit/537.36 (KHTML, like Gecko) Chrome/103.0.0.0 Safari/537.36"
89.117.250.55 - - [13/Nov/2022:01:48:52 +0100] "GET /Main/SideBar?action=diff HTTP/1.1" 200 33625 "-" "Mozilla/5.0 (Windows NT 6.1; Win64; x64) AppleWebKit/537.36 (KHTML, like Gecko) Chrome/103.0.0.0 Safari/537.36"
89.117.250.55 - - [13/Nov/2022:01:48:53 +0100] "GET /Main/SideBar?action=print HTTP/1.1" 200 5780 "-" "Mozilla/5.0 (Windows NT 6.1; Win64; x64) AppleWebKit/537.36 (KHTML, like Gecko) Chrome/103.0.0.0 Safari/537.36"
194.209.200.2 - - [13/Nov/2022:01:50:07 +0100] "GET /robots.txt HTTP/1.1" 200 - "-" "Mozilla/5.0 (compatible; TMMBot/0.2; +http://www.dslab.ch)/Nutch-1.15"
194.209.200.2 - - [13/Nov/2022:01:50:07 +0100] "GET /Miele/MieleLXIV HTTP/1.1" 200 15367 "-" "Mozilla/5.0 (compatible; TMMBot/0.2; +http://www.dslab.ch)/Nutch-1.15"
64.71.157.111 - - [13/Nov/2022:01:51:33 +0100] "GET /pmwiki.php/Site/AllRecentChanges?action=rss HTTP/1.1" 200 2546 "-" "Feedbin feed-id:590358 - 1 subscribers"
194.209.200.2 - - [13/Nov/2022:01:51:47 +0100] "GET /ODDB/IndividuelleMediliste HTTP/1.1" 200 9139 "-" "Mozilla/5.0 (compatible; TMMBot/0.2; +http://www.dslab.ch)/Nutch-1.15"
194.209.200.2 - - [13/Nov/2022:01:51:53 +0100] "GET /Main/2008 HTTP/1.1" 200 34740 "-" "Mozilla/5.0 (compatible; TMMBot/0.2; +http://www.dslab.ch)/Nutch-1.15"
194.209.200.2 - - [13/Nov/2022:01:52:02 +0100] "GET /Main/2006 HTTP/1.1" 200 39320 "-" "Mozilla/5.0 (compatible; TMMBot/0.2; +http://www.dslab.ch)/Nutch-1.15"
194.209.200.2 - - [13/Nov/2022:01:52:10 +0100] "GET /Main/2004 HTTP/1.1" 200 14080 "-" "Mozilla/5.0 (compatible; TMMBot/0.2; +http://www.dslab.ch)/Nutch-1.15"
194.209.200.2 - - [13/Nov/2022:01:52:13 +0100] "GET /Main/2017 HTTP/1.1" 200 15840 "-" "Mozilla/5.0 (compatible; TMMBot/0.2; +http://www.dslab.ch)/Nutch-1.15"
89.246.241.14 - - [13/Nov/2022:01:52:15 +0100] "GET /ODDB/IntegrationLookAmpFeelGenerikasuche HTTP/1.1" 200 9097 "-" "Mozilla/5.0 (Windows NT 10.0; Win64; x64; rv:84.0) Gecko/20100101 Firefox/84.0"
89.246.241.14 - - [13/Nov/2022:01:52:21 +0100] "GET /Main/Home?action=edit HTTP/1.1" 200 9272 "-" "Mozilla/5.0 (Windows NT 10.0; Win64; x64; rv:84.0) Gecko/20100101 Firefox/84.0"
194.209.200.2 - - [13/Nov/2022:01:52:46 +0100] "GET /Ywesee/Kontakt HTTP/1.1" 200 8973 "-" "Mozilla/5.0 (compatible; TMMBot/0.2; +http://www.dslab.ch)/Nutch-1.15"
194.209.200.2 - - [13/Nov/2022:01:53:50 +0100] "GET /robots.txt HTTP/1.1" 200 - "-" "Mozilla/5.0 (compatible; TMMBot/0.2; +http://www.dslab.ch)/Nutch-1.15"
194.209.200.2 - - [13/Nov/2022:01:55:08 +0100] "GET /Ywesee/OpenSource HTTP/1.1" 200 10790 "-" "Mozilla/5.0 (compatible; TMMBot/0.2; +http://www.dslab.ch)/Nutch-1.15"
194.209.200.2 - - [13/Nov/2022:01:55:41 +0100] "GET /Main/2009 HTTP/1.1" 200 21688 "-" "Mozilla/5.0 (compatible; TMMBot/0.2; +http://www.dslab.ch)/Nutch-1.15"
194.209.200.2 - - [13/Nov/2022:01:55:55 +0100] "GET /Main/2005 HTTP/1.1" 200 63344 "-" "Mozilla/5.0 (compatible; TMMBot/0.2; +http://www.dslab.ch)/Nutch-1.15"
194.209.200.2 - - [13/Nov/2022:01:56:28 +0100] "GET /Main/2010 HTTP/1.1" 200 27997 "-" "Mozilla/5.0 (compatible; TMMBot/0.2; +http://www.dslab.ch)/Nutch-1.15"
194.209.200.2 - - [13/Nov/2022:01:56:37 +0100] "GET /Eggze/SpreadIt HTTP/1.1" 200 12537 "-" "Mozilla/5.0 (compatible; TMMBot/0.2; +http://www.dslab.ch)/Nutch-1.15"
194.209.200.2 - - [13/Nov/2022:01:56:45 +0100] "GET /Ywesee/About HTTP/1.1" 200 9132 "-" "Mozilla/5.0 (compatible; TMMBot/0.2; +http://www.dslab.ch)/Nutch-1.15"
89.246.241.14 - - [13/Nov/2022:02:01:18 +0100] "GET /Ywesee/OpenSource HTTP/1.1" 200 10790 "-" "Mozilla/5.0 (Windows NT 10.0; Win64; x64; rv:84.0) Gecko/20100101 Firefox/84.0"
123.149.76.146 - - [13/Nov/2022:02:05:07 +0100] "GET /robots.txt HTTP/1.1" 200 - "-" "Mozilla/5.0 (Windows NT 10.0; Win64; x64) AppleWebKit/537.36 (KHTML, like Gecko) Chrome/92.0.4515.159 Safari/537.36"
35.203.253.74 - - [13/Nov/2022:02:09:27 +0100] "HEAD / HTTP/1.1" 200 - "-" "Mozilla/5.0 (Macintosh; Intel Mac OS X 10_15_7) AppleWebKit/537.36 (KHTML, like Gecko) Chrome/100.0.4896.60 Safari/537.36"
54.36.149.80 - - [13/Nov/2022:02:12:21 +0100] "GET /robots.txt HTTP/1.1" 200 - "-" "Mozilla/5.0 (compatible; AhrefsBot/7.0; +http://ahrefs.com/robot/)"
54.36.149.25 - - [13/Nov/2022:02:12:23 +0100] "GET / HTTP/1.1" 200 13748 "-" "Mozilla/5.0 (compatible; AhrefsBot/7.0; +http://ahrefs.com/robot/)"
89.246.241.14 - - [13/Nov/2022:02:14:59 +0100] "GET /Ywesee/Events HTTP/1.1" 200 8918 "-" "Mozilla/5.0 (Windows NT 10.0; Win64; x64; rv:84.0) Gecko/20100101 Firefox/84.0"
194.209.200.2 - - [13/Nov/2022:02:24:16 +0100] "GET /robots.txt HTTP/1.1" 200 - "-" "Mozilla/5.0 (compatible; TMMBot/0.2; +http://www.dslab.ch)/Nutch-1.15"
194.209.200.2 - - [13/Nov/2022:02:24:16 +0100] "GET /Miele/MieleLXIV HTTP/1.1" 200 15367 "-" "Mozilla/5.0 (compatible; TMMBot/0.2; +http://www.dslab.ch)/Nutch-1.15"
194.209.200.2 - - [13/Nov/2022:02:26:00 +0100] "GET /ODDB/IndividuelleMediliste HTTP/1.1" 200 9139 "-" "Mozilla/5.0 (compatible; TMMBot/0.2; +http://www.dslab.ch)/Nutch-1.15"
194.209.200.2 - - [13/Nov/2022:02:26:06 +0100] "GET /Main/2008 HTTP/1.1" 200 34740 "-" "Mozilla/5.0 (compatible; TMMBot/0.2; +http://www.dslab.ch)/Nutch-1.15"
194.209.200.2 - - [13/Nov/2022:02:26:15 +0100] "GET /Main/2006 HTTP/1.1" 200 39320 "-" "Mozilla/5.0 (compatible; TMMBot/0.2; +http://www.dslab.ch)/Nutch-1.15"
194.209.200.2 - - [13/Nov/2022:02:26:23 +0100] "GET /Main/2004 HTTP/1.1" 200 14080 "-" "Mozilla/5.0 (compatible; TMMBot/0.2; +http://www.dslab.ch)/Nutch-1.15"
194.209.200.2 - - [13/Nov/2022:02:26:26 +0100] "GET /Main/2017 HTTP/1.1" 200 15840 "-" "Mozilla/5.0 (compatible; TMMBot/0.2; +http://www.dslab.ch)/Nutch-1.15"
194.209.200.2 - - [13/Nov/2022:02:26:43 +0100] "GET /Main/2013 HTTP/1.1" 200 20487 "-" "Mozilla/5.0 (compatible; TMMBot/0.2; +http://www.dslab.ch)/Nutch-1.15"
194.209.200.2 - - [13/Nov/2022:02:26:58 +0100] "GET /Ywesee/Kontakt HTTP/1.1" 200 8973 "-" "Mozilla/5.0 (compatible; TMMBot/0.2; +http://www.dslab.ch)/Nutch-1.15"
64.71.157.123 - - [13/Nov/2022:02:27:35 +0100] "GET /pmwiki.php/Site/AllRecentChanges?action=rss HTTP/1.1" 200 2546 "-" "Feedbin feed-id:590358 - 1 subscribers"
194.209.200.2 - - [13/Nov/2022:02:28:03 +0100] "GET /robots.txt HTTP/1.1" 200 - "-" "Mozilla/5.0 (compatible; TMMBot/0.2; +http://www.dslab.ch)/Nutch-1.15"
40.77.167.56 - - [13/Nov/2022:02:28:03 +0100] "GET /Main/2007 HTTP/1.1" 200 50639 "-" "Mozilla/5.0 (compatible; bingbot/2.0; +http://www.bing.com/bingbot.htm)"
194.209.200.2 - - [13/Nov/2022:02:29:20 +0100] "GET /Ywesee/OpenSource HTTP/1.1" 200 10790 "-" "Mozilla/5.0 (compatible; TMMBot/0.2; +http://www.dslab.ch)/Nutch-1.15"
194.209.200.2 - - [13/Nov/2022:02:29:50 +0100] "GET /Main/2009 HTTP/1.1" 200 21688 "-" "Mozilla/5.0 (compatible; TMMBot/0.2; +http://www.dslab.ch)/Nutch-1.15"
194.209.200.2 - - [13/Nov/2022:02:29:57 +0100] "GET /Main/2007 HTTP/1.1" 200 50639 "-" "Mozilla/5.0 (compatible; TMMBot/0.2; +http://www.dslab.ch)/Nutch-1.15"
194.209.200.2 - - [13/Nov/2022:02:30:04 +0100] "GET /Main/2005 HTTP/1.1" 200 63344 "-" "Mozilla/5.0 (compatible; TMMBot/0.2; +http://www.dslab.ch)/Nutch-1.15"
194.209.200.2 - - [13/Nov/2022:02:30:37 +0100] "GET /Main/2010 HTTP/1.1" 200 27997 "-" "Mozilla/5.0 (compatible; TMMBot/0.2; +http://www.dslab.ch)/Nutch-1.15"
194.209.200.2 - - [13/Nov/2022:02:30:46 +0100] "GET /Eggze/SpreadIt HTTP/1.1" 200 12537 "-" "Mozilla/5.0 (compatible; TMMBot/0.2; +http://www.dslab.ch)/Nutch-1.15"
194.209.200.2 - - [13/Nov/2022:02:30:53 +0100] "GET /Ywesee/About HTTP/1.1" 200 9132 "-" "Mozilla/5.0 (compatible; TMMBot/0.2; +http://www.dslab.ch)/Nutch-1.15"
62.210.215.119 - - [13/Nov/2022:02:35:40 +0100] "GET /Site/AllRecentChanges?action=rss HTTP/1.1" 200 2546 "-" "Mozilla/5.0 (X11; Linux i686) AppleWebKit/537.36 (KHTML, like Gecko) Chrome/30.0.1599.66 Safari/537.36"
89.246.241.14 - - [13/Nov/2022:02:40:11 +0100] "GET /Software/Spreadsheet HTTP/1.1" 200 8839 "-" "Mozilla/5.0 (Windows NT 10.0; Win64; x64; rv:84.0) Gecko/20100101 Firefox/84.0"
89.246.241.14 - - [13/Nov/2022:02:40:31 +0100] "GET /Software/ODDB HTTP/1.1" 200 10298 "-" "Mozilla/5.0 (Windows NT 10.0; Win64; x64; rv:84.0) Gecko/20100101 Firefox/84.0"
77.75.79.31 - - [13/Nov/2022:02:42:16 +0100] "GET /uploads/Main/amiko_owner_report_fr.html HTTP/1.1" 304 - "-" "Mozilla/5.0 (compatible; SeznamBot/4.0-RC1; +http://napoveda.seznam.cz/seznambot-intro/)"
89.246.241.14 - - [13/Nov/2022:02:45:41 +0100] "GET /ODDB/StammdatenCH HTTP/1.1" 200 9300 "-" "Mozilla/5.0 (Windows NT 10.0; Win64; x64; rv:84.0) Gecko/20100101 Firefox/84.0"
89.246.241.14 - - [13/Nov/2022:02:46:39 +0100] "GET /Main/SideBar?action=edit HTTP/1.1" 200 9310 "-" "Mozilla/5.0 (Windows NT 10.0; Win64; x64; rv:84.0) Gecko/20100101 Firefox/84.0"
89.246.241.14 - - [13/Nov/2022:02:49:13 +0100] "GET /Software/YDIM HTTP/1.1" 200 8834 "-" "Mozilla/5.0 (Windows NT 10.0; Win64; x64; rv:84.0) Gecko/20100101 Firefox/84.0"
89.246.241.14 - - [13/Nov/2022:02:52:44 +0100] "GET /AmiKo/Index HTTP/1.1" 200 9511 "-" "Mozilla/5.0 (Windows NT 10.0; Win64; x64; rv:84.0) Gecko/20100101 Firefox/84.0"
66.249.76.87 - - [13/Nov/2022:02:53:10 +0100] "GET /de/gcc/fachinfo/reg/65579 HTTP/1.1" 404 288 "-" "Mozilla/5.0 (compatible; Googlebot/2.1; +http://www.google.com/bot.html)"
194.209.200.2 - - [13/Nov/2022:02:58:33 +0100] "GET /robots.txt HTTP/1.1" 200 - "-" "Mozilla/5.0 (compatible; TMMBot/0.2; +http://www.dslab.ch)/Nutch-1.15"
194.209.200.2 - - [13/Nov/2022:02:58:33 +0100] "GET /Miele/MieleLXIV HTTP/1.1" 200 15367 "-" "Mozilla/5.0 (compatible; TMMBot/0.2; +http://www.dslab.ch)/Nutch-1.15"
194.110.203.39 - - [13/Nov/2022:02:59:30 +0100] "GET /ywesee-database.sql.tar HTTP/1.1" 404 282 "-" "Firefox"
194.209.200.2 - - [13/Nov/2022:03:00:14 +0100] "GET /ODDB/IndividuelleMediliste HTTP/1.1" 200 9139 "-" "Mozilla/5.0 (compatible; TMMBot/0.2; +http://www.dslab.ch)/Nutch-1.15"
194.209.200.2 - - [13/Nov/2022:03:00:21 +0100] "GET /Main/2008 HTTP/1.1" 200 34740 "-" "Mozilla/5.0 (compatible; TMMBot/0.2; +http://www.dslab.ch)/Nutch-1.15"
89.246.241.14 - - [13/Nov/2022:03:00:21 +0100] "GET /Main/DocumedGalenicaVsYwesee HTTP/1.1" 200 35251 "-" "Mozilla/5.0 (Windows NT 10.0; Win64; x64; rv:84.0) Gecko/20100101 Firefox/84.0"
194.209.200.2 - - [13/Nov/2022:03:00:30 +0100] "GET /Main/2006 HTTP/1.1" 200 39320 "-" "Mozilla/5.0 (compatible; TMMBot/0.2; +http://www.dslab.ch)/Nutch-1.15"
89.246.241.14 - - [13/Nov/2022:03:00:33 +0100] "GET /Main/DocumedGalenicaVsYwesee?action=edit HTTP/1.1" 200 9519 "-" "Mozilla/5.0 (Windows NT 10.0; Win64; x64; rv:84.0) Gecko/20100101 Firefox/84.0"
89.246.241.14 - - [13/Nov/2022:03:00:38 +0100] "GET /Main/DocumedGalenicaVsYwesee?n=Main.SideBar?action=edit HTTP/1.1" 200 9341 "-" "Mozilla/5.0 (Windows NT 10.0; Win64; x64; rv:84.0) Gecko/20100101 Firefox/84.0"
194.209.200.2 - - [13/Nov/2022:03:00:38 +0100] "GET /Main/2004 HTTP/1.1" 200 14080 "-" "Mozilla/5.0 (compatible; TMMBot/0.2; +http://www.dslab.ch)/Nutch-1.15"
194.209.200.2 - - [13/Nov/2022:03:00:41 +0100] "GET /Main/2017 HTTP/1.1" 200 15840 "-" "Mozilla/5.0 (compatible; TMMBot/0.2; +http://www.dslab.ch)/Nutch-1.15"
89.246.241.14 - - [13/Nov/2022:03:00:43 +0100] "GET /Main/DocumedGalenicaVsYwesee?action=upload HTTP/1.1" 200 8985 "-" "Mozilla/5.0 (Windows NT 10.0; Win64; x64; rv:84.0) Gecko/20100101 Firefox/84.0"
89.246.241.14 - - [13/Nov/2022:03:00:48 +0100] "GET /Main/DocumedGalenicaVsYwesee?action=print HTTP/1.1" 200 29761 "-" "Mozilla/5.0 (Windows NT 10.0; Win64; x64; rv:84.0) Gecko/20100101 Firefox/84.0"
89.246.241.14 - - [13/Nov/2022:03:00:54 +0100] "GET /Main/DocumedGalenicaVsYwesee?action=diff HTTP/1.1" 200 116300 "-" "Mozilla/5.0 (Windows NT 10.0; Win64; x64; rv:84.0) Gecko/20100101 Firefox/84.0"
194.209.200.2 - - [13/Nov/2022:03:01:00 +0100] "GET /Main/2013 HTTP/1.1" 200 20487 "-" "Mozilla/5.0 (compatible; TMMBot/0.2; +http://www.dslab.ch)/Nutch-1.15"
194.209.200.2 - - [13/Nov/2022:03:01:16 +0100] "GET /Ywesee/Kontakt HTTP/1.1" 200 8973 "-" "Mozilla/5.0 (compatible; TMMBot/0.2; +http://www.dslab.ch)/Nutch-1.15"
194.209.200.2 - - [13/Nov/2022:03:02:25 +0100] "GET /robots.txt HTTP/1.1" 200 - "-" "Mozilla/5.0 (compatible; TMMBot/0.2; +http://www.dslab.ch)/Nutch-1.15"
64.71.157.113 - - [13/Nov/2022:03:02:36 +0100] "GET /pmwiki.php/Site/AllRecentChanges?action=rss HTTP/1.1" 200 2546 "-" "Feedbin feed-id:590358 - 1 subscribers"
194.209.200.2 - - [13/Nov/2022:03:03:48 +0100] "GET /Ywesee/OpenSource HTTP/1.1" 200 10790 "-" "Mozilla/5.0 (compatible; TMMBot/0.2; +http://www.dslab.ch)/Nutch-1.15"
194.209.200.2 - - [13/Nov/2022:03:04:21 +0100] "GET /Main/2009 HTTP/1.1" 200 21688 "-" "Mozilla/5.0 (compatible; TMMBot/0.2; +http://www.dslab.ch)/Nutch-1.15"
194.209.200.2 - - [13/Nov/2022:03:04:29 +0100] "GET /Main/2007 HTTP/1.1" 200 50639 "-" "Mozilla/5.0 (compatible; TMMBot/0.2; +http://www.dslab.ch)/Nutch-1.15"
