194.209.200.2 - - [13/Nov/2022:03:04:36 +0100] "GET /Main/2005 HTTP/1.1" 200 63344 "-" "Mozilla/5.0 (compatible; TMMBot/0.2; +http://www.dslab.ch)/Nutch-1.15"
194.209.200.2 - - [13/Nov/2022:03:05:11 +0100] "GET /Main/2010 HTTP/1.1" 200 27997 "-" "Mozilla/5.0 (compatible; TMMBot/0.2; +http://www.dslab.ch)/Nutch-1.15"
194.209.200.2 - - [13/Nov/2022:03:05:20 +0100] "GET /Eggze/SpreadIt HTTP/1.1" 200 12537 "-" "Mozilla/5.0 (compatible; TMMBot/0.2; +http://www.dslab.ch)/Nutch-1.15"
194.209.200.2 - - [13/Nov/2022:03:05:29 +0100] "GET /Ywesee/About HTTP/1.1" 200 9132 "-" "Mozilla/5.0 (compatible; TMMBot/0.2; +http://www.dslab.ch)/Nutch-1.15"
89.246.241.14 - - [13/Nov/2022:03:06:19 +0100] "GET /AmiKo/OSX HTTP/1.1" 200 9772 "-" "Mozilla/5.0 (Windows NT 10.0; Win64; x64; rv:84.0) Gecko/20100101 Firefox/84.0"
54.84.192.51 - - [13/Nov/2022:03:06:49 +0100] "GET /keybase.txt HTTP/1.1" 200 2659 "-" "keybase-proofs/2.3.24"
89.246.241.14 - - [13/Nov/2022:03:06:56 +0100] "GET /Generikacc/App HTTP/1.1" 200 11862 "-" "Mozilla/5.0 (Windows NT 10.0; Win64; x64; rv:84.0) Gecko/20100101 Firefox/84.0"
89.246.241.14 - - [13/Nov/2022:03:10:22 +0100] "GET /CoMed/ASPP HTTP/1.1" 200 13118 "-" "Mozilla/5.0 (Windows NT 10.0; Win64; x64; rv:84.0) Gecko/20100101 Firefox/84.0"
89.246.241.14 - - [13/Nov/2022:03:10:59 +0100] "GET /Software/BBMB HTTP/1.1" 200 9385 "-" "Mozilla/5.0 (Windows NT 10.0; Win64; x64; rv:84.0) Gecko/20100101 Firefox/84.0"
20.24.118.117 - - [13/Nov/2022:03:27:01 +0100] "GET /e/data/js/ajax.js HTTP/1.1" 404 276 "-" "Mozilla/5.0 (Windows NT 10.0; WOW64; rv:48.0) Gecko/20100101 Firefox/48.0"
51.222.253.14 - - [13/Nov/2022:03:29:43 +0100] "GET /robots.txt HTTP/1.1" 200 - "-" "Mozilla/5.0 (compatible; AhrefsBot/7.0; +http://ahrefs.com/robot/)"
50.17.79.247 - - [13/Nov/2022:03:30:28 +0100] "GET /Site/AllRecentChanges?action=rss HTTP/1.1" 200 2546 "https://www.google.com/" "Mozilla/5.0 (Macintosh; Intel Mac OS X 10.14; rv:73.0) Gecko/20100101 Firefox/73.0"
34.78.117.109 - - [13/Nov/2022:03:30:31 +0100] "HEAD / HTTP/1.1" 200 - "-" "Apache-HttpClient/4.5.5 (Java/11.0.9)"
89.246.241.14 - - [13/Nov/2022:03:31:09 +0100] "GET /uploads/Main/amiko_owner_report_fr.html HTTP/1.1" 200 6637 "-" "Mozilla/5.0 (Windows NT 10.0; Win64; x64; rv:84.0) Gecko/20100101 Firefox/84.0"
89.246.241.14 - - [13/Nov/2022:03:32:57 +0100] "GET /AmiKo/IOS HTTP/1.1" 200 11930 "-" "Mozilla/5.0 (Windows NT 10.0; Win64; x64; rv:84.0) Gecko/20100101 Firefox/84.0"
123.125.109.119 - - [13/Nov/2022:03:36:32 +0100] "GET / HTTP/1.1" 200 13748 "-" "Sogou web spider/4.0(+http://www.sogou.com/docs/help/webmasters.htm#07)"
64.71.157.115 - - [13/Nov/2022:03:37:28 +0100] "GET /pmwiki.php/Site/AllRecentChanges?action=rss HTTP/1.1" 200 2546 "-" "Feedbin feed-id:590358 - 1 subscribers"
194.209.200.2 - - [13/Nov/2022:03:45:08 +0100] "GET /robots.txt HTTP/1.1" 200 - "-" "Mozilla/5.0 (compatible; TMMBot/0.2; +http://www.dslab.ch)/Nutch-1.15"
194.209.200.2 - - [13/Nov/2022:03:45:09 +0100] "GET /Miele/MieleLXIV HTTP/1.1" 200 15367 "-" "Mozilla/5.0 (compatible; TMMBot/0.2; +http://www.dslab.ch)/Nutch-1.15"
194.209.200.2 - - [13/Nov/2022:03:47:47 +0100] "GET /ODDB/IndividuelleMediliste HTTP/1.1" 200 9139 "-" "Mozilla/5.0 (compatible; TMMBot/0.2; +http://www.dslab.ch)/Nutch-1.15"
194.209.200.2 - - [13/Nov/2022:03:47:55 +0100] "GET /Main/2008 HTTP/1.1" 200 34740 "-" "Mozilla/5.0 (compatible; TMMBot/0.2; +http://www.dslab.ch)/Nutch-1.15"
194.209.200.2 - - [13/Nov/2022:03:48:05 +0100] "GET /Main/2006 HTTP/1.1" 200 39320 "-" "Mozilla/5.0 (compatible; TMMBot/0.2; +http://www.dslab.ch)/Nutch-1.15"
194.209.200.2 - - [13/Nov/2022:03:48:17 +0100] "GET /Main/2004 HTTP/1.1" 200 14080 "-" "Mozilla/5.0 (compatible; TMMBot/0.2; +http://www.dslab.ch)/Nutch-1.15"
194.209.200.2 - - [13/Nov/2022:03:48:22 +0100] "GET /Main/2017 HTTP/1.1" 200 15840 "-" "Mozilla/5.0 (compatible; TMMBot/0.2; +http://www.dslab.ch)/Nutch-1.15"
194.209.200.2 - - [13/Nov/2022:03:49:14 +0100] "GET /Ywesee/Kontakt HTTP/1.1" 200 8973 "-" "Mozilla/5.0 (compatible; TMMBot/0.2; +http://www.dslab.ch)/Nutch-1.15"
194.209.200.2 - - [13/Nov/2022:03:51:10 +0100] "GET /robots.txt HTTP/1.1" 200 - "-" "Mozilla/5.0 (compatible; TMMBot/0.2; +http://www.dslab.ch)/Nutch-1.15"
89.246.241.14 - - [13/Nov/2022:03:51:37 +0100] "GET /Main/Home?n=Main.SideBar?action=edit HTTP/1.1" 200 9322 "-" "Mozilla/5.0 (Windows NT 10.0; Win64; x64; rv:84.0) Gecko/20100101 Firefox/84.0"
194.209.200.2 - - [13/Nov/2022:03:52:49 +0100] "GET /Ywesee/OpenSource HTTP/1.1" 200 10790 "-" "Mozilla/5.0 (compatible; TMMBot/0.2; +http://www.dslab.ch)/Nutch-1.15"
194.209.200.2 - - [13/Nov/2022:03:53:25 +0100] "GET /Main/2009 HTTP/1.1" 200 21688 "-" "Mozilla/5.0 (compatible; TMMBot/0.2; +http://www.dslab.ch)/Nutch-1.15"
194.209.200.2 - - [13/Nov/2022:03:53:44 +0100] "GET /Main/2005 HTTP/1.1" 200 63344 "-" "Mozilla/5.0 (compatible; TMMBot/0.2; +http://www.dslab.ch)/Nutch-1.15"
194.209.200.2 - - [13/Nov/2022:03:54:25 +0100] "GET /ODDB/IntegrationLookAmpFeelGenerikasuche HTTP/1.1" 200 9097 "-" "Mozilla/5.0 (compatible; TMMBot/0.2; +http://www.dslab.ch)/Nutch-1.15"
194.209.200.2 - - [13/Nov/2022:03:54:27 +0100] "GET /Main/2010 HTTP/1.1" 200 27997 "-" "Mozilla/5.0 (compatible; TMMBot/0.2; +http://www.dslab.ch)/Nutch-1.15"
194.209.200.2 - - [13/Nov/2022:03:54:38 +0100] "GET /Eggze/SpreadIt HTTP/1.1" 200 12537 "-" "Mozilla/5.0 (compatible; TMMBot/0.2; +http://www.dslab.ch)/Nutch-1.15"
194.209.200.2 - - [13/Nov/2022:03:54:51 +0100] "GET /Ywesee/About HTTP/1.1" 200 9132 "-" "Mozilla/5.0 (compatible; TMMBot/0.2; +http://www.dslab.ch)/Nutch-1.15"
49.7.20.101 - - [13/Nov/2022:03:57:18 +0100] "GET / HTTP/1.1" 200 13748 "-" "Sogou web spider/4.0(+http://www.sogou.com/docs/help/webmasters.htm#07)"
180.163.220.41 - - [13/Nov/2022:04:11:43 +0100] "GET / HTTP/1.1" 200 13748 "https://ywesee.com/" "Mozilla/5.0 (Windows NT 6.1; WOW64) AppleWebKit/537.36 (KHTML, like Gecko) Chrome/50.0.2661.102 Safari/537.36; 360Spider"
64.71.157.126 - - [13/Nov/2022:04:13:44 +0100] "GET /pmwiki.php/Site/AllRecentChanges?action=rss HTTP/1.1" 200 2546 "-" "Feedbin feed-id:590358 - 1 subscribers"
89.246.241.14 - - [13/Nov/2022:04:19:56 +0100] "GET /Main/Home?action=print HTTP/1.1" 200 8559 "-" "Mozilla/5.0 (Windows NT 10.0; Win64; x64; rv:84.0) Gecko/20100101 Firefox/84.0"
194.209.200.2 - - [13/Nov/2022:04:26:32 +0100] "GET /robots.txt HTTP/1.1" 200 - "-" "Mozilla/5.0 (compatible; TMMBot/0.2; +http://www.dslab.ch)/Nutch-1.15"
194.209.200.2 - - [13/Nov/2022:04:26:32 +0100] "GET /Miele/MieleLXIV HTTP/1.1" 200 15367 "-" "Mozilla/5.0 (compatible; TMMBot/0.2; +http://www.dslab.ch)/Nutch-1.15"
40.77.167.7 - - [13/Nov/2022:04:26:39 +0100] "GET /Refdata/LoeschungFelder HTTP/1.1" 200 9814 "-" "Mozilla/5.0 AppleWebKit/537.36 (KHTML, like Gecko; compatible; bingbot/2.0; +http://www.bing.com/bingbot.htm) Chrome/103.0.5060.134 Safari/537.36"
194.209.200.2 - - [13/Nov/2022:04:28:15 +0100] "GET /ODDB/IndividuelleMediliste HTTP/1.1" 200 9139 "-" "Mozilla/5.0 (compatible; TMMBot/0.2; +http://www.dslab.ch)/Nutch-1.15"
194.209.200.2 - - [13/Nov/2022:04:28:24 +0100] "GET /Main/2008 HTTP/1.1" 200 34740 "-" "Mozilla/5.0 (compatible; TMMBot/0.2; +http://www.dslab.ch)/Nutch-1.15"
194.209.200.2 - - [13/Nov/2022:04:28:32 +0100] "GET /Main/2006 HTTP/1.1" 200 39320 "-" "Mozilla/5.0 (compatible; TMMBot/0.2; +http://www.dslab.ch)/Nutch-1.15"
194.209.200.2 - - [13/Nov/2022:04:28:41 +0100] "GET /Main/2004 HTTP/1.1" 200 14080 "-" "Mozilla/5.0 (compatible; TMMBot/0.2; +http://www.dslab.ch)/Nutch-1.15"
194.209.200.2 - - [13/Nov/2022:04:28:44 +0100] "GET /Main/2017 HTTP/1.1" 200 15840 "-" "Mozilla/5.0 (compatible; TMMBot/0.2; +http://www.dslab.ch)/Nutch-1.15"
194.209.200.2 - - [13/Nov/2022:04:29:17 +0100] "GET /Ywesee/Kontakt HTTP/1.1" 200 8973 "-" "Mozilla/5.0 (compatible; TMMBot/0.2; +http://www.dslab.ch)/Nutch-1.15"
194.209.200.2 - - [13/Nov/2022:04:30:27 +0100] "GET /robots.txt HTTP/1.1" 200 - "-" "Mozilla/5.0 (compatible; TMMBot/0.2; +http://www.dslab.ch)/Nutch-1.15"
194.209.200.2 - - [13/Nov/2022:04:31:53 +0100] "GET /Ywesee/OpenSource HTTP/1.1" 200 10790 "-" "Mozilla/5.0 (compatible; TMMBot/0.2; +http://www.dslab.ch)/Nutch-1.15"
194.209.200.2 - - [13/Nov/2022:04:32:26 +0100] "GET /Main/2009 HTTP/1.1" 200 21688 "-" "Mozilla/5.0 (compatible; TMMBot/0.2; +http://www.dslab.ch)/Nutch-1.15"
194.209.200.2 - - [13/Nov/2022:04:32:33 +0100] "GET /Main/2007 HTTP/1.1" 200 50639 "-" "Mozilla/5.0 (compatible; TMMBot/0.2; +http://www.dslab.ch)/Nutch-1.15"
194.209.200.2 - - [13/Nov/2022:04:32:40 +0100] "GET /Main/2005 HTTP/1.1" 200 63344 "-" "Mozilla/5.0 (compatible; TMMBot/0.2; +http://www.dslab.ch)/Nutch-1.15"
194.209.200.2 - - [13/Nov/2022:04:33:12 +0100] "GET /Main/2010 HTTP/1.1" 200 27997 "-" "Mozilla/5.0 (compatible; TMMBot/0.2; +http://www.dslab.ch)/Nutch-1.15"
194.209.200.2 - - [13/Nov/2022:04:33:21 +0100] "GET /Eggze/SpreadIt HTTP/1.1" 200 12537 "-" "Mozilla/5.0 (compatible; TMMBot/0.2; +http://www.dslab.ch)/Nutch-1.15"
194.209.200.2 - - [13/Nov/2022:04:33:29 +0100] "GET /Ywesee/About HTTP/1.1" 200 9132 "-" "Mozilla/5.0 (compatible; TMMBot/0.2; +http://www.dslab.ch)/Nutch-1.15"
89.246.241.14 - - [13/Nov/2022:04:33:50 +0100] "GET /Miele/MieleLXIV HTTP/1.1" 200 15367 "-" "Mozilla/5.0 (Windows NT 10.0; Win64; x64; rv:84.0) Gecko/20100101 Firefox/84.0"
89.246.241.14 - - [13/Nov/2022:04:34:18 +0100] "GET /AmiKo/Web HTTP/1.1" 200 9588 "-" "Mozilla/5.0 (Windows NT 10.0; Win64; x64; rv:84.0) Gecko/20100101 Firefox/84.0"
207.46.13.25 - - [13/Nov/2022:04:36:09 +0100] "GET /uploads/Main/An_Bangerter_8.4.2005.txt HTTP/1.1" 200 4800 "-" "Mozilla/5.0 (compatible; bingbot/2.0; +http://www.bing.com/bingbot.htm)"
89.246.241.14 - - [13/Nov/2022:04:36:14 +0100] "GET /uploads/Main/Google_BERT_InfoCodex.pdf HTTP/1.1" 200 40002 "-" "Mozilla/5.0 (Windows NT 10.0; Win64; x64; rv:84.0) Gecko/20100101 Firefox/84.0"
5.3.164.153 - - [13/Nov/2022:04:36:54 +0100] "GET /apple-app-site-association HTTP/1.1" 404 285 "-" "Mozilla/5.0 (Windows NT 6.1; WOW64; rv:40.0) Gecko/20100101 Firefox/40.1"
5.3.164.153 - - [13/Nov/2022:04:36:54 +0100] "GET /apple-app-site-association HTTP/1.1" 404 285 "-" "Mozilla/5.0 (Windows NT 6.1; WOW64; rv:40.0) Gecko/20100101 Firefox/40.1"
5.3.164.153 - - [13/Nov/2022:04:36:54 +0100] "GET /apple-app-site-association HTTP/1.1" 404 285 "-" "Mozilla/5.0 (Windows NT 6.1; WOW64; rv:40.0) Gecko/20100101 Firefox/40.1"
5.3.164.153 - - [13/Nov/2022:04:36:56 +0100] "GET /.well-known/apple-app-site-association HTTP/1.1" 404 297 "-" "Mozilla/5.0 (Windows NT 6.1; WOW64; rv:40.0) Gecko/20100101 Firefox/40.1"
5.3.164.153 - - [13/Nov/2022:04:36:56 +0100] "GET /.well-known/apple-app-site-association HTTP/1.1" 404 297 "-" "Mozilla/5.0 (Windows NT 6.1; WOW64; rv:40.0) Gecko/20100101 Firefox/40.1"
5.3.164.153 - - [13/Nov/2022:04:36:56 +0100] "GET /.well-known/apple-app-site-association HTTP/1.1" 404 297 "-" "Mozilla/5.0 (Windows NT 6.1; WOW64; rv:40.0) Gecko/20100101 Firefox/40.1"
5.3.164.153 - - [13/Nov/2022:04:36:58 +0100] "GET /.well-known/apple-app-site-association HTTP/1.1" 404 297 "-" "Mozilla/5.0 (Windows NT 6.1; WOW64; rv:40.0) Gecko/20100101 Firefox/40.1"
5.3.164.153 - - [13/Nov/2022:04:36:58 +0100] "GET /.well-known/apple-app-site-association HTTP/1.1" 404 297 "-" "Mozilla/5.0 (Windows NT 6.1; WOW64; rv:40.0) Gecko/20100101 Firefox/40.1"
5.3.164.153 - - [13/Nov/2022:04:36:58 +0100] "GET /.well-known/apple-app-site-association HTTP/1.1" 404 297 "-" "Mozilla/5.0 (Windows NT 6.1; WOW64; rv:40.0) Gecko/20100101 Firefox/40.1"
46.191.249.75 - - [13/Nov/2022:04:37:39 +0100] "GET /apple-app-site-association HTTP/1.1" 404 285 "-" "Mozilla/5.0 (Windows NT 6.1; WOW64; rv:40.0) Gecko/20100101 Firefox/40.1"
46.191.249.75 - - [13/Nov/2022:04:37:42 +0100] "GET /.well-known/apple-app-site-association HTTP/1.1" 404 297 "-" "Mozilla/5.0 (Windows NT 6.1; WOW64; rv:40.0) Gecko/20100101 Firefox/40.1"
89.246.241.14 - - [13/Nov/2022:04:40:19 +0100] "GET /Oddb2xml/Index HTTP/1.1" 200 8983 "-" "Mozilla/5.0 (Windows NT 10.0; Win64; x64; rv:84.0) Gecko/20100101 Firefox/84.0"
89.246.241.14 - - [13/Nov/2022:04:41:05 +0100] "GET /AmiKo/Linux HTTP/1.1" 200 9217 "-" "Mozilla/5.0 (Windows NT 10.0; Win64; x64; rv:84.0) Gecko/20100101 Firefox/84.0"
195.191.219.132 - - [13/Nov/2022:04:47:44 +0100] "GET /robots.txt HTTP/1.1" 200 - "-" "Mozilla/5.0 (compatible; MJ12bot/v1.4.8; http://mj12bot.com/)"
195.191.219.132 - - [13/Nov/2022:04:47:47 +0100] "GET / HTTP/1.1" 200 13748 "-" "Mozilla/5.0 (compatible; MJ12bot/v1.4.8; http://mj12bot.com/)"
89.246.241.14 - - [13/Nov/2022:04:47:50 +0100] "GET /Ywesee/About HTTP/1.1" 200 9132 "-" "Mozilla/5.0 (Windows NT 10.0; Win64; x64; rv:84.0) Gecko/20100101 Firefox/84.0"
195.191.219.132 - - [13/Nov/2022:04:47:53 +0100] "GET /robots.txt HTTP/1.1" 200 - "-" "Mozilla/5.0 (compatible; MJ12bot/v1.4.8; http://mj12bot.com/)"
195.191.219.132 - - [13/Nov/2022:04:47:58 +0100] "GET / HTTP/1.1" 200 13748 "-" "Mozilla/5.0 (compatible; MJ12bot/v1.4.8; http://mj12bot.com/)"
89.246.241.14 - - [13/Nov/2022:04:49:11 +0100] "GET /Main/ComCo19122016 HTTP/1.1" 200 10547 "-" "Mozilla/5.0 (Windows NT 10.0; Win64; x64; rv:84.0) Gecko/20100101 Firefox/84.0"
64.71.157.123 - - [13/Nov/2022:04:49:34 +0100] "GET /pmwiki.php/Site/AllRecentChanges?action=rss HTTP/1.1" 200 2546 "-" "Feedbin feed-id:590358 - 1 subscribers"
89.246.241.14 - - [13/Nov/2022:04:50:16 +0100] "GET /Software/XMLConv HTTP/1.1" 200 8709 "-" "Mozilla/5.0 (Windows NT 10.0; Win64; x64; rv:84.0) Gecko/20100101 Firefox/84.0"
89.246.241.14 - - [13/Nov/2022:04:52:43 +0100] "GET /ODDB/IndividuelleMediliste HTTP/1.1" 200 9139 "-" "Mozilla/5.0 (Windows NT 10.0; Win64; x64; rv:84.0) Gecko/20100101 Firefox/84.0"
44.228.64.221 - - [13/Nov/2022:04:59:02 +0100] "GET /PublicDomain/Stammdaten HTTP/1.1" 200 11234 "-" "Python/3.8 aiohttp/3.8.3"
194.209.200.2 - - [13/Nov/2022:04:59:03 +0100] "GET /robots.txt HTTP/1.1" 200 - "-" "Mozilla/5.0 (compatible; TMMBot/0.2; +http://www.dslab.ch)/Nutch-1.15"
194.209.200.2 - - [13/Nov/2022:04:59:04 +0100] "GET /Miele/MieleLXIV HTTP/1.1" 200 15367 "-" "Mozilla/5.0 (compatible; TMMBot/0.2; +http://www.dslab.ch)/Nutch-1.15"
23.101.63.57 - - [13/Nov/2022:05:00:09 +0100] "GET / HTTP/1.1" 200 13748 "-" "python-requests/2.27.1"
23.101.63.57 - - [13/Nov/2022:05:00:09 +0100] "GET / HTTP/1.1" 200 13748 "-" "python-requests/2.27.1"
23.101.63.57 - - [13/Nov/2022:05:00:10 +0100] "GET / HTTP/1.1" 200 13748 "-" "python-requests/2.27.1"
194.209.200.2 - - [13/Nov/2022:05:00:33 +0100] "GET /ODDB/StammdatenCH HTTP/1.1" 200 9300 "-" "Mozilla/5.0 (compatible; TMMBot/0.2; +http://www.dslab.ch)/Nutch-1.15"
194.209.200.2 - - [13/Nov/2022:05:00:41 +0100] "GET /ODDB/IndividuelleMediliste HTTP/1.1" 200 9139 "-" "Mozilla/5.0 (compatible; TMMBot/0.2; +http://www.dslab.ch)/Nutch-1.15"
194.209.200.2 - - [13/Nov/2022:05:00:48 +0100] "GET /Main/2008 HTTP/1.1" 200 34740 "-" "Mozilla/5.0 (compatible; TMMBot/0.2; +http://www.dslab.ch)/Nutch-1.15"
194.209.200.2 - - [13/Nov/2022:05:00:57 +0100] "GET /Main/2006 HTTP/1.1" 200 39320 "-" "Mozilla/5.0 (compatible; TMMBot/0.2; +http://www.dslab.ch)/Nutch-1.15"
194.209.200.2 - - [13/Nov/2022:05:01:05 +0100] "GET /Main/2004 HTTP/1.1" 200 14080 "-" "Mozilla/5.0 (compatible; TMMBot/0.2; +http://www.dslab.ch)/Nutch-1.15"
194.209.200.2 - - [13/Nov/2022:05:01:08 +0100] "GET /Main/2017 HTTP/1.1" 200 15840 "-" "Mozilla/5.0 (compatible; TMMBot/0.2; +http://www.dslab.ch)/Nutch-1.15"
194.209.200.2 - - [13/Nov/2022:05:01:25 +0100] "GET /Main/2013 HTTP/1.1" 200 20487 "-" "Mozilla/5.0 (compatible; TMMBot/0.2; +http://www.dslab.ch)/Nutch-1.15"
194.209.200.2 - - [13/Nov/2022:05:01:40 +0100] "GET /Ywesee/Kontakt HTTP/1.1" 200 8973 "-" "Mozilla/5.0 (compatible; TMMBot/0.2; +http://www.dslab.ch)/Nutch-1.15"
194.209.200.2 - - [13/Nov/2022:05:02:45 +0100] "GET /robots.txt HTTP/1.1" 200 - "-" "Mozilla/5.0 (compatible; TMMBot/0.2; +http://www.dslab.ch)/Nutch-1.15"
194.209.200.2 - - [13/Nov/2022:05:04:02 +0100] "GET /Ywesee/OpenSource HTTP/1.1" 200 10790 "-" "Mozilla/5.0 (compatible; TMMBot/0.2; +http://www.dslab.ch)/Nutch-1.15"
194.209.200.2 - - [13/Nov/2022:05:04:34 +0100] "GET /Main/2009 HTTP/1.1" 200 21688 "-" "Mozilla/5.0 (compatible; TMMBot/0.2; +http://www.dslab.ch)/Nutch-1.15"
194.209.200.2 - - [13/Nov/2022:05:04:41 +0100] "GET /Main/2007 HTTP/1.1" 200 50639 "-" "Mozilla/5.0 (compatible; TMMBot/0.2; +http://www.dslab.ch)/Nutch-1.15"
194.209.200.2 - - [13/Nov/2022:05:04:48 +0100] "GET /Main/2005 HTTP/1.1" 200 63344 "-" "Mozilla/5.0 (compatible; TMMBot/0.2; +http://www.dslab.ch)/Nutch-1.15"
194.209.200.2 - - [13/Nov/2022:05:05:21 +0100] "GET /Main/2010 HTTP/1.1" 200 27997 "-" "Mozilla/5.0 (compatible; TMMBot/0.2; +http://www.dslab.ch)/Nutch-1.15"
194.209.200.2 - - [13/Nov/2022:05:05:30 +0100] "GET /Eggze/SpreadIt HTTP/1.1" 200 12537 "-" "Mozilla/5.0 (compatible; TMMBot/0.2; +http://www.dslab.ch)/Nutch-1.15"
194.209.200.2 - - [13/Nov/2022:05:05:38 +0100] "GET /Ywesee/About HTTP/1.1" 200 9132 "-" "Mozilla/5.0 (compatible; TMMBot/0.2; +http://www.dslab.ch)/Nutch-1.15"
89.246.241.14 - - [13/Nov/2022:05:12:34 +0100] "GET /Ausschreibung/SAI HTTP/1.1" 200 10366 "-" "Mozilla/5.0 (Windows NT 10.0; Win64; x64; rv:84.0) Gecko/20100101 Firefox/84.0"
89.246.241.14 - - [13/Nov/2022:05:13:04 +0100] "GET /Software/SoftwareRaid HTTP/1.1" 200 12104 "-" "Mozilla/5.0 (Windows NT 10.0; Win64; x64; rv:84.0) Gecko/20100101 Firefox/84.0"
89.246.241.14 - - [13/Nov/2022:05:14:06 +0100] "GET /pmwiki.php?n=Software.WikiS HTTP/1.1" 200 10036 "-" "Mozilla/5.0 (Windows NT 10.0; Win64; x64; rv:84.0) Gecko/20100101 Firefox/84.0"
64.71.157.109 - - [13/Nov/2022:05:24:33 +0100] "GET /pmwiki.php/Site/AllRecentChanges?action=rss HTTP/1.1" 200 2546 "-" "Feedbin feed-id:590358 - 1 subscribers"
89.246.241.14 - - [13/Nov/2022:05:31:23 +0100] "GET /Main/2021 HTTP/1.1" 200 16484 "-" "Mozilla/5.0 (Windows NT 10.0; Win64; x64; rv:84.0) Gecko/20100101 Firefox/84.0"
89.246.241.14 - - [13/Nov/2022:05:31:38 +0100] "GET /Main/2020 HTTP/1.1" 200 15398 "-" "Mozilla/5.0 (Windows NT 10.0; Win64; x64; rv:84.0) Gecko/20100101 Firefox/84.0"
49.7.20.101 - - [13/Nov/2022:05:31:41 +0100] "GET / HTTP/1.1" 200 13748 "-" "Sogou web spider/4.0(+http://www.sogou.com/docs/help/webmasters.htm#07)"
194.209.200.2 - - [13/Nov/2022:05:33:32 +0100] "GET /robots.txt HTTP/1.1" 200 - "-" "Mozilla/5.0 (compatible; TMMBot/0.2; +http://www.dslab.ch)/Nutch-1.15"
194.209.200.2 - - [13/Nov/2022:05:33:32 +0100] "GET /Miele/MieleLXIV HTTP/1.1" 200 15367 "-" "Mozilla/5.0 (compatible; TMMBot/0.2; +http://www.dslab.ch)/Nutch-1.15"
89.246.241.14 - - [13/Nov/2022:05:34:56 +0100] "GET /Main/Home HTTP/1.1" 200 13748 "-" "Mozilla/5.0 (Windows NT 10.0; Win64; x64; rv:84.0) Gecko/20100101 Firefox/84.0"
194.209.200.2 - - [13/Nov/2022:05:35:12 +0100] "GET /ODDB/IndividuelleMediliste HTTP/1.1" 200 9139 "-" "Mozilla/5.0 (compatible; TMMBot/0.2; +http://www.dslab.ch)/Nutch-1.15"
194.209.200.2 - - [13/Nov/2022:05:35:19 +0100] "GET /Main/2008 HTTP/1.1" 200 34740 "-" "Mozilla/5.0 (compatible; TMMBot/0.2; +http://www.dslab.ch)/Nutch-1.15"
194.209.200.2 - - [13/Nov/2022:05:35:27 +0100] "GET /Main/2006 HTTP/1.1" 200 39320 "-" "Mozilla/5.0 (compatible; TMMBot/0.2; +http://www.dslab.ch)/Nutch-1.15"
194.209.200.2 - - [13/Nov/2022:05:35:36 +0100] "GET /Main/2004 HTTP/1.1" 200 14080 "-" "Mozilla/5.0 (compatible; TMMBot/0.2; +http://www.dslab.ch)/Nutch-1.15"
194.209.200.2 - - [13/Nov/2022:05:35:39 +0100] "GET /Main/2017 HTTP/1.1" 200 15840 "-" "Mozilla/5.0 (compatible; TMMBot/0.2; +http://www.dslab.ch)/Nutch-1.15"
195.191.219.133 - - [13/Nov/2022:05:35:50 +0100] "GET /robots.txt HTTP/1.1" 200 - "-" "Mozilla/5.0 (compatible; MJ12bot/v1.4.8; http://mj12bot.com/)"
195.191.219.133 - - [13/Nov/2022:05:35:52 +0100] "GET / HTTP/1.1" 200 13748 "-" "Mozilla/5.0 (compatible; MJ12bot/v1.4.8; http://mj12bot.com/)"
194.209.200.2 - - [13/Nov/2022:05:35:56 +0100] "GET /Main/2013 HTTP/1.1" 200 20487 "-" "Mozilla/5.0 (compatible; TMMBot/0.2; +http://www.dslab.ch)/Nutch-1.15"
194.209.200.2 - - [13/Nov/2022:05:36:10 +0100] "GET /Ywesee/Kontakt HTTP/1.1" 200 8973 "-" "Mozilla/5.0 (compatible; TMMBot/0.2; +http://www.dslab.ch)/Nutch-1.15"
89.246.241.14 - - [13/Nov/2022:05:37:12 +0100] "GET /Main/2019 HTTP/1.1" 200 15246 "-" "Mozilla/5.0 (Windows NT 10.0; Win64; x64; rv:84.0) Gecko/20100101 Firefox/84.0"
194.209.200.2 - - [13/Nov/2022:05:37:14 +0100] "GET /robots.txt HTTP/1.1" 200 - "-" "Mozilla/5.0 (compatible; TMMBot/0.2; +http://www.dslab.ch)/Nutch-1.15"
89.246.241.14 - - [13/Nov/2022:05:37:28 +0100] "GET /Main/2018 HTTP/1.1" 200 15425 "-" "Mozilla/5.0 (Windows NT 10.0; Win64; x64; rv:84.0) Gecko/20100101 Firefox/84.0"
89.246.241.14 - - [13/Nov/2022:05:37:44 +0100] "GET /Main/2017 HTTP/1.1" 200 15840 "-" "Mozilla/5.0 (Windows NT 10.0; Win64; x64; rv:84.0) Gecko/20100101 Firefox/84.0"
194.209.200.2 - - [13/Nov/2022:05:37:45 +0100] "GET /AmiKo/Web HTTP/1.1" 200 9588 "-" "Mozilla/5.0 (compatible; TMMBot/0.2; +http://www.dslab.ch)/Nutch-1.15"
89.246.241.14 - - [13/Nov/2022:05:37:52 +0100] "GET /uploads/Main/Career_amp_Networking_Days_2018.pdf HTTP/1.1" 200 5346417 "-" "Mozilla/5.0 (Windows NT 10.0; Win64; x64; rv:84.0) Gecko/20100101 Firefox/84.0"
89.246.241.14 - - [13/Nov/2022:05:38:23 +0100] "GET /Main/2016 HTTP/1.1" 200 13689 "-" "Mozilla/5.0 (Windows NT 10.0; Win64; x64; rv:84.0) Gecko/20100101 Firefox/84.0"
194.209.200.2 - - [13/Nov/2022:05:38:32 +0100] "GET /Ywesee/OpenSource HTTP/1.1" 200 10790 "-" "Mozilla/5.0 (compatible; TMMBot/0.2; +http://www.dslab.ch)/Nutch-1.15"
89.246.241.14 - - [13/Nov/2022:05:38:37 +0100] "GET /Main/2015 HTTP/1.1" 200 15908 "-" "Mozilla/5.0 (Windows NT 10.0; Win64; x64; rv:84.0) Gecko/20100101 Firefox/84.0"
89.246.241.14 - - [13/Nov/2022:05:38:49 +0100] "GET /Main/2014 HTTP/1.1" 200 19471 "-" "Mozilla/5.0 (Windows NT 10.0; Win64; x64; rv:84.0) Gecko/20100101 Firefox/84.0"
89.246.241.14 - - [13/Nov/2022:05:38:57 +0100] "GET /Main/2013 HTTP/1.1" 200 20487 "-" "Mozilla/5.0 (Windows NT 10.0; Win64; x64; rv:84.0) Gecko/20100101 Firefox/84.0"
194.209.200.2 - - [13/Nov/2022:05:39:02 +0100] "GET /Main/2009 HTTP/1.1" 200 21688 "-" "Mozilla/5.0 (compatible; TMMBot/0.2; +http://www.dslab.ch)/Nutch-1.15"
89.246.241.14 - - [13/Nov/2022:05:39:06 +0100] "GET /Main/2012 HTTP/1.1" 200 31941 "-" "Mozilla/5.0 (Windows NT 10.0; Win64; x64; rv:84.0) Gecko/20100101 Firefox/84.0"
194.209.200.2 - - [13/Nov/2022:05:39:11 +0100] "GET /Main/2007 HTTP/1.1" 200 50639 "-" "Mozilla/5.0 (compatible; TMMBot/0.2; +http://www.dslab.ch)/Nutch-1.15"
89.246.241.14 - - [13/Nov/2022:05:39:14 +0100] "GET /Main/2011 HTTP/1.1" 200 21451 "-" "Mozilla/5.0 (Windows NT 10.0; Win64; x64; rv:84.0) Gecko/20100101 Firefox/84.0"
194.209.200.2 - - [13/Nov/2022:05:39:17 +0100] "GET /Main/2005 HTTP/1.1" 200 63344 "-" "Mozilla/5.0 (compatible; TMMBot/0.2; +http://www.dslab.ch)/Nutch-1.15"
89.246.241.14 - - [13/Nov/2022:05:39:22 +0100] "GET /uploads/Main/Multizentrische_Beobachtungsstudie_zur_Bestimmung_der_Verbreitung_des_Coronavirus_und_Entwicklung_der_Immunitt_in_der_Schweiz.pdf HTTP/1.1" 200 515176 "-" "Mozilla/5.0 (Windows NT 10.0; Win64; x64; rv:84.0) Gecko/20100101 Firefox/84.0"
89.246.241.14 - - [13/Nov/2022:05:39:31 +0100] "GET /Main/2010 HTTP/1.1" 200 27997 "-" "Mozilla/5.0 (Windows NT 10.0; Win64; x64; rv:84.0) Gecko/20100101 Firefox/84.0"
194.209.200.2 - - [13/Nov/2022:05:39:48 +0100] "GET /Main/2010 HTTP/1.1" 200 27997 "-" "Mozilla/5.0 (compatible; TMMBot/0.2; +http://www.dslab.ch)/Nutch-1.15"
194.209.200.2 - - [13/Nov/2022:05:39:58 +0100] "GET /Eggze/SpreadIt HTTP/1.1" 200 12537 "-" "Mozilla/5.0 (compatible; TMMBot/0.2; +http://www.dslab.ch)/Nutch-1.15"
46.147.134.253 - - [13/Nov/2022:05:40:04 +0100] "GET /.well-known/assetlinks.json HTTP/1.1" 404 286 "-" "Mozilla/5.0 (Windows NT 6.1; WOW64; rv:40.0) Gecko/20100101 Firefox/40.1"
194.209.200.2 - - [13/Nov/2022:05:40:06 +0100] "GET /Ywesee/About HTTP/1.1" 200 9132 "-" "Mozilla/5.0 (compatible; TMMBot/0.2; +http://www.dslab.ch)/Nutch-1.15"
89.246.241.14 - - [13/Nov/2022:05:41:31 +0100] "GET /Eggze/SpreadIt HTTP/1.1" 200 12537 "-" "Mozilla/5.0 (Windows NT 10.0; Win64; x64; rv:84.0) Gecko/20100101 Firefox/84.0"
183.230.248.85 - - [13/Nov/2022:05:42:28 +0100] "GET / HTTP/1.1" 200 13748 "-" "Mozilla/5.0 (Macintosh; Intel Mac OS X 12_3_1) AppleWebKit/537.36 (KHTML, like Gecko) Chrome/100.0.4896.88 Safari/537.36"
144.91.91.164 - - [13/Nov/2022:05:42:44 +0100] "GET /robots.txt HTTP/1.1" 200 - "-" "Mozilla/5.0 (compatible; MJ12bot/v1.4.8; http://mj12bot.com/)"
144.91.91.164 - - [13/Nov/2022:05:43:02 +0100] "GET /AmiKo/OSX HTTP/1.1" 200 9772 "-" "Mozilla/5.0 (compatible; MJ12bot/v1.4.8; http://mj12bot.com/)"
89.246.241.14 - - [13/Nov/2022:05:43:18 +0100] "GET /AmiKo/Android HTTP/1.1" 200 10427 "-" "Mozilla/5.0 (Windows NT 10.0; Win64; x64; rv:84.0) Gecko/20100101 Firefox/84.0"
144.91.91.164 - - [13/Nov/2022:05:43:19 +0100] "GET /AmiKo/Swisspeddose HTTP/1.1" 200 10537 "-" "Mozilla/5.0 (compatible; MJ12bot/v1.4.8; http://mj12bot.com/)"
144.91.91.164 - - [13/Nov/2022:05:43:34 +0100] "GET /CoMed/ASPP HTTP/1.1" 200 13118 "-" "Mozilla/5.0 (compatible; MJ12bot/v1.4.8; http://mj12bot.com/)"
144.91.91.164 - - [13/Nov/2022:05:43:45 +0100] "GET /Main/2019 HTTP/1.1" 200 15246 "-" "Mozilla/5.0 (compatible; MJ12bot/v1.4.8; http://mj12bot.com/)"
136.243.220.211 - - [13/Nov/2022:05:43:46 +0100] "GET /robots.txt HTTP/1.1" 200 - "-" "Mozilla/5.0 (compatible; DataForSeoBot/1.0; +https://dataforseo.com/dataforseo-bot)"
136.243.220.211 - - [13/Nov/2022:05:43:46 +0100] "GET /sitemap.xml HTTP/1.1" 404 270 "-" "Mozilla/5.0 (compatible; DataForSeoBot/1.0; +https://dataforseo.com/dataforseo-bot)"
136.243.220.211 - - [13/Nov/2022:05:43:46 +0100] "GET /AmiKo/OSX HTTP/1.1" 200 9772 "-" "Mozilla/5.0 (compatible; DataForSeoBot/1.0; +https://dataforseo.com/dataforseo-bot)"
144.91.91.164 - - [13/Nov/2022:05:44:05 +0100] "GET /Main/ComCo19122016 HTTP/1.1" 200 10547 "-" "Mozilla/5.0 (compatible; MJ12bot/v1.4.8; http://mj12bot.com/)"
144.91.91.164 - - [13/Nov/2022:05:44:45 +0100] "GET /Site/AllRecentChanges?action=rss HTTP/1.1" 200 2546 "-" "Mozilla/5.0 (compatible; MJ12bot/v1.4.8; http://mj12bot.com/)"
136.243.228.182 - - [13/Nov/2022:05:44:50 +0100] "GET /AmiKo/OSX?action=print HTTP/1.1" 403 18 "-" "Mozilla/5.0 (compatible; DataForSeoBot/1.0; +https://dataforseo.com/dataforseo-bot)"
136.243.228.182 - - [13/Nov/2022:05:44:51 +0100] "GET /AmiKo/OSX?action=edit HTTP/1.1" 403 18 "-" "Mozilla/5.0 (compatible; DataForSeoBot/1.0; +https://dataforseo.com/dataforseo-bot)"
136.243.228.182 - - [13/Nov/2022:05:44:54 +0100] "GET /AmiKo/OSX?n=Main.SideBar?action=edit HTTP/1.1" 403 18 "-" "Mozilla/5.0 (compatible; DataForSeoBot/1.0; +https://dataforseo.com/dataforseo-bot)"
136.243.228.182 - - [13/Nov/2022:05:44:56 +0100] "GET /AmiKo/OSX?action=diff HTTP/1.1" 403 18 "-" "Mozilla/5.0 (compatible; DataForSeoBot/1.0; +https://dataforseo.com/dataforseo-bot)"
136.243.228.182 - - [13/Nov/2022:05:44:58 +0100] "GET /AmiKo/OSX?action=upload HTTP/1.1" 403 18 "-" "Mozilla/5.0 (compatible; DataForSeoBot/1.0; +https://dataforseo.com/dataforseo-bot)"
136.243.228.182 - - [13/Nov/2022:05:45:00 +0100] "GET /AmiKo/OSXRezeptfunktion HTTP/1.1" 200 13751 "-" "Mozilla/5.0 (compatible; DataForSeoBot/1.0; +https://dataforseo.com/dataforseo-bot)"
144.91.91.164 - - [13/Nov/2022:05:45:01 +0100] "GET /Software/YDPM HTTP/1.1" 200 8809 "-" "Mozilla/5.0 (compatible; MJ12bot/v1.4.8; http://mj12bot.com/)"
89.246.241.14 - - [13/Nov/2022:05:45:02 +0100] "GET /Main/2009 HTTP/1.1" 200 21688 "-" "Mozilla/5.0 (Windows NT 10.0; Win64; x64; rv:84.0) Gecko/20100101 Firefox/84.0"
136.243.228.182 - - [13/Nov/2022:05:45:03 +0100] "GET /AmiKo/KrankenkassenKartenleser HTTP/1.1" 200 9504 "-" "Mozilla/5.0 (compatible; DataForSeoBot/1.0; +https://dataforseo.com/dataforseo-bot)"
89.246.241.14 - - [13/Nov/2022:05:45:17 +0100] "GET /Main/2008 HTTP/1.1" 200 34740 "-" "Mozilla/5.0 (Windows NT 10.0; Win64; x64; rv:84.0) Gecko/20100101 Firefox/84.0"
144.91.91.164 - - [13/Nov/2022:05:45:25 +0100] "GET /Ywesee/Bewerbung HTTP/1.1" 200 8575 "-" "Mozilla/5.0 (compatible; MJ12bot/v1.4.8; http://mj12bot.com/)"
89.246.241.14 - - [13/Nov/2022:05:45:29 +0100] "GET /Main/2007 HTTP/1.1" 200 50639 "-" "Mozilla/5.0 (Windows NT 10.0; Win64; x64; rv:84.0) Gecko/20100101 Firefox/84.0"
89.246.241.14 - - [13/Nov/2022:05:45:36 +0100] "GET /uploads/Main/Medikamentenpreise_und_Medikamentenmarkt_in_der_Schweiz.pdf HTTP/1.1" 200 1455000 "-" "Mozilla/5.0 (Windows NT 10.0; Win64; x64; rv:84.0) Gecko/20100101 Firefox/84.0"
136.243.228.182 - - [13/Nov/2022:05:45:49 +0100] "GET /AmiKo/OSXRezeptfunktion?action=diff HTTP/1.1" 403 18 "-" "Mozilla/5.0 (compatible; DataForSeoBot/1.0; +https://dataforseo.com/dataforseo-bot)"
136.243.228.182 - - [13/Nov/2022:05:45:52 +0100] "GET /AmiKo/OSXRezeptfunktion?n=Main.SideBar?action=edit HTTP/1.1" 403 18 "-" "Mozilla/5.0 (compatible; DataForSeoBot/1.0; +https://dataforseo.com/dataforseo-bot)"
89.246.241.14 - - [13/Nov/2022:05:45:52 +0100] "GET /Main/2006 HTTP/1.1" 200 39320 "-" "Mozilla/5.0 (Windows NT 10.0; Win64; x64; rv:84.0) Gecko/20100101 Firefox/84.0"
136.243.228.182 - - [13/Nov/2022:05:45:53 +0100] "GET /AmiKo/KrankenkassenKartenleser?action=upload HTTP/1.1" 403 18 "-" "Mozilla/5.0 (compatible; DataForSeoBot/1.0; +https://dataforseo.com/dataforseo-bot)"
136.243.228.182 - - [13/Nov/2022:05:45:55 +0100] "GET /AmiKo/OSXRezeptfunktion?action=edit HTTP/1.1" 403 18 "-" "Mozilla/5.0 (compatible; DataForSeoBot/1.0; +https://dataforseo.com/dataforseo-bot)"
136.243.228.182 - - [13/Nov/2022:05:45:57 +0100] "GET /AmiKo/OSXRezeptfunktion?action=print HTTP/1.1" 403 18 "-" "Mozilla/5.0 (compatible; DataForSeoBot/1.0; +https://dataforseo.com/dataforseo-bot)"
136.243.228.182 - - [13/Nov/2022:05:46:00 +0100] "GET /AmiKo/KrankenkassenKartenleser?action=edit HTTP/1.1" 403 18 "-" "Mozilla/5.0 (compatible; DataForSeoBot/1.0; +https://dataforseo.com/dataforseo-bot)"
89.246.241.14 - - [13/Nov/2022:05:46:02 +0100] "GET /Main/2005 HTTP/1.1" 200 63344 "-" "Mozilla/5.0 (Windows NT 10.0; Win64; x64; rv:84.0) Gecko/20100101 Firefox/84.0"
136.243.228.182 - - [13/Nov/2022:05:46:02 +0100] "GET /AmiKo/KrankenkassenKartenleser?action=diff HTTP/1.1" 403 18 "-" "Mozilla/5.0 (compatible; DataForSeoBot/1.0; +https://dataforseo.com/dataforseo-bot)"
136.243.228.182 - - [13/Nov/2022:05:46:04 +0100] "GET /AmiKo/OSXRezeptfunktion?action=upload HTTP/1.1" 403 18 "-" "Mozilla/5.0 (compatible; DataForSeoBot/1.0; +https://dataforseo.com/dataforseo-bot)"
136.243.228.182 - - [13/Nov/2022:05:46:06 +0100] "GET /AmiKo/KrankenkassenKartenleser?n=Main.SideBar?action=edit HTTP/1.1" 403 18 "-" "Mozilla/5.0 (compatible; DataForSeoBot/1.0; +https://dataforseo.com/dataforseo-bot)"
136.243.228.182 - - [13/Nov/2022:05:46:09 +0100] "GET /AmiKo/KrankenkassenKartenleser?action=print HTTP/1.1" 403 18 "-" "Mozilla/5.0 (compatible; DataForSeoBot/1.0; +https://dataforseo.com/dataforseo-bot)"
89.246.241.14 - - [13/Nov/2022:05:46:12 +0100] "GET /uploads/Main/Excel_100_vergleichbare_Medikamente_Schweiz_Deutschland.xls HTTP/1.1" 200 137216 "-" "Mozilla/5.0 (Windows NT 10.0; Win64; x64; rv:84.0) Gecko/20100101 Firefox/84.0"
89.246.241.14 - - [13/Nov/2022:05:46:19 +0100] "GET /Main/2004 HTTP/1.1" 200 14080 "-" "Mozilla/5.0 (Windows NT 10.0; Win64; x64; rv:84.0) Gecko/20100101 Firefox/84.0"
89.246.241.14 - - [13/Nov/2022:05:46:26 +0100] "GET /uploads/Main/Facharbeit_Raphael_Waltert.pdf HTTP/1.1" 200 1004701 "-" "Mozilla/5.0 (Windows NT 10.0; Win64; x64; rv:84.0) Gecko/20100101 Firefox/84.0"
89.246.241.14 - - [13/Nov/2022:05:46:35 +0100] "GET /uploads/Main/Facharbeit_Mike_Walder.pdf HTTP/1.1" 200 989761 "-" "Mozilla/5.0 (Windows NT 10.0; Win64; x64; rv:84.0) Gecko/20100101 Firefox/84.0"
89.246.241.14 - - [13/Nov/2022:05:48:31 +0100] "GET /AmiKo/SAPP HTTP/1.1" 200 12947 "-" "Mozilla/5.0 (Windows NT 10.0; Win64; x64; rv:84.0) Gecko/20100101 Firefox/84.0"
85.208.98.18 - - [13/Nov/2022:05:50:02 +0100] "GET /robots.txt HTTP/1.1" 200 - "http://www.ywesee.com/robots.txt" "Mozilla/5.0 (compatible; SemrushBot; +http://www.semrush.com/bot.html)"
85.208.98.18 - - [13/Nov/2022:05:50:03 +0100] "HEAD / HTTP/1.1" 200 - "http://www.ywesee.com" "Mozilla/5.0 (compatible; SemrushBot; +http://www.semrush.com/bot.html)"
49.7.20.101 - - [13/Nov/2022:05:50:15 +0100] "GET / HTTP/1.1" 200 13748 "-" "Sogou web spider/4.0(+http://www.sogou.com/docs/help/webmasters.htm#07)"
89.246.241.14 - - [13/Nov/2022:05:53:13 +0100] "GET /AmiKo/Windows HTTP/1.1" 200 10332 "-" "Mozilla/5.0 (Windows NT 10.0; Win64; x64; rv:84.0) Gecko/20100101 Firefox/84.0"
89.246.241.14 - - [13/Nov/2022:05:57:10 +0100] "GET /uploads/Main/338_Email_an_hans-beat.jenny_9.10.2006.txt HTTP/1.1" 200 2596 "-" "Mozilla/5.0 (Windows NT 10.0; Win64; x64; rv:84.0) Gecko/20100101 Firefox/84.0"
64.71.157.109 - - [13/Nov/2022:05:59:21 +0100] "GET /pmwiki.php/Site/AllRecentChanges?action=rss HTTP/1.1" 200 2546 "-" "Feedbin feed-id:590358 - 1 subscribers"
89.246.241.14 - - [13/Nov/2022:06:01:16 +0100] "GET /Ywesee/Kontakt HTTP/1.1" 200 8973 "-" "Mozilla/5.0 (Windows NT 10.0; Win64; x64; rv:84.0) Gecko/20100101 Firefox/84.0"
142.132.208.71 - - [13/Nov/2022:06:01:26 +0100] "GET /ywesee_dump.sql.tar HTTP/1.1" 404 278 "-" "Firefox"
89.246.241.14 - - [13/Nov/2022:06:02:58 +0100] "GET /Main/MiGel HTTP/1.1" 200 16437 "-" "Mozilla/5.0 (Windows NT 10.0; Win64; x64; rv:84.0) Gecko/20100101 Firefox/84.0"
89.246.241.14 - - [13/Nov/2022:06:03:58 +0100] "GET /Main/2014?action=edit HTTP/1.1" 200 9271 "-" "Mozilla/5.0 (Windows NT 10.0; Win64; x64; rv:84.0) Gecko/20100101 Firefox/84.0"
89.246.241.14 - - [13/Nov/2022:06:04:07 +0100] "GET /Main/2014?n=Main.SideBar?action=edit HTTP/1.1" 200 9322 "-" "Mozilla/5.0 (Windows NT 10.0; Win64; x64; rv:84.0) Gecko/20100101 Firefox/84.0"
89.246.241.14 - - [13/Nov/2022:06:04:14 +0100] "GET /Main/2014?action=upload HTTP/1.1" 200 8737 "-" "Mozilla/5.0 (Windows NT 10.0; Win64; x64; rv:84.0) Gecko/20100101 Firefox/84.0"
89.246.241.14 - - [13/Nov/2022:06:04:21 +0100] "GET /Main/2014?action=diff HTTP/1.1" 200 19552 "-" "Mozilla/5.0 (Windows NT 10.0; Win64; x64; rv:84.0) Gecko/20100101 Firefox/84.0"
89.246.241.14 - - [13/Nov/2022:06:04:28 +0100] "GET /MEDIupdateXML/Softwarehaeuser HTTP/1.1" 200 8654 "-" "Mozilla/5.0 (Windows NT 10.0; Win64; x64; rv:84.0) Gecko/20100101 Firefox/84.0"
89.246.241.14 - - [13/Nov/2022:06:04:34 +0100] "GET /Swissmedic/Dateninstitut HTTP/1.1" 200 9807 "-" "Mozilla/5.0 (Windows NT 10.0; Win64; x64; rv:84.0) Gecko/20100101 Firefox/84.0"
89.246.241.14 - - [13/Nov/2022:06:04:41 +0100] "GET /SpitalSchweiz/Subventionen2012 HTTP/1.1" 200 9182 "-" "Mozilla/5.0 (Windows NT 10.0; Win64; x64; rv:84.0) Gecko/20100101 Firefox/84.0"
89.246.241.14 - - [13/Nov/2022:06:04:48 +0100] "GET /SpitalSchweiz/FinanzErgebnis2012 HTTP/1.1" 200 9335 "-" "Mozilla/5.0 (Windows NT 10.0; Win64; x64; rv:84.0) Gecko/20100101 Firefox/84.0"
89.246.241.14 - - [13/Nov/2022:06:04:54 +0100] "GET /SpitalSchweiz/AnzahlNeugeborene2012 HTTP/1.1" 200 9388 "-" "Mozilla/5.0 (Windows NT 10.0; Win64; x64; rv:84.0) Gecko/20100101 Firefox/84.0"
89.246.241.14 - - [13/Nov/2022:06:05:01 +0100] "GET /SpitalSchweiz/AnzahlOperationssaele2012 HTTP/1.1" 200 9415 "-" "Mozilla/5.0 (Windows NT 10.0; Win64; x64; rv:84.0) Gecko/20100101 Firefox/84.0"
89.246.241.14 - - [13/Nov/2022:06:05:08 +0100] "GET /SpitalSchweiz/FinanzenImMinus2012 HTTP/1.1" 200 9243 "-" "Mozilla/5.0 (Windows NT 10.0; Win64; x64; rv:84.0) Gecko/20100101 Firefox/84.0"
89.246.241.14 - - [13/Nov/2022:06:05:15 +0100] "GET /Apotheke/POS HTTP/1.1" 200 11138 "-" "Mozilla/5.0 (Windows NT 10.0; Win64; x64; rv:84.0) Gecko/20100101 Firefox/84.0"
89.246.241.14 - - [13/Nov/2022:06:05:22 +0100] "GET /Wiget/PhMPrescriber HTTP/1.1" 200 9312 "-" "Mozilla/5.0 (Windows NT 10.0; Win64; x64; rv:84.0) Gecko/20100101 Firefox/84.0"
89.246.241.14 - - [13/Nov/2022:06:05:28 +0100] "GET /Oddb2xml/XSD HTTP/1.1" 200 8519 "-" "Mozilla/5.0 (Windows NT 10.0; Win64; x64; rv:84.0) Gecko/20100101 Firefox/84.0"
89.246.241.14 - - [13/Nov/2022:06:05:35 +0100] "GET /Epha/PhilipHansten HTTP/1.1" 200 11440 "-" "Mozilla/5.0 (Windows NT 10.0; Win64; x64; rv:84.0) Gecko/20100101 Firefox/84.0"
194.209.200.2 - - [13/Nov/2022:06:06:15 +0100] "GET /robots.txt HTTP/1.1" 200 - "-" "Mozilla/5.0 (compatible; TMMBot/0.2; +http://www.dslab.ch)/Nutch-1.15"
194.209.200.2 - - [13/Nov/2022:06:06:16 +0100] "GET /Miele/MieleLXIV HTTP/1.1" 200 15367 "-" "Mozilla/5.0 (compatible; TMMBot/0.2; +http://www.dslab.ch)/Nutch-1.15"
194.209.200.2 - - [13/Nov/2022:06:07:53 +0100] "GET /ODDB/IndividuelleMediliste HTTP/1.1" 200 9139 "-" "Mozilla/5.0 (compatible; TMMBot/0.2; +http://www.dslab.ch)/Nutch-1.15"
194.209.200.2 - - [13/Nov/2022:06:08:00 +0100] "GET /Main/2008 HTTP/1.1" 200 34740 "-" "Mozilla/5.0 (compatible; TMMBot/0.2; +http://www.dslab.ch)/Nutch-1.15"
194.209.200.2 - - [13/Nov/2022:06:08:10 +0100] "GET /Main/2006 HTTP/1.1" 200 39320 "-" "Mozilla/5.0 (compatible; TMMBot/0.2; +http://www.dslab.ch)/Nutch-1.15"
194.209.200.2 - - [13/Nov/2022:06:08:18 +0100] "GET /Main/2004 HTTP/1.1" 200 14080 "-" "Mozilla/5.0 (compatible; TMMBot/0.2; +http://www.dslab.ch)/Nutch-1.15"
194.209.200.2 - - [13/Nov/2022:06:08:21 +0100] "GET /Main/2017 HTTP/1.1" 200 15840 "-" "Mozilla/5.0 (compatible; TMMBot/0.2; +http://www.dslab.ch)/Nutch-1.15"
49.7.20.101 - - [13/Nov/2022:06:08:38 +0100] "GET / HTTP/1.1" 200 13748 "-" "Sogou web spider/4.0(+http://www.sogou.com/docs/help/webmasters.htm#07)"
194.209.200.2 - - [13/Nov/2022:06:08:38 +0100] "GET /Main/2013 HTTP/1.1" 200 20487 "-" "Mozilla/5.0 (compatible; TMMBot/0.2; +http://www.dslab.ch)/Nutch-1.15"
194.209.200.2 - - [13/Nov/2022:06:08:53 +0100] "GET /Ywesee/Kontakt HTTP/1.1" 200 8973 "-" "Mozilla/5.0 (compatible; TMMBot/0.2; +http://www.dslab.ch)/Nutch-1.15"
194.209.200.2 - - [13/Nov/2022:06:10:02 +0100] "GET /robots.txt HTTP/1.1" 200 - "-" "Mozilla/5.0 (compatible; TMMBot/0.2; +http://www.dslab.ch)/Nutch-1.15"
123.125.109.95 - - [13/Nov/2022:06:10:31 +0100] "GET / HTTP/1.1" 200 13748 "-" "Sogou web spider/4.0(+http://www.sogou.com/docs/help/webmasters.htm#07)"
89.246.241.14 - - [13/Nov/2022:06:10:31 +0100] "GET /Main/Home?action=upload HTTP/1.1" 200 8738 "-" "Mozilla/5.0 (Windows NT 10.0; Win64; x64; rv:84.0) Gecko/20100101 Firefox/84.0"
194.209.200.2 - - [13/Nov/2022:06:10:36 +0100] "GET /AmiKo/Web HTTP/1.1" 200 9588 "-" "Mozilla/5.0 (compatible; TMMBot/0.2; +http://www.dslab.ch)/Nutch-1.15"
194.209.200.2 - - [13/Nov/2022:06:11:24 +0100] "GET /Ywesee/OpenSource HTTP/1.1" 200 10790 "-" "Mozilla/5.0 (compatible; TMMBot/0.2; +http://www.dslab.ch)/Nutch-1.15"
194.209.200.2 - - [13/Nov/2022:06:11:57 +0100] "GET /Main/2009 HTTP/1.1" 200 21688 "-" "Mozilla/5.0 (compatible; TMMBot/0.2; +http://www.dslab.ch)/Nutch-1.15"
194.209.200.2 - - [13/Nov/2022:06:12:05 +0100] "GET /Main/2007 HTTP/1.1" 200 50639 "-" "Mozilla/5.0 (compatible; TMMBot/0.2; +http://www.dslab.ch)/Nutch-1.15"
194.209.200.2 - - [13/Nov/2022:06:12:12 +0100] "GET /Main/2005 HTTP/1.1" 200 63344 "-" "Mozilla/5.0 (compatible; TMMBot/0.2; +http://www.dslab.ch)/Nutch-1.15"
194.209.200.2 - - [13/Nov/2022:06:12:45 +0100] "GET /Main/2010 HTTP/1.1" 200 27997 "-" "Mozilla/5.0 (compatible; TMMBot/0.2; +http://www.dslab.ch)/Nutch-1.15"
194.209.200.2 - - [13/Nov/2022:06:12:54 +0100] "GET /Eggze/SpreadIt HTTP/1.1" 200 12537 "-" "Mozilla/5.0 (compatible; TMMBot/0.2; +http://www.dslab.ch)/Nutch-1.15"
194.209.200.2 - - [13/Nov/2022:06:13:01 +0100] "GET /Ywesee/About HTTP/1.1" 200 9132 "-" "Mozilla/5.0 (compatible; TMMBot/0.2; +http://www.dslab.ch)/Nutch-1.15"
89.246.241.14 - - [13/Nov/2022:06:14:36 +0100] "GET /Ywesee/InfoCodex HTTP/1.1" 200 24435 "-" "Mozilla/5.0 (Windows NT 10.0; Win64; x64; rv:84.0) Gecko/20100101 Firefox/84.0"
176.215.112.79 - - [13/Nov/2022:06:16:25 +0100] "GET /apple-app-site-association HTTP/1.1" 404 289 "-" "Mozilla/5.0 (Windows NT 6.1; WOW64; rv:40.0) Gecko/20100101 Firefox/40.1"
176.215.112.79 - - [13/Nov/2022:06:16:26 +0100] "GET /apple-app-site-association HTTP/1.1" 404 289 "-" "Mozilla/5.0 (Windows NT 6.1; WOW64; rv:40.0) Gecko/20100101 Firefox/40.1"
176.215.112.79 - - [13/Nov/2022:06:16:28 +0100] "GET /apple-app-site-association HTTP/1.1" 404 285 "-" "Mozilla/5.0 (Windows NT 6.1; WOW64; rv:40.0) Gecko/20100101 Firefox/40.1"
176.215.112.79 - - [13/Nov/2022:06:16:29 +0100] "GET /apple-app-site-association HTTP/1.1" 404 285 "-" "Mozilla/5.0 (Windows NT 6.1; WOW64; rv:40.0) Gecko/20100101 Firefox/40.1"
176.215.112.79 - - [13/Nov/2022:06:16:31 +0100] "GET /.well-known/apple-app-site-association HTTP/1.1" 404 301 "-" "Mozilla/5.0 (Windows NT 6.1; WOW64; rv:40.0) Gecko/20100101 Firefox/40.1"
176.215.112.79 - - [13/Nov/2022:06:16:31 +0100] "GET /.well-known/apple-app-site-association HTTP/1.1" 404 301 "-" "Mozilla/5.0 (Windows NT 6.1; WOW64; rv:40.0) Gecko/20100101 Firefox/40.1"
176.215.112.79 - - [13/Nov/2022:06:16:34 +0100] "GET /.well-known/apple-app-site-association HTTP/1.1" 404 297 "-" "Mozilla/5.0 (Windows NT 6.1; WOW64; rv:40.0) Gecko/20100101 Firefox/40.1"
176.215.112.79 - - [13/Nov/2022:06:16:34 +0100] "GET /.well-known/apple-app-site-association HTTP/1.1" 404 297 "-" "Mozilla/5.0 (Windows NT 6.1; WOW64; rv:40.0) Gecko/20100101 Firefox/40.1"
157.90.182.30 - - [13/Nov/2022:06:27:05 +0100] "GET /robots.txt HTTP/1.1" 200 - "-" "Mozilla/5.0 (compatible; BLEXBot/1.0; +http://webmeup-crawler.com/)"
157.90.182.30 - - [13/Nov/2022:06:27:06 +0100] "GET /robots.txt HTTP/1.1" 200 - "-" "Mozilla/5.0 (compatible; BLEXBot/1.0; +http://webmeup-crawler.com/)"
157.90.182.30 - - [13/Nov/2022:06:27:08 +0100] "GET /sitemap HTTP/1.1" 404 266 "-" "Mozilla/5.0 (compatible; BLEXBot/1.0; +http://webmeup-crawler.com/)"
157.90.182.30 - - [13/Nov/2022:06:27:23 +0100] "GET /robots.txt HTTP/1.1" 200 - "-" "Mozilla/5.0 (compatible; BLEXBot/1.0; +http://webmeup-crawler.com/)"
157.90.182.30 - - [13/Nov/2022:06:27:26 +0100] "GET /sitemap HTTP/1.1" 404 266 "-" "Mozilla/5.0 (compatible; BLEXBot/1.0; +http://webmeup-crawler.com/)"
49.7.20.101 - - [13/Nov/2022:06:27:27 +0100] "GET / HTTP/1.1" 200 13748 "-" "Sogou web spider/4.0(+http://www.sogou.com/docs/help/webmasters.htm#07)"
157.90.182.30 - - [13/Nov/2022:06:27:32 +0100] "GET /sitemap HTTP/1.1" 404 266 "-" "Mozilla/5.0 (compatible; BLEXBot/1.0; +http://webmeup-crawler.com/)"
157.90.182.30 - - [13/Nov/2022:06:27:38 +0100] "GET /robots.txt HTTP/1.1" 200 - "-" "Mozilla/5.0 (compatible; BLEXBot/1.0; +http://webmeup-crawler.com/)"
157.90.182.30 - - [13/Nov/2022:06:27:38 +0100] "GET /sitemap HTTP/1.1" 404 270 "-" "Mozilla/5.0 (compatible; BLEXBot/1.0; +http://webmeup-crawler.com/)"
157.90.182.30 - - [13/Nov/2022:06:27:45 +0100] "GET /sitemap.txt HTTP/1.1" 404 270 "-" "Mozilla/5.0 (compatible; BLEXBot/1.0; +http://webmeup-crawler.com/)"
157.90.182.30 - - [13/Nov/2022:06:27:49 +0100] "GET /sitemap.txt HTTP/1.1" 404 270 "-" "Mozilla/5.0 (compatible; BLEXBot/1.0; +http://webmeup-crawler.com/)"
157.90.182.30 - - [13/Nov/2022:06:27:53 +0100] "GET /sitemap.txt HTTP/1.1" 404 270 "-" "Mozilla/5.0 (compatible; BLEXBot/1.0; +http://webmeup-crawler.com/)"
157.90.182.30 - - [13/Nov/2022:06:28:00 +0100] "GET /sitemap.txt HTTP/1.1" 404 274 "-" "Mozilla/5.0 (compatible; BLEXBot/1.0; +http://webmeup-crawler.com/)"
157.90.182.30 - - [13/Nov/2022:06:28:03 +0100] "GET /AmiKo/OSX?action=diff HTTP/1.1" 403 18 "-" "Mozilla/5.0 (compatible; BLEXBot/1.0; +http://webmeup-crawler.com/)"
157.90.182.30 - - [13/Nov/2022:06:28:10 +0100] "GET /AmiKo/OSX?action=edit HTTP/1.1" 403 18 "-" "Mozilla/5.0 (compatible; BLEXBot/1.0; +http://webmeup-crawler.com/)"
157.90.182.30 - - [13/Nov/2022:06:28:14 +0100] "GET /AmiKo/OSX?action=print HTTP/1.1" 403 18 "-" "Mozilla/5.0 (compatible; BLEXBot/1.0; +http://webmeup-crawler.com/)"
89.246.241.14 - - [13/Nov/2022:06:28:41 +0100] "GET /Main/2006?action=edit HTTP/1.1" 200 9271 "-" "Mozilla/5.0 (Windows NT 10.0; Win64; x64; rv:84.0) Gecko/20100101 Firefox/84.0"
157.90.182.30 - - [13/Nov/2022:06:28:45 +0100] "GET /AmiKo/OSX?action=upload HTTP/1.1" 403 18 "-" "Mozilla/5.0 (compatible; BLEXBot/1.0; +http://webmeup-crawler.com/)"
157.90.182.30 - - [13/Nov/2022:06:28:50 +0100] "GET /AmiKo/OSX?n=Main.SideBar?action=edit HTTP/1.1" 403 18 "-" "Mozilla/5.0 (compatible; BLEXBot/1.0; +http://webmeup-crawler.com/)"
157.90.182.30 - - [13/Nov/2022:06:28:51 +0100] "GET /Main/SideBar?action=edit HTTP/1.1" 403 18 "-" "Mozilla/5.0 (compatible; BLEXBot/1.0; +http://webmeup-crawler.com/)"
157.90.182.30 - - [13/Nov/2022:06:28:53 +0100] "GET /OSX/CoMed HTTP/1.1" 200 8463 "-" "Mozilla/5.0 (compatible; BLEXBot/1.0; +http://webmeup-crawler.com/)"
157.90.182.30 - - [13/Nov/2022:06:28:57 +0100] "GET /OSX/CoMed?action=diff HTTP/1.1" 403 18 "-" "Mozilla/5.0 (compatible; BLEXBot/1.0; +http://webmeup-crawler.com/)"
157.90.182.30 - - [13/Nov/2022:06:29:00 +0100] "GET /OSX/CoMed?action=edit HTTP/1.1" 403 18 "-" "Mozilla/5.0 (compatible; BLEXBot/1.0; +http://webmeup-crawler.com/)"
157.90.182.30 - - [13/Nov/2022:06:29:04 +0100] "GET /OSX/CoMed?action=print HTTP/1.1" 403 18 "-" "Mozilla/5.0 (compatible; BLEXBot/1.0; +http://webmeup-crawler.com/)"
157.90.182.30 - - [13/Nov/2022:06:29:08 +0100] "GET /OSX/CoMed?action=upload HTTP/1.1" 403 18 "-" "Mozilla/5.0 (compatible; BLEXBot/1.0; +http://webmeup-crawler.com/)"
157.90.182.30 - - [13/Nov/2022:06:29:11 +0100] "GET /OSX/CoMed?n=Main.SideBar?action=edit HTTP/1.1" 403 18 "-" "Mozilla/5.0 (compatible; BLEXBot/1.0; +http://webmeup-crawler.com/)"
207.46.13.25 - - [13/Nov/2022:06:31:32 +0100] "GET /uploads/Main/Zivilgericht_Basel_Verf%fcgung_14.3.2007.pdf HTTP/1.1" 200 60640 "-" "Mozilla/5.0 (compatible; bingbot/2.0; +http://www.bing.com/bingbot.htm)"
64.71.157.122 - - [13/Nov/2022:06:35:31 +0100] "GET /pmwiki.php/Site/AllRecentChanges?action=rss HTTP/1.1" 200 2546 "-" "Feedbin feed-id:590358 - 1 subscribers"
89.246.241.14 - - [13/Nov/2022:06:36:41 +0100] "GET /Ywesee/InfoCodexProcedure HTTP/1.1" 200 12373 "-" "Mozilla/5.0 (Windows NT 10.0; Win64; x64; rv:84.0) Gecko/20100101 Firefox/84.0"
89.246.241.14 - - [13/Nov/2022:06:37:37 +0100] "GET /Main/2014?action=print HTTP/1.1" 200 14490 "-" "Mozilla/5.0 (Windows NT 10.0; Win64; x64; rv:84.0) Gecko/20100101 Firefox/84.0"
85.5.32.126 - - [13/Nov/2022:06:37:47 +0100] "GET /Ywesee/Team HTTP/1.1" 200 18245 "https://www.google.com/" "Mozilla/5.0 (Linux; Android 12; SM-F926B) AppleWebKit/537.36 (KHTML, like Gecko) Chrome/107.0.0.0 Mobile Safari/537.36"
85.5.32.126 - - [13/Nov/2022:06:37:47 +0100] "GET /pub/skins/ywesee/gila.css HTTP/1.1" 200 8276 "https://www.ywesee.com/Ywesee/Team" "Mozilla/5.0 (Linux; Android 12; SM-F926B) AppleWebKit/537.36 (KHTML, like Gecko) Chrome/107.0.0.0 Mobile Safari/537.36"
85.5.32.126 - - [13/Nov/2022:06:37:47 +0100] "GET /favicon.ico HTTP/1.1" 200 1406 "https://www.ywesee.com/Ywesee/Team" "Mozilla/5.0 (Linux; Android 12; SM-F926B) AppleWebKit/537.36 (KHTML, like Gecko) Chrome/107.0.0.0 Mobile Safari/537.36"
89.246.241.14 - - [13/Nov/2022:06:38:05 +0100] "GET /Main/2007?action=edit HTTP/1.1" 200 9271 "-" "Mozilla/5.0 (Windows NT 10.0; Win64; x64; rv:84.0) Gecko/20100101 Firefox/84.0"
85.5.32.126 - - [13/Nov/2022:06:40:21 +0100] "GET /Ywesee/About HTTP/1.1" 200 9132 "https://www.ywesee.com/Ywesee/Team" "Mozilla/5.0 (Linux; Android 12; SM-F926B) AppleWebKit/537.36 (KHTML, like Gecko) Chrome/107.0.0.0 Mobile Safari/537.36"
85.5.32.126 - - [13/Nov/2022:06:41:01 +0100] "GET /Ywesee/About HTTP/1.1" 200 9132 "https://www.ywesee.com/Ywesee/Team" "Mozilla/5.0 (Linux; Android 12; SM-F926B) AppleWebKit/537.36 (KHTML, like Gecko) Chrome/107.0.0.0 Mobile Safari/537.36"
85.5.32.126 - - [13/Nov/2022:06:41:15 +0100] "GET /Ywesee/Team HTTP/1.1" 200 18245 "https://www.ywesee.com/Ywesee/About" "Mozilla/5.0 (Linux; Android 12; SM-F926B) AppleWebKit/537.36 (KHTML, like Gecko) Chrome/107.0.0.0 Mobile Safari/537.36"
85.5.32.126 - - [13/Nov/2022:06:41:22 +0100] "GET /Ywesee/About HTTP/1.1" 200 9132 "https://www.ywesee.com/Ywesee/Team" "Mozilla/5.0 (Linux; Android 12; SM-F926B) AppleWebKit/537.36 (KHTML, like Gecko) Chrome/107.0.0.0 Mobile Safari/537.36"
85.5.32.126 - - [13/Nov/2022:06:41:35 +0100] "GET /Ywesee/Team HTTP/1.1" 200 18245 "https://www.google.com/" "Mozilla/5.0 (Linux; Android 12; SM-F926B) AppleWebKit/537.36 (KHTML, like Gecko) Chrome/107.0.0.0 Mobile Safari/537.36"
85.5.32.126 - - [13/Nov/2022:06:41:39 +0100] "GET /Ywesee/Team HTTP/1.1" 200 18245 "https://www.ywesee.com/Ywesee/Team" "Mozilla/5.0 (Linux; Android 12; SM-F926B) AppleWebKit/537.36 (KHTML, like Gecko) Chrome/107.0.0.0 Mobile Safari/537.36"
85.5.32.126 - - [13/Nov/2022:06:42:07 +0100] "GET /Ywesee/Team HTTP/1.1" 200 18245 "https://www.ywesee.com/Ywesee/Team" "Mozilla/5.0 (Linux; Android 12; SM-F926B) AppleWebKit/537.36 (KHTML, like Gecko) Chrome/107.0.0.0 Mobile Safari/537.36"
85.5.32.126 - - [13/Nov/2022:06:42:18 +0100] "GET /Ywesee/Team HTTP/1.1" 200 18245 "https://www.ywesee.com/Ywesee/Team" "Mozilla/5.0 (Linux; Android 12; SM-F926B) AppleWebKit/537.36 (KHTML, like Gecko) Chrome/107.0.0.0 Mobile Safari/537.36"
85.5.32.126 - - [13/Nov/2022:06:42:54 +0100] "GET /Ywesee/Team HTTP/1.1" 200 18245 "https://www.ywesee.com/Ywesee/Team" "Mozilla/5.0 (Linux; Android 12; SM-F926B) AppleWebKit/537.36 (KHTML, like Gecko) Chrome/107.0.0.0 Mobile Safari/537.36"
85.5.32.126 - - [13/Nov/2022:06:43:26 +0100] "GET /Ywesee/Team HTTP/1.1" 200 18245 "https://www.ywesee.com/Ywesee/Team" "Mozilla/5.0 (Linux; Android 12; SM-F926B) AppleWebKit/537.36 (KHTML, like Gecko) Chrome/107.0.0.0 Mobile Safari/537.36"
89.246.241.14 - - [13/Nov/2022:06:43:27 +0100] "GET /uploads/Main/Chaos_auf_dem_Medikamenten-Markt.pdf HTTP/1.1" 200 67922 "-" "Mozilla/5.0 (Windows NT 10.0; Win64; x64; rv:84.0) Gecko/20100101 Firefox/84.0"
120.244.123.178 - - [13/Nov/2022:06:46:06 +0100] "GET /robots.txt HTTP/1.1" 200 - "-" "Mozilla/5.0 (Windows NT 10.0; Win64; x64) AppleWebKit/537.36 (KHTML, like Gecko) Chrome/92.0.4515.159 Safari/537.36"
194.209.200.2 - - [13/Nov/2022:06:46:11 +0100] "GET /robots.txt HTTP/1.1" 200 - "-" "Mozilla/5.0 (compatible; TMMBot/0.2; +http://www.dslab.ch)/Nutch-1.15"
