194.209.200.2 - - [13/Nov/2022:06:46:11 +0100] "GET /Miele/MieleLXIV HTTP/1.1" 200 15367 "-" "Mozilla/5.0 (compatible; TMMBot/0.2; +http://www.dslab.ch)/Nutch-1.15"
157.55.39.57 - - [13/Nov/2022:06:46:18 +0100] "GET /Oddb2xml/Version HTTP/1.1" 200 9879 "-" "Mozilla/5.0 (compatible; bingbot/2.0; +http://www.bing.com/bingbot.htm)"
194.209.200.2 - - [13/Nov/2022:06:47:52 +0100] "GET /ODDB/IndividuelleMediliste HTTP/1.1" 200 9139 "-" "Mozilla/5.0 (compatible; TMMBot/0.2; +http://www.dslab.ch)/Nutch-1.15"
194.209.200.2 - - [13/Nov/2022:06:47:59 +0100] "GET /Main/2008 HTTP/1.1" 200 34740 "-" "Mozilla/5.0 (compatible; TMMBot/0.2; +http://www.dslab.ch)/Nutch-1.15"
194.209.200.2 - - [13/Nov/2022:06:48:08 +0100] "GET /Main/2006 HTTP/1.1" 200 39320 "-" "Mozilla/5.0 (compatible; TMMBot/0.2; +http://www.dslab.ch)/Nutch-1.15"
194.209.200.2 - - [13/Nov/2022:06:48:16 +0100] "GET /Main/2004 HTTP/1.1" 200 14080 "-" "Mozilla/5.0 (compatible; TMMBot/0.2; +http://www.dslab.ch)/Nutch-1.15"
194.209.200.2 - - [13/Nov/2022:06:48:19 +0100] "GET /Main/2017 HTTP/1.1" 200 15840 "-" "Mozilla/5.0 (compatible; TMMBot/0.2; +http://www.dslab.ch)/Nutch-1.15"
114.119.146.111 - - [13/Nov/2022:06:48:20 +0100] "GET /robots.txt HTTP/1.1" 200 - "-" "Mozilla/5.0 (compatible;PetalBot;+https://webmaster.petalsearch.com/site/petalbot)"
194.209.200.2 - - [13/Nov/2022:06:48:36 +0100] "GET /Main/2013 HTTP/1.1" 200 20487 "-" "Mozilla/5.0 (compatible; TMMBot/0.2; +http://www.dslab.ch)/Nutch-1.15"
194.209.200.2 - - [13/Nov/2022:06:48:50 +0100] "GET /Ywesee/Kontakt HTTP/1.1" 200 8973 "-" "Mozilla/5.0 (compatible; TMMBot/0.2; +http://www.dslab.ch)/Nutch-1.15"
194.209.200.2 - - [13/Nov/2022:06:49:56 +0100] "GET /robots.txt HTTP/1.1" 200 - "-" "Mozilla/5.0 (compatible; TMMBot/0.2; +http://www.dslab.ch)/Nutch-1.15"
194.209.200.2 - - [13/Nov/2022:06:50:29 +0100] "GET /AmiKo/Web HTTP/1.1" 200 9588 "-" "Mozilla/5.0 (compatible; TMMBot/0.2; +http://www.dslab.ch)/Nutch-1.15"
194.209.200.2 - - [13/Nov/2022:06:51:16 +0100] "GET /Ywesee/OpenSource HTTP/1.1" 200 10790 "-" "Mozilla/5.0 (compatible; TMMBot/0.2; +http://www.dslab.ch)/Nutch-1.15"
89.246.241.14 - - [13/Nov/2022:06:51:19 +0100] "GET /Main/HirslandenProfessional HTTP/1.1" 200 8885 "-" "Mozilla/5.0 (Windows NT 10.0; Win64; x64; rv:84.0) Gecko/20100101 Firefox/84.0"
194.209.200.2 - - [13/Nov/2022:06:51:48 +0100] "GET /Main/2009 HTTP/1.1" 200 21688 "-" "Mozilla/5.0 (compatible; TMMBot/0.2; +http://www.dslab.ch)/Nutch-1.15"
194.209.200.2 - - [13/Nov/2022:06:51:56 +0100] "GET /Main/2007 HTTP/1.1" 200 50639 "-" "Mozilla/5.0 (compatible; TMMBot/0.2; +http://www.dslab.ch)/Nutch-1.15"
89.246.241.14 - - [13/Nov/2022:06:52:14 +0100] "GET /Main/MyMedi HTTP/1.1" 200 9646 "-" "Mozilla/5.0 (Windows NT 10.0; Win64; x64; rv:84.0) Gecko/20100101 Firefox/84.0"
194.209.200.2 - - [13/Nov/2022:06:52:34 +0100] "GET /Main/2010 HTTP/1.1" 200 27997 "-" "Mozilla/5.0 (compatible; TMMBot/0.2; +http://www.dslab.ch)/Nutch-1.15"
194.209.200.2 - - [13/Nov/2022:06:52:43 +0100] "GET /Eggze/SpreadIt HTTP/1.1" 200 12537 "-" "Mozilla/5.0 (compatible; TMMBot/0.2; +http://www.dslab.ch)/Nutch-1.15"
194.209.200.2 - - [13/Nov/2022:06:52:51 +0100] "GET /Ywesee/About HTTP/1.1" 200 9132 "-" "Mozilla/5.0 (compatible; TMMBot/0.2; +http://www.dslab.ch)/Nutch-1.15"
3.21.247.249 - - [13/Nov/2022:06:54:45 +0100] "GET /app-ads.txt HTTP/1.1" 404 270 "-" "Mozilla"
3.21.247.249 - - [13/Nov/2022:06:54:47 +0100] "GET /app-ads.txt HTTP/1.1" 404 270 "-" "Mozilla/5.0 (Macintosh; Intel Mac OS X 10_15_7) AppleWebKit/537.36 (KHTML, like Gecko) Chrome/95.0.4638.54 Safari/537.36"
3.21.247.249 - - [13/Nov/2022:06:54:48 +0100] "GET /app-ads.txt HTTP/1.1" 404 270 "-" "Mozilla/5.0 (Macintosh; Intel Mac OS X 10_15_7) AppleWebKit/537.36 (KHTML, like Gecko) Chrome/95.0.4638.54 Safari/537.36"
89.246.241.14 - - [13/Nov/2022:06:56:08 +0100] "GET /Main/2005?action=upload HTTP/1.1" 200 8737 "-" "Mozilla/5.0 (Windows NT 10.0; Win64; x64; rv:84.0) Gecko/20100101 Firefox/84.0"
185.181.60.189 - - [13/Nov/2022:06:57:22 +0100] "GET / HTTP/1.1" 200 13748 "-" "Mozilla/5.0 (Windows NT 10.0; Win64; x64) AppleWebKit/537.36 (KHTML, like Gecko) Chrome/91.0.4472.114 Safari/537.36 Edg/91.0.864.54"
85.208.98.18 - - [13/Nov/2022:07:00:30 +0100] "GET / HTTP/1.1" 200 13748 "-" "Mozilla/5.0 (compatible; SemrushBot; +http://www.semrush.com/bot.html)"
85.208.98.18 - - [13/Nov/2022:07:01:07 +0100] "GET /robots.txt HTTP/1.1" 200 - "http://www.ywesee.com/robots.txt" "Mozilla/5.0 (compatible; SemrushBot; +http://www.semrush.com/bot.html)"
85.208.98.18 - - [13/Nov/2022:07:01:08 +0100] "HEAD /Main/Home?action=diff HTTP/1.1" 403 - "-" "Mozilla/5.0 (compatible; SemrushBot; +http://www.semrush.com/bot.html)"
85.208.98.18 - - [13/Nov/2022:07:01:08 +0100] "HEAD /ODDB/StammdatenCH HTTP/1.1" 200 - "-" "Mozilla/5.0 (compatible; SemrushBot; +http://www.semrush.com/bot.html)"
85.208.98.18 - - [13/Nov/2022:07:01:08 +0100] "HEAD /Main/SearchWiki HTTP/1.1" 200 - "-" "Mozilla/5.0 (compatible; SemrushBot; +http://www.semrush.com/bot.html)"
85.208.98.18 - - [13/Nov/2022:07:01:08 +0100] "HEAD /Software/BBMB HTTP/1.1" 200 - "-" "Mozilla/5.0 (compatible; SemrushBot; +http://www.semrush.com/bot.html)"
85.208.98.18 - - [13/Nov/2022:07:01:08 +0100] "HEAD /Main/Home HTTP/1.1" 200 - "-" "Mozilla/5.0 (compatible; SemrushBot; +http://www.semrush.com/bot.html)"
85.208.98.18 - - [13/Nov/2022:07:01:08 +0100] "HEAD /Site/AllRecentChanges?action=rss HTTP/1.1" 200 - "-" "Mozilla/5.0 (compatible; SemrushBot; +http://www.semrush.com/bot.html)"
85.208.98.18 - - [13/Nov/2022:07:01:08 +0100] "HEAD /Main/DocumedGalenicaVsYwesee HTTP/1.1" 200 - "-" "Mozilla/5.0 (compatible; SemrushBot; +http://www.semrush.com/bot.html)"
85.208.98.18 - - [13/Nov/2022:07:01:08 +0100] "HEAD /Main/2014 HTTP/1.1" 200 - "-" "Mozilla/5.0 (compatible; SemrushBot; +http://www.semrush.com/bot.html)"
85.208.98.18 - - [13/Nov/2022:07:01:09 +0100] "HEAD /Main/Home?action=diff HTTP/1.1" 403 - "-" "Mozilla/5.0 (compatible; SemrushBot; +http://www.semrush.com/bot.html)"
85.208.98.18 - - [13/Nov/2022:07:01:09 +0100] "HEAD /Main/Home?n=Main.SideBar?action=edit HTTP/1.1" 403 - "-" "Mozilla/5.0 (compatible; SemrushBot; +http://www.semrush.com/bot.html)"
85.208.98.18 - - [13/Nov/2022:07:01:09 +0100] "HEAD /uploads/Main/22_10_ARK_Intro_GER.pdf HTTP/1.1" 200 - "-" "Mozilla/5.0 (compatible; SemrushBot; +http://www.semrush.com/bot.html)"
85.208.98.18 - - [13/Nov/2022:07:01:09 +0100] "HEAD /Ywesee/Kontakt HTTP/1.1" 200 - "-" "Mozilla/5.0 (compatible; SemrushBot; +http://www.semrush.com/bot.html)"
85.208.98.18 - - [13/Nov/2022:07:01:09 +0100] "HEAD /Main/2016 HTTP/1.1" 200 - "-" "Mozilla/5.0 (compatible; SemrushBot; +http://www.semrush.com/bot.html)"
85.208.98.18 - - [13/Nov/2022:07:01:09 +0100] "HEAD /Main/2011 HTTP/1.1" 200 - "-" "Mozilla/5.0 (compatible; SemrushBot; +http://www.semrush.com/bot.html)"
85.208.98.18 - - [13/Nov/2022:07:01:09 +0100] "HEAD /uploads/Main/B-2597_2017.pdf HTTP/1.1" 200 - "-" "Mozilla/5.0 (compatible; SemrushBot; +http://www.semrush.com/bot.html)"
85.208.98.18 - - [13/Nov/2022:07:01:09 +0100] "HEAD /Software/YDIM HTTP/1.1" 200 - "-" "Mozilla/5.0 (compatible; SemrushBot; +http://www.semrush.com/bot.html)"
85.208.98.18 - - [13/Nov/2022:07:01:09 +0100] "HEAD /ODDB/IndividuelleMediliste HTTP/1.1" 200 - "-" "Mozilla/5.0 (compatible; SemrushBot; +http://www.semrush.com/bot.html)"
85.208.98.18 - - [13/Nov/2022:07:01:09 +0100] "HEAD /Ywesee/InfoCodex HTTP/1.1" 200 - "-" "Mozilla/5.0 (compatible; SemrushBot; +http://www.semrush.com/bot.html)"
85.208.98.18 - - [13/Nov/2022:07:01:09 +0100] "HEAD /Ywesee/About HTTP/1.1" 200 - "-" "Mozilla/5.0 (compatible; SemrushBot; +http://www.semrush.com/bot.html)"
85.208.98.18 - - [13/Nov/2022:07:01:09 +0100] "HEAD /AmiKo/Android HTTP/1.1" 200 - "-" "Mozilla/5.0 (compatible; SemrushBot; +http://www.semrush.com/bot.html)"
85.208.98.18 - - [13/Nov/2022:07:01:09 +0100] "HEAD /Software/ODDB HTTP/1.1" 200 - "-" "Mozilla/5.0 (compatible; SemrushBot; +http://www.semrush.com/bot.html)"
85.208.98.18 - - [13/Nov/2022:07:01:09 +0100] "HEAD /Main/2008 HTTP/1.1" 200 - "-" "Mozilla/5.0 (compatible; SemrushBot; +http://www.semrush.com/bot.html)"
85.208.98.18 - - [13/Nov/2022:07:01:09 +0100] "HEAD /Software/Spreadsheet HTTP/1.1" 200 - "-" "Mozilla/5.0 (compatible; SemrushBot; +http://www.semrush.com/bot.html)"
85.208.98.18 - - [13/Nov/2022:07:01:09 +0100] "HEAD /Main/2009 HTTP/1.1" 200 - "-" "Mozilla/5.0 (compatible; SemrushBot; +http://www.semrush.com/bot.html)"
85.208.98.18 - - [13/Nov/2022:07:01:09 +0100] "HEAD /Main/Home?action=print HTTP/1.1" 403 - "-" "Mozilla/5.0 (compatible; SemrushBot; +http://www.semrush.com/bot.html)"
85.208.98.18 - - [13/Nov/2022:07:01:09 +0100] "HEAD /Main/2017 HTTP/1.1" 200 - "-" "Mozilla/5.0 (compatible; SemrushBot; +http://www.semrush.com/bot.html)"
85.208.98.18 - - [13/Nov/2022:07:01:09 +0100] "HEAD /Main/2018 HTTP/1.1" 200 - "-" "Mozilla/5.0 (compatible; SemrushBot; +http://www.semrush.com/bot.html)"
85.208.98.18 - - [13/Nov/2022:07:01:09 +0100] "HEAD /Software/XMLConv HTTP/1.1" 200 - "-" "Mozilla/5.0 (compatible; SemrushBot; +http://www.semrush.com/bot.html)"
85.208.98.18 - - [13/Nov/2022:07:01:09 +0100] "HEAD / HTTP/1.1" 200 - "-" "Mozilla/5.0 (compatible; SemrushBot; +http://www.semrush.com/bot.html)"
85.208.98.18 - - [13/Nov/2022:07:01:09 +0100] "HEAD /AmiKo/Web HTTP/1.1" 200 - "-" "Mozilla/5.0 (compatible; SemrushBot; +http://www.semrush.com/bot.html)"
85.208.98.18 - - [13/Nov/2022:07:01:09 +0100] "HEAD /Generikacc/App HTTP/1.1" 200 - "-" "Mozilla/5.0 (compatible; SemrushBot; +http://www.semrush.com/bot.html)"
85.208.98.18 - - [13/Nov/2022:07:01:09 +0100] "HEAD /Main/2020 HTTP/1.1" 200 - "-" "Mozilla/5.0 (compatible; SemrushBot; +http://www.semrush.com/bot.html)"
85.208.98.18 - - [13/Nov/2022:07:01:09 +0100] "HEAD /Software/SoftwareRaid HTTP/1.1" 200 - "-" "Mozilla/5.0 (compatible; SemrushBot; +http://www.semrush.com/bot.html)"
85.208.98.18 - - [13/Nov/2022:07:01:09 +0100] "HEAD /Ywesee/Events HTTP/1.1" 200 - "-" "Mozilla/5.0 (compatible; SemrushBot; +http://www.semrush.com/bot.html)"
85.208.98.18 - - [13/Nov/2022:07:01:09 +0100] "HEAD /Main/2010 HTTP/1.1" 200 - "-" "Mozilla/5.0 (compatible; SemrushBot; +http://www.semrush.com/bot.html)"
85.208.98.18 - - [13/Nov/2022:07:01:09 +0100] "HEAD /Main/2015 HTTP/1.1" 200 - "-" "Mozilla/5.0 (compatible; SemrushBot; +http://www.semrush.com/bot.html)"
85.208.98.18 - - [13/Nov/2022:07:01:09 +0100] "HEAD /Main/2021 HTTP/1.1" 200 - "-" "Mozilla/5.0 (compatible; SemrushBot; +http://www.semrush.com/bot.html)"
85.208.98.18 - - [13/Nov/2022:07:01:09 +0100] "HEAD /uploads/Main/B-2597_2017_fr.pdf HTTP/1.1" 200 - "-" "Mozilla/5.0 (compatible; SemrushBot; +http://www.semrush.com/bot.html)"
85.208.98.18 - - [13/Nov/2022:07:01:09 +0100] "HEAD /Ywesee/OpenSource HTTP/1.1" 200 - "-" "Mozilla/5.0 (compatible; SemrushBot; +http://www.semrush.com/bot.html)"
85.208.98.18 - - [13/Nov/2022:07:01:09 +0100] "HEAD /Main/2005 HTTP/1.1" 200 - "-" "Mozilla/5.0 (compatible; SemrushBot; +http://www.semrush.com/bot.html)"
85.208.98.18 - - [13/Nov/2022:07:01:10 +0100] "HEAD /AmiKo/IOS HTTP/1.1" 200 - "-" "Mozilla/5.0 (compatible; SemrushBot; +http://www.semrush.com/bot.html)"
85.208.98.18 - - [13/Nov/2022:07:01:10 +0100] "HEAD /Oddb2xml/Index HTTP/1.1" 200 - "-" "Mozilla/5.0 (compatible; SemrushBot; +http://www.semrush.com/bot.html)"
85.208.98.18 - - [13/Nov/2022:07:01:10 +0100] "HEAD /AmiKo/OSX HTTP/1.1" 200 - "-" "Mozilla/5.0 (compatible; SemrushBot; +http://www.semrush.com/bot.html)"
85.208.98.18 - - [13/Nov/2022:07:01:10 +0100] "HEAD /AmiKo/Windows HTTP/1.1" 200 - "-" "Mozilla/5.0 (compatible; SemrushBot; +http://www.semrush.com/bot.html)"
85.208.98.18 - - [13/Nov/2022:07:01:10 +0100] "HEAD /Main/SideBar?action=edit HTTP/1.1" 403 - "-" "Mozilla/5.0 (compatible; SemrushBot; +http://www.semrush.com/bot.html)"
85.208.98.18 - - [13/Nov/2022:07:01:10 +0100] "HEAD /Main/2013 HTTP/1.1" 200 - "-" "Mozilla/5.0 (compatible; SemrushBot; +http://www.semrush.com/bot.html)"
85.208.98.18 - - [13/Nov/2022:07:01:10 +0100] "HEAD /AmiKo/Linux HTTP/1.1" 200 - "-" "Mozilla/5.0 (compatible; SemrushBot; +http://www.semrush.com/bot.html)"
85.208.98.18 - - [13/Nov/2022:07:01:10 +0100] "HEAD /Main/Home?action=edit HTTP/1.1" 403 - "-" "Mozilla/5.0 (compatible; SemrushBot; +http://www.semrush.com/bot.html)"
85.208.98.18 - - [13/Nov/2022:07:01:10 +0100] "HEAD /Main/2007 HTTP/1.1" 200 - "-" "Mozilla/5.0 (compatible; SemrushBot; +http://www.semrush.com/bot.html)"
85.208.98.18 - - [13/Nov/2022:07:01:10 +0100] "HEAD /Main/2004 HTTP/1.1" 200 - "-" "Mozilla/5.0 (compatible; SemrushBot; +http://www.semrush.com/bot.html)"
85.208.98.18 - - [13/Nov/2022:07:01:10 +0100] "HEAD /ODDB/IntegrationLookAmpFeelGenerikasuche HTTP/1.1" 200 - "-" "Mozilla/5.0 (compatible; SemrushBot; +http://www.semrush.com/bot.html)"
85.208.98.18 - - [13/Nov/2022:07:01:10 +0100] "HEAD /Main/2019 HTTP/1.1" 200 - "-" "Mozilla/5.0 (compatible; SemrushBot; +http://www.semrush.com/bot.html)"
85.208.98.18 - - [13/Nov/2022:07:01:10 +0100] "HEAD /Main/Home?action=edit HTTP/1.1" 403 - "-" "Mozilla/5.0 (compatible; SemrushBot; +http://www.semrush.com/bot.html)"
85.208.98.18 - - [13/Nov/2022:07:01:10 +0100] "HEAD /Main/Home?action=upload HTTP/1.1" 403 - "-" "Mozilla/5.0 (compatible; SemrushBot; +http://www.semrush.com/bot.html)"
85.208.98.18 - - [13/Nov/2022:07:01:10 +0100] "HEAD /uploads/Main/22_10_ARK_Intro_ENG.pdf HTTP/1.1" 200 - "-" "Mozilla/5.0 (compatible; SemrushBot; +http://www.semrush.com/bot.html)"
85.208.98.18 - - [13/Nov/2022:07:01:10 +0100] "HEAD /Main/2012 HTTP/1.1" 200 - "-" "Mozilla/5.0 (compatible; SemrushBot; +http://www.semrush.com/bot.html)"
85.208.98.18 - - [13/Nov/2022:07:01:10 +0100] "HEAD /Main/Home HTTP/1.1" 200 - "-" "Mozilla/5.0 (compatible; SemrushBot; +http://www.semrush.com/bot.html)"
85.208.98.18 - - [13/Nov/2022:07:01:10 +0100] "HEAD /Main/Home?action=upload HTTP/1.1" 403 - "-" "Mozilla/5.0 (compatible; SemrushBot; +http://www.semrush.com/bot.html)"
85.208.98.18 - - [13/Nov/2022:07:01:10 +0100] "HEAD /Main/Home HTTP/1.1" 200 - "-" "Mozilla/5.0 (compatible; SemrushBot; +http://www.semrush.com/bot.html)"
85.208.98.18 - - [13/Nov/2022:07:01:10 +0100] "HEAD /Main/Home?action=print HTTP/1.1" 403 - "-" "Mozilla/5.0 (compatible; SemrushBot; +http://www.semrush.com/bot.html)"
85.208.98.18 - - [13/Nov/2022:07:01:10 +0100] "HEAD /Ywesee/Team HTTP/1.1" 200 - "-" "Mozilla/5.0 (compatible; SemrushBot; +http://www.semrush.com/bot.html)"
85.208.98.18 - - [13/Nov/2022:07:01:10 +0100] "HEAD /pmwiki.php?n=Software.WikiS HTTP/1.1" 200 - "http://www.ywesee.com/pmwiki.php?n=Software.WikiS" "Mozilla/5.0 (compatible; SemrushBot; +http://www.semrush.com/bot.html)"
85.208.98.18 - - [13/Nov/2022:07:01:10 +0100] "HEAD /Main/2006 HTTP/1.1" 200 - "-" "Mozilla/5.0 (compatible; SemrushBot; +http://www.semrush.com/bot.html)"
89.246.241.14 - - [13/Nov/2022:07:01:37 +0100] "GET /Main/Legende HTTP/1.1" 200 9217 "-" "Mozilla/5.0 (Windows NT 10.0; Win64; x64; rv:84.0) Gecko/20100101 Firefox/84.0"
89.246.241.14 - - [13/Nov/2022:07:01:42 +0100] "GET /Main/EANCode HTTP/1.1" 200 9821 "-" "Mozilla/5.0 (Windows NT 10.0; Win64; x64; rv:84.0) Gecko/20100101 Firefox/84.0"
59.103.244.165 - - [13/Nov/2022:07:02:08 +0100] "GET /phpmyadmin/ HTTP/1.1" 404 270 "-" "Mozilla/5.0 (Windows NT 6.0; rv:34.0) Gecko/20100101 Firefox/34.0"
59.103.244.165 - - [13/Nov/2022:07:02:08 +0100] "GET /administrator/ HTTP/1.1" 404 273 "-" "Mozilla/5.0 (Windows NT 6.0; rv:34.0) Gecko/20100101 Firefox/34.0"
59.103.244.165 - - [13/Nov/2022:07:02:09 +0100] "GET /administrator/index.php HTTP/1.1" 404 282 "https://ywesee.com/administrator/" "Mozilla/5.0 (Windows NT 6.0; rv:34.0) Gecko/20100101 Firefox/34.0"
59.103.244.165 - - [13/Nov/2022:07:02:09 +0100] "GET /phpmyadmin/ HTTP/1.1" 404 270 "-" "Mozilla/5.0 (Windows NT 6.0; rv:34.0) Gecko/20100101 Firefox/34.0"
59.103.244.165 - - [13/Nov/2022:07:02:10 +0100] "GET /wp-login.php HTTP/1.1" 404 271 "-" "Mozilla/5.0 (Windows NT 6.0; rv:34.0) Gecko/20100101 Firefox/34.0"
59.103.244.165 - - [13/Nov/2022:07:02:10 +0100] "GET /wp-admin/ HTTP/1.1" 404 268 "https://ywesee.com/wp-login.php" "Mozilla/5.0 (Windows NT 6.0; rv:34.0) Gecko/20100101 Firefox/34.0"
59.103.244.165 - - [13/Nov/2022:07:02:11 +0100] "GET /phpMyAdmin/ HTTP/1.1" 404 270 "-" "Mozilla/5.0 (Windows NT 6.0; rv:34.0) Gecko/20100101 Firefox/34.0"
59.103.244.165 - - [13/Nov/2022:07:02:12 +0100] "GET /PhpMyAdmin/ HTTP/1.1" 404 8481 "-" "Mozilla/5.0 (Windows NT 6.0; rv:34.0) Gecko/20100101 Firefox/34.0"
59.103.244.165 - - [13/Nov/2022:07:02:12 +0100] "GET /admin.php HTTP/1.1" 404 268 "-" "Mozilla/5.0 (Windows NT 6.0; rv:34.0) Gecko/20100101 Firefox/34.0"
59.103.244.165 - - [13/Nov/2022:07:02:14 +0100] "GET /admin HTTP/1.1" 404 264 "-" "Mozilla/5.0 (Windows NT 6.0; rv:34.0) Gecko/20100101 Firefox/34.0"
59.103.244.165 - - [13/Nov/2022:07:02:14 +0100] "GET /pma/ HTTP/1.1" 404 263 "-" "Mozilla/5.0 (Windows NT 6.0; rv:34.0) Gecko/20100101 Firefox/34.0"
59.103.244.165 - - [13/Nov/2022:07:02:15 +0100] "GET /admin HTTP/1.1" 404 264 "-" "Mozilla/5.0 (Windows NT 6.0; rv:34.0) Gecko/20100101 Firefox/34.0"
59.103.244.165 - - [13/Nov/2022:07:02:16 +0100] "GET /admin/ HTTP/1.1" 404 265 "-" "Mozilla/5.0 (Windows NT 6.0; rv:34.0) Gecko/20100101 Firefox/34.0"
176.10.107.180 - - [13/Nov/2022:07:02:21 +0100] "GET /administrator/ HTTP/1.1" 404 273 "-" "Mozilla/5.0 (Windows NT 6.0; rv:34.0) Gecko/20100101 Firefox/34.0"
176.10.107.180 - - [13/Nov/2022:07:02:22 +0100] "GET /administrator/index.php HTTP/1.1" 404 282 "https://ywesee.com/administrator/" "Mozilla/5.0 (Windows NT 6.0; rv:34.0) Gecko/20100101 Firefox/34.0"
193.218.118.151 - - [13/Nov/2022:07:02:27 +0100] "GET /wp-login.php HTTP/1.1" 404 271 "-" "Mozilla/5.0 (Windows NT 6.0; rv:34.0) Gecko/20100101 Firefox/34.0"
193.218.118.151 - - [13/Nov/2022:07:02:29 +0100] "GET /wp-admin/ HTTP/1.1" 404 268 "https://ywesee.com/wp-login.php" "Mozilla/5.0 (Windows NT 6.0; rv:34.0) Gecko/20100101 Firefox/34.0"
185.100.86.245 - - [13/Nov/2022:07:02:33 +0100] "GET /admin.php HTTP/1.1" 404 268 "-" "Mozilla/5.0 (Windows NT 6.0; rv:34.0) Gecko/20100101 Firefox/34.0"
185.14.97.176 - - [13/Nov/2022:07:02:40 +0100] "GET /admin HTTP/1.1" 404 264 "-" "Mozilla/5.0 (Windows NT 6.0; rv:34.0) Gecko/20100101 Firefox/34.0"
31.133.0.182 - - [13/Nov/2022:07:02:45 +0100] "GET /admin HTTP/1.1" 404 264 "-" "Mozilla/5.0 (Windows NT 6.0; rv:34.0) Gecko/20100101 Firefox/34.0"
185.220.101.19 - - [13/Nov/2022:07:02:48 +0100] "GET /admin/ HTTP/1.1" 404 265 "-" "Mozilla/5.0 (Windows NT 6.0; rv:34.0) Gecko/20100101 Firefox/34.0"
89.246.241.14 - - [13/Nov/2022:07:07:30 +0100] "GET /Main/2006?action=diff HTTP/1.1" 200 41442 "-" "Mozilla/5.0 (Windows NT 10.0; Win64; x64; rv:84.0) Gecko/20100101 Firefox/84.0"
64.71.157.115 - - [13/Nov/2022:07:10:34 +0100] "GET /pmwiki.php/Site/AllRecentChanges?action=rss HTTP/1.1" 200 2546 "-" "Feedbin feed-id:590358 - 1 subscribers"
89.246.241.14 - - [13/Nov/2022:07:13:40 +0100] "GET /Main/MediStammdatenKostenSchweiz HTTP/1.1" 200 10264 "-" "Mozilla/5.0 (Windows NT 10.0; Win64; x64; rv:84.0) Gecko/20100101 Firefox/84.0"
89.246.241.14 - - [13/Nov/2022:07:21:49 +0100] "GET /uploads/Main/Seite_1.pdf HTTP/1.1" 200 1100985 "-" "Mozilla/5.0 (Windows NT 10.0; Win64; x64; rv:84.0) Gecko/20100101 Firefox/84.0"
40.77.167.7 - - [13/Nov/2022:07:22:44 +0100] "GET /Main/SearchWiki?pagename=Main%2FSearchWiki&q= HTTP/1.1" 200 10182 "-" "Mozilla/5.0 (compatible; bingbot/2.0; +http://www.bing.com/bingbot.htm)"
194.209.200.2 - - [13/Nov/2022:07:23:11 +0100] "GET /robots.txt HTTP/1.1" 200 - "-" "Mozilla/5.0 (compatible; TMMBot/0.2; +http://www.dslab.ch)/Nutch-1.15"
194.209.200.2 - - [13/Nov/2022:07:23:11 +0100] "GET /Miele/MieleLXIV HTTP/1.1" 200 15367 "-" "Mozilla/5.0 (compatible; TMMBot/0.2; +http://www.dslab.ch)/Nutch-1.15"
194.209.200.2 - - [13/Nov/2022:07:24:48 +0100] "GET /ODDB/IndividuelleMediliste HTTP/1.1" 200 9139 "-" "Mozilla/5.0 (compatible; TMMBot/0.2; +http://www.dslab.ch)/Nutch-1.15"
194.209.200.2 - - [13/Nov/2022:07:24:54 +0100] "GET /Main/2008 HTTP/1.1" 200 34740 "-" "Mozilla/5.0 (compatible; TMMBot/0.2; +http://www.dslab.ch)/Nutch-1.15"
194.209.200.2 - - [13/Nov/2022:07:25:03 +0100] "GET /Main/2006 HTTP/1.1" 200 39320 "-" "Mozilla/5.0 (compatible; TMMBot/0.2; +http://www.dslab.ch)/Nutch-1.15"
66.249.76.87 - - [13/Nov/2022:07:25:05 +0100] "GET / HTTP/1.1" 200 13748 "-" "Mozilla/5.0 (Linux; Android 6.0.1; Nexus 5X Build/MMB29P) AppleWebKit/537.36 (KHTML, like Gecko) Chrome/107.0.5304.110 Mobile Safari/537.36 (compatible; Googlebot/2.1; +http://www.google.com/bot.html)"
194.209.200.2 - - [13/Nov/2022:07:25:12 +0100] "GET /Main/2004 HTTP/1.1" 200 14080 "-" "Mozilla/5.0 (compatible; TMMBot/0.2; +http://www.dslab.ch)/Nutch-1.15"
194.209.200.2 - - [13/Nov/2022:07:25:15 +0100] "GET /Main/2017 HTTP/1.1" 200 15840 "-" "Mozilla/5.0 (compatible; TMMBot/0.2; +http://www.dslab.ch)/Nutch-1.15"
194.209.200.2 - - [13/Nov/2022:07:25:32 +0100] "GET /Main/2013 HTTP/1.1" 200 20487 "-" "Mozilla/5.0 (compatible; TMMBot/0.2; +http://www.dslab.ch)/Nutch-1.15"
194.209.200.2 - - [13/Nov/2022:07:26:14 +0100] "GET /AmiKo/OSX HTTP/1.1" 200 9772 "-" "Mozilla/5.0 (compatible; TMMBot/0.2; +http://www.dslab.ch)/Nutch-1.15"
194.209.200.2 - - [13/Nov/2022:07:26:48 +0100] "GET /robots.txt HTTP/1.1" 200 - "-" "Mozilla/5.0 (compatible; TMMBot/0.2; +http://www.dslab.ch)/Nutch-1.15"
141.148.130.18 - - [13/Nov/2022:07:27:09 +0100] "GET /ywesee-dump.sql.tar HTTP/1.1" 404 278 "-" "Firefox"
194.209.200.2 - - [13/Nov/2022:07:27:19 +0100] "GET /AmiKo/Web HTTP/1.1" 200 9588 "-" "Mozilla/5.0 (compatible; TMMBot/0.2; +http://www.dslab.ch)/Nutch-1.15"
194.209.200.2 - - [13/Nov/2022:07:27:24 +0100] "GET /Generikacc/App HTTP/1.1" 200 11862 "-" "Mozilla/5.0 (compatible; TMMBot/0.2; +http://www.dslab.ch)/Nutch-1.15"
194.209.200.2 - - [13/Nov/2022:07:28:04 +0100] "GET /Ywesee/OpenSource HTTP/1.1" 200 10790 "-" "Mozilla/5.0 (compatible; TMMBot/0.2; +http://www.dslab.ch)/Nutch-1.15"
194.209.200.2 - - [13/Nov/2022:07:28:35 +0100] "GET /Main/2009 HTTP/1.1" 200 21688 "-" "Mozilla/5.0 (compatible; TMMBot/0.2; +http://www.dslab.ch)/Nutch-1.15"
194.209.200.2 - - [13/Nov/2022:07:28:42 +0100] "GET /Main/2007 HTTP/1.1" 200 50639 "-" "Mozilla/5.0 (compatible; TMMBot/0.2; +http://www.dslab.ch)/Nutch-1.15"
194.209.200.2 - - [13/Nov/2022:07:29:38 +0100] "GET /Ywesee/About HTTP/1.1" 200 9132 "-" "Mozilla/5.0 (compatible; TMMBot/0.2; +http://www.dslab.ch)/Nutch-1.15"
89.246.241.14 - - [13/Nov/2022:07:34:09 +0100] "GET /Ywesee/BitcoinBlockchain HTTP/1.1" 200 9811 "-" "Mozilla/5.0 (Windows NT 10.0; Win64; x64; rv:84.0) Gecko/20100101 Firefox/84.0"
40.77.167.96 - - [13/Nov/2022:07:37:06 +0100] "GET /robots.txt HTTP/1.1" 200 - "-" "Mozilla/5.0 (compatible; bingbot/2.0; +http://www.bing.com/bingbot.htm)"
89.246.241.14 - - [13/Nov/2022:07:37:25 +0100] "GET /Main/2005?action=diff HTTP/1.1" 200 94077 "-" "Mozilla/5.0 (Windows NT 10.0; Win64; x64; rv:84.0) Gecko/20100101 Firefox/84.0"
89.246.241.14 - - [13/Nov/2022:07:39:23 +0100] "GET /pmwiki.php/Ywesee/InfoCodexSharepointPortal HTTP/1.1" 200 10168 "-" "Mozilla/5.0 (Windows NT 10.0; Win64; x64; rv:84.0) Gecko/20100101 Firefox/84.0"
54.36.148.23 - - [13/Nov/2022:07:42:07 +0100] "GET /Main/2005 HTTP/1.1" 200 63344 "-" "Mozilla/5.0 (compatible; AhrefsBot/7.0; +http://ahrefs.com/robot/)"
95.108.213.10 - - [13/Nov/2022:07:42:35 +0100] "GET /robots.txt HTTP/1.1" 200 - "-" "Mozilla/5.0 (compatible; YandexBot/3.0; +http://yandex.com/bots)"
95.108.213.10 - - [13/Nov/2022:07:42:38 +0100] "GET /uploads/Main/Antworten_WEKO_Fragebogen_19.9.2005.pdf HTTP/1.1" 200 374629 "-" "Mozilla/5.0 (compatible; YandexBot/3.0; +http://yandex.com/bots)"
64.71.157.115 - - [13/Nov/2022:07:46:20 +0100] "GET /pmwiki.php/Site/AllRecentChanges?action=rss HTTP/1.1" 200 2546 "-" "Feedbin feed-id:590358 - 1 subscribers"
194.209.200.2 - - [13/Nov/2022:07:59:15 +0100] "GET /robots.txt HTTP/1.1" 200 - "-" "Mozilla/5.0 (compatible; TMMBot/0.2; +http://www.dslab.ch)/Nutch-1.15"
194.209.200.2 - - [13/Nov/2022:07:59:15 +0100] "GET /Miele/MieleLXIV HTTP/1.1" 200 15367 "-" "Mozilla/5.0 (compatible; TMMBot/0.2; +http://www.dslab.ch)/Nutch-1.15"
85.208.98.18 - - [13/Nov/2022:08:00:40 +0100] "GET /PmWiki/Links HTTP/1.1" 200 37854 "-" "Mozilla/5.0 (compatible; SemrushBot; +http://www.semrush.com/bot.html)"
194.209.200.2 - - [13/Nov/2022:08:00:57 +0100] "GET /ODDB/IndividuelleMediliste HTTP/1.1" 200 9139 "-" "Mozilla/5.0 (compatible; TMMBot/0.2; +http://www.dslab.ch)/Nutch-1.15"
194.209.200.2 - - [13/Nov/2022:08:01:04 +0100] "GET /Main/2008 HTTP/1.1" 200 34740 "-" "Mozilla/5.0 (compatible; TMMBot/0.2; +http://www.dslab.ch)/Nutch-1.15"
194.209.200.2 - - [13/Nov/2022:08:01:13 +0100] "GET /Main/2006 HTTP/1.1" 200 39320 "-" "Mozilla/5.0 (compatible; TMMBot/0.2; +http://www.dslab.ch)/Nutch-1.15"
194.209.200.2 - - [13/Nov/2022:08:01:21 +0100] "GET /Main/2004 HTTP/1.1" 200 14080 "-" "Mozilla/5.0 (compatible; TMMBot/0.2; +http://www.dslab.ch)/Nutch-1.15"
194.209.200.2 - - [13/Nov/2022:08:01:24 +0100] "GET /Main/2017 HTTP/1.1" 200 15840 "-" "Mozilla/5.0 (compatible; TMMBot/0.2; +http://www.dslab.ch)/Nutch-1.15"
194.209.200.2 - - [13/Nov/2022:08:01:42 +0100] "GET /Main/2013 HTTP/1.1" 200 20487 "-" "Mozilla/5.0 (compatible; TMMBot/0.2; +http://www.dslab.ch)/Nutch-1.15"
54.68.191.208 - - [13/Nov/2022:08:02:00 +0100] "GET / HTTP/1.1" 200 13748 "-" "Mozilla/5.0 (X11; Linux x86_64) AppleWebKit/537.36 (KHTML, like Gecko) Chrome/83.0.4103.97 Safari/537.36"
194.209.200.2 - - [13/Nov/2022:08:03:18 +0100] "GET /robots.txt HTTP/1.1" 200 - "-" "Mozilla/5.0 (compatible; TMMBot/0.2; +http://www.dslab.ch)/Nutch-1.15"
34.219.81.211 - - [13/Nov/2022:08:03:42 +0100] "GET /favicon.ico HTTP/1.1" 200 1406 "http://ywesee.org/favicon.ico" "Mozilla/5.0 (X11; Linux x86_64) AppleWebKit/537.36 (KHTML, like Gecko) Chrome/83.0.4103.97 Safari/537.36"
194.209.200.2 - - [13/Nov/2022:08:03:49 +0100] "GET /AmiKo/Web HTTP/1.1" 200 9588 "-" "Mozilla/5.0 (compatible; TMMBot/0.2; +http://www.dslab.ch)/Nutch-1.15"
194.209.200.2 - - [13/Nov/2022:08:04:35 +0100] "GET /Ywesee/OpenSource HTTP/1.1" 200 10790 "-" "Mozilla/5.0 (compatible; TMMBot/0.2; +http://www.dslab.ch)/Nutch-1.15"
89.246.241.14 - - [13/Nov/2022:08:04:38 +0100] "GET /Main/FAZ HTTP/1.1" 200 8325 "-" "Mozilla/5.0 (Windows NT 10.0; Win64; x64; rv:84.0) Gecko/20100101 Firefox/84.0"
194.209.200.2 - - [13/Nov/2022:08:05:07 +0100] "GET /Main/2009 HTTP/1.1" 200 21688 "-" "Mozilla/5.0 (compatible; TMMBot/0.2; +http://www.dslab.ch)/Nutch-1.15"
194.209.200.2 - - [13/Nov/2022:08:05:14 +0100] "GET /Main/2007 HTTP/1.1" 200 50639 "-" "Mozilla/5.0 (compatible; TMMBot/0.2; +http://www.dslab.ch)/Nutch-1.15"
194.209.200.2 - - [13/Nov/2022:08:05:22 +0100] "GET /Main/2005 HTTP/1.1" 200 63344 "-" "Mozilla/5.0 (compatible; TMMBot/0.2; +http://www.dslab.ch)/Nutch-1.15"
194.209.200.2 - - [13/Nov/2022:08:06:13 +0100] "GET /Ywesee/About HTTP/1.1" 200 9132 "-" "Mozilla/5.0 (compatible; TMMBot/0.2; +http://www.dslab.ch)/Nutch-1.15"
62.138.2.243 - - [13/Nov/2022:08:09:28 +0100] "GET /robots.txt HTTP/1.1" 200 - "-" "Mozilla/5.0 (compatible; MJ12bot/v1.4.8; http://mj12bot.com/)"
62.138.2.243 - - [13/Nov/2022:08:09:30 +0100] "GET /Main/SuperMicro?action=edit HTTP/1.1" 403 18 "-" "Mozilla/5.0 (compatible; MJ12bot/v1.4.8; http://mj12bot.com/)"
62.138.2.243 - - [13/Nov/2022:08:09:32 +0100] "GET /Main/SwissPostal?action=edit HTTP/1.1" 403 18 "-" "Mozilla/5.0 (compatible; MJ12bot/v1.4.8; http://mj12bot.com/)"
62.138.2.243 - - [13/Nov/2022:08:09:33 +0100] "GET /ODDB/AstraZeneca?action=edit HTTP/1.1" 403 18 "-" "Mozilla/5.0 (compatible; MJ12bot/v1.4.8; http://mj12bot.com/)"
62.138.2.243 - - [13/Nov/2022:08:09:35 +0100] "GET /PmWiki/GoodStyle?action=edit HTTP/1.1" 403 18 "-" "Mozilla/5.0 (compatible; MJ12bot/v1.4.8; http://mj12bot.com/)"
62.138.2.243 - - [13/Nov/2022:08:09:36 +0100] "GET /PmWiki/Installation?action=edit HTTP/1.1" 403 18 "-" "Mozilla/5.0 (compatible; MJ12bot/v1.4.8; http://mj12bot.com/)"
62.138.2.243 - - [13/Nov/2022:08:09:38 +0100] "GET /PmWiki/InterMap?action=edit HTTP/1.1" 403 18 "-" "Mozilla/5.0 (compatible; MJ12bot/v1.4.8; http://mj12bot.com/)"
62.138.2.243 - - [13/Nov/2022:08:09:39 +0100] "GET /PmWiki/Introduction?action=edit HTTP/1.1" 403 18 "-" "Mozilla/5.0 (compatible; MJ12bot/v1.4.8; http://mj12bot.com/)"
62.138.2.243 - - [13/Nov/2022:08:09:41 +0100] "GET /Site/FreeCOM?action=edit HTTP/1.1" 403 18 "-" "Mozilla/5.0 (compatible; MJ12bot/v1.4.8; http://mj12bot.com/)"
62.138.2.243 - - [13/Nov/2022:08:09:43 +0100] "GET /Site/FreeDOS?action=edit HTTP/1.1" 403 18 "-" "Mozilla/5.0 (compatible; MJ12bot/v1.4.8; http://mj12bot.com/)"
62.138.2.243 - - [13/Nov/2022:08:09:44 +0100] "GET /Site/HowTo?action=edit HTTP/1.1" 403 18 "-" "Mozilla/5.0 (compatible; MJ12bot/v1.4.8; http://mj12bot.com/)"
62.138.2.243 - - [13/Nov/2022:08:09:46 +0100] "GET /Site/Test?action=edit HTTP/1.1" 403 18 "-" "Mozilla/5.0 (compatible; MJ12bot/v1.4.8; http://mj12bot.com/)"
62.138.2.243 - - [13/Nov/2022:08:09:47 +0100] "GET /Site/UploadQuickReference?action=edit HTTP/1.1" 403 18 "-" "Mozilla/5.0 (compatible; MJ12bot/v1.4.8; http://mj12bot.com/)"
62.138.2.243 - - [13/Nov/2022:08:09:49 +0100] "GET /Software/BootableGentooUsbStickGrub?action=edit HTTP/1.1" 403 18 "-" "Mozilla/5.0 (compatible; MJ12bot/v1.4.8; http://mj12bot.com/)"
62.138.2.243 - - [13/Nov/2022:08:09:50 +0100] "GET /Software/ChODDB?action=edit HTTP/1.1" 403 18 "-" "Mozilla/5.0 (compatible; MJ12bot/v1.4.8; http://mj12bot.com/)"
62.138.2.243 - - [13/Nov/2022:08:09:52 +0100] "GET /Software/ConsoleError?action=edit HTTP/1.1" 403 18 "-" "Mozilla/5.0 (compatible; MJ12bot/v1.4.8; http://mj12bot.com/)"
62.138.2.243 - - [13/Nov/2022:08:09:54 +0100] "GET /Software/DivisionDescription?action=edit HTTP/1.1" 403 18 "-" "Mozilla/5.0 (compatible; MJ12bot/v1.4.8; http://mj12bot.com/)"
62.138.2.243 - - [13/Nov/2022:08:09:55 +0100] "GET /Software/DivisionPriceIncVat?action=edit HTTP/1.1" 403 18 "-" "Mozilla/5.0 (compatible; MJ12bot/v1.4.8; http://mj12bot.com/)"
62.138.2.243 - - [13/Nov/2022:08:09:57 +0100] "GET /Software/DspamTmda?action=edit HTTP/1.1" 403 18 "-" "Mozilla/5.0 (compatible; MJ12bot/v1.4.8; http://mj12bot.com/)"
62.138.2.243 - - [13/Nov/2022:08:09:58 +0100] "GET /Ywesee/InfoCodexNewUser?action=edit HTTP/1.1" 403 18 "-" "Mozilla/5.0 (compatible; MJ12bot/v1.4.8; http://mj12bot.com/)"
62.138.2.243 - - [13/Nov/2022:08:10:00 +0100] "GET /Ywesee/InfoCodexSharepointPortal?action=edit HTTP/1.1" 403 18 "-" "Mozilla/5.0 (compatible; MJ12bot/v1.4.8; http://mj12bot.com/)"
62.138.2.243 - - [13/Nov/2022:08:10:01 +0100] "GET /Ywesee/InfoCodexSlideShow?action=edit HTTP/1.1" 403 18 "-" "Mozilla/5.0 (compatible; MJ12bot/v1.4.8; http://mj12bot.com/)"
62.138.2.243 - - [13/Nov/2022:08:10:03 +0100] "GET /Ywesee/InfoCodexWordBasis?action=edit HTTP/1.1" 403 18 "-" "Mozilla/5.0 (compatible; MJ12bot/v1.4.8; http://mj12bot.com/)"
62.138.2.243 - - [13/Nov/2022:08:10:05 +0100] "GET /Ywesee/KIndle?action=edit HTTP/1.1" 403 18 "-" "Mozilla/5.0 (compatible; MJ12bot/v1.4.8; http://mj12bot.com/)"
62.138.2.243 - - [13/Nov/2022:08:10:06 +0100] "GET /Ywesee/Kernel?action=edit HTTP/1.1" 403 18 "-" "Mozilla/5.0 (compatible; MJ12bot/v1.4.8; http://mj12bot.com/)"
62.138.2.243 - - [13/Nov/2022:08:10:08 +0100] "GET /Ywesee/ODDB?action=edit HTTP/1.1" 403 18 "-" "Mozilla/5.0 (compatible; MJ12bot/v1.4.8; http://mj12bot.com/)"
62.138.2.243 - - [13/Nov/2022:08:10:09 +0100] "GET /Ywesee/OmniPage?action=edit HTTP/1.1" 403 18 "-" "Mozilla/5.0 (compatible; MJ12bot/v1.4.8; http://mj12bot.com/)"
62.138.2.243 - - [13/Nov/2022:08:10:11 +0100] "GET /Ywesee/SharePoint?action=edit HTTP/1.1" 403 18 "-" "Mozilla/5.0 (compatible; MJ12bot/v1.4.8; http://mj12bot.com/)"
62.138.2.243 - - [13/Nov/2022:08:10:12 +0100] "GET /Ywesee/SmartMonTools?action=edit HTTP/1.1" 403 18 "-" "Mozilla/5.0 (compatible; MJ12bot/v1.4.8; http://mj12bot.com/)"
62.138.2.243 - - [13/Nov/2022:08:10:14 +0100] "GET /Ywesee/Ywesee?action=edit HTTP/1.1" 403 18 "-" "Mozilla/5.0 (compatible; MJ12bot/v1.4.8; http://mj12bot.com/)"
89.246.241.14 - - [13/Nov/2022:08:11:09 +0100] "GET /MEDIupdateXML/Aerzte HTTP/1.1" 200 8529 "-" "Mozilla/5.0 (Windows NT 10.0; Win64; x64; rv:84.0) Gecko/20100101 Firefox/84.0"
185.101.169.235 - - [13/Nov/2022:08:14:00 +0100] "GET / HTTP/1.1" 200 13748 "-" "Mozilla/5.0 (Windows NT 10.0; Win64; x64) AppleWebKit/537.36 (KHTML, like Gecko) Chrome/93.0.4577.82 Safari/537.36"
45.82.244.159 - - [13/Nov/2022:08:14:03 +0100] "GET / HTTP/1.1" 200 13748 "-" "Mozilla/5.0 (Windows NT 10.0; Win64; x64) AppleWebKit/537.36 (KHTML, like Gecko) Chrome/93.0.4577.82 Safari/537.36"
23.250.41.158 - - [13/Nov/2022:08:14:08 +0100] "GET /Ywesee/Kontakt HTTP/1.1" 200 8973 "-" "Mozilla/5.0 (Windows NT 10.0; Win64; x64) AppleWebKit/537.36 (KHTML, like Gecko) Chrome/93.0.4577.82 Safari/537.36"
195.201.25.225 - - [13/Nov/2022:08:14:16 +0100] "GET /Ywesee/Kontakt HTTP/1.1" 200 8973 "-" "Mozilla/5.0 (Windows NT 10.0; Win64; x64) AppleWebKit/537.36 (KHTML, like Gecko) Chrome/93.0.4577.82 Safari/537.36"
195.201.25.225 - - [13/Nov/2022:08:14:16 +0100] "GET /pub/skins/ywesee/gila.css HTTP/1.1" 200 8276 "https://www.ywesee.com/Ywesee/Kontakt" "Mozilla/5.0 (Windows NT 10.0; Win64; x64) AppleWebKit/537.36 (KHTML, like Gecko) Chrome/93.0.4577.82 Safari/537.36"
195.201.25.225 - - [13/Nov/2022:08:14:16 +0100] "GET /favicon.ico HTTP/1.1" 200 1406 "https://www.ywesee.com/Ywesee/Kontakt" "Mozilla/5.0 (Windows NT 10.0; Win64; x64) AppleWebKit/537.36 (KHTML, like Gecko) Chrome/93.0.4577.82 Safari/537.36"
46.232.251.191 - - [13/Nov/2022:08:14:26 +0100] "GET /robots.txt HTTP/1.1" 200 - "-" "Mozilla/5.0 (Windows NT 10.0; Win64; x64) AppleWebKit/537.36 (KHTML, like Gecko) Chrome/93.0.4577.82 Safari/537.36"
45.86.60.105 - - [13/Nov/2022:08:14:30 +0100] "GET /Ywesee/Team HTTP/1.1" 200 18245 "-" "Mozilla/5.0 (Windows NT 10.0; Win64; x64) AppleWebKit/537.36 (KHTML, like Gecko) Chrome/93.0.4577.82 Safari/537.36"
154.92.124.253 - - [13/Nov/2022:08:14:33 +0100] "GET /Ywesee/About HTTP/1.1" 200 9132 "-" "Mozilla/5.0 (Windows NT 10.0; Win64; x64) AppleWebKit/537.36 (KHTML, like Gecko) Chrome/93.0.4577.82 Safari/537.36"
45.170.13.253 - - [13/Nov/2022:08:14:35 +0100] "GET /Ywesee/Kontakt HTTP/1.1" 200 8973 "-" "Mozilla/5.0 (Windows NT 10.0; Win64; x64) AppleWebKit/537.36 (KHTML, like Gecko) Chrome/93.0.4577.82 Safari/537.36"
154.92.124.192 - - [13/Nov/2022:08:14:37 +0100] "GET /Ywesee/Team HTTP/1.1" 200 18245 "-" "Mozilla/5.0 (Windows NT 10.0; Win64; x64) AppleWebKit/537.36 (KHTML, like Gecko) Chrome/93.0.4577.82 Safari/537.36"
198.20.191.157 - - [13/Nov/2022:08:14:42 +0100] "GET /Ywesee/About HTTP/1.1" 200 9132 "-" "Mozilla/5.0 (Windows NT 10.0; Win64; x64) AppleWebKit/537.36 (KHTML, like Gecko) Chrome/93.0.4577.82 Safari/537.36"
144.91.116.50 - - [13/Nov/2022:08:14:49 +0100] "GET / HTTP/1.1" 200 13748 "-" "-"
89.246.241.14 - - [13/Nov/2022:08:14:55 +0100] "GET /Main/WekoBlog HTTP/1.1" 200 22209 "-" "Mozilla/5.0 (Windows NT 10.0; Win64; x64; rv:84.0) Gecko/20100101 Firefox/84.0"
89.246.241.14 - - [13/Nov/2022:08:17:24 +0100] "GET /uploads/Ywesee/Evaluationsentscheid-e.pdf HTTP/1.1" 200 169468 "-" "Mozilla/5.0 (Windows NT 10.0; Win64; x64; rv:84.0) Gecko/20100101 Firefox/84.0"
89.246.241.14 - - [13/Nov/2022:08:19:29 +0100] "GET /Main/Saldo HTTP/1.1" 200 8416 "-" "Mozilla/5.0 (Windows NT 10.0; Win64; x64; rv:84.0) Gecko/20100101 Firefox/84.0"
64.71.157.118 - - [13/Nov/2022:08:21:18 +0100] "GET /pmwiki.php/Site/AllRecentChanges?action=rss HTTP/1.1" 200 2546 "-" "Feedbin feed-id:590358 - 1 subscribers"
89.246.241.14 - - [13/Nov/2022:08:24:14 +0100] "GET /uploads/Main/Stellungnahme_IGE_Arzneimittelkompendium.pdf HTTP/1.1" 200 291209 "-" "Mozilla/5.0 (Windows NT 10.0; Win64; x64; rv:84.0) Gecko/20100101 Firefox/84.0"
89.246.241.14 - - [13/Nov/2022:08:29:23 +0100] "GET /uploads/Main/IC-Enterprise.pdf HTTP/1.1" 200 868608 "-" "Mozilla/5.0 (Windows NT 10.0; Win64; x64; rv:84.0) Gecko/20100101 Firefox/84.0"
89.246.241.14 - - [13/Nov/2022:08:29:47 +0100] "GET /uploads/Main/Schreiben_Bfarm_20.3.2007.pdf HTTP/1.1" 200 607598 "-" "Mozilla/5.0 (Windows NT 10.0; Win64; x64; rv:84.0) Gecko/20100101 Firefox/84.0"
89.246.241.14 - - [13/Nov/2022:08:31:50 +0100] "GET /Main/2007?n=Main.SideBar?action=edit HTTP/1.1" 200 9322 "-" "Mozilla/5.0 (Windows NT 10.0; Win64; x64; rv:84.0) Gecko/20100101 Firefox/84.0"
89.246.241.14 - - [13/Nov/2022:08:32:37 +0100] "GET /uploads/Main/Documed-Beschwerde-Bundesgericht-2007-10-17.pdf HTTP/1.1" 200 1575361 "-" "Mozilla/5.0 (Windows NT 10.0; Win64; x64; rv:84.0) Gecko/20100101 Firefox/84.0"
89.246.241.14 - - [13/Nov/2022:08:34:42 +0100] "GET /pmwiki.php/Main/FachinformationUmfrage HTTP/1.1" 200 9294 "-" "Mozilla/5.0 (Windows NT 10.0; Win64; x64; rv:84.0) Gecko/20100101 Firefox/84.0"
89.246.241.14 - - [13/Nov/2022:08:35:07 +0100] "GET /Ywesee/KurzFachinfo HTTP/1.1" 200 8845 "-" "Mozilla/5.0 (Windows NT 10.0; Win64; x64; rv:84.0) Gecko/20100101 Firefox/84.0"
123.125.109.119 - - [13/Nov/2022:08:35:52 +0100] "GET / HTTP/1.1" 200 13748 "-" "Sogou web spider/4.0(+http://www.sogou.com/docs/help/webmasters.htm#07)"
89.246.241.14 - - [13/Nov/2022:08:37:08 +0100] "GET /pmwiki.php/Ywesee/Team HTTP/1.1" 200 18245 "-" "Mozilla/5.0 (Windows NT 10.0; Win64; x64; rv:84.0) Gecko/20100101 Firefox/84.0"
205.210.31.33 - - [13/Nov/2022:08:38:04 +0100] "GET / HTTP/1.1" 200 13748 "-" "Expanse, a Palo Alto Networks company, searches across the global IPv4 space multiple times per day to identify customers&#39; presences on the Internet. If you would like to be excluded from our scans, please send IP addresses/domains to: scaninfo@paloaltonetworks.com"
89.246.241.14 - - [13/Nov/2022:08:39:46 +0100] "GET /Ywesee/Events HTTP/1.1" 200 8918 "-" "Mozilla/5.0 (Windows NT 10.0; Win64; x64; rv:84.0) Gecko/20100101 Firefox/84.0"
89.246.241.14 - - [13/Nov/2022:08:42:48 +0100] "GET /Main/2006?n=Main.SideBar?action=edit HTTP/1.1" 200 9322 "-" "Mozilla/5.0 (Windows NT 10.0; Win64; x64; rv:84.0) Gecko/20100101 Firefox/84.0"
199.244.88.227 - - [13/Nov/2022:08:43:57 +0100] "GET / HTTP/1.1" 200 13748 "http://ywesee.net" "Mozilla/5.0 (X11; Linux x86_64) AppleWebKit/537.36 (KHTML, like Gecko) Chrome/105.0.0.0 Safari/537.36"
194.209.200.2 - - [13/Nov/2022:08:45:59 +0100] "GET /robots.txt HTTP/1.1" 200 - "-" "Mozilla/5.0 (compatible; TMMBot/0.2; +http://www.dslab.ch)/Nutch-1.15"
194.209.200.2 - - [13/Nov/2022:08:45:59 +0100] "GET /Miele/MieleLXIV HTTP/1.1" 200 15367 "-" "Mozilla/5.0 (compatible; TMMBot/0.2; +http://www.dslab.ch)/Nutch-1.15"
49.7.20.107 - - [13/Nov/2022:08:46:04 +0100] "GET / HTTP/1.1" 200 13748 "-" "Sogou web spider/4.0(+http://www.sogou.com/docs/help/webmasters.htm#07)"
194.209.200.2 - - [13/Nov/2022:08:47:56 +0100] "GET /ODDB/IndividuelleMediliste HTTP/1.1" 200 9139 "-" "Mozilla/5.0 (compatible; TMMBot/0.2; +http://www.dslab.ch)/Nutch-1.15"
194.209.200.2 - - [13/Nov/2022:08:48:04 +0100] "GET /Main/2008 HTTP/1.1" 200 34740 "-" "Mozilla/5.0 (compatible; TMMBot/0.2; +http://www.dslab.ch)/Nutch-1.15"
194.209.200.2 - - [13/Nov/2022:08:48:15 +0100] "GET /Main/2006 HTTP/1.1" 200 39320 "-" "Mozilla/5.0 (compatible; TMMBot/0.2; +http://www.dslab.ch)/Nutch-1.15"
194.209.200.2 - - [13/Nov/2022:08:48:23 +0100] "GET /Main/2004 HTTP/1.1" 200 14080 "-" "Mozilla/5.0 (compatible; TMMBot/0.2; +http://www.dslab.ch)/Nutch-1.15"
89.246.241.14 - - [13/Nov/2022:08:48:27 +0100] "GET /uploads/Main/Saldo_12.9.2007.pdf HTTP/1.1" 200 6147 "-" "Mozilla/5.0 (Windows NT 10.0; Win64; x64; rv:84.0) Gecko/20100101 Firefox/84.0"
194.209.200.2 - - [13/Nov/2022:08:48:28 +0100] "GET /Main/2017 HTTP/1.1" 200 15840 "-" "Mozilla/5.0 (compatible; TMMBot/0.2; +http://www.dslab.ch)/Nutch-1.15"
194.209.200.2 - - [13/Nov/2022:08:48:48 +0100] "GET /Main/2013 HTTP/1.1" 200 20487 "-" "Mozilla/5.0 (compatible; TMMBot/0.2; +http://www.dslab.ch)/Nutch-1.15"
194.209.200.2 - - [13/Nov/2022:08:50:29 +0100] "GET /robots.txt HTTP/1.1" 200 - "-" "Mozilla/5.0 (compatible; TMMBot/0.2; +http://www.dslab.ch)/Nutch-1.15"
194.209.200.2 - - [13/Nov/2022:08:51:05 +0100] "GET /AmiKo/Web HTTP/1.1" 200 9588 "-" "Mozilla/5.0 (compatible; TMMBot/0.2; +http://www.dslab.ch)/Nutch-1.15"
194.209.200.2 - - [13/Nov/2022:08:52:03 +0100] "GET /Ywesee/OpenSource HTTP/1.1" 200 10790 "-" "Mozilla/5.0 (compatible; TMMBot/0.2; +http://www.dslab.ch)/Nutch-1.15"
194.209.200.2 - - [13/Nov/2022:08:52:40 +0100] "GET /Main/2009 HTTP/1.1" 200 21688 "-" "Mozilla/5.0 (compatible; TMMBot/0.2; +http://www.dslab.ch)/Nutch-1.15"
194.209.200.2 - - [13/Nov/2022:08:52:48 +0100] "GET /Main/2007 HTTP/1.1" 200 50639 "-" "Mozilla/5.0 (compatible; TMMBot/0.2; +http://www.dslab.ch)/Nutch-1.15"
194.209.200.2 - - [13/Nov/2022:08:52:57 +0100] "GET /Main/2005 HTTP/1.1" 200 63344 "-" "Mozilla/5.0 (compatible; TMMBot/0.2; +http://www.dslab.ch)/Nutch-1.15"
195.191.219.133 - - [13/Nov/2022:08:53:00 +0100] "GET /robots.txt HTTP/1.1" 200 - "-" "Mozilla/5.0 (compatible; MJ12bot/v1.4.8; http://mj12bot.com/)"
195.191.219.133 - - [13/Nov/2022:08:53:06 +0100] "GET / HTTP/1.1" 200 13748 "-" "Mozilla/5.0 (compatible; MJ12bot/v1.4.8; http://mj12bot.com/)"
89.246.241.14 - - [13/Nov/2022:08:53:39 +0100] "GET /Main/2005?n=Main.SideBar?action=edit HTTP/1.1" 200 9322 "-" "Mozilla/5.0 (Windows NT 10.0; Win64; x64; rv:84.0) Gecko/20100101 Firefox/84.0"
194.209.200.2 - - [13/Nov/2022:08:53:51 +0100] "GET /Ywesee/About HTTP/1.1" 200 9132 "-" "Mozilla/5.0 (compatible; TMMBot/0.2; +http://www.dslab.ch)/Nutch-1.15"
66.249.76.87 - - [13/Nov/2022:08:54:57 +0100] "GET /ODDB/Pharmakokinetik HTTP/1.1" 200 11220 "-" "Mozilla/5.0 (Linux; Android 6.0.1; Nexus 5X Build/MMB29P) AppleWebKit/537.36 (KHTML, like Gecko) Chrome/107.0.5304.110 Mobile Safari/537.36 (compatible; Googlebot/2.1; +http://www.google.com/bot.html)"
89.246.241.14 - - [13/Nov/2022:08:56:14 +0100] "GET /Ywesee/ElektronischesPatientendossierSchweiz HTTP/1.1" 200 11065 "-" "Mozilla/5.0 (Windows NT 10.0; Win64; x64; rv:84.0) Gecko/20100101 Firefox/84.0"
188.34.153.78 - - [13/Nov/2022:09:01:49 +0100] "GET / HTTP/1.1" 200 13748 "-" "page-preview-tool Mozilla/5.0 (Windows NT 10.0; Win64; x64) AppleWebKit/537.36 (KHTML, like Gecko) Chrome/80.0.3987.132 Safari/537.36"
188.34.153.78 - - [13/Nov/2022:09:01:50 +0100] "GET /pub/skins/ywesee/gila.css HTTP/1.1" 200 8276 "https://ywesee.com/" "page-preview-tool Mozilla/5.0 (Windows NT 10.0; Win64; x64) AppleWebKit/537.36 (KHTML, like Gecko) Chrome/80.0.3987.132 Safari/537.36"
104.28.135.79 - - [13/Nov/2022:09:02:46 +0100] "GET /AmiKo/Privacy HTTP/1.1" 200 8621 "-" "Mozilla/5.0 (iPhone; CPU iPhone OS 16_0_3 like Mac OS X) AppleWebKit/605.1.15 (KHTML, like Gecko) Version/16.0 Mobile/15E148 Safari/604.1"
104.28.135.79 - - [13/Nov/2022:09:02:59 +0100] "GET /CoMed/Privacy HTTP/1.1" 404 8393 "-" "Mozilla/5.0 (iPhone; CPU iPhone OS 16_0_3 like Mac OS X) AppleWebKit/605.1.15 (KHTML, like Gecko) Version/16.0 Mobile/15E148 Safari/604.1"
104.28.135.79 - - [13/Nov/2022:09:03:03 +0100] "GET /AmiKo/Privacy HTTP/1.1" 200 8621 "-" "Mozilla/5.0 (iPhone; CPU iPhone OS 16_0_3 like Mac OS X) AppleWebKit/605.1.15 (KHTML, like Gecko) Version/16.0 Mobile/15E148 Safari/604.1"
104.28.135.79 - - [13/Nov/2022:09:03:08 +0100] "GET /AmiKo/Privacy?action=edit HTTP/1.1" 200 9323 "https://ywesee.com/" "Mozilla/5.0 (iPhone; CPU iPhone OS 16_0_3 like Mac OS X) AppleWebKit/605.1.15 (KHTML, like Gecko) Version/16.0 Mobile/15E148 Safari/604.1"
104.28.135.79 - - [13/Nov/2022:09:03:08 +0100] "GET /pub/speller/spellChecker.js HTTP/1.1" 200 13948 "https://www.ywesee.com/AmiKo/Privacy?action=edit" "Mozilla/5.0 (iPhone; CPU iPhone OS 16_0_3 like Mac OS X) AppleWebKit/605.1.15 (KHTML, like Gecko) Version/16.0 Mobile/15E148 Safari/604.1"
104.28.135.79 - - [13/Nov/2022:09:03:08 +0100] "GET /pub/guiedit/guiedit.js HTTP/1.1" 200 2679 "https://www.ywesee.com/AmiKo/Privacy?action=edit" "Mozilla/5.0 (iPhone; CPU iPhone OS 16_0_3 like Mac OS X) AppleWebKit/605.1.15 (KHTML, like Gecko) Version/16.0 Mobile/15E148 Safari/604.1"
104.28.135.79 - - [13/Nov/2022:09:03:10 +0100] "POST /AmiKo/Privacy?action=edit HTTP/1.1" 200 17970 "https://www.ywesee.com/AmiKo/Privacy?action=edit" "Mozilla/5.0 (iPhone; CPU iPhone OS 16_0_3 like Mac OS X) AppleWebKit/605.1.15 (KHTML, like Gecko) Version/16.0 Mobile/15E148 Safari/604.1"
104.28.135.79 - - [13/Nov/2022:09:03:10 +0100] "GET /pub/guiedit/em.gif HTTP/1.1" 200 710 "https://www.ywesee.com/AmiKo/Privacy?action=edit" "Mozilla/5.0 (iPhone; CPU iPhone OS 16_0_3 like Mac OS X) AppleWebKit/605.1.15 (KHTML, like Gecko) Version/16.0 Mobile/15E148 Safari/604.1"
104.28.135.79 - - [13/Nov/2022:09:03:10 +0100] "GET /pub/guiedit/center.gif HTTP/1.1" 200 651 "https://www.ywesee.com/AmiKo/Privacy?action=edit" "Mozilla/5.0 (iPhone; CPU iPhone OS 16_0_3 like Mac OS X) AppleWebKit/605.1.15 (KHTML, like Gecko) Version/16.0 Mobile/15E148 Safari/604.1"
104.28.135.79 - - [13/Nov/2022:09:03:10 +0100] "GET /pub/guiedit/strong.gif HTTP/1.1" 200 712 "https://www.ywesee.com/AmiKo/Privacy?action=edit" "Mozilla/5.0 (iPhone; CPU iPhone OS 16_0_3 like Mac OS X) AppleWebKit/605.1.15 (KHTML, like Gecko) Version/16.0 Mobile/15E148 Safari/604.1"
104.28.135.79 - - [13/Nov/2022:09:03:10 +0100] "GET /pub/guiedit/attach.gif HTTP/1.1" 200 772 "https://www.ywesee.com/AmiKo/Privacy?action=edit" "Mozilla/5.0 (iPhone; CPU iPhone OS 16_0_3 like Mac OS X) AppleWebKit/605.1.15 (KHTML, like Gecko) Version/16.0 Mobile/15E148 Safari/604.1"
104.28.135.79 - - [13/Nov/2022:09:03:11 +0100] "GET /pub/guiedit/small.gif HTTP/1.1" 200 703 "https://www.ywesee.com/AmiKo/Privacy?action=edit" "Mozilla/5.0 (iPhone; CPU iPhone OS 16_0_3 like Mac OS X) AppleWebKit/605.1.15 (KHTML, like Gecko) Version/16.0 Mobile/15E148 Safari/604.1"
104.28.135.79 - - [13/Nov/2022:09:03:11 +0100] "GET /pub/guiedit/big.gif HTTP/1.1" 200 724 "https://www.ywesee.com/AmiKo/Privacy?action=edit" "Mozilla/5.0 (iPhone; CPU iPhone OS 16_0_3 like Mac OS X) AppleWebKit/605.1.15 (KHTML, like Gecko) Version/16.0 Mobile/15E148 Safari/604.1"
104.28.135.79 - - [13/Nov/2022:09:03:11 +0100] "GET /pub/guiedit/spellcheck.gif HTTP/1.1" 200 752 "https://www.ywesee.com/AmiKo/Privacy?action=edit" "Mozilla/5.0 (iPhone; CPU iPhone OS 16_0_3 like Mac OS X) AppleWebKit/605.1.15 (KHTML, like Gecko) Version/16.0 Mobile/15E148 Safari/604.1"
104.28.135.79 - - [13/Nov/2022:09:03:11 +0100] "GET /pub/guiedit/sub.gif HTTP/1.1" 200 716 "https://www.ywesee.com/AmiKo/Privacy?action=edit" "Mozilla/5.0 (iPhone; CPU iPhone OS 16_0_3 like Mac OS X) AppleWebKit/605.1.15 (KHTML, like Gecko) Version/16.0 Mobile/15E148 Safari/604.1"
104.28.135.79 - - [13/Nov/2022:09:03:11 +0100] "GET /pub/guiedit/h.gif HTTP/1.1" 200 691 "https://www.ywesee.com/AmiKo/Privacy?action=edit" "Mozilla/5.0 (iPhone; CPU iPhone OS 16_0_3 like Mac OS X) AppleWebKit/605.1.15 (KHTML, like Gecko) Version/16.0 Mobile/15E148 Safari/604.1"
104.28.135.79 - - [13/Nov/2022:09:03:11 +0100] "GET /pub/guiedit/sup.gif HTTP/1.1" 200 719 "https://www.ywesee.com/AmiKo/Privacy?action=edit" "Mozilla/5.0 (iPhone; CPU iPhone OS 16_0_3 like Mac OS X) AppleWebKit/605.1.15 (KHTML, like Gecko) Version/16.0 Mobile/15E148 Safari/604.1"
104.28.135.79 - - [13/Nov/2022:09:03:11 +0100] "GET /pub/guiedit/extlink.gif HTTP/1.1" 200 716 "https://www.ywesee.com/AmiKo/Privacy?action=edit" "Mozilla/5.0 (iPhone; CPU iPhone OS 16_0_3 like Mac OS X) AppleWebKit/605.1.15 (KHTML, like Gecko) Version/16.0 Mobile/15E148 Safari/604.1"
104.28.135.79 - - [13/Nov/2022:09:03:11 +0100] "GET /pub/guiedit/pagelink.gif HTTP/1.1" 200 707 "https://www.ywesee.com/AmiKo/Privacy?action=edit" "Mozilla/5.0 (iPhone; CPU iPhone OS 16_0_3 like Mac OS X) AppleWebKit/605.1.15 (KHTML, like Gecko) Version/16.0 Mobile/15E148 Safari/604.1"
104.28.135.79 - - [13/Nov/2022:09:03:33 +0100] "GET /AmiKo/Privacy?action=edit HTTP/1.1" 200 17970 "https://ywesee.com/" "Mozilla/5.0 (iPhone; CPU iPhone OS 16_0_3 like Mac OS X) AppleWebKit/605.1.15 (KHTML, like Gecko) Version/16.0 Mobile/15E148 Safari/604.1"
104.28.135.79 - - [13/Nov/2022:09:03:35 +0100] "GET /AmiKo/Privacy HTTP/1.1" 200 8621 "-" "Mozilla/5.0 (iPhone; CPU iPhone OS 16_0_3 like Mac OS X) AppleWebKit/605.1.15 (KHTML, like Gecko) Version/16.0 Mobile/15E148 Safari/604.1"
104.28.135.79 - - [13/Nov/2022:09:03:40 +0100] "GET /AmiKo/Privacy HTTP/1.1" 200 8621 "-" "Mozilla/5.0 (iPhone; CPU iPhone OS 16_0_3 like Mac OS X) AppleWebKit/605.1.15 (KHTML, like Gecko) Version/16.0 Mobile/15E148 Safari/604.1"
104.28.135.79 - - [13/Nov/2022:09:03:59 +0100] "GET /CoMed/Privacy HTTP/1.1" 404 8393 "-" "Mozilla/5.0 (iPhone; CPU iPhone OS 16_0_3 like Mac OS X) AppleWebKit/605.1.15 (KHTML, like Gecko) Version/16.0 Mobile/15E148 Safari/604.1"
104.28.135.79 - - [13/Nov/2022:09:04:05 +0100] "GET /CoMed/Privacy?action=edit HTTP/1.1" 200 17718 "https://ywesee.com/" "Mozilla/5.0 (iPhone; CPU iPhone OS 16_0_3 like Mac OS X) AppleWebKit/605.1.15 (KHTML, like Gecko) Version/16.0 Mobile/15E148 Safari/604.1"
104.28.135.79 - - [13/Nov/2022:09:04:27 +0100] "POST /CoMed/Privacy?action=edit HTTP/1.1" 302 158 "https://www.ywesee.com/CoMed/Privacy?action=edit" "Mozilla/5.0 (iPhone; CPU iPhone OS 16_0_3 like Mac OS X) AppleWebKit/605.1.15 (KHTML, like Gecko) Version/16.0 Mobile/15E148 Safari/604.1"
104.28.135.79 - - [13/Nov/2022:09:04:27 +0100] "GET /CoMed/Privacy HTTP/1.1" 200 8615 "https://www.ywesee.com/CoMed/Privacy?action=edit" "Mozilla/5.0 (iPhone; CPU iPhone OS 16_0_3 like Mac OS X) AppleWebKit/605.1.15 (KHTML, like Gecko) Version/16.0 Mobile/15E148 Safari/604.1"
104.28.135.79 - - [13/Nov/2022:09:04:32 +0100] "GET /CoMed/Privacy?action=edit HTTP/1.1" 200 17964 "https://ywesee.com/" "Mozilla/5.0 (iPhone; CPU iPhone OS 16_0_3 like Mac OS X) AppleWebKit/605.1.15 (KHTML, like Gecko) Version/16.0 Mobile/15E148 Safari/604.1"
104.28.135.79 - - [13/Nov/2022:09:05:04 +0100] "POST /CoMed/Privacy?action=edit HTTP/1.1" 302 158 "https://www.ywesee.com/CoMed/Privacy?action=edit" "Mozilla/5.0 (iPhone; CPU iPhone OS 16_0_3 like Mac OS X) AppleWebKit/605.1.15 (KHTML, like Gecko) Version/16.0 Mobile/15E148 Safari/604.1"
