136.243.228.182 - - [28/Jul/2022:01:54:12 +0200] "GET /Software/YDIM?action=diff HTTP/1.1" 403 18 "-" "Mozilla/5.0 (compatible; DataForSeoBot/1.0; +https://dataforseo.com/dataforseo-bot)"
136.243.228.182 - - [28/Jul/2022:01:54:15 +0200] "GET /Oddb2xml/Version HTTP/1.1" 200 9879 "-" "Mozilla/5.0 (compatible; DataForSeoBot/1.0; +https://dataforseo.com/dataforseo-bot)"
136.243.228.182 - - [28/Jul/2022:01:54:16 +0200] "GET /Software/XMLConv?action=diff HTTP/1.1" 403 18 "-" "Mozilla/5.0 (compatible; DataForSeoBot/1.0; +https://dataforseo.com/dataforseo-bot)"
136.243.228.182 - - [28/Jul/2022:01:54:18 +0200] "GET /Main/2018 HTTP/1.1" 200 15425 "-" "Mozilla/5.0 (compatible; DataForSeoBot/1.0; +https://dataforseo.com/dataforseo-bot)"
136.243.228.182 - - [28/Jul/2022:01:54:20 +0200] "GET /Software/XMLConv?action=edit HTTP/1.1" 403 18 "-" "Mozilla/5.0 (compatible; DataForSeoBot/1.0; +https://dataforseo.com/dataforseo-bot)"
136.243.228.182 - - [28/Jul/2022:01:54:23 +0200] "GET /AmiKo/Android?action=print HTTP/1.1" 403 18 "-" "Mozilla/5.0 (compatible; DataForSeoBot/1.0; +https://dataforseo.com/dataforseo-bot)"
136.243.228.182 - - [28/Jul/2022:01:54:24 +0200] "GET /ODDB/IntegrationLookAmpFeelGenerikasuche?action=print HTTP/1.1" 403 18 "-" "Mozilla/5.0 (compatible; DataForSeoBot/1.0; +https://dataforseo.com/dataforseo-bot)"
136.243.228.182 - - [28/Jul/2022:01:54:27 +0200] "GET /Software/XMLConv?n=Main.SideBar?action=edit HTTP/1.1" 403 18 "-" "Mozilla/5.0 (compatible; DataForSeoBot/1.0; +https://dataforseo.com/dataforseo-bot)"
136.243.228.182 - - [28/Jul/2022:01:54:30 +0200] "GET /AmiKo/Android?action=upload HTTP/1.1" 403 18 "-" "Mozilla/5.0 (compatible; DataForSeoBot/1.0; +https://dataforseo.com/dataforseo-bot)"
136.243.228.182 - - [28/Jul/2022:01:54:31 +0200] "GET /Oddb2xml/Bemerkungen HTTP/1.1" 200 10553 "-" "Mozilla/5.0 (compatible; DataForSeoBot/1.0; +https://dataforseo.com/dataforseo-bot)"
136.243.228.182 - - [28/Jul/2022:01:54:34 +0200] "GET /Ywesee/InfoCodex?action=print HTTP/1.1" 403 18 "-" "Mozilla/5.0 (compatible; DataForSeoBot/1.0; +https://dataforseo.com/dataforseo-bot)"
136.243.228.182 - - [28/Jul/2022:01:54:35 +0200] "GET /Miele/Index?action=upload HTTP/1.1" 403 18 "-" "Mozilla/5.0 (compatible; DataForSeoBot/1.0; +https://dataforseo.com/dataforseo-bot)"
136.243.228.182 - - [28/Jul/2022:01:54:37 +0200] "GET /Software/BBMB?action=print HTTP/1.1" 403 18 "-" "Mozilla/5.0 (compatible; DataForSeoBot/1.0; +https://dataforseo.com/dataforseo-bot)"
136.243.228.182 - - [28/Jul/2022:01:54:39 +0200] "GET /Main/2019 HTTP/1.1" 200 15246 "-" "Mozilla/5.0 (compatible; DataForSeoBot/1.0; +https://dataforseo.com/dataforseo-bot)"
136.243.228.182 - - [28/Jul/2022:01:54:42 +0200] "GET /Oddb2xml/Index?action=upload HTTP/1.1" 403 18 "-" "Mozilla/5.0 (compatible; DataForSeoBot/1.0; +https://dataforseo.com/dataforseo-bot)"
136.243.228.182 - - [28/Jul/2022:01:54:43 +0200] "GET /Ywesee/InfoCodex?n=Main.SideBar?action=edit HTTP/1.1" 403 18 "-" "Mozilla/5.0 (compatible; DataForSeoBot/1.0; +https://dataforseo.com/dataforseo-bot)"
136.243.228.182 - - [28/Jul/2022:01:54:45 +0200] "GET /Generikacc/App?action=diff HTTP/1.1" 403 18 "-" "Mozilla/5.0 (compatible; DataForSeoBot/1.0; +https://dataforseo.com/dataforseo-bot)"
136.243.228.182 - - [28/Jul/2022:01:54:48 +0200] "GET /AmiKo/Linux?action=edit HTTP/1.1" 403 18 "-" "Mozilla/5.0 (compatible; DataForSeoBot/1.0; +https://dataforseo.com/dataforseo-bot)"
136.243.228.182 - - [28/Jul/2022:01:54:49 +0200] "GET /AmiKo/Linux?action=diff HTTP/1.1" 403 18 "-" "Mozilla/5.0 (compatible; DataForSeoBot/1.0; +https://dataforseo.com/dataforseo-bot)"
194.209.200.2 - - [28/Jul/2022:01:54:50 +0200] "GET /Main/2011 HTTP/1.1" 200 21451 "-" "Mozilla/5.0 (compatible; TMMBot/0.2; +http://www.dslab.ch)/Nutch-1.15"
194.209.200.2 - - [28/Jul/2022:01:54:51 +0200] "GET /AmiKo/IOS HTTP/1.1" 200 11930 "-" "Mozilla/5.0 (compatible; TMMBot/0.2; +http://www.dslab.ch)/Nutch-1.15"
136.243.228.182 - - [28/Jul/2022:01:54:51 +0200] "GET /Main/Home?action=print HTTP/1.1" 403 18 "-" "Mozilla/5.0 (compatible; DataForSeoBot/1.0; +https://dataforseo.com/dataforseo-bot)"
136.243.228.182 - - [28/Jul/2022:01:54:53 +0200] "GET /Software/Spreadsheet?action=edit HTTP/1.1" 403 18 "-" "Mozilla/5.0 (compatible; DataForSeoBot/1.0; +https://dataforseo.com/dataforseo-bot)"
136.243.228.182 - - [28/Jul/2022:01:54:55 +0200] "GET /Main/MiGel HTTP/1.1" 200 16437 "-" "Mozilla/5.0 (compatible; DataForSeoBot/1.0; +https://dataforseo.com/dataforseo-bot)"
136.243.228.182 - - [28/Jul/2022:01:54:57 +0200] "GET /Ywesee/Kontakt?n=Main.SideBar?action=edit HTTP/1.1" 403 18 "-" "Mozilla/5.0 (compatible; DataForSeoBot/1.0; +https://dataforseo.com/dataforseo-bot)"
136.243.228.182 - - [28/Jul/2022:01:55:00 +0200] "GET /Software/ODDB?action=print HTTP/1.1" 403 18 "-" "Mozilla/5.0 (compatible; DataForSeoBot/1.0; +https://dataforseo.com/dataforseo-bot)"
136.243.228.182 - - [28/Jul/2022:01:55:01 +0200] "GET /Ywesee/About?action=upload HTTP/1.1" 403 18 "-" "Mozilla/5.0 (compatible; DataForSeoBot/1.0; +https://dataforseo.com/dataforseo-bot)"
136.243.228.182 - - [28/Jul/2022:01:55:04 +0200] "GET /Software/ODDB?action=diff HTTP/1.1" 403 18 "-" "Mozilla/5.0 (compatible; DataForSeoBot/1.0; +https://dataforseo.com/dataforseo-bot)"
136.243.228.182 - - [28/Jul/2022:01:55:06 +0200] "GET /AmiKo/Web?action=upload HTTP/1.1" 403 18 "-" "Mozilla/5.0 (compatible; DataForSeoBot/1.0; +https://dataforseo.com/dataforseo-bot)"
136.243.228.182 - - [28/Jul/2022:01:55:07 +0200] "GET /Ywesee/Kontakt?action=print HTTP/1.1" 403 18 "-" "Mozilla/5.0 (compatible; DataForSeoBot/1.0; +https://dataforseo.com/dataforseo-bot)"
136.243.228.182 - - [28/Jul/2022:01:55:09 +0200] "GET /Software/ODDB?action=edit HTTP/1.1" 403 18 "-" "Mozilla/5.0 (compatible; DataForSeoBot/1.0; +https://dataforseo.com/dataforseo-bot)"
136.243.228.182 - - [28/Jul/2022:01:55:11 +0200] "GET /Main/EANCode HTTP/1.1" 200 9821 "-" "Mozilla/5.0 (compatible; DataForSeoBot/1.0; +https://dataforseo.com/dataforseo-bot)"
136.243.228.182 - - [28/Jul/2022:01:55:14 +0200] "GET /Ywesee/About?action=print HTTP/1.1" 403 18 "-" "Mozilla/5.0 (compatible; DataForSeoBot/1.0; +https://dataforseo.com/dataforseo-bot)"
136.243.228.182 - - [28/Jul/2022:01:55:15 +0200] "GET /Ywesee/About?n=Main.SideBar?action=edit HTTP/1.1" 403 18 "-" "Mozilla/5.0 (compatible; DataForSeoBot/1.0; +https://dataforseo.com/dataforseo-bot)"
136.243.228.182 - - [28/Jul/2022:01:55:17 +0200] "GET /AmiKo/Web?n=Main.SideBar?action=edit HTTP/1.1" 403 18 "-" "Mozilla/5.0 (compatible; DataForSeoBot/1.0; +https://dataforseo.com/dataforseo-bot)"
136.243.228.182 - - [28/Jul/2022:01:55:20 +0200] "GET /Ywesee/About?action=edit HTTP/1.1" 403 18 "-" "Mozilla/5.0 (compatible; DataForSeoBot/1.0; +https://dataforseo.com/dataforseo-bot)"
136.243.228.182 - - [28/Jul/2022:01:55:22 +0200] "GET /AmiKo/Web?action=diff HTTP/1.1" 403 18 "-" "Mozilla/5.0 (compatible; DataForSeoBot/1.0; +https://dataforseo.com/dataforseo-bot)"
136.243.228.182 - - [28/Jul/2022:01:55:23 +0200] "GET /Ywesee/Kontakt?action=edit HTTP/1.1" 403 18 "-" "Mozilla/5.0 (compatible; DataForSeoBot/1.0; +https://dataforseo.com/dataforseo-bot)"
136.243.228.182 - - [28/Jul/2022:01:55:25 +0200] "GET /Software/ODDB?action=upload HTTP/1.1" 403 18 "-" "Mozilla/5.0 (compatible; DataForSeoBot/1.0; +https://dataforseo.com/dataforseo-bot)"
136.243.228.182 - - [28/Jul/2022:01:55:28 +0200] "GET /Software/ODDB?n=Main.SideBar?action=edit HTTP/1.1" 403 18 "-" "Mozilla/5.0 (compatible; DataForSeoBot/1.0; +https://dataforseo.com/dataforseo-bot)"
136.243.228.182 - - [28/Jul/2022:01:55:29 +0200] "GET /Ywesee/Kontakt?action=upload HTTP/1.1" 403 18 "-" "Mozilla/5.0 (compatible; DataForSeoBot/1.0; +https://dataforseo.com/dataforseo-bot)"
136.243.228.182 - - [28/Jul/2022:01:55:32 +0200] "GET /AmiKo/Web?action=edit HTTP/1.1" 403 18 "-" "Mozilla/5.0 (compatible; DataForSeoBot/1.0; +https://dataforseo.com/dataforseo-bot)"
136.243.228.182 - - [28/Jul/2022:01:55:34 +0200] "GET /Ywesee/About?action=diff HTTP/1.1" 403 18 "-" "Mozilla/5.0 (compatible; DataForSeoBot/1.0; +https://dataforseo.com/dataforseo-bot)"
136.243.228.182 - - [28/Jul/2022:01:55:35 +0200] "GET /Ywesee/Software HTTP/1.1" 200 9246 "-" "Mozilla/5.0 (compatible; DataForSeoBot/1.0; +https://dataforseo.com/dataforseo-bot)"
136.243.228.182 - - [28/Jul/2022:01:55:37 +0200] "GET /Ywesee/Kontakt?action=diff HTTP/1.1" 403 18 "-" "Mozilla/5.0 (compatible; DataForSeoBot/1.0; +https://dataforseo.com/dataforseo-bot)"
136.243.228.182 - - [28/Jul/2022:01:55:39 +0200] "GET /AmiKo/Web?action=print HTTP/1.1" 403 18 "-" "Mozilla/5.0 (compatible; DataForSeoBot/1.0; +https://dataforseo.com/dataforseo-bot)"
136.243.228.182 - - [28/Jul/2022:01:55:41 +0200] "GET /Main/ForderungstabelleSpezialitaetenliste HTTP/1.1" 200 11019 "-" "Mozilla/5.0 (compatible; DataForSeoBot/1.0; +https://dataforseo.com/dataforseo-bot)"
136.243.228.182 - - [28/Jul/2022:01:55:44 +0200] "GET /Main/Parsen HTTP/1.1" 200 8581 "-" "Mozilla/5.0 (compatible; DataForSeoBot/1.0; +https://dataforseo.com/dataforseo-bot)"
136.243.228.182 - - [28/Jul/2022:01:55:45 +0200] "GET /Main/Buchpublikationspflicht HTTP/1.1" 200 12075 "-" "Mozilla/5.0 (compatible; DataForSeoBot/1.0; +https://dataforseo.com/dataforseo-bot)"
136.243.228.182 - - [28/Jul/2022:01:55:48 +0200] "GET /Main/PharmacodeVsEancode HTTP/1.1" 200 13361 "-" "Mozilla/5.0 (compatible; DataForSeoBot/1.0; +https://dataforseo.com/dataforseo-bot)"
136.243.228.182 - - [28/Jul/2022:01:55:50 +0200] "GET /Refdatabase/PharmacodeLoeschung HTTP/1.1" 200 10134 "-" "Mozilla/5.0 (compatible; DataForSeoBot/1.0; +https://dataforseo.com/dataforseo-bot)"
136.243.228.182 - - [28/Jul/2022:01:55:51 +0200] "GET /Main/HirslandenProfessional HTTP/1.1" 200 8885 "-" "Mozilla/5.0 (compatible; DataForSeoBot/1.0; +https://dataforseo.com/dataforseo-bot)"
136.243.228.182 - - [28/Jul/2022:01:55:54 +0200] "GET /Refdatabase/Index HTTP/1.1" 200 10078 "-" "Mozilla/5.0 (compatible; DataForSeoBot/1.0; +https://dataforseo.com/dataforseo-bot)"
136.243.228.182 - - [28/Jul/2022:01:55:55 +0200] "GET /Ywesee/InfoCodexProximity HTTP/1.1" 200 9809 "-" "Mozilla/5.0 (compatible; DataForSeoBot/1.0; +https://dataforseo.com/dataforseo-bot)"
136.243.228.182 - - [28/Jul/2022:01:55:57 +0200] "GET /Ywesee/InfoCodexProcedure HTTP/1.1" 200 12373 "-" "Mozilla/5.0 (compatible; DataForSeoBot/1.0; +https://dataforseo.com/dataforseo-bot)"
136.243.228.182 - - [28/Jul/2022:01:56:00 +0200] "GET /Ywesee/SpezialisierteKrankenkasse HTTP/1.1" 200 14829 "-" "Mozilla/5.0 (compatible; DataForSeoBot/1.0; +https://dataforseo.com/dataforseo-bot)"
136.243.228.182 - - [28/Jul/2022:01:56:02 +0200] "GET /Hmg/67 HTTP/1.1" 200 12301 "-" "Mozilla/5.0 (compatible; DataForSeoBot/1.0; +https://dataforseo.com/dataforseo-bot)"
136.243.228.182 - - [28/Jul/2022:01:56:04 +0200] "GET /Main/Gtin2atc HTTP/1.1" 200 9386 "-" "Mozilla/5.0 (compatible; DataForSeoBot/1.0; +https://dataforseo.com/dataforseo-bot)"
136.243.228.182 - - [28/Jul/2022:01:56:06 +0200] "GET /Main/MyMedi HTTP/1.1" 200 9646 "-" "Mozilla/5.0 (compatible; DataForSeoBot/1.0; +https://dataforseo.com/dataforseo-bot)"
136.243.228.182 - - [28/Jul/2022:01:56:07 +0200] "GET /Main/Elexis HTTP/1.1" 200 10922 "-" "Mozilla/5.0 (compatible; DataForSeoBot/1.0; +https://dataforseo.com/dataforseo-bot)"
136.243.228.182 - - [28/Jul/2022:01:56:10 +0200] "GET /Main/OmixOcas HTTP/1.1" 200 8792 "-" "Mozilla/5.0 (compatible; DataForSeoBot/1.0; +https://dataforseo.com/dataforseo-bot)"
136.243.228.182 - - [28/Jul/2022:01:56:12 +0200] "GET /Ywesee/KurzFachinfo HTTP/1.1" 200 8845 "-" "Mozilla/5.0 (compatible; DataForSeoBot/1.0; +https://dataforseo.com/dataforseo-bot)"
136.243.228.182 - - [28/Jul/2022:01:56:13 +0200] "GET /Swissmedic/AIPSXml HTTP/1.1" 200 8903 "-" "Mozilla/5.0 (compatible; DataForSeoBot/1.0; +https://dataforseo.com/dataforseo-bot)"
136.243.228.182 - - [28/Jul/2022:01:56:16 +0200] "GET /Swissmedic/AIPS HTTP/1.1" 200 12374 "-" "Mozilla/5.0 (compatible; DataForSeoBot/1.0; +https://dataforseo.com/dataforseo-bot)"
136.243.228.182 - - [28/Jul/2022:01:56:22 +0200] "GET /Main/ReplikSAEZ HTTP/1.1" 200 14800 "-" "Mozilla/5.0 (compatible; DataForSeoBot/1.0; +https://dataforseo.com/dataforseo-bot)"
136.243.228.182 - - [28/Jul/2022:01:56:24 +0200] "GET /AIPS/Bestaetigung HTTP/1.1" 200 10620 "-" "Mozilla/5.0 (compatible; DataForSeoBot/1.0; +https://dataforseo.com/dataforseo-bot)"
136.243.228.182 - - [28/Jul/2022:01:56:26 +0200] "GET /Main/FMH HTTP/1.1" 200 8327 "-" "Mozilla/5.0 (compatible; DataForSeoBot/1.0; +https://dataforseo.com/dataforseo-bot)"
136.243.228.182 - - [28/Jul/2022:01:56:28 +0200] "GET /Stellungnahme/ProPharma HTTP/1.1" 200 13347 "-" "Mozilla/5.0 (compatible; DataForSeoBot/1.0; +https://dataforseo.com/dataforseo-bot)"
136.243.228.182 - - [28/Jul/2022:01:56:30 +0200] "GET /Android/CoMed HTTP/1.1" 200 9395 "-" "Mozilla/5.0 (compatible; DataForSeoBot/1.0; +https://dataforseo.com/dataforseo-bot)"
136.243.228.182 - - [28/Jul/2022:01:56:32 +0200] "GET /Ywesee/ElektronischesPatientendossierSchweiz HTTP/1.1" 200 11065 "-" "Mozilla/5.0 (compatible; DataForSeoBot/1.0; +https://dataforseo.com/dataforseo-bot)"
136.243.228.182 - - [28/Jul/2022:01:56:35 +0200] "GET /Swissmedic/Packungen HTTP/1.1" 200 9799 "-" "Mozilla/5.0 (compatible; DataForSeoBot/1.0; +https://dataforseo.com/dataforseo-bot)"
136.243.228.182 - - [28/Jul/2022:01:56:36 +0200] "GET /Main/IPhone HTTP/1.1" 200 8439 "-" "Mozilla/5.0 (compatible; DataForSeoBot/1.0; +https://dataforseo.com/dataforseo-bot)"
136.243.228.182 - - [28/Jul/2022:01:56:38 +0200] "GET /Main/NZZ HTTP/1.1" 200 8325 "-" "Mozilla/5.0 (compatible; DataForSeoBot/1.0; +https://dataforseo.com/dataforseo-bot)"
136.243.228.182 - - [28/Jul/2022:01:56:40 +0200] "GET /Swissmedic/AIPSXMLImport HTTP/1.1" 200 10819 "-" "Mozilla/5.0 (compatible; DataForSeoBot/1.0; +https://dataforseo.com/dataforseo-bot)"
136.243.228.182 - - [28/Jul/2022:01:56:42 +0200] "GET /Software/XMLBAG HTTP/1.1" 200 10258 "-" "Mozilla/5.0 (compatible; DataForSeoBot/1.0; +https://dataforseo.com/dataforseo-bot)"
136.243.228.182 - - [28/Jul/2022:01:56:45 +0200] "GET /Main/PublicDomainDataLife-Cycle HTTP/1.1" 200 8634 "-" "Mozilla/5.0 (compatible; DataForSeoBot/1.0; +https://dataforseo.com/dataforseo-bot)"
136.243.228.182 - - [28/Jul/2022:01:56:46 +0200] "GET /Aips2sqlite/Release HTTP/1.1" 200 9851 "-" "Mozilla/5.0 (compatible; DataForSeoBot/1.0; +https://dataforseo.com/dataforseo-bot)"
136.243.228.182 - - [28/Jul/2022:01:56:49 +0200] "GET /Swissmedic/PraeparatelisteMitWS HTTP/1.1" 200 9205 "-" "Mozilla/5.0 (compatible; DataForSeoBot/1.0; +https://dataforseo.com/dataforseo-bot)"
136.243.228.182 - - [28/Jul/2022:01:56:50 +0200] "GET /ODDB/BVGER HTTP/1.1" 200 9371 "-" "Mozilla/5.0 (compatible; DataForSeoBot/1.0; +https://dataforseo.com/dataforseo-bot)"
136.243.228.182 - - [28/Jul/2022:01:56:53 +0200] "GET /HotelMarriott/27062013 HTTP/1.1" 200 12119 "-" "Mozilla/5.0 (compatible; DataForSeoBot/1.0; +https://dataforseo.com/dataforseo-bot)"
136.243.228.182 - - [28/Jul/2022:01:56:54 +0200] "GET /Android/AmiKo HTTP/1.1" 200 9995 "-" "Mozilla/5.0 (compatible; DataForSeoBot/1.0; +https://dataforseo.com/dataforseo-bot)"
136.243.228.182 - - [28/Jul/2022:01:56:56 +0200] "GET /Main/Kolumne HTTP/1.1" 200 9072 "-" "Mozilla/5.0 (compatible; DataForSeoBot/1.0; +https://dataforseo.com/dataforseo-bot)"
136.243.228.182 - - [28/Jul/2022:01:56:59 +0200] "GET /Refdata/LoeschungFelder HTTP/1.1" 200 9814 "-" "Mozilla/5.0 (compatible; DataForSeoBot/1.0; +https://dataforseo.com/dataforseo-bot)"
136.243.228.182 - - [28/Jul/2022:01:57:01 +0200] "GET /Main/Phostal HTTP/1.1" 200 8927 "-" "Mozilla/5.0 (compatible; DataForSeoBot/1.0; +https://dataforseo.com/dataforseo-bot)"
136.243.228.182 - - [28/Jul/2022:01:57:02 +0200] "GET /Swissmedic/Aips2xml HTTP/1.1" 200 9533 "-" "Mozilla/5.0 (compatible; DataForSeoBot/1.0; +https://dataforseo.com/dataforseo-bot)"
194.209.200.2 - - [28/Jul/2022:01:57:03 +0200] "GET /Software/ODDB HTTP/1.1" 200 10298 "-" "Mozilla/5.0 (compatible; TMMBot/0.2; +http://www.dslab.ch)/Nutch-1.15"
136.243.228.182 - - [28/Jul/2022:01:57:04 +0200] "GET /AmiKo/Ankuendigung HTTP/1.1" 200 10221 "-" "Mozilla/5.0 (compatible; DataForSeoBot/1.0; +https://dataforseo.com/dataforseo-bot)"
136.243.228.182 - - [28/Jul/2022:01:57:07 +0200] "GET /Main/AIPS-XML HTTP/1.1" 200 10985 "-" "Mozilla/5.0 (compatible; DataForSeoBot/1.0; +https://dataforseo.com/dataforseo-bot)"
136.243.228.182 - - [28/Jul/2022:01:57:09 +0200] "GET /Main/Diovan HTTP/1.1" 200 9177 "-" "Mozilla/5.0 (compatible; DataForSeoBot/1.0; +https://dataforseo.com/dataforseo-bot)"
136.243.228.182 - - [28/Jul/2022:01:57:11 +0200] "GET /Main/Saldo HTTP/1.1" 200 8416 "-" "Mozilla/5.0 (compatible; DataForSeoBot/1.0; +https://dataforseo.com/dataforseo-bot)"
136.243.228.182 - - [28/Jul/2022:01:57:12 +0200] "GET /PublicDomain/AIPS HTTP/1.1" 200 9777 "-" "Mozilla/5.0 (compatible; DataForSeoBot/1.0; +https://dataforseo.com/dataforseo-bot)"
136.243.228.182 - - [28/Jul/2022:01:57:15 +0200] "GET /Main/FAZ HTTP/1.1" 200 8325 "-" "Mozilla/5.0 (compatible; DataForSeoBot/1.0; +https://dataforseo.com/dataforseo-bot)"
136.243.228.182 - - [28/Jul/2022:01:57:17 +0200] "GET /Ywesee/OpenStandards HTTP/1.1" 200 9892 "-" "Mozilla/5.0 (compatible; DataForSeoBot/1.0; +https://dataforseo.com/dataforseo-bot)"
136.243.228.182 - - [28/Jul/2022:01:57:20 +0200] "GET /InfoCodex/Dokumentenfamilien HTTP/1.1" 200 10326 "-" "Mozilla/5.0 (compatible; DataForSeoBot/1.0; +https://dataforseo.com/dataforseo-bot)"
136.243.228.182 - - [28/Jul/2022:01:57:22 +0200] "GET /InfoCodex/Index HTTP/1.1" 200 8894 "-" "Mozilla/5.0 (compatible; DataForSeoBot/1.0; +https://dataforseo.com/dataforseo-bot)"
136.243.228.182 - - [28/Jul/2022:01:57:23 +0200] "GET /Ausschreibung/SAI HTTP/1.1" 200 10366 "-" "Mozilla/5.0 (compatible; DataForSeoBot/1.0; +https://dataforseo.com/dataforseo-bot)"
136.243.228.182 - - [28/Jul/2022:01:57:26 +0200] "GET /Eggze/SpreadIt HTTP/1.1" 200 12537 "-" "Mozilla/5.0 (compatible; DataForSeoBot/1.0; +https://dataforseo.com/dataforseo-bot)"
136.243.228.182 - - [28/Jul/2022:01:57:28 +0200] "GET /Main/Refdata HTTP/1.1" 200 11486 "-" "Mozilla/5.0 (compatible; DataForSeoBot/1.0; +https://dataforseo.com/dataforseo-bot)"
136.243.228.182 - - [28/Jul/2022:01:57:30 +0200] "GET /Epha/Flow HTTP/1.1" 200 8668 "-" "Mozilla/5.0 (compatible; DataForSeoBot/1.0; +https://dataforseo.com/dataforseo-bot)"
136.243.228.182 - - [28/Jul/2022:01:57:31 +0200] "GET /Bundesrat/Ebook HTTP/1.1" 200 10101 "-" "Mozilla/5.0 (compatible; DataForSeoBot/1.0; +https://dataforseo.com/dataforseo-bot)"
194.209.200.2 - - [28/Jul/2022:01:57:34 +0200] "GET /Ausschreibung/SAI HTTP/1.1" 200 10366 "-" "Mozilla/5.0 (compatible; TMMBot/0.2; +http://www.dslab.ch)/Nutch-1.15"
136.243.228.182 - - [28/Jul/2022:01:57:34 +0200] "GET /Swissmedic/Vertriebsunterbruch HTTP/1.1" 200 10279 "-" "Mozilla/5.0 (compatible; DataForSeoBot/1.0; +https://dataforseo.com/dataforseo-bot)"
136.243.228.182 - - [28/Jul/2022:01:57:35 +0200] "GET /Main/BagSlPreise HTTP/1.1" 200 9704 "-" "Mozilla/5.0 (compatible; DataForSeoBot/1.0; +https://dataforseo.com/dataforseo-bot)"
136.243.228.182 - - [28/Jul/2022:01:57:37 +0200] "GET /Ywesee/IGM11 HTTP/1.1" 200 13051 "-" "Mozilla/5.0 (compatible; DataForSeoBot/1.0; +https://dataforseo.com/dataforseo-bot)"
136.243.228.182 - - [28/Jul/2022:01:57:40 +0200] "GET /Newsletter/10052017 HTTP/1.1" 200 11460 "-" "Mozilla/5.0 (compatible; DataForSeoBot/1.0; +https://dataforseo.com/dataforseo-bot)"
136.243.228.182 - - [28/Jul/2022:01:57:42 +0200] "GET /Main/MediStammdatenKostenSchweiz HTTP/1.1" 200 10264 "-" "Mozilla/5.0 (compatible; DataForSeoBot/1.0; +https://dataforseo.com/dataforseo-bot)"
136.243.228.182 - - [28/Jul/2022:01:57:44 +0200] "GET /Swissmedic/Formatvorlagen HTTP/1.1" 200 9935 "-" "Mozilla/5.0 (compatible; DataForSeoBot/1.0; +https://dataforseo.com/dataforseo-bot)"
136.243.228.182 - - [28/Jul/2022:01:57:45 +0200] "GET /ODDB/FachinfoAlsEbook HTTP/1.1" 200 9635 "-" "Mozilla/5.0 (compatible; DataForSeoBot/1.0; +https://dataforseo.com/dataforseo-bot)"
136.243.228.182 - - [28/Jul/2022:01:57:47 +0200] "GET /Main/Linux HTTP/1.1" 200 9133 "-" "Mozilla/5.0 (compatible; DataForSeoBot/1.0; +https://dataforseo.com/dataforseo-bot)"
136.243.228.182 - - [28/Jul/2022:01:57:50 +0200] "GET /Pic2Shop/BarcodeScanner HTTP/1.1" 200 8908 "-" "Mozilla/5.0 (compatible; DataForSeoBot/1.0; +https://dataforseo.com/dataforseo-bot)"
136.243.228.182 - - [28/Jul/2022:01:57:52 +0200] "GET /ODDB/Pharmakokinetik HTTP/1.1" 200 11220 "-" "Mozilla/5.0 (compatible; DataForSeoBot/1.0; +https://dataforseo.com/dataforseo-bot)"
136.243.228.182 - - [28/Jul/2022:01:57:54 +0200] "GET /ODDB/Flow HTTP/1.1" 200 8944 "-" "Mozilla/5.0 (compatible; DataForSeoBot/1.0; +https://dataforseo.com/dataforseo-bot)"
136.243.228.182 - - [28/Jul/2022:01:57:57 +0200] "GET /Oddb/OpenSourceSoftwareUndDatenImSchweizerGesundheitswesen HTTP/1.1" 200 12414 "-" "Mozilla/5.0 (compatible; DataForSeoBot/1.0; +https://dataforseo.com/dataforseo-bot)"
136.243.228.182 - - [28/Jul/2022:01:57:59 +0200] "GET /RedLaser/BarcodeScanner HTTP/1.1" 200 9033 "-" "Mozilla/5.0 (compatible; DataForSeoBot/1.0; +https://dataforseo.com/dataforseo-bot)"
194.209.200.2 - - [28/Jul/2022:01:58:00 +0200] "GET /Software/SoftwareRaid HTTP/1.1" 200 12104 "-" "Mozilla/5.0 (compatible; TMMBot/0.2; +http://www.dslab.ch)/Nutch-1.15"
136.243.228.182 - - [28/Jul/2022:01:58:01 +0200] "GET /Ywesee/KindleOniPhone HTTP/1.1" 200 10311 "-" "Mozilla/5.0 (compatible; DataForSeoBot/1.0; +https://dataforseo.com/dataforseo-bot)"
136.243.228.182 - - [28/Jul/2022:01:58:03 +0200] "GET /PublicDomain/Stammdaten HTTP/1.1" 200 11234 "-" "Mozilla/5.0 (compatible; DataForSeoBot/1.0; +https://dataforseo.com/dataforseo-bot)"
136.243.228.182 - - [28/Jul/2022:01:58:05 +0200] "GET /SpitalSchweiz/AnzahlBettenstationaer2012 HTTP/1.1" 200 9424 "-" "Mozilla/5.0 (compatible; DataForSeoBot/1.0; +https://dataforseo.com/dataforseo-bot)"
136.243.228.182 - - [28/Jul/2022:01:58:07 +0200] "GET /SpitalSchweiz/FinanzErgebnis2012 HTTP/1.1" 200 9335 "-" "Mozilla/5.0 (compatible; DataForSeoBot/1.0; +https://dataforseo.com/dataforseo-bot)"
136.243.228.182 - - [28/Jul/2022:01:58:09 +0200] "GET /SpitalSchweiz/FinanzenImMinus2012 HTTP/1.1" 200 9243 "-" "Mozilla/5.0 (compatible; DataForSeoBot/1.0; +https://dataforseo.com/dataforseo-bot)"
136.243.228.182 - - [28/Jul/2022:01:58:10 +0200] "GET /SpitalSchweiz/AnzahlNeugeborene2012 HTTP/1.1" 200 9388 "-" "Mozilla/5.0 (compatible; DataForSeoBot/1.0; +https://dataforseo.com/dataforseo-bot)"
136.243.228.182 - - [28/Jul/2022:01:58:12 +0200] "GET /SpitalSchweiz/Subventionen2012 HTTP/1.1" 200 9182 "-" "Mozilla/5.0 (compatible; DataForSeoBot/1.0; +https://dataforseo.com/dataforseo-bot)"
136.243.228.182 - - [28/Jul/2022:01:58:15 +0200] "GET /Emediat/Swissindex HTTP/1.1" 200 8652 "-" "Mozilla/5.0 (compatible; DataForSeoBot/1.0; +https://dataforseo.com/dataforseo-bot)"
136.243.228.182 - - [28/Jul/2022:01:58:17 +0200] "GET /Main/EPUB HTTP/1.1" 200 8338 "-" "Mozilla/5.0 (compatible; DataForSeoBot/1.0; +https://dataforseo.com/dataforseo-bot)"
136.243.228.182 - - [28/Jul/2022:01:58:18 +0200] "GET /Main/SocialMedia HTTP/1.1" 200 8592 "-" "Mozilla/5.0 (compatible; DataForSeoBot/1.0; +https://dataforseo.com/dataforseo-bot)"
136.243.228.182 - - [28/Jul/2022:01:58:20 +0200] "GET /MEDIupdateXML/Aerzte HTTP/1.1" 200 8529 "-" "Mozilla/5.0 (compatible; DataForSeoBot/1.0; +https://dataforseo.com/dataforseo-bot)"
136.243.228.182 - - [28/Jul/2022:01:58:22 +0200] "GET /Wiget/PhMPrescriber HTTP/1.1" 200 9312 "-" "Mozilla/5.0 (compatible; DataForSeoBot/1.0; +https://dataforseo.com/dataforseo-bot)"
136.243.228.182 - - [28/Jul/2022:01:58:23 +0200] "GET /SpitalSchweiz/AnzahlOperationssaele2012 HTTP/1.1" 200 9415 "-" "Mozilla/5.0 (compatible; DataForSeoBot/1.0; +https://dataforseo.com/dataforseo-bot)"
136.243.228.182 - - [28/Jul/2022:01:58:24 +0200] "GET /Main/MayoClinic HTTP/1.1" 200 8447 "-" "Mozilla/5.0 (compatible; DataForSeoBot/1.0; +https://dataforseo.com/dataforseo-bot)"
194.209.200.2 - - [28/Jul/2022:01:58:26 +0200] "GET /Main/2007 HTTP/1.1" 200 50639 "-" "Mozilla/5.0 (compatible; TMMBot/0.2; +http://www.dslab.ch)/Nutch-1.15"
136.243.228.182 - - [28/Jul/2022:01:58:26 +0200] "GET /PublicDomain/StammdatenFR HTTP/1.1" 200 10865 "-" "Mozilla/5.0 (compatible; DataForSeoBot/1.0; +https://dataforseo.com/dataforseo-bot)"
136.243.228.182 - - [28/Jul/2022:01:58:29 +0200] "GET /Apotheke/POS HTTP/1.1" 200 11138 "-" "Mozilla/5.0 (compatible; DataForSeoBot/1.0; +https://dataforseo.com/dataforseo-bot)"
136.243.228.182 - - [28/Jul/2022:01:58:31 +0200] "GET /Main/Xls2odat HTTP/1.1" 200 8413 "-" "Mozilla/5.0 (compatible; DataForSeoBot/1.0; +https://dataforseo.com/dataforseo-bot)"
136.243.228.182 - - [28/Jul/2022:01:58:32 +0200] "GET /Swissmedic/Dateninstitut HTTP/1.1" 200 9807 "-" "Mozilla/5.0 (compatible; DataForSeoBot/1.0; +https://dataforseo.com/dataforseo-bot)"
136.243.228.182 - - [28/Jul/2022:01:58:34 +0200] "GET /Epha/PhilipHansten HTTP/1.1" 200 11440 "-" "Mozilla/5.0 (compatible; DataForSeoBot/1.0; +https://dataforseo.com/dataforseo-bot)"
136.243.228.182 - - [28/Jul/2022:01:58:37 +0200] "GET /Ywesee/Kindle HTTP/1.1" 200 8384 "-" "Mozilla/5.0 (compatible; DataForSeoBot/1.0; +https://dataforseo.com/dataforseo-bot)"
136.243.228.182 - - [28/Jul/2022:01:58:39 +0200] "GET /MEDIupdateXML/Softwarehaeuser HTTP/1.1" 200 8654 "-" "Mozilla/5.0 (compatible; DataForSeoBot/1.0; +https://dataforseo.com/dataforseo-bot)"
136.243.228.182 - - [28/Jul/2022:01:58:40 +0200] "GET /Ywesee/XMLFachinfoValidierung HTTP/1.1" 200 10956 "-" "Mozilla/5.0 (compatible; DataForSeoBot/1.0; +https://dataforseo.com/dataforseo-bot)"
136.243.228.182 - - [28/Jul/2022:01:58:43 +0200] "GET /AmiKo/SAPP HTTP/1.1" 200 12947 "-" "Mozilla/5.0 (compatible; DataForSeoBot/1.0; +https://dataforseo.com/dataforseo-bot)"
136.243.228.182 - - [28/Jul/2022:01:58:44 +0200] "GET /CoMed/ASPP HTTP/1.1" 200 13118 "-" "Mozilla/5.0 (compatible; DataForSeoBot/1.0; +https://dataforseo.com/dataforseo-bot)"
136.243.228.182 - - [28/Jul/2022:01:58:46 +0200] "GET /Scan2Post/MacOS HTTP/1.1" 200 9023 "-" "Mozilla/5.0 (compatible; DataForSeoBot/1.0; +https://dataforseo.com/dataforseo-bot)"
136.243.228.182 - - [28/Jul/2022:01:58:48 +0200] "GET /Ywesee/BitcoinBlockchain HTTP/1.1" 200 9811 "-" "Mozilla/5.0 (compatible; DataForSeoBot/1.0; +https://dataforseo.com/dataforseo-bot)"
136.243.228.182 - - [28/Jul/2022:01:58:51 +0200] "GET /AmiKo/Swisspeddose HTTP/1.1" 200 10537 "-" "Mozilla/5.0 (compatible; DataForSeoBot/1.0; +https://dataforseo.com/dataforseo-bot)"
136.243.228.182 - - [28/Jul/2022:01:58:53 +0200] "GET /Software/ODBA HTTP/1.1" 200 12503 "-" "Mozilla/5.0 (compatible; DataForSeoBot/1.0; +https://dataforseo.com/dataforseo-bot)"
136.243.228.182 - - [28/Jul/2022:01:58:55 +0200] "GET /Software/Developers HTTP/1.1" 200 8897 "-" "Mozilla/5.0 (compatible; DataForSeoBot/1.0; +https://dataforseo.com/dataforseo-bot)"
136.243.228.182 - - [28/Jul/2022:01:58:57 +0200] "GET /Software/YDPM HTTP/1.1" 200 8809 "-" "Mozilla/5.0 (compatible; DataForSeoBot/1.0; +https://dataforseo.com/dataforseo-bot)"
136.243.228.182 - - [28/Jul/2022:01:58:58 +0200] "GET /AmiKo/Desktop HTTP/1.1" 200 8397 "-" "Mozilla/5.0 (compatible; DataForSeoBot/1.0; +https://dataforseo.com/dataforseo-bot)"
136.243.228.182 - - [28/Jul/2022:01:59:01 +0200] "GET /Aips2sqlite/Index HTTP/1.1" 200 8461 "-" "Mozilla/5.0 (compatible; DataForSeoBot/1.0; +https://dataforseo.com/dataforseo-bot)"
136.243.228.182 - - [28/Jul/2022:01:59:03 +0200] "GET /ODDB/MD HTTP/1.1" 200 12184 "-" "Mozilla/5.0 (compatible; DataForSeoBot/1.0; +https://dataforseo.com/dataforseo-bot)"
136.243.228.182 - - [28/Jul/2022:01:59:05 +0200] "GET /ODDB/Index HTTP/1.1" 200 8587 "-" "Mozilla/5.0 (compatible; DataForSeoBot/1.0; +https://dataforseo.com/dataforseo-bot)"
194.209.200.2 - - [28/Jul/2022:01:59:11 +0200] "GET /AmiKo/Android HTTP/1.1" 200 10427 "-" "Mozilla/5.0 (compatible; TMMBot/0.2; +http://www.dslab.ch)/Nutch-1.15"
136.243.228.182 - - [28/Jul/2022:01:59:16 +0200] "GET /Ywesee/Stanza HTTP/1.1" 200 8384 "-" "Mozilla/5.0 (compatible; DataForSeoBot/1.0; +https://dataforseo.com/dataforseo-bot)"
136.243.228.182 - - [28/Jul/2022:01:59:19 +0200] "GET /SpitalSchweiz/Index HTTP/1.1" 200 9094 "-" "Mozilla/5.0 (compatible; DataForSeoBot/1.0; +https://dataforseo.com/dataforseo-bot)"
136.243.228.182 - - [28/Jul/2022:01:59:41 +0200] "GET /ODDB/OddbDat HTTP/1.1" 200 8661 "-" "Mozilla/5.0 (compatible; DataForSeoBot/1.0; +https://dataforseo.com/dataforseo-bot)"
136.243.228.182 - - [28/Jul/2022:01:59:43 +0200] "GET /ODDB/ODDBxml HTTP/1.1" 200 8728 "-" "Mozilla/5.0 (compatible; DataForSeoBot/1.0; +https://dataforseo.com/dataforseo-bot)"
194.209.200.2 - - [28/Jul/2022:02:00:11 +0200] "GET /Software/XMLConv HTTP/1.1" 200 8709 "-" "Mozilla/5.0 (compatible; TMMBot/0.2; +http://www.dslab.ch)/Nutch-1.15"
23.128.248.16 - - [28/Jul/2022:02:02:17 +0200] "GET / HTTP/1.1" 200 12074 "http://www.ywesee.com" "Mozilla/5.0 (Windows NT 6.3; WOW64) AppleWebKit/537.36 (KHTML, like Gecko) Chrome/46.0.2490.86 YaBrowser/15.12.0.6151 Safari/537.36"
103.218.241.69 - - [28/Jul/2022:02:04:27 +0200] "GET / HTTP/1.1" 200 12074 "-" "Mozilla/5.0 (Macintosh; Intel Mac OS X 10_15_4) AppleWebKit/537.36 (KHTML, like Gecko) Chrome/89.0.4389.90 Safari/537.36"
40.77.167.78 - - [28/Jul/2022:02:08:53 +0200] "GET /SpitalSchweiz/AnzahlBettenstationaer2012 HTTP/1.1" 200 9424 "-" "Mozilla/5.0 (compatible; bingbot/2.0; +http://www.bing.com/bingbot.htm)"
173.231.60.196 - - [28/Jul/2022:02:11:36 +0200] "GET /Main/BagSlPreise?action=upload HTTP/1.1" 403 18 "https://www.ywesee.com/" "Mozilla/5.0 (compatible; Adsbot/3.1; +https://seostar.co/robot/)"
173.231.60.196 - - [28/Jul/2022:02:11:42 +0200] "GET /Main/BagSlPreise?n=Main.SideBar?action=edit HTTP/1.1" 403 18 "https://www.ywesee.com/" "Mozilla/5.0 (compatible; Adsbot/3.1; +https://seostar.co/robot/)"
173.231.60.196 - - [28/Jul/2022:02:11:48 +0200] "GET /Main/SocialMedia?action=diff HTTP/1.1" 403 18 "https://www.ywesee.com/" "Mozilla/5.0 (compatible; Adsbot/3.1; +https://seostar.co/robot/)"
173.231.60.196 - - [28/Jul/2022:02:11:57 +0200] "GET /Main/SocialMedia?action=edit HTTP/1.1" 403 18 "https://www.ywesee.com/" "Mozilla/5.0 (compatible; Adsbot/3.1; +https://seostar.co/robot/)"
173.231.60.196 - - [28/Jul/2022:02:12:03 +0200] "GET /Main/SocialMedia?action=print HTTP/1.1" 403 18 "https://www.ywesee.com/" "Mozilla/5.0 (compatible; Adsbot/3.1; +https://seostar.co/robot/)"
173.231.60.196 - - [28/Jul/2022:02:12:09 +0200] "GET /Main/SocialMedia?action=upload HTTP/1.1" 403 18 "https://www.ywesee.com/" "Mozilla/5.0 (compatible; Adsbot/3.1; +https://seostar.co/robot/)"
173.231.60.196 - - [28/Jul/2022:02:12:22 +0200] "GET /Main/SocialMedia?n=Main.SideBar?action=edit HTTP/1.1" 403 18 "https://www.ywesee.com/" "Mozilla/5.0 (compatible; Adsbot/3.1; +https://seostar.co/robot/)"
173.231.60.196 - - [28/Jul/2022:02:12:32 +0200] "GET /Oddb2xml/Version?action=diff HTTP/1.1" 403 18 "https://www.ywesee.com/" "Mozilla/5.0 (compatible; Adsbot/3.1; +https://seostar.co/robot/)"
173.231.60.196 - - [28/Jul/2022:02:12:41 +0200] "GET /Oddb2xml/Version?action=edit HTTP/1.1" 403 18 "https://www.ywesee.com/" "Mozilla/5.0 (compatible; Adsbot/3.1; +https://seostar.co/robot/)"
173.231.60.196 - - [28/Jul/2022:02:12:49 +0200] "GET /Oddb2xml/Version?action=print HTTP/1.1" 403 18 "https://www.ywesee.com/" "Mozilla/5.0 (compatible; Adsbot/3.1; +https://seostar.co/robot/)"
40.77.167.78 - - [28/Jul/2022:02:16:44 +0200] "GET /uploads/Main/Replik_20092005.pdf HTTP/1.1" 200 6018143 "-" "Mozilla/5.0 (compatible; bingbot/2.0; +http://www.bing.com/bingbot.htm)"
34.237.52.162 - - [28/Jul/2022:02:24:39 +0200] "GET /robots.txt HTTP/1.1" 200 - "-" "MauiBot (crawler.feedback+gamma@gmail.com)"
185.180.143.75 - - [28/Jul/2022:02:26:09 +0200] "GET / HTTP/1.1" 200 12074 "-" "Mozilla/5.0 (Windows NT 10.0; WOW64) AppleWebKit/537.36 (KHTML, like Gecko) Chrome/66.0.3359.117 Safari/537.36"
194.209.200.2 - - [28/Jul/2022:02:30:20 +0200] "GET /robots.txt HTTP/1.1" 200 - "-" "Mozilla/5.0 (compatible; TMMBot/0.2; +http://www.dslab.ch)/Nutch-1.15"
194.209.200.2 - - [28/Jul/2022:02:30:20 +0200] "GET /Miele/MieleLXIV HTTP/1.1" 200 15367 "-" "Mozilla/5.0 (compatible; TMMBot/0.2; +http://www.dslab.ch)/Nutch-1.15"
194.209.200.2 - - [28/Jul/2022:02:33:34 +0200] "GET /Main/2011 HTTP/1.1" 200 21451 "-" "Mozilla/5.0 (compatible; TMMBot/0.2; +http://www.dslab.ch)/Nutch-1.15"
194.209.200.2 - - [28/Jul/2022:02:33:36 +0200] "GET /AmiKo/IOS HTTP/1.1" 200 11930 "-" "Mozilla/5.0 (compatible; TMMBot/0.2; +http://www.dslab.ch)/Nutch-1.15"
194.209.200.2 - - [28/Jul/2022:02:33:54 +0200] "GET /Software/Spreadsheet HTTP/1.1" 200 8839 "-" "Mozilla/5.0 (compatible; TMMBot/0.2; +http://www.dslab.ch)/Nutch-1.15"
194.209.200.2 - - [28/Jul/2022:02:36:14 +0200] "GET /Generikacc/App HTTP/1.1" 200 11862 "-" "Mozilla/5.0 (compatible; TMMBot/0.2; +http://www.dslab.ch)/Nutch-1.15"
194.209.200.2 - - [28/Jul/2022:02:36:29 +0200] "GET /Software/ODDB HTTP/1.1" 200 10298 "-" "Mozilla/5.0 (compatible; TMMBot/0.2; +http://www.dslab.ch)/Nutch-1.15"
173.231.60.196 - - [28/Jul/2022:02:37:07 +0200] "GET /Oddb2xml/Version?action=upload HTTP/1.1" 403 18 "https://www.ywesee.com/" "Mozilla/5.0 (compatible; Adsbot/3.1; +https://seostar.co/robot/)"
194.209.200.2 - - [28/Jul/2022:02:37:09 +0200] "GET /Ausschreibung/SAI HTTP/1.1" 200 10366 "-" "Mozilla/5.0 (compatible; TMMBot/0.2; +http://www.dslab.ch)/Nutch-1.15"
173.231.60.196 - - [28/Jul/2022:02:37:13 +0200] "GET /Oddb2xml/Version?n=Main.SideBar?action=edit HTTP/1.1" 403 18 "https://www.ywesee.com/" "Mozilla/5.0 (compatible; Adsbot/3.1; +https://seostar.co/robot/)"
173.231.60.196 - - [28/Jul/2022:02:37:21 +0200] "GET /AIPS/Bestaetigung?action=diff HTTP/1.1" 403 18 "https://www.ywesee.com/" "Mozilla/5.0 (compatible; Adsbot/3.1; +https://seostar.co/robot/)"
173.231.60.196 - - [28/Jul/2022:02:37:31 +0200] "GET /AIPS/Bestaetigung?action=edit HTTP/1.1" 403 18 "https://www.ywesee.com/" "Mozilla/5.0 (compatible; Adsbot/3.1; +https://seostar.co/robot/)"
173.231.60.196 - - [28/Jul/2022:02:37:37 +0200] "GET /AIPS/Bestaetigung?action=print HTTP/1.1" 403 18 "https://www.ywesee.com/" "Mozilla/5.0 (compatible; Adsbot/3.1; +https://seostar.co/robot/)"
173.231.60.196 - - [28/Jul/2022:02:37:44 +0200] "GET /AIPS/Bestaetigung?action=upload HTTP/1.1" 403 18 "https://www.ywesee.com/" "Mozilla/5.0 (compatible; Adsbot/3.1; +https://seostar.co/robot/)"
173.231.60.196 - - [28/Jul/2022:02:37:50 +0200] "GET /AIPS/Bestaetigung?n=Main.SideBar?action=edit HTTP/1.1" 403 18 "https://www.ywesee.com/" "Mozilla/5.0 (compatible; Adsbot/3.1; +https://seostar.co/robot/)"
173.231.60.196 - - [28/Jul/2022:02:38:00 +0200] "GET /Aips2sqlite/Index HTTP/1.1" 200 8461 "https://www.ywesee.com/" "Mozilla/5.0 (compatible; Adsbot/3.1; +https://seostar.co/robot/)"
194.209.200.2 - - [28/Jul/2022:02:38:04 +0200] "GET /Main/2009 HTTP/1.1" 200 21688 "-" "Mozilla/5.0 (compatible; TMMBot/0.2; +http://www.dslab.ch)/Nutch-1.15"
173.231.60.196 - - [28/Jul/2022:02:38:07 +0200] "GET /Ausschreibung/SAI?action=diff HTTP/1.1" 403 18 "https://www.ywesee.com/" "Mozilla/5.0 (compatible; Adsbot/3.1; +https://seostar.co/robot/)"
194.209.200.2 - - [28/Jul/2022:02:38:13 +0200] "GET /Main/2007 HTTP/1.1" 200 50639 "-" "Mozilla/5.0 (compatible; TMMBot/0.2; +http://www.dslab.ch)/Nutch-1.15"
173.231.60.196 - - [28/Jul/2022:02:38:13 +0200] "GET /Ausschreibung/SAI?action=edit HTTP/1.1" 403 18 "https://www.ywesee.com/" "Mozilla/5.0 (compatible; Adsbot/3.1; +https://seostar.co/robot/)"
194.209.200.2 - - [28/Jul/2022:02:38:22 +0200] "GET /Main/2005 HTTP/1.1" 200 63344 "-" "Mozilla/5.0 (compatible; TMMBot/0.2; +http://www.dslab.ch)/Nutch-1.15"
194.209.200.2 - - [28/Jul/2022:02:39:05 +0200] "GET /AmiKo/Android HTTP/1.1" 200 10427 "-" "Mozilla/5.0 (compatible; TMMBot/0.2; +http://www.dslab.ch)/Nutch-1.15"
18.234.155.198 - - [28/Jul/2022:02:39:19 +0200] "GET /robots.txt HTTP/1.1" 200 - "-" "Mozilla/5.0 (Macintosh; Intel Mac OS X 10_10_1) AppleWebKit/600.2.5 (KHTML\\, like Gecko) Version/8.0.2 Safari/600.2.5 (Amazonbot/0.1; +https://developer.amazon.com/support/amazonbot)"
194.209.200.2 - - [28/Jul/2022:02:40:35 +0200] "GET /Software/XMLConv HTTP/1.1" 200 8709 "-" "Mozilla/5.0 (compatible; TMMBot/0.2; +http://www.dslab.ch)/Nutch-1.15"
65.108.125.120 - - [28/Jul/2022:02:40:36 +0200] "GET /robots.txt HTTP/1.1" 200 - "-" "Mozilla/5.0 (compatible; MJ12bot/v1.4.8; http://mj12bot.com/)"
65.108.125.120 - - [28/Jul/2022:02:40:38 +0200] "GET /Generikacc/App HTTP/1.1" 200 11862 "-" "Mozilla/5.0 (compatible; MJ12bot/v1.4.8; http://mj12bot.com/)"
185.191.171.12 - - [28/Jul/2022:02:57:44 +0200] "GET /robots.txt HTTP/1.1" 200 - "-" "Mozilla/5.0 (compatible; SemrushBot/7~bl; +http://www.semrush.com/bot.html)"
185.191.171.13 - - [28/Jul/2022:02:57:45 +0200] "GET /Main/MyMedi?action=diff HTTP/1.1" 403 18 "-" "Mozilla/5.0 (compatible; SemrushBot/7~bl; +http://www.semrush.com/bot.html)"
123.6.49.36 - - [28/Jul/2022:03:04:56 +0200] "HEAD / HTTP/1.1" 200 - "http://baidu.com" "Mozilla/5.0 (Linux; U; Android 8.0.0; zh-cn; Mi Note 2 Build/OPR1.170623.032) AppleWebKit/537.36 (KHTML, like Gecko) Version/4.0 Chrome/61.0.3163.128 Mobile Safari/537.36 XiaoMi/MiuiBrowser/10.1.1"
123.6.49.6 - - [28/Jul/2022:03:04:57 +0200] "HEAD / HTTP/1.1" 200 - "http://baidu.com" "Mozilla/5.0 (Linux; U; Android 8.0.0; zh-cn; Mi Note 2 Build/OPR1.170623.032) AppleWebKit/537.36 (KHTML, like Gecko) Version/4.0 Chrome/61.0.3163.128 Mobile Safari/537.36 XiaoMi/MiuiBrowser/10.1.1"
194.209.200.2 - - [28/Jul/2022:03:10:13 +0200] "GET /robots.txt HTTP/1.1" 200 - "-" "Mozilla/5.0 (compatible; TMMBot/0.2; +http://www.dslab.ch)/Nutch-1.15"
194.209.200.2 - - [28/Jul/2022:03:10:13 +0200] "GET /Miele/MieleLXIV HTTP/1.1" 200 15367 "-" "Mozilla/5.0 (compatible; TMMBot/0.2; +http://www.dslab.ch)/Nutch-1.15"
185.191.171.1 - - [28/Jul/2022:03:11:40 +0200] "GET /Software/XMLBAG?action=diff HTTP/1.1" 403 18 "-" "Mozilla/5.0 (compatible; SemrushBot/7~bl; +http://www.semrush.com/bot.html)"
194.209.200.2 - - [28/Jul/2022:03:13:04 +0200] "GET /Main/2011 HTTP/1.1" 200 21451 "-" "Mozilla/5.0 (compatible; TMMBot/0.2; +http://www.dslab.ch)/Nutch-1.15"
194.209.200.2 - - [28/Jul/2022:03:13:06 +0200] "GET /AmiKo/IOS HTTP/1.1" 200 11930 "-" "Mozilla/5.0 (compatible; TMMBot/0.2; +http://www.dslab.ch)/Nutch-1.15"
194.209.200.2 - - [28/Jul/2022:03:13:21 +0200] "GET /Software/Spreadsheet HTTP/1.1" 200 8839 "-" "Mozilla/5.0 (compatible; TMMBot/0.2; +http://www.dslab.ch)/Nutch-1.15"
194.209.200.2 - - [28/Jul/2022:03:15:06 +0200] "GET /Generikacc/App HTTP/1.1" 200 11862 "-" "Mozilla/5.0 (compatible; TMMBot/0.2; +http://www.dslab.ch)/Nutch-1.15"
194.209.200.2 - - [28/Jul/2022:03:15:17 +0200] "GET /Software/ODDB HTTP/1.1" 200 10298 "-" "Mozilla/5.0 (compatible; TMMBot/0.2; +http://www.dslab.ch)/Nutch-1.15"
194.209.200.2 - - [28/Jul/2022:03:15:48 +0200] "GET /Ausschreibung/SAI HTTP/1.1" 200 10366 "-" "Mozilla/5.0 (compatible; TMMBot/0.2; +http://www.dslab.ch)/Nutch-1.15"
194.209.200.2 - - [28/Jul/2022:03:16:32 +0200] "GET /Main/2009 HTTP/1.1" 200 21688 "-" "Mozilla/5.0 (compatible; TMMBot/0.2; +http://www.dslab.ch)/Nutch-1.15"
194.209.200.2 - - [28/Jul/2022:03:16:41 +0200] "GET /Main/2007 HTTP/1.1" 200 50639 "-" "Mozilla/5.0 (compatible; TMMBot/0.2; +http://www.dslab.ch)/Nutch-1.15"
194.209.200.2 - - [28/Jul/2022:03:17:27 +0200] "GET /AmiKo/Android HTTP/1.1" 200 10427 "-" "Mozilla/5.0 (compatible; TMMBot/0.2; +http://www.dslab.ch)/Nutch-1.15"
194.209.200.2 - - [28/Jul/2022:03:18:25 +0200] "GET /Software/XMLConv HTTP/1.1" 200 8709 "-" "Mozilla/5.0 (compatible; TMMBot/0.2; +http://www.dslab.ch)/Nutch-1.15"
157.55.39.189 - - [28/Jul/2022:03:30:05 +0200] "GET / HTTP/1.1" 200 12074 "-" "Mozilla/5.0 (compatible; bingbot/2.0; +http://www.bing.com/bingbot.htm)"
173.231.60.196 - - [28/Jul/2022:03:32:58 +0200] "GET /Ausschreibung/SAI?action=print HTTP/1.1" 403 18 "https://www.ywesee.com/" "Mozilla/5.0 (compatible; Adsbot/3.1; +https://seostar.co/robot/)"
173.231.60.196 - - [28/Jul/2022:03:33:07 +0200] "GET /Ausschreibung/SAI?action=upload HTTP/1.1" 403 18 "https://www.ywesee.com/" "Mozilla/5.0 (compatible; Adsbot/3.1; +https://seostar.co/robot/)"
173.231.60.196 - - [28/Jul/2022:03:33:17 +0200] "GET /Ausschreibung/SAI?n=Main.SideBar?action=edit HTTP/1.1" 403 18 "https://www.ywesee.com/" "Mozilla/5.0 (compatible; Adsbot/3.1; +https://seostar.co/robot/)"
173.231.60.196 - - [28/Jul/2022:03:33:27 +0200] "GET /PublicDomain/AIPS?action=diff HTTP/1.1" 403 18 "https://www.ywesee.com/" "Mozilla/5.0 (compatible; Adsbot/3.1; +https://seostar.co/robot/)"
173.231.60.196 - - [28/Jul/2022:03:33:34 +0200] "GET /PublicDomain/AIPS?action=edit HTTP/1.1" 403 18 "https://www.ywesee.com/" "Mozilla/5.0 (compatible; Adsbot/3.1; +https://seostar.co/robot/)"
173.231.60.196 - - [28/Jul/2022:03:33:44 +0200] "GET /PublicDomain/AIPS?action=print HTTP/1.1" 403 18 "https://www.ywesee.com/" "Mozilla/5.0 (compatible; Adsbot/3.1; +https://seostar.co/robot/)"
173.231.60.196 - - [28/Jul/2022:03:33:53 +0200] "GET /PublicDomain/AIPS?action=upload HTTP/1.1" 403 18 "https://www.ywesee.com/" "Mozilla/5.0 (compatible; Adsbot/3.1; +https://seostar.co/robot/)"
173.231.60.196 - - [28/Jul/2022:03:34:05 +0200] "GET /PublicDomain/AIPS?n=Main.SideBar?action=edit HTTP/1.1" 403 18 "https://www.ywesee.com/" "Mozilla/5.0 (compatible; Adsbot/3.1; +https://seostar.co/robot/)"
173.231.60.196 - - [28/Jul/2022:03:34:11 +0200] "GET /Refdatabase/Index?action=diff HTTP/1.1" 403 18 "https://www.ywesee.com/" "Mozilla/5.0 (compatible; Adsbot/3.1; +https://seostar.co/robot/)"
173.231.60.196 - - [28/Jul/2022:03:34:26 +0200] "GET /Refdatabase/Index?action=edit HTTP/1.1" 403 18 "https://www.ywesee.com/" "Mozilla/5.0 (compatible; Adsbot/3.1; +https://seostar.co/robot/)"
23.229.113.138 - - [28/Jul/2022:03:35:13 +0200] "GET / HTTP/1.1" 200 12074 "https://webtechsurvey.com/website/ywesee.com" "Mozilla/5.0 (Windows NT 10.0; Win64; x64) AppleWebKit/537.36 (KHTML, like Gecko) Chrome/88.0.4324.190 Safari/537.36"
5.102.173.71 - - [28/Jul/2022:03:41:53 +0200] "GET /robots.txt HTTP/1.1" 200 - "-" "Mozilla/5.0 (compatible; MojeekBot/0.11; +https://www.mojeek.com/bot.html)"
5.102.173.71 - - [28/Jul/2022:03:41:53 +0200] "GET /Main/MiGel?action=print HTTP/1.1" 403 18 "-" "Mozilla/5.0 (compatible; MojeekBot/0.11; +https://www.mojeek.com/bot.html)"
194.209.200.2 - - [28/Jul/2022:03:43:44 +0200] "GET /robots.txt HTTP/1.1" 200 - "-" "Mozilla/5.0 (compatible; TMMBot/0.2; +http://www.dslab.ch)/Nutch-1.15"
194.209.200.2 - - [28/Jul/2022:03:43:44 +0200] "GET /AmiKo/Linux HTTP/1.1" 200 9217 "-" "Mozilla/5.0 (compatible; TMMBot/0.2; +http://www.dslab.ch)/Nutch-1.15"
194.209.200.2 - - [28/Jul/2022:03:43:48 +0200] "GET /Miele/MieleLXIV HTTP/1.1" 200 15367 "-" "Mozilla/5.0 (compatible; TMMBot/0.2; +http://www.dslab.ch)/Nutch-1.15"
194.209.200.2 - - [28/Jul/2022:03:43:55 +0200] "GET /AmiKo/Windows HTTP/1.1" 200 10332 "-" "Mozilla/5.0 (compatible; TMMBot/0.2; +http://www.dslab.ch)/Nutch-1.15"
194.209.200.2 - - [28/Jul/2022:03:46:34 +0200] "GET /Main/2011 HTTP/1.1" 200 21451 "-" "Mozilla/5.0 (compatible; TMMBot/0.2; +http://www.dslab.ch)/Nutch-1.15"
194.209.200.2 - - [28/Jul/2022:03:46:36 +0200] "GET /AmiKo/IOS HTTP/1.1" 200 11930 "-" "Mozilla/5.0 (compatible; TMMBot/0.2; +http://www.dslab.ch)/Nutch-1.15"
194.209.200.2 - - [28/Jul/2022:03:48:28 +0200] "GET /Generikacc/App HTTP/1.1" 200 11862 "-" "Mozilla/5.0 (compatible; TMMBot/0.2; +http://www.dslab.ch)/Nutch-1.15"
194.209.200.2 - - [28/Jul/2022:03:48:37 +0200] "GET /Software/ODDB HTTP/1.1" 200 10298 "-" "Mozilla/5.0 (compatible; TMMBot/0.2; +http://www.dslab.ch)/Nutch-1.15"
194.209.200.2 - - [28/Jul/2022:03:49:07 +0200] "GET /Ausschreibung/SAI HTTP/1.1" 200 10366 "-" "Mozilla/5.0 (compatible; TMMBot/0.2; +http://www.dslab.ch)/Nutch-1.15"
157.55.39.154 - - [28/Jul/2022:03:49:19 +0200] "GET /Main/SideBar?action=edit HTTP/1.1" 403 18 "-" "Mozilla/5.0 (compatible; bingbot/2.0; +http://www.bing.com/bingbot.htm)"
194.209.200.2 - - [28/Jul/2022:03:49:57 +0200] "GET /Main/2007 HTTP/1.1" 200 50639 "-" "Mozilla/5.0 (compatible; TMMBot/0.2; +http://www.dslab.ch)/Nutch-1.15"
194.209.200.2 - - [28/Jul/2022:03:50:05 +0200] "GET /Software/BBMB HTTP/1.1" 200 9385 "-" "Mozilla/5.0 (compatible; TMMBot/0.2; +http://www.dslab.ch)/Nutch-1.15"
194.209.200.2 - - [28/Jul/2022:03:50:40 +0200] "GET /AmiKo/Android HTTP/1.1" 200 10427 "-" "Mozilla/5.0 (compatible; TMMBot/0.2; +http://www.dslab.ch)/Nutch-1.15"
194.209.200.2 - - [28/Jul/2022:03:51:32 +0200] "GET /Software/XMLConv HTTP/1.1" 200 8709 "-" "Mozilla/5.0 (compatible; TMMBot/0.2; +http://www.dslab.ch)/Nutch-1.15"
208.100.26.236 - - [28/Jul/2022:04:05:04 +0200] "GET / HTTP/1.1" 200 12074 "-" "Mozilla/5.0 (Linux; Android 8.1.0; SM-G615F) AppleWebKit/537.36 (KHTML, like Gecko) Chrome/80.0.3987.149 Mobile Safari/537.36"
208.100.26.246 - - [28/Jul/2022:04:05:04 +0200] "GET / HTTP/1.1" 200 12074 "http://www.ywesee.com/" "Mozilla/5.0 (Linux; Android 8.1.0; SM-G615F) AppleWebKit/537.36 (KHTML, like Gecko) Chrome/80.0.3987.149 Mobile Safari/537.36"
103.218.241.69 - - [28/Jul/2022:04:07:28 +0200] "GET / HTTP/1.1" 200 12074 "-" "Mozilla/5.0 (Macintosh; Intel Mac OS X 10_15_4) AppleWebKit/537.36 (KHTML, like Gecko) Chrome/89.0.4389.90 Safari/537.36"
40.77.167.78 - - [28/Jul/2022:04:13:29 +0200] "GET /oddb2xml/bemerkungen HTTP/1.1" 404 279 "-" "Mozilla/5.0 (compatible; bingbot/2.0; +http://www.bing.com/bingbot.htm)"
185.191.171.10 - - [28/Jul/2022:04:21:21 +0200] "GET /robots.txt HTTP/1.1" 200 - "-" "Mozilla/5.0 (compatible; SemrushBot/7~bl; +http://www.semrush.com/bot.html)"
185.191.171.20 - - [28/Jul/2022:04:21:21 +0200] "GET /Software/XMLBAG?action=edit HTTP/1.1" 403 18 "-" "Mozilla/5.0 (compatible; SemrushBot/7~bl; +http://www.semrush.com/bot.html)"
194.209.200.2 - - [28/Jul/2022:04:22:02 +0200] "GET /robots.txt HTTP/1.1" 200 - "-" "Mozilla/5.0 (compatible; TMMBot/0.2; +http://www.dslab.ch)/Nutch-1.15"
194.209.200.2 - - [28/Jul/2022:04:22:02 +0200] "GET /Miele/MieleLXIV HTTP/1.1" 200 15367 "-" "Mozilla/5.0 (compatible; TMMBot/0.2; +http://www.dslab.ch)/Nutch-1.15"
173.231.60.196 - - [28/Jul/2022:04:22:24 +0200] "GET /Refdatabase/Index?action=print HTTP/1.1" 403 18 "https://www.ywesee.com/" "Mozilla/5.0 (compatible; Adsbot/3.1; +https://seostar.co/robot/)"
173.231.60.196 - - [28/Jul/2022:04:22:32 +0200] "GET /Refdatabase/Index?action=upload HTTP/1.1" 403 18 "https://www.ywesee.com/" "Mozilla/5.0 (compatible; Adsbot/3.1; +https://seostar.co/robot/)"
173.231.60.196 - - [28/Jul/2022:04:22:43 +0200] "GET /Refdatabase/Index?n=Main.SideBar?action=edit HTTP/1.1" 403 18 "https://www.ywesee.com/" "Mozilla/5.0 (compatible; Adsbot/3.1; +https://seostar.co/robot/)"
173.231.60.196 - - [28/Jul/2022:04:22:52 +0200] "GET /AmiKo/Ankuendigung?action=diff HTTP/1.1" 403 18 "https://www.ywesee.com/" "Mozilla/5.0 (compatible; Adsbot/3.1; +https://seostar.co/robot/)"
173.231.60.196 - - [28/Jul/2022:04:22:58 +0200] "GET /AmiKo/Ankuendigung?action=edit HTTP/1.1" 403 18 "https://www.ywesee.com/" "Mozilla/5.0 (compatible; Adsbot/3.1; +https://seostar.co/robot/)"
173.231.60.196 - - [28/Jul/2022:04:23:04 +0200] "GET /AmiKo/Ankuendigung?action=print HTTP/1.1" 403 18 "https://www.ywesee.com/" "Mozilla/5.0 (compatible; Adsbot/3.1; +https://seostar.co/robot/)"
173.231.60.196 - - [28/Jul/2022:04:23:14 +0200] "GET /AmiKo/Ankuendigung?action=upload HTTP/1.1" 403 18 "https://www.ywesee.com/" "Mozilla/5.0 (compatible; Adsbot/3.1; +https://seostar.co/robot/)"
173.231.60.196 - - [28/Jul/2022:04:23:23 +0200] "GET /AmiKo/Ankuendigung?n=Main.SideBar?action=edit HTTP/1.1" 403 18 "https://www.ywesee.com/" "Mozilla/5.0 (compatible; Adsbot/3.1; +https://seostar.co/robot/)"
173.231.60.196 - - [28/Jul/2022:04:23:31 +0200] "GET /AmiKo/Swisspeddose?action=diff HTTP/1.1" 403 18 "https://www.ywesee.com/" "Mozilla/5.0 (compatible; Adsbot/3.1; +https://seostar.co/robot/)"
173.231.60.196 - - [28/Jul/2022:04:23:38 +0200] "GET /AmiKo/Swisspeddose?action=edit HTTP/1.1" 403 18 "https://www.ywesee.com/" "Mozilla/5.0 (compatible; Adsbot/3.1; +https://seostar.co/robot/)"
194.209.200.2 - - [28/Jul/2022:04:24:36 +0200] "GET /Main/2013 HTTP/1.1" 200 20487 "-" "Mozilla/5.0 (compatible; TMMBot/0.2; +http://www.dslab.ch)/Nutch-1.15"
194.209.200.2 - - [28/Jul/2022:04:24:45 +0200] "GET /Main/2011 HTTP/1.1" 200 21451 "-" "Mozilla/5.0 (compatible; TMMBot/0.2; +http://www.dslab.ch)/Nutch-1.15"
194.209.200.2 - - [28/Jul/2022:04:24:47 +0200] "GET /AmiKo/IOS HTTP/1.1" 200 11930 "-" "Mozilla/5.0 (compatible; TMMBot/0.2; +http://www.dslab.ch)/Nutch-1.15"
194.209.200.2 - - [28/Jul/2022:04:25:01 +0200] "GET /Software/Spreadsheet HTTP/1.1" 200 8839 "-" "Mozilla/5.0 (compatible; TMMBot/0.2; +http://www.dslab.ch)/Nutch-1.15"
194.209.200.2 - - [28/Jul/2022:04:26:41 +0200] "GET /Generikacc/App HTTP/1.1" 200 11862 "-" "Mozilla/5.0 (compatible; TMMBot/0.2; +http://www.dslab.ch)/Nutch-1.15"
194.209.200.2 - - [28/Jul/2022:04:26:50 +0200] "GET /Software/ODDB HTTP/1.1" 200 10298 "-" "Mozilla/5.0 (compatible; TMMBot/0.2; +http://www.dslab.ch)/Nutch-1.15"
194.209.200.2 - - [28/Jul/2022:04:27:19 +0200] "GET /Ausschreibung/SAI HTTP/1.1" 200 10366 "-" "Mozilla/5.0 (compatible; TMMBot/0.2; +http://www.dslab.ch)/Nutch-1.15"
194.209.200.2 - - [28/Jul/2022:04:28:07 +0200] "GET /Main/2007 HTTP/1.1" 200 50639 "-" "Mozilla/5.0 (compatible; TMMBot/0.2; +http://www.dslab.ch)/Nutch-1.15"
54.36.148.255 - - [28/Jul/2022:04:28:10 +0200] "GET /Main/2012 HTTP/1.1" 200 31941 "-" "Mozilla/5.0 (compatible; AhrefsBot/7.0; +http://ahrefs.com/robot/)"
194.209.200.2 - - [28/Jul/2022:04:28:33 +0200] "GET /Main/2014 HTTP/1.1" 200 19471 "-" "Mozilla/5.0 (compatible; TMMBot/0.2; +http://www.dslab.ch)/Nutch-1.15"
194.209.200.2 - - [28/Jul/2022:04:28:47 +0200] "GET /AmiKo/Android HTTP/1.1" 200 10427 "-" "Mozilla/5.0 (compatible; TMMBot/0.2; +http://www.dslab.ch)/Nutch-1.15"
