173.231.60.196 - - [28/Jul/2022:13:03:02 +0200] "GET /Refdata/LoeschungFelder?action=upload HTTP/1.1" 403 18 "https://www.ywesee.com/" "Mozilla/5.0 (compatible; Adsbot/3.1; +https://seostar.co/robot/)"
173.231.60.196 - - [28/Jul/2022:13:03:08 +0200] "GET /Refdata/LoeschungFelder?n=Main.SideBar?action=edit HTTP/1.1" 403 18 "https://www.ywesee.com/" "Mozilla/5.0 (compatible; Adsbot/3.1; +https://seostar.co/robot/)"
173.231.60.196 - - [28/Jul/2022:13:03:15 +0200] "GET /Stellungnahme/ProPharma?action=diff HTTP/1.1" 403 18 "https://www.ywesee.com/" "Mozilla/5.0 (compatible; Adsbot/3.1; +https://seostar.co/robot/)"
114.119.148.155 - - [28/Jul/2022:13:07:23 +0200] "GET /ODDB/MD?action=upload HTTP/1.1" 403 18 "https://www.ywesee.com/ODDB/MD" "Mozilla/5.0 (Linux; Android 7.0;) AppleWebKit/537.36 (KHTML, like Gecko) Mobile Safari/537.36 (compatible; PetalBot;+https://webmaster.petalsearch.com/site/petalbot)"
103.218.241.69 - - [28/Jul/2022:13:07:40 +0200] "GET / HTTP/1.1" 200 12074 "-" "Mozilla/5.0 (Macintosh; Intel Mac OS X 10_15_4) AppleWebKit/537.36 (KHTML, like Gecko) Chrome/89.0.4389.90 Safari/537.36"
3.89.126.62 - - [28/Jul/2022:13:07:45 +0200] "GET /AmiKo/Android HTTP/1.0" 200 10427 "-" "Mozilla/5.0 (Macintosh; U; PPC Mac OS X; en) AppleWebKit/418.9 (KHTML, like Gecko) AppleWebKit/418.9 Cheshire/1.0.ALPHA"
114.119.148.102 - - [28/Jul/2022:13:07:45 +0200] "GET /AmiKo/Cpp2sqlite?action=diff HTTP/1.1" 403 18 "https://www.ywesee.com/AmiKo/Cpp2sqlite" "Mozilla/5.0 (Linux; Android 7.0;) AppleWebKit/537.36 (KHTML, like Gecko) Mobile Safari/537.36 (compatible; PetalBot;+https://webmaster.petalsearch.com/site/petalbot)"
3.89.126.62 - - [28/Jul/2022:13:08:02 +0200] "GET /Ywesee/About?action=print HTTP/1.0" 200 3699 "-" "Mozilla/5.0 (Windows NT 5.2) AppleWebKit/535.11 (KHTML, like Gecko) Iron/17.0.1000.0 Chrome/17.0.1000.0 Safari/535.11"
114.119.147.233 - - [28/Jul/2022:13:08:38 +0200] "GET /Miele/History?action=diff HTTP/1.1" 403 18 "https://www.ywesee.com/Miele/History" "Mozilla/5.0 (Linux; Android 7.0;) AppleWebKit/537.36 (KHTML, like Gecko) Mobile Safari/537.36 (compatible; PetalBot;+https://webmaster.petalsearch.com/site/petalbot)"
114.119.148.0 - - [28/Jul/2022:13:09:15 +0200] "GET /SpitalSchweiz/Subventionen2012?action=print HTTP/1.1" 403 18 "https://www.ywesee.com/SpitalSchweiz/Subventionen2012" "Mozilla/5.0 (Linux; Android 7.0;) AppleWebKit/537.36 (KHTML, like Gecko) Mobile Safari/537.36 (compatible; PetalBot;+https://webmaster.petalsearch.com/site/petalbot)"
3.89.126.62 - - [28/Jul/2022:13:11:27 +0200] "GET /Main/SideBar?action=edit HTTP/1.0" 200 9310 "-" "Mozilla/5.0 (iPhone; CPU iPhone OS 9_3_3 like Mac OS X) AppleWebKit/601.1.46 (KHTML, like Gecko) Version/9.0 Mobile/13G12 Safari/601.1"
114.119.148.154 - - [28/Jul/2022:13:12:11 +0200] "GET /Main/DocumedGalenicaVsYwesee?action=print HTTP/1.1" 403 18 "https://www.ywesee.com/Main/DocumedGalenicaVsYwesee" "Mozilla/5.0 (Linux; Android 7.0;) AppleWebKit/537.36 (KHTML, like Gecko) Mobile Safari/537.36 (compatible; PetalBot;+https://webmaster.petalsearch.com/site/petalbot)"
157.55.39.189 - - [28/Jul/2022:13:12:22 +0200] "GET /Ywesee/About HTTP/1.1" 200 9132 "-" "Mozilla/5.0 (compatible; bingbot/2.0; +http://www.bing.com/bingbot.htm)"
54.86.96.100 - - [28/Jul/2022:13:12:34 +0200] "GET /robots.txt HTTP/1.1" 200 - "-" "MauiBot (crawler.feedback+gamma@gmail.com)"
3.89.126.62 - - [28/Jul/2022:13:12:57 +0200] "GET /Ywesee/About?action=diff HTTP/1.0" 200 57018 "-" "Mozilla/5.0 (Windows; U; Windows NT 6.0; en-US) AppleWebKit/533.18.1 (KHTML, like Gecko) Version/4.0.5 Safari/531.22.7"
54.36.148.205 - - [28/Jul/2022:13:16:39 +0200] "GET /Main/2010 HTTP/1.1" 200 27997 "-" "Mozilla/5.0 (compatible; AhrefsBot/7.0; +http://ahrefs.com/robot/)"
54.36.149.81 - - [28/Jul/2022:13:16:44 +0200] "GET /InfoCodex/Vergleichsanalyse HTTP/1.1" 200 9981 "-" "Mozilla/5.0 (compatible; AhrefsBot/7.0; +http://ahrefs.com/robot/)"
54.36.148.244 - - [28/Jul/2022:13:16:54 +0200] "GET /AmiKo/IOS HTTP/1.1" 200 11930 "-" "Mozilla/5.0 (compatible; AhrefsBot/7.0; +http://ahrefs.com/robot/)"
114.119.147.6 - - [28/Jul/2022:13:19:31 +0200] "GET /uploads/Main/Indications_ch.oddb.org.txt HTTP/1.1" 200 142944 "https://www.ywesee.com/Main/2009" "Mozilla/5.0 (Linux; Android 7.0;) AppleWebKit/537.36 (KHTML, like Gecko) Mobile Safari/537.36 (compatible; PetalBot;+https://webmaster.petalsearch.com/site/petalbot)"
114.119.148.0 - - [28/Jul/2022:13:19:53 +0200] "GET /Main/2020?action=edit HTTP/1.1" 403 18 "https://www.ywesee.com/Main/2020" "Mozilla/5.0 (Linux; Android 7.0;) AppleWebKit/537.36 (KHTML, like Gecko) Mobile Safari/537.36 (compatible; PetalBot;+https://webmaster.petalsearch.com/site/petalbot)"
108.59.8.70 - - [28/Jul/2022:13:20:28 +0200] "GET /robots.txt HTTP/1.1" 200 - "-" "Mozilla/5.0 (compatible; MJ12bot/v1.4.8; http://mj12bot.com/)"
108.59.8.70 - - [28/Jul/2022:13:20:39 +0200] "GET / HTTP/1.1" 200 12074 "-" "Mozilla/5.0 (compatible; MJ12bot/v1.4.8; http://mj12bot.com/)"
3.89.126.62 - - [28/Jul/2022:13:20:57 +0200] "GET /Main/DocumedGalenicaVsYwesee HTTP/1.0" 200 35251 "-" "Mozilla/5.0 (iPhone; CPU iPhone OS 9_2_1 like Mac OS X) AppleWebKit/601.1.46 (KHTML, like Gecko) Version/9.0 Mobile/13D15 Safari/601.1"
3.89.126.62 - - [28/Jul/2022:13:21:17 +0200] "GET /Software/SoftwareRaid HTTP/1.0" 200 12104 "-" "Mozilla/5.0 (Windows NT 5.2; U; en; rv:1.8.0) Gecko/20060728 Firefox/1.5.0 Opera 9.27"
3.89.126.62 - - [28/Jul/2022:13:23:58 +0200] "GET /Ywesee/About?action=edit HTTP/1.0" 200 9309 "-" "Mozilla/5.0 (X11; CrOS armv7l 7077.134.0) AppleWebKit/537.36 (KHTML, like Gecko) Chrome/44.0.2403.156 Safari/537.36"
114.119.147.233 - - [28/Jul/2022:13:25:58 +0200] "GET /uploads/Main/An_Dieter_Grauer_24.10.2005.txt HTTP/1.1" 200 3469 "https://www.ywesee.com/Main/2005%3Faction%3Dprint" "Mozilla/5.0 (Linux; Android 7.0;) AppleWebKit/537.36 (KHTML, like Gecko) Mobile Safari/537.36 (compatible; PetalBot;+https://webmaster.petalsearch.com/site/petalbot)"
3.89.126.62 - - [28/Jul/2022:13:27:47 +0200] "GET /AmiKo/Windows HTTP/1.0" 200 10332 "-" "Mozilla/5.0 (Windows NT 6.3; Trident/7.0; rv:11.0) like Gecko"
194.209.200.2 - - [28/Jul/2022:13:29:59 +0200] "GET /robots.txt HTTP/1.1" 200 - "-" "Mozilla/5.0 (compatible; TMMBot/0.2; +http://www.dslab.ch)/Nutch-1.15"
194.209.200.2 - - [28/Jul/2022:13:29:59 +0200] "GET /Miele/MieleLXIV HTTP/1.1" 200 15367 "-" "Mozilla/5.0 (compatible; TMMBot/0.2; +http://www.dslab.ch)/Nutch-1.15"
194.209.200.2 - - [28/Jul/2022:13:30:05 +0200] "GET /AmiKo/Windows HTTP/1.1" 200 10332 "-" "Mozilla/5.0 (compatible; TMMBot/0.2; +http://www.dslab.ch)/Nutch-1.15"
194.209.200.2 - - [28/Jul/2022:13:30:27 +0200] "GET /Software/YDIM HTTP/1.1" 200 8834 "-" "Mozilla/5.0 (compatible; TMMBot/0.2; +http://www.dslab.ch)/Nutch-1.15"
173.231.60.196 - - [28/Jul/2022:13:30:44 +0200] "GET /Stellungnahme/ProPharma?action=edit HTTP/1.1" 403 18 "https://www.ywesee.com/" "Mozilla/5.0 (compatible; Adsbot/3.1; +https://seostar.co/robot/)"
173.231.60.196 - - [28/Jul/2022:13:30:54 +0200] "GET /Stellungnahme/ProPharma?action=print HTTP/1.1" 403 18 "https://www.ywesee.com/" "Mozilla/5.0 (compatible; Adsbot/3.1; +https://seostar.co/robot/)"
173.231.60.196 - - [28/Jul/2022:13:31:03 +0200] "GET /Stellungnahme/ProPharma?action=upload HTTP/1.1" 403 18 "https://www.ywesee.com/" "Mozilla/5.0 (compatible; Adsbot/3.1; +https://seostar.co/robot/)"
173.231.60.196 - - [28/Jul/2022:13:31:09 +0200] "GET /Stellungnahme/ProPharma?n=Main.SideBar?action=edit HTTP/1.1" 403 18 "https://www.ywesee.com/" "Mozilla/5.0 (compatible; Adsbot/3.1; +https://seostar.co/robot/)"
173.231.60.196 - - [28/Jul/2022:13:31:17 +0200] "GET /Swissmedic/AIPSXMLImport?action=diff HTTP/1.1" 403 18 "https://www.ywesee.com/" "Mozilla/5.0 (compatible; Adsbot/3.1; +https://seostar.co/robot/)"
114.119.148.103 - - [28/Jul/2022:13:31:18 +0200] "GET /AIPS/Bestaetigung?action=upload HTTP/1.1" 403 18 "https://www.ywesee.com/AIPS/Bestaetigung" "Mozilla/5.0 (Linux; Android 7.0;) AppleWebKit/537.36 (KHTML, like Gecko) Mobile Safari/537.36 (compatible; PetalBot;+https://webmaster.petalsearch.com/site/petalbot)"
173.231.60.196 - - [28/Jul/2022:13:31:26 +0200] "GET /Swissmedic/AIPSXMLImport?action=edit HTTP/1.1" 403 18 "https://www.ywesee.com/" "Mozilla/5.0 (compatible; Adsbot/3.1; +https://seostar.co/robot/)"
173.231.60.196 - - [28/Jul/2022:13:31:37 +0200] "GET /Swissmedic/AIPSXMLImport?action=print HTTP/1.1" 403 18 "https://www.ywesee.com/" "Mozilla/5.0 (compatible; Adsbot/3.1; +https://seostar.co/robot/)"
173.231.60.196 - - [28/Jul/2022:13:31:45 +0200] "GET /Swissmedic/AIPSXMLImport?action=upload HTTP/1.1" 403 18 "https://www.ywesee.com/" "Mozilla/5.0 (compatible; Adsbot/3.1; +https://seostar.co/robot/)"
173.231.60.196 - - [28/Jul/2022:13:31:52 +0200] "GET /Swissmedic/AIPSXMLImport?n=Main.SideBar?action=edit HTTP/1.1" 403 18 "https://www.ywesee.com/" "Mozilla/5.0 (compatible; Adsbot/3.1; +https://seostar.co/robot/)"
173.231.60.196 - - [28/Jul/2022:13:32:01 +0200] "GET /Swissmedic/Dateninstitut?action=diff HTTP/1.1" 403 18 "https://www.ywesee.com/" "Mozilla/5.0 (compatible; Adsbot/3.1; +https://seostar.co/robot/)"
3.89.126.62 - - [28/Jul/2022:13:32:14 +0200] "GET /Generikacc/App HTTP/1.0" 200 11862 "-" "Mozilla/5.0 (Windows; U; Windows NT 5.0; en-US; rv:1.7) Gecko/20040803 Firefox/0.9.3"
3.89.126.62 - - [28/Jul/2022:13:33:11 +0200] "GET /Software/ODDB HTTP/1.0" 200 10298 "-" "Mozilla/5.0 (Windows; U; Windows NT 6.1; en-GB; rv:1.9.2.8) Gecko/20100722 Firefox/3.6.8 ( .NET CLR 3.5.30729; .NET4.0C)"
194.209.200.2 - - [28/Jul/2022:13:35:21 +0200] "GET /Ausschreibung/SAI HTTP/1.1" 200 10366 "-" "Mozilla/5.0 (compatible; TMMBot/0.2; +http://www.dslab.ch)/Nutch-1.15"
3.89.126.62 - - [28/Jul/2022:13:36:06 +0200] "GET /Ywesee/About?n=Main.SideBar?action=edit HTTP/1.0" 200 9325 "-" "Mozilla/5.0 (Windows NT 6.3; WOW64) AppleWebKit/537.36 (KHTML, like Gecko) Chrome/43.0.2357.134 Safari/537.36"
194.209.200.2 - - [28/Jul/2022:13:36:19 +0200] "GET /Software/BBMB HTTP/1.1" 200 9385 "-" "Mozilla/5.0 (compatible; TMMBot/0.2; +http://www.dslab.ch)/Nutch-1.15"
3.89.126.62 - - [28/Jul/2022:13:36:29 +0200] "GET /Ywesee/About?action=upload HTTP/1.0" 200 8775 "-" "Mozilla/5.0 (Windows; U; Windows NT 6.1; en-GB; rv:1.9.2.3) Gecko/20100401 Firefox/3.6;MEGAUPLOAD 1.0"
114.119.147.240 - - [28/Jul/2022:13:36:35 +0200] "GET /Ywesee/Software?action=upload HTTP/1.1" 403 18 "https://www.ywesee.com/Ywesee/Software" "Mozilla/5.0 (Linux; Android 7.0;) AppleWebKit/537.36 (KHTML, like Gecko) Mobile Safari/537.36 (compatible; PetalBot;+https://webmaster.petalsearch.com/site/petalbot)"
61.135.159.160 - - [28/Jul/2022:13:36:37 +0200] "GET / HTTP/1.1" 200 12074 "-" "Sogou web spider/4.0(+http://www.sogou.com/docs/help/webmasters.htm#07)"
194.209.200.2 - - [28/Jul/2022:13:36:38 +0200] "GET /Main/2014 HTTP/1.1" 200 19471 "-" "Mozilla/5.0 (compatible; TMMBot/0.2; +http://www.dslab.ch)/Nutch-1.15"
194.209.200.2 - - [28/Jul/2022:13:36:46 +0200] "GET /Main/2012 HTTP/1.1" 200 31941 "-" "Mozilla/5.0 (compatible; TMMBot/0.2; +http://www.dslab.ch)/Nutch-1.15"
194.209.200.2 - - [28/Jul/2022:13:36:53 +0200] "GET /AmiKo/Android HTTP/1.1" 200 10427 "-" "Mozilla/5.0 (compatible; TMMBot/0.2; +http://www.dslab.ch)/Nutch-1.15"
194.209.200.2 - - [28/Jul/2022:13:37:46 +0200] "GET /Software/XMLConv HTTP/1.1" 200 8709 "-" "Mozilla/5.0 (compatible; TMMBot/0.2; +http://www.dslab.ch)/Nutch-1.15"
3.89.126.62 - - [28/Jul/2022:13:38:55 +0200] "GET /Software/BBMB HTTP/1.0" 200 9385 "-" "Mozilla/5.0 (Windows; U; Windows NT 5.1; en-US; rv:1.9a2pre) Gecko/20061221 Minefield/3.0a2pre"
3.89.126.62 - - [28/Jul/2022:13:41:53 +0200] "GET /ODDB/IndividuelleMediliste HTTP/1.0" 200 9139 "-" "Mozilla/5.0 (Macintosh; U; Intel Mac OS X 10_5_4; en-gb) AppleWebKit/528.4+ (KHTML, like Gecko) Version/4.0dp1 Safari/526.11.2"
114.119.147.248 - - [28/Jul/2022:13:43:02 +0200] "GET /Ywesee/SBSM?action=edit HTTP/1.1" 403 18 "https://www.ywesee.com/Ywesee/SBSM" "Mozilla/5.0 (Linux; Android 7.0;) AppleWebKit/537.36 (KHTML, like Gecko) Mobile Safari/537.36 (compatible; PetalBot;+https://webmaster.petalsearch.com/site/petalbot)"
3.89.126.62 - - [28/Jul/2022:13:44:01 +0200] "GET /Software/XMLConv HTTP/1.0" 200 8709 "-" "Mozilla/5.0 (Windows NT 6.3; WOW64) AppleWebKit/537.36 (KHTML, like Gecko) Chrome/48.0.2564.103 Safari/537.36"
3.89.126.62 - - [28/Jul/2022:13:46:46 +0200] "GET /AmiKo/Linux HTTP/1.0" 200 9217 "-" "Mozilla/5.0 (X11; Linux x86_64) AppleWebKit/537.36 (KHTML, like Gecko) Chrome/64.0.3282.186 Safari/537.36"
102.129.152.197 - - [28/Jul/2022:13:48:55 +0200] "GET / HTTP/1.1" 200 12074 "-" "Mozilla/5.0 (Windows; U; Windows NT 6.1; en-US; rv:1.9.1.5) Gecko/20091102 Firefox/3.5.5 (.NET CLR 3.5.30729)"
94.74.127.96 - - [28/Jul/2022:13:50:03 +0200] "GET / HTTP/1.1" 200 12074 "-" "Mozilla/5.0 (Windows NT 10.0; WOW64) AppleWebKit/537.36 (KHTML, like Gecko) Chrome/63.0.3239.132 Safari/537.36"
114.119.147.246 - - [28/Jul/2022:13:50:10 +0200] "GET /Main/2020 HTTP/1.1" 200 15398 "https://ywesee.com/" "Mozilla/5.0 (Linux; Android 7.0;) AppleWebKit/537.36 (KHTML, like Gecko) Mobile Safari/537.36 (compatible; PetalBot;+https://webmaster.petalsearch.com/site/petalbot)"
185.191.171.10 - - [28/Jul/2022:13:50:21 +0200] "GET /robots.txt HTTP/1.1" 200 - "-" "Mozilla/5.0 (compatible; SemrushBot/7~bl; +http://www.semrush.com/bot.html)"
185.191.171.26 - - [28/Jul/2022:13:50:22 +0200] "GET /Oddb2xml/Version?n=Main.SideBar%3Faction%3Dedit HTTP/1.1" 302 157 "-" "Mozilla/5.0 (compatible; SemrushBot/7~bl; +http://www.semrush.com/bot.html)"
157.55.39.189 - - [28/Jul/2022:13:50:57 +0200] "GET /uploads/Main/Antwort_WEKO_20.1.2006.pdf HTTP/1.1" 200 487111 "-" "Mozilla/5.0 (compatible; bingbot/2.0; +http://www.bing.com/bingbot.htm)"
3.89.126.62 - - [28/Jul/2022:13:53:54 +0200] "GET /Software/Spreadsheet HTTP/1.0" 200 8839 "-" "Mozilla/5.0 (Windows NT 6.3; WOW64; Trident/7.0; MASAJS; rv:11.0) like Gecko"
3.89.126.62 - - [28/Jul/2022:13:56:00 +0200] "GET /ODDB/IntegrationLookAmpFeelGenerikasuche HTTP/1.0" 200 9097 "-" "Mozilla/5.0 (Windows; U; Windows NT 5.1; en-GB) AppleWebKit/525.19 (KHTML, like Gecko) Version/3.1.2 Safari/525.21"
173.231.60.196 - - [28/Jul/2022:13:58:00 +0200] "GET /Swissmedic/Dateninstitut?action=edit HTTP/1.1" 403 18 "https://www.ywesee.com/" "Mozilla/5.0 (compatible; Adsbot/3.1; +https://seostar.co/robot/)"
173.231.60.196 - - [28/Jul/2022:13:58:11 +0200] "GET /Swissmedic/Dateninstitut?action=print HTTP/1.1" 403 18 "https://www.ywesee.com/" "Mozilla/5.0 (compatible; Adsbot/3.1; +https://seostar.co/robot/)"
173.231.60.196 - - [28/Jul/2022:13:58:19 +0200] "GET /Swissmedic/Dateninstitut?action=upload HTTP/1.1" 403 18 "https://www.ywesee.com/" "Mozilla/5.0 (compatible; Adsbot/3.1; +https://seostar.co/robot/)"
173.231.60.196 - - [28/Jul/2022:13:58:26 +0200] "GET /Swissmedic/Dateninstitut?n=Main.SideBar?action=edit HTTP/1.1" 403 18 "https://www.ywesee.com/" "Mozilla/5.0 (compatible; Adsbot/3.1; +https://seostar.co/robot/)"
173.231.60.196 - - [28/Jul/2022:13:58:36 +0200] "GET /Ywesee/BitcoinBlockchain?action=diff HTTP/1.1" 403 18 "https://www.ywesee.com/" "Mozilla/5.0 (compatible; Adsbot/3.1; +https://seostar.co/robot/)"
173.231.60.196 - - [28/Jul/2022:13:58:48 +0200] "GET /Ywesee/BitcoinBlockchain?action=edit HTTP/1.1" 403 18 "https://www.ywesee.com/" "Mozilla/5.0 (compatible; Adsbot/3.1; +https://seostar.co/robot/)"
173.231.60.196 - - [28/Jul/2022:13:58:54 +0200] "GET /Ywesee/BitcoinBlockchain?action=print HTTP/1.1" 403 18 "https://www.ywesee.com/" "Mozilla/5.0 (compatible; Adsbot/3.1; +https://seostar.co/robot/)"
173.231.60.196 - - [28/Jul/2022:13:59:05 +0200] "GET /Ywesee/BitcoinBlockchain?action=upload HTTP/1.1" 403 18 "https://www.ywesee.com/" "Mozilla/5.0 (compatible; Adsbot/3.1; +https://seostar.co/robot/)"
173.231.60.196 - - [28/Jul/2022:13:59:14 +0200] "GET /Ywesee/BitcoinBlockchain?n=Main.SideBar?action=edit HTTP/1.1" 403 18 "https://www.ywesee.com/" "Mozilla/5.0 (compatible; Adsbot/3.1; +https://seostar.co/robot/)"
173.231.60.196 - - [28/Jul/2022:13:59:23 +0200] "GET /Ywesee/InfoCodexVorgehen?action=diff HTTP/1.1" 403 18 "https://www.ywesee.com/" "Mozilla/5.0 (compatible; Adsbot/3.1; +https://seostar.co/robot/)"
3.89.126.62 - - [28/Jul/2022:14:02:17 +0200] "GET /Main/Home HTTP/1.0" 200 12074 "-" "Mozilla/5.0 (Windows; U; Windows NT 6.1; en-US) AppleWebKit/532.0 (KHTML, like Gecko) Chrome/3.0.195.27 Safari/532.0"
3.89.126.62 - - [28/Jul/2022:14:03:26 +0200] "GET /AmiKo/OSX HTTP/1.0" 200 9772 "-" "Mozilla/5.0 (Linux; Android 7.1.1; SM-N950U Build/NMF26X) AppleWebKit/537.36 (KHTML, like Gecko) Chrome/63.0.3239.111 Mobile Safari/537.36"
194.209.200.2 - - [28/Jul/2022:14:03:28 +0200] "GET /robots.txt HTTP/1.1" 200 - "-" "Mozilla/5.0 (compatible; TMMBot/0.2; +http://www.dslab.ch)/Nutch-1.15"
194.209.200.2 - - [28/Jul/2022:14:03:28 +0200] "GET /Miele/MieleLXIV HTTP/1.1" 200 15367 "-" "Mozilla/5.0 (compatible; TMMBot/0.2; +http://www.dslab.ch)/Nutch-1.15"
3.89.126.62 - - [28/Jul/2022:14:04:18 +0200] "GET /ODDB/StammdatenCH HTTP/1.0" 200 9300 "-" "Mozilla/5.0 (X11; Linux x86_64) AppleWebKit/537.36 (KHTML, like Gecko) Chrome/46.0.2490.86 Safari/537.36"
194.209.200.2 - - [28/Jul/2022:14:05:07 +0200] "GET /ODDB/StammdatenCH HTTP/1.1" 200 9300 "-" "Mozilla/5.0 (compatible; TMMBot/0.2; +http://www.dslab.ch)/Nutch-1.15"
194.209.200.2 - - [28/Jul/2022:14:06:27 +0200] "GET /Software/Spreadsheet HTTP/1.1" 200 8839 "-" "Mozilla/5.0 (compatible; TMMBot/0.2; +http://www.dslab.ch)/Nutch-1.15"
3.89.126.62 - - [28/Jul/2022:14:07:03 +0200] "GET /AmiKo/Web HTTP/1.0" 200 9588 "-" "Mozilla/5.0 (Macintosh; Intel Mac OS X 10_8_2) AppleWebKit/537.11 (KHTML, like Gecko) Chrome/23.0.1271.6 Safari/537.11"
114.119.148.106 - - [28/Jul/2022:14:07:45 +0200] "GET /Generikacc/News23012018?action=upload HTTP/1.1" 403 18 "https://www.ywesee.com/Generikacc/News23012018" "Mozilla/5.0 (Linux; Android 7.0;) AppleWebKit/537.36 (KHTML, like Gecko) Mobile Safari/537.36 (compatible; PetalBot;+https://webmaster.petalsearch.com/site/petalbot)"
194.209.200.2 - - [28/Jul/2022:14:08:45 +0200] "GET /Ausschreibung/SAI HTTP/1.1" 200 10366 "-" "Mozilla/5.0 (compatible; TMMBot/0.2; +http://www.dslab.ch)/Nutch-1.15"
194.209.200.2 - - [28/Jul/2022:14:09:33 +0200] "GET /Main/2007 HTTP/1.1" 200 50639 "-" "Mozilla/5.0 (compatible; TMMBot/0.2; +http://www.dslab.ch)/Nutch-1.15"
3.89.126.62 - - [28/Jul/2022:14:09:49 +0200] "GET /AmiKo/IOS HTTP/1.0" 200 11930 "-" "Mozilla/5.0 (Linux; Android 4.4.2; SM-T230NU Build/KOT49H) AppleWebKit/537.36 (KHTML, like Gecko) Chrome/45.0.2454.84 Safari/537.36"
194.209.200.2 - - [28/Jul/2022:14:09:59 +0200] "GET /Main/2014 HTTP/1.1" 200 19471 "-" "Mozilla/5.0 (compatible; TMMBot/0.2; +http://www.dslab.ch)/Nutch-1.15"
194.209.200.2 - - [28/Jul/2022:14:10:15 +0200] "GET /AmiKo/Android HTTP/1.1" 200 10427 "-" "Mozilla/5.0 (compatible; TMMBot/0.2; +http://www.dslab.ch)/Nutch-1.15"
3.89.126.62 - - [28/Jul/2022:14:10:37 +0200] "GET /Ywesee/Software HTTP/1.0" 200 9246 "-" "Mozilla/5.0 (Windows NT 6.1; Win64; x64) AppleWebKit/537.36 (KHTML, like Gecko) Chrome/51.0.2704.103 Safari/537.36"
114.119.147.87 - - [28/Jul/2022:14:10:51 +0200] "GET /Miele/Index?action=print HTTP/1.1" 403 18 "https://www.ywesee.com/Miele/Index" "Mozilla/5.0 (Linux; Android 7.0;) AppleWebKit/537.36 (KHTML, like Gecko) Mobile Safari/537.36 (compatible; PetalBot;+https://webmaster.petalsearch.com/site/petalbot)"
194.209.200.2 - - [28/Jul/2022:14:11:11 +0200] "GET /Software/XMLConv HTTP/1.1" 200 8709 "-" "Mozilla/5.0 (compatible; TMMBot/0.2; +http://www.dslab.ch)/Nutch-1.15"
157.55.39.154 - - [28/Jul/2022:14:11:25 +0200] "GET /Generikacc/App HTTP/1.1" 200 11862 "-" "Mozilla/5.0 (compatible; bingbot/2.0; +http://www.bing.com/bingbot.htm)"
3.89.126.62 - - [28/Jul/2022:14:11:27 +0200] "GET /Ywesee/InfoCodex HTTP/1.0" 200 24435 "-" "Mozilla/5.0 (Macintosh; U; PPC Mac OS X Mach-O; rv:1.7.3) Gecko/20040913 Firefox/0.10"
114.119.147.71 - - [28/Jul/2022:14:13:16 +0200] "GET /Ywesee/Events?action=upload HTTP/1.1" 403 18 "https://www.ywesee.com/Ywesee/Events" "Mozilla/5.0 (Linux; Android 7.0;) AppleWebKit/537.36 (KHTML, like Gecko) Mobile Safari/537.36 (compatible; PetalBot;+https://webmaster.petalsearch.com/site/petalbot)"
17.121.112.81 - - [28/Jul/2022:14:13:24 +0200] "GET /robots.txt HTTP/1.1" 200 - "-" "Mozilla/5.0 (Macintosh; Intel Mac OS X 10_15_5) AppleWebKit/605.1.15 (KHTML, like Gecko) Version/13.1.1 Safari/605.1.15 (Applebot/0.1; +http://www.apple.com/go/applebot)"
17.121.112.81 - - [28/Jul/2022:14:13:24 +0200] "GET /Main/2010 HTTP/1.1" 200 27997 "-" "Mozilla/5.0 (Macintosh; Intel Mac OS X 10_15_5) AppleWebKit/605.1.15 (KHTML, like Gecko) Version/13.1.1 Safari/605.1.15 (Applebot/0.1; +http://www.apple.com/go/applebot)"
212.47.251.118 - - [28/Jul/2022:14:13:30 +0200] "GET / HTTP/1.1" 200 12074 "-" "-"
77.88.9.3 - - [28/Jul/2022:14:18:36 +0200] "GET /robots.txt HTTP/1.1" 200 - "-" "Mozilla/5.0 (compatible; YandexBot/3.0; +http://yandex.com/bots)"
77.88.9.10 - - [28/Jul/2022:14:18:37 +0200] "GET /robots.txt HTTP/1.1" 200 - "-" "Mozilla/5.0 (compatible; YandexBot/3.0; +http://yandex.com/bots)"
77.88.9.3 - - [28/Jul/2022:14:18:40 +0200] "GET / HTTP/1.1" 200 12074 "-" "Mozilla/5.0 (compatible; YandexBot/3.0; +http://yandex.com/bots)"
77.88.9.10 - - [28/Jul/2022:14:18:40 +0200] "GET / HTTP/1.1" 200 12074 "-" "Mozilla/5.0 (compatible; YandexBot/3.0; +http://yandex.com/bots)"
118.184.177.78 - - [28/Jul/2022:14:19:51 +0200] "GET / HTTP/1.1" 200 12074 "-" "Sogou web spider/4.0(+http://www.sogou.com/docs/help/webmasters.htm#07)"
114.119.147.248 - - [28/Jul/2022:14:20:12 +0200] "GET /Ywesee/XMLFachinfoValidierung?action=print HTTP/1.1" 403 18 "https://www.ywesee.com/Ywesee/XMLFachinfoValidierung" "Mozilla/5.0 (Linux; Android 7.0;) AppleWebKit/537.36 (KHTML, like Gecko) Mobile Safari/537.36 (compatible; PetalBot;+https://webmaster.petalsearch.com/site/petalbot)"
173.231.60.196 - - [28/Jul/2022:14:25:11 +0200] "GET /Ywesee/InfoCodexVorgehen?action=edit HTTP/1.1" 403 18 "https://www.ywesee.com/" "Mozilla/5.0 (compatible; Adsbot/3.1; +https://seostar.co/robot/)"
173.231.60.196 - - [28/Jul/2022:14:25:18 +0200] "GET /Ywesee/InfoCodexVorgehen?action=print HTTP/1.1" 403 18 "https://www.ywesee.com/" "Mozilla/5.0 (compatible; Adsbot/3.1; +https://seostar.co/robot/)"
173.231.60.196 - - [28/Jul/2022:14:25:26 +0200] "GET /Ywesee/InfoCodexVorgehen?action=upload HTTP/1.1" 403 18 "https://www.ywesee.com/" "Mozilla/5.0 (compatible; Adsbot/3.1; +https://seostar.co/robot/)"
173.231.60.196 - - [28/Jul/2022:14:25:32 +0200] "GET /Ywesee/InfoCodexVorgehen?n=Main.SideBar?action=edit HTTP/1.1" 403 18 "https://www.ywesee.com/" "Mozilla/5.0 (compatible; Adsbot/3.1; +https://seostar.co/robot/)"
173.231.60.196 - - [28/Jul/2022:14:25:42 +0200] "GET /PublicDomain/StammdatenFR?action=diff HTTP/1.1" 403 18 "https://www.ywesee.com/" "Mozilla/5.0 (compatible; Adsbot/3.1; +https://seostar.co/robot/)"
173.231.60.196 - - [28/Jul/2022:14:25:50 +0200] "GET /PublicDomain/StammdatenFR?action=edit HTTP/1.1" 403 18 "https://www.ywesee.com/" "Mozilla/5.0 (compatible; Adsbot/3.1; +https://seostar.co/robot/)"
173.231.60.196 - - [28/Jul/2022:14:25:58 +0200] "GET /PublicDomain/StammdatenFR?action=print HTTP/1.1" 403 18 "https://www.ywesee.com/" "Mozilla/5.0 (compatible; Adsbot/3.1; +https://seostar.co/robot/)"
173.231.60.196 - - [28/Jul/2022:14:26:06 +0200] "GET /PublicDomain/StammdatenFR?action=upload HTTP/1.1" 403 18 "https://www.ywesee.com/" "Mozilla/5.0 (compatible; Adsbot/3.1; +https://seostar.co/robot/)"
173.231.60.196 - - [28/Jul/2022:14:26:13 +0200] "GET /PublicDomain/StammdatenFR?n=Main.SideBar?action=edit HTTP/1.1" 403 18 "https://www.ywesee.com/" "Mozilla/5.0 (compatible; Adsbot/3.1; +https://seostar.co/robot/)"
173.231.60.196 - - [28/Jul/2022:14:26:22 +0200] "GET /Swissmedic/Formatvorlagen?action=diff HTTP/1.1" 403 18 "https://www.ywesee.com/" "Mozilla/5.0 (compatible; Adsbot/3.1; +https://seostar.co/robot/)"
52.37.150.152 - - [28/Jul/2022:14:27:41 +0200] "GET / HTTP/1.1" 200 12074 "-" "Mozilla/5.0 (X11; Linux x86_64) AppleWebKit/537.36 (KHTML, like Gecko) Chrome/83.0.4103.97 Safari/537.36"
20.191.45.212 - - [28/Jul/2022:14:34:56 +0200] "GET / HTTP/1.1" 200 12074 "https://ywesee.com/" "Mozilla/5.0 (compatible; DuckDuckGo-Favicons-Bot/1.0; +http://duckduckgo.com)"
20.191.45.212 - - [28/Jul/2022:14:34:56 +0200] "GET /favicon.ico HTTP/1.1" 200 1406 "https://ywesee.com/favicon.ico" "Mozilla/5.0 (compatible; DuckDuckGo-Favicons-Bot/1.0; +http://duckduckgo.com)"
103.218.241.69 - - [28/Jul/2022:14:38:51 +0200] "GET / HTTP/1.1" 200 12074 "-" "Mozilla/5.0 (Macintosh; Intel Mac OS X 10_15_4) AppleWebKit/537.36 (KHTML, like Gecko) Chrome/89.0.4389.90 Safari/537.36"
194.209.200.2 - - [28/Jul/2022:14:43:42 +0200] "GET /robots.txt HTTP/1.1" 200 - "-" "Mozilla/5.0 (compatible; TMMBot/0.2; +http://www.dslab.ch)/Nutch-1.15"
194.209.200.2 - - [28/Jul/2022:14:43:42 +0200] "GET /Miele/MieleLXIV HTTP/1.1" 200 15367 "-" "Mozilla/5.0 (compatible; TMMBot/0.2; +http://www.dslab.ch)/Nutch-1.15"
194.209.200.2 - - [28/Jul/2022:14:43:48 +0200] "GET /AmiKo/Windows HTTP/1.1" 200 10332 "-" "Mozilla/5.0 (compatible; TMMBot/0.2; +http://www.dslab.ch)/Nutch-1.15"
194.209.200.2 - - [28/Jul/2022:14:44:09 +0200] "GET /Software/YDIM HTTP/1.1" 200 8834 "-" "Mozilla/5.0 (compatible; TMMBot/0.2; +http://www.dslab.ch)/Nutch-1.15"
66.249.76.91 - - [28/Jul/2022:14:45:02 +0200] "GET /ads.txt HTTP/1.1" 404 270 "-" "Mozilla/5.0 (compatible; Googlebot/2.1; +http://www.google.com/bot.html)"
194.209.200.2 - - [28/Jul/2022:14:46:04 +0200] "GET /Main/2004 HTTP/1.1" 200 14080 "-" "Mozilla/5.0 (compatible; TMMBot/0.2; +http://www.dslab.ch)/Nutch-1.15"
194.209.200.2 - - [28/Jul/2022:14:49:19 +0200] "GET /Ausschreibung/SAI HTTP/1.1" 200 10366 "-" "Mozilla/5.0 (compatible; TMMBot/0.2; +http://www.dslab.ch)/Nutch-1.15"
194.209.200.2 - - [28/Jul/2022:14:49:59 +0200] "GET /Main/2009 HTTP/1.1" 200 21688 "-" "Mozilla/5.0 (compatible; TMMBot/0.2; +http://www.dslab.ch)/Nutch-1.15"
194.209.200.2 - - [28/Jul/2022:14:50:12 +0200] "GET /Main/2007 HTTP/1.1" 200 50639 "-" "Mozilla/5.0 (compatible; TMMBot/0.2; +http://www.dslab.ch)/Nutch-1.15"
194.209.200.2 - - [28/Jul/2022:14:50:20 +0200] "GET /Software/BBMB HTTP/1.1" 200 9385 "-" "Mozilla/5.0 (compatible; TMMBot/0.2; +http://www.dslab.ch)/Nutch-1.15"
194.209.200.2 - - [28/Jul/2022:14:50:39 +0200] "GET /Main/2014 HTTP/1.1" 200 19471 "-" "Mozilla/5.0 (compatible; TMMBot/0.2; +http://www.dslab.ch)/Nutch-1.15"
194.209.200.2 - - [28/Jul/2022:14:50:54 +0200] "GET /AmiKo/Android HTTP/1.1" 200 10427 "-" "Mozilla/5.0 (compatible; TMMBot/0.2; +http://www.dslab.ch)/Nutch-1.15"
194.209.200.2 - - [28/Jul/2022:14:51:49 +0200] "GET /Software/XMLConv HTTP/1.1" 200 8709 "-" "Mozilla/5.0 (compatible; TMMBot/0.2; +http://www.dslab.ch)/Nutch-1.15"
103.218.241.69 - - [28/Jul/2022:14:51:59 +0200] "GET / HTTP/1.1" 200 12074 "-" "Mozilla/5.0 (Macintosh; Intel Mac OS X 10_15_4) AppleWebKit/537.36 (KHTML, like Gecko) Chrome/89.0.4389.90 Safari/537.36"
173.231.60.196 - - [28/Jul/2022:14:52:40 +0200] "GET /Swissmedic/Formatvorlagen?action=edit HTTP/1.1" 403 18 "https://www.ywesee.com/" "Mozilla/5.0 (compatible; Adsbot/3.1; +https://seostar.co/robot/)"
173.231.60.196 - - [28/Jul/2022:14:52:47 +0200] "GET /Swissmedic/Formatvorlagen?action=print HTTP/1.1" 403 18 "https://www.ywesee.com/" "Mozilla/5.0 (compatible; Adsbot/3.1; +https://seostar.co/robot/)"
173.231.60.196 - - [28/Jul/2022:14:52:56 +0200] "GET /Swissmedic/Formatvorlagen?action=upload HTTP/1.1" 403 18 "https://www.ywesee.com/" "Mozilla/5.0 (compatible; Adsbot/3.1; +https://seostar.co/robot/)"
173.231.60.196 - - [28/Jul/2022:14:53:07 +0200] "GET /Swissmedic/Formatvorlagen?n=Main.SideBar?action=edit HTTP/1.1" 403 18 "https://www.ywesee.com/" "Mozilla/5.0 (compatible; Adsbot/3.1; +https://seostar.co/robot/)"
173.231.60.196 - - [28/Jul/2022:14:53:14 +0200] "GET /Ywesee/InfoCodexProcedure?action=diff HTTP/1.1" 403 18 "https://www.ywesee.com/" "Mozilla/5.0 (compatible; Adsbot/3.1; +https://seostar.co/robot/)"
173.231.60.196 - - [28/Jul/2022:14:53:23 +0200] "GET /Ywesee/InfoCodexProcedure?action=edit HTTP/1.1" 403 18 "https://www.ywesee.com/" "Mozilla/5.0 (compatible; Adsbot/3.1; +https://seostar.co/robot/)"
173.231.60.196 - - [28/Jul/2022:14:53:33 +0200] "GET /Ywesee/InfoCodexProcedure?action=print HTTP/1.1" 403 18 "https://www.ywesee.com/" "Mozilla/5.0 (compatible; Adsbot/3.1; +https://seostar.co/robot/)"
185.191.171.14 - - [28/Jul/2022:14:53:40 +0200] "GET /robots.txt HTTP/1.1" 200 - "-" "Mozilla/5.0 (compatible; SemrushBot/7~bl; +http://www.semrush.com/bot.html)"
185.191.171.21 - - [28/Jul/2022:14:53:40 +0200] "GET / HTTP/1.1" 200 12074 "-" "Mozilla/5.0 (compatible; SemrushBot/7~bl; +http://www.semrush.com/bot.html)"
173.231.60.196 - - [28/Jul/2022:14:53:44 +0200] "GET /Ywesee/InfoCodexProcedure?action=upload HTTP/1.1" 403 18 "https://www.ywesee.com/" "Mozilla/5.0 (compatible; Adsbot/3.1; +https://seostar.co/robot/)"
173.231.60.196 - - [28/Jul/2022:14:53:50 +0200] "GET /Ywesee/InfoCodexProcedure?n=Main.SideBar?action=edit HTTP/1.1" 403 18 "https://www.ywesee.com/" "Mozilla/5.0 (compatible; Adsbot/3.1; +https://seostar.co/robot/)"
173.231.60.196 - - [28/Jul/2022:14:54:00 +0200] "GET /Ywesee/InfoCodexProximity?action=diff HTTP/1.1" 403 18 "https://www.ywesee.com/" "Mozilla/5.0 (compatible; Adsbot/3.1; +https://seostar.co/robot/)"
114.119.148.127 - - [28/Jul/2022:14:57:44 +0200] "GET /Ywesee/Team?action=upload HTTP/1.1" 403 18 "https://www.ywesee.com/Ywesee/Team" "Mozilla/5.0 (Linux; Android 7.0;) AppleWebKit/537.36 (KHTML, like Gecko) Mobile Safari/537.36 (compatible; PetalBot;+https://webmaster.petalsearch.com/site/petalbot)"
185.191.171.45 - - [28/Jul/2022:14:59:47 +0200] "GET /robots.txt HTTP/1.1" 200 - "-" "Mozilla/5.0 (compatible; SemrushBot/7~bl; +http://www.semrush.com/bot.html)"
185.191.171.37 - - [28/Jul/2022:14:59:47 +0200] "GET /Main/IPhone?action=print HTTP/1.1" 403 18 "-" "Mozilla/5.0 (compatible; SemrushBot/7~bl; +http://www.semrush.com/bot.html)"
114.119.147.74 - - [28/Jul/2022:15:05:40 +0200] "GET /Main/Home?action=print HTTP/1.1" 403 18 "https://ywesee.com/" "Mozilla/5.0 (Linux; Android 7.0;) AppleWebKit/537.36 (KHTML, like Gecko) Mobile Safari/537.36 (compatible; PetalBot;+https://webmaster.petalsearch.com/site/petalbot)"
66.249.76.229 - - [28/Jul/2022:15:09:02 +0200] "GET / HTTP/1.1" 200 12074 "-" "Mozilla/5.0 (Linux; Android 6.0.1; Nexus 5X Build/MMB29P) AppleWebKit/537.36 (KHTML, like Gecko) Chrome/103.0.5060.134 Mobile Safari/537.36 (compatible; Googlebot/2.1; +http://www.google.com/bot.html)"
157.55.39.29 - - [28/Jul/2022:15:12:49 +0200] "GET /Ywesee/Kontakt HTTP/1.1" 200 8973 "-" "Mozilla/5.0 (compatible; bingbot/2.0; +http://www.bing.com/bingbot.htm)"
114.119.148.106 - - [28/Jul/2022:15:14:37 +0200] "GET /Swissmedic/PraeparatelisteMitWS?action=print HTTP/1.1" 403 18 "https://www.ywesee.com/Swissmedic/PraeparatelisteMitWS" "Mozilla/5.0 (Linux; Android 7.0;) AppleWebKit/537.36 (KHTML, like Gecko) Mobile Safari/537.36 (compatible; PetalBot;+https://webmaster.petalsearch.com/site/petalbot)"
173.231.60.196 - - [28/Jul/2022:15:18:41 +0200] "GET /Ywesee/InfoCodexProximity?action=edit HTTP/1.1" 403 18 "https://www.ywesee.com/" "Mozilla/5.0 (compatible; Adsbot/3.1; +https://seostar.co/robot/)"
173.231.60.196 - - [28/Jul/2022:15:18:48 +0200] "GET /Ywesee/InfoCodexProximity?action=print HTTP/1.1" 403 18 "https://www.ywesee.com/" "Mozilla/5.0 (compatible; Adsbot/3.1; +https://seostar.co/robot/)"
173.231.60.196 - - [28/Jul/2022:15:18:55 +0200] "GET /Ywesee/InfoCodexProximity?action=upload HTTP/1.1" 403 18 "https://www.ywesee.com/" "Mozilla/5.0 (compatible; Adsbot/3.1; +https://seostar.co/robot/)"
173.231.60.196 - - [28/Jul/2022:15:19:03 +0200] "GET /Ywesee/InfoCodexProximity?n=Main.SideBar?action=edit HTTP/1.1" 403 18 "https://www.ywesee.com/" "Mozilla/5.0 (compatible; Adsbot/3.1; +https://seostar.co/robot/)"
173.231.60.196 - - [28/Jul/2022:15:19:11 +0200] "GET /InfoCodex/Vergleichsanalyse?action=diff HTTP/1.1" 403 18 "https://www.ywesee.com/" "Mozilla/5.0 (compatible; Adsbot/3.1; +https://seostar.co/robot/)"
173.231.60.196 - - [28/Jul/2022:15:19:18 +0200] "GET /InfoCodex/Vergleichsanalyse?action=edit HTTP/1.1" 403 18 "https://www.ywesee.com/" "Mozilla/5.0 (compatible; Adsbot/3.1; +https://seostar.co/robot/)"
173.231.60.196 - - [28/Jul/2022:15:19:27 +0200] "GET /InfoCodex/Vergleichsanalyse?action=print HTTP/1.1" 403 18 "https://www.ywesee.com/" "Mozilla/5.0 (compatible; Adsbot/3.1; +https://seostar.co/robot/)"
173.231.60.196 - - [28/Jul/2022:15:19:33 +0200] "GET /InfoCodex/Vergleichsanalyse?action=upload HTTP/1.1" 403 18 "https://www.ywesee.com/" "Mozilla/5.0 (compatible; Adsbot/3.1; +https://seostar.co/robot/)"
173.231.60.196 - - [28/Jul/2022:15:19:40 +0200] "GET /InfoCodex/Vergleichsanalyse?n=Main.SideBar?action=edit HTTP/1.1" 403 18 "https://www.ywesee.com/" "Mozilla/5.0 (compatible; Adsbot/3.1; +https://seostar.co/robot/)"
173.231.60.196 - - [28/Jul/2022:15:19:48 +0200] "GET /Main/HirslandenProfessional?action=diff HTTP/1.1" 403 18 "https://www.ywesee.com/" "Mozilla/5.0 (compatible; Adsbot/3.1; +https://seostar.co/robot/)"
178.197.208.57 - - [28/Jul/2022:15:21:32 +0200] "GET /ODDB/StammdatenCH HTTP/1.1" 200 9300 "-" "Mozilla/5.0 (Macintosh; Intel Mac OS X 10_15_7) AppleWebKit/605.1.15 (KHTML, like Gecko)"
178.197.208.57 - - [28/Jul/2022:15:21:32 +0200] "GET /pub/skins/ywesee/gila.css HTTP/1.1" 200 8276 "https://www.ywesee.com/ODDB/StammdatenCH" "Mozilla/5.0 (Macintosh; Intel Mac OS X 10_15_7) AppleWebKit/605.1.15 (KHTML, like Gecko)"
114.119.147.58 - - [28/Jul/2022:15:23:25 +0200] "GET /Main/2018?action=edit HTTP/1.1" 403 18 "https://www.ywesee.com/Main/2018" "Mozilla/5.0 (Linux; Android 7.0;) AppleWebKit/537.36 (KHTML, like Gecko) Mobile Safari/537.36 (compatible; PetalBot;+https://webmaster.petalsearch.com/site/petalbot)"
194.209.200.2 - - [28/Jul/2022:15:24:31 +0200] "GET /robots.txt HTTP/1.1" 200 - "-" "Mozilla/5.0 (compatible; TMMBot/0.2; +http://www.dslab.ch)/Nutch-1.15"
194.209.200.2 - - [28/Jul/2022:15:24:31 +0200] "GET /Miele/MieleLXIV HTTP/1.1" 200 15367 "-" "Mozilla/5.0 (compatible; TMMBot/0.2; +http://www.dslab.ch)/Nutch-1.15"
194.209.200.2 - - [28/Jul/2022:15:24:37 +0200] "GET /AmiKo/Windows HTTP/1.1" 200 10332 "-" "Mozilla/5.0 (compatible; TMMBot/0.2; +http://www.dslab.ch)/Nutch-1.15"
194.209.200.2 - - [28/Jul/2022:15:27:02 +0200] "GET /Main/2013 HTTP/1.1" 200 20487 "-" "Mozilla/5.0 (compatible; TMMBot/0.2; +http://www.dslab.ch)/Nutch-1.15"
185.191.171.19 - - [28/Jul/2022:15:28:19 +0200] "GET /MEDIupdateXML/Softwarehaeuser?action=upload HTTP/1.1" 403 18 "-" "Mozilla/5.0 (compatible; SemrushBot/7~bl; +http://www.semrush.com/bot.html)"
194.209.200.2 - - [28/Jul/2022:15:29:44 +0200] "GET /Ausschreibung/SAI HTTP/1.1" 200 10366 "-" "Mozilla/5.0 (compatible; TMMBot/0.2; +http://www.dslab.ch)/Nutch-1.15"
114.119.147.97 - - [28/Jul/2022:15:30:09 +0200] "GET /Main/Refdata?action=diff HTTP/1.1" 403 18 "https://www.ywesee.com/Main/Refdata" "Mozilla/5.0 (Linux; Android 7.0;) AppleWebKit/537.36 (KHTML, like Gecko) Mobile Safari/537.36 (compatible; PetalBot;+https://webmaster.petalsearch.com/site/petalbot)"
194.209.200.2 - - [28/Jul/2022:15:30:27 +0200] "GET /Main/2009 HTTP/1.1" 200 21688 "-" "Mozilla/5.0 (compatible; TMMBot/0.2; +http://www.dslab.ch)/Nutch-1.15"
194.209.200.2 - - [28/Jul/2022:15:30:43 +0200] "GET /Software/BBMB HTTP/1.1" 200 9385 "-" "Mozilla/5.0 (compatible; TMMBot/0.2; +http://www.dslab.ch)/Nutch-1.15"
194.209.200.2 - - [28/Jul/2022:15:30:46 +0200] "GET /Main/2018 HTTP/1.1" 200 15425 "-" "Mozilla/5.0 (compatible; TMMBot/0.2; +http://www.dslab.ch)/Nutch-1.15"
194.209.200.2 - - [28/Jul/2022:15:31:02 +0200] "GET /Main/2014 HTTP/1.1" 200 19471 "-" "Mozilla/5.0 (compatible; TMMBot/0.2; +http://www.dslab.ch)/Nutch-1.15"
194.209.200.2 - - [28/Jul/2022:15:31:16 +0200] "GET /AmiKo/Android HTTP/1.1" 200 10427 "-" "Mozilla/5.0 (compatible; TMMBot/0.2; +http://www.dslab.ch)/Nutch-1.15"
194.209.200.2 - - [28/Jul/2022:15:31:25 +0200] "GET /Main/ComCo19122016 HTTP/1.1" 200 10547 "-" "Mozilla/5.0 (compatible; TMMBot/0.2; +http://www.dslab.ch)/Nutch-1.15"
194.209.200.2 - - [28/Jul/2022:15:32:06 +0200] "GET /Software/XMLConv HTTP/1.1" 200 8709 "-" "Mozilla/5.0 (compatible; TMMBot/0.2; +http://www.dslab.ch)/Nutch-1.15"
40.77.167.78 - - [28/Jul/2022:15:32:41 +0200] "GET /uploads/Main/InfoCodex_22.2.2007.pdf HTTP/1.1" 304 - "-" "Mozilla/5.0 (compatible; bingbot/2.0; +http://www.bing.com/bingbot.htm)"
139.162.79.152 - - [28/Jul/2022:15:47:10 +0200] "GET / HTTP/1.1" 200 12074 "-" "Mozilla/5.0 (Macintosh; Intel Mac OS X 10.15; rv:102.0) Gecko/20100101 Firefox/102.0"
139.162.79.152 - - [28/Jul/2022:15:47:11 +0200] "GET /pub/skins/ywesee/gila.css HTTP/1.1" 200 8276 "https://ywesee.com/" "Mozilla/5.0 (Macintosh; Intel Mac OS X 10.15; rv:102.0) Gecko/20100101 Firefox/102.0"
139.162.79.152 - - [28/Jul/2022:15:47:11 +0200] "GET /uploads/Main/yweseelogo.gif HTTP/1.1" 200 2982 "https://ywesee.com/" "Mozilla/5.0 (Macintosh; Intel Mac OS X 10.15; rv:102.0) Gecko/20100101 Firefox/102.0"
139.162.79.152 - - [28/Jul/2022:15:47:11 +0200] "GET /favicon.ico HTTP/1.1" 200 1406 "https://ywesee.com/" "Mozilla/5.0 (Macintosh; Intel Mac OS X 10.15; rv:102.0) Gecko/20100101 Firefox/102.0"
139.162.79.152 - - [28/Jul/2022:15:47:25 +0200] "GET /Amiko HTTP/1.1" 404 8357 "-" "Mozilla/5.0 (Macintosh; Intel Mac OS X 10.15; rv:102.0) Gecko/20100101 Firefox/102.0"
139.162.79.152 - - [28/Jul/2022:15:47:34 +0200] "GET /AmiKo/Android HTTP/1.1" 200 10427 "https://ywesee.com/" "Mozilla/5.0 (Macintosh; Intel Mac OS X 10.15; rv:102.0) Gecko/20100101 Firefox/102.0"
139.162.79.152 - - [28/Jul/2022:15:47:34 +0200] "GET /favicon.ico HTTP/1.1" 200 1406 "https://www.ywesee.com/AmiKo/Android" "Mozilla/5.0 (Macintosh; Intel Mac OS X 10.15; rv:102.0) Gecko/20100101 Firefox/102.0"
139.162.79.152 - - [28/Jul/2022:15:47:51 +0200] "GET /AmiKo/Index HTTP/1.1" 200 9511 "-" "Mozilla/5.0 (Macintosh; Intel Mac OS X 10.15; rv:102.0) Gecko/20100101 Firefox/102.0"
173.231.60.196 - - [28/Jul/2022:15:50:46 +0200] "GET /Main/HirslandenProfessional?action=edit HTTP/1.1" 403 18 "https://www.ywesee.com/" "Mozilla/5.0 (compatible; Adsbot/3.1; +https://seostar.co/robot/)"
17.121.112.8 - - [28/Jul/2022:15:50:48 +0200] "GET /AmiKo/Windows HTTP/1.1" 200 10332 "-" "Mozilla/5.0 (Macintosh; Intel Mac OS X 10_15_5) AppleWebKit/605.1.15 (KHTML, like Gecko) Version/13.1.1 Safari/605.1.15 (Applebot/0.1; +http://www.apple.com/go/applebot)"
173.231.60.196 - - [28/Jul/2022:15:50:58 +0200] "GET /Main/HirslandenProfessional?action=print HTTP/1.1" 403 18 "https://www.ywesee.com/" "Mozilla/5.0 (compatible; Adsbot/3.1; +https://seostar.co/robot/)"
173.231.60.196 - - [28/Jul/2022:15:51:08 +0200] "GET /Main/HirslandenProfessional?action=upload HTTP/1.1" 403 18 "https://www.ywesee.com/" "Mozilla/5.0 (compatible; Adsbot/3.1; +https://seostar.co/robot/)"
173.231.60.196 - - [28/Jul/2022:15:51:17 +0200] "GET /Main/HirslandenProfessional?n=Main.SideBar?action=edit HTTP/1.1" 403 18 "https://www.ywesee.com/" "Mozilla/5.0 (compatible; Adsbot/3.1; +https://seostar.co/robot/)"
173.231.60.196 - - [28/Jul/2022:15:51:26 +0200] "GET /InfoCodex/Dokumentenfamilien HTTP/1.1" 200 10326 "https://www.ywesee.com/" "Mozilla/5.0 (compatible; Adsbot/3.1; +https://seostar.co/robot/)"
173.231.60.196 - - [28/Jul/2022:15:51:34 +0200] "GET /Main/Buchpublikationspflicht?action=diff HTTP/1.1" 403 18 "https://www.ywesee.com/" "Mozilla/5.0 (compatible; Adsbot/3.1; +https://seostar.co/robot/)"
173.231.60.196 - - [28/Jul/2022:15:51:44 +0200] "GET /Main/Buchpublikationspflicht?action=edit HTTP/1.1" 403 18 "https://www.ywesee.com/" "Mozilla/5.0 (compatible; Adsbot/3.1; +https://seostar.co/robot/)"
173.231.60.196 - - [28/Jul/2022:15:51:55 +0200] "GET /Main/Buchpublikationspflicht?action=print HTTP/1.1" 403 18 "https://www.ywesee.com/" "Mozilla/5.0 (compatible; Adsbot/3.1; +https://seostar.co/robot/)"
173.231.60.196 - - [28/Jul/2022:15:52:03 +0200] "GET /Main/Buchpublikationspflicht?action=upload HTTP/1.1" 403 18 "https://www.ywesee.com/" "Mozilla/5.0 (compatible; Adsbot/3.1; +https://seostar.co/robot/)"
173.231.60.196 - - [28/Jul/2022:15:52:15 +0200] "GET /Main/Buchpublikationspflicht?n=Main.SideBar?action=edit HTTP/1.1" 403 18 "https://www.ywesee.com/" "Mozilla/5.0 (compatible; Adsbot/3.1; +https://seostar.co/robot/)"
66.249.76.89 - - [28/Jul/2022:15:54:02 +0200] "GET /robots.txt HTTP/1.1" 200 - "-" "Mozilla/5.0 (compatible; Googlebot/2.1; +http://www.google.com/bot.html)"
66.249.76.89 - - [28/Jul/2022:15:54:02 +0200] "GET /Main/Home HTTP/1.1" 200 12074 "-" "Mozilla/5.0 (Linux; Android 6.0.1; Nexus 5X Build/MMB29P) AppleWebKit/537.36 (KHTML, like Gecko) Chrome/103.0.5060.134 Mobile Safari/537.36 (compatible; Googlebot/2.1; +http://www.google.com/bot.html)"
114.119.148.154 - - [28/Jul/2022:15:54:15 +0200] "GET /Miele/Index?action=edit HTTP/1.1" 403 18 "https://www.ywesee.com/Miele/Index" "Mozilla/5.0 (Linux; Android 7.0;) AppleWebKit/537.36 (KHTML, like Gecko) Mobile Safari/537.36 (compatible; PetalBot;+https://webmaster.petalsearch.com/site/petalbot)"
85.208.98.16 - - [28/Jul/2022:15:55:14 +0200] "GET / HTTP/1.1" 200 12074 "http://www.ywesee.com/" "Mozilla/5.0 (compatible; SemrushBot-BA; +http://www.semrush.com/bot.html)"
194.209.200.2 - - [28/Jul/2022:15:58:55 +0200] "GET /robots.txt HTTP/1.1" 200 - "-" "Mozilla/5.0 (compatible; TMMBot/0.2; +http://www.dslab.ch)/Nutch-1.15"
194.209.200.2 - - [28/Jul/2022:15:58:55 +0200] "GET /Miele/MieleLXIV HTTP/1.1" 200 15367 "-" "Mozilla/5.0 (compatible; TMMBot/0.2; +http://www.dslab.ch)/Nutch-1.15"
194.209.200.2 - - [28/Jul/2022:15:59:19 +0200] "GET /Software/YDIM HTTP/1.1" 200 8834 "-" "Mozilla/5.0 (compatible; TMMBot/0.2; +http://www.dslab.ch)/Nutch-1.15"
194.209.200.2 - - [28/Jul/2022:16:03:36 +0200] "GET /Software/ODDB HTTP/1.1" 200 10298 "-" "Mozilla/5.0 (compatible; TMMBot/0.2; +http://www.dslab.ch)/Nutch-1.15"
194.209.200.2 - - [28/Jul/2022:16:04:05 +0200] "GET /Ausschreibung/SAI HTTP/1.1" 200 10366 "-" "Mozilla/5.0 (compatible; TMMBot/0.2; +http://www.dslab.ch)/Nutch-1.15"
194.209.200.2 - - [28/Jul/2022:16:04:43 +0200] "GET /Main/2009 HTTP/1.1" 200 21688 "-" "Mozilla/5.0 (compatible; TMMBot/0.2; +http://www.dslab.ch)/Nutch-1.15"
194.209.200.2 - - [28/Jul/2022:16:04:52 +0200] "GET /Main/2007 HTTP/1.1" 200 50639 "-" "Mozilla/5.0 (compatible; TMMBot/0.2; +http://www.dslab.ch)/Nutch-1.15"
194.209.200.2 - - [28/Jul/2022:16:05:18 +0200] "GET /Main/2014 HTTP/1.1" 200 19471 "-" "Mozilla/5.0 (compatible; TMMBot/0.2; +http://www.dslab.ch)/Nutch-1.15"
194.209.200.2 - - [28/Jul/2022:16:05:31 +0200] "GET /AmiKo/Android HTTP/1.1" 200 10427 "-" "Mozilla/5.0 (compatible; TMMBot/0.2; +http://www.dslab.ch)/Nutch-1.15"
194.209.200.2 - - [28/Jul/2022:16:06:22 +0200] "GET /Software/XMLConv HTTP/1.1" 200 8709 "-" "Mozilla/5.0 (compatible; TMMBot/0.2; +http://www.dslab.ch)/Nutch-1.15"
162.210.196.100 - - [28/Jul/2022:16:18:25 +0200] "GET /robots.txt HTTP/1.1" 200 - "-" "Mozilla/5.0 (compatible; MJ12bot/v1.4.8; http://mj12bot.com/)"
162.210.196.100 - - [28/Jul/2022:16:18:27 +0200] "GET / HTTP/1.1" 200 12074 "-" "Mozilla/5.0 (compatible; MJ12bot/v1.4.8; http://mj12bot.com/)"
162.210.196.100 - - [28/Jul/2022:16:18:33 +0200] "GET / HTTP/1.1" 200 12074 "-" "Mozilla/5.0 (compatible; MJ12bot/v1.4.8; http://mj12bot.com/)"
173.231.60.196 - - [28/Jul/2022:16:19:58 +0200] "GET /ODDB/MD?action=diff HTTP/1.1" 403 18 "https://www.ywesee.com/" "Mozilla/5.0 (compatible; Adsbot/3.1; +https://seostar.co/robot/)"
173.231.60.196 - - [28/Jul/2022:16:20:04 +0200] "GET /ODDB/MD?action=edit HTTP/1.1" 403 18 "https://www.ywesee.com/" "Mozilla/5.0 (compatible; Adsbot/3.1; +https://seostar.co/robot/)"
173.231.60.196 - - [28/Jul/2022:16:20:14 +0200] "GET /ODDB/MD?action=print HTTP/1.1" 403 18 "https://www.ywesee.com/" "Mozilla/5.0 (compatible; Adsbot/3.1; +https://seostar.co/robot/)"
173.231.60.196 - - [28/Jul/2022:16:20:22 +0200] "GET /ODDB/MD?action=upload HTTP/1.1" 403 18 "https://www.ywesee.com/" "Mozilla/5.0 (compatible; Adsbot/3.1; +https://seostar.co/robot/)"
173.231.60.196 - - [28/Jul/2022:16:20:29 +0200] "GET /ODDB/MD?n=Main.SideBar?action=edit HTTP/1.1" 403 18 "https://www.ywesee.com/" "Mozilla/5.0 (compatible; Adsbot/3.1; +https://seostar.co/robot/)"
173.231.60.196 - - [28/Jul/2022:16:20:36 +0200] "GET /ODDB/Index?action=diff HTTP/1.1" 403 18 "https://www.ywesee.com/" "Mozilla/5.0 (compatible; Adsbot/3.1; +https://seostar.co/robot/)"
173.231.60.196 - - [28/Jul/2022:16:20:43 +0200] "GET /ODDB/Index?action=edit HTTP/1.1" 403 18 "https://www.ywesee.com/" "Mozilla/5.0 (compatible; Adsbot/3.1; +https://seostar.co/robot/)"
173.231.60.196 - - [28/Jul/2022:16:20:53 +0200] "GET /ODDB/Index?action=print HTTP/1.1" 403 18 "https://www.ywesee.com/" "Mozilla/5.0 (compatible; Adsbot/3.1; +https://seostar.co/robot/)"
173.231.60.196 - - [28/Jul/2022:16:21:05 +0200] "GET /ODDB/Index?action=upload HTTP/1.1" 403 18 "https://www.ywesee.com/" "Mozilla/5.0 (compatible; Adsbot/3.1; +https://seostar.co/robot/)"
173.231.60.196 - - [28/Jul/2022:16:21:12 +0200] "GET /ODDB/Index?n=Main.SideBar?action=edit HTTP/1.1" 403 18 "https://www.ywesee.com/" "Mozilla/5.0 (compatible; Adsbot/3.1; +https://seostar.co/robot/)"
114.119.147.246 - - [28/Jul/2022:16:26:20 +0200] "GET /Aips2sqlite/Index HTTP/1.1" 200 8461 "https://www.ywesee.com/Aips2sqlite/Release" "Mozilla/5.0 (Linux; Android 7.0;) AppleWebKit/537.36 (KHTML, like Gecko) Mobile Safari/537.36 (compatible; PetalBot;+https://webmaster.petalsearch.com/site/petalbot)"
114.119.148.108 - - [28/Jul/2022:16:28:40 +0200] "GET /Software/Developers?action=diff HTTP/1.1" 403 18 "https://www.ywesee.com/Software/Developers" "Mozilla/5.0 (Linux; Android 7.0;) AppleWebKit/537.36 (KHTML, like Gecko) Mobile Safari/537.36 (compatible; PetalBot;+https://webmaster.petalsearch.com/site/petalbot)"
114.119.148.105 - - [28/Jul/2022:16:32:01 +0200] "GET /AmiKo/Ankuendigung?action=diff HTTP/1.1" 403 18 "https://www.ywesee.com/AmiKo/Ankuendigung" "Mozilla/5.0 (Linux; Android 7.0;) AppleWebKit/537.36 (KHTML, like Gecko) Mobile Safari/537.36 (compatible; PetalBot;+https://webmaster.petalsearch.com/site/petalbot)"
194.209.200.2 - - [28/Jul/2022:16:40:03 +0200] "GET /robots.txt HTTP/1.1" 200 - "-" "Mozilla/5.0 (compatible; TMMBot/0.2; +http://www.dslab.ch)/Nutch-1.15"
194.209.200.2 - - [28/Jul/2022:16:40:03 +0200] "GET /AmiKo/Windows HTTP/1.1" 200 10332 "-" "Mozilla/5.0 (compatible; TMMBot/0.2; +http://www.dslab.ch)/Nutch-1.15"
194.209.200.2 - - [28/Jul/2022:16:40:23 +0200] "GET /Software/YDIM HTTP/1.1" 200 8834 "-" "Mozilla/5.0 (compatible; TMMBot/0.2; +http://www.dslab.ch)/Nutch-1.15"
194.209.200.2 - - [28/Jul/2022:16:42:36 +0200] "GET /AmiKo/IOS HTTP/1.1" 200 11930 "-" "Mozilla/5.0 (compatible; TMMBot/0.2; +http://www.dslab.ch)/Nutch-1.15"
114.119.148.1 - - [28/Jul/2022:16:42:40 +0200] "GET /Miele/MieleLXIVScreenshots?action=print HTTP/1.1" 403 18 "https://www.ywesee.com/Miele/MieleLXIVScreenshots" "Mozilla/5.0 (Linux; Android 7.0;) AppleWebKit/537.36 (KHTML, like Gecko) Mobile Safari/537.36 (compatible; PetalBot;+https://webmaster.petalsearch.com/site/petalbot)"
185.191.171.14 - - [28/Jul/2022:16:44:12 +0200] "GET /robots.txt HTTP/1.1" 200 - "-" "Mozilla/5.0 (compatible; SemrushBot/7~bl; +http://www.semrush.com/bot.html)"
185.191.171.36 - - [28/Jul/2022:16:44:13 +0200] "GET /PumpFoilingEvents/Indiana?action=diff HTTP/1.1" 403 18 "-" "Mozilla/5.0 (compatible; SemrushBot/7~bl; +http://www.semrush.com/bot.html)"
194.209.200.2 - - [28/Jul/2022:16:44:39 +0200] "GET /Software/ODDB HTTP/1.1" 200 10298 "-" "Mozilla/5.0 (compatible; TMMBot/0.2; +http://www.dslab.ch)/Nutch-1.15"
194.209.200.2 - - [28/Jul/2022:16:45:08 +0200] "GET /Ausschreibung/SAI HTTP/1.1" 200 10366 "-" "Mozilla/5.0 (compatible; TMMBot/0.2; +http://www.dslab.ch)/Nutch-1.15"
194.209.200.2 - - [28/Jul/2022:16:45:49 +0200] "GET /Main/2009 HTTP/1.1" 200 21688 "-" "Mozilla/5.0 (compatible; TMMBot/0.2; +http://www.dslab.ch)/Nutch-1.15"
194.209.200.2 - - [28/Jul/2022:16:45:58 +0200] "GET /Main/2007 HTTP/1.1" 200 50639 "-" "Mozilla/5.0 (compatible; TMMBot/0.2; +http://www.dslab.ch)/Nutch-1.15"
194.209.200.2 - - [28/Jul/2022:16:46:07 +0200] "GET /Software/BBMB HTTP/1.1" 200 9385 "-" "Mozilla/5.0 (compatible; TMMBot/0.2; +http://www.dslab.ch)/Nutch-1.15"
173.231.60.196 - - [28/Jul/2022:16:46:21 +0200] "GET /AmiKo/Flyer?action=diff HTTP/1.1" 403 18 "https://www.ywesee.com/" "Mozilla/5.0 (compatible; Adsbot/3.1; +https://seostar.co/robot/)"
194.209.200.2 - - [28/Jul/2022:16:46:26 +0200] "GET /Main/2014 HTTP/1.1" 200 19471 "-" "Mozilla/5.0 (compatible; TMMBot/0.2; +http://www.dslab.ch)/Nutch-1.15"
173.231.60.196 - - [28/Jul/2022:16:46:29 +0200] "GET /AmiKo/Flyer?action=edit HTTP/1.1" 403 18 "https://www.ywesee.com/" "Mozilla/5.0 (compatible; Adsbot/3.1; +https://seostar.co/robot/)"
173.231.60.196 - - [28/Jul/2022:16:46:39 +0200] "GET /AmiKo/Flyer?action=print HTTP/1.1" 403 18 "https://www.ywesee.com/" "Mozilla/5.0 (compatible; Adsbot/3.1; +https://seostar.co/robot/)"
194.209.200.2 - - [28/Jul/2022:16:46:40 +0200] "GET /AmiKo/Android HTTP/1.1" 200 10427 "-" "Mozilla/5.0 (compatible; TMMBot/0.2; +http://www.dslab.ch)/Nutch-1.15"
173.231.60.196 - - [28/Jul/2022:16:46:49 +0200] "GET /AmiKo/Flyer?action=upload HTTP/1.1" 403 18 "https://www.ywesee.com/" "Mozilla/5.0 (compatible; Adsbot/3.1; +https://seostar.co/robot/)"
173.231.60.196 - - [28/Jul/2022:16:47:01 +0200] "GET /AmiKo/Flyer?n=Main.SideBar?action=edit HTTP/1.1" 403 18 "https://www.ywesee.com/" "Mozilla/5.0 (compatible; Adsbot/3.1; +https://seostar.co/robot/)"
173.231.60.196 - - [28/Jul/2022:16:47:08 +0200] "GET /Main/Parsen?action=diff HTTP/1.1" 403 18 "https://www.ywesee.com/" "Mozilla/5.0 (compatible; Adsbot/3.1; +https://seostar.co/robot/)"
173.231.60.196 - - [28/Jul/2022:16:47:16 +0200] "GET /Main/Parsen?action=edit HTTP/1.1" 403 18 "https://www.ywesee.com/" "Mozilla/5.0 (compatible; Adsbot/3.1; +https://seostar.co/robot/)"
